
╍╍╍╍╍╍╍╍╍╍╍╍╍╍╍╍╍╍╍╍╍╍╍╍╍╍╍ Process settings ╍╍╍╍╍╍╍╍╍╍╍╍╍╍╍╍╍╍╍╍╍╍╍╍╍╍╍
   proton-proton collisions at sqrt(s) = 13000 GeV 
   Computing NLO+NLL resummed cross section
   W+ ->  nu(p3)+e+(p4) production 

╍╍╍╍╍╍╍╍╍╍╍╍╍╍╍╍╍╍╍╍╍╍╍╍╍╍╍╍╍╍ CKM matrix ╍╍╍╍╍╍╍╍╍╍╍╍╍╍╍╍╍╍╍╍╍╍╍╍╍╍╍╍╍╍
     | Vud Vus Vub |   |   0.97427   0.2253  0.00351 | 
     | Vcd Vcs Vcb | = |    0.2252  0.97344   0.0412 | 
     | Vtd Vts Vtb |   |         0        0        0 | 

╍╍╍╍╍╍╍╍╍╍╍╍╍╍╍╍╍╍╍╍╍╍╍╍╍╍╍╍╍ EW parameters ╍╍╍╍╍╍╍╍╍╍╍╍╍╍╍╍╍╍╍╍╍╍╍╍╍╍╍╍
                                         Gf =  1.1663787e-05      GeV^-2
                                    1/alpha =  132.233229791            
                                 sin(thW)^2 = 0.222897222524            
                                     W mass =         80.385         GeV
                                     Z mass =        91.1876         GeV
                                    W width =          2.091         GeV
                                    Z width =          2.495         GeV

╍╍╍╍╍╍╍╍╍╍╍╍╍╍╍╍╍╍╍╍╍╍╍╍╍╍╍╍╍ QCD settings ╍╍╍╍╍╍╍╍╍╍╍╍╍╍╍╍╍╍╍╍╍╍╍╍╍╍╍╍╍
   Renormalization scale:     dynamic muren =              2      * m_ll
     Factorization scale:     dynamic mufac =              2      * m_ll
       Resummation scale:     dynamic mures =              1      * m_ll
          Strong coupling       alpha_s(MZ) =       0.118001            
                              running order =              2       -loop
         Non-perturbative     form factor g =            0.7       GeV^2

╍╍╍╍╍╍╍╍╍╍╍╍╍╍╍╍╍╍╍╍╍╍╍╍╍╍╍╍╍ PDF settings ╍╍╍╍╍╍╍╍╍╍╍╍╍╍╍╍╍╍╍╍╍╍╍╍╍╍╍╍╍
                                     PDF set:MSHT20nnlo_as118            
                                  PDF member:              0            
  Mellin moments of PDFs:                    Numerical integration            
                         nodes for the quadrature:            200            
                         Intervals for the quadrature:              1            

╍╍╍╍╍╍╍╍╍╍╍╍╍╍╍╍╍╍╍╍╍╍╍╍╍╍╍╍╍╍╍ qT recoil ╍╍╍╍╍╍╍╍╍╍╍╍╍╍╍╍╍╍╍╍╍╍╍╍╍╍╍╍╍╍
  qt-recoil prescription:       Collins-Soper kt1 = p_V(x)/2; kt2 = p_V(y)/2            

╍╍╍╍╍╍╍╍╍╍╍╍╍╍╍╍╍╍╍╍╍╍╍╍╍╍╍╍╍╍╍╍╍ Cuts ╍╍╍╍╍╍╍╍╍╍╍╍╍╍╍╍╍╍╍╍╍╍╍╍╍╍╍╍╍╍╍╍╍
                                  apply cuts:           true            
                                      pt_l >               0            
                                   |eta_l| <            1000            
                                    pt_lep >              25            
                                 |eta_lep| <             2.4            
                                   pt_alep >              25            
                                |eta_alep| <             2.4            
                                  user cuts:            true            

╍╍╍╍╍╍╍╍╍╍╍╍╍╍╍╍╍╍╍╍╍╍╍╍╍╍╍╍ ResummationDamp ╍╍╍╍╍╍╍╍╍╍╍╍╍╍╍╍╍╍╍╍╍╍╍╍╍╍╍
                                    damping :             on            
                                damping mode:              1            
                                  damp above:        60.2888         GeV
                               damping width:        20.0963         GeV
                          resummation cutoff:             20         MeV

╍╍╍╍╍╍╍╍╍╍╍╍╍╍╍╍╍╍╍╍╍╍╍╍╍╍╍╍ Debug settings ╍╍╍╍╍╍╍╍╍╍╍╍╍╍╍╍╍╍╍╍╍╍╍╍╍╍╍╍
                                 timeprofile:          false            
                                     verbose:          false            
                               cubaverbosity:              2            

╍╍╍╍╍╍╍╍╍╍╍╍╍╍╍╍╍╍╍╍╍╍╍╍╍╍╍╍╍╍╍╍╍╍╍╍╍╍╍╍╍╍╍╍╍╍╍╍╍╍╍╍╍╍╍╍╍╍╍╍╍╍╍╍╍╍╍╍╍╍╍╍

Warning: Histogram `a1_qt` contains non-integrable observable and will be deleted 
Warning: Histogram `a1_qt_vs_y` contains non-integrable observable and will be deleted 
Warning: Histogram `s_biganswer` contains non-integrable observable and will be deleted 
Warning: Histogram `wgt_a1_qt` contains non-integrable observable and will be deleted 

╍╍╍╍╍╍╍╍╍╍╍╍╍╍╍╍╍╍╍╍╍╍╍╍╍ Integration settings ╍╍╍╍╍╍╍╍╍╍╍╍╍╍╍╍╍╍╍╍╍╍╍╍╍
             Random seeds              123456                           
           Parallel cores                   1                           

             Resummation:     cuhre (dm, dpt)         iter =           5
                                   gauss (dy)        nodes =          64
                                                 intervals =           1
            Counter term:      cuhre (dm, dy)         iter =           5
                                  gauss (dpt)        nodes =          20
                                                 intervals =           5
                     V+J:            vegas 7D       ncalls =    10000000

Mellin inverse transform:           gaussian         nodes =          30
                                                 intervals =           1
                               imaginary axis         zmax =           2
  Angular variable costh:     semi-analytical      ncstart =         100
   Angular variables phi:            gaussian    intervals =          20

      Constant boundaries                  q2          low =          80
                                                      high =         100
                                            y          low =          -6
                                                      high =           6
                                        costh          low =          -1
                                                      high =           1
                                       eta(l)          low =         -10
                                                      high =          10

┏━━━━━━━━━━━━━━┰━━━━━━━━━━━━━━┰━━━━━━━━━━━━━━━━━━━━━━━━━━━━━━━━━━┰━━━━━━━━━━━━━━━━━━━━━━━━━━━━━━━━━━┰━━━━━━━━━━━━━━━━━━━━━━━━━━━━━━━━━━┰━━━━━━━━━━━━━━━━━━━━━━━━━━━━━━━━━━┓
┃           qT ┃        pT(l) ┃                      Resummation ┃                     Counter term ┃                              V+J ┃                            TOTAL ┃
┣━━━━━━━━━━━━━━╋━━━━━━━━━━━━━━╋━━━━━━━━━━━━━━━━━━━━━━━━━━━━━━━━━━╋━━━━━━━━━━━━━━━━━━━━━━━━━━━━━━━━━━╋━━━━━━━━━━━━━━━━━━━━━━━━━━━━━━━━━━╋━━━━━━━━━━━━━━━━━━━━━━━━━━━━━━━━━━┫
┃   76 -    78 ┃   25 -    26 ┃  41.903 ±  0.017        ( 30.1s) ┃-17.8504 ± 0.0074        (3.35mi) ┃Vegas input parameters:
  ndim 7
  ncomp 1
  nvec 1
  epsrel 0
  epsabs 0
  flags 10
  seed 123456
  mineval 10000000
  maxeval 10000000
  nstart 1000000
  nincrease 1000000
  nbatch 5000
  gridno 0
  statefile ""

Iteration 1:  1000000 integrand evaluations so far
[1] 60.5693 +- 1.61308  	chisq 0 (0 df)

Iteration 2:  3000000 integrand evaluations so far
[1] 61.13 +- 0.452285  	chisq 0.131164 (1 df)

Iteration 3:  6000000 integrand evaluations so far
[1] 61.1234 +- 0.280979  	chisq 0.131516 (2 df)

Iteration 4:  10000000 integrand evaluations so far
[1] 60.9647 +- 0.213696  	chisq 0.888512 (3 df)
   60.96 ±   0.21        ( 41.3s) ┃   85.02 ±   0.21        (4.54mi) ┃
┃   76 -    78 ┃   26 -    27 ┃  48.443 ±  0.028        ( 40.7s) ┃-20.2689 ±  0.009        (12.8mi) ┃Vegas input parameters:
  ndim 7
  ncomp 1
  nvec 1
  epsrel 0
  epsabs 0
  flags 10
  seed 123456
  mineval 10000000
  maxeval 10000000
  nstart 1000000
  nincrease 1000000
  nbatch 5000
  gridno 0
  statefile ""

Iteration 1:  1000000 integrand evaluations so far
[1] 59.7427 +- 1.57066  	chisq 0 (0 df)

Iteration 2:  3000000 integrand evaluations so far
[1] 59.2115 +- 0.440502  	chisq 0.124136 (1 df)

Iteration 3:  6000000 integrand evaluations so far
[1] 59.1839 +- 0.273353  	chisq 0.130534 (2 df)

Iteration 4:  10000000 integrand evaluations so far
[1] 59.2385 +- 0.219189  	chisq 0.242151 (3 df)
   59.24 ±   0.22        ( 40.9s) ┃   87.41 ±   0.22        (14.2mi) ┃
┃   76 -    78 ┃   27 -    28 ┃  47.977 ±   0.04        (1.92mi) ┃ -20.398 ±  0.019        (1.82mi) ┃Vegas input parameters:
  ndim 7
  ncomp 1
  nvec 1
  epsrel 0
  epsabs 0
  flags 10
  seed 123456
  mineval 10000000
  maxeval 10000000
  nstart 1000000
  nincrease 1000000
  nbatch 5000
  gridno 0
  statefile ""

Iteration 1:  1000000 integrand evaluations so far
[1] 57.4605 +- 1.53545  	chisq 0 (0 df)

Iteration 2:  3000000 integrand evaluations so far
[1] 56.8577 +- 0.428403  	chisq 0.167112 (1 df)

Iteration 3:  6000000 integrand evaluations so far
[1] 57.2393 +- 0.266831  	chisq 1.46308 (2 df)

Iteration 4:  10000000 integrand evaluations so far
[1] 57.3046 +- 0.218087  	chisq 1.64351 (3 df)
    57.3 ±   0.22        ( 39.9s) ┃   84.88 ±   0.22        ( 4.4mi) ┃
┃   76 -    78 ┃   28 -    29 ┃  40.427 ±  0.013        (3.88mi) ┃ -17.325 ±  0.011        (  26mi) ┃Vegas input parameters:
  ndim 7
  ncomp 1
  nvec 1
  epsrel 0
  epsabs 0
  flags 10
  seed 123456
  mineval 10000000
  maxeval 10000000
  nstart 1000000
  nincrease 1000000
  nbatch 5000
  gridno 0
  statefile ""

Iteration 1:  1000000 integrand evaluations so far
[1] 56.0803 +- 1.4985  	chisq 0 (0 df)

Iteration 2:  3000000 integrand evaluations so far
[1] 55.7458 +- 0.419795  	chisq 0.054068 (1 df)

Iteration 3:  6000000 integrand evaluations so far
[1] 55.6479 +- 0.27102  	chisq 0.147343 (2 df)

Iteration 4:  10000000 integrand evaluations so far
[1] 55.9356 +- 0.218886  	chisq 3.3867 (3 df)
   55.94 ±   0.22        ( 41.2s) ┃   79.04 ±   0.22        (30.6mi) ┃
┃   76 -    78 ┃   29 -    30 ┃  43.912 ±  0.027        (3.64mi) ┃-18.4322 ± 0.0066        (26.1mi) ┃Vegas input parameters:
  ndim 7
  ncomp 1
  nvec 1
  epsrel 0
  epsabs 0
  flags 10
  seed 123456
  mineval 10000000
  maxeval 10000000
  nstart 1000000
  nincrease 1000000
  nbatch 5000
  gridno 0
  statefile ""

Iteration 1:  1000000 integrand evaluations so far
[1] 54.7836 +- 1.47991  	chisq 0 (0 df)

Iteration 2:  3000000 integrand evaluations so far
[1] 53.6017 +- 0.410589  	chisq 0.690946 (1 df)

Iteration 3:  6000000 integrand evaluations so far
[1] 54.1166 +- 0.255746  	chisq 3.26057 (2 df)

Iteration 4:  10000000 integrand evaluations so far
[1] 54.3098 +- 0.200278  	chisq 4.73576 (3 df)
   54.31 ±    0.2        ( 40.4s) ┃   79.79 ±    0.2        (30.4mi) ┃
┃   76 -    78 ┃   30 -    31 ┃  55.641 ±   0.02        (1.77mi) ┃  -23.55 ±  0.012        ( 6.6mi) ┃Vegas input parameters:
  ndim 7
  ncomp 1
  nvec 1
  epsrel 0
  epsabs 0
  flags 10
  seed 123456
  mineval 10000000
  maxeval 10000000
  nstart 1000000
  nincrease 1000000
  nbatch 5000
  gridno 0
  statefile ""

Iteration 1:  1000000 integrand evaluations so far
[1] 55.4299 +- 1.47527  	chisq 0 (0 df)

Iteration 2:  3000000 integrand evaluations so far
[1] 53.2972 +- 0.40441  	chisq 2.25947 (1 df)

Iteration 3:  6000000 integrand evaluations so far
[1] 53.1775 +- 0.262768  	chisq 2.41124 (2 df)

Iteration 4:  10000000 integrand evaluations so far
[1] 53.3139 +- 0.196028  	chisq 3.01871 (3 df)
   53.31 ±    0.2        ( 40.6s) ┃   85.41 ±    0.2        (9.04mi) ┃
┃   76 -    78 ┃   31 -    32 ┃  36.712 ±  0.031        (4.32mi) ┃ -15.525 ±  0.015        (3.26mi) ┃Vegas input parameters:
  ndim 7
  ncomp 1
  nvec 1
  epsrel 0
  epsabs 0
  flags 10
  seed 123456
  mineval 10000000
  maxeval 10000000
  nstart 1000000
  nincrease 1000000
  nbatch 5000
  gridno 0
  statefile ""

Iteration 1:  1000000 integrand evaluations so far
[1] 51.2581 +- 1.4037  	chisq 0 (0 df)

Iteration 2:  3000000 integrand evaluations so far
[1] 52.183 +- 0.396128  	chisq 0.4717 (1 df)

Iteration 3:  6000000 integrand evaluations so far
[1] 52.2652 +- 0.287291  	chisq 0.562457 (2 df)

Iteration 4:  10000000 integrand evaluations so far
[1] 52.1373 +- 0.212267  	chisq 0.998632 (3 df)
   52.14 ±   0.21        ( 40.9s) ┃   73.32 ±   0.22        (8.26mi) ┃
┃   76 -    78 ┃   32 -    33 ┃  44.407 ±  0.022        (3.81mi) ┃ -18.733 ±  0.012        (12.7mi) ┃Vegas input parameters:
  ndim 7
  ncomp 1
  nvec 1
  epsrel 0
  epsabs 0
  flags 10
  seed 123456
  mineval 10000000
  maxeval 10000000
  nstart 1000000
  nincrease 1000000
  nbatch 5000
  gridno 0
  statefile ""

Iteration 1:  1000000 integrand evaluations so far
[1] 51.512 +- 1.38372  	chisq 0 (0 df)

Iteration 2:  3000000 integrand evaluations so far
[1] 51.1442 +- 0.391638  	chisq 0.0768164 (1 df)

Iteration 3:  6000000 integrand evaluations so far
[1] 51.3329 +- 0.265008  	chisq 0.505061 (2 df)

Iteration 4:  10000000 integrand evaluations so far
[1] 51.1408 +- 0.195012  	chisq 1.65031 (3 df)
   51.14 ±    0.2        ( 41.3s) ┃   76.81 ±    0.2        (17.2mi) ┃
┃   76 -    78 ┃   33 -    34 ┃  51.518 ±  0.028        (3.94mi) ┃-21.6203 ± 0.0084        (  25mi) ┃Vegas input parameters:
  ndim 7
  ncomp 1
  nvec 1
  epsrel 0
  epsabs 0
  flags 10
  seed 123456
  mineval 10000000
  maxeval 10000000
  nstart 1000000
  nincrease 1000000
  nbatch 5000
  gridno 0
  statefile ""

Iteration 1:  1000000 integrand evaluations so far
[1] 49.0061 +- 1.34534  	chisq 0 (0 df)

Iteration 2:  3000000 integrand evaluations so far
[1] 50.2503 +- 0.454069  	chisq 0.96523 (1 df)

Iteration 3:  6000000 integrand evaluations so far
[1] 50.0707 +- 0.301193  	chisq 1.24448 (2 df)

Iteration 4:  10000000 integrand evaluations so far
[1] 50.1671 +- 0.213194  	chisq 1.44995 (3 df)
   50.17 ±   0.21        ( 40.8s) ┃   80.06 ±   0.22        (29.6mi) ┃
┃   76 -    78 ┃   34 -    35 ┃ 39.1209 ±  0.002        (7.06mi) ┃-16.5584 ± 0.0089        (24.8mi) ┃Vegas input parameters:
  ndim 7
  ncomp 1
  nvec 1
  epsrel 0
  epsabs 0
  flags 10
  seed 123456
  mineval 10000000
  maxeval 10000000
  nstart 1000000
  nincrease 1000000
  nbatch 5000
  gridno 0
  statefile ""

Iteration 1:  1000000 integrand evaluations so far
[1] 52.6531 +- 1.40605  	chisq 0 (0 df)

Iteration 2:  3000000 integrand evaluations so far
[1] 49.363 +- 0.377007  	chisq 5.89965 (1 df)

Iteration 3:  6000000 integrand evaluations so far
[1] 49.5464 +- 0.262991  	chisq 6.36094 (2 df)

Iteration 4:  10000000 integrand evaluations so far
[1] 49.5725 +- 0.195113  	chisq 6.38273 (3 df)
   49.57 ±    0.2        ( 40.1s) ┃   72.13 ±    0.2        (32.5mi) ┃
┃   76 -    78 ┃   35 -    36 ┃  45.693 ±  0.044        (1.26mi) ┃-19.8746 ± 0.0037        (3.41mi) ┃Vegas input parameters:
  ndim 7
  ncomp 1
  nvec 1
  epsrel 0
  epsabs 0
  flags 10
  seed 123456
  mineval 10000000
  maxeval 10000000
  nstart 1000000
  nincrease 1000000
  nbatch 5000
  gridno 0
  statefile ""

Iteration 1:  1000000 integrand evaluations so far
[1] 48.1424 +- 1.32104  	chisq 0 (0 df)

Iteration 2:  3000000 integrand evaluations so far
[1] 48.67 +- 0.373752  	chisq 0.173345 (1 df)

Iteration 3:  6000000 integrand evaluations so far
[1] 48.5055 +- 0.231096  	chisq 0.48668 (2 df)

Iteration 4:  10000000 integrand evaluations so far
[1] 48.5647 +- 0.170334  	chisq 0.630095 (3 df)
   48.56 ±   0.17        ( 40.8s) ┃   74.38 ±   0.18        (5.35mi) ┃
┃   76 -    78 ┃   36 -    37 ┃  51.608 ±  0.027        (13.8mi) ┃ -21.671 ±  0.019        (13.2mi) ┃Vegas input parameters:
  ndim 7
  ncomp 1
  nvec 1
  epsrel 0
  epsabs 0
  flags 10
  seed 123456
  mineval 10000000
  maxeval 10000000
  nstart 1000000
  nincrease 1000000
  nbatch 5000
  gridno 0
  statefile ""

Iteration 1:  1000000 integrand evaluations so far
[1] 48.3657 +- 1.30797  	chisq 0 (0 df)

Iteration 2:  3000000 integrand evaluations so far
[1] 47.8701 +- 0.366504  	chisq 0.155845 (1 df)

Iteration 3:  6000000 integrand evaluations so far
[1] 47.7075 +- 0.226854  	chisq 0.474828 (2 df)

Iteration 4:  10000000 integrand evaluations so far
[1] 47.9101 +- 0.186777  	chisq 2.95076 (3 df)
   47.91 ±   0.19        ( 41.6s) ┃   77.85 ±   0.19        (27.7mi) ┃
┃   76 -    78 ┃   37 -    38 ┃  41.353 ±  0.029        (7.05mi) ┃ -17.534 ±  0.012        (12.8mi) ┃Vegas input parameters:
  ndim 7
  ncomp 1
  nvec 1
  epsrel 0
  epsabs 0
  flags 10
  seed 123456
  mineval 10000000
  maxeval 10000000
  nstart 1000000
  nincrease 1000000
  nbatch 5000
  gridno 0
  statefile ""

Iteration 1:  1000000 integrand evaluations so far
[1] 46.1798 +- 1.27258  	chisq 0 (0 df)

Iteration 2:  3000000 integrand evaluations so far
[1] 46.4399 +- 0.361748  	chisq 0.0454532 (1 df)

Iteration 3:  6000000 integrand evaluations so far
[1] 47.2433 +- 0.22565  	chisq 8.11821 (2 df)

Iteration 4:  10000000 integrand evaluations so far
[1] 47.246 +- 0.171193  	chisq 8.11856 (3 df)
   47.25 ±   0.17        ( 40.8s) ┃   71.07 ±   0.17        (20.6mi) ┃
┃   76 -    78 ┃   38 -    39 ┃  43.365 ±  0.031        (1.95mi) ┃ -18.652 ±  0.014        (18.9mi) ┃Vegas input parameters:
  ndim 7
  ncomp 1
  nvec 1
  epsrel 0
  epsabs 0
  flags 10
  seed 123456
  mineval 10000000
  maxeval 10000000
  nstart 1000000
  nincrease 1000000
  nbatch 5000
  gridno 0
  statefile ""

Iteration 1:  1000000 integrand evaluations so far
[1] 44.3078 +- 1.23681  	chisq 0 (0 df)

Iteration 2:  3000000 integrand evaluations so far
[1] 45.8668 +- 0.356226  	chisq 1.73249 (1 df)

Iteration 3:  6000000 integrand evaluations so far
[1] 46.2186 +- 0.246019  	chisq 3.59798 (2 df)

Iteration 4:  10000000 integrand evaluations so far
[1] 46.2659 +- 0.185469  	chisq 3.68343 (3 df)
   46.27 ±   0.19        ( 41.2s) ┃   70.98 ±   0.19        (21.5mi) ┃
┃   76 -    78 ┃   39 -    40 ┃   49.03 ±  0.046        (7.39mi) ┃ -20.755 ±   0.02        (25.6mi) ┃Vegas input parameters:
  ndim 7
  ncomp 1
  nvec 1
  epsrel 0
  epsabs 0
  flags 10
  seed 123456
  mineval 10000000
  maxeval 10000000
  nstart 1000000
  nincrease 1000000
  nbatch 5000
  gridno 0
  statefile ""

Iteration 1:  1000000 integrand evaluations so far
[1] 44.1332 +- 1.22835  	chisq 0 (0 df)

Iteration 2:  3000000 integrand evaluations so far
[1] 45.1585 +- 0.35127  	chisq 0.75877 (1 df)

Iteration 3:  6000000 integrand evaluations so far
[1] 45.6881 +- 0.21898  	chisq 4.4777 (2 df)

Iteration 4:  10000000 integrand evaluations so far
[1] 45.6077 +- 0.161096  	chisq 4.77196 (3 df)
   45.61 ±   0.16        ( 41.4s) ┃   73.88 ±   0.17        (33.7mi) ┃
┃   76 -    78 ┃   40 -    41 ┃  46.432 ±  0.016        (15.4mi) ┃-19.5632 ± 0.0064        (51.8mi) ┃Vegas input parameters:
  ndim 7
  ncomp 1
  nvec 1
  epsrel 0
  epsabs 0
  flags 10
  seed 123456
  mineval 10000000
  maxeval 10000000
  nstart 1000000
  nincrease 1000000
  nbatch 5000
  gridno 0
  statefile ""

Iteration 1:  1000000 integrand evaluations so far
[1] 48.0326 +- 1.28825  	chisq 0 (0 df)

Iteration 2:  3000000 integrand evaluations so far
[1] 45.6328 +- 0.351439  	chisq 3.74928 (1 df)

Iteration 3:  6000000 integrand evaluations so far
[1] 45.2936 +- 0.216989  	chisq 5.25457 (2 df)

Iteration 4:  10000000 integrand evaluations so far
[1] 45.1704 +- 0.169779  	chisq 6.08517 (3 df)
   45.17 ±   0.17        ( 40.7s) ┃   72.04 ±   0.17        (1.13hr) ┃
┃   76 -    78 ┃   41 -    42 ┃  37.855 ±  0.035        (7.29mi) ┃ -16.089 ±  0.016        (  13mi) ┃Vegas input parameters:
  ndim 7
  ncomp 1
  nvec 1
  epsrel 0
  epsabs 0
  flags 10
  seed 123456
  mineval 10000000
  maxeval 10000000
  nstart 1000000
  nincrease 1000000
  nbatch 5000
  gridno 0
  statefile ""

Iteration 1:  1000000 integrand evaluations so far
[1] 45.7514 +- 1.24838  	chisq 0 (0 df)

Iteration 2:  3000000 integrand evaluations so far
[1] 44.7605 +- 0.346895  	chisq 0.682818 (1 df)

Iteration 3:  6000000 integrand evaluations so far
[1] 44.8587 +- 0.215414  	chisq 0.813177 (2 df)

Iteration 4:  10000000 integrand evaluations so far
[1] 44.7183 +- 0.158302  	chisq 1.73621 (3 df)
   44.72 ±   0.16        ( 41.1s) ┃   66.48 ±   0.16        (  21mi) ┃
┃   76 -    78 ┃   42 -    43 ┃  42.334 ±  0.042        (3.92mi) ┃-17.9128 ± 0.0015        (52.1mi) ┃Vegas input parameters:
  ndim 7
  ncomp 1
  nvec 1
  epsrel 0
  epsabs 0
  flags 10
  seed 123456
  mineval 10000000
  maxeval 10000000
  nstart 1000000
  nincrease 1000000
  nbatch 5000
  gridno 0
  statefile ""

Iteration 1:  1000000 integrand evaluations so far
[1] 44.8099 +- 1.21879  	chisq 0 (0 df)

Iteration 2:  3000000 integrand evaluations so far
[1] 44.3519 +- 0.342818  	chisq 0.153375 (1 df)

Iteration 3:  6000000 integrand evaluations so far
[1] 44.4388 +- 0.21273  	chisq 0.257958 (2 df)

Iteration 4:  10000000 integrand evaluations so far
[1] 44.3265 +- 0.156828  	chisq 0.868276 (3 df)
   44.33 ±   0.16        ( 40.5s) ┃   68.75 ±   0.16        (56.7mi) ┃
┃   76 -    78 ┃   43 -    44 ┃  41.418 ±  0.023        (1.92mi) ┃-17.5444 ± 0.0042        (25.8mi) ┃Vegas input parameters:
  ndim 7
  ncomp 1
  nvec 1
  epsrel 0
  epsabs 0
  flags 10
  seed 123456
  mineval 10000000
  maxeval 10000000
  nstart 1000000
  nincrease 1000000
  nbatch 5000
  gridno 0
  statefile ""

Iteration 1:  1000000 integrand evaluations so far
[1] 43.8668 +- 1.19636  	chisq 0 (0 df)

Iteration 2:  3000000 integrand evaluations so far
[1] 43.3618 +- 0.33835  	chisq 0.193663 (1 df)

Iteration 3:  6000000 integrand evaluations so far
[1] 44.0263 +- 0.211156  	chisq 6.51165 (2 df)

Iteration 4:  10000000 integrand evaluations so far
[1] 44.0112 +- 0.160925  	chisq 6.52399 (3 df)
   44.01 ±   0.16        (   39s) ┃   67.88 ±   0.16        (28.4mi) ┃
┃   76 -    78 ┃   44 -    45 ┃  43.479 ±  0.042        (1.84mi) ┃ -18.208 ±  0.014        (1.68mi) ┃Vegas input parameters:
  ndim 7
  ncomp 1
  nvec 1
  epsrel 0
  epsabs 0
  flags 10
  seed 123456
  mineval 10000000
  maxeval 10000000
  nstart 1000000
  nincrease 1000000
  nbatch 5000
  gridno 0
  statefile ""

Iteration 1:  1000000 integrand evaluations so far
[1] 43.6272 +- 1.18914  	chisq 0 (0 df)

Iteration 2:  3000000 integrand evaluations so far
[1] 43.4467 +- 0.336628  	chisq 0.0250517 (1 df)

Iteration 3:  6000000 integrand evaluations so far
[1] 43.2214 +- 0.207886  	chisq 0.748873 (2 df)

Iteration 4:  10000000 integrand evaluations so far
[1] 43.2537 +- 0.159931  	chisq 0.807946 (3 df)
   43.25 ±   0.16        ( 37.7s) ┃   68.52 ±   0.17        (4.14mi) ┃
┃   76 -    78 ┃   45 -    46 ┃    36.4 ±  0.021        (6.29mi) ┃ -15.311 ±  0.012        (24.8mi) ┃Vegas input parameters:
  ndim 7
  ncomp 1
  nvec 1
  epsrel 0
  epsabs 0
  flags 10
  seed 123456
  mineval 10000000
  maxeval 10000000
  nstart 1000000
  nincrease 1000000
  nbatch 5000
  gridno 0
  statefile ""

Iteration 1:  1000000 integrand evaluations so far
[1] 43.8515 +- 1.20451  	chisq 0 (0 df)

Iteration 2:  3000000 integrand evaluations so far
[1] 43.4475 +- 0.333632  	chisq 0.121829 (1 df)

Iteration 3:  6000000 integrand evaluations so far
[1] 43.0261 +- 0.212629  	chisq 2.80838 (2 df)

Iteration 4:  10000000 integrand evaluations so far
[1] 42.7913 +- 0.157561  	chisq 5.51348 (3 df)
   42.79 ±   0.16        (   39s) ┃   63.88 ±   0.16        (31.7mi) ┃
┃   76 -    78 ┃   46 -    47 ┃  38.349 ±  0.015        (3.87mi) ┃ -16.287 ±  0.011        (6.62mi) ┃Vegas input parameters:
  ndim 7
  ncomp 1
  nvec 1
  epsrel 0
  epsabs 0
  flags 10
  seed 123456
  mineval 10000000
  maxeval 10000000
  nstart 1000000
  nincrease 1000000
  nbatch 5000
  gridno 0
  statefile ""

Iteration 1:  1000000 integrand evaluations so far
[1] 41.8109 +- 1.1546  	chisq 0 (0 df)

Iteration 2:  3000000 integrand evaluations so far
[1] 42.7762 +- 0.331047  	chisq 0.761525 (1 df)

Iteration 3:  6000000 integrand evaluations so far
[1] 42.9281 +- 0.205747  	chisq 1.10501 (2 df)

Iteration 4:  10000000 integrand evaluations so far
[1] 42.6458 +- 0.150993  	chisq 5.18779 (3 df)
   42.65 ±   0.15        ( 32.5s) ┃   64.71 ±   0.15        (  11mi) ┃
┃   76 -    78 ┃   47 -    48 ┃   48.88 ±  0.012        (7.44mi) ┃-20.5614 ± 0.0079        (13.3mi) ┃Vegas input parameters:
  ndim 7
  ncomp 1
  nvec 1
  epsrel 0
  epsabs 0
  flags 10
  seed 123456
  mineval 10000000
  maxeval 10000000
  nstart 1000000
  nincrease 1000000
  nbatch 5000
  gridno 0
  statefile ""

Iteration 1:  1000000 integrand evaluations so far
[1] 43.2502 +- 1.18002  	chisq 0 (0 df)

Iteration 2:  3000000 integrand evaluations so far
[1] 42.5656 +- 0.326462  	chisq 0.364511 (1 df)

Iteration 3:  6000000 integrand evaluations so far
[1] 42.3877 +- 0.211541  	chisq 0.876359 (2 df)

Iteration 4:  10000000 integrand evaluations so far
[1] 42.2474 +- 0.162141  	chisq 1.94271 (3 df)
   42.25 ±   0.16        ( 38.2s) ┃   70.57 ±   0.16        (21.3mi) ┃
┃   76 -    78 ┃   48 -    49 ┃  35.311 ±  0.021        (6.85mi) ┃-14.9533 ± 0.0032        (5.18mi) ┃Vegas input parameters:
  ndim 7
  ncomp 1
  nvec 1
  epsrel 0
  epsabs 0
  flags 10
  seed 123456
  mineval 10000000
  maxeval 10000000
  nstart 1000000
  nincrease 1000000
  nbatch 5000
  gridno 0
  statefile ""

Iteration 1:  1000000 integrand evaluations so far
[1] 42.6165 +- 1.17589  	chisq 0 (0 df)

Iteration 2:  3000000 integrand evaluations so far
[1] 41.9737 +- 0.325783  	chisq 0.323703 (1 df)

Iteration 3:  6000000 integrand evaluations so far
[1] 41.8942 +- 0.201824  	chisq 0.42031 (2 df)

Iteration 4:  10000000 integrand evaluations so far
[1] 41.9749 +- 0.155397  	chisq 0.813208 (3 df)
   41.97 ±   0.16        ( 39.4s) ┃   62.33 ±   0.16        (12.7mi) ┃
┃   76 -    78 ┃   49 -    50 ┃  35.379 ±  0.018        ( 3.7mi) ┃-14.8828 ±  0.009        (3.42mi) ┃Vegas input parameters:
  ndim 7
  ncomp 1
  nvec 1
  epsrel 0
  epsabs 0
  flags 10
  seed 123456
  mineval 10000000
  maxeval 10000000
  nstart 1000000
  nincrease 1000000
  nbatch 5000
  gridno 0
  statefile ""

Iteration 1:  1000000 integrand evaluations so far
[1] 41.4719 +- 1.15081  	chisq 0 (0 df)

Iteration 2:  3000000 integrand evaluations so far
[1] 41.9272 +- 0.360945  	chisq 0.173654 (1 df)

Iteration 3:  6000000 integrand evaluations so far
[1] 41.7041 +- 0.220774  	chisq 0.784142 (2 df)

Iteration 4:  10000000 integrand evaluations so far
[1] 41.5321 +- 0.157619  	chisq 2.02162 (3 df)
   41.53 ±   0.16        ( 38.7s) ┃   62.03 ±   0.16        (7.76mi) ┃
┃   76 -    78 ┃   50 -    51 ┃  36.253 ±  0.031        ( 2.1mi) ┃-15.3812 ±  0.006        (48.2mi) ┃Vegas input parameters:
  ndim 7
  ncomp 1
  nvec 1
  epsrel 0
  epsabs 0
  flags 10
  seed 123456
  mineval 10000000
  maxeval 10000000
  nstart 1000000
  nincrease 1000000
  nbatch 5000
  gridno 0
  statefile ""

Iteration 1:  1000000 integrand evaluations so far
[1] 40.0906 +- 1.12316  	chisq 0 (0 df)

Iteration 2:  3000000 integrand evaluations so far
[1] 40.9184 +- 0.32097  	chisq 0.591538 (1 df)

Iteration 3:  6000000 integrand evaluations so far
[1] 40.8468 +- 0.198577  	chisq 0.672273 (2 df)

Iteration 4:  10000000 integrand evaluations so far
[1] 40.8897 +- 0.152787  	chisq 0.78685 (3 df)
   40.89 ±   0.15        ( 39.4s) ┃   61.76 ±   0.16        (  51mi) ┃
┃   76 -    78 ┃   51 -    52 ┃  46.377 ±  0.022        ( 16.4s) ┃-19.7026 ± 0.0064        (47.6mi) ┃Vegas input parameters:
  ndim 7
  ncomp 1
  nvec 1
  epsrel 0
  epsabs 0
  flags 10
  seed 123456
  mineval 10000000
  maxeval 10000000
  nstart 1000000
  nincrease 1000000
  nbatch 5000
  gridno 0
  statefile ""

Iteration 1:  1000000 integrand evaluations so far
[1] 36.6513 +- 1.07247  	chisq 0 (0 df)

Iteration 2:  3000000 integrand evaluations so far
[1] 40.3052 +- 0.317324  	chisq 12.7214 (1 df)

Iteration 3:  6000000 integrand evaluations so far
[1] 40.42 +- 0.196999  	chisq 12.9344 (2 df)

Iteration 4:  10000000 integrand evaluations so far
[1] 40.5559 +- 0.16152  	chisq 14.3856 (3 df)
   40.56 ±   0.16        ( 39.6s) ┃   67.23 ±   0.16        (48.5mi) ┃
┃   76 -    78 ┃   52 -    53 ┃  35.399 ±  0.031        (1.89mi) ┃-14.9327 ± 0.0095        (25.4mi) ┃Vegas input parameters:
  ndim 7
  ncomp 1
  nvec 1
  epsrel 0
  epsabs 0
  flags 10
  seed 123456
  mineval 10000000
  maxeval 10000000
  nstart 1000000
  nincrease 1000000
  nbatch 5000
  gridno 0
  statefile ""

Iteration 1:  1000000 integrand evaluations so far
[1] 39.4344 +- 1.1108  	chisq 0 (0 df)

Iteration 2:  3000000 integrand evaluations so far
[1] 38.805 +- 0.311405  	chisq 0.348444 (1 df)

Iteration 3:  6000000 integrand evaluations so far
[1] 38.968 +- 0.193412  	chisq 0.79419 (2 df)

Iteration 4:  10000000 integrand evaluations so far
[1] 39.0526 +- 0.147245  	chisq 1.25002 (3 df)
   39.05 ±   0.15        ( 39.1s) ┃   59.52 ±   0.15        (  28mi) ┃
┃   76 -    78 ┃   53 -    54 ┃ 32.2864 ± 0.0055        ( 6.8mi) ┃ -13.676 ±  0.011        (12.1mi) ┃Vegas input parameters:
  ndim 7
  ncomp 1
  nvec 1
  epsrel 0
  epsabs 0
  flags 10
  seed 123456
  mineval 10000000
  maxeval 10000000
  nstart 1000000
  nincrease 1000000
  nbatch 5000
  gridno 0
  statefile ""

Iteration 1:  1000000 integrand evaluations so far
[1] 38.0133 +- 1.09016  	chisq 0 (0 df)

Iteration 2:  3000000 integrand evaluations so far
[1] 37.2828 +- 0.301923  	chisq 0.486282 (1 df)

Iteration 3:  6000000 integrand evaluations so far
[1] 37.5374 +- 0.19007  	chisq 1.66467 (2 df)

Iteration 4:  10000000 integrand evaluations so far
[1] 37.3622 +- 0.141333  	chisq 3.56632 (3 df)
   37.36 ±   0.14        ( 39.1s) ┃   55.97 ±   0.14        (19.5mi) ┃
┃   76 -    78 ┃   54 -    55 ┃ 38.1175 ±  0.004        (7.14mi) ┃-16.0887 ± 0.0083        (12.8mi) ┃Vegas input parameters:
  ndim 7
  ncomp 1
  nvec 1
  epsrel 0
  epsabs 0
  flags 10
  seed 123456
  mineval 10000000
  maxeval 10000000
  nstart 1000000
  nincrease 1000000
  nbatch 5000
  gridno 0
  statefile ""

Iteration 1:  1000000 integrand evaluations so far
[1] 35.5875 +- 1.05072  	chisq 0 (0 df)

Iteration 2:  3000000 integrand evaluations so far
[1] 35.7128 +- 0.296517  	chisq 0.015454 (1 df)

Iteration 3:  6000000 integrand evaluations so far
[1] 35.7513 +- 0.183515  	chisq 0.0428394 (2 df)

Iteration 4:  10000000 integrand evaluations so far
[1] 35.8482 +- 0.135314  	chisq 0.653443 (3 df)
   35.85 ±   0.14        ( 38.9s) ┃   57.88 ±   0.14        (20.6mi) ┃
┃   76 -    78 ┃   55 -    56 ┃  33.965 ±  0.033        ( 57.5s) ┃-14.4245 ± 0.00035        (2.92mi) ┃Vegas input parameters:
  ndim 7
  ncomp 1
  nvec 1
  epsrel 0
  epsabs 0
  flags 10
  seed 123456
  mineval 10000000
  maxeval 10000000
  nstart 1000000
  nincrease 1000000
  nbatch 5000
  gridno 0
  statefile ""

Iteration 1:  1000000 integrand evaluations so far
[1] 34.8046 +- 1.02919  	chisq 0 (0 df)

Iteration 2:  3000000 integrand evaluations so far
[1] 35.1091 +- 0.307318  	chisq 0.0961022 (1 df)

Iteration 3:  6000000 integrand evaluations so far
[1] 35.2332 +- 0.189573  	chisq 0.359495 (2 df)

Iteration 4:  10000000 integrand evaluations so far
[1] 35.0278 +- 0.137491  	chisq 2.83573 (3 df)
   35.03 ±   0.14        ( 38.8s) ┃   54.57 ±   0.14        (4.52mi) ┃
┃   76 -    78 ┃   56 -    57 ┃  36.829 ±  0.036        (3.68mi) ┃-15.4498 ±  0.001        (11.6mi) ┃Vegas input parameters:
  ndim 7
  ncomp 1
  nvec 1
  epsrel 0
  epsabs 0
  flags 10
  seed 123456
  mineval 10000000
  maxeval 10000000
  nstart 1000000
  nincrease 1000000
  nbatch 5000
  gridno 0
  statefile ""

Iteration 1:  1000000 integrand evaluations so far
[1] 32.8434 +- 1.00137  	chisq 0 (0 df)

Iteration 2:  3000000 integrand evaluations so far
[1] 35.0113 +- 0.290789  	chisq 5.11893 (1 df)

Iteration 3:  6000000 integrand evaluations so far
[1] 34.6156 +- 0.17859  	chisq 8.09319 (2 df)

Iteration 4:  10000000 integrand evaluations so far
[1] 34.4625 +- 0.133172  	chisq 9.74855 (3 df)
   34.46 ±   0.13        (   40s) ┃   55.84 ±   0.14        (  16mi) ┃
┃   76 -    78 ┃   57 -    58 ┃  31.226 ±  0.025        ( 31.4s) ┃-12.7804 ± 0.0047        (1.65mi) ┃Vegas input parameters:
  ndim 7
  ncomp 1
  nvec 1
  epsrel 0
  epsabs 0
  flags 10
  seed 123456
  mineval 10000000
  maxeval 10000000
  nstart 1000000
  nincrease 1000000
  nbatch 5000
  gridno 0
  statefile ""

Iteration 1:  1000000 integrand evaluations so far
[1] 33.2848 +- 1.00492  	chisq 0 (0 df)

Iteration 2:  3000000 integrand evaluations so far
[1] 34.0558 +- 0.320874  	chisq 0.655478 (1 df)

Iteration 3:  6000000 integrand evaluations so far
[1] 33.8148 +- 0.192177  	chisq 1.53539 (2 df)

Iteration 4:  10000000 integrand evaluations so far
[1] 33.8143 +- 0.137645  	chisq 1.5354 (3 df)
   33.81 ±   0.14        (   39s) ┃   52.26 ±   0.14        (2.82mi) ┃
┃   76 -    78 ┃   58 -    59 ┃  32.478 ±  0.013        (2.93mi) ┃-13.5978 ± 0.0028        (6.73mi) ┃Vegas input parameters:
  ndim 7
  ncomp 1
  nvec 1
  epsrel 0
  epsabs 0
  flags 10
  seed 123456
  mineval 10000000
  maxeval 10000000
  nstart 1000000
  nincrease 1000000
  nbatch 5000
  gridno 0
  statefile ""

Iteration 1:  1000000 integrand evaluations so far
[1] 31.0689 +- 0.961842  	chisq 0 (0 df)

Iteration 2:  3000000 integrand evaluations so far
[1] 32.6712 +- 0.287728  	chisq 3.04769 (1 df)

Iteration 3:  6000000 integrand evaluations so far
[1] 32.7432 +- 0.179293  	chisq 3.15025 (2 df)

Iteration 4:  10000000 integrand evaluations so far
[1] 32.8623 +- 0.133546  	chisq 4.14106 (3 df)
   32.86 ±   0.13        ( 39.5s) ┃   51.74 ±   0.13        (10.3mi) ┃
┃   76 -    78 ┃   59 -    60 ┃  40.605 ±  0.016        (3.71mi) ┃ -16.968 ±  0.014        (  21mi) ┃Vegas input parameters:
  ndim 7
  ncomp 1
  nvec 1
  epsrel 0
  epsabs 0
  flags 10
  seed 123456
  mineval 10000000
  maxeval 10000000
  nstart 1000000
  nincrease 1000000
  nbatch 5000
  gridno 0
  statefile ""

Iteration 1:  1000000 integrand evaluations so far
[1] 33.8926 +- 1.02451  	chisq 0 (0 df)

Iteration 2:  3000000 integrand evaluations so far
[1] 32.3004 +- 0.276974  	chisq 2.6057 (1 df)

Iteration 3:  6000000 integrand evaluations so far
[1] 32.1261 +- 0.169794  	chisq 3.2401 (2 df)

Iteration 4:  10000000 integrand evaluations so far
[1] 32.1793 +- 0.129618  	chisq 3.4751 (3 df)
   32.18 ±   0.13        ( 37.9s) ┃   55.82 ±   0.13        (25.3mi) ┃
┃   78 -    80 ┃   25 -    26 ┃  36.651 ±  0.016        (6.12mi) ┃-15.3171 ± 0.0062        (20.8mi) ┃Vegas input parameters:
  ndim 7
  ncomp 1
  nvec 1
  epsrel 0
  epsabs 0
  flags 10
  seed 123456
  mineval 10000000
  maxeval 10000000
  nstart 1000000
  nincrease 1000000
  nbatch 5000
  gridno 0
  statefile ""

Iteration 1:  1000000 integrand evaluations so far
[1] 55.3826 +- 1.48838  	chisq 0 (0 df)

Iteration 2:  3000000 integrand evaluations so far
[1] 55.4551 +- 0.417518  	chisq 0.00257779 (1 df)

Iteration 3:  6000000 integrand evaluations so far
[1] 55.6476 +- 0.259406  	chisq 0.348755 (2 df)

Iteration 4:  10000000 integrand evaluations so far
[1] 55.552 +- 0.20183  	chisq 0.692867 (3 df)
   55.55 ±    0.2        ( 38.9s) ┃   76.89 ±    0.2        (27.6mi) ┃
┃   78 -    80 ┃   26 -    27 ┃  33.524 ±  0.017        ( 54.7s) ┃ -13.777 ± 0.0055        (3.13mi) ┃Vegas input parameters:
  ndim 7
  ncomp 1
  nvec 1
  epsrel 0
  epsabs 0
  flags 10
  seed 123456
  mineval 10000000
  maxeval 10000000
  nstart 1000000
  nincrease 1000000
  nbatch 5000
  gridno 0
  statefile ""

Iteration 1:  1000000 integrand evaluations so far
[1] 53.7152 +- 1.43957  	chisq 0 (0 df)

Iteration 2:  3000000 integrand evaluations so far
[1] 53.123 +- 0.401535  	chisq 0.183525 (1 df)

Iteration 3:  6000000 integrand evaluations so far
[1] 53.2537 +- 0.261168  	chisq 0.36718 (2 df)

Iteration 4:  10000000 integrand evaluations so far
[1] 53.2295 +- 0.196579  	chisq 0.38692 (3 df)
   53.23 ±    0.2        ( 33.5s) ┃   72.98 ±    0.2        ( 4.6mi) ┃
┃   78 -    80 ┃   27 -    28 ┃  35.902 ±  0.019        (6.08mi) ┃-14.9471 ± 0.0096        (  22mi) ┃Vegas input parameters:
  ndim 7
  ncomp 1
  nvec 1
  epsrel 0
  epsabs 0
  flags 10
  seed 123456
  mineval 10000000
  maxeval 10000000
  nstart 1000000
  nincrease 1000000
  nbatch 5000
  gridno 0
  statefile ""

Iteration 1:  1000000 integrand evaluations so far
[1] 52.6498 +- 1.41792  	chisq 0 (0 df)

Iteration 2:  3000000 integrand evaluations so far
[1] 52.0815 +- 0.39653  	chisq 0.174243 (1 df)

Iteration 3:  6000000 integrand evaluations so far
[1] 52.1469 +- 0.246233  	chisq 0.218503 (2 df)

Iteration 4:  10000000 integrand evaluations so far
[1] 52.2499 +- 0.193558  	chisq 0.676218 (3 df)
   52.25 ±   0.19        ( 38.6s) ┃    73.2 ±   0.19        (28.8mi) ┃
┃   78 -    80 ┃   28 -    29 ┃ 35.3886 ± 0.0093        (3.84mi) ┃ -14.814 ±   0.01        (21.6mi) ┃Vegas input parameters:
  ndim 7
  ncomp 1
  nvec 1
  epsrel 0
  epsabs 0
  flags 10
  seed 123456
  mineval 10000000
  maxeval 10000000
  nstart 1000000
  nincrease 1000000
  nbatch 5000
  gridno 0
  statefile ""

Iteration 1:  1000000 integrand evaluations so far
[1] 50.6693 +- 1.3767  	chisq 0 (0 df)

Iteration 2:  3000000 integrand evaluations so far
[1] 50.3327 +- 0.385882  	chisq 0.0648665 (1 df)

Iteration 3:  6000000 integrand evaluations so far
[1] 50.44 +- 0.248825  	chisq 0.19717 (2 df)

Iteration 4:  10000000 integrand evaluations so far
[1] 50.7152 +- 0.201126  	chisq 3.72415 (3 df)
   50.72 ±    0.2        ( 38.7s) ┃   71.29 ±    0.2        (26.1mi) ┃
┃   78 -    80 ┃   29 -    30 ┃  34.528 ±  0.025        ( 6.8mi) ┃-14.2729 ± 0.0081        (40.7mi) ┃Vegas input parameters:
  ndim 7
  ncomp 1
  nvec 1
  epsrel 0
  epsabs 0
  flags 10
  seed 123456
  mineval 10000000
  maxeval 10000000
  nstart 1000000
  nincrease 1000000
  nbatch 5000
  gridno 0
  statefile ""

Iteration 1:  1000000 integrand evaluations so far
[1] 50.8708 +- 1.38502  	chisq 0 (0 df)

Iteration 2:  3000000 integrand evaluations so far
[1] 49.5495 +- 0.380564  	chisq 0.984465 (1 df)

Iteration 3:  6000000 integrand evaluations so far
[1] 49.3336 +- 0.235539  	chisq 1.50594 (2 df)

Iteration 4:  10000000 integrand evaluations so far
[1] 49.3521 +- 0.184473  	chisq 1.52194 (3 df)
   49.35 ±   0.18        ( 38.9s) ┃   69.61 ±   0.19        (48.1mi) ┃
┃   78 -    80 ┃   30 -    31 ┃  36.246 ±  0.025        ( 15.9s) ┃-15.0912 ± 0.0095        (22.5mi) ┃Vegas input parameters:
  ndim 7
  ncomp 1
  nvec 1
  epsrel 0
  epsabs 0
  flags 10
  seed 123456
  mineval 10000000
  maxeval 10000000
  nstart 1000000
  nincrease 1000000
  nbatch 5000
  gridno 0
  statefile ""

Iteration 1:  1000000 integrand evaluations so far
[1] 48.9259 +- 1.33465  	chisq 0 (0 df)

Iteration 2:  3000000 integrand evaluations so far
[1] 48.5299 +- 0.372893  	chisq 0.095486 (1 df)

Iteration 3:  6000000 integrand evaluations so far
[1] 48.47 +- 0.241406  	chisq 0.139838 (2 df)

Iteration 4:  10000000 integrand evaluations so far
[1] 48.5799 +- 0.186498  	chisq 0.653965 (3 df)
   48.58 ±   0.19        (   38s) ┃   69.73 ±   0.19        (23.4mi) ┃
┃   78 -    80 ┃   31 -    32 ┃   35.55 ±  0.028        (3.75mi) ┃  -14.86 ±  0.013        (22.4mi) ┃Vegas input parameters:
  ndim 7
  ncomp 1
  nvec 1
  epsrel 0
  epsabs 0
  flags 10
  seed 123456
  mineval 10000000
  maxeval 10000000
  nstart 1000000
  nincrease 1000000
  nbatch 5000
  gridno 0
  statefile ""

Iteration 1:  1000000 integrand evaluations so far
[1] 47.7235 +- 1.30957  	chisq 0 (0 df)

Iteration 2:  3000000 integrand evaluations so far
[1] 47.901 +- 0.368027  	chisq 0.0199302 (1 df)

Iteration 3:  6000000 integrand evaluations so far
[1] 47.8069 +- 0.24756  	chisq 0.13917 (2 df)

Iteration 4:  10000000 integrand evaluations so far
[1] 47.705 +- 0.182254  	chisq 0.509619 (3 df)
    47.7 ±   0.18        ( 39.6s) ┃   68.39 ±   0.18        (26.8mi) ┃
┃   78 -    80 ┃   32 -    33 ┃  30.645 ±  0.017        (3.23mi) ┃-12.6321 ± 0.0065        (20.9mi) ┃Vegas input parameters:
  ndim 7
  ncomp 1
  nvec 1
  epsrel 0
  epsabs 0
  flags 10
  seed 123456
  mineval 10000000
  maxeval 10000000
  nstart 1000000
  nincrease 1000000
  nbatch 5000
  gridno 0
  statefile ""

Iteration 1:  1000000 integrand evaluations so far
[1] 46.7659 +- 1.27973  	chisq 0 (0 df)

Iteration 2:  3000000 integrand evaluations so far
[1] 47.1047 +- 0.362732  	chisq 0.0762261 (1 df)

Iteration 3:  6000000 integrand evaluations so far
[1] 47.0028 +- 0.244683  	chisq 0.221211 (2 df)

Iteration 4:  10000000 integrand evaluations so far
[1] 46.9923 +- 0.189961  	chisq 0.225801 (3 df)
   46.99 ±   0.19        (   39s) ┃      65 ±   0.19        (24.8mi) ┃
┃   78 -    80 ┃   33 -    34 ┃  38.646 ±  0.033        (6.86mi) ┃ -15.987 ±  0.015        (21.1mi) ┃Vegas input parameters:
  ndim 7
  ncomp 1
  nvec 1
  epsrel 0
  epsabs 0
  flags 10
  seed 123456
  mineval 10000000
  maxeval 10000000
  nstart 1000000
  nincrease 1000000
  nbatch 5000
  gridno 0
  statefile ""

Iteration 1:  1000000 integrand evaluations so far
[1] 45.0121 +- 1.24173  	chisq 0 (0 df)

Iteration 2:  3000000 integrand evaluations so far
[1] 46.2249 +- 0.354579  	chisq 1.03864 (1 df)

Iteration 3:  6000000 integrand evaluations so far
[1] 46.3301 +- 0.244684  	chisq 1.2067 (2 df)

Iteration 4:  10000000 integrand evaluations so far
[1] 46.0665 +- 0.180872  	chisq 3.76535 (3 df)
   46.07 ±   0.18        ( 38.2s) ┃   68.73 ±   0.18        (28.6mi) ┃
┃   78 -    80 ┃   34 -    35 ┃   32.56 ±   0.02        (3.17mi) ┃-13.4279 ± 0.0095        (37.7mi) ┃Vegas input parameters:
  ndim 7
  ncomp 1
  nvec 1
  epsrel 0
  epsabs 0
  flags 10
  seed 123456
  mineval 10000000
  maxeval 10000000
  nstart 1000000
  nincrease 1000000
  nbatch 5000
  gridno 0
  statefile ""

Iteration 1:  1000000 integrand evaluations so far
[1] 46.691 +- 1.26896  	chisq 0 (0 df)

Iteration 2:  3000000 integrand evaluations so far
[1] 45.7046 +- 0.359947  	chisq 0.657108 (1 df)

Iteration 3:  6000000 integrand evaluations so far
[1] 45.5288 +- 0.242291  	chisq 1.09309 (2 df)

Iteration 4:  10000000 integrand evaluations so far
[1] 45.419 +- 0.178726  	chisq 1.54393 (3 df)
   45.42 ±   0.18        ( 36.4s) ┃   64.55 ±   0.18        (41.4mi) ┃
┃   78 -    80 ┃   35 -    36 ┃  32.188 ±  0.019        (12.8mi) ┃-13.4947 ± 0.0077        (22.5mi) ┃Vegas input parameters:
  ndim 7
  ncomp 1
  nvec 1
  epsrel 0
  epsabs 0
  flags 10
  seed 123456
  mineval 10000000
  maxeval 10000000
  nstart 1000000
  nincrease 1000000
  nbatch 5000
  gridno 0
  statefile ""

Iteration 1:  1000000 integrand evaluations so far
[1] 45.3234 +- 1.24883  	chisq 0 (0 df)

Iteration 2:  3000000 integrand evaluations so far
[1] 44.1432 +- 0.343102  	chisq 0.966028 (1 df)

Iteration 3:  6000000 integrand evaluations so far
[1] 44.3582 +- 0.23071  	chisq 1.68297 (2 df)

Iteration 4:  10000000 integrand evaluations so far
[1] 44.4156 +- 0.170205  	chisq 1.8184 (3 df)
   44.42 ±   0.17        ( 38.3s) ┃   63.11 ±   0.17        (35.9mi) ┃
┃   78 -    80 ┃   36 -    37 ┃  43.315 ±  0.012        (3.69mi) ┃-17.8396 ± 0.0083        (9.98mi) ┃Vegas input parameters:
  ndim 7
  ncomp 1
  nvec 1
  epsrel 0
  epsabs 0
  flags 10
  seed 123456
  mineval 10000000
  maxeval 10000000
  nstart 1000000
  nincrease 1000000
  nbatch 5000
  gridno 0
  statefile ""

Iteration 1:  1000000 integrand evaluations so far
[1] 44.3087 +- 1.21305  	chisq 0 (0 df)

Iteration 2:  3000000 integrand evaluations so far
[1] 43.3519 +- 0.338619  	chisq 0.67471 (1 df)

Iteration 3:  6000000 integrand evaluations so far
[1] 43.633 +- 0.210511  	chisq 1.79796 (2 df)

Iteration 4:  10000000 integrand evaluations so far
[1] 43.8133 +- 0.161256  	chisq 3.5744 (3 df)
   43.81 ±   0.16        ( 38.4s) ┃   69.29 ±   0.16        (14.3mi) ┃
┃   78 -    80 ┃   37 -    38 ┃   30.52 ±  0.026        (11.2mi) ┃ -12.633 ±  0.011        (20.2mi) ┃Vegas input parameters:
  ndim 7
  ncomp 1
  nvec 1
  epsrel 0
  epsabs 0
  flags 10
  seed 123456
  mineval 10000000
  maxeval 10000000
  nstart 1000000
  nincrease 1000000
  nbatch 5000
  gridno 0
  statefile ""

Iteration 1:  1000000 integrand evaluations so far
[1] 43.6675 +- 1.20032  	chisq 0 (0 df)

Iteration 2:  3000000 integrand evaluations so far
[1] 43.4727 +- 0.362821  	chisq 0.0289836 (1 df)

Iteration 3:  6000000 integrand evaluations so far
[1] 43.186 +- 0.220978  	chisq 1.02193 (2 df)

Iteration 4:  10000000 integrand evaluations so far
[1] 43.2133 +- 0.171742  	chisq 1.06052 (3 df)
   43.21 ±   0.17        ( 38.5s) ┃    61.1 ±   0.17        (  32mi) ┃
┃   78 -    80 ┃   38 -    39 ┃  31.811 ±  0.021        (3.41mi) ┃-13.3621 ± 0.0011        (5.53mi) ┃Vegas input parameters:
  ndim 7
  ncomp 1
  nvec 1
  epsrel 0
  epsabs 0
  flags 10
  seed 123456
  mineval 10000000
  maxeval 10000000
  nstart 1000000
  nincrease 1000000
  nbatch 5000
  gridno 0
  statefile ""

Iteration 1:  1000000 integrand evaluations so far
[1] 39.3261 +- 1.1211  	chisq 0 (0 df)

Iteration 2:  3000000 integrand evaluations so far
[1] 41.7757 +- 0.371381  	chisq 5.36261 (1 df)

Iteration 3:  6000000 integrand evaluations so far
[1] 42.2806 +- 0.231379  	chisq 8.38323 (2 df)

Iteration 4:  10000000 integrand evaluations so far
[1] 42.3131 +- 0.163996  	chisq 8.42295 (3 df)
   42.31 ±   0.16        ( 38.1s) ┃   60.76 ±   0.17        (9.57mi) ┃
┃   78 -    80 ┃   39 -    40 ┃  37.644 ±  0.025        (12.3mi) ┃-15.8013 ±   0.01        (57.3mi) ┃Vegas input parameters:
  ndim 7
  ncomp 1
  nvec 1
  epsrel 0
  epsabs 0
  flags 10
  seed 123456
  mineval 10000000
  maxeval 10000000
  nstart 1000000
  nincrease 1000000
  nbatch 5000
  gridno 0
  statefile ""

Iteration 1:  1000000 integrand evaluations so far
[1] 40.7083 +- 1.1407  	chisq 0 (0 df)

Iteration 2:  3000000 integrand evaluations so far
[1] 41.1065 +- 0.323213  	chisq 0.132491 (1 df)

Iteration 3:  6000000 integrand evaluations so far
[1] 41.8859 +- 0.202407  	chisq 9.69997 (2 df)

Iteration 4:  10000000 integrand evaluations so far
[1] 41.953 +- 0.149035  	chisq 9.93935 (3 df)
   41.95 ±   0.15        ( 39.1s) ┃    63.8 ±   0.15        (1.17hr) ┃
┃   78 -    80 ┃   40 -    41 ┃   40.77 ±  0.027        ( 37.4s) ┃ -16.715 ±  0.011        (  22mi) ┃Vegas input parameters:
  ndim 7
  ncomp 1
  nvec 1
  epsrel 0
  epsabs 0
  flags 10
  seed 123456
  mineval 10000000
  maxeval 10000000
  nstart 1000000
  nincrease 1000000
  nbatch 5000
  gridno 0
  statefile ""

Iteration 1:  1000000 integrand evaluations so far
[1] 42.3878 +- 1.16286  	chisq 0 (0 df)

Iteration 2:  3000000 integrand evaluations so far
[1] 41.1633 +- 0.322565  	chisq 1.20117 (1 df)

Iteration 3:  6000000 integrand evaluations so far
[1] 41.4669 +- 0.200589  	chisq 2.64563 (2 df)

Iteration 4:  10000000 integrand evaluations so far
[1] 41.3881 +- 0.152482  	chisq 3.0115 (3 df)
   41.39 ±   0.15        ( 37.8s) ┃   65.44 ±   0.16        (23.2mi) ┃
┃   78 -    80 ┃   41 -    42 ┃  29.969 ±  0.016        (3.55mi) ┃  -12.47 ±   0.01        (9.64mi) ┃Vegas input parameters:
  ndim 7
  ncomp 1
  nvec 1
  epsrel 0
  epsabs 0
  flags 10
  seed 123456
  mineval 10000000
  maxeval 10000000
  nstart 1000000
  nincrease 1000000
  nbatch 5000
  gridno 0
  statefile ""

Iteration 1:  1000000 integrand evaluations so far
[1] 42.6905 +- 1.16231  	chisq 0 (0 df)

Iteration 2:  3000000 integrand evaluations so far
[1] 41.0226 +- 0.320052  	chisq 2.22807 (1 df)

Iteration 3:  6000000 integrand evaluations so far
[1] 40.8337 +- 0.198026  	chisq 2.7926 (2 df)

Iteration 4:  10000000 integrand evaluations so far
[1] 40.6345 +- 0.145182  	chisq 4.98061 (3 df)
   40.63 ±   0.15        (   38s) ┃   58.13 ±   0.15        (13.8mi) ┃
┃   78 -    80 ┃   42 -    43 ┃  31.115 ±  0.021        (3.56mi) ┃-12.9681 ±  0.007        (22.1mi) ┃Vegas input parameters:
  ndim 7
  ncomp 1
  nvec 1
  epsrel 0
  epsabs 0
  flags 10
  seed 123456
  mineval 10000000
  maxeval 10000000
  nstart 1000000
  nincrease 1000000
  nbatch 5000
  gridno 0
  statefile ""

Iteration 1:  1000000 integrand evaluations so far
[1] 40.14 +- 1.11377  	chisq 0 (0 df)

Iteration 2:  3000000 integrand evaluations so far
[1] 40.6508 +- 0.317892  	chisq 0.22903 (1 df)

Iteration 3:  6000000 integrand evaluations so far
[1] 40.4259 +- 0.196609  	chisq 1.0397 (2 df)

Iteration 4:  10000000 integrand evaluations so far
[1] 40.4797 +- 0.14489  	chisq 1.2034 (3 df)
   40.48 ±   0.14        ( 36.8s) ┃   58.63 ±   0.15        (26.3mi) ┃
┃   78 -    80 ┃   43 -    44 ┃   34.43 ±  0.018        (1.34mi) ┃-14.2685 ± 0.0081        (4.53mi) ┃Vegas input parameters:
  ndim 7
  ncomp 1
  nvec 1
  epsrel 0
  epsabs 0
  flags 10
  seed 123456
  mineval 10000000
  maxeval 10000000
  nstart 1000000
  nincrease 1000000
  nbatch 5000
  gridno 0
  statefile ""

Iteration 1:  1000000 integrand evaluations so far
[1] 40.7011 +- 1.12188  	chisq 0 (0 df)

Iteration 2:  3000000 integrand evaluations so far
[1] 40.1724 +- 0.313924  	chisq 0.241011 (1 df)

Iteration 3:  6000000 integrand evaluations so far
[1] 40.2927 +- 0.194965  	chisq 0.480156 (2 df)

Iteration 4:  10000000 integrand evaluations so far
[1] 40.2329 +- 0.148518  	chisq 0.703859 (3 df)
   40.23 ±   0.15        (   32s) ┃   60.39 ±   0.15        ( 6.4mi) ┃
┃   78 -    80 ┃   44 -    45 ┃  32.718 ±  0.031        ( 3.4mi) ┃-13.5169 ± 0.0067        (6.18mi) ┃Vegas input parameters:
  ndim 7
  ncomp 1
  nvec 1
  epsrel 0
  epsabs 0
  flags 10
  seed 123456
  mineval 10000000
  maxeval 10000000
  nstart 1000000
  nincrease 1000000
  nbatch 5000
  gridno 0
  statefile ""

Iteration 1:  1000000 integrand evaluations so far
[1] 39.675 +- 1.09279  	chisq 0 (0 df)

Iteration 2:  3000000 integrand evaluations so far
[1] 39.3726 +- 0.309052  	chisq 0.0832365 (1 df)

Iteration 3:  6000000 integrand evaluations so far
[1] 39.8797 +- 0.192748  	chisq 4.49041 (2 df)

Iteration 4:  10000000 integrand evaluations so far
[1] 39.8929 +- 0.147928  	chisq 4.50179 (3 df)
   39.89 ±   0.15        ( 37.9s) ┃   59.09 ±   0.15        (10.2mi) ┃
┃   78 -    80 ┃   45 -    46 ┃ 30.9292 ± 0.0053        (9.17mi) ┃-12.6455 ± 0.0065        (2.38mi) ┃Vegas input parameters:
  ndim 7
  ncomp 1
  nvec 1
  epsrel 0
  epsabs 0
  flags 10
  seed 123456
  mineval 10000000
  maxeval 10000000
  nstart 1000000
  nincrease 1000000
  nbatch 5000
  gridno 0
  statefile ""

Iteration 1:  1000000 integrand evaluations so far
[1] 39.5654 +- 1.08523  	chisq 0 (0 df)

Iteration 2:  3000000 integrand evaluations so far
[1] 39.8785 +- 0.428207  	chisq 0.0985782 (1 df)

Iteration 3:  6000000 integrand evaluations so far
[1] 39.5728 +- 0.246103  	chisq 0.859555 (2 df)

Iteration 4:  10000000 integrand evaluations so far
[1] 39.4571 +- 0.164115  	chisq 1.25768 (3 df)
   39.46 ±   0.16        ( 37.9s) ┃   57.74 ±   0.16        (12.2mi) ┃
┃   78 -    80 ┃   46 -    47 ┃  28.406 ±   0.02        (1.25mi) ┃-11.7599 ± 0.0051        (4.41mi) ┃Vegas input parameters:
  ndim 7
  ncomp 1
  nvec 1
  epsrel 0
  epsabs 0
  flags 10
  seed 123456
  mineval 10000000
  maxeval 10000000
  nstart 1000000
  nincrease 1000000
  nbatch 5000
  gridno 0
  statefile ""

Iteration 1:  1000000 integrand evaluations so far
[1] 39.6115 +- 1.10463  	chisq 0 (0 df)

Iteration 2:  3000000 integrand evaluations so far
[1] 39.1159 +- 0.304211  	chisq 0.21779 (1 df)

Iteration 3:  6000000 integrand evaluations so far
[1] 38.9488 +- 0.194225  	chisq 0.72721 (2 df)

Iteration 4:  10000000 integrand evaluations so far
[1] 38.8516 +- 0.145985  	chisq 1.30274 (3 df)
   38.85 ±   0.15        ( 26.9s) ┃    55.5 ±   0.15        (6.11mi) ┃
┃   78 -    80 ┃   47 -    48 ┃  34.282 ±  0.019        (4.89mi) ┃-14.1999 ± 0.0026        (  19mi) ┃Vegas input parameters:
  ndim 7
  ncomp 1
  nvec 1
  epsrel 0
  epsabs 0
  flags 10
  seed 123456
  mineval 10000000
  maxeval 10000000
  nstart 1000000
  nincrease 1000000
  nbatch 5000
  gridno 0
  statefile ""

Iteration 1:  1000000 integrand evaluations so far
[1] 37.9186 +- 1.05667  	chisq 0 (0 df)

Iteration 2:  3000000 integrand evaluations so far
[1] 38.8148 +- 0.302398  	chisq 0.783392 (1 df)

Iteration 3:  6000000 integrand evaluations so far
[1] 39.0112 +- 0.20247  	chisq 1.54807 (2 df)

Iteration 4:  10000000 integrand evaluations so far
[1] 38.6966 +- 0.149056  	chisq 6.81746 (3 df)
    38.7 ±   0.15        ( 37.8s) ┃   58.78 ±   0.15        (24.5mi) ┃
┃   78 -    80 ┃   48 -    49 ┃  34.023 ±  0.025        ( 57.4s) ┃ -14.042 ± 0.0086        (3.19mi) ┃Vegas input parameters:
  ndim 7
  ncomp 1
  nvec 1
  epsrel 0
  epsabs 0
  flags 10
  seed 123456
  mineval 10000000
  maxeval 10000000
  nstart 1000000
  nincrease 1000000
  nbatch 5000
  gridno 0
  statefile ""

Iteration 1:  1000000 integrand evaluations so far
[1] 39.537 +- 1.08789  	chisq 0 (0 df)

Iteration 2:  3000000 integrand evaluations so far
[1] 38.204 +- 0.300054  	chisq 1.6249 (1 df)

Iteration 3:  6000000 integrand evaluations so far
[1] 38.054 +- 0.18589  	chisq 2.03062 (2 df)

Iteration 4:  10000000 integrand evaluations so far
[1] 38.2831 +- 0.141816  	chisq 5.66547 (3 df)
   38.28 ±   0.14        ( 33.9s) ┃   58.26 ±   0.14        (4.72mi) ┃
┃   78 -    80 ┃   49 -    50 ┃  26.056 ±  0.024        ( 1.7mi) ┃-10.7561 ± 0.0033        (4.35mi) ┃Vegas input parameters:
  ndim 7
  ncomp 1
  nvec 1
  epsrel 0
  epsabs 0
  flags 10
  seed 123456
  mineval 10000000
  maxeval 10000000
  nstart 1000000
  nincrease 1000000
  nbatch 5000
  gridno 0
  statefile ""

Iteration 1:  1000000 integrand evaluations so far
[1] 38.6798 +- 1.07941  	chisq 0 (0 df)

Iteration 2:  3000000 integrand evaluations so far
[1] 38.5577 +- 0.341552  	chisq 0.01421 (1 df)

Iteration 3:  6000000 integrand evaluations so far
[1] 37.8948 +- 0.204564  	chisq 5.88775 (2 df)

Iteration 4:  10000000 integrand evaluations so far
[1] 38.0575 +- 0.145283  	chisq 7.16306 (3 df)
   38.06 ±   0.15        ( 35.4s) ┃   53.36 ±   0.15        (6.63mi) ┃
┃   78 -    80 ┃   50 -    51 ┃  28.332 ±  0.027        (1.01mi) ┃-11.7293 ± 0.0088        (2.76mi) ┃Vegas input parameters:
  ndim 7
  ncomp 1
  nvec 1
  epsrel 0
  epsabs 0
  flags 10
  seed 123456
  mineval 10000000
  maxeval 10000000
  nstart 1000000
  nincrease 1000000
  nbatch 5000
  gridno 0
  statefile ""

Iteration 1:  1000000 integrand evaluations so far
[1] 38.1189 +- 1.06012  	chisq 0 (0 df)

Iteration 2:  3000000 integrand evaluations so far
[1] 37.9576 +- 0.297932  	chisq 0.0251433 (1 df)

Iteration 3:  6000000 integrand evaluations so far
[1] 37.8947 +- 0.184495  	chisq 0.0973448 (2 df)

Iteration 4:  10000000 integrand evaluations so far
[1] 37.5684 +- 0.135115  	chisq 6.84573 (3 df)
   37.57 ±   0.14        ( 31.2s) ┃   54.17 ±   0.14        (4.29mi) ┃
┃   78 -    80 ┃   51 -    52 ┃  30.998 ±  0.013        (   1mi) ┃-12.9171 ± 0.0011        (9.24mi) ┃Vegas input parameters:
  ndim 7
  ncomp 1
  nvec 1
  epsrel 0
  epsabs 0
  flags 10
  seed 123456
  mineval 10000000
  maxeval 10000000
  nstart 1000000
  nincrease 1000000
  nbatch 5000
  gridno 0
  statefile ""

Iteration 1:  1000000 integrand evaluations so far
[1] 34.7561 +- 1.00152  	chisq 0 (0 df)

Iteration 2:  3000000 integrand evaluations so far
[1] 37.0581 +- 0.293411  	chisq 5.77945 (1 df)

Iteration 3:  6000000 integrand evaluations so far
[1] 37.0618 +- 0.181766  	chisq 5.77971 (2 df)

Iteration 4:  10000000 integrand evaluations so far
[1] 37.2528 +- 0.146221  	chisq 8.90704 (3 df)
   37.25 ±   0.15        ( 24.6s) ┃   55.33 ±   0.15        (10.7mi) ┃
┃   78 -    80 ┃   52 -    53 ┃  34.964 ±  0.022        (4.25mi) ┃-14.3511 ±  0.006        (11.6mi) ┃Vegas input parameters:
  ndim 7
  ncomp 1
  nvec 1
  epsrel 0
  epsabs 0
  flags 10
  seed 123456
  mineval 10000000
  maxeval 10000000
  nstart 1000000
  nincrease 1000000
  nbatch 5000
  gridno 0
  statefile ""

Iteration 1:  1000000 integrand evaluations so far
[1] 35.7362 +- 1.01961  	chisq 0 (0 df)

Iteration 2:  3000000 integrand evaluations so far
[1] 37.169 +- 0.292045  	chisq 2.1511 (1 df)

Iteration 3:  6000000 integrand evaluations so far
[1] 37.3181 +- 0.1841  	chisq 2.58345 (2 df)

Iteration 4:  10000000 integrand evaluations so far
[1] 37.4258 +- 0.148382  	chisq 3.56023 (3 df)
   37.43 ±   0.15        ( 37.5s) ┃   58.04 ±   0.15        (16.5mi) ┃
┃   78 -    80 ┃   53 -    54 ┃  25.973 ±  0.024        ( 4.9mi) ┃-10.7767 ± 0.0089        (19.9mi) ┃Vegas input parameters:
  ndim 7
  ncomp 1
  nvec 1
  epsrel 0
  epsabs 0
  flags 10
  seed 123456
  mineval 10000000
  maxeval 10000000
  nstart 1000000
  nincrease 1000000
  nbatch 5000
  gridno 0
  statefile ""

Iteration 1:  1000000 integrand evaluations so far
[1] 36.5979 +- 1.0363  	chisq 0 (0 df)

Iteration 2:  3000000 integrand evaluations so far
[1] 36.6822 +- 0.29126  	chisq 0.00719372 (1 df)

Iteration 3:  6000000 integrand evaluations so far
[1] 36.8096 +- 0.196306  	chisq 0.35735 (2 df)

Iteration 4:  10000000 integrand evaluations so far
[1] 36.9554 +- 0.156053  	chisq 1.85634 (3 df)
   36.96 ±   0.16        ( 36.3s) ┃   52.15 ±   0.16        (25.4mi) ┃
┃   78 -    80 ┃   54 -    55 ┃  26.351 ± 0.0039        (4.85mi) ┃-10.9354 ± 0.0049        (35.7mi) ┃Vegas input parameters:
  ndim 7
  ncomp 1
  nvec 1
  epsrel 0
  epsabs 0
  flags 10
  seed 123456
  mineval 10000000
  maxeval 10000000
  nstart 1000000
  nincrease 1000000
  nbatch 5000
  gridno 0
  statefile ""

Iteration 1:  1000000 integrand evaluations so far
[1] 35.5994 +- 1.01636  	chisq 0 (0 df)

Iteration 2:  3000000 integrand evaluations so far
[1] 35.3986 +- 0.34025  	chisq 0.0439505 (1 df)

Iteration 3:  6000000 integrand evaluations so far
[1] 35.3458 +- 0.203095  	chisq 0.0813244 (2 df)

Iteration 4:  10000000 integrand evaluations so far
[1] 35.3507 +- 0.143582  	chisq 0.0824867 (3 df)
   35.35 ±   0.14        ( 26.5s) ┃   50.77 ±   0.14        (  41mi) ┃
┃   78 -    80 ┃   55 -    56 ┃  30.692 ±  0.022        (1.16mi) ┃  -12.67 ±  0.013        (4.84mi) ┃Vegas input parameters:
  ndim 7
  ncomp 1
  nvec 1
  epsrel 0
  epsabs 0
  flags 10
  seed 123456
  mineval 10000000
  maxeval 10000000
  nstart 1000000
  nincrease 1000000
  nbatch 5000
  gridno 0
  statefile ""

Iteration 1:  1000000 integrand evaluations so far
[1] 32.8824 +- 0.967059  	chisq 0 (0 df)

Iteration 2:  3000000 integrand evaluations so far
[1] 34.3392 +- 0.305653  	chisq 2.52131 (1 df)

Iteration 3:  6000000 integrand evaluations so far
[1] 34.0981 +- 0.185264  	chisq 3.50491 (2 df)

Iteration 4:  10000000 integrand evaluations so far
[1] 33.8669 +- 0.137505  	chisq 6.97452 (3 df)
   33.87 ±   0.14        ( 34.6s) ┃   51.89 ±   0.14        (6.57mi) ┃
┃   78 -    80 ┃   56 -    57 ┃  27.133 ±  0.019        (2.36mi) ┃-11.4386 ± 0.0032        (1.34mi) ┃Vegas input parameters:
  ndim 7
  ncomp 1
  nvec 1
  epsrel 0
  epsabs 0
  flags 10
  seed 123456
  mineval 10000000
  maxeval 10000000
  nstart 1000000
  nincrease 1000000
  nbatch 5000
  gridno 0
  statefile ""

Iteration 1:  1000000 integrand evaluations so far
[1] 33.0755 +- 0.977144  	chisq 0 (0 df)

Iteration 2:  3000000 integrand evaluations so far
[1] 33.0259 +- 0.273295  	chisq 0.00280269 (1 df)

Iteration 3:  6000000 integrand evaluations so far
[1] 32.7778 +- 0.168571  	chisq 1.33232 (2 df)

Iteration 4:  10000000 integrand evaluations so far
[1] 32.5938 +- 0.125347  	chisq 3.99896 (3 df)
   32.59 ±   0.13        ( 26.2s) ┃   48.29 ±   0.13        (4.14mi) ┃
┃   78 -    80 ┃   57 -    58 ┃  28.008 ±  0.023        (1.25mi) ┃-11.5123 ±  0.006        (  17mi) ┃Vegas input parameters:
  ndim 7
  ncomp 1
  nvec 1
  epsrel 0
  epsabs 0
  flags 10
  seed 123456
  mineval 10000000
  maxeval 10000000
  nstart 1000000
  nincrease 1000000
  nbatch 5000
  gridno 0
  statefile ""

Iteration 1:  1000000 integrand evaluations so far
[1] 30.164 +- 0.916798  	chisq 0 (0 df)

Iteration 2:  3000000 integrand evaluations so far
[1] 31.9106 +- 0.268643  	chisq 3.97032 (1 df)

Iteration 3:  6000000 integrand evaluations so far
[1] 31.7708 +- 0.169991  	chisq 4.42232 (2 df)

Iteration 4:  10000000 integrand evaluations so far
[1] 31.5903 +- 0.12534  	chisq 6.8917 (3 df)
   31.59 ±   0.13        ( 32.1s) ┃   48.09 ±   0.13        (18.8mi) ┃
┃   78 -    80 ┃   58 -    59 ┃  23.811 ±  0.014        (2.38mi) ┃ -9.9042 ± 0.0064        ( 8.77s) ┃Vegas input parameters:
  ndim 7
  ncomp 1
  nvec 1
  epsrel 0
  epsabs 0
  flags 10
  seed 123456
  mineval 10000000
  maxeval 10000000
  nstart 1000000
  nincrease 1000000
  nbatch 5000
  gridno 0
  statefile ""

Iteration 1:  1000000 integrand evaluations so far
[1] 30.3216 +- 0.926425  	chisq 0 (0 df)

Iteration 2:  3000000 integrand evaluations so far
[1] 31.433 +- 0.279312  	chisq 1.58299 (1 df)

Iteration 3:  6000000 integrand evaluations so far
[1] 31.193 +- 0.182039  	chisq 2.86576 (2 df)

Iteration 4:  10000000 integrand evaluations so far
[1] 30.9363 +- 0.132553  	chisq 7.10068 (3 df)
   30.94 ±   0.13        ( 29.8s) ┃   44.84 ±   0.13        (3.03mi) ┃
┃   78 -    80 ┃   59 -    60 ┃ 26.7004 ± 0.0086        (4.65mi) ┃-11.0334 ± 0.0057        (4.35mi) ┃Vegas input parameters:
  ndim 7
  ncomp 1
  nvec 1
  epsrel 0
  epsabs 0
  flags 10
  seed 123456
  mineval 10000000
  maxeval 10000000
  nstart 1000000
  nincrease 1000000
  nbatch 5000
  gridno 0
  statefile ""

Iteration 1:  1000000 integrand evaluations so far
[1] 29.0838 +- 0.90017  	chisq 0 (0 df)

Iteration 2:  3000000 integrand evaluations so far
[1] 30.535 +- 0.26319  	chisq 2.8421 (1 df)

Iteration 3:  6000000 integrand evaluations so far
[1] 30.3703 +- 0.162765  	chisq 3.47636 (2 df)

Iteration 4:  10000000 integrand evaluations so far
[1] 30.4399 +- 0.120071  	chisq 3.87681 (3 df)
   30.44 ±   0.12        ( 28.5s) ┃   46.11 ±   0.12        (9.48mi) ┃
┣━━━━━━━━━━━━━━╋━━━━━━━━━━━━━━╋━━━━━━━━━━━━━━━━━━━━━━━━━━━━━━━━━━╋━━━━━━━━━━━━━━━━━━━━━━━━━━━━━━━━━━╋━━━━━━━━━━━━━━━━━━━━━━━━━━━━━━━━━━╋━━━━━━━━━━━━━━━━━━━━━━━━━━━━━━━━━━┫
┃   76 -    80 ┃   25 -    60 ┃ 2.58126 ± 0.0002 ·10⁺⁰³ ( 4.9hr) ┃-1.08193 ± 7.9e-05 ·10⁺⁰³ (19.3hr) ┃  3.0259 ± 0.0014 ·10⁺⁰³ (43.8mi) ┃  4.5253 ± 0.0014 ·10⁺⁰³ (24.9hr) ┃
┗━━━━━━━━━━━━━━┻━━━━━━━━━━━━━━┻━━━━━━━━━━━━━━━━━━━━━━━━━━━━━━━━━━┻━━━━━━━━━━━━━━━━━━━━━━━━━━━━━━━━━━┻━━━━━━━━━━━━━━━━━━━━━━━━━━━━━━━━━━┻━━━━━━━━━━━━━━━━━━━━━━━━━━━━━━━━━━┛

╍╍╍╍╍╍╍╍╍╍╍╍╍╍╍╍╍╍╍╍╍╍╍╍╍╍╍╍╍╍╍╍ Summary ╍╍╍╍╍╍╍╍╍╍╍╍╍╍╍╍╍╍╍╍╍╍╍╍╍╍╍╍╍╍╍
      Total cross section                    4.5253 ± 0.0014          pb
         Calculation time                               24.9       hours
              Output file                    outputs/qt_qt76_80_NLL_muR2.0_muF2.0.root            
      Result in text file                    outputs/qt_qt76_80_NLL_muR2.0_muF2.0.txt            

╍╍╍╍╍╍╍╍╍╍╍╍╍╍╍╍╍╍╍╍╍╍╍╍╍╍╍╍╍╍╍╍╍╍╍╍╍╍╍╍╍╍╍╍╍╍╍╍╍╍╍╍╍╍╍╍╍╍╍╍╍╍╍╍╍╍╍╍╍╍╍╍

