
╍╍╍╍╍╍╍╍╍╍╍╍╍╍╍╍╍╍╍╍╍╍╍╍╍╍╍ Process settings ╍╍╍╍╍╍╍╍╍╍╍╍╍╍╍╍╍╍╍╍╍╍╍╍╍╍╍
   proton-proton collisions at sqrt(s) = 13000 GeV 
   Computing NLO+NLL resummed cross section
   W+ ->  nu(p3)+e+(p4) production 

╍╍╍╍╍╍╍╍╍╍╍╍╍╍╍╍╍╍╍╍╍╍╍╍╍╍╍╍╍╍ CKM matrix ╍╍╍╍╍╍╍╍╍╍╍╍╍╍╍╍╍╍╍╍╍╍╍╍╍╍╍╍╍╍
     | Vud Vus Vub |   |   0.97427   0.2253  0.00351 | 
     | Vcd Vcs Vcb | = |    0.2252  0.97344   0.0412 | 
     | Vtd Vts Vtb |   |         0        0        0 | 

╍╍╍╍╍╍╍╍╍╍╍╍╍╍╍╍╍╍╍╍╍╍╍╍╍╍╍╍╍ EW parameters ╍╍╍╍╍╍╍╍╍╍╍╍╍╍╍╍╍╍╍╍╍╍╍╍╍╍╍╍
                                         Gf =  1.1663787e-05      GeV^-2
                                    1/alpha =  132.233229791            
                                 sin(thW)^2 = 0.222897222524            
                                     W mass =         80.385         GeV
                                     Z mass =        91.1876         GeV
                                    W width =          2.091         GeV
                                    Z width =          2.495         GeV

╍╍╍╍╍╍╍╍╍╍╍╍╍╍╍╍╍╍╍╍╍╍╍╍╍╍╍╍╍ QCD settings ╍╍╍╍╍╍╍╍╍╍╍╍╍╍╍╍╍╍╍╍╍╍╍╍╍╍╍╍╍
   Renormalization scale:     dynamic muren =              1      * m_ll
     Factorization scale:     dynamic mufac =            0.5      * m_ll
       Resummation scale:     dynamic mures =              1      * m_ll
          Strong coupling       alpha_s(MZ) =       0.118001            
                              running order =              2       -loop
         Non-perturbative     form factor g =            0.7       GeV^2

╍╍╍╍╍╍╍╍╍╍╍╍╍╍╍╍╍╍╍╍╍╍╍╍╍╍╍╍╍ PDF settings ╍╍╍╍╍╍╍╍╍╍╍╍╍╍╍╍╍╍╍╍╍╍╍╍╍╍╍╍╍
                                     PDF set:MSHT20nnlo_as118            
                                  PDF member:              0            
  Mellin moments of PDFs:                    Numerical integration            
                         nodes for the quadrature:            200            
                         Intervals for the quadrature:              1            

╍╍╍╍╍╍╍╍╍╍╍╍╍╍╍╍╍╍╍╍╍╍╍╍╍╍╍╍╍╍╍ qT recoil ╍╍╍╍╍╍╍╍╍╍╍╍╍╍╍╍╍╍╍╍╍╍╍╍╍╍╍╍╍╍
  qt-recoil prescription:       Collins-Soper kt1 = p_V(x)/2; kt2 = p_V(y)/2            

╍╍╍╍╍╍╍╍╍╍╍╍╍╍╍╍╍╍╍╍╍╍╍╍╍╍╍╍╍╍╍╍╍ Cuts ╍╍╍╍╍╍╍╍╍╍╍╍╍╍╍╍╍╍╍╍╍╍╍╍╍╍╍╍╍╍╍╍╍
                                  apply cuts:           true            
                                      pt_l >               0            
                                   |eta_l| <            1000            
                                    pt_lep >              25            
                                 |eta_lep| <             2.4            
                                   pt_alep >              25            
                                |eta_alep| <             2.4            
                                  user cuts:            true            

╍╍╍╍╍╍╍╍╍╍╍╍╍╍╍╍╍╍╍╍╍╍╍╍╍╍╍╍ ResummationDamp ╍╍╍╍╍╍╍╍╍╍╍╍╍╍╍╍╍╍╍╍╍╍╍╍╍╍╍
                                    damping :             on            
                                damping mode:              1            
                                  damp above:        60.2888         GeV
                               damping width:        20.0963         GeV
                          resummation cutoff:             20         MeV

╍╍╍╍╍╍╍╍╍╍╍╍╍╍╍╍╍╍╍╍╍╍╍╍╍╍╍╍ Debug settings ╍╍╍╍╍╍╍╍╍╍╍╍╍╍╍╍╍╍╍╍╍╍╍╍╍╍╍╍
                                 timeprofile:          false            
                                     verbose:          false            
                               cubaverbosity:              2            

╍╍╍╍╍╍╍╍╍╍╍╍╍╍╍╍╍╍╍╍╍╍╍╍╍╍╍╍╍╍╍╍╍╍╍╍╍╍╍╍╍╍╍╍╍╍╍╍╍╍╍╍╍╍╍╍╍╍╍╍╍╍╍╍╍╍╍╍╍╍╍╍

Warning: Histogram `a1_qt` contains non-integrable observable and will be deleted 
Warning: Histogram `a1_qt_vs_y` contains non-integrable observable and will be deleted 
Warning: Histogram `s_biganswer` contains non-integrable observable and will be deleted 
Warning: Histogram `wgt_a1_qt` contains non-integrable observable and will be deleted 

╍╍╍╍╍╍╍╍╍╍╍╍╍╍╍╍╍╍╍╍╍╍╍╍╍ Integration settings ╍╍╍╍╍╍╍╍╍╍╍╍╍╍╍╍╍╍╍╍╍╍╍╍╍
             Random seeds              123456                           
           Parallel cores                   1                           

             Resummation:     cuhre (dm, dpt)         iter =           5
                                   gauss (dy)        nodes =          64
                                                 intervals =           1
            Counter term:      cuhre (dm, dy)         iter =           5
                                  gauss (dpt)        nodes =          20
                                                 intervals =           5
                     V+J:            vegas 7D       ncalls =    10000000

Mellin inverse transform:           gaussian         nodes =          30
                                                 intervals =           1
                               imaginary axis         zmax =           2
  Angular variable costh:     semi-analytical      ncstart =         100
   Angular variables phi:            gaussian    intervals =          20

      Constant boundaries                  q2          low =          80
                                                      high =         100
                                            y          low =          -6
                                                      high =           6
                                        costh          low =          -1
                                                      high =           1
                                       eta(l)          low =         -10
                                                      high =          10

┏━━━━━━━━━━━━━━┰━━━━━━━━━━━━━━┰━━━━━━━━━━━━━━━━━━━━━━━━━━━━━━━━━━┰━━━━━━━━━━━━━━━━━━━━━━━━━━━━━━━━━━┰━━━━━━━━━━━━━━━━━━━━━━━━━━━━━━━━━━┰━━━━━━━━━━━━━━━━━━━━━━━━━━━━━━━━━━┓
┃           qT ┃        pT(l) ┃                      Resummation ┃                     Counter term ┃                              V+J ┃                            TOTAL ┃
┣━━━━━━━━━━━━━━╋━━━━━━━━━━━━━━╋━━━━━━━━━━━━━━━━━━━━━━━━━━━━━━━━━━╋━━━━━━━━━━━━━━━━━━━━━━━━━━━━━━━━━━╋━━━━━━━━━━━━━━━━━━━━━━━━━━━━━━━━━━╋━━━━━━━━━━━━━━━━━━━━━━━━━━━━━━━━━━┫
┃   36 -    38 ┃   25 -    26 ┃ 1.06227 ± 0.00021 ·10⁺⁰³ ( 15.3s) ┃ -589.47 ±   0.24        (1.95mi) ┃Vegas input parameters:
  ndim 7
  ncomp 1
  nvec 1
  epsrel 0
  epsabs 0
  flags 10
  seed 123456
  mineval 10000000
  maxeval 10000000
  nstart 1000000
  nincrease 1000000
  nbatch 5000
  gridno 0
  statefile ""

Iteration 1:  1000000 integrand evaluations so far
[1] 751.039 +- 12.1742  	chisq 0 (0 df)

Iteration 2:  3000000 integrand evaluations so far
[1] 739.57 +- 3.34307  	chisq 0.959868 (1 df)

Iteration 3:  6000000 integrand evaluations so far
[1] 737.353 +- 2.11433  	chisq 1.69271 (2 df)

Iteration 4:  10000000 integrand evaluations so far
[1] 738.041 +- 1.5789  	chisq 1.93202 (3 df)
     738 ±    1.6        (   51s) ┃  1.2108 ± 0.0016 ·10⁺⁰³ (3.05mi) ┃
┃   36 -    38 ┃   26 -    27 ┃ 1.11657 ± 0.00048 ·10⁺⁰³ ( 29.1s) ┃ -617.34 ±    0.2        (7.45mi) ┃Vegas input parameters:
  ndim 7
  ncomp 1
  nvec 1
  epsrel 0
  epsabs 0
  flags 10
  seed 123456
  mineval 10000000
  maxeval 10000000
  nstart 1000000
  nincrease 1000000
  nbatch 5000
  gridno 0
  statefile ""

Iteration 1:  1000000 integrand evaluations so far
[1] 769.04 +- 12.187  	chisq 0 (0 df)

Iteration 2:  3000000 integrand evaluations so far
[1] 772.14 +- 3.39403  	chisq 0.0701746 (1 df)

Iteration 3:  6000000 integrand evaluations so far
[1] 771.675 +- 2.13665  	chisq 0.101377 (2 df)

Iteration 4:  10000000 integrand evaluations so far
[1] 773.078 +- 1.60359  	chisq 1.08884 (3 df)
   773.1 ±    1.6        ( 51.4s) ┃  1.2723 ± 0.0017 ·10⁺⁰³ ( 8.8mi) ┃
┃   36 -    38 ┃   27 -    28 ┃  937.98 ±   0.79        ( 30.8s) ┃ -520.38 ±   0.16        (14.6mi) ┃Vegas input parameters:
  ndim 7
  ncomp 1
  nvec 1
  epsrel 0
  epsabs 0
  flags 10
  seed 123456
  mineval 10000000
  maxeval 10000000
  nstart 1000000
  nincrease 1000000
  nbatch 5000
  gridno 0
  statefile ""

Iteration 1:  1000000 integrand evaluations so far
[1] 642.487 +- 11.0584  	chisq 0 (0 df)

Iteration 2:  3000000 integrand evaluations so far
[1] 636.185 +- 3.05732  	chisq 0.351722 (1 df)

Iteration 3:  6000000 integrand evaluations so far
[1] 636.785 +- 1.90604  	chisq 0.414739 (2 df)

Iteration 4:  10000000 integrand evaluations so far
[1] 637.52 +- 1.47984  	chisq 0.789112 (3 df)
   637.5 ±    1.5        ( 50.6s) ┃  1.0551 ± 0.0017 ·10⁺⁰³ (15.9mi) ┃
┃   36 -    38 ┃   28 -    29 ┃  859.36 ±   0.29        (1.66mi) ┃ -476.08 ±   0.27        (14.2mi) ┃Vegas input parameters:
  ndim 7
  ncomp 1
  nvec 1
  epsrel 0
  epsabs 0
  flags 10
  seed 123456
  mineval 10000000
  maxeval 10000000
  nstart 1000000
  nincrease 1000000
  nbatch 5000
  gridno 0
  statefile ""

Iteration 1:  1000000 integrand evaluations so far
[1] 550.124 +- 10.072  	chisq 0 (0 df)

Iteration 2:  3000000 integrand evaluations so far
[1] 551.375 +- 2.81486  	chisq 0.0167366 (1 df)

Iteration 3:  6000000 integrand evaluations so far
[1] 553.565 +- 1.817  	chisq 1.05433 (2 df)

Iteration 4:  10000000 integrand evaluations so far
[1] 553.025 +- 1.35853  	chisq 1.25464 (3 df)
     553 ±    1.4        ( 50.1s) ┃   936.3 ±    1.4        (16.7mi) ┃
┃   36 -    38 ┃   29 -    30 ┃  782.76 ±    0.6        ( 33.9s) ┃ -434.48 ±   0.16        (  14mi) ┃Vegas input parameters:
  ndim 7
  ncomp 1
  nvec 1
  epsrel 0
  epsabs 0
  flags 10
  seed 123456
  mineval 10000000
  maxeval 10000000
  nstart 1000000
  nincrease 1000000
  nbatch 5000
  gridno 0
  statefile ""

Iteration 1:  1000000 integrand evaluations so far
[1] 501.052 +- 9.55528  	chisq 0 (0 df)

Iteration 2:  3000000 integrand evaluations so far
[1] 504.84 +- 2.67129  	chisq 0.170463 (1 df)

Iteration 3:  6000000 integrand evaluations so far
[1] 502.855 +- 1.69578  	chisq 1.09601 (2 df)

Iteration 4:  10000000 integrand evaluations so far
[1] 501.757 +- 1.27585  	chisq 2.06072 (3 df)
   501.8 ±    1.3        (   49s) ┃     850 ±    1.4        (15.4mi) ┃
┃   36 -    38 ┃   30 -    31 ┃  744.33 ±   0.47        (1.06mi) ┃-413.287 ±  0.072        (27.5mi) ┃Vegas input parameters:
  ndim 7
  ncomp 1
  nvec 1
  epsrel 0
  epsabs 0
  flags 10
  seed 123456
  mineval 10000000
  maxeval 10000000
  nstart 1000000
  nincrease 1000000
  nbatch 5000
  gridno 0
  statefile ""

Iteration 1:  1000000 integrand evaluations so far
[1] 465.911 +- 9.05669  	chisq 0 (0 df)

Iteration 2:  3000000 integrand evaluations so far
[1] 460.639 +- 2.51264  	chisq 0.367144 (1 df)

Iteration 3:  6000000 integrand evaluations so far
[1] 460.785 +- 1.56688  	chisq 0.372656 (2 df)

Iteration 4:  10000000 integrand evaluations so far
[1] 461.163 +- 1.17824  	chisq 0.506587 (3 df)
   461.2 ±    1.2        ( 51.4s) ┃   792.2 ±    1.3        (29.5mi) ┃
┃   36 -    38 ┃   31 -    32 ┃  696.42 ±   0.58        ( 28.8s) ┃ -386.77 ±   0.33        (1.81mi) ┃Vegas input parameters:
  ndim 7
  ncomp 1
  nvec 1
  epsrel 0
  epsabs 0
  flags 10
  seed 123456
  mineval 10000000
  maxeval 10000000
  nstart 1000000
  nincrease 1000000
  nbatch 5000
  gridno 0
  statefile ""

Iteration 1:  1000000 integrand evaluations so far
[1] 445.019 +- 8.83336  	chisq 0 (0 df)

Iteration 2:  3000000 integrand evaluations so far
[1] 436.595 +- 2.42373  	chisq 0.983497 (1 df)

Iteration 3:  6000000 integrand evaluations so far
[1] 431.742 +- 1.53501  	chisq 7.67688 (2 df)

Iteration 4:  10000000 integrand evaluations so far
[1] 431.425 +- 1.15403  	chisq 7.77493 (3 df)
   431.4 ±    1.2        ( 49.9s) ┃   741.1 ±    1.3        (3.12mi) ┃
┃   36 -    38 ┃   32 -    33 ┃   660.9 ±   0.24        (   55s) ┃ -368.02 ±   0.23        (6.84mi) ┃Vegas input parameters:
  ndim 7
  ncomp 1
  nvec 1
  epsrel 0
  epsabs 0
  flags 10
  seed 123456
  mineval 10000000
  maxeval 10000000
  nstart 1000000
  nincrease 1000000
  nbatch 5000
  gridno 0
  statefile ""

Iteration 1:  1000000 integrand evaluations so far
[1] 411.161 +- 8.38747  	chisq 0 (0 df)

Iteration 2:  3000000 integrand evaluations so far
[1] 405.646 +- 2.30419  	chisq 0.467635 (1 df)

Iteration 3:  6000000 integrand evaluations so far
[1] 404.695 +- 1.47425  	chisq 0.75567 (2 df)

Iteration 4:  10000000 integrand evaluations so far
[1] 404.028 +- 1.09936  	chisq 1.21703 (3 df)
     404 ±    1.1        ( 51.6s) ┃   696.9 ±    1.1        (8.61mi) ┃
┃   36 -    38 ┃   33 -    34 ┃  647.93 ±   0.53        ( 16.2s) ┃ -358.72 ±   0.31        (1.77mi) ┃Vegas input parameters:
  ndim 7
  ncomp 1
  nvec 1
  epsrel 0
  epsabs 0
  flags 10
  seed 123456
  mineval 10000000
  maxeval 10000000
  nstart 1000000
  nincrease 1000000
  nbatch 5000
  gridno 0
  statefile ""

Iteration 1:  1000000 integrand evaluations so far
[1] 383.371 +- 8.08293  	chisq 0 (0 df)

Iteration 2:  3000000 integrand evaluations so far
[1] 380.235 +- 2.30446  	chisq 0.1639 (1 df)

Iteration 3:  6000000 integrand evaluations so far
[1] 382.645 +- 1.44232  	chisq 1.96301 (2 df)

Iteration 4:  10000000 integrand evaluations so far
[1] 384.007 +- 1.09323  	chisq 4.057 (3 df)
     384 ±    1.1        ( 49.6s) ┃   673.2 ±    1.3        (2.87mi) ┃
┃   36 -    38 ┃   34 -    35 ┃  622.97 ±   0.18        (1.06mi) ┃ -346.32 ±   0.32        (6.73mi) ┃Vegas input parameters:
  ndim 7
  ncomp 1
  nvec 1
  epsrel 0
  epsabs 0
  flags 10
  seed 123456
  mineval 10000000
  maxeval 10000000
  nstart 1000000
  nincrease 1000000
  nbatch 5000
  gridno 0
  statefile ""

Iteration 1:  1000000 integrand evaluations so far
[1] 354.628 +- 7.66045  	chisq 0 (0 df)

Iteration 2:  3000000 integrand evaluations so far
[1] 361.615 +- 2.11851  	chisq 0.900792 (1 df)

Iteration 3:  6000000 integrand evaluations so far
[1] 363.443 +- 1.37835  	chisq 2.19228 (2 df)

Iteration 4:  10000000 integrand evaluations so far
[1] 364.982 +- 1.02  	chisq 4.94499 (3 df)
     365 ±      1        ( 50.3s) ┃   641.6 ±    1.1        (8.62mi) ┃
┃   36 -    38 ┃   35 -    36 ┃  578.12 ±   0.44        (1.12mi) ┃-320.398 ±   0.08        (52.7mi) ┃Vegas input parameters:
  ndim 7
  ncomp 1
  nvec 1
  epsrel 0
  epsabs 0
  flags 10
  seed 123456
  mineval 10000000
  maxeval 10000000
  nstart 1000000
  nincrease 1000000
  nbatch 5000
  gridno 0
  statefile ""

Iteration 1:  1000000 integrand evaluations so far
[1] 342.915 +- 7.47261  	chisq 0 (0 df)

Iteration 2:  3000000 integrand evaluations so far
[1] 348.124 +- 2.09538  	chisq 0.527547 (1 df)

Iteration 3:  6000000 integrand evaluations so far
[1] 348.29 +- 1.29333  	chisq 0.53764 (2 df)

Iteration 4:  10000000 integrand evaluations so far
[1] 348.835 +- 0.978306  	chisq 0.952871 (3 df)
  348.84 ±   0.98        (   50s) ┃   606.6 ±    1.1        (54.6mi) ┃
┃   36 -    38 ┃   36 -    37 ┃  611.75 ±    0.6        (1.17mi) ┃ -340.56 ±    0.3        (1.71mi) ┃Vegas input parameters:
  ndim 7
  ncomp 1
  nvec 1
  epsrel 0
  epsabs 0
  flags 10
  seed 123456
  mineval 10000000
  maxeval 10000000
  nstart 1000000
  nincrease 1000000
  nbatch 5000
  gridno 0
  statefile ""

Iteration 1:  1000000 integrand evaluations so far
[1] 334.495 +- 7.37898  	chisq 0 (0 df)

Iteration 2:  3000000 integrand evaluations so far
[1] 334.483 +- 2.1998  	chisq 2.78707e-06 (1 df)

Iteration 3:  6000000 integrand evaluations so far
[1] 335.572 +- 1.33865  	chisq 0.389023 (2 df)

Iteration 4:  10000000 integrand evaluations so far
[1] 335.237 +- 0.978066  	chisq 0.523599 (3 df)
  335.24 ±   0.98        ( 50.2s) ┃   606.4 ±    1.2        (3.72mi) ┃
┃   36 -    38 ┃   37 -    38 ┃  535.92 ±   0.35        ( 16.2s) ┃-298.222 ± 0.0027        (13.4mi) ┃Vegas input parameters:
  ndim 7
  ncomp 1
  nvec 1
  epsrel 0
  epsabs 0
  flags 10
  seed 123456
  mineval 10000000
  maxeval 10000000
  nstart 1000000
  nincrease 1000000
  nbatch 5000
  gridno 0
  statefile ""

Iteration 1:  1000000 integrand evaluations so far
[1] 315.553 +- 7.06913  	chisq 0 (0 df)

Iteration 2:  3000000 integrand evaluations so far
[1] 324.255 +- 2.12167  	chisq 1.66535 (1 df)

Iteration 3:  6000000 integrand evaluations so far
[1] 323.741 +- 1.29984  	chisq 1.75933 (2 df)

Iteration 4:  10000000 integrand evaluations so far
[1] 323.091 +- 0.952508  	chisq 2.29978 (3 df)
  323.09 ±   0.95        ( 51.5s) ┃   560.8 ±      1        (14.5mi) ┃
┃   36 -    38 ┃   38 -    39 ┃  556.27 ±   0.17        (1.79mi) ┃ -312.15 ±   0.26        (3.41mi) ┃Vegas input parameters:
  ndim 7
  ncomp 1
  nvec 1
  epsrel 0
  epsabs 0
  flags 10
  seed 123456
  mineval 10000000
  maxeval 10000000
  nstart 1000000
  nincrease 1000000
  nbatch 5000
  gridno 0
  statefile ""

Iteration 1:  1000000 integrand evaluations so far
[1] 310.731 +- 6.96489  	chisq 0 (0 df)

Iteration 2:  3000000 integrand evaluations so far
[1] 311.684 +- 1.89346  	chisq 0.0202203 (1 df)

Iteration 3:  6000000 integrand evaluations so far
[1] 313.384 +- 1.18306  	chisq 1.34219 (2 df)

Iteration 4:  10000000 integrand evaluations so far
[1] 312.615 +- 0.87182  	chisq 2.26691 (3 df)
  312.61 ±   0.87        ( 49.1s) ┃  556.73 ±   0.93        (6.02mi) ┃
┃   36 -    38 ┃   39 -    40 ┃  512.82 ±   0.43        ( 8.57s) ┃ -285.78 ±   0.21        ( 3.4mi) ┃Vegas input parameters:
  ndim 7
  ncomp 1
  nvec 1
  epsrel 0
  epsabs 0
  flags 10
  seed 123456
  mineval 10000000
  maxeval 10000000
  nstart 1000000
  nincrease 1000000
  nbatch 5000
  gridno 0
  statefile ""

Iteration 1:  1000000 integrand evaluations so far
[1] 306.831 +- 6.92299  	chisq 0 (0 df)

Iteration 2:  3000000 integrand evaluations so far
[1] 305.753 +- 1.87319  	chisq 0.0261618 (1 df)

Iteration 3:  6000000 integrand evaluations so far
[1] 304.41 +- 1.16071  	chisq 0.861324 (2 df)

Iteration 4:  10000000 integrand evaluations so far
[1] 303.907 +- 0.864502  	chisq 1.28281 (3 df)
  303.91 ±   0.86        ( 51.4s) ┃  530.95 ±   0.99        ( 4.4mi) ┃
┃   36 -    38 ┃   40 -    41 ┃  556.75 ±   0.45        (1.06mi) ┃ -307.94 ±   0.19        (12.9mi) ┃Vegas input parameters:
  ndim 7
  ncomp 1
  nvec 1
  epsrel 0
  epsabs 0
  flags 10
  seed 123456
  mineval 10000000
  maxeval 10000000
  nstart 1000000
  nincrease 1000000
  nbatch 5000
  gridno 0
  statefile ""

Iteration 1:  1000000 integrand evaluations so far
[1] 288.865 +- 6.72911  	chisq 0 (0 df)

Iteration 2:  3000000 integrand evaluations so far
[1] 295.237 +- 1.84691  	chisq 0.969634 (1 df)

Iteration 3:  6000000 integrand evaluations so far
[1] 295.04 +- 1.13884  	chisq 0.987914 (2 df)

Iteration 4:  10000000 integrand evaluations so far
[1] 295.18 +- 0.851448  	chisq 1.02218 (3 df)
  295.18 ±   0.85        ( 48.8s) ┃  543.99 ±   0.98        (14.8mi) ┃
┃   36 -    38 ┃   41 -    42 ┃  466.03 ±   0.46        ( 26.2s) ┃ -259.31 ±    0.2        (1.64mi) ┃Vegas input parameters:
  ndim 7
  ncomp 1
  nvec 1
  epsrel 0
  epsabs 0
  flags 10
  seed 123456
  mineval 10000000
  maxeval 10000000
  nstart 1000000
  nincrease 1000000
  nbatch 5000
  gridno 0
  statefile ""

Iteration 1:  1000000 integrand evaluations so far
[1] 287.803 +- 6.68527  	chisq 0 (0 df)

Iteration 2:  3000000 integrand evaluations so far
[1] 288.044 +- 1.79969  	chisq 0.00140368 (1 df)

Iteration 3:  6000000 integrand evaluations so far
[1] 286.655 +- 1.11146  	chisq 0.964115 (2 df)

Iteration 4:  10000000 integrand evaluations so far
[1] 287.048 +- 0.842856  	chisq 1.25726 (3 df)
  287.05 ±   0.84        (   49s) ┃  493.77 ±   0.98        (2.89mi) ┃
┃   36 -    38 ┃   42 -    43 ┃  533.48 ±   0.33        (3.15mi) ┃ -295.63 ±   0.25        (50.6mi) ┃Vegas input parameters:
  ndim 7
  ncomp 1
  nvec 1
  epsrel 0
  epsabs 0
  flags 10
  seed 123456
  mineval 10000000
  maxeval 10000000
  nstart 1000000
  nincrease 1000000
  nbatch 5000
  gridno 0
  statefile ""

Iteration 1:  1000000 integrand evaluations so far
[1] 279.122 +- 6.53532  	chisq 0 (0 df)

Iteration 2:  3000000 integrand evaluations so far
[1] 282.7 +- 1.74395  	chisq 0.322742 (1 df)

Iteration 3:  6000000 integrand evaluations so far
[1] 279.936 +- 1.08564  	chisq 4.42201 (2 df)

Iteration 4:  10000000 integrand evaluations so far
[1] 280.853 +- 0.828036  	chisq 6.12558 (3 df)
  280.85 ±   0.83        ( 50.5s) ┃   518.7 ±   0.92        (54.6mi) ┃
┃   36 -    38 ┃   43 -    44 ┃ 483.726 ±  0.014        (1.84mi) ┃ -268.44 ±   0.12        (12.6mi) ┃Vegas input parameters:
  ndim 7
  ncomp 1
  nvec 1
  epsrel 0
  epsabs 0
  flags 10
  seed 123456
  mineval 10000000
  maxeval 10000000
  nstart 1000000
  nincrease 1000000
  nbatch 5000
  gridno 0
  statefile ""

Iteration 1:  1000000 integrand evaluations so far
[1] 277.942 +- 6.52698  	chisq 0 (0 df)

Iteration 2:  3000000 integrand evaluations so far
[1] 278.251 +- 1.73228  	chisq 0.00241615 (1 df)

Iteration 3:  6000000 integrand evaluations so far
[1] 276.273 +- 1.06831  	chisq 2.10721 (2 df)

Iteration 4:  10000000 integrand evaluations so far
[1] 275.556 +- 0.786902  	chisq 3.08986 (3 df)
  275.56 ±   0.79        ( 49.4s) ┃  490.84 ±    0.8        (15.3mi) ┃
┃   36 -    38 ┃   44 -    45 ┃  482.54 ±   0.41        (2.25mi) ┃ -266.97 ±   0.19        (  25mi) ┃Vegas input parameters:
  ndim 7
  ncomp 1
  nvec 1
  epsrel 0
  epsabs 0
  flags 10
  seed 123456
  mineval 10000000
  maxeval 10000000
  nstart 1000000
  nincrease 1000000
  nbatch 5000
  gridno 0
  statefile ""

Iteration 1:  1000000 integrand evaluations so far
[1] 276.65 +- 6.49285  	chisq 0 (0 df)

Iteration 2:  3000000 integrand evaluations so far
[1] 272.906 +- 1.69521  	chisq 0.356733 (1 df)

Iteration 3:  6000000 integrand evaluations so far
[1] 271.074 +- 1.04671  	chisq 2.24421 (2 df)

Iteration 4:  10000000 integrand evaluations so far
[1] 271.393 +- 0.77665  	chisq 2.45063 (3 df)
  271.39 ±   0.78        ( 50.1s) ┃  486.97 ±    0.9        (28.1mi) ┃
┃   36 -    38 ┃   45 -    46 ┃  461.25 ±   0.37        (3.17mi) ┃ -256.34 ±   0.21        (25.1mi) ┃Vegas input parameters:
  ndim 7
  ncomp 1
  nvec 1
  epsrel 0
  epsabs 0
  flags 10
  seed 123456
  mineval 10000000
  maxeval 10000000
  nstart 1000000
  nincrease 1000000
  nbatch 5000
  gridno 0
  statefile ""

Iteration 1:  1000000 integrand evaluations so far
[1] 262.258 +- 6.29366  	chisq 0 (0 df)

Iteration 2:  3000000 integrand evaluations so far
[1] 269.485 +- 1.67047  	chisq 1.4183 (1 df)

Iteration 3:  6000000 integrand evaluations so far
[1] 267.267 +- 1.037  	chisq 4.28554 (2 df)

Iteration 4:  10000000 integrand evaluations so far
[1] 267.503 +- 0.793556  	chisq 4.41049 (3 df)
   267.5 ±   0.79        ( 51.9s) ┃  472.42 ±    0.9        (29.1mi) ┃
┃   36 -    38 ┃   46 -    47 ┃     473 ±   0.44        ( 56.6s) ┃ -261.68 ±   0.18        (24.9mi) ┃Vegas input parameters:
  ndim 7
  ncomp 1
  nvec 1
  epsrel 0
  epsabs 0
  flags 10
  seed 123456
  mineval 10000000
  maxeval 10000000
  nstart 1000000
  nincrease 1000000
  nbatch 5000
  gridno 0
  statefile ""

Iteration 1:  1000000 integrand evaluations so far
[1] 263.749 +- 6.34264  	chisq 0 (0 df)

Iteration 2:  3000000 integrand evaluations so far
[1] 266.113 +- 1.6886  	chisq 0.149408 (1 df)

Iteration 3:  6000000 integrand evaluations so far
[1] 265.837 +- 1.09115  	chisq 0.195217 (2 df)

Iteration 4:  10000000 integrand evaluations so far
[1] 265.716 +- 0.801723  	chisq 0.221707 (3 df)
  265.72 ±    0.8        ( 50.9s) ┃  477.04 ±   0.93        (26.6mi) ┃
┃   36 -    38 ┃   47 -    48 ┃  442.72 ±   0.16        ( 57.1s) ┃ -245.94 ±   0.16        (6.26mi) ┃Vegas input parameters:
  ndim 7
  ncomp 1
  nvec 1
  epsrel 0
  epsabs 0
  flags 10
  seed 123456
  mineval 10000000
  maxeval 10000000
  nstart 1000000
  nincrease 1000000
  nbatch 5000
  gridno 0
  statefile ""

Iteration 1:  1000000 integrand evaluations so far
[1] 258.586 +- 6.23615  	chisq 0 (0 df)

Iteration 2:  3000000 integrand evaluations so far
[1] 263.238 +- 1.65949  	chisq 0.598756 (1 df)

Iteration 3:  6000000 integrand evaluations so far
[1] 261.831 +- 1.05472  	chisq 1.80509 (2 df)

Iteration 4:  10000000 integrand evaluations so far
[1] 261.438 +- 0.773371  	chisq 2.10434 (3 df)
  261.44 ±   0.77        ( 49.3s) ┃  458.22 ±   0.81        (8.03mi) ┃
┃   36 -    38 ┃   48 -    49 ┃  446.66 ±   0.31        (1.75mi) ┃ -247.48 ±   0.15        (24.8mi) ┃Vegas input parameters:
  ndim 7
  ncomp 1
  nvec 1
  epsrel 0
  epsabs 0
  flags 10
  seed 123456
  mineval 10000000
  maxeval 10000000
  nstart 1000000
  nincrease 1000000
  nbatch 5000
  gridno 0
  statefile ""

Iteration 1:  1000000 integrand evaluations so far
[1] 249.886 +- 6.17176  	chisq 0 (0 df)

Iteration 2:  3000000 integrand evaluations so far
[1] 258.064 +- 1.61639  	chisq 1.88517 (1 df)

Iteration 3:  6000000 integrand evaluations so far
[1] 258.634 +- 1.00516  	chisq 2.08765 (2 df)

Iteration 4:  10000000 integrand evaluations so far
[1] 259.336 +- 0.768491  	chisq 3.26079 (3 df)
  259.34 ±   0.77        ( 49.6s) ┃  458.52 ±   0.84        (27.4mi) ┃
┃   36 -    38 ┃   49 -    50 ┃  444.51 ±   0.44        (1.59mi) ┃ -247.04 ±   0.16        (6.34mi) ┃Vegas input parameters:
  ndim 7
  ncomp 1
  nvec 1
  epsrel 0
  epsabs 0
  flags 10
  seed 123456
  mineval 10000000
  maxeval 10000000
  nstart 1000000
  nincrease 1000000
  nbatch 5000
  gridno 0
  statefile ""

Iteration 1:  1000000 integrand evaluations so far
[1] 258.139 +- 6.28501  	chisq 0 (0 df)

Iteration 2:  3000000 integrand evaluations so far
[1] 260.884 +- 1.63375  	chisq 0.204562 (1 df)

Iteration 3:  6000000 integrand evaluations so far
[1] 259.603 +- 1.06192  	chisq 1.26934 (2 df)

Iteration 4:  10000000 integrand evaluations so far
[1] 260.226 +- 0.784977  	chisq 2.02877 (3 df)
  260.23 ±   0.78        ( 49.6s) ┃   457.7 ±   0.91        (8.76mi) ┃
┃   36 -    38 ┃   50 -    51 ┃  427.29 ±   0.16        ( 1.7mi) ┃ -232.67 ±   0.18        (1.76mi) ┃Vegas input parameters:
  ndim 7
  ncomp 1
  nvec 1
  epsrel 0
  epsabs 0
  flags 10
  seed 123456
  mineval 10000000
  maxeval 10000000
  nstart 1000000
  nincrease 1000000
  nbatch 5000
  gridno 0
  statefile ""

Iteration 1:  1000000 integrand evaluations so far
[1] 266.832 +- 6.43457  	chisq 0 (0 df)

Iteration 2:  3000000 integrand evaluations so far
[1] 258.998 +- 1.61074  	chisq 1.58155 (1 df)

Iteration 3:  6000000 integrand evaluations so far
[1] 258.785 +- 1.00501  	chisq 1.61011 (2 df)

Iteration 4:  10000000 integrand evaluations so far
[1] 258.571 +- 0.760519  	chisq 1.71676 (3 df)
  258.57 ±   0.76        ( 49.7s) ┃  453.19 ±    0.8        (4.29mi) ┃
┃   36 -    38 ┃   51 -    52 ┃  435.21 ±   0.37        (1.56mi) ┃ -241.11 ±   0.16        (6.15mi) ┃Vegas input parameters:
  ndim 7
  ncomp 1
  nvec 1
  epsrel 0
  epsabs 0
  flags 10
  seed 123456
  mineval 10000000
  maxeval 10000000
  nstart 1000000
  nincrease 1000000
  nbatch 5000
  gridno 0
  statefile ""

Iteration 1:  1000000 integrand evaluations so far
[1] 260.104 +- 6.34267  	chisq 0 (0 df)

Iteration 2:  3000000 integrand evaluations so far
[1] 259.156 +- 1.61668  	chisq 0.0238678 (1 df)

Iteration 3:  6000000 integrand evaluations so far
[1] 258.086 +- 1.01751  	chisq 0.749612 (2 df)

Iteration 4:  10000000 integrand evaluations so far
[1] 257.871 +- 0.758813  	chisq 0.850149 (3 df)
  257.87 ±   0.76        ( 49.8s) ┃  451.98 ±   0.86        (8.54mi) ┃
┃   36 -    38 ┃   52 -    53 ┃  399.65 ±   0.22        ( 48.4s) ┃-220.954 ±  0.036        (3.07mi) ┃Vegas input parameters:
  ndim 7
  ncomp 1
  nvec 1
  epsrel 0
  epsabs 0
  flags 10
  seed 123456
  mineval 10000000
  maxeval 10000000
  nstart 1000000
  nincrease 1000000
  nbatch 5000
  gridno 0
  statefile ""

Iteration 1:  1000000 integrand evaluations so far
[1] 258.92 +- 6.38665  	chisq 0 (0 df)

Iteration 2:  3000000 integrand evaluations so far
[1] 256.151 +- 1.59653  	chisq 0.20053 (1 df)

Iteration 3:  6000000 integrand evaluations so far
[1] 257.057 +- 0.990624  	chisq 0.724064 (2 df)

Iteration 4:  10000000 integrand evaluations so far
[1] 257.02 +- 0.728839  	chisq 0.72697 (3 df)
  257.02 ±   0.73        ( 50.2s) ┃  435.72 ±   0.76        (4.72mi) ┃
┃   36 -    38 ┃   53 -    54 ┃  434.73 ±   0.19        (1.56mi) ┃ -240.11 ±   0.11        (6.18mi) ┃Vegas input parameters:
  ndim 7
  ncomp 1
  nvec 1
  epsrel 0
  epsabs 0
  flags 10
  seed 123456
  mineval 10000000
  maxeval 10000000
  nstart 1000000
  nincrease 1000000
  nbatch 5000
  gridno 0
  statefile ""

Iteration 1:  1000000 integrand evaluations so far
[1] 252.548 +- 6.29779  	chisq 0 (0 df)

Iteration 2:  3000000 integrand evaluations so far
[1] 258.044 +- 1.60746  	chisq 0.814676 (1 df)

Iteration 3:  6000000 integrand evaluations so far
[1] 258.296 +- 0.996469  	chisq 0.854705 (2 df)

Iteration 4:  10000000 integrand evaluations so far
[1] 257.098 +- 0.733626  	chisq 4.01323 (3 df)
   257.1 ±   0.73        ( 49.9s) ┃  451.71 ±   0.77        (8.57mi) ┃
┃   36 -    38 ┃   54 -    55 ┃  401.68 ±   0.14        (5.83mi) ┃ -221.72 ±   0.12        ( 3.2mi) ┃Vegas input parameters:
  ndim 7
  ncomp 1
  nvec 1
  epsrel 0
  epsabs 0
  flags 10
  seed 123456
  mineval 10000000
  maxeval 10000000
  nstart 1000000
  nincrease 1000000
  nbatch 5000
  gridno 0
  statefile ""

Iteration 1:  1000000 integrand evaluations so far
[1] 251.948 +- 6.28687  	chisq 0 (0 df)

Iteration 2:  3000000 integrand evaluations so far
[1] 260.755 +- 1.62858  	chisq 2.10356 (1 df)

Iteration 3:  6000000 integrand evaluations so far
[1] 260.439 +- 1.0199  	chisq 2.16552 (2 df)

Iteration 4:  10000000 integrand evaluations so far
[1] 260.62 +- 0.754699  	chisq 2.23442 (3 df)
  260.62 ±   0.75        (   49s) ┃  440.58 ±   0.78        (9.84mi) ┃
┃   36 -    38 ┃   55 -    56 ┃  405.98 ±    0.4        (3.16mi) ┃-224.538 ±  0.071        (  24mi) ┃Vegas input parameters:
  ndim 7
  ncomp 1
  nvec 1
  epsrel 0
  epsabs 0
  flags 10
  seed 123456
  mineval 10000000
  maxeval 10000000
  nstart 1000000
  nincrease 1000000
  nbatch 5000
  gridno 0
  statefile ""

Iteration 1:  1000000 integrand evaluations so far
[1] 273.998 +- 6.71895  	chisq 0 (0 df)

Iteration 2:  3000000 integrand evaluations so far
[1] 262.298 +- 1.63239  	chisq 3.22227 (1 df)

Iteration 3:  6000000 integrand evaluations so far
[1] 262.068 +- 1.00098  	chisq 3.25424 (2 df)

Iteration 4:  10000000 integrand evaluations so far
[1] 263.034 +- 0.753867  	chisq 5.40728 (3 df)
  263.03 ±   0.75        ( 49.2s) ┃  444.47 ±   0.86        (27.9mi) ┃
┃   36 -    38 ┃   56 -    57 ┃  413.34 ±   0.33        (2.92mi) ┃ -228.65 ±   0.17        (23.8mi) ┃Vegas input parameters:
  ndim 7
  ncomp 1
  nvec 1
  epsrel 0
  epsabs 0
  flags 10
  seed 123456
  mineval 10000000
  maxeval 10000000
  nstart 1000000
  nincrease 1000000
  nbatch 5000
  gridno 0
  statefile ""

Iteration 1:  1000000 integrand evaluations so far
[1] 263.075 +- 6.58781  	chisq 0 (0 df)

Iteration 2:  3000000 integrand evaluations so far
[1] 266.535 +- 1.65907  	chisq 0.294527 (1 df)

Iteration 3:  6000000 integrand evaluations so far
[1] 269.258 +- 1.05685  	chisq 4.82963 (2 df)

Iteration 4:  10000000 integrand evaluations so far
[1] 268.361 +- 0.770668  	chisq 6.36846 (3 df)
  268.36 ±   0.77        ( 49.3s) ┃  453.05 ±   0.86        (27.6mi) ┃
┃   36 -    38 ┃   57 -    58 ┃  402.91 ±   0.38        ( 46.1s) ┃ -222.55 ±   0.13        (3.08mi) ┃Vegas input parameters:
  ndim 7
  ncomp 1
  nvec 1
  epsrel 0
  epsabs 0
  flags 10
  seed 123456
  mineval 10000000
  maxeval 10000000
  nstart 1000000
  nincrease 1000000
  nbatch 5000
  gridno 0
  statefile ""

Iteration 1:  1000000 integrand evaluations so far
[1] 280.159 +- 6.82911  	chisq 0 (0 df)

Iteration 2:  3000000 integrand evaluations so far
[1] 274.699 +- 1.648  	chisq 0.678673 (1 df)

Iteration 3:  6000000 integrand evaluations so far
[1] 273.396 +- 1.01805  	chisq 1.68986 (2 df)

Iteration 4:  10000000 integrand evaluations so far
[1] 273.534 +- 0.749286  	chisq 1.72988 (3 df)
  273.53 ±   0.75        ( 50.4s) ┃  453.89 ±   0.85        (4.69mi) ┃
┃   36 -    38 ┃   58 -    59 ┃  411.17 ±   0.29        ( 3.1mi) ┃-227.536 ±  0.073        (23.7mi) ┃Vegas input parameters:
  ndim 7
  ncomp 1
  nvec 1
  epsrel 0
  epsabs 0
  flags 10
  seed 123456
  mineval 10000000
  maxeval 10000000
  nstart 1000000
  nincrease 1000000
  nbatch 5000
  gridno 0
  statefile ""

Iteration 1:  1000000 integrand evaluations so far
[1] 288.61 +- 7.02398  	chisq 0 (0 df)

Iteration 2:  3000000 integrand evaluations so far
[1] 280.826 +- 1.6516  	chisq 1.29993 (1 df)

Iteration 3:  6000000 integrand evaluations so far
[1] 282.519 +- 1.02286  	chisq 3.00551 (2 df)

Iteration 4:  10000000 integrand evaluations so far
[1] 281.99 +- 0.775768  	chisq 3.63557 (3 df)
  281.99 ±   0.78        (   49s) ┃  465.62 ±   0.83        (27.6mi) ┃
┃   36 -    38 ┃   59 -    60 ┃  421.66 ±   0.36        (   3mi) ┃ -233.47 ±   0.21        (5.98mi) ┃Vegas input parameters:
  ndim 7
  ncomp 1
  nvec 1
  epsrel 0
  epsabs 0
  flags 10
  seed 123456
  mineval 10000000
  maxeval 10000000
  nstart 1000000
  nincrease 1000000
  nbatch 5000
  gridno 0
  statefile ""

Iteration 1:  1000000 integrand evaluations so far
[1] 299.557 +- 7.22354  	chisq 0 (0 df)

Iteration 2:  3000000 integrand evaluations so far
[1] 295.326 +- 1.71289  	chisq 0.363413 (1 df)

Iteration 3:  6000000 integrand evaluations so far
[1] 297.617 +- 1.06287  	chisq 3.27072 (2 df)

Iteration 4:  10000000 integrand evaluations so far
[1] 297.066 +- 0.81666  	chisq 3.92629 (3 df)
  297.07 ±   0.82        ( 49.3s) ┃  485.25 ±   0.92        ( 9.8mi) ┃
┃   38 -    40 ┃   25 -    26 ┃ 1.02994 ± 0.00017 ·10⁺⁰³ ( 14.5s) ┃ -565.96 ±   0.54        (3.84mi) ┃Vegas input parameters:
  ndim 7
  ncomp 1
  nvec 1
  epsrel 0
  epsabs 0
  flags 10
  seed 123456
  mineval 10000000
  maxeval 10000000
  nstart 1000000
  nincrease 1000000
  nbatch 5000
  gridno 0
  statefile ""

Iteration 1:  1000000 integrand evaluations so far
[1] 730.317 +- 11.4542  	chisq 0 (0 df)

Iteration 2:  3000000 integrand evaluations so far
[1] 730.843 +- 3.202  	chisq 0.00229466 (1 df)

Iteration 3:  6000000 integrand evaluations so far
[1] 728.266 +- 2.03429  	chisq 1.08899 (2 df)

Iteration 4:  10000000 integrand evaluations so far
[1] 728.507 +- 1.50107  	chisq 1.11993 (3 df)
   728.5 ±    1.5        ( 49.3s) ┃  1.1925 ± 0.0016 ·10⁺⁰³ ( 4.9mi) ┃
┃   38 -    40 ┃   26 -    27 ┃  896.65 ±   0.19        ( 33.4s) ┃ -492.86 ±   0.41        (7.33mi) ┃Vegas input parameters:
  ndim 7
  ncomp 1
  nvec 1
  epsrel 0
  epsabs 0
  flags 10
  seed 123456
  mineval 10000000
  maxeval 10000000
  nstart 1000000
  nincrease 1000000
  nbatch 5000
  gridno 0
  statefile ""

Iteration 1:  1000000 integrand evaluations so far
[1] 608.729 +- 10.3391  	chisq 0 (0 df)

Iteration 2:  3000000 integrand evaluations so far
[1] 614.01 +- 2.90138  	chisq 0.28321 (1 df)

Iteration 3:  6000000 integrand evaluations so far
[1] 611.891 +- 1.80551  	chisq 1.15395 (2 df)

Iteration 4:  10000000 integrand evaluations so far
[1] 612.171 +- 1.38131  	chisq 1.21191 (3 df)
   612.2 ±    1.4        ( 49.5s) ┃   1.016 ± 0.0015 ·10⁺⁰³ (8.71mi) ┃
┃   38 -    40 ┃   27 -    28 ┃  778.66 ±   0.51        ( 28.7s) ┃ -429.22 ±   0.28        (14.3mi) ┃Vegas input parameters:
  ndim 7
  ncomp 1
  nvec 1
  epsrel 0
  epsabs 0
  flags 10
  seed 123456
  mineval 10000000
  maxeval 10000000
  nstart 1000000
  nincrease 1000000
  nbatch 5000
  gridno 0
  statefile ""

Iteration 1:  1000000 integrand evaluations so far
[1] 527.544 +- 9.57578  	chisq 0 (0 df)

Iteration 2:  3000000 integrand evaluations so far
[1] 515.778 +- 2.63601  	chisq 1.63339 (1 df)

Iteration 3:  6000000 integrand evaluations so far
[1] 519.719 +- 1.69599  	chisq 5.44679 (2 df)

Iteration 4:  10000000 integrand evaluations so far
[1] 520.685 +- 1.28322  	chisq 6.20488 (3 df)
   520.7 ±    1.3        ( 48.8s) ┃   870.1 ±    1.4        (15.6mi) ┃
┃   38 -    40 ┃   28 -    29 ┃  718.01 ±   0.35        ( 51.3s) ┃ -394.95 ±   0.11        (7.15mi) ┃Vegas input parameters:
  ndim 7
  ncomp 1
  nvec 1
  epsrel 0
  epsabs 0
  flags 10
  seed 123456
  mineval 10000000
  maxeval 10000000
  nstart 1000000
  nincrease 1000000
  nbatch 5000
  gridno 0
  statefile ""

Iteration 1:  1000000 integrand evaluations so far
[1] 460.596 +- 8.80408  	chisq 0 (0 df)

Iteration 2:  3000000 integrand evaluations so far
[1] 465.354 +- 2.47532  	chisq 0.317137 (1 df)

Iteration 3:  6000000 integrand evaluations so far
[1] 465.429 +- 1.61656  	chisq 0.318711 (2 df)

Iteration 4:  10000000 integrand evaluations so far
[1] 464.168 +- 1.19361  	chisq 1.65594 (3 df)
   464.2 ±    1.2        ( 51.7s) ┃   787.2 ±    1.2        (8.86mi) ┃
┃   38 -    40 ┃   29 -    30 ┃  666.94 ±   0.28        (1.74mi) ┃ -367.26 ±   0.35        (13.9mi) ┃Vegas input parameters:
  ndim 7
  ncomp 1
  nvec 1
  epsrel 0
  epsabs 0
  flags 10
  seed 123456
  mineval 10000000
  maxeval 10000000
  nstart 1000000
  nincrease 1000000
  nbatch 5000
  gridno 0
  statefile ""

Iteration 1:  1000000 integrand evaluations so far
[1] 422.174 +- 8.37109  	chisq 0 (0 df)

Iteration 2:  3000000 integrand evaluations so far
[1] 428.213 +- 2.3515  	chisq 0.565124 (1 df)

Iteration 3:  6000000 integrand evaluations so far
[1] 426.431 +- 1.45857  	chisq 1.4988 (2 df)

Iteration 4:  10000000 integrand evaluations so far
[1] 426.131 +- 1.09652  	chisq 1.59639 (3 df)
   426.1 ±    1.1        ( 50.5s) ┃   725.8 ±    1.2        (16.5mi) ┃
┃   38 -    40 ┃   30 -    31 ┃  627.71 ±   0.18        (1.78mi) ┃ -346.93 ±   0.23        (27.2mi) ┃Vegas input parameters:
  ndim 7
  ncomp 1
  nvec 1
  epsrel 0
  epsabs 0
  flags 10
  seed 123456
  mineval 10000000
  maxeval 10000000
  nstart 1000000
  nincrease 1000000
  nbatch 5000
  gridno 0
  statefile ""

Iteration 1:  1000000 integrand evaluations so far
[1] 399.454 +- 8.02161  	chisq 0 (0 df)

Iteration 2:  3000000 integrand evaluations so far
[1] 393.598 +- 2.22419  	chisq 0.577179 (1 df)

Iteration 3:  6000000 integrand evaluations so far
[1] 394.476 +- 1.41332  	chisq 0.838095 (2 df)

Iteration 4:  10000000 integrand evaluations so far
[1] 394.448 +- 1.06596  	chisq 0.838957 (3 df)
   394.4 ±    1.1        ( 49.2s) ┃   675.2 ±    1.1        (29.8mi) ┃
┃   38 -    40 ┃   31 -    32 ┃  617.65 ±    0.3        ( 54.3s) ┃ -339.52 ±   0.25        (13.8mi) ┃Vegas input parameters:
  ndim 7
  ncomp 1
  nvec 1
  epsrel 0
  epsabs 0
  flags 10
  seed 123456
  mineval 10000000
  maxeval 10000000
  nstart 1000000
  nincrease 1000000
  nbatch 5000
  gridno 0
  statefile ""

Iteration 1:  1000000 integrand evaluations so far
[1] 382.727 +- 7.81023  	chisq 0 (0 df)

Iteration 2:  3000000 integrand evaluations so far
[1] 374.331 +- 2.14175  	chisq 1.2496 (1 df)

Iteration 3:  6000000 integrand evaluations so far
[1] 371.584 +- 1.39234  	chisq 4.09968 (2 df)

Iteration 4:  10000000 integrand evaluations so far
[1] 371.345 +- 1.02948  	chisq 4.16437 (3 df)
   371.3 ±      1        ( 49.9s) ┃   649.5 ±    1.1        (15.6mi) ┃
┃   38 -    40 ┃   32 -    33 ┃  572.11 ±   0.22        ( 31.8s) ┃ -316.57 ±   0.13        (6.77mi) ┃Vegas input parameters:
  ndim 7
  ncomp 1
  nvec 1
  epsrel 0
  epsabs 0
  flags 10
  seed 123456
  mineval 10000000
  maxeval 10000000
  nstart 1000000
  nincrease 1000000
  nbatch 5000
  gridno 0
  statefile ""

Iteration 1:  1000000 integrand evaluations so far
[1] 359.489 +- 7.47805  	chisq 0 (0 df)

Iteration 2:  3000000 integrand evaluations so far
[1] 349.695 +- 2.05168  	chisq 1.85521 (1 df)

Iteration 3:  6000000 integrand evaluations so far
[1] 349.362 +- 1.30813  	chisq 1.89948 (2 df)

Iteration 4:  10000000 integrand evaluations so far
[1] 349.503 +- 0.978371  	chisq 1.92567 (3 df)
   349.5 ±   0.98        ( 49.9s) ┃   605.1 ±      1        (8.13mi) ┃
┃   38 -    40 ┃   33 -    34 ┃  561.48 ±    0.4        ( 17.7s) ┃ -308.24 ±   0.19        (6.68mi) ┃Vegas input parameters:
  ndim 7
  ncomp 1
  nvec 1
  epsrel 0
  epsabs 0
  flags 10
  seed 123456
  mineval 10000000
  maxeval 10000000
  nstart 1000000
  nincrease 1000000
  nbatch 5000
  gridno 0
  statefile ""

Iteration 1:  1000000 integrand evaluations so far
[1] 331.89 +- 7.18098  	chisq 0 (0 df)

Iteration 2:  3000000 integrand evaluations so far
[1] 329.916 +- 1.97328  	chisq 0.08177 (1 df)

Iteration 3:  6000000 integrand evaluations so far
[1] 331.743 +- 1.23148  	chisq 1.48651 (2 df)

Iteration 4:  10000000 integrand evaluations so far
[1] 333.662 +- 0.941602  	chisq 7.32954 (3 df)
  333.66 ±   0.94        ( 49.4s) ┃   586.9 ±      1        ( 7.8mi) ┃
┃   38 -    40 ┃   34 -    35 ┃  550.55 ±   0.42        (1.05mi) ┃-303.264 ±  0.061        (52.3mi) ┃Vegas input parameters:
  ndim 7
  ncomp 1
  nvec 1
  epsrel 0
  epsabs 0
  flags 10
  seed 123456
  mineval 10000000
  maxeval 10000000
  nstart 1000000
  nincrease 1000000
  nbatch 5000
  gridno 0
  statefile ""

Iteration 1:  1000000 integrand evaluations so far
[1] 308.697 +- 6.81771  	chisq 0 (0 df)

Iteration 2:  3000000 integrand evaluations so far
[1] 315.808 +- 1.90064  	chisq 1.17953 (1 df)

Iteration 3:  6000000 integrand evaluations so far
[1] 315.961 +- 1.22532  	chisq 1.19066 (2 df)

Iteration 4:  10000000 integrand evaluations so far
[1] 317.597 +- 0.905838  	chisq 5.12144 (3 df)
   317.6 ±   0.91        ( 50.5s) ┃  564.89 ±      1        (54.2mi) ┃
┃   38 -    40 ┃   35 -    36 ┃  498.58 ±   0.24        ( 31.8s) ┃-274.847 ±  0.054        (26.2mi) ┃Vegas input parameters:
  ndim 7
  ncomp 1
  nvec 1
  epsrel 0
  epsabs 0
  flags 10
  seed 123456
  mineval 10000000
  maxeval 10000000
  nstart 1000000
  nincrease 1000000
  nbatch 5000
  gridno 0
  statefile ""

Iteration 1:  1000000 integrand evaluations so far
[1] 299.236 +- 6.68288  	chisq 0 (0 df)

Iteration 2:  3000000 integrand evaluations so far
[1] 304.184 +- 1.8534  	chisq 0.593931 (1 df)

Iteration 3:  6000000 integrand evaluations so far
[1] 303.159 +- 1.15355  	chisq 1.09375 (2 df)

Iteration 4:  10000000 integrand evaluations so far
[1] 303.084 +- 0.865557  	chisq 1.10329 (3 df)
  303.08 ±   0.87        ( 49.8s) ┃  526.82 ±    0.9        (27.6mi) ┃
┃   38 -    40 ┃   36 -    37 ┃  539.31 ±   0.35        (1.05mi) ┃ -295.96 ±   0.23        (26.5mi) ┃Vegas input parameters:
  ndim 7
  ncomp 1
  nvec 1
  epsrel 0
  epsabs 0
  flags 10
  seed 123456
  mineval 10000000
  maxeval 10000000
  nstart 1000000
  nincrease 1000000
  nbatch 5000
  gridno 0
  statefile ""

Iteration 1:  1000000 integrand evaluations so far
[1] 291.882 +- 6.56394  	chisq 0 (0 df)

Iteration 2:  3000000 integrand evaluations so far
[1] 292.457 +- 1.79441  	chisq 0.0082834 (1 df)

Iteration 3:  6000000 integrand evaluations so far
[1] 290.54 +- 1.11358  	chisq 1.86399 (2 df)

Iteration 4:  10000000 integrand evaluations so far
[1] 290.827 +- 0.850688  	chisq 2.02275 (3 df)
  290.83 ±   0.85        ( 49.6s) ┃  534.18 ±   0.95        (28.3mi) ┃
┃   38 -    40 ┃   37 -    38 ┃  470.85 ±    0.2        (1.05mi) ┃ -259.77 ±   0.21        (13.1mi) ┃Vegas input parameters:
  ndim 7
  ncomp 1
  nvec 1
  epsrel 0
  epsabs 0
  flags 10
  seed 123456
  mineval 10000000
  maxeval 10000000
  nstart 1000000
  nincrease 1000000
  nbatch 5000
  gridno 0
  statefile ""

Iteration 1:  1000000 integrand evaluations so far
[1] 276.039 +- 6.30567  	chisq 0 (0 df)

Iteration 2:  3000000 integrand evaluations so far
[1] 283.09 +- 1.75424  	chisq 1.3555 (1 df)

Iteration 3:  6000000 integrand evaluations so far
[1] 282.395 +- 1.08492  	chisq 1.61013 (2 df)

Iteration 4:  10000000 integrand evaluations so far
[1] 282.436 +- 0.82945  	chisq 1.61364 (3 df)
  282.44 ±   0.83        (   49s) ┃  493.52 ±   0.88        (14.9mi) ┃
┃   38 -    40 ┃   38 -    39 ┃  488.15 ±   0.11        (1.08mi) ┃-268.576 ±  0.027        (1.69mi) ┃Vegas input parameters:
  ndim 7
  ncomp 1
  nvec 1
  epsrel 0
  epsabs 0
  flags 10
  seed 123456
  mineval 10000000
  maxeval 10000000
  nstart 1000000
  nincrease 1000000
  nbatch 5000
  gridno 0
  statefile ""

Iteration 1:  1000000 integrand evaluations so far
[1] 271.316 +- 6.24196  	chisq 0 (0 df)

Iteration 2:  3000000 integrand evaluations so far
[1] 273.074 +- 1.70684  	chisq 0.0857445 (1 df)

Iteration 3:  6000000 integrand evaluations so far
[1] 273.881 +- 1.05737  	chisq 0.447877 (2 df)

Iteration 4:  10000000 integrand evaluations so far
[1] 273.233 +- 0.779282  	chisq 1.26893 (3 df)
  273.23 ±   0.78        ( 49.5s) ┃  492.81 ±   0.79        ( 3.6mi) ┃
┃   38 -    40 ┃   39 -    40 ┃  457.25 ±   0.36        ( 51.3s) ┃ -252.44 ±   0.19        (6.46mi) ┃Vegas input parameters:
  ndim 7
  ncomp 1
  nvec 1
  epsrel 0
  epsabs 0
  flags 10
  seed 123456
  mineval 10000000
  maxeval 10000000
  nstart 1000000
  nincrease 1000000
  nbatch 5000
  gridno 0
  statefile ""

Iteration 1:  1000000 integrand evaluations so far
[1] 264.591 +- 6.10289  	chisq 0 (0 df)

Iteration 2:  3000000 integrand evaluations so far
[1] 265.48 +- 1.67469  	chisq 0.0229357 (1 df)

Iteration 3:  6000000 integrand evaluations so far
[1] 264.199 +- 1.03718  	chisq 0.971757 (2 df)

Iteration 4:  10000000 integrand evaluations so far
[1] 264.631 +- 0.773597  	chisq 1.36161 (3 df)
  264.63 ±   0.77        ( 48.9s) ┃  469.44 ±   0.88        (8.13mi) ┃
┃   38 -    40 ┃   40 -    41 ┃  500.03 ±   0.41        ( 1.1mi) ┃ -274.85 ±   0.17        (25.5mi) ┃Vegas input parameters:
  ndim 7
  ncomp 1
  nvec 1
  epsrel 0
  epsabs 0
  flags 10
  seed 123456
  mineval 10000000
  maxeval 10000000
  nstart 1000000
  nincrease 1000000
  nbatch 5000
  gridno 0
  statefile ""

Iteration 1:  1000000 integrand evaluations so far
[1] 254.403 +- 6.01328  	chisq 0 (0 df)

Iteration 2:  3000000 integrand evaluations so far
[1] 256.08 +- 1.62476  	chisq 0.0839239 (1 df)

Iteration 3:  6000000 integrand evaluations so far
[1] 257.744 +- 1.01221  	chisq 1.79792 (2 df)

Iteration 4:  10000000 integrand evaluations so far
[1] 258.015 +- 0.773083  	chisq 1.97061 (3 df)
  258.02 ±   0.77        ( 50.1s) ┃   483.2 ±   0.89        (27.5mi) ┃
┃   38 -    40 ┃   41 -    42 ┃  412.99 ±   0.37        ( 4.54s) ┃ -224.71 ±    0.2        (12.7mi) ┃Vegas input parameters:
  ndim 7
  ncomp 1
  nvec 1
  epsrel 0
  epsabs 0
  flags 10
  seed 123456
  mineval 10000000
  maxeval 10000000
  nstart 1000000
  nincrease 1000000
  nbatch 5000
  gridno 0
  statefile ""

Iteration 1:  1000000 integrand evaluations so far
[1] 243.917 +- 5.87967  	chisq 0 (0 df)

Iteration 2:  3000000 integrand evaluations so far
[1] 250.827 +- 1.59745  	chisq 1.49124 (1 df)

Iteration 3:  6000000 integrand evaluations so far
[1] 251.164 +- 1.00875  	chisq 1.5653 (2 df)

Iteration 4:  10000000 integrand evaluations so far
[1] 250.804 +- 0.749228  	chisq 1.84935 (3 df)
   250.8 ±   0.75        ( 49.2s) ┃  439.08 ±   0.86        (13.6mi) ┃
┃   38 -    40 ┃   42 -    43 ┃   465.4 ±   0.32        (3.19mi) ┃ -256.03 ±   0.23        (12.6mi) ┃Vegas input parameters:
  ndim 7
  ncomp 1
  nvec 1
  epsrel 0
  epsabs 0
  flags 10
  seed 123456
  mineval 10000000
  maxeval 10000000
  nstart 1000000
  nincrease 1000000
  nbatch 5000
  gridno 0
  statefile ""

Iteration 1:  1000000 integrand evaluations so far
[1] 246.921 +- 5.8653  	chisq 0 (0 df)

Iteration 2:  3000000 integrand evaluations so far
[1] 244.847 +- 1.58794  	chisq 0.13491 (1 df)

Iteration 3:  6000000 integrand evaluations so far
[1] 245.137 +- 0.979153  	chisq 0.188965 (2 df)

Iteration 4:  10000000 integrand evaluations so far
[1] 245.342 +- 0.744104  	chisq 0.292221 (3 df)
  245.34 ±   0.74        ( 49.8s) ┃  454.71 ±   0.84        (16.6mi) ┃
┃   38 -    40 ┃   43 -    44 ┃  409.93 ±   0.21        (1.61mi) ┃ -225.93 ±   0.13        (6.41mi) ┃Vegas input parameters:
  ndim 7
  ncomp 1
  nvec 1
  epsrel 0
  epsabs 0
  flags 10
  seed 123456
  mineval 10000000
  maxeval 10000000
  nstart 1000000
  nincrease 1000000
  nbatch 5000
  gridno 0
  statefile ""

Iteration 1:  1000000 integrand evaluations so far
[1] 245.774 +- 5.86288  	chisq 0 (0 df)

Iteration 2:  3000000 integrand evaluations so far
[1] 242.888 +- 1.54734  	chisq 0.260419 (1 df)

Iteration 3:  6000000 integrand evaluations so far
[1] 240.62 +- 0.955882  	chisq 3.73602 (2 df)

Iteration 4:  10000000 integrand evaluations so far
[1] 240.884 +- 0.720307  	chisq 3.91203 (3 df)
  240.88 ±   0.72        (   49s) ┃  424.88 ±   0.76        (8.84mi) ┃
┃   38 -    40 ┃   44 -    45 ┃  437.77 ±   0.33        ( 52.5s) ┃ -240.13 ±   0.14        (12.6mi) ┃Vegas input parameters:
  ndim 7
  ncomp 1
  nvec 1
  epsrel 0
  epsabs 0
  flags 10
  seed 123456
  mineval 10000000
  maxeval 10000000
  nstart 1000000
  nincrease 1000000
  nbatch 5000
  gridno 0
  statefile ""

Iteration 1:  1000000 integrand evaluations so far
[1] 229.355 +- 5.60275  	chisq 0 (0 df)

Iteration 2:  3000000 integrand evaluations so far
[1] 237.748 +- 1.52239  	chisq 2.42254 (1 df)

Iteration 3:  6000000 integrand evaluations so far
[1] 236.834 +- 0.938564  	chisq 3.00319 (2 df)

Iteration 4:  10000000 integrand evaluations so far
[1] 236.231 +- 0.690691  	chisq 3.90365 (3 df)
  236.23 ±   0.69        (   49s) ┃  433.88 ±   0.78        (14.3mi) ┃
┃   38 -    40 ┃   45 -    46 ┃  393.79 ±   0.15        ( 52.2s) ┃-216.222 ±   0.07        (3.15mi) ┃Vegas input parameters:
  ndim 7
  ncomp 1
  nvec 1
  epsrel 0
  epsabs 0
  flags 10
  seed 123456
  mineval 10000000
  maxeval 10000000
  nstart 1000000
  nincrease 1000000
  nbatch 5000
  gridno 0
  statefile ""

Iteration 1:  1000000 integrand evaluations so far
[1] 241.975 +- 5.78398  	chisq 0 (0 df)

Iteration 2:  3000000 integrand evaluations so far
[1] 232.47 +- 1.65303  	chisq 2.94092 (1 df)

Iteration 3:  6000000 integrand evaluations so far
[1] 232.101 +- 1.01758  	chisq 3.02093 (2 df)

Iteration 4:  10000000 integrand evaluations so far
[1] 232.324 +- 0.729464  	chisq 3.11961 (3 df)
  232.32 ±   0.73        ( 49.6s) ┃   409.9 ±   0.75        (4.85mi) ┃
┃   38 -    40 ┃   46 -    47 ┃   436.1 ±   0.28        ( 51.9s) ┃  -239.7 ±   0.16        (12.4mi) ┃Vegas input parameters:
  ndim 7
  ncomp 1
  nvec 1
  epsrel 0
  epsabs 0
  flags 10
  seed 123456
  mineval 10000000
  maxeval 10000000
  nstart 1000000
  nincrease 1000000
  nbatch 5000
  gridno 0
  statefile ""

Iteration 1:  1000000 integrand evaluations so far
[1] 219.984 +- 5.49447  	chisq 0 (0 df)

Iteration 2:  3000000 integrand evaluations so far
[1] 233.544 +- 1.72407  	chisq 6.7567 (1 df)

Iteration 3:  6000000 integrand evaluations so far
[1] 230.164 +- 1.02866  	chisq 12.725 (2 df)

Iteration 4:  10000000 integrand evaluations so far
[1] 229.899 +- 0.728005  	chisq 12.8579 (3 df)
   229.9 ±   0.73        ( 49.5s) ┃   426.3 ±    0.8        (14.1mi) ┃
┃   38 -    40 ┃   47 -    48 ┃  363.49 ± 0.0049        (6.07mi) ┃-200.361 ± 0.0086        (49.4mi) ┃Vegas input parameters:
  ndim 7
  ncomp 1
  nvec 1
  epsrel 0
  epsabs 0
  flags 10
  seed 123456
  mineval 10000000
  maxeval 10000000
  nstart 1000000
  nincrease 1000000
  nbatch 5000
  gridno 0
  statefile ""

Iteration 1:  1000000 integrand evaluations so far
[1] 229.327 +- 5.62192  	chisq 0 (0 df)

Iteration 2:  3000000 integrand evaluations so far
[1] 228.363 +- 1.472  	chisq 0.0315916 (1 df)

Iteration 3:  6000000 integrand evaluations so far
[1] 227.377 +- 0.933131  	chisq 0.780542 (2 df)

Iteration 4:  10000000 integrand evaluations so far
[1] 227.175 +- 0.690239  	chisq 0.884983 (3 df)
  227.17 ±   0.69        ( 49.6s) ┃   390.3 ±   0.69        (56.3mi) ┃
┃   38 -    40 ┃   48 -    49 ┃ 418.101 ±  0.055        (11.5mi) ┃ -229.92 ±   0.13        (12.5mi) ┃Vegas input parameters:
  ndim 7
  ncomp 1
  nvec 1
  epsrel 0
  epsabs 0
  flags 10
  seed 123456
  mineval 10000000
  maxeval 10000000
  nstart 1000000
  nincrease 1000000
  nbatch 5000
  gridno 0
  statefile ""

Iteration 1:  1000000 integrand evaluations so far
[1] 222.543 +- 5.53249  	chisq 0 (0 df)

Iteration 2:  3000000 integrand evaluations so far
[1] 225.605 +- 1.44679  	chisq 0.328696 (1 df)

Iteration 3:  6000000 integrand evaluations so far
[1] 223.827 +- 0.892741  	chisq 2.76742 (2 df)

Iteration 4:  10000000 integrand evaluations so far
[1] 224.328 +- 0.698046  	chisq 3.57768 (3 df)
  224.33 ±    0.7        ( 49.3s) ┃  412.51 ±   0.71        (24.8mi) ┃
┃   38 -    40 ┃   49 -    50 ┃ 357.724 ±  0.019        (5.91mi) ┃ -196.81 ±   0.17        (3.15mi) ┃Vegas input parameters:
  ndim 7
  ncomp 1
  nvec 1
  epsrel 0
  epsabs 0
  flags 10
  seed 123456
  mineval 10000000
  maxeval 10000000
  nstart 1000000
  nincrease 1000000
  nbatch 5000
  gridno 0
  statefile ""

Iteration 1:  1000000 integrand evaluations so far
[1] 215.162 +- 5.44687  	chisq 0 (0 df)

Iteration 2:  3000000 integrand evaluations so far
[1] 220.029 +- 1.41672  	chisq 0.856327 (1 df)

Iteration 3:  6000000 integrand evaluations so far
[1] 221.139 +- 0.905279  	chisq 1.89441 (2 df)

Iteration 4:  10000000 integrand evaluations so far
[1] 222.076 +- 0.677212  	chisq 4.32898 (3 df)
  222.08 ±   0.68        ( 50.2s) ┃  382.99 ±    0.7        (9.89mi) ┃
┃   38 -    40 ┃   50 -    51 ┃  389.53 ±   0.28        ( 52.1s) ┃ -214.29 ±   0.21        ( 48.6s) ┃Vegas input parameters:
  ndim 7
  ncomp 1
  nvec 1
  epsrel 0
  epsabs 0
  flags 10
  seed 123456
  mineval 10000000
  maxeval 10000000
  nstart 1000000
  nincrease 1000000
  nbatch 5000
  gridno 0
  statefile ""

Iteration 1:  1000000 integrand evaluations so far
[1] 224.917 +- 5.60971  	chisq 0 (0 df)

Iteration 2:  3000000 integrand evaluations so far
[1] 223.551 +- 1.42899  	chisq 0.063403 (1 df)

Iteration 3:  6000000 integrand evaluations so far
[1] 221.948 +- 0.894365  	chisq 2.13226 (2 df)

Iteration 4:  10000000 integrand evaluations so far
[1] 221.595 +- 0.666547  	chisq 2.4824 (3 df)
   221.6 ±   0.67        (   50s) ┃  396.84 ±   0.75        (2.51mi) ┃
┃   38 -    40 ┃   51 -    52 ┃  362.78 ±   0.35        (   52s) ┃ -199.26 ±   0.16        (6.15mi) ┃Vegas input parameters:
  ndim 7
  ncomp 1
  nvec 1
  epsrel 0
  epsabs 0
  flags 10
  seed 123456
  mineval 10000000
  maxeval 10000000
  nstart 1000000
  nincrease 1000000
  nbatch 5000
  gridno 0
  statefile ""

Iteration 1:  1000000 integrand evaluations so far
[1] 227.728 +- 5.64525  	chisq 0 (0 df)

Iteration 2:  3000000 integrand evaluations so far
[1] 221.741 +- 1.43783  	chisq 1.20283 (1 df)

Iteration 3:  6000000 integrand evaluations so far
[1] 221.693 +- 0.903304  	chisq 1.20464 (2 df)

Iteration 4:  10000000 integrand evaluations so far
[1] 221.4 +- 0.67379  	chisq 1.44225 (3 df)
   221.4 ±   0.67        ( 49.9s) ┃  384.92 ±   0.78        (7.85mi) ┃
┃   38 -    40 ┃   52 -    53 ┃  380.06 ±   0.18        (1.87mi) ┃  -208.7 ±   0.19        (23.9mi) ┃Vegas input parameters:
  ndim 7
  ncomp 1
  nvec 1
  epsrel 0
  epsabs 0
  flags 10
  seed 123456
  mineval 10000000
  maxeval 10000000
  nstart 1000000
  nincrease 1000000
  nbatch 5000
  gridno 0
  statefile ""

Iteration 1:  1000000 integrand evaluations so far
[1] 217.407 +- 5.54398  	chisq 0 (0 df)

Iteration 2:  3000000 integrand evaluations so far
[1] 219.376 +- 1.41523  	chisq 0.134847 (1 df)

Iteration 3:  6000000 integrand evaluations so far
[1] 219.229 +- 0.873101  	chisq 0.15223 (2 df)

Iteration 4:  10000000 integrand evaluations so far
[1] 219.189 +- 0.642032  	chisq 0.156709 (3 df)
  219.19 ±   0.64        ( 49.6s) ┃  390.55 ±   0.69        (26.6mi) ┃
┃   38 -    40 ┃   53 -    54 ┃   329.6 ±  0.064        (1.53mi) ┃ -181.31 ±   0.11        (3.16mi) ┃Vegas input parameters:
  ndim 7
  ncomp 1
  nvec 1
  epsrel 0
  epsabs 0
  flags 10
  seed 123456
  mineval 10000000
  maxeval 10000000
  nstart 1000000
  nincrease 1000000
  nbatch 5000
  gridno 0
  statefile ""

Iteration 1:  1000000 integrand evaluations so far
[1] 223.051 +- 5.6505  	chisq 0 (0 df)

Iteration 2:  3000000 integrand evaluations so far
[1] 219.365 +- 1.40671  	chisq 0.453677 (1 df)

Iteration 3:  6000000 integrand evaluations so far
[1] 220.11 +- 0.900613  	chisq 0.928621 (2 df)

Iteration 4:  10000000 integrand evaluations so far
[1] 219.706 +- 0.670296  	chisq 1.37969 (3 df)
  219.71 ±   0.67        ( 50.2s) ┃     368 ±   0.68        (5.53mi) ┃
┃   38 -    40 ┃   54 -    55 ┃  377.79 ±   0.36        ( 1.7mi) ┃-206.887 ±  0.041        (23.8mi) ┃Vegas input parameters:
  ndim 7
  ncomp 1
  nvec 1
  epsrel 0
  epsabs 0
  flags 10
  seed 123456
  mineval 10000000
  maxeval 10000000
  nstart 1000000
  nincrease 1000000
  nbatch 5000
  gridno 0
  statefile ""

Iteration 1:  1000000 integrand evaluations so far
[1] 216.243 +- 5.57396  	chisq 0 (0 df)

Iteration 2:  3000000 integrand evaluations so far
[1] 218.641 +- 1.46055  	chisq 0.198646 (1 df)

Iteration 3:  6000000 integrand evaluations so far
[1] 219.575 +- 0.925833  	chisq 0.881729 (2 df)

Iteration 4:  10000000 integrand evaluations so far
[1] 218.936 +- 0.66925  	chisq 1.87694 (3 df)
  218.94 ±   0.67        ( 49.5s) ┃  389.83 ±   0.76        (26.3mi) ┃
┃   38 -    40 ┃   55 -    56 ┃  337.55 ±   0.17        ( 50.3s) ┃  -185.4 ±   0.14        (11.8mi) ┃Vegas input parameters:
  ndim 7
  ncomp 1
  nvec 1
  epsrel 0
  epsabs 0
  flags 10
  seed 123456
  mineval 10000000
  maxeval 10000000
  nstart 1000000
  nincrease 1000000
  nbatch 5000
  gridno 0
  statefile ""

Iteration 1:  1000000 integrand evaluations so far
[1] 209.258 +- 5.45149  	chisq 0 (0 df)

Iteration 2:  3000000 integrand evaluations so far
[1] 219.298 +- 1.42042  	chisq 3.63913 (1 df)

Iteration 3:  6000000 integrand evaluations so far
[1] 219.677 +- 0.877304  	chisq 3.7546 (2 df)

Iteration 4:  10000000 integrand evaluations so far
[1] 220.583 +- 0.66333  	chisq 6.24118 (3 df)
  220.58 ±   0.66        ( 49.3s) ┃  372.73 ±    0.7        (13.5mi) ┃
┃   38 -    40 ┃   56 -    57 ┃  343.67 ±   0.17        (2.99mi) ┃  -188.6 ±  0.079        (11.9mi) ┃Vegas input parameters:
  ndim 7
  ncomp 1
  nvec 1
  epsrel 0
  epsabs 0
  flags 10
  seed 123456
  mineval 10000000
  maxeval 10000000
  nstart 1000000
  nincrease 1000000
  nbatch 5000
  gridno 0
  statefile ""

Iteration 1:  1000000 integrand evaluations so far
[1] 227.883 +- 5.84695  	chisq 0 (0 df)

Iteration 2:  3000000 integrand evaluations so far
[1] 221.66 +- 1.40065  	chisq 1.20191 (1 df)

Iteration 3:  6000000 integrand evaluations so far
[1] 222.453 +- 0.878576  	chisq 1.73052 (2 df)

Iteration 4:  10000000 integrand evaluations so far
[1] 222.806 +- 0.655629  	chisq 2.09547 (3 df)
  222.81 ±   0.66        ( 49.1s) ┃  377.88 ±   0.68        (15.7mi) ┃
┃   38 -    40 ┃   57 -    58 ┃  346.09 ±   0.28        (2.96mi) ┃ -189.93 ±   0.12        (23.4mi) ┃Vegas input parameters:
  ndim 7
  ncomp 1
  nvec 1
  epsrel 0
  epsabs 0
  flags 10
  seed 123456
  mineval 10000000
  maxeval 10000000
  nstart 1000000
  nincrease 1000000
  nbatch 5000
  gridno 0
  statefile ""

Iteration 1:  1000000 integrand evaluations so far
[1] 224.507 +- 5.80059  	chisq 0 (0 df)

Iteration 2:  3000000 integrand evaluations so far
[1] 222.986 +- 1.45257  	chisq 0.0733747 (1 df)

Iteration 3:  6000000 integrand evaluations so far
[1] 225.132 +- 0.898978  	chisq 3.61211 (2 df)

Iteration 4:  10000000 integrand evaluations so far
[1] 224.194 +- 0.668733  	chisq 6.0476 (3 df)
  224.19 ±   0.67        ( 48.4s) ┃  380.36 ±   0.74        (27.2mi) ┃
┃   38 -    40 ┃   58 -    59 ┃  329.22 ±   0.29        (2.92mi) ┃ -180.83 ±    0.1        (22.8mi) ┃Vegas input parameters:
  ndim 7
  ncomp 1
  nvec 1
  epsrel 0
  epsabs 0
  flags 10
  seed 123456
  mineval 10000000
  maxeval 10000000
  nstart 1000000
  nincrease 1000000
  nbatch 5000
  gridno 0
  statefile ""

Iteration 1:  1000000 integrand evaluations so far
[1] 227.74 +- 5.86895  	chisq 0 (0 df)

Iteration 2:  3000000 integrand evaluations so far
[1] 228.861 +- 1.41909  	chisq 0.038786 (1 df)

Iteration 3:  6000000 integrand evaluations so far
[1] 227.723 +- 0.889521  	chisq 1.09811 (2 df)

Iteration 4:  10000000 integrand evaluations so far
[1] 227.029 +- 0.665835  	chisq 2.48433 (3 df)
  227.03 ±   0.67        ( 46.1s) ┃  375.41 ±   0.73        (26.5mi) ┃
┃   38 -    40 ┃   59 -    60 ┃  341.53 ±   0.15        (1.42mi) ┃-187.592 ±  0.073        (5.82mi) ┃Vegas input parameters:
  ndim 7
  ncomp 1
  nvec 1
  epsrel 0
  epsabs 0
  flags 10
  seed 123456
  mineval 10000000
  maxeval 10000000
  nstart 1000000
  nincrease 1000000
  nbatch 5000
  gridno 0
  statefile ""

Iteration 1:  1000000 integrand evaluations so far
[1] 245.979 +- 6.21862  	chisq 0 (0 df)

Iteration 2:  3000000 integrand evaluations so far
[1] 232.023 +- 1.43103  	chisq 5.31846 (1 df)

Iteration 3:  6000000 integrand evaluations so far
[1] 232.158 +- 0.880181  	chisq 5.33283 (2 df)

Iteration 4:  10000000 integrand evaluations so far
[1] 231.911 +- 0.671078  	chisq 5.52136 (3 df)
  231.91 ±   0.67        ( 45.7s) ┃  385.85 ±   0.69        (   8mi) ┃
┣━━━━━━━━━━━━━━╋━━━━━━━━━━━━━━╋━━━━━━━━━━━━━━━━━━━━━━━━━━━━━━━━━━╋━━━━━━━━━━━━━━━━━━━━━━━━━━━━━━━━━━╋━━━━━━━━━━━━━━━━━━━━━━━━━━━━━━━━━━╋━━━━━━━━━━━━━━━━━━━━━━━━━━━━━━━━━━┫
┃   36 -    40 ┃   25 -    60 ┃ 37.0777 ± 0.0028 ·10⁺⁰³ (1.94hr) ┃-20.4819 ± 0.0016 ·10⁺⁰³ (16.2hr) ┃  22.799 ± 0.0077 ·10⁺⁰³ (  58mi) ┃ 39.3948 ± 0.0084 ·10⁺⁰³ (19.1hr) ┃
┗━━━━━━━━━━━━━━┻━━━━━━━━━━━━━━┻━━━━━━━━━━━━━━━━━━━━━━━━━━━━━━━━━━┻━━━━━━━━━━━━━━━━━━━━━━━━━━━━━━━━━━┻━━━━━━━━━━━━━━━━━━━━━━━━━━━━━━━━━━┻━━━━━━━━━━━━━━━━━━━━━━━━━━━━━━━━━━┛

╍╍╍╍╍╍╍╍╍╍╍╍╍╍╍╍╍╍╍╍╍╍╍╍╍╍╍╍╍╍╍╍ Summary ╍╍╍╍╍╍╍╍╍╍╍╍╍╍╍╍╍╍╍╍╍╍╍╍╍╍╍╍╍╍╍
      Total cross section                    39.3948 ± 0.0084          pb
         Calculation time                               19.1       hours
              Output file                    outputs/qt_qt36_40_NLL_muR1.0_muF0.5.root            
      Result in text file                    outputs/qt_qt36_40_NLL_muR1.0_muF0.5.txt            

╍╍╍╍╍╍╍╍╍╍╍╍╍╍╍╍╍╍╍╍╍╍╍╍╍╍╍╍╍╍╍╍╍╍╍╍╍╍╍╍╍╍╍╍╍╍╍╍╍╍╍╍╍╍╍╍╍╍╍╍╍╍╍╍╍╍╍╍╍╍╍╍

