
╍╍╍╍╍╍╍╍╍╍╍╍╍╍╍╍╍╍╍╍╍╍╍╍╍╍╍ Process settings ╍╍╍╍╍╍╍╍╍╍╍╍╍╍╍╍╍╍╍╍╍╍╍╍╍╍╍
   proton-proton collisions at sqrt(s) = 13000 GeV 
   Computing NLO+NLL resummed cross section
   W+ ->  nu(p3)+e+(p4) production 

╍╍╍╍╍╍╍╍╍╍╍╍╍╍╍╍╍╍╍╍╍╍╍╍╍╍╍╍╍╍ CKM matrix ╍╍╍╍╍╍╍╍╍╍╍╍╍╍╍╍╍╍╍╍╍╍╍╍╍╍╍╍╍╍
     | Vud Vus Vub |   |   0.97427   0.2253  0.00351 | 
     | Vcd Vcs Vcb | = |    0.2252  0.97344   0.0412 | 
     | Vtd Vts Vtb |   |         0        0        0 | 

╍╍╍╍╍╍╍╍╍╍╍╍╍╍╍╍╍╍╍╍╍╍╍╍╍╍╍╍╍ EW parameters ╍╍╍╍╍╍╍╍╍╍╍╍╍╍╍╍╍╍╍╍╍╍╍╍╍╍╍╍
                                         Gf =  1.1663787e-05      GeV^-2
                                    1/alpha =  132.233229791            
                                 sin(thW)^2 = 0.222897222524            
                                     W mass =         80.385         GeV
                                     Z mass =        91.1876         GeV
                                    W width =          2.091         GeV
                                    Z width =          2.495         GeV

╍╍╍╍╍╍╍╍╍╍╍╍╍╍╍╍╍╍╍╍╍╍╍╍╍╍╍╍╍ QCD settings ╍╍╍╍╍╍╍╍╍╍╍╍╍╍╍╍╍╍╍╍╍╍╍╍╍╍╍╍╍
   Renormalization scale:     dynamic muren =            0.5      * m_ll
     Factorization scale:     dynamic mufac =              1      * m_ll
       Resummation scale:     dynamic mures =              1      * m_ll
          Strong coupling       alpha_s(MZ) =       0.118001            
                              running order =              2       -loop
         Non-perturbative     form factor g =            0.7       GeV^2

╍╍╍╍╍╍╍╍╍╍╍╍╍╍╍╍╍╍╍╍╍╍╍╍╍╍╍╍╍ PDF settings ╍╍╍╍╍╍╍╍╍╍╍╍╍╍╍╍╍╍╍╍╍╍╍╍╍╍╍╍╍
                                     PDF set:MSHT20nnlo_as118            
                                  PDF member:              0            
  Mellin moments of PDFs:                    Numerical integration            
                         nodes for the quadrature:            200            
                         Intervals for the quadrature:              1            

╍╍╍╍╍╍╍╍╍╍╍╍╍╍╍╍╍╍╍╍╍╍╍╍╍╍╍╍╍╍╍ qT recoil ╍╍╍╍╍╍╍╍╍╍╍╍╍╍╍╍╍╍╍╍╍╍╍╍╍╍╍╍╍╍
  qt-recoil prescription:       Collins-Soper kt1 = p_V(x)/2; kt2 = p_V(y)/2            

╍╍╍╍╍╍╍╍╍╍╍╍╍╍╍╍╍╍╍╍╍╍╍╍╍╍╍╍╍╍╍╍╍ Cuts ╍╍╍╍╍╍╍╍╍╍╍╍╍╍╍╍╍╍╍╍╍╍╍╍╍╍╍╍╍╍╍╍╍
                                  apply cuts:           true            
                                      pt_l >               0            
                                   |eta_l| <            1000            
                                    pt_lep >              25            
                                 |eta_lep| <             2.4            
                                   pt_alep >              25            
                                |eta_alep| <             2.4            
                                  user cuts:            true            

╍╍╍╍╍╍╍╍╍╍╍╍╍╍╍╍╍╍╍╍╍╍╍╍╍╍╍╍ ResummationDamp ╍╍╍╍╍╍╍╍╍╍╍╍╍╍╍╍╍╍╍╍╍╍╍╍╍╍╍
                                    damping :             on            
                                damping mode:              1            
                                  damp above:        60.2888         GeV
                               damping width:        20.0963         GeV
                          resummation cutoff:             20         MeV

╍╍╍╍╍╍╍╍╍╍╍╍╍╍╍╍╍╍╍╍╍╍╍╍╍╍╍╍ Debug settings ╍╍╍╍╍╍╍╍╍╍╍╍╍╍╍╍╍╍╍╍╍╍╍╍╍╍╍╍
                                 timeprofile:          false            
                                     verbose:          false            
                               cubaverbosity:              2            

╍╍╍╍╍╍╍╍╍╍╍╍╍╍╍╍╍╍╍╍╍╍╍╍╍╍╍╍╍╍╍╍╍╍╍╍╍╍╍╍╍╍╍╍╍╍╍╍╍╍╍╍╍╍╍╍╍╍╍╍╍╍╍╍╍╍╍╍╍╍╍╍

Warning: Histogram `a1_qt` contains non-integrable observable and will be deleted 
Warning: Histogram `a1_qt_vs_y` contains non-integrable observable and will be deleted 
Warning: Histogram `s_biganswer` contains non-integrable observable and will be deleted 
Warning: Histogram `wgt_a1_qt` contains non-integrable observable and will be deleted 

╍╍╍╍╍╍╍╍╍╍╍╍╍╍╍╍╍╍╍╍╍╍╍╍╍ Integration settings ╍╍╍╍╍╍╍╍╍╍╍╍╍╍╍╍╍╍╍╍╍╍╍╍╍
             Random seeds              123456                           
           Parallel cores                   1                           

             Resummation:     cuhre (dm, dpt)         iter =           5
                                   gauss (dy)        nodes =          64
                                                 intervals =           1
            Counter term:      cuhre (dm, dy)         iter =           5
                                  gauss (dpt)        nodes =          20
                                                 intervals =           5
                     V+J:            vegas 7D       ncalls =    10000000

Mellin inverse transform:           gaussian         nodes =          30
                                                 intervals =           1
                               imaginary axis         zmax =           2
  Angular variable costh:     semi-analytical      ncstart =         100
   Angular variables phi:            gaussian    intervals =          20

      Constant boundaries                  q2          low =          80
                                                      high =         100
                                            y          low =          -6
                                                      high =           6
                                        costh          low =          -1
                                                      high =           1
                                       eta(l)          low =         -10
                                                      high =          10

┏━━━━━━━━━━━━━━┰━━━━━━━━━━━━━━┰━━━━━━━━━━━━━━━━━━━━━━━━━━━━━━━━━━┰━━━━━━━━━━━━━━━━━━━━━━━━━━━━━━━━━━┰━━━━━━━━━━━━━━━━━━━━━━━━━━━━━━━━━━┰━━━━━━━━━━━━━━━━━━━━━━━━━━━━━━━━━━┓
┃           qT ┃        pT(l) ┃                      Resummation ┃                     Counter term ┃                              V+J ┃                            TOTAL ┃
┣━━━━━━━━━━━━━━╋━━━━━━━━━━━━━━╋━━━━━━━━━━━━━━━━━━━━━━━━━━━━━━━━━━╋━━━━━━━━━━━━━━━━━━━━━━━━━━━━━━━━━━╋━━━━━━━━━━━━━━━━━━━━━━━━━━━━━━━━━━╋━━━━━━━━━━━━━━━━━━━━━━━━━━━━━━━━━━┫
┃   64 -    66 ┃   25 -    26 ┃  122.92 ±   0.11        (   45s) ┃  -85.42 ±  0.065        (17.2mi) ┃Vegas input parameters:
  ndim 7
  ncomp 1
  nvec 1
  epsrel 0
  epsabs 0
  flags 10
  seed 123456
  mineval 10000000
  maxeval 10000000
  nstart 1000000
  nincrease 1000000
  nbatch 5000
  gridno 0
  statefile ""

Iteration 1:  1000000 integrand evaluations so far
[1] 138.883 +- 3.27053  	chisq 0 (0 df)

Iteration 2:  3000000 integrand evaluations so far
[1] 135.853 +- 1.12034  	chisq 0.971951 (1 df)

Iteration 3:  6000000 integrand evaluations so far
[1] 134.133 +- 0.660168  	chisq 4.58543 (2 df)

Iteration 4:  10000000 integrand evaluations so far
[1] 133.538 +- 0.456062  	chisq 6.13719 (3 df)
  133.54 ±   0.46        ( 32.2s) ┃  171.03 ±   0.47        (18.5mi) ┃
┃   64 -    66 ┃   26 -    27 ┃ 134.111 ±  0.065        ( 1.4mi) ┃ -95.091 ±  0.089        (16.9mi) ┃Vegas input parameters:
  ndim 7
  ncomp 1
  nvec 1
  epsrel 0
  epsabs 0
  flags 10
  seed 123456
  mineval 10000000
  maxeval 10000000
  nstart 1000000
  nincrease 1000000
  nbatch 5000
  gridno 0
  statefile ""

Iteration 1:  1000000 integrand evaluations so far
[1] 123.797 +- 3.03742  	chisq 0 (0 df)

Iteration 2:  3000000 integrand evaluations so far
[1] 127.504 +- 0.871451  	chisq 1.62344 (1 df)

Iteration 3:  6000000 integrand evaluations so far
[1] 127.278 +- 0.563138  	chisq 1.73958 (2 df)

Iteration 4:  10000000 integrand evaluations so far
[1] 127.402 +- 0.418598  	chisq 1.84866 (3 df)
   127.4 ±   0.42        ( 30.6s) ┃  166.42 ±   0.43        (18.8mi) ┃
┃   64 -    66 ┃   27 -    28 ┃  124.75 ±   0.11        (5.16mi) ┃ -86.861 ±  0.038        (16.6mi) ┃Vegas input parameters:
  ndim 7
  ncomp 1
  nvec 1
  epsrel 0
  epsabs 0
  flags 10
  seed 123456
  mineval 10000000
  maxeval 10000000
  nstart 1000000
  nincrease 1000000
  nbatch 5000
  gridno 0
  statefile ""

Iteration 1:  1000000 integrand evaluations so far
[1] 125.675 +- 3.0199  	chisq 0 (0 df)

Iteration 2:  3000000 integrand evaluations so far
[1] 121.926 +- 0.846093  	chisq 1.67297 (1 df)

Iteration 3:  6000000 integrand evaluations so far
[1] 122.617 +- 0.552043  	chisq 2.83512 (2 df)

Iteration 4:  10000000 integrand evaluations so far
[1] 122.719 +- 0.408256  	chisq 2.91117 (3 df)
  122.72 ±   0.41        ( 32.2s) ┃  160.61 ±   0.42        (22.3mi) ┃
┃   64 -    66 ┃   28 -    29 ┃ 121.195 ±  0.081        ( 40.9s) ┃ -85.655 ±  0.041        (3.98mi) ┃Vegas input parameters:
  ndim 7
  ncomp 1
  nvec 1
  epsrel 0
  epsabs 0
  flags 10
  seed 123456
  mineval 10000000
  maxeval 10000000
  nstart 1000000
  nincrease 1000000
  nbatch 5000
  gridno 0
  statefile ""

Iteration 1:  1000000 integrand evaluations so far
[1] 120.23 +- 2.93928  	chisq 0 (0 df)

Iteration 2:  3000000 integrand evaluations so far
[1] 119.071 +- 0.832234  	chisq 0.168997 (1 df)

Iteration 3:  6000000 integrand evaluations so far
[1] 118.389 +- 0.515128  	chisq 1.2589 (2 df)

Iteration 4:  10000000 integrand evaluations so far
[1] 118.204 +- 0.402507  	chisq 1.59122 (3 df)
   118.2 ±    0.4        ( 31.8s) ┃  153.74 ±   0.41        (5.19mi) ┃
┃   64 -    66 ┃   29 -    30 ┃ 124.305 ±  0.084        ( 11.3s) ┃ -87.368 ±  0.086        (1.15mi) ┃Vegas input parameters:
  ndim 7
  ncomp 1
  nvec 1
  epsrel 0
  epsabs 0
  flags 10
  seed 123456
  mineval 10000000
  maxeval 10000000
  nstart 1000000
  nincrease 1000000
  nbatch 5000
  gridno 0
  statefile ""

Iteration 1:  1000000 integrand evaluations so far
[1] 113.809 +- 2.83926  	chisq 0 (0 df)

Iteration 2:  3000000 integrand evaluations so far
[1] 115.407 +- 0.810726  	chisq 0.344727 (1 df)

Iteration 3:  6000000 integrand evaluations so far
[1] 115.289 +- 0.535154  	chisq 0.381896 (2 df)

Iteration 4:  10000000 integrand evaluations so far
[1] 115.048 +- 0.394608  	chisq 0.828265 (3 df)
  115.05 ±   0.39        ( 30.1s) ┃  151.98 ±   0.41        (1.84mi) ┃
┃   64 -    66 ┃   30 -    31 ┃ 122.387 ±  0.043        ( 1.2mi) ┃ -86.019 ±  0.022        (33.9mi) ┃Vegas input parameters:
  ndim 7
  ncomp 1
  nvec 1
  epsrel 0
  epsabs 0
  flags 10
  seed 123456
  mineval 10000000
  maxeval 10000000
  nstart 1000000
  nincrease 1000000
  nbatch 5000
  gridno 0
  statefile ""

Iteration 1:  1000000 integrand evaluations so far
[1] 113.171 +- 2.82241  	chisq 0 (0 df)

Iteration 2:  3000000 integrand evaluations so far
[1] 111.698 +- 0.785829  	chisq 0.295144 (1 df)

Iteration 3:  6000000 integrand evaluations so far
[1] 111.539 +- 0.512802  	chisq 0.366024 (2 df)

Iteration 4:  10000000 integrand evaluations so far
[1] 111.829 +- 0.382651  	chisq 1.08519 (3 df)
  111.83 ±   0.38        (   31s) ┃   148.2 ±   0.39        (35.6mi) ┃
┃   64 -    66 ┃   31 -    32 ┃ 121.644 ±  0.046        (   24s) ┃ -84.546 ±  0.035        (8.57mi) ┃Vegas input parameters:
  ndim 7
  ncomp 1
  nvec 1
  epsrel 0
  epsabs 0
  flags 10
  seed 123456
  mineval 10000000
  maxeval 10000000
  nstart 1000000
  nincrease 1000000
  nbatch 5000
  gridno 0
  statefile ""

Iteration 1:  1000000 integrand evaluations so far
[1] 109.254 +- 2.72402  	chisq 0 (0 df)

Iteration 2:  3000000 integrand evaluations so far
[1] 108.48 +- 0.77285  	chisq 0.0878542 (1 df)

Iteration 3:  6000000 integrand evaluations so far
[1] 109.312 +- 0.518935  	chisq 2.20233 (2 df)

Iteration 4:  10000000 integrand evaluations so far
[1] 109.361 +- 0.383932  	chisq 2.22192 (3 df)
  109.36 ±   0.38        ( 30.5s) ┃  146.46 ±   0.39        (9.48mi) ┃
┃   64 -    66 ┃   32 -    33 ┃ 129.102 ±  0.037        (3.05mi) ┃ -89.969 ±  0.063        (22.4mi) ┃Vegas input parameters:
  ndim 7
  ncomp 1
  nvec 1
  epsrel 0
  epsabs 0
  flags 10
  seed 123456
  mineval 10000000
  maxeval 10000000
  nstart 1000000
  nincrease 1000000
  nbatch 5000
  gridno 0
  statefile ""

Iteration 1:  1000000 integrand evaluations so far
[1] 106.91 +- 2.67794  	chisq 0 (0 df)

Iteration 2:  3000000 integrand evaluations so far
[1] 107.779 +- 0.758989  	chisq 0.114524 (1 df)

Iteration 3:  6000000 integrand evaluations so far
[1] 107.502 +- 0.533602  	chisq 0.37772 (2 df)

Iteration 4:  10000000 integrand evaluations so far
[1] 106.814 +- 0.393606  	chisq 4.0247 (3 df)
  106.81 ±   0.39        ( 35.5s) ┃  145.95 ±    0.4        (26.1mi) ┃
┃   64 -    66 ┃   33 -    34 ┃  115.65 ±   0.11        ( 6.51s) ┃ -80.674 ±  0.011        (  33mi) ┃Vegas input parameters:
  ndim 7
  ncomp 1
  nvec 1
  epsrel 0
  epsabs 0
  flags 10
  seed 123456
  mineval 10000000
  maxeval 10000000
  nstart 1000000
  nincrease 1000000
  nbatch 5000
  gridno 0
  statefile ""

Iteration 1:  1000000 integrand evaluations so far
[1] 107.791 +- 2.68204  	chisq 0 (0 df)

Iteration 2:  3000000 integrand evaluations so far
[1] 105.602 +- 0.75382  	chisq 0.723434 (1 df)

Iteration 3:  6000000 integrand evaluations so far
[1] 104.796 +- 0.465399  	chisq 2.56892 (2 df)

Iteration 4:  10000000 integrand evaluations so far
[1] 104.757 +- 0.350825  	chisq 2.58531 (3 df)
  104.76 ±   0.35        ( 30.5s) ┃  139.73 ±   0.37        (33.6mi) ┃
┃   64 -    66 ┃   34 -    35 ┃ 110.157 ±  0.021        (1.42mi) ┃ -77.248 ±  0.017        (8.39mi) ┃Vegas input parameters:
  ndim 7
  ncomp 1
  nvec 1
  epsrel 0
  epsabs 0
  flags 10
  seed 123456
  mineval 10000000
  maxeval 10000000
  nstart 1000000
  nincrease 1000000
  nbatch 5000
  gridno 0
  statefile ""

Iteration 1:  1000000 integrand evaluations so far
[1] 105.881 +- 2.63866  	chisq 0 (0 df)

Iteration 2:  3000000 integrand evaluations so far
[1] 102.675 +- 0.73197  	chisq 1.59956 (1 df)

Iteration 3:  6000000 integrand evaluations so far
[1] 102.654 +- 0.540639  	chisq 1.60143 (2 df)

Iteration 4:  10000000 integrand evaluations so far
[1] 102.559 +- 0.401174  	chisq 1.67038 (3 df)
  102.56 ±    0.4        (   31s) ┃  135.47 ±    0.4        (10.3mi) ┃
┃   64 -    66 ┃   35 -    36 ┃ 128.503 ±  0.098        ( 42.7s) ┃ -89.412 ±  0.088        (8.52mi) ┃Vegas input parameters:
  ndim 7
  ncomp 1
  nvec 1
  epsrel 0
  epsabs 0
  flags 10
  seed 123456
  mineval 10000000
  maxeval 10000000
  nstart 1000000
  nincrease 1000000
  nbatch 5000
  gridno 0
  statefile ""

Iteration 1:  1000000 integrand evaluations so far
[1] 96.7774 +- 2.48578  	chisq 0 (0 df)

Iteration 2:  3000000 integrand evaluations so far
[1] 99.4561 +- 0.827275  	chisq 1.3059 (1 df)

Iteration 3:  6000000 integrand evaluations so far
[1] 100.133 +- 0.500927  	chisq 2.36224 (2 df)

Iteration 4:  10000000 integrand evaluations so far
[1] 100.033 +- 0.354363  	chisq 2.44116 (3 df)
  100.03 ±   0.35        ( 31.9s) ┃  139.12 ±   0.38        (9.76mi) ┃
┃   64 -    66 ┃   36 -    37 ┃  95.563 ±  0.061        ( 24.7s) ┃  -67.51 ±  0.018        (  17mi) ┃Vegas input parameters:
  ndim 7
  ncomp 1
  nvec 1
  epsrel 0
  epsabs 0
  flags 10
  seed 123456
  mineval 10000000
  maxeval 10000000
  nstart 1000000
  nincrease 1000000
  nbatch 5000
  gridno 0
  statefile ""

Iteration 1:  1000000 integrand evaluations so far
[1] 96.6265 +- 2.48638  	chisq 0 (0 df)

Iteration 2:  3000000 integrand evaluations so far
[1] 97.8669 +- 0.815309  	chisq 0.278867 (1 df)

Iteration 3:  6000000 integrand evaluations so far
[1] 98.7588 +- 0.494863  	chisq 2.17375 (2 df)

Iteration 4:  10000000 integrand evaluations so far
[1] 99.1216 +- 0.350126  	chisq 3.2495 (3 df)
   99.12 ±   0.35        ( 31.5s) ┃  127.17 ±   0.36        (  18mi) ┃
┃   64 -    66 ┃   37 -    38 ┃ 102.575 ±  0.043        (5.24mi) ┃ -72.073 ±  0.025        (  17mi) ┃Vegas input parameters:
  ndim 7
  ncomp 1
  nvec 1
  epsrel 0
  epsabs 0
  flags 10
  seed 123456
  mineval 10000000
  maxeval 10000000
  nstart 1000000
  nincrease 1000000
  nbatch 5000
  gridno 0
  statefile ""

Iteration 1:  1000000 integrand evaluations so far
[1] 97.8844 +- 2.49085  	chisq 0 (0 df)

Iteration 2:  3000000 integrand evaluations so far
[1] 97.5297 +- 0.703008  	chisq 0.022043 (1 df)

Iteration 3:  6000000 integrand evaluations so far
[1] 97.1319 +- 0.470075  	chisq 0.601026 (2 df)

Iteration 4:  10000000 integrand evaluations so far
[1] 97.4137 +- 0.349321  	chisq 1.40338 (3 df)
   97.41 ±   0.35        ( 31.1s) ┃  127.91 ±   0.35        (22.8mi) ┃
┃   64 -    66 ┃   38 -    39 ┃   126.2 ±   0.11        (   40s) ┃ -88.298 ±  0.047        (16.8mi) ┃Vegas input parameters:
  ndim 7
  ncomp 1
  nvec 1
  epsrel 0
  epsabs 0
  flags 10
  seed 123456
  mineval 10000000
  maxeval 10000000
  nstart 1000000
  nincrease 1000000
  nbatch 5000
  gridno 0
  statefile ""

Iteration 1:  1000000 integrand evaluations so far
[1] 94.7703 +- 2.43384  	chisq 0 (0 df)

Iteration 2:  3000000 integrand evaluations so far
[1] 95.8176 +- 0.693534  	chisq 0.201525 (1 df)

Iteration 3:  6000000 integrand evaluations so far
[1] 95.9993 +- 0.432082  	chisq 0.313682 (2 df)

Iteration 4:  10000000 integrand evaluations so far
[1] 95.7971 +- 0.31782  	chisq 0.791054 (3 df)
    95.8 ±   0.32        ( 31.2s) ┃   133.7 ±   0.34        (  18mi) ┃
┃   64 -    66 ┃   39 -    40 ┃  95.117 ±  0.062        (1.35mi) ┃ -66.837 ±  0.035        (8.65mi) ┃Vegas input parameters:
  ndim 7
  ncomp 1
  nvec 1
  epsrel 0
  epsabs 0
  flags 10
  seed 123456
  mineval 10000000
  maxeval 10000000
  nstart 1000000
  nincrease 1000000
  nbatch 5000
  gridno 0
  statefile ""

Iteration 1:  1000000 integrand evaluations so far
[1] 97.1244 +- 2.46616  	chisq 0 (0 df)

Iteration 2:  3000000 integrand evaluations so far
[1] 95.0096 +- 0.690741  	chisq 0.797991 (1 df)

Iteration 3:  6000000 integrand evaluations so far
[1] 94.7718 +- 0.428129  	chisq 0.990334 (2 df)

Iteration 4:  10000000 integrand evaluations so far
[1] 94.5957 +- 0.323655  	chisq 1.38522 (3 df)
    94.6 ±   0.32        ( 30.4s) ┃  122.88 ±   0.33        (10.5mi) ┃
┃   64 -    66 ┃   40 -    41 ┃  102.66 ±   0.08        (2.63mi) ┃ -72.444 ±  0.069        ( 34.1s) ┃Vegas input parameters:
  ndim 7
  ncomp 1
  nvec 1
  epsrel 0
  epsabs 0
  flags 10
  seed 123456
  mineval 10000000
  maxeval 10000000
  nstart 1000000
  nincrease 1000000
  nbatch 5000
  gridno 0
  statefile ""

Iteration 1:  1000000 integrand evaluations so far
[1] 89.2034 +- 2.3421  	chisq 0 (0 df)

Iteration 2:  3000000 integrand evaluations so far
[1] 90.4427 +- 0.664624  	chisq 0.304519 (1 df)

Iteration 3:  6000000 integrand evaluations so far
[1] 90.9828 +- 0.454893  	chisq 1.54656 (2 df)

Iteration 4:  10000000 integrand evaluations so far
[1] 90.6369 +- 0.336197  	chisq 2.82023 (3 df)
   90.64 ±   0.34        ( 30.5s) ┃  120.85 ±   0.35        ( 3.7mi) ┃
┃   64 -    66 ┃   41 -    42 ┃ 103.049 ±  0.058        (1.34mi) ┃ -71.952 ±  0.019        (1.11mi) ┃Vegas input parameters:
  ndim 7
  ncomp 1
  nvec 1
  epsrel 0
  epsabs 0
  flags 10
  seed 123456
  mineval 10000000
  maxeval 10000000
  nstart 1000000
  nincrease 1000000
  nbatch 5000
  gridno 0
  statefile ""

Iteration 1:  1000000 integrand evaluations so far
[1] 86.1708 +- 2.27172  	chisq 0 (0 df)

Iteration 2:  3000000 integrand evaluations so far
[1] 86.1244 +- 0.649303  	chisq 0.000455714 (1 df)

Iteration 3:  6000000 integrand evaluations so far
[1] 86.7152 +- 0.404139  	chisq 1.35197 (2 df)

Iteration 4:  10000000 integrand evaluations so far
[1] 86.661 +- 0.314469  	chisq 1.39746 (3 df)
   86.66 ±   0.31        ( 31.3s) ┃  117.76 ±   0.32        (2.97mi) ┃
┃   64 -    66 ┃   42 -    43 ┃ 101.829 ±  0.038        (2.73mi) ┃ -70.799 ±  0.025        (  17mi) ┃Vegas input parameters:
  ndim 7
  ncomp 1
  nvec 1
  epsrel 0
  epsabs 0
  flags 10
  seed 123456
  mineval 10000000
  maxeval 10000000
  nstart 1000000
  nincrease 1000000
  nbatch 5000
  gridno 0
  statefile ""

Iteration 1:  1000000 integrand evaluations so far
[1] 82.8683 +- 2.20887  	chisq 0 (0 df)

Iteration 2:  3000000 integrand evaluations so far
[1] 82.8182 +- 0.631703  	chisq 0.000561383 (1 df)

Iteration 3:  6000000 integrand evaluations so far
[1] 83.1266 +- 0.39265  	chisq 0.388938 (2 df)

Iteration 4:  10000000 integrand evaluations so far
[1] 83.3303 +- 0.312098  	chisq 1.11971 (3 df)
   83.33 ±   0.31        ( 30.5s) ┃  114.36 ±   0.32        (20.3mi) ┃
┃   64 -    66 ┃   43 -    44 ┃  89.151 ±   0.07        (2.61mi) ┃ -62.368 ±  0.047        (33.1mi) ┃Vegas input parameters:
  ndim 7
  ncomp 1
  nvec 1
  epsrel 0
  epsabs 0
  flags 10
  seed 123456
  mineval 10000000
  maxeval 10000000
  nstart 1000000
  nincrease 1000000
  nbatch 5000
  gridno 0
  statefile ""

Iteration 1:  1000000 integrand evaluations so far
[1] 81.4722 +- 2.18466  	chisq 0 (0 df)

Iteration 2:  3000000 integrand evaluations so far
[1] 80.5264 +- 0.616956  	chisq 0.203656 (1 df)

Iteration 3:  6000000 integrand evaluations so far
[1] 80.4127 +- 0.38283  	chisq 0.258879 (2 df)

Iteration 4:  10000000 integrand evaluations so far
[1] 80.8047 +- 0.288181  	chisq 2.67847 (3 df)
    80.8 ±   0.29        ( 31.7s) ┃  107.59 ±    0.3        (36.3mi) ┃
┃   64 -    66 ┃   44 -    45 ┃ 110.347 ±  0.093        (1.41mi) ┃ -77.481 ±  0.071        (8.36mi) ┃Vegas input parameters:
  ndim 7
  ncomp 1
  nvec 1
  epsrel 0
  epsabs 0
  flags 10
  seed 123456
  mineval 10000000
  maxeval 10000000
  nstart 1000000
  nincrease 1000000
  nbatch 5000
  gridno 0
  statefile ""

Iteration 1:  1000000 integrand evaluations so far
[1] 78.3584 +- 2.14869  	chisq 0 (0 df)

Iteration 2:  3000000 integrand evaluations so far
[1] 78.0764 +- 0.601449  	chisq 0.018681 (1 df)

Iteration 3:  6000000 integrand evaluations so far
[1] 78.417 +- 0.374704  	chisq 0.542758 (2 df)

Iteration 4:  10000000 integrand evaluations so far
[1] 78.5446 +- 0.281775  	chisq 0.809526 (3 df)
   78.54 ±   0.28        ( 30.7s) ┃  111.41 ±   0.31        (10.3mi) ┃
┃   64 -    66 ┃   45 -    46 ┃  91.302 ±  0.086        ( 40.8s) ┃ -64.592 ±  0.048        (2.31mi) ┃Vegas input parameters:
  ndim 7
  ncomp 1
  nvec 1
  epsrel 0
  epsabs 0
  flags 10
  seed 123456
  mineval 10000000
  maxeval 10000000
  nstart 1000000
  nincrease 1000000
  nbatch 5000
  gridno 0
  statefile ""

Iteration 1:  1000000 integrand evaluations so far
[1] 75.6213 +- 2.10119  	chisq 0 (0 df)

Iteration 2:  3000000 integrand evaluations so far
[1] 76.4843 +- 0.591748  	chisq 0.183198 (1 df)

Iteration 3:  6000000 integrand evaluations so far
[1] 76.4547 +- 0.367757  	chisq 0.18727 (2 df)

Iteration 4:  10000000 integrand evaluations so far
[1] 76.4748 +- 0.277948  	chisq 0.194278 (3 df)
   76.47 ±   0.28        (   32s) ┃  103.18 ±   0.29        (3.52mi) ┃
┃   64 -    66 ┃   46 -    47 ┃  80.457 ±  0.071        (2.62mi) ┃ -56.081 ±  0.054        (2.11mi) ┃Vegas input parameters:
  ndim 7
  ncomp 1
  nvec 1
  epsrel 0
  epsabs 0
  flags 10
  seed 123456
  mineval 10000000
  maxeval 10000000
  nstart 1000000
  nincrease 1000000
  nbatch 5000
  gridno 0
  statefile ""

Iteration 1:  1000000 integrand evaluations so far
[1] 72.1502 +- 2.0397  	chisq 0 (0 df)

Iteration 2:  3000000 integrand evaluations so far
[1] 75.5878 +- 0.586761  	chisq 3.09651 (1 df)

Iteration 3:  6000000 integrand evaluations so far
[1] 74.6352 +- 0.37869  	chisq 7.61351 (2 df)

Iteration 4:  10000000 integrand evaluations so far
[1] 74.616 +- 0.287119  	chisq 7.61955 (3 df)
   74.62 ±   0.29        ( 31.1s) ┃   98.99 ±    0.3        (5.25mi) ┃
┃   64 -    66 ┃   47 -    48 ┃  90.133 ±  0.062        (2.66mi) ┃ -63.646 ±  0.062        (16.3mi) ┃Vegas input parameters:
  ndim 7
  ncomp 1
  nvec 1
  epsrel 0
  epsabs 0
  flags 10
  seed 123456
  mineval 10000000
  maxeval 10000000
  nstart 1000000
  nincrease 1000000
  nbatch 5000
  gridno 0
  statefile ""

Iteration 1:  1000000 integrand evaluations so far
[1] 70.7378 +- 2.02505  	chisq 0 (0 df)

Iteration 2:  3000000 integrand evaluations so far
[1] 73.5041 +- 0.573709  	chisq 2.0289 (1 df)

Iteration 3:  6000000 integrand evaluations so far
[1] 72.7775 +- 0.35353  	chisq 4.61501 (2 df)

Iteration 4:  10000000 integrand evaluations so far
[1] 72.7265 +- 0.270916  	chisq 4.66554 (3 df)
   72.73 ±   0.27        ( 31.9s) ┃   99.21 ±   0.28        (19.5mi) ┃
┃   64 -    66 ┃   48 -    49 ┃  105.13 ±    0.1        (1.33mi) ┃ -73.183 ±  0.031        ( 8.1mi) ┃Vegas input parameters:
  ndim 7
  ncomp 1
  nvec 1
  epsrel 0
  epsabs 0
  flags 10
  seed 123456
  mineval 10000000
  maxeval 10000000
  nstart 1000000
  nincrease 1000000
  nbatch 5000
  gridno 0
  statefile ""

Iteration 1:  1000000 integrand evaluations so far
[1] 69.1358 +- 1.98627  	chisq 0 (0 df)

Iteration 2:  3000000 integrand evaluations so far
[1] 70.967 +- 0.554773  	chisq 0.92185 (1 df)

Iteration 3:  6000000 integrand evaluations so far
[1] 70.7007 +- 0.34875  	chisq 1.30277 (2 df)

Iteration 4:  10000000 integrand evaluations so far
[1] 70.6807 +- 0.273359  	chisq 1.31134 (3 df)
   70.68 ±   0.27        ( 32.5s) ┃  102.63 ±   0.29        (9.98mi) ┃
┃   64 -    66 ┃   49 -    50 ┃  76.678 ±   0.03        ( 40.8s) ┃ -53.693 ±  0.017        (4.26mi) ┃Vegas input parameters:
  ndim 7
  ncomp 1
  nvec 1
  epsrel 0
  epsabs 0
  flags 10
  seed 123456
  mineval 10000000
  maxeval 10000000
  nstart 1000000
  nincrease 1000000
  nbatch 5000
  gridno 0
  statefile ""

Iteration 1:  1000000 integrand evaluations so far
[1] 73.2444 +- 2.04272  	chisq 0 (0 df)

Iteration 2:  3000000 integrand evaluations so far
[1] 69.8245 +- 0.617387  	chisq 3.08467 (1 df)

Iteration 3:  6000000 integrand evaluations so far
[1] 70.3506 +- 0.375051  	chisq 4.2355 (2 df)

Iteration 4:  10000000 integrand evaluations so far
[1] 69.9006 +- 0.268728  	chisq 7.19414 (3 df)
    69.9 ±   0.27        ( 31.9s) ┃   92.89 ±   0.27        (5.48mi) ┃
┃   64 -    66 ┃   50 -    51 ┃  85.491 ±  0.044        (1.32mi) ┃ -59.973 ±  0.047        (8.05mi) ┃Vegas input parameters:
  ndim 7
  ncomp 1
  nvec 1
  epsrel 0
  epsabs 0
  flags 10
  seed 123456
  mineval 10000000
  maxeval 10000000
  nstart 1000000
  nincrease 1000000
  nbatch 5000
  gridno 0
  statefile ""

Iteration 1:  1000000 integrand evaluations so far
[1] 64.3846 +- 1.90343  	chisq 0 (0 df)

Iteration 2:  3000000 integrand evaluations so far
[1] 66.764 +- 0.535636  	chisq 1.69698 (1 df)

Iteration 3:  6000000 integrand evaluations so far
[1] 67.679 +- 0.334903  	chisq 6.48851 (2 df)

Iteration 4:  10000000 integrand evaluations so far
[1] 67.787 +- 0.257631  	chisq 6.7432 (3 df)
   67.79 ±   0.26        ( 30.5s) ┃   93.31 ±   0.27        (9.88mi) ┃
┃   64 -    66 ┃   51 -    52 ┃  85.205 ±  0.035        (2.58mi) ┃ -59.796 ±  0.022        (32.7mi) ┃Vegas input parameters:
  ndim 7
  ncomp 1
  nvec 1
  epsrel 0
  epsabs 0
  flags 10
  seed 123456
  mineval 10000000
  maxeval 10000000
  nstart 1000000
  nincrease 1000000
  nbatch 5000
  gridno 0
  statefile ""

Iteration 1:  1000000 integrand evaluations so far
[1] 67.876 +- 1.95213  	chisq 0 (0 df)

Iteration 2:  3000000 integrand evaluations so far
[1] 67.1304 +- 0.579986  	chisq 0.159988 (1 df)

Iteration 3:  6000000 integrand evaluations so far
[1] 67.072 +- 0.352212  	chisq 0.176068 (2 df)

Iteration 4:  10000000 integrand evaluations so far
[1] 66.9934 +- 0.261105  	chisq 0.286559 (3 df)
   66.99 ±   0.26        ( 30.6s) ┃    92.4 ±   0.26        (35.8mi) ┃
┃   64 -    66 ┃   52 -    53 ┃  85.043 ±  0.022        ( 23.7s) ┃ -58.971 ±  0.015        (31.9mi) ┃Vegas input parameters:
  ndim 7
  ncomp 1
  nvec 1
  epsrel 0
  epsabs 0
  flags 10
  seed 123456
  mineval 10000000
  maxeval 10000000
  nstart 1000000
  nincrease 1000000
  nbatch 5000
  gridno 0
  statefile ""

Iteration 1:  1000000 integrand evaluations so far
[1] 62.3976 +- 1.84987  	chisq 0 (0 df)

Iteration 2:  3000000 integrand evaluations so far
[1] 65.7737 +- 0.526754  	chisq 3.62471 (1 df)

Iteration 3:  6000000 integrand evaluations so far
[1] 65.9364 +- 0.326301  	chisq 3.77945 (2 df)

Iteration 4:  10000000 integrand evaluations so far
[1] 65.9094 +- 0.246429  	chisq 3.79533 (3 df)
   65.91 ±   0.25        ( 34.7s) ┃   91.98 ±   0.25        (32.8mi) ┃
┃   64 -    66 ┃   53 -    54 ┃ 71.9478 ± 0.0043        ( 20.6s) ┃ -50.234 ±  0.047        (2.13mi) ┃Vegas input parameters:
  ndim 7
  ncomp 1
  nvec 1
  epsrel 0
  epsabs 0
  flags 10
  seed 123456
  mineval 10000000
  maxeval 10000000
  nstart 1000000
  nincrease 1000000
  nbatch 5000
  gridno 0
  statefile ""

Iteration 1:  1000000 integrand evaluations so far
[1] 63.6913 +- 1.8874  	chisq 0 (0 df)

Iteration 2:  3000000 integrand evaluations so far
[1] 65.0476 +- 0.52707  	chisq 0.560122 (1 df)

Iteration 3:  6000000 integrand evaluations so far
[1] 65.4304 +- 0.342693  	chisq 1.4736 (2 df)

Iteration 4:  10000000 integrand evaluations so far
[1] 64.9493 +- 0.251225  	chisq 5.73292 (3 df)
   64.95 ±   0.25        ( 31.6s) ┃   86.66 ±   0.26        (   3mi) ┃
┃   64 -    66 ┃   54 -    55 ┃  86.623 ±  0.061        ( 11.9s) ┃ -60.584 ±  0.031        (8.06mi) ┃Vegas input parameters:
  ndim 7
  ncomp 1
  nvec 1
  epsrel 0
  epsabs 0
  flags 10
  seed 123456
  mineval 10000000
  maxeval 10000000
  nstart 1000000
  nincrease 1000000
  nbatch 5000
  gridno 0
  statefile ""

Iteration 1:  1000000 integrand evaluations so far
[1] 66.3744 +- 1.93438  	chisq 0 (0 df)

Iteration 2:  3000000 integrand evaluations so far
[1] 63.9145 +- 0.510436  	chisq 1.73823 (1 df)

Iteration 3:  6000000 integrand evaluations so far
[1] 63.6255 +- 0.325716  	chisq 2.27899 (2 df)

Iteration 4:  10000000 integrand evaluations so far
[1] 63.5787 +- 0.239895  	chisq 2.32416 (3 df)
   63.58 ±   0.24        ( 31.5s) ┃   89.62 ±   0.25        (8.79mi) ┃
┃   64 -    66 ┃   55 -    56 ┃  83.191 ±  0.042        ( 20.3s) ┃ -57.863 ±  0.035        (4.06mi) ┃Vegas input parameters:
  ndim 7
  ncomp 1
  nvec 1
  epsrel 0
  epsabs 0
  flags 10
  seed 123456
  mineval 10000000
  maxeval 10000000
  nstart 1000000
  nincrease 1000000
  nbatch 5000
  gridno 0
  statefile ""

Iteration 1:  1000000 integrand evaluations so far
[1] 61.1985 +- 1.84254  	chisq 0 (0 df)

Iteration 2:  3000000 integrand evaluations so far
[1] 63.0686 +- 0.505289  	chisq 1.11396 (1 df)

Iteration 3:  6000000 integrand evaluations so far
[1] 62.5733 +- 0.31304  	chisq 2.67369 (2 df)

Iteration 4:  10000000 integrand evaluations so far
[1] 62.621 +- 0.230864  	chisq 2.72471 (3 df)
   62.62 ±   0.23        ( 32.5s) ┃   87.95 ±   0.24        (4.94mi) ┃
┃   64 -    66 ┃   56 -    57 ┃  64.237 ±   0.04        ( 22.2s) ┃  -44.82 ±  0.025        (4.09mi) ┃Vegas input parameters:
  ndim 7
  ncomp 1
  nvec 1
  epsrel 0
  epsabs 0
  flags 10
  seed 123456
  mineval 10000000
  maxeval 10000000
  nstart 1000000
  nincrease 1000000
  nbatch 5000
  gridno 0
  statefile ""

Iteration 1:  1000000 integrand evaluations so far
[1] 64.4099 +- 1.91251  	chisq 0 (0 df)

Iteration 2:  3000000 integrand evaluations so far
[1] 62.1253 +- 0.500678  	chisq 1.53202 (1 df)

Iteration 3:  6000000 integrand evaluations so far
[1] 61.928 +- 0.32695  	chisq 1.80271 (2 df)

Iteration 4:  10000000 integrand evaluations so far
[1] 61.9627 +- 0.244625  	chisq 1.82832 (3 df)
   61.96 ±   0.24        ( 32.1s) ┃   81.38 ±   0.25        (4.99mi) ┃
┃   64 -    66 ┃   57 -    58 ┃  70.735 ±  0.027        (1.38mi) ┃ -49.723 ±  0.016        (  16mi) ┃Vegas input parameters:
  ndim 7
  ncomp 1
  nvec 1
  epsrel 0
  epsabs 0
  flags 10
  seed 123456
  mineval 10000000
  maxeval 10000000
  nstart 1000000
  nincrease 1000000
  nbatch 5000
  gridno 0
  statefile ""

Iteration 1:  1000000 integrand evaluations so far
[1] 61.2791 +- 1.8467  	chisq 0 (0 df)

Iteration 2:  3000000 integrand evaluations so far
[1] 61.807 +- 0.496421  	chisq 0.0880862 (1 df)

Iteration 3:  6000000 integrand evaluations so far
[1] 60.9195 +- 0.304322  	chisq 5.208 (2 df)

Iteration 4:  10000000 integrand evaluations so far
[1] 61.1121 +- 0.235289  	chisq 6.20363 (3 df)
   61.11 ±   0.24        (   32s) ┃   82.12 ±   0.24        (17.9mi) ┃
┃   64 -    66 ┃   58 -    59 ┃  86.724 ±  0.025        ( 41.7s) ┃  -60.43 ±  0.019        (3.96mi) ┃Vegas input parameters:
  ndim 7
  ncomp 1
  nvec 1
  epsrel 0
  epsabs 0
  flags 10
  seed 123456
  mineval 10000000
  maxeval 10000000
  nstart 1000000
  nincrease 1000000
  nbatch 5000
  gridno 0
  statefile ""

Iteration 1:  1000000 integrand evaluations so far
[1] 58.5103 +- 1.80862  	chisq 0 (0 df)

Iteration 2:  3000000 integrand evaluations so far
[1] 59.6785 +- 0.488192  	chisq 0.450005 (1 df)

Iteration 3:  6000000 integrand evaluations so far
[1] 59.6472 +- 0.301952  	chisq 0.456643 (2 df)

Iteration 4:  10000000 integrand evaluations so far
[1] 59.5976 +- 0.230119  	chisq 0.521026 (3 df)
    59.6 ±   0.23        ( 30.7s) ┃   85.89 ±   0.23        (5.17mi) ┃
┃   64 -    66 ┃   59 -    60 ┃  63.415 ±  0.044        ( 46.5s) ┃ -44.293 ±  0.027        (8.02mi) ┃Vegas input parameters:
  ndim 7
  ncomp 1
  nvec 1
  epsrel 0
  epsabs 0
  flags 10
  seed 123456
  mineval 10000000
  maxeval 10000000
  nstart 1000000
  nincrease 1000000
  nbatch 5000
  gridno 0
  statefile ""

Iteration 1:  1000000 integrand evaluations so far
[1] 56.9303 +- 1.78958  	chisq 0 (0 df)

Iteration 2:  3000000 integrand evaluations so far
[1] 58.4523 +- 0.491469  	chisq 0.782349 (1 df)

Iteration 3:  6000000 integrand evaluations so far
[1] 58.7352 +- 0.315231  	chisq 1.34496 (2 df)

Iteration 4:  10000000 integrand evaluations so far
[1] 59.1174 +- 0.237777  	chisq 4.75603 (3 df)
   59.12 ±   0.24        ( 31.3s) ┃   78.24 ±   0.24        (9.32mi) ┃
┃   66 -    68 ┃   25 -    26 ┃  111.25 ±   0.11        ( 43.4s) ┃ -77.677 ±  0.074        (8.55mi) ┃Vegas input parameters:
  ndim 7
  ncomp 1
  nvec 1
  epsrel 0
  epsabs 0
  flags 10
  seed 123456
  mineval 10000000
  maxeval 10000000
  nstart 1000000
  nincrease 1000000
  nbatch 5000
  gridno 0
  statefile ""

Iteration 1:  1000000 integrand evaluations so far
[1] 122.334 +- 2.9708  	chisq 0 (0 df)

Iteration 2:  3000000 integrand evaluations so far
[1] 120.707 +- 0.951979  	chisq 0.334215 (1 df)

Iteration 3:  6000000 integrand evaluations so far
[1] 119.522 +- 0.571602  	chisq 2.75586 (2 df)

Iteration 4:  10000000 integrand evaluations so far
[1] 119.761 +- 0.410433  	chisq 3.11652 (3 df)
  119.76 ±   0.41        (   31s) ┃  153.34 ±   0.43        (9.79mi) ┃
┃   66 -    68 ┃   26 -    27 ┃ 100.031 ±  0.028        (2.55mi) ┃ -70.738 ±  0.016        (31.8mi) ┃Vegas input parameters:
  ndim 7
  ncomp 1
  nvec 1
  epsrel 0
  epsabs 0
  flags 10
  seed 123456
  mineval 10000000
  maxeval 10000000
  nstart 1000000
  nincrease 1000000
  nbatch 5000
  gridno 0
  statefile ""

Iteration 1:  1000000 integrand evaluations so far
[1] 115.587 +- 2.82069  	chisq 0 (0 df)

Iteration 2:  3000000 integrand evaluations so far
[1] 115.195 +- 0.799018  	chisq 0.0209517 (1 df)

Iteration 3:  6000000 integrand evaluations so far
[1] 114.68 +- 0.495726  	chisq 0.697409 (2 df)

Iteration 4:  10000000 integrand evaluations so far
[1] 114.348 +- 0.372656  	chisq 1.72779 (3 df)
  114.35 ±   0.37        ( 29.4s) ┃  143.64 ±   0.37        (34.9mi) ┃
┃   66 -    68 ┃   27 -    28 ┃  120.83 ±    0.1        ( 20.6s) ┃ -84.747 ±  0.064        (1.09mi) ┃Vegas input parameters:
  ndim 7
  ncomp 1
  nvec 1
  epsrel 0
  epsabs 0
  flags 10
  seed 123456
  mineval 10000000
  maxeval 10000000
  nstart 1000000
  nincrease 1000000
  nbatch 5000
  gridno 0
  statefile ""

Iteration 1:  1000000 integrand evaluations so far
[1] 108.85 +- 2.71494  	chisq 0 (0 df)

Iteration 2:  3000000 integrand evaluations so far
[1] 109.032 +- 0.769975  	chisq 0.00486084 (1 df)

Iteration 3:  6000000 integrand evaluations so far
[1] 110.413 +- 0.494775  	chisq 5.48702 (2 df)

Iteration 4:  10000000 integrand evaluations so far
[1] 110.105 +- 0.364866  	chisq 6.33582 (3 df)
  110.11 ±   0.36        ( 30.4s) ┃  146.18 ±   0.38        (1.94mi) ┃
┃   66 -    68 ┃   28 -    29 ┃  83.996 ±  0.018        (1.32mi) ┃ -59.459 ±  0.018        ( 7.8mi) ┃Vegas input parameters:
  ndim 7
  ncomp 1
  nvec 1
  epsrel 0
  epsabs 0
  flags 10
  seed 123456
  mineval 10000000
  maxeval 10000000
  nstart 1000000
  nincrease 1000000
  nbatch 5000
  gridno 0
  statefile ""

Iteration 1:  1000000 integrand evaluations so far
[1] 109.615 +- 2.69928  	chisq 0 (0 df)

Iteration 2:  3000000 integrand evaluations so far
[1] 106.909 +- 0.758899  	chisq 1.09101 (1 df)

Iteration 3:  6000000 integrand evaluations so far
[1] 106.306 +- 0.469751  	chisq 2.11415 (2 df)

Iteration 4:  10000000 integrand evaluations so far
[1] 106.62 +- 0.374092  	chisq 3.33808 (3 df)
  106.62 ±   0.37        ( 32.7s) ┃  131.16 ±   0.37        (9.67mi) ┃
┃   66 -    68 ┃   29 -    30 ┃  119.31 ±  0.078        (2.51mi) ┃ -83.956 ±  0.075        (4.18mi) ┃Vegas input parameters:
  ndim 7
  ncomp 1
  nvec 1
  epsrel 0
  epsabs 0
  flags 10
  seed 123456
  mineval 10000000
  maxeval 10000000
  nstart 1000000
  nincrease 1000000
  nbatch 5000
  gridno 0
  statefile ""

Iteration 1:  1000000 integrand evaluations so far
[1] 103.178 +- 2.60597  	chisq 0 (0 df)

Iteration 2:  3000000 integrand evaluations so far
[1] 104.855 +- 0.744338  	chisq 0.45084 (1 df)

Iteration 3:  6000000 integrand evaluations so far
[1] 104.572 +- 0.487218  	chisq 0.702852 (2 df)

Iteration 4:  10000000 integrand evaluations so far
[1] 104.057 +- 0.35897  	chisq 3.15436 (3 df)
  104.06 ±   0.36        ( 30.4s) ┃  139.41 ±   0.37        ( 7.2mi) ┃
┃   66 -    68 ┃   30 -    31 ┃  103.77 ±  0.078        ( 1.08s) ┃ -70.453 ±  0.054        (16.4mi) ┃Vegas input parameters:
  ndim 7
  ncomp 1
  nvec 1
  epsrel 0
  epsabs 0
  flags 10
  seed 123456
  mineval 10000000
  maxeval 10000000
  nstart 1000000
  nincrease 1000000
  nbatch 5000
  gridno 0
  statefile ""

Iteration 1:  1000000 integrand evaluations so far
[1] 103.209 +- 2.59348  	chisq 0 (0 df)

Iteration 2:  3000000 integrand evaluations so far
[1] 101.38 +- 0.720211  	chisq 0.539039 (1 df)

Iteration 3:  6000000 integrand evaluations so far
[1] 100.675 +- 0.469119  	chisq 2.20061 (2 df)

Iteration 4:  10000000 integrand evaluations so far
[1] 100.964 +- 0.348235  	chisq 3.04333 (3 df)
  100.96 ±   0.35        ( 30.9s) ┃  134.28 ±   0.36        (16.9mi) ┃
┃   66 -    68 ┃   31 -    32 ┃ 100.049 ±  0.046        ( 1.3mi) ┃ -70.223 ±  0.015        (4.29mi) ┃Vegas input parameters:
  ndim 7
  ncomp 1
  nvec 1
  epsrel 0
  epsabs 0
  flags 10
  seed 123456
  mineval 10000000
  maxeval 10000000
  nstart 1000000
  nincrease 1000000
  nbatch 5000
  gridno 0
  statefile ""

Iteration 1:  1000000 integrand evaluations so far
[1] 97.8928 +- 2.48837  	chisq 0 (0 df)

Iteration 2:  3000000 integrand evaluations so far
[1] 98.0569 +- 0.708891  	chisq 0.00473524 (1 df)

Iteration 3:  6000000 integrand evaluations so far
[1] 98.7958 +- 0.455304  	chisq 1.85431 (2 df)

Iteration 4:  10000000 integrand evaluations so far
[1] 98.8677 +- 0.336812  	chisq 1.90933 (3 df)
   98.87 ±   0.34        ( 30.3s) ┃  128.69 ±   0.34        ( 6.1mi) ┃
┃   66 -    68 ┃   32 -    33 ┃  106.61 ±    0.1        (5.15mi) ┃ -74.672 ±  0.026        (16.7mi) ┃Vegas input parameters:
  ndim 7
  ncomp 1
  nvec 1
  epsrel 0
  epsabs 0
  flags 10
  seed 123456
  mineval 10000000
  maxeval 10000000
  nstart 1000000
  nincrease 1000000
  nbatch 5000
  gridno 0
  statefile ""

Iteration 1:  1000000 integrand evaluations so far
[1] 96.3356 +- 2.45659  	chisq 0 (0 df)

Iteration 2:  3000000 integrand evaluations so far
[1] 95.8439 +- 0.690489  	chisq 0.0434985 (1 df)

Iteration 3:  6000000 integrand evaluations so far
[1] 96.4697 +- 0.487267  	chisq 1.67958 (2 df)

Iteration 4:  10000000 integrand evaluations so far
[1] 96.2826 +- 0.360418  	chisq 2.00499 (3 df)
   96.28 ±   0.36        ( 31.3s) ┃  128.22 ±   0.38        (22.4mi) ┃
┃   66 -    68 ┃   33 -    34 ┃ 108.484 ±  0.081        ( 23.3s) ┃ -75.874 ±  0.057        (5.39mi) ┃Vegas input parameters:
  ndim 7
  ncomp 1
  nvec 1
  epsrel 0
  epsabs 0
  flags 10
  seed 123456
  mineval 10000000
  maxeval 10000000
  nstart 1000000
  nincrease 1000000
  nbatch 5000
  gridno 0
  statefile ""

Iteration 1:  1000000 integrand evaluations so far
[1] 97.6697 +- 2.4634  	chisq 0 (0 df)

Iteration 2:  3000000 integrand evaluations so far
[1] 95.5685 +- 0.688318  	chisq 0.789115 (1 df)

Iteration 3:  6000000 integrand evaluations so far
[1] 94.9653 +- 0.433057  	chisq 2.06024 (2 df)

Iteration 4:  10000000 integrand evaluations so far
[1] 94.9504 +- 0.322851  	chisq 2.0629 (3 df)
   94.95 ±   0.32        ( 28.3s) ┃  127.56 ±   0.34        (6.25mi) ┃
┃   66 -    68 ┃   34 -    35 ┃   93.03 ±  0.051        ( 27.9s) ┃ -65.457 ±  0.028        (4.11mi) ┃Vegas input parameters:
  ndim 7
  ncomp 1
  nvec 1
  epsrel 0
  epsabs 0
  flags 10
  seed 123456
  mineval 10000000
  maxeval 10000000
  nstart 1000000
  nincrease 1000000
  nbatch 5000
  gridno 0
  statefile ""

Iteration 1:  1000000 integrand evaluations so far
[1] 94.9245 +- 2.40671  	chisq 0 (0 df)

Iteration 2:  3000000 integrand evaluations so far
[1] 92.3647 +- 0.670499  	chisq 1.22638 (1 df)

Iteration 3:  6000000 integrand evaluations so far
[1] 92.8664 +- 0.448626  	chisq 2.23998 (2 df)

Iteration 4:  10000000 integrand evaluations so far
[1] 92.7003 +- 0.331063  	chisq 2.54098 (3 df)
    92.7 ±   0.33        ( 30.2s) ┃  120.27 ±   0.34        (5.08mi) ┃
┃   66 -    68 ┃   35 -    36 ┃ 112.663 ±  0.012        ( 1.4mi) ┃-78.6706 ± 0.0028        (16.3mi) ┃Vegas input parameters:
  ndim 7
  ncomp 1
  nvec 1
  epsrel 0
  epsabs 0
  flags 10
  seed 123456
  mineval 10000000
  maxeval 10000000
  nstart 1000000
  nincrease 1000000
  nbatch 5000
  gridno 0
  statefile ""

Iteration 1:  1000000 integrand evaluations so far
[1] 89.4554 +- 2.29808  	chisq 0 (0 df)

Iteration 2:  3000000 integrand evaluations so far
[1] 90.4734 +- 0.792461  	chisq 0.222727 (1 df)

Iteration 3:  6000000 integrand evaluations so far
[1] 91.0414 +- 0.478495  	chisq 1.03098 (2 df)

Iteration 4:  10000000 integrand evaluations so far
[1] 91.0437 +- 0.334491  	chisq 1.03103 (3 df)
   91.04 ±   0.33        ( 32.5s) ┃  125.04 ±   0.33        (18.2mi) ┃
┃   66 -    68 ┃   36 -    37 ┃  85.027 ±  0.036        ( 41.7s) ┃ -59.848 ±   0.03        (7.97mi) ┃Vegas input parameters:
  ndim 7
  ncomp 1
  nvec 1
  epsrel 0
  epsabs 0
  flags 10
  seed 123456
  mineval 10000000
  maxeval 10000000
  nstart 1000000
  nincrease 1000000
  nbatch 5000
  gridno 0
  statefile ""

Iteration 1:  1000000 integrand evaluations so far
[1] 90.299 +- 2.32303  	chisq 0 (0 df)

Iteration 2:  3000000 integrand evaluations so far
[1] 89.3905 +- 0.726243  	chisq 0.169512 (1 df)

Iteration 3:  6000000 integrand evaluations so far
[1] 89.1466 +- 0.452321  	chisq 0.353783 (2 df)

Iteration 4:  10000000 integrand evaluations so far
[1] 89.3066 +- 0.323959  	chisq 0.610929 (3 df)
   89.31 ±   0.32        ( 28.7s) ┃  114.49 ±   0.33        (9.15mi) ┃
┃   66 -    68 ┃   37 -    38 ┃  84.716 ±  0.058        ( 2.6mi) ┃ -59.815 ±  0.054        (15.7mi) ┃Vegas input parameters:
  ndim 7
  ncomp 1
  nvec 1
  epsrel 0
  epsabs 0
  flags 10
  seed 123456
  mineval 10000000
  maxeval 10000000
  nstart 1000000
  nincrease 1000000
  nbatch 5000
  gridno 0
  statefile ""

Iteration 1:  1000000 integrand evaluations so far
[1] 84.017 +- 2.20579  	chisq 0 (0 df)

Iteration 2:  3000000 integrand evaluations so far
[1] 88.242 +- 0.647106  	chisq 4.01437 (1 df)

Iteration 3:  6000000 integrand evaluations so far
[1] 88.2218 +- 0.401417  	chisq 4.01595 (2 df)

Iteration 4:  10000000 integrand evaluations so far
[1] 88.0648 +- 0.29529  	chisq 4.34906 (3 df)
   88.06 ±    0.3        ( 29.8s) ┃  112.97 ±   0.31        (18.8mi) ┃
┃   66 -    68 ┃   38 -    39 ┃ 108.031 ±  0.043        (2.41mi) ┃ -75.583 ±  0.038        (7.17mi) ┃Vegas input parameters:
  ndim 7
  ncomp 1
  nvec 1
  epsrel 0
  epsabs 0
  flags 10
  seed 123456
  mineval 10000000
  maxeval 10000000
  nstart 1000000
  nincrease 1000000
  nbatch 5000
  gridno 0
  statefile ""

Iteration 1:  1000000 integrand evaluations so far
[1] 88.8479 +- 2.28146  	chisq 0 (0 df)

Iteration 2:  3000000 integrand evaluations so far
[1] 87.875 +- 0.712192  	chisq 0.201482 (1 df)

Iteration 3:  6000000 integrand evaluations so far
[1] 87.4272 +- 0.436093  	chisq 0.833993 (2 df)

Iteration 4:  10000000 integrand evaluations so far
[1] 87.1703 +- 0.310953  	chisq 1.53955 (3 df)
   87.17 ±   0.31        ( 30.5s) ┃  119.62 ±   0.32        (10.1mi) ┃
┃   66 -    68 ┃   39 -    40 ┃  85.927 ±  0.054        ( 19.1s) ┃ -60.456 ±  0.011        (3.17mi) ┃Vegas input parameters:
  ndim 7
  ncomp 1
  nvec 1
  epsrel 0
  epsabs 0
  flags 10
  seed 123456
  mineval 10000000
  maxeval 10000000
  nstart 1000000
  nincrease 1000000
  nbatch 5000
  gridno 0
  statefile ""

Iteration 1:  1000000 integrand evaluations so far
[1] 87.3559 +- 2.25483  	chisq 0 (0 df)

Iteration 2:  3000000 integrand evaluations so far
[1] 86.0228 +- 0.631948  	chisq 0.379335 (1 df)

Iteration 3:  6000000 integrand evaluations so far
[1] 86.0571 +- 0.392264  	chisq 0.384113 (2 df)

Iteration 4:  10000000 integrand evaluations so far
[1] 85.938 +- 0.297529  	chisq 0.601243 (3 df)
   85.94 ±    0.3        ( 34.2s) ┃  111.41 ±    0.3        (4.06mi) ┃
┃   66 -    68 ┃   40 -    41 ┃  83.872 ±   0.08        ( 7.07s) ┃ -58.388 ±  0.029        (3.93mi) ┃Vegas input parameters:
  ndim 7
  ncomp 1
  nvec 1
  epsrel 0
  epsabs 0
  flags 10
  seed 123456
  mineval 10000000
  maxeval 10000000
  nstart 1000000
  nincrease 1000000
  nbatch 5000
  gridno 0
  statefile ""

Iteration 1:  1000000 integrand evaluations so far
[1] 84.8949 +- 2.18835  	chisq 0 (0 df)

Iteration 2:  3000000 integrand evaluations so far
[1] 84.6062 +- 0.622349  	chisq 0.0189286 (1 df)

Iteration 3:  6000000 integrand evaluations so far
[1] 85.2314 +- 0.387797  	chisq 1.66846 (2 df)

Iteration 4:  10000000 integrand evaluations so far
[1] 85.0865 +- 0.285451  	chisq 1.97294 (3 df)
   85.09 ±   0.29        ( 33.3s) ┃  110.57 ±    0.3        ( 4.6mi) ┃
┃   66 -    68 ┃   41 -    42 ┃  92.452 ±  0.055        (2.62mi) ┃ -64.664 ±  0.044        (2.16mi) ┃Vegas input parameters:
  ndim 7
  ncomp 1
  nvec 1
  epsrel 0
  epsabs 0
  flags 10
  seed 123456
  mineval 10000000
  maxeval 10000000
  nstart 1000000
  nincrease 1000000
  nbatch 5000
  gridno 0
  statefile ""

Iteration 1:  1000000 integrand evaluations so far
[1] 83.4223 +- 2.18161  	chisq 0 (0 df)

Iteration 2:  3000000 integrand evaluations so far
[1] 82.6726 +- 0.611768  	chisq 0.12818 (1 df)

Iteration 3:  6000000 integrand evaluations so far
[1] 83.2087 +- 0.381581  	chisq 1.38489 (2 df)

Iteration 4:  10000000 integrand evaluations so far
[1] 83.4379 +- 0.281593  	chisq 2.1775 (3 df)
   83.44 ±   0.28        ( 26.5s) ┃  111.23 ±   0.29        (5.23mi) ┃
┃   66 -    68 ┃   42 -    43 ┃   91.49 ±  0.064        (2.29mi) ┃ -63.263 ±  0.037        (1.79mi) ┃Vegas input parameters:
  ndim 7
  ncomp 1
  nvec 1
  epsrel 0
  epsabs 0
  flags 10
  seed 123456
  mineval 10000000
  maxeval 10000000
  nstart 1000000
  nincrease 1000000
  nbatch 5000
  gridno 0
  statefile ""

Iteration 1:  1000000 integrand evaluations so far
[1] 79.2975 +- 2.08757  	chisq 0 (0 df)

Iteration 2:  3000000 integrand evaluations so far
[1] 79.8082 +- 0.599183  	chisq 0.0652141 (1 df)

Iteration 3:  6000000 integrand evaluations so far
[1] 79.9144 +- 0.372458  	chisq 0.116383 (2 df)

Iteration 4:  10000000 integrand evaluations so far
[1] 80.051 +- 0.295587  	chisq 0.479731 (3 df)
   80.05 ±    0.3        ( 29.7s) ┃  108.28 ±    0.3        (4.58mi) ┃
┃   66 -    68 ┃   43 -    44 ┃  77.203 ±  0.049        ( 40.2s) ┃ -54.029 ±  0.041        (4.22mi) ┃Vegas input parameters:
  ndim 7
  ncomp 1
  nvec 1
  epsrel 0
  epsabs 0
  flags 10
  seed 123456
  mineval 10000000
  maxeval 10000000
  nstart 1000000
  nincrease 1000000
  nbatch 5000
  gridno 0
  statefile ""

Iteration 1:  1000000 integrand evaluations so far
[1] 75.3592 +- 2.02518  	chisq 0 (0 df)

Iteration 2:  3000000 integrand evaluations so far
[1] 76.4031 +- 0.678209  	chisq 0.299235 (1 df)

Iteration 3:  6000000 integrand evaluations so far
[1] 75.8598 +- 0.408039  	chisq 1.30503 (2 df)

Iteration 4:  10000000 integrand evaluations so far
[1] 76.02 +- 0.288261  	chisq 1.61269 (3 df)
   76.02 ±   0.29        ( 29.2s) ┃   99.19 ±    0.3        (5.38mi) ┃
┃   66 -    68 ┃   44 -    45 ┃  83.864 ±  0.068        ( 27.5s) ┃ -59.115 ±  0.044        ( 2.1mi) ┃Vegas input parameters:
  ndim 7
  ncomp 1
  nvec 1
  epsrel 0
  epsabs 0
  flags 10
  seed 123456
  mineval 10000000
  maxeval 10000000
  nstart 1000000
  nincrease 1000000
  nbatch 5000
  gridno 0
  statefile ""

Iteration 1:  1000000 integrand evaluations so far
[1] 74.9564 +- 2.02344  	chisq 0 (0 df)

Iteration 2:  3000000 integrand evaluations so far
[1] 73.7379 +- 0.570364  	chisq 0.39395 (1 df)

Iteration 3:  6000000 integrand evaluations so far
[1] 73.7526 +- 0.377225  	chisq 0.395144 (2 df)

Iteration 4:  10000000 integrand evaluations so far
[1] 73.6705 +- 0.277966  	chisq 0.498875 (3 df)
   73.67 ±   0.28        (   29s) ┃   98.42 ±   0.29        (3.04mi) ┃
┃   66 -    68 ┃   45 -    46 ┃  95.989 ±  0.034        (1.36mi) ┃ -67.277 ±  0.021        (29.5mi) ┃Vegas input parameters:
  ndim 7
  ncomp 1
  nvec 1
  epsrel 0
  epsabs 0
  flags 10
  seed 123456
  mineval 10000000
  maxeval 10000000
  nstart 1000000
  nincrease 1000000
  nbatch 5000
  gridno 0
  statefile ""

Iteration 1:  1000000 integrand evaluations so far
[1] 70.9865 +- 1.95761  	chisq 0 (0 df)

Iteration 2:  3000000 integrand evaluations so far
[1] 71.4898 +- 0.557518  	chisq 0.071933 (1 df)

Iteration 3:  6000000 integrand evaluations so far
[1] 71.7321 +- 0.345813  	chisq 0.378942 (2 df)

Iteration 4:  10000000 integrand evaluations so far
[1] 71.6366 +- 0.26676  	chisq 0.567498 (3 df)
   71.64 ±   0.27        ( 29.9s) ┃  100.35 ±   0.27        (31.4mi) ┃
┃   66 -    68 ┃   46 -    47 ┃  69.193 ±  0.017        (1.38mi) ┃ -48.101 ±   0.04        (2.15mi) ┃Vegas input parameters:
  ndim 7
  ncomp 1
  nvec 1
  epsrel 0
  epsabs 0
  flags 10
  seed 123456
  mineval 10000000
  maxeval 10000000
  nstart 1000000
  nincrease 1000000
  nbatch 5000
  gridno 0
  statefile ""

Iteration 1:  1000000 integrand evaluations so far
[1] 67.7413 +- 1.91462  	chisq 0 (0 df)

Iteration 2:  3000000 integrand evaluations so far
[1] 69.1964 +- 0.544337  	chisq 0.62843 (1 df)

Iteration 3:  6000000 integrand evaluations so far
[1] 69.1405 +- 0.342854  	chisq 0.645912 (2 df)

Iteration 4:  10000000 integrand evaluations so far
[1] 68.936 +- 0.255377  	chisq 1.44499 (3 df)
   68.94 ±   0.26        ( 30.2s) ┃   90.03 ±   0.26        (4.03mi) ┃
┃   66 -    68 ┃   47 -    48 ┃  72.224 ±  0.058        ( 41.1s) ┃ -50.807 ±  0.038        (13.6mi) ┃Vegas input parameters:
  ndim 7
  ncomp 1
  nvec 1
  epsrel 0
  epsabs 0
  flags 10
  seed 123456
  mineval 10000000
  maxeval 10000000
  nstart 1000000
  nincrease 1000000
  nbatch 5000
  gridno 0
  statefile ""

Iteration 1:  1000000 integrand evaluations so far
[1] 63.8986 +- 1.83948  	chisq 0 (0 df)

Iteration 2:  3000000 integrand evaluations so far
[1] 68.9848 +- 0.541037  	chisq 8.36956 (1 df)

Iteration 3:  6000000 integrand evaluations so far
[1] 68.1538 +- 0.332667  	chisq 12.1632 (2 df)

Iteration 4:  10000000 integrand evaluations so far
[1] 67.84 +- 0.249027  	chisq 14.1866 (3 df)
   67.84 ±   0.25        ( 29.7s) ┃   89.26 ±   0.26        (14.7mi) ┃
┃   66 -    68 ┃   48 -    49 ┃  90.954 ±  0.025        (1.16mi) ┃ -66.935 ±  0.041        ( 18.5s) ┃Vegas input parameters:
  ndim 7
  ncomp 1
  nvec 1
  epsrel 0
  epsabs 0
  flags 10
  seed 123456
  mineval 10000000
  maxeval 10000000
  nstart 1000000
  nincrease 1000000
  nbatch 5000
  gridno 0
  statefile ""

Iteration 1:  1000000 integrand evaluations so far
[1] 65.2756 +- 1.87729  	chisq 0 (0 df)

Iteration 2:  3000000 integrand evaluations so far
[1] 66.7125 +- 0.522505  	chisq 0.635114 (1 df)

Iteration 3:  6000000 integrand evaluations so far
[1] 66.1155 +- 0.323292  	chisq 2.75072 (2 df)

Iteration 4:  10000000 integrand evaluations so far
[1] 66.1658 +- 0.27362  	chisq 2.83604 (3 df)
   66.17 ±   0.27        ( 27.4s) ┃   90.18 ±   0.28        (1.93mi) ┃
┃   66 -    68 ┃   49 -    50 ┃  75.248 ±  0.019        (2.03mi) ┃ -52.675 ±  0.041        (13.9mi) ┃Vegas input parameters:
  ndim 7
  ncomp 1
  nvec 1
  epsrel 0
  epsabs 0
  flags 10
  seed 123456
  mineval 10000000
  maxeval 10000000
  nstart 1000000
  nincrease 1000000
  nbatch 5000
  gridno 0
  statefile ""

Iteration 1:  1000000 integrand evaluations so far
[1] 64.8622 +- 1.85612  	chisq 0 (0 df)

Iteration 2:  3000000 integrand evaluations so far
[1] 64.1511 +- 0.511278  	chisq 0.158826 (1 df)

Iteration 3:  6000000 integrand evaluations so far
[1] 64.5234 +- 0.31906  	chisq 1.02726 (2 df)

Iteration 4:  10000000 integrand evaluations so far
[1] 64.5762 +- 0.24156  	chisq 1.09166 (3 df)
   64.58 ±   0.24        ( 30.5s) ┃   87.15 ±   0.25        (16.5mi) ┃
┃   66 -    68 ┃   50 -    51 ┃  66.888 ±  0.018        (2.59mi) ┃-47.0531 ± 0.0097        (7.03mi) ┃Vegas input parameters:
  ndim 7
  ncomp 1
  nvec 1
  epsrel 0
  epsabs 0
  flags 10
  seed 123456
  mineval 10000000
  maxeval 10000000
  nstart 1000000
  nincrease 1000000
  nbatch 5000
  gridno 0
  statefile ""

Iteration 1:  1000000 integrand evaluations so far
[1] 65.1098 +- 1.85199  	chisq 0 (0 df)

Iteration 2:  3000000 integrand evaluations so far
[1] 62.7542 +- 0.560669  	chisq 1.78107 (1 df)

Iteration 3:  6000000 integrand evaluations so far
[1] 63.5204 +- 0.342864  	chisq 4.7638 (2 df)

Iteration 4:  10000000 integrand evaluations so far
[1] 63.3303 +- 0.257015  	chisq 5.46549 (3 df)
   63.33 ±   0.26        ( 27.5s) ┃   83.16 ±   0.26        (10.1mi) ┃
┃   66 -    68 ┃   51 -    52 ┃  77.621 ±  0.015        (2.58mi) ┃ -54.462 ±  0.048        (2.06mi) ┃Vegas input parameters:
  ndim 7
  ncomp 1
  nvec 1
  epsrel 0
  epsabs 0
  flags 10
  seed 123456
  mineval 10000000
  maxeval 10000000
  nstart 1000000
  nincrease 1000000
  nbatch 5000
  gridno 0
  statefile ""

Iteration 1:  1000000 integrand evaluations so far
[1] 61.3462 +- 1.78314  	chisq 0 (0 df)

Iteration 2:  3000000 integrand evaluations so far
[1] 62.3342 +- 0.500173  	chisq 0.333179 (1 df)

Iteration 3:  6000000 integrand evaluations so far
[1] 62.548 +- 0.324019  	chisq 0.648159 (2 df)

Iteration 4:  10000000 integrand evaluations so far
[1] 62.2166 +- 0.242826  	chisq 3.03453 (3 df)
   62.22 ±   0.24        ( 30.7s) ┃   85.38 ±   0.25        (5.16mi) ┃
┃   66 -    68 ┃   52 -    53 ┃  72.714 ±  0.031        ( 30.4s) ┃  -51.07 ±  0.012        (7.89mi) ┃Vegas input parameters:
  ndim 7
  ncomp 1
  nvec 1
  epsrel 0
  epsabs 0
  flags 10
  seed 123456
  mineval 10000000
  maxeval 10000000
  nstart 1000000
  nincrease 1000000
  nbatch 5000
  gridno 0
  statefile ""

Iteration 1:  1000000 integrand evaluations so far
[1] 61.6218 +- 1.78547  	chisq 0 (0 df)

Iteration 2:  3000000 integrand evaluations so far
[1] 61.3555 +- 0.4926  	chisq 0.0240784 (1 df)

Iteration 3:  6000000 integrand evaluations so far
[1] 61.4581 +- 0.306536  	chisq 0.0948869 (2 df)

Iteration 4:  10000000 integrand evaluations so far
[1] 61.1884 +- 0.23127  	chisq 1.89165 (3 df)
   61.19 ±   0.23        ( 29.9s) ┃   82.83 ±   0.23        (8.89mi) ┃
┃   66 -    68 ┃   53 -    54 ┃  69.307 ±  0.042        (1.17mi) ┃ -48.156 ±  0.017        (15.7mi) ┃Vegas input parameters:
  ndim 7
  ncomp 1
  nvec 1
  epsrel 0
  epsabs 0
  flags 10
  seed 123456
  mineval 10000000
  maxeval 10000000
  nstart 1000000
  nincrease 1000000
  nbatch 5000
  gridno 0
  statefile ""

Iteration 1:  1000000 integrand evaluations so far
[1] 56.1525 +- 1.69228  	chisq 0 (0 df)

Iteration 2:  3000000 integrand evaluations so far
[1] 59.4637 +- 0.485816  	chisq 4.17247 (1 df)

Iteration 3:  6000000 integrand evaluations so far
[1] 59.7591 +- 0.299519  	chisq 4.76893 (2 df)

Iteration 4:  10000000 integrand evaluations so far
[1] 59.7851 +- 0.226123  	chisq 4.78648 (3 df)
   59.79 ±   0.23        ( 30.4s) ┃   80.94 ±   0.23        (17.4mi) ┃
┃   66 -    68 ┃   54 -    55 ┃  64.309 ±  0.054        (1.14mi) ┃ -45.256 ±  0.018        (26.6mi) ┃Vegas input parameters:
  ndim 7
  ncomp 1
  nvec 1
  epsrel 0
  epsabs 0
  flags 10
  seed 123456
  mineval 10000000
  maxeval 10000000
  nstart 1000000
  nincrease 1000000
  nbatch 5000
  gridno 0
  statefile ""

Iteration 1:  1000000 integrand evaluations so far
[1] 58.4647 +- 1.74001  	chisq 0 (0 df)

Iteration 2:  3000000 integrand evaluations so far
[1] 59.1468 +- 0.487123  	chisq 0.166747 (1 df)

Iteration 3:  6000000 integrand evaluations so far
[1] 59.3736 +- 0.301174  	chisq 0.517729 (2 df)

Iteration 4:  10000000 integrand evaluations so far
[1] 59.0511 +- 0.220865  	chisq 2.99912 (3 df)
   59.05 ±   0.22        ( 34.5s) ┃    78.1 ±   0.23        (28.4mi) ┃
┃   66 -    68 ┃   55 -    56 ┃  81.756 ±  0.072        (   23s) ┃ -57.083 ±  0.055        (3.91mi) ┃Vegas input parameters:
  ndim 7
  ncomp 1
  nvec 1
  epsrel 0
  epsabs 0
  flags 10
  seed 123456
  mineval 10000000
  maxeval 10000000
  nstart 1000000
  nincrease 1000000
  nbatch 5000
  gridno 0
  statefile ""

Iteration 1:  1000000 integrand evaluations so far
[1] 59.6934 +- 1.76404  	chisq 0 (0 df)

Iteration 2:  3000000 integrand evaluations so far
[1] 58.4501 +- 0.472107  	chisq 0.535114 (1 df)

Iteration 3:  6000000 integrand evaluations so far
[1] 58.0134 +- 0.291117  	chisq 1.91571 (2 df)

Iteration 4:  10000000 integrand evaluations so far
[1] 58.0123 +- 0.221852  	chisq 1.91574 (3 df)
   58.01 ±   0.22        ( 30.4s) ┃   82.68 ±   0.24        ( 4.8mi) ┃
┃   66 -    68 ┃   56 -    57 ┃  63.497 ±  0.014        (1.04mi) ┃ -44.399 ±  0.013        (12.2mi) ┃Vegas input parameters:
  ndim 7
  ncomp 1
  nvec 1
  epsrel 0
  epsabs 0
  flags 10
  seed 123456
  mineval 10000000
  maxeval 10000000
  nstart 1000000
  nincrease 1000000
  nbatch 5000
  gridno 0
  statefile ""

Iteration 1:  1000000 integrand evaluations so far
[1] 56.4171 +- 1.70603  	chisq 0 (0 df)

Iteration 2:  3000000 integrand evaluations so far
[1] 57.8869 +- 0.467226  	chisq 0.802446 (1 df)

Iteration 3:  6000000 integrand evaluations so far
[1] 56.7405 +- 0.286422  	chisq 10.4474 (2 df)

Iteration 4:  10000000 integrand evaluations so far
[1] 56.8252 +- 0.210894  	chisq 10.6384 (3 df)
   56.83 ±   0.21        ( 30.2s) ┃   75.92 ±   0.21        (13.7mi) ┃
┃   66 -    68 ┃   57 -    58 ┃ 55.2642 ± 0.0063        ( 39.7s) ┃ -38.624 ±  0.016        (3.96mi) ┃Vegas input parameters:
  ndim 7
  ncomp 1
  nvec 1
  epsrel 0
  epsabs 0
  flags 10
  seed 123456
  mineval 10000000
  maxeval 10000000
  nstart 1000000
  nincrease 1000000
  nbatch 5000
  gridno 0
  statefile ""

Iteration 1:  1000000 integrand evaluations so far
[1] 57.6091 +- 1.74042  	chisq 0 (0 df)

Iteration 2:  3000000 integrand evaluations so far
[1] 56.8678 +- 0.468827  	chisq 0.195621 (1 df)

Iteration 3:  6000000 integrand evaluations so far
[1] 56.4087 +- 0.287217  	chisq 1.73034 (2 df)

Iteration 4:  10000000 integrand evaluations so far
[1] 56.3605 +- 0.213256  	chisq 1.79308 (3 df)
   56.36 ±   0.21        ( 31.7s) ┃      73 ±   0.21        (5.15mi) ┃
┃   66 -    68 ┃   58 -    59 ┃  63.991 ±  0.037        ( 41.2s) ┃ -45.098 ±  0.035        (7.54mi) ┃Vegas input parameters:
  ndim 7
  ncomp 1
  nvec 1
  epsrel 0
  epsabs 0
  flags 10
  seed 123456
  mineval 10000000
  maxeval 10000000
  nstart 1000000
  nincrease 1000000
  nbatch 5000
  gridno 0
  statefile ""

Iteration 1:  1000000 integrand evaluations so far
[1] 56.1178 +- 1.70081  	chisq 0 (0 df)

Iteration 2:  3000000 integrand evaluations so far
[1] 55.6436 +- 0.454261  	chisq 0.0837081 (1 df)

Iteration 3:  6000000 integrand evaluations so far
[1] 55.1812 +- 0.279832  	chisq 1.75336 (2 df)

Iteration 4:  10000000 integrand evaluations so far
[1] 55.3658 +- 0.216185  	chisq 2.83268 (3 df)
   55.37 ±   0.22        ( 25.9s) ┃   74.26 ±   0.22        (8.66mi) ┃
┃   66 -    68 ┃   59 -    60 ┃  73.037 ±  0.055        (   39s) ┃-51.0628 ± 0.0041        (29.4mi) ┃Vegas input parameters:
  ndim 7
  ncomp 1
  nvec 1
  epsrel 0
  epsabs 0
  flags 10
  seed 123456
  mineval 10000000
  maxeval 10000000
  nstart 1000000
  nincrease 1000000
  nbatch 5000
  gridno 0
  statefile ""

Iteration 1:  1000000 integrand evaluations so far
[1] 52.699 +- 1.64645  	chisq 0 (0 df)

Iteration 2:  3000000 integrand evaluations so far
[1] 54.294 +- 0.451928  	chisq 1.01491 (1 df)

Iteration 3:  6000000 integrand evaluations so far
[1] 54.3289 +- 0.289454  	chisq 1.02504 (2 df)

Iteration 4:  10000000 integrand evaluations so far
[1] 54.3288 +- 0.212701  	chisq 1.02504 (3 df)
   54.33 ±   0.21        ( 29.9s) ┃    76.3 ±   0.22        (30.5mi) ┃
┣━━━━━━━━━━━━━━╋━━━━━━━━━━━━━━╋━━━━━━━━━━━━━━━━━━━━━━━━━━━━━━━━━━╋━━━━━━━━━━━━━━━━━━━━━━━━━━━━━━━━━━╋━━━━━━━━━━━━━━━━━━━━━━━━━━━━━━━━━━╋━━━━━━━━━━━━━━━━━━━━━━━━━━━━━━━━━━┫
┃   64 -    68 ┃   25 -    60 ┃ 6.55212 ± 0.00051 ·10⁺⁰³ ( 1.6hr) ┃-4.59105 ± 0.00035 ·10⁺⁰³ (13.1hr) ┃  5.8613 ± 0.0026 ·10⁺⁰³ (  36mi) ┃  7.8223 ± 0.0027 ·10⁺⁰³ (15.3hr) ┃
┗━━━━━━━━━━━━━━┻━━━━━━━━━━━━━━┻━━━━━━━━━━━━━━━━━━━━━━━━━━━━━━━━━━┻━━━━━━━━━━━━━━━━━━━━━━━━━━━━━━━━━━┻━━━━━━━━━━━━━━━━━━━━━━━━━━━━━━━━━━┻━━━━━━━━━━━━━━━━━━━━━━━━━━━━━━━━━━┛

╍╍╍╍╍╍╍╍╍╍╍╍╍╍╍╍╍╍╍╍╍╍╍╍╍╍╍╍╍╍╍╍ Summary ╍╍╍╍╍╍╍╍╍╍╍╍╍╍╍╍╍╍╍╍╍╍╍╍╍╍╍╍╍╍╍
      Total cross section                    7.8223 ± 0.0027          pb
         Calculation time                               15.3       hours
              Output file                    outputs/qt_qt64_68_NLL_muR0.5_muF1.0.root            
      Result in text file                    outputs/qt_qt64_68_NLL_muR0.5_muF1.0.txt            

╍╍╍╍╍╍╍╍╍╍╍╍╍╍╍╍╍╍╍╍╍╍╍╍╍╍╍╍╍╍╍╍╍╍╍╍╍╍╍╍╍╍╍╍╍╍╍╍╍╍╍╍╍╍╍╍╍╍╍╍╍╍╍╍╍╍╍╍╍╍╍╍

