
╍╍╍╍╍╍╍╍╍╍╍╍╍╍╍╍╍╍╍╍╍╍╍╍╍╍╍ Process settings ╍╍╍╍╍╍╍╍╍╍╍╍╍╍╍╍╍╍╍╍╍╍╍╍╍╍╍
   proton-proton collisions at sqrt(s) = 13000 GeV 
   Computing NLO+NLL resummed cross section
   W+ ->  nu(p3)+e+(p4) production 

╍╍╍╍╍╍╍╍╍╍╍╍╍╍╍╍╍╍╍╍╍╍╍╍╍╍╍╍╍╍ CKM matrix ╍╍╍╍╍╍╍╍╍╍╍╍╍╍╍╍╍╍╍╍╍╍╍╍╍╍╍╍╍╍
     | Vud Vus Vub |   |   0.97427   0.2253  0.00351 | 
     | Vcd Vcs Vcb | = |    0.2252  0.97344   0.0412 | 
     | Vtd Vts Vtb |   |         0        0        0 | 

╍╍╍╍╍╍╍╍╍╍╍╍╍╍╍╍╍╍╍╍╍╍╍╍╍╍╍╍╍ EW parameters ╍╍╍╍╍╍╍╍╍╍╍╍╍╍╍╍╍╍╍╍╍╍╍╍╍╍╍╍
                                         Gf =  1.1663787e-05      GeV^-2
                                    1/alpha =  132.233229791            
                                 sin(thW)^2 = 0.222897222524            
                                     W mass =         80.385         GeV
                                     Z mass =        91.1876         GeV
                                    W width =          2.091         GeV
                                    Z width =          2.495         GeV

╍╍╍╍╍╍╍╍╍╍╍╍╍╍╍╍╍╍╍╍╍╍╍╍╍╍╍╍╍ QCD settings ╍╍╍╍╍╍╍╍╍╍╍╍╍╍╍╍╍╍╍╍╍╍╍╍╍╍╍╍╍
   Renormalization scale:     dynamic muren =              1      * m_ll
     Factorization scale:     dynamic mufac =              2      * m_ll
       Resummation scale:     dynamic mures =              1      * m_ll
          Strong coupling       alpha_s(MZ) =       0.118001            
                              running order =              2       -loop
         Non-perturbative     form factor g =            0.7       GeV^2

╍╍╍╍╍╍╍╍╍╍╍╍╍╍╍╍╍╍╍╍╍╍╍╍╍╍╍╍╍ PDF settings ╍╍╍╍╍╍╍╍╍╍╍╍╍╍╍╍╍╍╍╍╍╍╍╍╍╍╍╍╍
                                     PDF set:MSHT20nnlo_as118            
                                  PDF member:              0            
  Mellin moments of PDFs:                    Numerical integration            
                         nodes for the quadrature:            200            
                         Intervals for the quadrature:              1            

╍╍╍╍╍╍╍╍╍╍╍╍╍╍╍╍╍╍╍╍╍╍╍╍╍╍╍╍╍╍╍ qT recoil ╍╍╍╍╍╍╍╍╍╍╍╍╍╍╍╍╍╍╍╍╍╍╍╍╍╍╍╍╍╍
  qt-recoil prescription:       Collins-Soper kt1 = p_V(x)/2; kt2 = p_V(y)/2            

╍╍╍╍╍╍╍╍╍╍╍╍╍╍╍╍╍╍╍╍╍╍╍╍╍╍╍╍╍╍╍╍╍ Cuts ╍╍╍╍╍╍╍╍╍╍╍╍╍╍╍╍╍╍╍╍╍╍╍╍╍╍╍╍╍╍╍╍╍
                                  apply cuts:           true            
                                      pt_l >               0            
                                   |eta_l| <            1000            
                                    pt_lep >              25            
                                 |eta_lep| <             2.4            
                                   pt_alep >              25            
                                |eta_alep| <             2.4            
                                  user cuts:            true            

╍╍╍╍╍╍╍╍╍╍╍╍╍╍╍╍╍╍╍╍╍╍╍╍╍╍╍╍ ResummationDamp ╍╍╍╍╍╍╍╍╍╍╍╍╍╍╍╍╍╍╍╍╍╍╍╍╍╍╍
                                    damping :             on            
                                damping mode:              1            
                                  damp above:        60.2888         GeV
                               damping width:        20.0963         GeV
                          resummation cutoff:             20         MeV

╍╍╍╍╍╍╍╍╍╍╍╍╍╍╍╍╍╍╍╍╍╍╍╍╍╍╍╍ Debug settings ╍╍╍╍╍╍╍╍╍╍╍╍╍╍╍╍╍╍╍╍╍╍╍╍╍╍╍╍
                                 timeprofile:          false            
                                     verbose:          false            
                               cubaverbosity:              2            

╍╍╍╍╍╍╍╍╍╍╍╍╍╍╍╍╍╍╍╍╍╍╍╍╍╍╍╍╍╍╍╍╍╍╍╍╍╍╍╍╍╍╍╍╍╍╍╍╍╍╍╍╍╍╍╍╍╍╍╍╍╍╍╍╍╍╍╍╍╍╍╍

Warning: Histogram `a1_qt` contains non-integrable observable and will be deleted 
Warning: Histogram `a1_qt_vs_y` contains non-integrable observable and will be deleted 
Warning: Histogram `s_biganswer` contains non-integrable observable and will be deleted 
Warning: Histogram `wgt_a1_qt` contains non-integrable observable and will be deleted 

╍╍╍╍╍╍╍╍╍╍╍╍╍╍╍╍╍╍╍╍╍╍╍╍╍ Integration settings ╍╍╍╍╍╍╍╍╍╍╍╍╍╍╍╍╍╍╍╍╍╍╍╍╍
             Random seeds              123456                           
           Parallel cores                   1                           

             Resummation:     cuhre (dm, dpt)         iter =           5
                                   gauss (dy)        nodes =          64
                                                 intervals =           1
            Counter term:      cuhre (dm, dy)         iter =           5
                                  gauss (dpt)        nodes =          20
                                                 intervals =           5
                     V+J:            vegas 7D       ncalls =    10000000

Mellin inverse transform:           gaussian         nodes =          30
                                                 intervals =           1
                               imaginary axis         zmax =           2
  Angular variable costh:     semi-analytical      ncstart =         100
   Angular variables phi:            gaussian    intervals =          20

      Constant boundaries                  q2          low =          80
                                                      high =         100
                                            y          low =          -6
                                                      high =           6
                                        costh          low =          -1
                                                      high =           1
                                       eta(l)          low =         -10
                                                      high =          10

┏━━━━━━━━━━━━━━┰━━━━━━━━━━━━━━┰━━━━━━━━━━━━━━━━━━━━━━━━━━━━━━━━━━┰━━━━━━━━━━━━━━━━━━━━━━━━━━━━━━━━━━┰━━━━━━━━━━━━━━━━━━━━━━━━━━━━━━━━━━┰━━━━━━━━━━━━━━━━━━━━━━━━━━━━━━━━━━┓
┃           qT ┃        pT(l) ┃                      Resummation ┃                     Counter term ┃                              V+J ┃                            TOTAL ┃
┣━━━━━━━━━━━━━━╋━━━━━━━━━━━━━━╋━━━━━━━━━━━━━━━━━━━━━━━━━━━━━━━━━━╋━━━━━━━━━━━━━━━━━━━━━━━━━━━━━━━━━━╋━━━━━━━━━━━━━━━━━━━━━━━━━━━━━━━━━━╋━━━━━━━━━━━━━━━━━━━━━━━━━━━━━━━━━━┫
┃   16 -    18 ┃   25 -    26 ┃  1.8296 ± 0.0018 ·10⁺⁰³ (  3.2s) ┃ -1.5089 ± 0.00074 ·10⁺⁰³ ( 39.2s) ┃Vegas input parameters:
  ndim 7
  ncomp 1
  nvec 1
  epsrel 0
  epsabs 0
  flags 10
  seed 123456
  mineval 10000000
  maxeval 10000000
  nstart 1000000
  nincrease 1000000
  nbatch 5000
  gridno 0
  statefile ""

Iteration 1:  1000000 integrand evaluations so far
[1] 1489.53 +- 35.9964  	chisq 0 (0 df)

Iteration 2:  3000000 integrand evaluations so far
[1] 1513.16 +- 6.451  	chisq 0.445166 (1 df)

Iteration 3:  6000000 integrand evaluations so far
[1] 1513.49 +- 4.15878  	chisq 0.449897 (2 df)

Iteration 4:  10000000 integrand evaluations so far
[1] 1515.27 +- 3.18508  	chisq 0.889567 (3 df)
  1.5153 ± 0.0032 ·10⁺⁰³ ( 37.8s) ┃   1.836 ± 0.0037 ·10⁺⁰³ (1.34mi) ┃
┃   16 -    18 ┃   26 -    27 ┃  2.0229 ± 0.0019 ·10⁺⁰³ (  5.5s) ┃ -1.6576 ± 0.0012 ·10⁺⁰³ (2.49mi) ┃Vegas input parameters:
  ndim 7
  ncomp 1
  nvec 1
  epsrel 0
  epsabs 0
  flags 10
  seed 123456
  mineval 10000000
  maxeval 10000000
  nstart 1000000
  nincrease 1000000
  nbatch 5000
  gridno 0
  statefile ""

Iteration 1:  1000000 integrand evaluations so far
[1] 1637.88 +- 37.3059  	chisq 0 (0 df)

Iteration 2:  3000000 integrand evaluations so far
[1] 1689.8 +- 7.14686  	chisq 2.01128 (1 df)

Iteration 3:  6000000 integrand evaluations so far
[1] 1690.07 +- 4.96886  	chisq 2.01393 (2 df)

Iteration 4:  10000000 integrand evaluations so far
[1] 1689.62 +- 3.65421  	chisq 2.03156 (3 df)
  1.6896 ± 0.0037 ·10⁺⁰³ ( 31.1s) ┃  2.0549 ± 0.0043 ·10⁺⁰³ ( 3.1mi) ┃
┃   16 -    18 ┃   27 -    28 ┃ 2.26902 ± 0.00018 ·10⁺⁰³ ( 21.3s) ┃ -1.8678 ± 0.0017 ·10⁺⁰³ ( 38.9s) ┃Vegas input parameters:
  ndim 7
  ncomp 1
  nvec 1
  epsrel 0
  epsabs 0
  flags 10
  seed 123456
  mineval 10000000
  maxeval 10000000
  nstart 1000000
  nincrease 1000000
  nbatch 5000
  gridno 0
  statefile ""

Iteration 1:  1000000 integrand evaluations so far
[1] 1949.28 +- 40.1709  	chisq 0 (0 df)

Iteration 2:  3000000 integrand evaluations so far
[1] 1883.94 +- 7.80597  	chisq 2.74998 (1 df)

Iteration 3:  6000000 integrand evaluations so far
[1] 1881.5 +- 4.85681  	chisq 2.90844 (2 df)

Iteration 4:  10000000 integrand evaluations so far
[1] 1884.37 +- 3.59076  	chisq 3.6748 (3 df)
  1.8844 ± 0.0036 ·10⁺⁰³ ( 31.7s) ┃  2.2855 ±  0.004 ·10⁺⁰³ (1.53mi) ┃
┃   16 -    18 ┃   28 -    29 ┃  2.4917 ± 0.0011 ·10⁺⁰³ ( 9.34s) ┃ -2.0728 ±  0.002 ·10⁺⁰³ (2.57mi) ┃Vegas input parameters:
  ndim 7
  ncomp 1
  nvec 1
  epsrel 0
  epsabs 0
  flags 10
  seed 123456
  mineval 10000000
  maxeval 10000000
  nstart 1000000
  nincrease 1000000
  nbatch 5000
  gridno 0
  statefile ""

Iteration 1:  1000000 integrand evaluations so far
[1] 2059.59 +- 40.7107  	chisq 0 (0 df)

Iteration 2:  3000000 integrand evaluations so far
[1] 2128.4 +- 8.68074  	chisq 2.99325 (1 df)

Iteration 3:  6000000 integrand evaluations so far
[1] 2123.3 +- 5.40707  	chisq 3.55881 (2 df)

Iteration 4:  10000000 integrand evaluations so far
[1] 2123.91 +- 3.97654  	chisq 3.58717 (3 df)
  2.1239 ±  0.004 ·10⁺⁰³ ( 31.1s) ┃  2.5428 ± 0.0046 ·10⁺⁰³ (3.24mi) ┃
┃   16 -    18 ┃   29 -    30 ┃ 2.85765 ± 0.00098 ·10⁺⁰³ ( 5.43s) ┃-2.35835 ± 0.00064 ·10⁺⁰³ (2.56mi) ┃Vegas input parameters:
  ndim 7
  ncomp 1
  nvec 1
  epsrel 0
  epsabs 0
  flags 10
  seed 123456
  mineval 10000000
  maxeval 10000000
  nstart 1000000
  nincrease 1000000
  nbatch 5000
  gridno 0
  statefile ""

Iteration 1:  1000000 integrand evaluations so far
[1] 2453.38 +- 43.9914  	chisq 0 (0 df)

Iteration 2:  3000000 integrand evaluations so far
[1] 2406.64 +- 9.65648  	chisq 1.18633 (1 df)

Iteration 3:  6000000 integrand evaluations so far
[1] 2408.86 +- 6.26407  	chisq 1.27831 (2 df)

Iteration 4:  10000000 integrand evaluations so far
[1] 2414.65 +- 4.62237  	chisq 3.15437 (3 df)
  2.4147 ± 0.0046 ·10⁺⁰³ ( 32.2s) ┃   2.914 ± 0.0048 ·10⁺⁰³ (3.19mi) ┃
┃   16 -    18 ┃   30 -    31 ┃  3.3004 ± 0.0019 ·10⁺⁰³ ( 9.38s) ┃ -2.7159 ± 0.0013 ·10⁺⁰³ (2.63mi) ┃Vegas input parameters:
  ndim 7
  ncomp 1
  nvec 1
  epsrel 0
  epsabs 0
  flags 10
  seed 123456
  mineval 10000000
  maxeval 10000000
  nstart 1000000
  nincrease 1000000
  nbatch 5000
  gridno 0
  statefile ""

Iteration 1:  1000000 integrand evaluations so far
[1] 2850.64 +- 46.7954  	chisq 0 (0 df)

Iteration 2:  3000000 integrand evaluations so far
[1] 2802.57 +- 10.9854  	chisq 1.11647 (1 df)

Iteration 3:  6000000 integrand evaluations so far
[1] 2794.56 +- 6.96632  	chisq 2.00758 (2 df)

Iteration 4:  10000000 integrand evaluations so far
[1] 2797.33 +- 5.25366  	chisq 2.37586 (3 df)
  2.7973 ± 0.0053 ·10⁺⁰³ ( 32.6s) ┃  3.3818 ± 0.0057 ·10⁺⁰³ (3.33mi) ┃
┃   16 -    18 ┃   31 -    32 ┃  3.9472 ± 0.0011 ·10⁺⁰³ ( 4.58s) ┃ -3.2502 ± 0.0021 ·10⁺⁰³ ( 43.9s) ┃Vegas input parameters:
  ndim 7
  ncomp 1
  nvec 1
  epsrel 0
  epsabs 0
  flags 10
  seed 123456
  mineval 10000000
  maxeval 10000000
  nstart 1000000
  nincrease 1000000
  nbatch 5000
  gridno 0
  statefile ""

Iteration 1:  1000000 integrand evaluations so far
[1] 3356.44 +- 49.8413  	chisq 0 (0 df)

Iteration 2:  3000000 integrand evaluations so far
[1] 3380.76 +- 12.9621  	chisq 0.25528 (1 df)

Iteration 3:  6000000 integrand evaluations so far
[1] 3384.18 +- 8.06791  	chisq 0.369108 (2 df)

Iteration 4:  10000000 integrand evaluations so far
[1] 3391.03 +- 6.07414  	chisq 2.03422 (3 df)
   3.391 ± 0.0061 ·10⁺⁰³ ( 31.3s) ┃   4.088 ± 0.0065 ·10⁺⁰³ (1.33mi) ┃
┃   16 -    18 ┃   32 -    33 ┃  5.3922 ± 0.0018 ·10⁺⁰³ (  9.4s) ┃ -4.4218 ± 0.0026 ·10⁺⁰³ (1.46mi) ┃Vegas input parameters:
  ndim 7
  ncomp 1
  nvec 1
  epsrel 0
  epsabs 0
  flags 10
  seed 123456
  mineval 10000000
  maxeval 10000000
  nstart 1000000
  nincrease 1000000
  nbatch 5000
  gridno 0
  statefile ""

Iteration 1:  1000000 integrand evaluations so far
[1] 4642.97 +- 57.4748  	chisq 0 (0 df)

Iteration 2:  3000000 integrand evaluations so far
[1] 4662.26 +- 15.8176  	chisq 0.121912 (1 df)

Iteration 3:  6000000 integrand evaluations so far
[1] 4656.27 +- 9.77096  	chisq 0.354107 (2 df)

Iteration 4:  10000000 integrand evaluations so far
[1] 4657.21 +- 7.23995  	chisq 0.374806 (3 df)
  4.6572 ± 0.0072 ·10⁺⁰³ ( 32.3s) ┃  5.6275 ± 0.0079 ·10⁺⁰³ (2.15mi) ┃
┃   16 -    18 ┃   33 -    34 ┃  5.3184 ± 0.0049 ·10⁺⁰³ ( 21.7s) ┃ -4.3718 ± 0.0018 ·10⁺⁰³ (2.71mi) ┃Vegas input parameters:
  ndim 7
  ncomp 1
  nvec 1
  epsrel 0
  epsabs 0
  flags 10
  seed 123456
  mineval 10000000
  maxeval 10000000
  nstart 1000000
  nincrease 1000000
  nbatch 5000
  gridno 0
  statefile ""

Iteration 1:  1000000 integrand evaluations so far
[1] 4581.89 +- 56.5568  	chisq 0 (0 df)

Iteration 2:  3000000 integrand evaluations so far
[1] 4582.34 +- 15.3043  	chisq 6.73834e-05 (1 df)

Iteration 3:  6000000 integrand evaluations so far
[1] 4577.68 +- 9.64062  	chisq 0.153821 (2 df)

Iteration 4:  10000000 integrand evaluations so far
[1] 4584.22 +- 7.16456  	chisq 1.18241 (3 df)
  4.5842 ± 0.0072 ·10⁺⁰³ ( 32.6s) ┃  5.5308 ± 0.0089 ·10⁺⁰³ (3.61mi) ┃
┃   16 -    18 ┃   34 -    35 ┃   4.548 ± 0.0045 ·10⁺⁰³ ( 9.74s) ┃ -3.7376 ± 0.0033 ·10⁺⁰³ (2.67mi) ┃Vegas input parameters:
  ndim 7
  ncomp 1
  nvec 1
  epsrel 0
  epsabs 0
  flags 10
  seed 123456
  mineval 10000000
  maxeval 10000000
  nstart 1000000
  nincrease 1000000
  nbatch 5000
  gridno 0
  statefile ""

Iteration 1:  1000000 integrand evaluations so far
[1] 3911.24 +- 51.9767  	chisq 0 (0 df)

Iteration 2:  3000000 integrand evaluations so far
[1] 3852.2 +- 14.0286  	chisq 1.39158 (1 df)

Iteration 3:  6000000 integrand evaluations so far
[1] 3871.66 +- 9.11138  	chisq 4.72193 (2 df)

Iteration 4:  10000000 integrand evaluations so far
[1] 3868.63 +- 6.74048  	chisq 4.96688 (3 df)
  3.8686 ± 0.0067 ·10⁺⁰³ ( 31.6s) ┃   4.679 ± 0.0088 ·10⁺⁰³ (3.35mi) ┃
┃   16 -    18 ┃   35 -    36 ┃ 4.11011 ± 0.00088 ·10⁺⁰³ ( 34.7s) ┃ -3.3812 ± 0.0017 ·10⁺⁰³ (  10mi) ┃Vegas input parameters:
  ndim 7
  ncomp 1
  nvec 1
  epsrel 0
  epsabs 0
  flags 10
  seed 123456
  mineval 10000000
  maxeval 10000000
  nstart 1000000
  nincrease 1000000
  nbatch 5000
  gridno 0
  statefile ""

Iteration 1:  1000000 integrand evaluations so far
[1] 3502.78 +- 48.9884  	chisq 0 (0 df)

Iteration 2:  3000000 integrand evaluations so far
[1] 3475.16 +- 13.1986  	chisq 0.342896 (1 df)

Iteration 3:  6000000 integrand evaluations so far
[1] 3456.43 +- 8.25241  	chisq 3.64843 (2 df)

Iteration 4:  10000000 integrand evaluations so far
[1] 3460.11 +- 6.19161  	chisq 4.10272 (3 df)
  3.4601 ± 0.0062 ·10⁺⁰³ ( 32.3s) ┃   4.189 ± 0.0065 ·10⁺⁰³ (11.1mi) ┃
┃   16 -    18 ┃   36 -    37 ┃ 3.84222 ± 0.00099 ·10⁺⁰³ (1.06mi) ┃ -3.1642 ± 0.0016 ·10⁺⁰³ (4.96mi) ┃Vegas input parameters:
  ndim 7
  ncomp 1
  nvec 1
  epsrel 0
  epsabs 0
  flags 10
  seed 123456
  mineval 10000000
  maxeval 10000000
  nstart 1000000
  nincrease 1000000
  nbatch 5000
  gridno 0
  statefile ""

Iteration 1:  1000000 integrand evaluations so far
[1] 3200.86 +- 46.7545  	chisq 0 (0 df)

Iteration 2:  3000000 integrand evaluations so far
[1] 3200.74 +- 12.6403  	chisq 7.15277e-06 (1 df)

Iteration 3:  6000000 integrand evaluations so far
[1] 3198.87 +- 8.01243  	chisq 0.0364837 (2 df)

Iteration 4:  10000000 integrand evaluations so far
[1] 3204.85 +- 5.99966  	chisq 1.30246 (3 df)
  3.2048 ±  0.006 ·10⁺⁰³ ( 31.7s) ┃  3.8828 ± 0.0063 ·10⁺⁰³ (6.54mi) ┃
┃   16 -    18 ┃   37 -    38 ┃  3.6303 ± 0.0015 ·10⁺⁰³ (1.04mi) ┃-2.99207 ± 0.00081 ·10⁺⁰³ ( 4.8mi) ┃Vegas input parameters:
  ndim 7
  ncomp 1
  nvec 1
  epsrel 0
  epsabs 0
  flags 10
  seed 123456
  mineval 10000000
  maxeval 10000000
  nstart 1000000
  nincrease 1000000
  nbatch 5000
  gridno 0
  statefile ""

Iteration 1:  1000000 integrand evaluations so far
[1] 3037.64 +- 45.4555  	chisq 0 (0 df)

Iteration 2:  3000000 integrand evaluations so far
[1] 3013.27 +- 12.0778  	chisq 0.309279 (1 df)

Iteration 3:  6000000 integrand evaluations so far
[1] 3019.83 +- 7.57299  	chisq 0.795136 (2 df)

Iteration 4:  10000000 integrand evaluations so far
[1] 3020.94 +- 5.78524  	chisq 0.847145 (3 df)
  3.0209 ± 0.0058 ·10⁺⁰³ (   32s) ┃  3.6591 ±  0.006 ·10⁺⁰³ (6.38mi) ┃
┃   16 -    18 ┃   38 -    39 ┃  3.5171 ± 0.0014 ·10⁺⁰³ (2.15mi) ┃-2.89713 ± 0.00025 ·10⁺⁰³ (9.61mi) ┃Vegas input parameters:
  ndim 7
  ncomp 1
  nvec 1
  epsrel 0
  epsabs 0
  flags 10
  seed 123456
  mineval 10000000
  maxeval 10000000
  nstart 1000000
  nincrease 1000000
  nbatch 5000
  gridno 0
  statefile ""

Iteration 1:  1000000 integrand evaluations so far
[1] 2928.07 +- 44.3212  	chisq 0 (0 df)

Iteration 2:  3000000 integrand evaluations so far
[1] 2940.59 +- 11.9481  	chisq 0.0861036 (1 df)

Iteration 3:  6000000 integrand evaluations so far
[1] 2926.48 +- 7.52081  	chisq 2.3975 (2 df)

Iteration 4:  10000000 integrand evaluations so far
[1] 2923.33 +- 5.56906  	chisq 2.78588 (3 df)
  2.9233 ± 0.0056 ·10⁺⁰³ ( 32.8s) ┃  3.5433 ± 0.0057 ·10⁺⁰³ (12.3mi) ┃
┃   16 -    18 ┃   39 -    40 ┃  3.4703 ± 0.0012 ·10⁺⁰³ (2.13mi) ┃ -2.7347 ± 0.0021 ·10⁺⁰³ ( 27.8s) ┃Vegas input parameters:
  ndim 7
  ncomp 1
  nvec 1
  epsrel 0
  epsabs 0
  flags 10
  seed 123456
  mineval 10000000
  maxeval 10000000
  nstart 1000000
  nincrease 1000000
  nbatch 5000
  gridno 0
  statefile ""

Iteration 1:  1000000 integrand evaluations so far
[1] 2899.54 +- 44.2024  	chisq 0 (0 df)

Iteration 2:  3000000 integrand evaluations so far
[1] 2883.23 +- 11.7501  	chisq 0.146351 (1 df)

Iteration 3:  6000000 integrand evaluations so far
[1] 2874.2 +- 7.47613  	chisq 1.13972 (2 df)

Iteration 4:  10000000 integrand evaluations so far
[1] 2876.75 +- 5.59729  	chisq 1.4046 (3 df)
  2.8768 ± 0.0056 ·10⁺⁰³ ( 30.7s) ┃  3.6124 ± 0.0061 ·10⁺⁰³ ( 3.1mi) ┃
┃   16 -    18 ┃   40 -    41 ┃  3.5079 ± 0.0034 ·10⁺⁰³ ( 32.2s) ┃-2.88138 ± 0.00086 ·10⁺⁰³ (19.1mi) ┃Vegas input parameters:
  ndim 7
  ncomp 1
  nvec 1
  epsrel 0
  epsabs 0
  flags 10
  seed 123456
  mineval 10000000
  maxeval 10000000
  nstart 1000000
  nincrease 1000000
  nbatch 5000
  gridno 0
  statefile ""

Iteration 1:  1000000 integrand evaluations so far
[1] 2909.81 +- 44.4652  	chisq 0 (0 df)

Iteration 2:  3000000 integrand evaluations so far
[1] 2882.84 +- 11.7546  	chisq 0.39549 (1 df)

Iteration 3:  6000000 integrand evaluations so far
[1] 2880.8 +- 7.29948  	chisq 0.444447 (2 df)

Iteration 4:  10000000 integrand evaluations so far
[1] 2880.64 +- 5.50736  	chisq 0.445616 (3 df)
  2.8806 ± 0.0055 ·10⁺⁰³ ( 31.2s) ┃  3.5072 ± 0.0065 ·10⁺⁰³ (20.2mi) ┃
┃   16 -    18 ┃   41 -    42 ┃  3.6221 ± 0.0024 ·10⁺⁰³ (1.05mi) ┃-2.97656 ± 0.00014 ·10⁺⁰³ (9.84mi) ┃Vegas input parameters:
  ndim 7
  ncomp 1
  nvec 1
  epsrel 0
  epsabs 0
  flags 10
  seed 123456
  mineval 10000000
  maxeval 10000000
  nstart 1000000
  nincrease 1000000
  nbatch 5000
  gridno 0
  statefile ""

Iteration 1:  1000000 integrand evaluations so far
[1] 2948.24 +- 44.6823  	chisq 0 (0 df)

Iteration 2:  3000000 integrand evaluations so far
[1] 3018.29 +- 12.0276  	chisq 2.64957 (1 df)

Iteration 3:  6000000 integrand evaluations so far
[1] 3003.56 +- 7.45028  	chisq 5.0828 (2 df)

Iteration 4:  10000000 integrand evaluations so far
[1] 3003.71 +- 5.69963  	chisq 5.08371 (3 df)
  3.0037 ± 0.0057 ·10⁺⁰³ ( 32.1s) ┃  3.6493 ± 0.0062 ·10⁺⁰³ (11.4mi) ┃
┃   16 -    18 ┃   42 -    43 ┃  3.7238 ± 0.0021 ·10⁺⁰³ ( 16.5s) ┃ -3.0563 ± 0.0014 ·10⁺⁰³ (2.59mi) ┃Vegas input parameters:
  ndim 7
  ncomp 1
  nvec 1
  epsrel 0
  epsabs 0
  flags 10
  seed 123456
  mineval 10000000
  maxeval 10000000
  nstart 1000000
  nincrease 1000000
  nbatch 5000
  gridno 0
  statefile ""

Iteration 1:  1000000 integrand evaluations so far
[1] 3101.18 +- 46.0098  	chisq 0 (0 df)

Iteration 2:  3000000 integrand evaluations so far
[1] 3128.55 +- 12.1366  	chisq 0.380376 (1 df)

Iteration 3:  6000000 integrand evaluations so far
[1] 3119.16 +- 7.69622  	chisq 1.38274 (2 df)

Iteration 4:  10000000 integrand evaluations so far
[1] 3121.72 +- 5.7739  	chisq 1.63632 (3 df)
  3.1217 ± 0.0058 ·10⁺⁰³ ( 31.3s) ┃  3.7892 ± 0.0063 ·10⁺⁰³ (3.39mi) ┃
┃   16 -    18 ┃   43 -    44 ┃  3.7057 ± 0.0015 ·10⁺⁰³ ( 20.7s) ┃ -3.1927 ± 0.0023 ·10⁺⁰³ ( 39.9s) ┃Vegas input parameters:
  ndim 7
  ncomp 1
  nvec 1
  epsrel 0
  epsabs 0
  flags 10
  seed 123456
  mineval 10000000
  maxeval 10000000
  nstart 1000000
  nincrease 1000000
  nbatch 5000
  gridno 0
  statefile ""

Iteration 1:  1000000 integrand evaluations so far
[1] 3128.35 +- 46.053  	chisq 0 (0 df)

Iteration 2:  3000000 integrand evaluations so far
[1] 3121.97 +- 12.1167  	chisq 0.0206227 (1 df)

Iteration 3:  6000000 integrand evaluations so far
[1] 3116.95 +- 7.46425  	chisq 0.297498 (2 df)

Iteration 4:  10000000 integrand evaluations so far
[1] 3120.79 +- 5.52491  	chisq 0.881246 (3 df)
  3.1208 ± 0.0055 ·10⁺⁰³ ( 30.9s) ┃  3.6338 ± 0.0061 ·10⁺⁰³ (1.53mi) ┃
┃   16 -    18 ┃   44 -    45 ┃  3.6432 ± 0.0035 ·10⁺⁰³ (   18s) ┃ -3.0047 ± 0.0016 ·10⁺⁰³ (4.84mi) ┃Vegas input parameters:
  ndim 7
  ncomp 1
  nvec 1
  epsrel 0
  epsabs 0
  flags 10
  seed 123456
  mineval 10000000
  maxeval 10000000
  nstart 1000000
  nincrease 1000000
  nbatch 5000
  gridno 0
  statefile ""

Iteration 1:  1000000 integrand evaluations so far
[1] 3116.84 +- 45.8187  	chisq 0 (0 df)

Iteration 2:  3000000 integrand evaluations so far
[1] 3070.16 +- 11.7307  	chisq 1.11032 (1 df)

Iteration 3:  6000000 integrand evaluations so far
[1] 3087.07 +- 7.31499  	chisq 4.50813 (2 df)

Iteration 4:  10000000 integrand evaluations so far
[1] 3095.36 +- 5.48117  	chisq 7.43585 (3 df)
  3.0954 ± 0.0055 ·10⁺⁰³ (   33s) ┃  3.7338 ± 0.0067 ·10⁺⁰³ (5.69mi) ┃
┃   16 -    18 ┃   45 -    46 ┃  3.6037 ± 0.0023 ·10⁺⁰³ ( 1.62s) ┃ -2.9564 ± 0.0021 ·10⁺⁰³ (4.73mi) ┃Vegas input parameters:
  ndim 7
  ncomp 1
  nvec 1
  epsrel 0
  epsabs 0
  flags 10
  seed 123456
  mineval 10000000
  maxeval 10000000
  nstart 1000000
  nincrease 1000000
  nbatch 5000
  gridno 0
  statefile ""

Iteration 1:  1000000 integrand evaluations so far
[1] 3099.1 +- 45.359  	chisq 0 (0 df)

Iteration 2:  3000000 integrand evaluations so far
[1] 3070.52 +- 11.3999  	chisq 0.423727 (1 df)

Iteration 3:  6000000 integrand evaluations so far
[1] 3076.09 +- 7.18068  	chisq 0.818746 (2 df)

Iteration 4:  10000000 integrand evaluations so far
[1] 3083.39 +- 5.34334  	chisq 3.13741 (3 df)
  3.0834 ± 0.0053 ·10⁺⁰³ ( 30.7s) ┃  3.7307 ± 0.0062 ·10⁺⁰³ (5.27mi) ┃
┃   16 -    18 ┃   46 -    47 ┃  3.5683 ± 0.0025 ·10⁺⁰³ ( 34.7s) ┃ -2.9157 ± 0.0014 ·10⁺⁰³ (1.28mi) ┃Vegas input parameters:
  ndim 7
  ncomp 1
  nvec 1
  epsrel 0
  epsabs 0
  flags 10
  seed 123456
  mineval 10000000
  maxeval 10000000
  nstart 1000000
  nincrease 1000000
  nbatch 5000
  gridno 0
  statefile ""

Iteration 1:  1000000 integrand evaluations so far
[1] 3025.86 +- 44.7514  	chisq 0 (0 df)

Iteration 2:  3000000 integrand evaluations so far
[1] 3052.18 +- 11.1212  	chisq 0.36854 (1 df)

Iteration 3:  6000000 integrand evaluations so far
[1] 3072.46 +- 6.88568  	chisq 5.76083 (2 df)

Iteration 4:  10000000 integrand evaluations so far
[1] 3073.79 +- 5.09474  	chisq 5.84359 (3 df)
  3.0738 ± 0.0051 ·10⁺⁰³ ( 32.1s) ┃  3.7263 ± 0.0059 ·10⁺⁰³ ( 2.4mi) ┃
┃   16 -    18 ┃   47 -    48 ┃  3.5167 ± 0.0024 ·10⁺⁰³ ( 35.1s) ┃ -2.8855 ± 0.0017 ·10⁺⁰³ ( 2.4mi) ┃Vegas input parameters:
  ndim 7
  ncomp 1
  nvec 1
  epsrel 0
  epsabs 0
  flags 10
  seed 123456
  mineval 10000000
  maxeval 10000000
  nstart 1000000
  nincrease 1000000
  nbatch 5000
  gridno 0
  statefile ""

Iteration 1:  1000000 integrand evaluations so far
[1] 3067.47 +- 44.9621  	chisq 0 (0 df)

Iteration 2:  3000000 integrand evaluations so far
[1] 3085.79 +- 10.662  	chisq 0.175868 (1 df)

Iteration 3:  6000000 integrand evaluations so far
[1] 3086.26 +- 6.61325  	chisq 0.178968 (2 df)

Iteration 4:  10000000 integrand evaluations so far
[1] 3079.9 +- 4.93547  	chisq 2.26839 (3 df)
  3.0799 ± 0.0049 ·10⁺⁰³ ( 33.3s) ┃  3.7112 ± 0.0057 ·10⁺⁰³ (3.54mi) ┃
┃   16 -    18 ┃   48 -    49 ┃ 3.49061 ± 0.00093 ·10⁺⁰³ ( 31.9s) ┃ -2.8604 ± 0.0015 ·10⁺⁰³ (2.24mi) ┃Vegas input parameters:
  ndim 7
  ncomp 1
  nvec 1
  epsrel 0
  epsabs 0
  flags 10
  seed 123456
  mineval 10000000
  maxeval 10000000
  nstart 1000000
  nincrease 1000000
  nbatch 5000
  gridno 0
  statefile ""

Iteration 1:  1000000 integrand evaluations so far
[1] 3067.03 +- 44.8105  	chisq 0 (0 df)

Iteration 2:  3000000 integrand evaluations so far
[1] 3083.83 +- 10.3973  	chisq 0.148612 (1 df)

Iteration 3:  6000000 integrand evaluations so far
[1] 3095.91 +- 6.38597  	chisq 2.31479 (2 df)

Iteration 4:  10000000 integrand evaluations so far
[1] 3088.1 +- 4.67748  	chisq 5.54529 (3 df)
  3.0881 ± 0.0047 ·10⁺⁰³ ( 31.5s) ┃  3.7183 ±  0.005 ·10⁺⁰³ ( 3.3mi) ┃
┃   16 -    18 ┃   49 -    50 ┃   2.698 ±  0.002 ·10⁺⁰³ ( 30.3s) ┃ -2.1995 ± 0.0022 ·10⁺⁰³ (2.11mi) ┃Vegas input parameters:
  ndim 7
  ncomp 1
  nvec 1
  epsrel 0
  epsabs 0
  flags 10
  seed 123456
  mineval 10000000
  maxeval 10000000
  nstart 1000000
  nincrease 1000000
  nbatch 5000
  gridno 0
  statefile ""

Iteration 1:  1000000 integrand evaluations so far
[1] 2349.77 +- 39.0691  	chisq 0 (0 df)

Iteration 2:  3000000 integrand evaluations so far
[1] 2376.6 +- 8.38261  	chisq 0.494389 (1 df)

Iteration 3:  6000000 integrand evaluations so far
[1] 2396.71 +- 5.42652  	chisq 10.3973 (2 df)

Iteration 4:  10000000 integrand evaluations so far
[1] 2395.53 +- 3.97843  	chisq 10.4987 (3 df)
  2.3955 ±  0.004 ·10⁺⁰³ ( 32.6s) ┃   2.894 ±  0.005 ·10⁺⁰³ (3.16mi) ┃
┃   16 -    18 ┃   50 -    51 ┃  974.17 ±   0.16        ( 1.9mi) ┃ -796.39 ±   0.55        (7.75mi) ┃Vegas input parameters:
  ndim 7
  ncomp 1
  nvec 1
  epsrel 0
  epsabs 0
  flags 10
  seed 123456
  mineval 10000000
  maxeval 10000000
  nstart 1000000
  nincrease 1000000
  nbatch 5000
  gridno 0
  statefile ""

Iteration 1:  1000000 integrand evaluations so far
[1] 818.335 +- 22.591  	chisq 0 (0 df)

Iteration 2:  3000000 integrand evaluations so far
[1] 858.162 +- 4.45276  	chisq 3.23369 (1 df)

Iteration 3:  6000000 integrand evaluations so far
[1] 863.431 +- 2.58309  	chisq 5.34416 (2 df)

Iteration 4:  10000000 integrand evaluations so far
[1] 865.376 +- 1.87439  	chisq 6.54048 (3 df)
   865.4 ±    1.9        (   32s) ┃  1.0432 ±  0.002 ·10⁺⁰³ (10.2mi) ┃
┃   16 -    18 ┃   51 -    52 ┃  379.99 ±   0.15        (1.75mi) ┃-314.527 ±  0.024        (7.48mi) ┃Vegas input parameters:
  ndim 7
  ncomp 1
  nvec 1
  epsrel 0
  epsabs 0
  flags 10
  seed 123456
  mineval 10000000
  maxeval 10000000
  nstart 1000000
  nincrease 1000000
  nbatch 5000
  gridno 0
  statefile ""

Iteration 1:  1000000 integrand evaluations so far
[1] 318.753 +- 13.9211  	chisq 0 (0 df)

Iteration 2:  3000000 integrand evaluations so far
[1] 336.544 +- 1.46212  	chisq 1.65152 (1 df)

Iteration 3:  6000000 integrand evaluations so far
[1] 337.784 +- 1.22563  	chisq 4.0705 (2 df)

Iteration 4:  10000000 integrand evaluations so far
[1] 337.369 +- 0.904952  	chisq 4.32236 (3 df)
  337.37 ±    0.9        ( 32.7s) ┃  402.83 ±   0.92        (9.77mi) ┃
┃   16 -    18 ┃   52 -    53 ┃  206.45 ±   0.15        ( 3.4mi) ┃ -172.22 ±   0.17        (3.75mi) ┃Vegas input parameters:
  ndim 7
  ncomp 1
  nvec 1
  epsrel 0
  epsabs 0
  flags 10
  seed 123456
  mineval 10000000
  maxeval 10000000
  nstart 1000000
  nincrease 1000000
  nbatch 5000
  gridno 0
  statefile ""

Iteration 1:  1000000 integrand evaluations so far
[1] 193.95 +- 10.7335  	chisq 0 (0 df)

Iteration 2:  3000000 integrand evaluations so far
[1] 183.836 +- 0.902068  	chisq 0.894191 (1 df)

Iteration 3:  6000000 integrand evaluations so far
[1] 183.781 +- 0.513444  	chisq 0.899829 (2 df)

Iteration 4:  10000000 integrand evaluations so far
[1] 183.812 +- 0.372047  	chisq 0.907617 (3 df)
  183.81 ±   0.37        ( 33.4s) ┃  218.04 ±   0.44        ( 7.7mi) ┃
┃   16 -    18 ┃   53 -    54 ┃ 126.699 ±  0.052        (6.83mi) ┃-106.344 ±  0.035        (14.5mi) ┃Vegas input parameters:
  ndim 7
  ncomp 1
  nvec 1
  epsrel 0
  epsabs 0
  flags 10
  seed 123456
  mineval 10000000
  maxeval 10000000
  nstart 1000000
  nincrease 1000000
  nbatch 5000
  gridno 0
  statefile ""

Iteration 1:  1000000 integrand evaluations so far
[1] 107.285 +- 7.83472  	chisq 0 (0 df)

Iteration 2:  3000000 integrand evaluations so far
[1] 112.274 +- 0.490003  	chisq 0.406932 (1 df)

Iteration 3:  6000000 integrand evaluations so far
[1] 113.253 +- 0.30122  	chisq 6.83172 (2 df)

Iteration 4:  10000000 integrand evaluations so far
[1] 113.252 +- 0.215321  	chisq 6.83174 (3 df)
  113.25 ±   0.22        ( 32.3s) ┃  133.61 ±   0.22        (21.8mi) ┃
┃   16 -    18 ┃   54 -    55 ┃  80.899 ±  0.051        (7.89mi) ┃ -68.249 ±  0.029        (28.8mi) ┃Vegas input parameters:
  ndim 7
  ncomp 1
  nvec 1
  epsrel 0
  epsabs 0
  flags 10
  seed 123456
  mineval 10000000
  maxeval 10000000
  nstart 1000000
  nincrease 1000000
  nbatch 5000
  gridno 0
  statefile ""

Iteration 1:  1000000 integrand evaluations so far
[1] 82.7239 +- 6.97089  	chisq 0 (0 df)

Iteration 2:  3000000 integrand evaluations so far
[1] 72.6571 +- 0.417462  	chisq 2.09298 (1 df)

Iteration 3:  6000000 integrand evaluations so far
[1] 72.7535 +- 0.219428  	chisq 2.16661 (2 df)

Iteration 4:  10000000 integrand evaluations so far
[1] 72.6394 +- 0.145811  	chisq 2.65108 (3 df)
   72.64 ±   0.15        ( 31.4s) ┃   85.29 ±   0.16        (37.2mi) ┃
┃   16 -    18 ┃   55 -    56 ┃  51.735 ±  0.048        (12.8mi) ┃ -43.802 ±  0.037        (  28mi) ┃Vegas input parameters:
  ndim 7
  ncomp 1
  nvec 1
  epsrel 0
  epsabs 0
  flags 10
  seed 123456
  mineval 10000000
  maxeval 10000000
  nstart 1000000
  nincrease 1000000
  nbatch 5000
  gridno 0
  statefile ""

Iteration 1:  1000000 integrand evaluations so far
[1] 63.0153 +- 6.06414  	chisq 0 (0 df)

Iteration 2:  3000000 integrand evaluations so far
[1] 46.2215 +- 0.263776  	chisq 7.68388 (1 df)

Iteration 3:  6000000 integrand evaluations so far
[1] 46.4679 +- 0.134148  	chisq 8.86083 (2 df)

Iteration 4:  10000000 integrand evaluations so far
[1] 46.5296 +- 0.0925443  	chisq 9.26404 (3 df)
   46.53 ±  0.093        ( 32.6s) ┃   54.46 ±   0.11        (41.3mi) ┃
┃   16 -    18 ┃   56 -    57 ┃ 31.6822 ±  0.007        (12.9mi) ┃-26.9123 ± 0.0093        (28.4mi) ┃Vegas input parameters:
  ndim 7
  ncomp 1
  nvec 1
  epsrel 0
  epsabs 0
  flags 10
  seed 123456
  mineval 10000000
  maxeval 10000000
  nstart 1000000
  nincrease 1000000
  nbatch 5000
  gridno 0
  statefile ""

Iteration 1:  1000000 integrand evaluations so far
[1] 31.9324 +- 4.24092  	chisq 0 (0 df)

Iteration 2:  3000000 integrand evaluations so far
[1] 28.9475 +- 0.604474  	chisq 0.505647 (1 df)

Iteration 3:  6000000 integrand evaluations so far
[1] 28.4161 +- 0.182378  	chisq 1.35589 (2 df)

Iteration 4:  10000000 integrand evaluations so far
[1] 28.5599 +- 0.0927931  	chisq 2.19448 (3 df)
   28.56 ±  0.093        ( 31.1s) ┃   33.33 ±  0.094        (41.8mi) ┃
┃   16 -    18 ┃   57 -    58 ┃ 17.2073 ± 0.0084        (12.6mi) ┃ -14.644 ±  0.011        (28.5mi) ┃Vegas input parameters:
  ndim 7
  ncomp 1
  nvec 1
  epsrel 0
  epsabs 0
  flags 10
  seed 123456
  mineval 10000000
  maxeval 10000000
  nstart 1000000
  nincrease 1000000
  nbatch 5000
  gridno 0
  statefile ""

Iteration 1:  1000000 integrand evaluations so far
[1] 16.9806 +- 3.13558  	chisq 0 (0 df)

Iteration 2:  3000000 integrand evaluations so far
[1] 14.5567 +- 0.595246  	chisq 0.619945 (1 df)

Iteration 3:  6000000 integrand evaluations so far
[1] 15.5917 +- 0.182204  	chisq 3.95588 (2 df)

Iteration 4:  10000000 integrand evaluations so far
[1] 15.6043 +- 0.0720843  	chisq 3.96152 (3 df)
  15.604 ±  0.072        (   33s) ┃  18.167 ±  0.073        (41.6mi) ┃
┃   16 -    18 ┃   58 -    59 ┃    6.37 ± 0.0018        (25.5mi) ┃ -5.4197 ± 0.0015        (1.86hr) ┃Vegas input parameters:
  ndim 7
  ncomp 1
  nvec 1
  epsrel 0
  epsabs 0
  flags 10
  seed 123456
  mineval 10000000
  maxeval 10000000
  nstart 1000000
  nincrease 1000000
  nbatch 5000
  gridno 0
  statefile ""

Iteration 1:  1000000 integrand evaluations so far
[1] 6.64309 +- 1.88408  	chisq 0 (0 df)

Iteration 2:  3000000 integrand evaluations so far
[1] 3.69427 +- 0.283604  	chisq 2.5064 (1 df)

Iteration 3:  6000000 integrand evaluations so far
[1] 4.52375 +- 0.21539  	chisq 22.7202 (2 df)

Iteration 4:  10000000 integrand evaluations so far
[1] 5.58125 +- 0.0915724  	chisq 52.1435 (3 df)
   5.581 ±  0.092        ( 32.6s) ┃   6.532 ±  0.092        ( 2.3hr) ┃
┃   16 -    18 ┃   59 -    60 ┃ 0.57907 ± 0.00046        (1.72hr) ┃-0.48976 ± 0.00034        (3.77hr) ┃Vegas input parameters:
  ndim 7
  ncomp 1
  nvec 1
  epsrel 0
  epsabs 0
  flags 10
  seed 123456
  mineval 10000000
  maxeval 10000000
  nstart 1000000
  nincrease 1000000
  nbatch 5000
  gridno 0
  statefile ""

Iteration 1:  1000000 integrand evaluations so far
[1] 0.0458358 +- 0.0458358  	chisq 0 (0 df)

Iteration 2:  3000000 integrand evaluations so far
[1] 7.51761e-05 +- 2.50796e-05  	chisq 0.996723 (1 df)

Iteration 3:  6000000 integrand evaluations so far
[1] 7.51915e-05 +- 2.50796e-05  	chisq 3.08083 (2 df)

Iteration 4:  10000000 integrand evaluations so far
[1] 7.53179e-05 +- 2.50795e-05  	chisq 11.5673 (3 df)
   0.075 ±  0.025 ·10⁻⁰³ ( 44.6s) ┃ 0.08939 ± 0.00057        ( 5.5hr) ┃
┃   18 -    20 ┃   25 -    26 ┃ 1.65168 ± 0.00051 ·10⁺⁰³ ( 10.8s) ┃ -1.2961 ± 0.0011 ·10⁺⁰³ (2.54mi) ┃Vegas input parameters:
  ndim 7
  ncomp 1
  nvec 1
  epsrel 0
  epsabs 0
  flags 10
  seed 123456
  mineval 10000000
  maxeval 10000000
  nstart 1000000
  nincrease 1000000
  nbatch 5000
  gridno 0
  statefile ""

Iteration 1:  1000000 integrand evaluations so far
[1] 1280.73 +- 30.5599  	chisq 0 (0 df)

Iteration 2:  3000000 integrand evaluations so far
[1] 1309.23 +- 5.8675  	chisq 0.90283 (1 df)

Iteration 3:  6000000 integrand evaluations so far
[1] 1313.19 +- 3.9228  	chisq 1.72696 (2 df)

Iteration 4:  10000000 integrand evaluations so far
[1] 1315.89 +- 2.9196  	chisq 2.79241 (3 df)
  1.3159 ± 0.0029 ·10⁺⁰³ ( 32.2s) ┃  1.6714 ± 0.0032 ·10⁺⁰³ (3.26mi) ┃
┃   18 -    20 ┃   26 -    27 ┃ 1.83139 ± 0.00089 ·10⁺⁰³ ( 5.47s) ┃-1.42991 ± 0.00057 ·10⁺⁰³ ( 38.6s) ┃Vegas input parameters:
  ndim 7
  ncomp 1
  nvec 1
  epsrel 0
  epsabs 0
  flags 10
  seed 123456
  mineval 10000000
  maxeval 10000000
  nstart 1000000
  nincrease 1000000
  nbatch 5000
  gridno 0
  statefile ""

Iteration 1:  1000000 integrand evaluations so far
[1] 1407.18 +- 31.5292  	chisq 0 (0 df)

Iteration 2:  3000000 integrand evaluations so far
[1] 1472.34 +- 6.54709  	chisq 4.46341 (1 df)

Iteration 3:  6000000 integrand evaluations so far
[1] 1470.69 +- 4.29915  	chisq 4.57491 (2 df)

Iteration 4:  10000000 integrand evaluations so far
[1] 1471.68 +- 3.30644  	chisq 4.70516 (3 df)
  1.4717 ± 0.0033 ·10⁺⁰³ ( 34.5s) ┃  1.8732 ± 0.0035 ·10⁺⁰³ (1.31mi) ┃
┃   18 -    20 ┃   27 -    28 ┃  2.0525 ± 0.0014 ·10⁺⁰³ ( 4.67s) ┃ -1.6279 ± 0.0012 ·10⁺⁰³ (1.37mi) ┃Vegas input parameters:
  ndim 7
  ncomp 1
  nvec 1
  epsrel 0
  epsabs 0
  flags 10
  seed 123456
  mineval 10000000
  maxeval 10000000
  nstart 1000000
  nincrease 1000000
  nbatch 5000
  gridno 0
  statefile ""

Iteration 1:  1000000 integrand evaluations so far
[1] 1698.25 +- 34.2742  	chisq 0 (0 df)

Iteration 2:  3000000 integrand evaluations so far
[1] 1657.19 +- 7.16761  	chisq 1.50113 (1 df)

Iteration 3:  6000000 integrand evaluations so far
[1] 1650.55 +- 4.46234  	chisq 2.90305 (2 df)

Iteration 4:  10000000 integrand evaluations so far
[1] 1649.62 +- 3.2756  	chisq 2.99678 (3 df)
  1.6496 ± 0.0033 ·10⁺⁰³ ( 33.8s) ┃  2.0743 ± 0.0037 ·10⁺⁰³ (2.01mi) ┃
┃   18 -    20 ┃   28 -    29 ┃  2.2857 ± 0.00098 ·10⁺⁰³ ( 5.55s) ┃  -1.802 ± 0.0018 ·10⁺⁰³ (1.39mi) ┃Vegas input parameters:
  ndim 7
  ncomp 1
  nvec 1
  epsrel 0
  epsabs 0
  flags 10
  seed 123456
  mineval 10000000
  maxeval 10000000
  nstart 1000000
  nincrease 1000000
  nbatch 5000
  gridno 0
  statefile ""

Iteration 1:  1000000 integrand evaluations so far
[1] 1819.5 +- 35.1061  	chisq 0 (0 df)

Iteration 2:  3000000 integrand evaluations so far
[1] 1867.81 +- 8.23917  	chisq 2.00479 (1 df)

Iteration 3:  6000000 integrand evaluations so far
[1] 1864.48 +- 5.1471  	chisq 2.27312 (2 df)

Iteration 4:  10000000 integrand evaluations so far
[1] 1869.27 +- 3.79319  	chisq 4.17062 (3 df)
  1.8693 ± 0.0038 ·10⁺⁰³ ( 34.3s) ┃   2.353 ± 0.0043 ·10⁺⁰³ (2.06mi) ┃
┃   18 -    20 ┃   29 -    30 ┃  2.6541 ±  0.001 ·10⁺⁰³ ( 3.06s) ┃ -2.0829 ± 0.0018 ·10⁺⁰³ (1.35mi) ┃Vegas input parameters:
  ndim 7
  ncomp 1
  nvec 1
  epsrel 0
  epsabs 0
  flags 10
  seed 123456
  mineval 10000000
  maxeval 10000000
  nstart 1000000
  nincrease 1000000
  nbatch 5000
  gridno 0
  statefile ""

Iteration 1:  1000000 integrand evaluations so far
[1] 2181.67 +- 38.029  	chisq 0 (0 df)

Iteration 2:  3000000 integrand evaluations so far
[1] 2161.16 +- 9.48017  	chisq 0.310172 (1 df)

Iteration 3:  6000000 integrand evaluations so far
[1] 2152.27 +- 5.94799  	chisq 1.75982 (2 df)

Iteration 4:  10000000 integrand evaluations so far
[1] 2155.26 +- 4.34427  	chisq 2.29941 (3 df)
  2.1553 ± 0.0043 ·10⁺⁰³ ( 28.9s) ┃  2.7265 ± 0.0048 ·10⁺⁰³ (1.88mi) ┃
┃   18 -    20 ┃   30 -    31 ┃  3.1068 ± 0.0012 ·10⁺⁰³ ( 4.81s) ┃ -2.4781 ± 0.0015 ·10⁺⁰³ ( 19.6s) ┃Vegas input parameters:
  ndim 7
  ncomp 1
  nvec 1
  epsrel 0
  epsabs 0
  flags 10
  seed 123456
  mineval 10000000
  maxeval 10000000
  nstart 1000000
  nincrease 1000000
  nbatch 5000
  gridno 0
  statefile ""

Iteration 1:  1000000 integrand evaluations so far
[1] 2592.69 +- 40.8664  	chisq 0 (0 df)

Iteration 2:  3000000 integrand evaluations so far
[1] 2566.05 +- 10.4506  	chisq 0.454718 (1 df)

Iteration 3:  6000000 integrand evaluations so far
[1] 2564.66 +- 6.58459  	chisq 0.484322 (2 df)

Iteration 4:  10000000 integrand evaluations so far
[1] 2570.21 +- 4.96309  	chisq 2.13171 (3 df)
  2.5702 ±  0.005 ·10⁺⁰³ ( 32.5s) ┃  3.1989 ± 0.0053 ·10⁺⁰³ ( 56.9s) ┃
┃   18 -    20 ┃   31 -    32 ┃  4.1551 ± 0.0028 ·10⁺⁰³ ( 9.11s) ┃-3.25479 ± 0.00039 ·10⁺⁰³ (1.41mi) ┃Vegas input parameters:
  ndim 7
  ncomp 1
  nvec 1
  epsrel 0
  epsabs 0
  flags 10
  seed 123456
  mineval 10000000
  maxeval 10000000
  nstart 1000000
  nincrease 1000000
  nbatch 5000
  gridno 0
  statefile ""

Iteration 1:  1000000 integrand evaluations so far
[1] 3507.61 +- 46.5447  	chisq 0 (0 df)

Iteration 2:  3000000 integrand evaluations so far
[1] 3478.61 +- 12.4409  	chisq 0.418265 (1 df)

Iteration 3:  6000000 integrand evaluations so far
[1] 3477.19 +- 7.87943  	chisq 0.439954 (2 df)

Iteration 4:  10000000 integrand evaluations so far
[1] 3480.83 +- 5.88259  	chisq 0.923071 (3 df)
  3.4808 ± 0.0059 ·10⁺⁰³ ( 32.1s) ┃  4.3812 ± 0.0065 ·10⁺⁰³ ( 2.1mi) ┃
┃   18 -    20 ┃   32 -    33 ┃  4.5162 ± 0.0037 ·10⁺⁰³ ( 18.5s) ┃ -3.5355 ± 0.0016 ·10⁺⁰³ (5.26mi) ┃Vegas input parameters:
  ndim 7
  ncomp 1
  nvec 1
  epsrel 0
  epsabs 0
  flags 10
  seed 123456
  mineval 10000000
  maxeval 10000000
  nstart 1000000
  nincrease 1000000
  nbatch 5000
  gridno 0
  statefile ""

Iteration 1:  1000000 integrand evaluations so far
[1] 3724.94 +- 47.3045  	chisq 0 (0 df)

Iteration 2:  3000000 integrand evaluations so far
[1] 3779.11 +- 12.849  	chisq 1.41579 (1 df)

Iteration 3:  6000000 integrand evaluations so far
[1] 3771.53 +- 7.99726  	chisq 1.98373 (2 df)

Iteration 4:  10000000 integrand evaluations so far
[1] 3780.24 +- 6.01296  	chisq 4.70839 (3 df)
  3.7802 ±  0.006 ·10⁺⁰³ ( 33.2s) ┃   4.761 ± 0.0072 ·10⁺⁰³ (6.12mi) ┃
┃   18 -    20 ┃   33 -    34 ┃  3.8313 ± 0.0017 ·10⁺⁰³ ( 32.4s) ┃ -3.0025 ±  0.001 ·10⁺⁰³ (5.22mi) ┃Vegas input parameters:
  ndim 7
  ncomp 1
  nvec 1
  epsrel 0
  epsabs 0
  flags 10
  seed 123456
  mineval 10000000
  maxeval 10000000
  nstart 1000000
  nincrease 1000000
  nbatch 5000
  gridno 0
  statefile ""

Iteration 1:  1000000 integrand evaluations so far
[1] 3153.89 +- 43.4101  	chisq 0 (0 df)

Iteration 2:  3000000 integrand evaluations so far
[1] 3152.38 +- 11.8157  	chisq 0.00129253 (1 df)

Iteration 3:  6000000 integrand evaluations so far
[1] 3161.56 +- 7.7145  	chisq 1.05239 (2 df)

Iteration 4:  10000000 integrand evaluations so far
[1] 3155.71 +- 5.65596  	chisq 2.29666 (3 df)
  3.1557 ± 0.0057 ·10⁺⁰³ ( 27.2s) ┃  3.9845 ±  0.006 ·10⁺⁰³ (6.21mi) ┃
┃   18 -    20 ┃   34 -    35 ┃  3.4122 ± 0.0033 ·10⁺⁰³ ( 24.2s) ┃ -2.6772 ± 0.0012 ·10⁺⁰³ (5.06mi) ┃Vegas input parameters:
  ndim 7
  ncomp 1
  nvec 1
  epsrel 0
  epsabs 0
  flags 10
  seed 123456
  mineval 10000000
  maxeval 10000000
  nstart 1000000
  nincrease 1000000
  nbatch 5000
  gridno 0
  statefile ""

Iteration 1:  1000000 integrand evaluations so far
[1] 2817.82 +- 40.7083  	chisq 0 (0 df)

Iteration 2:  3000000 integrand evaluations so far
[1] 2761.24 +- 10.9185  	chisq 2.08141 (1 df)

Iteration 3:  6000000 integrand evaluations so far
[1] 2763.4 +- 6.81534  	chisq 2.14561 (2 df)

Iteration 4:  10000000 integrand evaluations so far
[1] 2767.7 +- 5.13396  	chisq 3.06593 (3 df)
  2.7677 ± 0.0051 ·10⁺⁰³ ( 31.9s) ┃  3.5027 ± 0.0062 ·10⁺⁰³ (   6mi) ┃
┃   18 -    20 ┃   35 -    36 ┃  3.1378 ± 0.0012 ·10⁺⁰³ (1.08mi) ┃ -2.4644 ± 0.0012 ·10⁺⁰³ (9.92mi) ┃Vegas input parameters:
  ndim 7
  ncomp 1
  nvec 1
  epsrel 0
  epsabs 0
  flags 10
  seed 123456
  mineval 10000000
  maxeval 10000000
  nstart 1000000
  nincrease 1000000
  nbatch 5000
  gridno 0
  statefile ""

Iteration 1:  1000000 integrand evaluations so far
[1] 2574.39 +- 38.8518  	chisq 0 (0 df)

Iteration 2:  3000000 integrand evaluations so far
[1] 2551.01 +- 10.3786  	chisq 0.390051 (1 df)

Iteration 3:  6000000 integrand evaluations so far
[1] 2541.13 +- 6.56326  	chisq 1.90026 (2 df)

Iteration 4:  10000000 integrand evaluations so far
[1] 2540.89 +- 4.92068  	chisq 1.90325 (3 df)
  2.5409 ± 0.0049 ·10⁺⁰³ ( 36.4s) ┃  3.2142 ± 0.0052 ·10⁺⁰³ (11.6mi) ┃
┃   18 -    20 ┃   36 -    37 ┃  2.9542 ± 0.0028 ·10⁺⁰³ ( 10.8s) ┃ -2.3233 ± 0.0022 ·10⁺⁰³ (4.95mi) ┃Vegas input parameters:
  ndim 7
  ncomp 1
  nvec 1
  epsrel 0
  epsabs 0
  flags 10
  seed 123456
  mineval 10000000
  maxeval 10000000
  nstart 1000000
  nincrease 1000000
  nbatch 5000
  gridno 0
  statefile ""

Iteration 1:  1000000 integrand evaluations so far
[1] 2342.35 +- 36.788  	chisq 0 (0 df)

Iteration 2:  3000000 integrand evaluations so far
[1] 2363.95 +- 9.97736  	chisq 0.3721 (1 df)

Iteration 3:  6000000 integrand evaluations so far
[1] 2361.13 +- 6.29366  	chisq 0.504878 (2 df)

Iteration 4:  10000000 integrand evaluations so far
[1] 2365.44 +- 4.76588  	chisq 1.60228 (3 df)
  2.3654 ± 0.0048 ·10⁺⁰³ ( 33.8s) ┃  2.9963 ±  0.006 ·10⁺⁰³ (5.69mi) ┃
┃   18 -    20 ┃   37 -    38 ┃  2.8218 ± 0.0017 ·10⁺⁰³ ( 8.08s) ┃ -2.2181 ± 0.0013 ·10⁺⁰³ (1.28mi) ┃Vegas input parameters:
  ndim 7
  ncomp 1
  nvec 1
  epsrel 0
  epsabs 0
  flags 10
  seed 123456
  mineval 10000000
  maxeval 10000000
  nstart 1000000
  nincrease 1000000
  nbatch 5000
  gridno 0
  statefile ""

Iteration 1:  1000000 integrand evaluations so far
[1] 2255.34 +- 36.0108  	chisq 0 (0 df)

Iteration 2:  3000000 integrand evaluations so far
[1] 2226.41 +- 9.56703  	chisq 0.694521 (1 df)

Iteration 3:  6000000 integrand evaluations so far
[1] 2241.94 +- 6.08906  	chisq 5.12877 (2 df)

Iteration 4:  10000000 integrand evaluations so far
[1] 2244.97 +- 4.60371  	chisq 5.70438 (3 df)
   2.245 ± 0.0046 ·10⁺⁰³ ( 32.5s) ┃  2.8487 ± 0.0051 ·10⁺⁰³ (1.95mi) ┃
┃   18 -    20 ┃   38 -    39 ┃  2.7273 ± 0.0026 ·10⁺⁰³ (1.09mi) ┃ -2.1433 ± 0.0019 ·10⁺⁰³ (4.84mi) ┃Vegas input parameters:
  ndim 7
  ncomp 1
  nvec 1
  epsrel 0
  epsabs 0
  flags 10
  seed 123456
  mineval 10000000
  maxeval 10000000
  nstart 1000000
  nincrease 1000000
  nbatch 5000
  gridno 0
  statefile ""

Iteration 1:  1000000 integrand evaluations so far
[1] 2155.18 +- 35.1356  	chisq 0 (0 df)

Iteration 2:  3000000 integrand evaluations so far
[1] 2173.48 +- 9.39881  	chisq 0.292233 (1 df)

Iteration 3:  6000000 integrand evaluations so far
[1] 2167.57 +- 5.97169  	chisq 0.95582 (2 df)

Iteration 4:  10000000 integrand evaluations so far
[1] 2168.16 +- 4.43562  	chisq 0.977964 (3 df)
  2.1682 ± 0.0044 ·10⁺⁰³ ( 31.6s) ┃  2.7521 ± 0.0055 ·10⁺⁰³ (6.46mi) ┃
┃   18 -    20 ┃   39 -    40 ┃   2.669 ± 0.0026 ·10⁺⁰³ (1.02mi) ┃ -2.0946 ± 0.0021 ·10⁺⁰³ (4.81mi) ┃Vegas input parameters:
  ndim 7
  ncomp 1
  nvec 1
  epsrel 0
  epsabs 0
  flags 10
  seed 123456
  mineval 10000000
  maxeval 10000000
  nstart 1000000
  nincrease 1000000
  nbatch 5000
  gridno 0
  statefile ""

Iteration 1:  1000000 integrand evaluations so far
[1] 2119.72 +- 34.7312  	chisq 0 (0 df)

Iteration 2:  3000000 integrand evaluations so far
[1] 2118.69 +- 9.29831  	chisq 0.000951123 (1 df)

Iteration 3:  6000000 integrand evaluations so far
[1] 2116.01 +- 5.84749  	chisq 0.138742 (2 df)

Iteration 4:  10000000 integrand evaluations so far
[1] 2113.51 +- 4.30593  	chisq 0.536496 (3 df)
  2.1135 ± 0.0043 ·10⁺⁰³ ( 31.8s) ┃  2.6879 ± 0.0055 ·10⁺⁰³ (6.36mi) ┃
┃   18 -    20 ┃   40 -    41 ┃  2.6666 ± 0.0011 ·10⁺⁰³ ( 10.7s) ┃ -2.0853 ± 0.0012 ·10⁺⁰³ (2.54mi) ┃Vegas input parameters:
  ndim 7
  ncomp 1
  nvec 1
  epsrel 0
  epsabs 0
  flags 10
  seed 123456
  mineval 10000000
  maxeval 10000000
  nstart 1000000
  nincrease 1000000
  nbatch 5000
  gridno 0
  statefile ""

Iteration 1:  1000000 integrand evaluations so far
[1] 2106.07 +- 34.6243  	chisq 0 (0 df)

Iteration 2:  3000000 integrand evaluations so far
[1] 2098.46 +- 9.23736  	chisq 0.052017 (1 df)

Iteration 3:  6000000 integrand evaluations so far
[1] 2084.86 +- 5.72204  	chisq 3.56767 (2 df)

Iteration 4:  10000000 integrand evaluations so far
[1] 2084.75 +- 4.33487  	chisq 3.56856 (3 df)
  2.0848 ± 0.0043 ·10⁺⁰³ ( 36.8s) ┃  2.6661 ± 0.0046 ·10⁺⁰³ (3.33mi) ┃
┃   18 -    20 ┃   41 -    42 ┃  2.6199 ± 0.0026 ·10⁺⁰³ ( 16.8s) ┃-2.05293 ± 0.0003 ·10⁺⁰³ (2.52mi) ┃Vegas input parameters:
  ndim 7
  ncomp 1
  nvec 1
  epsrel 0
  epsabs 0
  flags 10
  seed 123456
  mineval 10000000
  maxeval 10000000
  nstart 1000000
  nincrease 1000000
  nbatch 5000
  gridno 0
  statefile ""

Iteration 1:  1000000 integrand evaluations so far
[1] 2088.14 +- 34.4618  	chisq 0 (0 df)

Iteration 2:  3000000 integrand evaluations so far
[1] 2086.48 +- 9.7705  	chisq 0.00254543 (1 df)

Iteration 3:  6000000 integrand evaluations so far
[1] 2084.36 +- 5.97924  	chisq 0.0773401 (2 df)

Iteration 4:  10000000 integrand evaluations so far
[1] 2083.12 +- 4.3351  	chisq 0.168198 (3 df)
  2.0831 ± 0.0043 ·10⁺⁰³ (   34s) ┃  2.6501 ± 0.0051 ·10⁺⁰³ (3.36mi) ┃
┃   18 -    20 ┃   42 -    43 ┃  2.6733 ± 0.0014 ·10⁺⁰³ ( 33.7s) ┃ -2.0934 ±  0.001 ·10⁺⁰³ (1.33mi) ┃Vegas input parameters:
  ndim 7
  ncomp 1
  nvec 1
  epsrel 0
  epsabs 0
  flags 10
  seed 123456
  mineval 10000000
  maxeval 10000000
  nstart 1000000
  nincrease 1000000
  nbatch 5000
  gridno 0
  statefile ""

Iteration 1:  1000000 integrand evaluations so far
[1] 2104.88 +- 34.705  	chisq 0 (0 df)

Iteration 2:  3000000 integrand evaluations so far
[1] 2128.24 +- 9.10342  	chisq 0.486428 (1 df)

Iteration 3:  6000000 integrand evaluations so far
[1] 2130.44 +- 5.85279  	chisq 0.586627 (2 df)

Iteration 4:  10000000 integrand evaluations so far
[1] 2126.35 +- 4.36484  	chisq 1.68812 (3 df)
  2.1264 ± 0.0044 ·10⁺⁰³ ( 33.8s) ┃  2.7063 ± 0.0047 ·10⁺⁰³ (2.46mi) ┃
┃   18 -    20 ┃   43 -    44 ┃   2.824 ± 0.0015 ·10⁺⁰³ (   32s) ┃ -2.2154 ±  0.002 ·10⁺⁰³ (2.54mi) ┃Vegas input parameters:
  ndim 7
  ncomp 1
  nvec 1
  epsrel 0
  epsabs 0
  flags 10
  seed 123456
  mineval 10000000
  maxeval 10000000
  nstart 1000000
  nincrease 1000000
  nbatch 5000
  gridno 0
  statefile ""

Iteration 1:  1000000 integrand evaluations so far
[1] 2257.43 +- 36.0863  	chisq 0 (0 df)

Iteration 2:  3000000 integrand evaluations so far
[1] 2278.19 +- 9.47368  	chisq 0.355477 (1 df)

Iteration 3:  6000000 integrand evaluations so far
[1] 2265.41 +- 5.88299  	chisq 3.31692 (2 df)

Iteration 4:  10000000 integrand evaluations so far
[1] 2268.96 +- 4.42868  	chisq 4.15602 (3 df)
   2.269 ± 0.0044 ·10⁺⁰³ ( 32.1s) ┃  2.8776 ± 0.0051 ·10⁺⁰³ (3.61mi) ┃
┃   18 -    20 ┃   44 -    45 ┃   2.946 ± 0.0021 ·10⁺⁰³ ( 8.65s) ┃ -2.3075 ± 0.0013 ·10⁺⁰³ (   35s) ┃Vegas input parameters:
  ndim 7
  ncomp 1
  nvec 1
  epsrel 0
  epsabs 0
  flags 10
  seed 123456
  mineval 10000000
  maxeval 10000000
  nstart 1000000
  nincrease 1000000
  nbatch 5000
  gridno 0
  statefile ""

Iteration 1:  1000000 integrand evaluations so far
[1] 2388.73 +- 37.1283  	chisq 0 (0 df)

Iteration 2:  3000000 integrand evaluations so far
[1] 2374.99 +- 9.70346  	chisq 0.146894 (1 df)

Iteration 3:  6000000 integrand evaluations so far
[1] 2381.65 +- 6.18726  	chisq 0.94023 (2 df)

Iteration 4:  10000000 integrand evaluations so far
[1] 2388.42 +- 4.57574  	chisq 3.58292 (3 df)
  2.3884 ± 0.0046 ·10⁺⁰³ ( 30.3s) ┃  3.0269 ± 0.0052 ·10⁺⁰³ (1.23mi) ┃
┃   18 -    20 ┃   45 -    46 ┃  2.9403 ± 0.0014 ·10⁺⁰³ ( 5.43s) ┃ -2.3182 ± 0.0015 ·10⁺⁰³ ( 4.9mi) ┃Vegas input parameters:
  ndim 7
  ncomp 1
  nvec 1
  epsrel 0
  epsabs 0
  flags 10
  seed 123456
  mineval 10000000
  maxeval 10000000
  nstart 1000000
  nincrease 1000000
  nbatch 5000
  gridno 0
  statefile ""

Iteration 1:  1000000 integrand evaluations so far
[1] 2465.29 +- 37.8157  	chisq 0 (0 df)

Iteration 2:  3000000 integrand evaluations so far
[1] 2415.89 +- 9.7394  	chisq 1.82813 (1 df)

Iteration 3:  6000000 integrand evaluations so far
[1] 2417.96 +- 6.009  	chisq 1.90097 (2 df)

Iteration 4:  10000000 integrand evaluations so far
[1] 2420.35 +- 4.47451  	chisq 2.25738 (3 df)
  2.4204 ± 0.0045 ·10⁺⁰³ (   32s) ┃  3.0425 ± 0.0049 ·10⁺⁰³ (5.52mi) ┃
┃   18 -    20 ┃   46 -    47 ┃  2.9209 ± 0.0012 ·10⁺⁰³ ( 5.44s) ┃ -2.2911 ± 0.0012 ·10⁺⁰³ (1.25mi) ┃Vegas input parameters:
  ndim 7
  ncomp 1
  nvec 1
  epsrel 0
  epsabs 0
  flags 10
  seed 123456
  mineval 10000000
  maxeval 10000000
  nstart 1000000
  nincrease 1000000
  nbatch 5000
  gridno 0
  statefile ""

Iteration 1:  1000000 integrand evaluations so far
[1] 2397.78 +- 36.9976  	chisq 0 (0 df)

Iteration 2:  3000000 integrand evaluations so far
[1] 2398.39 +- 9.42908  	chisq 0.000287585 (1 df)

Iteration 3:  6000000 integrand evaluations so far
[1] 2411.83 +- 5.84086  	chisq 3.29532 (2 df)

Iteration 4:  10000000 integrand evaluations so far
[1] 2418.33 +- 4.41229  	chisq 6.18628 (3 df)
  2.4183 ± 0.0044 ·10⁺⁰³ ( 31.5s) ┃  3.0481 ± 0.0047 ·10⁺⁰³ (1.86mi) ┃
┃   18 -    20 ┃   47 -    48 ┃  2.9094 ± 0.0011 ·10⁺⁰³ ( 15.8s) ┃ -2.2726 ± 0.0015 ·10⁺⁰³ (1.29mi) ┃Vegas input parameters:
  ndim 7
  ncomp 1
  nvec 1
  epsrel 0
  epsabs 0
  flags 10
  seed 123456
  mineval 10000000
  maxeval 10000000
  nstart 1000000
  nincrease 1000000
  nbatch 5000
  gridno 0
  statefile ""

Iteration 1:  1000000 integrand evaluations so far
[1] 2387.91 +- 36.9178  	chisq 0 (0 df)

Iteration 2:  3000000 integrand evaluations so far
[1] 2409.44 +- 9.19459  	chisq 0.362642 (1 df)

Iteration 3:  6000000 integrand evaluations so far
[1] 2422.41 +- 5.67792  	chisq 3.57859 (2 df)

Iteration 4:  10000000 integrand evaluations so far
[1] 2417.26 +- 4.16954  	chisq 5.36361 (3 df)
  2.4173 ± 0.0042 ·10⁺⁰³ ( 31.2s) ┃  3.0541 ± 0.0046 ·10⁺⁰³ (2.08mi) ┃
┃   18 -    20 ┃   48 -    49 ┃  2.8751 ± 0.0021 ·10⁺⁰³ ( 9.02s) ┃ -2.2561 ±  0.001 ·10⁺⁰³ ( 6.57s) ┃Vegas input parameters:
  ndim 7
  ncomp 1
  nvec 1
  epsrel 0
  epsabs 0
  flags 10
  seed 123456
  mineval 10000000
  maxeval 10000000
  nstart 1000000
  nincrease 1000000
  nbatch 5000
  gridno 0
  statefile ""

Iteration 1:  1000000 integrand evaluations so far
[1] 2408.74 +- 36.9865  	chisq 0 (0 df)

Iteration 2:  3000000 integrand evaluations so far
[1] 2425.92 +- 9.00414  	chisq 0.229264 (1 df)

Iteration 3:  6000000 integrand evaluations so far
[1] 2433.2 +- 5.56824  	chisq 1.28843 (2 df)

Iteration 4:  10000000 integrand evaluations so far
[1] 2429.54 +- 4.15021  	chisq 2.25994 (3 df)
  2.4295 ± 0.0042 ·10⁺⁰³ ( 32.1s) ┃  3.0486 ± 0.0048 ·10⁺⁰³ ( 47.7s) ┃
┃   18 -    20 ┃   49 -    50 ┃ 2.84992 ± 0.00052 ·10⁺⁰³ ( 39.1s) ┃-2.23131 ± 0.00096 ·10⁺⁰³ ( 2.3mi) ┃Vegas input parameters:
  ndim 7
  ncomp 1
  nvec 1
  epsrel 0
  epsabs 0
  flags 10
  seed 123456
  mineval 10000000
  maxeval 10000000
  nstart 1000000
  nincrease 1000000
  nbatch 5000
  gridno 0
  statefile ""

Iteration 1:  1000000 integrand evaluations so far
[1] 2461.82 +- 37.4045  	chisq 0 (0 df)

Iteration 2:  3000000 integrand evaluations so far
[1] 2444.04 +- 8.62134  	chisq 0.238607 (1 df)

Iteration 3:  6000000 integrand evaluations so far
[1] 2455.77 +- 5.32656  	chisq 3.23355 (2 df)

Iteration 4:  10000000 integrand evaluations so far
[1] 2447.24 +- 3.89685  	chisq 8.75041 (3 df)
  2.4472 ± 0.0039 ·10⁺⁰³ ( 35.6s) ┃  3.0658 ±  0.004 ·10⁺⁰³ (3.55mi) ┃
┃   18 -    20 ┃   50 -    51 ┃  2.4704 ± 0.0012 ·10⁺⁰³ (   30s) ┃ -1.9256 ± 0.0017 ·10⁺⁰³ (2.19mi) ┃Vegas input parameters:
  ndim 7
  ncomp 1
  nvec 1
  epsrel 0
  epsabs 0
  flags 10
  seed 123456
  mineval 10000000
  maxeval 10000000
  nstart 1000000
  nincrease 1000000
  nbatch 5000
  gridno 0
  statefile ""

Iteration 1:  1000000 integrand evaluations so far
[1] 2098.75 +- 34.3394  	chisq 0 (0 df)

Iteration 2:  3000000 integrand evaluations so far
[1] 2129.19 +- 7.79666  	chisq 0.828195 (1 df)

Iteration 3:  6000000 integrand evaluations so far
[1] 2142.58 +- 4.8165  	chisq 5.60053 (2 df)

Iteration 4:  10000000 integrand evaluations so far
[1] 2142.21 +- 3.53133  	chisq 5.61344 (3 df)
  2.1422 ± 0.0035 ·10⁺⁰³ ( 33.1s) ┃   2.687 ± 0.0041 ·10⁺⁰³ (3.24mi) ┃
┃   18 -    20 ┃   51 -    52 ┃  1.0399 ± 0.00036 ·10⁺⁰³ (1.75mi) ┃ -810.03 ±   0.72        (4.01mi) ┃Vegas input parameters:
  ndim 7
  ncomp 1
  nvec 1
  epsrel 0
  epsabs 0
  flags 10
  seed 123456
  mineval 10000000
  maxeval 10000000
  nstart 1000000
  nincrease 1000000
  nbatch 5000
  gridno 0
  statefile ""

Iteration 1:  1000000 integrand evaluations so far
[1] 869.444 +- 21.8186  	chisq 0 (0 df)

Iteration 2:  3000000 integrand evaluations so far
[1] 896.036 +- 4.45786  	chisq 1.55009 (1 df)

Iteration 3:  6000000 integrand evaluations so far
[1] 900.659 +- 2.65312  	chisq 3.21562 (2 df)

Iteration 4:  10000000 integrand evaluations so far
[1] 902.572 +- 1.93872  	chisq 4.33089 (3 df)
   902.6 ±    1.9        ( 31.5s) ┃  1.1324 ± 0.0021 ·10⁺⁰³ (6.28mi) ┃
┃   18 -    20 ┃   52 -    53 ┃  365.29 ±   0.34        (1.74mi) ┃ -288.03 ±   0.25        ( 3.8mi) ┃Vegas input parameters:
  ndim 7
  ncomp 1
  nvec 1
  epsrel 0
  epsabs 0
  flags 10
  seed 123456
  mineval 10000000
  maxeval 10000000
  nstart 1000000
  nincrease 1000000
  nbatch 5000
  gridno 0
  statefile ""

Iteration 1:  1000000 integrand evaluations so far
[1] 284.454 +- 12.2172  	chisq 0 (0 df)

Iteration 2:  3000000 integrand evaluations so far
[1] 313.111 +- 1.54052  	chisq 5.5911 (1 df)

Iteration 3:  6000000 integrand evaluations so far
[1] 314.474 +- 0.907915  	chisq 6.79056 (2 df)

Iteration 4:  10000000 integrand evaluations so far
[1] 315.418 +- 0.723611  	chisq 9.75489 (3 df)
  315.42 ±   0.72        ( 33.2s) ┃  392.67 ±   0.84        ( 6.1mi) ┃
┃   18 -    20 ┃   53 -    54 ┃  189.89 ±   0.16        (3.25mi) ┃ -150.63 ±  0.064        (28.8mi) ┃Vegas input parameters:
  ndim 7
  ncomp 1
  nvec 1
  epsrel 0
  epsabs 0
  flags 10
  seed 123456
  mineval 10000000
  maxeval 10000000
  nstart 1000000
  nincrease 1000000
  nbatch 5000
  gridno 0
  statefile ""

Iteration 1:  1000000 integrand evaluations so far
[1] 172.037 +- 9.33569  	chisq 0 (0 df)

Iteration 2:  3000000 integrand evaluations so far
[1] 163.612 +- 0.777444  	chisq 0.82013 (1 df)

Iteration 3:  6000000 integrand evaluations so far
[1] 163.621 +- 0.476948  	chisq 0.820348 (2 df)

Iteration 4:  10000000 integrand evaluations so far
[1] 163.545 +- 0.336681  	chisq 0.870232 (3 df)
  163.55 ±   0.34        ( 31.7s) ┃  202.81 ±   0.38        (32.6mi) ┃
┃   18 -    20 ┃   54 -    55 ┃  114.17 ±  0.027        (6.33mi) ┃ -91.253 ±  0.017        ( 7.3mi) ┃Vegas input parameters:
  ndim 7
  ncomp 1
  nvec 1
  epsrel 0
  epsabs 0
  flags 10
  seed 123456
  mineval 10000000
  maxeval 10000000
  nstart 1000000
  nincrease 1000000
  nbatch 5000
  gridno 0
  statefile ""

Iteration 1:  1000000 integrand evaluations so far
[1] 92.3799 +- 6.76171  	chisq 0 (0 df)

Iteration 2:  3000000 integrand evaluations so far
[1] 98.5537 +- 0.484232  	chisq 0.837983 (1 df)

Iteration 3:  6000000 integrand evaluations so far
[1] 98.8537 +- 0.279587  	chisq 1.41379 (2 df)

Iteration 4:  10000000 integrand evaluations so far
[1] 98.7216 +- 0.198448  	chisq 1.86375 (3 df)
   98.72 ±    0.2        ( 33.8s) ┃  121.64 ±    0.2        (14.2mi) ┃
┃   18 -    20 ┃   55 -    56 ┃  72.534 ±  0.049        (6.11mi) ┃ -58.212 ±  0.032        (14.5mi) ┃Vegas input parameters:
  ndim 7
  ncomp 1
  nvec 1
  epsrel 0
  epsabs 0
  flags 10
  seed 123456
  mineval 10000000
  maxeval 10000000
  nstart 1000000
  nincrease 1000000
  nbatch 5000
  gridno 0
  statefile ""

Iteration 1:  1000000 integrand evaluations so far
[1] 75.3904 +- 6.25197  	chisq 0 (0 df)

Iteration 2:  3000000 integrand evaluations so far
[1] 62.705 +- 0.320007  	chisq 4.1278 (1 df)

Iteration 3:  6000000 integrand evaluations so far
[1] 62.9534 +- 0.179963  	chisq 5.00906 (2 df)

Iteration 4:  10000000 integrand evaluations so far
[1] 62.8884 +- 0.123353  	chisq 5.25506 (3 df)
   62.89 ±   0.12        ( 30.9s) ┃   77.21 ±   0.14        (21.2mi) ┃
┃   18 -    20 ┃   56 -    57 ┃  46.502 ±  0.029        (  12mi) ┃-37.4696 ± 0.0076        (28.5mi) ┃Vegas input parameters:
  ndim 7
  ncomp 1
  nvec 1
  epsrel 0
  epsabs 0
  flags 10
  seed 123456
  mineval 10000000
  maxeval 10000000
  nstart 1000000
  nincrease 1000000
  nbatch 5000
  gridno 0
  statefile ""

Iteration 1:  1000000 integrand evaluations so far
[1] 53.3687 +- 5.14369  	chisq 0 (0 df)

Iteration 2:  3000000 integrand evaluations so far
[1] 40.45 +- 0.22982  	chisq 6.32056 (1 df)

Iteration 3:  6000000 integrand evaluations so far
[1] 40.5002 +- 0.116748  	chisq 6.38483 (2 df)

Iteration 4:  10000000 integrand evaluations so far
[1] 40.4475 +- 0.0797637  	chisq 6.76587 (3 df)
  40.448 ±   0.08        ( 31.9s) ┃   49.48 ±  0.085        (  41mi) ┃
┃   18 -    20 ┃   57 -    58 ┃ 28.8068 ± 0.0095        (7.14mi) ┃ -23.324 ±  0.011        (14.3mi) ┃Vegas input parameters:
  ndim 7
  ncomp 1
  nvec 1
  epsrel 0
  epsabs 0
  flags 10
  seed 123456
  mineval 10000000
  maxeval 10000000
  nstart 1000000
  nincrease 1000000
  nbatch 5000
  gridno 0
  statefile ""

Iteration 1:  1000000 integrand evaluations so far
[1] 26.7718 +- 3.65339  	chisq 0 (0 df)

Iteration 2:  3000000 integrand evaluations so far
[1] 25.3355 +- 0.476889  	chisq 0.157255 (1 df)

Iteration 3:  6000000 integrand evaluations so far
[1] 25.3957 +- 0.162241  	chisq 0.175297 (2 df)

Iteration 4:  10000000 integrand evaluations so far
[1] 25.1754 +- 0.0767983  	chisq 2.55106 (3 df)
  25.175 ±  0.077        ( 32.3s) ┃  30.658 ±  0.078        (  22mi) ┃
┃   18 -    20 ┃   58 -    59 ┃ 16.1446 ± 0.0053        (3.57mi) ┃ -13.076 ± 0.0083        (56.1mi) ┃Vegas input parameters:
  ndim 7
  ncomp 1
  nvec 1
  epsrel 0
  epsabs 0
  flags 10
  seed 123456
  mineval 10000000
  maxeval 10000000
  nstart 1000000
  nincrease 1000000
  nbatch 5000
  gridno 0
  statefile ""

Iteration 1:  1000000 integrand evaluations so far
[1] 15.7409 +- 2.7677  	chisq 0 (0 df)

Iteration 2:  3000000 integrand evaluations so far
[1] 14.1868 +- 0.376327  	chisq 0.321233 (1 df)

Iteration 3:  6000000 integrand evaluations so far
[1] 14.3149 +- 0.278042  	chisq 0.576528 (2 df)

Iteration 4:  10000000 integrand evaluations so far
[1] 14.15 +- 0.0867188  	chisq 0.966218 (3 df)
   14.15 ±  0.087        ( 31.8s) ┃  17.219 ±  0.087        (   1hr) ┃
┃   18 -    20 ┃   59 -    60 ┃   6.678 ± 0.0055        (7.19mi) ┃ -5.4203 ± 0.0012        (56.5mi) ┃Vegas input parameters:
  ndim 7
  ncomp 1
  nvec 1
  epsrel 0
  epsabs 0
  flags 10
  seed 123456
  mineval 10000000
  maxeval 10000000
  nstart 1000000
  nincrease 1000000
  nbatch 5000
  gridno 0
  statefile ""

Iteration 1:  1000000 integrand evaluations so far
[1] 6.99875 +- 1.79946  	chisq 0 (0 df)

Iteration 2:  3000000 integrand evaluations so far
[1] 6.5077 +- 1.26811  	chisq 0.147932 (1 df)

Iteration 3:  6000000 integrand evaluations so far
[1] 6.48256 +- 0.55812  	chisq 0.14842 (2 df)

Iteration 4:  10000000 integrand evaluations so far
[1] 5.9753 +- 0.124022  	chisq 1.01738 (3 df)
    5.98 ±   0.12        ( 31.7s) ┃    7.23 ±   0.12        (1.07hr) ┃
┣━━━━━━━━━━━━━━╋━━━━━━━━━━━━━━╋━━━━━━━━━━━━━━━━━━━━━━━━━━━━━━━━━━╋━━━━━━━━━━━━━━━━━━━━━━━━━━━━━━━━━━╋━━━━━━━━━━━━━━━━━━━━━━━━━━━━━━━━━━╋━━━━━━━━━━━━━━━━━━━━━━━━━━━━━━━━━━┫
┃   16 -    20 ┃   25 -    60 ┃ 165.885 ±  0.015 ·10⁺⁰³ (4.33hr) ┃-133.568 ±  0.011 ·10⁺⁰³ (14.5hr) ┃ 138.529 ±  0.036 ·10⁺⁰³ (37.9mi) ┃ 170.846 ±   0.04 ·10⁺⁰³ (19.5hr) ┃
┗━━━━━━━━━━━━━━┻━━━━━━━━━━━━━━┻━━━━━━━━━━━━━━━━━━━━━━━━━━━━━━━━━━┻━━━━━━━━━━━━━━━━━━━━━━━━━━━━━━━━━━┻━━━━━━━━━━━━━━━━━━━━━━━━━━━━━━━━━━┻━━━━━━━━━━━━━━━━━━━━━━━━━━━━━━━━━━┛

╍╍╍╍╍╍╍╍╍╍╍╍╍╍╍╍╍╍╍╍╍╍╍╍╍╍╍╍╍╍╍╍ Summary ╍╍╍╍╍╍╍╍╍╍╍╍╍╍╍╍╍╍╍╍╍╍╍╍╍╍╍╍╍╍╍
      Total cross section                    170.846 ± 0.04          pb
         Calculation time                               19.5       hours
              Output file                    outputs/qt_qt16_20_NLL_muR1.0_muF2.0.root            
      Result in text file                    outputs/qt_qt16_20_NLL_muR1.0_muF2.0.txt            

╍╍╍╍╍╍╍╍╍╍╍╍╍╍╍╍╍╍╍╍╍╍╍╍╍╍╍╍╍╍╍╍╍╍╍╍╍╍╍╍╍╍╍╍╍╍╍╍╍╍╍╍╍╍╍╍╍╍╍╍╍╍╍╍╍╍╍╍╍╍╍╍

