
╍╍╍╍╍╍╍╍╍╍╍╍╍╍╍╍╍╍╍╍╍╍╍╍╍╍╍ Process settings ╍╍╍╍╍╍╍╍╍╍╍╍╍╍╍╍╍╍╍╍╍╍╍╍╍╍╍
   proton-proton collisions at sqrt(s) = 13000 GeV 
   Computing NLO+NLL resummed cross section
   W+ ->  nu(p3)+e+(p4) production 

╍╍╍╍╍╍╍╍╍╍╍╍╍╍╍╍╍╍╍╍╍╍╍╍╍╍╍╍╍╍ CKM matrix ╍╍╍╍╍╍╍╍╍╍╍╍╍╍╍╍╍╍╍╍╍╍╍╍╍╍╍╍╍╍
     | Vud Vus Vub |   |   0.97427   0.2253  0.00351 | 
     | Vcd Vcs Vcb | = |    0.2252  0.97344   0.0412 | 
     | Vtd Vts Vtb |   |         0        0        0 | 

╍╍╍╍╍╍╍╍╍╍╍╍╍╍╍╍╍╍╍╍╍╍╍╍╍╍╍╍╍ EW parameters ╍╍╍╍╍╍╍╍╍╍╍╍╍╍╍╍╍╍╍╍╍╍╍╍╍╍╍╍
                                         Gf =  1.1663787e-05      GeV^-2
                                    1/alpha =  132.233229791            
                                 sin(thW)^2 = 0.222897222524            
                                     W mass =         80.385         GeV
                                     Z mass =        91.1876         GeV
                                    W width =          2.091         GeV
                                    Z width =          2.495         GeV

╍╍╍╍╍╍╍╍╍╍╍╍╍╍╍╍╍╍╍╍╍╍╍╍╍╍╍╍╍ QCD settings ╍╍╍╍╍╍╍╍╍╍╍╍╍╍╍╍╍╍╍╍╍╍╍╍╍╍╍╍╍
   Renormalization scale:     dynamic muren =              1      * m_ll
     Factorization scale:     dynamic mufac =              2      * m_ll
       Resummation scale:     dynamic mures =              1      * m_ll
          Strong coupling       alpha_s(MZ) =       0.118001            
                              running order =              2       -loop
         Non-perturbative     form factor g =            0.7       GeV^2

╍╍╍╍╍╍╍╍╍╍╍╍╍╍╍╍╍╍╍╍╍╍╍╍╍╍╍╍╍ PDF settings ╍╍╍╍╍╍╍╍╍╍╍╍╍╍╍╍╍╍╍╍╍╍╍╍╍╍╍╍╍
                                     PDF set:MSHT20nnlo_as118            
                                  PDF member:              0            
  Mellin moments of PDFs:                    Numerical integration            
                         nodes for the quadrature:            200            
                         Intervals for the quadrature:              1            

╍╍╍╍╍╍╍╍╍╍╍╍╍╍╍╍╍╍╍╍╍╍╍╍╍╍╍╍╍╍╍ qT recoil ╍╍╍╍╍╍╍╍╍╍╍╍╍╍╍╍╍╍╍╍╍╍╍╍╍╍╍╍╍╍
  qt-recoil prescription:       Collins-Soper kt1 = p_V(x)/2; kt2 = p_V(y)/2            

╍╍╍╍╍╍╍╍╍╍╍╍╍╍╍╍╍╍╍╍╍╍╍╍╍╍╍╍╍╍╍╍╍ Cuts ╍╍╍╍╍╍╍╍╍╍╍╍╍╍╍╍╍╍╍╍╍╍╍╍╍╍╍╍╍╍╍╍╍
                                  apply cuts:           true            
                                      pt_l >               0            
                                   |eta_l| <            1000            
                                    pt_lep >              25            
                                 |eta_lep| <             2.4            
                                   pt_alep >              25            
                                |eta_alep| <             2.4            
                                  user cuts:            true            

╍╍╍╍╍╍╍╍╍╍╍╍╍╍╍╍╍╍╍╍╍╍╍╍╍╍╍╍ ResummationDamp ╍╍╍╍╍╍╍╍╍╍╍╍╍╍╍╍╍╍╍╍╍╍╍╍╍╍╍
                                    damping :             on            
                                damping mode:              1            
                                  damp above:        60.2888         GeV
                               damping width:        20.0963         GeV
                          resummation cutoff:             20         MeV

╍╍╍╍╍╍╍╍╍╍╍╍╍╍╍╍╍╍╍╍╍╍╍╍╍╍╍╍ Debug settings ╍╍╍╍╍╍╍╍╍╍╍╍╍╍╍╍╍╍╍╍╍╍╍╍╍╍╍╍
                                 timeprofile:          false            
                                     verbose:          false            
                               cubaverbosity:              2            

╍╍╍╍╍╍╍╍╍╍╍╍╍╍╍╍╍╍╍╍╍╍╍╍╍╍╍╍╍╍╍╍╍╍╍╍╍╍╍╍╍╍╍╍╍╍╍╍╍╍╍╍╍╍╍╍╍╍╍╍╍╍╍╍╍╍╍╍╍╍╍╍

Warning: Histogram `a1_qt` contains non-integrable observable and will be deleted 
Warning: Histogram `a1_qt_vs_y` contains non-integrable observable and will be deleted 
Warning: Histogram `s_biganswer` contains non-integrable observable and will be deleted 
Warning: Histogram `wgt_a1_qt` contains non-integrable observable and will be deleted 

╍╍╍╍╍╍╍╍╍╍╍╍╍╍╍╍╍╍╍╍╍╍╍╍╍ Integration settings ╍╍╍╍╍╍╍╍╍╍╍╍╍╍╍╍╍╍╍╍╍╍╍╍╍
             Random seeds              123456                           
           Parallel cores                   1                           

             Resummation:     cuhre (dm, dpt)         iter =           5
                                   gauss (dy)        nodes =          64
                                                 intervals =           1
            Counter term:      cuhre (dm, dy)         iter =           5
                                  gauss (dpt)        nodes =          20
                                                 intervals =           5
                     V+J:            vegas 7D       ncalls =    10000000

Mellin inverse transform:           gaussian         nodes =          30
                                                 intervals =           1
                               imaginary axis         zmax =           2
  Angular variable costh:     semi-analytical      ncstart =         100
   Angular variables phi:            gaussian    intervals =          20

      Constant boundaries                  q2          low =          80
                                                      high =         100
                                            y          low =          -6
                                                      high =           6
                                        costh          low =          -1
                                                      high =           1
                                       eta(l)          low =         -10
                                                      high =          10

┏━━━━━━━━━━━━━━┰━━━━━━━━━━━━━━┰━━━━━━━━━━━━━━━━━━━━━━━━━━━━━━━━━━┰━━━━━━━━━━━━━━━━━━━━━━━━━━━━━━━━━━┰━━━━━━━━━━━━━━━━━━━━━━━━━━━━━━━━━━┰━━━━━━━━━━━━━━━━━━━━━━━━━━━━━━━━━━┓
┃           qT ┃        pT(l) ┃                      Resummation ┃                     Counter term ┃                              V+J ┃                            TOTAL ┃
┣━━━━━━━━━━━━━━╋━━━━━━━━━━━━━━╋━━━━━━━━━━━━━━━━━━━━━━━━━━━━━━━━━━╋━━━━━━━━━━━━━━━━━━━━━━━━━━━━━━━━━━╋━━━━━━━━━━━━━━━━━━━━━━━━━━━━━━━━━━╋━━━━━━━━━━━━━━━━━━━━━━━━━━━━━━━━━━┫
┃   20 -    22 ┃   25 -    26 ┃  1.5078 ± 0.0014 ·10⁺⁰³ ( 10.4s) ┃ -1.1429 ± 0.00048 ·10⁺⁰³ (2.42mi) ┃Vegas input parameters:
  ndim 7
  ncomp 1
  nvec 1
  epsrel 0
  epsabs 0
  flags 10
  seed 123456
  mineval 10000000
  maxeval 10000000
  nstart 1000000
  nincrease 1000000
  nbatch 5000
  gridno 0
  statefile ""

Iteration 1:  1000000 integrand evaluations so far
[1] 1090.09 +- 26.0217  	chisq 0 (0 df)

Iteration 2:  3000000 integrand evaluations so far
[1] 1165.43 +- 6.03949  	chisq 8.86213 (1 df)

Iteration 3:  6000000 integrand evaluations so far
[1] 1164.8 +- 3.73275  	chisq 8.88008 (2 df)

Iteration 4:  10000000 integrand evaluations so far
[1] 1164.61 +- 2.74933  	chisq 8.8857 (3 df)
  1.1646 ± 0.0027 ·10⁺⁰³ ( 30.1s) ┃  1.5295 ± 0.0031 ·10⁺⁰³ (3.09mi) ┃
┃   20 -    22 ┃   26 -    27 ┃ 1.66441 ± 0.00055 ·10⁺⁰³ (  5.5s) ┃ -1.2665 ± 0.0011 ·10⁺⁰³ (1.21mi) ┃Vegas input parameters:
  ndim 7
  ncomp 1
  nvec 1
  epsrel 0
  epsabs 0
  flags 10
  seed 123456
  mineval 10000000
  maxeval 10000000
  nstart 1000000
  nincrease 1000000
  nbatch 5000
  gridno 0
  statefile ""

Iteration 1:  1000000 integrand evaluations so far
[1] 1317.47 +- 28.2215  	chisq 0 (0 df)

Iteration 2:  3000000 integrand evaluations so far
[1] 1306.21 +- 5.94283  	chisq 0.166675 (1 df)

Iteration 3:  6000000 integrand evaluations so far
[1] 1306.49 +- 3.88943  	chisq 0.170586 (2 df)

Iteration 4:  10000000 integrand evaluations so far
[1] 1308.15 +- 2.86926  	chisq 0.570299 (3 df)
  1.3082 ± 0.0029 ·10⁺⁰³ ( 31.9s) ┃   1.706 ± 0.0031 ·10⁺⁰³ (1.83mi) ┃
┃   20 -    22 ┃   27 -    28 ┃ 1.88705 ± 0.00053 ·10⁺⁰³ ( 20.2s) ┃ -1.4356 ± 0.0011 ·10⁺⁰³ (4.99mi) ┃Vegas input parameters:
  ndim 7
  ncomp 1
  nvec 1
  epsrel 0
  epsabs 0
  flags 10
  seed 123456
  mineval 10000000
  maxeval 10000000
  nstart 1000000
  nincrease 1000000
  nbatch 5000
  gridno 0
  statefile ""

Iteration 1:  1000000 integrand evaluations so far
[1] 1508.39 +- 29.7695  	chisq 0 (0 df)

Iteration 2:  3000000 integrand evaluations so far
[1] 1471.81 +- 6.84277  	chisq 1.59357 (1 df)

Iteration 3:  6000000 integrand evaluations so far
[1] 1467.74 +- 4.18062  	chisq 2.15869 (2 df)

Iteration 4:  10000000 integrand evaluations so far
[1] 1469.64 +- 3.09245  	chisq 2.61241 (3 df)
  1.4696 ± 0.0031 ·10⁺⁰³ ( 31.6s) ┃  1.9211 ± 0.0033 ·10⁺⁰³ (5.86mi) ┃
┃   20 -    22 ┃   28 -    29 ┃  2.1319 ±  0.001 ·10⁺⁰³ ( 5.59s) ┃-1.60865 ± 0.00079 ·10⁺⁰³ (2.62mi) ┃Vegas input parameters:
  ndim 7
  ncomp 1
  nvec 1
  epsrel 0
  epsabs 0
  flags 10
  seed 123456
  mineval 10000000
  maxeval 10000000
  nstart 1000000
  nincrease 1000000
  nbatch 5000
  gridno 0
  statefile ""

Iteration 1:  1000000 integrand evaluations so far
[1] 1664.67 +- 31.0111  	chisq 0 (0 df)

Iteration 2:  3000000 integrand evaluations so far
[1] 1684.54 +- 7.52817  	chisq 0.436376 (1 df)

Iteration 3:  6000000 integrand evaluations so far
[1] 1682.83 +- 4.8201  	chisq 0.523542 (2 df)

Iteration 4:  10000000 integrand evaluations so far
[1] 1684.72 +- 3.52359  	chisq 0.854192 (3 df)
  1.6847 ± 0.0035 ·10⁺⁰³ ( 31.1s) ┃   2.208 ± 0.0038 ·10⁺⁰³ (3.23mi) ┃
┃   20 -    22 ┃   29 -    30 ┃  2.4947 ± 0.0012 ·10⁺⁰³ ( 2.91s) ┃ -1.8854 ± 0.0018 ·10⁺⁰³ (1.33mi) ┃Vegas input parameters:
  ndim 7
  ncomp 1
  nvec 1
  epsrel 0
  epsabs 0
  flags 10
  seed 123456
  mineval 10000000
  maxeval 10000000
  nstart 1000000
  nincrease 1000000
  nbatch 5000
  gridno 0
  statefile ""

Iteration 1:  1000000 integrand evaluations so far
[1] 2013.23 +- 33.8133  	chisq 0 (0 df)

Iteration 2:  3000000 integrand evaluations so far
[1] 1983.68 +- 8.5201  	chisq 0.815445 (1 df)

Iteration 3:  6000000 integrand evaluations so far
[1] 1982.8 +- 5.32128  	chisq 0.832848 (2 df)

Iteration 4:  10000000 integrand evaluations so far
[1] 1987.61 +- 3.95445  	chisq 2.65847 (3 df)
  1.9876 ±  0.004 ·10⁺⁰³ ( 31.5s) ┃  2.5969 ± 0.0045 ·10⁺⁰³ ( 1.9mi) ┃
┃   20 -    22 ┃   30 -    31 ┃  3.1766 ± 0.0011 ·10⁺⁰³ ( 14.8s) ┃-2.40124 ± 0.0004 ·10⁺⁰³ (2.65mi) ┃Vegas input parameters:
  ndim 7
  ncomp 1
  nvec 1
  epsrel 0
  epsabs 0
  flags 10
  seed 123456
  mineval 10000000
  maxeval 10000000
  nstart 1000000
  nincrease 1000000
  nbatch 5000
  gridno 0
  statefile ""

Iteration 1:  1000000 integrand evaluations so far
[1] 2630.68 +- 37.9525  	chisq 0 (0 df)

Iteration 2:  3000000 integrand evaluations so far
[1] 2598.55 +- 10.1363  	chisq 0.771687 (1 df)

Iteration 3:  6000000 integrand evaluations so far
[1] 2597.16 +- 6.33967  	chisq 0.802702 (2 df)

Iteration 4:  10000000 integrand evaluations so far
[1] 2600.45 +- 4.69037  	chisq 1.39615 (3 df)
  2.6004 ± 0.0047 ·10⁺⁰³ ( 32.4s) ┃  3.3758 ± 0.0048 ·10⁺⁰³ (3.44mi) ┃
┃   20 -    22 ┃   31 -    32 ┃  3.8575 ± 0.0015 ·10⁺⁰³ ( 16.6s) ┃ -2.9064 ± 0.0017 ·10⁺⁰³ (2.65mi) ┃Vegas input parameters:
  ndim 7
  ncomp 1
  nvec 1
  epsrel 0
  epsabs 0
  flags 10
  seed 123456
  mineval 10000000
  maxeval 10000000
  nstart 1000000
  nincrease 1000000
  nbatch 5000
  gridno 0
  statefile ""

Iteration 1:  1000000 integrand evaluations so far
[1] 3170.05 +- 40.7593  	chisq 0 (0 df)

Iteration 2:  3000000 integrand evaluations so far
[1] 3174.45 +- 11.3163  	chisq 0.012656 (1 df)

Iteration 3:  6000000 integrand evaluations so far
[1] 3169.59 +- 7.05176  	chisq 0.314942 (2 df)

Iteration 4:  10000000 integrand evaluations so far
[1] 3174.96 +- 5.24164  	chisq 1.61089 (3 df)
   3.175 ± 0.0052 ·10⁺⁰³ ( 32.4s) ┃   4.126 ± 0.0057 ·10⁺⁰³ (3.46mi) ┃
┃   20 -    22 ┃   32 -    33 ┃   3.294 ±  0.002 ·10⁺⁰³ ( 18.2s) ┃ -2.4827 ± 0.0011 ·10⁺⁰³ (4.94mi) ┃Vegas input parameters:
  ndim 7
  ncomp 1
  nvec 1
  epsrel 0
  epsabs 0
  flags 10
  seed 123456
  mineval 10000000
  maxeval 10000000
  nstart 1000000
  nincrease 1000000
  nbatch 5000
  gridno 0
  statefile ""

Iteration 1:  1000000 integrand evaluations so far
[1] 2609.55 +- 36.8734  	chisq 0 (0 df)

Iteration 2:  3000000 integrand evaluations so far
[1] 2647.69 +- 10.4193  	chisq 1.16237 (1 df)

Iteration 3:  6000000 integrand evaluations so far
[1] 2652.18 +- 6.46682  	chisq 1.46503 (2 df)

Iteration 4:  10000000 integrand evaluations so far
[1] 2654.83 +- 4.76702  	chisq 1.83137 (3 df)
  2.6548 ± 0.0048 ·10⁺⁰³ ( 31.3s) ┃  3.4661 ± 0.0053 ·10⁺⁰³ (5.77mi) ┃
┃   20 -    22 ┃   33 -    34 ┃ 2.90128 ± 0.00065 ·10⁺⁰³ ( 21.5s) ┃-2.18821 ± 0.00027 ·10⁺⁰³ (9.73mi) ┃Vegas input parameters:
  ndim 7
  ncomp 1
  nvec 1
  epsrel 0
  epsabs 0
  flags 10
  seed 123456
  mineval 10000000
  maxeval 10000000
  nstart 1000000
  nincrease 1000000
  nbatch 5000
  gridno 0
  statefile ""

Iteration 1:  1000000 integrand evaluations so far
[1] 2314.44 +- 34.6622  	chisq 0 (0 df)

Iteration 2:  3000000 integrand evaluations so far
[1] 2296.72 +- 9.27752  	chisq 0.281497 (1 df)

Iteration 3:  6000000 integrand evaluations so far
[1] 2300.77 +- 6.13879  	chisq 0.620081 (2 df)

Iteration 4:  10000000 integrand evaluations so far
[1] 2300.18 +- 4.57225  	chisq 0.640587 (3 df)
  2.3002 ± 0.0046 ·10⁺⁰³ ( 31.2s) ┃  3.0132 ± 0.0046 ·10⁺⁰³ (10.6mi) ┃
┃   20 -    22 ┃   34 -    35 ┃ 2.63629 ± 0.00095 ·10⁺⁰³ ( 34.3s) ┃   -1.99 ± 0.0011 ·10⁺⁰³ (9.58mi) ┃Vegas input parameters:
  ndim 7
  ncomp 1
  nvec 1
  epsrel 0
  epsabs 0
  flags 10
  seed 123456
  mineval 10000000
  maxeval 10000000
  nstart 1000000
  nincrease 1000000
  nbatch 5000
  gridno 0
  statefile ""

Iteration 1:  1000000 integrand evaluations so far
[1] 2086.22 +- 32.5118  	chisq 0 (0 df)

Iteration 2:  3000000 integrand evaluations so far
[1] 2073.25 +- 8.84344  	chisq 0.172003 (1 df)

Iteration 3:  6000000 integrand evaluations so far
[1] 2069.68 +- 5.57024  	chisq 0.441231 (2 df)

Iteration 4:  10000000 integrand evaluations so far
[1] 2072.71 +- 4.11112  	chisq 1.091 (3 df)
  2.0727 ± 0.0041 ·10⁺⁰³ ( 31.9s) ┃   2.719 ± 0.0044 ·10⁺⁰³ (10.7mi) ┃
┃   20 -    22 ┃   35 -    36 ┃  2.4647 ± 0.0023 ·10⁺⁰³ ( 35.1s) ┃-1.86213 ± 0.00093 ·10⁺⁰³ (9.48mi) ┃Vegas input parameters:
  ndim 7
  ncomp 1
  nvec 1
  epsrel 0
  epsabs 0
  flags 10
  seed 123456
  mineval 10000000
  maxeval 10000000
  nstart 1000000
  nincrease 1000000
  nbatch 5000
  gridno 0
  statefile ""

Iteration 1:  1000000 integrand evaluations so far
[1] 1944.13 +- 31.2346  	chisq 0 (0 df)

Iteration 2:  3000000 integrand evaluations so far
[1] 1934.43 +- 8.47478  	chisq 0.10406 (1 df)

Iteration 3:  6000000 integrand evaluations so far
[1] 1928.85 +- 5.3504  	chisq 0.82692 (2 df)

Iteration 4:  10000000 integrand evaluations so far
[1] 1931.28 +- 4.03519  	chisq 1.30623 (3 df)
  1.9313 ±  0.004 ·10⁺⁰³ ( 31.3s) ┃  2.5338 ± 0.0047 ·10⁺⁰³ (10.6mi) ┃
┃   20 -    22 ┃   36 -    37 ┃  2.3332 ± 0.00086 ·10⁺⁰³ (1.12mi) ┃-1.76441 ± 0.00093 ·10⁺⁰³ (9.37mi) ┃Vegas input parameters:
  ndim 7
  ncomp 1
  nvec 1
  epsrel 0
  epsabs 0
  flags 10
  seed 123456
  mineval 10000000
  maxeval 10000000
  nstart 1000000
  nincrease 1000000
  nbatch 5000
  gridno 0
  statefile ""

Iteration 1:  1000000 integrand evaluations so far
[1] 1783.87 +- 29.7614  	chisq 0 (0 df)

Iteration 2:  3000000 integrand evaluations so far
[1] 1811.26 +- 8.05582  	chisq 0.914101 (1 df)

Iteration 3:  6000000 integrand evaluations so far
[1] 1804.22 +- 5.01869  	chisq 2.16187 (2 df)

Iteration 4:  10000000 integrand evaluations so far
[1] 1803.84 +- 3.84272  	chisq 2.17573 (3 df)
  1.8038 ± 0.0038 ·10⁺⁰³ (   31s) ┃  2.3726 ±  0.004 ·10⁺⁰³ (  11mi) ┃
┃   20 -    22 ┃   37 -    38 ┃ 2.26725 ± 0.00094 ·10⁺⁰³ ( 40.3s) ┃ -1.7173 ± 0.0011 ·10⁺⁰³ (9.16mi) ┃Vegas input parameters:
  ndim 7
  ncomp 1
  nvec 1
  epsrel 0
  epsabs 0
  flags 10
  seed 123456
  mineval 10000000
  maxeval 10000000
  nstart 1000000
  nincrease 1000000
  nbatch 5000
  gridno 0
  statefile ""

Iteration 1:  1000000 integrand evaluations so far
[1] 1763.49 +- 29.5392  	chisq 0 (0 df)

Iteration 2:  3000000 integrand evaluations so far
[1] 1713.31 +- 7.75081  	chisq 3.09926 (1 df)

Iteration 3:  6000000 integrand evaluations so far
[1] 1723.4 +- 4.99338  	chisq 5.99794 (2 df)

Iteration 4:  10000000 integrand evaluations so far
[1] 1719.6 +- 3.70987  	chisq 7.28972 (3 df)
  1.7196 ± 0.0037 ·10⁺⁰³ ( 31.5s) ┃  2.2696 ±  0.004 ·10⁺⁰³ (10.4mi) ┃
┃   20 -    22 ┃   38 -    39 ┃ 2.15575 ± 0.00089 ·10⁺⁰³ (1.04mi) ┃-1.62999 ± 0.00034 ·10⁺⁰³ (4.51mi) ┃Vegas input parameters:
  ndim 7
  ncomp 1
  nvec 1
  epsrel 0
  epsabs 0
  flags 10
  seed 123456
  mineval 10000000
  maxeval 10000000
  nstart 1000000
  nincrease 1000000
  nbatch 5000
  gridno 0
  statefile ""

Iteration 1:  1000000 integrand evaluations so far
[1] 1641.5 +- 28.33  	chisq 0 (0 df)

Iteration 2:  3000000 integrand evaluations so far
[1] 1662.25 +- 7.5541  	chisq 0.577125 (1 df)

Iteration 3:  6000000 integrand evaluations so far
[1] 1657.32 +- 4.93005  	chisq 1.31805 (2 df)

Iteration 4:  10000000 integrand evaluations so far
[1] 1658.87 +- 3.66056  	chisq 1.53896 (3 df)
  1.6589 ± 0.0037 ·10⁺⁰³ (   32s) ┃  2.1846 ± 0.0038 ·10⁺⁰³ (6.08mi) ┃
┃   20 -    22 ┃   39 -    40 ┃ 2.11925 ± 0.00071 ·10⁺⁰³ ( 4.67s) ┃-1.60034 ± 0.00041 ·10⁺⁰³ (1.29mi) ┃Vegas input parameters:
  ndim 7
  ncomp 1
  nvec 1
  epsrel 0
  epsabs 0
  flags 10
  seed 123456
  mineval 10000000
  maxeval 10000000
  nstart 1000000
  nincrease 1000000
  nbatch 5000
  gridno 0
  statefile ""

Iteration 1:  1000000 integrand evaluations so far
[1] 1600.62 +- 28.0249  	chisq 0 (0 df)

Iteration 2:  3000000 integrand evaluations so far
[1] 1626.81 +- 7.4901  	chisq 0.940204 (1 df)

Iteration 3:  6000000 integrand evaluations so far
[1] 1613.97 +- 4.62409  	chisq 5.68275 (2 df)

Iteration 4:  10000000 integrand evaluations so far
[1] 1612.52 +- 3.41846  	chisq 5.90128 (3 df)
  1.6125 ± 0.0034 ·10⁺⁰³ ( 31.2s) ┃  2.1314 ± 0.0035 ·10⁺⁰³ (1.89mi) ┃
┃   20 -    22 ┃   40 -    41 ┃  2.0923 ± 0.0012 ·10⁺⁰³ ( 5.34s) ┃-1.57781 ± 0.00042 ·10⁺⁰³ (9.15mi) ┃Vegas input parameters:
  ndim 7
  ncomp 1
  nvec 1
  epsrel 0
  epsabs 0
  flags 10
  seed 123456
  mineval 10000000
  maxeval 10000000
  nstart 1000000
  nincrease 1000000
  nbatch 5000
  gridno 0
  statefile ""

Iteration 1:  1000000 integrand evaluations so far
[1] 1591.74 +- 27.8951  	chisq 0 (0 df)

Iteration 2:  3000000 integrand evaluations so far
[1] 1578.45 +- 7.35413  	chisq 0.243983 (1 df)

Iteration 3:  6000000 integrand evaluations so far
[1] 1577.31 +- 4.5706  	chisq 0.283271 (2 df)

Iteration 4:  10000000 integrand evaluations so far
[1] 1579.48 +- 3.44021  	chisq 0.803528 (3 df)
  1.5795 ± 0.0034 ·10⁺⁰³ ( 30.8s) ┃  2.0939 ± 0.0037 ·10⁺⁰³ (9.75mi) ┃
┃   20 -    22 ┃   41 -    42 ┃  2.0594 ± 0.0019 ·10⁺⁰³ ( 31.1s) ┃-1.55217 ± 0.00099 ·10⁺⁰³ (9.04mi) ┃Vegas input parameters:
  ndim 7
  ncomp 1
  nvec 1
  epsrel 0
  epsabs 0
  flags 10
  seed 123456
  mineval 10000000
  maxeval 10000000
  nstart 1000000
  nincrease 1000000
  nbatch 5000
  gridno 0
  statefile ""

Iteration 1:  1000000 integrand evaluations so far
[1] 1564.93 +- 27.5334  	chisq 0 (0 df)

Iteration 2:  3000000 integrand evaluations so far
[1] 1568.89 +- 7.94275  	chisq 0.0225494 (1 df)

Iteration 3:  6000000 integrand evaluations so far
[1] 1565.73 +- 4.87033  	chisq 0.275553 (2 df)

Iteration 4:  10000000 integrand evaluations so far
[1] 1566.29 +- 3.51345  	chisq 0.303416 (3 df)
  1.5663 ± 0.0035 ·10⁺⁰³ ( 31.2s) ┃  2.0735 ± 0.0041 ·10⁺⁰³ (10.1mi) ┃
┃   20 -    22 ┃   42 -    43 ┃  2.0589 ± 0.0015 ·10⁺⁰³ ( 34.8s) ┃-1.55214 ± 0.00067 ·10⁺⁰³ (9.03mi) ┃Vegas input parameters:
  ndim 7
  ncomp 1
  nvec 1
  epsrel 0
  epsabs 0
  flags 10
  seed 123456
  mineval 10000000
  maxeval 10000000
  nstart 1000000
  nincrease 1000000
  nbatch 5000
  gridno 0
  statefile ""

Iteration 1:  1000000 integrand evaluations so far
[1] 1548.58 +- 27.5038  	chisq 0 (0 df)

Iteration 2:  3000000 integrand evaluations so far
[1] 1575.12 +- 7.25658  	chisq 1.00086 (1 df)

Iteration 3:  6000000 integrand evaluations so far
[1] 1566.84 +- 4.57827  	chisq 3.16451 (2 df)

Iteration 4:  10000000 integrand evaluations so far
[1] 1561.43 +- 3.42557  	chisq 6.33568 (3 df)
  1.5614 ± 0.0034 ·10⁺⁰³ ( 31.1s) ┃  2.0682 ± 0.0038 ·10⁺⁰³ (10.1mi) ┃
┃   20 -    22 ┃   43 -    44 ┃   2.059 ± 0.0014 ·10⁺⁰³ (1.88mi) ┃  -1.555 ±  0.001 ·10⁺⁰³ (1.22mi) ┃Vegas input parameters:
  ndim 7
  ncomp 1
  nvec 1
  epsrel 0
  epsabs 0
  flags 10
  seed 123456
  mineval 10000000
  maxeval 10000000
  nstart 1000000
  nincrease 1000000
  nbatch 5000
  gridno 0
  statefile ""

Iteration 1:  1000000 integrand evaluations so far
[1] 1586.98 +- 27.8365  	chisq 0 (0 df)

Iteration 2:  3000000 integrand evaluations so far
[1] 1589.24 +- 7.24292  	chisq 0.0070965 (1 df)

Iteration 3:  6000000 integrand evaluations so far
[1] 1589.04 +- 4.50294  	chisq 0.00845572 (2 df)

Iteration 4:  10000000 integrand evaluations so far
[1] 1590.32 +- 3.41077  	chisq 0.1981 (3 df)
  1.5903 ± 0.0034 ·10⁺⁰³ ( 31.1s) ┃  2.0943 ± 0.0038 ·10⁺⁰³ (3.62mi) ┃
┃   20 -    22 ┃   44 -    45 ┃  2.1065 ± 0.0017 ·10⁺⁰³ ( 31.2s) ┃ -1.5899 ± 0.0012 ·10⁺⁰³ (4.59mi) ┃Vegas input parameters:
  ndim 7
  ncomp 1
  nvec 1
  epsrel 0
  epsabs 0
  flags 10
  seed 123456
  mineval 10000000
  maxeval 10000000
  nstart 1000000
  nincrease 1000000
  nbatch 5000
  gridno 0
  statefile ""

Iteration 1:  1000000 integrand evaluations so far
[1] 1658.75 +- 28.5682  	chisq 0 (0 df)

Iteration 2:  3000000 integrand evaluations so far
[1] 1654.46 +- 7.41431  	chisq 0.0241527 (1 df)

Iteration 3:  6000000 integrand evaluations so far
[1] 1649.34 +- 4.67167  	chisq 0.816807 (2 df)

Iteration 4:  10000000 integrand evaluations so far
[1] 1653.23 +- 3.50555  	chisq 2.40561 (3 df)
  1.6532 ± 0.0035 ·10⁺⁰³ ( 31.6s) ┃  2.1699 ± 0.0041 ·10⁺⁰³ (5.63mi) ┃
┃   20 -    22 ┃   45 -    46 ┃  2.2571 ± 0.0021 ·10⁺⁰³ ( 58.2s) ┃ -1.7033 ± 0.0014 ·10⁺⁰³ (1.16mi) ┃Vegas input parameters:
  ndim 7
  ncomp 1
  nvec 1
  epsrel 0
  epsabs 0
  flags 10
  seed 123456
  mineval 10000000
  maxeval 10000000
  nstart 1000000
  nincrease 1000000
  nbatch 5000
  gridno 0
  statefile ""

Iteration 1:  1000000 integrand evaluations so far
[1] 1773.33 +- 29.6201  	chisq 0 (0 df)

Iteration 2:  3000000 integrand evaluations so far
[1] 1771.87 +- 7.68264  	chisq 0.00258981 (1 df)

Iteration 3:  6000000 integrand evaluations so far
[1] 1771.39 +- 4.75507  	chisq 0.00886799 (2 df)

Iteration 4:  10000000 integrand evaluations so far
[1] 1773.88 +- 3.52043  	chisq 0.616194 (3 df)
  1.7739 ± 0.0035 ·10⁺⁰³ ( 32.2s) ┃  2.3277 ± 0.0044 ·10⁺⁰³ (2.67mi) ┃
┃   20 -    22 ┃   46 -    47 ┃ 2.36529 ± 0.0009 ·10⁺⁰³ ( 16.3s) ┃-1.78955 ± 0.00032 ·10⁺⁰³ (1.25mi) ┃Vegas input parameters:
  ndim 7
  ncomp 1
  nvec 1
  epsrel 0
  epsabs 0
  flags 10
  seed 123456
  mineval 10000000
  maxeval 10000000
  nstart 1000000
  nincrease 1000000
  nbatch 5000
  gridno 0
  statefile ""

Iteration 1:  1000000 integrand evaluations so far
[1] 1932.48 +- 31.1341  	chisq 0 (0 df)

Iteration 2:  3000000 integrand evaluations so far
[1] 1894.91 +- 7.96  	chisq 1.5582 (1 df)

Iteration 3:  6000000 integrand evaluations so far
[1] 1895.61 +- 4.92662  	chisq 1.57077 (2 df)

Iteration 4:  10000000 integrand evaluations so far
[1] 1897.27 +- 3.66121  	chisq 1.82405 (3 df)
  1.8973 ± 0.0037 ·10⁺⁰³ ( 31.7s) ┃   2.473 ± 0.0038 ·10⁺⁰³ (2.05mi) ┃
┃   20 -    22 ┃   47 -    48 ┃  2.3969 ± 0.0011 ·10⁺⁰³ ( 17.3s) ┃ -1.8118 ± 0.0014 ·10⁺⁰³ (4.65mi) ┃Vegas input parameters:
  ndim 7
  ncomp 1
  nvec 1
  epsrel 0
  epsabs 0
  flags 10
  seed 123456
  mineval 10000000
  maxeval 10000000
  nstart 1000000
  nincrease 1000000
  nbatch 5000
  gridno 0
  statefile ""

Iteration 1:  1000000 integrand evaluations so far
[1] 1913.25 +- 30.8139  	chisq 0 (0 df)

Iteration 2:  3000000 integrand evaluations so far
[1] 1924.38 +- 7.94618  	chisq 0.139861 (1 df)

Iteration 3:  6000000 integrand evaluations so far
[1] 1934.87 +- 4.91088  	chisq 2.96017 (2 df)

Iteration 4:  10000000 integrand evaluations so far
[1] 1938.56 +- 3.6943  	chisq 4.26097 (3 df)
  1.9386 ± 0.0037 ·10⁺⁰³ ( 30.6s) ┃  2.5237 ± 0.0041 ·10⁺⁰³ (5.45mi) ┃
┃   20 -    22 ┃   48 -    49 ┃ 2.39459 ± 0.00079 ·10⁺⁰³ ( 30.8s) ┃ -1.8001 ± 0.0014 ·10⁺⁰³ ( 25.1s) ┃Vegas input parameters:
  ndim 7
  ncomp 1
  nvec 1
  epsrel 0
  epsabs 0
  flags 10
  seed 123456
  mineval 10000000
  maxeval 10000000
  nstart 1000000
  nincrease 1000000
  nbatch 5000
  gridno 0
  statefile ""

Iteration 1:  1000000 integrand evaluations so far
[1] 1946.43 +- 31.2577  	chisq 0 (0 df)

Iteration 2:  3000000 integrand evaluations so far
[1] 1949.01 +- 7.79456  	chisq 0.00727505 (1 df)

Iteration 3:  6000000 integrand evaluations so far
[1] 1950.87 +- 4.80383  	chisq 0.0985258 (2 df)

Iteration 4:  10000000 integrand evaluations so far
[1] 1946.64 +- 3.56991  	chisq 1.82809 (3 df)
  1.9466 ± 0.0036 ·10⁺⁰³ ( 31.2s) ┃  2.5411 ± 0.0039 ·10⁺⁰³ (1.45mi) ┃
┃   20 -    22 ┃   49 -    50 ┃ 2.36699 ± 0.00048 ·10⁺⁰³ (1.86mi) ┃  -1.782 ± 0.00077 ·10⁺⁰³ (8.75mi) ┃Vegas input parameters:
  ndim 7
  ncomp 1
  nvec 1
  epsrel 0
  epsabs 0
  flags 10
  seed 123456
  mineval 10000000
  maxeval 10000000
  nstart 1000000
  nincrease 1000000
  nbatch 5000
  gridno 0
  statefile ""

Iteration 1:  1000000 integrand evaluations so far
[1] 1941.41 +- 31.0294  	chisq 0 (0 df)

Iteration 2:  3000000 integrand evaluations so far
[1] 1957.39 +- 7.56587  	chisq 0.28196 (1 df)

Iteration 3:  6000000 integrand evaluations so far
[1] 1962.16 +- 4.7028  	chisq 0.930554 (2 df)

Iteration 4:  10000000 integrand evaluations so far
[1] 1956.6 +- 3.46531  	chisq 3.98984 (3 df)
  1.9566 ± 0.0035 ·10⁺⁰³ ( 31.9s) ┃  2.5416 ± 0.0036 ·10⁺⁰³ (11.1mi) ┃
┃   20 -    22 ┃   50 -    51 ┃  2.3521 ± 0.0022 ·10⁺⁰³ ( 31.8s) ┃ -1.7727 ± 0.0016 ·10⁺⁰³ ( 35.5s) ┃Vegas input parameters:
  ndim 7
  ncomp 1
  nvec 1
  epsrel 0
  epsabs 0
  flags 10
  seed 123456
  mineval 10000000
  maxeval 10000000
  nstart 1000000
  nincrease 1000000
  nbatch 5000
  gridno 0
  statefile ""

Iteration 1:  1000000 integrand evaluations so far
[1] 1967 +- 31.2816  	chisq 0 (0 df)

Iteration 2:  3000000 integrand evaluations so far
[1] 1969.71 +- 7.28343  	chisq 0.00793645 (1 df)

Iteration 3:  6000000 integrand evaluations so far
[1] 1979.22 +- 4.53102  	chisq 2.78744 (2 df)

Iteration 4:  10000000 integrand evaluations so far
[1] 1976.25 +- 3.33569  	chisq 3.72921 (3 df)
  1.9762 ± 0.0033 ·10⁺⁰³ ( 31.6s) ┃  2.5557 ± 0.0043 ·10⁺⁰³ (1.65mi) ┃
┃   20 -    22 ┃   51 -    52 ┃  2.2053 ± 0.0018 ·10⁺⁰³ ( 30.1s) ┃ -1.6574 ± 0.0013 ·10⁺⁰³ (4.06mi) ┃Vegas input parameters:
  ndim 7
  ncomp 1
  nvec 1
  epsrel 0
  epsabs 0
  flags 10
  seed 123456
  mineval 10000000
  maxeval 10000000
  nstart 1000000
  nincrease 1000000
  nbatch 5000
  gridno 0
  statefile ""

Iteration 1:  1000000 integrand evaluations so far
[1] 1857.34 +- 30.2632  	chisq 0 (0 df)

Iteration 2:  3000000 integrand evaluations so far
[1] 1871.8 +- 6.94877  	chisq 0.240924 (1 df)

Iteration 3:  6000000 integrand evaluations so far
[1] 1881.91 +- 4.33413  	chisq 3.70267 (2 df)

Iteration 4:  10000000 integrand evaluations so far
[1] 1881.09 +- 3.1701  	chisq 3.77933 (3 df)
  1.8811 ± 0.0032 ·10⁺⁰³ ( 31.2s) ┃   2.429 ± 0.0039 ·10⁺⁰³ (5.08mi) ┃
┃   20 -    22 ┃   52 -    53 ┃ 1.13615 ± 0.00064 ·10⁺⁰³ (1.76mi) ┃ -850.28 ±   0.83        (3.95mi) ┃Vegas input parameters:
  ndim 7
  ncomp 1
  nvec 1
  epsrel 0
  epsabs 0
  flags 10
  seed 123456
  mineval 10000000
  maxeval 10000000
  nstart 1000000
  nincrease 1000000
  nbatch 5000
  gridno 0
  statefile ""

Iteration 1:  1000000 integrand evaluations so far
[1] 946.579 +- 21.4698  	chisq 0 (0 df)

Iteration 2:  3000000 integrand evaluations so far
[1] 964.505 +- 4.64413  	chisq 0.731345 (1 df)

Iteration 3:  6000000 integrand evaluations so far
[1] 966.859 +- 2.75749  	chisq 1.12838 (2 df)

Iteration 4:  10000000 integrand evaluations so far
[1] 969.547 +- 2.00811  	chisq 3.15087 (3 df)
   969.5 ±      2        ( 31.2s) ┃  1.2554 ± 0.0023 ·10⁺⁰³ (6.23mi) ┃
┃   20 -    22 ┃   53 -    54 ┃ 370.307 ±  0.085        (3.33mi) ┃-279.943 ±  0.061        (7.35mi) ┃Vegas input parameters:
  ndim 7
  ncomp 1
  nvec 1
  epsrel 0
  epsabs 0
  flags 10
  seed 123456
  mineval 10000000
  maxeval 10000000
  nstart 1000000
  nincrease 1000000
  nbatch 5000
  gridno 0
  statefile ""

Iteration 1:  1000000 integrand evaluations so far
[1] 279.169 +- 11.3445  	chisq 0 (0 df)

Iteration 2:  3000000 integrand evaluations so far
[1] 310.964 +- 1.5849  	chisq 8.01149 (1 df)

Iteration 3:  6000000 integrand evaluations so far
[1] 313.531 +- 0.982038  	chisq 12.2688 (2 df)

Iteration 4:  10000000 integrand evaluations so far
[1] 314.206 +- 0.715192  	chisq 13.2744 (3 df)
  314.21 ±   0.72        ( 31.8s) ┃  404.57 ±   0.72        (11.2mi) ┃
┃   20 -    22 ┃   54 -    55 ┃  179.49 ±   0.16        (6.35mi) ┃ -136.87 ±   0.12        (14.6mi) ┃Vegas input parameters:
  ndim 7
  ncomp 1
  nvec 1
  epsrel 0
  epsabs 0
  flags 10
  seed 123456
  mineval 10000000
  maxeval 10000000
  nstart 1000000
  nincrease 1000000
  nbatch 5000
  gridno 0
  statefile ""

Iteration 1:  1000000 integrand evaluations so far
[1] 153.263 +- 8.23272  	chisq 0 (0 df)

Iteration 2:  3000000 integrand evaluations so far
[1] 151.9 +- 0.760203  	chisq 0.0276354 (1 df)

Iteration 3:  6000000 integrand evaluations so far
[1] 152.194 +- 0.452167  	chisq 0.259699 (2 df)

Iteration 4:  10000000 integrand evaluations so far
[1] 152.296 +- 0.405705  	chisq 0.517237 (3 df)
   152.3 ±   0.41        ( 32.5s) ┃  194.92 ±   0.45        (21.5mi) ┃
┃   20 -    22 ┃   55 -    56 ┃ 105.457 ±  0.025        (7.05mi) ┃ -80.911 ±  0.059        (7.09mi) ┃Vegas input parameters:
  ndim 7
  ncomp 1
  nvec 1
  epsrel 0
  epsabs 0
  flags 10
  seed 123456
  mineval 10000000
  maxeval 10000000
  nstart 1000000
  nincrease 1000000
  nbatch 5000
  gridno 0
  statefile ""

Iteration 1:  1000000 integrand evaluations so far
[1] 84.0073 +- 6.074  	chisq 0 (0 df)

Iteration 2:  3000000 integrand evaluations so far
[1] 88.943 +- 0.480953  	chisq 0.664487 (1 df)

Iteration 3:  6000000 integrand evaluations so far
[1] 89.2487 +- 0.272836  	chisq 1.26002 (2 df)

Iteration 4:  10000000 integrand evaluations so far
[1] 89.2042 +- 0.189395  	chisq 1.31132 (3 df)
    89.2 ±   0.19        (   32s) ┃  113.75 ±    0.2        (14.7mi) ┃
┃   20 -    22 ┃   56 -    57 ┃  66.413 ±  0.015        ( 7.8mi) ┃ -51.305 ±   0.03        (7.31mi) ┃Vegas input parameters:
  ndim 7
  ncomp 1
  nvec 1
  epsrel 0
  epsabs 0
  flags 10
  seed 123456
  mineval 10000000
  maxeval 10000000
  nstart 1000000
  nincrease 1000000
  nbatch 5000
  gridno 0
  statefile ""

Iteration 1:  1000000 integrand evaluations so far
[1] 63.8907 +- 5.35869  	chisq 0 (0 df)

Iteration 2:  3000000 integrand evaluations so far
[1] 56.576 +- 0.306603  	chisq 1.86938 (1 df)

Iteration 3:  6000000 integrand evaluations so far
[1] 56.4747 +- 0.169446  	chisq 2.0268 (2 df)

Iteration 4:  10000000 integrand evaluations so far
[1] 56.3975 +- 0.116103  	chisq 2.41757 (3 df)
    56.4 ±   0.12        ( 31.6s) ┃   71.51 ±   0.12        (15.6mi) ┃
┃   20 -    22 ┃   57 -    58 ┃   42.59 ±  0.019        (3.94mi) ┃-32.9485 ± 0.0091        (  57mi) ┃Vegas input parameters:
  ndim 7
  ncomp 1
  nvec 1
  epsrel 0
  epsabs 0
  flags 10
  seed 123456
  mineval 10000000
  maxeval 10000000
  nstart 1000000
  nincrease 1000000
  nbatch 5000
  gridno 0
  statefile ""

Iteration 1:  1000000 integrand evaluations so far
[1] 48.2412 +- 4.56324  	chisq 0 (0 df)

Iteration 2:  3000000 integrand evaluations so far
[1] 36.326 +- 0.235078  	chisq 6.83613 (1 df)

Iteration 3:  6000000 integrand evaluations so far
[1] 36.1964 +- 0.121734  	chisq 7.25126 (2 df)

Iteration 4:  10000000 integrand evaluations so far
[1] 36.1109 +- 0.0789858  	chisq 8.10366 (3 df)
  36.111 ±  0.079        ( 30.9s) ┃  45.753 ±  0.082        (1.02hr) ┃
┃   20 -    22 ┃   58 -    59 ┃  26.673 ±  0.021        (7.62mi) ┃ -20.699 ±  0.019        (28.6mi) ┃Vegas input parameters:
  ndim 7
  ncomp 1
  nvec 1
  epsrel 0
  epsabs 0
  flags 10
  seed 123456
  mineval 10000000
  maxeval 10000000
  nstart 1000000
  nincrease 1000000
  nbatch 5000
  gridno 0
  statefile ""

Iteration 1:  1000000 integrand evaluations so far
[1] 25.7489 +- 3.34623  	chisq 0 (0 df)

Iteration 2:  3000000 integrand evaluations so far
[1] 22.5916 +- 0.231347  	chisq 0.894555 (1 df)

Iteration 3:  6000000 integrand evaluations so far
[1] 22.875 +- 0.101576  	chisq 2.754 (2 df)

Iteration 4:  10000000 integrand evaluations so far
[1] 22.7818 +- 0.0579875  	chisq 4.00337 (3 df)
  22.782 ±  0.058        ( 31.4s) ┃  28.756 ±  0.064        (36.8mi) ┃
┃   20 -    22 ┃   59 -    60 ┃ 15.3647 ± 0.0058        (13.7mi) ┃-11.9554 ± 0.0065        (56.1mi) ┃Vegas input parameters:
  ndim 7
  ncomp 1
  nvec 1
  epsrel 0
  epsabs 0
  flags 10
  seed 123456
  mineval 10000000
  maxeval 10000000
  nstart 1000000
  nincrease 1000000
  nbatch 5000
  gridno 0
  statefile ""

Iteration 1:  1000000 integrand evaluations so far
[1] 14.1782 +- 2.45798  	chisq 0 (0 df)

Iteration 2:  3000000 integrand evaluations so far
[1] 12.7411 +- 0.240317  	chisq 0.345142 (1 df)

Iteration 3:  6000000 integrand evaluations so far
[1] 13.1625 +- 0.132862  	chisq 4.7742 (2 df)

Iteration 4:  10000000 integrand evaluations so far
[1] 13.1973 +- 0.0583959  	chisq 4.85903 (3 df)
  13.197 ±  0.058        ( 30.8s) ┃  16.607 ±  0.059        (1.17hr) ┃
┃   22 -    24 ┃   25 -    26 ┃  1.3728 ± 0.00052 ·10⁺⁰³ ( 10.6s) ┃ -1.0125 ± 0.00061 ·10⁺⁰³ (4.84mi) ┃Vegas input parameters:
  ndim 7
  ncomp 1
  nvec 1
  epsrel 0
  epsabs 0
  flags 10
  seed 123456
  mineval 10000000
  maxeval 10000000
  nstart 1000000
  nincrease 1000000
  nbatch 5000
  gridno 0
  statefile ""

Iteration 1:  1000000 integrand evaluations so far
[1] 1039.88 +- 23.6075  	chisq 0 (0 df)

Iteration 2:  3000000 integrand evaluations so far
[1] 1045.49 +- 5.08532  	chisq 0.0591368 (1 df)

Iteration 3:  6000000 integrand evaluations so far
[1] 1046.91 +- 3.15748  	chisq 0.186805 (2 df)

Iteration 4:  10000000 integrand evaluations so far
[1] 1049.15 +- 2.36996  	chisq 1.33269 (3 df)
  1.0491 ± 0.0024 ·10⁺⁰³ ( 30.7s) ┃  1.4094 ± 0.0025 ·10⁺⁰³ (5.53mi) ┃
┃   22 -    24 ┃   26 -    27 ┃ 1.53242 ± 0.00085 ·10⁺⁰³ ( 10.5s) ┃-1.12927 ± 0.00048 ·10⁺⁰³ (4.93mi) ┃Vegas input parameters:
  ndim 7
  ncomp 1
  nvec 1
  epsrel 0
  epsabs 0
  flags 10
  seed 123456
  mineval 10000000
  maxeval 10000000
  nstart 1000000
  nincrease 1000000
  nbatch 5000
  gridno 0
  statefile ""

Iteration 1:  1000000 integrand evaluations so far
[1] 1166.45 +- 24.5904  	chisq 0 (0 df)

Iteration 2:  3000000 integrand evaluations so far
[1] 1177.62 +- 5.55701  	chisq 0.21722 (1 df)

Iteration 3:  6000000 integrand evaluations so far
[1] 1179.21 +- 3.76507  	chisq 0.369349 (2 df)

Iteration 4:  10000000 integrand evaluations so far
[1] 1178.71 +- 2.76907  	chisq 0.408049 (3 df)
  1.1787 ± 0.0028 ·10⁺⁰³ ( 30.5s) ┃  1.5819 ± 0.0029 ·10⁺⁰³ (5.61mi) ┃
┃   22 -    24 ┃   27 -    28 ┃  1.7444 ± 0.0012 ·10⁺⁰³ ( 5.49s) ┃-1.27873 ± 0.00098 ·10⁺⁰³ (1.37mi) ┃Vegas input parameters:
  ndim 7
  ncomp 1
  nvec 1
  epsrel 0
  epsabs 0
  flags 10
  seed 123456
  mineval 10000000
  maxeval 10000000
  nstart 1000000
  nincrease 1000000
  nbatch 5000
  gridno 0
  statefile ""

Iteration 1:  1000000 integrand evaluations so far
[1] 1361.6 +- 26.3586  	chisq 0 (0 df)

Iteration 2:  3000000 integrand evaluations so far
[1] 1351.31 +- 6.24393  	chisq 0.161523 (1 df)

Iteration 3:  6000000 integrand evaluations so far
[1] 1346.65 +- 3.97364  	chisq 1.09791 (2 df)

Iteration 4:  10000000 integrand evaluations so far
[1] 1347.38 +- 2.98402  	chisq 1.17518 (3 df)
  1.3474 ±  0.003 ·10⁺⁰³ ( 28.4s) ┃   1.813 ± 0.0034 ·10⁺⁰³ (1.93mi) ┃
┃   22 -    24 ┃   28 -    29 ┃ 2.00997 ± 0.00069 ·10⁺⁰³ ( 4.89s) ┃-1.46984 ± 0.00061 ·10⁺⁰³ (1.38mi) ┃Vegas input parameters:
  ndim 7
  ncomp 1
  nvec 1
  epsrel 0
  epsabs 0
  flags 10
  seed 123456
  mineval 10000000
  maxeval 10000000
  nstart 1000000
  nincrease 1000000
  nbatch 5000
  gridno 0
  statefile ""

Iteration 1:  1000000 integrand evaluations so far
[1] 1589.61 +- 28.1943  	chisq 0 (0 df)

Iteration 2:  3000000 integrand evaluations so far
[1] 1562.92 +- 7.10064  	chisq 0.956911 (1 df)

Iteration 3:  6000000 integrand evaluations so far
[1] 1564.05 +- 4.38665  	chisq 0.997915 (2 df)

Iteration 4:  10000000 integrand evaluations so far
[1] 1568.07 +- 3.22386  	chisq 2.82077 (3 df)
  1.5681 ± 0.0032 ·10⁺⁰³ ( 30.1s) ┃  2.1082 ± 0.0034 ·10⁺⁰³ (1.96mi) ┃
┃   22 -    24 ┃   29 -    30 ┃  2.4416 ± 0.0021 ·10⁺⁰³ ( 4.83s) ┃-1.79245 ± 0.00069 ·10⁺⁰³ (2.53mi) ┃Vegas input parameters:
  ndim 7
  ncomp 1
  nvec 1
  epsrel 0
  epsabs 0
  flags 10
  seed 123456
  mineval 10000000
  maxeval 10000000
  nstart 1000000
  nincrease 1000000
  nbatch 5000
  gridno 0
  statefile ""

Iteration 1:  1000000 integrand evaluations so far
[1] 1975.42 +- 31.1029  	chisq 0 (0 df)

Iteration 2:  3000000 integrand evaluations so far
[1] 1956.69 +- 8.26543  	chisq 0.390273 (1 df)

Iteration 3:  6000000 integrand evaluations so far
[1] 1961.66 +- 5.15804  	chisq 0.981788 (2 df)

Iteration 4:  10000000 integrand evaluations so far
[1] 1963.03 +- 3.80745  	chisq 1.13643 (3 df)
   1.963 ± 0.0038 ·10⁺⁰³ (   31s) ┃  2.6121 ± 0.0044 ·10⁺⁰³ (3.13mi) ┃
┃   22 -    24 ┃   30 -    31 ┃  3.2411 ± 0.0019 ·10⁺⁰³ ( 17.9s) ┃ -2.3671 ± 0.0013 ·10⁺⁰³ (2.67mi) ┃Vegas input parameters:
  ndim 7
  ncomp 1
  nvec 1
  epsrel 0
  epsabs 0
  flags 10
  seed 123456
  mineval 10000000
  maxeval 10000000
  nstart 1000000
  nincrease 1000000
  nbatch 5000
  gridno 0
  statefile ""

Iteration 1:  1000000 integrand evaluations so far
[1] 2648.08 +- 35.231  	chisq 0 (0 df)

Iteration 2:  3000000 integrand evaluations so far
[1] 2631.51 +- 9.48118  	chisq 0.238531 (1 df)

Iteration 3:  6000000 integrand evaluations so far
[1] 2634.56 +- 5.95306  	chisq 0.410098 (2 df)

Iteration 4:  10000000 integrand evaluations so far
[1] 2638.26 +- 4.4652  	chisq 1.29148 (3 df)
  2.6383 ± 0.0045 ·10⁺⁰³ ( 30.7s) ┃  3.5122 ±  0.005 ·10⁺⁰³ (3.48mi) ┃
┃   22 -    24 ┃   31 -    32 ┃   2.886 ± 0.0015 ·10⁺⁰³ ( 35.9s) ┃ -2.1084 ± 0.0011 ·10⁺⁰³ (5.07mi) ┃Vegas input parameters:
  ndim 7
  ncomp 1
  nvec 1
  epsrel 0
  epsabs 0
  flags 10
  seed 123456
  mineval 10000000
  maxeval 10000000
  nstart 1000000
  nincrease 1000000
  nbatch 5000
  gridno 0
  statefile ""

Iteration 1:  1000000 integrand evaluations so far
[1] 2293.73 +- 32.4941  	chisq 0 (0 df)

Iteration 2:  3000000 integrand evaluations so far
[1] 2315.68 +- 8.82076  	chisq 0.49298 (1 df)

Iteration 3:  6000000 integrand evaluations so far
[1] 2310.32 +- 5.5331  	chisq 1.10287 (2 df)

Iteration 4:  10000000 integrand evaluations so far
[1] 2315.6 +- 4.17584  	chisq 3.21839 (3 df)
  2.3156 ± 0.0042 ·10⁺⁰³ ( 31.9s) ┃  3.0932 ± 0.0046 ·10⁺⁰³ ( 6.2mi) ┃
┃   22 -    24 ┃   32 -    33 ┃  2.4953 ±  0.002 ·10⁺⁰³ ( 35.1s) ┃ -1.8242 ± 0.0011 ·10⁺⁰³ (9.82mi) ┃Vegas input parameters:
  ndim 7
  ncomp 1
  nvec 1
  epsrel 0
  epsabs 0
  flags 10
  seed 123456
  mineval 10000000
  maxeval 10000000
  nstart 1000000
  nincrease 1000000
  nbatch 5000
  gridno 0
  statefile ""

Iteration 1:  1000000 integrand evaluations so far
[1] 1938.34 +- 29.6633  	chisq 0 (0 df)

Iteration 2:  3000000 integrand evaluations so far
[1] 1949.06 +- 8.09986  	chisq 0.140946 (1 df)

Iteration 3:  6000000 integrand evaluations so far
[1] 1957.1 +- 5.16244  	chisq 1.80253 (2 df)

Iteration 4:  10000000 integrand evaluations so far
[1] 1955.83 +- 3.84059  	chisq 1.93869 (3 df)
  1.9558 ± 0.0038 ·10⁺⁰³ ( 27.6s) ┃   2.627 ± 0.0044 ·10⁺⁰³ (10.9mi) ┃
┃   22 -    24 ┃   33 -    34 ┃  2.2393 ± 0.0016 ·10⁺⁰³ ( 15.5s) ┃ -1.6366 ± 0.0011 ·10⁺⁰³ (2.39mi) ┃Vegas input parameters:
  ndim 7
  ncomp 1
  nvec 1
  epsrel 0
  epsabs 0
  flags 10
  seed 123456
  mineval 10000000
  maxeval 10000000
  nstart 1000000
  nincrease 1000000
  nbatch 5000
  gridno 0
  statefile ""

Iteration 1:  1000000 integrand evaluations so far
[1] 1818.09 +- 28.6904  	chisq 0 (0 df)

Iteration 2:  3000000 integrand evaluations so far
[1] 1759.59 +- 7.63345  	chisq 4.47453 (1 df)

Iteration 3:  6000000 integrand evaluations so far
[1] 1753.08 +- 4.91863  	chisq 5.72101 (2 df)

Iteration 4:  10000000 integrand evaluations so far
[1] 1750.59 +- 3.66992  	chisq 6.29499 (3 df)
  1.7506 ± 0.0037 ·10⁺⁰³ (   24s) ┃  2.3533 ± 0.0041 ·10⁺⁰³ (3.05mi) ┃
┃   22 -    24 ┃   34 -    35 ┃  2.1246 ±  0.002 ·10⁺⁰³ ( 34.6s) ┃-1.55292 ± 0.00067 ·10⁺⁰³ (9.28mi) ┃Vegas input parameters:
  ndim 7
  ncomp 1
  nvec 1
  epsrel 0
  epsabs 0
  flags 10
  seed 123456
  mineval 10000000
  maxeval 10000000
  nstart 1000000
  nincrease 1000000
  nbatch 5000
  gridno 0
  statefile ""

Iteration 1:  1000000 integrand evaluations so far
[1] 1571.66 +- 26.3552  	chisq 0 (0 df)

Iteration 2:  3000000 integrand evaluations so far
[1] 1599.9 +- 7.19071  	chisq 1.24021 (1 df)

Iteration 3:  6000000 integrand evaluations so far
[1] 1599.01 +- 4.57258  	chisq 1.26579 (2 df)

Iteration 4:  10000000 integrand evaluations so far
[1] 1600.48 +- 3.37584  	chisq 1.49332 (3 df)
  1.6005 ± 0.0034 ·10⁺⁰³ ( 27.4s) ┃  2.1722 ±  0.004 ·10⁺⁰³ (10.3mi) ┃
┃   22 -    24 ┃   35 -    36 ┃  1.9817 ± 0.00046 ·10⁺⁰³ ( 13.4s) ┃-1.44941 ± 0.00073 ·10⁺⁰³ (9.23mi) ┃Vegas input parameters:
  ndim 7
  ncomp 1
  nvec 1
  epsrel 0
  epsabs 0
  flags 10
  seed 123456
  mineval 10000000
  maxeval 10000000
  nstart 1000000
  nincrease 1000000
  nbatch 5000
  gridno 0
  statefile ""

Iteration 1:  1000000 integrand evaluations so far
[1] 1498.16 +- 25.5321  	chisq 0 (0 df)

Iteration 2:  3000000 integrand evaluations so far
[1] 1502.37 +- 6.91481  	chisq 0.0293413 (1 df)

Iteration 3:  6000000 integrand evaluations so far
[1] 1504.97 +- 4.37444  	chisq 0.263806 (2 df)

Iteration 4:  10000000 integrand evaluations so far
[1] 1506.08 +- 3.34429  	chisq 0.420589 (3 df)
  1.5061 ± 0.0033 ·10⁺⁰³ ( 31.7s) ┃  2.0384 ± 0.0035 ·10⁺⁰³ (9.98mi) ┃
┃   22 -    24 ┃   36 -    37 ┃ 1.87416 ± 0.00056 ·10⁺⁰³ ( 10.5s) ┃-1.37505 ± 0.00094 ·10⁺⁰³ (18.5mi) ┃Vegas input parameters:
  ndim 7
  ncomp 1
  nvec 1
  epsrel 0
  epsabs 0
  flags 10
  seed 123456
  mineval 10000000
  maxeval 10000000
  nstart 1000000
  nincrease 1000000
  nbatch 5000
  gridno 0
  statefile ""

Iteration 1:  1000000 integrand evaluations so far
[1] 1416.85 +- 24.8854  	chisq 0 (0 df)

Iteration 2:  3000000 integrand evaluations so far
[1] 1422.5 +- 6.75393  	chisq 0.0557813 (1 df)

Iteration 3:  6000000 integrand evaluations so far
[1] 1420.35 +- 4.16341  	chisq 0.218952 (2 df)

Iteration 4:  10000000 integrand evaluations so far
[1] 1417.12 +- 3.19439  	chisq 1.68616 (3 df)
  1.4171 ± 0.0032 ·10⁺⁰³ ( 31.6s) ┃  1.9162 ± 0.0034 ·10⁺⁰³ (19.2mi) ┃
┃   22 -    24 ┃   37 -    38 ┃ 1.82706 ± 0.00065 ·10⁺⁰³ (1.18mi) ┃-1.33838 ± 0.00047 ·10⁺⁰³ (8.82mi) ┃Vegas input parameters:
  ndim 7
  ncomp 1
  nvec 1
  epsrel 0
  epsabs 0
  flags 10
  seed 123456
  mineval 10000000
  maxeval 10000000
  nstart 1000000
  nincrease 1000000
  nbatch 5000
  gridno 0
  statefile ""

Iteration 1:  1000000 integrand evaluations so far
[1] 1367.51 +- 24.0743  	chisq 0 (0 df)

Iteration 2:  3000000 integrand evaluations so far
[1] 1353.65 +- 6.41495  	chisq 0.356655 (1 df)

Iteration 3:  6000000 integrand evaluations so far
[1] 1357.21 +- 4.14975  	chisq 0.885164 (2 df)

Iteration 4:  10000000 integrand evaluations so far
[1] 1355.65 +- 3.07442  	chisq 1.19878 (3 df)
  1.3556 ± 0.0031 ·10⁺⁰³ ( 30.7s) ┃  1.8443 ± 0.0032 ·10⁺⁰³ (10.5mi) ┃
┃   22 -    24 ┃   38 -    39 ┃  1.7461 ± 0.0017 ·10⁺⁰³ ( 20.8s) ┃-1.28065 ± 0.00053 ·10⁺⁰³ (4.29mi) ┃Vegas input parameters:
  ndim 7
  ncomp 1
  nvec 1
  epsrel 0
  epsabs 0
  flags 10
  seed 123456
  mineval 10000000
  maxeval 10000000
  nstart 1000000
  nincrease 1000000
  nbatch 5000
  gridno 0
  statefile ""

Iteration 1:  1000000 integrand evaluations so far
[1] 1299.35 +- 23.5966  	chisq 0 (0 df)

Iteration 2:  3000000 integrand evaluations so far
[1] 1301.67 +- 6.24868  	chisq 0.0104112 (1 df)

Iteration 3:  6000000 integrand evaluations so far
[1] 1301.75 +- 3.96085  	chisq 0.0106638 (2 df)

Iteration 4:  10000000 integrand evaluations so far
[1] 1302.07 +- 2.93049  	chisq 0.0259019 (3 df)
  1.3021 ± 0.0029 ·10⁺⁰³ ( 33.6s) ┃  1.7675 ± 0.0034 ·10⁺⁰³ (5.19mi) ┃
┃   22 -    24 ┃   39 -    40 ┃  1.7208 ± 0.0011 ·10⁺⁰³ ( 15.9s) ┃ -1.2584 ± 0.0011 ·10⁺⁰³ ( 4.7mi) ┃Vegas input parameters:
  ndim 7
  ncomp 1
  nvec 1
  epsrel 0
  epsabs 0
  flags 10
  seed 123456
  mineval 10000000
  maxeval 10000000
  nstart 1000000
  nincrease 1000000
  nbatch 5000
  gridno 0
  statefile ""

Iteration 1:  1000000 integrand evaluations so far
[1] 1247.56 +- 22.9934  	chisq 0 (0 df)

Iteration 2:  3000000 integrand evaluations so far
[1] 1260.94 +- 6.10681  	chisq 0.364619 (1 df)

Iteration 3:  6000000 integrand evaluations so far
[1] 1259.44 +- 3.85566  	chisq 0.464933 (2 df)

Iteration 4:  10000000 integrand evaluations so far
[1] 1261.82 +- 2.85739  	chisq 1.3119 (3 df)
  1.2618 ± 0.0029 ·10⁺⁰³ ( 32.1s) ┃  1.7242 ± 0.0032 ·10⁺⁰³ (5.51mi) ┃
┃   22 -    24 ┃   40 -    41 ┃  1.6929 ± 0.0012 ·10⁺⁰³ (1.08mi) ┃ -1.2377 ±  0.001 ·10⁺⁰³ (9.11mi) ┃Vegas input parameters:
  ndim 7
  ncomp 1
  nvec 1
  epsrel 0
  epsabs 0
  flags 10
  seed 123456
  mineval 10000000
  maxeval 10000000
  nstart 1000000
  nincrease 1000000
  nbatch 5000
  gridno 0
  statefile ""

Iteration 1:  1000000 integrand evaluations so far
[1] 1252.08 +- 23.0491  	chisq 0 (0 df)

Iteration 2:  3000000 integrand evaluations so far
[1] 1240.96 +- 6.1  	chisq 0.250413 (1 df)

Iteration 3:  6000000 integrand evaluations so far
[1] 1234.15 +- 3.76882  	chisq 2.26453 (2 df)

Iteration 4:  10000000 integrand evaluations so far
[1] 1235.63 +- 2.85334  	chisq 2.62358 (3 df)
  1.2356 ± 0.0029 ·10⁺⁰³ ( 30.6s) ┃  1.6908 ± 0.0033 ·10⁺⁰³ (10.7mi) ┃
┃   22 -    24 ┃   41 -    42 ┃  1.6329 ± 0.0012 ·10⁺⁰³ ( 31.8s) ┃-1.19298 ± 0.00085 ·10⁺⁰³ (4.65mi) ┃Vegas input parameters:
  ndim 7
  ncomp 1
  nvec 1
  epsrel 0
  epsabs 0
  flags 10
  seed 123456
  mineval 10000000
  maxeval 10000000
  nstart 1000000
  nincrease 1000000
  nbatch 5000
  gridno 0
  statefile ""

Iteration 1:  1000000 integrand evaluations so far
[1] 1204.73 +- 22.4876  	chisq 0 (0 df)

Iteration 2:  3000000 integrand evaluations so far
[1] 1212.07 +- 5.94629  	chisq 0.11459 (1 df)

Iteration 3:  6000000 integrand evaluations so far
[1] 1211.3 +- 3.67865  	chisq 0.142089 (2 df)

Iteration 4:  10000000 integrand evaluations so far
[1] 1212.3 +- 2.80489  	chisq 0.317807 (3 df)
  1.2123 ± 0.0028 ·10⁺⁰³ ( 30.9s) ┃  1.6522 ± 0.0031 ·10⁺⁰³ ( 5.7mi) ┃
┃   22 -    24 ┃   42 -    43 ┃  1.6382 ± 0.0013 ·10⁺⁰³ ( 17.7s) ┃-1.19662 ± 0.00016 ·10⁺⁰³ (2.02mi) ┃Vegas input parameters:
  ndim 7
  ncomp 1
  nvec 1
  epsrel 0
  epsabs 0
  flags 10
  seed 123456
  mineval 10000000
  maxeval 10000000
  nstart 1000000
  nincrease 1000000
  nbatch 5000
  gridno 0
  statefile ""

Iteration 1:  1000000 integrand evaluations so far
[1] 1206.4 +- 22.4991  	chisq 0 (0 df)

Iteration 2:  3000000 integrand evaluations so far
[1] 1217.1 +- 5.94524  	chisq 0.243031 (1 df)

Iteration 3:  6000000 integrand evaluations so far
[1] 1209.93 +- 3.65835  	chisq 2.58359 (2 df)

Iteration 4:  10000000 integrand evaluations so far
[1] 1206.5 +- 2.76719  	chisq 4.63878 (3 df)
  1.2065 ± 0.0028 ·10⁺⁰³ ( 32.5s) ┃  1.6481 ± 0.0031 ·10⁺⁰³ (2.85mi) ┃
┃   22 -    24 ┃   43 -    44 ┃  1.5872 ± 0.0011 ·10⁺⁰³ ( 17.4s) ┃-1.16004 ± 0.00053 ·10⁺⁰³ (2.39mi) ┃Vegas input parameters:
  ndim 7
  ncomp 1
  nvec 1
  epsrel 0
  epsabs 0
  flags 10
  seed 123456
  mineval 10000000
  maxeval 10000000
  nstart 1000000
  nincrease 1000000
  nbatch 5000
  gridno 0
  statefile ""

Iteration 1:  1000000 integrand evaluations so far
[1] 1195.73 +- 22.4404  	chisq 0 (0 df)

Iteration 2:  3000000 integrand evaluations so far
[1] 1217.88 +- 5.89509  	chisq 1.04643 (1 df)

Iteration 3:  6000000 integrand evaluations so far
[1] 1213.01 +- 3.69689  	chisq 2.17023 (2 df)

Iteration 4:  10000000 integrand evaluations so far
[1] 1207.08 +- 2.72217  	chisq 7.78289 (3 df)
  1.2071 ± 0.0027 ·10⁺⁰³ ( 33.3s) ┃  1.6343 ±  0.003 ·10⁺⁰³ (3.24mi) ┃
┃   22 -    24 ┃   44 -    45 ┃ 1.64759 ± 0.00035 ·10⁺⁰³ ( 4.99s) ┃-1.20673 ± 0.00083 ·10⁺⁰³ ( 57.8s) ┃Vegas input parameters:
  ndim 7
  ncomp 1
  nvec 1
  epsrel 0
  epsabs 0
  flags 10
  seed 123456
  mineval 10000000
  maxeval 10000000
  nstart 1000000
  nincrease 1000000
  nbatch 5000
  gridno 0
  statefile ""

Iteration 1:  1000000 integrand evaluations so far
[1] 1211.58 +- 22.6446  	chisq 0 (0 df)

Iteration 2:  3000000 integrand evaluations so far
[1] 1227.23 +- 5.90764  	chisq 0.512143 (1 df)

Iteration 3:  6000000 integrand evaluations so far
[1] 1222.94 +- 3.63999  	chisq 1.36187 (2 df)

Iteration 4:  10000000 integrand evaluations so far
[1] 1226.74 +- 2.74073  	chisq 3.88009 (3 df)
  1.2267 ± 0.0027 ·10⁺⁰³ ( 32.1s) ┃  1.6676 ± 0.0029 ·10⁺⁰³ (1.58mi) ┃
┃   22 -    24 ┃   45 -    46 ┃ 1.64698 ± 0.00071 ·10⁺⁰³ ( 16.1s) ┃-1.20453 ± 0.0004 ·10⁺⁰³ (2.33mi) ┃Vegas input parameters:
  ndim 7
  ncomp 1
  nvec 1
  epsrel 0
  epsabs 0
  flags 10
  seed 123456
  mineval 10000000
  maxeval 10000000
  nstart 1000000
  nincrease 1000000
  nbatch 5000
  gridno 0
  statefile ""

Iteration 1:  1000000 integrand evaluations so far
[1] 1270.06 +- 23.2484  	chisq 0 (0 df)

Iteration 2:  3000000 integrand evaluations so far
[1] 1257.97 +- 5.96  	chisq 0.289428 (1 df)

Iteration 3:  6000000 integrand evaluations so far
[1] 1254.89 +- 3.77021  	chisq 0.733458 (2 df)

Iteration 4:  10000000 integrand evaluations so far
[1] 1256.84 +- 2.79271  	chisq 1.32654 (3 df)
  1.2568 ± 0.0028 ·10⁺⁰³ ( 31.8s) ┃  1.6993 ± 0.0029 ·10⁺⁰³ (3.13mi) ┃
┃   22 -    24 ┃   46 -    47 ┃ 1.70508 ± 0.00011 ·10⁺⁰³ (2.14mi) ┃ -1.2467 ± 0.0012 ·10⁺⁰³ (2.33mi) ┃Vegas input parameters:
  ndim 7
  ncomp 1
  nvec 1
  epsrel 0
  epsabs 0
  flags 10
  seed 123456
  mineval 10000000
  maxeval 10000000
  nstart 1000000
  nincrease 1000000
  nbatch 5000
  gridno 0
  statefile ""

Iteration 1:  1000000 integrand evaluations so far
[1] 1299 +- 23.4273  	chisq 0 (0 df)

Iteration 2:  3000000 integrand evaluations so far
[1] 1307.59 +- 6.06256  	chisq 0.14397 (1 df)

Iteration 3:  6000000 integrand evaluations so far
[1] 1310.14 +- 3.75294  	chisq 0.431326 (2 df)

Iteration 4:  10000000 integrand evaluations so far
[1] 1311.65 +- 2.79277  	chisq 0.79672 (3 df)
  1.3117 ± 0.0028 ·10⁺⁰³ ( 31.8s) ┃    1.77 ± 0.0031 ·10⁺⁰³ (   5mi) ┃
┃   22 -    24 ┃   47 -    48 ┃   1.832 ± 0.0013 ·10⁺⁰³ ( 31.8s) ┃-1.34014 ± 0.00041 ·10⁺⁰³ (1.19mi) ┃Vegas input parameters:
  ndim 7
  ncomp 1
  nvec 1
  epsrel 0
  epsabs 0
  flags 10
  seed 123456
  mineval 10000000
  maxeval 10000000
  nstart 1000000
  nincrease 1000000
  nbatch 5000
  gridno 0
  statefile ""

Iteration 1:  1000000 integrand evaluations so far
[1] 1466.71 +- 25.3165  	chisq 0 (0 df)

Iteration 2:  3000000 integrand evaluations so far
[1] 1429.2 +- 6.36181  	chisq 2.34252 (1 df)

Iteration 3:  6000000 integrand evaluations so far
[1] 1431.27 +- 3.92719  	chisq 2.51234 (2 df)

Iteration 4:  10000000 integrand evaluations so far
[1] 1429.21 +- 2.95041  	chisq 3.14018 (3 df)
  1.4292 ±  0.003 ·10⁺⁰³ ( 31.3s) ┃  1.9211 ± 0.0032 ·10⁺⁰³ (2.24mi) ┃
┃   22 -    24 ┃   48 -    49 ┃  1.9464 ± 0.0017 ·10⁺⁰³ (   1mi) ┃ -1.4267 ± 0.0013 ·10⁺⁰³ ( 13.2s) ┃Vegas input parameters:
  ndim 7
  ncomp 1
  nvec 1
  epsrel 0
  epsabs 0
  flags 10
  seed 123456
  mineval 10000000
  maxeval 10000000
  nstart 1000000
  nincrease 1000000
  nbatch 5000
  gridno 0
  statefile ""

Iteration 1:  1000000 integrand evaluations so far
[1] 1543.79 +- 25.9394  	chisq 0 (0 df)

Iteration 2:  3000000 integrand evaluations so far
[1] 1538.01 +- 6.67206  	chisq 0.0531068 (1 df)

Iteration 3:  6000000 integrand evaluations so far
[1] 1542.99 +- 4.11474  	chisq 0.951209 (2 df)

Iteration 4:  10000000 integrand evaluations so far
[1] 1549.41 +- 3.10791  	chisq 6.6247 (3 df)
  1.5494 ± 0.0031 ·10⁺⁰³ ( 31.4s) ┃  2.0692 ± 0.0038 ·10⁺⁰³ (1.75mi) ┃
┃   22 -    24 ┃   49 -    50 ┃  1.9918 ± 0.0015 ·10⁺⁰³ (1.04mi) ┃-1.45069 ± 0.0006 ·10⁺⁰³ (9.07mi) ┃Vegas input parameters:
  ndim 7
  ncomp 1
  nvec 1
  epsrel 0
  epsabs 0
  flags 10
  seed 123456
  mineval 10000000
  maxeval 10000000
  nstart 1000000
  nincrease 1000000
  nbatch 5000
  gridno 0
  statefile ""

Iteration 1:  1000000 integrand evaluations so far
[1] 1569.15 +- 26.3771  	chisq 0 (0 df)

Iteration 2:  3000000 integrand evaluations so far
[1] 1595.24 +- 6.726  	chisq 1.04667 (1 df)

Iteration 3:  6000000 integrand evaluations so far
[1] 1598.77 +- 4.13338  	chisq 1.49022 (2 df)

Iteration 4:  10000000 integrand evaluations so far
[1] 1592.31 +- 3.0831  	chisq 7.00095 (3 df)
  1.5923 ± 0.0031 ·10⁺⁰³ ( 31.5s) ┃  2.1334 ± 0.0035 ·10⁺⁰³ (10.6mi) ┃
┃   22 -    24 ┃   50 -    51 ┃  1.9718 ± 0.0011 ·10⁺⁰³ ( 30.5s) ┃-1.43686 ± 0.00056 ·10⁺⁰³ (2.35mi) ┃Vegas input parameters:
  ndim 7
  ncomp 1
  nvec 1
  epsrel 0
  epsabs 0
  flags 10
  seed 123456
  mineval 10000000
  maxeval 10000000
  nstart 1000000
  nincrease 1000000
  nbatch 5000
  gridno 0
  statefile ""

Iteration 1:  1000000 integrand evaluations so far
[1] 1618.15 +- 26.6525  	chisq 0 (0 df)

Iteration 2:  3000000 integrand evaluations so far
[1] 1604.67 +- 6.4558  	chisq 0.271546 (1 df)

Iteration 3:  6000000 integrand evaluations so far
[1] 1607.84 +- 4.02515  	chisq 0.665446 (2 df)

Iteration 4:  10000000 integrand evaluations so far
[1] 1602.3 +- 2.97052  	chisq 4.82297 (3 df)
  1.6023 ±  0.003 ·10⁺⁰³ ( 30.2s) ┃  2.1373 ± 0.0032 ·10⁺⁰³ (3.36mi) ┃
┃   22 -    24 ┃   51 -    52 ┃  1.9595 ± 0.0011 ·10⁺⁰³ ( 29.9s) ┃ -1.4312 ± 0.0011 ·10⁺⁰³ (1.16mi) ┃Vegas input parameters:
  ndim 7
  ncomp 1
  nvec 1
  epsrel 0
  epsabs 0
  flags 10
  seed 123456
  mineval 10000000
  maxeval 10000000
  nstart 1000000
  nincrease 1000000
  nbatch 5000
  gridno 0
  statefile ""

Iteration 1:  1000000 integrand evaluations so far
[1] 1601.55 +- 26.5117  	chisq 0 (0 df)

Iteration 2:  3000000 integrand evaluations so far
[1] 1621.3 +- 6.37853  	chisq 0.588802 (1 df)

Iteration 3:  6000000 integrand evaluations so far
[1] 1627.59 +- 3.98038  	chisq 2.18221 (2 df)

Iteration 4:  10000000 integrand evaluations so far
[1] 1624.92 +- 2.92348  	chisq 3.15549 (3 df)
  1.6249 ± 0.0029 ·10⁺⁰³ ( 36.7s) ┃  2.1532 ± 0.0033 ·10⁺⁰³ (2.27mi) ┃
┃   22 -    24 ┃   52 -    53 ┃  1.9269 ± 0.00097 ·10⁺⁰³ ( 32.5s) ┃-1.40276 ± 0.00096 ·10⁺⁰³ (2.24mi) ┃Vegas input parameters:
  ndim 7
  ncomp 1
  nvec 1
  epsrel 0
  epsabs 0
  flags 10
  seed 123456
  mineval 10000000
  maxeval 10000000
  nstart 1000000
  nincrease 1000000
  nbatch 5000
  gridno 0
  statefile ""

Iteration 1:  1000000 integrand evaluations so far
[1] 1623.73 +- 26.6238  	chisq 0 (0 df)

Iteration 2:  3000000 integrand evaluations so far
[1] 1620.92 +- 6.27977  	chisq 0.0117632 (1 df)

Iteration 3:  6000000 integrand evaluations so far
[1] 1622.82 +- 3.8199  	chisq 0.156818 (2 df)

Iteration 4:  10000000 integrand evaluations so far
[1] 1621.55 +- 2.77848  	chisq 0.390411 (3 df)
  1.6216 ± 0.0028 ·10⁺⁰³ ( 36.7s) ┃  2.1457 ± 0.0031 ·10⁺⁰³ (3.39mi) ┃
┃   22 -    24 ┃   53 -    54 ┃ 1.22686 ± 0.0007 ·10⁺⁰³ ( 59.4s) ┃ -889.33 ±   0.54        (4.23mi) ┃Vegas input parameters:
  ndim 7
  ncomp 1
  nvec 1
  epsrel 0
  epsabs 0
  flags 10
  seed 123456
  mineval 10000000
  maxeval 10000000
  nstart 1000000
  nincrease 1000000
  nbatch 5000
  gridno 0
  statefile ""

Iteration 1:  1000000 integrand evaluations so far
[1] 1013.64 +- 21.042  	chisq 0 (0 df)

Iteration 2:  3000000 integrand evaluations so far
[1] 1036.97 +- 4.53196  	chisq 1.2896 (1 df)

Iteration 3:  6000000 integrand evaluations so far
[1] 1040.26 +- 2.82293  	chisq 2.15034 (2 df)

Iteration 4:  10000000 integrand evaluations so far
[1] 1041.69 +- 2.07551  	chisq 2.70994 (3 df)
  1.0417 ± 0.0021 ·10⁺⁰³ ( 33.1s) ┃  1.3792 ± 0.0023 ·10⁺⁰³ (5.77mi) ┃
┃   22 -    24 ┃   54 -    55 ┃  401.45 ±   0.31        (1.86mi) ┃ -293.02 ±   0.14        (7.71mi) ┃Vegas input parameters:
  ndim 7
  ncomp 1
  nvec 1
  epsrel 0
  epsabs 0
  flags 10
  seed 123456
  mineval 10000000
  maxeval 10000000
  nstart 1000000
  nincrease 1000000
  nbatch 5000
  gridno 0
  statefile ""

Iteration 1:  1000000 integrand evaluations so far
[1] 304.608 +- 11.1711  	chisq 0 (0 df)

Iteration 2:  3000000 integrand evaluations so far
[1] 336.427 +- 1.96025  	chisq 8.3704 (1 df)

Iteration 3:  6000000 integrand evaluations so far
[1] 338.114 +- 1.22087  	chisq 9.58107 (2 df)

Iteration 4:  10000000 integrand evaluations so far
[1] 338.808 +- 0.858809  	chisq 10.2201 (3 df)
  338.81 ±   0.86        ( 32.4s) ┃  447.25 ±   0.92        (10.1mi) ┃
┃   22 -    24 ┃   55 -    56 ┃  175.77 ±   0.13        (6.66mi) ┃-129.578 ±  0.074        (7.47mi) ┃Vegas input parameters:
  ndim 7
  ncomp 1
  nvec 1
  epsrel 0
  epsabs 0
  flags 10
  seed 123456
  mineval 10000000
  maxeval 10000000
  nstart 1000000
  nincrease 1000000
  nbatch 5000
  gridno 0
  statefile ""

Iteration 1:  1000000 integrand evaluations so far
[1] 151.01 +- 7.72188  	chisq 0 (0 df)

Iteration 2:  3000000 integrand evaluations so far
[1] 146.551 +- 0.748886  	chisq 0.33663 (1 df)

Iteration 3:  6000000 integrand evaluations so far
[1] 147.021 +- 0.451946  	chisq 0.956342 (2 df)

Iteration 4:  10000000 integrand evaluations so far
[1] 146.896 +- 0.326087  	chisq 1.11606 (3 df)
   146.9 ±   0.33        ( 32.1s) ┃  193.09 ±   0.36        (14.7mi) ┃
┃   22 -    24 ┃   56 -    57 ┃  99.814 ±  0.069        (6.64mi) ┃ -74.003 ±  0.055        ( 7.3mi) ┃Vegas input parameters:
  ndim 7
  ncomp 1
  nvec 1
  epsrel 0
  epsabs 0
  flags 10
  seed 123456
  mineval 10000000
  maxeval 10000000
  nstart 1000000
  nincrease 1000000
  nbatch 5000
  gridno 0
  statefile ""

Iteration 1:  1000000 integrand evaluations so far
[1] 79.7763 +- 5.60956  	chisq 0 (0 df)

Iteration 2:  3000000 integrand evaluations so far
[1] 83.7835 +- 0.429552  	chisq 0.513323 (1 df)

Iteration 3:  6000000 integrand evaluations so far
[1] 83.5318 +- 0.248948  	chisq 1.0303 (2 df)

Iteration 4:  10000000 integrand evaluations so far
[1] 83.5688 +- 0.238293  	chisq 1.29372 (3 df)
   83.57 ±   0.24        (   31s) ┃  109.38 ±   0.25        (14.5mi) ┃
┃   22 -    24 ┃   57 -    58 ┃  62.035 ±  0.029        (12.7mi) ┃ -43.417 ±  0.042        (1.88mi) ┃Vegas input parameters:
  ndim 7
  ncomp 1
  nvec 1
  epsrel 0
  epsabs 0
  flags 10
  seed 123456
  mineval 10000000
  maxeval 10000000
  nstart 1000000
  nincrease 1000000
  nbatch 5000
  gridno 0
  statefile ""

Iteration 1:  1000000 integrand evaluations so far
[1] 54.4686 +- 4.61085  	chisq 0 (0 df)

Iteration 2:  3000000 integrand evaluations so far
[1] 51.8765 +- 0.357346  	chisq 0.317963 (1 df)

Iteration 3:  6000000 integrand evaluations so far
[1] 51.9962 +- 0.191079  	chisq 0.475233 (2 df)

Iteration 4:  10000000 integrand evaluations so far
[1] 51.9007 +- 0.122952  	chisq 0.901869 (3 df)
    51.9 ±   0.12        ( 31.7s) ┃   70.52 ±   0.13        (15.1mi) ┃
┃   22 -    24 ┃   58 -    59 ┃   39.75 ±  0.024        (3.46mi) ┃ -29.702 ±  0.011        (28.2mi) ┃Vegas input parameters:
  ndim 7
  ncomp 1
  nvec 1
  epsrel 0
  epsabs 0
  flags 10
  seed 123456
  mineval 10000000
  maxeval 10000000
  nstart 1000000
  nincrease 1000000
  nbatch 5000
  gridno 0
  statefile ""

Iteration 1:  1000000 integrand evaluations so far
[1] 42.7927 +- 4.07624  	chisq 0 (0 df)

Iteration 2:  3000000 integrand evaluations so far
[1] 33.5481 +- 0.23717  	chisq 5.16091 (1 df)

Iteration 3:  6000000 integrand evaluations so far
[1] 33.5714 +- 0.120123  	chisq 5.17382 (2 df)

Iteration 4:  10000000 integrand evaluations so far
[1] 33.3494 +- 0.0763368  	chisq 10.8996 (3 df)
  33.349 ±  0.076        ( 33.4s) ┃  43.397 ±  0.081        (32.2mi) ┃
┃   22 -    24 ┃   59 -    60 ┃ 25.0757 ± 0.0079        (7.95mi) ┃ -18.818 ±  0.018        (28.5mi) ┃Vegas input parameters:
  ndim 7
  ncomp 1
  nvec 1
  epsrel 0
  epsabs 0
  flags 10
  seed 123456
  mineval 10000000
  maxeval 10000000
  nstart 1000000
  nincrease 1000000
  nbatch 5000
  gridno 0
  statefile ""

Iteration 1:  1000000 integrand evaluations so far
[1] 27.3893 +- 3.26424  	chisq 0 (0 df)

Iteration 2:  3000000 integrand evaluations so far
[1] 20.7904 +- 0.170058  	chisq 4.09796 (1 df)

Iteration 3:  6000000 integrand evaluations so far
[1] 21.1101 +- 0.0780449  	chisq 8.57545 (2 df)

Iteration 4:  10000000 integrand evaluations so far
[1] 21.041 +- 0.0498189  	chisq 9.89564 (3 df)
  21.041 ±   0.05        ( 32.6s) ┃  27.298 ±  0.053        (  37mi) ┃
┣━━━━━━━━━━━━━━╋━━━━━━━━━━━━━━╋━━━━━━━━━━━━━━━━━━━━━━━━━━━━━━━━━━╋━━━━━━━━━━━━━━━━━━━━━━━━━━━━━━━━━━╋━━━━━━━━━━━━━━━━━━━━━━━━━━━━━━━━━━╋━━━━━━━━━━━━━━━━━━━━━━━━━━━━━━━━━━┫
┃   20 -    24 ┃   25 -    60 ┃ 121.996 ± 0.0098 ·10⁺⁰³ (   2hr) ┃-90.7761 ± 0.0072 ·10⁺⁰³ (8.78hr) ┃  96.122 ±  0.026 ·10⁺⁰³ (36.7mi) ┃ 127.342 ±  0.029 ·10⁺⁰³ (11.4hr) ┃
┗━━━━━━━━━━━━━━┻━━━━━━━━━━━━━━┻━━━━━━━━━━━━━━━━━━━━━━━━━━━━━━━━━━┻━━━━━━━━━━━━━━━━━━━━━━━━━━━━━━━━━━┻━━━━━━━━━━━━━━━━━━━━━━━━━━━━━━━━━━┻━━━━━━━━━━━━━━━━━━━━━━━━━━━━━━━━━━┛

╍╍╍╍╍╍╍╍╍╍╍╍╍╍╍╍╍╍╍╍╍╍╍╍╍╍╍╍╍╍╍╍ Summary ╍╍╍╍╍╍╍╍╍╍╍╍╍╍╍╍╍╍╍╍╍╍╍╍╍╍╍╍╍╍╍
      Total cross section                    127.342 ± 0.029          pb
         Calculation time                               11.4       hours
              Output file                    outputs/qt_qt20_24_NLL_muR1.0_muF2.0.root            
      Result in text file                    outputs/qt_qt20_24_NLL_muR1.0_muF2.0.txt            

╍╍╍╍╍╍╍╍╍╍╍╍╍╍╍╍╍╍╍╍╍╍╍╍╍╍╍╍╍╍╍╍╍╍╍╍╍╍╍╍╍╍╍╍╍╍╍╍╍╍╍╍╍╍╍╍╍╍╍╍╍╍╍╍╍╍╍╍╍╍╍╍

