
╍╍╍╍╍╍╍╍╍╍╍╍╍╍╍╍╍╍╍╍╍╍╍╍╍╍╍ Process settings ╍╍╍╍╍╍╍╍╍╍╍╍╍╍╍╍╍╍╍╍╍╍╍╍╍╍╍
   proton-proton collisions at sqrt(s) = 13000 GeV 
   Computing NLO+NLL resummed cross section
   W+ ->  nu(p3)+e+(p4) production 

╍╍╍╍╍╍╍╍╍╍╍╍╍╍╍╍╍╍╍╍╍╍╍╍╍╍╍╍╍╍ CKM matrix ╍╍╍╍╍╍╍╍╍╍╍╍╍╍╍╍╍╍╍╍╍╍╍╍╍╍╍╍╍╍
     | Vud Vus Vub |   |   0.97427   0.2253  0.00351 | 
     | Vcd Vcs Vcb | = |    0.2252  0.97344   0.0412 | 
     | Vtd Vts Vtb |   |         0        0        0 | 

╍╍╍╍╍╍╍╍╍╍╍╍╍╍╍╍╍╍╍╍╍╍╍╍╍╍╍╍╍ EW parameters ╍╍╍╍╍╍╍╍╍╍╍╍╍╍╍╍╍╍╍╍╍╍╍╍╍╍╍╍
                                         Gf =  1.1663787e-05      GeV^-2
                                    1/alpha =  132.233229791            
                                 sin(thW)^2 = 0.222897222524            
                                     W mass =         80.385         GeV
                                     Z mass =        91.1876         GeV
                                    W width =          2.091         GeV
                                    Z width =          2.495         GeV

╍╍╍╍╍╍╍╍╍╍╍╍╍╍╍╍╍╍╍╍╍╍╍╍╍╍╍╍╍ QCD settings ╍╍╍╍╍╍╍╍╍╍╍╍╍╍╍╍╍╍╍╍╍╍╍╍╍╍╍╍╍
   Renormalization scale:     dynamic muren =            0.5      * m_ll
     Factorization scale:     dynamic mufac =              1      * m_ll
       Resummation scale:     dynamic mures =              1      * m_ll
          Strong coupling       alpha_s(MZ) =       0.118001            
                              running order =              2       -loop
         Non-perturbative     form factor g =            0.7       GeV^2

╍╍╍╍╍╍╍╍╍╍╍╍╍╍╍╍╍╍╍╍╍╍╍╍╍╍╍╍╍ PDF settings ╍╍╍╍╍╍╍╍╍╍╍╍╍╍╍╍╍╍╍╍╍╍╍╍╍╍╍╍╍
                                     PDF set:MSHT20nnlo_as118            
                                  PDF member:              0            
  Mellin moments of PDFs:                    Numerical integration            
                         nodes for the quadrature:            200            
                         Intervals for the quadrature:              1            

╍╍╍╍╍╍╍╍╍╍╍╍╍╍╍╍╍╍╍╍╍╍╍╍╍╍╍╍╍╍╍ qT recoil ╍╍╍╍╍╍╍╍╍╍╍╍╍╍╍╍╍╍╍╍╍╍╍╍╍╍╍╍╍╍
  qt-recoil prescription:       Collins-Soper kt1 = p_V(x)/2; kt2 = p_V(y)/2            

╍╍╍╍╍╍╍╍╍╍╍╍╍╍╍╍╍╍╍╍╍╍╍╍╍╍╍╍╍╍╍╍╍ Cuts ╍╍╍╍╍╍╍╍╍╍╍╍╍╍╍╍╍╍╍╍╍╍╍╍╍╍╍╍╍╍╍╍╍
                                  apply cuts:           true            
                                      pt_l >               0            
                                   |eta_l| <            1000            
                                    pt_lep >              25            
                                 |eta_lep| <             2.4            
                                   pt_alep >              25            
                                |eta_alep| <             2.4            
                                  user cuts:            true            

╍╍╍╍╍╍╍╍╍╍╍╍╍╍╍╍╍╍╍╍╍╍╍╍╍╍╍╍ ResummationDamp ╍╍╍╍╍╍╍╍╍╍╍╍╍╍╍╍╍╍╍╍╍╍╍╍╍╍╍
                                    damping :             on            
                                damping mode:              1            
                                  damp above:        60.2888         GeV
                               damping width:        20.0963         GeV
                          resummation cutoff:             20         MeV

╍╍╍╍╍╍╍╍╍╍╍╍╍╍╍╍╍╍╍╍╍╍╍╍╍╍╍╍ Debug settings ╍╍╍╍╍╍╍╍╍╍╍╍╍╍╍╍╍╍╍╍╍╍╍╍╍╍╍╍
                                 timeprofile:          false            
                                     verbose:          false            
                               cubaverbosity:              2            

╍╍╍╍╍╍╍╍╍╍╍╍╍╍╍╍╍╍╍╍╍╍╍╍╍╍╍╍╍╍╍╍╍╍╍╍╍╍╍╍╍╍╍╍╍╍╍╍╍╍╍╍╍╍╍╍╍╍╍╍╍╍╍╍╍╍╍╍╍╍╍╍

Warning: Histogram `a1_qt` contains non-integrable observable and will be deleted 
Warning: Histogram `a1_qt_vs_y` contains non-integrable observable and will be deleted 
Warning: Histogram `s_biganswer` contains non-integrable observable and will be deleted 
Warning: Histogram `wgt_a1_qt` contains non-integrable observable and will be deleted 

╍╍╍╍╍╍╍╍╍╍╍╍╍╍╍╍╍╍╍╍╍╍╍╍╍ Integration settings ╍╍╍╍╍╍╍╍╍╍╍╍╍╍╍╍╍╍╍╍╍╍╍╍╍
             Random seeds              123456                           
           Parallel cores                   1                           

             Resummation:     cuhre (dm, dpt)         iter =           5
                                   gauss (dy)        nodes =          64
                                                 intervals =           1
            Counter term:      cuhre (dm, dy)         iter =           5
                                  gauss (dpt)        nodes =          20
                                                 intervals =           5
                     V+J:            vegas 7D       ncalls =    10000000

Mellin inverse transform:           gaussian         nodes =          30
                                                 intervals =           1
                               imaginary axis         zmax =           2
  Angular variable costh:     semi-analytical      ncstart =         100
   Angular variables phi:            gaussian    intervals =          20

      Constant boundaries                  q2          low =          80
                                                      high =         100
                                            y          low =          -6
                                                      high =           6
                                        costh          low =          -1
                                                      high =           1
                                       eta(l)          low =         -10
                                                      high =          10

┏━━━━━━━━━━━━━━┰━━━━━━━━━━━━━━┰━━━━━━━━━━━━━━━━━━━━━━━━━━━━━━━━━━┰━━━━━━━━━━━━━━━━━━━━━━━━━━━━━━━━━━┰━━━━━━━━━━━━━━━━━━━━━━━━━━━━━━━━━━┰━━━━━━━━━━━━━━━━━━━━━━━━━━━━━━━━━━┓
┃           qT ┃        pT(l) ┃                      Resummation ┃                     Counter term ┃                              V+J ┃                            TOTAL ┃
┣━━━━━━━━━━━━━━╋━━━━━━━━━━━━━━╋━━━━━━━━━━━━━━━━━━━━━━━━━━━━━━━━━━╋━━━━━━━━━━━━━━━━━━━━━━━━━━━━━━━━━━╋━━━━━━━━━━━━━━━━━━━━━━━━━━━━━━━━━━╋━━━━━━━━━━━━━━━━━━━━━━━━━━━━━━━━━━┫
┃   68 -    70 ┃   25 -    26 ┃  95.498 ±   0.06        (4.31mi) ┃ -67.004 ±   0.06        (25.6mi) ┃Vegas input parameters:
  ndim 7
  ncomp 1
  nvec 1
  epsrel 0
  epsabs 0
  flags 10
  seed 123456
  mineval 10000000
  maxeval 10000000
  nstart 1000000
  nincrease 1000000
  nbatch 5000
  gridno 0
  statefile ""

Iteration 1:  1000000 integrand evaluations so far
[1] 108.172 +- 2.68801  	chisq 0 (0 df)

Iteration 2:  3000000 integrand evaluations so far
[1] 108.823 +- 0.902958  	chisq 0.0662169 (1 df)

Iteration 3:  6000000 integrand evaluations so far
[1] 107.759 +- 0.540007  	chisq 2.229 (2 df)

Iteration 4:  10000000 integrand evaluations so far
[1] 107.823 +- 0.377709  	chisq 2.25678 (3 df)
  107.82 ±   0.38        ( 48.1s) ┃  136.32 ±   0.39        (30.8mi) ┃
┃   68 -    70 ┃   26 -    27 ┃  76.864 ±  0.038        (4.33mi) ┃ -53.988 ±  0.029        (25.4mi) ┃Vegas input parameters:
  ndim 7
  ncomp 1
  nvec 1
  epsrel 0
  epsabs 0
  flags 10
  seed 123456
  mineval 10000000
  maxeval 10000000
  nstart 1000000
  nincrease 1000000
  nbatch 5000
  gridno 0
  statefile ""

Iteration 1:  1000000 integrand evaluations so far
[1] 104.454 +- 2.59669  	chisq 0 (0 df)

Iteration 2:  3000000 integrand evaluations so far
[1] 103.403 +- 0.728606  	chisq 0.177517 (1 df)

Iteration 3:  6000000 integrand evaluations so far
[1] 103.106 +- 0.45227  	chisq 0.44888 (2 df)

Iteration 4:  10000000 integrand evaluations so far
[1] 102.965 +- 0.342842  	chisq 0.675901 (3 df)
  102.97 ±   0.34        ( 47.8s) ┃  125.84 ±   0.35        (30.6mi) ┃
┃   68 -    70 ┃   27 -    28 ┃  104.39 ±  0.038        (1.26mi) ┃ -73.745 ±  0.039        (24.9mi) ┃Vegas input parameters:
  ndim 7
  ncomp 1
  nvec 1
  epsrel 0
  epsabs 0
  flags 10
  seed 123456
  mineval 10000000
  maxeval 10000000
  nstart 1000000
  nincrease 1000000
  nbatch 5000
  gridno 0
  statefile ""

Iteration 1:  1000000 integrand evaluations so far
[1] 101.083 +- 2.52177  	chisq 0 (0 df)

Iteration 2:  3000000 integrand evaluations so far
[1] 99.5885 +- 0.708317  	chisq 0.381101 (1 df)

Iteration 3:  6000000 integrand evaluations so far
[1] 99.9722 +- 0.441414  	chisq 0.860867 (2 df)

Iteration 4:  10000000 integrand evaluations so far
[1] 99.9613 +- 0.355268  	chisq 0.862595 (3 df)
   99.96 ±   0.36        ( 48.7s) ┃  130.61 ±   0.36        (  27mi) ┃
┃   68 -    70 ┃   28 -    29 ┃  73.865 ±  0.061        (1.18mi) ┃ -52.189 ±  0.015        (6.26mi) ┃Vegas input parameters:
  ndim 7
  ncomp 1
  nvec 1
  epsrel 0
  epsabs 0
  flags 10
  seed 123456
  mineval 10000000
  maxeval 10000000
  nstart 1000000
  nincrease 1000000
  nbatch 5000
  gridno 0
  statefile ""

Iteration 1:  1000000 integrand evaluations so far
[1] 96.3389 +- 2.43309  	chisq 0 (0 df)

Iteration 2:  3000000 integrand evaluations so far
[1] 97.0452 +- 0.696129  	chisq 0.0917756 (1 df)

Iteration 3:  6000000 integrand evaluations so far
[1] 96.0677 +- 0.430013  	chisq 3.28008 (2 df)

Iteration 4:  10000000 integrand evaluations so far
[1] 96.3063 +- 0.34084  	chisq 4.10826 (3 df)
   96.31 ±   0.34        ( 48.6s) ┃  117.98 ±   0.35        (8.25mi) ┃
┃   68 -    70 ┃   29 -    30 ┃  90.248 ±  0.024        (1.18mi) ┃  -63.29 ±  0.036        (12.6mi) ┃Vegas input parameters:
  ndim 7
  ncomp 1
  nvec 1
  epsrel 0
  epsabs 0
  flags 10
  seed 123456
  mineval 10000000
  maxeval 10000000
  nstart 1000000
  nincrease 1000000
  nbatch 5000
  gridno 0
  statefile ""

Iteration 1:  1000000 integrand evaluations so far
[1] 93.0133 +- 2.39371  	chisq 0 (0 df)

Iteration 2:  3000000 integrand evaluations so far
[1] 93.5881 +- 0.676256  	chisq 0.0626695 (1 df)

Iteration 3:  6000000 integrand evaluations so far
[1] 94.1361 +- 0.459745  	chisq 1.2835 (2 df)

Iteration 4:  10000000 integrand evaluations so far
[1] 93.9699 +- 0.342832  	chisq 1.57788 (3 df)
   93.97 ±   0.34        ( 49.8s) ┃  120.93 ±   0.35        (14.6mi) ┃
┃   68 -    70 ┃   30 -    31 ┃  86.265 ±  0.046        (2.33mi) ┃ -61.292 ±  0.032        (49.8mi) ┃Vegas input parameters:
  ndim 7
  ncomp 1
  nvec 1
  epsrel 0
  epsabs 0
  flags 10
  seed 123456
  mineval 10000000
  maxeval 10000000
  nstart 1000000
  nincrease 1000000
  nbatch 5000
  gridno 0
  statefile ""

Iteration 1:  1000000 integrand evaluations so far
[1] 94.8839 +- 2.3942  	chisq 0 (0 df)

Iteration 2:  3000000 integrand evaluations so far
[1] 91.7819 +- 0.661326  	chisq 1.81738 (1 df)

Iteration 3:  6000000 integrand evaluations so far
[1] 91.8089 +- 0.436832  	chisq 1.82033 (2 df)

Iteration 4:  10000000 integrand evaluations so far
[1] 91.8294 +- 0.335056  	chisq 1.82571 (3 df)
   91.83 ±   0.34        ( 49.1s) ┃   116.8 ±   0.34        (52.9mi) ┃
┃   68 -    70 ┃   31 -    32 ┃  82.714 ±  0.079        ( 5.29s) ┃ -58.155 ±  0.046        (25.3mi) ┃Vegas input parameters:
  ndim 7
  ncomp 1
  nvec 1
  epsrel 0
  epsabs 0
  flags 10
  seed 123456
  mineval 10000000
  maxeval 10000000
  nstart 1000000
  nincrease 1000000
  nbatch 5000
  gridno 0
  statefile ""

Iteration 1:  1000000 integrand evaluations so far
[1] 90.4457 +- 2.30513  	chisq 0 (0 df)

Iteration 2:  3000000 integrand evaluations so far
[1] 89.5418 +- 0.653262  	chisq 0.167186 (1 df)

Iteration 3:  6000000 integrand evaluations so far
[1] 89.7269 +- 0.439648  	chisq 0.313938 (2 df)

Iteration 4:  10000000 integrand evaluations so far
[1] 89.5647 +- 0.324682  	chisq 0.613251 (3 df)
   89.56 ±   0.32        ( 49.2s) ┃  114.12 ±   0.34        (26.2mi) ┃
┃   68 -    70 ┃   32 -    33 ┃  87.324 ±  0.067        ( 20.2s) ┃ -60.683 ±  0.055        (6.44mi) ┃Vegas input parameters:
  ndim 7
  ncomp 1
  nvec 1
  epsrel 0
  epsabs 0
  flags 10
  seed 123456
  mineval 10000000
  maxeval 10000000
  nstart 1000000
  nincrease 1000000
  nbatch 5000
  gridno 0
  statefile ""

Iteration 1:  1000000 integrand evaluations so far
[1] 86.5642 +- 2.25419  	chisq 0 (0 df)

Iteration 2:  3000000 integrand evaluations so far
[1] 86.7268 +- 0.635758  	chisq 0.00565663 (1 df)

Iteration 3:  6000000 integrand evaluations so far
[1] 87.3495 +- 0.410821  	chisq 1.65294 (2 df)

Iteration 4:  10000000 integrand evaluations so far
[1] 87.636 +- 0.30354  	chisq 2.72361 (3 df)
   87.64 ±    0.3        (   49s) ┃  114.28 ±   0.32        (7.59mi) ┃
┃   68 -    70 ┃   33 -    34 ┃  88.264 ±  0.019        (8.08mi) ┃ -62.195 ±  0.039        (12.6mi) ┃Vegas input parameters:
  ndim 7
  ncomp 1
  nvec 1
  epsrel 0
  epsabs 0
  flags 10
  seed 123456
  mineval 10000000
  maxeval 10000000
  nstart 1000000
  nincrease 1000000
  nbatch 5000
  gridno 0
  statefile ""

Iteration 1:  1000000 integrand evaluations so far
[1] 87.2707 +- 2.24246  	chisq 0 (0 df)

Iteration 2:  3000000 integrand evaluations so far
[1] 85.8685 +- 0.627607  	chisq 0.424235 (1 df)

Iteration 3:  6000000 integrand evaluations so far
[1] 85.8239 +- 0.411212  	chisq 0.433086 (2 df)

Iteration 4:  10000000 integrand evaluations so far
[1] 85.8358 +- 0.304434  	chisq 0.434948 (3 df)
   85.84 ±    0.3        ( 49.8s) ┃  111.91 ±   0.31        (21.5mi) ┃
┃   68 -    70 ┃   34 -    35 ┃  83.558 ±  0.051        (4.89mi) ┃ -59.166 ±  0.044        (17.5mi) ┃Vegas input parameters:
  ndim 7
  ncomp 1
  nvec 1
  epsrel 0
  epsabs 0
  flags 10
  seed 123456
  mineval 10000000
  maxeval 10000000
  nstart 1000000
  nincrease 1000000
  nbatch 5000
  gridno 0
  statefile ""

Iteration 1:  1000000 integrand evaluations so far
[1] 86.0242 +- 2.21246  	chisq 0 (0 df)

Iteration 2:  3000000 integrand evaluations so far
[1] 84.2133 +- 0.620633  	chisq 0.727231 (1 df)

Iteration 3:  6000000 integrand evaluations so far
[1] 83.9341 +- 0.38412  	chisq 1.05509 (2 df)

Iteration 4:  10000000 integrand evaluations so far
[1] 84.2698 +- 0.283376  	chisq 2.7311 (3 df)
   84.27 ±   0.28        ( 49.7s) ┃  108.66 ±   0.29        (23.2mi) ┃
┃   68 -    70 ┃   35 -    36 ┃   95.74 ±  0.066        ( 45.2s) ┃ -66.989 ±  0.028        (3.45mi) ┃Vegas input parameters:
  ndim 7
  ncomp 1
  nvec 1
  epsrel 0
  epsabs 0
  flags 10
  seed 123456
  mineval 10000000
  maxeval 10000000
  nstart 1000000
  nincrease 1000000
  nbatch 5000
  gridno 0
  statefile ""

Iteration 1:  1000000 integrand evaluations so far
[1] 82.4239 +- 2.13533  	chisq 0 (0 df)

Iteration 2:  3000000 integrand evaluations so far
[1] 82.8001 +- 0.726201  	chisq 0.0350971 (1 df)

Iteration 3:  6000000 integrand evaluations so far
[1] 83.4072 +- 0.439892  	chisq 1.13895 (2 df)

Iteration 4:  10000000 integrand evaluations so far
[1] 83.1146 +- 0.307076  	chisq 2.00215 (3 df)
   83.11 ±   0.31        (   49s) ┃  111.87 ±   0.32        (5.02mi) ┃
┃   68 -    70 ┃   36 -    37 ┃  74.136 ±  0.033        (2.21mi) ┃ -52.078 ±  0.028        (6.26mi) ┃Vegas input parameters:
  ndim 7
  ncomp 1
  nvec 1
  epsrel 0
  epsabs 0
  flags 10
  seed 123456
  mineval 10000000
  maxeval 10000000
  nstart 1000000
  nincrease 1000000
  nbatch 5000
  gridno 0
  statefile ""

Iteration 1:  1000000 integrand evaluations so far
[1] 81.5558 +- 2.1148  	chisq 0 (0 df)

Iteration 2:  3000000 integrand evaluations so far
[1] 80.5552 +- 0.597672  	chisq 0.243283 (1 df)

Iteration 3:  6000000 integrand evaluations so far
[1] 81.2172 +- 0.372264  	chisq 2.24797 (2 df)

Iteration 4:  10000000 integrand evaluations so far
[1] 81.2384 +- 0.288233  	chisq 2.25603 (3 df)
   81.24 ±   0.29        ( 49.1s) ┃   103.3 ±   0.29        ( 9.3mi) ┃
┃   68 -    70 ┃   37 -    38 ┃  70.988 ±  0.063        (4.17mi) ┃ -50.437 ±  0.032        (25.1mi) ┃Vegas input parameters:
  ndim 7
  ncomp 1
  nvec 1
  epsrel 0
  epsabs 0
  flags 10
  seed 123456
  mineval 10000000
  maxeval 10000000
  nstart 1000000
  nincrease 1000000
  nbatch 5000
  gridno 0
  statefile ""

Iteration 1:  1000000 integrand evaluations so far
[1] 74.5613 +- 2.01191  	chisq 0 (0 df)

Iteration 2:  3000000 integrand evaluations so far
[1] 79.0928 +- 0.589019  	chisq 5.54866 (1 df)

Iteration 3:  6000000 integrand evaluations so far
[1] 79.8109 +- 0.383426  	chisq 8.12802 (2 df)

Iteration 4:  10000000 integrand evaluations so far
[1] 79.9986 +- 0.283671  	chisq 8.6573 (3 df)
      80 ±   0.28        ( 50.3s) ┃  100.55 ±   0.29        (30.1mi) ┃
┃   68 -    70 ┃   38 -    39 ┃  86.687 ±  0.078        (4.29mi) ┃ -60.702 ±  0.049        (6.39mi) ┃Vegas input parameters:
  ndim 7
  ncomp 1
  nvec 1
  epsrel 0
  epsabs 0
  flags 10
  seed 123456
  mineval 10000000
  maxeval 10000000
  nstart 1000000
  nincrease 1000000
  nbatch 5000
  gridno 0
  statefile ""

Iteration 1:  1000000 integrand evaluations so far
[1] 81.2442 +- 2.09031  	chisq 0 (0 df)

Iteration 2:  3000000 integrand evaluations so far
[1] 79.0118 +- 0.586279  	chisq 1.23791 (1 df)

Iteration 3:  6000000 integrand evaluations so far
[1] 78.9825 +- 0.363591  	chisq 1.24197 (2 df)

Iteration 4:  10000000 integrand evaluations so far
[1] 79.2657 +- 0.276146  	chisq 2.67494 (3 df)
   79.27 ±   0.28        ( 49.3s) ┃  105.25 ±   0.29        (11.5mi) ┃
┃   68 -    70 ┃   39 -    40 ┃  78.297 ±  0.036        (4.27mi) ┃ -55.107 ±   0.05        (12.8mi) ┃Vegas input parameters:
  ndim 7
  ncomp 1
  nvec 1
  epsrel 0
  epsabs 0
  flags 10
  seed 123456
  mineval 10000000
  maxeval 10000000
  nstart 1000000
  nincrease 1000000
  nbatch 5000
  gridno 0
  statefile ""

Iteration 1:  1000000 integrand evaluations so far
[1] 80.0235 +- 2.08482  	chisq 0 (0 df)

Iteration 2:  3000000 integrand evaluations so far
[1] 78.1078 +- 0.57787  	chisq 0.91464 (1 df)

Iteration 3:  6000000 integrand evaluations so far
[1] 78.4017 +- 0.359895  	chisq 1.33716 (2 df)

Iteration 4:  10000000 integrand evaluations so far
[1] 78.0581 +- 0.273598  	chisq 3.49711 (3 df)
   78.06 ±   0.27        (   49s) ┃  101.25 ±   0.28        (17.9mi) ┃
┃   68 -    70 ┃   40 -    41 ┃  68.709 ±  0.049        (2.25mi) ┃ -48.628 ±  0.023        (25.6mi) ┃Vegas input parameters:
  ndim 7
  ncomp 1
  nvec 1
  epsrel 0
  epsabs 0
  flags 10
  seed 123456
  mineval 10000000
  maxeval 10000000
  nstart 1000000
  nincrease 1000000
  nbatch 5000
  gridno 0
  statefile ""

Iteration 1:  1000000 integrand evaluations so far
[1] 75.5063 +- 1.99868  	chisq 0 (0 df)

Iteration 2:  3000000 integrand evaluations so far
[1] 77.4759 +- 0.574719  	chisq 1.05859 (1 df)

Iteration 3:  6000000 integrand evaluations so far
[1] 77.0656 +- 0.355564  	chisq 1.88438 (2 df)

Iteration 4:  10000000 integrand evaluations so far
[1] 76.9674 +- 0.261635  	chisq 2.05049 (3 df)
   76.97 ±   0.26        ( 49.2s) ┃   97.05 ±   0.27        (28.7mi) ┃
┃   68 -    70 ┃   41 -    42 ┃  78.553 ±  0.027        (2.13mi) ┃ -55.305 ±   0.04        (1.64mi) ┃Vegas input parameters:
  ndim 7
  ncomp 1
  nvec 1
  epsrel 0
  epsabs 0
  flags 10
  seed 123456
  mineval 10000000
  maxeval 10000000
  nstart 1000000
  nincrease 1000000
  nbatch 5000
  gridno 0
  statefile ""

Iteration 1:  1000000 integrand evaluations so far
[1] 78.0339 +- 2.01427  	chisq 0 (0 df)

Iteration 2:  3000000 integrand evaluations so far
[1] 76.2393 +- 0.564858  	chisq 0.861483 (1 df)

Iteration 3:  6000000 integrand evaluations so far
[1] 76.6797 +- 0.352197  	chisq 1.85597 (2 df)

Iteration 4:  10000000 integrand evaluations so far
[1] 76.3098 +- 0.259144  	chisq 4.26148 (3 df)
   76.31 ±   0.26        ( 48.5s) ┃   99.56 ±   0.26        (4.57mi) ┃
┃   68 -    70 ┃   42 -    43 ┃  74.532 ±  0.048        ( 34.4s) ┃ -52.448 ±  0.026        (6.49mi) ┃Vegas input parameters:
  ndim 7
  ncomp 1
  nvec 1
  epsrel 0
  epsabs 0
  flags 10
  seed 123456
  mineval 10000000
  maxeval 10000000
  nstart 1000000
  nincrease 1000000
  nbatch 5000
  gridno 0
  statefile ""

Iteration 1:  1000000 integrand evaluations so far
[1] 76.5478 +- 2.00245  	chisq 0 (0 df)

Iteration 2:  3000000 integrand evaluations so far
[1] 75.4125 +- 0.558047  	chisq 0.348473 (1 df)

Iteration 3:  6000000 integrand evaluations so far
[1] 75.3424 +- 0.346909  	chisq 0.374162 (2 df)

Iteration 4:  10000000 integrand evaluations so far
[1] 75.4614 +- 0.273107  	chisq 0.68354 (3 df)
   75.46 ±   0.27        ( 49.5s) ┃   97.55 ±   0.28        (7.89mi) ┃
┃   68 -    70 ┃   43 -    44 ┃  72.163 ±  0.029        (1.15mi) ┃-50.5038 ± 0.0099        (  13mi) ┃Vegas input parameters:
  ndim 7
  ncomp 1
  nvec 1
  epsrel 0
  epsabs 0
  flags 10
  seed 123456
  mineval 10000000
  maxeval 10000000
  nstart 1000000
  nincrease 1000000
  nbatch 5000
  gridno 0
  statefile ""

Iteration 1:  1000000 integrand evaluations so far
[1] 71.097 +- 1.89591  	chisq 0 (0 df)

Iteration 2:  3000000 integrand evaluations so far
[1] 74.7678 +- 0.557461  	chisq 4.10335 (1 df)

Iteration 3:  6000000 integrand evaluations so far
[1] 73.9431 +- 0.343461  	chisq 7.63058 (2 df)

Iteration 4:  10000000 integrand evaluations so far
[1] 73.9416 +- 0.262284  	chisq 7.63063 (3 df)
   73.94 ±   0.26        ( 49.8s) ┃    95.6 ±   0.26        (  15mi) ┃
┃   68 -    70 ┃   44 -    45 ┃  66.642 ±  0.035        (4.28mi) ┃ -46.901 ±  0.019        (51.2mi) ┃Vegas input parameters:
  ndim 7
  ncomp 1
  nvec 1
  epsrel 0
  epsabs 0
  flags 10
  seed 123456
  mineval 10000000
  maxeval 10000000
  nstart 1000000
  nincrease 1000000
  nbatch 5000
  gridno 0
  statefile ""

Iteration 1:  1000000 integrand evaluations so far
[1] 71.23 +- 1.89173  	chisq 0 (0 df)

Iteration 2:  3000000 integrand evaluations so far
[1] 71.7607 +- 0.545335  	chisq 0.0858276 (1 df)

Iteration 3:  6000000 integrand evaluations so far
[1] 71.4082 +- 0.348048  	chisq 0.790799 (2 df)

Iteration 4:  10000000 integrand evaluations so far
[1] 71.1215 +- 0.255687  	chisq 2.26516 (3 df)
   71.12 ±   0.26        ( 49.6s) ┃   90.86 ±   0.26        (56.3mi) ┃
┃   68 -    70 ┃   45 -    46 ┃  84.162 ±  0.015        ( 4.3mi) ┃ -58.919 ±  0.027        (   53s) ┃Vegas input parameters:
  ndim 7
  ncomp 1
  nvec 1
  epsrel 0
  epsabs 0
  flags 10
  seed 123456
  mineval 10000000
  maxeval 10000000
  nstart 1000000
  nincrease 1000000
  nbatch 5000
  gridno 0
  statefile ""

Iteration 1:  1000000 integrand evaluations so far
[1] 68.6967 +- 1.86785  	chisq 0 (0 df)

Iteration 2:  3000000 integrand evaluations so far
[1] 67.9694 +- 0.522952  	chisq 0.164506 (1 df)

Iteration 3:  6000000 integrand evaluations so far
[1] 68.1221 +- 0.345298  	chisq 0.315764 (2 df)

Iteration 4:  10000000 integrand evaluations so far
[1] 67.8689 +- 0.257253  	chisq 1.5251 (3 df)
   67.87 ±   0.26        ( 48.8s) ┃   93.11 ±   0.26        (   6mi) ┃
┃   68 -    70 ┃   46 -    47 ┃  64.985 ±  0.056        (2.23mi) ┃ -45.655 ±  0.021        (50.2mi) ┃Vegas input parameters:
  ndim 7
  ncomp 1
  nvec 1
  epsrel 0
  epsabs 0
  flags 10
  seed 123456
  mineval 10000000
  maxeval 10000000
  nstart 1000000
  nincrease 1000000
  nbatch 5000
  gridno 0
  statefile ""

Iteration 1:  1000000 integrand evaluations so far
[1] 66.6254 +- 1.83751  	chisq 0 (0 df)

Iteration 2:  3000000 integrand evaluations so far
[1] 65.8407 +- 0.513006  	chisq 0.197764 (1 df)

Iteration 3:  6000000 integrand evaluations so far
[1] 65.4763 +- 0.317666  	chisq 1.01612 (2 df)

Iteration 4:  10000000 integrand evaluations so far
[1] 65.5039 +- 0.240243  	chisq 1.03366 (3 df)
    65.5 ±   0.24        (   51s) ┃   84.83 ±   0.25        (53.3mi) ┃
┃   68 -    70 ┃   47 -    48 ┃  58.075 ±  0.051        (1.16mi) ┃-40.6068 ± 0.0085        (3.18mi) ┃Vegas input parameters:
  ndim 7
  ncomp 1
  nvec 1
  epsrel 0
  epsabs 0
  flags 10
  seed 123456
  mineval 10000000
  maxeval 10000000
  nstart 1000000
  nincrease 1000000
  nbatch 5000
  gridno 0
  statefile ""

Iteration 1:  1000000 integrand evaluations so far
[1] 61.0171 +- 1.74102  	chisq 0 (0 df)

Iteration 2:  3000000 integrand evaluations so far
[1] 64.1664 +- 0.505536  	chisq 3.57327 (1 df)

Iteration 3:  6000000 integrand evaluations so far
[1] 63.8486 +- 0.31886  	chisq 4.22966 (2 df)

Iteration 4:  10000000 integrand evaluations so far
[1] 63.5633 +- 0.236416  	chisq 6.00716 (3 df)
   63.56 ±   0.24        ( 48.9s) ┃   81.03 ±   0.24        (5.16mi) ┃
┃   68 -    70 ┃   48 -    49 ┃  66.236 ±  0.027        (4.22mi) ┃ -47.011 ±  0.027        (24.9mi) ┃Vegas input parameters:
  ndim 7
  ncomp 1
  nvec 1
  epsrel 0
  epsabs 0
  flags 10
  seed 123456
  mineval 10000000
  maxeval 10000000
  nstart 1000000
  nincrease 1000000
  nbatch 5000
  gridno 0
  statefile ""

Iteration 1:  1000000 integrand evaluations so far
[1] 57.1524 +- 1.66893  	chisq 0 (0 df)

Iteration 2:  3000000 integrand evaluations so far
[1] 61.8919 +- 0.493487  	chisq 8.83758 (1 df)

Iteration 3:  6000000 integrand evaluations so far
[1] 61.8844 +- 0.305532  	chisq 8.83795 (2 df)

Iteration 4:  10000000 integrand evaluations so far
[1] 61.7856 +- 0.230951  	chisq 9.08219 (3 df)
   61.79 ±   0.23        (   48s) ┃   81.01 ±   0.23        (29.9mi) ┃
┃   68 -    70 ┃   49 -    50 ┃  78.784 ±  0.045        (4.17mi) ┃  -55.12 ±  0.016        (12.3mi) ┃Vegas input parameters:
  ndim 7
  ncomp 1
  nvec 1
  epsrel 0
  epsabs 0
  flags 10
  seed 123456
  mineval 10000000
  maxeval 10000000
  nstart 1000000
  nincrease 1000000
  nbatch 5000
  gridno 0
  statefile ""

Iteration 1:  1000000 integrand evaluations so far
[1] 60.5404 +- 1.73516  	chisq 0 (0 df)

Iteration 2:  3000000 integrand evaluations so far
[1] 60.2512 +- 0.478964  	chisq 0.0300702 (1 df)

Iteration 3:  6000000 integrand evaluations so far
[1] 60.3141 +- 0.302998  	chisq 0.0587666 (2 df)

Iteration 4:  10000000 integrand evaluations so far
[1] 60.2128 +- 0.232341  	chisq 0.329689 (3 df)
   60.21 ±   0.23        ( 48.9s) ┃   83.88 ±   0.24        (17.3mi) ┃
┃   68 -    70 ┃   50 -    51 ┃  56.795 ±  0.038        (2.18mi) ┃ -39.761 ±  0.029        (6.38mi) ┃Vegas input parameters:
  ndim 7
  ncomp 1
  nvec 1
  epsrel 0
  epsabs 0
  flags 10
  seed 123456
  mineval 10000000
  maxeval 10000000
  nstart 1000000
  nincrease 1000000
  nbatch 5000
  gridno 0
  statefile ""

Iteration 1:  1000000 integrand evaluations so far
[1] 60.6841 +- 1.72552  	chisq 0 (0 df)

Iteration 2:  3000000 integrand evaluations so far
[1] 59.2771 +- 0.537057  	chisq 0.736167 (1 df)

Iteration 3:  6000000 integrand evaluations so far
[1] 59.5605 +- 0.325498  	chisq 1.17605 (2 df)

Iteration 4:  10000000 integrand evaluations so far
[1] 59.1288 +- 0.23258  	chisq 4.76906 (3 df)
   59.13 ±   0.23        ( 47.6s) ┃   76.16 ±   0.24        (9.35mi) ┃
┃   68 -    70 ┃   51 -    52 ┃  60.363 ±  0.012        (4.18mi) ┃ -42.546 ±  0.037        (12.2mi) ┃Vegas input parameters:
  ndim 7
  ncomp 1
  nvec 1
  epsrel 0
  epsabs 0
  flags 10
  seed 123456
  mineval 10000000
  maxeval 10000000
  nstart 1000000
  nincrease 1000000
  nbatch 5000
  gridno 0
  statefile ""

Iteration 1:  1000000 integrand evaluations so far
[1] 56.796 +- 1.66108  	chisq 0 (0 df)

Iteration 2:  3000000 integrand evaluations so far
[1] 57.9433 +- 0.466061  	chisq 0.517794 (1 df)

Iteration 3:  6000000 integrand evaluations so far
[1] 57.8184 +- 0.305021  	chisq 0.643475 (2 df)

Iteration 4:  10000000 integrand evaluations so far
[1] 57.7969 +- 0.229611  	chisq 0.654901 (3 df)
    57.8 ±   0.23        ( 47.8s) ┃   75.61 ±   0.23        (17.2mi) ┃
┃   68 -    70 ┃   52 -    53 ┃  64.899 ±  0.011        (1.06mi) ┃ -45.766 ±  0.031        (12.1mi) ┃Vegas input parameters:
  ndim 7
  ncomp 1
  nvec 1
  epsrel 0
  epsabs 0
  flags 10
  seed 123456
  mineval 10000000
  maxeval 10000000
  nstart 1000000
  nincrease 1000000
  nbatch 5000
  gridno 0
  statefile ""

Iteration 1:  1000000 integrand evaluations so far
[1] 56.719 +- 1.65791  	chisq 0 (0 df)

Iteration 2:  3000000 integrand evaluations so far
[1] 56.1134 +- 0.457286  	chisq 0.144434 (1 df)

Iteration 3:  6000000 integrand evaluations so far
[1] 56.6164 +- 0.297586  	chisq 2.24356 (2 df)

Iteration 4:  10000000 integrand evaluations so far
[1] 56.5864 +- 0.219884  	chisq 2.26591 (3 df)
   56.59 ±   0.22        ( 48.3s) ┃   75.72 ±   0.22        (13.9mi) ┃
┃   68 -    70 ┃   53 -    54 ┃  63.617 ±   0.06        (2.05mi) ┃ -44.608 ±  0.042        (6.11mi) ┃Vegas input parameters:
  ndim 7
  ncomp 1
  nvec 1
  epsrel 0
  epsabs 0
  flags 10
  seed 123456
  mineval 10000000
  maxeval 10000000
  nstart 1000000
  nincrease 1000000
  nbatch 5000
  gridno 0
  statefile ""

Iteration 1:  1000000 integrand evaluations so far
[1] 55.1868 +- 1.62468  	chisq 0 (0 df)

Iteration 2:  3000000 integrand evaluations so far
[1] 55.9827 +- 0.454896  	chisq 0.26035 (1 df)

Iteration 3:  6000000 integrand evaluations so far
[1] 55.6777 +- 0.280463  	chisq 0.985394 (2 df)

Iteration 4:  10000000 integrand evaluations so far
[1] 55.5077 +- 0.212101  	chisq 1.8433 (3 df)
   55.51 ±   0.21        ( 48.6s) ┃   74.52 ±   0.22        (8.97mi) ┃
┃   68 -    70 ┃   54 -    55 ┃  54.931 ±  0.023        ( 59.4s) ┃-38.3925 ± 0.0051        (46.2mi) ┃Vegas input parameters:
  ndim 7
  ncomp 1
  nvec 1
  epsrel 0
  epsabs 0
  flags 10
  seed 123456
  mineval 10000000
  maxeval 10000000
  nstart 1000000
  nincrease 1000000
  nbatch 5000
  gridno 0
  statefile ""

Iteration 1:  1000000 integrand evaluations so far
[1] 51.3184 +- 1.55717  	chisq 0 (0 df)

Iteration 2:  3000000 integrand evaluations so far
[1] 53.9773 +- 0.448854  	chisq 3.18003 (1 df)

Iteration 3:  6000000 integrand evaluations so far
[1] 54.5428 +- 0.29239  	chisq 5.93695 (2 df)

Iteration 4:  10000000 integrand evaluations so far
[1] 54.6333 +- 0.216642  	chisq 6.14939 (3 df)
   54.63 ±   0.22        ( 47.4s) ┃   71.17 ±   0.22        (47.9mi) ┃
┃   68 -    70 ┃   55 -    56 ┃  56.483 ±  0.017        (4.12mi) ┃ -39.769 ±  0.019        (11.9mi) ┃Vegas input parameters:
  ndim 7
  ncomp 1
  nvec 1
  epsrel 0
  epsabs 0
  flags 10
  seed 123456
  mineval 10000000
  maxeval 10000000
  nstart 1000000
  nincrease 1000000
  nbatch 5000
  gridno 0
  statefile ""

Iteration 1:  1000000 integrand evaluations so far
[1] 53.7192 +- 1.60147  	chisq 0 (0 df)

Iteration 2:  3000000 integrand evaluations so far
[1] 53.8864 +- 0.445658  	chisq 0.0118222 (1 df)

Iteration 3:  6000000 integrand evaluations so far
[1] 53.7271 +- 0.276282  	chisq 0.219262 (2 df)

Iteration 4:  10000000 integrand evaluations so far
[1] 53.8287 +- 0.203356  	chisq 0.513875 (3 df)
   53.83 ±    0.2        ( 46.8s) ┃   70.54 ±    0.2        (16.8mi) ┃
┃   68 -    70 ┃   56 -    57 ┃  70.112 ±  0.022        (2.16mi) ┃  -48.91 ±  0.029        (23.5mi) ┃Vegas input parameters:
  ndim 7
  ncomp 1
  nvec 1
  epsrel 0
  epsabs 0
  flags 10
  seed 123456
  mineval 10000000
  maxeval 10000000
  nstart 1000000
  nincrease 1000000
  nbatch 5000
  gridno 0
  statefile ""

Iteration 1:  1000000 integrand evaluations so far
[1] 53.7457 +- 1.61191  	chisq 0 (0 df)

Iteration 2:  3000000 integrand evaluations so far
[1] 53.378 +- 0.440044  	chisq 0.0562233 (1 df)

Iteration 3:  6000000 integrand evaluations so far
[1] 53.026 +- 0.286349  	chisq 1.16617 (2 df)

Iteration 4:  10000000 integrand evaluations so far
[1] 52.8237 +- 0.210808  	chisq 2.25559 (3 df)
   52.82 ±   0.21        ( 44.1s) ┃   74.03 ±   0.21        (26.3mi) ┃
┃   68 -    70 ┃   57 -    58 ┃  49.142 ±  0.022        (1.09mi) ┃-34.5271 ± 0.0095        (5.92mi) ┃Vegas input parameters:
  ndim 7
  ncomp 1
  nvec 1
  epsrel 0
  epsabs 0
  flags 10
  seed 123456
  mineval 10000000
  maxeval 10000000
  nstart 1000000
  nincrease 1000000
  nbatch 5000
  gridno 0
  statefile ""

Iteration 1:  1000000 integrand evaluations so far
[1] 52.0606 +- 1.58119  	chisq 0 (0 df)

Iteration 2:  3000000 integrand evaluations so far
[1] 52.3473 +- 0.431594  	chisq 0.0355232 (1 df)

Iteration 3:  6000000 integrand evaluations so far
[1] 52.0186 +- 0.26556  	chisq 0.969091 (2 df)

Iteration 4:  10000000 integrand evaluations so far
[1] 51.9622 +- 0.195191  	chisq 1.06725 (3 df)
   51.96 ±    0.2        ( 47.5s) ┃   66.58 ±    0.2        ( 7.8mi) ┃
┃   68 -    70 ┃   58 -    59 ┃  47.165 ±  0.014        (1.09mi) ┃-33.0769 ± 0.0066        (23.2mi) ┃Vegas input parameters:
  ndim 7
  ncomp 1
  nvec 1
  epsrel 0
  epsabs 0
  flags 10
  seed 123456
  mineval 10000000
  maxeval 10000000
  nstart 1000000
  nincrease 1000000
  nbatch 5000
  gridno 0
  statefile ""

Iteration 1:  1000000 integrand evaluations so far
[1] 53.0721 +- 1.60201  	chisq 0 (0 df)

Iteration 2:  3000000 integrand evaluations so far
[1] 52.1431 +- 0.427426  	chisq 0.362081 (1 df)

Iteration 3:  6000000 integrand evaluations so far
[1] 51.4951 +- 0.26354  	chisq 4.0702 (2 df)

Iteration 4:  10000000 integrand evaluations so far
[1] 51.3092 +- 0.197215  	chisq 5.20121 (3 df)
   51.31 ±    0.2        ( 48.3s) ┃    65.4 ±    0.2        (25.1mi) ┃
┃   68 -    70 ┃   59 -    60 ┃  58.024 ±  0.021        (4.05mi) ┃-40.9192 ± 0.0079        (23.4mi) ┃Vegas input parameters:
  ndim 7
  ncomp 1
  nvec 1
  epsrel 0
  epsabs 0
  flags 10
  seed 123456
  mineval 10000000
  maxeval 10000000
  nstart 1000000
  nincrease 1000000
  nbatch 5000
  gridno 0
  statefile ""

Iteration 1:  1000000 integrand evaluations so far
[1] 51.2857 +- 1.57519  	chisq 0 (0 df)

Iteration 2:  3000000 integrand evaluations so far
[1] 50.3652 +- 0.416922  	chisq 0.367258 (1 df)

Iteration 3:  6000000 integrand evaluations so far
[1] 49.9494 +- 0.25731  	chisq 1.97345 (2 df)

Iteration 4:  10000000 integrand evaluations so far
[1] 50.2241 +- 0.197801  	chisq 4.76017 (3 df)
   50.22 ±    0.2        (   42s) ┃   67.33 ±    0.2        (28.2mi) ┃
┃   70 -    72 ┃   25 -    26 ┃  76.635 ±  0.033        (4.04mi) ┃ -53.931 ±  0.036        (24.2mi) ┃Vegas input parameters:
  ndim 7
  ncomp 1
  nvec 1
  epsrel 0
  epsabs 0
  flags 10
  seed 123456
  mineval 10000000
  maxeval 10000000
  nstart 1000000
  nincrease 1000000
  nbatch 5000
  gridno 0
  statefile ""

Iteration 1:  1000000 integrand evaluations so far
[1] 95.5769 +- 2.43176  	chisq 0 (0 df)

Iteration 2:  3000000 integrand evaluations so far
[1] 96.6782 +- 0.689546  	chisq 0.223052 (1 df)

Iteration 3:  6000000 integrand evaluations so far
[1] 96.9069 +- 0.442121  	chisq 0.409816 (2 df)

Iteration 4:  10000000 integrand evaluations so far
[1] 96.9278 +- 0.327704  	chisq 0.414752 (3 df)
   96.93 ±   0.33        ( 43.4s) ┃  119.63 ±   0.33        (28.9mi) ┃
┃   70 -    72 ┃   26 -    27 ┃  74.504 ±  0.034        (1.02mi) ┃ -52.533 ±  0.022        (6.17mi) ┃Vegas input parameters:
  ndim 7
  ncomp 1
  nvec 1
  epsrel 0
  epsabs 0
  flags 10
  seed 123456
  mineval 10000000
  maxeval 10000000
  nstart 1000000
  nincrease 1000000
  nbatch 5000
  gridno 0
  statefile ""

Iteration 1:  1000000 integrand evaluations so far
[1] 94.9382 +- 2.39249  	chisq 0 (0 df)

Iteration 2:  3000000 integrand evaluations so far
[1] 93.6471 +- 0.667422  	chisq 0.315802 (1 df)

Iteration 3:  6000000 integrand evaluations so far
[1] 93.311 +- 0.414178  	chisq 0.728233 (2 df)

Iteration 4:  10000000 integrand evaluations so far
[1] 93.2221 +- 0.31502  	chisq 0.837561 (3 df)
   93.22 ±   0.32        ( 41.7s) ┃  115.19 ±   0.32        (7.88mi) ┃
┃   70 -    72 ┃   27 -    28 ┃  67.444 ±  0.035        (4.05mi) ┃ -47.456 ±  0.035        (  12mi) ┃Vegas input parameters:
  ndim 7
  ncomp 1
  nvec 1
  epsrel 0
  epsabs 0
  flags 10
  seed 123456
  mineval 10000000
  maxeval 10000000
  nstart 1000000
  nincrease 1000000
  nbatch 5000
  gridno 0
  statefile ""

Iteration 1:  1000000 integrand evaluations so far
[1] 92.479 +- 2.32499  	chisq 0 (0 df)

Iteration 2:  3000000 integrand evaluations so far
[1] 89.0397 +- 0.645894  	chisq 2.37121 (1 df)

Iteration 3:  6000000 integrand evaluations so far
[1] 89.8489 +- 0.403319  	chisq 4.94427 (2 df)

Iteration 4:  10000000 integrand evaluations so far
[1] 90.187 +- 0.329468  	chisq 7.05642 (3 df)
   90.19 ±   0.33        ( 45.9s) ┃  110.17 ±   0.33        (16.8mi) ┃
┃   70 -    72 ┃   28 -    29 ┃  75.541 ±  0.063        (1.01mi) ┃ -53.635 ±  0.045        (11.5mi) ┃Vegas input parameters:
  ndim 7
  ncomp 1
  nvec 1
  epsrel 0
  epsabs 0
  flags 10
  seed 123456
  mineval 10000000
  maxeval 10000000
  nstart 1000000
  nincrease 1000000
  nbatch 5000
  gridno 0
  statefile ""

Iteration 1:  1000000 integrand evaluations so far
[1] 86.1032 +- 2.22733  	chisq 0 (0 df)

Iteration 2:  3000000 integrand evaluations so far
[1] 86.7095 +- 0.634254  	chisq 0.0806326 (1 df)

Iteration 3:  6000000 integrand evaluations so far
[1] 86.8044 +- 0.394016  	chisq 0.117054 (2 df)

Iteration 4:  10000000 integrand evaluations so far
[1] 87.0963 +- 0.307531  	chisq 1.52147 (3 df)
    87.1 ±   0.31        ( 47.6s) ┃     109 ±   0.32        (13.3mi) ┃
┃   70 -    72 ┃   29 -    30 ┃   69.44 ±  0.056        ( 37.6s) ┃  -48.91 ±  0.045        (23.1mi) ┃Vegas input parameters:
  ndim 7
  ncomp 1
  nvec 1
  epsrel 0
  epsabs 0
  flags 10
  seed 123456
  mineval 10000000
  maxeval 10000000
  nstart 1000000
  nincrease 1000000
  nbatch 5000
  gridno 0
  statefile ""

Iteration 1:  1000000 integrand evaluations so far
[1] 88.2276 +- 2.25232  	chisq 0 (0 df)

Iteration 2:  3000000 integrand evaluations so far
[1] 85.1537 +- 0.624341  	chisq 2.01761 (1 df)

Iteration 3:  6000000 integrand evaluations so far
[1] 84.7843 +- 0.386622  	chisq 2.5855 (2 df)

Iteration 4:  10000000 integrand evaluations so far
[1] 84.8129 +- 0.303505  	chisq 2.59976 (3 df)
   84.81 ±    0.3        ( 43.4s) ┃  105.34 ±   0.31        (24.4mi) ┃
┃   70 -    72 ┃   30 -    31 ┃  71.789 ±  0.052        (3.95mi) ┃-50.6961 ± 0.0074        (45.7mi) ┃Vegas input parameters:
  ndim 7
  ncomp 1
  nvec 1
  epsrel 0
  epsabs 0
  flags 10
  seed 123456
  mineval 10000000
  maxeval 10000000
  nstart 1000000
  nincrease 1000000
  nbatch 5000
  gridno 0
  statefile ""

Iteration 1:  1000000 integrand evaluations so far
[1] 82.7434 +- 2.16203  	chisq 0 (0 df)

Iteration 2:  3000000 integrand evaluations so far
[1] 83.0295 +- 0.607339  	chisq 0.0190148 (1 df)

Iteration 3:  6000000 integrand evaluations so far
[1] 83.2067 +- 0.400348  	chisq 0.169462 (2 df)

Iteration 4:  10000000 integrand evaluations so far
[1] 83.4251 +- 0.30892  	chisq 0.905037 (3 df)
   83.43 ±   0.31        (   41s) ┃  104.52 ±   0.31        (50.4mi) ┃
┃   70 -    72 ┃   31 -    32 ┃  64.424 ±  0.063        (3.63mi) ┃ -45.652 ±  0.044        (22.4mi) ┃Vegas input parameters:
  ndim 7
  ncomp 1
  nvec 1
  epsrel 0
  epsabs 0
  flags 10
  seed 123456
  mineval 10000000
  maxeval 10000000
  nstart 1000000
  nincrease 1000000
  nbatch 5000
  gridno 0
  statefile ""

Iteration 1:  1000000 integrand evaluations so far
[1] 84.1205 +- 2.13772  	chisq 0 (0 df)

Iteration 2:  3000000 integrand evaluations so far
[1] 81.1387 +- 0.596485  	chisq 2.10993 (1 df)

Iteration 3:  6000000 integrand evaluations so far
[1] 81.447 +- 0.419171  	chisq 2.6379 (2 df)

Iteration 4:  10000000 integrand evaluations so far
[1] 81.5998 +- 0.312391  	chisq 2.93659 (3 df)
    81.6 ±   0.31        ( 43.5s) ┃  100.37 ±   0.32        (26.7mi) ┃
┃   70 -    72 ┃   32 -    33 ┃  72.812 ±  0.041        (1.05mi) ┃ -51.227 ±  0.033        (22.9mi) ┃Vegas input parameters:
  ndim 7
  ncomp 1
  nvec 1
  epsrel 0
  epsabs 0
  flags 10
  seed 123456
  mineval 10000000
  maxeval 10000000
  nstart 1000000
  nincrease 1000000
  nbatch 5000
  gridno 0
  statefile ""

Iteration 1:  1000000 integrand evaluations so far
[1] 77.8306 +- 2.05458  	chisq 0 (0 df)

Iteration 2:  3000000 integrand evaluations so far
[1] 78.7008 +- 0.584068  	chisq 0.195167 (1 df)

Iteration 3:  6000000 integrand evaluations so far
[1] 79.4478 +- 0.364689  	chisq 2.87575 (2 df)

Iteration 4:  10000000 integrand evaluations so far
[1] 79.5101 +- 0.268693  	chisq 2.9396 (3 df)
   79.51 ±   0.27        ( 44.3s) ┃  101.09 ±   0.27        (24.7mi) ┃
┃   70 -    72 ┃   33 -    34 ┃  70.534 ±  0.063        ( 34.4s) ┃ -49.359 ±  0.046        ( 5.7mi) ┃Vegas input parameters:
  ndim 7
  ncomp 1
  nvec 1
  epsrel 0
  epsabs 0
  flags 10
  seed 123456
  mineval 10000000
  maxeval 10000000
  nstart 1000000
  nincrease 1000000
  nbatch 5000
  gridno 0
  statefile ""

Iteration 1:  1000000 integrand evaluations so far
[1] 77.7341 +- 2.05137  	chisq 0 (0 df)

Iteration 2:  3000000 integrand evaluations so far
[1] 77.8842 +- 0.57615  	chisq 0.00581544 (1 df)

Iteration 3:  6000000 integrand evaluations so far
[1] 77.9925 +- 0.372781  	chisq 0.0665157 (2 df)

Iteration 4:  10000000 integrand evaluations so far
[1] 78.2152 +- 0.275774  	chisq 0.854746 (3 df)
   78.22 ±   0.28        ( 40.2s) ┃   99.39 ±   0.29        (6.95mi) ┃
┃   70 -    72 ┃   34 -    35 ┃  65.918 ±   0.05        (6.54mi) ┃ -46.995 ±  0.043        (21.9mi) ┃Vegas input parameters:
  ndim 7
  ncomp 1
  nvec 1
  epsrel 0
  epsabs 0
  flags 10
  seed 123456
  mineval 10000000
  maxeval 10000000
  nstart 1000000
  nincrease 1000000
  nbatch 5000
  gridno 0
  statefile ""

Iteration 1:  1000000 integrand evaluations so far
[1] 80.1043 +- 2.06485  	chisq 0 (0 df)

Iteration 2:  3000000 integrand evaluations so far
[1] 76.0897 +- 0.566253  	chisq 4.08762 (1 df)

Iteration 3:  6000000 integrand evaluations so far
[1] 76.4458 +- 0.352354  	chisq 4.73302 (2 df)

Iteration 4:  10000000 integrand evaluations so far
[1] 76.5179 +- 0.259789  	chisq 4.82497 (3 df)
   76.52 ±   0.26        ( 44.1s) ┃   95.44 ±   0.27        (29.2mi) ┃
┃   70 -    72 ┃   35 -    36 ┃  82.773 ±  0.033        (   11s) ┃ -58.505 ±   0.05        (1.01hr) ┃Vegas input parameters:
  ndim 7
  ncomp 1
  nvec 1
  epsrel 0
  epsabs 0
  flags 10
  seed 123456
  mineval 10000000
  maxeval 10000000
  nstart 1000000
  nincrease 1000000
  nbatch 5000
  gridno 0
  statefile ""

Iteration 1:  1000000 integrand evaluations so far
[1] 74.7353 +- 1.95803  	chisq 0 (0 df)

Iteration 2:  3000000 integrand evaluations so far
[1] 75.7869 +- 0.559713  	chisq 0.314094 (1 df)

Iteration 3:  6000000 integrand evaluations so far
[1] 75.3738 +- 0.346427  	chisq 1.19698 (2 df)

Iteration 4:  10000000 integrand evaluations so far
[1] 75.6276 +- 0.27075  	chisq 2.57612 (3 df)
   75.63 ±   0.27        ( 40.2s) ┃    99.9 ±   0.28        (1.02hr) ┃
┃   70 -    72 ┃   36 -    37 ┃  64.088 ±  0.056        (   2mi) ┃ -45.154 ±  0.042        (1.49mi) ┃Vegas input parameters:
  ndim 7
  ncomp 1
  nvec 1
  epsrel 0
  epsabs 0
  flags 10
  seed 123456
  mineval 10000000
  maxeval 10000000
  nstart 1000000
  nincrease 1000000
  nbatch 5000
  gridno 0
  statefile ""

Iteration 1:  1000000 integrand evaluations so far
[1] 73.4211 +- 1.93673  	chisq 0 (0 df)

Iteration 2:  3000000 integrand evaluations so far
[1] 73.5757 +- 0.549366  	chisq 0.00692925 (1 df)

Iteration 3:  6000000 integrand evaluations so far
[1] 74.0769 +- 0.355825  	chisq 1.44082 (2 df)

Iteration 4:  10000000 integrand evaluations so far
[1] 74.1976 +- 0.262772  	chisq 1.6937 (3 df)
    74.2 ±   0.26        ( 43.9s) ┃   93.13 ±   0.27        (4.21mi) ┃
┃   70 -    72 ┃   37 -    38 ┃   58.16 ±  0.021        ( 34.3s) ┃ -41.459 ±  0.019        (5.62mi) ┃Vegas input parameters:
  ndim 7
  ncomp 1
  nvec 1
  epsrel 0
  epsabs 0
  flags 10
  seed 123456
  mineval 10000000
  maxeval 10000000
  nstart 1000000
  nincrease 1000000
  nbatch 5000
  gridno 0
  statefile ""

Iteration 1:  1000000 integrand evaluations so far
[1] 70.8237 +- 1.90026  	chisq 0 (0 df)

Iteration 2:  3000000 integrand evaluations so far
[1] 72.5954 +- 0.543799  	chisq 0.946765 (1 df)

Iteration 3:  6000000 integrand evaluations so far
[1] 72.9537 +- 0.338415  	chisq 1.65527 (2 df)

Iteration 4:  10000000 integrand evaluations so far
[1] 72.7431 +- 0.251724  	chisq 2.52188 (3 df)
   72.74 ±   0.25        ( 43.8s) ┃   89.44 ±   0.25        (6.92mi) ┃
┃   70 -    72 ┃   38 -    39 ┃ 66.8553 ± 0.0027        (3.47mi) ┃ -47.224 ±  0.013        (22.5mi) ┃Vegas input parameters:
  ndim 7
  ncomp 1
  nvec 1
  epsrel 0
  epsabs 0
  flags 10
  seed 123456
  mineval 10000000
  maxeval 10000000
  nstart 1000000
  nincrease 1000000
  nbatch 5000
  gridno 0
  statefile ""

Iteration 1:  1000000 integrand evaluations so far
[1] 70.8569 +- 1.87674  	chisq 0 (0 df)

Iteration 2:  3000000 integrand evaluations so far
[1] 71.9894 +- 0.538998  	chisq 0.396893 (1 df)

Iteration 3:  6000000 integrand evaluations so far
[1] 71.9276 +- 0.334448  	chisq 0.418268 (2 df)

Iteration 4:  10000000 integrand evaluations so far
[1] 72.0319 +- 0.253157  	chisq 0.646152 (3 df)
   72.03 ±   0.25        ( 39.9s) ┃   91.66 ±   0.25        (26.7mi) ┃
┃   70 -    72 ┃   39 -    40 ┃  72.141 ±  0.025        (3.51mi) ┃ -50.642 ±   0.01        (22.2mi) ┃Vegas input parameters:
  ndim 7
  ncomp 1
  nvec 1
  epsrel 0
  epsabs 0
  flags 10
  seed 123456
  mineval 10000000
  maxeval 10000000
  nstart 1000000
  nincrease 1000000
  nbatch 5000
  gridno 0
  statefile ""

Iteration 1:  1000000 integrand evaluations so far
[1] 73.473 +- 1.91468  	chisq 0 (0 df)

Iteration 2:  3000000 integrand evaluations so far
[1] 71.6307 +- 0.534149  	chisq 1.00397 (1 df)

Iteration 3:  6000000 integrand evaluations so far
[1] 72.0129 +- 0.332229  	chisq 1.83877 (2 df)

Iteration 4:  10000000 integrand evaluations so far
[1] 71.5579 +- 0.256605  	chisq 6.48822 (3 df)
   71.56 ±   0.26        ( 39.7s) ┃   93.06 ±   0.26        (26.4mi) ┃
┃   70 -    72 ┃   40 -    41 ┃   55.86 ±  0.047        (1.96mi) ┃ -39.538 ±  0.028        (5.62mi) ┃Vegas input parameters:
  ndim 7
  ncomp 1
  nvec 1
  epsrel 0
  epsabs 0
  flags 10
  seed 123456
  mineval 10000000
  maxeval 10000000
  nstart 1000000
  nincrease 1000000
  nbatch 5000
  gridno 0
  statefile ""

Iteration 1:  1000000 integrand evaluations so far
[1] 70.8432 +- 1.87724  	chisq 0 (0 df)

Iteration 2:  3000000 integrand evaluations so far
[1] 70.3565 +- 0.528563  	chisq 0.072993 (1 df)

Iteration 3:  6000000 integrand evaluations so far
[1] 70.364 +- 0.327368  	chisq 0.0733139 (2 df)

Iteration 4:  10000000 integrand evaluations so far
[1] 70.2393 +- 0.24734  	chisq 0.411252 (3 df)
   70.24 ±   0.25        ( 43.6s) ┃   86.56 ±   0.25        ( 8.3mi) ┃
┃   70 -    72 ┃   41 -    42 ┃  63.638 ±  0.024        (   52s) ┃ -45.068 ±  0.019        (5.64mi) ┃Vegas input parameters:
  ndim 7
  ncomp 1
  nvec 1
  epsrel 0
  epsabs 0
  flags 10
  seed 123456
  mineval 10000000
  maxeval 10000000
  nstart 1000000
  nincrease 1000000
  nbatch 5000
  gridno 0
  statefile ""

Iteration 1:  1000000 integrand evaluations so far
[1] 68.2532 +- 1.82224  	chisq 0 (0 df)

Iteration 2:  3000000 integrand evaluations so far
[1] 68.9052 +- 0.516862  	chisq 0.139232 (1 df)

Iteration 3:  6000000 integrand evaluations so far
[1] 69.0541 +- 0.321606  	chisq 0.274672 (2 df)

Iteration 4:  10000000 integrand evaluations so far
[1] 69.1845 +- 0.237316  	chisq 0.635888 (3 df)
   69.18 ±   0.24        ( 39.6s) ┃   87.75 ±   0.24        (7.17mi) ┃
┃   70 -    72 ┃   42 -    43 ┃  61.131 ±  0.029        (1.92mi) ┃ -43.115 ±  0.019        (5.61mi) ┃Vegas input parameters:
  ndim 7
  ncomp 1
  nvec 1
  epsrel 0
  epsabs 0
  flags 10
  seed 123456
  mineval 10000000
  maxeval 10000000
  nstart 1000000
  nincrease 1000000
  nbatch 5000
  gridno 0
  statefile ""

Iteration 1:  1000000 integrand evaluations so far
[1] 69.3025 +- 1.82211  	chisq 0 (0 df)

Iteration 2:  3000000 integrand evaluations so far
[1] 68.3424 +- 0.514503  	chisq 0.301685 (1 df)

Iteration 3:  6000000 integrand evaluations so far
[1] 68.6106 +- 0.319608  	chisq 0.744157 (2 df)

Iteration 4:  10000000 integrand evaluations so far
[1] 68.5922 +- 0.243212  	chisq 0.75206 (3 df)
   68.59 ±   0.24        ( 39.2s) ┃   86.61 ±   0.25        (8.18mi) ┃
┃   70 -    72 ┃   43 -    44 ┃    62.9 ±  0.022        (6.63mi) ┃ -44.028 ±  0.037        (22.2mi) ┃Vegas input parameters:
  ndim 7
  ncomp 1
  nvec 1
  epsrel 0
  epsabs 0
  flags 10
  seed 123456
  mineval 10000000
  maxeval 10000000
  nstart 1000000
  nincrease 1000000
  nbatch 5000
  gridno 0
  statefile ""

Iteration 1:  1000000 integrand evaluations so far
[1] 69.6717 +- 1.8228  	chisq 0 (0 df)

Iteration 2:  3000000 integrand evaluations so far
[1] 68.2403 +- 0.512161  	chisq 0.669495 (1 df)

Iteration 3:  6000000 integrand evaluations so far
[1] 67.7726 +- 0.316485  	chisq 2.01882 (2 df)

Iteration 4:  10000000 integrand evaluations so far
[1] 67.7353 +- 0.242179  	chisq 2.0523 (3 df)
   67.74 ±   0.24        ( 43.4s) ┃   86.61 ±   0.25        (29.5mi) ┃
┃   70 -    72 ┃   44 -    45 ┃  56.058 ±  0.023        ( 5.54s) ┃ -39.028 ±  0.026        (22.6mi) ┃Vegas input parameters:
  ndim 7
  ncomp 1
  nvec 1
  epsrel 0
  epsabs 0
  flags 10
  seed 123456
  mineval 10000000
  maxeval 10000000
  nstart 1000000
  nincrease 1000000
  nbatch 5000
  gridno 0
  statefile ""

Iteration 1:  1000000 integrand evaluations so far
[1] 64.539 +- 1.74835  	chisq 0 (0 df)

Iteration 2:  3000000 integrand evaluations so far
[1] 67.8407 +- 0.507645  	chisq 3.89472 (1 df)

Iteration 3:  6000000 integrand evaluations so far
[1] 67.7877 +- 0.334793  	chisq 3.91404 (2 df)

Iteration 4:  10000000 integrand evaluations so far
[1] 67.2275 +- 0.245864  	chisq 9.99033 (3 df)
   67.23 ±   0.25        ( 40.5s) ┃   84.26 ±   0.25        (23.4mi) ┃
┃   70 -    72 ┃   45 -    46 ┃  61.906 ±  0.039        ( 32.2s) ┃ -43.743 ±  0.044        (3.18mi) ┃Vegas input parameters:
  ndim 7
  ncomp 1
  nvec 1
  epsrel 0
  epsabs 0
  flags 10
  seed 123456
  mineval 10000000
  maxeval 10000000
  nstart 1000000
  nincrease 1000000
  nbatch 5000
  gridno 0
  statefile ""

Iteration 1:  1000000 integrand evaluations so far
[1] 65.3957 +- 1.7446  	chisq 0 (0 df)

Iteration 2:  3000000 integrand evaluations so far
[1] 66.9786 +- 0.505312  	chisq 0.898589 (1 df)

Iteration 3:  6000000 integrand evaluations so far
[1] 66.5502 +- 0.322034  	chisq 2.10848 (2 df)

Iteration 4:  10000000 integrand evaluations so far
[1] 66.4321 +- 0.238986  	chisq 2.40782 (3 df)
   66.43 ±   0.24        ( 44.3s) ┃    84.6 ±   0.25        (4.45mi) ┃
┃   70 -    72 ┃   46 -    47 ┃  67.043 ±   0.03        (1.07mi) ┃ -47.175 ±  0.014        (22.7mi) ┃Vegas input parameters:
  ndim 7
  ncomp 1
  nvec 1
  epsrel 0
  epsabs 0
  flags 10
  seed 123456
  mineval 10000000
  maxeval 10000000
  nstart 1000000
  nincrease 1000000
  nbatch 5000
  gridno 0
  statefile ""

Iteration 1:  1000000 integrand evaluations so far
[1] 64.6946 +- 1.74975  	chisq 0 (0 df)

Iteration 2:  3000000 integrand evaluations so far
[1] 63.7297 +- 0.488486  	chisq 0.329754 (1 df)

Iteration 3:  6000000 integrand evaluations so far
[1] 63.7279 +- 0.303509  	chisq 0.329777 (2 df)

Iteration 4:  10000000 integrand evaluations so far
[1] 63.8216 +- 0.236284  	chisq 0.571606 (3 df)
   63.82 ±   0.24        ( 39.4s) ┃   83.69 ±   0.24        (24.4mi) ┃
┃   70 -    72 ┃   47 -    48 ┃  49.537 ±  0.022        (3.36mi) ┃-34.9289 ± 0.0019        (5.66mi) ┃Vegas input parameters:
  ndim 7
  ncomp 1
  nvec 1
  epsrel 0
  epsabs 0
  flags 10
  seed 123456
  mineval 10000000
  maxeval 10000000
  nstart 1000000
  nincrease 1000000
  nbatch 5000
  gridno 0
  statefile ""

Iteration 1:  1000000 integrand evaluations so far
[1] 60.3338 +- 1.68273  	chisq 0 (0 df)

Iteration 2:  3000000 integrand evaluations so far
[1] 61.3872 +- 0.588393  	chisq 0.446479 (1 df)

Iteration 3:  6000000 integrand evaluations so far
[1] 61.1997 +- 0.349343  	chisq 0.603399 (2 df)

Iteration 4:  10000000 integrand evaluations so far
[1] 60.8253 +- 0.24201  	chisq 2.81144 (3 df)
   60.83 ±   0.24        ( 45.2s) ┃   75.43 ±   0.24        (9.77mi) ┃
┃   70 -    72 ┃   48 -    49 ┃  50.595 ±  0.041        (2.06mi) ┃ -35.527 ±  0.015        ( 46.2s) ┃Vegas input parameters:
  ndim 7
  ncomp 1
  nvec 1
  epsrel 0
  epsabs 0
  flags 10
  seed 123456
  mineval 10000000
  maxeval 10000000
  nstart 1000000
  nincrease 1000000
  nbatch 5000
  gridno 0
  statefile ""

Iteration 1:  1000000 integrand evaluations so far
[1] 55.4804 +- 1.58999  	chisq 0 (0 df)

Iteration 2:  3000000 integrand evaluations so far
[1] 59.0205 +- 0.469181  	chisq 5.43008 (1 df)

Iteration 3:  6000000 integrand evaluations so far
[1] 58.888 +- 0.289741  	chisq 5.559 (2 df)

Iteration 4:  10000000 integrand evaluations so far
[1] 58.5206 +- 0.21235  	chisq 9.03381 (3 df)
   58.52 ±   0.21        ( 43.9s) ┃   73.59 ±   0.22        (3.56mi) ┃
┃   70 -    72 ┃   49 -    50 ┃ 64.1662 ± 0.0053        (3.52mi) ┃ -45.467 ±  0.021        (22.4mi) ┃Vegas input parameters:
  ndim 7
  ncomp 1
  nvec 1
  epsrel 0
  epsabs 0
  flags 10
  seed 123456
  mineval 10000000
  maxeval 10000000
  nstart 1000000
  nincrease 1000000
  nbatch 5000
  gridno 0
  statefile ""

Iteration 1:  1000000 integrand evaluations so far
[1] 53.4112 +- 1.55989  	chisq 0 (0 df)

Iteration 2:  3000000 integrand evaluations so far
[1] 56.491 +- 0.452678  	chisq 4.25669 (1 df)

Iteration 3:  6000000 integrand evaluations so far
[1] 56.5232 +- 0.281182  	chisq 4.26494 (2 df)

Iteration 4:  10000000 integrand evaluations so far
[1] 56.6785 +- 0.22718  	chisq 5.14293 (3 df)
   56.68 ±   0.23        ( 39.2s) ┃   75.38 ±   0.23        (26.6mi) ┃
┃   70 -    72 ┃   50 -    51 ┃  55.379 ±  0.051        ( 17.3s) ┃ -39.124 ±  0.025        (21.7mi) ┃Vegas input parameters:
  ndim 7
  ncomp 1
  nvec 1
  epsrel 0
  epsabs 0
  flags 10
  seed 123456
  mineval 10000000
  maxeval 10000000
  nstart 1000000
  nincrease 1000000
  nbatch 5000
  gridno 0
  statefile ""

Iteration 1:  1000000 integrand evaluations so far
[1] 56.2707 +- 1.61236  	chisq 0 (0 df)

Iteration 2:  3000000 integrand evaluations so far
[1] 55.5064 +- 0.522652  	chisq 0.251063 (1 df)

Iteration 3:  6000000 integrand evaluations so far
[1] 55.444 +- 0.314929  	chisq 0.273408 (2 df)

Iteration 4:  10000000 integrand evaluations so far
[1] 55.6327 +- 0.222034  	chisq 0.986764 (3 df)
   55.63 ±   0.22        ( 44.3s) ┃   71.89 ±   0.23        (22.7mi) ┃
┃   70 -    72 ┃   51 -    52 ┃  46.865 ±   0.02        (3.39mi) ┃ -33.078 ±   0.03        (  11mi) ┃Vegas input parameters:
  ndim 7
  ncomp 1
  nvec 1
  epsrel 0
  epsabs 0
  flags 10
  seed 123456
  mineval 10000000
  maxeval 10000000
  nstart 1000000
  nincrease 1000000
  nbatch 5000
  gridno 0
  statefile ""

Iteration 1:  1000000 integrand evaluations so far
[1] 56.7235 +- 1.60968  	chisq 0 (0 df)

Iteration 2:  3000000 integrand evaluations so far
[1] 54.7367 +- 0.439853  	chisq 1.64647 (1 df)

Iteration 3:  6000000 integrand evaluations so far
[1] 54.5206 +- 0.272529  	chisq 2.038 (2 df)

Iteration 4:  10000000 integrand evaluations so far
[1] 54.3467 +- 0.204301  	chisq 2.96781 (3 df)
   54.35 ±    0.2        ( 44.8s) ┃   68.13 ±   0.21        (15.2mi) ┃
┃   70 -    72 ┃   52 -    53 ┃  54.152 ±  0.034        (1.08mi) ┃ -38.281 ±   0.01        (11.1mi) ┃Vegas input parameters:
  ndim 7
  ncomp 1
  nvec 1
  epsrel 0
  epsabs 0
  flags 10
  seed 123456
  mineval 10000000
  maxeval 10000000
  nstart 1000000
  nincrease 1000000
  nbatch 5000
  gridno 0
  statefile ""

Iteration 1:  1000000 integrand evaluations so far
[1] 52.0885 +- 1.52898  	chisq 0 (0 df)

Iteration 2:  3000000 integrand evaluations so far
[1] 52.9845 +- 0.432385  	chisq 0.3733 (1 df)

Iteration 3:  6000000 integrand evaluations so far
[1] 53.0864 +- 0.279563  	chisq 0.468589 (2 df)

Iteration 4:  10000000 integrand evaluations so far
[1] 52.9941 +- 0.210178  	chisq 0.719288 (3 df)
   52.99 ±   0.21        ( 39.2s) ┃   68.87 ±   0.21        (12.8mi) ┃
┃   70 -    72 ┃   53 -    54 ┃  51.443 ±  0.015        (1.66mi) ┃ -36.452 ±   0.01        (10.8mi) ┃Vegas input parameters:
  ndim 7
  ncomp 1
  nvec 1
  epsrel 0
  epsabs 0
  flags 10
  seed 123456
  mineval 10000000
  maxeval 10000000
  nstart 1000000
  nincrease 1000000
  nbatch 5000
  gridno 0
  statefile ""

Iteration 1:  1000000 integrand evaluations so far
[1] 51.9201 +- 1.52627  	chisq 0 (0 df)

Iteration 2:  3000000 integrand evaluations so far
[1] 52.0528 +- 0.501574  	chisq 0.00847109 (1 df)

Iteration 3:  6000000 integrand evaluations so far
[1] 52.252 +- 0.30071  	chisq 0.254668 (2 df)

Iteration 4:  10000000 integrand evaluations so far
[1] 51.9975 +- 0.211306  	chisq 1.66908 (3 df)
      52 ±   0.21        ( 40.5s) ┃   66.99 ±   0.21        (13.2mi) ┃
┃   70 -    72 ┃   54 -    55 ┃  52.578 ±  0.048        (1.69mi) ┃ -36.783 ±  0.024        (21.9mi) ┃Vegas input parameters:
  ndim 7
  ncomp 1
  nvec 1
  epsrel 0
  epsabs 0
  flags 10
  seed 123456
  mineval 10000000
  maxeval 10000000
  nstart 1000000
  nincrease 1000000
  nbatch 5000
  gridno 0
  statefile ""

Iteration 1:  1000000 integrand evaluations so far
[1] 48.5138 +- 1.45854  	chisq 0 (0 df)

Iteration 2:  3000000 integrand evaluations so far
[1] 51.0391 +- 0.420352  	chisq 3.26941 (1 df)

Iteration 3:  6000000 integrand evaluations so far
[1] 51.0619 +- 0.259272  	chisq 3.27414 (2 df)

Iteration 4:  10000000 integrand evaluations so far
[1] 50.8872 +- 0.195391  	chisq 4.32434 (3 df)
   50.89 ±    0.2        ( 39.6s) ┃   66.68 ±    0.2        (24.2mi) ┃
┃   70 -    72 ┃   55 -    56 ┃  45.034 ±  0.026        ( 29.7s) ┃ -31.604 ±  0.019        (1.47mi) ┃Vegas input parameters:
  ndim 7
  ncomp 1
  nvec 1
  epsrel 0
  epsabs 0
  flags 10
  seed 123456
  mineval 10000000
  maxeval 10000000
  nstart 1000000
  nincrease 1000000
  nbatch 5000
  gridno 0
  statefile ""

Iteration 1:  1000000 integrand evaluations so far
[1] 48.1541 +- 1.45955  	chisq 0 (0 df)

Iteration 2:  3000000 integrand evaluations so far
[1] 50.2832 +- 0.435622  	chisq 2.33583 (1 df)

Iteration 3:  6000000 integrand evaluations so far
[1] 50.0783 +- 0.281614  	chisq 2.71556 (2 df)

Iteration 4:  10000000 integrand evaluations so far
[1] 50.168 +- 0.205522  	chisq 2.93253 (3 df)
   50.17 ±   0.21        ( 41.3s) ┃    63.6 ±   0.21        (2.66mi) ┃
┃   70 -    72 ┃   56 -    57 ┃  50.648 ±  0.049        (1.63mi) ┃ -35.485 ±  0.022        (5.54mi) ┃Vegas input parameters:
  ndim 7
  ncomp 1
  nvec 1
  epsrel 0
  epsabs 0
  flags 10
  seed 123456
  mineval 10000000
  maxeval 10000000
  nstart 1000000
  nincrease 1000000
  nbatch 5000
  gridno 0
  statefile ""

Iteration 1:  1000000 integrand evaluations so far
[1] 50.5721 +- 1.49671  	chisq 0 (0 df)

Iteration 2:  3000000 integrand evaluations so far
[1] 49.3104 +- 0.405996  	chisq 0.767033 (1 df)

Iteration 3:  6000000 integrand evaluations so far
[1] 48.8418 +- 0.255965  	chisq 2.97833 (2 df)

Iteration 4:  10000000 integrand evaluations so far
[1] 48.8501 +- 0.188249  	chisq 2.98062 (3 df)
   48.85 ±   0.19        (   39s) ┃   64.01 ±    0.2        (7.81mi) ┃
┃   70 -    72 ┃   57 -    58 ┃   56.21 ±  0.041        (1.71mi) ┃ -39.327 ±  0.035        (  21mi) ┃Vegas input parameters:
  ndim 7
  ncomp 1
  nvec 1
  epsrel 0
  epsabs 0
  flags 10
  seed 123456
  mineval 10000000
  maxeval 10000000
  nstart 1000000
  nincrease 1000000
  nbatch 5000
  gridno 0
  statefile ""

Iteration 1:  1000000 integrand evaluations so far
[1] 48.4617 +- 1.4684  	chisq 0 (0 df)

Iteration 2:  3000000 integrand evaluations so far
[1] 48.3351 +- 0.402212  	chisq 0.00804511 (1 df)

Iteration 3:  6000000 integrand evaluations so far
[1] 48.3151 +- 0.249819  	chisq 0.0120696 (2 df)

Iteration 4:  10000000 integrand evaluations so far
[1] 48.4659 +- 0.185088  	chisq 0.820621 (3 df)
   48.47 ±   0.19        ( 38.8s) ┃   65.35 ±   0.19        (23.4mi) ┃
┃   70 -    72 ┃   58 -    59 ┃  40.068 ±  0.038        ( 16.3s) ┃ -28.191 ± 0.0054        (20.7mi) ┃Vegas input parameters:
  ndim 7
  ncomp 1
  nvec 1
  epsrel 0
  epsabs 0
  flags 10
  seed 123456
  mineval 10000000
  maxeval 10000000
  nstart 1000000
  nincrease 1000000
  nbatch 5000
  gridno 0
  statefile ""

Iteration 1:  1000000 integrand evaluations so far
[1] 48.0148 +- 1.46815  	chisq 0 (0 df)

Iteration 2:  3000000 integrand evaluations so far
[1] 48.1573 +- 0.397954  	chisq 0.0101639 (1 df)

Iteration 3:  6000000 integrand evaluations so far
[1] 47.7572 +- 0.258771  	chisq 1.76184 (2 df)

Iteration 4:  10000000 integrand evaluations so far
[1] 47.7703 +- 0.191056  	chisq 1.76752 (3 df)
   47.77 ±   0.19        ( 38.7s) ┃   59.65 ±   0.19        (21.6mi) ┃
┃   70 -    72 ┃   59 -    60 ┃  41.206 ±  0.022        ( 28.6s) ┃ -28.998 ±  0.015        (20.6mi) ┃Vegas input parameters:
  ndim 7
  ncomp 1
  nvec 1
  epsrel 0
  epsabs 0
  flags 10
  seed 123456
  mineval 10000000
  maxeval 10000000
  nstart 1000000
  nincrease 1000000
  nbatch 5000
  gridno 0
  statefile ""

Iteration 1:  1000000 integrand evaluations so far
[1] 48.4192 +- 1.46951  	chisq 0 (0 df)

Iteration 2:  3000000 integrand evaluations so far
[1] 47.4596 +- 0.391673  	chisq 0.459032 (1 df)

Iteration 3:  6000000 integrand evaluations so far
[1] 46.8535 +- 0.241473  	chisq 4.32191 (2 df)

Iteration 4:  10000000 integrand evaluations so far
[1] 46.8193 +- 0.184854  	chisq 4.37013 (3 df)
   46.82 ±   0.18        ( 38.3s) ┃   59.03 ±   0.19        (21.7mi) ┃
┣━━━━━━━━━━━━━━╋━━━━━━━━━━━━━━╋━━━━━━━━━━━━━━━━━━━━━━━━━━━━━━━━━━╋━━━━━━━━━━━━━━━━━━━━━━━━━━━━━━━━━━╋━━━━━━━━━━━━━━━━━━━━━━━━━━━━━━━━━━╋━━━━━━━━━━━━━━━━━━━━━━━━━━━━━━━━━━┫
┃   68 -    72 ┃   25 -    60 ┃ 4.70869 ± 0.00035 ·10⁺⁰³ (2.73hr) ┃-3.31471 ± 0.00026 ·10⁺⁰³ (19.8hr) ┃  4.9532 ± 0.0022 ·10⁺⁰³ (52.7mi) ┃  6.3472 ± 0.0022 ·10⁺⁰³ (23.5hr) ┃
┗━━━━━━━━━━━━━━┻━━━━━━━━━━━━━━┻━━━━━━━━━━━━━━━━━━━━━━━━━━━━━━━━━━┻━━━━━━━━━━━━━━━━━━━━━━━━━━━━━━━━━━┻━━━━━━━━━━━━━━━━━━━━━━━━━━━━━━━━━━┻━━━━━━━━━━━━━━━━━━━━━━━━━━━━━━━━━━┛

╍╍╍╍╍╍╍╍╍╍╍╍╍╍╍╍╍╍╍╍╍╍╍╍╍╍╍╍╍╍╍╍ Summary ╍╍╍╍╍╍╍╍╍╍╍╍╍╍╍╍╍╍╍╍╍╍╍╍╍╍╍╍╍╍╍
      Total cross section                    6.3472 ± 0.0022          pb
         Calculation time                               23.5       hours
              Output file                    outputs/qt_qt68_72_NLL_muR0.5_muF1.0.root            
      Result in text file                    outputs/qt_qt68_72_NLL_muR0.5_muF1.0.txt            

╍╍╍╍╍╍╍╍╍╍╍╍╍╍╍╍╍╍╍╍╍╍╍╍╍╍╍╍╍╍╍╍╍╍╍╍╍╍╍╍╍╍╍╍╍╍╍╍╍╍╍╍╍╍╍╍╍╍╍╍╍╍╍╍╍╍╍╍╍╍╍╍

