
╍╍╍╍╍╍╍╍╍╍╍╍╍╍╍╍╍╍╍╍╍╍╍╍╍╍╍ Process settings ╍╍╍╍╍╍╍╍╍╍╍╍╍╍╍╍╍╍╍╍╍╍╍╍╍╍╍
   proton-proton collisions at sqrt(s) = 13000 GeV 
   Computing NLO+NLL resummed cross section
   W+ ->  nu(p3)+e+(p4) production 

╍╍╍╍╍╍╍╍╍╍╍╍╍╍╍╍╍╍╍╍╍╍╍╍╍╍╍╍╍╍ CKM matrix ╍╍╍╍╍╍╍╍╍╍╍╍╍╍╍╍╍╍╍╍╍╍╍╍╍╍╍╍╍╍
     | Vud Vus Vub |   |   0.97427   0.2253  0.00351 | 
     | Vcd Vcs Vcb | = |    0.2252  0.97344   0.0412 | 
     | Vtd Vts Vtb |   |         0        0        0 | 

╍╍╍╍╍╍╍╍╍╍╍╍╍╍╍╍╍╍╍╍╍╍╍╍╍╍╍╍╍ EW parameters ╍╍╍╍╍╍╍╍╍╍╍╍╍╍╍╍╍╍╍╍╍╍╍╍╍╍╍╍
                                         Gf =  1.1663787e-05      GeV^-2
                                    1/alpha =  132.233229791            
                                 sin(thW)^2 = 0.222897222524            
                                     W mass =         80.385         GeV
                                     Z mass =        91.1876         GeV
                                    W width =          2.091         GeV
                                    Z width =          2.495         GeV

╍╍╍╍╍╍╍╍╍╍╍╍╍╍╍╍╍╍╍╍╍╍╍╍╍╍╍╍╍ QCD settings ╍╍╍╍╍╍╍╍╍╍╍╍╍╍╍╍╍╍╍╍╍╍╍╍╍╍╍╍╍
   Renormalization scale:     dynamic muren =            0.5      * m_ll
     Factorization scale:     dynamic mufac =            0.5      * m_ll
       Resummation scale:     dynamic mures =              1      * m_ll
          Strong coupling       alpha_s(MZ) =       0.118001            
                              running order =              2       -loop
         Non-perturbative     form factor g =            0.7       GeV^2

╍╍╍╍╍╍╍╍╍╍╍╍╍╍╍╍╍╍╍╍╍╍╍╍╍╍╍╍╍ PDF settings ╍╍╍╍╍╍╍╍╍╍╍╍╍╍╍╍╍╍╍╍╍╍╍╍╍╍╍╍╍
                                     PDF set:MSHT20nnlo_as118            
                                  PDF member:              0            
  Mellin moments of PDFs:                    Numerical integration            
                         nodes for the quadrature:            200            
                         Intervals for the quadrature:              1            

╍╍╍╍╍╍╍╍╍╍╍╍╍╍╍╍╍╍╍╍╍╍╍╍╍╍╍╍╍╍╍ qT recoil ╍╍╍╍╍╍╍╍╍╍╍╍╍╍╍╍╍╍╍╍╍╍╍╍╍╍╍╍╍╍
  qt-recoil prescription:       Collins-Soper kt1 = p_V(x)/2; kt2 = p_V(y)/2            

╍╍╍╍╍╍╍╍╍╍╍╍╍╍╍╍╍╍╍╍╍╍╍╍╍╍╍╍╍╍╍╍╍ Cuts ╍╍╍╍╍╍╍╍╍╍╍╍╍╍╍╍╍╍╍╍╍╍╍╍╍╍╍╍╍╍╍╍╍
                                  apply cuts:           true            
                                      pt_l >               0            
                                   |eta_l| <            1000            
                                    pt_lep >              25            
                                 |eta_lep| <             2.4            
                                   pt_alep >              25            
                                |eta_alep| <             2.4            
                                  user cuts:            true            

╍╍╍╍╍╍╍╍╍╍╍╍╍╍╍╍╍╍╍╍╍╍╍╍╍╍╍╍ ResummationDamp ╍╍╍╍╍╍╍╍╍╍╍╍╍╍╍╍╍╍╍╍╍╍╍╍╍╍╍
                                    damping :             on            
                                damping mode:              1            
                                  damp above:        60.2888         GeV
                               damping width:        20.0963         GeV
                          resummation cutoff:             20         MeV

╍╍╍╍╍╍╍╍╍╍╍╍╍╍╍╍╍╍╍╍╍╍╍╍╍╍╍╍ Debug settings ╍╍╍╍╍╍╍╍╍╍╍╍╍╍╍╍╍╍╍╍╍╍╍╍╍╍╍╍
                                 timeprofile:          false            
                                     verbose:          false            
                               cubaverbosity:              2            

╍╍╍╍╍╍╍╍╍╍╍╍╍╍╍╍╍╍╍╍╍╍╍╍╍╍╍╍╍╍╍╍╍╍╍╍╍╍╍╍╍╍╍╍╍╍╍╍╍╍╍╍╍╍╍╍╍╍╍╍╍╍╍╍╍╍╍╍╍╍╍╍

Warning: Histogram `a1_qt` contains non-integrable observable and will be deleted 
Warning: Histogram `a1_qt_vs_y` contains non-integrable observable and will be deleted 
Warning: Histogram `s_biganswer` contains non-integrable observable and will be deleted 
Warning: Histogram `wgt_a1_qt` contains non-integrable observable and will be deleted 

╍╍╍╍╍╍╍╍╍╍╍╍╍╍╍╍╍╍╍╍╍╍╍╍╍ Integration settings ╍╍╍╍╍╍╍╍╍╍╍╍╍╍╍╍╍╍╍╍╍╍╍╍╍
             Random seeds              123456                           
           Parallel cores                   1                           

             Resummation:     cuhre (dm, dpt)         iter =           5
                                   gauss (dy)        nodes =          64
                                                 intervals =           1
            Counter term:      cuhre (dm, dy)         iter =           5
                                  gauss (dpt)        nodes =          20
                                                 intervals =           5
                     V+J:            vegas 7D       ncalls =    10000000

Mellin inverse transform:           gaussian         nodes =          30
                                                 intervals =           1
                               imaginary axis         zmax =           2
  Angular variable costh:     semi-analytical      ncstart =         100
   Angular variables phi:            gaussian    intervals =          20

      Constant boundaries                  q2          low =          80
                                                      high =         100
                                            y          low =          -6
                                                      high =           6
                                        costh          low =          -1
                                                      high =           1
                                       eta(l)          low =         -10
                                                      high =          10

┏━━━━━━━━━━━━━━┰━━━━━━━━━━━━━━┰━━━━━━━━━━━━━━━━━━━━━━━━━━━━━━━━━━┰━━━━━━━━━━━━━━━━━━━━━━━━━━━━━━━━━━┰━━━━━━━━━━━━━━━━━━━━━━━━━━━━━━━━━━┰━━━━━━━━━━━━━━━━━━━━━━━━━━━━━━━━━━┓
┃           qT ┃        pT(l) ┃                      Resummation ┃                     Counter term ┃                              V+J ┃                            TOTAL ┃
┣━━━━━━━━━━━━━━╋━━━━━━━━━━━━━━╋━━━━━━━━━━━━━━━━━━━━━━━━━━━━━━━━━━╋━━━━━━━━━━━━━━━━━━━━━━━━━━━━━━━━━━╋━━━━━━━━━━━━━━━━━━━━━━━━━━━━━━━━━━╋━━━━━━━━━━━━━━━━━━━━━━━━━━━━━━━━━━┫
┃    0 -     2 ┃   25 -    26 ┃ 1.38708 ± 0.00053 ·10⁺⁰³ ( 59.7s) ┃ -27.607 ±  0.012 ·10⁺⁰³ (37.5mi) ┃Vegas input parameters:
  ndim 7
  ncomp 1
  nvec 1
  epsrel 0
  epsabs 0
  flags 10
  seed 123456
  mineval 10000000
  maxeval 10000000
  nstart 1000000
  nincrease 1000000
  nbatch 5000
  gridno 0
  statefile ""

Iteration 1:  1000000 integrand evaluations so far
[1] 31545.5 +- 696.225  	chisq 0 (0 df)

Iteration 2:  3000000 integrand evaluations so far
[1] 31866.1 +- 59.304  	chisq 0.213643 (1 df)

Iteration 3:  6000000 integrand evaluations so far
[1] 31828.9 +- 36.365  	chisq 0.845708 (2 df)

Iteration 4:  10000000 integrand evaluations so far
[1] 31804.9 +- 26.4678  	chisq 1.77094 (3 df)
  31.805 ±  0.026 ·10⁺⁰³ ( 35.4s) ┃   5.585 ±  0.029 ·10⁺⁰³ (39.1mi) ┃
┃    0 -     2 ┃   26 -    27 ┃   2.186 ± 0.0016 ·10⁺⁰³ (2.25mi) ┃ -46.076 ±  0.023 ·10⁺⁰³ (42.6mi) ┃Vegas input parameters:
  ndim 7
  ncomp 1
  nvec 1
  epsrel 0
  epsabs 0
  flags 10
  seed 123456
  mineval 10000000
  maxeval 10000000
  nstart 1000000
  nincrease 1000000
  nbatch 5000
  gridno 0
  statefile ""

Iteration 1:  1000000 integrand evaluations so far
[1] 47338.1 +- 847.044  	chisq 0 (0 df)

Iteration 2:  3000000 integrand evaluations so far
[1] 48014.2 +- 76.6741  	chisq 0.642313 (1 df)

Iteration 3:  6000000 integrand evaluations so far
[1] 48044.4 +- 45.0492  	chisq 0.879318 (2 df)

Iteration 4:  10000000 integrand evaluations so far
[1] 48022.6 +- 33.03  	chisq 1.38543 (3 df)
  48.023 ±  0.033 ·10⁺⁰³ ( 36.3s) ┃   4.133 ±   0.04 ·10⁺⁰³ (45.5mi) ┃
┃    0 -     2 ┃   27 -    28 ┃  2.6056 ± 0.0021 ·10⁺⁰³ ( 10.8s) ┃ -53.704 ±  0.031 ·10⁺⁰³ (5.75mi) ┃Vegas input parameters:
  ndim 7
  ncomp 1
  nvec 1
  epsrel 0
  epsabs 0
  flags 10
  seed 123456
  mineval 10000000
  maxeval 10000000
  nstart 1000000
  nincrease 1000000
  nbatch 5000
  gridno 0
  statefile ""

Iteration 1:  1000000 integrand evaluations so far
[1] 54113.9 +- 899.105  	chisq 0 (0 df)

Iteration 2:  3000000 integrand evaluations so far
[1] 54307.5 +- 86.0477  	chisq 0.0467622 (1 df)

Iteration 3:  6000000 integrand evaluations so far
[1] 54282.4 +- 51.2198  	chisq 0.178353 (2 df)

Iteration 4:  10000000 integrand evaluations so far
[1] 54277.3 +- 38.3274  	chisq 0.201101 (3 df)
  54.277 ±  0.038 ·10⁺⁰³ ( 36.5s) ┃   3.179 ±  0.049 ·10⁺⁰³ (6.54mi) ┃
┃    0 -     2 ┃   28 -    29 ┃ 2.74744 ± 0.00031 ·10⁺⁰³ ( 37.1s) ┃ -58.297 ±  0.049 ·10⁺⁰³ ( 5.9mi) ┃Vegas input parameters:
  ndim 7
  ncomp 1
  nvec 1
  epsrel 0
  epsabs 0
  flags 10
  seed 123456
  mineval 10000000
  maxeval 10000000
  nstart 1000000
  nincrease 1000000
  nbatch 5000
  gridno 0
  statefile ""

Iteration 1:  1000000 integrand evaluations so far
[1] 57905 +- 919.314  	chisq 0 (0 df)

Iteration 2:  3000000 integrand evaluations so far
[1] 58740.8 +- 91.9213  	chisq 0.834835 (1 df)

Iteration 3:  6000000 integrand evaluations so far
[1] 58719.1 +- 54.5147  	chisq 0.920856 (2 df)

Iteration 4:  10000000 integrand evaluations so far
[1] 58702.8 +- 40.0931  	chisq 1.11482 (3 df)
  58.703 ±   0.04 ·10⁺⁰³ ( 36.7s) ┃   3.153 ±  0.063 ·10⁺⁰³ (7.13mi) ┃
┃    0 -     2 ┃   29 -    30 ┃  2.9678 ±  0.003 ·10⁺⁰³ ( 20.8s) ┃ -63.199 ±   0.01 ·10⁺⁰³ (11.7mi) ┃Vegas input parameters:
  ndim 7
  ncomp 1
  nvec 1
  epsrel 0
  epsabs 0
  flags 10
  seed 123456
  mineval 10000000
  maxeval 10000000
  nstart 1000000
  nincrease 1000000
  nbatch 5000
  gridno 0
  statefile ""

Iteration 1:  1000000 integrand evaluations so far
[1] 61900.5 +- 934.592  	chisq 0 (0 df)

Iteration 2:  3000000 integrand evaluations so far
[1] 63528.1 +- 99.8504  	chisq 3.06794 (1 df)

Iteration 3:  6000000 integrand evaluations so far
[1] 63487 +- 58.9077  	chisq 3.32835 (2 df)

Iteration 4:  10000000 integrand evaluations so far
[1] 63478.6 +- 43.2311  	chisq 3.37217 (3 df)
  63.479 ±  0.043 ·10⁺⁰³ ( 36.4s) ┃   3.248 ±  0.045 ·10⁺⁰³ (12.7mi) ┃
┃    0 -     2 ┃   30 -    31 ┃  3.3735 ± 0.0028 ·10⁺⁰³ ( 15.9s) ┃ -68.489 ±  0.032 ·10⁺⁰³ (6.06mi) ┃Vegas input parameters:
  ndim 7
  ncomp 1
  nvec 1
  epsrel 0
  epsabs 0
  flags 10
  seed 123456
  mineval 10000000
  maxeval 10000000
  nstart 1000000
  nincrease 1000000
  nbatch 5000
  gridno 0
  statefile ""

Iteration 1:  1000000 integrand evaluations so far
[1] 66999.4 +- 967.242  	chisq 0 (0 df)

Iteration 2:  3000000 integrand evaluations so far
[1] 68785.6 +- 109.157  	chisq 3.4541 (1 df)

Iteration 3:  6000000 integrand evaluations so far
[1] 68707.4 +- 64.1001  	chisq 4.23646 (2 df)

Iteration 4:  10000000 integrand evaluations so far
[1] 68684.1 +- 46.882  	chisq 4.52095 (3 df)
  68.684 ±  0.047 ·10⁺⁰³ (   37s) ┃   3.569 ±  0.057 ·10⁺⁰³ (6.94mi) ┃
┃    0 -     2 ┃   31 -    32 ┃  3.6641 ± 0.0022 ·10⁺⁰³ ( 5.95s) ┃ -74.293 ±  0.067 ·10⁺⁰³ (3.07mi) ┃Vegas input parameters:
  ndim 7
  ncomp 1
  nvec 1
  epsrel 0
  epsabs 0
  flags 10
  seed 123456
  mineval 10000000
  maxeval 10000000
  nstart 1000000
  nincrease 1000000
  nbatch 5000
  gridno 0
  statefile ""

Iteration 1:  1000000 integrand evaluations so far
[1] 75900.2 +- 1017.7  	chisq 0 (0 df)

Iteration 2:  3000000 integrand evaluations so far
[1] 74574.9 +- 117.994  	chisq 1.7189 (1 df)

Iteration 3:  6000000 integrand evaluations so far
[1] 74470.1 +- 69.9206  	chisq 2.93589 (2 df)

Iteration 4:  10000000 integrand evaluations so far
[1] 74472 +- 52.3107  	chisq 2.93765 (3 df)
  74.472 ±  0.052 ·10⁺⁰³ ( 35.7s) ┃   3.843 ±  0.085 ·10⁺⁰³ (3.76mi) ┃
┃    0 -     2 ┃   32 -    33 ┃ 3.89689 ± 0.00075 ·10⁺⁰³ ( 19.4s) ┃ -80.852 ±  0.051 ·10⁺⁰³ (3.13mi) ┃Vegas input parameters:
  ndim 7
  ncomp 1
  nvec 1
  epsrel 0
  epsabs 0
  flags 10
  seed 123456
  mineval 10000000
  maxeval 10000000
  nstart 1000000
  nincrease 1000000
  nbatch 5000
  gridno 0
  statefile ""

Iteration 1:  1000000 integrand evaluations so far
[1] 80400.6 +- 1029.14  	chisq 0 (0 df)

Iteration 2:  3000000 integrand evaluations so far
[1] 81101.7 +- 128.486  	chisq 0.471446 (1 df)

Iteration 3:  6000000 integrand evaluations so far
[1] 81006.5 +- 76.4999  	chisq 1.32166 (2 df)

Iteration 4:  10000000 integrand evaluations so far
[1] 80969 +- 56.5164  	chisq 1.85012 (3 df)
  80.969 ±  0.057 ·10⁺⁰³ ( 36.9s) ┃   4.014 ±  0.076 ·10⁺⁰³ (4.06mi) ┃
┃    0 -     2 ┃   33 -    34 ┃  4.1789 ± 0.0028 ·10⁺⁰³ ( 10.8s) ┃ -88.373 ±  0.018 ·10⁺⁰³ (6.28mi) ┃Vegas input parameters:
  ndim 7
  ncomp 1
  nvec 1
  epsrel 0
  epsabs 0
  flags 10
  seed 123456
  mineval 10000000
  maxeval 10000000
  nstart 1000000
  nincrease 1000000
  nbatch 5000
  gridno 0
  statefile ""

Iteration 1:  1000000 integrand evaluations so far
[1] 88807.3 +- 1061.56  	chisq 0 (0 df)

Iteration 2:  3000000 integrand evaluations so far
[1] 88579 +- 140.984  	chisq 0.0470451 (1 df)

Iteration 3:  6000000 integrand evaluations so far
[1] 88485.4 +- 84.2935  	chisq 0.733418 (2 df)

Iteration 4:  10000000 integrand evaluations so far
[1] 88457.1 +- 62.8685  	chisq 0.988138 (3 df)
  88.457 ±  0.063 ·10⁺⁰³ ( 37.2s) ┃   4.263 ±  0.065 ·10⁺⁰³ (7.08mi) ┃
┃    0 -     2 ┃   34 -    35 ┃ 4.74886 ± 0.00047 ·10⁺⁰³ ( 19.8s) ┃ -97.291 ±   0.02 ·10⁺⁰³ (6.39mi) ┃Vegas input parameters:
  ndim 7
  ncomp 1
  nvec 1
  epsrel 0
  epsabs 0
  flags 10
  seed 123456
  mineval 10000000
  maxeval 10000000
  nstart 1000000
  nincrease 1000000
  nbatch 5000
  gridno 0
  statefile ""

Iteration 1:  1000000 integrand evaluations so far
[1] 97879.3 +- 1101.63  	chisq 0 (0 df)

Iteration 2:  3000000 integrand evaluations so far
[1] 97558.6 +- 157.403  	chisq 0.0864875 (1 df)

Iteration 3:  6000000 integrand evaluations so far
[1] 97416.3 +- 93.3131  	chisq 1.34705 (2 df)

Iteration 4:  10000000 integrand evaluations so far
[1] 97364.2 +- 69.2878  	chisq 2.04093 (3 df)
  97.364 ±  0.069 ·10⁺⁰³ ( 36.8s) ┃   4.822 ±  0.072 ·10⁺⁰³ (7.33mi) ┃
┃    0 -     2 ┃   35 -    36 ┃  5.4161 ± 0.0054 ·10⁺⁰³ (  6.1s) ┃-108.425 ±  0.045 ·10⁺⁰³ (3.42mi) ┃Vegas input parameters:
  ndim 7
  ncomp 1
  nvec 1
  epsrel 0
  epsabs 0
  flags 10
  seed 123456
  mineval 10000000
  maxeval 10000000
  nstart 1000000
  nincrease 1000000
  nbatch 5000
  gridno 0
  statefile ""

Iteration 1:  1000000 integrand evaluations so far
[1] 107815 +- 1130.96  	chisq 0 (0 df)

Iteration 2:  3000000 integrand evaluations so far
[1] 108532 +- 173.511  	chisq 0.412052 (1 df)

Iteration 3:  6000000 integrand evaluations so far
[1] 108477 +- 103.994  	chisq 0.570201 (2 df)

Iteration 4:  10000000 integrand evaluations so far
[1] 108468 +- 78.0442  	chisq 0.587503 (3 df)
 108.468 ±  0.078 ·10⁺⁰³ ( 36.1s) ┃   5.459 ±   0.09 ·10⁺⁰³ (4.12mi) ┃
┃    0 -     2 ┃   36 -    37 ┃  6.0352 ± 0.0044 ·10⁺⁰³ ( 19.9s) ┃-123.104 ±  0.054 ·10⁺⁰³ (1.72mi) ┃Vegas input parameters:
  ndim 7
  ncomp 1
  nvec 1
  epsrel 0
  epsabs 0
  flags 10
  seed 123456
  mineval 10000000
  maxeval 10000000
  nstart 1000000
  nincrease 1000000
  nbatch 5000
  gridno 0
  statefile ""

Iteration 1:  1000000 integrand evaluations so far
[1] 122117 +- 1185.01  	chisq 0 (0 df)

Iteration 2:  3000000 integrand evaluations so far
[1] 123247 +- 197.433  	chisq 0.936274 (1 df)

Iteration 3:  6000000 integrand evaluations so far
[1] 123081 +- 118.374  	chisq 2.04482 (2 df)

Iteration 4:  10000000 integrand evaluations so far
[1] 123052 +- 87.6646  	chisq 2.17768 (3 df)
 123.052 ±  0.088 ·10⁺⁰³ ( 36.1s) ┃    5.98 ±    0.1 ·10⁺⁰³ (2.65mi) ┃
┃    0 -     2 ┃   37 -    38 ┃   7.043 ± 0.0049 ·10⁺⁰³ ( 6.02s) ┃-144.448 ±  0.032 ·10⁺⁰³ (1.78mi) ┃Vegas input parameters:
  ndim 7
  ncomp 1
  nvec 1
  epsrel 0
  epsabs 0
  flags 10
  seed 123456
  mineval 10000000
  maxeval 10000000
  nstart 1000000
  nincrease 1000000
  nbatch 5000
  gridno 0
  statefile ""

Iteration 1:  1000000 integrand evaluations so far
[1] 145371 +- 1264.01  	chisq 0 (0 df)

Iteration 2:  3000000 integrand evaluations so far
[1] 144696 +- 228.804  	chisq 0.295124 (1 df)

Iteration 3:  6000000 integrand evaluations so far
[1] 144473 +- 138.161  	chisq 1.7877 (2 df)

Iteration 4:  10000000 integrand evaluations so far
[1] 144399 +- 100.987  	chisq 2.4051 (3 df)
   144.4 ±    0.1 ·10⁺⁰³ ( 37.1s) ┃    6.99 ±   0.11 ·10⁺⁰³ ( 2.5mi) ┃
┃    0 -     2 ┃   38 -    39 ┃  9.1013 ± 0.0049 ·10⁺⁰³ ( 20.1s) ┃-182.443 ±  0.021 ·10⁺⁰³ (1.82mi) ┃Vegas input parameters:
  ndim 7
  ncomp 1
  nvec 1
  epsrel 0
  epsabs 0
  flags 10
  seed 123456
  mineval 10000000
  maxeval 10000000
  nstart 1000000
  nincrease 1000000
  nbatch 5000
  gridno 0
  statefile ""

Iteration 1:  1000000 integrand evaluations so far
[1] 182302 +- 1378.77  	chisq 0 (0 df)

Iteration 2:  3000000 integrand evaluations so far
[1] 182257 +- 293.325  	chisq 0.00110089 (1 df)

Iteration 3:  6000000 integrand evaluations so far
[1] 182387 +- 180.444  	chisq 0.317554 (2 df)

Iteration 4:  10000000 integrand evaluations so far
[1] 182326 +- 132.742  	chisq 0.570718 (3 df)
  182.33 ±   0.13 ·10⁺⁰³ ( 35.8s) ┃    8.98 ±   0.13 ·10⁺⁰³ (2.75mi) ┃
┃    0 -     2 ┃   39 -    40 ┃ 13.9873 ± 0.0032 ·10⁺⁰³ ( 20.2s) ┃ -285.43 ±   0.13 ·10⁺⁰³ (1.82mi) ┃Vegas input parameters:
  ndim 7
  ncomp 1
  nvec 1
  epsrel 0
  epsabs 0
  flags 10
  seed 123456
  mineval 10000000
  maxeval 10000000
  nstart 1000000
  nincrease 1000000
  nbatch 5000
  gridno 0
  statefile ""

Iteration 1:  1000000 integrand evaluations so far
[1] 285719 +- 1675.9  	chisq 0 (0 df)

Iteration 2:  3000000 integrand evaluations so far
[1] 285256 +- 396.511  	chisq 0.0808388 (1 df)

Iteration 3:  6000000 integrand evaluations so far
[1] 285461 +- 249.723  	chisq 0.525286 (2 df)

Iteration 4:  10000000 integrand evaluations so far
[1] 285297 +- 184.211  	chisq 1.4823 (3 df)
   285.3 ±   0.18 ·10⁺⁰³ ( 37.5s) ┃   13.85 ±   0.22 ·10⁺⁰³ (2.79mi) ┃
┃    0 -     2 ┃   40 -    41 ┃ 13.2073 ± 0.0072 ·10⁺⁰³ ( 37.5s) ┃-272.136 ±  0.061 ·10⁺⁰³ (11.5mi) ┃Vegas input parameters:
  ndim 7
  ncomp 1
  nvec 1
  epsrel 0
  epsabs 0
  flags 10
  seed 123456
  mineval 10000000
  maxeval 10000000
  nstart 1000000
  nincrease 1000000
  nbatch 5000
  gridno 0
  statefile ""

Iteration 1:  1000000 integrand evaluations so far
[1] 273859 +- 1613.5  	chisq 0 (0 df)

Iteration 2:  3000000 integrand evaluations so far
[1] 272457 +- 357.237  	chisq 0.794085 (1 df)

Iteration 3:  6000000 integrand evaluations so far
[1] 272733 +- 220.696  	chisq 1.75988 (2 df)

Iteration 4:  10000000 integrand evaluations so far
[1] 272249 +- 161.458  	chisq 12.0886 (3 df)
  272.25 ±   0.16 ·10⁺⁰³ ( 37.7s) ┃   13.32 ±   0.17 ·10⁺⁰³ (12.8mi) ┃
┃    0 -     2 ┃   41 -    42 ┃ 4.78045 ± 0.00074 ·10⁺⁰³ ( 57.3s) ┃ -89.604 ±  0.086 ·10⁺⁰³ (9.25mi) ┃Vegas input parameters:
  ndim 7
  ncomp 1
  nvec 1
  epsrel 0
  epsabs 0
  flags 10
  seed 123456
  mineval 10000000
  maxeval 10000000
  nstart 1000000
  nincrease 1000000
  nbatch 5000
  gridno 0
  statefile ""

Iteration 1:  1000000 integrand evaluations so far
[1] 89826.1 +- 916.561  	chisq 0 (0 df)

Iteration 2:  3000000 integrand evaluations so far
[1] 89652.2 +- 183.586  	chisq 0.0375106 (1 df)

Iteration 3:  6000000 integrand evaluations so far
[1] 89784.8 +- 109.239  	chisq 0.845292 (2 df)

Iteration 4:  10000000 integrand evaluations so far
[1] 89677.7 +- 78.6723  	chisq 2.84511 (3 df)
  89.678 ±  0.079 ·10⁺⁰³ ( 35.3s) ┃    4.85 ±   0.12 ·10⁺⁰³ (10.8mi) ┃
┃    0 -     2 ┃   42 -    43 ┃ 1.61615 ± 5.6e-05 ·10⁺⁰³ (3.76mi) ┃ -30.938 ±  0.021 ·10⁺⁰³ (16.4mi) ┃Vegas input parameters:
  ndim 7
  ncomp 1
  nvec 1
  epsrel 0
  epsabs 0
  flags 10
  seed 123456
  mineval 10000000
  maxeval 10000000
  nstart 1000000
  nincrease 1000000
  nbatch 5000
  gridno 0
  statefile ""

Iteration 1:  1000000 integrand evaluations so far
[1] 30599.5 +- 522.124  	chisq 0 (0 df)

Iteration 2:  3000000 integrand evaluations so far
[1] 30952.7 +- 60.2147  	chisq 0.464008 (1 df)

Iteration 3:  6000000 integrand evaluations so far
[1] 30974.4 +- 36.4701  	chisq 0.667736 (2 df)

Iteration 4:  10000000 integrand evaluations so far
[1] 30939.6 +- 26.4236  	chisq 2.58196 (3 df)
   30.94 ±  0.026 ·10⁺⁰³ ( 36.6s) ┃   1.618 ±  0.034 ·10⁺⁰³ (20.7mi) ┃
┃    0 -     2 ┃   43 -    44 ┃   815.6 ±   0.12        (3.67mi) ┃-15.6182 ± 0.0078 ·10⁺⁰³ (31.3mi) ┃Vegas input parameters:
  ndim 7
  ncomp 1
  nvec 1
  epsrel 0
  epsabs 0
  flags 10
  seed 123456
  mineval 10000000
  maxeval 10000000
  nstart 1000000
  nincrease 1000000
  nbatch 5000
  gridno 0
  statefile ""

Iteration 1:  1000000 integrand evaluations so far
[1] 15089.7 +- 359.444  	chisq 0 (0 df)

Iteration 2:  3000000 integrand evaluations so far
[1] 15652.4 +- 30.4305  	chisq 2.46878 (1 df)

Iteration 3:  6000000 integrand evaluations so far
[1] 15634.3 +- 18.4182  	chisq 3.0262 (2 df)

Iteration 4:  10000000 integrand evaluations so far
[1] 15623.6 +- 13.4465  	chisq 3.75527 (3 df)
  15.624 ±  0.013 ·10⁺⁰³ (   34s) ┃     821 ±     16        (35.6mi) ┃
┃    0 -     2 ┃   44 -    45 ┃  487.36 ±   0.12        (3.53mi) ┃ -9.2683 ± 0.0044 ·10⁺⁰³ (15.4mi) ┃Vegas input parameters:
  ndim 7
  ncomp 1
  nvec 1
  epsrel 0
  epsabs 0
  flags 10
  seed 123456
  mineval 10000000
  maxeval 10000000
  nstart 1000000
  nincrease 1000000
  nbatch 5000
  gridno 0
  statefile ""

Iteration 1:  1000000 integrand evaluations so far
[1] 9538.66 +- 280.375  	chisq 0 (0 df)

Iteration 2:  3000000 integrand evaluations so far
[1] 9289.49 +- 17.5471  	chisq 0.792857 (1 df)

Iteration 3:  6000000 integrand evaluations so far
[1] 9281.56 +- 10.5579  	chisq 1.1134 (2 df)

Iteration 4:  10000000 integrand evaluations so far
[1] 9275.7 +- 7.72292  	chisq 1.77537 (3 df)
  9.2757 ± 0.0077 ·10⁺⁰³ ( 35.6s) ┃   494.7 ±    8.9        (19.5mi) ┃
┃    0 -     2 ┃   45 -    46 ┃  315.71 ±   0.26        (3.97mi) ┃ -5.9444 ± 0.0021 ·10⁺⁰³ (30.2mi) ┃Vegas input parameters:
  ndim 7
  ncomp 1
  nvec 1
  epsrel 0
  epsabs 0
  flags 10
  seed 123456
  mineval 10000000
  maxeval 10000000
  nstart 1000000
  nincrease 1000000
  nbatch 5000
  gridno 0
  statefile ""

Iteration 1:  1000000 integrand evaluations so far
[1] 5934.04 +- 214.929  	chisq 0 (0 df)

Iteration 2:  3000000 integrand evaluations so far
[1] 5962.93 +- 12.532  	chisq 0.0181368 (1 df)

Iteration 3:  6000000 integrand evaluations so far
[1] 5948.78 +- 7.08382  	chisq 1.89382 (2 df)

Iteration 4:  10000000 integrand evaluations so far
[1] 5946.34 +- 5.01578  	chisq 2.13164 (3 df)
  5.9463 ±  0.005 ·10⁺⁰³ ( 35.8s) ┃   317.7 ±    5.4        (34.8mi) ┃
┃    0 -     2 ┃   46 -    47 ┃  211.59 ±   0.18        (3.78mi) ┃  -3.951 ± 0.0039 ·10⁺⁰³ (29.6mi) ┃Vegas input parameters:
  ndim 7
  ncomp 1
  nvec 1
  epsrel 0
  epsabs 0
  flags 10
  seed 123456
  mineval 10000000
  maxeval 10000000
  nstart 1000000
  nincrease 1000000
  nbatch 5000
  gridno 0
  statefile ""

Iteration 1:  1000000 integrand evaluations so far
[1] 3864.14 +- 170.89  	chisq 0 (0 df)

Iteration 2:  3000000 integrand evaluations so far
[1] 3954.8 +- 7.5245  	chisq 0.282015 (1 df)

Iteration 3:  6000000 integrand evaluations so far
[1] 3954.77 +- 4.31637  	chisq 0.282041 (2 df)

Iteration 4:  10000000 integrand evaluations so far
[1] 3949.6 +- 3.05334  	chisq 3.1466 (3 df)
  3.9496 ± 0.0031 ·10⁺⁰³ (   36s) ┃   210.2 ±      5        (  34mi) ┃
┃    0 -     2 ┃   47 -    48 ┃ 141.912 ±  0.042        (6.49mi) ┃-2.62646 ± 9.9e-05 ·10⁺⁰³ (59.1mi) ┃Vegas input parameters:
  ndim 7
  ncomp 1
  nvec 1
  epsrel 0
  epsabs 0
  flags 10
  seed 123456
  mineval 10000000
  maxeval 10000000
  nstart 1000000
  nincrease 1000000
  nbatch 5000
  gridno 0
  statefile ""

Iteration 1:  1000000 integrand evaluations so far
[1] 2652.48 +- 137.428  	chisq 0 (0 df)

Iteration 2:  3000000 integrand evaluations so far
[1] 2626.98 +- 4.69604  	chisq 0.0344683 (1 df)

Iteration 3:  6000000 integrand evaluations so far
[1] 2627.5 +- 2.58549  	chisq 0.0525293 (2 df)

Iteration 4:  10000000 integrand evaluations so far
[1] 2625.14 +- 1.8253  	chisq 1.71164 (3 df)
  2.6251 ± 0.0018 ·10⁺⁰³ ( 36.2s) ┃   140.6 ±    1.8        ( 1.1hr) ┃
┃    0 -     2 ┃   48 -    49 ┃  89.864 ±  0.079        (3.84mi) ┃-1.64702 ± 0.00092 ·10⁺⁰³ (  58mi) ┃Vegas input parameters:
  ndim 7
  ncomp 1
  nvec 1
  epsrel 0
  epsabs 0
  flags 10
  seed 123456
  mineval 10000000
  maxeval 10000000
  nstart 1000000
  nincrease 1000000
  nbatch 5000
  gridno 0
  statefile ""

Iteration 1:  1000000 integrand evaluations so far
[1] 1723.21 +- 109.587  	chisq 0 (0 df)

Iteration 2:  3000000 integrand evaluations so far
[1] 1645.19 +- 3.4974  	chisq 0.50747 (1 df)

Iteration 3:  6000000 integrand evaluations so far
[1] 1646.01 +- 1.62789  	chisq 0.578976 (2 df)

Iteration 4:  10000000 integrand evaluations so far
[1] 1645.77 +- 1.08519  	chisq 0.620243 (3 df)
  1.6458 ± 0.0011 ·10⁺⁰³ ( 34.5s) ┃    88.6 ±    1.4        (1.04hr) ┃
┃    0 -     2 ┃   49 -    50 ┃  41.202 ±  0.029        (3.63mi) ┃ -745.85 ±   0.53        (58.5mi) ┃Vegas input parameters:
  ndim 7
  ncomp 1
  nvec 1
  epsrel 0
  epsabs 0
  flags 10
  seed 123456
  mineval 10000000
  maxeval 10000000
  nstart 1000000
  nincrease 1000000
  nbatch 5000
  gridno 0
  statefile ""

Iteration 1:  1000000 integrand evaluations so far
[1] 814.185 +- 72.7002  	chisq 0 (0 df)

Iteration 2:  3000000 integrand evaluations so far
[1] 741.766 +- 2.29596  	chisq 0.993277 (1 df)

Iteration 3:  6000000 integrand evaluations so far
[1] 744.923 +- 0.869218  	chisq 3.2006 (2 df)

Iteration 4:  10000000 integrand evaluations so far
[1] 745.897 +- 0.522776  	chisq 5.16721 (3 df)
   745.9 ±   0.52        ( 37.9s) ┃   41.25 ±   0.74        (1.05hr) ┃
┃    0 -     2 ┃   50 -    51 ┃ 6.34633 ± 0.00044        (27.7mi) ┃-108.843 ±  0.098        (  57mi) ┃Vegas input parameters:
  ndim 7
  ncomp 1
  nvec 1
  epsrel 0
  epsabs 0
  flags 10
  seed 123456
  mineval 10000000
  maxeval 10000000
  nstart 1000000
  nincrease 1000000
  nbatch 5000
  gridno 0
  statefile ""

Iteration 1:  1000000 integrand evaluations so far
[1] 124.675 +- 29.1524  	chisq 0 (0 df)

Iteration 2:  3000000 integrand evaluations so far
[1] 114.827 +- 9.72408  	chisq 0.128401 (1 df)

Iteration 3:  6000000 integrand evaluations so far
[1] 108.449 +- 1.62139  	chisq 0.570885 (2 df)

Iteration 4:  10000000 integrand evaluations so far
[1] 108.469 +- 0.392189  	chisq 0.571033 (3 df)
  108.47 ±   0.39        (   35s) ┃    5.97 ±    0.4        (1.42hr) ┃
┃    0 -     2 ┃   51 -    52 ┃  6.1828 ± 0.0053 ·10⁻⁰⁶ (42.8hr) ┃