
╍╍╍╍╍╍╍╍╍╍╍╍╍╍╍╍╍╍╍╍╍╍╍╍╍╍╍ Process settings ╍╍╍╍╍╍╍╍╍╍╍╍╍╍╍╍╍╍╍╍╍╍╍╍╍╍╍
   proton-proton collisions at sqrt(s) = 13000 GeV 
   Computing NLO+NLL resummed cross section
   W+ ->  nu(p3)+e+(p4) production 

╍╍╍╍╍╍╍╍╍╍╍╍╍╍╍╍╍╍╍╍╍╍╍╍╍╍╍╍╍╍ CKM matrix ╍╍╍╍╍╍╍╍╍╍╍╍╍╍╍╍╍╍╍╍╍╍╍╍╍╍╍╍╍╍
     | Vud Vus Vub |   |   0.97427   0.2253  0.00351 | 
     | Vcd Vcs Vcb | = |    0.2252  0.97344   0.0412 | 
     | Vtd Vts Vtb |   |         0        0        0 | 

╍╍╍╍╍╍╍╍╍╍╍╍╍╍╍╍╍╍╍╍╍╍╍╍╍╍╍╍╍ EW parameters ╍╍╍╍╍╍╍╍╍╍╍╍╍╍╍╍╍╍╍╍╍╍╍╍╍╍╍╍
                                         Gf =  1.1663787e-05      GeV^-2
                                    1/alpha =  132.233229791            
                                 sin(thW)^2 = 0.222897222524            
                                     W mass =         80.385         GeV
                                     Z mass =        91.1876         GeV
                                    W width =          2.091         GeV
                                    Z width =          2.495         GeV

╍╍╍╍╍╍╍╍╍╍╍╍╍╍╍╍╍╍╍╍╍╍╍╍╍╍╍╍╍ QCD settings ╍╍╍╍╍╍╍╍╍╍╍╍╍╍╍╍╍╍╍╍╍╍╍╍╍╍╍╍╍
   Renormalization scale:     dynamic muren =              2      * m_ll
     Factorization scale:     dynamic mufac =              2      * m_ll
       Resummation scale:     dynamic mures =              1      * m_ll
          Strong coupling       alpha_s(MZ) =       0.118001            
                              running order =              2       -loop
         Non-perturbative     form factor g =            0.7       GeV^2

╍╍╍╍╍╍╍╍╍╍╍╍╍╍╍╍╍╍╍╍╍╍╍╍╍╍╍╍╍ PDF settings ╍╍╍╍╍╍╍╍╍╍╍╍╍╍╍╍╍╍╍╍╍╍╍╍╍╍╍╍╍
                                     PDF set:MSHT20nnlo_as118            
                                  PDF member:              0            
  Mellin moments of PDFs:                    Numerical integration            
                         nodes for the quadrature:            200            
                         Intervals for the quadrature:              1            

╍╍╍╍╍╍╍╍╍╍╍╍╍╍╍╍╍╍╍╍╍╍╍╍╍╍╍╍╍╍╍ qT recoil ╍╍╍╍╍╍╍╍╍╍╍╍╍╍╍╍╍╍╍╍╍╍╍╍╍╍╍╍╍╍
  qt-recoil prescription:       Collins-Soper kt1 = p_V(x)/2; kt2 = p_V(y)/2            

╍╍╍╍╍╍╍╍╍╍╍╍╍╍╍╍╍╍╍╍╍╍╍╍╍╍╍╍╍╍╍╍╍ Cuts ╍╍╍╍╍╍╍╍╍╍╍╍╍╍╍╍╍╍╍╍╍╍╍╍╍╍╍╍╍╍╍╍╍
                                  apply cuts:           true            
                                      pt_l >               0            
                                   |eta_l| <            1000            
                                    pt_lep >              25            
                                 |eta_lep| <             2.4            
                                   pt_alep >              25            
                                |eta_alep| <             2.4            
                                  user cuts:            true            

╍╍╍╍╍╍╍╍╍╍╍╍╍╍╍╍╍╍╍╍╍╍╍╍╍╍╍╍ ResummationDamp ╍╍╍╍╍╍╍╍╍╍╍╍╍╍╍╍╍╍╍╍╍╍╍╍╍╍╍
                                    damping :             on            
                                damping mode:              1            
                                  damp above:        60.2888         GeV
                               damping width:        20.0963         GeV
                          resummation cutoff:             20         MeV

╍╍╍╍╍╍╍╍╍╍╍╍╍╍╍╍╍╍╍╍╍╍╍╍╍╍╍╍ Debug settings ╍╍╍╍╍╍╍╍╍╍╍╍╍╍╍╍╍╍╍╍╍╍╍╍╍╍╍╍
                                 timeprofile:          false            
                                     verbose:          false            
                               cubaverbosity:              2            

╍╍╍╍╍╍╍╍╍╍╍╍╍╍╍╍╍╍╍╍╍╍╍╍╍╍╍╍╍╍╍╍╍╍╍╍╍╍╍╍╍╍╍╍╍╍╍╍╍╍╍╍╍╍╍╍╍╍╍╍╍╍╍╍╍╍╍╍╍╍╍╍

Warning: Histogram `a1_qt` contains non-integrable observable and will be deleted 
Warning: Histogram `a1_qt_vs_y` contains non-integrable observable and will be deleted 
Warning: Histogram `s_biganswer` contains non-integrable observable and will be deleted 
Warning: Histogram `wgt_a1_qt` contains non-integrable observable and will be deleted 

╍╍╍╍╍╍╍╍╍╍╍╍╍╍╍╍╍╍╍╍╍╍╍╍╍ Integration settings ╍╍╍╍╍╍╍╍╍╍╍╍╍╍╍╍╍╍╍╍╍╍╍╍╍
             Random seeds              123456                           
           Parallel cores                   1                           

             Resummation:     cuhre (dm, dpt)         iter =           5
                                   gauss (dy)        nodes =          64
                                                 intervals =           1
            Counter term:      cuhre (dm, dy)         iter =           5
                                  gauss (dpt)        nodes =          20
                                                 intervals =           5
                     V+J:            vegas 7D       ncalls =    10000000

Mellin inverse transform:           gaussian         nodes =          30
                                                 intervals =           1
                               imaginary axis         zmax =           2
  Angular variable costh:     semi-analytical      ncstart =         100
   Angular variables phi:            gaussian    intervals =          20

      Constant boundaries                  q2          low =          80
                                                      high =         100
                                            y          low =          -6
                                                      high =           6
                                        costh          low =          -1
                                                      high =           1
                                       eta(l)          low =         -10
                                                      high =          10

┏━━━━━━━━━━━━━━┰━━━━━━━━━━━━━━┰━━━━━━━━━━━━━━━━━━━━━━━━━━━━━━━━━━┰━━━━━━━━━━━━━━━━━━━━━━━━━━━━━━━━━━┰━━━━━━━━━━━━━━━━━━━━━━━━━━━━━━━━━━┰━━━━━━━━━━━━━━━━━━━━━━━━━━━━━━━━━━┓
┃           qT ┃        pT(l) ┃                      Resummation ┃                     Counter term ┃                              V+J ┃                            TOTAL ┃
┣━━━━━━━━━━━━━━╋━━━━━━━━━━━━━━╋━━━━━━━━━━━━━━━━━━━━━━━━━━━━━━━━━━╋━━━━━━━━━━━━━━━━━━━━━━━━━━━━━━━━━━╋━━━━━━━━━━━━━━━━━━━━━━━━━━━━━━━━━━╋━━━━━━━━━━━━━━━━━━━━━━━━━━━━━━━━━━┫
┃   44 -    46 ┃   25 -    26 ┃ 602.702 ±  0.075        (3.84mi) ┃-324.136 ±  0.067        (29.1mi) ┃Vegas input parameters:
  ndim 7
  ncomp 1
  nvec 1
  epsrel 0
  epsabs 0
  flags 10
  seed 123456
  mineval 10000000
  maxeval 10000000
  nstart 1000000
  nincrease 1000000
  nbatch 5000
  gridno 0
  statefile ""

Iteration 1:  1000000 integrand evaluations so far
[1] 432.258 +- 8.05701  	chisq 0 (0 df)

Iteration 2:  3000000 integrand evaluations so far
[1] 426.315 +- 2.23678  	chisq 0.589555 (1 df)

Iteration 3:  6000000 integrand evaluations so far
[1] 425.248 +- 1.39107  	chisq 0.96017 (2 df)

Iteration 4:  10000000 integrand evaluations so far
[1] 425.903 +- 1.07676  	chisq 1.51272 (3 df)
   425.9 ±    1.1        ( 40.7s) ┃   704.5 ±    1.1        (33.7mi) ┃
┃   44 -    46 ┃   26 -    27 ┃  552.86 ±   0.25        (1.15mi) ┃  -296.8 ±   0.14        (7.26mi) ┃Vegas input parameters:
  ndim 7
  ncomp 1
  nvec 1
  epsrel 0
  epsabs 0
  flags 10
  seed 123456
  mineval 10000000
  maxeval 10000000
  nstart 1000000
  nincrease 1000000
  nbatch 5000
  gridno 0
  statefile ""

Iteration 1:  1000000 integrand evaluations so far
[1] 382.656 +- 7.50994  	chisq 0 (0 df)

Iteration 2:  3000000 integrand evaluations so far
[1] 371.292 +- 2.07325  	chisq 2.47851 (1 df)

Iteration 3:  6000000 integrand evaluations so far
[1] 372.075 +- 1.28988  	chisq 2.71139 (2 df)

Iteration 4:  10000000 integrand evaluations so far
[1] 372.429 +- 0.952829  	chisq 2.87737 (3 df)
  372.43 ±   0.95        ( 38.2s) ┃   628.5 ±      1        (9.04mi) ┃
┃   44 -    46 ┃   27 -    28 ┃  501.58 ±   0.23        (1.99mi) ┃ -270.46 ±   0.19        (7.13mi) ┃Vegas input parameters:
  ndim 7
  ncomp 1
  nvec 1
  epsrel 0
  epsabs 0
  flags 10
  seed 123456
  mineval 10000000
  maxeval 10000000
  nstart 1000000
  nincrease 1000000
  nbatch 5000
  gridno 0
  statefile ""

Iteration 1:  1000000 integrand evaluations so far
[1] 338.888 +- 6.97918  	chisq 0 (0 df)

Iteration 2:  3000000 integrand evaluations so far
[1] 342.718 +- 1.96433  	chisq 0.327099 (1 df)

Iteration 3:  6000000 integrand evaluations so far
[1] 341.827 +- 1.29171  	chisq 0.689667 (2 df)

Iteration 4:  10000000 integrand evaluations so far
[1] 340.411 +- 0.956576  	chisq 3.34822 (3 df)
  340.41 ±   0.96        ( 40.5s) ┃   571.5 ±      1        ( 9.8mi) ┃
┃   44 -    46 ┃   28 -    29 ┃  471.49 ±   0.45        ( 17.4s) ┃-253.381 ±  0.069        (7.37mi) ┃Vegas input parameters:
  ndim 7
  ncomp 1
  nvec 1
  epsrel 0
  epsabs 0
  flags 10
  seed 123456
  mineval 10000000
  maxeval 10000000
  nstart 1000000
  nincrease 1000000
  nbatch 5000
  gridno 0
  statefile ""

Iteration 1:  1000000 integrand evaluations so far
[1] 309.163 +- 6.55641  	chisq 0 (0 df)

Iteration 2:  3000000 integrand evaluations so far
[1] 314.976 +- 1.86038  	chisq 0.855031 (1 df)

Iteration 3:  6000000 integrand evaluations so far
[1] 314.57 +- 1.1558  	chisq 0.93278 (2 df)

Iteration 4:  10000000 integrand evaluations so far
[1] 314.364 +- 0.869227  	chisq 1.00539 (3 df)
  314.36 ±   0.87        ( 41.2s) ┃  532.47 ±   0.98        (8.34mi) ┃
┃   44 -    46 ┃   29 -    30 ┃  470.82 ±   0.13        (3.89mi) ┃-252.482 ±  0.042        (55.4mi) ┃Vegas input parameters:
  ndim 7
  ncomp 1
  nvec 1
  epsrel 0
  epsabs 0
  flags 10
  seed 123456
  mineval 10000000
  maxeval 10000000
  nstart 1000000
  nincrease 1000000
  nbatch 5000
  gridno 0
  statefile ""

Iteration 1:  1000000 integrand evaluations so far
[1] 293.6 +- 6.33314  	chisq 0 (0 df)

Iteration 2:  3000000 integrand evaluations so far
[1] 292.772 +- 1.77181  	chisq 0.0185534 (1 df)

Iteration 3:  6000000 integrand evaluations so far
[1] 293.671 +- 1.12432  	chisq 0.449674 (2 df)

Iteration 4:  10000000 integrand evaluations so far
[1] 293.338 +- 0.854633  	chisq 0.65808 (3 df)
  293.34 ±   0.85        ( 39.8s) ┃  511.68 ±   0.87        (  60mi) ┃
┃   44 -    46 ┃   30 -    31 ┃  433.71 ±    0.4        (1.35mi) ┃-233.155 ±  0.039        (  55mi) ┃Vegas input parameters:
  ndim 7
  ncomp 1
  nvec 1
  epsrel 0
  epsabs 0
  flags 10
  seed 123456
  mineval 10000000
  maxeval 10000000
  nstart 1000000
  nincrease 1000000
  nbatch 5000
  gridno 0
  statefile ""

Iteration 1:  1000000 integrand evaluations so far
[1] 283.894 +- 6.19577  	chisq 0 (0 df)

Iteration 2:  3000000 integrand evaluations so far
[1] 278.987 +- 1.84971  	chisq 0.688627 (1 df)

Iteration 3:  6000000 integrand evaluations so far
[1] 277.178 +- 1.12885  	chisq 2.21314 (2 df)

Iteration 4:  10000000 integrand evaluations so far
[1] 277.235 +- 0.819438  	chisq 2.21859 (3 df)
  277.23 ±   0.82        ( 39.9s) ┃  477.79 ±   0.91        (  57mi) ┃
┃   44 -    46 ┃   31 -    32 ┃  417.19 ±   0.34        (1.97mi) ┃ -224.18 ±   0.21        (6.95mi) ┃Vegas input parameters:
  ndim 7
  ncomp 1
  nvec 1
  epsrel 0
  epsabs 0
  flags 10
  seed 123456
  mineval 10000000
  maxeval 10000000
  nstart 1000000
  nincrease 1000000
  nbatch 5000
  gridno 0
  statefile ""

Iteration 1:  1000000 integrand evaluations so far
[1] 263.56 +- 5.91503  	chisq 0 (0 df)

Iteration 2:  3000000 integrand evaluations so far
[1] 266.01 +- 1.64194  	chisq 0.185948 (1 df)

Iteration 3:  6000000 integrand evaluations so far
[1] 263.328 +- 1.01803  	chisq 4.52028 (2 df)

Iteration 4:  10000000 integrand evaluations so far
[1] 262.899 +- 0.761146  	chisq 4.92421 (3 df)
   262.9 ±   0.76        ( 40.2s) ┃   455.9 ±   0.86        (9.59mi) ┃
┃   44 -    46 ┃   32 -    33 ┃  413.57 ±   0.18        (3.74mi) ┃ -222.48 ±   0.17        (13.8mi) ┃Vegas input parameters:
  ndim 7
  ncomp 1
  nvec 1
  epsrel 0
  epsabs 0
  flags 10
  seed 123456
  mineval 10000000
  maxeval 10000000
  nstart 1000000
  nincrease 1000000
  nbatch 5000
  gridno 0
  statefile ""

Iteration 1:  1000000 integrand evaluations so far
[1] 251.766 +- 5.69858  	chisq 0 (0 df)

Iteration 2:  3000000 integrand evaluations so far
[1] 251.164 +- 1.58726  	chisq 0.0121134 (1 df)

Iteration 3:  6000000 integrand evaluations so far
[1] 249.411 +- 0.981652  	chisq 1.98862 (2 df)

Iteration 4:  10000000 integrand evaluations so far
[1] 250.238 +- 0.746759  	chisq 3.6771 (3 df)
  250.24 ±   0.75        ( 41.1s) ┃  441.33 ±   0.79        (18.2mi) ┃
┃   44 -    46 ┃   33 -    34 ┃  387.73 ±   0.24        ( 57.4s) ┃ -208.72 ±   0.13        (1.79mi) ┃Vegas input parameters:
  ndim 7
  ncomp 1
  nvec 1
  epsrel 0
  epsabs 0
  flags 10
  seed 123456
  mineval 10000000
  maxeval 10000000
  nstart 1000000
  nincrease 1000000
  nbatch 5000
  gridno 0
  statefile ""

Iteration 1:  1000000 integrand evaluations so far
[1] 245.035 +- 5.63131  	chisq 0 (0 df)

Iteration 2:  3000000 integrand evaluations so far
[1] 238.513 +- 1.51897  	chisq 1.44667 (1 df)

Iteration 3:  6000000 integrand evaluations so far
[1] 238.643 +- 0.99662  	chisq 1.45964 (2 df)

Iteration 4:  10000000 integrand evaluations so far
[1] 239.2 +- 0.754574  	chisq 2.19018 (3 df)
   239.2 ±   0.75        (   41s) ┃  418.21 ±    0.8        (3.43mi) ┃
┃   44 -    46 ┃   34 -    35 ┃  407.28 ±   0.31        ( 5.34s) ┃-218.674 ±  0.085        ( 56.1s) ┃Vegas input parameters:
  ndim 7
  ncomp 1
  nvec 1
  epsrel 0
  epsabs 0
  flags 10
  seed 123456
  mineval 10000000
  maxeval 10000000
  nstart 1000000
  nincrease 1000000
  nbatch 5000
  gridno 0
  statefile ""

Iteration 1:  1000000 integrand evaluations so far
[1] 227 +- 5.33936  	chisq 0 (0 df)

Iteration 2:  3000000 integrand evaluations so far
[1] 229.058 +- 1.47795  	chisq 0.160827 (1 df)

Iteration 3:  6000000 integrand evaluations so far
[1] 229.474 +- 0.938197  	chisq 0.29378 (2 df)

Iteration 4:  10000000 integrand evaluations so far
[1] 229.676 +- 0.730958  	chisq 0.411369 (3 df)
  229.68 ±   0.73        ( 41.8s) ┃  418.29 ±    0.8        (1.72mi) ┃
┃   44 -    46 ┃   35 -    36 ┃  351.24 ±    0.2        ( 38.6s) ┃ -189.06 ±   0.13        (13.4mi) ┃Vegas input parameters:
  ndim 7
  ncomp 1
  nvec 1
  epsrel 0
  epsabs 0
  flags 10
  seed 123456
  mineval 10000000
  maxeval 10000000
  nstart 1000000
  nincrease 1000000
  nbatch 5000
  gridno 0
  statefile ""

Iteration 1:  1000000 integrand evaluations so far
[1] 219.705 +- 5.2584  	chisq 0 (0 df)

Iteration 2:  3000000 integrand evaluations so far
[1] 220.496 +- 1.43485  	chisq 0.024464 (1 df)

Iteration 3:  6000000 integrand evaluations so far
[1] 220.562 +- 0.892685  	chisq 0.0279006 (2 df)

Iteration 4:  10000000 integrand evaluations so far
[1] 220.18 +- 0.678085  	chisq 0.461503 (3 df)
  220.18 ±   0.68        ( 41.5s) ┃  382.36 ±   0.72        (14.8mi) ┃
┃   44 -    46 ┃   36 -    37 ┃  382.92 ±   0.26        ( 10.2s) ┃-205.387 ±   0.06        (1.75mi) ┃Vegas input parameters:
  ndim 7
  ncomp 1
  nvec 1
  epsrel 0
  epsabs 0
  flags 10
  seed 123456
  mineval 10000000
  maxeval 10000000
  nstart 1000000
  nincrease 1000000
  nbatch 5000
  gridno 0
  statefile ""

Iteration 1:  1000000 integrand evaluations so far
[1] 203.598 +- 4.96372  	chisq 0 (0 df)

Iteration 2:  3000000 integrand evaluations so far
[1] 211.501 +- 1.49672  	chisq 2.78833 (1 df)

Iteration 3:  6000000 integrand evaluations so far
[1] 211.41 +- 0.911616  	chisq 2.79414 (2 df)

Iteration 4:  10000000 integrand evaluations so far
[1] 211.492 +- 0.657343  	chisq 2.8107 (3 df)
  211.49 ±   0.66        ( 41.2s) ┃  389.03 ±   0.71        (2.61mi) ┃
┃   44 -    46 ┃   37 -    38 ┃  352.87 ±   0.25        (1.27mi) ┃-189.275 ±  0.071        (26.5mi) ┃Vegas input parameters:
  ndim 7
  ncomp 1
  nvec 1
  epsrel 0
  epsabs 0
  flags 10
  seed 123456
  mineval 10000000
  maxeval 10000000
  nstart 1000000
  nincrease 1000000
  nbatch 5000
  gridno 0
  statefile ""

Iteration 1:  1000000 integrand evaluations so far
[1] 208.137 +- 5.04816  	chisq 0 (0 df)

Iteration 2:  3000000 integrand evaluations so far
[1] 204.363 +- 1.34688  	chisq 0.601686 (1 df)

Iteration 3:  6000000 integrand evaluations so far
[1] 204.436 +- 0.879301  	chisq 0.606784 (2 df)

Iteration 4:  10000000 integrand evaluations so far
[1] 205.804 +- 0.672011  	chisq 6.42458 (3 df)
   205.8 ±   0.67        ( 41.8s) ┃   369.4 ±   0.72        (28.5mi) ┃
┃   44 -    46 ┃   38 -    39 ┃  350.28 ±   0.11        ( 41.5s) ┃ -187.85 ±   0.15        (13.3mi) ┃Vegas input parameters:
  ndim 7
  ncomp 1
  nvec 1
  epsrel 0
  epsabs 0
  flags 10
  seed 123456
  mineval 10000000
  maxeval 10000000
  nstart 1000000
  nincrease 1000000
  nbatch 5000
  gridno 0
  statefile ""

Iteration 1:  1000000 integrand evaluations so far
[1] 201.581 +- 4.90839  	chisq 0 (0 df)

Iteration 2:  3000000 integrand evaluations so far
[1] 200.065 +- 1.33221  	chisq 0.103009 (1 df)

Iteration 3:  6000000 integrand evaluations so far
[1] 200.154 +- 0.861969  	chisq 0.110636 (2 df)

Iteration 4:  10000000 integrand evaluations so far
[1] 200.079 +- 0.640077  	chisq 0.127456 (3 df)
  200.08 ±   0.64        ( 40.9s) ┃  362.51 ±   0.67        (14.7mi) ┃
┃   44 -    46 ┃   39 -    40 ┃  339.91 ±   0.27        ( 10.7s) ┃-182.707 ±  0.038        (52.5mi) ┃Vegas input parameters:
  ndim 7
  ncomp 1
  nvec 1
  epsrel 0
  epsabs 0
  flags 10
  seed 123456
  mineval 10000000
  maxeval 10000000
  nstart 1000000
  nincrease 1000000
  nbatch 5000
  gridno 0
  statefile ""

Iteration 1:  1000000 integrand evaluations so far
[1] 193.687 +- 4.7505  	chisq 0 (0 df)

Iteration 2:  3000000 integrand evaluations so far
[1] 196.11 +- 1.30149  	chisq 0.281387 (1 df)

Iteration 3:  6000000 integrand evaluations so far
[1] 195.614 +- 0.835341  	chisq 0.52896 (2 df)

Iteration 4:  10000000 integrand evaluations so far
[1] 195.161 +- 0.646517  	chisq 1.26228 (3 df)
  195.16 ±   0.65        ( 41.3s) ┃  352.37 ±    0.7        (53.4mi) ┃
┃   44 -    46 ┃   40 -    41 ┃  308.91 ±    0.2        ( 3.8mi) ┃ -166.83 ±   0.11        (25.9mi) ┃Vegas input parameters:
  ndim 7
  ncomp 1
  nvec 1
  epsrel 0
  epsabs 0
  flags 10
  seed 123456
  mineval 10000000
  maxeval 10000000
  nstart 1000000
  nincrease 1000000
  nbatch 5000
  gridno 0
  statefile ""

Iteration 1:  1000000 integrand evaluations so far
[1] 183.085 +- 4.60147  	chisq 0 (0 df)

Iteration 2:  3000000 integrand evaluations so far
[1] 188.14 +- 1.26114  	chisq 1.30482 (1 df)

Iteration 3:  6000000 integrand evaluations so far
[1] 187.675 +- 0.784595  	chisq 1.52653 (2 df)

Iteration 4:  10000000 integrand evaluations so far
[1] 188.631 +- 0.612104  	chisq 5.31679 (3 df)
  188.63 ±   0.61        ( 40.6s) ┃  330.72 ±   0.65        (30.4mi) ┃
┃   44 -    46 ┃   41 -    42 ┃  363.42 ±   0.24        (1.04mi) ┃ -194.35 ±  0.034        (13.1mi) ┃Vegas input parameters:
  ndim 7
  ncomp 1
  nvec 1
  epsrel 0
  epsabs 0
  flags 10
  seed 123456
  mineval 10000000
  maxeval 10000000
  nstart 1000000
  nincrease 1000000
  nbatch 5000
  gridno 0
  statefile ""

Iteration 1:  1000000 integrand evaluations so far
[1] 178.481 +- 4.56926  	chisq 0 (0 df)

Iteration 2:  3000000 integrand evaluations so far
[1] 183.384 +- 1.2354  	chisq 1.2424 (1 df)

Iteration 3:  6000000 integrand evaluations so far
[1] 183.664 +- 0.765635  	chisq 1.32555 (2 df)

Iteration 4:  10000000 integrand evaluations so far
[1] 184.081 +- 0.580472  	chisq 2.02446 (3 df)
  184.08 ±   0.58        ( 40.6s) ┃  353.15 ±   0.63        (14.8mi) ┃
┃   44 -    46 ┃   42 -    43 ┃  286.84 ±   0.13        (2.16mi) ┃ -153.92 ±   0.15        ( 3.3mi) ┃Vegas input parameters:
  ndim 7
  ncomp 1
  nvec 1
  epsrel 0
  epsabs 0
  flags 10
  seed 123456
  mineval 10000000
  maxeval 10000000
  nstart 1000000
  nincrease 1000000
  nbatch 5000
  gridno 0
  statefile ""

Iteration 1:  1000000 integrand evaluations so far
[1] 177.971 +- 4.51701  	chisq 0 (0 df)

Iteration 2:  3000000 integrand evaluations so far
[1] 178.639 +- 1.20751  	chisq 0.0235551 (1 df)

Iteration 3:  6000000 integrand evaluations so far
[1] 178.885 +- 0.782352  	chisq 0.0950965 (2 df)

Iteration 4:  10000000 integrand evaluations so far
[1] 178.172 +- 0.577265  	chisq 1.91634 (3 df)
  178.17 ±   0.58        ( 40.8s) ┃  311.09 ±   0.61        (6.15mi) ┃
┃   44 -    46 ┃   43 -    44 ┃   342.7 ±   0.14        ( 1.1mi) ┃ -183.71 ±   0.18        (6.47mi) ┃Vegas input parameters:
  ndim 7
  ncomp 1
  nvec 1
  epsrel 0
  epsabs 0
  flags 10
  seed 123456
  mineval 10000000
  maxeval 10000000
  nstart 1000000
  nincrease 1000000
  nbatch 5000
  gridno 0
  statefile ""

Iteration 1:  1000000 integrand evaluations so far
[1] 174.887 +- 4.48627  	chisq 0 (0 df)

Iteration 2:  3000000 integrand evaluations so far
[1] 173.468 +- 1.18773  	chisq 0.107621 (1 df)

Iteration 3:  6000000 integrand evaluations so far
[1] 173.538 +- 0.737209  	chisq 0.113271 (2 df)

Iteration 4:  10000000 integrand evaluations so far
[1] 174.233 +- 0.586736  	chisq 2.5391 (3 df)
  174.23 ±   0.59        (   41s) ┃  333.22 ±   0.63        (8.26mi) ┃
┃   44 -    46 ┃   44 -    45 ┃  280.26 ±   0.22        ( 59.3s) ┃ -150.68 ±   0.12        (6.34mi) ┃Vegas input parameters:
  ndim 7
  ncomp 1
  nvec 1
  epsrel 0
  epsabs 0
  flags 10
  seed 123456
  mineval 10000000
  maxeval 10000000
  nstart 1000000
  nincrease 1000000
  nbatch 5000
  gridno 0
  statefile ""

Iteration 1:  1000000 integrand evaluations so far
[1] 177.266 +- 4.52258  	chisq 0 (0 df)

Iteration 2:  3000000 integrand evaluations so far
[1] 172.232 +- 1.17825  	chisq 1.32917 (1 df)

Iteration 3:  6000000 integrand evaluations so far
[1] 170.938 +- 0.725363  	chisq 3.27203 (2 df)

Iteration 4:  10000000 integrand evaluations so far
[1] 171.008 +- 0.546061  	chisq 3.29354 (3 df)
  171.01 ±   0.55        ( 40.6s) ┃  300.59 ±    0.6        (   8mi) ┃
┃   44 -    46 ┃   45 -    46 ┃   301.3 ±    0.2        (1.36mi) ┃ -162.01 ±   0.16        (13.3mi) ┃Vegas input parameters:
  ndim 7
  ncomp 1
  nvec 1
  epsrel 0
  epsabs 0
  flags 10
  seed 123456
  mineval 10000000
  maxeval 10000000
  nstart 1000000
  nincrease 1000000
  nbatch 5000
  gridno 0
  statefile ""

Iteration 1:  1000000 integrand evaluations so far
[1] 162.959 +- 4.30873  	chisq 0 (0 df)

Iteration 2:  3000000 integrand evaluations so far
[1] 167.667 +- 1.24794  	chisq 1.30324 (1 df)

Iteration 3:  6000000 integrand evaluations so far
[1] 167.716 +- 0.757689  	chisq 1.30571 (2 df)

Iteration 4:  10000000 integrand evaluations so far
[1] 167.395 +- 0.550011  	chisq 1.68453 (3 df)
   167.4 ±   0.55        ( 40.6s) ┃  306.69 ±   0.61        (15.3mi) ┃
┃   44 -    46 ┃   46 -    47 ┃   303.6 ±   0.14        (2.18mi) ┃-161.895 ±  0.097        (25.3mi) ┃Vegas input parameters:
  ndim 7
  ncomp 1
  nvec 1
  epsrel 0
  epsabs 0
  flags 10
  seed 123456
  mineval 10000000
  maxeval 10000000
  nstart 1000000
  nincrease 1000000
  nbatch 5000
  gridno 0
  statefile ""

Iteration 1:  1000000 integrand evaluations so far
[1] 162.285 +- 4.26822  	chisq 0 (0 df)

Iteration 2:  3000000 integrand evaluations so far
[1] 165.82 +- 1.25924  	chisq 0.751301 (1 df)

Iteration 3:  6000000 integrand evaluations so far
[1] 165.223 +- 0.767765  	chisq 1.1089 (2 df)

Iteration 4:  10000000 integrand evaluations so far
[1] 164.984 +- 0.550496  	chisq 1.30739 (3 df)
  164.98 ±   0.55        ( 40.9s) ┃  306.69 ±   0.58        (28.2mi) ┃
┃   44 -    46 ┃   47 -    48 ┃ 271.159 ±  0.037        (3.87mi) ┃-146.075 ±  0.097        (12.6mi) ┃Vegas input parameters:
  ndim 7
  ncomp 1
  nvec 1
  epsrel 0
  epsabs 0
  flags 10
  seed 123456
  mineval 10000000
  maxeval 10000000
  nstart 1000000
  nincrease 1000000
  nbatch 5000
  gridno 0
  statefile ""

Iteration 1:  1000000 integrand evaluations so far
[1] 162.106 +- 4.2579  	chisq 0 (0 df)

Iteration 2:  3000000 integrand evaluations so far
[1] 164.633 +- 1.11951  	chisq 0.378477 (1 df)

Iteration 3:  6000000 integrand evaluations so far
[1] 163.108 +- 0.699448  	chisq 3.42405 (2 df)

Iteration 4:  10000000 integrand evaluations so far
[1] 162.664 +- 0.513609  	chisq 4.298 (3 df)
  162.66 ±   0.51        ( 41.6s) ┃  287.75 ±   0.52        (17.2mi) ┃
┃   44 -    46 ┃   48 -    49 ┃  305.35 ±   0.22        (1.96mi) ┃-163.457 ±  0.036        (25.3mi) ┃Vegas input parameters:
  ndim 7
  ncomp 1
  nvec 1
  epsrel 0
  epsabs 0
  flags 10
  seed 123456
  mineval 10000000
  maxeval 10000000
  nstart 1000000
  nincrease 1000000
  nbatch 5000
  gridno 0
  statefile ""

Iteration 1:  1000000 integrand evaluations so far
[1] 159.957 +- 4.26012  	chisq 0 (0 df)

Iteration 2:  3000000 integrand evaluations so far
[1] 162.26 +- 1.19256  	chisq 0.317235 (1 df)

Iteration 3:  6000000 integrand evaluations so far
[1] 161.541 +- 0.728133  	chisq 0.896858 (2 df)

Iteration 4:  10000000 integrand evaluations so far
[1] 161.217 +- 0.538286  	chisq 1.33394 (3 df)
  161.22 ±   0.54        ( 40.6s) ┃  303.11 ±   0.58        (27.9mi) ┃
┃   44 -    46 ┃   49 -    50 ┃  244.08 ±   0.17        (1.07mi) ┃ -131.09 ±    0.1        (12.6mi) ┃Vegas input parameters:
  ndim 7
  ncomp 1
  nvec 1
  epsrel 0
  epsabs 0
  flags 10
  seed 123456
  mineval 10000000
  maxeval 10000000
  nstart 1000000
  nincrease 1000000
  nbatch 5000
  gridno 0
  statefile ""

Iteration 1:  1000000 integrand evaluations so far
[1] 167.567 +- 4.35981  	chisq 0 (0 df)

Iteration 2:  3000000 integrand evaluations so far
[1] 160.493 +- 1.09881  	chisq 2.81074 (1 df)

Iteration 3:  6000000 integrand evaluations so far
[1] 159.192 +- 0.682354  	chisq 5.09473 (2 df)

Iteration 4:  10000000 integrand evaluations so far
[1] 159.709 +- 0.510435  	chisq 6.40164 (3 df)
  159.71 ±   0.51        ( 40.7s) ┃   272.7 ±   0.55        (14.3mi) ┃
┃   44 -    46 ┃   50 -    51 ┃ 295.238 ±  0.057        (1.88mi) ┃-158.372 ±   0.06        (12.8mi) ┃Vegas input parameters:
  ndim 7
  ncomp 1
  nvec 1
  epsrel 0
  epsabs 0
  flags 10
  seed 123456
  mineval 10000000
  maxeval 10000000
  nstart 1000000
  nincrease 1000000
  nbatch 5000
  gridno 0
  statefile ""

Iteration 1:  1000000 integrand evaluations so far
[1] 154.693 +- 4.18927  	chisq 0 (0 df)

Iteration 2:  3000000 integrand evaluations so far
[1] 157.548 +- 1.10531  	chisq 0.498972 (1 df)

Iteration 3:  6000000 integrand evaluations so far
[1] 156.613 +- 0.700751  	chisq 1.69366 (2 df)

Iteration 4:  10000000 integrand evaluations so far
[1] 157.052 +- 0.514854  	chisq 2.54421 (3 df)
  157.05 ±   0.51        ( 41.5s) ┃  293.92 ±   0.52        (15.4mi) ┃
┃   44 -    46 ┃   51 -    52 ┃  254.14 ±   0.16        ( 32.4s) ┃ -136.42 ±   0.12        ( 6.4mi) ┃Vegas input parameters:
  ndim 7
  ncomp 1
  nvec 1
  epsrel 0
  epsabs 0
  flags 10
  seed 123456
  mineval 10000000
  maxeval 10000000
  nstart 1000000
  nincrease 1000000
  nbatch 5000
  gridno 0
  statefile ""

Iteration 1:  1000000 integrand evaluations so far
[1] 147.702 +- 4.07577  	chisq 0 (0 df)

Iteration 2:  3000000 integrand evaluations so far
[1] 154.202 +- 1.10112  	chisq 2.74375 (1 df)

Iteration 3:  6000000 integrand evaluations so far
[1] 154.094 +- 0.695487  	chisq 2.75957 (2 df)

Iteration 4:  10000000 integrand evaluations so far
[1] 155.108 +- 0.519596  	chisq 7.57149 (3 df)
  155.11 ±   0.52        ( 40.8s) ┃  272.83 ±   0.56        (7.62mi) ┃
┃   44 -    46 ┃   52 -    53 ┃  258.33 ±   0.19        (1.07mi) ┃-139.104 ±  0.033        (6.16mi) ┃Vegas input parameters:
  ndim 7
  ncomp 1
  nvec 1
  epsrel 0
  epsabs 0
  flags 10
  seed 123456
  mineval 10000000
  maxeval 10000000
  nstart 1000000
  nincrease 1000000
  nbatch 5000
  gridno 0
  statefile ""

Iteration 1:  1000000 integrand evaluations so far
[1] 154.386 +- 4.18975  	chisq 0 (0 df)

Iteration 2:  3000000 integrand evaluations so far
[1] 154.885 +- 1.08196  	chisq 0.0151787 (1 df)

Iteration 3:  6000000 integrand evaluations so far
[1] 153.136 +- 0.674543  	chisq 4.28841 (2 df)

Iteration 4:  10000000 integrand evaluations so far
[1] 153.944 +- 0.496231  	chisq 7.41741 (3 df)
  153.94 ±    0.5        ( 40.8s) ┃  273.17 ±   0.53        (7.91mi) ┃
┃   44 -    46 ┃   53 -    54 ┃ 247.752 ±  0.087        (1.91mi) ┃-131.605 ±  0.043        (1.71mi) ┃Vegas input parameters:
  ndim 7
  ncomp 1
  nvec 1
  epsrel 0
  epsabs 0
  flags 10
  seed 123456
  mineval 10000000
  maxeval 10000000
  nstart 1000000
  nincrease 1000000
  nbatch 5000
  gridno 0
  statefile ""

Iteration 1:  1000000 integrand evaluations so far
[1] 148.82 +- 4.11759  	chisq 0 (0 df)

Iteration 2:  3000000 integrand evaluations so far
[1] 152.097 +- 1.05769  	chisq 0.677888 (1 df)

Iteration 3:  6000000 integrand evaluations so far
[1] 152.812 +- 0.669087  	chisq 1.44003 (2 df)

Iteration 4:  10000000 integrand evaluations so far
[1] 152.593 +- 0.506412  	chisq 1.69195 (3 df)
  152.59 ±   0.51        ( 41.5s) ┃  268.74 ±   0.52        ( 4.3mi) ┃
┃   44 -    46 ┃   54 -    55 ┃  252.71 ±   0.23        ( 10.1s) ┃-134.996 ±  0.039        (12.3mi) ┃Vegas input parameters:
  ndim 7
  ncomp 1
  nvec 1
  epsrel 0
  epsabs 0
  flags 10
  seed 123456
  mineval 10000000
  maxeval 10000000
  nstart 1000000
  nincrease 1000000
  nbatch 5000
  gridno 0
  statefile ""

Iteration 1:  1000000 integrand evaluations so far
[1] 153.595 +- 4.19549  	chisq 0 (0 df)

Iteration 2:  3000000 integrand evaluations so far
[1] 152.506 +- 1.05867  	chisq 0.0719751 (1 df)

Iteration 3:  6000000 integrand evaluations so far
[1] 151.85 +- 0.65272  	chisq 0.690737 (2 df)

Iteration 4:  10000000 integrand evaluations so far
[1] 151.58 +- 0.503703  	chisq 1.11273 (3 df)
  151.58 ±    0.5        ( 41.3s) ┃  269.29 ±   0.55        (13.2mi) ┃
┃   44 -    46 ┃   55 -    56 ┃ 256.974 ±  0.087        (3.61mi) ┃ -137.22 ±   0.12        (12.3mi) ┃Vegas input parameters:
  ndim 7
  ncomp 1
  nvec 1
  epsrel 0
  epsabs 0
  flags 10
  seed 123456
  mineval 10000000
  maxeval 10000000
  nstart 1000000
  nincrease 1000000
  nbatch 5000
  gridno 0
  statefile ""

Iteration 1:  1000000 integrand evaluations so far
[1] 150.597 +- 4.19062  	chisq 0 (0 df)

Iteration 2:  3000000 integrand evaluations so far
[1] 150.435 +- 1.0437  	chisq 0.00160856 (1 df)

Iteration 3:  6000000 integrand evaluations so far
[1] 150.297 +- 0.653177  	chisq 0.0301913 (2 df)

Iteration 4:  10000000 integrand evaluations so far
[1] 150.035 +- 0.503498  	chisq 0.426121 (3 df)
  150.04 ±    0.5        ( 40.9s) ┃  269.79 ±   0.52        (16.6mi) ┃
┃   44 -    46 ┃   56 -    57 ┃ 217.021 ±  0.087        (3.75mi) ┃-116.212 ±  0.021        (  24mi) ┃Vegas input parameters:
  ndim 7
  ncomp 1
  nvec 1
  epsrel 0
  epsabs 0
  flags 10
  seed 123456
  mineval 10000000
  maxeval 10000000
  nstart 1000000
  nincrease 1000000
  nbatch 5000
  gridno 0
  statefile ""

Iteration 1:  1000000 integrand evaluations so far
[1] 155.635 +- 4.29257  	chisq 0 (0 df)

Iteration 2:  3000000 integrand evaluations so far
[1] 148.941 +- 1.03907  	chisq 2.58255 (1 df)

Iteration 3:  6000000 integrand evaluations so far
[1] 148.99 +- 0.6554  	chisq 2.58623 (2 df)

Iteration 4:  10000000 integrand evaluations so far
[1] 148.552 +- 0.491232  	chisq 3.60861 (3 df)
  148.55 ±   0.49        ( 41.2s) ┃  249.36 ±    0.5        (28.4mi) ┃
┃   44 -    46 ┃   57 -    58 ┃  243.73 ±   0.15        ( 32.6s) ┃-130.279 ±  0.041        (12.1mi) ┃Vegas input parameters:
  ndim 7
  ncomp 1
  nvec 1
  epsrel 0
  epsabs 0
  flags 10
  seed 123456
  mineval 10000000
  maxeval 10000000
  nstart 1000000
  nincrease 1000000
  nbatch 5000
  gridno 0
  statefile ""

Iteration 1:  1000000 integrand evaluations so far
[1] 148.43 +- 4.19631  	chisq 0 (0 df)

Iteration 2:  3000000 integrand evaluations so far
[1] 148.154 +- 1.03061  	chisq 0.0046131 (1 df)

Iteration 3:  6000000 integrand evaluations so far
[1] 149.192 +- 0.634871  	chisq 1.64175 (2 df)

Iteration 4:  10000000 integrand evaluations so far
[1] 148.137 +- 0.467817  	chisq 7.69474 (3 df)
  148.14 ±   0.47        ( 41.3s) ┃  261.59 ±   0.49        (13.3mi) ┃
┃   44 -    46 ┃   58 -    59 ┃ 225.101 ±  0.044        (3.85mi) ┃-120.472 ±  0.014        (  24mi) ┃Vegas input parameters:
  ndim 7
  ncomp 1
  nvec 1
  epsrel 0
  epsabs 0
  flags 10
  seed 123456
  mineval 10000000
  maxeval 10000000
  nstart 1000000
  nincrease 1000000
  nbatch 5000
  gridno 0
  statefile ""

Iteration 1:  1000000 integrand evaluations so far
[1] 141.007 +- 4.06963  	chisq 0 (0 df)

Iteration 2:  3000000 integrand evaluations so far
[1] 146.456 +- 1.0209  	chisq 1.91279 (1 df)

Iteration 3:  6000000 integrand evaluations so far
[1] 146.837 +- 0.637699  	chisq 2.14161 (2 df)

Iteration 4:  10000000 integrand evaluations so far
[1] 147.392 +- 0.479573  	chisq 3.88732 (3 df)
  147.39 ±   0.48        ( 40.2s) ┃  252.02 ±   0.48        (28.6mi) ┃
┃   44 -    46 ┃   59 -    60 ┃  224.34 ±   0.22        (1.83mi) ┃-120.056 ±   0.07        (  12mi) ┃Vegas input parameters:
  ndim 7
  ncomp 1
  nvec 1
  epsrel 0
  epsabs 0
  flags 10
  seed 123456
  mineval 10000000
  maxeval 10000000
  nstart 1000000
  nincrease 1000000
  nbatch 5000
  gridno 0
  statefile ""

Iteration 1:  1000000 integrand evaluations so far
[1] 148.747 +- 4.26391  	chisq 0 (0 df)

Iteration 2:  3000000 integrand evaluations so far
[1] 148.743 +- 1.05758  	chisq 9.13931e-07 (1 df)

Iteration 3:  6000000 integrand evaluations so far
[1] 148.184 +- 0.642994  	chisq 0.443229 (2 df)

Iteration 4:  10000000 integrand evaluations so far
[1] 148.557 +- 0.497556  	chisq 1.28255 (3 df)
  148.56 ±    0.5        ( 41.4s) ┃  252.84 ±   0.55        (14.5mi) ┃
┃   46 -    48 ┃   25 -    26 ┃  511.63 ±   0.32        (1.03mi) ┃ -271.65 ±   0.21        (14.6mi) ┃Vegas input parameters:
  ndim 7
  ncomp 1
  nvec 1
  epsrel 0
  epsabs 0
  flags 10
  seed 123456
  mineval 10000000
  maxeval 10000000
  nstart 1000000
  nincrease 1000000
  nbatch 5000
  gridno 0
  statefile ""

Iteration 1:  1000000 integrand evaluations so far
[1] 363.767 +- 7.05662  	chisq 0 (0 df)

Iteration 2:  3000000 integrand evaluations so far
[1] 357.561 +- 1.98049  	chisq 0.839599 (1 df)

Iteration 3:  6000000 integrand evaluations so far
[1] 358.211 +- 1.23115  	chisq 1.01524 (2 df)

Iteration 4:  10000000 integrand evaluations so far
[1] 359.216 +- 0.95509  	chisq 2.68735 (3 df)
  359.22 ±   0.96        ( 41.6s) ┃   599.2 ±      1        (16.4mi) ┃
┃   46 -    48 ┃   26 -    27 ┃  481.55 ±    0.3        (1.12mi) ┃    -255 ±   0.17        (7.16mi) ┃Vegas input parameters:
  ndim 7
  ncomp 1
  nvec 1
  epsrel 0
  epsabs 0
  flags 10
  seed 123456
  mineval 10000000
  maxeval 10000000
  nstart 1000000
  nincrease 1000000
  nbatch 5000
  gridno 0
  statefile ""

Iteration 1:  1000000 integrand evaluations so far
[1] 327.436 +- 6.6559  	chisq 0 (0 df)

Iteration 2:  3000000 integrand evaluations so far
[1] 320.427 +- 1.85184  	chisq 1.20194 (1 df)

Iteration 3:  6000000 integrand evaluations so far
[1] 319.963 +- 1.17773  	chisq 1.30769 (2 df)

Iteration 4:  10000000 integrand evaluations so far
[1] 319.987 +- 0.868431  	chisq 1.30866 (3 df)
  319.99 ±   0.87        ( 41.2s) ┃  546.53 ±   0.94        (8.96mi) ┃
┃   46 -    48 ┃   27 -    28 ┃  449.07 ±   0.42        ( 39.3s) ┃ -239.97 ±   0.17        (7.11mi) ┃Vegas input parameters:
  ndim 7
  ncomp 1
  nvec 1
  epsrel 0
  epsabs 0
  flags 10
  seed 123456
  mineval 10000000
  maxeval 10000000
  nstart 1000000
  nincrease 1000000
  nbatch 5000
  gridno 0
  statefile ""

Iteration 1:  1000000 integrand evaluations so far
[1] 304.294 +- 6.32177  	chisq 0 (0 df)

Iteration 2:  3000000 integrand evaluations so far
[1] 298.603 +- 1.76166  	chisq 0.878561 (1 df)

Iteration 3:  6000000 integrand evaluations so far
[1] 297.197 +- 1.0923  	chisq 1.91374 (2 df)

Iteration 4:  10000000 integrand evaluations so far
[1] 296.65 +- 0.807552  	chisq 2.46608 (3 df)
  296.65 ±   0.81        ( 39.6s) ┃  505.74 ±   0.93        (8.43mi) ┃
┃   46 -    48 ┃   28 -    29 ┃  425.28 ±   0.12        (1.99mi) ┃-225.763 ±  0.084        (28.3mi) ┃Vegas input parameters:
  ndim 7
  ncomp 1
  nvec 1
  epsrel 0
  epsabs 0
  flags 10
  seed 123456
  mineval 10000000
  maxeval 10000000
  nstart 1000000
  nincrease 1000000
  nbatch 5000
  gridno 0
  statefile ""

Iteration 1:  1000000 integrand evaluations so far
[1] 264.085 +- 5.79747  	chisq 0 (0 df)

Iteration 2:  3000000 integrand evaluations so far
[1] 273.332 +- 1.66634  	chisq 2.77334 (1 df)

Iteration 3:  6000000 integrand evaluations so far
[1] 273.464 +- 1.03723  	chisq 2.78355 (2 df)

Iteration 4:  10000000 integrand evaluations so far
[1] 274.102 +- 0.782384  	chisq 3.66071 (3 df)
   274.1 ±   0.78        ( 40.4s) ┃  473.62 ±    0.8        (30.9mi) ┃
┃   46 -    48 ┃   29 -    30 ┃  403.27 ±   0.39        (2.66mi) ┃-212.622 ±  0.052        (55.1mi) ┃Vegas input parameters:
  ndim 7
  ncomp 1
  nvec 1
  epsrel 0
  epsabs 0
  flags 10
  seed 123456
  mineval 10000000
  maxeval 10000000
  nstart 1000000
  nincrease 1000000
  nbatch 5000
  gridno 0
  statefile ""

Iteration 1:  1000000 integrand evaluations so far
[1] 261.956 +- 5.73832  	chisq 0 (0 df)

Iteration 2:  3000000 integrand evaluations so far
[1] 256.733 +- 1.59715  	chisq 0.897771 (1 df)

Iteration 3:  6000000 integrand evaluations so far
[1] 257.54 +- 1.05105  	chisq 1.34773 (2 df)

Iteration 4:  10000000 integrand evaluations so far
[1] 258.232 +- 0.778623  	chisq 2.30869 (3 df)
  258.23 ±   0.78        ( 40.4s) ┃  448.88 ±   0.87        (58.4mi) ┃
┃   46 -    48 ┃   30 -    31 ┃  399.46 ±   0.38        (3.91mi) ┃-211.773 ±  0.013        (54.9mi) ┃Vegas input parameters:
  ndim 7
  ncomp 1
  nvec 1
  epsrel 0
  epsabs 0
  flags 10
  seed 123456
  mineval 10000000
  maxeval 10000000
  nstart 1000000
  nincrease 1000000
  nbatch 5000
  gridno 0
  statefile ""

Iteration 1:  1000000 integrand evaluations so far
[1] 250.684 +- 5.567  	chisq 0 (0 df)

Iteration 2:  3000000 integrand evaluations so far
[1] 245.554 +- 1.54508  	chisq 0.919945 (1 df)

Iteration 3:  6000000 integrand evaluations so far
[1] 244.885 +- 1.03138  	chisq 1.2587 (2 df)

Iteration 4:  10000000 integrand evaluations so far
[1] 244.371 +- 0.762975  	chisq 1.80559 (3 df)
  244.37 ±   0.76        ( 41.6s) ┃  432.06 ±   0.85        (59.5mi) ┃
┃   46 -    48 ┃   31 -    32 ┃  362.23 ±   0.36        (3.98mi) ┃ -192.17 ±  0.093        (27.3mi) ┃Vegas input parameters:
  ndim 7
  ncomp 1
  nvec 1
  epsrel 0
  epsabs 0
  flags 10
  seed 123456
  mineval 10000000
  maxeval 10000000
  nstart 1000000
  nincrease 1000000
  nbatch 5000
  gridno 0
  statefile ""

Iteration 1:  1000000 integrand evaluations so far
[1] 236.923 +- 5.38178  	chisq 0 (0 df)

Iteration 2:  3000000 integrand evaluations so far
[1] 234.131 +- 1.48576  	chisq 0.291456 (1 df)

Iteration 3:  6000000 integrand evaluations so far
[1] 232.292 +- 0.920401  	chisq 2.77503 (2 df)

Iteration 4:  10000000 integrand evaluations so far
[1] 232.217 +- 0.687994  	chisq 2.79034 (3 df)
  232.22 ±   0.69        ( 41.1s) ┃  402.27 ±   0.78        (  32mi) ┃
┃   46 -    48 ┃   32 -    33 ┃  372.65 ±   0.36        (2.17mi) ┃ -197.59 ±   0.12        (26.9mi) ┃Vegas input parameters:
  ndim 7
  ncomp 1
  nvec 1
  epsrel 0
  epsabs 0
  flags 10
  seed 123456
  mineval 10000000
  maxeval 10000000
  nstart 1000000
  nincrease 1000000
  nbatch 5000
  gridno 0
  statefile ""

Iteration 1:  1000000 integrand evaluations so far
[1] 215.136 +- 5.03584  	chisq 0 (0 df)

Iteration 2:  3000000 integrand evaluations so far
[1] 220.499 +- 1.42418  	chisq 1.23286 (1 df)

Iteration 3:  6000000 integrand evaluations so far
[1] 220.301 +- 0.888713  	chisq 1.26438 (2 df)

Iteration 4:  10000000 integrand evaluations so far
[1] 221.293 +- 0.668995  	chisq 4.13658 (3 df)
  221.29 ±   0.67        ( 39.5s) ┃  396.36 ±   0.77        (29.8mi) ┃
┃   46 -    48 ┃   33 -    34 ┃  345.64 ±   0.29        (1.26mi) ┃ -180.92 ±   0.16        ( 3.5mi) ┃Vegas input parameters:
  ndim 7
  ncomp 1
  nvec 1
  epsrel 0
  epsabs 0
  flags 10
  seed 123456
  mineval 10000000
  maxeval 10000000
  nstart 1000000
  nincrease 1000000
  nbatch 5000
  gridno 0
  statefile ""

Iteration 1:  1000000 integrand evaluations so far
[1] 217.783 +- 5.06777  	chisq 0 (0 df)

Iteration 2:  3000000 integrand evaluations so far
[1] 212.544 +- 1.38196  	chisq 1.15468 (1 df)

Iteration 3:  6000000 integrand evaluations so far
[1] 212.12 +- 0.856933  	chisq 1.30753 (2 df)

Iteration 4:  10000000 integrand evaluations so far
[1] 212.217 +- 0.679505  	chisq 1.34168 (3 df)
  212.22 ±   0.68        ( 40.5s) ┃  376.94 ±   0.76        (5.44mi) ┃
┃   46 -    48 ┃   34 -    35 ┃  365.78 ±   0.31        (3.58mi) ┃-193.926 ±  0.068        (1.54mi) ┃Vegas input parameters:
  ndim 7
  ncomp 1
  nvec 1
  epsrel 0
  epsabs 0
  flags 10
  seed 123456
  mineval 10000000
  maxeval 10000000
  nstart 1000000
  nincrease 1000000
  nbatch 5000
  gridno 0
  statefile ""

Iteration 1:  1000000 integrand evaluations so far
[1] 205.925 +- 4.88233  	chisq 0 (0 df)

Iteration 2:  3000000 integrand evaluations so far
[1] 203.32 +- 1.34337  	chisq 0.308012 (1 df)

Iteration 3:  6000000 integrand evaluations so far
[1] 203.751 +- 0.834534  	chisq 0.475697 (2 df)

Iteration 4:  10000000 integrand evaluations so far
[1] 203.778 +- 0.641732  	chisq 0.478174 (3 df)
  203.78 ±   0.64        ( 37.1s) ┃  375.63 ±   0.71        (5.74mi) ┃
┃   46 -    48 ┃   35 -    36 ┃ 313.688 ±  0.056        (3.94mi) ┃ -166.35 ±   0.13        ( 50.3s) ┃Vegas input parameters:
  ndim 7
  ncomp 1
  nvec 1
  epsrel 0
  epsabs 0
  flags 10
  seed 123456
  mineval 10000000
  maxeval 10000000
  nstart 1000000
  nincrease 1000000
  nbatch 5000
  gridno 0
  statefile ""

Iteration 1:  1000000 integrand evaluations so far
[1] 195.515 +- 4.74907  	chisq 0 (0 df)

Iteration 2:  3000000 integrand evaluations so far
[1] 196.337 +- 1.30355  	chisq 0.0324138 (1 df)

Iteration 3:  6000000 integrand evaluations so far
[1] 196.37 +- 0.810099  	chisq 0.033424 (2 df)

Iteration 4:  10000000 integrand evaluations so far
[1] 196.047 +- 0.611197  	chisq 0.401187 (3 df)
  196.05 ±   0.61        ( 38.7s) ┃  343.38 ±   0.63        (5.42mi) ┃
┃   46 -    48 ┃   36 -    37 ┃  333.41 ±   0.19        ( 40.4s) ┃-176.685 ±  0.095        (6.69mi) ┃Vegas input parameters:
  ndim 7
  ncomp 1
  nvec 1
  epsrel 0
  epsabs 0
  flags 10
  seed 123456
  mineval 10000000
  maxeval 10000000
  nstart 1000000
  nincrease 1000000
  nbatch 5000
  gridno 0
  statefile ""

Iteration 1:  1000000 integrand evaluations so far
[1] 179.623 +- 4.46167  	chisq 0 (0 df)

Iteration 2:  3000000 integrand evaluations so far
[1] 188.232 +- 1.37915  	chisq 4.11592 (1 df)

Iteration 3:  6000000 integrand evaluations so far
[1] 188.702 +- 0.84419  	chisq 4.30211 (2 df)

Iteration 4:  10000000 integrand evaluations so far
[1] 188.885 +- 0.606817  	chisq 4.39907 (3 df)
  188.88 ±   0.61        ( 38.5s) ┃  345.61 ±   0.64        (   8mi) ┃
┃   46 -    48 ┃   37 -    38 ┃  325.44 ±   0.27        (1.67mi) ┃ -172.24 ±   0.14        (  25mi) ┃Vegas input parameters:
  ndim 7
  ncomp 1
  nvec 1
  epsrel 0
  epsabs 0
  flags 10
  seed 123456
  mineval 10000000
  maxeval 10000000
  nstart 1000000
  nincrease 1000000
  nbatch 5000
  gridno 0
  statefile ""

Iteration 1:  1000000 integrand evaluations so far
[1] 181.293 +- 4.49397  	chisq 0 (0 df)

Iteration 2:  3000000 integrand evaluations so far
[1] 182.609 +- 1.24132  	chisq 0.0929049 (1 df)

Iteration 3:  6000000 integrand evaluations so far
[1] 182.226 +- 0.792629  	chisq 0.253385 (2 df)

Iteration 4:  10000000 integrand evaluations so far
[1] 183.065 +- 0.588721  	chisq 2.75192 (3 df)
  183.07 ±   0.59        ( 39.3s) ┃  336.26 ±   0.66        (27.3mi) ┃
┃   46 -    48 ┃   38 -    39 ┃ 311.297 ±  0.098        ( 38.1s) ┃-164.682 ±   0.08        (13.1mi) ┃Vegas input parameters:
  ndim 7
  ncomp 1
  nvec 1
  epsrel 0
  epsabs 0
  flags 10
  seed 123456
  mineval 10000000
  maxeval 10000000
  nstart 1000000
  nincrease 1000000
  nbatch 5000
  gridno 0
  statefile ""

Iteration 1:  1000000 integrand evaluations so far
[1] 182.588 +- 4.50291  	chisq 0 (0 df)

Iteration 2:  3000000 integrand evaluations so far
[1] 176.108 +- 1.19824  	chisq 2.22898 (1 df)

Iteration 3:  6000000 integrand evaluations so far
[1] 177.665 +- 0.789523  	chisq 5.2156 (2 df)

Iteration 4:  10000000 integrand evaluations so far
[1] 177.983 +- 0.588793  	chisq 5.57894 (3 df)
  177.98 ±   0.59        ( 40.6s) ┃   324.6 ±    0.6        (14.5mi) ┃
┃   46 -    48 ┃   39 -    40 ┃  310.64 ±   0.31        (1.35mi) ┃-164.046 ±  0.048        (47.1mi) ┃Vegas input parameters:
  ndim 7
  ncomp 1
  nvec 1
  epsrel 0
  epsabs 0
  flags 10
  seed 123456
  mineval 10000000
  maxeval 10000000
  nstart 1000000
  nincrease 1000000
  nbatch 5000
  gridno 0
  statefile ""

Iteration 1:  1000000 integrand evaluations so far
[1] 175.683 +- 4.34812  	chisq 0 (0 df)

Iteration 2:  3000000 integrand evaluations so far
[1] 172.662 +- 1.17343  	chisq 0.520835 (1 df)

Iteration 3:  6000000 integrand evaluations so far
[1] 173.431 +- 0.75236  	chisq 1.25052 (2 df)

Iteration 4:  10000000 integrand evaluations so far
[1] 173.842 +- 0.588189  	chisq 2.01878 (3 df)
  173.84 ±   0.59        ( 39.2s) ┃  320.44 ±   0.66        (49.1mi) ┃
┃   46 -    48 ┃   40 -    41 ┃  273.09 ±   0.21        (1.08mi) ┃ -145.13 ±   0.12        (6.41mi) ┃Vegas input parameters:
  ndim 7
  ncomp 1
  nvec 1
  epsrel 0
  epsabs 0
  flags 10
  seed 123456
  mineval 10000000
  maxeval 10000000
  nstart 1000000
  nincrease 1000000
  nbatch 5000
  gridno 0
  statefile ""

Iteration 1:  1000000 integrand evaluations so far
[1] 163.285 +- 4.15152  	chisq 0 (0 df)

Iteration 2:  3000000 integrand evaluations so far
[1] 167.419 +- 1.15  	chisq 1.0739 (1 df)

Iteration 3:  6000000 integrand evaluations so far
[1] 167.657 +- 0.715562  	chisq 1.14399 (2 df)

Iteration 4:  10000000 integrand evaluations so far
[1] 168.372 +- 0.552254  	chisq 3.60898 (3 df)
  168.37 ±   0.55        ( 39.8s) ┃  296.33 ±   0.61        (8.16mi) ┃
┃   46 -    48 ┃   41 -    42 ┃  332.89 ±    0.1        (1.05mi) ┃-176.025 ±   0.07        (5.24mi) ┃Vegas input parameters:
  ndim 7
  ncomp 1
  nvec 1
  epsrel 0
  epsabs 0
  flags 10
  seed 123456
  mineval 10000000
  maxeval 10000000
  nstart 1000000
  nincrease 1000000
  nbatch 5000
  gridno 0
  statefile ""

Iteration 1:  1000000 integrand evaluations so far
[1] 159.403 +- 4.11248  	chisq 0 (0 df)

Iteration 2:  3000000 integrand evaluations so far
[1] 164.072 +- 1.14351  	chisq 1.39707 (1 df)

Iteration 3:  6000000 integrand evaluations so far
[1] 164.496 +- 0.704027  	chisq 1.61797 (2 df)

Iteration 4:  10000000 integrand evaluations so far
[1] 164.243 +- 0.517622  	chisq 1.8996 (3 df)
  164.24 ±   0.52        ( 39.9s) ┃   321.1 ±   0.53        (6.95mi) ┃
┃   46 -    48 ┃   42 -    43 ┃ 262.638 ±  0.066        (2.08mi) ┃-139.148 ±  0.052        (  23mi) ┃Vegas input parameters:
  ndim 7
  ncomp 1
  nvec 1
  epsrel 0
  epsabs 0
  flags 10
  seed 123456
  mineval 10000000
  maxeval 10000000
  nstart 1000000
  nincrease 1000000
  nbatch 5000
  gridno 0
  statefile ""

Iteration 1:  1000000 integrand evaluations so far
[1] 157.453 +- 4.08158  	chisq 0 (0 df)

Iteration 2:  3000000 integrand evaluations so far
[1] 159.464 +- 1.09814  	chisq 0.261525 (1 df)

Iteration 3:  6000000 integrand evaluations so far
[1] 159.483 +- 0.711194  	chisq 0.262062 (2 df)

Iteration 4:  10000000 integrand evaluations so far
[1] 159.146 +- 0.525455  	chisq 0.756739 (3 df)
  159.15 ±   0.53        ( 38.9s) ┃  282.64 ±   0.53        (25.7mi) ┃
┃   46 -    48 ┃   43 -    44 ┃  281.45 ±   0.11        (2.09mi) ┃-149.268 ±  0.072        (25.2mi) ┃Vegas input parameters:
  ndim 7
  ncomp 1
  nvec 1
  epsrel 0
  epsabs 0
  flags 10
  seed 123456
  mineval 10000000
  maxeval 10000000
  nstart 1000000
  nincrease 1000000
  nbatch 5000
  gridno 0
  statefile ""

Iteration 1:  1000000 integrand evaluations so far
[1] 156.377 +- 4.06072  	chisq 0 (0 df)

Iteration 2:  3000000 integrand evaluations so far
[1] 155.921 +- 1.08586  	chisq 0.0135729 (1 df)

Iteration 3:  6000000 integrand evaluations so far
[1] 155.766 +- 0.671075  	chisq 0.0465321 (2 df)

Iteration 4:  10000000 integrand evaluations so far
[1] 155.903 +- 0.511052  	chisq 0.146132 (3 df)
   155.9 ±   0.51        ( 39.2s) ┃  288.09 ±   0.53        (27.9mi) ┃
┃   46 -    48 ┃   44 -    45 ┃  286.71 ±   0.18        (1.05mi) ┃ -151.26 ±   0.13        (11.8mi) ┃Vegas input parameters:
  ndim 7
  ncomp 1
  nvec 1
  epsrel 0
  epsabs 0
  flags 10
  seed 123456
  mineval 10000000
  maxeval 10000000
  nstart 1000000
  nincrease 1000000
  nbatch 5000
  gridno 0
  statefile ""

Iteration 1:  1000000 integrand evaluations so far
[1] 150.839 +- 3.97232  	chisq 0 (0 df)

Iteration 2:  3000000 integrand evaluations so far
[1] 152.554 +- 1.06056  	chisq 0.200502 (1 df)

Iteration 3:  6000000 integrand evaluations so far
[1] 152.126 +- 0.655944  	chisq 0.464293 (2 df)

Iteration 4:  10000000 integrand evaluations so far
[1] 152.667 +- 0.495606  	chisq 2.05312 (3 df)
  152.67 ±    0.5        (   39s) ┃  288.12 ±   0.54        (13.5mi) ┃
┃   46 -    48 ┃   45 -    46 ┃   248.2 ±   0.21        (2.07mi) ┃-131.838 ±  0.055        (23.1mi) ┃Vegas input parameters:
  ndim 7
  ncomp 1
  nvec 1
  epsrel 0
  epsabs 0
  flags 10
  seed 123456
  mineval 10000000
  maxeval 10000000
  nstart 1000000
  nincrease 1000000
  nbatch 5000
  gridno 0
  statefile ""

Iteration 1:  1000000 integrand evaluations so far
[1] 152.52 +- 3.98445  	chisq 0 (0 df)

Iteration 2:  3000000 integrand evaluations so far
[1] 150.498 +- 1.04479  	chisq 0.276618 (1 df)

Iteration 3:  6000000 integrand evaluations so far
[1] 149.701 +- 0.649348  	chisq 1.22587 (2 df)

Iteration 4:  10000000 integrand evaluations so far
[1] 149.116 +- 0.482412  	chisq 3.03519 (3 df)
  149.12 ±   0.48        ( 39.1s) ┃  265.47 ±   0.53        (25.8mi) ┃
┃   46 -    48 ┃   46 -    47 ┃  276.21 ±   0.24        (1.44mi) ┃-146.001 ±  0.063        (20.7mi) ┃Vegas input parameters:
  ndim 7
  ncomp 1
  nvec 1
  epsrel 0
  epsabs 0
  flags 10
  seed 123456
  mineval 10000000
  maxeval 10000000
  nstart 1000000
  nincrease 1000000
  nbatch 5000
  gridno 0
  statefile ""

Iteration 1:  1000000 integrand evaluations so far
[1] 146.819 +- 3.9022  	chisq 0 (0 df)

Iteration 2:  3000000 integrand evaluations so far
[1] 146.742 +- 1.12039  	chisq 0.000426686 (1 df)

Iteration 3:  6000000 integrand evaluations so far
[1] 146.35 +- 0.678831  	chisq 0.193467 (2 df)

Iteration 4:  10000000 integrand evaluations so far
[1] 146.425 +- 0.488918  	chisq 0.218901 (3 df)
  146.43 ±   0.49        ( 35.6s) ┃  276.63 ±   0.55        (22.8mi) ┃
┃   46 -    48 ┃   47 -    48 ┃  252.97 ±    0.2        ( 47.8s) ┃ -133.23 ±   0.12        (9.99mi) ┃Vegas input parameters:
  ndim 7
  ncomp 1
  nvec 1
  epsrel 0
  epsabs 0
  flags 10
  seed 123456
  mineval 10000000
  maxeval 10000000
  nstart 1000000
  nincrease 1000000
  nbatch 5000
  gridno 0
  statefile ""

Iteration 1:  1000000 integrand evaluations so far
[1] 144.76 +- 3.84051  	chisq 0 (0 df)

Iteration 2:  3000000 integrand evaluations so far
[1] 145.524 +- 1.01977  	chisq 0.0425687 (1 df)

Iteration 3:  6000000 integrand evaluations so far
[1] 145.039 +- 0.629249  	chisq 0.40755 (2 df)

Iteration 4:  10000000 integrand evaluations so far
[1] 144.458 +- 0.472866  	chisq 2.36844 (3 df)
  144.46 ±   0.47        ( 39.3s) ┃   264.2 ±   0.53        (11.4mi) ┃
┃   46 -    48 ┃   48 -    49 ┃  265.05 ±   0.11        (3.57mi) ┃-142.231 ±  0.093        ( 22.2s) ┃Vegas input parameters:
  ndim 7
  ncomp 1
  nvec 1
  epsrel 0
  epsabs 0
  flags 10
  seed 123456
  mineval 10000000
  maxeval 10000000
  nstart 1000000
  nincrease 1000000
  nbatch 5000
  gridno 0
  statefile ""

Iteration 1:  1000000 integrand evaluations so far
[1] 135.261 +- 3.71215  	chisq 0 (0 df)

Iteration 2:  3000000 integrand evaluations so far
[1] 143.295 +- 0.991255  	chisq 5.04367 (1 df)

Iteration 3:  6000000 integrand evaluations so far
[1] 142.809 +- 0.669746  	chisq 5.48551 (2 df)

Iteration 4:  10000000 integrand evaluations so far
[1] 143.226 +- 0.496833  	chisq 6.34472 (3 df)
  143.23 ±    0.5        ( 39.5s) ┃  266.04 ±   0.52        (4.59mi) ┃
┃   46 -    48 ┃   49 -    50 ┃  242.05 ±   0.16        (1.86mi) ┃-127.729 ±  0.096        (6.24mi) ┃Vegas input parameters:
  ndim 7
  ncomp 1
  nvec 1
  epsrel 0
  epsabs 0
  flags 10
  seed 123456
  mineval 10000000
  maxeval 10000000
  nstart 1000000
  nincrease 1000000
  nbatch 5000
  gridno 0
  statefile ""

Iteration 1:  1000000 integrand evaluations so far
[1] 144.46 +- 3.87587  	chisq 0 (0 df)

Iteration 2:  3000000 integrand evaluations so far
[1] 141.054 +- 0.996119  	chisq 0.826814 (1 df)

Iteration 3:  6000000 integrand evaluations so far
[1] 140.896 +- 0.617892  	chisq 0.868023 (2 df)

Iteration 4:  10000000 integrand evaluations so far
[1] 141.139 +- 0.45943  	chisq 1.2138 (3 df)
  141.14 ±   0.46        ( 32.5s) ┃  255.46 ±    0.5        (8.64mi) ┃
┃   46 -    48 ┃   50 -    51 ┃ 221.013 ±   0.05        (3.27mi) ┃ -118.58 ±   0.11        (   34s) ┃Vegas input parameters:
  ndim 7
  ncomp 1
  nvec 1
  epsrel 0
  epsabs 0
  flags 10
  seed 123456
  mineval 10000000
  maxeval 10000000
  nstart 1000000
  nincrease 1000000
  nbatch 5000
  gridno 0
  statefile ""

Iteration 1:  1000000 integrand evaluations so far
[1] 144.294 +- 3.8652  	chisq 0 (0 df)

Iteration 2:  3000000 integrand evaluations so far
[1] 140.409 +- 0.977691  	chisq 1.07925 (1 df)

Iteration 3:  6000000 integrand evaluations so far
[1] 139.375 +- 0.605781  	chisq 2.89626 (2 df)

Iteration 4:  10000000 integrand evaluations so far
[1] 139.53 +- 0.459913  	chisq 3.05119 (3 df)
  139.53 ±   0.46        ( 31.3s) ┃  241.96 ±   0.48        (4.36mi) ┃
┃   46 -    48 ┃   51 -    52 ┃ 266.781 ±  0.085        (3.18mi) ┃ -140.73 ±   0.12        (19.5mi) ┃Vegas input parameters:
  ndim 7
  ncomp 1
  nvec 1
  epsrel 0
  epsabs 0
  flags 10
  seed 123456
  mineval 10000000
  maxeval 10000000
  nstart 1000000
  nincrease 1000000
  nbatch 5000
  gridno 0
  statefile ""

Iteration 1:  1000000 integrand evaluations so far
[1] 135.121 +- 3.7423  	chisq 0 (0 df)

Iteration 2:  3000000 integrand evaluations so far
[1] 136.894 +- 0.97006  	chisq 0.240569 (1 df)

Iteration 3:  6000000 integrand evaluations so far
[1] 136.787 +- 0.597925  	chisq 0.260338 (2 df)

Iteration 4:  10000000 integrand evaluations so far
[1] 137.408 +- 0.462906  	chisq 2.95702 (3 df)
  137.41 ±   0.46        (   39s) ┃  263.46 ±   0.49        (23.3mi) ┃
┃   46 -    48 ┃   52 -    53 ┃ 216.849 ±  0.035        (3.78mi) ┃-114.833 ±  0.052        (5.47mi) ┃Vegas input parameters:
  ndim 7
  ncomp 1
  nvec 1
  epsrel 0
  epsabs 0
  flags 10
  seed 123456
  mineval 10000000
  maxeval 10000000
  nstart 1000000
  nincrease 1000000
  nbatch 5000
  gridno 0
  statefile ""

Iteration 1:  1000000 integrand evaluations so far
[1] 131.199 +- 3.67492  	chisq 0 (0 df)

Iteration 2:  3000000 integrand evaluations so far
[1] 135.769 +- 0.972605  	chisq 1.6629 (1 df)

Iteration 3:  6000000 integrand evaluations so far
[1] 135.237 +- 0.597295  	chisq 2.14413 (2 df)

Iteration 4:  10000000 integrand evaluations so far
[1] 135.584 +- 0.445679  	chisq 2.90833 (3 df)
  135.58 ±   0.45        ( 39.2s) ┃   237.6 ±   0.45        ( 9.9mi) ┃
┃   46 -    48 ┃   53 -    54 ┃  231.42 ±   0.18        (2.04mi) ┃-122.808 ±  0.024        (6.07mi) ┃Vegas input parameters:
  ndim 7
  ncomp 1
  nvec 1
  epsrel 0
  epsabs 0
  flags 10
  seed 123456
  mineval 10000000
  maxeval 10000000
  nstart 1000000
  nincrease 1000000
  nbatch 5000
  gridno 0
  statefile ""

Iteration 1:  1000000 integrand evaluations so far
[1] 135.358 +- 3.73831  	chisq 0 (0 df)

Iteration 2:  3000000 integrand evaluations so far
[1] 135.138 +- 0.96014  	chisq 0.0037053 (1 df)

Iteration 3:  6000000 integrand evaluations so far
[1] 134.816 +- 0.598508  	chisq 0.187013 (2 df)

Iteration 4:  10000000 integrand evaluations so far
[1] 134.414 +- 0.440863  	chisq 1.17546 (3 df)
  134.41 ±   0.44        ( 39.1s) ┃  243.03 ±   0.48        (8.76mi) ┃
┃   46 -    48 ┃   54 -    55 ┃ 212.442 ±  0.019        (3.49mi) ┃-111.865 ±  0.019        (22.5mi) ┃Vegas input parameters:
  ndim 7
  ncomp 1
  nvec 1
  epsrel 0
  epsabs 0
  flags 10
  seed 123456
  mineval 10000000
  maxeval 10000000
  nstart 1000000
  nincrease 1000000
  nbatch 5000
  gridno 0
  statefile ""

Iteration 1:  1000000 integrand evaluations so far
[1] 134.068 +- 3.75227  	chisq 0 (0 df)

Iteration 2:  3000000 integrand evaluations so far
[1] 133.796 +- 0.951391  	chisq 0.00561263 (1 df)

Iteration 3:  6000000 integrand evaluations so far
[1] 134.226 +- 0.600416  	chisq 0.345175 (2 df)

Iteration 4:  10000000 integrand evaluations so far
[1] 133.727 +- 0.453222  	chisq 1.95513 (3 df)
  133.73 ±   0.45        ( 39.3s) ┃   234.3 ±   0.45        (26.6mi) ┃
┃   46 -    48 ┃   55 -    56 ┃ 224.162 ±  0.047        (3.53mi) ┃-118.447 ±  0.062        (5.99mi) ┃Vegas input parameters:
  ndim 7
  ncomp 1
  nvec 1
  epsrel 0
  epsabs 0
  flags 10
  seed 123456
  mineval 10000000
  maxeval 10000000
  nstart 1000000
  nincrease 1000000
  nbatch 5000
  gridno 0
  statefile ""

Iteration 1:  1000000 integrand evaluations so far
[1] 128.933 +- 3.66592  	chisq 0 (0 df)

Iteration 2:  3000000 integrand evaluations so far
[1] 132.51 +- 0.931446  	chisq 1.01813 (1 df)

Iteration 3:  6000000 integrand evaluations so far
[1] 133.247 +- 0.605561  	chisq 2.1012 (2 df)

Iteration 4:  10000000 integrand evaluations so far
[1] 132.436 +- 0.449249  	chisq 6.08791 (3 df)
  132.44 ±   0.45        ( 38.9s) ┃  238.15 ±   0.46        (10.2mi) ┃
┃   46 -    48 ┃   56 -    57 ┃  222.88 ±   0.21        ( 1.9mi) ┃-117.377 ±  0.082        (11.1mi) ┃Vegas input parameters:
  ndim 7
  ncomp 1
  nvec 1
  epsrel 0
  epsabs 0
  flags 10
  seed 123456
  mineval 10000000
  maxeval 10000000
  nstart 1000000
  nincrease 1000000
  nbatch 5000
  gridno 0
  statefile ""

Iteration 1:  1000000 integrand evaluations so far
[1] 130.373 +- 3.71543  	chisq 0 (0 df)

Iteration 2:  3000000 integrand evaluations so far
[1] 131.463 +- 0.938493  	chisq 0.0919893 (1 df)

Iteration 3:  6000000 integrand evaluations so far
[1] 130.936 +- 0.578188  	chisq 0.600913 (2 df)

Iteration 4:  10000000 integrand evaluations so far
[1] 130.574 +- 0.438691  	chisq 1.52248 (3 df)
  130.57 ±   0.44        ( 39.3s) ┃  236.08 ±   0.49        (13.7mi) ┃
┃   46 -    48 ┃   57 -    58 ┃ 193.007 ±  0.083        ( 1.9mi) ┃ -101.89 ±    0.1        (11.1mi) ┃Vegas input parameters:
  ndim 7
  ncomp 1
  nvec 1
  epsrel 0
  epsabs 0
  flags 10
  seed 123456
  mineval 10000000
  maxeval 10000000
  nstart 1000000
  nincrease 1000000
  nbatch 5000
  gridno 0
  statefile ""

Iteration 1:  1000000 integrand evaluations so far
[1] 136.739 +- 3.85867  	chisq 0 (0 df)

Iteration 2:  3000000 integrand evaluations so far
[1] 129.298 +- 0.920155  	chisq 3.94361 (1 df)

Iteration 3:  6000000 integrand evaluations so far
[1] 129.924 +- 0.601143  	chisq 4.75118 (2 df)

Iteration 4:  10000000 integrand evaluations so far
[1] 129.491 +- 0.444543  	chisq 5.89638 (3 df)
  129.49 ±   0.44        ( 35.3s) ┃  220.61 ±   0.46        (13.6mi) ┃
┃   46 -    48 ┃   58 -    59 ┃ 211.405 ± 0.0066        (3.24mi) ┃-111.308 ±  0.034        (19.7mi) ┃Vegas input parameters:
  ndim 7
  ncomp 1
  nvec 1
  epsrel 0
  epsabs 0
  flags 10
  seed 123456
  mineval 10000000
  maxeval 10000000
  nstart 1000000
  nincrease 1000000
  nbatch 5000
  gridno 0
  statefile ""

Iteration 1:  1000000 integrand evaluations so far
[1] 131.287 +- 3.76791  	chisq 0 (0 df)

Iteration 2:  3000000 integrand evaluations so far
[1] 129.744 +- 0.926787  	chisq 0.178437 (1 df)

Iteration 3:  6000000 integrand evaluations so far
[1] 130.106 +- 0.574419  	chisq 0.42641 (2 df)

Iteration 4:  10000000 integrand evaluations so far
[1] 129.196 +- 0.425094  	chisq 5.97387 (3 df)
   129.2 ±   0.43        (   39s) ┃  229.29 ±   0.43        (23.5mi) ┃
┃   46 -    48 ┃   59 -    60 ┃ 190.706 ±  0.071        (6.89mi) ┃-100.584 ±  0.018        (18.2mi) ┃Vegas input parameters:
  ndim 7
  ncomp 1
  nvec 1
  epsrel 0
  epsabs 0
  flags 10
  seed 123456
  mineval 10000000
  maxeval 10000000
  nstart 1000000
  nincrease 1000000
  nbatch 5000
  gridno 0
  statefile ""

Iteration 1:  1000000 integrand evaluations so far
[1] 121.486 +- 3.61603  	chisq 0 (0 df)

Iteration 2:  3000000 integrand evaluations so far
[1] 126.483 +- 0.912925  	chisq 2.03978 (1 df)

Iteration 3:  6000000 integrand evaluations so far
[1] 127.542 +- 0.575464  	chisq 4.27272 (2 df)

Iteration 4:  10000000 integrand evaluations so far
[1] 127.801 +- 0.423548  	chisq 4.71595 (3 df)
   127.8 ±   0.42        ( 36.8s) ┃  217.92 ±   0.43        (25.7mi) ┃
┣━━━━━━━━━━━━━━╋━━━━━━━━━━━━━━╋━━━━━━━━━━━━━━━━━━━━━━━━━━━━━━━━━━╋━━━━━━━━━━━━━━━━━━━━━━━━━━━━━━━━━━╋━━━━━━━━━━━━━━━━━━━━━━━━━━━━━━━━━━╋━━━━━━━━━━━━━━━━━━━━━━━━━━━━━━━━━━┫
┃   44 -    48 ┃   25 -    60 ┃ 22.5421 ± 0.0018 ·10⁺⁰³ (2.36hr) ┃-12.0232 ± 0.00087 ·10⁺⁰³ (18.9hr) ┃ 13.6602 ± 0.0052 ·10⁺⁰³ (46.5mi) ┃ 24.1791 ± 0.0056 ·10⁺⁰³ (  22hr) ┃
┗━━━━━━━━━━━━━━┻━━━━━━━━━━━━━━┻━━━━━━━━━━━━━━━━━━━━━━━━━━━━━━━━━━┻━━━━━━━━━━━━━━━━━━━━━━━━━━━━━━━━━━┻━━━━━━━━━━━━━━━━━━━━━━━━━━━━━━━━━━┻━━━━━━━━━━━━━━━━━━━━━━━━━━━━━━━━━━┛

╍╍╍╍╍╍╍╍╍╍╍╍╍╍╍╍╍╍╍╍╍╍╍╍╍╍╍╍╍╍╍╍ Summary ╍╍╍╍╍╍╍╍╍╍╍╍╍╍╍╍╍╍╍╍╍╍╍╍╍╍╍╍╍╍╍
      Total cross section                    24.1791 ± 0.0056          pb
         Calculation time                                 22       hours
              Output file                    outputs/qt_qt44_48_NLL_muR2.0_muF2.0.root            
      Result in text file                    outputs/qt_qt44_48_NLL_muR2.0_muF2.0.txt            

╍╍╍╍╍╍╍╍╍╍╍╍╍╍╍╍╍╍╍╍╍╍╍╍╍╍╍╍╍╍╍╍╍╍╍╍╍╍╍╍╍╍╍╍╍╍╍╍╍╍╍╍╍╍╍╍╍╍╍╍╍╍╍╍╍╍╍╍╍╍╍╍

