
╍╍╍╍╍╍╍╍╍╍╍╍╍╍╍╍╍╍╍╍╍╍╍╍╍╍╍ Process settings ╍╍╍╍╍╍╍╍╍╍╍╍╍╍╍╍╍╍╍╍╍╍╍╍╍╍╍
   proton-proton collisions at sqrt(s) = 13000 GeV 
   Computing NLO+NLL resummed cross section
   W+ ->  nu(p3)+e+(p4) production 

╍╍╍╍╍╍╍╍╍╍╍╍╍╍╍╍╍╍╍╍╍╍╍╍╍╍╍╍╍╍ CKM matrix ╍╍╍╍╍╍╍╍╍╍╍╍╍╍╍╍╍╍╍╍╍╍╍╍╍╍╍╍╍╍
     | Vud Vus Vub |   |   0.97427   0.2253  0.00351 | 
     | Vcd Vcs Vcb | = |    0.2252  0.97344   0.0412 | 
     | Vtd Vts Vtb |   |         0        0        0 | 

╍╍╍╍╍╍╍╍╍╍╍╍╍╍╍╍╍╍╍╍╍╍╍╍╍╍╍╍╍ EW parameters ╍╍╍╍╍╍╍╍╍╍╍╍╍╍╍╍╍╍╍╍╍╍╍╍╍╍╍╍
                                         Gf =  1.1663787e-05      GeV^-2
                                    1/alpha =  132.233229791            
                                 sin(thW)^2 = 0.222897222524            
                                     W mass =         80.385         GeV
                                     Z mass =        91.1876         GeV
                                    W width =          2.091         GeV
                                    Z width =          2.495         GeV

╍╍╍╍╍╍╍╍╍╍╍╍╍╍╍╍╍╍╍╍╍╍╍╍╍╍╍╍╍ QCD settings ╍╍╍╍╍╍╍╍╍╍╍╍╍╍╍╍╍╍╍╍╍╍╍╍╍╍╍╍╍
   Renormalization scale:     dynamic muren =            0.5      * m_ll
     Factorization scale:     dynamic mufac =            0.5      * m_ll
       Resummation scale:     dynamic mures =              1      * m_ll
          Strong coupling       alpha_s(MZ) =       0.118001            
                              running order =              2       -loop
         Non-perturbative     form factor g =            0.7       GeV^2

╍╍╍╍╍╍╍╍╍╍╍╍╍╍╍╍╍╍╍╍╍╍╍╍╍╍╍╍╍ PDF settings ╍╍╍╍╍╍╍╍╍╍╍╍╍╍╍╍╍╍╍╍╍╍╍╍╍╍╍╍╍
                                     PDF set:MSHT20nnlo_as118            
                                  PDF member:              0            
  Mellin moments of PDFs:                    Numerical integration            
                         nodes for the quadrature:            200            
                         Intervals for the quadrature:              1            

╍╍╍╍╍╍╍╍╍╍╍╍╍╍╍╍╍╍╍╍╍╍╍╍╍╍╍╍╍╍╍ qT recoil ╍╍╍╍╍╍╍╍╍╍╍╍╍╍╍╍╍╍╍╍╍╍╍╍╍╍╍╍╍╍
  qt-recoil prescription:       Collins-Soper kt1 = p_V(x)/2; kt2 = p_V(y)/2            

╍╍╍╍╍╍╍╍╍╍╍╍╍╍╍╍╍╍╍╍╍╍╍╍╍╍╍╍╍╍╍╍╍ Cuts ╍╍╍╍╍╍╍╍╍╍╍╍╍╍╍╍╍╍╍╍╍╍╍╍╍╍╍╍╍╍╍╍╍
                                  apply cuts:           true            
                                      pt_l >               0            
                                   |eta_l| <            1000            
                                    pt_lep >              25            
                                 |eta_lep| <             2.4            
                                   pt_alep >              25            
                                |eta_alep| <             2.4            
                                  user cuts:            true            

╍╍╍╍╍╍╍╍╍╍╍╍╍╍╍╍╍╍╍╍╍╍╍╍╍╍╍╍ ResummationDamp ╍╍╍╍╍╍╍╍╍╍╍╍╍╍╍╍╍╍╍╍╍╍╍╍╍╍╍
                                    damping :             on            
                                damping mode:              1            
                                  damp above:        60.2888         GeV
                               damping width:        20.0963         GeV
                          resummation cutoff:             20         MeV

╍╍╍╍╍╍╍╍╍╍╍╍╍╍╍╍╍╍╍╍╍╍╍╍╍╍╍╍ Debug settings ╍╍╍╍╍╍╍╍╍╍╍╍╍╍╍╍╍╍╍╍╍╍╍╍╍╍╍╍
                                 timeprofile:          false            
                                     verbose:          false            
                               cubaverbosity:              2            

╍╍╍╍╍╍╍╍╍╍╍╍╍╍╍╍╍╍╍╍╍╍╍╍╍╍╍╍╍╍╍╍╍╍╍╍╍╍╍╍╍╍╍╍╍╍╍╍╍╍╍╍╍╍╍╍╍╍╍╍╍╍╍╍╍╍╍╍╍╍╍╍

Warning: Histogram `a1_qt` contains non-integrable observable and will be deleted 
Warning: Histogram `a1_qt_vs_y` contains non-integrable observable and will be deleted 
Warning: Histogram `s_biganswer` contains non-integrable observable and will be deleted 
Warning: Histogram `wgt_a1_qt` contains non-integrable observable and will be deleted 

╍╍╍╍╍╍╍╍╍╍╍╍╍╍╍╍╍╍╍╍╍╍╍╍╍ Integration settings ╍╍╍╍╍╍╍╍╍╍╍╍╍╍╍╍╍╍╍╍╍╍╍╍╍
             Random seeds              123456                           
           Parallel cores                   1                           

             Resummation:     cuhre (dm, dpt)         iter =           5
                                   gauss (dy)        nodes =          64
                                                 intervals =           1
            Counter term:      cuhre (dm, dy)         iter =           5
                                  gauss (dpt)        nodes =          20
                                                 intervals =           5
                     V+J:            vegas 7D       ncalls =    10000000

Mellin inverse transform:           gaussian         nodes =          30
                                                 intervals =           1
                               imaginary axis         zmax =           2
  Angular variable costh:     semi-analytical      ncstart =         100
   Angular variables phi:            gaussian    intervals =          20

      Constant boundaries                  q2          low =          80
                                                      high =         100
                                            y          low =          -6
                                                      high =           6
                                        costh          low =          -1
                                                      high =           1
                                       eta(l)          low =         -10
                                                      high =          10

┏━━━━━━━━━━━━━━┰━━━━━━━━━━━━━━┰━━━━━━━━━━━━━━━━━━━━━━━━━━━━━━━━━━┰━━━━━━━━━━━━━━━━━━━━━━━━━━━━━━━━━━┰━━━━━━━━━━━━━━━━━━━━━━━━━━━━━━━━━━┰━━━━━━━━━━━━━━━━━━━━━━━━━━━━━━━━━━┓
┃           qT ┃        pT(l) ┃                      Resummation ┃                     Counter term ┃                              V+J ┃                            TOTAL ┃
┣━━━━━━━━━━━━━━╋━━━━━━━━━━━━━━╋━━━━━━━━━━━━━━━━━━━━━━━━━━━━━━━━━━╋━━━━━━━━━━━━━━━━━━━━━━━━━━━━━━━━━━╋━━━━━━━━━━━━━━━━━━━━━━━━━━━━━━━━━━╋━━━━━━━━━━━━━━━━━━━━━━━━━━━━━━━━━━┫
┃   96 -    98 ┃   25 -    26 ┃ 1.06698 ± 0.00026        (7.28mi) ┃-0.79705 ± 0.00028        (1.04hr) ┃Vegas input parameters:
  ndim 7
  ncomp 1
  nvec 1
  epsrel 0
  epsabs 0
  flags 10
  seed 123456
  mineval 10000000
  maxeval 10000000
  nstart 1000000
  nincrease 1000000
  nbatch 5000
  gridno 0
  statefile ""

Iteration 1:  1000000 integrand evaluations so far
[1] 29.0456 +- 0.847504  	chisq 0 (0 df)

Iteration 2:  3000000 integrand evaluations so far
[1] 28.6768 +- 0.237439  	chisq 0.205443 (1 df)

Iteration 3:  6000000 integrand evaluations so far
[1] 28.6128 +- 0.15495  	chisq 0.332143 (2 df)

Iteration 4:  10000000 integrand evaluations so far
[1] 28.5322 +- 0.118704  	chisq 0.986146 (3 df)
   28.53 ±   0.12        ( 30.4s) ┃    28.8 ±   0.12        (1.17hr) ┃
┃   96 -    98 ┃   26 -    27 ┃ 1.09835 ± 0.00086        (1.48mi) ┃-0.81056 ± 0.00054        (15.1mi) ┃Vegas input parameters:
  ndim 7
  ncomp 1
  nvec 1
  epsrel 0
  epsabs 0
  flags 10
  seed 123456
  mineval 10000000
  maxeval 10000000
  nstart 1000000
  nincrease 1000000
  nbatch 5000
  gridno 0
  statefile ""

Iteration 1:  1000000 integrand evaluations so far
[1] 27.9134 +- 0.818102  	chisq 0 (0 df)

Iteration 2:  3000000 integrand evaluations so far
[1] 27.6704 +- 0.231005  	chisq 0.0958397 (1 df)

Iteration 3:  6000000 integrand evaluations so far
[1] 27.8964 +- 0.161164  	chisq 1.96048 (2 df)

Iteration 4:  10000000 integrand evaluations so far
[1] 27.866 +- 0.122837  	chisq 2.04521 (3 df)
   27.87 ±   0.12        ( 30.9s) ┃   28.15 ±   0.12        (17.1mi) ┃
┃   96 -    98 ┃   27 -    28 ┃  0.7365 ± 0.00022        (6.55mi) ┃-0.54344 ± 0.00046        (15.6mi) ┃Vegas input parameters:
  ndim 7
  ncomp 1
  nvec 1
  epsrel 0
  epsabs 0
  flags 10
  seed 123456
  mineval 10000000
  maxeval 10000000
  nstart 1000000
  nincrease 1000000
  nbatch 5000
  gridno 0
  statefile ""

Iteration 1:  1000000 integrand evaluations so far
[1] 27.7258 +- 0.806049  	chisq 0 (0 df)

Iteration 2:  3000000 integrand evaluations so far
[1] 27.1893 +- 0.228131  	chisq 0.481565 (1 df)

Iteration 3:  6000000 integrand evaluations so far
[1] 27.2934 +- 0.141424  	chisq 0.819766 (2 df)

Iteration 4:  10000000 integrand evaluations so far
[1] 27.2596 +- 0.106703  	chisq 0.95246 (3 df)
   27.26 ±   0.11        ( 30.4s) ┃   27.45 ±   0.11        (22.7mi) ┃
┃   96 -    98 ┃   28 -    29 ┃ 1.32427 ± 0.00085        (3.52mi) ┃-0.98541 ± 0.00087        (13.6mi) ┃Vegas input parameters:
  ndim 7
  ncomp 1
  nvec 1
  epsrel 0
  epsabs 0
  flags 10
  seed 123456
  mineval 10000000
  maxeval 10000000
  nstart 1000000
  nincrease 1000000
  nbatch 5000
  gridno 0
  statefile ""

Iteration 1:  1000000 integrand evaluations so far
[1] 26.2263 +- 0.783375  	chisq 0 (0 df)

Iteration 2:  3000000 integrand evaluations so far
[1] 26.9455 +- 0.225278  	chisq 0.918949 (1 df)

Iteration 3:  6000000 integrand evaluations so far
[1] 26.833 +- 0.156343  	chisq 1.40057 (2 df)

Iteration 4:  10000000 integrand evaluations so far
[1] 26.7019 +- 0.11517  	chisq 2.9362 (3 df)
    26.7 ±   0.12        ( 30.9s) ┃   27.04 ±   0.12        (17.7mi) ┃
┃   96 -    98 ┃   29 -    30 ┃ 1.06881 ± 0.00073        (7.26mi) ┃ -0.7983 ± 0.00059        (  12mi) ┃Vegas input parameters:
  ndim 7
  ncomp 1
  nvec 1
  epsrel 0
  epsabs 0
  flags 10
  seed 123456
  mineval 10000000
  maxeval 10000000
  nstart 1000000
  nincrease 1000000
  nbatch 5000
  gridno 0
  statefile ""

Iteration 1:  1000000 integrand evaluations so far
[1] 27.7667 +- 0.806845  	chisq 0 (0 df)

Iteration 2:  3000000 integrand evaluations so far
[1] 25.8599 +- 0.218454  	chisq 6.02666 (1 df)

Iteration 3:  6000000 integrand evaluations so far
[1] 26.0483 +- 0.150888  	chisq 7.44933 (2 df)

Iteration 4:  10000000 integrand evaluations so far
[1] 26.1082 +- 0.112231  	chisq 7.80251 (3 df)
   26.11 ±   0.11        ( 29.1s) ┃   26.38 ±   0.11        (19.8mi) ┃
┃   96 -    98 ┃   30 -    31 ┃ 1.16036 ± 9.5e-05        (3.85mi) ┃-0.85176 ± 0.00037        (29.4mi) ┃Vegas input parameters:
  ndim 7
  ncomp 1
  nvec 1
  epsrel 0
  epsabs 0
  flags 10
  seed 123456
  mineval 10000000
  maxeval 10000000
  nstart 1000000
  nincrease 1000000
  nbatch 5000
  gridno 0
  statefile ""

Iteration 1:  1000000 integrand evaluations so far
[1] 26.2845 +- 0.772622  	chisq 0 (0 df)

Iteration 2:  3000000 integrand evaluations so far
[1] 25.522 +- 0.215946  	chisq 1.05666 (1 df)

Iteration 3:  6000000 integrand evaluations so far
[1] 25.7634 +- 0.134316  	chisq 3.09607 (2 df)

Iteration 4:  10000000 integrand evaluations so far
[1] 25.7615 +- 0.102423  	chisq 3.09659 (3 df)
   25.76 ±    0.1        ( 30.9s) ┃   26.07 ±    0.1        (33.8mi) ┃
┃   96 -    98 ┃   31 -    32 ┃ 1.06206 ± 0.00092        (4.04mi) ┃-0.78213 ± 0.00057        (7.86mi) ┃Vegas input parameters:
  ndim 7
  ncomp 1
  nvec 1
  epsrel 0
  epsabs 0
  flags 10
  seed 123456
  mineval 10000000
  maxeval 10000000
  nstart 1000000
  nincrease 1000000
  nbatch 5000
  gridno 0
  statefile ""

Iteration 1:  1000000 integrand evaluations so far
[1] 25.5994 +- 0.753966  	chisq 0 (0 df)

Iteration 2:  3000000 integrand evaluations so far
[1] 25.2568 +- 0.211909  	chisq 0.22417 (1 df)

Iteration 3:  6000000 integrand evaluations so far
[1] 25.4569 +- 0.136998  	chisq 1.75648 (2 df)

Iteration 4:  10000000 integrand evaluations so far
[1] 25.3048 +- 0.100904  	chisq 4.45216 (3 df)
    25.3 ±    0.1        ( 28.6s) ┃   25.58 ±    0.1        (12.4mi) ┃
┃   96 -    98 ┃   32 -    33 ┃ 0.94198 ± 0.00087        (1.93mi) ┃-0.70112 ± 0.00031        (6.96mi) ┃Vegas input parameters:
  ndim 7
  ncomp 1
  nvec 1
  epsrel 0
  epsabs 0
  flags 10
  seed 123456
  mineval 10000000
  maxeval 10000000
  nstart 1000000
  nincrease 1000000
  nbatch 5000
  gridno 0
  statefile ""

Iteration 1:  1000000 integrand evaluations so far
[1] 24.9708 +- 0.740216  	chisq 0 (0 df)

Iteration 2:  3000000 integrand evaluations so far
[1] 24.9497 +- 0.209589  	chisq 0.000888062 (1 df)

Iteration 3:  6000000 integrand evaluations so far
[1] 24.9116 +- 0.138361  	chisq 0.0592897 (2 df)

Iteration 4:  10000000 integrand evaluations so far
[1] 24.9279 +- 0.105502  	chisq 0.0923191 (3 df)
   24.93 ±   0.11        ( 32.3s) ┃   25.17 ±   0.11        (9.43mi) ┃
┃   96 -    98 ┃   33 -    34 ┃ 1.27816 ± 0.00073        (3.27mi) ┃-0.94625 ± 0.00047        (6.03mi) ┃Vegas input parameters:
  ndim 7
  ncomp 1
  nvec 1
  epsrel 0
  epsabs 0
  flags 10
  seed 123456
  mineval 10000000
  maxeval 10000000
  nstart 1000000
  nincrease 1000000
  nbatch 5000
  gridno 0
  statefile ""

Iteration 1:  1000000 integrand evaluations so far
[1] 24.2988 +- 0.725402  	chisq 0 (0 df)

Iteration 2:  3000000 integrand evaluations so far
[1] 24.5598 +- 0.248346  	chisq 0.146591 (1 df)

Iteration 3:  6000000 integrand evaluations so far
[1] 24.2403 +- 0.147068  	chisq 2.69528 (2 df)

Iteration 4:  10000000 integrand evaluations so far
[1] 24.2539 +- 0.102682  	chisq 2.712 (3 df)
   24.25 ±    0.1        ( 32.1s) ┃   24.59 ±    0.1        (9.84mi) ┃
┃   96 -    98 ┃   34 -    35 ┃ 0.84479 ± 0.00013        (22.4mi) ┃-0.62712 ± 0.00044        (30.3mi) ┃Vegas input parameters:
  ndim 7
  ncomp 1
  nvec 1
  epsrel 0
  epsabs 0
  flags 10
  seed 123456
  mineval 10000000
  maxeval 10000000
  nstart 1000000
  nincrease 1000000
  nbatch 5000
  gridno 0
  statefile ""

Iteration 1:  1000000 integrand evaluations so far
[1] 24.9333 +- 0.730333  	chisq 0 (0 df)

Iteration 2:  3000000 integrand evaluations so far
[1] 24.3544 +- 0.273008  	chisq 0.730338 (1 df)

Iteration 3:  6000000 integrand evaluations so far
[1] 24.0609 +- 0.161228  	chisq 2.50423 (2 df)

Iteration 4:  10000000 integrand evaluations so far
[1] 24.2016 +- 0.109134  	chisq 3.90897 (3 df)
    24.2 ±   0.11        ( 29.9s) ┃   24.42 ±   0.11        (53.2mi) ┃
┃   96 -    98 ┃   35 -    36 ┃   0.935 ± 0.00051        (10.3mi) ┃-0.68972 ± 0.00014        (28.9mi) ┃Vegas input parameters:
  ndim 7
  ncomp 1
  nvec 1
  epsrel 0
  epsabs 0
  flags 10
  seed 123456
  mineval 10000000
  maxeval 10000000
  nstart 1000000
  nincrease 1000000
  nbatch 5000
  gridno 0
  statefile ""

Iteration 1:  1000000 integrand evaluations so far
[1] 24.3224 +- 0.71656  	chisq 0 (0 df)

Iteration 2:  3000000 integrand evaluations so far
[1] 23.7033 +- 0.200485  	chisq 0.809856 (1 df)

Iteration 3:  6000000 integrand evaluations so far
[1] 23.851 +- 0.131097  	chisq 1.75808 (2 df)

Iteration 4:  10000000 integrand evaluations so far
[1] 23.8596 +- 0.0971894  	chisq 1.76765 (3 df)
   23.86 ±  0.097        ( 30.3s) ┃  24.105 ±  0.097        (39.8mi) ┃
┃   96 -    98 ┃   36 -    37 ┃  1.3872 ± 0.0011        (1.79mi) ┃-1.03273 ± 0.00079        ( 5.7mi) ┃Vegas input parameters:
  ndim 7
  ncomp 1
  nvec 1
  epsrel 0
  epsabs 0
  flags 10
  seed 123456
  mineval 10000000
  maxeval 10000000
  nstart 1000000
  nincrease 1000000
  nbatch 5000
  gridno 0
  statefile ""

Iteration 1:  1000000 integrand evaluations so far
[1] 24.022 +- 0.70409  	chisq 0 (0 df)

Iteration 2:  3000000 integrand evaluations so far
[1] 23.7494 +- 0.199415  	chisq 0.16296 (1 df)

Iteration 3:  6000000 integrand evaluations so far
[1] 23.7037 +- 0.138655  	chisq 0.264709 (2 df)

Iteration 4:  10000000 integrand evaluations so far
[1] 23.6311 +- 0.103625  	chisq 0.885355 (3 df)
   23.63 ±    0.1        ( 27.8s) ┃   23.99 ±    0.1        (7.96mi) ┃
┃   96 -    98 ┃   37 -    38 ┃ 1.08139 ± 0.00098        (4.43mi) ┃-0.81122 ± 0.00017        (28.2mi) ┃Vegas input parameters:
  ndim 7
  ncomp 1
  nvec 1
  epsrel 0
  epsabs 0
  flags 10
  seed 123456
  mineval 10000000
  maxeval 10000000
  nstart 1000000
  nincrease 1000000
  nbatch 5000
  gridno 0
  statefile ""

Iteration 1:  1000000 integrand evaluations so far
[1] 21.7126 +- 0.665733  	chisq 0 (0 df)

Iteration 2:  3000000 integrand evaluations so far
[1] 23.2701 +- 0.19606  	chisq 5.99375 (1 df)

Iteration 3:  6000000 integrand evaluations so far
[1] 23.1497 +- 0.121226  	chisq 6.60436 (2 df)

Iteration 4:  10000000 integrand evaluations so far
[1] 23.1571 +- 0.0893469  	chisq 6.61243 (3 df)
  23.157 ±  0.089        (   25s) ┃  23.427 ±  0.089        (  33mi) ┃
┃   96 -    98 ┃   38 -    39 ┃ 1.08063 ± 0.00094        ( 48.8s) ┃-0.79483 ± 0.00066        (1.93mi) ┃Vegas input parameters:
  ndim 7
  ncomp 1
  nvec 1
  epsrel 0
  epsabs 0
  flags 10
  seed 123456
  mineval 10000000
  maxeval 10000000
  nstart 1000000
  nincrease 1000000
  nbatch 5000
  gridno 0
  statefile ""

Iteration 1:  1000000 integrand evaluations so far
[1] 22.0493 +- 0.670396  	chisq 0 (0 df)

Iteration 2:  3000000 integrand evaluations so far
[1] 22.9561 +- 0.193597  	chisq 1.99627 (1 df)

Iteration 3:  6000000 integrand evaluations so far
[1] 22.8878 +- 0.119747  	chisq 2.19807 (2 df)

Iteration 4:  10000000 integrand evaluations so far
[1] 22.8851 +- 0.09039  	chisq 2.19921 (3 df)
  22.885 ±   0.09        (   28s) ┃  23.171 ±   0.09        (3.21mi) ┃
┃   96 -    98 ┃   39 -    40 ┃ 0.86664 ± 0.00045        ( 5.2mi) ┃-0.64656 ± 0.00047        (  29mi) ┃Vegas input parameters:
  ndim 7
  ncomp 1
  nvec 1
  epsrel 0
  epsabs 0
  flags 10
  seed 123456
  mineval 10000000
  maxeval 10000000
  nstart 1000000
  nincrease 1000000
  nbatch 5000
  gridno 0
  statefile ""

Iteration 1:  1000000 integrand evaluations so far
[1] 22.4717 +- 0.669475  	chisq 0 (0 df)

Iteration 2:  3000000 integrand evaluations so far
[1] 22.7101 +- 0.19081  	chisq 0.138071 (1 df)

Iteration 3:  6000000 integrand evaluations so far
[1] 22.7206 +- 0.11839  	chisq 0.142937 (2 df)

Iteration 4:  10000000 integrand evaluations so far
[1] 22.749 +- 0.0932509  	chisq 0.294575 (3 df)
  22.749 ±  0.093        ( 26.1s) ┃  22.969 ±  0.093        (34.6mi) ┃
┃   96 -    98 ┃   40 -    41 ┃ 1.26247 ± 0.00058        (3.02mi) ┃-0.93968 ± 0.00024        (10.7mi) ┃Vegas input parameters:
  ndim 7
  ncomp 1
  nvec 1
  epsrel 0
  epsabs 0
  flags 10
  seed 123456
  mineval 10000000
  maxeval 10000000
  nstart 1000000
  nincrease 1000000
  nbatch 5000
  gridno 0
  statefile ""

Iteration 1:  1000000 integrand evaluations so far
[1] 23.1621 +- 0.676529  	chisq 0 (0 df)

Iteration 2:  3000000 integrand evaluations so far
[1] 22.522 +- 0.189437  	chisq 0.971396 (1 df)

Iteration 3:  6000000 integrand evaluations so far
[1] 22.572 +- 0.117415  	chisq 1.08448 (2 df)

Iteration 4:  10000000 integrand evaluations so far
[1] 22.502 +- 0.090609  	chisq 1.96279 (3 df)
  22.502 ±  0.091        ( 27.3s) ┃  22.825 ±  0.091        (14.1mi) ┃
┃   96 -    98 ┃   41 -    42 ┃ 0.89463 ± 0.00069        (2.95mi) ┃-0.669152 ± 6.8e-05        (26.2mi) ┃Vegas input parameters:
  ndim 7
  ncomp 1
  nvec 1
  epsrel 0
  epsabs 0
  flags 10
  seed 123456
  mineval 10000000
  maxeval 10000000
  nstart 1000000
  nincrease 1000000
  nbatch 5000
  gridno 0
  statefile ""

Iteration 1:  1000000 integrand evaluations so far
[1] 22.19 +- 0.657161  	chisq 0 (0 df)

Iteration 2:  3000000 integrand evaluations so far
[1] 21.909 +- 0.185284  	chisq 0.198695 (1 df)

Iteration 3:  6000000 integrand evaluations so far
[1] 22.0526 +- 0.115334  	chisq 1.17983 (2 df)

Iteration 4:  10000000 integrand evaluations so far
[1] 22.1281 +- 0.0850115  	chisq 2.11858 (3 df)
  22.128 ±  0.085        ( 29.2s) ┃  22.354 ±  0.085        (29.7mi) ┃
┃   96 -    98 ┃   42 -    43 ┃ 1.11536 ± 0.00042        (11.8mi) ┃-0.83205 ± 0.00081        ( 7.3mi) ┃Vegas input parameters:
  ndim 7
  ncomp 1
  nvec 1
  epsrel 0
  epsabs 0
  flags 10
  seed 123456
  mineval 10000000
  maxeval 10000000
  nstart 1000000
  nincrease 1000000
  nbatch 5000
  gridno 0
  statefile ""

Iteration 1:  1000000 integrand evaluations so far
[1] 21.7531 +- 0.646218  	chisq 0 (0 df)

Iteration 2:  3000000 integrand evaluations so far
[1] 21.5668 +- 0.183176  	chisq 0.0902905 (1 df)

Iteration 3:  6000000 integrand evaluations so far
[1] 21.8042 +- 0.121156  	chisq 3.07609 (2 df)

Iteration 4:  10000000 integrand evaluations so far
[1] 21.809 +- 0.0907783  	chisq 3.07962 (3 df)
  21.809 ±  0.091        ( 28.5s) ┃  22.092 ±  0.091        (19.5mi) ┃
┃   96 -    98 ┃   43 -    44 ┃  1.3698 ± 0.0013        (2.11mi) ┃-0.99923 ± 0.00076        (3.92mi) ┃Vegas input parameters:
  ndim 7
  ncomp 1
  nvec 1
  epsrel 0
  epsabs 0
  flags 10
  seed 123456
  mineval 10000000
  maxeval 10000000
  nstart 1000000
  nincrease 1000000
  nbatch 5000
  gridno 0
  statefile ""

Iteration 1:  1000000 integrand evaluations so far
[1] 21.6576 +- 0.644685  	chisq 0 (0 df)

Iteration 2:  3000000 integrand evaluations so far
[1] 21.4132 +- 0.181989  	chisq 0.156105 (1 df)

Iteration 3:  6000000 integrand evaluations so far
[1] 21.6593 +- 0.116876  	chisq 3.26768 (2 df)

Iteration 4:  10000000 integrand evaluations so far
[1] 21.6325 +- 0.0883578  	chisq 3.38992 (3 df)
  21.633 ±  0.088        ( 30.4s) ┃  22.003 ±  0.088        (6.54mi) ┃
┃   96 -    98 ┃   44 -    45 ┃ 1.04886 ± 0.0009        (5.26mi) ┃-0.78122 ± 0.00077        (7.64mi) ┃Vegas input parameters:
  ndim 7
  ncomp 1
  nvec 1
  epsrel 0
  epsabs 0
  flags 10
  seed 123456
  mineval 10000000
  maxeval 10000000
  nstart 1000000
  nincrease 1000000
  nbatch 5000
  gridno 0
  statefile ""

Iteration 1:  1000000 integrand evaluations so far
[1] 21.5638 +- 0.637366  	chisq 0 (0 df)

Iteration 2:  3000000 integrand evaluations so far
[1] 21.7958 +- 0.182842  	chisq 0.144353 (1 df)

Iteration 3:  6000000 integrand evaluations so far
[1] 21.575 +- 0.112402  	chisq 2.4898 (2 df)

Iteration 4:  10000000 integrand evaluations so far
[1] 21.4214 +- 0.0862684  	chisq 7.0338 (3 df)
  21.421 ±  0.086        ( 29.4s) ┃  21.689 ±  0.086        (13.4mi) ┃
┃   96 -    98 ┃   45 -    46 ┃ 0.86453 ± 0.0004        (3.49mi) ┃-0.64546 ± 0.00042        (7.76mi) ┃Vegas input parameters:
  ndim 7
  ncomp 1
  nvec 1
  epsrel 0
  epsabs 0
  flags 10
  seed 123456
  mineval 10000000
  maxeval 10000000
  nstart 1000000
  nincrease 1000000
  nbatch 5000
  gridno 0
  statefile ""

Iteration 1:  1000000 integrand evaluations so far
[1] 21.7631 +- 0.640232  	chisq 0 (0 df)

Iteration 2:  3000000 integrand evaluations so far
[1] 21.289 +- 0.17958  	chisq 0.595309 (1 df)

Iteration 3:  6000000 integrand evaluations so far
[1] 21.194 +- 0.110966  	chisq 1.04749 (2 df)

Iteration 4:  10000000 integrand evaluations so far
[1] 21.2715 +- 0.0839467  	chisq 2.18788 (3 df)
  21.272 ±  0.084        ( 29.9s) ┃  21.491 ±  0.084        (11.8mi) ┃
┃   96 -    98 ┃   46 -    47 ┃ 1.35871 ± 0.00086        (7.06mi) ┃-1.00827 ± 0.00071        (15.5mi) ┃Vegas input parameters:
  ndim 7
  ncomp 1
  nvec 1
  epsrel 0
  epsabs 0
  flags 10
  seed 123456
  mineval 10000000
  maxeval 10000000
  nstart 1000000
  nincrease 1000000
  nbatch 5000
  gridno 0
  statefile ""

Iteration 1:  1000000 integrand evaluations so far
[1] 21.434 +- 0.625533  	chisq 0 (0 df)

Iteration 2:  3000000 integrand evaluations so far
[1] 20.8077 +- 0.176242  	chisq 1.08905 (1 df)

Iteration 3:  6000000 integrand evaluations so far
[1] 20.9255 +- 0.109633  	chisq 1.81783 (2 df)

Iteration 4:  10000000 integrand evaluations so far
[1] 20.983 +- 0.0844729  	chisq 2.49521 (3 df)
  20.983 ±  0.084        ( 33.9s) ┃  21.333 ±  0.084        (23.2mi) ┃
┃   96 -    98 ┃   47 -    48 ┃ 1.11229 ± 0.0003        (6.91mi) ┃-0.822947 ± 8.9e-05        (50.4mi) ┃Vegas input parameters:
  ndim 7
  ncomp 1
  nvec 1
  epsrel 0
  epsabs 0
  flags 10
  seed 123456
  mineval 10000000
  maxeval 10000000
  nstart 1000000
  nincrease 1000000
  nbatch 5000
  gridno 0
  statefile ""

Iteration 1:  1000000 integrand evaluations so far
[1] 21.0985 +- 0.617998  	chisq 0 (0 df)

Iteration 2:  3000000 integrand evaluations so far
[1] 20.6077 +- 0.174831  	chisq 0.68564 (1 df)

Iteration 3:  6000000 integrand evaluations so far
[1] 20.6849 +- 0.108455  	chisq 1.00312 (2 df)

Iteration 4:  10000000 integrand evaluations so far
[1] 20.7081 +- 0.084684  	chisq 1.12045 (3 df)
  20.708 ±  0.085        ( 30.7s) ┃  20.997 ±  0.085        (57.9mi) ┃
┃   96 -    98 ┃   48 -    49 ┃ 1.29051 ± 0.00015        (8.04mi) ┃-0.96116 ± 0.00032        (1.16hr) ┃Vegas input parameters:
  ndim 7
  ncomp 1
  nvec 1
  epsrel 0
  epsabs 0
  flags 10
  seed 123456
  mineval 10000000
  maxeval 10000000
  nstart 1000000
  nincrease 1000000
  nbatch 5000
  gridno 0
  statefile ""

Iteration 1:  1000000 integrand evaluations so far
[1] 21.2711 +- 0.621495  	chisq 0 (0 df)

Iteration 2:  3000000 integrand evaluations so far
[1] 20.4903 +- 0.173066  	chisq 1.71111 (1 df)

Iteration 3:  6000000 integrand evaluations so far
[1] 20.507 +- 0.107381  	chisq 1.72638 (2 df)

Iteration 4:  10000000 integrand evaluations so far
[1] 20.4785 +- 0.0822777  	chisq 1.89705 (3 df)
  20.479 ±  0.082        ( 29.3s) ┃  20.808 ±  0.082        ( 1.3hr) ┃
┃   96 -    98 ┃   49 -    50 ┃ 1.10025 ± 0.00078        (2.66mi) ┃-0.81713 ± 0.00011        (  11mi) ┃Vegas input parameters:
  ndim 7
  ncomp 1
  nvec 1
  epsrel 0
  epsabs 0
  flags 10
  seed 123456
  mineval 10000000
  maxeval 10000000
  nstart 1000000
  nincrease 1000000
  nbatch 5000
  gridno 0
  statefile ""

Iteration 1:  1000000 integrand evaluations so far
[1] 20.1905 +- 0.598621  	chisq 0 (0 df)

Iteration 2:  3000000 integrand evaluations so far
[1] 20.3113 +- 0.171881  	chisq 0.0443527 (1 df)

Iteration 3:  6000000 integrand evaluations so far
[1] 20.4355 +- 0.112133  	chisq 0.954424 (2 df)

Iteration 4:  10000000 integrand evaluations so far
[1] 20.537 +- 0.0830436  	chisq 2.76708 (3 df)
  20.537 ±  0.083        ( 31.2s) ┃   20.82 ±  0.083        (14.2mi) ┃
┃   96 -    98 ┃   50 -    51 ┃ 0.99194 ± 0.00061        (2.33mi) ┃-0.73702 ± 0.0004        (12.9mi) ┃Vegas input parameters:
  ndim 7
  ncomp 1
  nvec 1
  epsrel 0
  epsabs 0
  flags 10
  seed 123456
  mineval 10000000
  maxeval 10000000
  nstart 1000000
  nincrease 1000000
  nbatch 5000
  gridno 0
  statefile ""

Iteration 1:  1000000 integrand evaluations so far
[1] 19.8672 +- 0.591595  	chisq 0 (0 df)

Iteration 2:  3000000 integrand evaluations so far
[1] 20.4166 +- 0.213481  	chisq 0.991751 (1 df)

Iteration 3:  6000000 integrand evaluations so far
[1] 20.32 +- 0.126583  	chisq 1.30763 (2 df)

Iteration 4:  10000000 integrand evaluations so far
[1] 20.3664 +- 0.0870038  	chisq 1.56212 (3 df)
  20.366 ±  0.087        ( 21.6s) ┃  20.621 ±  0.087        (15.6mi) ┃
┃   96 -    98 ┃   51 -    52 ┃  1.0535 ± 0.00088        (1.95mi) ┃-0.782922 ± 1.1e-05        (22.8mi) ┃Vegas input parameters:
  ndim 7
  ncomp 1
  nvec 1
  epsrel 0
  epsabs 0
  flags 10
  seed 123456
  mineval 10000000
  maxeval 10000000
  nstart 1000000
  nincrease 1000000
  nbatch 5000
  gridno 0
  statefile ""

Iteration 1:  1000000 integrand evaluations so far
[1] 20.4017 +- 0.599426  	chisq 0 (0 df)

Iteration 2:  3000000 integrand evaluations so far
[1] 20.0626 +- 0.170062  	chisq 0.348085 (1 df)

Iteration 3:  6000000 integrand evaluations so far
[1] 20.1616 +- 0.105717  	chisq 0.900621 (2 df)

Iteration 4:  10000000 integrand evaluations so far
[1] 20.1729 +- 0.0779382  	chisq 0.925566 (3 df)
  20.173 ±  0.078        ( 21.7s) ┃  20.443 ±  0.078        (25.1mi) ┃
┃   96 -    98 ┃   52 -    53 ┃ 1.28366 ± 0.00045        (5.01mi) ┃-0.952374 ± 5.4e-05        (11.6mi) ┃Vegas input parameters:
  ndim 7
  ncomp 1
  nvec 1
  epsrel 0
  epsabs 0
  flags 10
  seed 123456
  mineval 10000000
  maxeval 10000000
  nstart 1000000
  nincrease 1000000
  nbatch 5000
  gridno 0
  statefile ""

Iteration 1:  1000000 integrand evaluations so far
[1] 20.3798 +- 0.597995  	chisq 0 (0 df)

Iteration 2:  3000000 integrand evaluations so far
[1] 19.978 +- 0.16856  	chisq 0.490531 (1 df)

Iteration 3:  6000000 integrand evaluations so far
[1] 20.047 +- 0.104748  	chisq 0.76334 (2 df)

Iteration 4:  10000000 integrand evaluations so far
[1] 20.1141 +- 0.0802904  	chisq 1.75974 (3 df)
  20.114 ±   0.08        (   33s) ┃  20.445 ±   0.08        (17.2mi) ┃
┃   96 -    98 ┃   53 -    54 ┃ 1.06833 ± 0.00033        (4.92mi) ┃-0.79504 ± 0.00033        (10.8mi) ┃Vegas input parameters:
  ndim 7
  ncomp 1
  nvec 1
  epsrel 0
  epsabs 0
  flags 10
  seed 123456
  mineval 10000000
  maxeval 10000000
  nstart 1000000
  nincrease 1000000
  nbatch 5000
  gridno 0
  statefile ""

Iteration 1:  1000000 integrand evaluations so far
[1] 19.8814 +- 0.588272  	chisq 0 (0 df)

Iteration 2:  3000000 integrand evaluations so far
[1] 20.1022 +- 0.169154  	chisq 0.153657 (1 df)

Iteration 3:  6000000 integrand evaluations so far
[1] 19.9719 +- 0.104355  	chisq 1.11183 (2 df)

Iteration 4:  10000000 integrand evaluations so far
[1] 19.9851 +- 0.0768367  	chisq 1.14694 (3 df)
  19.985 ±  0.077        ( 21.4s) ┃  20.258 ±  0.077        (  16mi) ┃
┃   96 -    98 ┃   54 -    55 ┃ 0.89039 ± 0.00068        (2.75mi) ┃-0.66603 ± 0.00061        (  11mi) ┃Vegas input parameters:
  ndim 7
  ncomp 1
  nvec 1
  epsrel 0
  epsabs 0
  flags 10
  seed 123456
  mineval 10000000
  maxeval 10000000
  nstart 1000000
  nincrease 1000000
  nbatch 5000
  gridno 0
  statefile ""

Iteration 1:  1000000 integrand evaluations so far
[1] 20.1788 +- 0.597504  	chisq 0 (0 df)

Iteration 2:  3000000 integrand evaluations so far
[1] 20.0931 +- 0.198586  	chisq 0.0231087 (1 df)

Iteration 3:  6000000 integrand evaluations so far
[1] 19.9249 +- 0.11885  	chisq 1.14048 (2 df)

Iteration 4:  10000000 integrand evaluations so far
[1] 19.8521 +- 0.0837786  	chisq 1.88738 (3 df)
  19.852 ±  0.084        ( 25.2s) ┃  20.076 ±  0.084        (14.1mi) ┃
┃   96 -    98 ┃   55 -    56 ┃ 0.89197 ± 0.00059        (2.31mi) ┃ -0.6633 ± 0.00027        (23.8mi) ┃Vegas input parameters:
  ndim 7
  ncomp 1
  nvec 1
  epsrel 0
  epsabs 0
  flags 10
  seed 123456
  mineval 10000000
  maxeval 10000000
  nstart 1000000
  nincrease 1000000
  nbatch 5000
  gridno 0
  statefile ""

Iteration 1:  1000000 integrand evaluations so far
[1] 19.7195 +- 0.581407  	chisq 0 (0 df)

Iteration 2:  3000000 integrand evaluations so far
[1] 19.9309 +- 0.166755  	chisq 0.144077 (1 df)

Iteration 3:  6000000 integrand evaluations so far
[1] 19.6866 +- 0.102732  	chisq 3.60432 (2 df)

Iteration 4:  10000000 integrand evaluations so far
[1] 19.609 +- 0.0767454  	chisq 4.8959 (3 df)
  19.609 ±  0.077        (   24s) ┃  19.838 ±  0.077        (26.6mi) ┃
┃   96 -    98 ┃   56 -    57 ┃ 0.97125 ± 0.00076        (2.35mi) ┃-0.72496 ± 0.00061        (2.75mi) ┃Vegas input parameters:
  ndim 7
  ncomp 1
  nvec 1
  epsrel 0
  epsabs 0
  flags 10
  seed 123456
  mineval 10000000
  maxeval 10000000
  nstart 1000000
  nincrease 1000000
  nbatch 5000
  gridno 0
  statefile ""

Iteration 1:  1000000 integrand evaluations so far
[1] 20.213 +- 0.595267  	chisq 0 (0 df)

Iteration 2:  3000000 integrand evaluations so far
[1] 19.6545 +- 0.165317  	chisq 0.953857 (1 df)

Iteration 3:  6000000 integrand evaluations so far
[1] 19.6163 +- 0.102394  	chisq 1.04058 (2 df)

Iteration 4:  10000000 integrand evaluations so far
[1] 19.5416 +- 0.0782252  	chisq 2.32107 (3 df)
  19.542 ±  0.078        ( 27.3s) ┃  19.788 ±  0.078        (5.55mi) ┃
┃   96 -    98 ┃   57 -    58 ┃ 1.17482 ± 0.00017        (2.45mi) ┃-0.86504 ± 0.00014        (1.48mi) ┃Vegas input parameters:
  ndim 7
  ncomp 1
  nvec 1
  epsrel 0
  epsabs 0
  flags 10
  seed 123456
  mineval 10000000
  maxeval 10000000
  nstart 1000000
  nincrease 1000000
  nbatch 5000
  gridno 0
  statefile ""

Iteration 1:  1000000 integrand evaluations so far
[1] 19.0841 +- 0.571965  	chisq 0 (0 df)

Iteration 2:  3000000 integrand evaluations so far
[1] 19.5526 +- 0.164227  	chisq 0.731174 (1 df)

Iteration 3:  6000000 integrand evaluations so far
[1] 19.4313 +- 0.101649  	chisq 1.61495 (2 df)

Iteration 4:  10000000 integrand evaluations so far
[1] 19.4356 +- 0.0830836  	chisq 1.62039 (3 df)
  19.436 ±  0.083        ( 33.1s) ┃  19.745 ±  0.083        (4.48mi) ┃
┃   96 -    98 ┃   58 -    59 ┃ 1.09127 ± 7.8e-05        (3.83mi) ┃-0.80774 ± 0.00055        (8.24mi) ┃Vegas input parameters:
  ndim 7
  ncomp 1
  nvec 1
  epsrel 0
  epsabs 0
  flags 10
  seed 123456
  mineval 10000000
  maxeval 10000000
  nstart 1000000
  nincrease 1000000
  nbatch 5000
  gridno 0
  statefile ""

Iteration 1:  1000000 integrand evaluations so far
[1] 19.2873 +- 0.574012  	chisq 0 (0 df)

Iteration 2:  3000000 integrand evaluations so far
[1] 19.5689 +- 0.164355  	chisq 0.262209 (1 df)

Iteration 3:  6000000 integrand evaluations so far
[1] 19.4918 +- 0.111922  	chisq 0.672369 (2 df)

Iteration 4:  10000000 integrand evaluations so far
[1] 19.448 +- 0.0826361  	chisq 1.00962 (3 df)
  19.448 ±  0.083        ( 29.4s) ┃  19.731 ±  0.083        (12.6mi) ┃
┃   96 -    98 ┃   59 -    60 ┃ 0.85396 ± 0.0007        ( 35.2s) ┃-0.63492 ± 0.00047        (5.79mi) ┃Vegas input parameters:
  ndim 7
  ncomp 1
  nvec 1
  epsrel 0
  epsabs 0
  flags 10
  seed 123456
  mineval 10000000
  maxeval 10000000
  nstart 1000000
  nincrease 1000000
  nbatch 5000
  gridno 0
  statefile ""

Iteration 1:  1000000 integrand evaluations so far
[1] 18.7596 +- 0.562027  	chisq 0 (0 df)

Iteration 2:  3000000 integrand evaluations so far
[1] 19.3455 +- 0.178571  	chisq 1.20892 (1 df)

Iteration 3:  6000000 integrand evaluations so far
[1] 19.282 +- 0.109176  	chisq 1.41068 (2 df)

Iteration 4:  10000000 integrand evaluations so far
[1] 19.3147 +- 0.0788581  	chisq 1.59828 (3 df)
  19.315 ±  0.079        ( 29.7s) ┃  19.534 ±  0.079        (6.88mi) ┃
┃   98 -   100 ┃   25 -    26 ┃  0.7591 ± 0.0004        (2.49mi) ┃-0.57205 ± 0.00054        (21.6mi) ┃Vegas input parameters:
  ndim 7
  ncomp 1
  nvec 1
  epsrel 0
  epsabs 0
  flags 10
  seed 123456
  mineval 10000000
  maxeval 10000000
  nstart 1000000
  nincrease 1000000
  nbatch 5000
  gridno 0
  statefile ""

Iteration 1:  1000000 integrand evaluations so far
[1] 25.2299 +- 0.764175  	chisq 0 (0 df)

Iteration 2:  3000000 integrand evaluations so far
[1] 26.5345 +- 0.22294  	chisq 3.18587 (1 df)

Iteration 3:  6000000 integrand evaluations so far
[1] 26.577 +- 0.14552  	chisq 3.24904 (2 df)

Iteration 4:  10000000 integrand evaluations so far
[1] 26.4538 +- 0.107442  	chisq 4.82452 (3 df)
   26.45 ±   0.11        ( 22.1s) ┃   26.64 ±   0.11        (24.4mi) ┃
┃   98 -   100 ┃   26 -    27 ┃ 0.75602 ± 0.0003        ( 23.6s) ┃-0.56337 ± 0.00015        (5.36mi) ┃Vegas input parameters:
  ndim 7
  ncomp 1
  nvec 1
  epsrel 0
  epsabs 0
  flags 10
  seed 123456
  mineval 10000000
  maxeval 10000000
  nstart 1000000
  nincrease 1000000
  nbatch 5000
  gridno 0
  statefile ""

Iteration 1:  1000000 integrand evaluations so far
[1] 25.5947 +- 0.762807  	chisq 0 (0 df)

Iteration 2:  3000000 integrand evaluations so far
[1] 25.812 +- 0.217892  	chisq 0.088369 (1 df)

Iteration 3:  6000000 integrand evaluations so far
[1] 25.7441 +- 0.141783  	chisq 0.257195 (2 df)

Iteration 4:  10000000 integrand evaluations so far
[1] 25.6492 +- 0.104486  	chisq 1.23626 (3 df)
   25.65 ±    0.1        ( 28.3s) ┃   25.84 ±    0.1        (6.22mi) ┃
┃   98 -   100 ┃   27 -    28 ┃ 0.50432 ± 0.00043        (1.35mi) ┃-0.37781 ± 0.00032        (10.2mi) ┃Vegas input parameters:
  ndim 7
  ncomp 1
  nvec 1
  epsrel 0
  epsabs 0
  flags 10
  seed 123456
  mineval 10000000
  maxeval 10000000
  nstart 1000000
  nincrease 1000000
  nbatch 5000
  gridno 0
  statefile ""

Iteration 1:  1000000 integrand evaluations so far
[1] 26.6018 +- 0.771748  	chisq 0 (0 df)

Iteration 2:  3000000 integrand evaluations so far
[1] 24.9422 +- 0.211218  	chisq 4.99903 (1 df)

Iteration 3:  6000000 integrand evaluations so far
[1] 25.2152 +- 0.131799  	chisq 7.7348 (2 df)

Iteration 4:  10000000 integrand evaluations so far
[1] 25.2177 +- 0.0996076  	chisq 7.73569 (3 df)
  25.218 ±    0.1        ( 31.5s) ┃  25.344 ±    0.1        (12.1mi) ┃
┃   98 -   100 ┃   28 -    29 ┃ 0.71137 ± 0.0003        (2.11mi) ┃  -0.533 ± 0.00039        (22.4mi) ┃Vegas input parameters:
  ndim 7
  ncomp 1
  nvec 1
  epsrel 0
  epsabs 0
  flags 10
  seed 123456
  mineval 10000000
  maxeval 10000000
  nstart 1000000
  nincrease 1000000
  nbatch 5000
  gridno 0
  statefile ""

Iteration 1:  1000000 integrand evaluations so far
[1] 24.121 +- 0.724107  	chisq 0 (0 df)

Iteration 2:  3000000 integrand evaluations so far
[1] 24.7612 +- 0.209879  	chisq 0.853347 (1 df)

Iteration 3:  6000000 integrand evaluations so far
[1] 24.717 +- 0.142361  	chisq 0.935446 (2 df)

Iteration 4:  10000000 integrand evaluations so far
[1] 24.68 +- 0.104994  	chisq 1.08394 (3 df)
   24.68 ±    0.1        ( 30.4s) ┃   24.86 ±    0.1        (  25mi) ┃
┃   98 -   100 ┃   29 -    30 ┃ 0.75403 ± 0.00052        (3.29mi) ┃-0.57198 ± 0.00017        (21.5mi) ┃Vegas input parameters:
  ndim 7
  ncomp 1
  nvec 1
  epsrel 0
  epsabs 0
  flags 10
  seed 123456
  mineval 10000000
  maxeval 10000000
  nstart 1000000
  nincrease 1000000
  nbatch 5000
  gridno 0
  statefile ""

Iteration 1:  1000000 integrand evaluations so far
[1] 25.3515 +- 0.750302  	chisq 0 (0 df)

Iteration 2:  3000000 integrand evaluations so far
[1] 24.1994 +- 0.205349  	chisq 2.54865 (1 df)

Iteration 3:  6000000 integrand evaluations so far
[1] 24.2128 +- 0.139748  	chisq 2.55658 (2 df)

Iteration 4:  10000000 integrand evaluations so far
[1] 24.2309 +- 0.103439  	chisq 2.59399 (3 df)
   24.23 ±    0.1        (   25s) ┃   24.41 ±    0.1        (25.2mi) ┃
┃   98 -   100 ┃   30 -    31 ┃ 0.78755 ± 0.00038        (4.52mi) ┃-0.58664 ± 0.00018        (20.9mi) ┃Vegas input parameters:
  ndim 7
  ncomp 1
  nvec 1
  epsrel 0
  epsabs 0
  flags 10
  seed 123456
  mineval 10000000
  maxeval 10000000
  nstart 1000000
  nincrease 1000000
  nbatch 5000
  gridno 0
  statefile ""

Iteration 1:  1000000 integrand evaluations so far
[1] 24.2742 +- 0.724297  	chisq 0 (0 df)

Iteration 2:  3000000 integrand evaluations so far
[1] 23.7403 +- 0.201703  	chisq 0.589063 (1 df)

Iteration 3:  6000000 integrand evaluations so far
[1] 23.8142 +- 0.137296  	chisq 0.839074 (2 df)

Iteration 4:  10000000 integrand evaluations so far
[1] 23.8106 +- 0.106673  	chisq 0.840728 (3 df)
   23.81 ±   0.11        ( 22.4s) ┃   24.01 ±   0.11        (25.8mi) ┃
┃   98 -   100 ┃   31 -    32 ┃ 0.62399 ± 0.0002        ( 46.9s) ┃-0.46161 ± 0.00016        (22.2mi) ┃Vegas input parameters:
  ndim 7
  ncomp 1
  nvec 1
  epsrel 0
  epsabs 0
  flags 10
  seed 123456
  mineval 10000000
  maxeval 10000000
  nstart 1000000
  nincrease 1000000
  nbatch 5000
  gridno 0
  statefile ""

Iteration 1:  1000000 integrand evaluations so far
[1] 24.3003 +- 0.712645  	chisq 0 (0 df)

Iteration 2:  3000000 integrand evaluations so far
[1] 23.2651 +- 0.198678  	chisq 2.28803 (1 df)

Iteration 3:  6000000 integrand evaluations so far
[1] 23.4568 +- 0.123585  	chisq 3.80697 (2 df)

Iteration 4:  10000000 integrand evaluations so far
[1] 23.4434 +- 0.0949098  	chisq 3.83554 (3 df)
  23.443 ±  0.095        ( 22.4s) ┃  23.606 ±  0.095        (23.4mi) ┃
┃   98 -   100 ┃   32 -    33 ┃0.609783 ± 0.0001        (9.73mi) ┃ -0.4604 ± 0.00041        (21.3mi) ┃Vegas input parameters:
  ndim 7
  ncomp 1
  nvec 1
  epsrel 0
  epsabs 0
  flags 10
  seed 123456
  mineval 10000000
  maxeval 10000000
  nstart 1000000
  nincrease 1000000
  nbatch 5000
  gridno 0
  statefile ""

Iteration 1:  1000000 integrand evaluations so far
[1] 23.0993 +- 0.692997  	chisq 0 (0 df)

Iteration 2:  3000000 integrand evaluations so far
[1] 23.0833 +- 0.197321  	chisq 0.000577145 (1 df)

Iteration 3:  6000000 integrand evaluations so far
[1] 23.169 +- 0.12211  	chisq 0.306137 (2 df)

Iteration 4:  10000000 integrand evaluations so far
[1] 23.148 +- 0.094372  	chisq 0.379675 (3 df)
  23.148 ±  0.094        ( 21.4s) ┃  23.297 ±  0.094        (31.4mi) ┃
┃   98 -   100 ┃   33 -    34 ┃ 0.82812 ± 0.00075        ( 4.4mi) ┃-0.62023 ± 0.00053        (20.9mi) ┃Vegas input parameters:
  ndim 7
  ncomp 1
  nvec 1
  epsrel 0
  epsabs 0
  flags 10
  seed 123456
  mineval 10000000
  maxeval 10000000
  nstart 1000000
  nincrease 1000000
  nbatch 5000
  gridno 0
  statefile ""

Iteration 1:  1000000 integrand evaluations so far
[1] 22.7375 +- 0.680613  	chisq 0 (0 df)

Iteration 2:  3000000 integrand evaluations so far
[1] 22.7545 +- 0.222863  	chisq 0.000701888 (1 df)

Iteration 3:  6000000 integrand evaluations so far
[1] 22.5785 +- 0.133843  	chisq 0.97611 (2 df)

Iteration 4:  10000000 integrand evaluations so far
[1] 22.6135 +- 0.0946191  	chisq 1.11266 (3 df)
  22.613 ±  0.095        ( 22.4s) ┃  22.821 ±  0.095        (25.7mi) ┃
┃   98 -   100 ┃   34 -    35 ┃ 0.65271 ± 0.00043        ( 47.2s) ┃-0.49317 ± 0.00042        (10.5mi) ┃Vegas input parameters:
  ndim 7
  ncomp 1
  nvec 1
  epsrel 0
  epsabs 0
  flags 10
  seed 123456
  mineval 10000000
  maxeval 10000000
  nstart 1000000
  nincrease 1000000
  nbatch 5000
  gridno 0
  statefile ""

Iteration 1:  1000000 integrand evaluations so far
[1] 23.1178 +- 0.683891  	chisq 0 (0 df)

Iteration 2:  3000000 integrand evaluations so far
[1] 22.1973 +- 0.240214  	chisq 2.06656 (1 df)

Iteration 3:  6000000 integrand evaluations so far
[1] 22.2167 +- 0.158936  	chisq 2.07807 (2 df)

Iteration 4:  10000000 integrand evaluations so far
[1] 22.3348 +- 0.109414  	chisq 3.12817 (3 df)
   22.33 ±   0.11        ( 21.8s) ┃   22.49 ±   0.11        (11.6mi) ┃
┃   98 -   100 ┃   35 -    36 ┃ 0.53514 ± 0.00048        (8.73mi) ┃-0.39848 ± 0.00024        (41.5mi) ┃Vegas input parameters:
  ndim 7
  ncomp 1
  nvec 1
  epsrel 0
  epsabs 0
  flags 10
  seed 123456
  mineval 10000000
  maxeval 10000000
  nstart 1000000
  nincrease 1000000
  nbatch 5000
  gridno 0
  statefile ""

Iteration 1:  1000000 integrand evaluations so far
[1] 22.0981 +- 0.661474  	chisq 0 (0 df)

Iteration 2:  3000000 integrand evaluations so far
[1] 22.0053 +- 0.212842  	chisq 0.0219638 (1 df)

Iteration 3:  6000000 integrand evaluations so far
[1] 22.0355 +- 0.131147  	chisq 0.0544938 (2 df)

Iteration 4:  10000000 integrand evaluations so far
[1] 22.1059 +- 0.0944519  	chisq 0.65188 (3 df)
  22.106 ±  0.094        ( 21.6s) ┃  22.243 ±  0.094        (50.6mi) ┃
┃   98 -   100 ┃   36 -    37 ┃ 0.77697 ± 0.00076        (4.67mi) ┃-0.58485 ± 0.00056        (10.7mi) ┃Vegas input parameters:
  ndim 7
  ncomp 1
  nvec 1
  epsrel 0
  epsabs 0
  flags 10
  seed 123456
  mineval 10000000
  maxeval 10000000
  nstart 1000000
  nincrease 1000000
  nbatch 5000
  gridno 0
  statefile ""

Iteration 1:  1000000 integrand evaluations so far
[1] 22.2208 +- 0.659723  	chisq 0 (0 df)

Iteration 2:  3000000 integrand evaluations so far
[1] 21.8907 +- 0.185766  	chisq 0.27186 (1 df)

Iteration 3:  6000000 integrand evaluations so far
[1] 21.9343 +- 0.135034  	chisq 0.388583 (2 df)

Iteration 4:  10000000 integrand evaluations so far
[1] 21.9434 +- 0.100182  	chisq 0.398757 (3 df)
   21.94 ±    0.1        ( 22.9s) ┃   22.14 ±    0.1        (15.7mi) ┃
┃   98 -   100 ┃   37 -    38 ┃ 0.79309 ± 0.00058        (1.17mi) ┃-0.59897 ± 0.00054        (5.36mi) ┃Vegas input parameters:
  ndim 7
  ncomp 1
  nvec 1
  epsrel 0
  epsabs 0
  flags 10
  seed 123456
  mineval 10000000
  maxeval 10000000
  nstart 1000000
  nincrease 1000000
  nbatch 5000
  gridno 0
  statefile ""

Iteration 1:  1000000 integrand evaluations so far
[1] 21.8339 +- 0.649712  	chisq 0 (0 df)

Iteration 2:  3000000 integrand evaluations so far
[1] 21.7708 +- 0.184437  	chisq 0.0102778 (1 df)

Iteration 3:  6000000 integrand evaluations so far
[1] 21.6467 +- 0.113844  	chisq 0.741145 (2 df)

Iteration 4:  10000000 integrand evaluations so far
[1] 21.6603 +- 0.0873952  	chisq 0.776028 (3 df)
   21.66 ±  0.087        ( 22.3s) ┃  21.854 ±  0.087        ( 6.9mi) ┃
┃   98 -   100 ┃   38 -    39 ┃ 0.77836 ± 0.00025        (1.95mi) ┃-0.58576 ± 0.00024        (21.6mi) ┃Vegas input parameters:
  ndim 7
  ncomp 1
  nvec 1
  epsrel 0
  epsabs 0
  flags 10
  seed 123456
  mineval 10000000
  maxeval 10000000
  nstart 1000000
  nincrease 1000000
  nbatch 5000
  gridno 0
  statefile ""

Iteration 1:  1000000 integrand evaluations so far
[1] 20.4712 +- 0.625809  	chisq 0 (0 df)

Iteration 2:  3000000 integrand evaluations so far
[1] 21.4139 +- 0.181136  	chisq 2.47645 (1 df)

Iteration 3:  6000000 integrand evaluations so far
[1] 21.2988 +- 0.111742  	chisq 3.12748 (2 df)

Iteration 4:  10000000 integrand evaluations so far
[1] 21.2826 +- 0.0916814  	chisq 3.19225 (3 df)
  21.283 ±  0.092        ( 21.7s) ┃  21.475 ±  0.092        (23.9mi) ┃
┃   98 -   100 ┃   39 -    40 ┃ 0.50608 ± 0.00011        (5.07mi) ┃-0.376896 ± 9.7e-05        (20.5mi) ┃Vegas input parameters:
  ndim 7
  ncomp 1
  nvec 1
  epsrel 0
  epsabs 0
  flags 10
  seed 123456
  mineval 10000000
  maxeval 10000000
  nstart 1000000
  nincrease 1000000
  nbatch 5000
  gridno 0
  statefile ""

Iteration 1:  1000000 integrand evaluations so far
[1] 19.772 +- 0.610402  	chisq 0 (0 df)

Iteration 2:  3000000 integrand evaluations so far
[1] 20.9516 +- 0.177966  	chisq 4.08108 (1 df)

Iteration 3:  6000000 integrand evaluations so far
[1] 20.9679 +- 0.110517  	chisq 4.09484 (2 df)

Iteration 4:  10000000 integrand evaluations so far
[1] 20.9921 +- 0.0871906  	chisq 4.22114 (3 df)
  20.992 ±  0.087        ( 21.7s) ┃  21.121 ±  0.087        (25.9mi) ┃
┃   98 -   100 ┃   40 -    41 ┃ 0.69579 ± 0.00046        (2.17mi) ┃-0.52846 ± 0.00025        (20.3mi) ┃Vegas input parameters:
  ndim 7
  ncomp 1
  nvec 1
  epsrel 0
  epsabs 0
  flags 10
  seed 123456
  mineval 10000000
  maxeval 10000000
  nstart 1000000
  nincrease 1000000
  nbatch 5000
  gridno 0
  statefile ""

Iteration 1:  1000000 integrand evaluations so far
[1] 21.2334 +- 0.62888  	chisq 0 (0 df)

Iteration 2:  3000000 integrand evaluations so far
[1] 20.854 +- 0.177231  	chisq 0.395404 (1 df)

Iteration 3:  6000000 integrand evaluations so far
[1] 20.9476 +- 0.110089  	chisq 0.84964 (2 df)

Iteration 4:  10000000 integrand evaluations so far
[1] 20.9108 +- 0.0825382  	chisq 1.1052 (3 df)
  20.911 ±  0.083        ( 22.4s) ┃  21.078 ±  0.083        (22.8mi) ┃
┃   98 -   100 ┃   41 -    42 ┃ 0.75919 ± 0.00067        ( 19.3s) ┃-0.57052 ± 0.00018        (40.3mi) ┃Vegas input parameters:
  ndim 7
  ncomp 1
  nvec 1
  epsrel 0
  epsabs 0
  flags 10
  seed 123456
  mineval 10000000
  maxeval 10000000
  nstart 1000000
  nincrease 1000000
  nbatch 5000
  gridno 0
  statefile ""

Iteration 1:  1000000 integrand evaluations so far
[1] 20.614 +- 0.613974  	chisq 0 (0 df)

Iteration 2:  3000000 integrand evaluations so far
[1] 20.5213 +- 0.174292  	chisq 0.024781 (1 df)

Iteration 3:  6000000 integrand evaluations so far
[1] 20.4409 +- 0.109584  	chisq 0.37696 (2 df)

Iteration 4:  10000000 integrand evaluations so far
[1] 20.4938 +- 0.0837133  	chisq 0.937671 (3 df)
  20.494 ±  0.084        ( 21.6s) ┃  20.682 ±  0.084        (  41mi) ┃
┃   98 -   100 ┃   42 -    43 ┃ 0.57188 ± 0.00012        (4.36mi) ┃-0.43313 ± 0.00036        (20.3mi) ┃Vegas input parameters:
  ndim 7
  ncomp 1
  nvec 1
  epsrel 0
  epsabs 0
  flags 10
  seed 123456
  mineval 10000000
  maxeval 10000000
  nstart 1000000
  nincrease 1000000
  nbatch 5000
  gridno 0
  statefile ""

Iteration 1:  1000000 integrand evaluations so far
[1] 20.4972 +- 0.61312  	chisq 0 (0 df)

Iteration 2:  3000000 integrand evaluations so far
[1] 20.0405 +- 0.170901  	chisq 0.601835 (1 df)

Iteration 3:  6000000 integrand evaluations so far
[1] 20.2218 +- 0.106548  	chisq 2.44375 (2 df)

Iteration 4:  10000000 integrand evaluations so far
[1] 20.2474 +- 0.0816368  	chisq 2.58351 (3 df)
  20.247 ±  0.082        ( 21.6s) ┃  20.386 ±  0.082        (  25mi) ┃
┃   98 -   100 ┃   43 -    44 ┃ 0.92134 ± 0.00085        (2.33mi) ┃-0.68214 ± 0.0003        (2.62mi) ┃Vegas input parameters:
  ndim 7
  ncomp 1
  nvec 1
  epsrel 0
  epsabs 0
  flags 10
  seed 123456
  mineval 10000000
  maxeval 10000000
  nstart 1000000
  nincrease 1000000
  nbatch 5000
  gridno 0
  statefile ""

Iteration 1:  1000000 integrand evaluations so far
[1] 20.1356 +- 0.602703  	chisq 0 (0 df)

Iteration 2:  3000000 integrand evaluations so far
[1] 20.0404 +- 0.170975  	chisq 0.0271281 (1 df)

Iteration 3:  6000000 integrand evaluations so far
[1] 20.2446 +- 0.115137  	chisq 2.63822 (2 df)

Iteration 4:  10000000 integrand evaluations so far
[1] 20.1242 +- 0.0848519  	chisq 5.03431 (3 df)
  20.124 ±  0.085        ( 22.5s) ┃  20.363 ±  0.085        (5.32mi) ┃
┃   98 -   100 ┃   44 -    45 ┃ 0.71596 ± 0.00036        (4.27mi) ┃-0.53694 ± 0.00035        (10.3mi) ┃Vegas input parameters:
  ndim 7
  ncomp 1
  nvec 1
  epsrel 0
  epsabs 0
  flags 10
  seed 123456
  mineval 10000000
  maxeval 10000000
  nstart 1000000
  nincrease 1000000
  nbatch 5000
  gridno 0
  statefile ""

Iteration 1:  1000000 integrand evaluations so far
[1] 19.439 +- 0.586322  	chisq 0 (0 df)

Iteration 2:  3000000 integrand evaluations so far
[1] 19.654 +- 0.168564  	chisq 0.14648 (1 df)

Iteration 3:  6000000 integrand evaluations so far
[1] 19.9221 +- 0.10501  	chisq 4.28312 (2 df)

Iteration 4:  10000000 integrand evaluations so far
[1] 19.8189 +- 0.07707  	chisq 6.37784 (3 df)
  19.819 ±  0.077        ( 23.2s) ┃  19.998 ±  0.077        (  15mi) ┃
┃   98 -   100 ┃   45 -    46 ┃ 0.62398 ± 0.00039        (2.23mi) ┃-0.47339 ± 0.00024        (2.62mi) ┃Vegas input parameters:
  ndim 7
  ncomp 1
  nvec 1
  epsrel 0
  epsabs 0
  flags 10
  seed 123456
  mineval 10000000
  maxeval 10000000
  nstart 1000000
  nincrease 1000000
  nbatch 5000
  gridno 0
  statefile ""

Iteration 1:  1000000 integrand evaluations so far
[1] 20.6679 +- 0.60369  	chisq 0 (0 df)

Iteration 2:  3000000 integrand evaluations so far
[1] 19.7298 +- 0.167968  	chisq 2.61756 (1 df)

Iteration 3:  6000000 integrand evaluations so far
[1] 19.6068 +- 0.107576  	chisq 3.52653 (2 df)

Iteration 4:  10000000 integrand evaluations so far
[1] 19.679 +- 0.0810392  	chisq 4.56826 (3 df)
  19.679 ±  0.081        ( 22.4s) ┃   19.83 ±  0.081        (5.22mi) ┃
┃   98 -   100 ┃   46 -    47 ┃ 0.62408 ± 0.00038        (2.25mi) ┃-0.47063 ± 0.00032        (2.62mi) ┃Vegas input parameters:
  ndim 7
  ncomp 1
  nvec 1
  epsrel 0
  epsabs 0
  flags 10
  seed 123456
  mineval 10000000
  maxeval 10000000
  nstart 1000000
  nincrease 1000000
  nbatch 5000
  gridno 0
  statefile ""

Iteration 1:  1000000 integrand evaluations so far
[1] 19.4114 +- 0.583107  	chisq 0 (0 df)

Iteration 2:  3000000 integrand evaluations so far
[1] 19.8455 +- 0.166452  	chisq 0.603402 (1 df)

Iteration 3:  6000000 integrand evaluations so far
[1] 19.5804 +- 0.106941  	chisq 4.9206 (2 df)

Iteration 4:  10000000 integrand evaluations so far
[1] 19.6049 +- 0.0790766  	chisq 5.03607 (3 df)
  19.605 ±  0.079        ( 22.2s) ┃  19.758 ±  0.079        (5.24mi) ┃
┃   98 -   100 ┃   47 -    48 ┃ 0.91657 ± 0.00055        (4.46mi) ┃-0.68774 ± 0.00031        (20.9mi) ┃Vegas input parameters:
  ndim 7
  ncomp 1
  nvec 1
  epsrel 0
  epsabs 0
  flags 10
  seed 123456
  mineval 10000000
  maxeval 10000000
  nstart 1000000
  nincrease 1000000
  nbatch 5000
  gridno 0
  statefile ""

Iteration 1:  1000000 integrand evaluations so far
[1] 20.2704 +- 0.588432  	chisq 0 (0 df)

Iteration 2:  3000000 integrand evaluations so far
[1] 19.4092 +- 0.164022  	chisq 2.32283 (1 df)

Iteration 3:  6000000 integrand evaluations so far
[1] 19.3056 +- 0.101515  	chisq 2.96955 (2 df)

Iteration 4:  10000000 integrand evaluations so far
[1] 19.3708 +- 0.0785267  	chisq 3.9968 (3 df)
  19.371 ±  0.079        ( 21.7s) ┃    19.6 ±  0.079        (25.7mi) ┃
┃   98 -   100 ┃   48 -    49 ┃0.684273 ± 2.6e-05        (8.67mi) ┃-0.51254 ± 0.00038        (5.18mi) ┃Vegas input parameters:
  ndim 7
  ncomp 1
  nvec 1
  epsrel 0
  epsabs 0
  flags 10
  seed 123456
  mineval 10000000
  maxeval 10000000
  nstart 1000000
  nincrease 1000000
  nbatch 5000
  gridno 0
  statefile ""

Iteration 1:  1000000 integrand evaluations so far
[1] 19.1223 +- 0.567822  	chisq 0 (0 df)

Iteration 2:  3000000 integrand evaluations so far
[1] 18.9897 +- 0.162116  	chisq 0.0593669 (1 df)

Iteration 3:  6000000 integrand evaluations so far
[1] 18.9682 +- 0.100414  	chisq 0.0876789 (2 df)

Iteration 4:  10000000 integrand evaluations so far
[1] 19.0365 +- 0.0741268  	chisq 1.10213 (3 df)
  19.036 ±  0.074        ( 22.3s) ┃  19.208 ±  0.074        (14.2mi) ┃
┃   98 -   100 ┃   49 -    50 ┃ 0.85345 ± 0.00067        (   13s) ┃-0.65288 ± 0.00031        (7.78mi) ┃Vegas input parameters:
  ndim 7
  ncomp 1
  nvec 1
  epsrel 0
  epsabs 0
  flags 10
  seed 123456
  mineval 10000000
  maxeval 10000000
  nstart 1000000
  nincrease 1000000
  nbatch 5000
  gridno 0
  statefile ""

Iteration 1:  1000000 integrand evaluations so far
[1] 19.1399 +- 0.567056  	chisq 0 (0 df)

Iteration 2:  3000000 integrand evaluations so far
[1] 19.2572 +- 0.162572  	chisq 0.046641 (1 df)

Iteration 3:  6000000 integrand evaluations so far
[1] 19.1724 +- 0.105296  	chisq 0.515397 (2 df)

Iteration 4:  10000000 integrand evaluations so far
[1] 19.139 +- 0.0776437  	chisq 0.735366 (3 df)
  19.139 ±  0.078        ( 22.2s) ┃   19.34 ±  0.078        (8.37mi) ┃
┃   98 -   100 ┃   50 -    51 ┃ 0.65271 ± 0.0006        (1.09mi) ┃-0.49165 ± 0.00037        (1.33mi) ┃Vegas input parameters:
  ndim 7
  ncomp 1
  nvec 1
  epsrel 0
  epsabs 0
  flags 10
  seed 123456
  mineval 10000000
  maxeval 10000000
  nstart 1000000
  nincrease 1000000
  nbatch 5000
  gridno 0
  statefile ""

Iteration 1:  1000000 integrand evaluations so far
[1] 18.352 +- 0.55453  	chisq 0 (0 df)

Iteration 2:  3000000 integrand evaluations so far
[1] 18.8066 +- 0.159713  	chisq 0.732732 (1 df)

Iteration 3:  6000000 integrand evaluations so far
[1] 18.8492 +- 0.0992188  	chisq 0.848669 (2 df)

Iteration 4:  10000000 integrand evaluations so far
[1] 18.8261 +- 0.0730167  	chisq 0.96696 (3 df)
  18.826 ±  0.073        ( 22.2s) ┃  18.987 ±  0.073        (2.79mi) ┃
┃   98 -   100 ┃   51 -    52 ┃ 0.66323 ± 0.00047        (2.21mi) ┃-0.49915 ± 0.00034        (10.4mi) ┃Vegas input parameters:
  ndim 7
  ncomp 1
  nvec 1
  epsrel 0
  epsabs 0
  flags 10
  seed 123456
  mineval 10000000
  maxeval 10000000
  nstart 1000000
  nincrease 1000000
  nbatch 5000
  gridno 0
  statefile ""

Iteration 1:  1000000 integrand evaluations so far
[1] 18.7433 +- 0.555338  	chisq 0 (0 df)

Iteration 2:  3000000 integrand evaluations so far
[1] 18.7863 +- 0.159327  	chisq 0.00653613 (1 df)

Iteration 3:  6000000 integrand evaluations so far
[1] 18.7056 +- 0.105375  	chisq 0.463214 (2 df)

Iteration 4:  10000000 integrand evaluations so far
[1] 18.703 +- 0.0779789  	chisq 0.464568 (3 df)
  18.703 ±  0.078        ( 22.1s) ┃  18.867 ±  0.078        (  13mi) ┃
┃   98 -   100 ┃   52 -    53 ┃ 0.73214 ± 0.00042        ( 19.5s) ┃-0.55221 ± 0.00017        (5.38mi) ┃Vegas input parameters:
  ndim 7
  ncomp 1
  nvec 1
  epsrel 0
  epsabs 0
  flags 10
  seed 123456
  mineval 10000000
  maxeval 10000000
  nstart 1000000
  nincrease 1000000
  nbatch 5000
  gridno 0
  statefile ""

Iteration 1:  1000000 integrand evaluations so far
[1] 18.954 +- 0.557448  	chisq 0 (0 df)

Iteration 2:  3000000 integrand evaluations so far
[1] 18.4726 +- 0.157186  	chisq 0.810255 (1 df)

Iteration 3:  6000000 integrand evaluations so far
[1] 18.5598 +- 0.0978713  	chisq 1.31365 (2 df)

Iteration 4:  10000000 integrand evaluations so far
[1] 18.5489 +- 0.0721103  	chisq 1.34069 (3 df)
  18.549 ±  0.072        ( 21.4s) ┃  18.729 ±  0.072        (6.06mi) ┃
┃   98 -   100 ┃   53 -    54 ┃ 0.84263 ± 0.00061        ( 19.8s) ┃-0.63062 ± 0.00046        (2.69mi) ┃Vegas input parameters:
  ndim 7
  ncomp 1
  nvec 1
  epsrel 0
  epsabs 0
  flags 10
  seed 123456
  mineval 10000000
  maxeval 10000000
  nstart 1000000
  nincrease 1000000
  nbatch 5000
  gridno 0
  statefile ""

Iteration 1:  1000000 integrand evaluations so far
[1] 18.4615 +- 0.552277  	chisq 0 (0 df)

Iteration 2:  3000000 integrand evaluations so far
[1] 18.2783 +- 0.156447  	chisq 0.119574 (1 df)

Iteration 3:  6000000 integrand evaluations so far
[1] 18.3854 +- 0.0970901  	chisq 0.881099 (2 df)

Iteration 4:  10000000 integrand evaluations so far
[1] 18.4874 +- 0.074176  	chisq 3.53297 (3 df)
  18.487 ±  0.074        ( 22.2s) ┃  18.699 ±  0.074        (3.39mi) ┃
┃   98 -   100 ┃   54 -    55 ┃ 0.61724 ± 0.00051        (4.42mi) ┃-0.46812 ± 0.00017        (5.35mi) ┃Vegas input parameters:
  ndim 7
  ncomp 1
  nvec 1
  epsrel 0
  epsabs 0
  flags 10
  seed 123456
  mineval 10000000
  maxeval 10000000
  nstart 1000000
  nincrease 1000000
  nbatch 5000
  gridno 0
  statefile ""

Iteration 1:  1000000 integrand evaluations so far
[1] 18.4282 +- 0.548129  	chisq 0 (0 df)

Iteration 2:  3000000 integrand evaluations so far
[1] 18.2921 +- 0.155215  	chisq 0.0669953 (1 df)

Iteration 3:  6000000 integrand evaluations so far
[1] 18.2302 +- 0.0962876  	chisq 0.325967 (2 df)

Iteration 4:  10000000 integrand evaluations so far
[1] 18.2447 +- 0.0709193  	chisq 0.375874 (3 df)
  18.245 ±  0.071        ( 22.4s) ┃  18.394 ±  0.071        (10.1mi) ┃
┃   98 -   100 ┃   55 -    56 ┃ 0.58073 ± 0.00037        (1.17mi) ┃-0.43874 ± 0.00033        (10.6mi) ┃Vegas input parameters:
  ndim 7
  ncomp 1
  nvec 1
  epsrel 0
  epsabs 0
  flags 10
  seed 123456
  mineval 10000000
  maxeval 10000000
  nstart 1000000
  nincrease 1000000
  nbatch 5000
  gridno 0
  statefile ""

Iteration 1:  1000000 integrand evaluations so far
[1] 18.2916 +- 0.549288  	chisq 0 (0 df)

Iteration 2:  3000000 integrand evaluations so far
[1] 18.4057 +- 0.1551  	chisq 0.0468887 (1 df)

Iteration 3:  6000000 integrand evaluations so far
[1] 18.1418 +- 0.0955605  	chisq 4.71251 (2 df)

Iteration 4:  10000000 integrand evaluations so far
[1] 18.1693 +- 0.0720071  	chisq 4.90346 (3 df)
  18.169 ±  0.072        ( 21.7s) ┃  18.311 ±  0.072        (12.2mi) ┃
┃   98 -   100 ┃   56 -    57 ┃0.594374 ± 9.3e-05        (2.23mi) ┃ -0.4391 ± 0.00017        (1.41mi) ┃Vegas input parameters:
  ndim 7
  ncomp 1
  nvec 1
  epsrel 0
  epsabs 0
  flags 10
  seed 123456
  mineval 10000000
  maxeval 10000000
  nstart 1000000
  nincrease 1000000
  nbatch 5000
  gridno 0
  statefile ""

Iteration 1:  1000000 integrand evaluations so far
[1] 18.253 +- 0.542052  	chisq 0 (0 df)

Iteration 2:  3000000 integrand evaluations so far
[1] 18.2232 +- 0.154031  	chisq 0.00330417 (1 df)

Iteration 3:  6000000 integrand evaluations so far
[1] 18.109 +- 0.0977597  	chisq 0.923681 (2 df)

Iteration 4:  10000000 integrand evaluations so far
[1] 18.0553 +- 0.0724403  	chisq 1.59284 (3 df)
  18.055 ±  0.072        ( 22.1s) ┃  18.211 ±  0.072        (4.01mi) ┃
┃   98 -   100 ┃   57 -    58 ┃ 0.65892 ± 0.00052        (2.23mi) ┃-0.49896 ± 0.00048        (  11mi) ┃Vegas input parameters:
  ndim 7
  ncomp 1
  nvec 1
  epsrel 0
  epsabs 0
  flags 10
  seed 123456
  mineval 10000000
  maxeval 10000000
  nstart 1000000
  nincrease 1000000
  nbatch 5000
  gridno 0
  statefile ""

Iteration 1:  1000000 integrand evaluations so far
[1] 18.9159 +- 0.55832  	chisq 0 (0 df)

Iteration 2:  3000000 integrand evaluations so far
[1] 18.1666 +- 0.175209  	chisq 1.99767 (1 df)

Iteration 3:  6000000 integrand evaluations so far
[1] 18.0428 +- 0.105681  	chisq 2.78254 (2 df)

Iteration 4:  10000000 integrand evaluations so far
[1] 18.1013 +- 0.076108  	chisq 3.41964 (3 df)
  18.101 ±  0.076        ( 21.9s) ┃  18.261 ±  0.076        (13.6mi) ┃
┃   98 -   100 ┃   58 -    59 ┃ 0.80522 ± 0.00061        (1.18mi) ┃-0.60404 ± 0.00059        (5.45mi) ┃Vegas input parameters:
  ndim 7
  ncomp 1
  nvec 1
  epsrel 0
  epsabs 0
  flags 10
  seed 123456
  mineval 10000000
  maxeval 10000000
  nstart 1000000
  nincrease 1000000
  nbatch 5000
  gridno 0
  statefile ""

Iteration 1:  1000000 integrand evaluations so far
[1] 17.4091 +- 0.528091  	chisq 0 (0 df)

Iteration 2:  3000000 integrand evaluations so far
[1] 18.0187 +- 0.152815  	chisq 1.45443 (1 df)

Iteration 3:  6000000 integrand evaluations so far
[1] 17.8698 +- 0.0979954  	chisq 3.06791 (2 df)

Iteration 4:  10000000 integrand evaluations so far
[1] 17.8348 +- 0.0721764  	chisq 3.34683 (3 df)
  17.835 ±  0.072        ( 21.6s) ┃  18.036 ±  0.072        (   7mi) ┃
┃   98 -   100 ┃   59 -    60 ┃ 0.63545 ± 0.0006        ( 47.5s) ┃-0.47409 ± 0.00027        (5.52mi) ┃Vegas input parameters:
  ndim 7
  ncomp 1
  nvec 1
  epsrel 0
  epsabs 0
  flags 10
  seed 123456
  mineval 10000000
  maxeval 10000000
  nstart 1000000
  nincrease 1000000
  nbatch 5000
  gridno 0
  statefile ""

Iteration 1:  1000000 integrand evaluations so far
[1] 17.6641 +- 0.527976  	chisq 0 (0 df)

Iteration 2:  3000000 integrand evaluations so far
[1] 17.8437 +- 0.152271  	chisq 0.12619 (1 df)

Iteration 3:  6000000 integrand evaluations so far
[1] 17.8551 +- 0.0980845  	chisq 0.135847 (2 df)

Iteration 4:  10000000 integrand evaluations so far
[1] 17.8445 +- 0.0723679  	chisq 0.161633 (3 df)
  17.844 ±  0.072        ( 22.3s) ┃  18.006 ±  0.072        (6.68mi) ┃
┣━━━━━━━━━━━━━━╋━━━━━━━━━━━━━━╋━━━━━━━━━━━━━━━━━━━━━━━━━━━━━━━━━━╋━━━━━━━━━━━━━━━━━━━━━━━━━━━━━━━━━━╋━━━━━━━━━━━━━━━━━━━━━━━━━━━━━━━━━━╋━━━━━━━━━━━━━━━━━━━━━━━━━━━━━━━━━━┫
┃   96 -   100 ┃   25 -    60 ┃ 62.1473 ± 0.0049        (4.41hr) ┃-46.3541 ± 0.0035        (  18hr) ┃ 1.51932 ± 0.00075 ·10⁺⁰³ (30.1mi) ┃ 1.53511 ± 0.00075 ·10⁺⁰³ (  23hr) ┃
┗━━━━━━━━━━━━━━┻━━━━━━━━━━━━━━┻━━━━━━━━━━━━━━━━━━━━━━━━━━━━━━━━━━┻━━━━━━━━━━━━━━━━━━━━━━━━━━━━━━━━━━┻━━━━━━━━━━━━━━━━━━━━━━━━━━━━━━━━━━┻━━━━━━━━━━━━━━━━━━━━━━━━━━━━━━━━━━┛

╍╍╍╍╍╍╍╍╍╍╍╍╍╍╍╍╍╍╍╍╍╍╍╍╍╍╍╍╍╍╍╍ Summary ╍╍╍╍╍╍╍╍╍╍╍╍╍╍╍╍╍╍╍╍╍╍╍╍╍╍╍╍╍╍╍
      Total cross section                    1.53511 ± 0.00075          pb
         Calculation time                                 23       hours
              Output file                    outputs/qt_qt96_100_NLL_muR0.5_muF0.5.root            
      Result in text file                    outputs/qt_qt96_100_NLL_muR0.5_muF0.5.txt            

╍╍╍╍╍╍╍╍╍╍╍╍╍╍╍╍╍╍╍╍╍╍╍╍╍╍╍╍╍╍╍╍╍╍╍╍╍╍╍╍╍╍╍╍╍╍╍╍╍╍╍╍╍╍╍╍╍╍╍╍╍╍╍╍╍╍╍╍╍╍╍╍

