
╍╍╍╍╍╍╍╍╍╍╍╍╍╍╍╍╍╍╍╍╍╍╍╍╍╍╍ Process settings ╍╍╍╍╍╍╍╍╍╍╍╍╍╍╍╍╍╍╍╍╍╍╍╍╍╍╍
   proton-proton collisions at sqrt(s) = 13000 GeV 
   Computing NNLO+NNLL resummed cross section
   W+ ->  nu(p3)+e+(p4) production 

╍╍╍╍╍╍╍╍╍╍╍╍╍╍╍╍╍╍╍╍╍╍╍╍╍╍╍╍╍╍ CKM matrix ╍╍╍╍╍╍╍╍╍╍╍╍╍╍╍╍╍╍╍╍╍╍╍╍╍╍╍╍╍╍
     | Vud Vus Vub |   |   0.97427   0.2253  0.00351 | 
     | Vcd Vcs Vcb | = |    0.2252  0.97344   0.0412 | 
     | Vtd Vts Vtb |   |         0        0        0 | 

╍╍╍╍╍╍╍╍╍╍╍╍╍╍╍╍╍╍╍╍╍╍╍╍╍╍╍╍╍ EW parameters ╍╍╍╍╍╍╍╍╍╍╍╍╍╍╍╍╍╍╍╍╍╍╍╍╍╍╍╍
                                         Gf =  1.1663787e-05      GeV^-2
                                    1/alpha =  132.233229791            
                                 sin(thW)^2 = 0.222897222524            
                                     W mass =         80.385         GeV
                                     Z mass =        91.1876         GeV
                                    W width =          2.091         GeV
                                    Z width =          2.495         GeV

╍╍╍╍╍╍╍╍╍╍╍╍╍╍╍╍╍╍╍╍╍╍╍╍╍╍╍╍╍ QCD settings ╍╍╍╍╍╍╍╍╍╍╍╍╍╍╍╍╍╍╍╍╍╍╍╍╍╍╍╍╍
   Renormalization scale:     dynamic muren =            0.5      * m_ll
     Factorization scale:     dynamic mufac =              1      * m_ll
       Resummation scale:     dynamic mures =              1      * m_ll
          Strong coupling       alpha_s(MZ) =       0.118001            
                              running order =              3       -loop
         Non-perturbative     form factor g =            0.7       GeV^2

╍╍╍╍╍╍╍╍╍╍╍╍╍╍╍╍╍╍╍╍╍╍╍╍╍╍╍╍╍ PDF settings ╍╍╍╍╍╍╍╍╍╍╍╍╍╍╍╍╍╍╍╍╍╍╍╍╍╍╍╍╍
                                     PDF set:MSHT20nnlo_as118            
                                  PDF member:              0            
  Mellin moments of PDFs:                    Numerical integration            
                         nodes for the quadrature:            200            
                         Intervals for the quadrature:              1            

╍╍╍╍╍╍╍╍╍╍╍╍╍╍╍╍╍╍╍╍╍╍╍╍╍╍╍╍╍╍╍ qT recoil ╍╍╍╍╍╍╍╍╍╍╍╍╍╍╍╍╍╍╍╍╍╍╍╍╍╍╍╍╍╍
  qt-recoil prescription:       Collins-Soper kt1 = p_V(x)/2; kt2 = p_V(y)/2            

╍╍╍╍╍╍╍╍╍╍╍╍╍╍╍╍╍╍╍╍╍╍╍╍╍╍╍╍╍╍╍╍╍ Cuts ╍╍╍╍╍╍╍╍╍╍╍╍╍╍╍╍╍╍╍╍╍╍╍╍╍╍╍╍╍╍╍╍╍
                                  apply cuts:           true            
                                      pt_l >               0            
                                   |eta_l| <            1000            
                                    pt_lep >              25            
                                 |eta_lep| <             2.4            
                                   pt_alep >              25            
                                |eta_alep| <             2.4            
                                  user cuts:            true            

╍╍╍╍╍╍╍╍╍╍╍╍╍╍╍╍╍╍╍╍╍╍╍╍╍╍╍╍ ResummationDamp ╍╍╍╍╍╍╍╍╍╍╍╍╍╍╍╍╍╍╍╍╍╍╍╍╍╍╍
                                    damping :             on            
                                damping mode:              1            
                                  damp above:        60.2888         GeV
                               damping width:        20.0963         GeV
                          resummation cutoff:             20         MeV

╍╍╍╍╍╍╍╍╍╍╍╍╍╍╍╍╍╍╍╍╍╍╍╍╍╍╍╍ Debug settings ╍╍╍╍╍╍╍╍╍╍╍╍╍╍╍╍╍╍╍╍╍╍╍╍╍╍╍╍
                                 timeprofile:          false            
                                     verbose:          false            
                               cubaverbosity:              2            

╍╍╍╍╍╍╍╍╍╍╍╍╍╍╍╍╍╍╍╍╍╍╍╍╍╍╍╍╍╍╍╍╍╍╍╍╍╍╍╍╍╍╍╍╍╍╍╍╍╍╍╍╍╍╍╍╍╍╍╍╍╍╍╍╍╍╍╍╍╍╍╍

Warning: Histogram `a1_qt` contains non-integrable observable and will be deleted 
Warning: Histogram `a1_qt_vs_y` contains non-integrable observable and will be deleted 
Warning: Histogram `s_biganswer` contains non-integrable observable and will be deleted 
Warning: Histogram `wgt_a1_qt` contains non-integrable observable and will be deleted 

╍╍╍╍╍╍╍╍╍╍╍╍╍╍╍╍╍╍╍╍╍╍╍╍╍ Integration settings ╍╍╍╍╍╍╍╍╍╍╍╍╍╍╍╍╍╍╍╍╍╍╍╍╍
             Random seeds              123456                           
           Parallel cores                   1                           

             Resummation:     cuhre (dm, dpt)         iter =           5
                                   gauss (dy)        nodes =          64
                                                 intervals =           1
            Counter term:      cuhre (dm, dy)         iter =           5
                                  gauss (dpt)        nodes =          20
                                                 intervals =           5
                V+J Real:               vegas       ncalls =    50000000
             V+J Virtual:               vegas       ncalls =     5000000

Mellin inverse transform:           gaussian         nodes =          30
                                                 intervals =           1
                               imaginary axis         zmax =           2
  Angular variable costh:     semi-analytical      ncstart =         100
   Angular variables phi:            gaussian    intervals =          20

      Constant boundaries                  q2          low =          80
                                                      high =         100
                                            y          low =          -6
                                                      high =           6
                                        costh          low =          -1
                                                      high =           1
                                       eta(l)          low =         -10
                                                      high =          10

┏━━━━━━━━━━━━━━┰━━━━━━━━━━━━━━┰━━━━━━━━━━━━━━━━━━━━━━━━━━━━━━━━━━┰━━━━━━━━━━━━━━━━━━━━━━━━━━━━━━━━━━┰━━━━━━━━━━━━━━━━━━━━━━━━━━━━━━━━━━┰━━━━━━━━━━━━━━━━━━━━━━━━━━━━━━━━━━┰━━━━━━━━━━━━━━━━━━━━━━━━━━━━━━━━━━┓
┃           qT ┃        pT(l) ┃                      Resummation ┃                     Counter term ┃                         V+J Real ┃                      V+J Virtual ┃                            TOTAL ┃
┣━━━━━━━━━━━━━━╋━━━━━━━━━━━━━━╋━━━━━━━━━━━━━━━━━━━━━━━━━━━━━━━━━━╋━━━━━━━━━━━━━━━━━━━━━━━━━━━━━━━━━━╋━━━━━━━━━━━━━━━━━━━━━━━━━━━━━━━━━━╋━━━━━━━━━━━━━━━━━━━━━━━━━━━━━━━━━━╋━━━━━━━━━━━━━━━━━━━━━━━━━━━━━━━━━━┫
┃    0 -     2 ┃   25 -    26 ┃  1.5004 ± 0.00052 ·10⁺⁰³ (1.79mi) ┃  8.6229 ± 0.0082 ·10⁺⁰³ (18.9mi) ┃Vegas input parameters:
  ndim 10
  ncomp 1
  nvec 1
  epsrel 0
  epsabs 0
  flags 10
  seed 123456
  mineval 50000000
  maxeval 50000000
  nstart 1000000
  nincrease 1000000
  nbatch 5000
  gridno 0
  statefile ""

Iteration 1:  1000000 integrand evaluations so far
[1] -1.94592e+06 +- 1.8967e+06  	chisq 0 (0 df)

Iteration 2:  3000000 integrand evaluations so far
[1] -57990.1 +- 19712.8  	chisq 0.990877 (1 df)

Iteration 3:  6000000 integrand evaluations so far
[1] -49093.4 +- 3433.87  	chisq 1.20094 (2 df)

Iteration 4:  10000000 integrand evaluations so far
[1] -48871.2 +- 3422.91  	chisq 1.85766 (3 df)

Iteration 5:  15000000 integrand evaluations so far
[1] -51289.6 +- 2715.88  	chisq 3.20519 (4 df)

Iteration 6:  21000000 integrand evaluations so far
[1] -57591 +- 1658.41  	chisq 11.7894 (5 df)

Iteration 7:  28000000 integrand evaluations so far
[1] -58639.1 +- 1402.38  	chisq 13.1911 (6 df)

Iteration 8:  36000000 integrand evaluations so far
[1] -60157.2 +- 1084.85  	chisq 16.109 (7 df)

Iteration 9:  45000000 integrand evaluations so far
[1] -60046.2 +- 1054.41  	chisq 16.2982 (8 df)

Iteration 10:  55000000 integrand evaluations so far
[1] -60924.9 +- 947.14  	chisq 19.8941 (9 df)
  -60.92 ±   0.95 ·10⁺⁰³ (4.19mi) ┃Vegas input parameters:
  ndim 8
  ncomp 1
  nvec 1
  epsrel 0
  epsabs 0
  flags 10
  seed 123456
  mineval 5000000
  maxeval 50000000
  nstart 1000000
  nincrease 1000000
  nbatch 5000
  gridno 0
  statefile ""

Iteration 1:  1000000 integrand evaluations so far
[1] 28025.6 +- 10178.4  	chisq 0 (0 df)

Iteration 2:  3000000 integrand evaluations so far
[1] 32679.4 +- 5745.29  	chisq 0.306799 (1 df)

Iteration 3:  6000000 integrand evaluations so far
[1] 35798.6 +- 2187.14  	chisq 0.651523 (2 df)

Iteration 4:  10000000 integrand evaluations so far
[1] 40138.2 +- 1817  	chisq 13.3576 (3 df)

Iteration 5:  15000000 integrand evaluations so far
[1] 42069.5 +- 1728.66  	chisq 25.2662 (4 df)

Iteration 6:  21000000 integrand evaluations so far
[1] 52574.5 +- 738.234  	chisq 70.4332 (5 df)

Iteration 7:  28000000 integrand evaluations so far
[1] 55068.7 +- 285.369  	chisq 83.8532 (6 df)

Iteration 8:  36000000 integrand evaluations so far
[1] 55503.5 +- 150.524  	chisq 87.07 (7 df)

Iteration 9:  45000000 integrand evaluations so far
[1] 55643 +- 102.645  	chisq 88.6755 (8 df)

Iteration 10:  55000000 integrand evaluations so far
[1] 55710.8 +- 79.2667  	chisq 89.7562 (9 df)
  55.711 ±  0.079 ·10⁺⁰³ (1.72mi) ┃    4.91 ±   0.95 ·10⁺⁰³ (26.6mi) ┃
┃    0 -     2 ┃   26 -    27 ┃  2.3654 ± 0.0017 ·10⁺⁰³ (3.43mi) ┃ 14.9215 ± 0.0051 ·10⁺⁰³ ( 5.9mi) ┃Vegas input parameters:
  ndim 10
  ncomp 1
  nvec 1
  epsrel 0
  epsabs 0
  flags 10
  seed 123456
  mineval 50000000
  maxeval 50000000
  nstart 1000000
  nincrease 1000000
  nbatch 5000
  gridno 0
  statefile ""

Iteration 1:  1000000 integrand evaluations so far
[1] -72698.8 +- 18192.9  	chisq 0 (0 df)

Iteration 2:  3000000 integrand evaluations so far
[1] -84588 +- 9775.76  	chisq 0.600435 (1 df)

Iteration 3:  6000000 integrand evaluations so far
[1] -87490.3 +- 6925.97  	chisq 0.777406 (2 df)

Iteration 4:  10000000 integrand evaluations so far
[1] -91988.9 +- 5934.47  	chisq 2.36454 (3 df)

Iteration 5:  15000000 integrand evaluations so far
[1] -97776.7 +- 4356.56  	chisq 4.42748 (4 df)

Iteration 6:  21000000 integrand evaluations so far
[1] -100930 +- 2913.27  	chisq 5.37505 (5 df)

Iteration 7:  28000000 integrand evaluations so far
[1] -98301.7 +- 2134.18  	chisq 7.13151 (6 df)

Iteration 8:  36000000 integrand evaluations so far
[1] -99168.8 +- 1939.51  	chisq 8.07945 (7 df)

Iteration 9:  45000000 integrand evaluations so far
[1] -99554.8 +- 1801.83  	chisq 8.36878 (8 df)

Iteration 10:  55000000 integrand evaluations so far
[1] -100212 +- 1608.59  	chisq 9.02387 (9 df)
  -100.2 ±    1.6 ·10⁺⁰³ (4.05mi) ┃Vegas input parameters:
  ndim 8
  ncomp 1
  nvec 1
  epsrel 0
  epsabs 0
  flags 10
  seed 123456
  mineval 5000000
  maxeval 50000000
  nstart 1000000
  nincrease 1000000
  nbatch 5000
  gridno 0
  statefile ""

Iteration 1:  1000000 integrand evaluations so far
[1] 106146 +- 35441.1  	chisq 0 (0 df)

Iteration 2:  3000000 integrand evaluations so far
[1] 74621.8 +- 7386.88  	chisq 0.827098 (1 df)

Iteration 3:  6000000 integrand evaluations so far
[1] 75349.5 +- 7366.88  	chisq 2.62233 (2 df)

Iteration 4:  10000000 integrand evaluations so far
[1] 80700.4 +- 2696.48  	chisq 3.23152 (3 df)

Iteration 5:  15000000 integrand evaluations so far
[1] 82514.7 +- 891.727  	chisq 3.73981 (4 df)

Iteration 6:  21000000 integrand evaluations so far
[1] 83689.3 +- 561.667  	chisq 6.61575 (5 df)

Iteration 7:  28000000 integrand evaluations so far
[1] 83988.3 +- 291.385  	chisq 7.00357 (6 df)

Iteration 8:  36000000 integrand evaluations so far
[1] 84004.2 +- 175.735  	chisq 7.00827 (7 df)

Iteration 9:  45000000 integrand evaluations so far
[1] 83972.1 +- 125.35  	chisq 7.07651 (8 df)

Iteration 10:  55000000 integrand evaluations so far
[1] 84056.3 +- 99.4973  	chisq 8.29686 (9 df)
  84.056 ±  0.099 ·10⁺⁰³ ( 1.9mi) ┃     1.1 ±    1.6 ·10⁺⁰³ (15.3mi) ┃
┃    0 -     2 ┃   27 -    28 ┃  2.8148 ± 0.0015 ·10⁺⁰³ ( 15.6s) ┃ 15.9254 ± 0.0072 ·10⁺⁰³ (5.82mi) ┃Vegas input parameters:
  ndim 10
  ncomp 1
  nvec 1
  epsrel 0
  epsabs 0
  flags 10
  seed 123456
  mineval 50000000
  maxeval 50000000
  nstart 1000000
  nincrease 1000000
  nbatch 5000
  gridno 0
  statefile ""

Iteration 1:  1000000 integrand evaluations so far
[1] -124635 +- 55959.6  	chisq 0 (0 df)

Iteration 2:  3000000 integrand evaluations so far
[1] -122730 +- 22272.9  	chisq 0.00137721 (1 df)

Iteration 3:  6000000 integrand evaluations so far
[1] -132908 +- 16910.6  	chisq 0.494482 (2 df)

Iteration 4:  10000000 integrand evaluations so far
[1] -107289 +- 9092.59  	chisq 3.72303 (3 df)

Iteration 5:  15000000 integrand evaluations so far
[1] -97276.4 +- 4027.71  	chisq 5.23171 (4 df)

Iteration 6:  21000000 integrand evaluations so far
[1] -98315.2 +- 3945.74  	chisq 6.88279 (5 df)

Iteration 7:  28000000 integrand evaluations so far
[1] -99126.6 +- 3597.73  	chisq 7.13354 (6 df)

Iteration 8:  36000000 integrand evaluations so far
[1] -102881 +- 2360.94  	chisq 9.04659 (7 df)

Iteration 9:  45000000 integrand evaluations so far
[1] -105587 +- 1350.62  	chisq 10.9987 (8 df)

Iteration 10:  55000000 integrand evaluations so far
[1] -107076 +- 1226.34  	chisq 17.923 (9 df)
  -107.1 ±    1.2 ·10⁺⁰³ (4.08mi) ┃Vegas input parameters:
  ndim 8
  ncomp 1
  nvec 1
  epsrel 0
  epsabs 0
  flags 10
  seed 123456
  mineval 5000000
  maxeval 50000000
  nstart 1000000
  nincrease 1000000
  nbatch 5000
  gridno 0
  statefile ""

Iteration 1:  1000000 integrand evaluations so far
[1] 77639 +- 26005.1  	chisq 0 (0 df)

Iteration 2:  3000000 integrand evaluations so far
[1] 81379.6 +- 12563.9  	chisq 0.0269896 (1 df)

Iteration 3:  6000000 integrand evaluations so far
[1] 93145.7 +- 6906.07  	chisq 1.28373 (2 df)

Iteration 4:  10000000 integrand evaluations so far
[1] 94937.3 +- 3144.89  	chisq 1.36864 (3 df)

Iteration 5:  15000000 integrand evaluations so far
[1] 95787.9 +- 1036.06  	chisq 1.4507 (4 df)

Iteration 6:  21000000 integrand evaluations so far
[1] 94758 +- 474.481  	chisq 2.70112 (5 df)

Iteration 7:  28000000 integrand evaluations so far
[1] 95499.4 +- 296.719  	chisq 6.71108 (6 df)

Iteration 8:  36000000 integrand evaluations so far
[1] 95257.7 +- 187.334  	chisq 7.81436 (7 df)

Iteration 9:  45000000 integrand evaluations so far
[1] 95111.1 +- 135.489  	chisq 9.09968 (8 df)

Iteration 10:  55000000 integrand evaluations so far
[1] 95211.1 +- 110.097  	chisq 10.7038 (9 df)
   95.21 ±   0.11 ·10⁺⁰³ (1.83mi) ┃     6.9 ±    1.2 ·10⁺⁰³ (  12mi) ┃
┃    0 -     2 ┃   28 -    29 ┃ 2.96952 ± 0.00033 ·10⁺⁰³ ( 56.4s) ┃  17.264 ±  0.014 ·10⁺⁰³ (3.15mi) ┃Vegas input parameters:
  ndim 10
  ncomp 1
  nvec 1
  epsrel 0
  epsabs 0
  flags 10
  seed 123456
  mineval 50000000
  maxeval 50000000
  nstart 1000000
  nincrease 1000000
  nbatch 5000
  gridno 0
  statefile ""

Iteration 1:  1000000 integrand evaluations so far
[1] -113575 +- 37847.9  	chisq 0 (0 df)

Iteration 2:  3000000 integrand evaluations so far
[1] -112473 +- 8407.98  	chisq 0.000891008 (1 df)

Iteration 3:  6000000 integrand evaluations so far
[1] -118651 +- 6524.69  	chisq 1.35799 (2 df)

Iteration 4:  10000000 integrand evaluations so far
[1] -114627 +- 5558.66  	chisq 2.74523 (3 df)

Iteration 5:  15000000 integrand evaluations so far
[1] -118233 +- 3123.16  	chisq 3.35999 (4 df)

Iteration 6:  21000000 integrand evaluations so far
[1] -119528 +- 2908.36  	chisq 4.65424 (5 df)

Iteration 7:  28000000 integrand evaluations so far
[1] -119481 +- 2613.91  	chisq 4.65559 (6 df)

Iteration 8:  36000000 integrand evaluations so far
[1] -120542 +- 2446.82  	chisq 5.9885 (7 df)

Iteration 9:  45000000 integrand evaluations so far
[1] -121093 +- 2015.1  	chisq 6.14556 (8 df)

Iteration 10:  55000000 integrand evaluations so far
[1] -120157 +- 1423.94  	chisq 6.57582 (9 df)
  -120.2 ±    1.4 ·10⁺⁰³ (3.97mi) ┃Vegas input parameters:
  ndim 8
  ncomp 1
  nvec 1
  epsrel 0
  epsabs 0
  flags 10
  seed 123456
  mineval 5000000
  maxeval 50000000
  nstart 1000000
  nincrease 1000000
  nbatch 5000
  gridno 0
  statefile ""

Iteration 1:  1000000 integrand evaluations so far
[1] 112595 +- 41038  	chisq 0 (0 df)

Iteration 2:  3000000 integrand evaluations so far
[1] 89699.4 +- 8775.47  	chisq 0.326181 (1 df)

Iteration 3:  6000000 integrand evaluations so far
[1] 96396 +- 2692.77  	chisq 0.969028 (2 df)

Iteration 4:  10000000 integrand evaluations so far
[1] 98520.3 +- 1462.64  	chisq 1.8519 (3 df)

Iteration 5:  15000000 integrand evaluations so far
[1] 101004 +- 790.476  	chisq 5.92549 (4 df)

Iteration 6:  21000000 integrand evaluations so far
[1] 102450 +- 405.146  	chisq 10.4642 (5 df)

Iteration 7:  28000000 integrand evaluations so far
[1] 102928 +- 235.87  	chisq 12.5682 (6 df)

Iteration 8:  36000000 integrand evaluations so far
[1] 103057 +- 165.402  	chisq 13.1556 (7 df)

Iteration 9:  45000000 integrand evaluations so far
[1] 102911 +- 129.105  	chisq 15.1353 (8 df)

Iteration 10:  55000000 integrand evaluations so far
[1] 102990 +- 107.777  	chisq 16.3583 (9 df)
  102.99 ±   0.11 ·10⁺⁰³ (1.84mi) ┃     3.1 ±    1.4 ·10⁺⁰³ (9.91mi) ┃
┃    0 -     2 ┃   29 -    30 ┃ 3.20748 ± 0.00061 ·10⁺⁰³ ( 57.8s) ┃ 18.6464 ± 0.0061 ·10⁺⁰³ (11.8mi) ┃Vegas input parameters:
  ndim 10
  ncomp 1
  nvec 1
  epsrel 0
  epsabs 0
  flags 10
  seed 123456
  mineval 50000000
  maxeval 50000000
  nstart 1000000
  nincrease 1000000
  nbatch 5000
  gridno 0
  statefile ""

Iteration 1:  1000000 integrand evaluations so far
[1] -192205 +- 108049  	chisq 0 (0 df)

Iteration 2:  3000000 integrand evaluations so far
[1] -110762 +- 31227.4  	chisq 0.619939 (1 df)

Iteration 3:  6000000 integrand evaluations so far
[1] -130772 +- 8946.12  	chisq 1.06726 (2 df)

Iteration 4:  10000000 integrand evaluations so far
[1] -126614 +- 4020.28  	chisq 1.33802 (3 df)

Iteration 5:  15000000 integrand evaluations so far
[1] -130274 +- 3174.18  	chisq 3.53909 (4 df)

Iteration 6:  21000000 integrand evaluations so far
[1] -127889 +- 2284.67  	chisq 4.71079 (5 df)

Iteration 7:  28000000 integrand evaluations so far
[1] -128706 +- 1617.79  	chisq 4.96741 (6 df)

Iteration 8:  36000000 integrand evaluations so far
[1] -129273 +- 1457.63  	chisq 5.62054 (7 df)

Iteration 9:  45000000 integrand evaluations so far
[1] -129067 +- 1423.1  	chisq 6.04706 (8 df)

Iteration 10:  55000000 integrand evaluations so far
[1] -129364 +- 1335.19  	chisq 6.4117 (9 df)
  -129.4 ±    1.3 ·10⁺⁰³ (3.98mi) ┃Vegas input parameters:
  ndim 8
  ncomp 1
  nvec 1
  epsrel 0
  epsabs 0
  flags 10
  seed 123456
  mineval 5000000
  maxeval 50000000
  nstart 1000000
  nincrease 1000000
  nbatch 5000
  gridno 0
  statefile ""

Iteration 1:  1000000 integrand evaluations so far
[1] 133363 +- 36868.3  	chisq 0 (0 df)

Iteration 2:  3000000 integrand evaluations so far
[1] 96708.5 +- 6296.24  	chisq 1.0181 (1 df)

Iteration 3:  6000000 integrand evaluations so far
[1] 101873 +- 2968.45  	chisq 1.88333 (2 df)

Iteration 4:  10000000 integrand evaluations so far
[1] 106861 +- 1958.81  	chisq 6.88396 (3 df)

Iteration 5:  15000000 integrand evaluations so far
[1] 110822 +- 979.469  	chisq 12.3361 (4 df)

Iteration 6:  21000000 integrand evaluations so far
[1] 110392 +- 435.414  	chisq 12.576 (5 df)

Iteration 7:  28000000 integrand evaluations so far
[1] 110615 +- 259.686  	chisq 12.9811 (6 df)

Iteration 8:  36000000 integrand evaluations so far
[1] 110873 +- 183.19  	chisq 14.9467 (7 df)

Iteration 9:  45000000 integrand evaluations so far
[1] 110925 +- 142.931  	chisq 15.1544 (8 df)

Iteration 10:  55000000 integrand evaluations so far
[1] 111126 +- 118.741  	chisq 21.5612 (9 df)
  111.13 ±   0.12 ·10⁺⁰³ (1.76mi) ┃     3.6 ±    1.3 ·10⁺⁰³ (18.5mi) ┃
┃    0 -     2 ┃   30 -    31 ┃  3.6497 ±  0.003 ·10⁺⁰³ (   31s) ┃ 20.1281 ± 0.0071 ·10⁺⁰³ (6.27mi) ┃Vegas input parameters:
  ndim 10
  ncomp 1
  nvec 1
  epsrel 0
  epsabs 0
  flags 10
  seed 123456
  mineval 50000000
  maxeval 50000000
  nstart 1000000
  nincrease 1000000
  nbatch 5000
  gridno 0
  statefile ""

Iteration 1:  1000000 integrand evaluations so far
[1] -87193.6 +- 21456.9  	chisq 0 (0 df)

Iteration 2:  3000000 integrand evaluations so far
[1] -112121 +- 10544.1  	chisq 1.77937 (1 df)

Iteration 3:  6000000 integrand evaluations so far
[1] -117821 +- 8496.87  	chisq 2.61287 (2 df)

Iteration 4:  10000000 integrand evaluations so far
[1] -118498 +- 8477.95  	chisq 4.03941 (3 df)

Iteration 5:  15000000 integrand evaluations so far
[1] -121805 +- 8259.18  	chisq 7.0252 (4 df)

Iteration 6:  21000000 integrand evaluations so far
[1] -134184 +- 5545.33  	chisq 11.116 (5 df)

Iteration 7:  28000000 integrand evaluations so far
[1] -141432 +- 4109.38  	chisq 14.9049 (6 df)

Iteration 8:  36000000 integrand evaluations so far
[1] -139284 +- 3182.74  	chisq 15.5874 (7 df)

Iteration 9:  45000000 integrand evaluations so far
[1] -139721 +- 3044.72  	chisq 15.8098 (8 df)

Iteration 10:  55000000 integrand evaluations so far
[1] -138948 +- 2762.89  	chisq 16.1756 (9 df)
  -138.9 ±    2.8 ·10⁺⁰³ (3.93mi) ┃Vegas input parameters:
  ndim 8
  ncomp 1
  nvec 1
  epsrel 0
  epsabs 0
  flags 10
  seed 123456
  mineval 5000000
  maxeval 50000000
  nstart 1000000
  nincrease 1000000
  nbatch 5000
  gridno 0
  statefile ""

Iteration 1:  1000000 integrand evaluations so far
[1] 81146.7 +- 24114.5  	chisq 0 (0 df)

Iteration 2:  3000000 integrand evaluations so far
[1] 94534.6 +- 7425.07  	chisq 0.340507 (1 df)

Iteration 3:  6000000 integrand evaluations so far
[1] 108225 +- 4597.67  	chisq 5.85432 (2 df)

Iteration 4:  10000000 integrand evaluations so far
[1] 118434 +- 2394.47  	chisq 12.6198 (3 df)

Iteration 5:  15000000 integrand evaluations so far
[1] 120563 +- 838.387  	chisq 13.521 (4 df)

Iteration 6:  21000000 integrand evaluations so far
[1] 119988 +- 368.815  	chisq 14.1039 (5 df)

Iteration 7:  28000000 integrand evaluations so far
[1] 119891 +- 241.923  	chisq 14.227 (6 df)

Iteration 8:  36000000 integrand evaluations so far
[1] 120256 +- 184.541  	chisq 19.6867 (7 df)

Iteration 9:  45000000 integrand evaluations so far
[1] 120210 +- 147.881  	chisq 19.8596 (8 df)

Iteration 10:  55000000 integrand evaluations so far
[1] 120299 +- 124.31  	chisq 21.0932 (9 df)
   120.3 ±   0.12 ·10⁺⁰³ (1.85mi) ┃     5.1 ±    2.8 ·10⁺⁰³ (12.6mi) ┃
┃    0 -     2 ┃   31 -    32 ┃ 3.96571 ± 0.00092 ·10⁺⁰³ (   15s) ┃ 21.7493 ± 0.0029 ·10⁺⁰³ (6.28mi) ┃Vegas input parameters:
  ndim 10
  ncomp 1
  nvec 1
  epsrel 0
  epsabs 0
  flags 10
  seed 123456
  mineval 50000000
  maxeval 50000000
  nstart 1000000
  nincrease 1000000
  nbatch 5000
  gridno 0
  statefile ""

Iteration 1:  1000000 integrand evaluations so far
[1] -250666 +- 82908.4  	chisq 0 (0 df)

Iteration 2:  3000000 integrand evaluations so far
[1] -131392 +- 11098.1  	chisq 2.10738 (1 df)

Iteration 3:  6000000 integrand evaluations so far
[1] -144206 +- 6714.2  	chisq 4.21013 (2 df)

Iteration 4:  10000000 integrand evaluations so far
[1] -148025 +- 4075.6  	chisq 4.72241 (3 df)

Iteration 5:  15000000 integrand evaluations so far
[1] -149311 +- 3809.32  	chisq 5.50997 (4 df)

Iteration 6:  21000000 integrand evaluations so far
[1] -147392 +- 2796.59  	chisq 6.06018 (5 df)

Iteration 7:  28000000 integrand evaluations so far
[1] -149241 +- 2065.4  	chisq 7.02116 (6 df)

Iteration 8:  36000000 integrand evaluations so far
[1] -148371 +- 1552.91  	chisq 7.42933 (7 df)

Iteration 9:  45000000 integrand evaluations so far
[1] -148628 +- 1216.1  	chisq 7.50021 (8 df)

Iteration 10:  55000000 integrand evaluations so far
[1] -148813 +- 1176.25  	chisq 7.86171 (9 df)
  -148.8 ±    1.2 ·10⁺⁰³ (4.14mi) ┃Vegas input parameters:
  ndim 8
  ncomp 1
  nvec 1
  epsrel 0
  epsabs 0
  flags 10
  seed 123456
  mineval 5000000
  maxeval 50000000
  nstart 1000000
  nincrease 1000000
  nbatch 5000
  gridno 0
  statefile ""

Iteration 1:  1000000 integrand evaluations so far
[1] 98158.5 +- 19193.4  	chisq 0 (0 df)

Iteration 2:  3000000 integrand evaluations so far
[1] 111799 +- 6858.86  	chisq 0.579023 (1 df)

Iteration 3:  6000000 integrand evaluations so far
[1] 114965 +- 6553.23  	chisq 3.02356 (2 df)

Iteration 4:  10000000 integrand evaluations so far
[1] 127802 +- 2467.01  	chisq 7.49457 (3 df)

Iteration 5:  15000000 integrand evaluations so far
[1] 130905 +- 887.809  	chisq 9.31182 (4 df)

Iteration 6:  21000000 integrand evaluations so far
[1] 130530 +- 397.12  	chisq 9.53415 (5 df)

Iteration 7:  28000000 integrand evaluations so far
[1] 130455 +- 251.371  	chisq 9.59462 (6 df)

Iteration 8:  36000000 integrand evaluations so far
[1] 130507 +- 191.485  	chisq 9.69649 (7 df)

Iteration 9:  45000000 integrand evaluations so far
[1] 130406 +- 156.334  	chisq 10.5254 (8 df)

Iteration 10:  55000000 integrand evaluations so far
[1] 130519 +- 132.935  	chisq 12.3995 (9 df)
  130.52 ±   0.13 ·10⁺⁰³ (1.79mi) ┃     7.4 ±    1.2 ·10⁺⁰³ (12.5mi) ┃
┃    0 -     2 ┃   32 -    33 ┃ 4.21675 ± 0.00079 ·10⁺⁰³ ( 30.2s) ┃  23.581 ±   0.02 ·10⁺⁰³ (3.18mi) ┃Vegas input parameters:
  ndim 10
  ncomp 1
  nvec 1
  epsrel 0
  epsabs 0
  flags 10
  seed 123456
  mineval 50000000
  maxeval 50000000
  nstart 1000000
  nincrease 1000000
  nbatch 5000
  gridno 0
  statefile ""

Iteration 1:  1000000 integrand evaluations so far
[1] -113523 +- 37966.1  	chisq 0 (0 df)

Iteration 2:  3000000 integrand evaluations so far
[1] -110322 +- 37812.1  	chisq 0.877771 (1 df)

Iteration 3:  6000000 integrand evaluations so far
[1] -168849 +- 13937.5  	chisq 3.65023 (2 df)

Iteration 4:  10000000 integrand evaluations so far
[1] -174038 +- 11076.4  	chisq 4.02658 (3 df)

Iteration 5:  15000000 integrand evaluations so far
[1] -175304 +- 6959.99  	chisq 4.04814 (4 df)

Iteration 6:  21000000 integrand evaluations so far
[1] -158825 +- 3522.59  	chisq 11.5839 (5 df)

Iteration 7:  28000000 integrand evaluations so far
[1] -161843 +- 2949.21  	chisq 14.0383 (6 df)

Iteration 8:  36000000 integrand evaluations so far
[1] -162207 +- 2374.32  	chisq 14.0815 (7 df)

Iteration 9:  45000000 integrand evaluations so far
[1] -162406 +- 2365.11  	chisq 14.9944 (8 df)

Iteration 10:  55000000 integrand evaluations so far
[1] -162394 +- 2301.5  	chisq 14.9949 (9 df)
  -162.4 ±    2.3 ·10⁺⁰³ (3.87mi) ┃Vegas input parameters:
  ndim 8
  ncomp 1
  nvec 1
  epsrel 0
  epsabs 0
  flags 10
  seed 123456
  mineval 5000000
  maxeval 50000000
  nstart 1000000
  nincrease 1000000
  nbatch 5000
  gridno 0
  statefile ""

Iteration 1:  1000000 integrand evaluations so far
[1] 146206 +- 33924.7  	chisq 0 (0 df)

Iteration 2:  3000000 integrand evaluations so far
[1] 125820 +- 7245.29  	chisq 0.378351 (1 df)

Iteration 3:  6000000 integrand evaluations so far
[1] 136535 +- 3283.81  	chisq 3.13092 (2 df)

Iteration 4:  10000000 integrand evaluations so far
[1] 140736 +- 2016.82  	chisq 5.75798 (3 df)

Iteration 5:  15000000 integrand evaluations so far
[1] 142742 +- 947.122  	chisq 7.02796 (4 df)

Iteration 6:  21000000 integrand evaluations so far
[1] 142082 +- 476.589  	chisq 7.67912 (5 df)

Iteration 7:  28000000 integrand evaluations so far
[1] 141828 +- 301.851  	chisq 8.15337 (6 df)

Iteration 8:  36000000 integrand evaluations so far
[1] 141998 +- 222.203  	chisq 8.84405 (7 df)

Iteration 9:  45000000 integrand evaluations so far
[1] 141894 +- 175.809  	chisq 9.42353 (8 df)

Iteration 10:  55000000 integrand evaluations so far
[1] 141928 +- 147.247  	chisq 9.54806 (9 df)
  141.93 ±   0.15 ·10⁺⁰³ (1.76mi) ┃     7.3 ±    2.3 ·10⁺⁰³ (9.31mi) ┃
┃    0 -     2 ┃   33 -    34 ┃  4.5214 ± 0.0018 ·10⁺⁰³ ( 30.7s) ┃ 25.6745 ± 0.0055 ·10⁺⁰³ (6.44mi) ┃Vegas input parameters:
  ndim 10
  ncomp 1
  nvec 1
  epsrel 0
  epsabs 0
  flags 10
  seed 123456
  mineval 50000000
  maxeval 50000000
  nstart 1000000
  nincrease 1000000
  nbatch 5000
  gridno 0
  statefile ""

Iteration 1:  1000000 integrand evaluations so far
[1] -85021.3 +- 37327.8  	chisq 0 (0 df)

Iteration 2:  3000000 integrand evaluations so far
[1] -119725 +- 27641  	chisq 1.91371 (1 df)

Iteration 3:  6000000 integrand evaluations so far
[1] -149445 +- 21619  	chisq 4.89117 (2 df)

Iteration 4:  10000000 integrand evaluations so far
[1] -160509 +- 9529.46  	chisq 5.21628 (3 df)

Iteration 5:  15000000 integrand evaluations so far
[1] -165159 +- 4475.54  	chisq 5.52166 (4 df)

Iteration 6:  21000000 integrand evaluations so far
[1] -172745 +- 2448.27  	chisq 9.62169 (5 df)

Iteration 7:  28000000 integrand evaluations so far
[1] -173000 +- 2441.85  	chisq 11.6952 (6 df)

Iteration 8:  36000000 integrand evaluations so far
[1] -173206 +- 2306.09  	chisq 11.7612 (7 df)

Iteration 9:  45000000 integrand evaluations so far
[1] -174356 +- 2222.46  	chisq 15.2514 (8 df)

Iteration 10:  55000000 integrand evaluations so far
[1] -174553 +- 1928.44  	chisq 15.2832 (9 df)
  -174.6 ±    1.9 ·10⁺⁰³ (4.03mi) ┃Vegas input parameters:
  ndim 8
  ncomp 1
  nvec 1
  epsrel 0
  epsabs 0
  flags 10
  seed 123456
  mineval 5000000
  maxeval 50000000
  nstart 1000000
  nincrease 1000000
  nbatch 5000
  gridno 0
  statefile ""

Iteration 1:  1000000 integrand evaluations so far
[1] 102337 +- 30821.8  	chisq 0 (0 df)

Iteration 2:  3000000 integrand evaluations so far
[1] 137768 +- 10091.3  	chisq 1.48014 (1 df)

Iteration 3:  6000000 integrand evaluations so far
[1] 138189 +- 10083.2  	chisq 2.56267 (2 df)

Iteration 4:  10000000 integrand evaluations so far
[1] 148373 +- 3809.11  	chisq 3.75263 (3 df)

Iteration 5:  15000000 integrand evaluations so far
[1] 154199 +- 1140.63  	chisq 6.32205 (4 df)

Iteration 6:  21000000 integrand evaluations so far
[1] 155390 +- 560.247  	chisq 7.75908 (5 df)

Iteration 7:  28000000 integrand evaluations so far
[1] 155204 +- 331.451  	chisq 7.92825 (6 df)

Iteration 8:  36000000 integrand evaluations so far
[1] 155247 +- 240.02  	chisq 7.9633 (7 df)

Iteration 9:  45000000 integrand evaluations so far
[1] 155002 +- 190.931  	chisq 10.8058 (8 df)

Iteration 10:  55000000 integrand evaluations so far
[1] 155052 +- 161.012  	chisq 11.0448 (9 df)
  155.05 ±   0.16 ·10⁺⁰³ (1.77mi) ┃    10.7 ±    1.9 ·10⁺⁰³ (12.8mi) ┃
┃    0 -     2 ┃   34 -    35 ┃  5.1404 ± 0.00052 ·10⁺⁰³ (   30s) ┃  28.146 ±  0.018 ·10⁺⁰³ (3.46mi) ┃Vegas input parameters:
  ndim 10
  ncomp 1
  nvec 1
  epsrel 0
  epsabs 0
  flags 10
  seed 123456
  mineval 50000000
  maxeval 50000000
  nstart 1000000
  nincrease 1000000
  nbatch 5000
  gridno 0
  statefile ""

Iteration 1:  1000000 integrand evaluations so far
[1] -141026 +- 34094.1  	chisq 0 (0 df)

Iteration 2:  3000000 integrand evaluations so far
[1] -152562 +- 19351.1  	chisq 0.168893 (1 df)

Iteration 3:  6000000 integrand evaluations so far
[1] -183589 +- 8316.8  	chisq 3.3222 (2 df)

Iteration 4:  10000000 integrand evaluations so far
[1] -190789 +- 5902.64  	chisq 4.83224 (3 df)

Iteration 5:  15000000 integrand evaluations so far
[1] -197198 +- 4412.14  	chisq 7.5037 (4 df)

Iteration 6:  21000000 integrand evaluations so far
[1] -199589 +- 3861.61  	chisq 8.75977 (5 df)

Iteration 7:  28000000 integrand evaluations so far
[1] -200507 +- 3731.3  	chisq 9.61111 (6 df)

Iteration 8:  36000000 integrand evaluations so far
[1] -199565 +- 3364.56  	chisq 9.95235 (7 df)

Iteration 9:  45000000 integrand evaluations so far
[1] -200975 +- 2533.33  	chisq 10.3578 (8 df)

Iteration 10:  55000000 integrand evaluations so far
[1] -199355 +- 2065.61  	chisq 11.5776 (9 df)
  -199.4 ±    2.1 ·10⁺⁰³ (3.97mi) ┃Vegas input parameters:
  ndim 8
  ncomp 1
  nvec 1
  epsrel 0
  epsabs 0
  flags 10
  seed 123456
  mineval 5000000
  maxeval 50000000
  nstart 1000000
  nincrease 1000000
  nbatch 5000
  gridno 0
  statefile ""

Iteration 1:  1000000 integrand evaluations so far
[1] 143173 +- 37373.7  	chisq 0 (0 df)

Iteration 2:  3000000 integrand evaluations so far
[1] 138076 +- 6617.31  	chisq 0.0192039 (1 df)

Iteration 3:  6000000 integrand evaluations so far
[1] 149038 +- 4924.85  	chisq 6.17074 (2 df)

Iteration 4:  10000000 integrand evaluations so far
[1] 165131 +- 2346.78  	chisq 19.9861 (3 df)

Iteration 5:  15000000 integrand evaluations so far
[1] 168643 +- 1401.14  	chisq 23.4653 (4 df)

Iteration 6:  21000000 integrand evaluations so far
[1] 169972 +- 666.888  	chisq 24.6284 (5 df)

Iteration 7:  28000000 integrand evaluations so far
[1] 169988 +- 378.304  	chisq 24.6293 (6 df)

Iteration 8:  36000000 integrand evaluations so far
[1] 170459 +- 269.075  	chisq 27.7619 (7 df)

Iteration 9:  45000000 integrand evaluations so far
[1] 170309 +- 211.794  	chisq 28.5798 (8 df)

Iteration 10:  55000000 integrand evaluations so far
[1] 170433 +- 177.922  	chisq 29.7465 (9 df)
  170.43 ±   0.18 ·10⁺⁰³ (1.83mi) ┃     4.4 ±    2.1 ·10⁺⁰³ (9.77mi) ┃
┃    0 -     2 ┃   35 -    36 ┃  5.8647 ± 0.0014 ·10⁺⁰³ (   15s) ┃  31.223 ± 0.0037 ·10⁺⁰³ (3.49mi) ┃Vegas input parameters:
  ndim 10
  ncomp 1
  nvec 1
  epsrel 0
  epsabs 0
  flags 10
  seed 123456
  mineval 50000000
  maxeval 50000000
  nstart 1000000
  nincrease 1000000
  nbatch 5000
  gridno 0
  statefile ""

Iteration 1:  1000000 integrand evaluations so far
[1] -172289 +- 47015  	chisq 0 (0 df)

Iteration 2:  3000000 integrand evaluations so far
[1] -224712 +- 24801.1  	chisq 1.72264 (1 df)

Iteration 3:  6000000 integrand evaluations so far
[1] -224144 +- 13468.2  	chisq 1.72339 (2 df)

Iteration 4:  10000000 integrand evaluations so far
[1] -216887 +- 7947.16  	chisq 2.16879 (3 df)

Iteration 5:  15000000 integrand evaluations so far
[1] -219270 +- 7532.46  	chisq 3.05358 (4 df)

Iteration 6:  21000000 integrand evaluations so far
[1] -221778 +- 7135.69  	chisq 4.13457 (5 df)

Iteration 7:  28000000 integrand evaluations so far
[1] -222499 +- 6283.34  	chisq 4.18003 (6 df)

Iteration 8:  36000000 integrand evaluations so far
[1] -222519 +- 4783.84  	chisq 4.18005 (7 df)

Iteration 9:  45000000 integrand evaluations so far
[1] -223835 +- 4580.3  	chisq 5.08882 (8 df)

Iteration 10:  55000000 integrand evaluations so far
[1] -218134 +- 3810.94  	chisq 10.1218 (9 df)
  -218.1 ±    3.8 ·10⁺⁰³ (3.93mi) ┃Vegas input parameters:
  ndim 8
  ncomp 1
  nvec 1
  epsrel 0
  epsabs 0
  flags 10
  seed 123456
  mineval 5000000
  maxeval 50000000
  nstart 1000000
  nincrease 1000000
  nbatch 5000
  gridno 0
  statefile ""

Iteration 1:  1000000 integrand evaluations so far
[1] 227534 +- 71513.7  	chisq 0 (0 df)

Iteration 2:  3000000 integrand evaluations so far
[1] 235455 +- 30595.2  	chisq 0.0150171 (1 df)

Iteration 3:  6000000 integrand evaluations so far
[1] 241117 +- 29753.2  	chisq 0.645946 (2 df)

Iteration 4:  10000000 integrand evaluations so far
[1] 191940 +- 5866.74  	chisq 3.48836 (3 df)

Iteration 5:  15000000 integrand evaluations so far
[1] 190315 +- 1415.74  	chisq 3.56974 (4 df)

Iteration 6:  21000000 integrand evaluations so far
[1] 189768 +- 649.868  	chisq 3.75926 (5 df)

Iteration 7:  28000000 integrand evaluations so far
[1] 189912 +- 397.996  	chisq 3.83864 (6 df)

Iteration 8:  36000000 integrand evaluations so far
[1] 190170 +- 290.617  	chisq 4.73766 (7 df)

Iteration 9:  45000000 integrand evaluations so far
[1] 190011 +- 230.963  	chisq 5.55844 (8 df)

Iteration 10:  55000000 integrand evaluations so far
[1] 190120 +- 194.594  	chisq 6.3276 (9 df)
  190.12 ±   0.19 ·10⁺⁰³ (1.76mi) ┃     9.1 ±    3.8 ·10⁺⁰³ (9.42mi) ┃
┃    0 -     2 ┃   36 -    37 ┃  6.5345 ± 0.0048 ·10⁺⁰³ ( 30.1s) ┃   35.25 ±   0.02 ·10⁺⁰³ (1.79mi) ┃Vegas input parameters:
  ndim 10
  ncomp 1
  nvec 1
  epsrel 0
  epsabs 0
  flags 10
  seed 123456
  mineval 50000000
  maxeval 50000000
  nstart 1000000
  nincrease 1000000
  nbatch 5000
  gridno 0
  statefile ""

Iteration 1:  1000000 integrand evaluations so far
[1] -162314 +- 31448.7  	chisq 0 (0 df)

Iteration 2:  3000000 integrand evaluations so far
[1] -224268 +- 17488.7  	chisq 5.61829 (1 df)

Iteration 3:  6000000 integrand evaluations so far
[1] -234911 +- 10793.4  	chisq 6.21656 (2 df)

Iteration 4:  10000000 integrand evaluations so far
[1] -236660 +- 5982.98  	chisq 6.25445 (3 df)

Iteration 5:  15000000 integrand evaluations so far
[1] -239930 +- 5590.36  	chisq 8.60816 (4 df)

Iteration 6:  21000000 integrand evaluations so far
[1] -247544 +- 4615.81  	chisq 14.4366 (5 df)

Iteration 7:  28000000 integrand evaluations so far
[1] -249312 +- 4375.46  	chisq 15.8824 (6 df)

Iteration 8:  36000000 integrand evaluations so far
[1] -244898 +- 3512.96  	chisq 18.7458 (7 df)

Iteration 9:  45000000 integrand evaluations so far
[1] -243700 +- 2727.32  	chisq 19.0383 (8 df)

Iteration 10:  55000000 integrand evaluations so far
[1] -246818 +- 2274.54  	chisq 23.3301 (9 df)
  -246.8 ±    2.3 ·10⁺⁰³ ( 4.1mi) ┃Vegas input parameters:
  ndim 8
  ncomp 1
  nvec 1
  epsrel 0
  epsabs 0
  flags 10
  seed 123456
  mineval 5000000
  maxeval 50000000
  nstart 1000000
  nincrease 1000000
  nbatch 5000
  gridno 0
  statefile ""

Iteration 1:  1000000 integrand evaluations so far
[1] 277800 +- 55594.6  	chisq 0 (0 df)

Iteration 2:  3000000 integrand evaluations so far
[1] 206115 +- 6286.7  	chisq 1.68412 (1 df)

Iteration 3:  6000000 integrand evaluations so far
[1] 210725 +- 2559.8  	chisq 2.32851 (2 df)

Iteration 4:  10000000 integrand evaluations so far
[1] 213743 +- 1264.23  	chisq 4.16728 (3 df)

Iteration 5:  15000000 integrand evaluations so far
[1] 215022 +- 737.248  	chisq 5.71892 (4 df)

Iteration 6:  21000000 integrand evaluations so far
[1] 215324 +- 485.104  	chisq 6.01365 (5 df)

Iteration 7:  28000000 integrand evaluations so far
[1] 215180 +- 352.54  	chisq 6.20014 (6 df)

Iteration 8:  36000000 integrand evaluations so far
[1] 215429 +- 280.356  	chisq 7.56506 (7 df)

Iteration 9:  45000000 integrand evaluations so far
[1] 215355 +- 234.619  	chisq 7.79913 (8 df)

Iteration 10:  55000000 integrand evaluations so far
[1] 215509 +- 203.22  	chisq 9.52579 (9 df)
  215.51 ±    0.2 ·10⁺⁰³ (1.76mi) ┃    10.5 ±    2.3 ·10⁺⁰³ (8.15mi) ┃
┃    0 -     2 ┃   37 -    38 ┃ 7.62751 ± 0.00053 ·10⁺⁰³ ( 15.4s) ┃  41.047 ±  0.024 ·10⁺⁰³ (1.82mi) ┃Vegas input parameters:
  ndim 10
  ncomp 1
  nvec 1
  epsrel 0
  epsabs 0
  flags 10
  seed 123456
  mineval 50000000
  maxeval 50000000
  nstart 1000000
  nincrease 1000000
  nbatch 5000
  gridno 0
  statefile ""

Iteration 1:  1000000 integrand evaluations so far
[1] -139243 +- 27256.6  	chisq 0 (0 df)

Iteration 2:  3000000 integrand evaluations so far
[1] -229140 +- 15531.2  	chisq 16.1081 (1 df)

Iteration 3:  6000000 integrand evaluations so far
[1] -264628 +- 9020.2  	chisq 23.9867 (2 df)

Iteration 4:  10000000 integrand evaluations so far
[1] -272390 +- 8348.74  	chisq 29.1527 (3 df)

Iteration 5:  15000000 integrand evaluations so far
[1] -280146 +- 6355.14  	chisq 31.205 (4 df)

Iteration 6:  21000000 integrand evaluations so far
[1] -286097 +- 4316.48  	chisq 32.8327 (5 df)

Iteration 7:  28000000 integrand evaluations so far
[1] -288546 +- 3263.77  	chisq 33.584 (6 df)

Iteration 8:  36000000 integrand evaluations so far
[1] -290190 +- 2575.83  	chisq 34.2569 (7 df)

Iteration 9:  45000000 integrand evaluations so far
[1] -289499 +- 2219.63  	chisq 34.5363 (8 df)

Iteration 10:  55000000 integrand evaluations so far
[1] -289547 +- 1986.59  	chisq 34.5387 (9 df)
  -289.5 ±      2 ·10⁺⁰³ (3.89mi) ┃Vegas input parameters:
  ndim 8
  ncomp 1
  nvec 1
  epsrel 0
  epsabs 0
  flags 10
  seed 123456
  mineval 5000000
  maxeval 50000000
  nstart 1000000
  nincrease 1000000
  nbatch 5000
  gridno 0
  statefile ""

Iteration 1:  1000000 integrand evaluations so far
[1] 204667 +- 47522.5  	chisq 0 (0 df)

Iteration 2:  3000000 integrand evaluations so far
[1] 247371 +- 28736.7  	chisq 1.27296 (1 df)

Iteration 3:  6000000 integrand evaluations so far
[1] 238159 +- 4888.54  	chisq 1.37877 (2 df)

Iteration 4:  10000000 integrand evaluations so far
[1] 249442 +- 2066.98  	chisq 7.86473 (3 df)

Iteration 5:  15000000 integrand evaluations so far
[1] 253106 +- 1179.32  	chisq 12.5236 (4 df)

Iteration 6:  21000000 integrand evaluations so far
[1] 252767 +- 671.934  	chisq 12.646 (5 df)

Iteration 7:  28000000 integrand evaluations so far
[1] 252717 +- 450.071  	chisq 12.6557 (6 df)

Iteration 8:  36000000 integrand evaluations so far
[1] 253102 +- 345.455  	chisq 14.4308 (7 df)

Iteration 9:  45000000 integrand evaluations so far
[1] 253074 +- 283.665  	chisq 14.4504 (8 df)

Iteration 10:  55000000 integrand evaluations so far
[1] 253268 +- 242.848  	chisq 16.2086 (9 df)
  253.27 ±   0.24 ·10⁺⁰³ ( 1.8mi) ┃    12.4 ±      2 ·10⁺⁰³ (7.77mi) ┃
┃    0 -     2 ┃   38 -    39 ┃  9.8644 ± 0.0053 ·10⁺⁰³ ( 29.2s) ┃  50.942 ±  0.032 ·10⁺⁰³ (1.87mi) ┃Vegas input parameters:
  ndim 10
  ncomp 1
  nvec 1
  epsrel 0
  epsabs 0
  flags 10
  seed 123456
  mineval 50000000
  maxeval 50000000
  nstart 1000000
  nincrease 1000000
  nbatch 5000
  gridno 0
  statefile ""

Iteration 1:  1000000 integrand evaluations so far
[1] -579873 +- 180467  	chisq 0 (0 df)

Iteration 2:  3000000 integrand evaluations so far
[1] -405184 +- 46296.3  	chisq 1.003 (1 df)

Iteration 3:  6000000 integrand evaluations so far
[1] -385271 +- 14350.5  	chisq 1.20767 (2 df)

Iteration 4:  10000000 integrand evaluations so far
[1] -381585 +- 9662.85  	chisq 1.32836 (3 df)

Iteration 5:  15000000 integrand evaluations so far
[1] -372381 +- 7071.01  	chisq 3.28144 (4 df)

Iteration 6:  21000000 integrand evaluations so far
[1] -368532 +- 6180.2  	chisq 4.53645 (5 df)

Iteration 7:  28000000 integrand evaluations so far
[1] -375280 +- 4960.12  	chisq 7.88594 (6 df)

Iteration 8:  36000000 integrand evaluations so far
[1] -372703 +- 3778.83  	chisq 8.52896 (7 df)

Iteration 9:  45000000 integrand evaluations so far
[1] -370959 +- 3099.89  	chisq 9.18028 (8 df)

Iteration 10:  55000000 integrand evaluations so far
[1] -370450 +- 2498.79  	chisq 9.25736 (9 df)
  -370.4 ±    2.5 ·10⁺⁰³ ( 4.2mi) ┃Vegas input parameters:
  ndim 8
  ncomp 1
  nvec 1
  epsrel 0
  epsabs 0
  flags 10
  seed 123456
  mineval 5000000
  maxeval 50000000
  nstart 1000000
  nincrease 1000000
  nbatch 5000
  gridno 0
  statefile ""

Iteration 1:  1000000 integrand evaluations so far
[1] 217843 +- 35038.8  	chisq 0 (0 df)

Iteration 2:  3000000 integrand evaluations so far
[1] 282137 +- 22835.9  	chisq 5.8531 (1 df)

Iteration 3:  6000000 integrand evaluations so far
[1] 308962 +- 9554.92  	chisq 7.52587 (2 df)

Iteration 4:  10000000 integrand evaluations so far
[1] 319678 +- 2751.14  	chisq 8.89732 (3 df)

Iteration 5:  15000000 integrand evaluations so far
[1] 322658 +- 1494.67  	chisq 10.5621 (4 df)

Iteration 6:  21000000 integrand evaluations so far
[1] 320718 +- 862.162  	chisq 13.0866 (5 df)

Iteration 7:  28000000 integrand evaluations so far
[1] 319562 +- 576.211  	chisq 16.3405 (6 df)

Iteration 8:  36000000 integrand evaluations so far
[1] 319633 +- 440.65  	chisq 16.3775 (7 df)

Iteration 9:  45000000 integrand evaluations so far
[1] 319571 +- 361.59  	chisq 16.4383 (8 df)

Iteration 10:  55000000 integrand evaluations so far
[1] 319934 +- 309.837  	chisq 20.2325 (9 df)
  319.93 ±   0.31 ·10⁺⁰³ ( 1.8mi) ┃    10.3 ±    2.5 ·10⁺⁰³ (8.36mi) ┃
┃    0 -     2 ┃   39 -    40 ┃ 15.1759 ± 0.0034 ·10⁺⁰³ ( 27.7s) ┃  81.125 ±  0.065 ·10⁺⁰³ (1.76mi) ┃Vegas input parameters:
  ndim 10
  ncomp 1
  nvec 1
  epsrel 0
  epsabs 0
  flags 10
  seed 123456
  mineval 50000000
  maxeval 50000000
  nstart 1000000
  nincrease 1000000
  nbatch 5000
  gridno 0
  statefile ""

Iteration 1:  1000000 integrand evaluations so far
[1] -525934 +- 118829  	chisq 0 (0 df)

Iteration 2:  3000000 integrand evaluations so far
[1] -475758 +- 49236  	chisq 0.215253 (1 df)

Iteration 3:  6000000 integrand evaluations so far
[1] -541288 +- 18235.3  	chisq 2.2683 (2 df)

Iteration 4:  10000000 integrand evaluations so far
[1] -559982 +- 13554.2  	chisq 4.61665 (3 df)

Iteration 5:  15000000 integrand evaluations so far
[1] -563812 +- 11442  	chisq 4.8945 (4 df)

Iteration 6:  21000000 integrand evaluations so far
[1] -572946 +- 10256.2  	chisq 8.13658 (5 df)

Iteration 7:  28000000 integrand evaluations so far
[1] -576299 +- 7991.14  	chisq 8.40872 (6 df)

Iteration 8:  36000000 integrand evaluations so far
[1] -578595 +- 5903.8  	chisq 8.59049 (7 df)

Iteration 9:  45000000 integrand evaluations so far
[1] -582072 +- 4546.46  	chisq 9.44256 (8 df)

Iteration 10:  55000000 integrand evaluations so far
[1] -580951 +- 3648.68  	chisq 9.61329 (9 df)
    -581 ±    3.6 ·10⁺⁰³ (4.58mi) ┃Vegas input parameters:
  ndim 8
  ncomp 1
  nvec 1
  epsrel 0
  epsabs 0
  flags 10
  seed 123456
  mineval 5000000
  maxeval 50000000
  nstart 1000000
  nincrease 1000000
  nbatch 5000
  gridno 0
  statefile ""

Iteration 1:  1000000 integrand evaluations so far
[1] 574369 +- 97666.8  	chisq 0 (0 df)

Iteration 2:  3000000 integrand evaluations so far
[1] 573106 +- 63659.3  	chisq 0.000290349 (1 df)

Iteration 3:  6000000 integrand evaluations so far
[1] 496187 +- 9859.28  	chisq 1.49614 (2 df)

Iteration 4:  10000000 integrand evaluations so far
[1] 502261 +- 3294.83  	chisq 1.92332 (3 df)

Iteration 5:  15000000 integrand evaluations so far
[1] 500063 +- 1524.79  	chisq 2.4896 (4 df)

Iteration 6:  21000000 integrand evaluations so far
[1] 500980 +- 945.635  	chisq 3.07776 (5 df)

Iteration 7:  28000000 integrand evaluations so far
[1] 500350 +- 718.232  	chisq 4.12631 (6 df)

Iteration 8:  36000000 integrand evaluations so far
[1] 500469 +- 579.878  	chisq 4.2041 (7 df)

Iteration 9:  45000000 integrand evaluations so far
[1] 500363 +- 486.405  	chisq 4.31651 (8 df)

Iteration 10:  55000000 integrand evaluations so far
[1] 500881 +- 421.33  	chisq 8.86062 (9 df)
  500.88 ±   0.42 ·10⁺⁰³ (1.79mi) ┃    16.2 ±    3.7 ·10⁺⁰³ ( 8.6mi) ┃
┃    0 -     2 ┃   40 -    41 ┃ 14.3465 ± 0.0078 ·10⁺⁰³ ( 51.3s) ┃  80.463 ±  0.016 ·10⁺⁰³ (11.8mi) ┃Vegas input parameters:
  ndim 10
  ncomp 1
  nvec 1
  epsrel 0
  epsabs 0
  flags 10
  seed 123456
  mineval 50000000
  maxeval 50000000
  nstart 1000000
  nincrease 1000000
  nbatch 5000
  gridno 0
  statefile ""

Iteration 1:  1000000 integrand evaluations so far
[1] -546311 +- 160090  	chisq 0 (0 df)

Iteration 2:  3000000 integrand evaluations so far
[1] -576117 +- 75387.6  	chisq 0.044542 (1 df)

Iteration 3:  6000000 integrand evaluations so far
[1] -502164 +- 35893.6  	chisq 1.28894 (2 df)

Iteration 4:  10000000 integrand evaluations so far
[1] -547454 +- 16901  	chisq 3.33456 (3 df)

Iteration 5:  15000000 integrand evaluations so far
[1] -548513 +- 9722.48  	chisq 3.34043 (4 df)

Iteration 6:  21000000 integrand evaluations so far
[1] -552083 +- 7036.16  	chisq 3.62364 (5 df)

Iteration 7:  28000000 integrand evaluations so far
[1] -551291 +- 6229.91  	chisq 3.68233 (6 df)

Iteration 8:  36000000 integrand evaluations so far
[1] -553801 +- 5035.94  	chisq 4.15083 (7 df)

Iteration 9:  45000000 integrand evaluations so far
[1] -556394 +- 4452.88  	chisq 5.36631 (8 df)

Iteration 10:  55000000 integrand evaluations so far
[1] -552299 +- 3569.03  	chisq 7.73214 (9 df)
  -552.3 ±    3.6 ·10⁺⁰³ (4.61mi) ┃Vegas input parameters:
  ndim 8
  ncomp 1
  nvec 1
  epsrel 0
  epsabs 0
  flags 10
  seed 123456
  mineval 5000000
  maxeval 50000000
  nstart 1000000
  nincrease 1000000
  nbatch 5000
  gridno 0
  statefile ""

Iteration 1:  1000000 integrand evaluations so far
[1] 488824 +- 81313  	chisq 0 (0 df)

Iteration 2:  3000000 integrand evaluations so far
[1] 489530 +- 28616.8  	chisq 8.6246e-05 (1 df)

Iteration 3:  6000000 integrand evaluations so far
[1] 465486 +- 6394.28  	chisq 0.743135 (2 df)

Iteration 4:  10000000 integrand evaluations so far
[1] 473005 +- 2879.69  	chisq 2.47768 (3 df)

Iteration 5:  15000000 integrand evaluations so far
[1] 475587 +- 1427.13  	chisq 3.54259 (4 df)

Iteration 6:  21000000 integrand evaluations so far
[1] 476222 +- 877.417  	chisq 3.86136 (5 df)

Iteration 7:  28000000 integrand evaluations so far
[1] 475637 +- 646.351  	chisq 4.83303 (6 df)

Iteration 8:  36000000 integrand evaluations so far
[1] 476372 +- 517.113  	chisq 8.42676 (7 df)

Iteration 9:  45000000 integrand evaluations so far
[1] 475975 +- 433.937  	chisq 10.4231 (8 df)

Iteration 10:  55000000 integrand evaluations so far
[1] 476161 +- 375.593  	chisq 11.1559 (9 df)
  476.16 ±   0.38 ·10⁺⁰³ (1.95mi) ┃    18.7 ±    3.6 ·10⁺⁰³ (19.2mi) ┃
┃    0 -     2 ┃   41 -    42 ┃ 5.17549 ± 0.00079 ·10⁺⁰³ (1.39mi) ┃  20.759 ±  0.011 ·10⁺⁰³ (18.7mi) ┃Vegas input parameters:
  ndim 10
  ncomp 1
  nvec 1
  epsrel 0
  epsabs 0
  flags 10
  seed 123456
  mineval 50000000
  maxeval 50000000
  nstart 1000000
  nincrease 1000000
  nbatch 5000
  gridno 0
  statefile ""

Iteration 1:  1000000 integrand evaluations so far
[1] -107530 +- 19187.9  	chisq 0 (0 df)

Iteration 2:  3000000 integrand evaluations so far
[1] -138360 +- 14823.7  	chisq 6.40388 (1 df)

Iteration 3:  6000000 integrand evaluations so far
[1] -149125 +- 10181.2  	chisq 7.40213 (2 df)

Iteration 4:  10000000 integrand evaluations so far
[1] -168249 +- 4755.83  	chisq 11.9149 (3 df)

Iteration 5:  15000000 integrand evaluations so far
[1] -173932 +- 2996.73  	chisq 14.2834 (4 df)

Iteration 6:  21000000 integrand evaluations so far
[1] -175497 +- 2285.25  	chisq 14.9351 (5 df)

Iteration 7:  28000000 integrand evaluations so far
[1] -175207 +- 1974.65  	chisq 14.9989 (6 df)

Iteration 8:  36000000 integrand evaluations so far
[1] -176973 +- 1667.4  	chisq 17.7862 (7 df)

Iteration 9:  45000000 integrand evaluations so far
[1] -176852 +- 1415.79  	chisq 17.805 (8 df)

Iteration 10:  55000000 integrand evaluations so far
[1] -177022 +- 1140.8  	chisq 17.8461 (9 df)
    -177 ±    1.1 ·10⁺⁰³ (3.94mi) ┃Vegas input parameters:
  ndim 8
  ncomp 1
  nvec 1
  epsrel 0
  epsabs 0
  flags 10
  seed 123456
  mineval 5000000
  maxeval 50000000
  nstart 1000000
  nincrease 1000000
  nbatch 5000
  gridno 0
  statefile ""

Iteration 1:  1000000 integrand evaluations so far
[1] 141986 +- 30539.7  	chisq 0 (0 df)

Iteration 2:  3000000 integrand evaluations so far
[1] 146508 +- 20310.2  	chisq 0.0393157 (1 df)

Iteration 3:  6000000 integrand evaluations so far
[1] 152996 +- 12546.6  	chisq 0.204314 (2 df)

Iteration 4:  10000000 integrand evaluations so far
[1] 158169 +- 2988.52  	chisq 0.384532 (3 df)

Iteration 5:  15000000 integrand evaluations so far
[1] 159393 +- 1095.67  	chisq 0.578599 (4 df)

Iteration 6:  21000000 integrand evaluations so far
[1] 157594 +- 525.317  	chisq 4.08075 (5 df)

Iteration 7:  28000000 integrand evaluations so far
[1] 156576 +- 334.96  	chisq 10.4104 (6 df)

Iteration 8:  36000000 integrand evaluations so far
[1] 157014 +- 252.985  	chisq 14.3999 (7 df)

Iteration 9:  45000000 integrand evaluations so far
[1] 156782 +- 205.633  	chisq 16.8797 (8 df)

Iteration 10:  55000000 integrand evaluations so far
[1] 156798 +- 174.934  	chisq 16.9 (9 df)
   156.8 ±   0.17 ·10⁺⁰³ (1.73mi) ┃     5.7 ±    1.2 ·10⁺⁰³ (25.8mi) ┃
┃    0 -     2 ┃   42 -    43 ┃ 1.74875 ± 0.00075 ·10⁺⁰³ (2.65mi) ┃  7.5781 ± 0.0013 ·10⁺⁰³ (33.5mi) ┃Vegas input parameters:
  ndim 10
  ncomp 1
  nvec 1
  epsrel 0
  epsabs 0
  flags 10
  seed 123456
  mineval 50000000
  maxeval 50000000
  nstart 1000000
  nincrease 1000000
  nbatch 5000
  gridno 0
  statefile ""

Iteration 1:  1000000 integrand evaluations so far
[1] -42808.6 +- 10945.4  	chisq 0 (0 df)

Iteration 2:  3000000 integrand evaluations so far
[1] -54326.9 +- 8028.5  	chisq 2.39715 (1 df)

Iteration 3:  6000000 integrand evaluations so far
[1] -59619.3 +- 6740.16  	chisq 3.86922 (2 df)

Iteration 4:  10000000 integrand evaluations so far
[1] -60052.6 +- 6727.24  	chisq 4.94836 (3 df)

Iteration 5:  15000000 integrand evaluations so far
[1] -53866.7 +- 5438.31  	chisq 7.38866 (4 df)

Iteration 6:  21000000 integrand evaluations so far
[1] -56742 +- 4313.2  	chisq 8.14219 (5 df)

Iteration 7:  28000000 integrand evaluations so far
[1] -60572.2 +- 3369.66  	chisq 10.1659 (6 df)

Iteration 8:  36000000 integrand evaluations so far
[1] -61675 +- 2219.92  	chisq 10.3551 (7 df)

Iteration 9:  45000000 integrand evaluations so far
[1] -60280.9 +- 1170.35  	chisq 10.9013 (8 df)

Iteration 10:  55000000 integrand evaluations so far
[1] -61209 +- 978.039  	chisq 12.9861 (9 df)
  -61.21 ±   0.98 ·10⁺⁰³ (3.87mi) ┃Vegas input parameters:
  ndim 8
  ncomp 1
  nvec 1
  epsrel 0
  epsabs 0
  flags 10
  seed 123456
  mineval 5000000
  maxeval 50000000
  nstart 1000000
  nincrease 1000000
  nbatch 5000
  gridno 0
  statefile ""

Iteration 1:  1000000 integrand evaluations so far
[1] 67643.6 +- 33129.5  	chisq 0 (0 df)

Iteration 2:  3000000 integrand evaluations so far
[1] 23696.7 +- 2560.04  	chisq 1.77023 (1 df)

Iteration 3:  6000000 integrand evaluations so far
[1] 24746.7 +- 2509.2  	chisq 6.04857 (2 df)

Iteration 4:  10000000 integrand evaluations so far
[1] 38175.4 +- 1554.56  	chisq 52.5317 (3 df)

Iteration 5:  15000000 integrand evaluations so far
[1] 47517.2 +- 991.542  	chisq 113.411 (4 df)

Iteration 6:  21000000 integrand evaluations so far
[1] 52586 +- 378.776  	chisq 144.01 (5 df)

Iteration 7:  28000000 integrand evaluations so far
[1] 53478.9 +- 202.236  	chisq 151.781 (6 df)

Iteration 8:  36000000 integrand evaluations so far
[1] 53463.3 +- 125.532  	chisq 151.791 (7 df)

Iteration 9:  45000000 integrand evaluations so far
[1] 53565.7 +- 91.0006  	chisq 153.192 (8 df)

Iteration 10:  55000000 integrand evaluations so far
[1] 53591.8 +- 72.4819  	chisq 153.417 (9 df)
  53.592 ±  0.072 ·10⁺⁰³ (1.69mi) ┃    1.71 ±   0.98 ·10⁺⁰³ (41.7mi) ┃
┃    0 -     2 ┃   43 -    44 ┃  881.78 ±   0.13        (4.98mi) ┃  3.8305 ± 0.0032 ·10⁺⁰³ (16.2mi) ┃Vegas input parameters:
  ndim 10
  ncomp 1
  nvec 1
  epsrel 0
  epsabs 0
  flags 10
  seed 123456
  mineval 50000000
  maxeval 50000000
  nstart 1000000
  nincrease 1000000
  nbatch 5000
  gridno 0
  statefile ""

Iteration 1:  1000000 integrand evaluations so far
[1] -58299.8 +- 33398.8  	chisq 0 (0 df)

Iteration 2:  3000000 integrand evaluations so far
[1] -19859.5 +- 3742.44  	chisq 1.34153 (1 df)

Iteration 3:  6000000 integrand evaluations so far
[1] -20935.5 +- 3646.46  	chisq 2.97432 (2 df)

Iteration 4:  10000000 integrand evaluations so far
[1] -26067.5 +- 2541.53  	chisq 6.82626 (3 df)

Iteration 5:  15000000 integrand evaluations so far
[1] -27583.7 +- 1625.38  	chisq 7.42847 (4 df)

Iteration 6:  21000000 integrand evaluations so far
[1] -30011.4 +- 870.194  	chisq 10.5557 (5 df)

Iteration 7:  28000000 integrand evaluations so far
[1] -29849.2 +- 560.722  	chisq 10.6151 (6 df)

Iteration 8:  36000000 integrand evaluations so far
[1] -30160.5 +- 423.44  	chisq 11.3326 (7 df)

Iteration 9:  45000000 integrand evaluations so far
[1] -30152.7 +- 366.72  	chisq 11.334 (8 df)

Iteration 10:  55000000 integrand evaluations so far
[1] -30419.4 +- 286.789  	chisq 12.6956 (9 df)
  -30.42 ±   0.29 ·10⁺⁰³ (4.05mi) ┃Vegas input parameters:
  ndim 8
  ncomp 1
  nvec 1
  epsrel 0
  epsabs 0
  flags 10
  seed 123456
  mineval 5000000
  maxeval 50000000
  nstart 1000000
  nincrease 1000000
  nbatch 5000
  gridno 0
  statefile ""

Iteration 1:  1000000 integrand evaluations so far
[1] 58586.9 +- 38630.1  	chisq 0 (0 df)

Iteration 2:  3000000 integrand evaluations so far
[1] 5991.1 +- 1152.31  	chisq 1.8554 (1 df)

Iteration 3:  6000000 integrand evaluations so far
[1] 6398.63 +- 1142.07  	chisq 8.92075 (2 df)

Iteration 4:  10000000 integrand evaluations so far
[1] 8000.58 +- 1088.94  	chisq 30.5718 (3 df)

Iteration 5:  15000000 integrand evaluations so far
[1] 14935.6 +- 855.652  	chisq 136.589 (4 df)

Iteration 6:  21000000 integrand evaluations so far
[1] 24797.4 +- 325.143  	chisq 291.843 (5 df)

Iteration 7:  28000000 integrand evaluations so far
[1] 26565.9 +- 119.915  	chisq 326.086 (6 df)

Iteration 8:  36000000 integrand evaluations so far
[1] 26746.3 +- 76.2523  	chisq 329.882 (7 df)

Iteration 9:  45000000 integrand evaluations so far
[1] 26857.1 +- 54.6279  	chisq 334.223 (8 df)

Iteration 10:  55000000 integrand evaluations so far
[1] 26864.4 +- 41.3654  	chisq 334.265 (9 df)
  26.864 ±  0.041 ·10⁺⁰³ (1.62mi) ┃    1.16 ±   0.29 ·10⁺⁰³ (26.8mi) ┃
┃    0 -     2 ┃   44 -    45 ┃  526.49 ±   0.13        (5.22mi) ┃  2.2351 ± 0.0011 ·10⁺⁰³ (15.9mi) ┃Vegas input parameters:
  ndim 10
  ncomp 1
  nvec 1
  epsrel 0
  epsabs 0
  flags 10
  seed 123456
  mineval 50000000
  maxeval 50000000
  nstart 1000000
  nincrease 1000000
  nbatch 5000
  gridno 0
  statefile ""

Iteration 1:  1000000 integrand evaluations so far
[1] -39284.3 +- 27824.2  	chisq 0 (0 df)

Iteration 2:  3000000 integrand evaluations so far
[1] -1621.03 +- 11952.5  	chisq 2.2469 (1 df)

Iteration 3:  6000000 integrand evaluations so far
[1] -7615.58 +- 3033.61  	chisq 2.51575 (2 df)

Iteration 4:  10000000 integrand evaluations so far
[1] -7645.05 +- 2947.14  	chisq 2.51743 (3 df)

Iteration 5:  15000000 integrand evaluations so far
[1] -14357.5 +- 1901.87  	chisq 11.407 (4 df)

Iteration 6:  21000000 integrand evaluations so far
[1] -16880.4 +- 749.682  	chisq 13.4905 (5 df)

Iteration 7:  28000000 integrand evaluations so far
[1] -16929.8 +- 377.741  	chisq 13.4963 (6 df)

Iteration 8:  36000000 integrand evaluations so far
[1] -17288.3 +- 334.846  	chisq 17.7007 (7 df)

Iteration 9:  45000000 integrand evaluations so far
[1] -17660.5 +- 231.636  	chisq 20.0697 (8 df)

Iteration 10:  55000000 integrand evaluations so far
[1] -17681.2 +- 153.715  	chisq 20.084 (9 df)
  -17.68 ±   0.15 ·10⁺⁰³ (3.91mi) ┃Vegas input parameters:
  ndim 8
  ncomp 1
  nvec 1
  epsrel 0
  epsabs 0
  flags 10
  seed 123456
  mineval 5000000
  maxeval 50000000
  nstart 1000000
  nincrease 1000000
  nbatch 5000
  gridno 0
  statefile ""

Iteration 1:  1000000 integrand evaluations so far
[1] 4040.22 +- 1833.83  	chisq 0 (0 df)

Iteration 2:  3000000 integrand evaluations so far
[1] 3583.41 +- 1431.06  	chisq 0.158692 (1 df)

Iteration 3:  6000000 integrand evaluations so far
[1] 3963.76 +- 985.972  	chisq 0.293165 (2 df)

Iteration 4:  10000000 integrand evaluations so far
[1] 5502.41 +- 850.151  	chisq 9.78636 (3 df)

Iteration 5:  15000000 integrand evaluations so far
[1] 8040.78 +- 688.245  	chisq 35.6553 (4 df)

Iteration 6:  21000000 integrand evaluations so far
[1] 11411.2 +- 506.327  	chisq 87.9285 (5 df)

Iteration 7:  28000000 integrand evaluations so far
[1] 13264.2 +- 403.548  	chisq 124.646 (6 df)

Iteration 8:  36000000 integrand evaluations so far
[1] 15158.5 +- 174.292  	chisq 151.734 (7 df)

Iteration 9:  45000000 integrand evaluations so far
[1] 15693.1 +- 87.6867  	chisq 164.33 (8 df)

Iteration 10:  55000000 integrand evaluations so far
[1] 15827.7 +- 45.6212  	chisq 167.559 (9 df)
  15.828 ±  0.046 ·10⁺⁰³ (1.86mi) ┃     910 ±    160        (26.9mi) ┃
┃    0 -     2 ┃   45 -    46 ┃ 340.754 ±  0.079        (9.22mi) ┃   1.399 ± 0.0014 ·10⁺⁰³ (7.85mi) ┃Vegas input parameters:
  ndim 10
  ncomp 1
  nvec 1
  epsrel 0
  epsabs 0
  flags 10
  seed 123456
  mineval 50000000
  maxeval 50000000
  nstart 1000000
  nincrease 1000000
  nbatch 5000
  gridno 0
  statefile ""

Iteration 1:  1000000 integrand evaluations so far
[1] -40755 +- 28430.8  	chisq 0 (0 df)

Iteration 2:  3000000 integrand evaluations so far
[1] -1289.2 +- 304.971  	chisq 1.92714 (1 df)

Iteration 3:  6000000 integrand evaluations so far
[1] -1393.08 +- 302.265  	chisq 8.49463 (2 df)

Iteration 4:  10000000 integrand evaluations so far
[1] -2223.86 +- 278.076  	chisq 57.6604 (3 df)

Iteration 5:  15000000 integrand evaluations so far
[1] -3242.86 +- 259.574  	chisq 162.047 (4 df)

Iteration 6:  21000000 integrand evaluations so far
[1] -5588.83 +- 216.856  	chisq 432.46 (5 df)

Iteration 7:  28000000 integrand evaluations so far
[1] -7735.13 +- 166.92  	chisq 672.835 (6 df)

Iteration 8:  36000000 integrand evaluations so far
[1] -8389.2 +- 151.305  	chisq 758.932 (7 df)

Iteration 9:  45000000 integrand evaluations so far
[1] -9120.98 +- 133.38  	chisq 863.871 (8 df)

Iteration 10:  55000000 integrand evaluations so far
[1] -9882.84 +- 106.885  	chisq 955.049 (9 df)
   -9.88 ±   0.11 ·10⁺⁰³ (4.02mi) ┃Vegas input parameters:
  ndim 8
  ncomp 1
  nvec 1
  epsrel 0
  epsabs 0
  flags 10
  seed 123456
  mineval 5000000
  maxeval 50000000
  nstart 1000000
  nincrease 1000000
  nbatch 5000
  gridno 0
  statefile ""

Iteration 1:  1000000 integrand evaluations so far
[1] 13226.6 +- 9307.33  	chisq 0 (0 df)

Iteration 2:  3000000 integrand evaluations so far
[1] 404.17 +- 237.431  	chisq 1.89921 (1 df)

Iteration 3:  6000000 integrand evaluations so far
[1] 415.425 +- 237.271  	chisq 3.5649 (2 df)

Iteration 4:  10000000 integrand evaluations so far
[1] 459.63 +- 236.095  	chisq 7.07668 (3 df)

Iteration 5:  15000000 integrand evaluations so far
[1] 1130.68 +- 225.039  	chisq 95.399 (4 df)

Iteration 6:  21000000 integrand evaluations so far
[1] 4620.25 +- 176.509  	chisq 720.276 (5 df)

Iteration 7:  28000000 integrand evaluations so far
[1] 9259.04 +- 69.9583  	chisq 1539.67 (6 df)

Iteration 8:  36000000 integrand evaluations so far
[1] 9806.28 +- 44.3611  	chisq 1642.01 (7 df)

Iteration 9:  45000000 integrand evaluations so far
[1] 9993.45 +- 28.39  	chisq 1672.16 (8 df)

Iteration 10:  55000000 integrand evaluations so far
[1] 10081.7 +- 19.3224  	chisq 1690.16 (9 df)
  10.082 ±  0.019 ·10⁺⁰³ (1.89mi) ┃    1.94 ±   0.11 ·10⁺⁰³ (  23mi) ┃
┃    0 -     2 ┃   46 -    47 ┃ 228.287 ±  0.025        (9.36mi) ┃  913.44 ±   0.45        (30.5mi) ┃Vegas input parameters:
  ndim 10
  ncomp 1
  nvec 1
  epsrel 0
  epsabs 0
  flags 10
  seed 123456
  mineval 50000000
  maxeval 50000000
  nstart 1000000
  nincrease 1000000
  nbatch 5000
  gridno 0
  statefile ""

Iteration 1:  1000000 integrand evaluations so far
[1] -2926.57 +- 1956.41  	chisq 0 (0 df)

Iteration 2:  3000000 integrand evaluations so far
[1] -30.3672 +- 14.2537  	chisq 2.19161 (1 df)

Iteration 3:  6000000 integrand evaluations so far
[1] -30.8362 +- 14.2507  	chisq 4.81472 (2 df)

Iteration 4:  10000000 integrand evaluations so far
[1] -31.5349 +- 14.2491  	chisq 15.5592 (3 df)

Iteration 5:  15000000 integrand evaluations so far
[1] -32.4167 +- 14.2483  	chisq 48.3222 (4 df)

Iteration 6:  21000000 integrand evaluations so far
[1] -37.5559 +- 14.2432  	chisq 229.26 (5 df)

Iteration 7:  28000000 integrand evaluations so far
[1] -39.3196 +- 14.2416  	chisq 298.82 (6 df)

Iteration 8:  36000000 integrand evaluations so far
[1] -39.3163 +- 14.2416  	chisq 298.846 (7 df)

Iteration 9:  45000000 integrand evaluations so far
[1] -43.8216 +- 14.2368  	chisq 448.798 (8 df)

Iteration 10:  55000000 integrand evaluations so far
[1] -71.7352 +- 14.2111  	chisq 1514.7 (9 df)
     -72 ±     14        (3.97mi) ┃Vegas input parameters:
  ndim 8
  ncomp 1
  nvec 1
  epsrel 0
  epsabs 0
  flags 10
  seed 123456
  mineval 5000000
  maxeval 50000000
  nstart 1000000
  nincrease 1000000
  nbatch 5000
  gridno 0
  statefile ""

Iteration 1:  1000000 integrand evaluations so far
[1] 4975.47 +- 2108.22  	chisq 0 (0 df)

Iteration 2:  3000000 integrand evaluations so far
[1] 4506.17 +- 1758.93  	chisq 0.163056 (1 df)

Iteration 3:  6000000 integrand evaluations so far
[1] 2305.36 +- 699.238  	chisq 2.02244 (2 df)

Iteration 4:  10000000 integrand evaluations so far
[1] 1995.56 +- 222.69  	chisq 2.2409 (3 df)

Iteration 5:  15000000 integrand evaluations so far
[1] 2001.25 +- 222.623  	chisq 3.32637 (4 df)

Iteration 6:  21000000 integrand evaluations so far
[1] 2214.62 +- 209.468  	chisq 11.3363 (5 df)

Iteration 7:  28000000 integrand evaluations so far
[1] 3919.78 +- 129.935  	chisq 119.049 (6 df)

Iteration 8:  36000000 integrand evaluations so far
[1] 4012.23 +- 128.071  	chisq 136.821 (7 df)

Iteration 9:  45000000 integrand evaluations so far
[1] 5601.88 +- 75.7085  	chisq 373.642 (8 df)

Iteration 10:  55000000 integrand evaluations so far
[1] 6524.73 +- 29.7584  	chisq 549.377 (9 df)
   6.525 ±   0.03 ·10⁺⁰³ (2.08mi) ┃   7.595 ±  0.033 ·10⁺⁰³ (45.9mi) ┃
┃    0 -     2 ┃   47 -    48 ┃ 153.015 ±  0.046        (9.45mi) ┃  594.21 ±    0.2        (1.01hr) ┃Vegas input parameters:
  ndim 10
  ncomp 1
  nvec 1
  epsrel 0
  epsabs 0
  flags 10
  seed 123456
  mineval 50000000
  maxeval 50000000
  nstart 1000000
  nincrease 1000000
  nbatch 5000
  gridno 0
  statefile ""

Iteration 1:  1000000 integrand evaluations so far
[1] -1042.01 +- 672.591  	chisq 0 (0 df)

Iteration 2:  3000000 integrand evaluations so far
[1] -6.10978 +- 2.68336  	chisq 2.37215 (1 df)

Iteration 3:  6000000 integrand evaluations so far
[1] -7.0665 +- 2.63638  	chisq 6.0343 (2 df)

Iteration 4:  10000000 integrand evaluations so far
[1] -7.06913 +- 2.63638  	chisq 7.71989 (3 df)

Iteration 5:  15000000 integrand evaluations so far
[1] -7.09176 +- 2.63637  	chisq 18.2074 (4 df)

Iteration 6:  21000000 integrand evaluations so far
[1] -7.09949 +- 2.63637  	chisq 26.4222 (5 df)

Iteration 7:  28000000 integrand evaluations so far
[1] -7.17801 +- 2.63634  	chisq 76.9225 (6 df)

Iteration 8:  36000000 integrand evaluations so far
[1] -7.21397 +- 2.63634  	chisq 108.91 (7 df)

Iteration 9:  45000000 integrand evaluations so far
[1] -7.48752 +- 2.63625  	chisq 275.277 (8 df)

Iteration 10:  55000000 integrand evaluations so far
[1] -7.64869 +- 2.63621  	chisq 393.968 (9 df)
    -7.6 ±    2.6        (4.11mi) ┃Vegas input parameters:
  ndim 8
  ncomp 1
  nvec 1
  epsrel 0
  epsabs 0
  flags 10
  seed 123456
  mineval 5000000
  maxeval 50000000
  nstart 1000000
  nincrease 1000000
  nbatch 5000
  gridno 0
  statefile ""

Iteration 1:  1000000 integrand evaluations so far
[1] 11929.5 +- 10623  	chisq 0 (0 df)

Iteration 2:  3000000 integrand evaluations so far
[1] 21.4378 +- 4.52949  	chisq 1.25658 (1 df)

Iteration 3:  6000000 integrand evaluations so far
[1] 22.2663 +- 4.52626  	chisq 24.7277 (2 df)

Iteration 4:  10000000 integrand evaluations so far
[1] 23.1347 +- 4.52541  	chisq 122.714 (3 df)

Iteration 5:  15000000 integrand evaluations so far
[1] 23.1357 +- 4.52541  	chisq 124.275 (4 df)

Iteration 6:  21000000 integrand evaluations so far
[1] 24.2825 +- 4.52477  	chisq 352.992 (5 df)

Iteration 7:  28000000 integrand evaluations so far
[1] 33.6016 +- 4.51993  	chisq 2336.54 (6 df)

Iteration 8:  36000000 integrand evaluations so far
[1] 111.277 +- 4.48038  	chisq 19285.4 (7 df)

Iteration 9:  45000000 integrand evaluations so far
[1] 540.741 +- 4.25206  	chisq 111793 (8 df)

Iteration 10:  55000000 integrand evaluations so far
[1] 1204.37 +- 3.87388  	chisq 255103 (9 df)
  1.2044 ± 0.0039 ·10⁺⁰³ (2.04mi) ┃  1.9439 ± 0.0047 ·10⁺⁰³ (1.27hr) ┃
┃    0 -     2 ┃   48 -    49 ┃  96.893 ±  0.018        (19.2mi) ┃   365.7 ±   0.16        (59.6mi) ┃Vegas input parameters:
  ndim 10
  ncomp 1
  nvec 1
  epsrel 0
  epsabs 0
  flags 10
  seed 123456
  mineval 50000000
  maxeval 50000000
  nstart 1000000
  nincrease 1000000
  nbatch 5000
  gridno 0
  statefile ""

Iteration 1:  1000000 integrand evaluations so far
[1] -768.807 +- 768.807  	chisq 0 (0 df)

Iteration 2:  3000000 integrand evaluations so far
[1] -0.000188713 +- 0.000106212  	chisq 1 (1 df)

Iteration 3:  6000000 integrand evaluations so far
[1] -0.000189526 +- 0.000106211  	chisq 4.49774 (2 df)

Iteration 4:  10000000 integrand evaluations so far
[1] -0.000189541 +- 0.000106211  	chisq 6.56683 (3 df)

Iteration 5:  15000000 integrand evaluations so far
[1] -0.000189542 +- 0.000106211  	chisq 10.6333 (4 df)

Iteration 6:  21000000 integrand evaluations so far
[1] -0.000189542 +- 0.000106211  	chisq 12.475 (5 df)

Iteration 7:  28000000 integrand evaluations so far
[1] -0.000189542 +- 0.000106211  	chisq 21.7947 (6 df)

Iteration 8:  36000000 integrand evaluations so far
[1] -0.000189542 +- 0.000106211  	chisq 21.802 (7 df)

Iteration 9:  45000000 integrand evaluations so far
[1] -0.000189542 +- 0.000106211  	chisq 50.0664 (8 df)

Iteration 10:  55000000 integrand evaluations so far
[1] -0.000189544 +- 0.000106211  	chisq 364.147 (9 df)
   -0.19 ±   0.11 ·10⁻⁰³ (4.09mi) ┃Vegas input parameters:
  ndim 8
  ncomp 1
  nvec 1
  epsrel 0
  epsabs 0
  flags 10
  seed 123456
  mineval 5000000
  maxeval 50000000
  nstart 1000000
  nincrease 1000000
  nbatch 5000
  gridno 0
  statefile ""

Iteration 1:  1000000 integrand evaluations so far
[1] 0 +- 2.22045e-19  	chisq 0 (0 df)

Iteration 2:  3000000 integrand evaluations so far
[1] 4.84587e-41 +- 2.22045e-19  	chisq 1.65237 (1 df)

Iteration 3:  6000000 integrand evaluations so far
[1] 5.37187e-38 +- 2.22045e-19  	chisq 20.326 (2 df)

Iteration 4:  10000000 integrand evaluations so far
[1] 5.39295e-38 +- 2.22045e-19  	chisq 24.0852 (3 df)

Iteration 5:  15000000 integrand evaluations so far
[1] 5.43827e-38 +- 2.22045e-19  	chisq 39.2457 (4 df)

Iteration 6:  21000000 integrand evaluations so far
[1] 6.06646e-38 +- 2.22045e-19  	chisq 301.006 (5 df)

Iteration 7:  28000000 integrand evaluations so far
[1] 8.49396e-38 +- 2.22045e-19  	chisq 1605.42 (6 df)

Iteration 8:  36000000 integrand evaluations so far
[1] 3.0868e-37 +- 2.22045e-19  	chisq 13919.1 (7 df)

Iteration 9:  45000000 integrand evaluations so far
[1] 4.27708e-37 +- 2.22045e-19  	chisq 20624.4 (8 df)

Iteration 10:  55000000 integrand evaluations so far
[1] 1.00462e-36 +- 2.22045e-19  	chisq 53155.5 (9 df)
       0 ±   0.22 ·10⁻¹⁸ (2.27mi) ┃  462.59 ±   0.16        (1.42hr) ┃
┃    0 -     2 ┃   49 -    50 ┃    44.4 ±  0.031        (4.78mi) ┃  161.43 ±   0.03        (1.96hr) ┃Vegas input parameters:
  ndim 10
  ncomp 1
  nvec 1
  epsrel 0
  epsabs 0
  flags 10
  seed 123456
  mineval 50000000
  maxeval 50000000
  nstart 1000000
  nincrease 1000000
  nbatch 5000
  gridno 0
  statefile ""

Iteration 1:  1000000 integrand evaluations so far
[1] -291.34 +- 291.34  	chisq 0 (0 df)

Iteration 2:  3000000 integrand evaluations so far
[1] -0.000226391 +- 0.000209206  	chisq 0.999998 (1 df)

Iteration 3:  6000000 integrand evaluations so far
[1] -0.000142842 +- 6.55509e-05  	chisq 1.17685 (2 df)

Iteration 4:  10000000 integrand evaluations so far
[1] -0.000146365 +- 6.55402e-05  	chisq 10.0282 (3 df)

Iteration 5:  15000000 integrand evaluations so far
[1] -0.000146365 +- 6.55402e-05  	chisq 11.1328 (4 df)

Iteration 6:  21000000 integrand evaluations so far
[1] -0.000146365 +- 6.55402e-05  	chisq 13.0041 (5 df)

Iteration 7:  28000000 integrand evaluations so far
[1] -0.000146365 +- 6.55402e-05  	chisq 13.8583 (6 df)

Iteration 8:  36000000 integrand evaluations so far
[1] -0.000146365 +- 6.55402e-05  	chisq 30.8208 (7 df)

Iteration 9:  45000000 integrand evaluations so far
[1] -0.000146365 +- 6.55402e-05  	chisq 71.2503 (8 df)

Iteration 10:  55000000 integrand evaluations so far
[1] -0.000146365 +- 6.55402e-05  	chisq 73.7813 (9 df)
  -0.146 ±  0.066 ·10⁻⁰³ (4.32mi) ┃Vegas input parameters:
  ndim 8
  ncomp 1
  nvec 1
  epsrel 0
  epsabs 0
  flags 10
  seed 123456
  mineval 5000000
  maxeval 50000000
  nstart 1000000
  nincrease 1000000
  nbatch 5000
  gridno 0
  statefile ""

Iteration 1:  1000000 integrand evaluations so far
[1] 0 +- 2.22045e-19  	chisq 0 (0 df)

Iteration 2:  3000000 integrand evaluations so far
[1] 1.29265e-40 +- 2.22045e-19  	chisq 1 (1 df)

Iteration 3:  6000000 integrand evaluations so far
[1] 7.82284e-39 +- 2.22045e-19  	chisq 2.02007 (2 df)

Iteration 4:  10000000 integrand evaluations so far
[1] 1.41041e-38 +- 2.22045e-19  	chisq 5.62904 (3 df)

Iteration 5:  15000000 integrand evaluations so far
[1] 1.46843e-38 +- 2.22045e-19  	chisq 9.23687 (4 df)

Iteration 6:  21000000 integrand evaluations so far
[1] 1.94374e-38 +- 2.22045e-19  	chisq 60.8921 (5 df)

Iteration 7:  28000000 integrand evaluations so far
[1] 3.5053e-38 +- 2.22045e-19  	chisq 429.71 (6 df)

Iteration 8:  36000000 integrand evaluations so far
[1] 1.44842e-37 +- 2.22045e-19  	chisq 3199.36 (7 df)

Iteration 9:  45000000 integrand evaluations so far
[1] 6.52263e-37 +- 2.22045e-19  	chisq 16222.1 (8 df)

Iteration 10:  55000000 integrand evaluations so far
[1] 3.21044e-36 +- 2.22045e-19  	chisq 81286.6 (9 df)
       0 ±   0.22 ·10⁻¹⁸ (2.72mi) ┃  205.83 ±  0.043        (2.16hr) ┃
┃    0 -     2 ┃   50 -    51 ┃ 6.80211 ± 0.00049        (36.6mi) ┃ 13.0187 ± 0.0062        (3.82hr) ┃Vegas input parameters:
  ndim 10
  ncomp 1
  nvec 1
  epsrel 0
  epsabs 0
  flags 10
  seed 123456
  mineval 50000000
  maxeval 50000000
  nstart 1000000
  nincrease 1000000
  nbatch 5000
  gridno 0
  statefile ""

Iteration 1:  1000000 integrand evaluations so far
[1] 0 +- 2.22045e-19  	chisq 0 (0 df)

Iteration 2:  3000000 integrand evaluations so far
[1] 0 +- 1.28198e-19  	chisq 0 (1 df)

Iteration 3:  6000000 integrand evaluations so far
[1] 0 +- 9.06494e-20  	chisq 0 (2 df)

Iteration 4:  10000000 integrand evaluations so far
[1] 0 +- 7.02167e-20  	chisq 0 (3 df)

Iteration 5:  15000000 integrand evaluations so far
[1] -5.19537e-41 +- 7.02167e-20  	chisq 1 (4 df)

Iteration 6:  21000000 integrand evaluations so far
[1] -6.60481e-32 +- 7.02167e-20  	chisq 5.4981 (5 df)

Iteration 7:  28000000 integrand evaluations so far
[1] -6.60526e-32 +- 7.02167e-20  	chisq 6.66861 (6 df)

Iteration 8:  36000000 integrand evaluations so far
[1] -6.60585e-32 +- 7.02167e-20  	chisq 10.2312 (7 df)

Iteration 9:  45000000 integrand evaluations so far
[1] -6.60585e-32 +- 7.02167e-20  	chisq 15.9034 (8 df)

Iteration 10:  55000000 integrand evaluations so far
[1] -6.60585e-32 +- 7.02167e-20  	chisq 17.274 (9 df)
      -0 ±   0.07 ·10⁻¹⁸ (3.03mi) ┃Vegas input parameters:
  ndim 8
  ncomp 1
  nvec 1
  epsrel 0
  epsabs 0
  flags 10
  seed 123456
  mineval 5000000
  maxeval 50000000
  nstart 1000000
  nincrease 1000000
  nbatch 5000
  gridno 0
  statefile ""

Iteration 1:  1000000 integrand evaluations so far
[1] 0 +- 2.22045e-19  	chisq 0 (0 df)

Iteration 2:  3000000 integrand evaluations so far
[1] 0 +- 1.28198e-19  	chisq 0 (1 df)

Iteration 3:  6000000 integrand evaluations so far
[1] 3.57439e-42 +- 1.28198e-19  	chisq 1.01973 (2 df)

Iteration 4:  10000000 integrand evaluations so far
[1] 3.18524e-38 +- 1.28198e-19  	chisq 5.5256 (3 df)

Iteration 5:  15000000 integrand evaluations so far
[1] 3.18845e-38 +- 1.28198e-19  	chisq 6.57867 (4 df)

Iteration 6:  21000000 integrand evaluations so far
[1] 3.40189e-38 +- 1.28198e-19  	chisq 15.7452 (5 df)

Iteration 7:  28000000 integrand evaluations so far
[1] 4.03821e-38 +- 1.28198e-19  	chisq 73.2952 (6 df)

Iteration 8:  36000000 integrand evaluations so far
[1] 5.27552e-38 +- 1.28198e-19  	chisq 206.016 (7 df)

Iteration 9:  45000000 integrand evaluations so far
[1] 5.01121e-37 +- 1.28198e-19  	chisq 5109.31 (8 df)

Iteration 10:  55000000 integrand evaluations so far
[1] 4.32463e-36 +- 1.28198e-19  	chisq 47492.5 (9 df)
       0 ±   0.13 ·10⁻¹⁸ (2.42mi) ┃ 19.8208 ± 0.0062        (4.53hr) ┃
┃    0 -     2 ┃   51 -    52 ┃  6.5593 ± 0.0056 ·10⁻⁰⁶ (49.8hr) ┃