
╍╍╍╍╍╍╍╍╍╍╍╍╍╍╍╍╍╍╍╍╍╍╍╍╍╍╍ Process settings ╍╍╍╍╍╍╍╍╍╍╍╍╍╍╍╍╍╍╍╍╍╍╍╍╍╍╍
   proton-proton collisions at sqrt(s) = 13000 GeV 
   Computing NLO+NLL resummed cross section
   W+ ->  nu(p3)+e+(p4) production 

╍╍╍╍╍╍╍╍╍╍╍╍╍╍╍╍╍╍╍╍╍╍╍╍╍╍╍╍╍╍ CKM matrix ╍╍╍╍╍╍╍╍╍╍╍╍╍╍╍╍╍╍╍╍╍╍╍╍╍╍╍╍╍╍
     | Vud Vus Vub |   |   0.97427   0.2253  0.00351 | 
     | Vcd Vcs Vcb | = |    0.2252  0.97344   0.0412 | 
     | Vtd Vts Vtb |   |         0        0        0 | 

╍╍╍╍╍╍╍╍╍╍╍╍╍╍╍╍╍╍╍╍╍╍╍╍╍╍╍╍╍ EW parameters ╍╍╍╍╍╍╍╍╍╍╍╍╍╍╍╍╍╍╍╍╍╍╍╍╍╍╍╍
                                         Gf =  1.1663787e-05      GeV^-2
                                    1/alpha =  132.233229791            
                                 sin(thW)^2 = 0.222897222524            
                                     W mass =         80.385         GeV
                                     Z mass =        91.1876         GeV
                                    W width =          2.091         GeV
                                    Z width =          2.495         GeV

╍╍╍╍╍╍╍╍╍╍╍╍╍╍╍╍╍╍╍╍╍╍╍╍╍╍╍╍╍ QCD settings ╍╍╍╍╍╍╍╍╍╍╍╍╍╍╍╍╍╍╍╍╍╍╍╍╍╍╍╍╍
   Renormalization scale:     dynamic muren =              2      * m_ll
     Factorization scale:     dynamic mufac =              1      * m_ll
       Resummation scale:     dynamic mures =              1      * m_ll
          Strong coupling       alpha_s(MZ) =       0.118001            
                              running order =              2       -loop
         Non-perturbative     form factor g =            0.7       GeV^2

╍╍╍╍╍╍╍╍╍╍╍╍╍╍╍╍╍╍╍╍╍╍╍╍╍╍╍╍╍ PDF settings ╍╍╍╍╍╍╍╍╍╍╍╍╍╍╍╍╍╍╍╍╍╍╍╍╍╍╍╍╍
                                     PDF set:MSHT20nnlo_as118            
                                  PDF member:              0            
  Mellin moments of PDFs:                    Numerical integration            
                         nodes for the quadrature:            200            
                         Intervals for the quadrature:              1            

╍╍╍╍╍╍╍╍╍╍╍╍╍╍╍╍╍╍╍╍╍╍╍╍╍╍╍╍╍╍╍ qT recoil ╍╍╍╍╍╍╍╍╍╍╍╍╍╍╍╍╍╍╍╍╍╍╍╍╍╍╍╍╍╍
  qt-recoil prescription:       Collins-Soper kt1 = p_V(x)/2; kt2 = p_V(y)/2            

╍╍╍╍╍╍╍╍╍╍╍╍╍╍╍╍╍╍╍╍╍╍╍╍╍╍╍╍╍╍╍╍╍ Cuts ╍╍╍╍╍╍╍╍╍╍╍╍╍╍╍╍╍╍╍╍╍╍╍╍╍╍╍╍╍╍╍╍╍
                                  apply cuts:           true            
                                      pt_l >               0            
                                   |eta_l| <            1000            
                                    pt_lep >              25            
                                 |eta_lep| <             2.4            
                                   pt_alep >              25            
                                |eta_alep| <             2.4            
                                  user cuts:            true            

╍╍╍╍╍╍╍╍╍╍╍╍╍╍╍╍╍╍╍╍╍╍╍╍╍╍╍╍ ResummationDamp ╍╍╍╍╍╍╍╍╍╍╍╍╍╍╍╍╍╍╍╍╍╍╍╍╍╍╍
                                    damping :             on            
                                damping mode:              1            
                                  damp above:        60.2888         GeV
                               damping width:        20.0963         GeV
                          resummation cutoff:             20         MeV

╍╍╍╍╍╍╍╍╍╍╍╍╍╍╍╍╍╍╍╍╍╍╍╍╍╍╍╍ Debug settings ╍╍╍╍╍╍╍╍╍╍╍╍╍╍╍╍╍╍╍╍╍╍╍╍╍╍╍╍
                                 timeprofile:          false            
                                     verbose:          false            
                               cubaverbosity:              2            

╍╍╍╍╍╍╍╍╍╍╍╍╍╍╍╍╍╍╍╍╍╍╍╍╍╍╍╍╍╍╍╍╍╍╍╍╍╍╍╍╍╍╍╍╍╍╍╍╍╍╍╍╍╍╍╍╍╍╍╍╍╍╍╍╍╍╍╍╍╍╍╍

Warning: Histogram `a1_qt` contains non-integrable observable and will be deleted 
Warning: Histogram `a1_qt_vs_y` contains non-integrable observable and will be deleted 
Warning: Histogram `s_biganswer` contains non-integrable observable and will be deleted 
Warning: Histogram `wgt_a1_qt` contains non-integrable observable and will be deleted 

╍╍╍╍╍╍╍╍╍╍╍╍╍╍╍╍╍╍╍╍╍╍╍╍╍ Integration settings ╍╍╍╍╍╍╍╍╍╍╍╍╍╍╍╍╍╍╍╍╍╍╍╍╍
             Random seeds              123456                           
           Parallel cores                   1                           

             Resummation:     cuhre (dm, dpt)         iter =           5
                                   gauss (dy)        nodes =          64
                                                 intervals =           1
            Counter term:      cuhre (dm, dy)         iter =           5
                                  gauss (dpt)        nodes =          20
                                                 intervals =           5
                     V+J:            vegas 7D       ncalls =    10000000

Mellin inverse transform:           gaussian         nodes =          30
                                                 intervals =           1
                               imaginary axis         zmax =           2
  Angular variable costh:     semi-analytical      ncstart =         100
   Angular variables phi:            gaussian    intervals =          20

      Constant boundaries                  q2          low =          80
                                                      high =         100
                                            y          low =          -6
                                                      high =           6
                                        costh          low =          -1
                                                      high =           1
                                       eta(l)          low =         -10
                                                      high =          10

┏━━━━━━━━━━━━━━┰━━━━━━━━━━━━━━┰━━━━━━━━━━━━━━━━━━━━━━━━━━━━━━━━━━┰━━━━━━━━━━━━━━━━━━━━━━━━━━━━━━━━━━┰━━━━━━━━━━━━━━━━━━━━━━━━━━━━━━━━━━┰━━━━━━━━━━━━━━━━━━━━━━━━━━━━━━━━━━┓
┃           qT ┃        pT(l) ┃                      Resummation ┃                     Counter term ┃                              V+J ┃                            TOTAL ┃
┣━━━━━━━━━━━━━━╋━━━━━━━━━━━━━━╋━━━━━━━━━━━━━━━━━━━━━━━━━━━━━━━━━━╋━━━━━━━━━━━━━━━━━━━━━━━━━━━━━━━━━━╋━━━━━━━━━━━━━━━━━━━━━━━━━━━━━━━━━━╋━━━━━━━━━━━━━━━━━━━━━━━━━━━━━━━━━━┫
┃   76 -    78 ┃   25 -    26 ┃  41.659 ±  0.017        ( 18.9s) ┃-18.3075 ± 0.0075        (3.23mi) ┃Vegas input parameters:
  ndim 7
  ncomp 1
  nvec 1
  epsrel 0
  epsabs 0
  flags 10
  seed 123456
  mineval 10000000
  maxeval 10000000
  nstart 1000000
  nincrease 1000000
  nbatch 5000
  gridno 0
  statefile ""

Iteration 1:  1000000 integrand evaluations so far
[1] 57.746 +- 1.52969  	chisq 0 (0 df)

Iteration 2:  3000000 integrand evaluations so far
[1] 58.1716 +- 0.43031  	chisq 0.0840744 (1 df)

Iteration 3:  6000000 integrand evaluations so far
[1] 58.2499 +- 0.267669  	chisq 0.13805 (2 df)

Iteration 4:  10000000 integrand evaluations so far
[1] 58.1071 +- 0.203597  	chisq 0.813086 (3 df)
   58.11 ±    0.2        ( 40.7s) ┃   81.46 ±    0.2        (4.22mi) ┃
┃   76 -    78 ┃   26 -    27 ┃   48.16 ±  0.028        ( 25.1s) ┃-20.8017 ± 0.0092        (12.3mi) ┃Vegas input parameters:
  ndim 7
  ncomp 1
  nvec 1
  epsrel 0
  epsabs 0
  flags 10
  seed 123456
  mineval 10000000
  maxeval 10000000
  nstart 1000000
  nincrease 1000000
  nbatch 5000
  gridno 0
  statefile ""

Iteration 1:  1000000 integrand evaluations so far
[1] 56.9615 +- 1.4901  	chisq 0 (0 df)

Iteration 2:  3000000 integrand evaluations so far
[1] 56.3504 +- 0.419101  	chisq 0.182675 (1 df)

Iteration 3:  6000000 integrand evaluations so far
[1] 56.3739 +- 0.260329  	chisq 0.187802 (2 df)

Iteration 4:  10000000 integrand evaluations so far
[1] 56.473 +- 0.208143  	chisq 0.589265 (3 df)
   56.47 ±   0.21        ( 40.4s) ┃   83.83 ±   0.21        (13.3mi) ┃
┃   76 -    78 ┃   27 -    28 ┃  47.699 ±  0.039        ( 1.2mi) ┃ -20.925 ±   0.02        ( 1.8mi) ┃Vegas input parameters:
  ndim 7
  ncomp 1
  nvec 1
  epsrel 0
  epsabs 0
  flags 10
  seed 123456
  mineval 10000000
  maxeval 10000000
  nstart 1000000
  nincrease 1000000
  nbatch 5000
  gridno 0
  statefile ""

Iteration 1:  1000000 integrand evaluations so far
[1] 54.7866 +- 1.45649  	chisq 0 (0 df)

Iteration 2:  3000000 integrand evaluations so far
[1] 54.2018 +- 0.408054  	chisq 0.174957 (1 df)

Iteration 3:  6000000 integrand evaluations so far
[1] 54.5865 +- 0.254264  	chisq 1.62826 (2 df)

Iteration 4:  10000000 integrand evaluations so far
[1] 54.6323 +- 0.207684  	chisq 1.72582 (3 df)
   54.63 ±   0.21        ( 40.3s) ┃   81.41 ±   0.21        (3.67mi) ┃
┃   76 -    78 ┃   28 -    29 ┃  40.193 ±  0.013        (2.43mi) ┃ -17.773 ±  0.011        (25.5mi) ┃Vegas input parameters:
  ndim 7
  ncomp 1
  nvec 1
  epsrel 0
  epsabs 0
  flags 10
  seed 123456
  mineval 10000000
  maxeval 10000000
  nstart 1000000
  nincrease 1000000
  nbatch 5000
  gridno 0
  statefile ""

Iteration 1:  1000000 integrand evaluations so far
[1] 53.4834 +- 1.42173  	chisq 0 (0 df)

Iteration 2:  3000000 integrand evaluations so far
[1] 53.117 +- 0.399615  	chisq 0.0721358 (1 df)

Iteration 3:  6000000 integrand evaluations so far
[1] 52.9859 +- 0.257694  	chisq 0.256392 (2 df)

Iteration 4:  10000000 integrand evaluations so far
[1] 53.2542 +- 0.208076  	chisq 3.37206 (3 df)
   53.25 ±   0.21        ( 38.5s) ┃   75.67 ±   0.21        (28.6mi) ┃
┃   76 -    78 ┃   29 -    30 ┃  43.656 ±  0.027        (2.38mi) ┃-18.9228 ± 0.0067        (25.5mi) ┃Vegas input parameters:
  ndim 7
  ncomp 1
  nvec 1
  epsrel 0
  epsabs 0
  flags 10
  seed 123456
  mineval 10000000
  maxeval 10000000
  nstart 1000000
  nincrease 1000000
  nbatch 5000
  gridno 0
  statefile ""

Iteration 1:  1000000 integrand evaluations so far
[1] 52.2244 +- 1.40347  	chisq 0 (0 df)

Iteration 2:  3000000 integrand evaluations so far
[1] 51.2049 +- 0.391388  	chisq 0.572172 (1 df)

Iteration 3:  6000000 integrand evaluations so far
[1] 51.6928 +- 0.243943  	chisq 3.11326 (2 df)

Iteration 4:  10000000 integrand evaluations so far
[1] 51.7837 +- 0.187557  	chisq 3.45287 (3 df)
   51.78 ±   0.19        ( 40.3s) ┃   76.52 ±   0.19        (28.5mi) ┃
┃   76 -    78 ┃   30 -    31 ┃  54.671 ±  0.055        ( 3.44s) ┃ -24.167 ±  0.012        (6.09mi) ┃Vegas input parameters:
  ndim 7
  ncomp 1
  nvec 1
  epsrel 0
  epsabs 0
  flags 10
  seed 123456
  mineval 10000000
  maxeval 10000000
  nstart 1000000
  nincrease 1000000
  nbatch 5000
  gridno 0
  statefile ""

Iteration 1:  1000000 integrand evaluations so far
[1] 52.8623 +- 1.39964  	chisq 0 (0 df)

Iteration 2:  3000000 integrand evaluations so far
[1] 50.8631 +- 0.385372  	chisq 2.20757 (1 df)

Iteration 3:  6000000 integrand evaluations so far
[1] 50.696 +- 0.250655  	chisq 2.53355 (2 df)

Iteration 4:  10000000 integrand evaluations so far
[1] 50.879 +- 0.187116  	chisq 3.73731 (3 df)
   50.88 ±   0.19        ( 39.5s) ┃   81.38 ±    0.2        ( 6.8mi) ┃
┃   76 -    78 ┃   31 -    32 ┃  36.499 ±  0.031        (2.74mi) ┃  -15.93 ±  0.015        (3.18mi) ┃Vegas input parameters:
  ndim 7
  ncomp 1
  nvec 1
  epsrel 0
  epsabs 0
  flags 10
  seed 123456
  mineval 10000000
  maxeval 10000000
  nstart 1000000
  nincrease 1000000
  nbatch 5000
  gridno 0
  statefile ""

Iteration 1:  1000000 integrand evaluations so far
[1] 48.879 +- 1.3318  	chisq 0 (0 df)

Iteration 2:  3000000 integrand evaluations so far
[1] 49.7676 +- 0.377326  	chisq 0.484056 (1 df)

Iteration 3:  6000000 integrand evaluations so far
[1] 49.8274 +- 0.273402  	chisq 0.536961 (2 df)

Iteration 4:  10000000 integrand evaluations so far
[1] 49.7671 +- 0.202147  	chisq 0.64422 (3 df)
   49.77 ±    0.2        ( 39.5s) ┃   70.34 ±    0.2        (6.57mi) ┃
┃   76 -    78 ┃   32 -    33 ┃  44.148 ±  0.021        (2.34mi) ┃ -19.228 ±  0.012        (12.3mi) ┃Vegas input parameters:
  ndim 7
  ncomp 1
  nvec 1
  epsrel 0
  epsabs 0
  flags 10
  seed 123456
  mineval 10000000
  maxeval 10000000
  nstart 1000000
  nincrease 1000000
  nbatch 5000
  gridno 0
  statefile ""

Iteration 1:  1000000 integrand evaluations so far
[1] 49.1546 +- 1.31335  	chisq 0 (0 df)

Iteration 2:  3000000 integrand evaluations so far
[1] 48.8077 +- 0.373166  	chisq 0.0758945 (1 df)

Iteration 3:  6000000 integrand evaluations so far
[1] 48.9646 +- 0.25554  	chisq 0.408658 (2 df)

Iteration 4:  10000000 integrand evaluations so far
[1] 48.9807 +- 0.199006  	chisq 0.418744 (3 df)
   48.98 ±    0.2        (   41s) ┃    73.9 ±    0.2        (15.3mi) ┃
┃   76 -    78 ┃   33 -    34 ┃  51.218 ±  0.028        (2.45mi) ┃-22.1968 ± 0.0083        (24.3mi) ┃Vegas input parameters:
  ndim 7
  ncomp 1
  nvec 1
  epsrel 0
  epsabs 0
  flags 10
  seed 123456
  mineval 10000000
  maxeval 10000000
  nstart 1000000
  nincrease 1000000
  nbatch 5000
  gridno 0
  statefile ""

Iteration 1:  1000000 integrand evaluations so far
[1] 46.7624 +- 1.27691  	chisq 0 (0 df)

Iteration 2:  3000000 integrand evaluations so far
[1] 48.0062 +- 0.432947  	chisq 1.072 (1 df)

Iteration 3:  6000000 integrand evaluations so far
[1] 47.8345 +- 0.287681  	chisq 1.35344 (2 df)

Iteration 4:  10000000 integrand evaluations so far
[1] 47.8835 +- 0.203443  	chisq 1.41137 (3 df)
   47.88 ±    0.2        ( 38.5s) ┃    76.9 ±   0.21        (27.4mi) ┃
┃   76 -    78 ┃   34 -    35 ┃  38.894 ±  0.002        (4.42mi) ┃-16.9917 ±  0.009        (24.3mi) ┃Vegas input parameters:
  ndim 7
  ncomp 1
  nvec 1
  epsrel 0
  epsabs 0
  flags 10
  seed 123456
  mineval 10000000
  maxeval 10000000
  nstart 1000000
  nincrease 1000000
  nbatch 5000
  gridno 0
  statefile ""

Iteration 1:  1000000 integrand evaluations so far
[1] 50.1916 +- 1.33393  	chisq 0 (0 df)

Iteration 2:  3000000 integrand evaluations so far
[1] 47.1616 +- 0.359604  	chisq 5.56421 (1 df)

Iteration 3:  6000000 integrand evaluations so far
[1] 47.293 +- 0.251358  	chisq 5.82523 (2 df)

Iteration 4:  10000000 integrand evaluations so far
[1] 47.2501 +- 0.186268  	chisq 5.88982 (3 df)
   47.25 ±   0.19        ( 40.6s) ┃   69.15 ±   0.19        (29.4mi) ┃
┃   76 -    78 ┃   35 -    36 ┃  45.428 ±  0.044        ( 44.4s) ┃-20.4053 ± 0.0017        (3.16mi) ┃Vegas input parameters:
  ndim 7
  ncomp 1
  nvec 1
  epsrel 0
  epsabs 0
  flags 10
  seed 123456
  mineval 10000000
  maxeval 10000000
  nstart 1000000
  nincrease 1000000
  nbatch 5000
  gridno 0
  statefile ""

Iteration 1:  1000000 integrand evaluations so far
[1] 45.9241 +- 1.25357  	chisq 0 (0 df)

Iteration 2:  3000000 integrand evaluations so far
[1] 46.4073 +- 0.355944  	chisq 0.161601 (1 df)

Iteration 3:  6000000 integrand evaluations so far
[1] 46.3175 +- 0.220415  	chisq 0.264831 (2 df)

Iteration 4:  10000000 integrand evaluations so far
[1] 46.3167 +- 0.162368  	chisq 0.264859 (3 df)
   46.32 ±   0.16        ( 40.7s) ┃   71.34 ±   0.17        (4.58mi) ┃
┃   76 -    78 ┃   36 -    37 ┃  51.308 ±  0.027        ( 9.1mi) ┃ -22.256 ±   0.02        (12.7mi) ┃Vegas input parameters:
  ndim 7
  ncomp 1
  nvec 1
  epsrel 0
  epsabs 0
  flags 10
  seed 123456
  mineval 10000000
  maxeval 10000000
  nstart 1000000
  nincrease 1000000
  nbatch 5000
  gridno 0
  statefile ""

Iteration 1:  1000000 integrand evaluations so far
[1] 46.1566 +- 1.24163  	chisq 0 (0 df)

Iteration 2:  3000000 integrand evaluations so far
[1] 45.6575 +- 0.349331  	chisq 0.175453 (1 df)

Iteration 3:  6000000 integrand evaluations so far
[1] 45.4432 +- 0.216154  	chisq 0.785389 (2 df)

Iteration 4:  10000000 integrand evaluations so far
[1] 45.6143 +- 0.174524  	chisq 2.58675 (3 df)
   45.61 ±   0.17        (   41s) ┃   74.67 ±   0.18        (22.5mi) ┃
┃   76 -    78 ┃   37 -    38 ┃  41.113 ±  0.029        (4.51mi) ┃ -17.997 ±  0.013        (12.5mi) ┃Vegas input parameters:
  ndim 7
  ncomp 1
  nvec 1
  epsrel 0
  epsabs 0
  flags 10
  seed 123456
  mineval 10000000
  maxeval 10000000
  nstart 1000000
  nincrease 1000000
  nbatch 5000
  gridno 0
  statefile ""

Iteration 1:  1000000 integrand evaluations so far
[1] 44.0747 +- 1.20812  	chisq 0 (0 df)

Iteration 2:  3000000 integrand evaluations so far
[1] 44.4169 +- 0.34513  	chisq 0.0873522 (1 df)

Iteration 3:  6000000 integrand evaluations so far
[1] 45.1448 +- 0.215307  	chisq 7.36913 (2 df)

Iteration 4:  10000000 integrand evaluations so far
[1] 45.0835 +- 0.163368  	chisq 7.55985 (3 df)
   45.08 ±   0.16        ( 40.7s) ┃    68.2 ±   0.17        (17.7mi) ┃
┃   76 -    78 ┃   38 -    39 ┃  43.114 ±  0.031        (1.36mi) ┃ -19.148 ±  0.014        (18.5mi) ┃Vegas input parameters:
  ndim 7
  ncomp 1
  nvec 1
  epsrel 0
  epsabs 0
  flags 10
  seed 123456
  mineval 10000000
  maxeval 10000000
  nstart 1000000
  nincrease 1000000
  nbatch 5000
  gridno 0
  statefile ""

Iteration 1:  1000000 integrand evaluations so far
[1] 42.3047 +- 1.17433  	chisq 0 (0 df)

Iteration 2:  3000000 integrand evaluations so far
[1] 43.8296 +- 0.339759  	chisq 1.84011 (1 df)

Iteration 3:  6000000 integrand evaluations so far
[1] 44.1205 +- 0.23437  	chisq 3.23838 (2 df)

Iteration 4:  10000000 integrand evaluations so far
[1] 44.153 +- 0.176717  	chisq 3.28293 (3 df)
   44.15 ±   0.18        ( 39.8s) ┃   68.12 ±   0.18        (20.6mi) ┃
┃   76 -    78 ┃   39 -    40 ┃  48.745 ±  0.046        (4.74mi) ┃ -21.318 ±   0.02        (25.2mi) ┃Vegas input parameters:
  ndim 7
  ncomp 1
  nvec 1
  epsrel 0
  epsabs 0
  flags 10
  seed 123456
  mineval 10000000
  maxeval 10000000
  nstart 1000000
  nincrease 1000000
  nbatch 5000
  gridno 0
  statefile ""

Iteration 1:  1000000 integrand evaluations so far
[1] 42.1229 +- 1.16631  	chisq 0 (0 df)

Iteration 2:  3000000 integrand evaluations so far
[1] 43.099 +- 0.334814  	chisq 0.76328 (1 df)

Iteration 3:  6000000 integrand evaluations so far
[1] 43.5554 +- 0.208671  	chisq 3.80104 (2 df)

Iteration 4:  10000000 integrand evaluations so far
[1] 43.5318 +- 0.153612  	chisq 3.82884 (3 df)
   43.53 ±   0.15        ( 40.2s) ┃   70.96 ±   0.16        (30.6mi) ┃
┃   76 -    78 ┃   40 -    41 ┃  46.163 ±  0.016        (9.08mi) ┃-20.0935 ± 0.0066        (49.9mi) ┃Vegas input parameters:
  ndim 7
  ncomp 1
  nvec 1
  epsrel 0
  epsabs 0
  flags 10
  seed 123456
  mineval 10000000
  maxeval 10000000
  nstart 1000000
  nincrease 1000000
  nbatch 5000
  gridno 0
  statefile ""

Iteration 1:  1000000 integrand evaluations so far
[1] 45.8267 +- 1.22289  	chisq 0 (0 df)

Iteration 2:  3000000 integrand evaluations so far
[1] 43.5372 +- 0.334947  	chisq 3.78947 (1 df)

Iteration 3:  6000000 integrand evaluations so far
[1] 43.1716 +- 0.206795  	chisq 5.71403 (2 df)

Iteration 4:  10000000 integrand evaluations so far
[1] 43.0238 +- 0.161677  	chisq 7.02891 (3 df)
   43.02 ±   0.16        ( 40.7s) ┃   69.09 ±   0.16        (59.6mi) ┃
┃   76 -    78 ┃   41 -    42 ┃  37.636 ±  0.034        (4.73mi) ┃ -16.518 ±  0.015        (12.7mi) ┃Vegas input parameters:
  ndim 7
  ncomp 1
  nvec 1
  epsrel 0
  epsabs 0
  flags 10
  seed 123456
  mineval 10000000
  maxeval 10000000
  nstart 1000000
  nincrease 1000000
  nbatch 5000
  gridno 0
  statefile ""

Iteration 1:  1000000 integrand evaluations so far
[1] 43.6566 +- 1.18502  	chisq 0 (0 df)

Iteration 2:  3000000 integrand evaluations so far
[1] 42.7345 +- 0.330697  	chisq 0.656612 (1 df)

Iteration 3:  6000000 integrand evaluations so far
[1] 42.8609 +- 0.205566  	chisq 0.894588 (2 df)

Iteration 4:  10000000 integrand evaluations so far
[1] 42.7338 +- 0.151076  	chisq 1.72593 (3 df)
   42.73 ±   0.15        ( 39.6s) ┃   63.85 ±   0.16        (18.1mi) ┃
┃   76 -    78 ┃   42 -    43 ┃  42.088 ±  0.041        (2.63mi) ┃-18.3975 ± 0.0015        (51.4mi) ┃Vegas input parameters:
  ndim 7
  ncomp 1
  nvec 1
  epsrel 0
  epsabs 0
  flags 10
  seed 123456
  mineval 10000000
  maxeval 10000000
  nstart 1000000
  nincrease 1000000
  nbatch 5000
  gridno 0
  statefile ""

Iteration 1:  1000000 integrand evaluations so far
[1] 42.7786 +- 1.15749  	chisq 0 (0 df)

Iteration 2:  3000000 integrand evaluations so far
[1] 42.3136 +- 0.326625  	chisq 0.175313 (1 df)

Iteration 3:  6000000 integrand evaluations so far
[1] 42.3231 +- 0.202523  	chisq 0.176677 (2 df)

Iteration 4:  10000000 integrand evaluations so far
[1] 42.2295 +- 0.149319  	chisq 0.644772 (3 df)
   42.23 ±   0.15        ( 40.8s) ┃   65.92 ±   0.15        (54.7mi) ┃
┃   76 -    78 ┃   43 -    44 ┃  41.177 ±  0.023        (1.25mi) ┃-18.0212 ± 0.0043        (25.3mi) ┃Vegas input parameters:
  ndim 7
  ncomp 1
  nvec 1
  epsrel 0
  epsabs 0
  flags 10
  seed 123456
  mineval 10000000
  maxeval 10000000
  nstart 1000000
  nincrease 1000000
  nbatch 5000
  gridno 0
  statefile ""

Iteration 1:  1000000 integrand evaluations so far
[1] 41.8966 +- 1.13663  	chisq 0 (0 df)

Iteration 2:  3000000 integrand evaluations so far
[1] 41.344 +- 0.322394  	chisq 0.25702 (1 df)

Iteration 3:  6000000 integrand evaluations so far
[1] 42.0071 +- 0.201317  	chisq 7.18963 (2 df)

Iteration 4:  10000000 integrand evaluations so far
[1] 41.9662 +- 0.153397  	chisq 7.28797 (3 df)
   41.97 ±   0.15        (   41s) ┃   65.12 ±   0.16        (27.2mi) ┃
┃   76 -    78 ┃   44 -    45 ┃  43.226 ±  0.042        (1.18mi) ┃ -18.705 ±  0.014        (1.62mi) ┃Vegas input parameters:
  ndim 7
  ncomp 1
  nvec 1
  epsrel 0
  epsabs 0
  flags 10
  seed 123456
  mineval 10000000
  maxeval 10000000
  nstart 1000000
  nincrease 1000000
  nbatch 5000
  gridno 0
  statefile ""

Iteration 1:  1000000 integrand evaluations so far
[1] 41.6587 +- 1.12968  	chisq 0 (0 df)

Iteration 2:  3000000 integrand evaluations so far
[1] 41.4314 +- 0.320784  	chisq 0.0440485 (1 df)

Iteration 3:  6000000 integrand evaluations so far
[1] 41.3565 +- 0.198491  	chisq 0.132393 (2 df)

Iteration 4:  10000000 integrand evaluations so far
[1] 41.3792 +- 0.152365  	chisq 0.164187 (3 df)
   41.38 ±   0.15        ( 40.1s) ┃    65.9 ±   0.16        (3.46mi) ┃
┃   76 -    78 ┃   45 -    46 ┃  36.189 ±  0.021        ( 4.7mi) ┃ -15.723 ±  0.012        (26.3mi) ┃Vegas input parameters:
  ndim 7
  ncomp 1
  nvec 1
  epsrel 0
  epsabs 0
  flags 10
  seed 123456
  mineval 10000000
  maxeval 10000000
  nstart 1000000
  nincrease 1000000
  nbatch 5000
  gridno 0
  statefile ""

Iteration 1:  1000000 integrand evaluations so far
[1] 41.8507 +- 1.14392  	chisq 0 (0 df)

Iteration 2:  3000000 integrand evaluations so far
[1] 41.4868 +- 0.318157  	chisq 0.109705 (1 df)

Iteration 3:  6000000 integrand evaluations so far
[1] 41.1119 +- 0.202972  	chisq 2.45172 (2 df)

Iteration 4:  10000000 integrand evaluations so far
[1] 40.9472 +- 0.150498  	chisq 3.91309 (3 df)
   40.95 ±   0.15        ( 39.3s) ┃   61.41 ±   0.15        (31.6mi) ┃
┃   76 -    78 ┃   46 -    47 ┃  38.126 ±  0.015        (2.31mi) ┃  -16.73 ±  0.012        (6.37mi) ┃Vegas input parameters:
  ndim 7
  ncomp 1
  nvec 1
  epsrel 0
  epsabs 0
  flags 10
  seed 123456
  mineval 10000000
  maxeval 10000000
  nstart 1000000
  nincrease 1000000
  nbatch 5000
  gridno 0
  statefile ""

Iteration 1:  1000000 integrand evaluations so far
[1] 39.9396 +- 1.09709  	chisq 0 (0 df)

Iteration 2:  3000000 integrand evaluations so far
[1] 40.8561 +- 0.315755  	chisq 0.7608 (1 df)

Iteration 3:  6000000 integrand evaluations so far
[1] 41.0176 +- 0.20174  	chisq 1.20323 (2 df)

Iteration 4:  10000000 integrand evaluations so far
[1] 40.7759 +- 0.151798  	chisq 4.51308 (3 df)
   40.78 ±   0.15        ( 40.2s) ┃   62.17 ±   0.15        (9.36mi) ┃
┃   76 -    78 ┃   47 -    48 ┃  48.595 ±  0.012        (4.63mi) ┃ -21.132 ± 0.0081        (12.9mi) ┃Vegas input parameters:
  ndim 7
  ncomp 1
  nvec 1
  epsrel 0
  epsabs 0
  flags 10
  seed 123456
  mineval 10000000
  maxeval 10000000
  nstart 1000000
  nincrease 1000000
  nbatch 5000
  gridno 0
  statefile ""

Iteration 1:  1000000 integrand evaluations so far
[1] 41.3011 +- 1.12105  	chisq 0 (0 df)

Iteration 2:  3000000 integrand evaluations so far
[1] 40.689 +- 0.311547  	chisq 0.323073 (1 df)

Iteration 3:  6000000 integrand evaluations so far
[1] 40.5122 +- 0.202084  	chisq 0.879161 (2 df)

Iteration 4:  10000000 integrand evaluations so far
[1] 40.3881 +- 0.15491  	chisq 1.79439 (3 df)
   40.39 ±   0.15        ( 41.1s) ┃   67.85 ±   0.16        (18.2mi) ┃
┃   76 -    78 ┃   48 -    49 ┃  35.106 ±  0.021        (4.63mi) ┃-15.3615 ± 0.0032        ( 6.6mi) ┃Vegas input parameters:
  ndim 7
  ncomp 1
  nvec 1
  epsrel 0
  epsabs 0
  flags 10
  seed 123456
  mineval 10000000
  maxeval 10000000
  nstart 1000000
  nincrease 1000000
  nbatch 5000
  gridno 0
  statefile ""

Iteration 1:  1000000 integrand evaluations so far
[1] 40.6946 +- 1.1172  	chisq 0 (0 df)

Iteration 2:  3000000 integrand evaluations so far
[1] 40.0972 +- 0.310824  	chisq 0.309923 (1 df)

Iteration 3:  6000000 integrand evaluations so far
[1] 40.0148 +- 0.192645  	chisq 0.42388 (2 df)

Iteration 4:  10000000 integrand evaluations so far
[1] 40.1241 +- 0.149142  	chisq 1.227 (3 df)
   40.12 ±   0.15        ( 39.7s) ┃   59.87 ±   0.15        (11.9mi) ┃
┃   76 -    78 ┃   49 -    50 ┃  35.174 ±  0.018        (1.93mi) ┃-15.2889 ± 0.0092        (2.91mi) ┃Vegas input parameters:
  ndim 7
  ncomp 1
  nvec 1
  epsrel 0
  epsabs 0
  flags 10
  seed 123456
  mineval 10000000
  maxeval 10000000
  nstart 1000000
  nincrease 1000000
  nbatch 5000
  gridno 0
  statefile ""

Iteration 1:  1000000 integrand evaluations so far
[1] 39.6106 +- 1.0936  	chisq 0 (0 df)

Iteration 2:  3000000 integrand evaluations so far
[1] 39.9836 +- 0.344071  	chisq 0.129105 (1 df)

Iteration 3:  6000000 integrand evaluations so far
[1] 39.874 +- 0.210846  	chisq 0.291657 (2 df)

Iteration 4:  10000000 integrand evaluations so far
[1] 39.6793 +- 0.150532  	chisq 2.03137 (3 df)
   39.68 ±   0.15        ( 37.8s) ┃   59.56 ±   0.15        (5.48mi) ┃
┃   76 -    78 ┃   50 -    51 ┃  36.043 ±  0.031        (1.27mi) ┃-15.8023 ± 0.0062        (49.7mi) ┃Vegas input parameters:
  ndim 7
  ncomp 1
  nvec 1
  epsrel 0
  epsabs 0
  flags 10
  seed 123456
  mineval 10000000
  maxeval 10000000
  nstart 1000000
  nincrease 1000000
  nbatch 5000
  gridno 0
  statefile ""

Iteration 1:  1000000 integrand evaluations so far
[1] 38.3136 +- 1.06774  	chisq 0 (0 df)

Iteration 2:  3000000 integrand evaluations so far
[1] 39.0637 +- 0.306081  	chisq 0.53779 (1 df)

Iteration 3:  6000000 integrand evaluations so far
[1] 39.0667 +- 0.18963  	chisq 0.537943 (2 df)

Iteration 4:  10000000 integrand evaluations so far
[1] 39.0352 +- 0.139661  	chisq 0.598342 (3 df)
   39.04 ±   0.14        ( 37.1s) ┃   59.28 ±   0.14        (51.5mi) ┃
┃   76 -    78 ┃   51 -    52 ┃  46.106 ±  0.022        ( 8.74s) ┃-20.2539 ± 0.0067        (47.6mi) ┃Vegas input parameters:
  ndim 7
  ncomp 1
  nvec 1
  epsrel 0
  epsabs 0
  flags 10
  seed 123456
  mineval 10000000
  maxeval 10000000
  nstart 1000000
  nincrease 1000000
  nbatch 5000
  gridno 0
  statefile ""

Iteration 1:  1000000 integrand evaluations so far
[1] 35.0295 +- 1.01928  	chisq 0 (0 df)

Iteration 2:  3000000 integrand evaluations so far
[1] 38.5471 +- 0.302952  	chisq 13.0642 (1 df)

Iteration 3:  6000000 integrand evaluations so far
[1] 38.5707 +- 0.187899  	chisq 13.0741 (2 df)

Iteration 4:  10000000 integrand evaluations so far
[1] 38.7177 +- 0.157658  	chisq 15.1411 (3 df)
   38.72 ±   0.16        ( 38.1s) ┃   64.57 ±   0.16        (48.4mi) ┃
┃   76 -    78 ┃   52 -    53 ┃  35.193 ±   0.03        (1.21mi) ┃-15.3444 ± 0.0097        (19.3mi) ┃Vegas input parameters:
  ndim 7
  ncomp 1
  nvec 1
  epsrel 0
  epsabs 0
  flags 10
  seed 123456
  mineval 10000000
  maxeval 10000000
  nstart 1000000
  nincrease 1000000
  nbatch 5000
  gridno 0
  statefile ""

Iteration 1:  1000000 integrand evaluations so far
[1] 37.6818 +- 1.05589  	chisq 0 (0 df)

Iteration 2:  3000000 integrand evaluations so far
[1] 37.0773 +- 0.297163  	chisq 0.35602 (1 df)

Iteration 3:  6000000 integrand evaluations so far
[1] 37.2119 +- 0.184596  	chisq 0.690499 (2 df)

Iteration 4:  10000000 integrand evaluations so far
[1] 37.3025 +- 0.140653  	chisq 1.26384 (3 df)
    37.3 ±   0.14        ( 36.6s) ┃   57.15 ±   0.14        (21.1mi) ┃
┃   76 -    78 ┃   53 -    54 ┃ 32.0991 ± 0.0055        (3.54mi) ┃ -14.052 ±   0.01        (10.6mi) ┃Vegas input parameters:
  ndim 7
  ncomp 1
  nvec 1
  epsrel 0
  epsabs 0
  flags 10
  seed 123456
  mineval 10000000
  maxeval 10000000
  nstart 1000000
  nincrease 1000000
  nbatch 5000
  gridno 0
  statefile ""

Iteration 1:  1000000 integrand evaluations so far
[1] 36.3149 +- 1.03635  	chisq 0 (0 df)

Iteration 2:  3000000 integrand evaluations so far
[1] 35.6477 +- 0.288154  	chisq 0.449166 (1 df)

Iteration 3:  6000000 integrand evaluations so far
[1] 35.842 +- 0.181524  	chisq 1.20263 (2 df)

Iteration 4:  10000000 integrand evaluations so far
[1] 35.7093 +- 0.135336  	chisq 2.40643 (3 df)
   35.71 ±   0.14        ( 39.7s) ┃   53.76 ±   0.14        (14.8mi) ┃
┃   76 -    78 ┃   54 -    55 ┃ 37.8956 ±  0.004        (4.57mi) ┃-16.5368 ± 0.0095        (12.5mi) ┃Vegas input parameters:
  ndim 7
  ncomp 1
  nvec 1
  epsrel 0
  epsabs 0
  flags 10
  seed 123456
  mineval 10000000
  maxeval 10000000
  nstart 1000000
  nincrease 1000000
  nbatch 5000
  gridno 0
  statefile ""

Iteration 1:  1000000 integrand evaluations so far
[1] 34.0051 +- 0.998956  	chisq 0 (0 df)

Iteration 2:  3000000 integrand evaluations so far
[1] 34.096 +- 0.282826  	chisq 0.00899178 (1 df)

Iteration 3:  6000000 integrand evaluations so far
[1] 34.1847 +- 0.178045  	chisq 0.172251 (2 df)

Iteration 4:  10000000 integrand evaluations so far
[1] 34.2364 +- 0.136882  	chisq 0.378395 (3 df)
   34.24 ±   0.14        ( 38.2s) ┃    55.6 ±   0.14        (17.7mi) ┃
┃   76 -    78 ┃   55 -    56 ┃  33.767 ±  0.033        ( 35.3s) ┃-14.8258 ± 0.00061        (   3mi) ┃Vegas input parameters:
  ndim 7
  ncomp 1
  nvec 1
  epsrel 0
  epsabs 0
  flags 10
  seed 123456
  mineval 10000000
  maxeval 10000000
  nstart 1000000
  nincrease 1000000
  nbatch 5000
  gridno 0
  statefile ""

Iteration 1:  1000000 integrand evaluations so far
[1] 33.2554 +- 0.978401  	chisq 0 (0 df)

Iteration 2:  3000000 integrand evaluations so far
[1] 33.5488 +- 0.293613  	chisq 0.0988175 (1 df)

Iteration 3:  6000000 integrand evaluations so far
[1] 33.6438 +- 0.181358  	chisq 0.268176 (2 df)

Iteration 4:  10000000 integrand evaluations so far
[1] 33.4379 +- 0.131224  	chisq 2.97571 (3 df)
   33.44 ±   0.13        ( 25.4s) ┃   52.38 ±   0.14        (4.02mi) ┃
┃   76 -    78 ┃   56 -    57 ┃  36.615 ±  0.036        (1.89mi) ┃ -15.882 ± 0.0011        (9.16mi) ┃Vegas input parameters:
  ndim 7
  ncomp 1
  nvec 1
  epsrel 0
  epsabs 0
  flags 10
  seed 123456
  mineval 10000000
  maxeval 10000000
  nstart 1000000
  nincrease 1000000
  nbatch 5000
  gridno 0
  statefile ""

Iteration 1:  1000000 integrand evaluations so far
[1] 31.3948 +- 0.952295  	chisq 0 (0 df)

Iteration 2:  3000000 integrand evaluations so far
[1] 33.5299 +- 0.277896  	chisq 5.49474 (1 df)

Iteration 3:  6000000 integrand evaluations so far
[1] 33.0779 +- 0.170511  	chisq 9.73754 (2 df)

Iteration 4:  10000000 integrand evaluations so far
[1] 32.91 +- 0.127095  	chisq 11.9176 (3 df)
   32.91 ±   0.13        ( 34.5s) ┃   53.64 ±   0.13        (11.6mi) ┃
┃   76 -    78 ┃   57 -    58 ┃  31.045 ±  0.025        ( 18.5s) ┃ -13.134 ± 0.0046        (1.54mi) ┃Vegas input parameters:
  ndim 7
  ncomp 1
  nvec 1
  epsrel 0
  epsabs 0
  flags 10
  seed 123456
  mineval 10000000
  maxeval 10000000
  nstart 1000000
  nincrease 1000000
  nbatch 5000
  gridno 0
  statefile ""

Iteration 1:  1000000 integrand evaluations so far
[1] 31.8222 +- 0.955645  	chisq 0 (0 df)

Iteration 2:  3000000 integrand evaluations so far
[1] 32.5057 +- 0.308046  	chisq 0.570852 (1 df)

Iteration 3:  6000000 integrand evaluations so far
[1] 32.2968 +- 0.184413  	chisq 1.28766 (2 df)

Iteration 4:  10000000 integrand evaluations so far
[1] 32.2705 +- 0.130777  	chisq 1.32851 (3 df)
   32.27 ±   0.13        ( 37.8s) ┃   50.18 ±   0.13        (2.48mi) ┃
┃   76 -    78 ┃   58 -    59 ┃  32.289 ±  0.012        (2.02mi) ┃-13.9775 ± 0.0028        (4.93mi) ┃Vegas input parameters:
  ndim 7
  ncomp 1
  nvec 1
  epsrel 0
  epsabs 0
  flags 10
  seed 123456
  mineval 10000000
  maxeval 10000000
  nstart 1000000
  nincrease 1000000
  nbatch 5000
  gridno 0
  statefile ""

Iteration 1:  1000000 integrand evaluations so far
[1] 29.7161 +- 0.915048  	chisq 0 (0 df)

Iteration 2:  3000000 integrand evaluations so far
[1] 31.2059 +- 0.274764  	chisq 2.91342 (1 df)

Iteration 3:  6000000 integrand evaluations so far
[1] 31.2746 +- 0.171372  	chisq 3.01575 (2 df)

Iteration 4:  10000000 integrand evaluations so far
[1] 31.362 +- 0.12501  	chisq 3.57234 (3 df)
   31.36 ±   0.13        ( 38.8s) ┃   49.67 ±   0.13        ( 7.6mi) ┃
┃   76 -    78 ┃   59 -    60 ┃  40.368 ±  0.015        (2.29mi) ┃ -17.446 ±  0.015        (17.8mi) ┃Vegas input parameters:
  ndim 7
  ncomp 1
  nvec 1
  epsrel 0
  epsabs 0
  flags 10
  seed 123456
  mineval 10000000
  maxeval 10000000
  nstart 1000000
  nincrease 1000000
  nbatch 5000
  gridno 0
  statefile ""

Iteration 1:  1000000 integrand evaluations so far
[1] 32.3825 +- 0.974267  	chisq 0 (0 df)

Iteration 2:  3000000 integrand evaluations so far
[1] 30.9149 +- 0.264693  	chisq 2.44987 (1 df)

Iteration 3:  6000000 integrand evaluations so far
[1] 30.7398 +- 0.162277  	chisq 3.15121 (2 df)

Iteration 4:  10000000 integrand evaluations so far
[1] 30.7771 +- 0.123586  	chisq 3.27706 (3 df)
   30.78 ±   0.12        ( 25.5s) ┃    53.7 ±   0.13        (20.5mi) ┃
┃   78 -    80 ┃   25 -    26 ┃  36.436 ±  0.016        (4.37mi) ┃-15.8326 ± 0.0064        (20.5mi) ┃Vegas input parameters:
  ndim 7
  ncomp 1
  nvec 1
  epsrel 0
  epsabs 0
  flags 10
  seed 123456
  mineval 10000000
  maxeval 10000000
  nstart 1000000
  nincrease 1000000
  nbatch 5000
  gridno 0
  statefile ""

Iteration 1:  1000000 integrand evaluations so far
[1] 52.8661 +- 1.4131  	chisq 0 (0 df)

Iteration 2:  3000000 integrand evaluations so far
[1] 52.9039 +- 0.397976  	chisq 0.000775731 (1 df)

Iteration 3:  6000000 integrand evaluations so far
[1] 53.0777 +- 0.247352  	chisq 0.311554 (2 df)

Iteration 4:  10000000 integrand evaluations so far
[1] 52.9705 +- 0.192354  	chisq 0.786557 (3 df)
   52.97 ±   0.19        ( 32.9s) ┃   73.57 ±   0.19        (25.4mi) ┃
┃   78 -    80 ┃   26 -    27 ┃  33.326 ±  0.016        ( 30.6s) ┃-14.2522 ± 0.0059        (2.71mi) ┃Vegas input parameters:
  ndim 7
  ncomp 1
  nvec 1
  epsrel 0
  epsabs 0
  flags 10
  seed 123456
  mineval 10000000
  maxeval 10000000
  nstart 1000000
  nincrease 1000000
  nbatch 5000
  gridno 0
  statefile ""

Iteration 1:  1000000 integrand evaluations so far
[1] 51.2767 +- 1.36726  	chisq 0 (0 df)

Iteration 2:  3000000 integrand evaluations so far
[1] 50.7113 +- 0.382907  	chisq 0.185516 (1 df)

Iteration 3:  6000000 integrand evaluations so far
[1] 50.8439 +- 0.249119  	chisq 0.3934 (2 df)

Iteration 4:  10000000 integrand evaluations so far
[1] 50.8079 +- 0.187461  	chisq 0.441709 (3 df)
   50.81 ±   0.19        ( 32.9s) ┃   69.88 ±   0.19        (3.77mi) ┃
┃   78 -    80 ┃   27 -    28 ┃  35.691 ±  0.019        (4.33mi) ┃-15.4572 ± 0.0098        (21.8mi) ┃Vegas input parameters:
  ndim 7
  ncomp 1
  nvec 1
  epsrel 0
  epsabs 0
  flags 10
  seed 123456
  mineval 10000000
  maxeval 10000000
  nstart 1000000
  nincrease 1000000
  nbatch 5000
  gridno 0
  statefile ""

Iteration 1:  1000000 integrand evaluations so far
[1] 50.2607 +- 1.3467  	chisq 0 (0 df)

Iteration 2:  3000000 integrand evaluations so far
[1] 49.6998 +- 0.378  	chisq 0.188299 (1 df)

Iteration 3:  6000000 integrand evaluations so far
[1] 49.7197 +- 0.23469  	chisq 0.1928 (2 df)

Iteration 4:  10000000 integrand evaluations so far
[1] 49.8537 +- 0.189937  	chisq 1.13747 (3 df)
   49.85 ±   0.19        ( 34.4s) ┃   70.09 ±   0.19        (26.7mi) ┃
┃   78 -    80 ┃   28 -    29 ┃ 35.1806 ± 0.0093        (1.71mi) ┃ -15.314 ±  0.011        (17.9mi) ┃Vegas input parameters:
  ndim 7
  ncomp 1
  nvec 1
  epsrel 0
  epsabs 0
  flags 10
  seed 123456
  mineval 10000000
  maxeval 10000000
  nstart 1000000
  nincrease 1000000
  nbatch 5000
  gridno 0
  statefile ""

Iteration 1:  1000000 integrand evaluations so far
[1] 48.3747 +- 1.30752  	chisq 0 (0 df)

Iteration 2:  3000000 integrand evaluations so far
[1] 47.9923 +- 0.367734  	chisq 0.0929175 (1 df)

Iteration 3:  6000000 integrand evaluations so far
[1] 48.1605 +- 0.237087  	chisq 0.451108 (2 df)

Iteration 4:  10000000 integrand evaluations so far
[1] 48.4378 +- 0.191483  	chisq 4.38486 (3 df)
   48.44 ±   0.19        ( 25.4s) ┃    68.3 ±   0.19        (  20mi) ┃
┃   78 -    80 ┃   29 -    30 ┃  34.324 ±  0.024        (4.34mi) ┃-14.7694 ± 0.0084        (34.7mi) ┃Vegas input parameters:
  ndim 7
  ncomp 1
  nvec 1
  epsrel 0
  epsabs 0
  flags 10
  seed 123456
  mineval 10000000
  maxeval 10000000
  nstart 1000000
  nincrease 1000000
  nbatch 5000
  gridno 0
  statefile ""

Iteration 1:  1000000 integrand evaluations so far
[1] 48.5355 +- 1.31485  	chisq 0 (0 df)

Iteration 2:  3000000 integrand evaluations so far
[1] 47.264 +- 0.362792  	chisq 1.01229 (1 df)

Iteration 3:  6000000 integrand evaluations so far
[1] 47.1134 +- 0.224748  	chisq 1.29203 (2 df)

Iteration 4:  10000000 integrand evaluations so far
[1] 47.1311 +- 0.176049  	chisq 1.30813 (3 df)
   47.13 ±   0.18        ( 36.2s) ┃   66.69 ±   0.18        (39.7mi) ┃
┃   78 -    80 ┃   30 -    31 ┃  36.033 ±  0.025        ( 10.2s) ┃-15.6085 ± 0.0099        (17.3mi) ┃Vegas input parameters:
  ndim 7
  ncomp 1
  nvec 1
  epsrel 0
  epsabs 0
  flags 10
  seed 123456
  mineval 10000000
  maxeval 10000000
  nstart 1000000
  nincrease 1000000
  nbatch 5000
  gridno 0
  statefile ""

Iteration 1:  1000000 integrand evaluations so far
[1] 46.72 +- 1.26767  	chisq 0 (0 df)

Iteration 2:  3000000 integrand evaluations so far
[1] 46.3604 +- 0.355676  	chisq 0.087338 (1 df)

Iteration 3:  6000000 integrand evaluations so far
[1] 46.3223 +- 0.230333  	chisq 0.107127 (2 df)

Iteration 4:  10000000 integrand evaluations so far
[1] 46.3907 +- 0.177737  	chisq 0.324994 (3 df)
   46.39 ±   0.18        ( 34.1s) ┃   66.81 ±   0.18        (  18mi) ┃
┃   78 -    80 ┃   31 -    32 ┃  35.342 ±  0.028        (2.27mi) ┃ -15.367 ±  0.014        (  18mi) ┃Vegas input parameters:
  ndim 7
  ncomp 1
  nvec 1
  epsrel 0
  epsabs 0
  flags 10
  seed 123456
  mineval 10000000
  maxeval 10000000
  nstart 1000000
  nincrease 1000000
  nbatch 5000
  gridno 0
  statefile ""

Iteration 1:  1000000 integrand evaluations so far
[1] 45.5578 +- 1.24397  	chisq 0 (0 df)

Iteration 2:  3000000 integrand evaluations so far
[1] 45.7829 +- 0.351267  	chisq 0.0355766 (1 df)

Iteration 3:  6000000 integrand evaluations so far
[1] 45.744 +- 0.236787  	chisq 0.0580519 (2 df)

Iteration 4:  10000000 integrand evaluations so far
[1] 45.6248 +- 0.174378  	chisq 0.611619 (3 df)
   45.62 ±   0.17        (   33s) ┃    65.6 ±   0.18        (20.8mi) ┃
┃   78 -    80 ┃   32 -    33 ┃  30.464 ±  0.017        (1.58mi) ┃-13.0721 ± 0.0065        (15.8mi) ┃Vegas input parameters:
  ndim 7
  ncomp 1
  nvec 1
  epsrel 0
  epsabs 0
  flags 10
  seed 123456
  mineval 10000000
  maxeval 10000000
  nstart 1000000
  nincrease 1000000
  nbatch 5000
  gridno 0
  statefile ""

Iteration 1:  1000000 integrand evaluations so far
[1] 44.6632 +- 1.21579  	chisq 0 (0 df)

Iteration 2:  3000000 integrand evaluations so far
[1] 44.936 +- 0.34582  	chisq 0.0547655 (1 df)

Iteration 3:  6000000 integrand evaluations so far
[1] 44.8216 +- 0.233442  	chisq 0.255818 (2 df)

Iteration 4:  10000000 integrand evaluations so far
[1] 44.8055 +- 0.181232  	chisq 0.267774 (3 df)
   44.81 ±   0.18        ( 36.3s) ┃    62.2 ±   0.18        (17.9mi) ┃
┃   78 -    80 ┃   33 -    34 ┃  38.418 ±  0.032        (2.76mi) ┃  -16.54 ±  0.015        (15.5mi) ┃Vegas input parameters:
  ndim 7
  ncomp 1
  nvec 1
  epsrel 0
  epsabs 0
  flags 10
  seed 123456
  mineval 10000000
  maxeval 10000000
  nstart 1000000
  nincrease 1000000
  nbatch 5000
  gridno 0
  statefile ""

Iteration 1:  1000000 integrand evaluations so far
[1] 43.006 +- 1.18001  	chisq 0 (0 df)

Iteration 2:  3000000 integrand evaluations so far
[1] 44.1124 +- 0.338144  	chisq 0.957896 (1 df)

Iteration 3:  6000000 integrand evaluations so far
[1] 44.2278 +- 0.233345  	chisq 1.18021 (2 df)

Iteration 4:  10000000 integrand evaluations so far
[1] 44.0067 +- 0.172592  	chisq 3.16319 (3 df)
   44.01 ±   0.17        (   26s) ┃   65.88 ±   0.18        (18.7mi) ┃
┃   78 -    80 ┃   34 -    35 ┃  32.369 ±   0.02        (1.58mi) ┃-13.8892 ± 0.0098        (31.8mi) ┃Vegas input parameters:
  ndim 7
  ncomp 1
  nvec 1
  epsrel 0
  epsabs 0
  flags 10
  seed 123456
  mineval 10000000
  maxeval 10000000
  nstart 1000000
  nincrease 1000000
  nbatch 5000
  gridno 0
  statefile ""

Iteration 1:  1000000 integrand evaluations so far
[1] 44.5825 +- 1.2055  	chisq 0 (0 df)

Iteration 2:  3000000 integrand evaluations so far
[1] 43.6309 +- 0.343521  	chisq 0.67811 (1 df)

Iteration 3:  6000000 integrand evaluations so far
[1] 43.4682 +- 0.231203  	chisq 1.08844 (2 df)

Iteration 4:  10000000 integrand evaluations so far
[1] 43.3536 +- 0.170596  	chisq 1.62747 (3 df)
   43.35 ±   0.17        ( 33.3s) ┃   61.83 ±   0.17        (  34mi) ┃
┃   78 -    80 ┃   35 -    36 ┃  31.999 ±  0.018        (5.32mi) ┃-13.9603 ± 0.0079        (15.2mi) ┃Vegas input parameters:
  ndim 7
  ncomp 1
  nvec 1
  epsrel 0
  epsabs 0
  flags 10
  seed 123456
  mineval 10000000
  maxeval 10000000
  nstart 1000000
  nincrease 1000000
  nbatch 5000
  gridno 0
  statefile ""

Iteration 1:  1000000 integrand evaluations so far
[1] 43.2662 +- 1.18635  	chisq 0 (0 df)

Iteration 2:  3000000 integrand evaluations so far
[1] 42.1734 +- 0.32725  	chisq 0.918459 (1 df)

Iteration 3:  6000000 integrand evaluations so far
[1] 42.3752 +- 0.220157  	chisq 1.61337 (2 df)

Iteration 4:  10000000 integrand evaluations so far
[1] 42.4281 +- 0.162483  	chisq 1.73984 (3 df)
   42.43 ±   0.16        ( 28.2s) ┃   60.47 ±   0.16        (  21mi) ┃
┃   78 -    80 ┃   36 -    37 ┃  43.059 ±  0.012        (1.38mi) ┃-18.4695 ± 0.0095        (7.78mi) ┃Vegas input parameters:
  ndim 7
  ncomp 1
  nvec 1
  epsrel 0
  epsabs 0
  flags 10
  seed 123456
  mineval 10000000
  maxeval 10000000
  nstart 1000000
  nincrease 1000000
  nbatch 5000
  gridno 0
  statefile ""

Iteration 1:  1000000 integrand evaluations so far
[1] 42.3224 +- 1.15251  	chisq 0 (0 df)

Iteration 2:  3000000 integrand evaluations so far
[1] 41.3784 +- 0.32291  	chisq 0.727977 (1 df)

Iteration 3:  6000000 integrand evaluations so far
[1] 41.6709 +- 0.20086  	chisq 2.066 (2 df)

Iteration 4:  10000000 integrand evaluations so far
[1] 41.792 +- 0.153757  	chisq 2.94429 (3 df)
   41.79 ±   0.15        ( 30.5s) ┃   66.38 ±   0.15        (9.67mi) ┃
┃   78 -    80 ┃   37 -    38 ┃  30.342 ±  0.025        (5.14mi) ┃ -13.065 ±  0.011        (15.3mi) ┃Vegas input parameters:
  ndim 7
  ncomp 1
  nvec 1
  epsrel 0
  epsabs 0
  flags 10
  seed 123456
  mineval 10000000
  maxeval 10000000
  nstart 1000000
  nincrease 1000000
  nbatch 5000
  gridno 0
  statefile ""

Iteration 1:  1000000 integrand evaluations so far
[1] 41.711 +- 1.14059  	chisq 0 (0 df)

Iteration 2:  3000000 integrand evaluations so far
[1] 41.6079 +- 0.346477  	chisq 0.00899206 (1 df)

Iteration 3:  6000000 integrand evaluations so far
[1] 41.2481 +- 0.210885  	chisq 1.72167 (2 df)

Iteration 4:  10000000 integrand evaluations so far
[1] 41.2842 +- 0.163855  	chisq 1.79534 (3 df)
   41.28 ±   0.16        ( 25.7s) ┃   58.56 ±   0.17        (20.8mi) ┃
┃   78 -    80 ┃   38 -    39 ┃  31.625 ±  0.021        (1.31mi) ┃ -13.825 ± 0.0012        (3.92mi) ┃Vegas input parameters:
  ndim 7
  ncomp 1
  nvec 1
  epsrel 0
  epsabs 0
  flags 10
  seed 123456
  mineval 10000000
  maxeval 10000000
  nstart 1000000
  nincrease 1000000
  nbatch 5000
  gridno 0
  statefile ""

Iteration 1:  1000000 integrand evaluations so far
[1] 37.6 +- 1.06596  	chisq 0 (0 df)

Iteration 2:  3000000 integrand evaluations so far
[1] 39.9172 +- 0.35436  	chisq 5.31267 (1 df)

Iteration 3:  6000000 integrand evaluations so far
[1] 40.4024 +- 0.221059  	chisq 8.38157 (2 df)

Iteration 4:  10000000 integrand evaluations so far
[1] 40.4617 +- 0.158409  	chisq 8.52946 (3 df)
   40.46 ±   0.16        ( 24.5s) ┃   58.26 ±   0.16        (5.64mi) ┃
┃   78 -    80 ┃   39 -    40 ┃  37.423 ±  0.024        (5.78mi) ┃ -16.354 ±   0.01        (41.7mi) ┃Vegas input parameters:
  ndim 7
  ncomp 1
  nvec 1
  epsrel 0
  epsabs 0
  flags 10
  seed 123456
  mineval 10000000
  maxeval 10000000
  nstart 1000000
  nincrease 1000000
  nbatch 5000
  gridno 0
  statefile ""

Iteration 1:  1000000 integrand evaluations so far
[1] 38.9011 +- 1.08421  	chisq 0 (0 df)

Iteration 2:  3000000 integrand evaluations so far
[1] 39.2817 +- 0.30838  	chisq 0.134008 (1 df)

Iteration 3:  6000000 integrand evaluations so far
[1] 39.9879 +- 0.193165  	chisq 8.7649 (2 df)

Iteration 4:  10000000 integrand evaluations so far
[1] 40.0384 +- 0.142217  	chisq 8.91432 (3 df)
   40.04 ±   0.14        ( 23.8s) ┃   61.11 ±   0.14        (47.9mi) ┃
┃   78 -    80 ┃   40 -    41 ┃   40.53 ±  0.026        ( 13.5s) ┃  -17.31 ±  0.011        (14.5mi) ┃Vegas input parameters:
  ndim 7
  ncomp 1
  nvec 1
  epsrel 0
  epsabs 0
  flags 10
  seed 123456
  mineval 10000000
  maxeval 10000000
  nstart 1000000
  nincrease 1000000
  nbatch 5000
  gridno 0
  statefile ""

Iteration 1:  1000000 integrand evaluations so far
[1] 40.4927 +- 1.10533  	chisq 0 (0 df)

Iteration 2:  3000000 integrand evaluations so far
[1] 39.2637 +- 0.3075  	chisq 1.33997 (1 df)

Iteration 3:  6000000 integrand evaluations so far
[1] 39.5894 +- 0.19137  	chisq 3.17144 (2 df)

Iteration 4:  10000000 integrand evaluations so far
[1] 39.4959 +- 0.145395  	chisq 3.73649 (3 df)
    39.5 ±   0.15        ( 26.8s) ┃   62.72 ±   0.15        (15.2mi) ┃
┃   78 -    80 ┃   41 -    42 ┃  29.793 ±  0.016        (1.24mi) ┃ -12.903 ±   0.01        ( 7.1mi) ┃Vegas input parameters:
  ndim 7
  ncomp 1
  nvec 1
  epsrel 0
  epsabs 0
  flags 10
  seed 123456
  mineval 10000000
  maxeval 10000000
  nstart 1000000
  nincrease 1000000
  nbatch 5000
  gridno 0
  statefile ""

Iteration 1:  1000000 integrand evaluations so far
[1] 40.7832 +- 1.10461  	chisq 0 (0 df)

Iteration 2:  3000000 integrand evaluations so far
[1] 39.1915 +- 0.305386  	chisq 2.24811 (1 df)

Iteration 3:  6000000 integrand evaluations so far
[1] 38.9731 +- 0.188974  	chisq 3.07696 (2 df)

Iteration 4:  10000000 integrand evaluations so far
[1] 38.7695 +- 0.138531  	chisq 5.58727 (3 df)
   38.77 ±   0.14        ( 26.8s) ┃   55.66 ±   0.14        (8.78mi) ┃
┃   78 -    80 ┃   42 -    43 ┃  30.932 ±   0.02        ( 1.3mi) ┃-13.4214 ± 0.0068        (  14mi) ┃Vegas input parameters:
  ndim 7
  ncomp 1
  nvec 1
  epsrel 0
  epsabs 0
  flags 10
  seed 123456
  mineval 10000000
  maxeval 10000000
  nstart 1000000
  nincrease 1000000
  nbatch 5000
  gridno 0
  statefile ""

Iteration 1:  1000000 integrand evaluations so far
[1] 38.3705 +- 1.05911  	chisq 0 (0 df)

Iteration 2:  3000000 integrand evaluations so far
[1] 38.8188 +- 0.303196  	chisq 0.19519 (1 df)

Iteration 3:  6000000 integrand evaluations so far
[1] 38.6266 +- 0.187636  	chisq 0.846208 (2 df)

Iteration 4:  10000000 integrand evaluations so far
[1] 38.6666 +- 0.138315  	chisq 0.945449 (3 df)
   38.67 ±   0.14        ( 26.4s) ┃   56.18 ±   0.14        (15.7mi) ┃
┃   78 -    80 ┃   43 -    44 ┃  34.227 ±  0.018        ( 38.3s) ┃-14.7744 ± 0.0083        (3.53mi) ┃Vegas input parameters:
  ndim 7
  ncomp 1
  nvec 1
  epsrel 0
  epsabs 0
  flags 10
  seed 123456
  mineval 10000000
  maxeval 10000000
  nstart 1000000
  nincrease 1000000
  nbatch 5000
  gridno 0
  statefile ""

Iteration 1:  1000000 integrand evaluations so far
[1] 38.8899 +- 1.06646  	chisq 0 (0 df)

Iteration 2:  3000000 integrand evaluations so far
[1] 38.4161 +- 0.299646  	chisq 0.21431 (1 df)

Iteration 3:  6000000 integrand evaluations so far
[1] 38.5028 +- 0.186118  	chisq 0.35084 (2 df)

Iteration 4:  10000000 integrand evaluations so far
[1] 38.4626 +- 0.141907  	chisq 0.462313 (3 df)
   38.46 ±   0.14        ( 26.4s) ┃   57.92 ±   0.14        (4.61mi) ┃
┃   78 -    80 ┃   44 -    45 ┃  32.526 ±  0.031        (1.22mi) ┃-14.1448 ±  0.009        ( 8.16s) ┃Vegas input parameters:
  ndim 7
  ncomp 1
  nvec 1
  epsrel 0
  epsabs 0
  flags 10
  seed 123456
  mineval 10000000
  maxeval 10000000
  nstart 1000000
  nincrease 1000000
  nbatch 5000
  gridno 0
  statefile ""

Iteration 1:  1000000 integrand evaluations so far
[1] 37.936 +- 1.03956  	chisq 0 (0 df)

Iteration 2:  3000000 integrand evaluations so far
[1] 37.6778 +- 0.295175  	chisq 0.0671154 (1 df)

Iteration 3:  6000000 integrand evaluations so far
[1] 38.1726 +- 0.184193  	chisq 4.67032 (2 df)

Iteration 4:  10000000 integrand evaluations so far
[1] 38.1079 +- 0.141052  	chisq 4.96919 (3 df)
   38.11 ±   0.14        ( 26.7s) ┃   56.49 ±   0.14        ( 1.8mi) ┃
┃   78 -    80 ┃   45 -    46 ┃ 30.7478 ± 0.0053        ( 4.7mi) ┃-13.0924 ± 0.0093        (1.95mi) ┃Vegas input parameters:
  ndim 7
  ncomp 1
  nvec 1
  epsrel 0
  epsabs 0
  flags 10
  seed 123456
  mineval 10000000
  maxeval 10000000
  nstart 1000000
  nincrease 1000000
  nbatch 5000
  gridno 0
  statefile ""

Iteration 1:  1000000 integrand evaluations so far
[1] 37.8316 +- 1.03228  	chisq 0 (0 df)

Iteration 2:  3000000 integrand evaluations so far
[1] 38.1521 +- 0.40825  	chisq 0.114258 (1 df)

Iteration 3:  6000000 integrand evaluations so far
[1] 37.8124 +- 0.234672  	chisq 1.14807 (2 df)

Iteration 4:  10000000 integrand evaluations so far
[1] 37.7262 +- 0.156674  	chisq 1.3916 (3 df)
   37.73 ±   0.16        ( 26.4s) ┃   55.38 ±   0.16        (7.09mi) ┃
┃   78 -    80 ┃   46 -    47 ┃  28.239 ±   0.02        ( 36.8s) ┃ -12.173 ± 0.0056        (3.59mi) ┃Vegas input parameters:
  ndim 7
  ncomp 1
  nvec 1
  epsrel 0
  epsabs 0
  flags 10
  seed 123456
  mineval 10000000
  maxeval 10000000
  nstart 1000000
  nincrease 1000000
  nbatch 5000
  gridno 0
  statefile ""

Iteration 1:  1000000 integrand evaluations so far
[1] 37.8454 +- 1.05007  	chisq 0 (0 df)

Iteration 2:  3000000 integrand evaluations so far
[1] 37.4897 +- 0.290878  	chisq 0.124239 (1 df)

Iteration 3:  6000000 integrand evaluations so far
[1] 37.282 +- 0.185719  	chisq 0.985265 (2 df)

Iteration 4:  10000000 integrand evaluations so far
[1] 37.1863 +- 0.139623  	chisq 1.59551 (3 df)
   37.19 ±   0.14        ( 26.2s) ┃   53.25 ±   0.14        (4.64mi) ┃
┃   78 -    80 ┃   47 -    48 ┃  34.081 ±  0.019        (2.37mi) ┃-14.7075 ± 0.0023        (13.8mi) ┃Vegas input parameters:
  ndim 7
  ncomp 1
  nvec 1
  epsrel 0
  epsabs 0
  flags 10
  seed 123456
  mineval 10000000
  maxeval 10000000
  nstart 1000000
  nincrease 1000000
  nbatch 5000
  gridno 0
  statefile ""

Iteration 1:  1000000 integrand evaluations so far
[1] 36.2669 +- 1.00532  	chisq 0 (0 df)

Iteration 2:  3000000 integrand evaluations so far
[1] 37.096 +- 0.288604  	chisq 0.741246 (1 df)

Iteration 3:  6000000 integrand evaluations so far
[1] 37.3211 +- 0.193191  	chisq 1.84337 (2 df)

Iteration 4:  10000000 integrand evaluations so far
[1] 37.0061 +- 0.142609  	chisq 7.68585 (3 df)
   37.01 ±   0.14        ( 26.5s) ┃   56.38 ±   0.14        (16.6mi) ┃
┃   78 -    80 ┃   48 -    49 ┃  33.824 ±  0.024        ( 19.2s) ┃ -14.546 ± 0.0087        (1.77mi) ┃Vegas input parameters:
  ndim 7
  ncomp 1
  nvec 1
  epsrel 0
  epsabs 0
  flags 10
  seed 123456
  mineval 10000000
  maxeval 10000000
  nstart 1000000
  nincrease 1000000
  nbatch 5000
  gridno 0
  statefile ""

Iteration 1:  1000000 integrand evaluations so far
[1] 37.7932 +- 1.03469  	chisq 0 (0 df)

Iteration 2:  3000000 integrand evaluations so far
[1] 36.4371 +- 0.286186  	chisq 1.86022 (1 df)

Iteration 3:  6000000 integrand evaluations so far
[1] 36.3889 +- 0.177589  	chisq 1.90628 (2 df)

Iteration 4:  10000000 integrand evaluations so far
[1] 36.6018 +- 0.135454  	chisq 5.34251 (3 df)
    36.6 ±   0.14        ( 26.1s) ┃   55.88 ±   0.14        (2.52mi) ┃
┃   78 -    80 ┃   49 -    50 ┃  25.903 ±  0.024        ( 50.7s) ┃-11.1354 ± 0.0034        (3.58mi) ┃Vegas input parameters:
  ndim 7
  ncomp 1
  nvec 1
  epsrel 0
  epsabs 0
  flags 10
  seed 123456
  mineval 10000000
  maxeval 10000000
  nstart 1000000
  nincrease 1000000
  nbatch 5000
  gridno 0
  statefile ""

Iteration 1:  1000000 integrand evaluations so far
[1] 36.9778 +- 1.02678  	chisq 0 (0 df)

Iteration 2:  3000000 integrand evaluations so far
[1] 36.8432 +- 0.325971  	chisq 0.0191171 (1 df)

Iteration 3:  6000000 integrand evaluations so far
[1] 36.2355 +- 0.195339  	chisq 5.4427 (2 df)

Iteration 4:  10000000 integrand evaluations so far
[1] 36.3827 +- 0.138758  	chisq 6.58962 (3 df)
   36.38 ±   0.14        ( 25.9s) ┃   51.15 ±   0.14        (4.86mi) ┃
┃   78 -    80 ┃   50 -    51 ┃  28.166 ±  0.027        ( 21.9s) ┃-12.1454 ± 0.0087        (1.84mi) ┃Vegas input parameters:
  ndim 7
  ncomp 1
  nvec 1
  epsrel 0
  epsabs 0
  flags 10
  seed 123456
  mineval 10000000
  maxeval 10000000
  nstart 1000000
  nincrease 1000000
  nbatch 5000
  gridno 0
  statefile ""

Iteration 1:  1000000 integrand evaluations so far
[1] 36.4514 +- 1.00879  	chisq 0 (0 df)

Iteration 2:  3000000 integrand evaluations so far
[1] 36.2941 +- 0.284507  	chisq 0.0264054 (1 df)

Iteration 3:  6000000 integrand evaluations so far
[1] 36.2569 +- 0.176345  	chisq 0.0541394 (2 df)

Iteration 4:  10000000 integrand evaluations so far
[1] 35.9466 +- 0.129167  	chisq 6.73429 (3 df)
   35.95 ±   0.13        ( 26.1s) ┃   51.97 ±   0.13        (2.64mi) ┃
┃   78 -    80 ┃   51 -    52 ┃  30.816 ±  0.013        ( 21.7s) ┃-13.3794 ± 0.0014        (7.06mi) ┃Vegas input parameters:
  ndim 7
  ncomp 1
  nvec 1
  epsrel 0
  epsabs 0
  flags 10
  seed 123456
  mineval 10000000
  maxeval 10000000
  nstart 1000000
  nincrease 1000000
  nbatch 5000
  gridno 0
  statefile ""

Iteration 1:  1000000 integrand evaluations so far
[1] 33.2621 +- 0.953199  	chisq 0 (0 df)

Iteration 2:  3000000 integrand evaluations so far
[1] 35.4842 +- 0.28048  	chisq 5.9501 (1 df)

Iteration 3:  6000000 integrand evaluations so far
[1] 35.5391 +- 0.173932  	chisq 6.01223 (2 df)

Iteration 4:  10000000 integrand evaluations so far
[1] 35.7219 +- 0.139943  	chisq 9.14442 (3 df)
   35.72 ±   0.14        ( 26.4s) ┃   53.16 ±   0.14        (7.86mi) ┃
┃   78 -    80 ┃   52 -    53 ┃  34.758 ±  0.022        (2.35mi) ┃-14.8727 ± 0.0071        (   7mi) ┃Vegas input parameters:
  ndim 7
  ncomp 1
  nvec 1
  epsrel 0
  epsabs 0
  flags 10
  seed 123456
  mineval 10000000
  maxeval 10000000
  nstart 1000000
  nincrease 1000000
  nbatch 5000
  gridno 0
  statefile ""

Iteration 1:  1000000 integrand evaluations so far
[1] 34.1942 +- 0.970363  	chisq 0 (0 df)

Iteration 2:  3000000 integrand evaluations so far
[1] 35.6367 +- 0.279338  	chisq 2.40983 (1 df)

Iteration 3:  6000000 integrand evaluations so far
[1] 35.7158 +- 0.176211  	chisq 2.54275 (2 df)

Iteration 4:  10000000 integrand evaluations so far
[1] 35.8307 +- 0.141956  	chisq 3.75382 (3 df)
   35.83 ±   0.14        ( 25.7s) ┃   55.72 ±   0.14        (9.78mi) ┃
┃   78 -    80 ┃   53 -    54 ┃  25.821 ±  0.024        (2.33mi) ┃-11.1596 ± 0.0093        (13.8mi) ┃Vegas input parameters:
  ndim 7
  ncomp 1
  nvec 1
  epsrel 0
  epsabs 0
  flags 10
  seed 123456
  mineval 10000000
  maxeval 10000000
  nstart 1000000
  nincrease 1000000
  nbatch 5000
  gridno 0
  statefile ""

Iteration 1:  1000000 integrand evaluations so far
[1] 35.005 +- 0.986096  	chisq 0 (0 df)

Iteration 2:  3000000 integrand evaluations so far
[1] 35.0554 +- 0.278054  	chisq 0.00283656 (1 df)

Iteration 3:  6000000 integrand evaluations so far
[1] 35.2371 +- 0.190513  	chisq 0.807395 (2 df)

Iteration 4:  10000000 integrand evaluations so far
[1] 35.4262 +- 0.140873  	chisq 2.98035 (3 df)
   35.43 ±   0.14        ( 24.5s) ┃   50.09 ±   0.14        (16.6mi) ┃
┃   78 -    80 ┃   54 -    55 ┃ 26.1962 ± 0.0039        (2.35mi) ┃-11.3266 ±  0.005        (27.6mi) ┃Vegas input parameters:
  ndim 7
  ncomp 1
  nvec 1
  epsrel 0
  epsabs 0
  flags 10
  seed 123456
  mineval 10000000
  maxeval 10000000
  nstart 1000000
  nincrease 1000000
  nbatch 5000
  gridno 0
  statefile ""

Iteration 1:  1000000 integrand evaluations so far
[1] 34.0523 +- 0.967413  	chisq 0 (0 df)

Iteration 2:  3000000 integrand evaluations so far
[1] 33.8836 +- 0.323775  	chisq 0.0342567 (1 df)

Iteration 3:  6000000 integrand evaluations so far
[1] 33.8481 +- 0.193474  	chisq 0.0529431 (2 df)

Iteration 4:  10000000 integrand evaluations so far
[1] 33.8696 +- 0.137115  	chisq 0.0778096 (3 df)
   33.87 ±   0.14        (   26s) ┃   48.74 ±   0.14        (30.3mi) ┃
┃   78 -    80 ┃   55 -    56 ┃  30.511 ±  0.022        ( 37.5s) ┃ -13.129 ±  0.013        (3.49mi) ┃Vegas input parameters:
  ndim 7
  ncomp 1
  nvec 1
  epsrel 0
  epsabs 0
  flags 10
  seed 123456
  mineval 10000000
  maxeval 10000000
  nstart 1000000
  nincrease 1000000
  nbatch 5000
  gridno 0
  statefile ""

Iteration 1:  1000000 integrand evaluations so far
[1] 31.468 +- 0.920771  	chisq 0 (0 df)

Iteration 2:  3000000 integrand evaluations so far
[1] 32.835 +- 0.292047  	chisq 2.45089 (1 df)

Iteration 3:  6000000 integrand evaluations so far
[1] 32.6235 +- 0.177109  	chisq 3.28094 (2 df)

Iteration 4:  10000000 integrand evaluations so far
[1] 32.3786 +- 0.131605  	chisq 7.549 (3 df)
   32.38 ±   0.13        ( 25.7s) ┃   49.76 ±   0.13        (4.54mi) ┃
┃   78 -    80 ┃   56 -    57 ┃  26.974 ±  0.019        (1.17mi) ┃ -11.688 ±  0.011        (6.87mi) ┃Vegas input parameters:
  ndim 7
  ncomp 1
  nvec 1
  epsrel 0
  epsabs 0
  flags 10
  seed 123456
  mineval 10000000
  maxeval 10000000
  nstart 1000000
  nincrease 1000000
  nbatch 5000
  gridno 0
  statefile ""

Iteration 1:  1000000 integrand evaluations so far
[1] 31.6307 +- 0.9298  	chisq 0 (0 df)

Iteration 2:  3000000 integrand evaluations so far
[1] 31.5922 +- 0.261077  	chisq 0.00185818 (1 df)

Iteration 3:  6000000 integrand evaluations so far
[1] 31.309 +- 0.16105  	chisq 1.90145 (2 df)

Iteration 4:  10000000 integrand evaluations so far
[1] 31.1499 +- 0.121565  	chisq 4.16967 (3 df)
   31.15 ±   0.12        ( 25.3s) ┃   46.44 ±   0.12        (8.46mi) ┃
┃   78 -    80 ┃   57 -    58 ┃  27.843 ±  0.023        ( 40.8s) ┃-11.9296 ±  0.006        (13.4mi) ┃Vegas input parameters:
  ndim 7
  ncomp 1
  nvec 1
  epsrel 0
  epsabs 0
  flags 10
  seed 123456
  mineval 10000000
  maxeval 10000000
  nstart 1000000
  nincrease 1000000
  nbatch 5000
  gridno 0
  statefile ""

Iteration 1:  1000000 integrand evaluations so far
[1] 28.8812 +- 0.873258  	chisq 0 (0 df)

Iteration 2:  3000000 integrand evaluations so far
[1] 30.5835 +- 0.257039  	chisq 4.16015 (1 df)

Iteration 3:  6000000 integrand evaluations so far
[1] 30.4158 +- 0.158574  	chisq 4.84691 (2 df)

Iteration 4:  10000000 integrand evaluations so far
[1] 30.3465 +- 0.122335  	chisq 5.31844 (3 df)
   30.35 ±   0.12        ( 25.6s) ┃   46.26 ±   0.12        (14.5mi) ┃
┃   78 -    80 ┃   58 -    59 ┃  23.671 ±  0.014        (1.12mi) ┃-10.2589 ±  0.008        ( 6.77s) ┃Vegas input parameters:
  ndim 7
  ncomp 1
  nvec 1
  epsrel 0
  epsabs 0
  flags 10
  seed 123456
  mineval 10000000
  maxeval 10000000
  nstart 1000000
  nincrease 1000000
  nbatch 5000
  gridno 0
  statefile ""

Iteration 1:  1000000 integrand evaluations so far
[1] 29.0189 +- 0.88198  	chisq 0 (0 df)

Iteration 2:  3000000 integrand evaluations so far
[1] 30.045 +- 0.266894  	chisq 1.49003 (1 df)

Iteration 3:  6000000 integrand evaluations so far
[1] 29.8428 +- 0.174608  	chisq 2.49306 (2 df)

Iteration 4:  10000000 integrand evaluations so far
[1] 29.6394 +- 0.127291  	chisq 5.39107 (3 df)
   29.64 ±   0.13        ( 25.6s) ┃   43.05 ±   0.13        (1.66mi) ┃
┃   78 -    80 ┃   59 -    60 ┃ 26.5431 ± 0.0086        (2.24mi) ┃-11.4327 ± 0.0059        (3.25mi) ┃Vegas input parameters:
  ndim 7
  ncomp 1
  nvec 1
  epsrel 0
  epsabs 0
  flags 10
  seed 123456
  mineval 10000000
  maxeval 10000000
  nstart 1000000
  nincrease 1000000
  nbatch 5000
  gridno 0
  statefile ""

Iteration 1:  1000000 integrand evaluations so far
[1] 27.8466 +- 0.857331  	chisq 0 (0 df)

Iteration 2:  3000000 integrand evaluations so far
[1] 29.3471 +- 0.252217  	chisq 3.35356 (1 df)

Iteration 3:  6000000 integrand evaluations so far
[1] 29.1457 +- 0.155951  	chisq 4.38542 (2 df)

Iteration 4:  10000000 integrand evaluations so far
[1] 29.1795 +- 0.115002  	chisq 4.48813 (3 df)
   29.18 ±   0.12        ( 24.7s) ┃   44.29 ±   0.12        ( 5.9mi) ┃
┣━━━━━━━━━━━━━━╋━━━━━━━━━━━━━━╋━━━━━━━━━━━━━━━━━━━━━━━━━━━━━━━━━━╋━━━━━━━━━━━━━━━━━━━━━━━━━━━━━━━━━━╋━━━━━━━━━━━━━━━━━━━━━━━━━━━━━━━━━━╋━━━━━━━━━━━━━━━━━━━━━━━━━━━━━━━━━━┫
┃   76 -    80 ┃   25 -    60 ┃ 2.56554 ± 0.00021 ·10⁺⁰³ (2.73hr) ┃ -1.1149 ± 8.2e-05 ·10⁺⁰³ (16.8hr) ┃    2.89 ± 0.0013 ·10⁺⁰³ (38.8mi) ┃  4.3406 ± 0.0014 ·10⁺⁰³ (20.2hr) ┃
┗━━━━━━━━━━━━━━┻━━━━━━━━━━━━━━┻━━━━━━━━━━━━━━━━━━━━━━━━━━━━━━━━━━┻━━━━━━━━━━━━━━━━━━━━━━━━━━━━━━━━━━┻━━━━━━━━━━━━━━━━━━━━━━━━━━━━━━━━━━┻━━━━━━━━━━━━━━━━━━━━━━━━━━━━━━━━━━┛

╍╍╍╍╍╍╍╍╍╍╍╍╍╍╍╍╍╍╍╍╍╍╍╍╍╍╍╍╍╍╍╍ Summary ╍╍╍╍╍╍╍╍╍╍╍╍╍╍╍╍╍╍╍╍╍╍╍╍╍╍╍╍╍╍╍
      Total cross section                    4.3406 ± 0.0014          pb
         Calculation time                               20.2       hours
              Output file                    outputs/qt_qt76_80_NLL_muR2.0_muF1.0.root            
      Result in text file                    outputs/qt_qt76_80_NLL_muR2.0_muF1.0.txt            

╍╍╍╍╍╍╍╍╍╍╍╍╍╍╍╍╍╍╍╍╍╍╍╍╍╍╍╍╍╍╍╍╍╍╍╍╍╍╍╍╍╍╍╍╍╍╍╍╍╍╍╍╍╍╍╍╍╍╍╍╍╍╍╍╍╍╍╍╍╍╍╍

