
╍╍╍╍╍╍╍╍╍╍╍╍╍╍╍╍╍╍╍╍╍╍╍╍╍╍╍ Process settings ╍╍╍╍╍╍╍╍╍╍╍╍╍╍╍╍╍╍╍╍╍╍╍╍╍╍╍
   proton-proton collisions at sqrt(s) = 13000 GeV 
   Computing NLO+NLL resummed cross section
   W+ ->  nu(p3)+e+(p4) production 

╍╍╍╍╍╍╍╍╍╍╍╍╍╍╍╍╍╍╍╍╍╍╍╍╍╍╍╍╍╍ CKM matrix ╍╍╍╍╍╍╍╍╍╍╍╍╍╍╍╍╍╍╍╍╍╍╍╍╍╍╍╍╍╍
     | Vud Vus Vub |   |   0.97427   0.2253  0.00351 | 
     | Vcd Vcs Vcb | = |    0.2252  0.97344   0.0412 | 
     | Vtd Vts Vtb |   |         0        0        0 | 

╍╍╍╍╍╍╍╍╍╍╍╍╍╍╍╍╍╍╍╍╍╍╍╍╍╍╍╍╍ EW parameters ╍╍╍╍╍╍╍╍╍╍╍╍╍╍╍╍╍╍╍╍╍╍╍╍╍╍╍╍
                                         Gf =  1.1663787e-05      GeV^-2
                                    1/alpha =  132.233229791            
                                 sin(thW)^2 = 0.222897222524            
                                     W mass =         80.385         GeV
                                     Z mass =        91.1876         GeV
                                    W width =          2.091         GeV
                                    Z width =          2.495         GeV

╍╍╍╍╍╍╍╍╍╍╍╍╍╍╍╍╍╍╍╍╍╍╍╍╍╍╍╍╍ QCD settings ╍╍╍╍╍╍╍╍╍╍╍╍╍╍╍╍╍╍╍╍╍╍╍╍╍╍╍╍╍
   Renormalization scale:     dynamic muren =              1      * m_ll
     Factorization scale:     dynamic mufac =              2      * m_ll
       Resummation scale:     dynamic mures =              1      * m_ll
          Strong coupling       alpha_s(MZ) =       0.118001            
                              running order =              2       -loop
         Non-perturbative     form factor g =            0.7       GeV^2

╍╍╍╍╍╍╍╍╍╍╍╍╍╍╍╍╍╍╍╍╍╍╍╍╍╍╍╍╍ PDF settings ╍╍╍╍╍╍╍╍╍╍╍╍╍╍╍╍╍╍╍╍╍╍╍╍╍╍╍╍╍
                                     PDF set:MSHT20nnlo_as118            
                                  PDF member:              0            
  Mellin moments of PDFs:                    Numerical integration            
                         nodes for the quadrature:            200            
                         Intervals for the quadrature:              1            

╍╍╍╍╍╍╍╍╍╍╍╍╍╍╍╍╍╍╍╍╍╍╍╍╍╍╍╍╍╍╍ qT recoil ╍╍╍╍╍╍╍╍╍╍╍╍╍╍╍╍╍╍╍╍╍╍╍╍╍╍╍╍╍╍
  qt-recoil prescription:       Collins-Soper kt1 = p_V(x)/2; kt2 = p_V(y)/2            

╍╍╍╍╍╍╍╍╍╍╍╍╍╍╍╍╍╍╍╍╍╍╍╍╍╍╍╍╍╍╍╍╍ Cuts ╍╍╍╍╍╍╍╍╍╍╍╍╍╍╍╍╍╍╍╍╍╍╍╍╍╍╍╍╍╍╍╍╍
                                  apply cuts:           true            
                                      pt_l >               0            
                                   |eta_l| <            1000            
                                    pt_lep >              25            
                                 |eta_lep| <             2.4            
                                   pt_alep >              25            
                                |eta_alep| <             2.4            
                                  user cuts:            true            

╍╍╍╍╍╍╍╍╍╍╍╍╍╍╍╍╍╍╍╍╍╍╍╍╍╍╍╍ ResummationDamp ╍╍╍╍╍╍╍╍╍╍╍╍╍╍╍╍╍╍╍╍╍╍╍╍╍╍╍
                                    damping :             on            
                                damping mode:              1            
                                  damp above:        60.2888         GeV
                               damping width:        20.0963         GeV
                          resummation cutoff:             20         MeV

╍╍╍╍╍╍╍╍╍╍╍╍╍╍╍╍╍╍╍╍╍╍╍╍╍╍╍╍ Debug settings ╍╍╍╍╍╍╍╍╍╍╍╍╍╍╍╍╍╍╍╍╍╍╍╍╍╍╍╍
                                 timeprofile:          false            
                                     verbose:          false            
                               cubaverbosity:              2            

╍╍╍╍╍╍╍╍╍╍╍╍╍╍╍╍╍╍╍╍╍╍╍╍╍╍╍╍╍╍╍╍╍╍╍╍╍╍╍╍╍╍╍╍╍╍╍╍╍╍╍╍╍╍╍╍╍╍╍╍╍╍╍╍╍╍╍╍╍╍╍╍

Warning: Histogram `a1_qt` contains non-integrable observable and will be deleted 
Warning: Histogram `a1_qt_vs_y` contains non-integrable observable and will be deleted 
Warning: Histogram `s_biganswer` contains non-integrable observable and will be deleted 
Warning: Histogram `wgt_a1_qt` contains non-integrable observable and will be deleted 

╍╍╍╍╍╍╍╍╍╍╍╍╍╍╍╍╍╍╍╍╍╍╍╍╍ Integration settings ╍╍╍╍╍╍╍╍╍╍╍╍╍╍╍╍╍╍╍╍╍╍╍╍╍
             Random seeds              123456                           
           Parallel cores                   1                           

             Resummation:     cuhre (dm, dpt)         iter =           5
                                   gauss (dy)        nodes =          64
                                                 intervals =           1
            Counter term:      cuhre (dm, dy)         iter =           5
                                  gauss (dpt)        nodes =          20
                                                 intervals =           5
                     V+J:            vegas 7D       ncalls =    10000000

Mellin inverse transform:           gaussian         nodes =          30
                                                 intervals =           1
                               imaginary axis         zmax =           2
  Angular variable costh:     semi-analytical      ncstart =         100
   Angular variables phi:            gaussian    intervals =          20

      Constant boundaries                  q2          low =          80
                                                      high =         100
                                            y          low =          -6
                                                      high =           6
                                        costh          low =          -1
                                                      high =           1
                                       eta(l)          low =         -10
                                                      high =          10

┏━━━━━━━━━━━━━━┰━━━━━━━━━━━━━━┰━━━━━━━━━━━━━━━━━━━━━━━━━━━━━━━━━━┰━━━━━━━━━━━━━━━━━━━━━━━━━━━━━━━━━━┰━━━━━━━━━━━━━━━━━━━━━━━━━━━━━━━━━━┰━━━━━━━━━━━━━━━━━━━━━━━━━━━━━━━━━━┓
┃           qT ┃        pT(l) ┃                      Resummation ┃                     Counter term ┃                              V+J ┃                            TOTAL ┃
┣━━━━━━━━━━━━━━╋━━━━━━━━━━━━━━╋━━━━━━━━━━━━━━━━━━━━━━━━━━━━━━━━━━╋━━━━━━━━━━━━━━━━━━━━━━━━━━━━━━━━━━╋━━━━━━━━━━━━━━━━━━━━━━━━━━━━━━━━━━╋━━━━━━━━━━━━━━━━━━━━━━━━━━━━━━━━━━┫
┃   52 -    54 ┃   25 -    26 ┃  343.99 ±   0.25        ( 34.3s) ┃-201.954 ±   0.04        (28.1mi) ┃Vegas input parameters:
  ndim 7
  ncomp 1
  nvec 1
  epsrel 0
  epsabs 0
  flags 10
  seed 123456
  mineval 10000000
  maxeval 10000000
  nstart 1000000
  nincrease 1000000
  nbatch 5000
  gridno 0
  statefile ""

Iteration 1:  1000000 integrand evaluations so far
[1] 267.046 +- 5.60797  	chisq 0 (0 df)

Iteration 2:  3000000 integrand evaluations so far
[1] 264.014 +- 1.66952  	chisq 0.320626 (1 df)

Iteration 3:  6000000 integrand evaluations so far
[1] 262.001 +- 1.02324  	chisq 2.651 (2 df)

Iteration 4:  10000000 integrand evaluations so far
[1] 262.851 +- 0.757722  	chisq 4.18047 (3 df)
  262.85 ±   0.76        ( 49.7s) ┃  404.89 ±    0.8        (29.5mi) ┃
┃   52 -    54 ┃   26 -    27 ┃  338.62 ±   0.12        (1.74mi) ┃-199.508 ±  0.035        (36.1mi) ┃Vegas input parameters:
  ndim 7
  ncomp 1
  nvec 1
  epsrel 0
  epsabs 0
  flags 10
  seed 123456
  mineval 10000000
  maxeval 10000000
  nstart 1000000
  nincrease 1000000
  nbatch 5000
  gridno 0
  statefile ""

Iteration 1:  1000000 integrand evaluations so far
[1] 255.578 +- 5.44076  	chisq 0 (0 df)

Iteration 2:  3000000 integrand evaluations so far
[1] 248.537 +- 1.51191  	chisq 1.8147 (1 df)

Iteration 3:  6000000 integrand evaluations so far
[1] 248.017 +- 0.939235  	chisq 2.00717 (2 df)

Iteration 4:  10000000 integrand evaluations so far
[1] 247.398 +- 0.693745  	chisq 2.96399 (3 df)
   247.4 ±   0.69        ( 50.1s) ┃  386.51 ±    0.7        (38.7mi) ┃
┃   52 -    54 ┃   27 -    28 ┃  295.39 ±   0.27        (3.16mi) ┃ -175.35 ±   0.15        (26.9mi) ┃Vegas input parameters:
  ndim 7
  ncomp 1
  nvec 1
  epsrel 0
  epsabs 0
  flags 10
  seed 123456
  mineval 10000000
  maxeval 10000000
  nstart 1000000
  nincrease 1000000
  nbatch 5000
  gridno 0
  statefile ""

Iteration 1:  1000000 integrand evaluations so far
[1] 232.184 +- 5.12055  	chisq 0 (0 df)

Iteration 2:  3000000 integrand evaluations so far
[1] 234.842 +- 1.71145  	chisq 0.30345 (1 df)

Iteration 3:  6000000 integrand evaluations so far
[1] 233.215 +- 1.02728  	chisq 1.71686 (2 df)

Iteration 4:  10000000 integrand evaluations so far
[1] 233.18 +- 0.721724  	chisq 1.71917 (3 df)
  233.18 ±   0.72        ( 48.4s) ┃  353.22 ±   0.78        (30.8mi) ┃
┃   52 -    54 ┃   28 -    29 ┃  306.17 ±   0.29        ( 32.2s) ┃-182.309 ±  0.043        (6.76mi) ┃Vegas input parameters:
  ndim 7
  ncomp 1
  nvec 1
  epsrel 0
  epsabs 0
  flags 10
  seed 123456
  mineval 10000000
  maxeval 10000000
  nstart 1000000
  nincrease 1000000
  nbatch 5000
  gridno 0
  statefile ""

Iteration 1:  1000000 integrand evaluations so far
[1] 219.846 +- 4.89906  	chisq 0 (0 df)

Iteration 2:  3000000 integrand evaluations so far
[1] 218.03 +- 1.52937  	chisq 0.152317 (1 df)

Iteration 3:  6000000 integrand evaluations so far
[1] 217.187 +- 0.9842  	chisq 0.671166 (2 df)

Iteration 4:  10000000 integrand evaluations so far
[1] 217.692 +- 0.709129  	chisq 1.22056 (3 df)
  217.69 ±   0.71        ( 49.6s) ┃  341.55 ±   0.77        (8.12mi) ┃
┃   52 -    54 ┃   29 -    30 ┃  262.28 ±   0.14        (3.02mi) ┃ -155.53 ±   0.14        (6.71mi) ┃Vegas input parameters:
  ndim 7
  ncomp 1
  nvec 1
  epsrel 0
  epsabs 0
  flags 10
  seed 123456
  mineval 10000000
  maxeval 10000000
  nstart 1000000
  nincrease 1000000
  nbatch 5000
  gridno 0
  statefile ""

Iteration 1:  1000000 integrand evaluations so far
[1] 205.302 +- 4.71704  	chisq 0 (0 df)

Iteration 2:  3000000 integrand evaluations so far
[1] 204.286 +- 1.33609  	chisq 0.05042 (1 df)

Iteration 3:  6000000 integrand evaluations so far
[1] 204.987 +- 0.870876  	chisq 0.528781 (2 df)

Iteration 4:  10000000 integrand evaluations so far
[1] 205.065 +- 0.67427  	chisq 0.548942 (3 df)
  205.07 ±   0.67        ( 49.5s) ┃  311.82 ±    0.7        (10.6mi) ┃
┃   52 -    54 ┃   30 -    31 ┃ 289.755 ±  0.078        (6.12mi) ┃-170.842 ±  0.047        (26.5mi) ┃Vegas input parameters:
  ndim 7
  ncomp 1
  nvec 1
  epsrel 0
  epsabs 0
  flags 10
  seed 123456
  mineval 10000000
  maxeval 10000000
  nstart 1000000
  nincrease 1000000
  nbatch 5000
  gridno 0
  statefile ""

Iteration 1:  1000000 integrand evaluations so far
[1] 200.405 +- 4.61321  	chisq 0 (0 df)

Iteration 2:  3000000 integrand evaluations so far
[1] 194.339 +- 1.28619  	chisq 1.87453 (1 df)

Iteration 3:  6000000 integrand evaluations so far
[1] 192.778 +- 0.797119  	chisq 4.26693 (2 df)

Iteration 4:  10000000 integrand evaluations so far
[1] 193.042 +- 0.597923  	chisq 4.51742 (3 df)
  193.04 ±    0.6        ( 49.7s) ┃  311.95 ±    0.6        (33.5mi) ┃
┃   52 -    54 ┃   31 -    32 ┃   252.1 ±   0.11        (6.14mi) ┃ -148.52 ±    0.1        (26.3mi) ┃Vegas input parameters:
  ndim 7
  ncomp 1
  nvec 1
  epsrel 0
  epsabs 0
  flags 10
  seed 123456
  mineval 10000000
  maxeval 10000000
  nstart 1000000
  nincrease 1000000
  nbatch 5000
  gridno 0
  statefile ""

Iteration 1:  1000000 integrand evaluations so far
[1] 187.667 +- 4.40409  	chisq 0 (0 df)

Iteration 2:  3000000 integrand evaluations so far
[1] 183.834 +- 1.23687  	chisq 0.822647 (1 df)

Iteration 3:  6000000 integrand evaluations so far
[1] 183.478 +- 0.769176  	chisq 0.957415 (2 df)

Iteration 4:  10000000 integrand evaluations so far
[1] 183.842 +- 0.590754  	chisq 1.5037 (3 df)
  183.84 ±   0.59        ( 50.8s) ┃  287.43 ±   0.61        (33.3mi) ┃
┃   52 -    54 ┃   32 -    33 ┃  256.47 ±   0.23        ( 14.1s) ┃ -154.59 ±  0.049        (13.4mi) ┃Vegas input parameters:
  ndim 7
  ncomp 1
  nvec 1
  epsrel 0
  epsabs 0
  flags 10
  seed 123456
  mineval 10000000
  maxeval 10000000
  nstart 1000000
  nincrease 1000000
  nbatch 5000
  gridno 0
  statefile ""

Iteration 1:  1000000 integrand evaluations so far
[1] 175.734 +- 4.22945  	chisq 0 (0 df)

Iteration 2:  3000000 integrand evaluations so far
[1] 178.138 +- 1.20459  	chisq 0.351697 (1 df)

Iteration 3:  6000000 integrand evaluations so far
[1] 177.344 +- 0.746551  	chisq 1.05679 (2 df)

Iteration 4:  10000000 integrand evaluations so far
[1] 177.15 +- 0.558876  	chisq 1.21033 (3 df)
  177.15 ±   0.56        ( 47.7s) ┃  279.03 ±    0.6        (14.4mi) ┃
┃   52 -    54 ┃   33 -    34 ┃  237.44 ±   0.23        (1.62mi) ┃-140.098 ±  0.043        (25.8mi) ┃Vegas input parameters:
  ndim 7
  ncomp 1
  nvec 1
  epsrel 0
  epsabs 0
  flags 10
  seed 123456
  mineval 10000000
  maxeval 10000000
  nstart 1000000
  nincrease 1000000
  nbatch 5000
  gridno 0
  statefile ""

Iteration 1:  1000000 integrand evaluations so far
[1] 165.514 +- 4.10972  	chisq 0 (0 df)

Iteration 2:  3000000 integrand evaluations so far
[1] 170.241 +- 1.16975  	chisq 1.43977 (1 df)

Iteration 3:  6000000 integrand evaluations so far
[1] 169.88 +- 0.72563  	chisq 1.59448 (2 df)

Iteration 4:  10000000 integrand evaluations so far
[1] 170.307 +- 0.550287  	chisq 2.41067 (3 df)
  170.31 ±   0.55        ( 48.9s) ┃  267.64 ±    0.6        (28.2mi) ┃
┃   52 -    54 ┃   34 -    35 ┃  259.23 ±   0.17        (   14s) ┃-152.545 ±  0.076        (51.3mi) ┃Vegas input parameters:
  ndim 7
  ncomp 1
  nvec 1
  epsrel 0
  epsabs 0
  flags 10
  seed 123456
  mineval 10000000
  maxeval 10000000
  nstart 1000000
  nincrease 1000000
  nbatch 5000
  gridno 0
  statefile ""

Iteration 1:  1000000 integrand evaluations so far
[1] 167.141 +- 4.06844  	chisq 0 (0 df)

Iteration 2:  3000000 integrand evaluations so far
[1] 163.511 +- 1.12433  	chisq 0.86206 (1 df)

Iteration 3:  6000000 integrand evaluations so far
[1] 163.656 +- 0.712619  	chisq 0.889705 (2 df)

Iteration 4:  10000000 integrand evaluations so far
[1] 163.961 +- 0.560466  	chisq 1.36949 (3 df)
  163.96 ±   0.56        ( 48.8s) ┃  270.65 ±   0.59        (52.3mi) ┃
┃   52 -    54 ┃   35 -    36 ┃ 223.414 ±  0.097        (6.14mi) ┃-132.093 ±  0.097        (12.9mi) ┃Vegas input parameters:
  ndim 7
  ncomp 1
  nvec 1
  epsrel 0
  epsabs 0
  flags 10
  seed 123456
  mineval 10000000
  maxeval 10000000
  nstart 1000000
  nincrease 1000000
  nbatch 5000
  gridno 0
  statefile ""

Iteration 1:  1000000 integrand evaluations so far
[1] 155.952 +- 3.91553  	chisq 0 (0 df)

Iteration 2:  3000000 integrand evaluations so far
[1] 157.776 +- 1.09984  	chisq 0.235627 (1 df)

Iteration 3:  6000000 integrand evaluations so far
[1] 158.005 +- 0.683854  	chisq 0.306325 (2 df)

Iteration 4:  10000000 integrand evaluations so far
[1] 158.091 +- 0.520855  	chisq 0.343542 (3 df)
  158.09 ±   0.52        ( 48.3s) ┃  249.41 ±   0.54        (19.8mi) ┃
┃   52 -    54 ┃   36 -    37 ┃  216.16 ±   0.14        (3.14mi) ┃-128.526 ±  0.086        (6.48mi) ┃Vegas input parameters:
  ndim 7
  ncomp 1
  nvec 1
  epsrel 0
  epsabs 0
  flags 10
  seed 123456
  mineval 10000000
  maxeval 10000000
  nstart 1000000
  nincrease 1000000
  nbatch 5000
  gridno 0
  statefile ""

Iteration 1:  1000000 integrand evaluations so far
[1] 152.949 +- 3.87815  	chisq 0 (0 df)

Iteration 2:  3000000 integrand evaluations so far
[1] 151.402 +- 1.24518  	chisq 0.177492 (1 df)

Iteration 3:  6000000 integrand evaluations so far
[1] 151.816 +- 0.751594  	chisq 0.351205 (2 df)

Iteration 4:  10000000 integrand evaluations so far
[1] 152.2 +- 0.529579  	chisq 0.871485 (3 df)
   152.2 ±   0.53        ( 49.1s) ┃  239.84 ±   0.56        (10.4mi) ┃
┃   52 -    54 ┃   37 -    38 ┃  252.43 ±   0.18        (1.77mi) ┃-148.728 ±  0.019        (25.6mi) ┃Vegas input parameters:
  ndim 7
  ncomp 1
  nvec 1
  epsrel 0
  epsabs 0
  flags 10
  seed 123456
  mineval 10000000
  maxeval 10000000
  nstart 1000000
  nincrease 1000000
  nbatch 5000
  gridno 0
  statefile ""

Iteration 1:  1000000 integrand evaluations so far
[1] 146.093 +- 3.72701  	chisq 0 (0 df)

Iteration 2:  3000000 integrand evaluations so far
[1] 148.778 +- 1.04992  	chisq 0.56388 (1 df)

Iteration 3:  6000000 integrand evaluations so far
[1] 148.742 +- 0.674848  	chisq 0.565912 (2 df)

Iteration 4:  10000000 integrand evaluations so far
[1] 148.027 +- 0.495768  	chisq 3.00323 (3 df)
  148.03 ±    0.5        ( 48.5s) ┃  251.73 ±   0.53        (28.2mi) ┃
┃   52 -    54 ┃   38 -    39 ┃ 200.944 ±  0.043        ( 15.8s) ┃-119.243 ±  0.093        (1.64mi) ┃Vegas input parameters:
  ndim 7
  ncomp 1
  nvec 1
  epsrel 0
  epsabs 0
  flags 10
  seed 123456
  mineval 10000000
  maxeval 10000000
  nstart 1000000
  nincrease 1000000
  nbatch 5000
  gridno 0
  statefile ""

Iteration 1:  1000000 integrand evaluations so far
[1] 140.732 +- 3.64587  	chisq 0 (0 df)

Iteration 2:  3000000 integrand evaluations so far
[1] 143.441 +- 1.01438  	chisq 0.598448 (1 df)

Iteration 3:  6000000 integrand evaluations so far
[1] 143.618 +- 0.631858  	chisq 0.647918 (2 df)

Iteration 4:  10000000 integrand evaluations so far
[1] 144.15 +- 0.488873  	chisq 2.41793 (3 df)
  144.15 ±   0.49        ( 48.9s) ┃  225.85 ±    0.5        (2.72mi) ┃
┃   52 -    54 ┃   39 -    40 ┃ 221.693 ±  0.054        ( 31.3s) ┃ -130.34 ±    0.1        (25.4mi) ┃Vegas input parameters:
  ndim 7
  ncomp 1
  nvec 1
  epsrel 0
  epsabs 0
  flags 10
  seed 123456
  mineval 10000000
  maxeval 10000000
  nstart 1000000
  nincrease 1000000
  nbatch 5000
  gridno 0
  statefile ""

Iteration 1:  1000000 integrand evaluations so far
[1] 141.26 +- 3.60743  	chisq 0 (0 df)

Iteration 2:  3000000 integrand evaluations so far
[1] 138.997 +- 0.988563  	chisq 0.425624 (1 df)

Iteration 3:  6000000 integrand evaluations so far
[1] 139.782 +- 0.616037  	chisq 1.45696 (2 df)

Iteration 4:  10000000 integrand evaluations so far
[1] 139.637 +- 0.453  	chisq 1.5777 (3 df)
  139.64 ±   0.45        ( 48.4s) ┃  230.99 ±   0.47        (26.7mi) ┃
┃   52 -    54 ┃   40 -    41 ┃  213.17 ±   0.18        (1.78mi) ┃-127.621 ±  0.096        ( 58.8s) ┃Vegas input parameters:
  ndim 7
  ncomp 1
  nvec 1
  epsrel 0
  epsabs 0
  flags 10
  seed 123456
  mineval 10000000
  maxeval 10000000
  nstart 1000000
  nincrease 1000000
  nbatch 5000
  gridno 0
  statefile ""

Iteration 1:  1000000 integrand evaluations so far
[1] 135.776 +- 3.54145  	chisq 0 (0 df)

Iteration 2:  3000000 integrand evaluations so far
[1] 136.559 +- 1.11794  	chisq 0.0543539 (1 df)

Iteration 3:  6000000 integrand evaluations so far
[1] 136.411 +- 0.676422  	chisq 0.0822264 (2 df)

Iteration 4:  10000000 integrand evaluations so far
[1] 136.52 +- 0.492601  	chisq 0.137879 (3 df)
  136.52 ±   0.49        ( 47.9s) ┃  222.07 ±   0.53        (3.56mi) ┃
┃   52 -    54 ┃   41 -    42 ┃  195.02 ±   0.17        (1.84mi) ┃-115.604 ±  0.043        (6.38mi) ┃Vegas input parameters:
  ndim 7
  ncomp 1
  nvec 1
  epsrel 0
  epsabs 0
  flags 10
  seed 123456
  mineval 10000000
  maxeval 10000000
  nstart 1000000
  nincrease 1000000
  nbatch 5000
  gridno 0
  statefile ""

Iteration 1:  1000000 integrand evaluations so far
[1] 134.14 +- 3.49964  	chisq 0 (0 df)

Iteration 2:  3000000 integrand evaluations so far
[1] 132.506 +- 0.946517  	chisq 0.23515 (1 df)

Iteration 3:  6000000 integrand evaluations so far
[1] 132.455 +- 0.588695  	chisq 0.239917 (2 df)

Iteration 4:  10000000 integrand evaluations so far
[1] 133.008 +- 0.461707  	chisq 2.53375 (3 df)
  133.01 ±   0.46        ( 48.5s) ┃  212.42 ±   0.49        (9.03mi) ┃
┃   52 -    54 ┃   42 -    43 ┃  235.62 ±   0.17        ( 52.4s) ┃-138.829 ±  0.013        (12.8mi) ┃Vegas input parameters:
  ndim 7
  ncomp 1
  nvec 1
  epsrel 0
  epsabs 0
  flags 10
  seed 123456
  mineval 10000000
  maxeval 10000000
  nstart 1000000
  nincrease 1000000
  nbatch 5000
  gridno 0
  statefile ""

Iteration 1:  1000000 integrand evaluations so far
[1] 118.651 +- 3.24129  	chisq 0 (0 df)

Iteration 2:  3000000 integrand evaluations so far
[1] 127.991 +- 1.03962  	chisq 9.25523 (1 df)

Iteration 3:  6000000 integrand evaluations so far
[1] 128.394 +- 0.6313  	chisq 9.49431 (2 df)

Iteration 4:  10000000 integrand evaluations so far
[1] 129.094 +- 0.461214  	chisq 12.1293 (3 df)
  129.09 ±   0.46        ( 49.1s) ┃  225.88 ±   0.49        (14.5mi) ┃
┃   52 -    54 ┃   43 -    44 ┃  180.29 ±    0.1        (1.73mi) ┃-105.444 ±   0.09        (3.17mi) ┃Vegas input parameters:
  ndim 7
  ncomp 1
  nvec 1
  epsrel 0
  epsabs 0
  flags 10
  seed 123456
  mineval 10000000
  maxeval 10000000
  nstart 1000000
  nincrease 1000000
  nbatch 5000
  gridno 0
  statefile ""

Iteration 1:  1000000 integrand evaluations so far
[1] 125.95 +- 3.38253  	chisq 0 (0 df)

Iteration 2:  3000000 integrand evaluations so far
[1] 126.418 +- 0.912425  	chisq 0.020652 (1 df)

Iteration 3:  6000000 integrand evaluations so far
[1] 126.709 +- 0.606608  	chisq 0.202186 (2 df)

Iteration 4:  10000000 integrand evaluations so far
[1] 125.82 +- 0.444925  	chisq 4.85234 (3 df)
  125.82 ±   0.44        ( 48.1s) ┃  200.67 ±   0.47        ( 5.7mi) ┃
┃   52 -    54 ┃   44 -    45 ┃ 183.753 ±  0.047        (1.77mi) ┃-108.922 ± 0.0041        (24.9mi) ┃Vegas input parameters:
  ndim 7
  ncomp 1
  nvec 1
  epsrel 0
  epsabs 0
  flags 10
  seed 123456
  mineval 10000000
  maxeval 10000000
  nstart 1000000
  nincrease 1000000
  nbatch 5000
  gridno 0
  statefile ""

Iteration 1:  1000000 integrand evaluations so far
[1] 121.744 +- 3.3049  	chisq 0 (0 df)

Iteration 2:  3000000 integrand evaluations so far
[1] 123.608 +- 0.921436  	chisq 0.344902 (1 df)

Iteration 3:  6000000 integrand evaluations so far
[1] 122.759 +- 0.561709  	chisq 1.69518 (2 df)

Iteration 4:  10000000 integrand evaluations so far
[1] 123.04 +- 0.412667  	chisq 2.24159 (3 df)
  123.04 ±   0.41        ( 50.2s) ┃  197.87 ±   0.42        (27.5mi) ┃
┃   52 -    54 ┃   45 -    46 ┃ 218.827 ±  0.071        ( 29.2s) ┃-128.011 ±  0.017        (24.8mi) ┃Vegas input parameters:
  ndim 7
  ncomp 1
  nvec 1
  epsrel 0
  epsabs 0
  flags 10
  seed 123456
  mineval 10000000
  maxeval 10000000
  nstart 1000000
  nincrease 1000000
  nbatch 5000
  gridno 0
  statefile ""

Iteration 1:  1000000 integrand evaluations so far
[1] 119.887 +- 3.26995  	chisq 0 (0 df)

Iteration 2:  3000000 integrand evaluations so far
[1] 120.071 +- 0.8857  	chisq 0.00342061 (1 df)

Iteration 3:  6000000 integrand evaluations so far
[1] 120.578 +- 0.54766  	chisq 0.53195 (2 df)

Iteration 4:  10000000 integrand evaluations so far
[1] 120.53 +- 0.419119  	chisq 0.550269 (3 df)
  120.53 ±   0.42        ( 49.5s) ┃  211.35 ±   0.43        (26.1mi) ┃
┃   52 -    54 ┃   46 -    47 ┃ 164.386 ±  0.053        (1.82mi) ┃ -96.914 ±  0.083        (6.31mi) ┃Vegas input parameters:
  ndim 7
  ncomp 1
  nvec 1
  epsrel 0
  epsabs 0
  flags 10
  seed 123456
  mineval 10000000
  maxeval 10000000
  nstart 1000000
  nincrease 1000000
  nbatch 5000
  gridno 0
  statefile ""

Iteration 1:  1000000 integrand evaluations so far
[1] 121.819 +- 3.2898  	chisq 0 (0 df)

Iteration 2:  3000000 integrand evaluations so far
[1] 118.384 +- 0.868042  	chisq 1.17162 (1 df)

Iteration 3:  6000000 integrand evaluations so far
[1] 118.521 +- 0.5382  	chisq 1.21215 (2 df)

Iteration 4:  10000000 integrand evaluations so far
[1] 118.208 +- 0.4054  	chisq 1.99357 (3 df)
  118.21 ±   0.41        ( 48.4s) ┃  185.68 ±   0.42        (8.93mi) ┃
┃   52 -    54 ┃   47 -    48 ┃  184.88 ±  0.085        ( 53.7s) ┃ -109.11 ±    0.1        (12.4mi) ┃Vegas input parameters:
  ndim 7
  ncomp 1
  nvec 1
  epsrel 0
  epsabs 0
  flags 10
  seed 123456
  mineval 10000000
  maxeval 10000000
  nstart 1000000
  nincrease 1000000
  nbatch 5000
  gridno 0
  statefile ""

Iteration 1:  1000000 integrand evaluations so far
[1] 113.552 +- 3.15491  	chisq 0 (0 df)

Iteration 2:  3000000 integrand evaluations so far
[1] 113.327 +- 0.875356  	chisq 0.00549719 (1 df)

Iteration 3:  6000000 integrand evaluations so far
[1] 114.378 +- 0.545019  	chisq 2.36276 (2 df)

Iteration 4:  10000000 integrand evaluations so far
[1] 114.876 +- 0.403622  	chisq 4.20556 (3 df)
  114.88 ±    0.4        ( 50.1s) ┃  190.65 ±   0.43        (14.1mi) ┃
┃   52 -    54 ┃   48 -    49 ┃ 189.644 ±  0.083        (1.81mi) ┃-111.134 ±  0.043        (  49mi) ┃Vegas input parameters:
  ndim 7
  ncomp 1
  nvec 1
  epsrel 0
  epsabs 0
  flags 10
  seed 123456
  mineval 10000000
  maxeval 10000000
  nstart 1000000
  nincrease 1000000
  nbatch 5000
  gridno 0
  statefile ""

Iteration 1:  1000000 integrand evaluations so far
[1] 112.549 +- 3.13888  	chisq 0 (0 df)

Iteration 2:  3000000 integrand evaluations so far
[1] 114.75 +- 0.84294  	chisq 0.530157 (1 df)

Iteration 3:  6000000 integrand evaluations so far
[1] 114.246 +- 0.53231  	chisq 1.12562 (2 df)

Iteration 4:  10000000 integrand evaluations so far
[1] 113.944 +- 0.399349  	chisq 1.86245 (3 df)
  113.94 ±    0.4        ( 48.7s) ┃  192.45 ±   0.41        (51.6mi) ┃
┃   52 -    54 ┃   49 -    50 ┃ 164.268 ±  0.091        (1.77mi) ┃ -96.556 ±  0.067        (48.4mi) ┃Vegas input parameters:
  ndim 7
  ncomp 1
  nvec 1
  epsrel 0
  epsabs 0
  flags 10
  seed 123456
  mineval 10000000
  maxeval 10000000
  nstart 1000000
  nincrease 1000000
  nbatch 5000
  gridno 0
  statefile ""

Iteration 1:  1000000 integrand evaluations so far
[1] 109.995 +- 3.08734  	chisq 0 (0 df)

Iteration 2:  3000000 integrand evaluations so far
[1] 113.077 +- 0.942792  	chisq 1.09917 (1 df)

Iteration 3:  6000000 integrand evaluations so far
[1] 111.733 +- 0.564256  	chisq 4.26731 (2 df)

Iteration 4:  10000000 integrand evaluations so far
[1] 111.916 +- 0.409866  	chisq 4.48903 (3 df)
  111.92 ±   0.41        ( 48.1s) ┃  179.63 ±   0.43        (  51mi) ┃
┃   52 -    54 ┃   50 -    51 ┃  191.37 ±    0.1        ( 46.9s) ┃-112.721 ±  0.051        (3.09mi) ┃Vegas input parameters:
  ndim 7
  ncomp 1
  nvec 1
  epsrel 0
  epsabs 0
  flags 10
  seed 123456
  mineval 10000000
  maxeval 10000000
  nstart 1000000
  nincrease 1000000
  nbatch 5000
  gridno 0
  statefile ""

Iteration 1:  1000000 integrand evaluations so far
[1] 110.394 +- 3.10718  	chisq 0 (0 df)

Iteration 2:  3000000 integrand evaluations so far
[1] 112.275 +- 0.822945  	chisq 0.394092 (1 df)

Iteration 3:  6000000 integrand evaluations so far
[1] 111.737 +- 0.540146  	chisq 1.14538 (2 df)

Iteration 4:  10000000 integrand evaluations so far
[1] 111.139 +- 0.396403  	chisq 3.79932 (3 df)
  111.14 ±    0.4        ( 49.1s) ┃  189.79 ±   0.41        (4.69mi) ┃
┃   52 -    54 ┃   51 -    52 ┃  160.24 ±   0.15        (1.56mi) ┃-94.5639 ± 0.0086        (6.37mi) ┃Vegas input parameters:
  ndim 7
  ncomp 1
  nvec 1
  epsrel 0
  epsabs 0
  flags 10
  seed 123456
  mineval 10000000
  maxeval 10000000
  nstart 1000000
  nincrease 1000000
  nbatch 5000
  gridno 0
  statefile ""

Iteration 1:  1000000 integrand evaluations so far
[1] 109.191 +- 3.08706  	chisq 0 (0 df)

Iteration 2:  3000000 integrand evaluations so far
[1] 109.546 +- 0.80597  	chisq 0.0141884 (1 df)

Iteration 3:  6000000 integrand evaluations so far
[1] 109.089 +- 0.525958  	chisq 0.573794 (2 df)

Iteration 4:  10000000 integrand evaluations so far
[1] 109.414 +- 0.39037  	chisq 1.42542 (3 df)
  109.41 ±   0.39        ( 49.3s) ┃  175.09 ±   0.42        (8.75mi) ┃
┃   52 -    54 ┃   52 -    53 ┃ 144.997 ±  0.097        (3.15mi) ┃ -85.765 ±  0.043        (12.1mi) ┃Vegas input parameters:
  ndim 7
  ncomp 1
  nvec 1
  epsrel 0
  epsabs 0
  flags 10
  seed 123456
  mineval 10000000
  maxeval 10000000
  nstart 1000000
  nincrease 1000000
  nbatch 5000
  gridno 0
  statefile ""

Iteration 1:  1000000 integrand evaluations so far
[1] 110.593 +- 3.10923  	chisq 0 (0 df)

Iteration 2:  3000000 integrand evaluations so far
[1] 108.901 +- 0.812632  	chisq 0.317859 (1 df)

Iteration 3:  6000000 integrand evaluations so far
[1] 108.02 +- 0.524359  	chisq 2.33351 (2 df)

Iteration 4:  10000000 integrand evaluations so far
[1] 107.824 +- 0.385624  	chisq 2.63675 (3 df)
  107.82 ±   0.39        (   48s) ┃  167.06 ±    0.4        (  16mi) ┃
┃   52 -    54 ┃   53 -    54 ┃   186.4 ±   0.13        (1.56mi) ┃-109.618 ±  0.046        (12.1mi) ┃Vegas input parameters:
  ndim 7
  ncomp 1
  nvec 1
  epsrel 0
  epsabs 0
  flags 10
  seed 123456
  mineval 10000000
  maxeval 10000000
  nstart 1000000
  nincrease 1000000
  nbatch 5000
  gridno 0
  statefile ""

Iteration 1:  1000000 integrand evaluations so far
[1] 104.855 +- 3.04198  	chisq 0 (0 df)

Iteration 2:  3000000 integrand evaluations so far
[1] 106.884 +- 0.794122  	chisq 0.477443 (1 df)

Iteration 3:  6000000 integrand evaluations so far
[1] 106.023 +- 0.490467  	chisq 2.37762 (2 df)

Iteration 4:  10000000 integrand evaluations so far
[1] 106.3 +- 0.375334  	chisq 3.15004 (3 df)
   106.3 ±   0.38        ( 48.9s) ┃  183.08 ±    0.4        (14.4mi) ┃
┃   52 -    54 ┃   54 -    55 ┃ 145.341 ±  0.055        (2.98mi) ┃ -85.388 ±  0.053        (12.2mi) ┃Vegas input parameters:
  ndim 7
  ncomp 1
  nvec 1
  epsrel 0
  epsabs 0
  flags 10
  seed 123456
  mineval 10000000
  maxeval 10000000
  nstart 1000000
  nincrease 1000000
  nbatch 5000
  gridno 0
  statefile ""

Iteration 1:  1000000 integrand evaluations so far
[1] 103.646 +- 3.01954  	chisq 0 (0 df)

Iteration 2:  3000000 integrand evaluations so far
[1] 104.499 +- 0.788634  	chisq 0.0856474 (1 df)

Iteration 3:  6000000 integrand evaluations so far
[1] 104.074 +- 0.48367  	chisq 0.549774 (2 df)

Iteration 4:  10000000 integrand evaluations so far
[1] 104.644 +- 0.366184  	chisq 3.79964 (3 df)
  104.64 ±   0.37        ( 50.1s) ┃   164.6 ±   0.37        (  16mi) ┃
┃   52 -    54 ┃   55 -    56 ┃  156.35 ±   0.13        ( 58.1s) ┃ -92.287 ±  0.039        (6.11mi) ┃Vegas input parameters:
  ndim 7
  ncomp 1
  nvec 1
  epsrel 0
  epsabs 0
  flags 10
  seed 123456
  mineval 10000000
  maxeval 10000000
  nstart 1000000
  nincrease 1000000
  nbatch 5000
  gridno 0
  statefile ""

Iteration 1:  1000000 integrand evaluations so far
[1] 101.918 +- 2.9825  	chisq 0 (0 df)

Iteration 2:  3000000 integrand evaluations so far
[1] 104.262 +- 0.7818  	chisq 0.663114 (1 df)

Iteration 3:  6000000 integrand evaluations so far
[1] 103.241 +- 0.489525  	chisq 3.47105 (2 df)

Iteration 4:  10000000 integrand evaluations so far
[1] 103.144 +- 0.361659  	chisq 3.55746 (3 df)
  103.14 ±   0.36        ( 49.3s) ┃   167.2 ±   0.39        ( 7.9mi) ┃
┃   52 -    54 ┃   56 -    57 ┃  154.03 ±   0.15        ( 17.2s) ┃ -90.833 ±  0.047        (23.8mi) ┃Vegas input parameters:
  ndim 7
  ncomp 1
  nvec 1
  epsrel 0
  epsabs 0
  flags 10
  seed 123456
  mineval 10000000
  maxeval 10000000
  nstart 1000000
  nincrease 1000000
  nbatch 5000
  gridno 0
  statefile ""

Iteration 1:  1000000 integrand evaluations so far
[1] 99.7703 +- 2.96246  	chisq 0 (0 df)

Iteration 2:  3000000 integrand evaluations so far
[1] 102.664 +- 0.774408  	chisq 1.02405 (1 df)

Iteration 3:  6000000 integrand evaluations so far
[1] 102.373 +- 0.495578  	chisq 1.26302 (2 df)

Iteration 4:  10000000 integrand evaluations so far
[1] 102.635 +- 0.374361  	chisq 1.91579 (3 df)
  102.64 ±   0.37        (   48s) ┃  165.84 ±    0.4        (24.9mi) ┃
┃   52 -    54 ┃   57 -    58 ┃ 133.814 ±  0.081        ( 47.1s) ┃ -78.414 ±  0.049        (3.09mi) ┃Vegas input parameters:
  ndim 7
  ncomp 1
  nvec 1
  epsrel 0
  epsabs 0
  flags 10
  seed 123456
  mineval 10000000
  maxeval 10000000
  nstart 1000000
  nincrease 1000000
  nbatch 5000
  gridno 0
  statefile ""

Iteration 1:  1000000 integrand evaluations so far
[1] 106.357 +- 3.07464  	chisq 0 (0 df)

Iteration 2:  3000000 integrand evaluations so far
[1] 101.521 +- 0.754354  	chisq 2.63233 (1 df)

Iteration 3:  6000000 integrand evaluations so far
[1] 102.152 +- 0.494449  	chisq 3.85954 (2 df)

Iteration 4:  10000000 integrand evaluations so far
[1] 101.471 +- 0.364122  	chisq 7.99595 (3 df)
  101.47 ±   0.36        ( 47.5s) ┃  156.87 ±   0.38        (4.66mi) ┃
┃   52 -    54 ┃   58 -    59 ┃  152.67 ±    0.1        (3.01mi) ┃ -89.579 ±  0.071        (23.4mi) ┃Vegas input parameters:
  ndim 7
  ncomp 1
  nvec 1
  epsrel 0
  epsabs 0
  flags 10
  seed 123456
  mineval 10000000
  maxeval 10000000
  nstart 1000000
  nincrease 1000000
  nbatch 5000
  gridno 0
  statefile ""

Iteration 1:  1000000 integrand evaluations so far
[1] 98.4199 +- 2.96113  	chisq 0 (0 df)

Iteration 2:  3000000 integrand evaluations so far
[1] 100.19 +- 0.794305  	chisq 0.384973 (1 df)

Iteration 3:  6000000 integrand evaluations so far
[1] 100.148 +- 0.50387  	chisq 0.389538 (2 df)

Iteration 4:  10000000 integrand evaluations so far
[1] 99.8334 +- 0.38266  	chisq 1.31281 (3 df)
   99.83 ±   0.38        ( 47.8s) ┃  162.93 ±    0.4        (27.2mi) ┃
┃   52 -    54 ┃   59 -    60 ┃ 140.916 ±  0.089        (1.56mi) ┃ -82.506 ±  0.021        (2.97mi) ┃Vegas input parameters:
  ndim 7
  ncomp 1
  nvec 1
  epsrel 0
  epsabs 0
  flags 10
  seed 123456
  mineval 10000000
  maxeval 10000000
  nstart 1000000
  nincrease 1000000
  nbatch 5000
  gridno 0
  statefile ""

Iteration 1:  1000000 integrand evaluations so far
[1] 96.5021 +- 2.94147  	chisq 0 (0 df)

Iteration 2:  3000000 integrand evaluations so far
[1] 98.8381 +- 0.756338  	chisq 0.675347 (1 df)

Iteration 3:  6000000 integrand evaluations so far
[1] 99.2998 +- 0.472644  	chisq 1.28667 (2 df)

Iteration 4:  10000000 integrand evaluations so far
[1] 98.8399 +- 0.352261  	chisq 3.41692 (3 df)
   98.84 ±   0.35        ( 48.3s) ┃  157.25 ±   0.36        (5.34mi) ┃
┃   54 -    56 ┃   25 -    26 ┃  288.43 ±   0.23        ( 48.7s) ┃  -168.4 ±   0.15        (13.4mi) ┃Vegas input parameters:
  ndim 7
  ncomp 1
  nvec 1
  epsrel 0
  epsabs 0
  flags 10
  seed 123456
  mineval 10000000
  maxeval 10000000
  nstart 1000000
  nincrease 1000000
  nbatch 5000
  gridno 0
  statefile ""

Iteration 1:  1000000 integrand evaluations so far
[1] 230.868 +- 5.00155  	chisq 0 (0 df)

Iteration 2:  3000000 integrand evaluations so far
[1] 230.265 +- 1.41076  	chisq 0.0157694 (1 df)

Iteration 3:  6000000 integrand evaluations so far
[1] 229.246 +- 0.915645  	chisq 0.916558 (2 df)

Iteration 4:  10000000 integrand evaluations so far
[1] 229.951 +- 0.695655  	chisq 2.3179 (3 df)
  229.95 ±    0.7        ( 48.2s) ┃  349.97 ±   0.75        (  15mi) ┃
┃   54 -    56 ┃   26 -    27 ┃  289.64 ±   0.12        (5.77mi) ┃ -169.71 ±   0.15        (6.74mi) ┃Vegas input parameters:
  ndim 7
  ncomp 1
  nvec 1
  epsrel 0
  epsabs 0
  flags 10
  seed 123456
  mineval 10000000
  maxeval 10000000
  nstart 1000000
  nincrease 1000000
  nbatch 5000
  gridno 0
  statefile ""

Iteration 1:  1000000 integrand evaluations so far
[1] 220.441 +- 4.83745  	chisq 0 (0 df)

Iteration 2:  3000000 integrand evaluations so far
[1] 218.586 +- 1.63573  	chisq 0.165932 (1 df)

Iteration 3:  6000000 integrand evaluations so far
[1] 216.749 +- 0.974315  	chisq 2.12136 (2 df)

Iteration 4:  10000000 integrand evaluations so far
[1] 216.896 +- 0.684565  	chisq 2.16658 (3 df)
   216.9 ±   0.68        ( 49.4s) ┃  336.83 ±   0.71        (13.3mi) ┃
┃   54 -    56 ┃   27 -    28 ┃ 274.172 ±  0.061        (1.21mi) ┃  -162.7 ±   0.12        (34.4mi) ┃Vegas input parameters:
  ndim 7
  ncomp 1
  nvec 1
  epsrel 0
  epsabs 0
  flags 10
  seed 123456
  mineval 10000000
  maxeval 10000000
  nstart 1000000
  nincrease 1000000
  nbatch 5000
  gridno 0
  statefile ""

Iteration 1:  1000000 integrand evaluations so far
[1] 212.703 +- 4.70651  	chisq 0 (0 df)

Iteration 2:  3000000 integrand evaluations so far
[1] 205.99 +- 1.30768  	chisq 2.20428 (1 df)

Iteration 3:  6000000 integrand evaluations so far
[1] 206.489 +- 0.86509  	chisq 2.46301 (2 df)

Iteration 4:  10000000 integrand evaluations so far
[1] 206.504 +- 0.640747  	chisq 2.46371 (3 df)
   206.5 ±   0.64        ( 47.4s) ┃  317.97 ±   0.66        (36.4mi) ┃
┃   54 -    56 ┃   28 -    29 ┃  270.66 ±   0.11        (2.91mi) ┃-158.878 ±  0.053        (12.8mi) ┃Vegas input parameters:
  ndim 7
  ncomp 1
  nvec 1
  epsrel 0
  epsabs 0
  flags 10
  seed 123456
  mineval 10000000
  maxeval 10000000
  nstart 1000000
  nincrease 1000000
  nbatch 5000
  gridno 0
  statefile ""

Iteration 1:  1000000 integrand evaluations so far
[1] 196.659 +- 4.44138  	chisq 0 (0 df)

Iteration 2:  3000000 integrand evaluations so far
[1] 196.278 +- 1.43391  	chisq 0.0082261 (1 df)

Iteration 3:  6000000 integrand evaluations so far
[1] 196.355 +- 0.937168  	chisq 0.0132229 (2 df)

Iteration 4:  10000000 integrand evaluations so far
[1] 196.209 +- 0.665502  	chisq 0.0624161 (3 df)
  196.21 ±   0.67        (   45s) ┃  307.99 ±   0.68        (16.4mi) ┃
┃   54 -    56 ┃   29 -    30 ┃     237 ±   0.22        (   31s) ┃ -140.21 ±  0.062        (24.7mi) ┃Vegas input parameters:
  ndim 7
  ncomp 1
  nvec 1
  epsrel 0
  epsabs 0
  flags 10
  seed 123456
  mineval 10000000
  maxeval 10000000
  nstart 1000000
  nincrease 1000000
  nbatch 5000
  gridno 0
  statefile ""

Iteration 1:  1000000 integrand evaluations so far
[1] 189.768 +- 4.37436  	chisq 0 (0 df)

Iteration 2:  3000000 integrand evaluations so far
[1] 188.484 +- 1.22868  	chisq 0.0934942 (1 df)

Iteration 3:  6000000 integrand evaluations so far
[1] 188.522 +- 0.792033  	chisq 0.0951404 (2 df)

Iteration 4:  10000000 integrand evaluations so far
[1] 188.661 +- 0.61991  	chisq 0.174224 (3 df)
  188.66 ±   0.62        ( 45.8s) ┃  285.45 ±   0.66        (  26mi) ┃
┃   54 -    56 ┃   30 -    31 ┃  263.29 ±   0.26        ( 45.7s) ┃ -153.91 ±   0.12        (12.7mi) ┃Vegas input parameters:
  ndim 7
  ncomp 1
  nvec 1
  epsrel 0
  epsabs 0
  flags 10
  seed 123456
  mineval 10000000
  maxeval 10000000
  nstart 1000000
  nincrease 1000000
  nbatch 5000
  gridno 0
  statefile ""

Iteration 1:  1000000 integrand evaluations so far
[1] 183.283 +- 4.23861  	chisq 0 (0 df)

Iteration 2:  3000000 integrand evaluations so far
[1] 178.768 +- 1.18415  	chisq 1.2307 (1 df)

Iteration 3:  6000000 integrand evaluations so far
[1] 177.658 +- 0.734801  	chisq 2.65917 (2 df)

Iteration 4:  10000000 integrand evaluations so far
[1] 178.038 +- 0.56084  	chisq 3.2997 (3 df)
  178.04 ±   0.56        ( 45.6s) ┃  287.42 ±   0.63        (14.2mi) ┃
┃   54 -    56 ┃   31 -    32 ┃  228.87 ±   0.16        (   48s) ┃-133.136 ±  0.032        (24.7mi) ┃Vegas input parameters:
  ndim 7
  ncomp 1
  nvec 1
  epsrel 0
  epsabs 0
  flags 10
  seed 123456
  mineval 10000000
  maxeval 10000000
  nstart 1000000
  nincrease 1000000
  nbatch 5000
  gridno 0
  statefile ""

Iteration 1:  1000000 integrand evaluations so far
[1] 168.847 +- 4.01337  	chisq 0 (0 df)

Iteration 2:  3000000 integrand evaluations so far
[1] 170.151 +- 1.14721  	chisq 0.114939 (1 df)

Iteration 3:  6000000 integrand evaluations so far
[1] 168.678 +- 0.711026  	chisq 2.79147 (2 df)

Iteration 4:  10000000 integrand evaluations so far
[1] 168.79 +- 0.54586  	chisq 2.8515 (3 df)
  168.79 ±   0.55        (   43s) ┃  264.53 ±   0.57        (26.2mi) ┃
┃   54 -    56 ┃   32 -    33 ┃  236.81 ±   0.21        (5.54mi) ┃-135.798 ±  0.031        (3.42mi) ┃Vegas input parameters:
  ndim 7
  ncomp 1
  nvec 1
  epsrel 0
  epsabs 0
  flags 10
  seed 123456
  mineval 10000000
  maxeval 10000000
  nstart 1000000
  nincrease 1000000
  nbatch 5000
  gridno 0
  statefile ""

Iteration 1:  1000000 integrand evaluations so far
[1] 161.461 +- 3.88759  	chisq 0 (0 df)

Iteration 2:  3000000 integrand evaluations so far
[1] 162.194 +- 1.10971  	chisq 0.0386635 (1 df)

Iteration 3:  6000000 integrand evaluations so far
[1] 161.967 +- 0.707023  	chisq 0.109177 (2 df)

Iteration 4:  10000000 integrand evaluations so far
[1] 161.944 +- 0.539346  	chisq 0.111793 (3 df)
  161.94 ±   0.54        ( 44.8s) ┃  262.96 ±   0.58        (9.71mi) ┃
┃   54 -    56 ┃   33 -    34 ┃ 217.369 ±  0.045        ( 5.8mi) ┃ -127.16 ±   0.11        (24.1mi) ┃Vegas input parameters:
  ndim 7
  ncomp 1
  nvec 1
  epsrel 0
  epsabs 0
  flags 10
  seed 123456
  mineval 10000000
  maxeval 10000000
  nstart 1000000
  nincrease 1000000
  nbatch 5000
  gridno 0
  statefile ""

Iteration 1:  1000000 integrand evaluations so far
[1] 156.128 +- 3.83618  	chisq 0 (0 df)

Iteration 2:  3000000 integrand evaluations so far
[1] 154.573 +- 1.0749  	chisq 0.178287 (1 df)

Iteration 3:  6000000 integrand evaluations so far
[1] 155.034 +- 0.695026  	chisq 0.494276 (2 df)

Iteration 4:  10000000 integrand evaluations so far
[1] 154.598 +- 0.512829  	chisq 1.35637 (3 df)
   154.6 ±   0.51        ( 45.9s) ┃  244.81 ±   0.53        (30.7mi) ┃
┃   54 -    56 ┃   34 -    35 ┃  232.49 ±   0.16        (2.96mi) ┃ -136.71 ±   0.12        ( 53.6s) ┃Vegas input parameters:
  ndim 7
  ncomp 1
  nvec 1
  epsrel 0
  epsabs 0
  flags 10
  seed 123456
  mineval 10000000
  maxeval 10000000
  nstart 1000000
  nincrease 1000000
  nbatch 5000
  gridno 0
  statefile ""

Iteration 1:  1000000 integrand evaluations so far
[1] 148.596 +- 3.69312  	chisq 0 (0 df)

Iteration 2:  3000000 integrand evaluations so far
[1] 149.251 +- 1.03748  	chisq 0.0341864 (1 df)

Iteration 3:  6000000 integrand evaluations so far
[1] 149.023 +- 0.654437  	chisq 0.114921 (2 df)

Iteration 4:  10000000 integrand evaluations so far
[1] 149.223 +- 0.496761  	chisq 0.336517 (3 df)
  149.22 ±    0.5        ( 44.5s) ┃     245 ±   0.54        (4.59mi) ┃
┃   54 -    56 ┃   35 -    36 ┃ 205.526 ±  0.096        (   45s) ┃-120.842 ±  0.091        (23.8mi) ┃Vegas input parameters:
  ndim 7
  ncomp 1
  nvec 1
  epsrel 0
  epsabs 0
  flags 10
  seed 123456
  mineval 10000000
  maxeval 10000000
  nstart 1000000
  nincrease 1000000
  nbatch 5000
  gridno 0
  statefile ""

Iteration 1:  1000000 integrand evaluations so far
[1] 144.286 +- 3.61597  	chisq 0 (0 df)

Iteration 2:  3000000 integrand evaluations so far
[1] 143.897 +- 1.11773  	chisq 0.012824 (1 df)

Iteration 3:  6000000 integrand evaluations so far
[1] 143.337 +- 0.680038  	chisq 0.410721 (2 df)

Iteration 4:  10000000 integrand evaluations so far
[1] 143.787 +- 0.49069  	chisq 1.32311 (3 df)
  143.79 ±   0.49        ( 44.8s) ┃  228.47 ±   0.51        (25.3mi) ┃
┃   54 -    56 ┃   36 -    37 ┃  191.09 ±   0.13        (5.85mi) ┃-115.932 ±  0.091        ( 14.4s) ┃Vegas input parameters:
  ndim 7
  ncomp 1
  nvec 1
  epsrel 0
  epsabs 0
  flags 10
  seed 123456
  mineval 10000000
  maxeval 10000000
  nstart 1000000
  nincrease 1000000
  nbatch 5000
  gridno 0
  statefile ""

Iteration 1:  1000000 integrand evaluations so far
[1] 136.772 +- 3.511  	chisq 0 (0 df)

Iteration 2:  3000000 integrand evaluations so far
[1] 138.303 +- 1.11038  	chisq 0.211375 (1 df)

Iteration 3:  6000000 integrand evaluations so far
[1] 138.246 +- 0.672538  	chisq 0.215474 (2 df)

Iteration 4:  10000000 integrand evaluations so far
[1] 138.811 +- 0.497078  	chisq 1.77028 (3 df)
  138.81 ±    0.5        ( 45.4s) ┃  213.97 ±   0.52        (6.85mi) ┃
┃   54 -    56 ┃   37 -    38 ┃ 228.701 ±  0.071        ( 13.3s) ┃ -135.03 ±   0.13        (23.3mi) ┃Vegas input parameters:
  ndim 7
  ncomp 1
  nvec 1
  epsrel 0
  epsabs 0
  flags 10
  seed 123456
  mineval 10000000
  maxeval 10000000
  nstart 1000000
  nincrease 1000000
  nbatch 5000
  gridno 0
  statefile ""

Iteration 1:  1000000 integrand evaluations so far
[1] 133.607 +- 3.42899  	chisq 0 (0 df)

Iteration 2:  3000000 integrand evaluations so far
[1] 134.331 +- 0.962124  	chisq 0.0483217 (1 df)

Iteration 3:  6000000 integrand evaluations so far
[1] 134.502 +- 0.597057  	chisq 0.10011 (2 df)

Iteration 4:  10000000 integrand evaluations so far
[1] 134.892 +- 0.461472  	chisq 1.15587 (3 df)
  134.89 ±   0.46        ( 43.2s) ┃  228.56 ±   0.49        (24.2mi) ┃
┃   54 -    56 ┃   38 -    39 ┃  181.27 ±   0.14        ( 29.6s) ┃ -106.19 ±   0.11        (11.5mi) ┃Vegas input parameters:
  ndim 7
  ncomp 1
  nvec 1
  epsrel 0
  epsabs 0
  flags 10
  seed 123456
  mineval 10000000
  maxeval 10000000
  nstart 1000000
  nincrease 1000000
  nbatch 5000
  gridno 0
  statefile ""

Iteration 1:  1000000 integrand evaluations so far
[1] 131.148 +- 3.39145  	chisq 0 (0 df)

Iteration 2:  3000000 integrand evaluations so far
[1] 131.49 +- 0.94229  	chisq 0.0110084 (1 df)

Iteration 3:  6000000 integrand evaluations so far
[1] 131.082 +- 0.583885  	chisq 0.314851 (2 df)

Iteration 4:  10000000 integrand evaluations so far
[1] 131.507 +- 0.468791  	chisq 1.80569 (3 df)
  131.51 ±   0.47        ( 41.8s) ┃  206.59 ±    0.5        (12.7mi) ┃
┃   54 -    56 ┃   39 -    40 ┃  199.21 ±   0.17        ( 1.8mi) ┃ -116.16 ±   0.11        (11.3mi) ┃Vegas input parameters:
  ndim 7
  ncomp 1
  nvec 1
  epsrel 0
  epsabs 0
  flags 10
  seed 123456
  mineval 10000000
  maxeval 10000000
  nstart 1000000
  nincrease 1000000
  nbatch 5000
  gridno 0
  statefile ""

Iteration 1:  1000000 integrand evaluations so far
[1] 125.895 +- 3.25834  	chisq 0 (0 df)

Iteration 2:  3000000 integrand evaluations so far
[1] 127.996 +- 0.922113  	chisq 0.45198 (1 df)

Iteration 3:  6000000 integrand evaluations so far
[1] 127.933 +- 0.570864  	chisq 0.459602 (2 df)

Iteration 4:  10000000 integrand evaluations so far
[1] 127.805 +- 0.419619  	chisq 0.569667 (3 df)
   127.8 ±   0.42        ( 40.7s) ┃  210.85 ±   0.46        (13.8mi) ┃
┃   54 -    56 ┃   40 -    41 ┃  197.13 ±   0.16        (2.84mi) ┃ -113.44 ±  0.098        ( 2.9mi) ┃Vegas input parameters:
  ndim 7
  ncomp 1
  nvec 1
  epsrel 0
  epsabs 0
  flags 10
  seed 123456
  mineval 10000000
  maxeval 10000000
  nstart 1000000
  nincrease 1000000
  nbatch 5000
  gridno 0
  statefile ""

Iteration 1:  1000000 integrand evaluations so far
[1] 122.228 +- 3.21429  	chisq 0 (0 df)

Iteration 2:  3000000 integrand evaluations so far
[1] 123.435 +- 1.01892  	chisq 0.156847 (1 df)

Iteration 3:  6000000 integrand evaluations so far
[1] 123.484 +- 0.614463  	chisq 0.160425 (2 df)

Iteration 4:  10000000 integrand evaluations so far
[1] 124.115 +- 0.455928  	chisq 2.50977 (3 df)
  124.11 ±   0.46        ( 39.9s) ┃   207.8 ±   0.49        ( 6.4mi) ┃
┃   54 -    56 ┃   41 -    42 ┃ 176.905 ± 0.0041        (5.16mi) ┃-103.214 ±   0.02        (  45mi) ┃Vegas input parameters:
  ndim 7
  ncomp 1
  nvec 1
  epsrel 0
  epsabs 0
  flags 10
  seed 123456
  mineval 10000000
  maxeval 10000000
  nstart 1000000
  nincrease 1000000
  nbatch 5000
  gridno 0
  statefile ""

Iteration 1:  1000000 integrand evaluations so far
[1] 121.061 +- 3.20544  	chisq 0 (0 df)

Iteration 2:  3000000 integrand evaluations so far
[1] 120.029 +- 0.870898  	chisq 0.111954 (1 df)

Iteration 3:  6000000 integrand evaluations so far
[1] 120.641 +- 0.557429  	chisq 0.950613 (2 df)

Iteration 4:  10000000 integrand evaluations so far
[1] 120.382 +- 0.41004  	chisq 1.42157 (3 df)
  120.38 ±   0.41        ( 39.5s) ┃  194.07 ±   0.41        (50.8mi) ┃
┃   54 -    56 ┃   42 -    43 ┃  202.56 ±   0.16        (1.25mi) ┃-118.876 ±  0.071        (22.3mi) ┃Vegas input parameters:
  ndim 7
  ncomp 1
  nvec 1
  epsrel 0
  epsabs 0
  flags 10
  seed 123456
  mineval 10000000
  maxeval 10000000
  nstart 1000000
  nincrease 1000000
  nbatch 5000
  gridno 0
  statefile ""

Iteration 1:  1000000 integrand evaluations so far
[1] 114.329 +- 3.0728  	chisq 0 (0 df)

Iteration 2:  3000000 integrand evaluations so far
[1] 118.377 +- 0.864239  	chisq 1.88506 (1 df)

Iteration 3:  6000000 integrand evaluations so far
[1] 118.002 +- 0.563475  	chisq 2.21286 (2 df)

Iteration 4:  10000000 integrand evaluations so far
[1] 117.503 +- 0.415314  	chisq 3.93226 (3 df)
   117.5 ±   0.42        ( 40.9s) ┃  201.19 ±   0.45        (24.2mi) ┃
┃   54 -    56 ┃   43 -    44 ┃ 181.139 ±  0.025        ( 10.8s) ┃-105.167 ±  0.071        (  11mi) ┃Vegas input parameters:
  ndim 7
  ncomp 1
  nvec 1
  epsrel 0
  epsabs 0
  flags 10
  seed 123456
  mineval 10000000
  maxeval 10000000
  nstart 1000000
  nincrease 1000000
  nbatch 5000
  gridno 0
  statefile ""

Iteration 1:  1000000 integrand evaluations so far
[1] 108.303 +- 2.98221  	chisq 0 (0 df)

Iteration 2:  3000000 integrand evaluations so far
[1] 113.691 +- 0.839675  	chisq 3.54454 (1 df)

Iteration 3:  6000000 integrand evaluations so far
[1] 114.669 +- 0.533549  	chisq 5.81985 (2 df)

Iteration 4:  10000000 integrand evaluations so far
[1] 114.969 +- 0.399545  	chisq 6.54392 (3 df)
  114.97 ±    0.4        ( 38.8s) ┃  190.94 ±   0.41        (11.8mi) ┃
┃   54 -    56 ┃   44 -    45 ┃  157.47 ±   0.14        ( 22.4s) ┃ -91.642 ±  0.047        ( 1.4mi) ┃Vegas input parameters:
  ndim 7
  ncomp 1
  nvec 1
  epsrel 0
  epsabs 0
  flags 10
  seed 123456
  mineval 10000000
  maxeval 10000000
  nstart 1000000
  nincrease 1000000
  nbatch 5000
  gridno 0
  statefile ""

Iteration 1:  1000000 integrand evaluations so far
[1] 112.126 +- 3.0545  	chisq 0 (0 df)

Iteration 2:  3000000 integrand evaluations so far
[1] 111.959 +- 0.827371  	chisq 0.00321033 (1 df)

Iteration 3:  6000000 integrand evaluations so far
[1] 111.787 +- 0.511513  	chisq 0.0736081 (2 df)

Iteration 4:  10000000 integrand evaluations so far
[1] 111.934 +- 0.377183  	chisq 0.255626 (3 df)
  111.93 ±   0.38        ( 42.6s) ┃  177.76 ±    0.4        (2.48mi) ┃
┃   54 -    56 ┃   45 -    46 ┃  195.46 ±  0.077        ( 45.1s) ┃-113.744 ±  0.048        (1.54mi) ┃Vegas input parameters:
  ndim 7
  ncomp 1
  nvec 1
  epsrel 0
  epsabs 0
  flags 10
  seed 123456
  mineval 10000000
  maxeval 10000000
  nstart 1000000
  nincrease 1000000
  nbatch 5000
  gridno 0
  statefile ""

Iteration 1:  1000000 integrand evaluations so far
[1] 108.609 +- 2.97431  	chisq 0 (0 df)

Iteration 2:  3000000 integrand evaluations so far
[1] 110.83 +- 0.818082  	chisq 0.603439 (1 df)

Iteration 3:  6000000 integrand evaluations so far
[1] 109.641 +- 0.504177  	chisq 4.01229 (2 df)

Iteration 4:  10000000 integrand evaluations so far
[1] 109.096 +- 0.370112  	chisq 6.53793 (3 df)
   109.1 ±   0.37        ( 39.7s) ┃  190.81 ±   0.38        (2.95mi) ┃
┃   54 -    56 ┃   46 -    47 ┃  162.82 ±   0.07        (1.47mi) ┃ -94.777 ±  0.071        (10.7mi) ┃Vegas input parameters:
  ndim 7
  ncomp 1
  nvec 1
  epsrel 0
  epsabs 0
  flags 10
  seed 123456
  mineval 10000000
  maxeval 10000000
  nstart 1000000
  nincrease 1000000
  nbatch 5000
  gridno 0
  statefile ""

Iteration 1:  1000000 integrand evaluations so far
[1] 107.609 +- 2.95912  	chisq 0 (0 df)

Iteration 2:  3000000 integrand evaluations so far
[1] 106.513 +- 0.794404  	chisq 0.147906 (1 df)

Iteration 3:  6000000 integrand evaluations so far
[1] 106.59 +- 0.492442  	chisq 0.163202 (2 df)

Iteration 4:  10000000 integrand evaluations so far
[1] 106.723 +- 0.392463  	chisq 0.362418 (3 df)
  106.72 ±   0.39        ( 41.4s) ┃  174.77 ±    0.4        (12.9mi) ┃
┃   54 -    56 ┃   47 -    48 ┃ 154.007 ±  0.083        (4.63mi) ┃ -90.216 ±  0.053        (10.6mi) ┃Vegas input parameters:
  ndim 7
  ncomp 1
  nvec 1
  epsrel 0
  epsabs 0
  flags 10
  seed 123456
  mineval 10000000
  maxeval 10000000
  nstart 1000000
  nincrease 1000000
  nbatch 5000
  gridno 0
  statefile ""

Iteration 1:  1000000 integrand evaluations so far
[1] 103.323 +- 2.89465  	chisq 0 (0 df)

Iteration 2:  3000000 integrand evaluations so far
[1] 106.308 +- 0.901942  	chisq 1.17753 (1 df)

Iteration 3:  6000000 integrand evaluations so far
[1] 105.725 +- 0.543305  	chisq 1.83303 (2 df)

Iteration 4:  10000000 integrand evaluations so far
[1] 105.066 +- 0.386401  	chisq 4.81043 (3 df)
  105.07 ±   0.39        ( 39.3s) ┃  168.86 ±    0.4        (15.9mi) ┃
┃   54 -    56 ┃   48 -    49 ┃  171.64 ±   0.14        ( 10.8s) ┃-101.482 ±  0.092        (1.39mi) ┃Vegas input parameters:
  ndim 7
  ncomp 1
  nvec 1
  epsrel 0
  epsabs 0
  flags 10
  seed 123456
  mineval 10000000
  maxeval 10000000
  nstart 1000000
  nincrease 1000000
  nbatch 5000
  gridno 0
  statefile ""

Iteration 1:  1000000 integrand evaluations so far
[1] 101.848 +- 2.86126  	chisq 0 (0 df)

Iteration 2:  3000000 integrand evaluations so far
[1] 102.282 +- 0.867888  	chisq 0.0254389 (1 df)

Iteration 3:  6000000 integrand evaluations so far
[1] 102.986 +- 0.527253  	chisq 1.06714 (2 df)

Iteration 4:  10000000 integrand evaluations so far
[1] 103.141 +- 0.377254  	chisq 1.24393 (3 df)
  103.14 ±   0.38        ( 40.6s) ┃   173.3 ±   0.41        (2.24mi) ┃
┃   54 -    56 ┃   49 -    50 ┃  164.29 ±   0.16        ( 41.7s) ┃ -95.278 ±  0.064        (10.6mi) ┃Vegas input parameters:
  ndim 7
  ncomp 1
  nvec 1
  epsrel 0
  epsabs 0
  flags 10
  seed 123456
  mineval 10000000
  maxeval 10000000
  nstart 1000000
  nincrease 1000000
  nbatch 5000
  gridno 0
  statefile ""

Iteration 1:  1000000 integrand evaluations so far
[1] 101.331 +- 2.8568  	chisq 0 (0 df)

Iteration 2:  3000000 integrand evaluations so far
[1] 101.456 +- 0.760863  	chisq 0.00203473 (1 df)

Iteration 3:  6000000 integrand evaluations so far
[1] 102.089 +- 0.493067  	chisq 1.19586 (2 df)

Iteration 4:  10000000 integrand evaluations so far
[1] 101.542 +- 0.3633  	chisq 3.88777 (3 df)
  101.54 ±   0.36        ( 42.5s) ┃  170.55 ±    0.4        (  12mi) ┃
┃   54 -    56 ┃   50 -    51 ┃ 145.387 ±  0.087        ( 20.4s) ┃ -84.998 ±  0.069        (5.54mi) ┃Vegas input parameters:
  ndim 7
  ncomp 1
  nvec 1
  epsrel 0
  epsabs 0
  flags 10
  seed 123456
  mineval 10000000
  maxeval 10000000
  nstart 1000000
  nincrease 1000000
  nbatch 5000
  gridno 0
  statefile ""

Iteration 1:  1000000 integrand evaluations so far
[1] 97.6758 +- 2.7868  	chisq 0 (0 df)

Iteration 2:  3000000 integrand evaluations so far
[1] 99.7182 +- 0.750898  	chisq 0.579152 (1 df)

Iteration 3:  6000000 integrand evaluations so far
[1] 99.4504 +- 0.462221  	chisq 0.783846 (2 df)

Iteration 4:  10000000 integrand evaluations so far
[1] 99.6817 +- 0.348775  	chisq 1.36539 (3 df)
   99.68 ±   0.35        ( 41.2s) ┃  160.07 ±   0.37        (6.57mi) ┃
┃   54 -    56 ┃   51 -    52 ┃  178.18 ±   0.11        ( 43.6s) ┃-103.544 ±   0.07        (10.5mi) ┃Vegas input parameters:
  ndim 7
  ncomp 1
  nvec 1
  epsrel 0
  epsabs 0
  flags 10
  seed 123456
  mineval 10000000
  maxeval 10000000
  nstart 1000000
  nincrease 1000000
  nbatch 5000
  gridno 0
  statefile ""

Iteration 1:  1000000 integrand evaluations so far
[1] 97.5098 +- 2.79359  	chisq 0 (0 df)

Iteration 2:  3000000 integrand evaluations so far
[1] 99.4819 +- 0.750026  	chisq 0.537062 (1 df)

Iteration 3:  6000000 integrand evaluations so far
[1] 99.1797 +- 0.484497  	chisq 0.815679 (2 df)

Iteration 4:  10000000 integrand evaluations so far
[1] 99.0067 +- 0.357948  	chisq 1.0961 (3 df)
   99.01 ±   0.36        ( 39.7s) ┃  173.64 ±   0.38        (11.8mi) ┃
┃   54 -    56 ┃   52 -    53 ┃ 128.852 ±  0.018        ( 41.7s) ┃ -75.087 ±   0.05        (10.5mi) ┃Vegas input parameters:
  ndim 7
  ncomp 1
  nvec 1
  epsrel 0
  epsabs 0
  flags 10
  seed 123456
  mineval 10000000
  maxeval 10000000
  nstart 1000000
  nincrease 1000000
  nbatch 5000
  gridno 0
  statefile ""

Iteration 1:  1000000 integrand evaluations so far
[1] 99.9387 +- 2.84717  	chisq 0 (0 df)

Iteration 2:  3000000 integrand evaluations so far
[1] 99.25 +- 0.75195  	chisq 0.0628974 (1 df)

Iteration 3:  6000000 integrand evaluations so far
[1] 98.3006 +- 0.479449  	chisq 2.74867 (2 df)

Iteration 4:  10000000 integrand evaluations so far
[1] 98.0635 +- 0.358853  	chisq 3.30485 (3 df)
   98.06 ±   0.36        (   40s) ┃  151.83 ±   0.36        (11.8mi) ┃
┃   54 -    56 ┃   53 -    54 ┃  137.31 ±    0.1        (1.22mi) ┃ -80.575 ±  0.036        (10.6mi) ┃Vegas input parameters:
  ndim 7
  ncomp 1
  nvec 1
  epsrel 0
  epsabs 0
  flags 10
  seed 123456
  mineval 10000000
  maxeval 10000000
  nstart 1000000
  nincrease 1000000
  nbatch 5000
  gridno 0
  statefile ""

Iteration 1:  1000000 integrand evaluations so far
[1] 96.6244 +- 2.78374  	chisq 0 (0 df)

Iteration 2:  3000000 integrand evaluations so far
[1] 96.5728 +- 0.734268  	chisq 0.000368929 (1 df)

Iteration 3:  6000000 integrand evaluations so far
[1] 96.2397 +- 0.468232  	chisq 0.347259 (2 df)

Iteration 4:  10000000 integrand evaluations so far
[1] 95.7283 +- 0.343094  	chisq 2.92307 (3 df)
   95.73 ±   0.34        ( 39.9s) ┃  152.46 ±   0.36        (12.5mi) ┃
┃   54 -    56 ┃   54 -    55 ┃ 166.828 ±  0.053        (1.21mi) ┃ -97.061 ±  0.056        (10.3mi) ┃Vegas input parameters:
  ndim 7
  ncomp 1
  nvec 1
  epsrel 0
  epsabs 0
  flags 10
  seed 123456
  mineval 10000000
  maxeval 10000000
  nstart 1000000
  nincrease 1000000
  nbatch 5000
  gridno 0
  statefile ""

Iteration 1:  1000000 integrand evaluations so far
[1] 96.4064 +- 2.78652  	chisq 0 (0 df)

Iteration 2:  3000000 integrand evaluations so far
[1] 95.029 +- 0.71875  	chisq 0.261777 (1 df)

Iteration 3:  6000000 integrand evaluations so far
[1] 94.0803 +- 0.445118  	chisq 3.0878 (2 df)

Iteration 4:  10000000 integrand evaluations so far
[1] 94.5905 +- 0.343999  	chisq 6.35055 (3 df)
   94.59 ±   0.34        ( 38.1s) ┃  164.36 ±   0.35        (12.2mi) ┃
┃   54 -    56 ┃   55 -    56 ┃  124.82 ±    0.1        ( 39.8s) ┃-72.6888 ± 0.0063        (10.4mi) ┃Vegas input parameters:
  ndim 7
  ncomp 1
  nvec 1
  epsrel 0
  epsabs 0
  flags 10
  seed 123456
  mineval 10000000
  maxeval 10000000
  nstart 1000000
  nincrease 1000000
  nbatch 5000
  gridno 0
  statefile ""

Iteration 1:  1000000 integrand evaluations so far
[1] 90.2777 +- 2.71075  	chisq 0 (0 df)

Iteration 2:  3000000 integrand evaluations so far
[1] 93.7248 +- 0.717573  	chisq 1.73895 (1 df)

Iteration 3:  6000000 integrand evaluations so far
[1] 93.0821 +- 0.44463  	chisq 3.04098 (2 df)

Iteration 4:  10000000 integrand evaluations so far
[1] 93.2769 +- 0.332149  	chisq 3.47523 (3 df)
   93.28 ±   0.33        ( 42.6s) ┃  145.41 ±   0.35        (11.7mi) ┃
┃   54 -    56 ┃   56 -    57 ┃ 142.433 ±  0.043        (1.54mi) ┃ -83.221 ±  0.036        ( 5.2mi) ┃Vegas input parameters:
  ndim 7
  ncomp 1
  nvec 1
  epsrel 0
  epsabs 0
  flags 10
  seed 123456
  mineval 10000000
  maxeval 10000000
  nstart 1000000
  nincrease 1000000
  nbatch 5000
  gridno 0
  statefile ""

Iteration 1:  1000000 integrand evaluations so far
[1] 91.8891 +- 2.7029  	chisq 0 (0 df)

Iteration 2:  3000000 integrand evaluations so far
[1] 92.0512 +- 0.698936  	chisq 0.00385342 (1 df)

Iteration 3:  6000000 integrand evaluations so far
[1] 91.5359 +- 0.437592  	chisq 0.897811 (2 df)

Iteration 4:  10000000 integrand evaluations so far
[1] 92.0012 +- 0.335605  	chisq 3.64255 (3 df)
      92 ±   0.34        ( 40.9s) ┃  151.21 ±   0.34        (7.42mi) ┃
┃   54 -    56 ┃   57 -    58 ┃  136.48 ±   0.13        (1.36mi) ┃  -79.73 ±  0.013        (40.5mi) ┃Vegas input parameters:
  ndim 7
  ncomp 1
  nvec 1
  epsrel 0
  epsabs 0
  flags 10
  seed 123456
  mineval 10000000
  maxeval 10000000
  nstart 1000000
  nincrease 1000000
  nbatch 5000
  gridno 0
  statefile ""

Iteration 1:  1000000 integrand evaluations so far
[1] 90.1271 +- 2.71222  	chisq 0 (0 df)

Iteration 2:  3000000 integrand evaluations so far
[1] 91.0796 +- 0.708581  	chisq 0.132363 (1 df)

Iteration 3:  6000000 integrand evaluations so far
[1] 91.5564 +- 0.452803  	chisq 0.897504 (2 df)

Iteration 4:  10000000 integrand evaluations so far
[1] 91.8094 +- 0.339884  	chisq 1.61248 (3 df)
   91.81 ±   0.34        (   38s) ┃  148.56 ±   0.36        (42.5mi) ┃
┃   54 -    56 ┃   58 -    59 ┃ 117.231 ±  0.025        ( 2.4mi) ┃ -68.013 ±  0.053        (19.9mi) ┃Vegas input parameters:
  ndim 7
  ncomp 1
  nvec 1
  epsrel 0
  epsabs 0
  flags 10
  seed 123456
  mineval 10000000
  maxeval 10000000
  nstart 1000000
  nincrease 1000000
  nbatch 5000
  gridno 0
  statefile ""

Iteration 1:  1000000 integrand evaluations so far
[1] 93.2828 +- 2.75337  	chisq 0 (0 df)

Iteration 2:  3000000 integrand evaluations so far
[1] 89.5338 +- 0.686662  	chisq 1.97696 (1 df)

Iteration 3:  6000000 integrand evaluations so far
[1] 89.9976 +- 0.43891  	chisq 2.74834 (2 df)

Iteration 4:  10000000 integrand evaluations so far
[1] 90.0596 +- 0.334753  	chisq 2.79612 (3 df)
   90.06 ±   0.33        ( 38.2s) ┃  139.28 ±   0.34        (  23mi) ┃
┃   54 -    56 ┃   59 -    60 ┃ 136.165 ±  0.081        (   35s) ┃ -79.068 ±  0.034        (5.23mi) ┃Vegas input parameters:
  ndim 7
  ncomp 1
  nvec 1
  epsrel 0
  epsabs 0
  flags 10
  seed 123456
  mineval 10000000
  maxeval 10000000
  nstart 1000000
  nincrease 1000000
  nbatch 5000
  gridno 0
  statefile ""

Iteration 1:  1000000 integrand evaluations so far
[1] 88.1928 +- 2.68918  	chisq 0 (0 df)

Iteration 2:  3000000 integrand evaluations so far
[1] 89.4446 +- 0.715763  	chisq 0.233188 (1 df)

Iteration 3:  6000000 integrand evaluations so far
[1] 89.4515 +- 0.456172  	chisq 0.233345 (2 df)

Iteration 4:  10000000 integrand evaluations so far
[1] 89.1061 +- 0.351126  	chisq 1.64005 (3 df)
   89.11 ±   0.35        ( 38.3s) ┃   146.2 ±   0.36        (6.45mi) ┃
┣━━━━━━━━━━━━━━╋━━━━━━━━━━━━━━╋━━━━━━━━━━━━━━━━━━━━━━━━━━━━━━━━━━╋━━━━━━━━━━━━━━━━━━━━━━━━━━━━━━━━━━╋━━━━━━━━━━━━━━━━━━━━━━━━━━━━━━━━━━╋━━━━━━━━━━━━━━━━━━━━━━━━━━━━━━━━━━┫
┃   52 -    56 ┃   25 -    60 ┃ 14.1737 ± 0.0011 ·10⁺⁰³ (2.19hr) ┃-8.33258 ± 0.00063 ·10⁺⁰³ (18.1hr) ┃  9.6542 ±  0.004 ·10⁺⁰³ (53.2mi) ┃ 15.4953 ± 0.0042 ·10⁺⁰³ (21.2hr) ┃
┗━━━━━━━━━━━━━━┻━━━━━━━━━━━━━━┻━━━━━━━━━━━━━━━━━━━━━━━━━━━━━━━━━━┻━━━━━━━━━━━━━━━━━━━━━━━━━━━━━━━━━━┻━━━━━━━━━━━━━━━━━━━━━━━━━━━━━━━━━━┻━━━━━━━━━━━━━━━━━━━━━━━━━━━━━━━━━━┛

╍╍╍╍╍╍╍╍╍╍╍╍╍╍╍╍╍╍╍╍╍╍╍╍╍╍╍╍╍╍╍╍ Summary ╍╍╍╍╍╍╍╍╍╍╍╍╍╍╍╍╍╍╍╍╍╍╍╍╍╍╍╍╍╍╍
      Total cross section                    15.4953 ± 0.0042          pb
         Calculation time                               21.2       hours
              Output file                    outputs/qt_qt52_56_NLL_muR1.0_muF2.0.root            
      Result in text file                    outputs/qt_qt52_56_NLL_muR1.0_muF2.0.txt            

╍╍╍╍╍╍╍╍╍╍╍╍╍╍╍╍╍╍╍╍╍╍╍╍╍╍╍╍╍╍╍╍╍╍╍╍╍╍╍╍╍╍╍╍╍╍╍╍╍╍╍╍╍╍╍╍╍╍╍╍╍╍╍╍╍╍╍╍╍╍╍╍

