
╍╍╍╍╍╍╍╍╍╍╍╍╍╍╍╍╍╍╍╍╍╍╍╍╍╍╍ Process settings ╍╍╍╍╍╍╍╍╍╍╍╍╍╍╍╍╍╍╍╍╍╍╍╍╍╍╍
   proton-proton collisions at sqrt(s) = 13000 GeV 
   Computing NLO+NLL resummed cross section
   W+ ->  nu(p3)+e+(p4) production 

╍╍╍╍╍╍╍╍╍╍╍╍╍╍╍╍╍╍╍╍╍╍╍╍╍╍╍╍╍╍ CKM matrix ╍╍╍╍╍╍╍╍╍╍╍╍╍╍╍╍╍╍╍╍╍╍╍╍╍╍╍╍╍╍
     | Vud Vus Vub |   |   0.97427   0.2253  0.00351 | 
     | Vcd Vcs Vcb | = |    0.2252  0.97344   0.0412 | 
     | Vtd Vts Vtb |   |         0        0        0 | 

╍╍╍╍╍╍╍╍╍╍╍╍╍╍╍╍╍╍╍╍╍╍╍╍╍╍╍╍╍ EW parameters ╍╍╍╍╍╍╍╍╍╍╍╍╍╍╍╍╍╍╍╍╍╍╍╍╍╍╍╍
                                         Gf =  1.1663787e-05      GeV^-2
                                    1/alpha =  132.233229791            
                                 sin(thW)^2 = 0.222897222524            
                                     W mass =         80.385         GeV
                                     Z mass =        91.1876         GeV
                                    W width =          2.091         GeV
                                    Z width =          2.495         GeV

╍╍╍╍╍╍╍╍╍╍╍╍╍╍╍╍╍╍╍╍╍╍╍╍╍╍╍╍╍ QCD settings ╍╍╍╍╍╍╍╍╍╍╍╍╍╍╍╍╍╍╍╍╍╍╍╍╍╍╍╍╍
   Renormalization scale:     dynamic muren =              1      * m_ll
     Factorization scale:     dynamic mufac =              1      * m_ll
       Resummation scale:     dynamic mures =              1      * m_ll
          Strong coupling       alpha_s(MZ) =       0.118001            
                              running order =              2       -loop
         Non-perturbative     form factor g =            0.7       GeV^2

╍╍╍╍╍╍╍╍╍╍╍╍╍╍╍╍╍╍╍╍╍╍╍╍╍╍╍╍╍ PDF settings ╍╍╍╍╍╍╍╍╍╍╍╍╍╍╍╍╍╍╍╍╍╍╍╍╍╍╍╍╍
                                     PDF set:MSHT20nnlo_as118            
                                  PDF member:              0            
  Mellin moments of PDFs:                    Numerical integration            
                         nodes for the quadrature:            200            
                         Intervals for the quadrature:              1            

╍╍╍╍╍╍╍╍╍╍╍╍╍╍╍╍╍╍╍╍╍╍╍╍╍╍╍╍╍╍╍ qT recoil ╍╍╍╍╍╍╍╍╍╍╍╍╍╍╍╍╍╍╍╍╍╍╍╍╍╍╍╍╍╍
  qt-recoil prescription:       Collins-Soper kt1 = p_V(x)/2; kt2 = p_V(y)/2            

╍╍╍╍╍╍╍╍╍╍╍╍╍╍╍╍╍╍╍╍╍╍╍╍╍╍╍╍╍╍╍╍╍ Cuts ╍╍╍╍╍╍╍╍╍╍╍╍╍╍╍╍╍╍╍╍╍╍╍╍╍╍╍╍╍╍╍╍╍
                                  apply cuts:           true            
                                      pt_l >               0            
                                   |eta_l| <            1000            
                                    pt_lep >              25            
                                 |eta_lep| <             2.4            
                                   pt_alep >              25            
                                |eta_alep| <             2.4            
                                  user cuts:            true            

╍╍╍╍╍╍╍╍╍╍╍╍╍╍╍╍╍╍╍╍╍╍╍╍╍╍╍╍ ResummationDamp ╍╍╍╍╍╍╍╍╍╍╍╍╍╍╍╍╍╍╍╍╍╍╍╍╍╍╍
                                    damping :             on            
                                damping mode:              1            
                                  damp above:        60.2888         GeV
                               damping width:        20.0963         GeV
                          resummation cutoff:             20         MeV

╍╍╍╍╍╍╍╍╍╍╍╍╍╍╍╍╍╍╍╍╍╍╍╍╍╍╍╍ Debug settings ╍╍╍╍╍╍╍╍╍╍╍╍╍╍╍╍╍╍╍╍╍╍╍╍╍╍╍╍
                                 timeprofile:          false            
                                     verbose:          false            
                               cubaverbosity:              2            

╍╍╍╍╍╍╍╍╍╍╍╍╍╍╍╍╍╍╍╍╍╍╍╍╍╍╍╍╍╍╍╍╍╍╍╍╍╍╍╍╍╍╍╍╍╍╍╍╍╍╍╍╍╍╍╍╍╍╍╍╍╍╍╍╍╍╍╍╍╍╍╍

Warning: Histogram `a1_qt` contains non-integrable observable and will be deleted 
Warning: Histogram `a1_qt_vs_y` contains non-integrable observable and will be deleted 
Warning: Histogram `s_biganswer` contains non-integrable observable and will be deleted 
Warning: Histogram `wgt_a1_qt` contains non-integrable observable and will be deleted 

╍╍╍╍╍╍╍╍╍╍╍╍╍╍╍╍╍╍╍╍╍╍╍╍╍ Integration settings ╍╍╍╍╍╍╍╍╍╍╍╍╍╍╍╍╍╍╍╍╍╍╍╍╍
             Random seeds              123456                           
           Parallel cores                   1                           

             Resummation:     cuhre (dm, dpt)         iter =           5
                                   gauss (dy)        nodes =          64
                                                 intervals =           1
            Counter term:      cuhre (dm, dy)         iter =           5
                                  gauss (dpt)        nodes =          20
                                                 intervals =           5
                     V+J:            vegas 7D       ncalls =    10000000

Mellin inverse transform:           gaussian         nodes =          30
                                                 intervals =           1
                               imaginary axis         zmax =           2
  Angular variable costh:     semi-analytical      ncstart =         100
   Angular variables phi:            gaussian    intervals =          20

      Constant boundaries                  q2          low =          80
                                                      high =         100
                                            y          low =          -6
                                                      high =           6
                                        costh          low =          -1
                                                      high =           1
                                       eta(l)          low =         -10
                                                      high =          10

┏━━━━━━━━━━━━━━┰━━━━━━━━━━━━━━┰━━━━━━━━━━━━━━━━━━━━━━━━━━━━━━━━━━┰━━━━━━━━━━━━━━━━━━━━━━━━━━━━━━━━━━┰━━━━━━━━━━━━━━━━━━━━━━━━━━━━━━━━━━┰━━━━━━━━━━━━━━━━━━━━━━━━━━━━━━━━━━┓
┃           qT ┃        pT(l) ┃                      Resummation ┃                     Counter term ┃                              V+J ┃                            TOTAL ┃
┣━━━━━━━━━━━━━━╋━━━━━━━━━━━━━━╋━━━━━━━━━━━━━━━━━━━━━━━━━━━━━━━━━━╋━━━━━━━━━━━━━━━━━━━━━━━━━━━━━━━━━━╋━━━━━━━━━━━━━━━━━━━━━━━━━━━━━━━━━━╋━━━━━━━━━━━━━━━━━━━━━━━━━━━━━━━━━━┫
┃   44 -    46 ┃   25 -    26 ┃ 585.009 ±  0.073        (2.45mi) ┃-340.284 ±   0.07        (29.5mi) ┃Vegas input parameters:
  ndim 7
  ncomp 1
  nvec 1
  epsrel 0
  epsabs 0
  flags 10
  seed 123456
  mineval 10000000
  maxeval 10000000
  nstart 1000000
  nincrease 1000000
  nbatch 5000
  gridno 0
  statefile ""

Iteration 1:  1000000 integrand evaluations so far
[1] 446.695 +- 8.28124  	chisq 0 (0 df)

Iteration 2:  3000000 integrand evaluations so far
[1] 440.305 +- 2.3088  	chisq 0.645413 (1 df)

Iteration 3:  6000000 integrand evaluations so far
[1] 439.382 +- 1.43693  	chisq 0.906494 (2 df)

Iteration 4:  10000000 integrand evaluations so far
[1] 440.137 +- 1.11215  	chisq 1.59555 (3 df)
   440.1 ±    1.1        ( 38.9s) ┃   684.9 ±    1.1        (32.6mi) ┃
┃   44 -    46 ┃   26 -    27 ┃  536.66 ±   0.25        ( 40.2s) ┃  -311.6 ±   0.15        (7.27mi) ┃Vegas input parameters:
  ndim 7
  ncomp 1
  nvec 1
  epsrel 0
  epsabs 0
  flags 10
  seed 123456
  mineval 10000000
  maxeval 10000000
  nstart 1000000
  nincrease 1000000
  nbatch 5000
  gridno 0
  statefile ""

Iteration 1:  1000000 integrand evaluations so far
[1] 395.467 +- 7.71914  	chisq 0 (0 df)

Iteration 2:  3000000 integrand evaluations so far
[1] 383.692 +- 2.14043  	chisq 2.52062 (1 df)

Iteration 3:  6000000 integrand evaluations so far
[1] 384.55 +- 1.33246  	chisq 2.78257 (2 df)

Iteration 4:  10000000 integrand evaluations so far
[1] 384.941 +- 0.984427  	chisq 2.97232 (3 df)
  384.94 ±   0.98        ( 37.8s) ┃     610 ±      1        (8.57mi) ┃
┃   44 -    46 ┃   27 -    28 ┃  486.91 ±   0.23        (1.31mi) ┃ -283.96 ±    0.2        (7.16mi) ┃Vegas input parameters:
  ndim 7
  ncomp 1
  nvec 1
  epsrel 0
  epsabs 0
  flags 10
  seed 123456
  mineval 10000000
  maxeval 10000000
  nstart 1000000
  nincrease 1000000
  nbatch 5000
  gridno 0
  statefile ""

Iteration 1:  1000000 integrand evaluations so far
[1] 350.276 +- 7.17498  	chisq 0 (0 df)

Iteration 2:  3000000 integrand evaluations so far
[1] 354.063 +- 2.02774  	chisq 0.302847 (1 df)

Iteration 3:  6000000 integrand evaluations so far
[1] 353.238 +- 1.33389  	chisq 0.594512 (2 df)

Iteration 4:  10000000 integrand evaluations so far
[1] 351.92 +- 0.988019  	chisq 2.75893 (3 df)
  351.92 ±   0.99        ( 40.3s) ┃   554.9 ±      1        (9.14mi) ┃
┃   44 -    46 ┃   28 -    29 ┃   457.7 ±   0.44        ( 11.4s) ┃ -266.04 ±  0.072        ( 7.4mi) ┃Vegas input parameters:
  ndim 7
  ncomp 1
  nvec 1
  epsrel 0
  epsabs 0
  flags 10
  seed 123456
  mineval 10000000
  maxeval 10000000
  nstart 1000000
  nincrease 1000000
  nbatch 5000
  gridno 0
  statefile ""

Iteration 1:  1000000 integrand evaluations so far
[1] 319.703 +- 6.74209  	chisq 0 (0 df)

Iteration 2:  3000000 integrand evaluations so far
[1] 325.927 +- 1.92218  	chisq 0.927457 (1 df)

Iteration 3:  6000000 integrand evaluations so far
[1] 325.311 +- 1.19451  	chisq 1.09437 (2 df)

Iteration 4:  10000000 integrand evaluations so far
[1] 325.042 +- 0.898311  	chisq 1.21186 (3 df)
  325.04 ±    0.9        ( 40.5s) ┃   516.7 ±      1        (8.26mi) ┃
┃   44 -    46 ┃   29 -    30 ┃  457.04 ±   0.12        (2.57mi) ┃  -265.1 ±  0.044        (55.4mi) ┃Vegas input parameters:
  ndim 7
  ncomp 1
  nvec 1
  epsrel 0
  epsabs 0
  flags 10
  seed 123456
  mineval 10000000
  maxeval 10000000
  nstart 1000000
  nincrease 1000000
  nbatch 5000
  gridno 0
  statefile ""

Iteration 1:  1000000 integrand evaluations so far
[1] 303.612 +- 6.51245  	chisq 0 (0 df)

Iteration 2:  3000000 integrand evaluations so far
[1] 302.71 +- 1.82984  	chisq 0.0208004 (1 df)

Iteration 3:  6000000 integrand evaluations so far
[1] 303.64 +- 1.16164  	chisq 0.453718 (2 df)

Iteration 4:  10000000 integrand evaluations so far
[1] 303.297 +- 0.882548  	chisq 0.660342 (3 df)
   303.3 ±   0.88        ( 40.2s) ┃  495.24 ±   0.89        (58.6mi) ┃
┃   44 -    46 ┃   30 -    31 ┃  421.02 ±   0.39        ( 50.5s) ┃ -244.82 ±  0.041        (  55mi) ┃Vegas input parameters:
  ndim 7
  ncomp 1
  nvec 1
  epsrel 0
  epsabs 0
  flags 10
  seed 123456
  mineval 10000000
  maxeval 10000000
  nstart 1000000
  nincrease 1000000
  nbatch 5000
  gridno 0
  statefile ""

Iteration 1:  1000000 integrand evaluations so far
[1] 293.551 +- 6.37132  	chisq 0 (0 df)

Iteration 2:  3000000 integrand evaluations so far
[1] 288.502 +- 1.91026  	chisq 0.690102 (1 df)

Iteration 3:  6000000 integrand evaluations so far
[1] 286.541 +- 1.16639  	chisq 2.36982 (2 df)

Iteration 4:  10000000 integrand evaluations so far
[1] 286.478 +- 0.847388  	chisq 2.37594 (3 df)
  286.48 ±   0.85        ( 39.6s) ┃  462.68 ±   0.93        (56.5mi) ┃
┃   44 -    46 ┃   31 -    32 ┃     405 ±   0.33        (1.28mi) ┃  -235.4 ±   0.22        (6.96mi) ┃Vegas input parameters:
  ndim 7
  ncomp 1
  nvec 1
  epsrel 0
  epsabs 0
  flags 10
  seed 123456
  mineval 10000000
  maxeval 10000000
  nstart 1000000
  nincrease 1000000
  nbatch 5000
  gridno 0
  statefile ""

Iteration 1:  1000000 integrand evaluations so far
[1] 272.549 +- 6.08314  	chisq 0 (0 df)

Iteration 2:  3000000 integrand evaluations so far
[1] 275.009 +- 1.69582  	chisq 0.177384 (1 df)

Iteration 3:  6000000 integrand evaluations so far
[1] 272.305 +- 1.05223  	chisq 4.31232 (2 df)

Iteration 4:  10000000 integrand evaluations so far
[1] 271.824 +- 0.786814  	chisq 4.78723 (3 df)
  271.82 ±   0.79        ( 46.7s) ┃  441.42 ±   0.88        (9.02mi) ┃
┃   44 -    46 ┃   32 -    33 ┃  401.46 ±   0.17        (2.44mi) ┃ -233.61 ±   0.18        (13.8mi) ┃Vegas input parameters:
  ndim 7
  ncomp 1
  nvec 1
  epsrel 0
  epsabs 0
  flags 10
  seed 123456
  mineval 10000000
  maxeval 10000000
  nstart 1000000
  nincrease 1000000
  nbatch 5000
  gridno 0
  statefile ""

Iteration 1:  1000000 integrand evaluations so far
[1] 260.443 +- 5.86185  	chisq 0 (0 df)

Iteration 2:  3000000 integrand evaluations so far
[1] 259.803 +- 1.63957  	chisq 0.0129374 (1 df)

Iteration 3:  6000000 integrand evaluations so far
[1] 257.776 +- 1.01423  	chisq 2.48828 (2 df)

Iteration 4:  10000000 integrand evaluations so far
[1] 258.722 +- 0.771883  	chisq 4.55297 (3 df)
  258.72 ±   0.77        ( 40.2s) ┃  426.57 ±   0.81        (16.9mi) ┃
┃   44 -    46 ┃   33 -    34 ┃  376.38 ±   0.24        ( 38.4s) ┃ -219.17 ±   0.14        (1.77mi) ┃Vegas input parameters:
  ndim 7
  ncomp 1
  nvec 1
  epsrel 0
  epsabs 0
  flags 10
  seed 123456
  mineval 10000000
  maxeval 10000000
  nstart 1000000
  nincrease 1000000
  nbatch 5000
  gridno 0
  statefile ""

Iteration 1:  1000000 integrand evaluations so far
[1] 253.328 +- 5.79061  	chisq 0 (0 df)

Iteration 2:  3000000 integrand evaluations so far
[1] 246.65 +- 1.56892  	chisq 1.43511 (1 df)

Iteration 3:  6000000 integrand evaluations so far
[1] 246.94 +- 1.02955  	chisq 1.4949 (2 df)

Iteration 4:  10000000 integrand evaluations so far
[1] 247.481 +- 0.780025  	chisq 2.1429 (3 df)
  247.48 ±   0.78        (   40s) ┃  404.69 ±   0.83        (3.08mi) ┃
┃   44 -    46 ┃   34 -    35 ┃  395.33 ±   0.28        ( 3.76s) ┃-229.619 ±  0.079        ( 59.1s) ┃Vegas input parameters:
  ndim 7
  ncomp 1
  nvec 1
  epsrel 0
  epsabs 0
  flags 10
  seed 123456
  mineval 10000000
  maxeval 10000000
  nstart 1000000
  nincrease 1000000
  nbatch 5000
  gridno 0
  statefile ""

Iteration 1:  1000000 integrand evaluations so far
[1] 234.805 +- 5.492  	chisq 0 (0 df)

Iteration 2:  3000000 integrand evaluations so far
[1] 236.904 +- 1.52662  	chisq 0.158276 (1 df)

Iteration 3:  6000000 integrand evaluations so far
[1] 237.346 +- 0.969595  	chisq 0.298756 (2 df)

Iteration 4:  10000000 integrand evaluations so far
[1] 237.612 +- 0.754359  	chisq 0.48962 (3 df)
  237.61 ±   0.75        ( 39.9s) ┃  403.32 ±   0.81        (1.71mi) ┃
┃   44 -    46 ┃   35 -    36 ┃  340.99 ±   0.19        (   25s) ┃ -198.55 ±   0.14        (13.4mi) ┃Vegas input parameters:
  ndim 7
  ncomp 1
  nvec 1
  epsrel 0
  epsabs 0
  flags 10
  seed 123456
  mineval 10000000
  maxeval 10000000
  nstart 1000000
  nincrease 1000000
  nbatch 5000
  gridno 0
  statefile ""

Iteration 1:  1000000 integrand evaluations so far
[1] 227.161 +- 5.40654  	chisq 0 (0 df)

Iteration 2:  3000000 integrand evaluations so far
[1] 227.93 +- 1.4822  	chisq 0.0218754 (1 df)

Iteration 3:  6000000 integrand evaluations so far
[1] 228.009 +- 0.922159  	chisq 0.0265738 (2 df)

Iteration 4:  10000000 integrand evaluations so far
[1] 227.888 +- 0.714246  	chisq 0.069628 (3 df)
  227.89 ±   0.71        ( 39.2s) ┃  370.33 ±   0.75        (14.4mi) ┃
┃   44 -    46 ┃   36 -    37 ┃  371.67 ±   0.25        ( 6.19s) ┃-215.674 ±  0.062        (1.71mi) ┃Vegas input parameters:
  ndim 7
  ncomp 1
  nvec 1
  epsrel 0
  epsabs 0
  flags 10
  seed 123456
  mineval 10000000
  maxeval 10000000
  nstart 1000000
  nincrease 1000000
  nbatch 5000
  gridno 0
  statefile ""

Iteration 1:  1000000 integrand evaluations so far
[1] 210.677 +- 5.10664  	chisq 0 (0 df)

Iteration 2:  3000000 integrand evaluations so far
[1] 219.141 +- 1.54879  	chisq 3.02537 (1 df)

Iteration 3:  6000000 integrand evaluations so far
[1] 218.847 +- 0.943389  	chisq 3.08241 (2 df)

Iteration 4:  10000000 integrand evaluations so far
[1] 218.799 +- 0.680014  	chisq 3.08797 (3 df)
   218.8 ±   0.68        ( 40.2s) ┃   374.8 ±   0.73        (2.49mi) ┃
┃   44 -    46 ┃   37 -    38 ┃  342.54 ±   0.25        ( 49.9s) ┃-198.775 ±  0.076        (26.5mi) ┃Vegas input parameters:
  ndim 7
  ncomp 1
  nvec 1
  epsrel 0
  epsabs 0
  flags 10
  seed 123456
  mineval 10000000
  maxeval 10000000
  nstart 1000000
  nincrease 1000000
  nbatch 5000
  gridno 0
  statefile ""

Iteration 1:  1000000 integrand evaluations so far
[1] 215.257 +- 5.19185  	chisq 0 (0 df)

Iteration 2:  3000000 integrand evaluations so far
[1] 211.25 +- 1.3966  	chisq 0.642133 (1 df)

Iteration 3:  6000000 integrand evaluations so far
[1] 211.609 +- 0.869592  	chisq 0.749978 (2 df)

Iteration 4:  10000000 integrand evaluations so far
[1] 212.483 +- 0.656207  	chisq 3.09933 (3 df)
  212.48 ±   0.66        ( 40.3s) ┃  356.25 ±    0.7        (28.1mi) ┃
┃   44 -    46 ┃   38 -    39 ┃ 339.975 ±  0.031        (   42s) ┃ -197.27 ±   0.16        (13.3mi) ┃Vegas input parameters:
  ndim 7
  ncomp 1
  nvec 1
  epsrel 0
  epsabs 0
  flags 10
  seed 123456
  mineval 10000000
  maxeval 10000000
  nstart 1000000
  nincrease 1000000
  nbatch 5000
  gridno 0
  statefile ""

Iteration 1:  1000000 integrand evaluations so far
[1] 208.532 +- 5.04982  	chisq 0 (0 df)

Iteration 2:  3000000 integrand evaluations so far
[1] 207.016 +- 1.37696  	chisq 0.0973665 (1 df)

Iteration 3:  6000000 integrand evaluations so far
[1] 207.223 +- 0.891327  	chisq 0.136357 (2 df)

Iteration 4:  10000000 integrand evaluations so far
[1] 207.034 +- 0.661869  	chisq 0.236987 (3 df)
  207.03 ±   0.66        ( 39.6s) ┃  349.74 ±   0.68        (14.7mi) ┃
┃   44 -    46 ┃   39 -    40 ┃  329.93 ±   0.26        ( 6.64s) ┃-191.873 ±   0.04        (52.1mi) ┃Vegas input parameters:
  ndim 7
  ncomp 1
  nvec 1
  epsrel 0
  epsabs 0
  flags 10
  seed 123456
  mineval 10000000
  maxeval 10000000
  nstart 1000000
  nincrease 1000000
  nbatch 5000
  gridno 0
  statefile ""

Iteration 1:  1000000 integrand evaluations so far
[1] 200.482 +- 4.88901  	chisq 0 (0 df)

Iteration 2:  3000000 integrand evaluations so far
[1] 203.122 +- 1.34624  	chisq 0.315616 (1 df)

Iteration 3:  6000000 integrand evaluations so far
[1] 202.426 +- 0.863628  	chisq 0.769923 (2 df)

Iteration 4:  10000000 integrand evaluations so far
[1] 201.926 +- 0.667644  	chisq 1.60494 (3 df)
  201.93 ±   0.67        ( 39.6s) ┃  339.98 ±   0.72        (52.9mi) ┃
┃   44 -    46 ┃   40 -    41 ┃  299.88 ±    0.2        (2.53mi) ┃ -175.21 ±   0.11        (25.7mi) ┃Vegas input parameters:
  ndim 7
  ncomp 1
  nvec 1
  epsrel 0
  epsabs 0
  flags 10
  seed 123456
  mineval 10000000
  maxeval 10000000
  nstart 1000000
  nincrease 1000000
  nbatch 5000
  gridno 0
  statefile ""

Iteration 1:  1000000 integrand evaluations so far
[1] 189.492 +- 4.73486  	chisq 0 (0 df)

Iteration 2:  3000000 integrand evaluations so far
[1] 194.683 +- 1.30342  	chisq 1.30025 (1 df)

Iteration 3:  6000000 integrand evaluations so far
[1] 194.155 +- 0.811457  	chisq 1.56822 (2 df)

Iteration 4:  10000000 integrand evaluations so far
[1] 195.174 +- 0.633256  	chisq 5.60561 (3 df)
  195.17 ±   0.63        ( 38.5s) ┃  319.85 ±   0.67        (28.9mi) ┃
┃   44 -    46 ┃   41 -    42 ┃  352.71 ±   0.23        ( 40.7s) ┃-204.101 ±  0.035        (13.1mi) ┃Vegas input parameters:
  ndim 7
  ncomp 1
  nvec 1
  epsrel 0
  epsabs 0
  flags 10
  seed 123456
  mineval 10000000
  maxeval 10000000
  nstart 1000000
  nincrease 1000000
  nbatch 5000
  gridno 0
  statefile ""

Iteration 1:  1000000 integrand evaluations so far
[1] 184.668 +- 4.70104  	chisq 0 (0 df)

Iteration 2:  3000000 integrand evaluations so far
[1] 189.977 +- 1.27805  	chisq 1.37738 (1 df)

Iteration 3:  6000000 integrand evaluations so far
[1] 190.244 +- 0.793345  	chisq 1.44835 (2 df)

Iteration 4:  10000000 integrand evaluations so far
[1] 190.608 +- 0.601405  	chisq 1.94235 (3 df)
  190.61 ±    0.6        (   40s) ┃  339.22 ±   0.65        (14.4mi) ┃
┃   44 -    46 ┃   42 -    43 ┃  278.46 ±   0.13        (1.38mi) ┃ -161.67 ±   0.16        ( 3.3mi) ┃Vegas input parameters:
  ndim 7
  ncomp 1
  nvec 1
  epsrel 0
  epsabs 0
  flags 10
  seed 123456
  mineval 10000000
  maxeval 10000000
  nstart 1000000
  nincrease 1000000
  nbatch 5000
  gridno 0
  statefile ""

Iteration 1:  1000000 integrand evaluations so far
[1] 184.201 +- 4.64915  	chisq 0 (0 df)

Iteration 2:  3000000 integrand evaluations so far
[1] 184.774 +- 1.24795  	chisq 0.0163751 (1 df)

Iteration 3:  6000000 integrand evaluations so far
[1] 184.998 +- 0.808292  	chisq 0.0720095 (2 df)

Iteration 4:  10000000 integrand evaluations so far
[1] 184.356 +- 0.596829  	chisq 1.45848 (3 df)
  184.36 ±    0.6        ( 39.7s) ┃  301.15 ±   0.63        (5.35mi) ┃
┃   44 -    46 ┃   43 -    44 ┃  332.59 ±   0.13        ( 42.7s) ┃ -192.92 ±   0.19        (6.42mi) ┃Vegas input parameters:
  ndim 7
  ncomp 1
  nvec 1
  epsrel 0
  epsabs 0
  flags 10
  seed 123456
  mineval 10000000
  maxeval 10000000
  nstart 1000000
  nincrease 1000000
  nbatch 5000
  gridno 0
  statefile ""

Iteration 1:  1000000 integrand evaluations so far
[1] 181.022 +- 4.61686  	chisq 0 (0 df)

Iteration 2:  3000000 integrand evaluations so far
[1] 179.501 +- 1.22792  	chisq 0.11681 (1 df)

Iteration 3:  6000000 integrand evaluations so far
[1] 179.626 +- 0.762814  	chisq 0.133775 (2 df)

Iteration 4:  10000000 integrand evaluations so far
[1] 180.366 +- 0.606452  	chisq 2.69217 (3 df)
  180.37 ±   0.61        ( 40.5s) ┃  320.04 ±   0.65        (7.81mi) ┃
┃   44 -    46 ┃   44 -    45 ┃  272.05 ±   0.21        ( 38.1s) ┃ -158.26 ±   0.12        (6.49mi) ┃Vegas input parameters:
  ndim 7
  ncomp 1
  nvec 1
  epsrel 0
  epsabs 0
  flags 10
  seed 123456
  mineval 10000000
  maxeval 10000000
  nstart 1000000
  nincrease 1000000
  nbatch 5000
  gridno 0
  statefile ""

Iteration 1:  1000000 integrand evaluations so far
[1] 183.456 +- 4.65439  	chisq 0 (0 df)

Iteration 2:  3000000 integrand evaluations so far
[1] 178.273 +- 1.21839  	chisq 1.33133 (1 df)

Iteration 3:  6000000 integrand evaluations so far
[1] 177.046 +- 0.750655  	chisq 2.96621 (2 df)

Iteration 4:  10000000 integrand evaluations so far
[1] 177.088 +- 0.565387  	chisq 2.97334 (3 df)
  177.09 ±   0.57        ( 40.6s) ┃  290.87 ±   0.62        (7.81mi) ┃
┃   44 -    46 ┃   45 -    46 ┃  292.44 ±    0.2        ( 49.9s) ┃ -170.14 ±   0.17        (12.8mi) ┃Vegas input parameters:
  ndim 7
  ncomp 1
  nvec 1
  epsrel 0
  epsabs 0
  flags 10
  seed 123456
  mineval 10000000
  maxeval 10000000
  nstart 1000000
  nincrease 1000000
  nbatch 5000
  gridno 0
  statefile ""

Iteration 1:  1000000 integrand evaluations so far
[1] 168.684 +- 4.43523  	chisq 0 (0 df)

Iteration 2:  3000000 integrand evaluations so far
[1] 173.573 +- 1.29022  	chisq 1.32749 (1 df)

Iteration 3:  6000000 integrand evaluations so far
[1] 173.54 +- 0.783858  	chisq 1.32858 (2 df)

Iteration 4:  10000000 integrand evaluations so far
[1] 173.339 +- 0.569213  	chisq 1.46741 (3 df)
  173.34 ±   0.57        (   40s) ┃  295.64 ±   0.63        (14.3mi) ┃
┃   44 -    46 ┃   46 -    47 ┃  294.66 ±   0.14        (1.38mi) ┃ -170.03 ±    0.1        (25.3mi) ┃Vegas input parameters:
  ndim 7
  ncomp 1
  nvec 1
  epsrel 0
  epsabs 0
  flags 10
  seed 123456
  mineval 10000000
  maxeval 10000000
  nstart 1000000
  nincrease 1000000
  nbatch 5000
  gridno 0
  statefile ""

Iteration 1:  1000000 integrand evaluations so far
[1] 168.092 +- 4.39539  	chisq 0 (0 df)

Iteration 2:  3000000 integrand evaluations so far
[1] 171.718 +- 1.30241  	chisq 0.746105 (1 df)

Iteration 3:  6000000 integrand evaluations so far
[1] 171.168 +- 0.795153  	chisq 1.03004 (2 df)

Iteration 4:  10000000 integrand evaluations so far
[1] 170.868 +- 0.570029  	chisq 1.32355 (3 df)
  170.87 ±   0.57        ( 39.6s) ┃  295.49 ±    0.6        (27.3mi) ┃
┃   44 -    46 ┃   47 -    48 ┃ 263.205 ±  0.036        (2.46mi) ┃ -153.42 ±    0.1        (12.5mi) ┃Vegas input parameters:
  ndim 7
  ncomp 1
  nvec 1
  epsrel 0
  epsabs 0
  flags 10
  seed 123456
  mineval 10000000
  maxeval 10000000
  nstart 1000000
  nincrease 1000000
  nbatch 5000
  gridno 0
  statefile ""

Iteration 1:  1000000 integrand evaluations so far
[1] 167.858 +- 4.38475  	chisq 0 (0 df)

Iteration 2:  3000000 integrand evaluations so far
[1] 170.52 +- 1.15822  	chisq 0.396013 (1 df)

Iteration 3:  6000000 integrand evaluations so far
[1] 169.01 +- 0.725788  	chisq 3.19491 (2 df)

Iteration 4:  10000000 integrand evaluations so far
[1] 168.777 +- 0.534248  	chisq 3.41909 (3 df)
  168.78 ±   0.53        ( 40.2s) ┃  278.56 ±   0.55        (15.6mi) ┃
┃   44 -    46 ┃   48 -    49 ┃  296.33 ±   0.21        (1.33mi) ┃-171.664 ±  0.038        (24.8mi) ┃Vegas input parameters:
  ndim 7
  ncomp 1
  nvec 1
  epsrel 0
  epsabs 0
  flags 10
  seed 123456
  mineval 10000000
  maxeval 10000000
  nstart 1000000
  nincrease 1000000
  nbatch 5000
  gridno 0
  statefile ""

Iteration 1:  1000000 integrand evaluations so far
[1] 165.654 +- 4.38713  	chisq 0 (0 df)

Iteration 2:  3000000 integrand evaluations so far
[1] 168.154 +- 1.23378  	chisq 0.352481 (1 df)

Iteration 3:  6000000 integrand evaluations so far
[1] 167.564 +- 0.75533  	chisq 0.718532 (2 df)

Iteration 4:  10000000 integrand evaluations so far
[1] 167.237 +- 0.551353  	chisq 1.11833 (3 df)
  167.24 ±   0.55        ( 39.4s) ┃   291.9 ±   0.59        (26.8mi) ┃
┃   44 -    46 ┃   49 -    50 ┃  236.93 ±   0.17        ( 40.9s) ┃ -137.69 ±   0.11        (12.4mi) ┃Vegas input parameters:
  ndim 7
  ncomp 1
  nvec 1
  epsrel 0
  epsabs 0
  flags 10
  seed 123456
  mineval 10000000
  maxeval 10000000
  nstart 1000000
  nincrease 1000000
  nbatch 5000
  gridno 0
  statefile ""

Iteration 1:  1000000 integrand evaluations so far
[1] 173.52 +- 4.4897  	chisq 0 (0 df)

Iteration 2:  3000000 integrand evaluations so far
[1] 166.102 +- 1.13634  	chisq 2.91672 (1 df)

Iteration 3:  6000000 integrand evaluations so far
[1] 164.807 +- 0.705994  	chisq 5.03245 (2 df)

Iteration 4:  10000000 integrand evaluations so far
[1] 165.39 +- 0.528295  	chisq 6.58307 (3 df)
  165.39 ±   0.53        ( 39.9s) ┃  264.63 ±   0.56        (13.8mi) ┃
┃   44 -    46 ┃   50 -    51 ┃ 286.528 ±  0.055        ( 1.2mi) ┃-166.174 ±  0.071        ( 3.2mi) ┃Vegas input parameters:
  ndim 7
  ncomp 1
  nvec 1
  epsrel 0
  epsabs 0
  flags 10
  seed 123456
  mineval 10000000
  maxeval 10000000
  nstart 1000000
  nincrease 1000000
  nbatch 5000
  gridno 0
  statefile ""

Iteration 1:  1000000 integrand evaluations so far
[1] 160.258 +- 4.31433  	chisq 0 (0 df)

Iteration 2:  3000000 integrand evaluations so far
[1] 163.248 +- 1.14419  	chisq 0.516794 (1 df)

Iteration 3:  6000000 integrand evaluations so far
[1] 162.315 +- 0.725944  	chisq 1.62928 (2 df)

Iteration 4:  10000000 integrand evaluations so far
[1] 162.772 +- 0.533531  	chisq 2.48766 (3 df)
  162.77 ±   0.53        ( 39.9s) ┃  283.13 ±   0.54        (5.07mi) ┃
┃   44 -    46 ┃   51 -    52 ┃  246.68 ±   0.16        ( 21.1s) ┃ -143.29 ±   0.12        (6.36mi) ┃Vegas input parameters:
  ndim 7
  ncomp 1
  nvec 1
  epsrel 0
  epsabs 0
  flags 10
  seed 123456
  mineval 10000000
  maxeval 10000000
  nstart 1000000
  nincrease 1000000
  nbatch 5000
  gridno 0
  statefile ""

Iteration 1:  1000000 integrand evaluations so far
[1] 152.999 +- 4.19785  	chisq 0 (0 df)

Iteration 2:  3000000 integrand evaluations so far
[1] 159.682 +- 1.14002  	chisq 2.73627 (1 df)

Iteration 3:  6000000 integrand evaluations so far
[1] 159.474 +- 0.719723  	chisq 2.79164 (2 df)

Iteration 4:  10000000 integrand evaluations so far
[1] 160.682 +- 0.537688  	chisq 9.1649 (3 df)
  160.68 ±   0.54        ( 40.2s) ┃  264.07 ±   0.57        (7.39mi) ┃
┃   44 -    46 ┃   52 -    53 ┃  250.72 ±   0.19        ( 41.7s) ┃-146.095 ±  0.045        (6.28mi) ┃Vegas input parameters:
  ndim 7
  ncomp 1
  nvec 1
  epsrel 0
  epsabs 0
  flags 10
  seed 123456
  mineval 10000000
  maxeval 10000000
  nstart 1000000
  nincrease 1000000
  nbatch 5000
  gridno 0
  statefile ""

Iteration 1:  1000000 integrand evaluations so far
[1] 159.95 +- 4.31644  	chisq 0 (0 df)

Iteration 2:  3000000 integrand evaluations so far
[1] 160.433 +- 1.1196  	chisq 0.0134289 (1 df)

Iteration 3:  6000000 integrand evaluations so far
[1] 158.739 +- 0.698863  	chisq 3.76544 (2 df)

Iteration 4:  10000000 integrand evaluations so far
[1] 159.538 +- 0.51421  	chisq 6.61929 (3 df)
  159.54 ±   0.51        ( 40.1s) ┃  264.17 ±   0.55        (7.64mi) ┃
┃   44 -    46 ┃   53 -    54 ┃ 240.455 ±  0.083        (1.23mi) ┃-139.184 ±  0.097        ( 34.9s) ┃Vegas input parameters:
  ndim 7
  ncomp 1
  nvec 1
  epsrel 0
  epsabs 0
  flags 10
  seed 123456
  mineval 10000000
  maxeval 10000000
  nstart 1000000
  nincrease 1000000
  nbatch 5000
  gridno 0
  statefile ""

Iteration 1:  1000000 integrand evaluations so far
[1] 154.19 +- 4.24201  	chisq 0 (0 df)

Iteration 2:  3000000 integrand evaluations so far
[1] 157.755 +- 1.09618  	chisq 0.756824 (1 df)

Iteration 3:  6000000 integrand evaluations so far
[1] 158.267 +- 0.692671  	chisq 1.11959 (2 df)

Iteration 4:  10000000 integrand evaluations so far
[1] 157.903 +- 0.523777  	chisq 1.7629 (3 df)
   157.9 ±   0.52        ( 41.6s) ┃  259.17 ±   0.54        (2.51mi) ┃
┃   44 -    46 ┃   54 -    55 ┃   245.3 ±   0.22        ( 6.79s) ┃-141.774 ±  0.038        (12.5mi) ┃Vegas input parameters:
  ndim 7
  ncomp 1
  nvec 1
  epsrel 0
  epsabs 0
  flags 10
  seed 123456
  mineval 10000000
  maxeval 10000000
  nstart 1000000
  nincrease 1000000
  nbatch 5000
  gridno 0
  statefile ""

Iteration 1:  1000000 integrand evaluations so far
[1] 159.161 +- 4.32311  	chisq 0 (0 df)

Iteration 2:  3000000 integrand evaluations so far
[1] 157.868 +- 1.09524  	chisq 0.0954866 (1 df)

Iteration 3:  6000000 integrand evaluations so far
[1] 157.217 +- 0.673347  	chisq 0.663046 (2 df)

Iteration 4:  10000000 integrand evaluations so far
[1] 156.79 +- 0.514282  	chisq 1.63235 (3 df)
  156.79 ±   0.51        ( 41.1s) ┃  260.32 ±   0.56        (13.3mi) ┃
┃   44 -    46 ┃   55 -    56 ┃ 249.377 ±  0.084        (2.44mi) ┃ -144.13 ±   0.13        (12.8mi) ┃Vegas input parameters:
  ndim 7
  ncomp 1
  nvec 1
  epsrel 0
  epsabs 0
  flags 10
  seed 123456
  mineval 10000000
  maxeval 10000000
  nstart 1000000
  nincrease 1000000
  nbatch 5000
  gridno 0
  statefile ""

Iteration 1:  1000000 integrand evaluations so far
[1] 156.06 +- 4.31774  	chisq 0 (0 df)

Iteration 2:  3000000 integrand evaluations so far
[1] 155.717 +- 1.07977  	chisq 0.00672056 (1 df)

Iteration 3:  6000000 integrand evaluations so far
[1] 155.928 +- 0.680644  	chisq 0.0698912 (2 df)

Iteration 4:  10000000 integrand evaluations so far
[1] 155.579 +- 0.524391  	chisq 0.716475 (3 df)
  155.58 ±   0.52        ( 41.5s) ┃  260.83 ±   0.55        (15.9mi) ┃
┃   44 -    46 ┃   56 -    57 ┃ 210.654 ±  0.084        (2.51mi) ┃ -122.05 ±  0.022        (25.1mi) ┃Vegas input parameters:
  ndim 7
  ncomp 1
  nvec 1
  epsrel 0
  epsabs 0
  flags 10
  seed 123456
  mineval 10000000
  maxeval 10000000
  nstart 1000000
  nincrease 1000000
  nbatch 5000
  gridno 0
  statefile ""

Iteration 1:  1000000 integrand evaluations so far
[1] 161.288 +- 4.42288  	chisq 0 (0 df)

Iteration 2:  3000000 integrand evaluations so far
[1] 154.562 +- 1.07723  	chisq 2.4582 (1 df)

Iteration 3:  6000000 integrand evaluations so far
[1] 154.493 +- 0.679511  	chisq 2.46513 (2 df)

Iteration 4:  10000000 integrand evaluations so far
[1] 153.855 +- 0.508578  	chisq 4.46961 (3 df)
  153.85 ±   0.51        (   41s) ┃  242.46 ±   0.52        (28.3mi) ┃
┃   44 -    46 ┃   57 -    58 ┃  236.53 ±   0.15        ( 21.8s) ┃-136.819 ±  0.043        (12.8mi) ┃Vegas input parameters:
  ndim 7
  ncomp 1
  nvec 1
  epsrel 0
  epsabs 0
  flags 10
  seed 123456
  mineval 10000000
  maxeval 10000000
  nstart 1000000
  nincrease 1000000
  nbatch 5000
  gridno 0
  statefile ""

Iteration 1:  1000000 integrand evaluations so far
[1] 153.833 +- 4.32453  	chisq 0 (0 df)

Iteration 2:  3000000 integrand evaluations so far
[1] 153.683 +- 1.06763  	chisq 0.0012883 (1 df)

Iteration 3:  6000000 integrand evaluations so far
[1] 154.675 +- 0.657878  	chisq 1.39239 (2 df)

Iteration 4:  10000000 integrand evaluations so far
[1] 153.431 +- 0.484643  	chisq 9.21318 (3 df)
  153.43 ±   0.48        ( 40.6s) ┃  253.14 ±   0.51        (13.8mi) ┃
┃   44 -    46 ┃   58 -    59 ┃  218.49 ±  0.043        (2.51mi) ┃-126.524 ±  0.015        (  25mi) ┃Vegas input parameters:
  ndim 7
  ncomp 1
  nvec 1
  epsrel 0
  epsabs 0
  flags 10
  seed 123456
  mineval 10000000
  maxeval 10000000
  nstart 1000000
  nincrease 1000000
  nbatch 5000
  gridno 0
  statefile ""

Iteration 1:  1000000 integrand evaluations so far
[1] 146.287 +- 4.19669  	chisq 0 (0 df)

Iteration 2:  3000000 integrand evaluations so far
[1] 151.901 +- 1.05752  	chisq 1.91114 (1 df)

Iteration 3:  6000000 integrand evaluations so far
[1] 152.258 +- 0.660968  	chisq 2.09747 (2 df)

Iteration 4:  10000000 integrand evaluations so far
[1] 152.812 +- 0.497231  	chisq 3.72121 (3 df)
  152.81 ±    0.5        ( 41.2s) ┃  244.78 ±    0.5        (28.2mi) ┃
┃   44 -    46 ┃   59 -    60 ┃ 217.779 ±  0.064        (2.41mi) ┃-126.087 ±  0.073        (12.4mi) ┃Vegas input parameters:
  ndim 7
  ncomp 1
  nvec 1
  epsrel 0
  epsabs 0
  flags 10
  seed 123456
  mineval 10000000
  maxeval 10000000
  nstart 1000000
  nincrease 1000000
  nbatch 5000
  gridno 0
  statefile ""

Iteration 1:  1000000 integrand evaluations so far
[1] 154.161 +- 4.395  	chisq 0 (0 df)

Iteration 2:  3000000 integrand evaluations so far
[1] 154.129 +- 1.09561  	chisq 5.62037e-05 (1 df)

Iteration 3:  6000000 integrand evaluations so far
[1] 153.452 +- 0.665813  	chisq 0.605373 (2 df)

Iteration 4:  10000000 integrand evaluations so far
[1] 153.85 +- 0.515237  	chisq 1.4926 (3 df)
  153.85 ±   0.52        (   41s) ┃  245.54 ±   0.52        (15.5mi) ┃
┃   46 -    48 ┃   25 -    26 ┃  494.74 ±   0.31        ( 39.7s) ┃ -286.12 ±   0.23        (15.2mi) ┃Vegas input parameters:
  ndim 7
  ncomp 1
  nvec 1
  epsrel 0
  epsabs 0
  flags 10
  seed 123456
  mineval 10000000
  maxeval 10000000
  nstart 1000000
  nincrease 1000000
  nbatch 5000
  gridno 0
  statefile ""

Iteration 1:  1000000 integrand evaluations so far
[1] 376.529 +- 7.26392  	chisq 0 (0 df)

Iteration 2:  3000000 integrand evaluations so far
[1] 370.023 +- 2.04769  	chisq 0.871301 (1 df)

Iteration 3:  6000000 integrand evaluations so far
[1] 370.778 +- 1.27373  	chisq 1.09257 (2 df)

Iteration 4:  10000000 integrand evaluations so far
[1] 371.8 +- 0.98786  	chisq 2.70889 (3 df)
   371.8 ±   0.99        ( 41.5s) ┃   580.4 ±    1.1        (16.6mi) ┃
┃   46 -    48 ┃   26 -    27 ┃  465.66 ±    0.3        ( 44.3s) ┃  -268.6 ±   0.17        (7.47mi) ┃Vegas input parameters:
  ndim 7
  ncomp 1
  nvec 1
  epsrel 0
  epsabs 0
  flags 10
  seed 123456
  mineval 10000000
  maxeval 10000000
  nstart 1000000
  nincrease 1000000
  nbatch 5000
  gridno 0
  statefile ""

Iteration 1:  1000000 integrand evaluations so far
[1] 338.886 +- 6.85144  	chisq 0 (0 df)

Iteration 2:  3000000 integrand evaluations so far
[1] 331.926 +- 1.91547  	chisq 1.11963 (1 df)

Iteration 3:  6000000 integrand evaluations so far
[1] 331.209 +- 1.21821  	chisq 1.35441 (2 df)

Iteration 4:  10000000 integrand evaluations so far
[1] 331.178 +- 0.898344  	chisq 1.35585 (3 df)
  331.18 ±    0.9        ( 41.3s) ┃  528.24 ±   0.96        ( 8.9mi) ┃
┃   46 -    48 ┃   27 -    28 ┃  434.25 ±   0.41        ( 28.6s) ┃ -252.77 ±   0.18        (7.48mi) ┃Vegas input parameters:
  ndim 7
  ncomp 1
  nvec 1
  epsrel 0
  epsabs 0
  flags 10
  seed 123456
  mineval 10000000
  maxeval 10000000
  nstart 1000000
  nincrease 1000000
  nbatch 5000
  gridno 0
  statefile ""

Iteration 1:  1000000 integrand evaluations so far
[1] 314.929 +- 6.50829  	chisq 0 (0 df)

Iteration 2:  3000000 integrand evaluations so far
[1] 308.951 +- 1.82118  	chisq 0.915206 (1 df)

Iteration 3:  6000000 integrand evaluations so far
[1] 307.564 +- 1.13  	chisq 1.85892 (2 df)

Iteration 4:  10000000 integrand evaluations so far
[1] 307.096 +- 0.835614  	chisq 2.23653 (3 df)
   307.1 ±   0.84        ( 41.6s) ┃  488.58 ±   0.95        (8.65mi) ┃
┃   46 -    48 ┃   28 -    29 ┃  411.26 ±   0.12        (1.31mi) ┃-237.816 ±  0.089        (29.3mi) ┃Vegas input parameters:
  ndim 7
  ncomp 1
  nvec 1
  epsrel 0
  epsabs 0
  flags 10
  seed 123456
  mineval 10000000
  maxeval 10000000
  nstart 1000000
  nincrease 1000000
  nbatch 5000
  gridno 0
  statefile ""

Iteration 1:  1000000 integrand evaluations so far
[1] 273.47 +- 5.96952  	chisq 0 (0 df)

Iteration 2:  3000000 integrand evaluations so far
[1] 282.822 +- 1.72289  	chisq 2.67742 (1 df)

Iteration 3:  6000000 integrand evaluations so far
[1] 282.965 +- 1.07288  	chisq 2.68875 (2 df)

Iteration 4:  10000000 integrand evaluations so far
[1] 283.619 +- 0.809352  	chisq 3.55023 (3 df)
  283.62 ±   0.81        ( 40.5s) ┃  457.07 ±   0.82        (31.2mi) ┃
┃   46 -    48 ┃   29 -    30 ┃     390 ±   0.39        (1.74mi) ┃-223.975 ±  0.055        (57.5mi) ┃Vegas input parameters:
  ndim 7
  ncomp 1
  nvec 1
  epsrel 0
  epsabs 0
  flags 10
  seed 123456
  mineval 10000000
  maxeval 10000000
  nstart 1000000
  nincrease 1000000
  nbatch 5000
  gridno 0
  statefile ""

Iteration 1:  1000000 integrand evaluations so far
[1] 271.264 +- 5.9096  	chisq 0 (0 df)

Iteration 2:  3000000 integrand evaluations so far
[1] 265.914 +- 1.65216  	chisq 0.889182 (1 df)

Iteration 3:  6000000 integrand evaluations so far
[1] 266.824 +- 1.08788  	chisq 1.42496 (2 df)

Iteration 4:  10000000 integrand evaluations so far
[1] 267.293 +- 0.80573  	chisq 1.83668 (3 df)
  267.29 ±   0.81        ( 41.3s) ┃  433.32 ±    0.9        (  60mi) ┃
┃   46 -    48 ┃   30 -    31 ┃  386.27 ±   0.37        (2.67mi) ┃-223.085 ±  0.014        (56.5mi) ┃Vegas input parameters:
  ndim 7
  ncomp 1
  nvec 1
  epsrel 0
  epsabs 0
  flags 10
  seed 123456
  mineval 10000000
  maxeval 10000000
  nstart 1000000
  nincrease 1000000
  nbatch 5000
  gridno 0
  statefile ""

Iteration 1:  1000000 integrand evaluations so far
[1] 259.568 +- 5.73298  	chisq 0 (0 df)

Iteration 2:  3000000 integrand evaluations so far
[1] 254.536 +- 1.59897  	chisq 0.835605 (1 df)

Iteration 3:  6000000 integrand evaluations so far
[1] 253.609 +- 1.06712  	chisq 1.44155 (2 df)

Iteration 4:  10000000 integrand evaluations so far
[1] 253.095 +- 0.789497  	chisq 1.95262 (3 df)
   253.1 ±   0.79        ( 41.6s) ┃  416.28 ±   0.87        (59.9mi) ┃
┃   46 -    48 ┃   31 -    32 ┃  350.31 ±   0.34        (2.57mi) ┃ -202.45 ±  0.097        (27.3mi) ┃Vegas input parameters:
  ndim 7
  ncomp 1
  nvec 1
  epsrel 0
  epsabs 0
  flags 10
  seed 123456
  mineval 10000000
  maxeval 10000000
  nstart 1000000
  nincrease 1000000
  nbatch 5000
  gridno 0
  statefile ""

Iteration 1:  1000000 integrand evaluations so far
[1] 245.296 +- 5.54189  	chisq 0 (0 df)

Iteration 2:  3000000 integrand evaluations so far
[1] 242.263 +- 1.53636  	chisq 0.324502 (1 df)

Iteration 3:  6000000 integrand evaluations so far
[1] 240.82 +- 0.953188  	chisq 1.75879 (2 df)

Iteration 4:  10000000 integrand evaluations so far
[1] 240.47 +- 0.712063  	chisq 2.06355 (3 df)
  240.47 ±   0.71        ( 39.8s) ┃  388.33 ±    0.8        (30.5mi) ┃
┃   46 -    48 ┃   32 -    33 ┃  360.35 ±   0.35        (1.32mi) ┃ -208.16 ±   0.12        (27.5mi) ┃Vegas input parameters:
  ndim 7
  ncomp 1
  nvec 1
  epsrel 0
  epsabs 0
  flags 10
  seed 123456
  mineval 10000000
  maxeval 10000000
  nstart 1000000
  nincrease 1000000
  nbatch 5000
  gridno 0
  statefile ""

Iteration 1:  1000000 integrand evaluations so far
[1] 222.892 +- 5.18759  	chisq 0 (0 df)

Iteration 2:  3000000 integrand evaluations so far
[1] 228.327 +- 1.47314  	chisq 1.19419 (1 df)

Iteration 3:  6000000 integrand evaluations so far
[1] 228.255 +- 0.920095  	chisq 1.19812 (2 df)

Iteration 4:  10000000 integrand evaluations so far
[1] 229.278 +- 0.692986  	chisq 4.05422 (3 df)
  229.28 ±   0.69        ( 39.7s) ┃  381.47 ±   0.79        (29.5mi) ┃
┃   46 -    48 ┃   33 -    34 ┃  334.25 ±   0.28        ( 50.7s) ┃  -190.6 ±   0.17        (3.54mi) ┃Vegas input parameters:
  ndim 7
  ncomp 1
  nvec 1
  epsrel 0
  epsabs 0
  flags 10
  seed 123456
  mineval 10000000
  maxeval 10000000
  nstart 1000000
  nincrease 1000000
  nbatch 5000
  gridno 0
  statefile ""

Iteration 1:  1000000 integrand evaluations so far
[1] 225.51 +- 5.21881  	chisq 0 (0 df)

Iteration 2:  3000000 integrand evaluations so far
[1] 220.337 +- 1.43041  	chisq 1.06211 (1 df)

Iteration 3:  6000000 integrand evaluations so far
[1] 219.669 +- 0.887269  	chisq 1.41646 (2 df)

Iteration 4:  10000000 integrand evaluations so far
[1] 219.795 +- 0.702005  	chisq 1.47024 (3 df)
   219.8 ±    0.7        ( 39.8s) ┃  363.45 ±   0.78        (5.05mi) ┃
┃   46 -    48 ┃   34 -    35 ┃  353.66 ±   0.29        (2.51mi) ┃-204.295 ±  0.071        (1.95mi) ┃Vegas input parameters:
  ndim 7
  ncomp 1
  nvec 1
  epsrel 0
  epsabs 0
  flags 10
  seed 123456
  mineval 10000000
  maxeval 10000000
  nstart 1000000
  nincrease 1000000
  nbatch 5000
  gridno 0
  statefile ""

Iteration 1:  1000000 integrand evaluations so far
[1] 213.254 +- 5.02889  	chisq 0 (0 df)

Iteration 2:  3000000 integrand evaluations so far
[1] 210.507 +- 1.38982  	chisq 0.322963 (1 df)

Iteration 3:  6000000 integrand evaluations so far
[1] 210.921 +- 0.863879  	chisq 0.467118 (2 df)

Iteration 4:  10000000 integrand evaluations so far
[1] 211.026 +- 0.664224  	chisq 0.503337 (3 df)
  211.03 ±   0.66        ( 40.3s) ┃  360.39 ±   0.73        (5.12mi) ┃
┃   46 -    48 ┃   35 -    36 ┃ 303.368 ±  0.053        (2.79mi) ┃ -175.27 ±   0.15        ( 55.6s) ┃Vegas input parameters:
  ndim 7
  ncomp 1
  nvec 1
  epsrel 0
  epsabs 0
  flags 10
  seed 123456
  mineval 10000000
  maxeval 10000000
  nstart 1000000
  nincrease 1000000
  nbatch 5000
  gridno 0
  statefile ""

Iteration 1:  1000000 integrand evaluations so far
[1] 202.417 +- 4.88948  	chisq 0 (0 df)

Iteration 2:  3000000 integrand evaluations so far
[1] 203.448 +- 1.34904  	chisq 0.0480787 (1 df)

Iteration 3:  6000000 integrand evaluations so far
[1] 203.324 +- 0.838475  	chisq 0.0616764 (2 df)

Iteration 4:  10000000 integrand evaluations so far
[1] 202.921 +- 0.632119  	chisq 0.598889 (3 df)
  202.92 ±   0.63        ( 39.7s) ┃  331.02 ±   0.65        (4.38mi) ┃
┃   46 -    48 ┃   36 -    37 ┃  322.38 ±   0.18        ( 25.5s) ┃ -186.14 ±    0.1        (6.68mi) ┃Vegas input parameters:
  ndim 7
  ncomp 1
  nvec 1
  epsrel 0
  epsabs 0
  flags 10
  seed 123456
  mineval 10000000
  maxeval 10000000
  nstart 1000000
  nincrease 1000000
  nbatch 5000
  gridno 0
  statefile ""

Iteration 1:  1000000 integrand evaluations so far
[1] 186.16 +- 4.59719  	chisq 0 (0 df)

Iteration 2:  3000000 integrand evaluations so far
[1] 195.072 +- 1.42541  	chisq 4.15828 (1 df)

Iteration 3:  6000000 integrand evaluations so far
[1] 195.645 +- 0.873286  	chisq 4.4164 (2 df)

Iteration 4:  10000000 integrand evaluations so far
[1] 195.868 +- 0.628478  	chisq 4.55175 (3 df)
  195.87 ±   0.63        ( 39.4s) ┃   332.1 ±   0.66        (7.76mi) ┃
┃   46 -    48 ┃   37 -    38 ┃  314.69 ±   0.26        (1.26mi) ┃ -181.48 ±   0.14        (  27mi) ┃Vegas input parameters:
  ndim 7
  ncomp 1
  nvec 1
  epsrel 0
  epsabs 0
  flags 10
  seed 123456
  mineval 10000000
  maxeval 10000000
  nstart 1000000
  nincrease 1000000
  nbatch 5000
  gridno 0
  statefile ""

Iteration 1:  1000000 integrand evaluations so far
[1] 187.745 +- 4.62836  	chisq 0 (0 df)

Iteration 2:  3000000 integrand evaluations so far
[1] 189.154 +- 1.28439  	chisq 0.100349 (1 df)

Iteration 3:  6000000 integrand evaluations so far
[1] 188.867 +- 0.821289  	chisq 0.184762 (2 df)

Iteration 4:  10000000 integrand evaluations so far
[1] 189.903 +- 0.610371  	chisq 3.74067 (3 df)
   189.9 ±   0.61        ( 39.3s) ┃  323.12 ±   0.68        (28.9mi) ┃
┃   46 -    48 ┃   38 -    39 ┃  301.01 ±   0.09        ( 25.4s) ┃-173.508 ±  0.085        (13.3mi) ┃Vegas input parameters:
  ndim 7
  ncomp 1
  nvec 1
  epsrel 0
  epsabs 0
  flags 10
  seed 123456
  mineval 10000000
  maxeval 10000000
  nstart 1000000
  nincrease 1000000
  nbatch 5000
  gridno 0
  statefile ""

Iteration 1:  1000000 integrand evaluations so far
[1] 189.122 +- 4.63847  	chisq 0 (0 df)

Iteration 2:  3000000 integrand evaluations so far
[1] 182.481 +- 1.24007  	chisq 2.20772 (1 df)

Iteration 3:  6000000 integrand evaluations so far
[1] 183.972 +- 0.816934  	chisq 4.76394 (2 df)

Iteration 4:  10000000 integrand evaluations so far
[1] 184.331 +- 0.6093  	chisq 5.19861 (3 df)
  184.33 ±   0.61        ( 38.9s) ┃  311.83 ±   0.62        (14.3mi) ┃
┃   46 -    48 ┃   39 -    40 ┃  300.37 ±    0.3        ( 49.5s) ┃-172.837 ±  0.051        (50.2mi) ┃Vegas input parameters:
  ndim 7
  ncomp 1
  nvec 1
  epsrel 0
  epsabs 0
  flags 10
  seed 123456
  mineval 10000000
  maxeval 10000000
  nstart 1000000
  nincrease 1000000
  nbatch 5000
  gridno 0
  statefile ""

Iteration 1:  1000000 integrand evaluations so far
[1] 182.029 +- 4.48018  	chisq 0 (0 df)

Iteration 2:  3000000 integrand evaluations so far
[1] 179.107 +- 1.21528  	chisq 0.45912 (1 df)

Iteration 3:  6000000 integrand evaluations so far
[1] 179.547 +- 0.753779  	chisq 0.672036 (2 df)

Iteration 4:  10000000 integrand evaluations so far
[1] 178.904 +- 0.554417  	chisq 2.25901 (3 df)
   178.9 ±   0.55        (   35s) ┃  306.43 ±   0.63        (51.6mi) ┃
┃   46 -    48 ┃   40 -    41 ┃  264.08 ±   0.21        ( 42.4s) ┃ -152.92 ±   0.13        (6.44mi) ┃Vegas input parameters:
  ndim 7
  ncomp 1
  nvec 1
  epsrel 0
  epsabs 0
  flags 10
  seed 123456
  mineval 10000000
  maxeval 10000000
  nstart 1000000
  nincrease 1000000
  nbatch 5000
  gridno 0
  statefile ""

Iteration 1:  1000000 integrand evaluations so far
[1] 169.293 +- 4.27908  	chisq 0 (0 df)

Iteration 2:  3000000 integrand evaluations so far
[1] 173.407 +- 1.19007  	chisq 1.0019 (1 df)

Iteration 3:  6000000 integrand evaluations so far
[1] 173.77 +- 0.741224  	chisq 1.15318 (2 df)

Iteration 4:  10000000 integrand evaluations so far
[1] 174.511 +- 0.571736  	chisq 3.6255 (3 df)
  174.51 ±   0.57        ( 39.4s) ┃  285.68 ±   0.62        ( 7.8mi) ┃
┃   46 -    48 ┃   41 -    42 ┃  321.84 ±    0.1        ( 41.4s) ┃-185.455 ±  0.078        (6.47mi) ┃Vegas input parameters:
  ndim 7
  ncomp 1
  nvec 1
  epsrel 0
  epsabs 0
  flags 10
  seed 123456
  mineval 10000000
  maxeval 10000000
  nstart 1000000
  nincrease 1000000
  nbatch 5000
  gridno 0
  statefile ""

Iteration 1:  1000000 integrand evaluations so far
[1] 165.16 +- 4.23693  	chisq 0 (0 df)

Iteration 2:  3000000 integrand evaluations so far
[1] 170.169 +- 1.18429  	chisq 1.51604 (1 df)

Iteration 3:  6000000 integrand evaluations so far
[1] 170.434 +- 0.729166  	chisq 1.5966 (2 df)

Iteration 4:  10000000 integrand evaluations so far
[1] 170.278 +- 0.536532  	chisq 1.69683 (3 df)
  170.28 ±   0.54        ( 39.7s) ┃  306.66 ±   0.55        (7.83mi) ┃
┃   46 -    48 ┃   42 -    43 ┃ 253.989 ±  0.064        (1.36mi) ┃ -145.78 ±   0.13        (3.26mi) ┃Vegas input parameters:
  ndim 7
  ncomp 1
  nvec 1
  epsrel 0
  epsabs 0
  flags 10
  seed 123456
  mineval 10000000
  maxeval 10000000
  nstart 1000000
  nincrease 1000000
  nbatch 5000
  gridno 0
  statefile ""

Iteration 1:  1000000 integrand evaluations so far
[1] 163.16 +- 4.2064  	chisq 0 (0 df)

Iteration 2:  3000000 integrand evaluations so far
[1] 165.323 +- 1.13732  	chisq 0.285266 (1 df)

Iteration 3:  6000000 integrand evaluations so far
[1] 165.348 +- 0.736107  	chisq 0.286114 (2 df)

Iteration 4:  10000000 integrand evaluations so far
[1] 164.94 +- 0.54376  	chisq 0.96438 (3 df)
  164.94 ±   0.54        ( 40.3s) ┃  273.15 ±   0.56        (5.29mi) ┃
┃   46 -    48 ┃   43 -    44 ┃  272.14 ±   0.11        (1.35mi) ┃-157.271 ±  0.075        (23.3mi) ┃Vegas input parameters:
  ndim 7
  ncomp 1
  nvec 1
  epsrel 0
  epsabs 0
  flags 10
  seed 123456
  mineval 10000000
  maxeval 10000000
  nstart 1000000
  nincrease 1000000
  nbatch 5000
  gridno 0
  statefile ""

Iteration 1:  1000000 integrand evaluations so far
[1] 162.056 +- 4.18468  	chisq 0 (0 df)

Iteration 2:  3000000 integrand evaluations so far
[1] 161.784 +- 1.12482  	chisq 0.00453994 (1 df)

Iteration 3:  6000000 integrand evaluations so far
[1] 161.568 +- 0.695489  	chisq 0.0643078 (2 df)

Iteration 4:  10000000 integrand evaluations so far
[1] 161.674 +- 0.529932  	chisq 0.119689 (3 df)
  161.67 ±   0.53        ( 38.5s) ┃  276.54 ±   0.55        (25.3mi) ┃
┃   46 -    48 ┃   44 -    45 ┃  277.19 ±   0.17        ( 40.7s) ┃ -159.38 ±   0.14        (  12mi) ┃Vegas input parameters:
  ndim 7
  ncomp 1
  nvec 1
  epsrel 0
  epsabs 0
  flags 10
  seed 123456
  mineval 10000000
  maxeval 10000000
  nstart 1000000
  nincrease 1000000
  nbatch 5000
  gridno 0
  statefile ""

Iteration 1:  1000000 integrand evaluations so far
[1] 156.369 +- 4.09431  	chisq 0 (0 df)

Iteration 2:  3000000 integrand evaluations so far
[1] 158.058 +- 1.09805  	chisq 0.183468 (1 df)

Iteration 3:  6000000 integrand evaluations so far
[1] 157.837 +- 0.68003  	chisq 0.249322 (2 df)

Iteration 4:  10000000 integrand evaluations so far
[1] 158.27 +- 0.513727  	chisq 1.19534 (3 df)
  158.27 ±   0.51        (   39s) ┃  276.08 ±   0.56        (13.4mi) ┃
┃   46 -    48 ┃   45 -    46 ┃     240 ±    0.2        (1.36mi) ┃-138.914 ±  0.058        (21.1mi) ┃Vegas input parameters:
  ndim 7
  ncomp 1
  nvec 1
  epsrel 0
  epsabs 0
  flags 10
  seed 123456
  mineval 10000000
  maxeval 10000000
  nstart 1000000
  nincrease 1000000
  nbatch 5000
  gridno 0
  statefile ""

Iteration 1:  1000000 integrand evaluations so far
[1] 158.116 +- 4.10774  	chisq 0 (0 df)

Iteration 2:  3000000 integrand evaluations so far
[1] 155.998 +- 1.08177  	chisq 0.28568 (1 df)

Iteration 3:  6000000 integrand evaluations so far
[1] 155.267 +- 0.673199  	chisq 1.03249 (2 df)

Iteration 4:  10000000 integrand evaluations so far
[1] 154.562 +- 0.499903  	chisq 3.47257 (3 df)
  154.56 ±    0.5        ( 39.1s) ┃  255.64 ±   0.54        (23.2mi) ┃
┃   46 -    48 ┃   46 -    47 ┃  267.05 ±   0.24        (1.34mi) ┃ -153.84 ±  0.066        (24.7mi) ┃Vegas input parameters:
  ndim 7
  ncomp 1
  nvec 1
  epsrel 0
  epsabs 0
  flags 10
  seed 123456
  mineval 10000000
  maxeval 10000000
  nstart 1000000
  nincrease 1000000
  nbatch 5000
  gridno 0
  statefile ""

Iteration 1:  1000000 integrand evaluations so far
[1] 152.209 +- 4.02274  	chisq 0 (0 df)

Iteration 2:  3000000 integrand evaluations so far
[1] 152.358 +- 1.16049  	chisq 0.0014941 (1 df)

Iteration 3:  6000000 integrand evaluations so far
[1] 151.898 +- 0.703424  	chisq 0.249467 (2 df)

Iteration 4:  10000000 integrand evaluations so far
[1] 151.785 +- 0.506708  	chisq 0.303557 (3 df)
  151.78 ±   0.51        ( 38.7s) ┃     265 ±   0.56        (26.7mi) ┃
┃   46 -    48 ┃   47 -    48 ┃  244.59 ±    0.2        ( 40.6s) ┃  -140.4 ±   0.13        (10.1mi) ┃Vegas input parameters:
  ndim 7
  ncomp 1
  nvec 1
  epsrel 0
  epsabs 0
  flags 10
  seed 123456
  mineval 10000000
  maxeval 10000000
  nstart 1000000
  nincrease 1000000
  nbatch 5000
  gridno 0
  statefile ""

Iteration 1:  1000000 integrand evaluations so far
[1] 150.141 +- 3.96126  	chisq 0 (0 df)

Iteration 2:  3000000 integrand evaluations so far
[1] 150.965 +- 1.05656  	chisq 0.0466143 (1 df)

Iteration 3:  6000000 integrand evaluations so far
[1] 150.492 +- 0.652309  	chisq 0.370188 (2 df)

Iteration 4:  10000000 integrand evaluations so far
[1] 149.754 +- 0.485511  	chisq 3.2395 (3 df)
  149.75 ±   0.49        ( 29.1s) ┃  253.95 ±   0.54        (11.3mi) ┃
┃   46 -    48 ┃   48 -    49 ┃  256.25 ±   0.11        (2.39mi) ┃-149.859 ±  0.069        ( 28.5s) ┃Vegas input parameters:
  ndim 7
  ncomp 1
  nvec 1
  epsrel 0
  epsabs 0
  flags 10
  seed 123456
  mineval 10000000
  maxeval 10000000
  nstart 1000000
  nincrease 1000000
  nbatch 5000
  gridno 0
  statefile ""

Iteration 1:  1000000 integrand evaluations so far
[1] 140.302 +- 3.82877  	chisq 0 (0 df)

Iteration 2:  3000000 integrand evaluations so far
[1] 148.298 +- 1.02576  	chisq 4.69846 (1 df)

Iteration 3:  6000000 integrand evaluations so far
[1] 148.044 +- 0.693984  	chisq 4.81143 (2 df)

Iteration 4:  10000000 integrand evaluations so far
[1] 148.398 +- 0.514054  	chisq 5.38697 (3 df)
   148.4 ±   0.51        ( 37.8s) ┃  254.79 ±   0.53        ( 3.5mi) ┃
┃   46 -    48 ┃   49 -    50 ┃  234.02 ±   0.16        ( 1.2mi) ┃  -134.6 ±    0.1        (5.55mi) ┃Vegas input parameters:
  ndim 7
  ncomp 1
  nvec 1
  epsrel 0
  epsabs 0
  flags 10
  seed 123456
  mineval 10000000
  maxeval 10000000
  nstart 1000000
  nincrease 1000000
  nbatch 5000
  gridno 0
  statefile ""

Iteration 1:  1000000 integrand evaluations so far
[1] 149.78 +- 3.99663  	chisq 0 (0 df)

Iteration 2:  3000000 integrand evaluations so far
[1] 146.426 +- 1.03278  	chisq 0.755018 (1 df)

Iteration 3:  6000000 integrand evaluations so far
[1] 146.353 +- 0.662389  	chisq 0.763376 (2 df)

Iteration 4:  10000000 integrand evaluations so far
[1] 146.29 +- 0.487614  	chisq 0.782948 (3 df)
  146.29 ±   0.49        ( 36.9s) ┃  245.71 ±   0.52        (7.37mi) ┃
┃   46 -    48 ┃   50 -    51 ┃ 213.715 ±  0.049        (2.38mi) ┃ -124.96 ±   0.12        ( 48.4s) ┃Vegas input parameters:
  ndim 7
  ncomp 1
  nvec 1
  epsrel 0
  epsabs 0
  flags 10
  seed 123456
  mineval 10000000
  maxeval 10000000
  nstart 1000000
  nincrease 1000000
  nbatch 5000
  gridno 0
  statefile ""

Iteration 1:  1000000 integrand evaluations so far
[1] 149.658 +- 3.98635  	chisq 0 (0 df)

Iteration 2:  3000000 integrand evaluations so far
[1] 145.81 +- 1.01362  	chisq 0.996095 (1 df)

Iteration 3:  6000000 integrand evaluations so far
[1] 144.786 +- 0.628627  	chisq 2.65643 (2 df)

Iteration 4:  10000000 integrand evaluations so far
[1] 144.898 +- 0.477532  	chisq 2.73208 (3 df)
   144.9 ±   0.48        ( 38.3s) ┃  233.66 ±   0.49        (3.82mi) ┃
┃   46 -    48 ┃   51 -    52 ┃ 257.897 ±  0.082        ( 2.4mi) ┃ -148.27 ±   0.13        (19.4mi) ┃Vegas input parameters:
  ndim 7
  ncomp 1
  nvec 1
  epsrel 0
  epsabs 0
  flags 10
  seed 123456
  mineval 10000000
  maxeval 10000000
  nstart 1000000
  nincrease 1000000
  nbatch 5000
  gridno 0
  statefile ""

Iteration 1:  1000000 integrand evaluations so far
[1] 140.199 +- 3.86011  	chisq 0 (0 df)

Iteration 2:  3000000 integrand evaluations so far
[1] 142.073 +- 1.00552  	chisq 0.252781 (1 df)

Iteration 3:  6000000 integrand evaluations so far
[1] 141.99 +- 0.619996  	chisq 0.263783 (2 df)

Iteration 4:  10000000 integrand evaluations so far
[1] 142.568 +- 0.484907  	chisq 2.50622 (3 df)
  142.57 ±   0.48        ( 37.9s) ┃  252.19 ±   0.51        (22.4mi) ┃
┃   46 -    48 ┃   52 -    53 ┃ 209.684 ±  0.034        ( 2.4mi) ┃-121.011 ±  0.051        (6.12mi) ┃Vegas input parameters:
  ndim 7
  ncomp 1
  nvec 1
  epsrel 0
  epsabs 0
  flags 10
  seed 123456
  mineval 10000000
  maxeval 10000000
  nstart 1000000
  nincrease 1000000
  nbatch 5000
  gridno 0
  statefile ""

Iteration 1:  1000000 integrand evaluations so far
[1] 136.07 +- 3.7905  	chisq 0 (0 df)

Iteration 2:  3000000 integrand evaluations so far
[1] 140.654 +- 1.00687  	chisq 1.5738 (1 df)

Iteration 3:  6000000 integrand evaluations so far
[1] 140.245 +- 0.618962  	chisq 1.83894 (2 df)

Iteration 4:  10000000 integrand evaluations so far
[1] 140.813 +- 0.463503  	chisq 3.7531 (3 df)
  140.81 ±   0.46        ( 37.8s) ┃  229.49 ±   0.47        (9.15mi) ┃
┃   46 -    48 ┃   53 -    54 ┃  223.74 ±   0.18        (1.03mi) ┃-129.403 ±  0.025        (5.39mi) ┃Vegas input parameters:
  ndim 7
  ncomp 1
  nvec 1
  epsrel 0
  epsabs 0
  flags 10
  seed 123456
  mineval 10000000
  maxeval 10000000
  nstart 1000000
  nincrease 1000000
  nbatch 5000
  gridno 0
  statefile ""

Iteration 1:  1000000 integrand evaluations so far
[1] 140.478 +- 3.85779  	chisq 0 (0 df)

Iteration 2:  3000000 integrand evaluations so far
[1] 140.116 +- 0.994549  	chisq 0.00946944 (1 df)

Iteration 3:  6000000 integrand evaluations so far
[1] 139.766 +- 0.620359  	chisq 0.212133 (2 df)

Iteration 4:  10000000 integrand evaluations so far
[1] 139.416 +- 0.457222  	chisq 0.9077 (3 df)
  139.42 ±   0.46        ( 38.7s) ┃  233.75 ±   0.49        (7.06mi) ┃
┃   46 -    48 ┃   54 -    55 ┃  205.39 ±  0.019        (2.55mi) ┃-117.877 ±   0.02        (  23mi) ┃Vegas input parameters:
  ndim 7
  ncomp 1
  nvec 1
  epsrel 0
  epsabs 0
  flags 10
  seed 123456
  mineval 10000000
  maxeval 10000000
  nstart 1000000
  nincrease 1000000
  nbatch 5000
  gridno 0
  statefile ""

Iteration 1:  1000000 integrand evaluations so far
[1] 139.075 +- 3.87078  	chisq 0 (0 df)

Iteration 2:  3000000 integrand evaluations so far
[1] 138.916 +- 0.986539  	chisq 0.00181609 (1 df)

Iteration 3:  6000000 integrand evaluations so far
[1] 139.268 +- 0.622917  	chisq 0.214076 (2 df)

Iteration 4:  10000000 integrand evaluations so far
[1] 138.817 +- 0.470472  	chisq 1.43386 (3 df)
  138.82 ±   0.47        ( 38.3s) ┃  226.33 ±   0.47        (26.2mi) ┃
┃   46 -    48 ┃   55 -    56 ┃ 216.744 ±  0.045        (2.29mi) ┃-124.795 ±  0.063        (5.43mi) ┃Vegas input parameters:
  ndim 7
  ncomp 1
  nvec 1
  epsrel 0
  epsabs 0
  flags 10
  seed 123456
  mineval 10000000
  maxeval 10000000
  nstart 1000000
  nincrease 1000000
  nbatch 5000
  gridno 0
  statefile ""

Iteration 1:  1000000 integrand evaluations so far
[1] 133.835 +- 3.78358  	chisq 0 (0 df)

Iteration 2:  3000000 integrand evaluations so far
[1] 137.579 +- 0.965903  	chisq 1.04741 (1 df)

Iteration 3:  6000000 integrand evaluations so far
[1] 138.328 +- 0.626215  	chisq 2.0842 (2 df)

Iteration 4:  10000000 integrand evaluations so far
[1] 137.237 +- 0.462823  	chisq 8.77394 (3 df)
  137.24 ±   0.46        ( 33.1s) ┃  229.19 ±   0.47        (8.28mi) ┃
┃   46 -    48 ┃   56 -    57 ┃  215.46 ±    0.2        (1.21mi) ┃-123.693 ±  0.086        (11.3mi) ┃Vegas input parameters:
  ndim 7
  ncomp 1
  nvec 1
  epsrel 0
  epsabs 0
  flags 10
  seed 123456
  mineval 10000000
  maxeval 10000000
  nstart 1000000
  nincrease 1000000
  nbatch 5000
  gridno 0
  statefile ""

Iteration 1:  1000000 integrand evaluations so far
[1] 135.321 +- 3.83444  	chisq 0 (0 df)

Iteration 2:  3000000 integrand evaluations so far
[1] 136.303 +- 0.972517  	chisq 0.0701566 (1 df)

Iteration 3:  6000000 integrand evaluations so far
[1] 135.883 +- 0.599591  	chisq 0.371711 (2 df)

Iteration 4:  10000000 integrand evaluations so far
[1] 135.542 +- 0.455268  	chisq 1.13476 (3 df)
  135.54 ±   0.46        ( 38.2s) ┃  227.31 ±    0.5        (13.2mi) ┃
┃   46 -    48 ┃   57 -    58 ┃ 186.624 ±  0.082        (1.12mi) ┃ -107.36 ±   0.11        (11.1mi) ┃Vegas input parameters:
  ndim 7
  ncomp 1
  nvec 1
  epsrel 0
  epsabs 0
  flags 10
  seed 123456
  mineval 10000000
  maxeval 10000000
  nstart 1000000
  nincrease 1000000
  nbatch 5000
  gridno 0
  statefile ""

Iteration 1:  1000000 integrand evaluations so far
[1] 141.874 +- 3.98115  	chisq 0 (0 df)

Iteration 2:  3000000 integrand evaluations so far
[1] 134.178 +- 0.953947  	chisq 3.96414 (1 df)

Iteration 3:  6000000 integrand evaluations so far
[1] 134.843 +- 0.621759  	chisq 4.81018 (2 df)

Iteration 4:  10000000 integrand evaluations so far
[1] 134.175 +- 0.460271  	chisq 7.36675 (3 df)
  134.18 ±   0.46        ( 38.5s) ┃  213.44 ±   0.48        (12.9mi) ┃
┃   46 -    48 ┃   58 -    59 ┃ 204.356 ± 0.0059        (2.38mi) ┃ -117.28 ±  0.036        (21.4mi) ┃Vegas input parameters:
  ndim 7
  ncomp 1
  nvec 1
  epsrel 0
  epsabs 0
  flags 10
  seed 123456
  mineval 10000000
  maxeval 10000000
  nstart 1000000
  nincrease 1000000
  nbatch 5000
  gridno 0
  statefile ""

Iteration 1:  1000000 integrand evaluations so far
[1] 136.283 +- 3.88924  	chisq 0 (0 df)

Iteration 2:  3000000 integrand evaluations so far
[1] 134.802 +- 0.961523  	chisq 0.154337 (1 df)

Iteration 3:  6000000 integrand evaluations so far
[1] 135.243 +- 0.591017  	chisq 0.49274 (2 df)

Iteration 4:  10000000 integrand evaluations so far
[1] 134.104 +- 0.434051  	chisq 8.55779 (3 df)
   134.1 ±   0.43        ( 37.9s) ┃  221.18 ±   0.44        (24.4mi) ┃
┃   46 -    48 ┃   59 -    60 ┃ 184.405 ±  0.069        (3.47mi) ┃-105.977 ±  0.019        (23.2mi) ┃Vegas input parameters:
  ndim 7
  ncomp 1
  nvec 1
  epsrel 0
  epsabs 0
  flags 10
  seed 123456
  mineval 10000000
  maxeval 10000000
  nstart 1000000
  nincrease 1000000
  nbatch 5000
  gridno 0
  statefile ""

Iteration 1:  1000000 integrand evaluations so far
[1] 126.217 +- 3.7344  	chisq 0 (0 df)

Iteration 2:  3000000 integrand evaluations so far
[1] 131.357 +- 0.947146  	chisq 2.02525 (1 df)

Iteration 3:  6000000 integrand evaluations so far
[1] 132.217 +- 0.59441  	chisq 3.38424 (2 df)

Iteration 4:  10000000 integrand evaluations so far
[1] 132.587 +- 0.438601  	chisq 4.23446 (3 df)
  132.59 ±   0.44        ( 37.7s) ┃  211.01 ±   0.44        (27.3mi) ┃
┣━━━━━━━━━━━━━━╋━━━━━━━━━━━━━━╋━━━━━━━━━━━━━━━━━━━━━━━━━━━━━━━━━━╋━━━━━━━━━━━━━━━━━━━━━━━━━━━━━━━━━━╋━━━━━━━━━━━━━━━━━━━━━━━━━━━━━━━━━━╋━━━━━━━━━━━━━━━━━━━━━━━━━━━━━━━━━━┫
┃   44 -    48 ┃   25 -    60 ┃ 21.8412 ± 0.0018 ·10⁺⁰³ (1.58hr) ┃-12.6451 ± 0.00092 ·10⁺⁰³ (18.7hr) ┃ 14.1432 ± 0.0054 ·10⁺⁰³ (46.1mi) ┃ 23.3392 ± 0.0058 ·10⁺⁰³ (21.1hr) ┃
┗━━━━━━━━━━━━━━┻━━━━━━━━━━━━━━┻━━━━━━━━━━━━━━━━━━━━━━━━━━━━━━━━━━┻━━━━━━━━━━━━━━━━━━━━━━━━━━━━━━━━━━┻━━━━━━━━━━━━━━━━━━━━━━━━━━━━━━━━━━┻━━━━━━━━━━━━━━━━━━━━━━━━━━━━━━━━━━┛

╍╍╍╍╍╍╍╍╍╍╍╍╍╍╍╍╍╍╍╍╍╍╍╍╍╍╍╍╍╍╍╍ Summary ╍╍╍╍╍╍╍╍╍╍╍╍╍╍╍╍╍╍╍╍╍╍╍╍╍╍╍╍╍╍╍
      Total cross section                    23.3392 ± 0.0058          pb
         Calculation time                               21.1       hours
              Output file                    outputs/qt_qt44_48_NLL_muR1.0_muF1.0.root            
      Result in text file                    outputs/qt_qt44_48_NLL_muR1.0_muF1.0.txt            

╍╍╍╍╍╍╍╍╍╍╍╍╍╍╍╍╍╍╍╍╍╍╍╍╍╍╍╍╍╍╍╍╍╍╍╍╍╍╍╍╍╍╍╍╍╍╍╍╍╍╍╍╍╍╍╍╍╍╍╍╍╍╍╍╍╍╍╍╍╍╍╍

