
╍╍╍╍╍╍╍╍╍╍╍╍╍╍╍╍╍╍╍╍╍╍╍╍╍╍╍ Process settings ╍╍╍╍╍╍╍╍╍╍╍╍╍╍╍╍╍╍╍╍╍╍╍╍╍╍╍
   proton-proton collisions at sqrt(s) = 13000 GeV 
   Computing NLO+NLL resummed cross section
   W+ ->  nu(p3)+e+(p4) production 

╍╍╍╍╍╍╍╍╍╍╍╍╍╍╍╍╍╍╍╍╍╍╍╍╍╍╍╍╍╍ CKM matrix ╍╍╍╍╍╍╍╍╍╍╍╍╍╍╍╍╍╍╍╍╍╍╍╍╍╍╍╍╍╍
     | Vud Vus Vub |   |   0.97427   0.2253  0.00351 | 
     | Vcd Vcs Vcb | = |    0.2252  0.97344   0.0412 | 
     | Vtd Vts Vtb |   |         0        0        0 | 

╍╍╍╍╍╍╍╍╍╍╍╍╍╍╍╍╍╍╍╍╍╍╍╍╍╍╍╍╍ EW parameters ╍╍╍╍╍╍╍╍╍╍╍╍╍╍╍╍╍╍╍╍╍╍╍╍╍╍╍╍
                                         Gf =  1.1663787e-05      GeV^-2
                                    1/alpha =  132.233229791            
                                 sin(thW)^2 = 0.222897222524            
                                     W mass =         80.385         GeV
                                     Z mass =        91.1876         GeV
                                    W width =          2.091         GeV
                                    Z width =          2.495         GeV

╍╍╍╍╍╍╍╍╍╍╍╍╍╍╍╍╍╍╍╍╍╍╍╍╍╍╍╍╍ QCD settings ╍╍╍╍╍╍╍╍╍╍╍╍╍╍╍╍╍╍╍╍╍╍╍╍╍╍╍╍╍
   Renormalization scale:     dynamic muren =              1      * m_ll
     Factorization scale:     dynamic mufac =              2      * m_ll
       Resummation scale:     dynamic mures =              1      * m_ll
          Strong coupling       alpha_s(MZ) =       0.118001            
                              running order =              2       -loop
         Non-perturbative     form factor g =            0.7       GeV^2

╍╍╍╍╍╍╍╍╍╍╍╍╍╍╍╍╍╍╍╍╍╍╍╍╍╍╍╍╍ PDF settings ╍╍╍╍╍╍╍╍╍╍╍╍╍╍╍╍╍╍╍╍╍╍╍╍╍╍╍╍╍
                                     PDF set:MSHT20nnlo_as118            
                                  PDF member:              0            
  Mellin moments of PDFs:                    Numerical integration            
                         nodes for the quadrature:            200            
                         Intervals for the quadrature:              1            

╍╍╍╍╍╍╍╍╍╍╍╍╍╍╍╍╍╍╍╍╍╍╍╍╍╍╍╍╍╍╍ qT recoil ╍╍╍╍╍╍╍╍╍╍╍╍╍╍╍╍╍╍╍╍╍╍╍╍╍╍╍╍╍╍
  qt-recoil prescription:       Collins-Soper kt1 = p_V(x)/2; kt2 = p_V(y)/2            

╍╍╍╍╍╍╍╍╍╍╍╍╍╍╍╍╍╍╍╍╍╍╍╍╍╍╍╍╍╍╍╍╍ Cuts ╍╍╍╍╍╍╍╍╍╍╍╍╍╍╍╍╍╍╍╍╍╍╍╍╍╍╍╍╍╍╍╍╍
                                  apply cuts:           true            
                                      pt_l >               0            
                                   |eta_l| <            1000            
                                    pt_lep >              25            
                                 |eta_lep| <             2.4            
                                   pt_alep >              25            
                                |eta_alep| <             2.4            
                                  user cuts:            true            

╍╍╍╍╍╍╍╍╍╍╍╍╍╍╍╍╍╍╍╍╍╍╍╍╍╍╍╍ ResummationDamp ╍╍╍╍╍╍╍╍╍╍╍╍╍╍╍╍╍╍╍╍╍╍╍╍╍╍╍
                                    damping :             on            
                                damping mode:              1            
                                  damp above:        60.2888         GeV
                               damping width:        20.0963         GeV
                          resummation cutoff:             20         MeV

╍╍╍╍╍╍╍╍╍╍╍╍╍╍╍╍╍╍╍╍╍╍╍╍╍╍╍╍ Debug settings ╍╍╍╍╍╍╍╍╍╍╍╍╍╍╍╍╍╍╍╍╍╍╍╍╍╍╍╍
                                 timeprofile:          false            
                                     verbose:          false            
                               cubaverbosity:              2            

╍╍╍╍╍╍╍╍╍╍╍╍╍╍╍╍╍╍╍╍╍╍╍╍╍╍╍╍╍╍╍╍╍╍╍╍╍╍╍╍╍╍╍╍╍╍╍╍╍╍╍╍╍╍╍╍╍╍╍╍╍╍╍╍╍╍╍╍╍╍╍╍

Warning: Histogram `a1_qt` contains non-integrable observable and will be deleted 
Warning: Histogram `a1_qt_vs_y` contains non-integrable observable and will be deleted 
Warning: Histogram `s_biganswer` contains non-integrable observable and will be deleted 
Warning: Histogram `wgt_a1_qt` contains non-integrable observable and will be deleted 

╍╍╍╍╍╍╍╍╍╍╍╍╍╍╍╍╍╍╍╍╍╍╍╍╍ Integration settings ╍╍╍╍╍╍╍╍╍╍╍╍╍╍╍╍╍╍╍╍╍╍╍╍╍
             Random seeds              123456                           
           Parallel cores                   1                           

             Resummation:     cuhre (dm, dpt)         iter =           5
                                   gauss (dy)        nodes =          64
                                                 intervals =           1
            Counter term:      cuhre (dm, dy)         iter =           5
                                  gauss (dpt)        nodes =          20
                                                 intervals =           5
                     V+J:            vegas 7D       ncalls =    10000000

Mellin inverse transform:           gaussian         nodes =          30
                                                 intervals =           1
                               imaginary axis         zmax =           2
  Angular variable costh:     semi-analytical      ncstart =         100
   Angular variables phi:            gaussian    intervals =          20

      Constant boundaries                  q2          low =          80
                                                      high =         100
                                            y          low =          -6
                                                      high =           6
                                        costh          low =          -1
                                                      high =           1
                                       eta(l)          low =         -10
                                                      high =          10

┏━━━━━━━━━━━━━━┰━━━━━━━━━━━━━━┰━━━━━━━━━━━━━━━━━━━━━━━━━━━━━━━━━━┰━━━━━━━━━━━━━━━━━━━━━━━━━━━━━━━━━━┰━━━━━━━━━━━━━━━━━━━━━━━━━━━━━━━━━━┰━━━━━━━━━━━━━━━━━━━━━━━━━━━━━━━━━━┓
┃           qT ┃        pT(l) ┃                      Resummation ┃                     Counter term ┃                              V+J ┃                            TOTAL ┃
┣━━━━━━━━━━━━━━╋━━━━━━━━━━━━━━╋━━━━━━━━━━━━━━━━━━━━━━━━━━━━━━━━━━╋━━━━━━━━━━━━━━━━━━━━━━━━━━━━━━━━━━╋━━━━━━━━━━━━━━━━━━━━━━━━━━━━━━━━━━╋━━━━━━━━━━━━━━━━━━━━━━━━━━━━━━━━━━┫
┃    8 -    10 ┃   25 -    26 ┃  2.8405 ±  0.002 ·10⁺⁰³ ( 2.51s) ┃ -3.4115 ± 0.0012 ·10⁺⁰³ (18.5mi) ┃Vegas input parameters:
  ndim 7
  ncomp 1
  nvec 1
  epsrel 0
  epsabs 0
  flags 10
  seed 123456
  mineval 10000000
  maxeval 10000000
  nstart 1000000
  nincrease 1000000
  nbatch 5000
  gridno 0
  statefile ""

Iteration 1:  1000000 integrand evaluations so far
[1] 3273.39 +- 84.331  	chisq 0 (0 df)

Iteration 2:  3000000 integrand evaluations so far
[1] 3438 +- 11.2921  	chisq 3.87952 (1 df)

Iteration 3:  6000000 integrand evaluations so far
[1] 3441.57 +- 7.24308  	chisq 4.0492 (2 df)

Iteration 4:  10000000 integrand evaluations so far
[1] 3443.74 +- 5.47129  	chisq 4.25834 (3 df)
  3.4437 ± 0.0055 ·10⁺⁰³ ( 31.6s) ┃  2.8727 ± 0.0059 ·10⁺⁰³ (19.1mi) ┃
┃    8 -    10 ┃   26 -    27 ┃ 3.23852 ± 0.00063 ·10⁺⁰³ ( 16.8s) ┃ -3.9159 ± 0.0027 ·10⁺⁰³ (2.38mi) ┃Vegas input parameters:
  ndim 7
  ncomp 1
  nvec 1
  epsrel 0
  epsabs 0
  flags 10
  seed 123456
  mineval 10000000
  maxeval 10000000
  nstart 1000000
  nincrease 1000000
  nbatch 5000
  gridno 0
  statefile ""

Iteration 1:  1000000 integrand evaluations so far
[1] 3932.66 +- 92.8649  	chisq 0 (0 df)

Iteration 2:  3000000 integrand evaluations so far
[1] 3915.95 +- 13.2443  	chisq 0.0330341 (1 df)

Iteration 3:  6000000 integrand evaluations so far
[1] 3923.62 +- 8.06394  	chisq 0.565449 (2 df)

Iteration 4:  10000000 integrand evaluations so far
[1] 3925.49 +- 6.0001  	chisq 0.686936 (3 df)
  3.9255 ±  0.006 ·10⁺⁰³ ( 32.9s) ┃  3.2482 ± 0.0066 ·10⁺⁰³ (3.21mi) ┃
┃    8 -    10 ┃   27 -    28 ┃  3.6394 ± 0.0028 ·10⁺⁰³ ( 10.9s) ┃ -4.4498 ± 0.0027 ·10⁺⁰³ (2.56mi) ┃Vegas input parameters:
  ndim 7
  ncomp 1
  nvec 1
  epsrel 0
  epsabs 0
  flags 10
  seed 123456
  mineval 10000000
  maxeval 10000000
  nstart 1000000
  nincrease 1000000
  nbatch 5000
  gridno 0
  statefile ""

Iteration 1:  1000000 integrand evaluations so far
[1] 4403.43 +- 96.3263  	chisq 0 (0 df)

Iteration 2:  3000000 integrand evaluations so far
[1] 4447.71 +- 14.6601  	chisq 0.216314 (1 df)

Iteration 3:  6000000 integrand evaluations so far
[1] 4463.6 +- 8.81427  	chisq 2.05725 (2 df)

Iteration 4:  10000000 integrand evaluations so far
[1] 4462.99 +- 6.73498  	chisq 2.06903 (3 df)
   4.463 ± 0.0067 ·10⁺⁰³ ( 31.6s) ┃  3.6526 ± 0.0078 ·10⁺⁰³ (3.27mi) ┃
┃    8 -    10 ┃   28 -    29 ┃  4.1214 ± 0.0039 ·10⁺⁰³ ( 9.47s) ┃ -5.0285 ± 0.0026 ·10⁺⁰³ (2.62mi) ┃Vegas input parameters:
  ndim 7
  ncomp 1
  nvec 1
  epsrel 0
  epsabs 0
  flags 10
  seed 123456
  mineval 10000000
  maxeval 10000000
  nstart 1000000
  nincrease 1000000
  nbatch 5000
  gridno 0
  statefile ""

Iteration 1:  1000000 integrand evaluations so far
[1] 4926.36 +- 100.819  	chisq 0 (0 df)

Iteration 2:  3000000 integrand evaluations so far
[1] 5039.03 +- 16.5088  	chisq 1.28335 (1 df)

Iteration 3:  6000000 integrand evaluations so far
[1] 5062.92 +- 10.1738  	chisq 4.65802 (2 df)

Iteration 4:  10000000 integrand evaluations so far
[1] 5065.84 +- 7.66337  	chisq 4.84824 (3 df)
  5.0658 ± 0.0077 ·10⁺⁰³ ( 32.9s) ┃  4.1588 ±  0.009 ·10⁺⁰³ (3.32mi) ┃
┃    8 -    10 ┃   29 -    30 ┃  4.7434 ± 0.0024 ·10⁺⁰³ ( 5.37s) ┃ -5.7423 ± 0.0016 ·10⁺⁰³ (   43s) ┃Vegas input parameters:
  ndim 7
  ncomp 1
  nvec 1
  epsrel 0
  epsabs 0
  flags 10
  seed 123456
  mineval 10000000
  maxeval 10000000
  nstart 1000000
  nincrease 1000000
  nbatch 5000
  gridno 0
  statefile ""

Iteration 1:  1000000 integrand evaluations so far
[1] 5657.08 +- 106.653  	chisq 0 (0 df)

Iteration 2:  3000000 integrand evaluations so far
[1] 5731.03 +- 17.9599  	chisq 0.49483 (1 df)

Iteration 3:  6000000 integrand evaluations so far
[1] 5745.14 +- 11.1165  	chisq 1.4949 (2 df)

Iteration 4:  10000000 integrand evaluations so far
[1] 5753.48 +- 8.46358  	chisq 2.83617 (3 df)
  5.7535 ± 0.0085 ·10⁺⁰³ ( 33.2s) ┃  4.7546 ± 0.0089 ·10⁺⁰³ (1.36mi) ┃
┃    8 -    10 ┃   30 -    31 ┃  5.3912 ± 0.0019 ·10⁺⁰³ ( 5.67s) ┃ -6.5267 ± 0.0032 ·10⁺⁰³ (2.71mi) ┃Vegas input parameters:
  ndim 7
  ncomp 1
  nvec 1
  epsrel 0
  epsabs 0
  flags 10
  seed 123456
  mineval 10000000
  maxeval 10000000
  nstart 1000000
  nincrease 1000000
  nbatch 5000
  gridno 0
  statefile ""

Iteration 1:  1000000 integrand evaluations so far
[1] 6635.17 +- 114.551  	chisq 0 (0 df)

Iteration 2:  3000000 integrand evaluations so far
[1] 6534 +- 20.1523  	chisq 0.804904 (1 df)

Iteration 3:  6000000 integrand evaluations so far
[1] 6550.09 +- 12.3013  	chisq 1.82058 (2 df)

Iteration 4:  10000000 integrand evaluations so far
[1] 6553.18 +- 9.20242  	chisq 1.96346 (3 df)
  6.5532 ± 0.0092 ·10⁺⁰³ ( 32.4s) ┃  5.4178 ± 0.0099 ·10⁺⁰³ (3.35mi) ┃
┃    8 -    10 ┃   31 -    32 ┃  6.1782 ± 0.0017 ·10⁺⁰³ ( 3.07s) ┃ -7.4683 ± 0.0069 ·10⁺⁰³ (2.82mi) ┃Vegas input parameters:
  ndim 7
  ncomp 1
  nvec 1
  epsrel 0
  epsabs 0
  flags 10
  seed 123456
  mineval 10000000
  maxeval 10000000
  nstart 1000000
  nincrease 1000000
  nbatch 5000
  gridno 0
  statefile ""

Iteration 1:  1000000 integrand evaluations so far
[1] 7394.22 +- 118.773  	chisq 0 (0 df)

Iteration 2:  3000000 integrand evaluations so far
[1] 7494.11 +- 22.9577  	chisq 0.734642 (1 df)

Iteration 3:  6000000 integrand evaluations so far
[1] 7519.18 +- 14.7115  	chisq 2.75881 (2 df)

Iteration 4:  10000000 integrand evaluations so far
[1] 7521.52 +- 10.9382  	chisq 2.81541 (3 df)
   7.522 ±  0.011 ·10⁺⁰³ ( 33.6s) ┃   6.231 ±  0.013 ·10⁺⁰³ (3.43mi) ┃
┃    8 -    10 ┃   32 -    33 ┃  7.1816 ± 0.0063 ·10⁺⁰³ ( 5.36s) ┃ -8.6946 ± 0.0048 ·10⁺⁰³ (1.55mi) ┃Vegas input parameters:
  ndim 7
  ncomp 1
  nvec 1
  epsrel 0
  epsabs 0
  flags 10
  seed 123456
  mineval 10000000
  maxeval 10000000
  nstart 1000000
  nincrease 1000000
  nbatch 5000
  gridno 0
  statefile ""

Iteration 1:  1000000 integrand evaluations so far
[1] 8710.46 +- 128.061  	chisq 0 (0 df)

Iteration 2:  3000000 integrand evaluations so far
[1] 8724.69 +- 26.191  	chisq 0.0128803 (1 df)

Iteration 3:  6000000 integrand evaluations so far
[1] 8725.21 +- 16.2852  	chisq 0.0135333 (2 df)

Iteration 4:  10000000 integrand evaluations so far
[1] 8718.8 +- 12.1215  	chisq 0.361212 (3 df)
   8.719 ±  0.012 ·10⁺⁰³ ( 32.7s) ┃   7.206 ±  0.014 ·10⁺⁰³ (2.19mi) ┃
┃    8 -    10 ┃   33 -    34 ┃  8.5596 ± 0.0082 ·10⁺⁰³ ( 17.9s) ┃ -10.367 ±   0.01 ·10⁺⁰³ (1.56mi) ┃Vegas input parameters:
  ndim 7
  ncomp 1
  nvec 1
  epsrel 0
  epsabs 0
  flags 10
  seed 123456
  mineval 10000000
  maxeval 10000000
  nstart 1000000
  nincrease 1000000
  nbatch 5000
  gridno 0
  statefile ""

Iteration 1:  1000000 integrand evaluations so far
[1] 10293.4 +- 136.81  	chisq 0 (0 df)

Iteration 2:  3000000 integrand evaluations so far
[1] 10402.6 +- 30.9709  	chisq 0.671366 (1 df)

Iteration 3:  6000000 integrand evaluations so far
[1] 10408.9 +- 19.0249  	chisq 0.738045 (2 df)

Iteration 4:  10000000 integrand evaluations so far
[1] 10416.9 +- 14.1547  	chisq 1.12962 (3 df)
  10.417 ±  0.014 ·10⁺⁰³ ( 32.9s) ┃    8.61 ±  0.019 ·10⁺⁰³ ( 2.4mi) ┃
┃    8 -    10 ┃   34 -    35 ┃ 10.3825 ± 0.0066 ·10⁺⁰³ ( 18.1s) ┃ -12.534 ±  0.012 ·10⁺⁰³ (1.59mi) ┃Vegas input parameters:
  ndim 7
  ncomp 1
  nvec 1
  epsrel 0
  epsabs 0
  flags 10
  seed 123456
  mineval 10000000
  maxeval 10000000
  nstart 1000000
  nincrease 1000000
  nbatch 5000
  gridno 0
  statefile ""

Iteration 1:  1000000 integrand evaluations so far
[1] 12675.3 +- 149.641  	chisq 0 (0 df)

Iteration 2:  3000000 integrand evaluations so far
[1] 12568.2 +- 36.514  	chisq 0.544231 (1 df)

Iteration 3:  6000000 integrand evaluations so far
[1] 12551.2 +- 22.5726  	chisq 0.895877 (2 df)

Iteration 4:  10000000 integrand evaluations so far
[1] 12571.3 +- 16.8806  	chisq 2.69353 (3 df)
  12.571 ±  0.017 ·10⁺⁰³ ( 33.3s) ┃   10.42 ±  0.022 ·10⁺⁰³ (2.45mi) ┃
┃    8 -    10 ┃   35 -    36 ┃ 13.3742 ±  0.008 ·10⁺⁰³ ( 10.2s) ┃ -16.137 ±  0.013 ·10⁺⁰³ ( 25.3s) ┃Vegas input parameters:
  ndim 7
  ncomp 1
  nvec 1
  epsrel 0
  epsabs 0
  flags 10
  seed 123456
  mineval 10000000
  maxeval 10000000
  nstart 1000000
  nincrease 1000000
  nbatch 5000
  gridno 0
  statefile ""

Iteration 1:  1000000 integrand evaluations so far
[1] 16468.3 +- 166.982  	chisq 0 (0 df)

Iteration 2:  3000000 integrand evaluations so far
[1] 16202.3 +- 44.6455  	chisq 2.73251 (1 df)

Iteration 3:  6000000 integrand evaluations so far
[1] 16198.5 +- 28.8995  	chisq 2.7449 (2 df)

Iteration 4:  10000000 integrand evaluations so far
[1] 16194 +- 21.4191  	chisq 2.79813 (3 df)
  16.194 ±  0.021 ·10⁺⁰³ ( 32.3s) ┃  13.431 ±  0.026 ·10⁺⁰³ (1.13mi) ┃
┃    8 -    10 ┃   36 -    37 ┃ 15.4682 ± 0.0084 ·10⁺⁰³ (   10s) ┃ -18.643 ±  0.016 ·10⁺⁰³ (3.22mi) ┃Vegas input parameters:
  ndim 7
  ncomp 1
  nvec 1
  epsrel 0
  epsabs 0
  flags 10
  seed 123456
  mineval 10000000
  maxeval 10000000
  nstart 1000000
  nincrease 1000000
  nbatch 5000
  gridno 0
  statefile ""

Iteration 1:  1000000 integrand evaluations so far
[1] 18774.3 +- 173.879  	chisq 0 (0 df)

Iteration 2:  3000000 integrand evaluations so far
[1] 18789 +- 47.7584  	chisq 0.0077241 (1 df)

Iteration 3:  6000000 integrand evaluations so far
[1] 18747.7 +- 29.7057  	chisq 1.22349 (2 df)

Iteration 4:  10000000 integrand evaluations so far
[1] 18731.5 +- 22.054  	chisq 1.89191 (3 df)
  18.731 ±  0.022 ·10⁺⁰³ ( 33.4s) ┃  15.557 ±  0.029 ·10⁺⁰³ (3.94mi) ┃
┃    8 -    10 ┃   37 -    38 ┃ 13.4206 ± 0.0089 ·10⁺⁰³ ( 11.8s) ┃ -16.181 ±  0.011 ·10⁺⁰³ (   6mi) ┃Vegas input parameters:
  ndim 7
  ncomp 1
  nvec 1
  epsrel 0
  epsabs 0
  flags 10
  seed 123456
  mineval 10000000
  maxeval 10000000
  nstart 1000000
  nincrease 1000000
  nbatch 5000
  gridno 0
  statefile ""

Iteration 1:  1000000 integrand evaluations so far
[1] 16236.7 +- 161.112  	chisq 0 (0 df)

Iteration 2:  3000000 integrand evaluations so far
[1] 16279.3 +- 43.8166  	chisq 0.0756959 (1 df)

Iteration 3:  6000000 integrand evaluations so far
[1] 16196.2 +- 27.9818  	chisq 6.15254 (2 df)

Iteration 4:  10000000 integrand evaluations so far
[1] 16207.7 +- 20.7189  	chisq 6.52716 (3 df)
  16.208 ±  0.021 ·10⁺⁰³ ( 32.8s) ┃  13.448 ±  0.025 ·10⁺⁰³ (6.74mi) ┃
┃    8 -    10 ┃   38 -    39 ┃ 12.0045 ± 0.0049 ·10⁺⁰³ ( 37.4s) ┃ -14.469 ±   0.01 ·10⁺⁰³ (5.79mi) ┃Vegas input parameters:
  ndim 7
  ncomp 1
  nvec 1
  epsrel 0
  epsabs 0
  flags 10
  seed 123456
  mineval 10000000
  maxeval 10000000
  nstart 1000000
  nincrease 1000000
  nbatch 5000
  gridno 0
  statefile ""

Iteration 1:  1000000 integrand evaluations so far
[1] 14426.9 +- 151.57  	chisq 0 (0 df)

Iteration 2:  3000000 integrand evaluations so far
[1] 14495.9 +- 40.5701  	chisq 0.223037 (1 df)

Iteration 3:  6000000 integrand evaluations so far
[1] 14478.5 +- 26.1522  	chisq 0.538371 (2 df)

Iteration 4:  10000000 integrand evaluations so far
[1] 14462.7 +- 19.2211  	chisq 1.33483 (3 df)
  14.463 ±  0.019 ·10⁺⁰³ ( 33.7s) ┃  11.999 ±  0.022 ·10⁺⁰³ (6.98mi) ┃
┃    8 -    10 ┃   39 -    40 ┃ 11.0971 ± 0.0039 ·10⁺⁰³ ( 38.4s) ┃-13.3952 ± 0.0096 ·10⁺⁰³ (11.1mi) ┃Vegas input parameters:
  ndim 7
  ncomp 1
  nvec 1
  epsrel 0
  epsabs 0
  flags 10
  seed 123456
  mineval 10000000
  maxeval 10000000
  nstart 1000000
  nincrease 1000000
  nbatch 5000
  gridno 0
  statefile ""

Iteration 1:  1000000 integrand evaluations so far
[1] 13383.1 +- 145.156  	chisq 0 (0 df)

Iteration 2:  3000000 integrand evaluations so far
[1] 13419.5 +- 38.1459  	chisq 0.0673793 (1 df)

Iteration 3:  6000000 integrand evaluations so far
[1] 13405.9 +- 23.9364  	chisq 0.276024 (2 df)

Iteration 4:  10000000 integrand evaluations so far
[1] 13397.8 +- 17.9288  	chisq 0.536614 (3 df)
  13.398 ±  0.018 ·10⁺⁰³ ( 33.3s) ┃    11.1 ±  0.021 ·10⁺⁰³ (12.3mi) ┃
┃    8 -    10 ┃   40 -    41 ┃ 10.4773 ± 0.0042 ·10⁺⁰³ ( 37.5s) ┃-12.6276 ± 0.0026 ·10⁺⁰³ (10.8mi) ┃Vegas input parameters:
  ndim 7
  ncomp 1
  nvec 1
  epsrel 0
  epsabs 0
  flags 10
  seed 123456
  mineval 10000000
  maxeval 10000000
  nstart 1000000
  nincrease 1000000
  nbatch 5000
  gridno 0
  statefile ""

Iteration 1:  1000000 integrand evaluations so far
[1] 12674.1 +- 140.267  	chisq 0 (0 df)

Iteration 2:  3000000 integrand evaluations so far
[1] 12657 +- 36.3059  	chisq 0.0160015 (1 df)

Iteration 3:  6000000 integrand evaluations so far
[1] 12649.3 +- 22.4536  	chisq 0.0878093 (2 df)

Iteration 4:  10000000 integrand evaluations so far
[1] 12638.6 +- 16.8479  	chisq 0.609778 (3 df)
  12.639 ±  0.017 ·10⁺⁰³ ( 32.6s) ┃  10.488 ±  0.018 ·10⁺⁰³ (  12mi) ┃
┃    8 -    10 ┃   41 -    42 ┃  9.9951 ± 0.0035 ·10⁺⁰³ (1.22mi) ┃-12.0399 ± 0.0013 ·10⁺⁰³ (5.11mi) ┃Vegas input parameters:
  ndim 7
  ncomp 1
  nvec 1
  epsrel 0
  epsabs 0
  flags 10
  seed 123456
  mineval 10000000
  maxeval 10000000
  nstart 1000000
  nincrease 1000000
  nbatch 5000
  gridno 0
  statefile ""

Iteration 1:  1000000 integrand evaluations so far
[1] 12028.1 +- 136.031  	chisq 0 (0 df)

Iteration 2:  3000000 integrand evaluations so far
[1] 12125 +- 34.3784  	chisq 0.542037 (1 df)

Iteration 3:  6000000 integrand evaluations so far
[1] 12120.8 +- 21.7119  	chisq 0.566999 (2 df)

Iteration 4:  10000000 integrand evaluations so far
[1] 12112.5 +- 16.1466  	chisq 0.892022 (3 df)
  12.113 ±  0.016 ·10⁺⁰³ ( 34.2s) ┃  10.068 ±  0.017 ·10⁺⁰³ ( 6.9mi) ┃
┃    8 -    10 ┃   42 -    43 ┃  9.6403 ± 0.0066 ·10⁺⁰³ (   34s) ┃-11.5961 ± 0.0072 ·10⁺⁰³ (5.13mi) ┃Vegas input parameters:
  ndim 7
  ncomp 1
  nvec 1
  epsrel 0
  epsabs 0
  flags 10
  seed 123456
  mineval 10000000
  maxeval 10000000
  nstart 1000000
  nincrease 1000000
  nbatch 5000
  gridno 0
  statefile ""

Iteration 1:  1000000 integrand evaluations so far
[1] 11952.9 +- 134.564  	chisq 0 (0 df)

Iteration 2:  3000000 integrand evaluations so far
[1] 11693.8 +- 32.6957  	chisq 3.94022 (1 df)

Iteration 3:  6000000 integrand evaluations so far
[1] 11714 +- 20.0968  	chisq 4.55334 (2 df)

Iteration 4:  10000000 integrand evaluations so far
[1] 11705.6 +- 14.9376  	chisq 4.93794 (3 df)
  11.706 ±  0.015 ·10⁺⁰³ ( 33.3s) ┃    9.75 ±  0.018 ·10⁺⁰³ (6.25mi) ┃
┃    8 -    10 ┃   43 -    44 ┃  9.3773 ± 0.0027 ·10⁺⁰³ (1.09mi) ┃-11.2692 ± 0.0088 ·10⁺⁰³ (9.65mi) ┃Vegas input parameters:
  ndim 7
  ncomp 1
  nvec 1
  epsrel 0
  epsabs 0
  flags 10
  seed 123456
  mineval 10000000
  maxeval 10000000
  nstart 1000000
  nincrease 1000000
  nbatch 5000
  gridno 0
  statefile ""

Iteration 1:  1000000 integrand evaluations so far
[1] 11339.3 +- 129.991  	chisq 0 (0 df)

Iteration 2:  3000000 integrand evaluations so far
[1] 11400.1 +- 31.0121  	chisq 0.231824 (1 df)

Iteration 3:  6000000 integrand evaluations so far
[1] 11441.1 +- 19.0182  	chisq 3.03484 (2 df)

Iteration 4:  10000000 integrand evaluations so far
[1] 11438.6 +- 13.8617  	chisq 3.07233 (3 df)
  11.439 ±  0.014 ·10⁺⁰³ ( 32.4s) ┃   9.547 ±  0.017 ·10⁺⁰³ (11.3mi) ┃
┃    8 -    10 ┃   44 -    45 ┃  8.4213 ± 0.0055 ·10⁺⁰³ ( 16.7s) ┃-10.0755 ± 0.0089 ·10⁺⁰³ (1.26mi) ┃Vegas input parameters:
  ndim 7
  ncomp 1
  nvec 1
  epsrel 0
  epsabs 0
  flags 10
  seed 123456
  mineval 10000000
  maxeval 10000000
  nstart 1000000
  nincrease 1000000
  nbatch 5000
  gridno 0
  statefile ""

Iteration 1:  1000000 integrand evaluations so far
[1] 10117.6 +- 121.409  	chisq 0 (0 df)

Iteration 2:  3000000 integrand evaluations so far
[1] 10281.7 +- 27.3234  	chisq 1.92345 (1 df)

Iteration 3:  6000000 integrand evaluations so far
[1] 10325.9 +- 16.7858  	chisq 6.13636 (2 df)

Iteration 4:  10000000 integrand evaluations so far
[1] 10314.2 +- 12.443  	chisq 7.22267 (3 df)
  10.314 ±  0.012 ·10⁺⁰³ ( 32.4s) ┃    8.66 ±  0.016 ·10⁺⁰³ (2.07mi) ┃
┃    8 -    10 ┃   45 -    46 ┃  3.9108 ± 0.0027 ·10⁺⁰³ ( 28.2s) ┃ -4.6211 ± 0.0042 ·10⁺⁰³ (4.21mi) ┃Vegas input parameters:
  ndim 7
  ncomp 1
  nvec 1
  epsrel 0
  epsabs 0
  flags 10
  seed 123456
  mineval 10000000
  maxeval 10000000
  nstart 1000000
  nincrease 1000000
  nbatch 5000
  gridno 0
  statefile ""

Iteration 1:  1000000 integrand evaluations so far
[1] 4510.77 +- 80.8282  	chisq 0 (0 df)

Iteration 2:  3000000 integrand evaluations so far
[1] 4686.02 +- 17.0147  	chisq 4.91938 (1 df)

Iteration 3:  6000000 integrand evaluations so far
[1] 4705.26 +- 10.1269  	chisq 6.89967 (2 df)

Iteration 4:  10000000 integrand evaluations so far
[1] 4708.86 +- 7.30965  	chisq 7.16252 (3 df)
  4.7089 ± 0.0073 ·10⁺⁰³ ( 33.4s) ┃  3.9986 ± 0.0089 ·10⁺⁰³ (5.24mi) ┃
┃    8 -    10 ┃   46 -    47 ┃ 1.33115 ± 0.00047 ·10⁺⁰³ (1.71mi) ┃-1.60646 ± 0.00016 ·10⁺⁰³ (7.66mi) ┃Vegas input parameters:
  ndim 7
  ncomp 1
  nvec 1
  epsrel 0
  epsabs 0
  flags 10
  seed 123456
  mineval 10000000
  maxeval 10000000
  nstart 1000000
  nincrease 1000000
  nbatch 5000
  gridno 0
  statefile ""

Iteration 1:  1000000 integrand evaluations so far
[1] 1597.28 +- 47.4315  	chisq 0 (0 df)

Iteration 2:  3000000 integrand evaluations so far
[1] 1626.82 +- 6.1048  	chisq 0.394573 (1 df)

Iteration 3:  6000000 integrand evaluations so far
[1] 1633.53 +- 3.89178  	chisq 2.42586 (2 df)

Iteration 4:  10000000 integrand evaluations so far
[1] 1632.75 +- 2.84498  	chisq 2.5105 (3 df)
  1.6328 ± 0.0028 ·10⁺⁰³ ( 31.9s) ┃  1.3574 ± 0.0029 ·10⁺⁰³ ( 9.9mi) ┃
┃    8 -    10 ┃   47 -    48 ┃  671.25 ±   0.25        (1.02mi) ┃ -820.36 ±   0.29        (15.2mi) ┃Vegas input parameters:
  ndim 7
  ncomp 1
  nvec 1
  epsrel 0
  epsabs 0
  flags 10
  seed 123456
  mineval 10000000
  maxeval 10000000
  nstart 1000000
  nincrease 1000000
  nbatch 5000
  gridno 0
  statefile ""

Iteration 1:  1000000 integrand evaluations so far
[1] 818.308 +- 33.3121  	chisq 0 (0 df)

Iteration 2:  3000000 integrand evaluations so far
[1] 830.075 +- 2.9204  	chisq 0.125734 (1 df)

Iteration 3:  6000000 integrand evaluations so far
[1] 832.733 +- 1.71002  	chisq 1.38623 (2 df)

Iteration 4:  10000000 integrand evaluations so far
[1] 832.527 +- 1.37283  	chisq 1.42678 (3 df)
   832.5 ±    1.4        ( 33.5s) ┃   683.4 ±    1.4        (16.7mi) ┃
┃    8 -    10 ┃   48 -    49 ┃  398.95 ±   0.13        ( 1.8mi) ┃-492.299 ±  0.044        (7.54mi) ┃Vegas input parameters:
  ndim 7
  ncomp 1
  nvec 1
  epsrel 0
  epsabs 0
  flags 10
  seed 123456
  mineval 10000000
  maxeval 10000000
  nstart 1000000
  nincrease 1000000
  nbatch 5000
  gridno 0
  statefile ""

Iteration 1:  1000000 integrand evaluations so far
[1] 537.658 +- 27.3179  	chisq 0 (0 df)

Iteration 2:  3000000 integrand evaluations so far
[1] 494.832 +- 1.82871  	chisq 2.46862 (1 df)

Iteration 3:  6000000 integrand evaluations so far
[1] 497.598 +- 1.0522  	chisq 5.88902 (2 df)

Iteration 4:  10000000 integrand evaluations so far
[1] 496.917 +- 0.749102  	chisq 6.74052 (3 df)
  496.92 ±   0.75        ( 32.1s) ┃  403.57 ±   0.76        (9.88mi) ┃
┃    8 -    10 ┃   49 -    50 ┃   251.1 ±   0.23        ( 1.9mi) ┃ -312.04 ±   0.23        (14.6mi) ┃Vegas input parameters:
  ndim 7
  ncomp 1
  nvec 1
  epsrel 0
  epsabs 0
  flags 10
  seed 123456
  mineval 10000000
  maxeval 10000000
  nstart 1000000
  nincrease 1000000
  nbatch 5000
  gridno 0
  statefile ""

Iteration 1:  1000000 integrand evaluations so far
[1] 349.023 +- 21.6339  	chisq 0 (0 df)

Iteration 2:  3000000 integrand evaluations so far
[1] 314.508 +- 1.09205  	chisq 2.55184 (1 df)

Iteration 3:  6000000 integrand evaluations so far
[1] 315.758 +- 0.633421  	chisq 4.5263 (2 df)

Iteration 4:  10000000 integrand evaluations so far
[1] 315.654 +- 0.459274  	chisq 4.58402 (3 df)
  315.65 ±   0.46        ( 32.7s) ┃  254.72 ±   0.56        (  17mi) ┃
┃    8 -    10 ┃   50 -    51 ┃ 160.487 ±  0.043        (7.98mi) ┃-200.697 ±  0.057        (14.2mi) ┃Vegas input parameters:
  ndim 7
  ncomp 1
  nvec 1
  epsrel 0
  epsabs 0
  flags 10
  seed 123456
  mineval 10000000
  maxeval 10000000
  nstart 1000000
  nincrease 1000000
  nbatch 5000
  gridno 0
  statefile ""

Iteration 1:  1000000 integrand evaluations so far
[1] 207.255 +- 16.3458  	chisq 0 (0 df)

Iteration 2:  3000000 integrand evaluations so far
[1] 202.732 +- 0.815203  	chisq 0.0767542 (1 df)

Iteration 3:  6000000 integrand evaluations so far
[1] 203.894 +- 0.446787  	chisq 2.98085 (2 df)

Iteration 4:  10000000 integrand evaluations so far
[1] 203.471 +- 0.303528  	chisq 4.64162 (3 df)
  203.47 ±    0.3        ( 33.3s) ┃  163.26 ±   0.31        (22.8mi) ┃
┃    8 -    10 ┃   51 -    52 ┃ 100.376 ±  0.097        (1.69mi) ┃-126.102 ±  0.051        (28.5mi) ┃Vegas input parameters:
  ndim 7
  ncomp 1
  nvec 1
  epsrel 0
  epsabs 0
  flags 10
  seed 123456
  mineval 10000000
  maxeval 10000000
  nstart 1000000
  nincrease 1000000
  nbatch 5000
  gridno 0
  statefile ""

Iteration 1:  1000000 integrand evaluations so far
[1] 162.182 +- 14.7433  	chisq 0 (0 df)

Iteration 2:  3000000 integrand evaluations so far
[1] 127.426 +- 0.731676  	chisq 5.57124 (1 df)

Iteration 3:  6000000 integrand evaluations so far
[1] 127.755 +- 0.322778  	chisq 5.8221 (2 df)

Iteration 4:  10000000 integrand evaluations so far
[1] 127.845 +- 0.20753  	chisq 5.95474 (3 df)
  127.84 ±   0.21        ( 31.6s) ┃  102.12 ±   0.23        (30.8mi) ┃
┃    8 -    10 ┃   52 -    53 ┃  58.238 ±  0.035        ( 3.9mi) ┃ -73.306 ±  0.048        (28.3mi) ┃Vegas input parameters:
  ndim 7
  ncomp 1
  nvec 1
  epsrel 0
  epsabs 0
  flags 10
  seed 123456
  mineval 10000000
  maxeval 10000000
  nstart 1000000
  nincrease 1000000
  nbatch 5000
  gridno 0
  statefile ""

Iteration 1:  1000000 integrand evaluations so far
[1] 79.3617 +- 10.0916  	chisq 0 (0 df)

Iteration 2:  3000000 integrand evaluations so far
[1] 74.3585 +- 0.607286  	chisq 0.246691 (1 df)

Iteration 3:  6000000 integrand evaluations so far
[1] 74.2031 +- 0.228864  	chisq 0.322964 (2 df)

Iteration 4:  10000000 integrand evaluations so far
[1] 74.3406 +- 0.130473  	chisq 0.857857 (3 df)
   74.34 ±   0.13        (   30s) ┃   59.27 ±   0.14        (32.7mi) ┃
┃    8 -    10 ┃   53 -    54 ┃  27.389 ±   0.02        (12.7mi) ┃ -34.391 ±  0.018        (56.6mi) ┃Vegas input parameters:
  ndim 7
  ncomp 1
  nvec 1
  epsrel 0
  epsabs 0
  flags 10
  seed 123456
  mineval 10000000
  maxeval 10000000
  nstart 1000000
  nincrease 1000000
  nbatch 5000
  gridno 0
  statefile ""

Iteration 1:  1000000 integrand evaluations so far
[1] 34.4541 +- 6.41477  	chisq 0 (0 df)

Iteration 2:  3000000 integrand evaluations so far
[1] 35.5735 +- 1.1167  	chisq 0.0314012 (1 df)

Iteration 3:  6000000 integrand evaluations so far
[1] 35.002 +- 0.28583  	chisq 0.311647 (2 df)

Iteration 4:  10000000 integrand evaluations so far
[1] 34.6662 +- 0.101245  	chisq 1.88995 (3 df)
   34.67 ±    0.1        ( 32.9s) ┃   27.66 ±    0.1        (1.16hr) ┃
┃    8 -    10 ┃   54 -    55 ┃  5.8491 ± 0.0048        (25.9mi) ┃  -7.206 ± 0.0035        (1.85hr) ┃Vegas input parameters:
  ndim 7
  ncomp 1
  nvec 1
  epsrel 0
  epsabs 0
  flags 10
  seed 123456
  mineval 10000000
  maxeval 10000000
  nstart 1000000
  nincrease 1000000
  nbatch 5000
  gridno 0
  statefile ""

Iteration 1:  1000000 integrand evaluations so far
[1] 11.8269 +- 3.9253  	chisq 0 (0 df)

Iteration 2:  3000000 integrand evaluations so far
[1] 5.46765 +- 1.1805  	chisq 2.8856 (1 df)

Iteration 3:  6000000 integrand evaluations so far
[1] 6.08137 +- 0.521357  	chisq 3.22137 (2 df)

Iteration 4:  10000000 integrand evaluations so far
[1] 7.05149 +- 0.23279  	chisq 7.54598 (3 df)
    7.05 ±   0.23        ( 32.4s) ┃    5.69 ±   0.23        (2.29hr) ┃
┃    8 -    10 ┃   55 -    56 ┃0.041817 ± 2.8e-05        (1.71hr) ┃-0.049474 ± 2.7e-05        ( 7.5hr) ┃Vegas input parameters:
  ndim 7
  ncomp 1
  nvec 1
  epsrel 0
  epsabs 0
  flags 10
  seed 123456
  mineval 10000000
  maxeval 10000000
  nstart 1000000
  nincrease 1000000
  nbatch 5000
  gridno 0
  statefile ""

Iteration 1:  1000000 integrand evaluations so far
[1] 0 +- 2.22045e-19  	chisq 0 (0 df)

Iteration 2:  3000000 integrand evaluations so far
[1] 0 +- 1.28198e-19  	chisq 0 (1 df)

Iteration 3:  6000000 integrand evaluations so far
[1] 0 +- 9.06494e-20  	chisq 0 (2 df)

Iteration 4:  10000000 integrand evaluations so far
[1] 0 +- 7.02167e-20  	chisq 0 (3 df)
       0 ±   0.07 ·10⁻¹⁸ ( 30.3s) ┃  -7.657 ±  0.039 ·10⁻⁰³ (9.21hr) ┃
┃    8 -    10 ┃   56 -    57 ┃       0 ±      0        ( 740ms) ┃       0 ±      0        ( 228ms) ┃Vegas input parameters:
  ndim 7
  ncomp 1
  nvec 1
  epsrel 0
  epsabs 0
  flags 10
  seed 123456
  mineval 10000000
  maxeval 10000000
  nstart 1000000
  nincrease 1000000
  nbatch 5000
  gridno 0
  statefile ""

Iteration 1:  1000000 integrand evaluations so far
[1] 0 +- 2.22045e-19  	chisq 0 (0 df)

Iteration 2:  3000000 integrand evaluations so far
[1] 0 +- 1.28198e-19  	chisq 0 (1 df)

Iteration 3:  6000000 integrand evaluations so far
[1] 0 +- 9.06494e-20  	chisq 0 (2 df)

Iteration 4:  10000000 integrand evaluations so far
[1] 0 +- 7.02167e-20  	chisq 0 (3 df)
       0 ±   0.07 ·10⁻¹⁸ ( 30.8s) ┃       0 ±   0.07 ·10⁻¹⁸ ( 31.7s) ┃
┃    8 -    10 ┃   57 -    58 ┃       0 ±      0        ( 657ms) ┃       0 ±      0        ( 194ms) ┃Vegas input parameters:
  ndim 7
  ncomp 1
  nvec 1
  epsrel 0
  epsabs 0
  flags 10
  seed 123456
  mineval 10000000
  maxeval 10000000
  nstart 1000000
  nincrease 1000000
  nbatch 5000
  gridno 0
  statefile ""

Iteration 1:  1000000 integrand evaluations so far
[1] 0 +- 2.22045e-19  	chisq 0 (0 df)

Iteration 2:  3000000 integrand evaluations so far
[1] 0 +- 1.28198e-19  	chisq 0 (1 df)

Iteration 3:  6000000 integrand evaluations so far
[1] 0 +- 9.06494e-20  	chisq 0 (2 df)

Iteration 4:  10000000 integrand evaluations so far
[1] 0 +- 7.02167e-20  	chisq 0 (3 df)
       0 ±   0.07 ·10⁻¹⁸ ( 29.8s) ┃       0 ±   0.07 ·10⁻¹⁸ ( 30.6s) ┃
┃    8 -    10 ┃   58 -    59 ┃       0 ±      0        ( 783ms) ┃       0 ±      0        ( 235ms) ┃Vegas input parameters:
  ndim 7
  ncomp 1
  nvec 1
  epsrel 0
  epsabs 0
  flags 10
  seed 123456
  mineval 10000000
  maxeval 10000000
  nstart 1000000
  nincrease 1000000
  nbatch 5000
  gridno 0
  statefile ""

Iteration 1:  1000000 integrand evaluations so far
[1] 0 +- 2.22045e-19  	chisq 0 (0 df)

Iteration 2:  3000000 integrand evaluations so far
[1] 0 +- 1.28198e-19  	chisq 0 (1 df)

Iteration 3:  6000000 integrand evaluations so far
[1] 0 +- 9.06494e-20  	chisq 0 (2 df)

Iteration 4:  10000000 integrand evaluations so far
[1] 0 +- 7.02167e-20  	chisq 0 (3 df)
       0 ±   0.07 ·10⁻¹⁸ ( 30.5s) ┃       0 ±   0.07 ·10⁻¹⁸ ( 31.5s) ┃
┃    8 -    10 ┃   59 -    60 ┃       0 ±      0        ( 747ms) ┃       0 ±      0        ( 217ms) ┃Vegas input parameters:
  ndim 7
  ncomp 1
  nvec 1
  epsrel 0
  epsabs 0
  flags 10
  seed 123456
  mineval 10000000
  maxeval 10000000
  nstart 1000000
  nincrease 1000000
  nbatch 5000
  gridno 0
  statefile ""

Iteration 1:  1000000 integrand evaluations so far
[1] 0 +- 2.22045e-19  	chisq 0 (0 df)

Iteration 2:  3000000 integrand evaluations so far
[1] 0 +- 1.28198e-19  	chisq 0 (1 df)

Iteration 3:  6000000 integrand evaluations so far
[1] 0 +- 9.06494e-20  	chisq 0 (2 df)

Iteration 4:  10000000 integrand evaluations so far
[1] 0 +- 7.02167e-20  	chisq 0 (3 df)
       0 ±   0.07 ·10⁻¹⁸ (   30s) ┃       0 ±   0.07 ·10⁻¹⁸ ( 30.9s) ┃
┃   10 -    12 ┃   25 -    26 ┃ 2.52364 ± 0.00098 ·10⁺⁰³ ( 2.78s) ┃-2.62521 ± 0.00025 ·10⁺⁰³ (2.46mi) ┃Vegas input parameters:
  ndim 7
  ncomp 1
  nvec 1
  epsrel 0
  epsabs 0
  flags 10
  seed 123456
  mineval 10000000
  maxeval 10000000
  nstart 1000000
  nincrease 1000000
  nbatch 5000
  gridno 0
  statefile ""

Iteration 1:  1000000 integrand evaluations so far
[1] 2552.83 +- 65.0952  	chisq 0 (0 df)

Iteration 2:  3000000 integrand evaluations so far
[1] 2650.33 +- 9.45491  	chisq 2.29163 (1 df)

Iteration 3:  6000000 integrand evaluations so far
[1] 2650.33 +- 6.0277  	chisq 2.29163 (2 df)

Iteration 4:  10000000 integrand evaluations so far
[1] 2653.9 +- 4.70877  	chisq 3.1915 (3 df)
  2.6539 ± 0.0047 ·10⁺⁰³ ( 32.5s) ┃  2.5523 ± 0.0048 ·10⁺⁰³ (3.05mi) ┃
┃   10 -    12 ┃   26 -    27 ┃    2.84 ± 0.0028 ·10⁺⁰³ ( 17.7s) ┃ -3.0156 ± 0.0011 ·10⁺⁰³ (2.37mi) ┃Vegas input parameters:
  ndim 7
  ncomp 1
  nvec 1
  epsrel 0
  epsabs 0
  flags 10
  seed 123456
  mineval 10000000
  maxeval 10000000
  nstart 1000000
  nincrease 1000000
  nbatch 5000
  gridno 0
  statefile ""

Iteration 1:  1000000 integrand evaluations so far
[1] 2984.34 +- 70.0022  	chisq 0 (0 df)

Iteration 2:  3000000 integrand evaluations so far
[1] 2985.43 +- 10.8942  	chisq 0.000245398 (1 df)

Iteration 3:  6000000 integrand evaluations so far
[1] 2985.75 +- 6.51492  	chisq 0.00159595 (2 df)

Iteration 4:  10000000 integrand evaluations so far
[1] 2987.78 +- 4.71605  	chisq 0.205411 (3 df)
  2.9878 ± 0.0047 ·10⁺⁰³ (   33s) ┃  2.8122 ± 0.0056 ·10⁺⁰³ (3.22mi) ┃
┃   10 -    12 ┃   27 -    28 ┃  3.1816 ± 0.0028 ·10⁺⁰³ (  5.2s) ┃  -3.347 ± 0.0029 ·10⁺⁰³ (9.76mi) ┃Vegas input parameters:
  ndim 7
  ncomp 1
  nvec 1
  epsrel 0
  epsabs 0
  flags 10
  seed 123456
  mineval 10000000
  maxeval 10000000
  nstart 1000000
  nincrease 1000000
  nbatch 5000
  gridno 0
  statefile ""

Iteration 1:  1000000 integrand evaluations so far
[1] 3296.88 +- 72.5026  	chisq 0 (0 df)

Iteration 2:  3000000 integrand evaluations so far
[1] 3362.32 +- 11.6803  	chisq 0.836291 (1 df)

Iteration 3:  6000000 integrand evaluations so far
[1] 3365.64 +- 7.24856  	chisq 0.968344 (2 df)

Iteration 4:  10000000 integrand evaluations so far
[1] 3370.49 +- 5.65424  	chisq 2.10866 (3 df)
  3.3705 ± 0.0057 ·10⁺⁰³ ( 32.2s) ┃  3.2051 ±  0.007 ·10⁺⁰³ (10.4mi) ┃
┃   10 -    12 ┃   28 -    29 ┃  3.6195 ± 0.0036 ·10⁺⁰³ ( 8.78s) ┃ -3.7812 ± 0.0019 ·10⁺⁰³ (2.62mi) ┃Vegas input parameters:
  ndim 7
  ncomp 1
  nvec 1
  epsrel 0
  epsabs 0
  flags 10
  seed 123456
  mineval 10000000
  maxeval 10000000
  nstart 1000000
  nincrease 1000000
  nbatch 5000
  gridno 0
  statefile ""

Iteration 1:  1000000 integrand evaluations so far
[1] 3636.62 +- 75.0609  	chisq 0 (0 df)

Iteration 2:  3000000 integrand evaluations so far
[1] 3779.51 +- 13.4586  	chisq 3.74404 (1 df)

Iteration 3:  6000000 integrand evaluations so far
[1] 3790.49 +- 8.19364  	chisq 4.80246 (2 df)

Iteration 4:  10000000 integrand evaluations so far
[1] 3792.63 +- 6.34296  	chisq 4.97288 (3 df)
  3.7926 ± 0.0063 ·10⁺⁰³ (   33s) ┃  3.6309 ± 0.0075 ·10⁺⁰³ (3.31mi) ┃
┃   10 -    12 ┃   29 -    30 ┃  4.0744 ± 0.0037 ·10⁺⁰³ ( 1.97s) ┃ -4.2611 ± 0.0027 ·10⁺⁰³ (1.41mi) ┃Vegas input parameters:
  ndim 7
  ncomp 1
  nvec 1
  epsrel 0
  epsabs 0
  flags 10
  seed 123456
  mineval 10000000
  maxeval 10000000
  nstart 1000000
  nincrease 1000000
  nbatch 5000
  gridno 0
  statefile ""

Iteration 1:  1000000 integrand evaluations so far
[1] 4375.65 +- 81.5557  	chisq 0 (0 df)

Iteration 2:  3000000 integrand evaluations so far
[1] 4270.7 +- 15.2467  	chisq 1.71581 (1 df)

Iteration 3:  6000000 integrand evaluations so far
[1] 4287.76 +- 9.55274  	chisq 3.77592 (2 df)

Iteration 4:  10000000 integrand evaluations so far
[1] 4283.84 +- 7.13611  	chisq 4.15711 (3 df)
  4.2838 ± 0.0071 ·10⁺⁰³ ( 31.2s) ┃  4.0971 ± 0.0085 ·10⁺⁰³ (1.96mi) ┃
┃   10 -    12 ┃   30 -    31 ┃  4.5875 ± 0.0026 ·10⁺⁰³ ( 15.2s) ┃ -4.8113 ± 0.0043 ·10⁺⁰³ ( 1.3mi) ┃Vegas input parameters:
  ndim 7
  ncomp 1
  nvec 1
  epsrel 0
  epsabs 0
  flags 10
  seed 123456
  mineval 10000000
  maxeval 10000000
  nstart 1000000
  nincrease 1000000
  nbatch 5000
  gridno 0
  statefile ""

Iteration 1:  1000000 integrand evaluations so far
[1] 4913.18 +- 85.4952  	chisq 0 (0 df)

Iteration 2:  3000000 integrand evaluations so far
[1] 4806.07 +- 16.1347  	chisq 1.62751 (1 df)

Iteration 3:  6000000 integrand evaluations so far
[1] 4834.27 +- 10.1284  	chisq 6.67074 (2 df)

Iteration 4:  10000000 integrand evaluations so far
[1] 4842.54 +- 7.71875  	chisq 8.26031 (3 df)
  4.8425 ± 0.0077 ·10⁺⁰³ ( 31.6s) ┃  4.6187 ± 0.0092 ·10⁺⁰³ (2.08mi) ┃
┃   10 -    12 ┃   31 -    32 ┃  5.2602 ± 0.0016 ·10⁺⁰³ ( 2.96s) ┃ -5.5099 ± 0.0031 ·10⁺⁰³ ( 45.2s) ┃Vegas input parameters:
  ndim 7
  ncomp 1
  nvec 1
  epsrel 0
  epsabs 0
  flags 10
  seed 123456
  mineval 10000000
  maxeval 10000000
  nstart 1000000
  nincrease 1000000
  nbatch 5000
  gridno 0
  statefile ""

Iteration 1:  1000000 integrand evaluations so far
[1] 5324.35 +- 87.2174  	chisq 0 (0 df)

Iteration 2:  3000000 integrand evaluations so far
[1] 5489.66 +- 18.3431  	chisq 3.75887 (1 df)

Iteration 3:  6000000 integrand evaluations so far
[1] 5510.47 +- 11.2869  	chisq 5.8299 (2 df)

Iteration 4:  10000000 integrand evaluations so far
[1] 5522.43 +- 8.58677  	chisq 8.49541 (3 df)
  5.5224 ± 0.0086 ·10⁺⁰³ ( 31.6s) ┃  5.2727 ± 0.0093 ·10⁺⁰³ (1.33mi) ┃
┃   10 -    12 ┃   32 -    33 ┃  6.0985 ± 0.0033 ·10⁺⁰³ ( 3.04s) ┃ -6.3561 ± 0.0022 ·10⁺⁰³ (1.41mi) ┃Vegas input parameters:
  ndim 7
  ncomp 1
  nvec 1
  epsrel 0
  epsabs 0
  flags 10
  seed 123456
  mineval 10000000
  maxeval 10000000
  nstart 1000000
  nincrease 1000000
  nbatch 5000
  gridno 0
  statefile ""

Iteration 1:  1000000 integrand evaluations so far
[1] 6479.87 +- 95.2458  	chisq 0 (0 df)

Iteration 2:  3000000 integrand evaluations so far
[1] 6364.04 +- 21.0598  	chisq 1.55495 (1 df)

Iteration 3:  6000000 integrand evaluations so far
[1] 6395.79 +- 13.0389  	chisq 5.24074 (2 df)

Iteration 4:  10000000 integrand evaluations so far
[1] 6407.33 +- 9.73364  	chisq 7.01174 (3 df)
  6.4073 ± 0.0097 ·10⁺⁰³ ( 31.3s) ┃    6.15 ±  0.011 ·10⁺⁰³ (1.98mi) ┃
┃   10 -    12 ┃   33 -    34 ┃  7.2385 ± 0.0051 ·10⁺⁰³ ( 5.05s) ┃  -7.544 ± 0.0053 ·10⁺⁰³ (1.58mi) ┃Vegas input parameters:
  ndim 7
  ncomp 1
  nvec 1
  epsrel 0
  epsabs 0
  flags 10
  seed 123456
  mineval 10000000
  maxeval 10000000
  nstart 1000000
  nincrease 1000000
  nbatch 5000
  gridno 0
  statefile ""

Iteration 1:  1000000 integrand evaluations so far
[1] 7609.82 +- 101.742  	chisq 0 (0 df)

Iteration 2:  3000000 integrand evaluations so far
[1] 7586.57 +- 24.6729  	chisq 0.0554859 (1 df)

Iteration 3:  6000000 integrand evaluations so far
[1] 7613.95 +- 15.2355  	chisq 2.04655 (2 df)

Iteration 4:  10000000 integrand evaluations so far
[1] 7620.29 +- 11.2262  	chisq 2.42535 (3 df)
    7.62 ±  0.011 ·10⁺⁰³ ( 33.9s) ┃   7.315 ±  0.013 ·10⁺⁰³ (2.23mi) ┃
┃   10 -    12 ┃   34 -    35 ┃   9.421 ± 0.0025 ·10⁺⁰³ (  8.8s) ┃ -9.8166 ± 0.0042 ·10⁺⁰³ ( 48.7s) ┃Vegas input parameters:
  ndim 7
  ncomp 1
  nvec 1
  epsrel 0
  epsabs 0
  flags 10
  seed 123456
  mineval 10000000
  maxeval 10000000
  nstart 1000000
  nincrease 1000000
  nbatch 5000
  gridno 0
  statefile ""

Iteration 1:  1000000 integrand evaluations so far
[1] 9970.7 +- 113.68  	chisq 0 (0 df)

Iteration 2:  3000000 integrand evaluations so far
[1] 9934.07 +- 30.913  	chisq 0.112118 (1 df)

Iteration 3:  6000000 integrand evaluations so far
[1] 9964.57 +- 19.9986  	chisq 1.7854 (2 df)

Iteration 4:  10000000 integrand evaluations so far
[1] 9988.02 +- 14.7379  	chisq 4.79457 (3 df)
   9.988 ±  0.015 ·10⁺⁰³ (   35s) ┃   9.592 ±  0.016 ·10⁺⁰³ (1.54mi) ┃
┃   10 -    12 ┃   35 -    36 ┃ 11.8316 ± 0.0096 ·10⁺⁰³ ( 15.3s) ┃-12.3438 ± 0.0053 ·10⁺⁰³ (5.99mi) ┃Vegas input parameters:
  ndim 7
  ncomp 1
  nvec 1
  epsrel 0
  epsabs 0
  flags 10
  seed 123456
  mineval 10000000
  maxeval 10000000
  nstart 1000000
  nincrease 1000000
  nbatch 5000
  gridno 0
  statefile ""

Iteration 1:  1000000 integrand evaluations so far
[1] 12663.9 +- 126.397  	chisq 0 (0 df)

Iteration 2:  3000000 integrand evaluations so far
[1] 12577.7 +- 34.4947  	chisq 0.50236 (1 df)

Iteration 3:  6000000 integrand evaluations so far
[1] 12589.9 +- 21.7685  	chisq 0.712395 (2 df)

Iteration 4:  10000000 integrand evaluations so far
[1] 12577.3 +- 16.2276  	chisq 1.47017 (3 df)
  12.577 ±  0.016 ·10⁺⁰³ ( 32.5s) ┃  12.065 ±   0.02 ·10⁺⁰³ (6.78mi) ┃
┃   10 -    12 ┃   36 -    37 ┃ 10.6618 ± 0.0073 ·10⁺⁰³ ( 32.4s) ┃-11.1535 ± 0.0064 ·10⁺⁰³ (2.89mi) ┃Vegas input parameters:
  ndim 7
  ncomp 1
  nvec 1
  epsrel 0
  epsabs 0
  flags 10
  seed 123456
  mineval 10000000
  maxeval 10000000
  nstart 1000000
  nincrease 1000000
  nbatch 5000
  gridno 0
  statefile ""

Iteration 1:  1000000 integrand evaluations so far
[1] 11334.6 +- 119.013  	chisq 0 (0 df)

Iteration 2:  3000000 integrand evaluations so far
[1] 11306.5 +- 32.7696  	chisq 0.0603847 (1 df)

Iteration 3:  6000000 integrand evaluations so far
[1] 11242.4 +- 21.0907  	chisq 6.60592 (2 df)

Iteration 4:  10000000 integrand evaluations so far
[1] 11230.3 +- 15.6962  	chisq 7.33823 (3 df)
   11.23 ±  0.016 ·10⁺⁰³ ( 32.8s) ┃  10.739 ±  0.018 ·10⁺⁰³ (3.97mi) ┃
┃   10 -    12 ┃   37 -    38 ┃  9.6055 ± 0.0018 ·10⁺⁰³ ( 20.9s) ┃-10.0302 ± 0.0014 ·10⁺⁰³ (5.76mi) ┃Vegas input parameters:
  ndim 7
  ncomp 1
  nvec 1
  epsrel 0
  epsabs 0
  flags 10
  seed 123456
  mineval 10000000
  maxeval 10000000
  nstart 1000000
  nincrease 1000000
  nbatch 5000
  gridno 0
  statefile ""

Iteration 1:  1000000 integrand evaluations so far
[1] 10077.7 +- 112.278  	chisq 0 (0 df)

Iteration 2:  3000000 integrand evaluations so far
[1] 10066.7 +- 30.8111  	chisq 0.0104213 (1 df)

Iteration 3:  6000000 integrand evaluations so far
[1] 10063.4 +- 19.8913  	chisq 0.0301973 (2 df)

Iteration 4:  10000000 integrand evaluations so far
[1] 10063.3 +- 14.6244  	chisq 0.0302149 (3 df)
  10.063 ±  0.015 ·10⁺⁰³ ( 32.5s) ┃   9.639 ±  0.015 ·10⁺⁰³ (6.65mi) ┃
┃   10 -    12 ┃   38 -    39 ┃  8.8907 ± 0.0073 ·10⁺⁰³ ( 5.46s) ┃  -9.288 ± 0.0026 ·10⁺⁰³ (11.2mi) ┃Vegas input parameters:
  ndim 7
  ncomp 1
  nvec 1
  epsrel 0
  epsabs 0
  flags 10
  seed 123456
  mineval 10000000
  maxeval 10000000
  nstart 1000000
  nincrease 1000000
  nbatch 5000
  gridno 0
  statefile ""

Iteration 1:  1000000 integrand evaluations so far
[1] 9368.24 +- 107.92  	chisq 0 (0 df)

Iteration 2:  3000000 integrand evaluations so far
[1] 9324.67 +- 28.9951  	chisq 0.175622 (1 df)

Iteration 3:  6000000 integrand evaluations so far
[1] 9310.13 +- 18.6662  	chisq 0.605591 (2 df)

Iteration 4:  10000000 integrand evaluations so far
[1] 9301.52 +- 13.8549  	chisq 1.07924 (3 df)
   9.302 ±  0.014 ·10⁺⁰³ ( 32.4s) ┃   8.904 ±  0.016 ·10⁺⁰³ (11.9mi) ┃
┃   10 -    12 ┃   39 -    40 ┃   8.416 ± 0.0079 ·10⁺⁰³ ( 20.6s) ┃ -8.7658 ± 0.00078 ·10⁺⁰³ (10.8mi) ┃Vegas input parameters:
  ndim 7
  ncomp 1
  nvec 1
  epsrel 0
  epsabs 0
  flags 10
  seed 123456
  mineval 10000000
  maxeval 10000000
  nstart 1000000
  nincrease 1000000
  nbatch 5000
  gridno 0
  statefile ""

Iteration 1:  1000000 integrand evaluations so far
[1] 8667.34 +- 103.121  	chisq 0 (0 df)

Iteration 2:  3000000 integrand evaluations so far
[1] 8827.7 +- 28.7401  	chisq 2.62188 (1 df)

Iteration 3:  6000000 integrand evaluations so far
[1] 8780.49 +- 17.6721  	chisq 6.96036 (2 df)

Iteration 4:  10000000 integrand evaluations so far
[1] 8775.63 +- 12.9844  	chisq 7.12486 (3 df)
   8.776 ±  0.013 ·10⁺⁰³ ( 33.5s) ┃   8.426 ±  0.015 ·10⁺⁰³ (11.7mi) ┃
┃   10 -    12 ┃   40 -    41 ┃  8.0009 ± 0.0061 ·10⁺⁰³ ( 40.2s) ┃ -8.3498 ± 0.0078 ·10⁺⁰³ (10.5mi) ┃Vegas input parameters:
  ndim 7
  ncomp 1
  nvec 1
  epsrel 0
  epsabs 0
  flags 10
  seed 123456
  mineval 10000000
  maxeval 10000000
  nstart 1000000
  nincrease 1000000
  nbatch 5000
  gridno 0
  statefile ""

Iteration 1:  1000000 integrand evaluations so far
[1] 8373.57 +- 100.827  	chisq 0 (0 df)

Iteration 2:  3000000 integrand evaluations so far
[1] 8384.82 +- 26.5134  	chisq 0.0133625 (1 df)

Iteration 3:  6000000 integrand evaluations so far
[1] 8375.12 +- 16.4839  	chisq 0.231499 (2 df)

Iteration 4:  10000000 integrand evaluations so far
[1] 8373.94 +- 12.4953  	chisq 0.243461 (3 df)
   8.374 ±  0.012 ·10⁺⁰³ ( 35.5s) ┃   8.025 ±  0.016 ·10⁺⁰³ (11.7mi) ┃
┃   10 -    12 ┃   41 -    42 ┃  7.7183 ± 0.0031 ·10⁺⁰³ ( 34.2s) ┃ -8.0241 ± 0.0037 ·10⁺⁰³ (1.37mi) ┃Vegas input parameters:
  ndim 7
  ncomp 1
  nvec 1
  epsrel 0
  epsabs 0
  flags 10
  seed 123456
  mineval 10000000
  maxeval 10000000
  nstart 1000000
  nincrease 1000000
  nbatch 5000
  gridno 0
  statefile ""

Iteration 1:  1000000 integrand evaluations so far
[1] 8051.42 +- 98.2879  	chisq 0 (0 df)

Iteration 2:  3000000 integrand evaluations so far
[1] 8124.44 +- 25.3437  	chisq 0.591305 (1 df)

Iteration 3:  6000000 integrand evaluations so far
[1] 8099.22 +- 15.9049  	chisq 2.2259 (2 df)

Iteration 4:  10000000 integrand evaluations so far
[1] 8090.76 +- 11.811  	chisq 2.8566 (3 df)
   8.091 ±  0.012 ·10⁺⁰³ ( 31.9s) ┃   7.785 ±  0.013 ·10⁺⁰³ (2.47mi) ┃
┃   10 -    12 ┃   42 -    43 ┃  7.4749 ± 0.0037 ·10⁺⁰³ (   19s) ┃ -7.7937 ± 0.0045 ·10⁺⁰³ (  10mi) ┃Vegas input parameters:
  ndim 7
  ncomp 1
  nvec 1
  epsrel 0
  epsabs 0
  flags 10
  seed 123456
  mineval 10000000
  maxeval 10000000
  nstart 1000000
  nincrease 1000000
  nbatch 5000
  gridno 0
  statefile ""

Iteration 1:  1000000 integrand evaluations so far
[1] 7852.32 +- 96.6316  	chisq 0 (0 df)

Iteration 2:  3000000 integrand evaluations so far
[1] 7846.83 +- 24.3113  	chisq 0.00345182 (1 df)

Iteration 3:  6000000 integrand evaluations so far
[1] 7873.13 +- 15.0975  	chisq 1.90834 (2 df)

Iteration 4:  10000000 integrand evaluations so far
[1] 7874.55 +- 11.1326  	chisq 1.92792 (3 df)
   7.875 ±  0.011 ·10⁺⁰³ ( 32.4s) ┃   7.556 ±  0.013 ·10⁺⁰³ (10.9mi) ┃
┃   10 -    12 ┃   43 -    44 ┃  7.2799 ± 0.0029 ·10⁺⁰³ ( 29.1s) ┃ -7.5726 ± 0.0013 ·10⁺⁰³ (4.98mi) ┃Vegas input parameters:
  ndim 7
  ncomp 1
  nvec 1
  epsrel 0
  epsabs 0
  flags 10
  seed 123456
  mineval 10000000
  maxeval 10000000
  nstart 1000000
  nincrease 1000000
  nbatch 5000
  gridno 0
  statefile ""

Iteration 1:  1000000 integrand evaluations so far
[1] 7879.49 +- 96.0715  	chisq 0 (0 df)

Iteration 2:  3000000 integrand evaluations so far
[1] 7703.36 +- 23.154  	chisq 3.56823 (1 df)

Iteration 3:  6000000 integrand evaluations so far
[1] 7710.16 +- 14.3639  	chisq 3.70842 (2 df)

Iteration 4:  10000000 integrand evaluations so far
[1] 7711.44 +- 10.7224  	chisq 3.72634 (3 df)
   7.711 ±  0.011 ·10⁺⁰³ ( 35.1s) ┃   7.419 ±  0.011 ·10⁺⁰³ (6.05mi) ┃
┃   10 -    12 ┃   44 -    45 ┃  7.1419 ± 0.0038 ·10⁺⁰³ ( 16.7s) ┃ -7.4162 ± 0.0056 ·10⁺⁰³ (4.77mi) ┃Vegas input parameters:
  ndim 7
  ncomp 1
  nvec 1
  epsrel 0
  epsabs 0
  flags 10
  seed 123456
  mineval 10000000
  maxeval 10000000
  nstart 1000000
  nincrease 1000000
  nbatch 5000
  gridno 0
  statefile ""

Iteration 1:  1000000 integrand evaluations so far
[1] 7462.79 +- 92.7094  	chisq 0 (0 df)

Iteration 2:  3000000 integrand evaluations so far
[1] 7536.78 +- 21.9849  	chisq 0.674785 (1 df)

Iteration 3:  6000000 integrand evaluations so far
[1] 7575.25 +- 13.5111  	chisq 5.5972 (2 df)

Iteration 4:  10000000 integrand evaluations so far
[1] 7577.9 +- 10.0521  	chisq 5.68282 (3 df)
   7.578 ±   0.01 ·10⁺⁰³ ( 32.7s) ┃   7.304 ±  0.012 ·10⁺⁰³ ( 5.6mi) ┃
┃   10 -    12 ┃   45 -    46 ┃  6.6601 ± 0.0019 ·10⁺⁰³ ( 29.5s) ┃ -6.9021 ± 0.0053 ·10⁺⁰³ (4.51mi) ┃Vegas input parameters:
  ndim 7
  ncomp 1
  nvec 1
  epsrel 0
  epsabs 0
  flags 10
  seed 123456
  mineval 10000000
  maxeval 10000000
  nstart 1000000
  nincrease 1000000
  nbatch 5000
  gridno 0
  statefile ""

Iteration 1:  1000000 integrand evaluations so far
[1] 7018.91 +- 89.311  	chisq 0 (0 df)

Iteration 2:  3000000 integrand evaluations so far
[1] 7104.52 +- 20.438  	chisq 0.96959 (1 df)

Iteration 3:  6000000 integrand evaluations so far
[1] 7124.1 +- 12.4223  	chisq 2.42556 (2 df)

Iteration 4:  10000000 integrand evaluations so far
[1] 7118.62 +- 9.17051  	chisq 2.85378 (3 df)
  7.1186 ± 0.0092 ·10⁺⁰³ ( 32.1s) ┃   6.877 ±  0.011 ·10⁺⁰³ (5.54mi) ┃
┃   10 -    12 ┃   46 -    47 ┃  3.4291 ± 0.0024 ·10⁺⁰³ ( 52.8s) ┃ -3.5193 ± 0.0035 ·10⁺⁰³ (4.04mi) ┃Vegas input parameters:
  ndim 7
  ncomp 1
  nvec 1
  epsrel 0
  epsabs 0
  flags 10
  seed 123456
  mineval 10000000
  maxeval 10000000
  nstart 1000000
  nincrease 1000000
  nbatch 5000
  gridno 0
  statefile ""

Iteration 1:  1000000 integrand evaluations so far
[1] 3534.39 +- 63.0515  	chisq 0 (0 df)

Iteration 2:  3000000 integrand evaluations so far
[1] 3621.88 +- 13.4083  	chisq 2.01679 (1 df)

Iteration 3:  6000000 integrand evaluations so far
[1] 3637.68 +- 7.94215  	chisq 4.15542 (2 df)

Iteration 4:  10000000 integrand evaluations so far
[1] 3641.54 +- 5.79761  	chisq 4.66101 (3 df)
  3.6415 ± 0.0058 ·10⁺⁰³ ( 31.9s) ┃  3.5513 ± 0.0072 ·10⁺⁰³ (5.45mi) ┃
┃   10 -    12 ┃   47 -    48 ┃ 1.12818 ± 0.00097 ·10⁺⁰³ (1.71mi) ┃-1.17617 ± 0.00024 ·10⁺⁰³ (15.3mi) ┃Vegas input parameters:
  ndim 7
  ncomp 1
  nvec 1
  epsrel 0
  epsabs 0
  flags 10
  seed 123456
  mineval 10000000
  maxeval 10000000
  nstart 1000000
  nincrease 1000000
  nbatch 5000
  gridno 0
  statefile ""

Iteration 1:  1000000 integrand evaluations so far
[1] 1173.78 +- 35.8235  	chisq 0 (0 df)

Iteration 2:  3000000 integrand evaluations so far
[1] 1206.37 +- 4.91733  	chisq 0.843587 (1 df)

Iteration 3:  6000000 integrand evaluations so far
[1] 1207.94 +- 2.98055  	chisq 1.00453 (2 df)

Iteration 4:  10000000 integrand evaluations so far
[1] 1207.41 +- 2.2149  	chisq 1.07436 (3 df)
  1.2074 ± 0.0022 ·10⁺⁰³ ( 32.2s) ┃  1.1594 ± 0.0024 ·10⁺⁰³ (17.5mi) ┃
┃   10 -    12 ┃   48 -    49 ┃ 548.019 ±  0.048        (6.58mi) ┃ -579.91 ±   0.23        (7.53mi) ┃Vegas input parameters:
  ndim 7
  ncomp 1
  nvec 1
  epsrel 0
  epsabs 0
  flags 10
  seed 123456
  mineval 10000000
  maxeval 10000000
  nstart 1000000
  nincrease 1000000
  nbatch 5000
  gridno 0
  statefile ""

Iteration 1:  1000000 integrand evaluations so far
[1] 580.032 +- 24.8573  	chisq 0 (0 df)

Iteration 2:  3000000 integrand evaluations so far
[1] 591.218 +- 2.21862  	chisq 0.204149 (1 df)

Iteration 3:  6000000 integrand evaluations so far
[1] 593.628 +- 1.77516  	chisq 3.48321 (2 df)

Iteration 4:  10000000 integrand evaluations so far
[1] 591.52 +- 1.27764  	chisq 6.40918 (3 df)
   591.5 ±    1.3        ( 33.1s) ┃   559.6 ±    1.3        (14.7mi) ┃
┃   10 -    12 ┃   49 -    50 ┃  321.22 ±   0.24        (3.15mi) ┃-342.277 ±  0.087        ( 7.5mi) ┃Vegas input parameters:
  ndim 7
  ncomp 1
  nvec 1
  epsrel 0
  epsabs 0
  flags 10
  seed 123456
  mineval 10000000
  maxeval 10000000
  nstart 1000000
  nincrease 1000000
  nbatch 5000
  gridno 0
  statefile ""

Iteration 1:  1000000 integrand evaluations so far
[1] 372.782 +- 19.8325  	chisq 0 (0 df)

Iteration 2:  3000000 integrand evaluations so far
[1] 349.12 +- 1.34628  	chisq 1.43009 (1 df)

Iteration 3:  6000000 integrand evaluations so far
[1] 350.561 +- 0.784685  	chisq 3.16493 (2 df)

Iteration 4:  10000000 integrand evaluations so far
[1] 350.162 +- 0.552431  	chisq 3.67546 (3 df)
  350.16 ±   0.55        ( 31.5s) ┃   329.1 ±   0.61        (11.2mi) ┃
┃   10 -    12 ┃   50 -    51 ┃ 202.148 ±  0.051        (3.15mi) ┃ -216.94 ±   0.16        (14.7mi) ┃Vegas input parameters:
  ndim 7
  ncomp 1
  nvec 1
  epsrel 0
  epsabs 0
  flags 10
  seed 123456
  mineval 10000000
  maxeval 10000000
  nstart 1000000
  nincrease 1000000
  nbatch 5000
  gridno 0
  statefile ""

Iteration 1:  1000000 integrand evaluations so far
[1] 230.465 +- 15.4989  	chisq 0 (0 df)

Iteration 2:  3000000 integrand evaluations so far
[1] 220.546 +- 0.833958  	chisq 0.41075 (1 df)

Iteration 3:  6000000 integrand evaluations so far
[1] 221.591 +- 0.484625  	chisq 2.78027 (2 df)

Iteration 4:  10000000 integrand evaluations so far
[1] 221.819 +- 0.344263  	chisq 3.2283 (3 df)
  221.82 ±   0.34        (   34s) ┃  207.03 ±   0.38        (18.4mi) ┃
┃   10 -    12 ┃   51 -    52 ┃  129.73 ±  0.063        (6.18mi) ┃-139.903 ±  0.055        (28.8mi) ┃Vegas input parameters:
  ndim 7
  ncomp 1
  nvec 1
  epsrel 0
  epsabs 0
  flags 10
  seed 123456
  mineval 10000000
  maxeval 10000000
  nstart 1000000
  nincrease 1000000
  nbatch 5000
  gridno 0
  statefile ""

Iteration 1:  1000000 integrand evaluations so far
[1] 154.521 +- 12.4376  	chisq 0 (0 df)

Iteration 2:  3000000 integrand evaluations so far
[1] 142.42 +- 0.645153  	chisq 0.949277 (1 df)

Iteration 3:  6000000 integrand evaluations so far
[1] 143.25 +- 0.342757  	chisq 3.25714 (2 df)

Iteration 4:  10000000 integrand evaluations so far
[1] 142.982 +- 0.228525  	chisq 4.35289 (3 df)
  142.98 ±   0.23        ( 32.6s) ┃  132.81 ±   0.24        (35.5mi) ┃
┃   10 -    12 ┃   52 -    53 ┃  81.742 ±  0.055        (3.67mi) ┃-88.4941 ± 0.0052        (28.2mi) ┃Vegas input parameters:
  ndim 7
  ncomp 1
  nvec 1
  epsrel 0
  epsabs 0
  flags 10
  seed 123456
  mineval 10000000
  maxeval 10000000
  nstart 1000000
  nincrease 1000000
  nbatch 5000
  gridno 0
  statefile ""

Iteration 1:  1000000 integrand evaluations so far
[1] 114.617 +- 10.8849  	chisq 0 (0 df)

Iteration 2:  3000000 integrand evaluations so far
[1] 90.4496 +- 0.698837  	chisq 4.94991 (1 df)

Iteration 3:  6000000 integrand evaluations so far
[1] 90.8015 +- 0.300892  	chisq 5.26119 (2 df)

Iteration 4:  10000000 integrand evaluations so far
[1] 90.6595 +- 0.172754  	chisq 5.59385 (3 df)
   90.66 ±   0.17        ( 32.7s) ┃   83.91 ±   0.18        (32.5mi) ┃
┃   10 -    12 ┃   53 -    54 ┃  48.096 ±   0.03        (6.19mi) ┃ -52.213 ±  0.028        (28.6mi) ┃Vegas input parameters:
  ndim 7
  ncomp 1
  nvec 1
  epsrel 0
  epsabs 0
  flags 10
  seed 123456
  mineval 10000000
  maxeval 10000000
  nstart 1000000
  nincrease 1000000
  nbatch 5000
  gridno 0
  statefile ""

Iteration 1:  1000000 integrand evaluations so far
[1] 60.3813 +- 7.84862  	chisq 0 (0 df)

Iteration 2:  3000000 integrand evaluations so far
[1] 53.4701 +- 0.517845  	chisq 0.778779 (1 df)

Iteration 3:  6000000 integrand evaluations so far
[1] 53.4556 +- 0.199309  	chisq 0.779701 (2 df)

Iteration 4:  10000000 integrand evaluations so far
[1] 53.3482 +- 0.113376  	chisq 1.20898 (3 df)
   53.35 ±   0.11        ( 33.4s) ┃   49.23 ±   0.12        (35.3mi) ┃
┃   10 -    12 ┃   54 -    55 ┃  23.471 ±  0.019        (7.23mi) ┃ -25.462 ±  0.024        (56.6mi) ┃Vegas input parameters:
  ndim 7
  ncomp 1
  nvec 1
  epsrel 0
  epsabs 0
  flags 10
  seed 123456
  mineval 10000000
  maxeval 10000000
  nstart 1000000
  nincrease 1000000
  nbatch 5000
  gridno 0
  statefile ""

Iteration 1:  1000000 integrand evaluations so far
[1] 23.1092 +- 4.59684  	chisq 0 (0 df)

Iteration 2:  3000000 integrand evaluations so far
[1] 27.0533 +- 3.00002  	chisq 1.28233 (1 df)

Iteration 3:  6000000 integrand evaluations so far
[1] 25.3867 +- 0.328982  	chisq 1.59469 (2 df)

Iteration 4:  10000000 integrand evaluations so far
[1] 26.0122 +- 0.116953  	chisq 5.73298 (3 df)
   26.01 ±   0.12        ( 36.2s) ┃   24.02 ±   0.12        (1.07hr) ┃
┃   10 -    12 ┃   55 -    56 ┃  5.7713 ± 0.0044        (14.5mi) ┃ -6.2161 ± 0.0028        (55.4mi) ┃Vegas input parameters:
  ndim 7
  ncomp 1
  nvec 1
  epsrel 0
  epsabs 0
  flags 10
  seed 123456
  mineval 10000000
  maxeval 10000000
  nstart 1000000
  nincrease 1000000
  nbatch 5000
  gridno 0
  statefile ""

Iteration 1:  1000000 integrand evaluations so far
[1] 10.4432 +- 3.23952  	chisq 0 (0 df)

Iteration 2:  3000000 integrand evaluations so far
[1] 4.00406 +- 0.736323  	chisq 4.16618 (1 df)

Iteration 3:  6000000 integrand evaluations so far
[1] 4.64275 +- 0.66126  	chisq 8.05467 (2 df)

Iteration 4:  10000000 integrand evaluations so far
[1] 6.05756 +- 0.172246  	chisq 12.9657 (3 df)
    6.06 ±   0.17        ( 32.2s) ┃    5.61 ±   0.17        (1.18hr) ┃
┃   10 -    12 ┃   56 -    57 ┃ 0.09707 ± 2.3e-05        (3.08hr) ┃-0.101592 ± 2.7e-05        (7.44hr) ┃Vegas input parameters:
  ndim 7
  ncomp 1
  nvec 1
  epsrel 0
  epsabs 0
  flags 10
  seed 123456
  mineval 10000000
  maxeval 10000000
  nstart 1000000
  nincrease 1000000
  nbatch 5000
  gridno 0
  statefile ""

Iteration 1:  1000000 integrand evaluations so far
[1] 0 +- 2.22045e-19  	chisq 0 (0 df)

Iteration 2:  3000000 integrand evaluations so far
[1] -5.65199e-22 +- 2.22044e-19  	chisq 0.999994 (1 df)

Iteration 3:  6000000 integrand evaluations so far
[1] -5.65199e-22 +- 2.22044e-19  	chisq 7.87088 (2 df)

Iteration 4:  10000000 integrand evaluations so far
[1] -5.65199e-22 +- 2.22044e-19  	chisq 9.62826 (3 df)
      -0 ±   0.22 ·10⁻¹⁸ ( 37.5s) ┃  -4.522 ±  0.035 ·10⁻⁰³ (10.5hr) ┃
┃   10 -    12 ┃   57 -    58 ┃       0 ±      0        ( 774ms) ┃       0 ±      0        ( 230ms) ┃Vegas input parameters:
  ndim 7
  ncomp 1
  nvec 1
  epsrel 0
  epsabs 0
  flags 10
  seed 123456
  mineval 10000000
  maxeval 10000000
  nstart 1000000
  nincrease 1000000
  nbatch 5000
  gridno 0
  statefile ""

Iteration 1:  1000000 integrand evaluations so far
[1] 0 +- 2.22045e-19  	chisq 0 (0 df)

Iteration 2:  3000000 integrand evaluations so far
[1] 0 +- 1.28198e-19  	chisq 0 (1 df)

Iteration 3:  6000000 integrand evaluations so far
[1] 0 +- 9.06494e-20  	chisq 0 (2 df)

Iteration 4:  10000000 integrand evaluations so far
[1] 0 +- 7.02167e-20  	chisq 0 (3 df)
       0 ±   0.07 ·10⁻¹⁸ ( 31.7s) ┃       0 ±   0.07 ·10⁻¹⁸ ( 32.7s) ┃
┃   10 -    12 ┃   58 -    59 ┃       0 ±      0        ( 801ms) ┃       0 ±      0        ( 230ms) ┃Vegas input parameters:
  ndim 7
  ncomp 1
  nvec 1
  epsrel 0
  epsabs 0
  flags 10
  seed 123456
  mineval 10000000
  maxeval 10000000
  nstart 1000000
  nincrease 1000000
  nbatch 5000
  gridno 0
  statefile ""

Iteration 1:  1000000 integrand evaluations so far
[1] 0 +- 2.22045e-19  	chisq 0 (0 df)

Iteration 2:  3000000 integrand evaluations so far
[1] 0 +- 1.28198e-19  	chisq 0 (1 df)

Iteration 3:  6000000 integrand evaluations so far
[1] 0 +- 9.06494e-20  	chisq 0 (2 df)

Iteration 4:  10000000 integrand evaluations so far
[1] 0 +- 7.02167e-20  	chisq 0 (3 df)
       0 ±   0.07 ·10⁻¹⁸ ( 30.5s) ┃       0 ±   0.07 ·10⁻¹⁸ ( 31.5s) ┃
┃   10 -    12 ┃   59 -    60 ┃       0 ±      0        ( 778ms) ┃       0 ±      0        ( 231ms) ┃Vegas input parameters:
  ndim 7
  ncomp 1
  nvec 1
  epsrel 0
  epsabs 0
  flags 10
  seed 123456
  mineval 10000000
  maxeval 10000000
  nstart 1000000
  nincrease 1000000
  nbatch 5000
  gridno 0
  statefile ""

Iteration 1:  1000000 integrand evaluations so far
[1] 0 +- 2.22045e-19  	chisq 0 (0 df)

Iteration 2:  3000000 integrand evaluations so far
[1] 0 +- 1.28198e-19  	chisq 0 (1 df)

Iteration 3:  6000000 integrand evaluations so far
[1] 0 +- 9.06494e-20  	chisq 0 (2 df)

Iteration 4:  10000000 integrand evaluations so far
[1] 0 +- 7.02167e-20  	chisq 0 (3 df)
       0 ±   0.07 ·10⁻¹⁸ ( 30.6s) ┃       0 ±   0.07 ·10⁻¹⁸ ( 31.6s) ┃
┣━━━━━━━━━━━━━━╋━━━━━━━━━━━━━━╋━━━━━━━━━━━━━━━━━━━━━━━━━━━━━━━━━━╋━━━━━━━━━━━━━━━━━━━━━━━━━━━━━━━━━━╋━━━━━━━━━━━━━━━━━━━━━━━━━━━━━━━━━━╋━━━━━━━━━━━━━━━━━━━━━━━━━━━━━━━━━━┫
┃    8 -    12 ┃   25 -    60 ┃ 324.912 ±  0.032 ·10⁺⁰³ (6.87hr) ┃ -367.72 ±  0.041 ·10⁺⁰³ (27.1hr) ┃ 370.567 ±  0.083 ·10⁺⁰³ (  38mi) ┃ 327.759 ±  0.098 ·10⁺⁰³ (34.6hr) ┃
┗━━━━━━━━━━━━━━┻━━━━━━━━━━━━━━┻━━━━━━━━━━━━━━━━━━━━━━━━━━━━━━━━━━┻━━━━━━━━━━━━━━━━━━━━━━━━━━━━━━━━━━┻━━━━━━━━━━━━━━━━━━━━━━━━━━━━━━━━━━┻━━━━━━━━━━━━━━━━━━━━━━━━━━━━━━━━━━┛

╍╍╍╍╍╍╍╍╍╍╍╍╍╍╍╍╍╍╍╍╍╍╍╍╍╍╍╍╍╍╍╍ Summary ╍╍╍╍╍╍╍╍╍╍╍╍╍╍╍╍╍╍╍╍╍╍╍╍╍╍╍╍╍╍╍
      Total cross section                    327.759 ± 0.098          pb
         Calculation time                               34.6       hours
              Output file                    outputs/qt_qt8_12_NLL_muR1.0_muF2.0.root            
      Result in text file                    outputs/qt_qt8_12_NLL_muR1.0_muF2.0.txt            

╍╍╍╍╍╍╍╍╍╍╍╍╍╍╍╍╍╍╍╍╍╍╍╍╍╍╍╍╍╍╍╍╍╍╍╍╍╍╍╍╍╍╍╍╍╍╍╍╍╍╍╍╍╍╍╍╍╍╍╍╍╍╍╍╍╍╍╍╍╍╍╍

