
╍╍╍╍╍╍╍╍╍╍╍╍╍╍╍╍╍╍╍╍╍╍╍╍╍╍╍ Process settings ╍╍╍╍╍╍╍╍╍╍╍╍╍╍╍╍╍╍╍╍╍╍╍╍╍╍╍
   proton-proton collisions at sqrt(s) = 13000 GeV 
   Computing NLO+NLL resummed cross section
   W+ ->  nu(p3)+e+(p4) production 

╍╍╍╍╍╍╍╍╍╍╍╍╍╍╍╍╍╍╍╍╍╍╍╍╍╍╍╍╍╍ CKM matrix ╍╍╍╍╍╍╍╍╍╍╍╍╍╍╍╍╍╍╍╍╍╍╍╍╍╍╍╍╍╍
     | Vud Vus Vub |   |   0.97427   0.2253  0.00351 | 
     | Vcd Vcs Vcb | = |    0.2252  0.97344   0.0412 | 
     | Vtd Vts Vtb |   |         0        0        0 | 

╍╍╍╍╍╍╍╍╍╍╍╍╍╍╍╍╍╍╍╍╍╍╍╍╍╍╍╍╍ EW parameters ╍╍╍╍╍╍╍╍╍╍╍╍╍╍╍╍╍╍╍╍╍╍╍╍╍╍╍╍
                                         Gf =  1.1663787e-05      GeV^-2
                                    1/alpha =  132.233229791            
                                 sin(thW)^2 = 0.222897222524            
                                     W mass =         80.385         GeV
                                     Z mass =        91.1876         GeV
                                    W width =          2.091         GeV
                                    Z width =          2.495         GeV

╍╍╍╍╍╍╍╍╍╍╍╍╍╍╍╍╍╍╍╍╍╍╍╍╍╍╍╍╍ QCD settings ╍╍╍╍╍╍╍╍╍╍╍╍╍╍╍╍╍╍╍╍╍╍╍╍╍╍╍╍╍
   Renormalization scale:     dynamic muren =              1      * m_ll
     Factorization scale:     dynamic mufac =              2      * m_ll
       Resummation scale:     dynamic mures =              1      * m_ll
          Strong coupling       alpha_s(MZ) =       0.118001            
                              running order =              2       -loop
         Non-perturbative     form factor g =            0.7       GeV^2

╍╍╍╍╍╍╍╍╍╍╍╍╍╍╍╍╍╍╍╍╍╍╍╍╍╍╍╍╍ PDF settings ╍╍╍╍╍╍╍╍╍╍╍╍╍╍╍╍╍╍╍╍╍╍╍╍╍╍╍╍╍
                                     PDF set:MSHT20nnlo_as118            
                                  PDF member:              0            
  Mellin moments of PDFs:                    Numerical integration            
                         nodes for the quadrature:            200            
                         Intervals for the quadrature:              1            

╍╍╍╍╍╍╍╍╍╍╍╍╍╍╍╍╍╍╍╍╍╍╍╍╍╍╍╍╍╍╍ qT recoil ╍╍╍╍╍╍╍╍╍╍╍╍╍╍╍╍╍╍╍╍╍╍╍╍╍╍╍╍╍╍
  qt-recoil prescription:       Collins-Soper kt1 = p_V(x)/2; kt2 = p_V(y)/2            

╍╍╍╍╍╍╍╍╍╍╍╍╍╍╍╍╍╍╍╍╍╍╍╍╍╍╍╍╍╍╍╍╍ Cuts ╍╍╍╍╍╍╍╍╍╍╍╍╍╍╍╍╍╍╍╍╍╍╍╍╍╍╍╍╍╍╍╍╍
                                  apply cuts:           true            
                                      pt_l >               0            
                                   |eta_l| <            1000            
                                    pt_lep >              25            
                                 |eta_lep| <             2.4            
                                   pt_alep >              25            
                                |eta_alep| <             2.4            
                                  user cuts:            true            

╍╍╍╍╍╍╍╍╍╍╍╍╍╍╍╍╍╍╍╍╍╍╍╍╍╍╍╍ ResummationDamp ╍╍╍╍╍╍╍╍╍╍╍╍╍╍╍╍╍╍╍╍╍╍╍╍╍╍╍
                                    damping :             on            
                                damping mode:              1            
                                  damp above:        60.2888         GeV
                               damping width:        20.0963         GeV
                          resummation cutoff:             20         MeV

╍╍╍╍╍╍╍╍╍╍╍╍╍╍╍╍╍╍╍╍╍╍╍╍╍╍╍╍ Debug settings ╍╍╍╍╍╍╍╍╍╍╍╍╍╍╍╍╍╍╍╍╍╍╍╍╍╍╍╍
                                 timeprofile:          false            
                                     verbose:          false            
                               cubaverbosity:              2            

╍╍╍╍╍╍╍╍╍╍╍╍╍╍╍╍╍╍╍╍╍╍╍╍╍╍╍╍╍╍╍╍╍╍╍╍╍╍╍╍╍╍╍╍╍╍╍╍╍╍╍╍╍╍╍╍╍╍╍╍╍╍╍╍╍╍╍╍╍╍╍╍

Warning: Histogram `a1_qt` contains non-integrable observable and will be deleted 
Warning: Histogram `a1_qt_vs_y` contains non-integrable observable and will be deleted 
Warning: Histogram `s_biganswer` contains non-integrable observable and will be deleted 
Warning: Histogram `wgt_a1_qt` contains non-integrable observable and will be deleted 

╍╍╍╍╍╍╍╍╍╍╍╍╍╍╍╍╍╍╍╍╍╍╍╍╍ Integration settings ╍╍╍╍╍╍╍╍╍╍╍╍╍╍╍╍╍╍╍╍╍╍╍╍╍
             Random seeds              123456                           
           Parallel cores                   1                           

             Resummation:     cuhre (dm, dpt)         iter =           5
                                   gauss (dy)        nodes =          64
                                                 intervals =           1
            Counter term:      cuhre (dm, dy)         iter =           5
                                  gauss (dpt)        nodes =          20
                                                 intervals =           5
                     V+J:            vegas 7D       ncalls =    10000000

Mellin inverse transform:           gaussian         nodes =          30
                                                 intervals =           1
                               imaginary axis         zmax =           2
  Angular variable costh:     semi-analytical      ncstart =         100
   Angular variables phi:            gaussian    intervals =          20

      Constant boundaries                  q2          low =          80
                                                      high =         100
                                            y          low =          -6
                                                      high =           6
                                        costh          low =          -1
                                                      high =           1
                                       eta(l)          low =         -10
                                                      high =          10

┏━━━━━━━━━━━━━━┰━━━━━━━━━━━━━━┰━━━━━━━━━━━━━━━━━━━━━━━━━━━━━━━━━━┰━━━━━━━━━━━━━━━━━━━━━━━━━━━━━━━━━━┰━━━━━━━━━━━━━━━━━━━━━━━━━━━━━━━━━━┰━━━━━━━━━━━━━━━━━━━━━━━━━━━━━━━━━━┓
┃           qT ┃        pT(l) ┃                      Resummation ┃                     Counter term ┃                              V+J ┃                            TOTAL ┃
┣━━━━━━━━━━━━━━╋━━━━━━━━━━━━━━╋━━━━━━━━━━━━━━━━━━━━━━━━━━━━━━━━━━╋━━━━━━━━━━━━━━━━━━━━━━━━━━━━━━━━━━╋━━━━━━━━━━━━━━━━━━━━━━━━━━━━━━━━━━╋━━━━━━━━━━━━━━━━━━━━━━━━━━━━━━━━━━┫
┃   96 -    98 ┃   25 -    26 ┃ 1.32676 ± 0.00032        (7.31mi) ┃-0.57367 ± 0.00056        (31.3mi) ┃Vegas input parameters:
  ndim 7
  ncomp 1
  nvec 1
  epsrel 0
  epsabs 0
  flags 10
  seed 123456
  mineval 10000000
  maxeval 10000000
  nstart 1000000
  nincrease 1000000
  nbatch 5000
  gridno 0
  statefile ""

Iteration 1:  1000000 integrand evaluations so far
[1] 28.4314 +- 0.839025  	chisq 0 (0 df)

Iteration 2:  3000000 integrand evaluations so far
[1] 28.0679 +- 0.232965  	chisq 0.203412 (1 df)

Iteration 3:  6000000 integrand evaluations so far
[1] 28.0432 +- 0.152053  	chisq 0.22298 (2 df)

Iteration 4:  10000000 integrand evaluations so far
[1] 27.9605 +- 0.112264  	chisq 0.873152 (3 df)
   27.96 ±   0.11        ( 29.4s) ┃   28.71 ±   0.11        (39.1mi) ┃
┃   96 -    98 ┃   26 -    27 ┃  1.3695 ± 0.0011        (2.26mi) ┃-0.57945 ± 0.00043        (15.6mi) ┃Vegas input parameters:
  ndim 7
  ncomp 1
  nvec 1
  epsrel 0
  epsabs 0
  flags 10
  seed 123456
  mineval 10000000
  maxeval 10000000
  nstart 1000000
  nincrease 1000000
  nbatch 5000
  gridno 0
  statefile ""

Iteration 1:  1000000 integrand evaluations so far
[1] 27.3143 +- 0.809537  	chisq 0 (0 df)

Iteration 2:  3000000 integrand evaluations so far
[1] 27.1419 +- 0.226962  	chisq 0.0492385 (1 df)

Iteration 3:  6000000 integrand evaluations so far
[1] 27.3239 +- 0.158346  	chisq 1.30254 (2 df)

Iteration 4:  10000000 integrand evaluations so far
[1] 27.3115 +- 0.120424  	chisq 1.31697 (3 df)
   27.31 ±   0.12        ( 30.5s) ┃    28.1 ±   0.12        (18.3mi) ┃
┃   96 -    98 ┃   27 -    28 ┃ 0.91645 ± 0.00027        (6.91mi) ┃-0.39041 ± 0.00026        (15.5mi) ┃Vegas input parameters:
  ndim 7
  ncomp 1
  nvec 1
  epsrel 0
  epsabs 0
  flags 10
  seed 123456
  mineval 10000000
  maxeval 10000000
  nstart 1000000
  nincrease 1000000
  nbatch 5000
  gridno 0
  statefile ""

Iteration 1:  1000000 integrand evaluations so far
[1] 27.1206 +- 0.797472  	chisq 0 (0 df)

Iteration 2:  3000000 integrand evaluations so far
[1] 26.638 +- 0.223962  	chisq 0.397607 (1 df)

Iteration 3:  6000000 integrand evaluations so far
[1] 26.735 +- 0.138711  	chisq 0.702026 (2 df)

Iteration 4:  10000000 integrand evaluations so far
[1] 26.706 +- 0.104614  	chisq 0.803593 (3 df)
   26.71 ±    0.1        (   29s) ┃   27.23 ±    0.1        (22.9mi) ┃
┃   96 -    98 ┃   28 -    29 ┃  1.6542 ± 0.0011        ( 3.8mi) ┃-0.70182 ± 0.00062        (15.6mi) ┃Vegas input parameters:
  ndim 7
  ncomp 1
  nvec 1
  epsrel 0
  epsabs 0
  flags 10
  seed 123456
  mineval 10000000
  maxeval 10000000
  nstart 1000000
  nincrease 1000000
  nbatch 5000
  gridno 0
  statefile ""

Iteration 1:  1000000 integrand evaluations so far
[1] 25.6587 +- 0.775003  	chisq 0 (0 df)

Iteration 2:  3000000 integrand evaluations so far
[1] 26.4243 +- 0.221087  	chisq 1.06232 (1 df)

Iteration 3:  6000000 integrand evaluations so far
[1] 26.3045 +- 0.15326  	chisq 1.62716 (2 df)

Iteration 4:  10000000 integrand evaluations so far
[1] 26.1333 +- 0.112769  	chisq 4.34787 (3 df)
   26.13 ±   0.11        ( 30.7s) ┃   27.09 ±   0.11        (19.9mi) ┃
┃   96 -    98 ┃   29 -    30 ┃ 1.33027 ± 0.00083        (7.48mi) ┃-0.57285 ± 0.00049        (15.6mi) ┃Vegas input parameters:
  ndim 7
  ncomp 1
  nvec 1
  epsrel 0
  epsabs 0
  flags 10
  seed 123456
  mineval 10000000
  maxeval 10000000
  nstart 1000000
  nincrease 1000000
  nbatch 5000
  gridno 0
  statefile ""

Iteration 1:  1000000 integrand evaluations so far
[1] 27.2108 +- 0.79907  	chisq 0 (0 df)

Iteration 2:  3000000 integrand evaluations so far
[1] 25.2879 +- 0.214241  	chisq 6.23887 (1 df)

Iteration 3:  6000000 integrand evaluations so far
[1] 25.496 +- 0.148744  	chisq 8.05994 (2 df)

Iteration 4:  10000000 integrand evaluations so far
[1] 25.5651 +- 0.110396  	chisq 8.54052 (3 df)
   25.57 ±   0.11        ( 30.1s) ┃   26.32 ±   0.11        (23.5mi) ┃
┃   96 -    98 ┃   30 -    31 ┃ 1.44864 ± 0.00013        (2.72mi) ┃-0.60669 ± 0.0003        (29.4mi) ┃Vegas input parameters:
  ndim 7
  ncomp 1
  nvec 1
  epsrel 0
  epsabs 0
  flags 10
  seed 123456
  mineval 10000000
  maxeval 10000000
  nstart 1000000
  nincrease 1000000
  nbatch 5000
  gridno 0
  statefile ""

Iteration 1:  1000000 integrand evaluations so far
[1] 25.716 +- 0.764394  	chisq 0 (0 df)

Iteration 2:  3000000 integrand evaluations so far
[1] 25.0191 +- 0.211971  	chisq 0.900464 (1 df)

Iteration 3:  6000000 integrand evaluations so far
[1] 25.2274 +- 0.144999  	chisq 2.71546 (2 df)

Iteration 4:  10000000 integrand evaluations so far
[1] 25.3018 +- 0.116862  	chisq 3.46757 (3 df)
    25.3 ±   0.12        ( 29.3s) ┃   26.14 ±   0.12        (32.6mi) ┃
┃   96 -    98 ┃   31 -    32 ┃   1.324 ± 0.0011        (3.84mi) ┃ -0.5623 ± 0.00049        (27.4mi) ┃Vegas input parameters:
  ndim 7
  ncomp 1
  nvec 1
  epsrel 0
  epsabs 0
  flags 10
  seed 123456
  mineval 10000000
  maxeval 10000000
  nstart 1000000
  nincrease 1000000
  nbatch 5000
  gridno 0
  statefile ""

Iteration 1:  1000000 integrand evaluations so far
[1] 25.0557 +- 0.746072  	chisq 0 (0 df)

Iteration 2:  3000000 integrand evaluations so far
[1] 24.6683 +- 0.207566  	chisq 0.292155 (1 df)

Iteration 3:  6000000 integrand evaluations so far
[1] 24.9163 +- 0.133923  	chisq 2.73829 (2 df)

Iteration 4:  10000000 integrand evaluations so far
[1] 24.7734 +- 0.101397  	chisq 5.40687 (3 df)
   24.77 ±    0.1        ( 27.1s) ┃   25.54 ±    0.1        (31.7mi) ┃
┃   96 -    98 ┃   32 -    33 ┃  1.1725 ± 0.0011        (2.02mi) ┃-0.50289 ± 0.00024        (7.97mi) ┃Vegas input parameters:
  ndim 7
  ncomp 1
  nvec 1
  epsrel 0
  epsabs 0
  flags 10
  seed 123456
  mineval 10000000
  maxeval 10000000
  nstart 1000000
  nincrease 1000000
  nbatch 5000
  gridno 0
  statefile ""

Iteration 1:  1000000 integrand evaluations so far
[1] 24.4158 +- 0.731728  	chisq 0 (0 df)

Iteration 2:  3000000 integrand evaluations so far
[1] 24.403 +- 0.205516  	chisq 0.00033264 (1 df)

Iteration 3:  6000000 integrand evaluations so far
[1] 24.3592 +- 0.135586  	chisq 0.0807639 (2 df)

Iteration 4:  10000000 integrand evaluations so far
[1] 24.3968 +- 0.103319  	chisq 0.264276 (3 df)
    24.4 ±    0.1        (   30s) ┃   25.07 ±    0.1        (10.5mi) ┃
┃   96 -    98 ┃   33 -    34 ┃ 1.59616 ± 0.00095        (3.53mi) ┃-0.67329 ± 0.0003        (7.91mi) ┃Vegas input parameters:
  ndim 7
  ncomp 1
  nvec 1
  epsrel 0
  epsabs 0
  flags 10
  seed 123456
  mineval 10000000
  maxeval 10000000
  nstart 1000000
  nincrease 1000000
  nbatch 5000
  gridno 0
  statefile ""

Iteration 1:  1000000 integrand evaluations so far
[1] 23.7522 +- 0.717204  	chisq 0 (0 df)

Iteration 2:  3000000 integrand evaluations so far
[1] 24.0081 +- 0.243768  	chisq 0.144006 (1 df)

Iteration 3:  6000000 integrand evaluations so far
[1] 23.7664 +- 0.144392  	chisq 1.65888 (2 df)

Iteration 4:  10000000 integrand evaluations so far
[1] 23.7392 +- 0.100618  	chisq 1.72788 (3 df)
   23.74 ±    0.1        ( 29.7s) ┃   24.66 ±    0.1        (11.9mi) ┃
┃   96 -    98 ┃   34 -    35 ┃  1.0508 ± 0.00016        (23.3mi) ┃-0.450329 ± 1.1e-05        (53.9mi) ┃Vegas input parameters:
  ndim 7
  ncomp 1
  nvec 1
  epsrel 0
  epsabs 0
  flags 10
  seed 123456
  mineval 10000000
  maxeval 10000000
  nstart 1000000
  nincrease 1000000
  nbatch 5000
  gridno 0
  statefile ""

Iteration 1:  1000000 integrand evaluations so far
[1] 24.3874 +- 0.722138  	chisq 0 (0 df)

Iteration 2:  3000000 integrand evaluations so far
[1] 23.7592 +- 0.268551  	chisq 0.878208 (1 df)

Iteration 3:  6000000 integrand evaluations so far
[1] 23.548 +- 0.158097  	chisq 1.82506 (2 df)

Iteration 4:  10000000 integrand evaluations so far
[1] 23.73 +- 0.108096  	chisq 4.31415 (3 df)
   23.73 ±   0.11        ( 29.8s) ┃   24.33 ±   0.11        (1.29hr) ┃
┃   96 -    98 ┃   35 -    36 ┃ 1.16535 ± 0.00064        (14.2mi) ┃-0.492697 ± 0.0001        (28.4mi) ┃Vegas input parameters:
  ndim 7
  ncomp 1
  nvec 1
  epsrel 0
  epsabs 0
  flags 10
  seed 123456
  mineval 10000000
  maxeval 10000000
  nstart 1000000
  nincrease 1000000
  nbatch 5000
  gridno 0
  statefile ""

Iteration 1:  1000000 integrand evaluations so far
[1] 23.7833 +- 0.708557  	chisq 0 (0 df)

Iteration 2:  3000000 integrand evaluations so far
[1] 23.1025 +- 0.19627  	chisq 0.999783 (1 df)

Iteration 3:  6000000 integrand evaluations so far
[1] 23.2737 +- 0.135726  	chisq 2.45747 (2 df)

Iteration 4:  10000000 integrand evaluations so far
[1] 23.313 +- 0.100159  	chisq 2.64126 (3 df)
   23.31 ±    0.1        ( 29.3s) ┃   23.99 ±    0.1        (43.1mi) ┃
┃   96 -    98 ┃   36 -    37 ┃  1.7311 ± 0.0014        (1.92mi) ┃-0.73539 ± 0.00058        (7.75mi) ┃Vegas input parameters:
  ndim 7
  ncomp 1
  nvec 1
  epsrel 0
  epsabs 0
  flags 10
  seed 123456
  mineval 10000000
  maxeval 10000000
  nstart 1000000
  nincrease 1000000
  nbatch 5000
  gridno 0
  statefile ""

Iteration 1:  1000000 integrand evaluations so far
[1] 23.4889 +- 0.696062  	chisq 0 (0 df)

Iteration 2:  3000000 integrand evaluations so far
[1] 23.2097 +- 0.195443  	chisq 0.174554 (1 df)

Iteration 3:  6000000 integrand evaluations so far
[1] 23.1939 +- 0.135497  	chisq 0.187214 (2 df)

Iteration 4:  10000000 integrand evaluations so far
[1] 23.0414 +- 0.0999742  	chisq 2.96633 (3 df)
  23.041 ±    0.1        ( 21.7s) ┃  24.037 ±    0.1        (  10mi) ┃
┃   96 -    98 ┃   37 -    38 ┃  1.3449 ± 0.0012        (6.19mi) ┃-0.58227 ± 0.00011        (27.7mi) ┃Vegas input parameters:
  ndim 7
  ncomp 1
  nvec 1
  epsrel 0
  epsabs 0
  flags 10
  seed 123456
  mineval 10000000
  maxeval 10000000
  nstart 1000000
  nincrease 1000000
  nbatch 5000
  gridno 0
  statefile ""

Iteration 1:  1000000 integrand evaluations so far
[1] 21.2308 +- 0.658423  	chisq 0 (0 df)

Iteration 2:  3000000 integrand evaluations so far
[1] 22.7438 +- 0.192227  	chisq 5.77245 (1 df)

Iteration 3:  6000000 integrand evaluations so far
[1] 22.5822 +- 0.118606  	chisq 6.91455 (2 df)

Iteration 4:  10000000 integrand evaluations so far
[1] 22.5752 +- 0.0873406  	chisq 6.92221 (3 df)
  22.575 ±  0.087        ( 30.4s) ┃  23.338 ±  0.087        (34.4mi) ┃
┃   96 -    98 ┃   38 -    39 ┃   1.351 ± 0.0011        (   59s) ┃-0.56343 ± 0.00051        (2.01mi) ┃Vegas input parameters:
  ndim 7
  ncomp 1
  nvec 1
  epsrel 0
  epsabs 0
  flags 10
  seed 123456
  mineval 10000000
  maxeval 10000000
  nstart 1000000
  nincrease 1000000
  nbatch 5000
  gridno 0
  statefile ""

Iteration 1:  1000000 integrand evaluations so far
[1] 21.5524 +- 0.662826  	chisq 0 (0 df)

Iteration 2:  3000000 integrand evaluations so far
[1] 22.4768 +- 0.189882  	chisq 2.11867 (1 df)

Iteration 3:  6000000 integrand evaluations so far
[1] 22.3853 +- 0.11724  	chisq 2.49354 (2 df)

Iteration 4:  10000000 integrand evaluations so far
[1] 22.3987 +- 0.0886947  	chisq 2.5239 (3 df)
  22.399 ±  0.089        ( 30.2s) ┃  23.186 ±  0.089        ( 3.5mi) ┃
┃   96 -    98 ┃   39 -    40 ┃ 1.07885 ± 0.00055        (6.29mi) ┃-0.46242 ± 0.00033        (27.5mi) ┃Vegas input parameters:
  ndim 7
  ncomp 1
  nvec 1
  epsrel 0
  epsabs 0
  flags 10
  seed 123456
  mineval 10000000
  maxeval 10000000
  nstart 1000000
  nincrease 1000000
  nbatch 5000
  gridno 0
  statefile ""

Iteration 1:  1000000 integrand evaluations so far
[1] 21.9652 +- 0.661653  	chisq 0 (0 df)

Iteration 2:  3000000 integrand evaluations so far
[1] 22.2264 +- 0.187115  	chisq 0.169354 (1 df)

Iteration 3:  6000000 integrand evaluations so far
[1] 22.2039 +- 0.115941  	chisq 0.192751 (2 df)

Iteration 4:  10000000 integrand evaluations so far
[1] 22.226 +- 0.0926437  	chisq 0.293411 (3 df)
  22.226 ±  0.093        ( 31.1s) ┃  22.842 ±  0.093        (34.4mi) ┃
┃   96 -    98 ┃   40 -    41 ┃ 1.57212 ± 0.00072        (2.95mi) ┃-0.67156 ± 0.00048        (5.85mi) ┃Vegas input parameters:
  ndim 7
  ncomp 1
  nvec 1
  epsrel 0
  epsabs 0
  flags 10
  seed 123456
  mineval 10000000
  maxeval 10000000
  nstart 1000000
  nincrease 1000000
  nbatch 5000
  gridno 0
  statefile ""

Iteration 1:  1000000 integrand evaluations so far
[1] 22.642 +- 0.668773  	chisq 0 (0 df)

Iteration 2:  3000000 integrand evaluations so far
[1] 21.9552 +- 0.185321  	chisq 1.14238 (1 df)

Iteration 3:  6000000 integrand evaluations so far
[1] 22.0516 +- 0.114924  	chisq 1.58224 (2 df)

Iteration 4:  10000000 integrand evaluations so far
[1] 21.9868 +- 0.0887031  	chisq 2.36995 (3 df)
  21.987 ±  0.089        ( 29.9s) ┃  22.887 ±  0.089        ( 9.3mi) ┃
┃   96 -    98 ┃   41 -    42 ┃ 1.11142 ± 0.00086        (3.73mi) ┃-0.481313 ± 3.8e-05        (27.6mi) ┃Vegas input parameters:
  ndim 7
  ncomp 1
  nvec 1
  epsrel 0
  epsabs 0
  flags 10
  seed 123456
  mineval 10000000
  maxeval 10000000
  nstart 1000000
  nincrease 1000000
  nbatch 5000
  gridno 0
  statefile ""

Iteration 1:  1000000 integrand evaluations so far
[1] 21.675 +- 0.649227  	chisq 0 (0 df)

Iteration 2:  3000000 integrand evaluations so far
[1] 21.3817 +- 0.181395  	chisq 0.221378 (1 df)

Iteration 3:  6000000 integrand evaluations so far
[1] 21.4976 +- 0.112718  	chisq 0.887198 (2 df)

Iteration 4:  10000000 integrand evaluations so far
[1] 21.5648 +- 0.0830532  	chisq 1.66297 (3 df)
  21.565 ±  0.083        ( 29.6s) ┃  22.195 ±  0.083        (31.8mi) ┃
┃   96 -    98 ┃   42 -    43 ┃  1.3938 ± 0.0014        (3.52mi) ┃-0.59076 ± 0.00025        (25.8mi) ┃Vegas input parameters:
  ndim 7
  ncomp 1
  nvec 1
  epsrel 0
  epsabs 0
  flags 10
  seed 123456
  mineval 10000000
  maxeval 10000000
  nstart 1000000
  nincrease 1000000
  nbatch 5000
  gridno 0
  statefile ""

Iteration 1:  1000000 integrand evaluations so far
[1] 21.2353 +- 0.637728  	chisq 0 (0 df)

Iteration 2:  3000000 integrand evaluations so far
[1] 21.0235 +- 0.179195  	chisq 0.119805 (1 df)

Iteration 3:  6000000 integrand evaluations so far
[1] 21.288 +- 0.118382  	chisq 3.98604 (2 df)

Iteration 4:  10000000 integrand evaluations so far
[1] 21.2925 +- 0.088629  	chisq 3.98938 (3 df)
  21.293 ±  0.089        ( 33.6s) ┃  22.096 ±  0.089        (29.9mi) ┃
┃   96 -    98 ┃   43 -    44 ┃  1.7109 ± 0.0015        ( 2.2mi) ┃-0.71598 ± 0.00015        (14.7mi) ┃Vegas input parameters:
  ndim 7
  ncomp 1
  nvec 1
  epsrel 0
  epsabs 0
  flags 10
  seed 123456
  mineval 10000000
  maxeval 10000000
  nstart 1000000
  nincrease 1000000
  nbatch 5000
  gridno 0
  statefile ""

Iteration 1:  1000000 integrand evaluations so far
[1] 21.1506 +- 0.636624  	chisq 0 (0 df)

Iteration 2:  3000000 integrand evaluations so far
[1] 20.9009 +- 0.178274  	chisq 0.166857 (1 df)

Iteration 3:  6000000 integrand evaluations so far
[1] 21.1662 +- 0.110995  	chisq 3.78236 (2 df)

Iteration 4:  10000000 integrand evaluations so far
[1] 21.1741 +- 0.0876204  	chisq 3.79585 (3 df)
  21.174 ±  0.088        ( 30.8s) ┃  22.169 ±  0.088        (17.4mi) ┃
┃   96 -    98 ┃   44 -    45 ┃  1.3041 ± 0.0011        (7.57mi) ┃-0.55996 ± 0.00048        (7.84mi) ┃Vegas input parameters:
  ndim 7
  ncomp 1
  nvec 1
  epsrel 0
  epsabs 0
  flags 10
  seed 123456
  mineval 10000000
  maxeval 10000000
  nstart 1000000
  nincrease 1000000
  nbatch 5000
  gridno 0
  statefile ""

Iteration 1:  1000000 integrand evaluations so far
[1] 21.0616 +- 0.629614  	chisq 0 (0 df)

Iteration 2:  3000000 integrand evaluations so far
[1] 21.2114 +- 0.178593  	chisq 0.0615821 (1 df)

Iteration 3:  6000000 integrand evaluations so far
[1] 21.0813 +- 0.110021  	chisq 0.917534 (2 df)

Iteration 4:  10000000 integrand evaluations so far
[1] 20.9176 +- 0.0805382  	chisq 5.68396 (3 df)
  20.918 ±  0.081        ( 30.5s) ┃  21.662 ±  0.081        (15.9mi) ┃
┃   96 -    98 ┃   45 -    46 ┃ 1.07521 ± 0.0005        (2.51mi) ┃-0.46223 ± 0.00035        (5.23mi) ┃Vegas input parameters:
  ndim 7
  ncomp 1
  nvec 1
  epsrel 0
  epsabs 0
  flags 10
  seed 123456
  mineval 10000000
  maxeval 10000000
  nstart 1000000
  nincrease 1000000
  nbatch 5000
  gridno 0
  statefile ""

Iteration 1:  1000000 integrand evaluations so far
[1] 21.2615 +- 0.632349  	chisq 0 (0 df)

Iteration 2:  3000000 integrand evaluations so far
[1] 20.8032 +- 0.176023  	chisq 0.569361 (1 df)

Iteration 3:  6000000 integrand evaluations so far
[1] 20.7096 +- 0.108615  	chisq 1.02591 (2 df)

Iteration 4:  10000000 integrand evaluations so far
[1] 20.7215 +- 0.0819188  	chisq 1.05364 (3 df)
  20.721 ±  0.082        ( 23.1s) ┃  21.334 ±  0.082        (8.12mi) ┃
┃   96 -    98 ┃   46 -    47 ┃  1.6933 ± 0.0011        (7.27mi) ┃-0.71815 ± 0.00053        (14.9mi) ┃Vegas input parameters:
  ndim 7
  ncomp 1
  nvec 1
  epsrel 0
  epsabs 0
  flags 10
  seed 123456
  mineval 10000000
  maxeval 10000000
  nstart 1000000
  nincrease 1000000
  nbatch 5000
  gridno 0
  statefile ""

Iteration 1:  1000000 integrand evaluations so far
[1] 20.9113 +- 0.617274  	chisq 0 (0 df)

Iteration 2:  3000000 integrand evaluations so far
[1] 20.3039 +- 0.172516  	chisq 1.05034 (1 df)

Iteration 3:  6000000 integrand evaluations so far
[1] 20.4292 +- 0.107295  	chisq 1.91157 (2 df)

Iteration 4:  10000000 integrand evaluations so far
[1] 20.4888 +- 0.0825254  	chisq 2.66644 (3 df)
  20.489 ±  0.083        ( 30.4s) ┃  21.464 ±  0.083        (22.7mi) ┃
┃   96 -    98 ┃   47 -    48 ┃ 1.38567 ± 0.00038        (4.77mi) ┃-0.586753 ± 5.2e-05        (49.1mi) ┃Vegas input parameters:
  ndim 7
  ncomp 1
  nvec 1
  epsrel 0
  epsabs 0
  flags 10
  seed 123456
  mineval 10000000
  maxeval 10000000
  nstart 1000000
  nincrease 1000000
  nbatch 5000
  gridno 0
  statefile ""

Iteration 1:  1000000 integrand evaluations so far
[1] 20.5664 +- 0.60947  	chisq 0 (0 df)

Iteration 2:  3000000 integrand evaluations so far
[1] 20.1068 +- 0.171067  	chisq 0.617195 (1 df)

Iteration 3:  6000000 integrand evaluations so far
[1] 20.2165 +- 0.106115  	chisq 1.28509 (2 df)

Iteration 4:  10000000 integrand evaluations so far
[1] 20.2242 +- 0.0828444  	chisq 1.29864 (3 df)
  20.224 ±  0.083        ( 26.8s) ┃  21.023 ±  0.083        (54.3mi) ┃
┃   96 -    98 ┃   48 -    49 ┃ 1.60709 ± 0.00019        (8.01mi) ┃-0.68529 ± 0.00021        (1.21hr) ┃Vegas input parameters:
  ndim 7
  ncomp 1
  nvec 1
  epsrel 0
  epsabs 0
  flags 10
  seed 123456
  mineval 10000000
  maxeval 10000000
  nstart 1000000
  nincrease 1000000
  nbatch 5000
  gridno 0
  statefile ""

Iteration 1:  1000000 integrand evaluations so far
[1] 20.7701 +- 0.613173  	chisq 0 (0 df)

Iteration 2:  3000000 integrand evaluations so far
[1] 20.0335 +- 0.16956  	chisq 1.56237 (1 df)

Iteration 3:  6000000 integrand evaluations so far
[1] 20.0427 +- 0.105107  	chisq 1.56716 (2 df)

Iteration 4:  10000000 integrand evaluations so far
[1] 19.9746 +- 0.0802547  	chisq 2.57485 (3 df)
  19.975 ±   0.08        ( 22.2s) ┃  20.896 ±   0.08        (1.35hr) ┃
┃   96 -    98 ┃   49 -    50 ┃ 1.37034 ± 0.00096        (3.85mi) ┃ -0.5826 ± 0.00019        (6.69mi) ┃Vegas input parameters:
  ndim 7
  ncomp 1
  nvec 1
  epsrel 0
  epsabs 0
  flags 10
  seed 123456
  mineval 10000000
  maxeval 10000000
  nstart 1000000
  nincrease 1000000
  nbatch 5000
  gridno 0
  statefile ""

Iteration 1:  1000000 integrand evaluations so far
[1] 19.6835 +- 0.590051  	chisq 0 (0 df)

Iteration 2:  3000000 integrand evaluations so far
[1] 19.8004 +- 0.168004  	chisq 0.0427293 (1 df)

Iteration 3:  6000000 integrand evaluations so far
[1] 19.8442 +- 0.104085  	chisq 0.15308 (2 df)

Iteration 4:  10000000 integrand evaluations so far
[1] 19.9345 +- 0.0769371  	chisq 1.80942 (3 df)
  19.934 ±  0.077        ( 27.9s) ┃  20.722 ±  0.077        (  11mi) ┃
┃   96 -    98 ┃   50 -    51 ┃ 1.23426 ± 0.00074        (3.63mi) ┃-0.52669 ± 0.00034        (11.3mi) ┃Vegas input parameters:
  ndim 7
  ncomp 1
  nvec 1
  epsrel 0
  epsabs 0
  flags 10
  seed 123456
  mineval 10000000
  maxeval 10000000
  nstart 1000000
  nincrease 1000000
  nbatch 5000
  gridno 0
  statefile ""

Iteration 1:  1000000 integrand evaluations so far
[1] 19.3728 +- 0.583417  	chisq 0 (0 df)

Iteration 2:  3000000 integrand evaluations so far
[1] 19.8903 +- 0.208984  	chisq 0.902481 (1 df)

Iteration 3:  6000000 integrand evaluations so far
[1] 19.8951 +- 0.12418  	chisq 0.903312 (2 df)

Iteration 4:  10000000 integrand evaluations so far
[1] 19.8814 +- 0.0851323  	chisq 0.926371 (3 df)
  19.881 ±  0.085        ( 21.9s) ┃  20.589 ±  0.085        (15.2mi) ┃
┃   96 -    98 ┃   51 -    52 ┃ 1.31263 ± 0.00036        (3.28mi) ┃-0.558177 ±  2e-05        (22.3mi) ┃Vegas input parameters:
  ndim 7
  ncomp 1
  nvec 1
  epsrel 0
  epsabs 0
  flags 10
  seed 123456
  mineval 10000000
  maxeval 10000000
  nstart 1000000
  nincrease 1000000
  nbatch 5000
  gridno 0
  statefile ""

Iteration 1:  1000000 integrand evaluations so far
[1] 19.8932 +- 0.591209  	chisq 0 (0 df)

Iteration 2:  3000000 integrand evaluations so far
[1] 19.5778 +- 0.16639  	chisq 0.308931 (1 df)

Iteration 3:  6000000 integrand evaluations so far
[1] 19.6502 +- 0.10326  	chisq 0.616367 (2 df)

Iteration 4:  10000000 integrand evaluations so far
[1] 19.6761 +- 0.0761193  	chisq 0.75399 (3 df)
  19.676 ±  0.076        ( 21.6s) ┃  20.431 ±  0.076        (  26mi) ┃
┃   96 -    98 ┃   52 -    53 ┃  1.6038 ± 0.0016        (2.34mi) ┃-0.67404 ± 0.00018        (11.4mi) ┃Vegas input parameters:
  ndim 7
  ncomp 1
  nvec 1
  epsrel 0
  epsabs 0
  flags 10
  seed 123456
  mineval 10000000
  maxeval 10000000
  nstart 1000000
  nincrease 1000000
  nbatch 5000
  gridno 0
  statefile ""

Iteration 1:  1000000 integrand evaluations so far
[1] 19.8754 +- 0.589638  	chisq 0 (0 df)

Iteration 2:  3000000 integrand evaluations so far
[1] 19.5148 +- 0.16496  	chisq 0.40568 (1 df)

Iteration 3:  6000000 integrand evaluations so far
[1] 19.5472 +- 0.102356  	chisq 0.468255 (2 df)

Iteration 4:  10000000 integrand evaluations so far
[1] 19.6031 +- 0.0785909  	chisq 1.19587 (3 df)
  19.603 ±  0.079        ( 33.1s) ┃  20.533 ±  0.079        (14.3mi) ┃
┃   96 -    98 ┃   53 -    54 ┃ 1.33131 ± 0.0004        (4.94mi) ┃-0.56581 ± 0.00013        (11.6mi) ┃Vegas input parameters:
  ndim 7
  ncomp 1
  nvec 1
  epsrel 0
  epsabs 0
  flags 10
  seed 123456
  mineval 10000000
  maxeval 10000000
  nstart 1000000
  nincrease 1000000
  nbatch 5000
  gridno 0
  statefile ""

Iteration 1:  1000000 integrand evaluations so far
[1] 19.3741 +- 0.57962  	chisq 0 (0 df)

Iteration 2:  3000000 integrand evaluations so far
[1] 19.5985 +- 0.165464  	chisq 0.1631 (1 df)

Iteration 3:  6000000 integrand evaluations so far
[1] 19.456 +- 0.101904  	chisq 1.3567 (2 df)

Iteration 4:  10000000 integrand evaluations so far
[1] 19.4674 +- 0.0750117  	chisq 1.38365 (3 df)
  19.467 ±  0.075        (   34s) ┃  20.233 ±  0.075        (17.1mi) ┃
┃   96 -    98 ┃   54 -    55 ┃ 1.10687 ± 0.00081        (3.85mi) ┃-0.47666 ± 0.00046        (12.8mi) ┃Vegas input parameters:
  ndim 7
  ncomp 1
  nvec 1
  epsrel 0
  epsabs 0
  flags 10
  seed 123456
  mineval 10000000
  maxeval 10000000
  nstart 1000000
  nincrease 1000000
  nbatch 5000
  gridno 0
  statefile ""

Iteration 1:  1000000 integrand evaluations so far
[1] 19.6944 +- 0.589274  	chisq 0 (0 df)

Iteration 2:  3000000 integrand evaluations so far
[1] 19.535 +- 0.194945  	chisq 0.0820919 (1 df)

Iteration 3:  6000000 integrand evaluations so far
[1] 19.4121 +- 0.116437  	chisq 0.699969 (2 df)

Iteration 4:  10000000 integrand evaluations so far
[1] 19.3728 +- 0.0819337  	chisq 0.925569 (3 df)
  19.373 ±  0.082        ( 21.8s) ┃  20.003 ±  0.082        (  17mi) ┃
┃   96 -    98 ┃   55 -    56 ┃ 1.10975 ± 0.00072        (2.56mi) ┃-0.47422 ± 0.00046        (11.2mi) ┃Vegas input parameters:
  ndim 7
  ncomp 1
  nvec 1
  epsrel 0
  epsabs 0
  flags 10
  seed 123456
  mineval 10000000
  maxeval 10000000
  nstart 1000000
  nincrease 1000000
  nbatch 5000
  gridno 0
  statefile ""

Iteration 1:  1000000 integrand evaluations so far
[1] 19.2018 +- 0.57255  	chisq 0 (0 df)

Iteration 2:  3000000 integrand evaluations so far
[1] 19.3358 +- 0.162592  	chisq 0.0595527 (1 df)

Iteration 3:  6000000 integrand evaluations so far
[1] 19.154 +- 0.100164  	chisq 2.07498 (2 df)

Iteration 4:  10000000 integrand evaluations so far
[1] 19.1169 +- 0.0749146  	chisq 2.38552 (3 df)
  19.117 ±  0.075        ( 24.6s) ┃  19.752 ±  0.075        (14.2mi) ┃
┃   96 -    98 ┃   56 -    57 ┃ 1.20998 ± 0.00095        (2.25mi) ┃-0.51626 ± 0.00042        (2.74mi) ┃Vegas input parameters:
  ndim 7
  ncomp 1
  nvec 1
  epsrel 0
  epsabs 0
  flags 10
  seed 123456
  mineval 10000000
  maxeval 10000000
  nstart 1000000
  nincrease 1000000
  nbatch 5000
  gridno 0
  statefile ""

Iteration 1:  1000000 integrand evaluations so far
[1] 19.7088 +- 0.586723  	chisq 0 (0 df)

Iteration 2:  3000000 integrand evaluations so far
[1] 19.176 +- 0.161646  	chisq 0.89244 (1 df)

Iteration 3:  6000000 integrand evaluations so far
[1] 19.1297 +- 0.0999995  	chisq 1.02528 (2 df)

Iteration 4:  10000000 integrand evaluations so far
[1] 19.0573 +- 0.0763665  	chisq 2.28322 (3 df)
  19.057 ±  0.076        ( 28.9s) ┃  19.751 ±  0.076        (5.48mi) ┃
┃   96 -    98 ┃   57 -    58 ┃  1.4673 ± 0.00019        (2.63mi) ┃-0.61974 ± 0.00013        (21.9mi) ┃Vegas input parameters:
  ndim 7
  ncomp 1
  nvec 1
  epsrel 0
  epsabs 0
  flags 10
  seed 123456
  mineval 10000000
  maxeval 10000000
  nstart 1000000
  nincrease 1000000
  nbatch 5000
  gridno 0
  statefile ""

Iteration 1:  1000000 integrand evaluations so far
[1] 18.5821 +- 0.563191  	chisq 0 (0 df)

Iteration 2:  3000000 integrand evaluations so far
[1] 19.0361 +- 0.160461  	chisq 0.70703 (1 df)

Iteration 3:  6000000 integrand evaluations so far
[1] 18.9467 +- 0.0992944  	chisq 1.21016 (2 df)

Iteration 4:  10000000 integrand evaluations so far
[1] 18.9501 +- 0.0801898  	chisq 1.21356 (3 df)
   18.95 ±   0.08        ( 21.9s) ┃  19.798 ±   0.08        (24.9mi) ┃
┃   96 -    98 ┃   58 -    59 ┃ 1.36173 ± 7.9e-05        (2.35mi) ┃-0.57307 ± 0.00036        (5.58mi) ┃Vegas input parameters:
  ndim 7
  ncomp 1
  nvec 1
  epsrel 0
  epsabs 0
  flags 10
  seed 123456
  mineval 10000000
  maxeval 10000000
  nstart 1000000
  nincrease 1000000
  nbatch 5000
  gridno 0
  statefile ""

Iteration 1:  1000000 integrand evaluations so far
[1] 18.7923 +- 0.565453  	chisq 0 (0 df)

Iteration 2:  3000000 integrand evaluations so far
[1] 19.0016 +- 0.160354  	chisq 0.14898 (1 df)

Iteration 3:  6000000 integrand evaluations so far
[1] 18.9589 +- 0.109199  	chisq 0.281678 (2 df)

Iteration 4:  10000000 integrand evaluations so far
[1] 18.9348 +- 0.0806624  	chisq 0.388387 (3 df)
  18.935 ±  0.081        ( 22.6s) ┃  19.723 ±  0.081        (8.31mi) ┃
┃   96 -    98 ┃   59 -    60 ┃ 1.06269 ± 0.0009        ( 37.8s) ┃-0.45389 ± 0.00013        (23.8mi) ┃Vegas input parameters:
  ndim 7
  ncomp 1
  nvec 1
  epsrel 0
  epsabs 0
  flags 10
  seed 123456
  mineval 10000000
  maxeval 10000000
  nstart 1000000
  nincrease 1000000
  nbatch 5000
  gridno 0
  statefile ""

Iteration 1:  1000000 integrand evaluations so far
[1] 18.2609 +- 0.553178  	chisq 0 (0 df)

Iteration 2:  3000000 integrand evaluations so far
[1] 18.8489 +- 0.174342  	chisq 1.25433 (1 df)

Iteration 3:  6000000 integrand evaluations so far
[1] 18.7669 +- 0.105927  	chisq 1.60458 (2 df)

Iteration 4:  10000000 integrand evaluations so far
[1] 18.7806 +- 0.0794906  	chisq 1.6427 (3 df)
  18.781 ±  0.079        (   24s) ┃  19.389 ±  0.079        (24.8mi) ┃
┃   98 -   100 ┃   25 -    26 ┃ 0.95688 ± 0.00051        (2.58mi) ┃ -0.3976 ± 0.0004        (10.8mi) ┃Vegas input parameters:
  ndim 7
  ncomp 1
  nvec 1
  epsrel 0
  epsabs 0
  flags 10
  seed 123456
  mineval 10000000
  maxeval 10000000
  nstart 1000000
  nincrease 1000000
  nbatch 5000
  gridno 0
  statefile ""

Iteration 1:  1000000 integrand evaluations so far
[1] 24.622 +- 0.754591  	chisq 0 (0 df)

Iteration 2:  3000000 integrand evaluations so far
[1] 25.9432 +- 0.218306  	chisq 3.34572 (1 df)

Iteration 3:  6000000 integrand evaluations so far
[1] 25.9871 +- 0.142574  	chisq 3.41596 (2 df)

Iteration 4:  10000000 integrand evaluations so far
[1] 25.8417 +- 0.105187  	chisq 5.69712 (3 df)
   25.84 ±   0.11        ( 26.1s) ┃    26.4 ±   0.11        (13.8mi) ┃
┃   98 -   100 ┃   26 -    27 ┃ 0.95266 ± 0.00067        ( 27.8s) ┃ -0.3914 ± 0.00012        (5.48mi) ┃Vegas input parameters:
  ndim 7
  ncomp 1
  nvec 1
  epsrel 0
  epsabs 0
  flags 10
  seed 123456
  mineval 10000000
  maxeval 10000000
  nstart 1000000
  nincrease 1000000
  nbatch 5000
  gridno 0
  statefile ""

Iteration 1:  1000000 integrand evaluations so far
[1] 24.992 +- 0.753252  	chisq 0 (0 df)

Iteration 2:  3000000 integrand evaluations so far
[1] 25.2183 +- 0.213335  	chisq 0.0981295 (1 df)

Iteration 3:  6000000 integrand evaluations so far
[1] 25.1885 +- 0.138938  	chisq 0.132034 (2 df)

Iteration 4:  10000000 integrand evaluations so far
[1] 25.0807 +- 0.102339  	chisq 1.44851 (3 df)
   25.08 ±    0.1        ( 24.6s) ┃   25.64 ±    0.1        (6.35mi) ┃
┃   98 -   100 ┃   27 -    28 ┃ 0.63444 ± 0.00053        (1.37mi) ┃-0.26346 ± 0.00015        (  11mi) ┃Vegas input parameters:
  ndim 7
  ncomp 1
  nvec 1
  epsrel 0
  epsabs 0
  flags 10
  seed 123456
  mineval 10000000
  maxeval 10000000
  nstart 1000000
  nincrease 1000000
  nbatch 5000
  gridno 0
  statefile ""

Iteration 1:  1000000 integrand evaluations so far
[1] 25.9817 +- 0.762049  	chisq 0 (0 df)

Iteration 2:  3000000 integrand evaluations so far
[1] 24.3515 +- 0.206739  	chisq 4.93982 (1 df)

Iteration 3:  6000000 integrand evaluations so far
[1] 24.5824 +- 0.12879  	chisq 6.97682 (2 df)

Iteration 4:  10000000 integrand evaluations so far
[1] 24.5753 +- 0.0974567  	chisq 6.9839 (3 df)
  24.575 ±  0.097        ( 28.1s) ┃  24.946 ±  0.097        (12.9mi) ┃
┃   98 -   100 ┃   28 -    29 ┃ 0.89858 ± 0.00037        (1.39mi) ┃-0.36833 ± 0.00025        (21.1mi) ┃Vegas input parameters:
  ndim 7
  ncomp 1
  nvec 1
  epsrel 0
  epsabs 0
  flags 10
  seed 123456
  mineval 10000000
  maxeval 10000000
  nstart 1000000
  nincrease 1000000
  nbatch 5000
  gridno 0
  statefile ""

Iteration 1:  1000000 integrand evaluations so far
[1] 23.5279 +- 0.714357  	chisq 0 (0 df)

Iteration 2:  3000000 integrand evaluations so far
[1] 24.2085 +- 0.205671  	chisq 0.989879 (1 df)

Iteration 3:  6000000 integrand evaluations so far
[1] 24.1452 +- 0.139206  	chisq 1.16492 (2 df)

Iteration 4:  10000000 integrand evaluations so far
[1] 24.1089 +- 0.102605  	chisq 1.31379 (3 df)
   24.11 ±    0.1        ( 21.6s) ┃   24.64 ±    0.1        (22.9mi) ┃
┃   98 -   100 ┃   29 -    30 ┃ 0.95109 ± 0.00067        (2.23mi) ┃ -0.3961 ± 0.00017        (20.7mi) ┃Vegas input parameters:
  ndim 7
  ncomp 1
  nvec 1
  epsrel 0
  epsabs 0
  flags 10
  seed 123456
  mineval 10000000
  maxeval 10000000
  nstart 1000000
  nincrease 1000000
  nbatch 5000
  gridno 0
  statefile ""

Iteration 1:  1000000 integrand evaluations so far
[1] 24.7856 +- 0.741531  	chisq 0 (0 df)

Iteration 2:  3000000 integrand evaluations so far
[1] 23.6278 +- 0.201022  	chisq 2.63143 (1 df)

Iteration 3:  6000000 integrand evaluations so far
[1] 23.5951 +- 0.137024  	chisq 2.68091 (2 df)

Iteration 4:  10000000 integrand evaluations so far
[1] 23.5909 +- 0.101172  	chisq 2.68297 (3 df)
   23.59 ±    0.1        ( 25.1s) ┃   24.15 ±    0.1        (23.4mi) ┃
┃   98 -   100 ┃   30 -    31 ┃ 0.99386 ± 0.00048        (4.45mi) ┃-0.40569 ± 0.00013        (21.1mi) ┃Vegas input parameters:
  ndim 7
  ncomp 1
  nvec 1
  epsrel 0
  epsabs 0
  flags 10
  seed 123456
  mineval 10000000
  maxeval 10000000
  nstart 1000000
  nincrease 1000000
  nbatch 5000
  gridno 0
  statefile ""

Iteration 1:  1000000 integrand evaluations so far
[1] 23.7185 +- 0.715423  	chisq 0 (0 df)

Iteration 2:  3000000 integrand evaluations so far
[1] 23.1715 +- 0.197436  	chisq 0.632722 (1 df)

Iteration 3:  6000000 integrand evaluations so far
[1] 23.2252 +- 0.134715  	chisq 0.771169 (2 df)

Iteration 4:  10000000 integrand evaluations so far
[1] 23.2586 +- 0.104774  	chisq 0.926601 (3 df)
   23.26 ±    0.1        ( 34.3s) ┃   23.85 ±    0.1        (26.1mi) ┃
┃   98 -   100 ┃   31 -    32 ┃ 0.78631 ± 0.00049        (1.34mi) ┃-0.32055 ± 0.00012        (21.6mi) ┃Vegas input parameters:
  ndim 7
  ncomp 1
  nvec 1
  epsrel 0
  epsabs 0
  flags 10
  seed 123456
  mineval 10000000
  maxeval 10000000
  nstart 1000000
  nincrease 1000000
  nbatch 5000
  gridno 0
  statefile ""

Iteration 1:  1000000 integrand evaluations so far
[1] 23.7173 +- 0.703251  	chisq 0 (0 df)

Iteration 2:  3000000 integrand evaluations so far
[1] 22.76 +- 0.194592  	chisq 2.00683 (1 df)

Iteration 3:  6000000 integrand evaluations so far
[1] 22.8997 +- 0.120826  	chisq 2.84625 (2 df)

Iteration 4:  10000000 integrand evaluations so far
[1] 22.8508 +- 0.0925445  	chisq 3.24323 (3 df)
  22.851 ±  0.093        ( 23.1s) ┃  23.317 ±  0.093        (23.3mi) ┃
┃   98 -   100 ┃   32 -    33 ┃ 0.76772 ± 0.00013        (9.23mi) ┃-0.32017 ± 0.0001        (42.6mi) ┃Vegas input parameters:
  ndim 7
  ncomp 1
  nvec 1
  epsrel 0
  epsabs 0
  flags 10
  seed 123456
  mineval 10000000
  maxeval 10000000
  nstart 1000000
  nincrease 1000000
  nbatch 5000
  gridno 0
  statefile ""

Iteration 1:  1000000 integrand evaluations so far
[1] 22.5472 +- 0.683716  	chisq 0 (0 df)

Iteration 2:  3000000 integrand evaluations so far
[1] 22.4692 +- 0.192818  	chisq 0.0141356 (1 df)

Iteration 3:  6000000 integrand evaluations so far
[1] 22.5541 +- 0.119244  	chisq 0.327793 (2 df)

Iteration 4:  10000000 integrand evaluations so far
[1] 22.5668 +- 0.0922567  	chisq 0.355841 (3 df)
  22.567 ±  0.092        ( 22.2s) ┃  23.014 ±  0.092        (52.2mi) ┃
┃   98 -   100 ┃   33 -    34 ┃ 1.04644 ± 0.00093        (4.78mi) ┃-0.42726 ± 0.00039        (21.2mi) ┃Vegas input parameters:
  ndim 7
  ncomp 1
  nvec 1
  epsrel 0
  epsabs 0
  flags 10
  seed 123456
  mineval 10000000
  maxeval 10000000
  nstart 1000000
  nincrease 1000000
  nbatch 5000
  gridno 0
  statefile ""

Iteration 1:  1000000 integrand evaluations so far
[1] 22.181 +- 0.671539  	chisq 0 (0 df)

Iteration 2:  3000000 integrand evaluations so far
[1] 22.1579 +- 0.218786  	chisq 0.00132151 (1 df)

Iteration 3:  6000000 integrand evaluations so far
[1] 21.9551 +- 0.130919  	chisq 1.34034 (2 df)

Iteration 4:  10000000 integrand evaluations so far
[1] 22.0699 +- 0.0926305  	chisq 2.87926 (3 df)
   22.07 ±  0.093        ( 25.1s) ┃  22.689 ±  0.093        (26.4mi) ┃
┃   98 -   100 ┃   34 -    35 ┃ 0.82216 ± 0.00065        ( 48.5s) ┃-0.34238 ± 0.00022        (20.8mi) ┃Vegas input parameters:
  ndim 7
  ncomp 1
  nvec 1
  epsrel 0
  epsabs 0
  flags 10
  seed 123456
  mineval 10000000
  maxeval 10000000
  nstart 1000000
  nincrease 1000000
  nbatch 5000
  gridno 0
  statefile ""

Iteration 1:  1000000 integrand evaluations so far
[1] 22.5536 +- 0.674579  	chisq 0 (0 df)

Iteration 2:  3000000 integrand evaluations so far
[1] 21.5695 +- 0.236076  	chisq 2.42511 (1 df)

Iteration 3:  6000000 integrand evaluations so far
[1] 21.6656 +- 0.152841  	chisq 2.71017 (2 df)

Iteration 4:  10000000 integrand evaluations so far
[1] 21.8692 +- 0.10594  	chisq 6.12495 (3 df)
   21.87 ±   0.11        ( 31.9s) ┃   22.35 ±   0.11        (22.2mi) ┃
┃   98 -   100 ┃   35 -    36 ┃ 0.67382 ± 0.00062        (9.68mi) ┃-0.27695 ± 0.00018        (41.1mi) ┃Vegas input parameters:
  ndim 7
  ncomp 1
  nvec 1
  epsrel 0
  epsabs 0
  flags 10
  seed 123456
  mineval 10000000
  maxeval 10000000
  nstart 1000000
  nincrease 1000000
  nbatch 5000
  gridno 0
  statefile ""

Iteration 1:  1000000 integrand evaluations so far
[1] 21.553 +- 0.652377  	chisq 0 (0 df)

Iteration 2:  3000000 integrand evaluations so far
[1] 21.4209 +- 0.207991  	chisq 0.0456579 (1 df)

Iteration 3:  6000000 integrand evaluations so far
[1] 21.477 +- 0.128091  	chisq 0.163056 (2 df)

Iteration 4:  10000000 integrand evaluations so far
[1] 21.5507 +- 0.0921655  	chisq 0.849841 (3 df)
  21.551 ±  0.092        ( 21.5s) ┃  21.948 ±  0.092        (51.2mi) ┃
┃   98 -   100 ┃   36 -    37 ┃ 0.98121 ± 0.00098        (2.34mi) ┃-0.40387 ± 0.00025        (21.4mi) ┃Vegas input parameters:
  ndim 7
  ncomp 1
  nvec 1
  epsrel 0
  epsabs 0
  flags 10
  seed 123456
  mineval 10000000
  maxeval 10000000
  nstart 1000000
  nincrease 1000000
  nbatch 5000
  gridno 0
  statefile ""

Iteration 1:  1000000 integrand evaluations so far
[1] 21.6951 +- 0.651125  	chisq 0 (0 df)

Iteration 2:  3000000 integrand evaluations so far
[1] 21.3598 +- 0.181776  	chisq 0.287598 (1 df)

Iteration 3:  6000000 integrand evaluations so far
[1] 21.3863 +- 0.126781  	chisq 0.328997 (2 df)

Iteration 4:  10000000 integrand evaluations so far
[1] 21.3087 +- 0.0936529  	chisq 1.15444 (3 df)
  21.309 ±  0.094        ( 21.6s) ┃  21.886 ±  0.094        (24.1mi) ┃
┃   98 -   100 ┃   37 -    38 ┃ 1.00001 ± 0.00069        ( 1.2mi) ┃-0.41453 ± 0.00028        (5.43mi) ┃Vegas input parameters:
  ndim 7
  ncomp 1
  nvec 1
  epsrel 0
  epsabs 0
  flags 10
  seed 123456
  mineval 10000000
  maxeval 10000000
  nstart 1000000
  nincrease 1000000
  nbatch 5000
  gridno 0
  statefile ""

Iteration 1:  1000000 integrand evaluations so far
[1] 21.313 +- 0.641185  	chisq 0 (0 df)

Iteration 2:  3000000 integrand evaluations so far
[1] 21.1949 +- 0.180085  	chisq 0.0368353 (1 df)

Iteration 3:  6000000 integrand evaluations so far
[1] 21.1334 +- 0.11127  	chisq 0.225665 (2 df)

Iteration 4:  10000000 integrand evaluations so far
[1] 21.1257 +- 0.0818978  	chisq 0.236273 (3 df)
  21.126 ±  0.082        ( 22.2s) ┃  21.711 ±  0.082        (   7mi) ┃
┃   98 -   100 ┃   38 -    39 ┃ 0.98203 ± 0.0003        ( 1.3mi) ┃-0.40467 ± 0.00014        (  21mi) ┃Vegas input parameters:
  ndim 7
  ncomp 1
  nvec 1
  epsrel 0
  epsabs 0
  flags 10
  seed 123456
  mineval 10000000
  maxeval 10000000
  nstart 1000000
  nincrease 1000000
  nbatch 5000
  gridno 0
  statefile ""

Iteration 1:  1000000 integrand evaluations so far
[1] 19.9597 +- 0.617196  	chisq 0 (0 df)

Iteration 2:  3000000 integrand evaluations so far
[1] 20.9051 +- 0.177114  	chisq 2.55661 (1 df)

Iteration 3:  6000000 integrand evaluations so far
[1] 20.8221 +- 0.109296  	chisq 2.91141 (2 df)

Iteration 4:  10000000 integrand evaluations so far
[1] 20.8151 +- 0.0896694  	chisq 2.92372 (3 df)
  20.815 ±   0.09        ( 21.4s) ┃  21.392 ±   0.09        (22.6mi) ┃
┃   98 -   100 ┃   39 -    40 ┃ 0.63774 ± 0.00015        (4.65mi) ┃-0.260067 ± 3.2e-05        (2.66mi) ┃Vegas input parameters:
  ndim 7
  ncomp 1
  nvec 1
  epsrel 0
  epsabs 0
  flags 10
  seed 123456
  mineval 10000000
  maxeval 10000000
  nstart 1000000
  nincrease 1000000
  nbatch 5000
  gridno 0
  statefile ""

Iteration 1:  1000000 integrand evaluations so far
[1] 19.2785 +- 0.601939  	chisq 0 (0 df)

Iteration 2:  3000000 integrand evaluations so far
[1] 20.4275 +- 0.174031  	chisq 3.97597 (1 df)

Iteration 3:  6000000 integrand evaluations so far
[1] 20.4592 +- 0.107979  	chisq 4.0297 (2 df)

Iteration 4:  10000000 integrand evaluations so far
[1] 20.4785 +- 0.0851643  	chisq 4.11411 (3 df)
  20.478 ±  0.085        ( 21.8s) ┃  20.856 ±  0.085        (7.67mi) ┃
┃   98 -   100 ┃   40 -    41 ┃ 0.87711 ± 0.00057        ( 2.2mi) ┃-0.36502 ± 0.00019        (20.3mi) ┃Vegas input parameters:
  ndim 7
  ncomp 1
  nvec 1
  epsrel 0
  epsabs 0
  flags 10
  seed 123456
  mineval 10000000
  maxeval 10000000
  nstart 1000000
  nincrease 1000000
  nbatch 5000
  gridno 0
  statefile ""

Iteration 1:  1000000 integrand evaluations so far
[1] 20.713 +- 0.620266  	chisq 0 (0 df)

Iteration 2:  3000000 integrand evaluations so far
[1] 20.3825 +- 0.173443  	chisq 0.308149 (1 df)

Iteration 3:  6000000 integrand evaluations so far
[1] 20.4552 +- 0.10758  	chisq 0.593853 (2 df)

Iteration 4:  10000000 integrand evaluations so far
[1] 20.3914 +- 0.0804934  	chisq 1.39293 (3 df)
  20.391 ±   0.08        ( 22.3s) ┃  20.903 ±   0.08        (22.9mi) ┃
┃   98 -   100 ┃   41 -    42 ┃ 0.95501 ± 0.00086        ( 19.9s) ┃ -0.3961 ± 0.00021        (5.12mi) ┃Vegas input parameters:
  ndim 7
  ncomp 1
  nvec 1
  epsrel 0
  epsabs 0
  flags 10
  seed 123456
  mineval 10000000
  maxeval 10000000
  nstart 1000000
  nincrease 1000000
  nbatch 5000
  gridno 0
  statefile ""

Iteration 1:  1000000 integrand evaluations so far
[1] 20.0936 +- 0.605377  	chisq 0 (0 df)

Iteration 2:  3000000 integrand evaluations so far
[1] 20.024 +- 0.170485  	chisq 0.0143418 (1 df)

Iteration 3:  6000000 integrand evaluations so far
[1] 19.9684 +- 0.107232  	chisq 0.190118 (2 df)

Iteration 4:  10000000 integrand evaluations so far
[1] 19.9967 +- 0.0819071  	chisq 0.357073 (3 df)
  19.997 ±  0.082        ( 21.5s) ┃  20.556 ±  0.082        (5.81mi) ┃
┃   98 -   100 ┃   42 -    43 ┃ 0.71952 ± 0.00015        (4.41mi) ┃-0.302432 ± 7.2e-05        ( 5.1mi) ┃Vegas input parameters:
  ndim 7
  ncomp 1
  nvec 1
  epsrel 0
  epsabs 0
  flags 10
  seed 123456
  mineval 10000000
  maxeval 10000000
  nstart 1000000
  nincrease 1000000
  nbatch 5000
  gridno 0
  statefile ""

Iteration 1:  1000000 integrand evaluations so far
[1] 19.977 +- 0.604235  	chisq 0 (0 df)

Iteration 2:  3000000 integrand evaluations so far
[1] 19.5565 +- 0.167205  	chisq 0.524407 (1 df)

Iteration 3:  6000000 integrand evaluations so far
[1] 19.7121 +- 0.104027  	chisq 1.93769 (2 df)

Iteration 4:  10000000 integrand evaluations so far
[1] 19.7246 +- 0.0795576  	chisq 1.97247 (3 df)
  19.725 ±   0.08        ( 22.6s) ┃  20.142 ±   0.08        (9.88mi) ┃
┃   98 -   100 ┃   43 -    44 ┃  1.1662 ± 0.0011        (2.29mi) ┃-0.47173 ± 0.00029        (10.2mi) ┃Vegas input parameters:
  ndim 7
  ncomp 1
  nvec 1
  epsrel 0
  epsabs 0
  flags 10
  seed 123456
  mineval 10000000
  maxeval 10000000
  nstart 1000000
  nincrease 1000000
  nbatch 5000
  gridno 0
  statefile ""

Iteration 1:  1000000 integrand evaluations so far
[1] 19.6219 +- 0.593739  	chisq 0 (0 df)

Iteration 2:  3000000 integrand evaluations so far
[1] 19.501 +- 0.166935  	chisq 0.0449925 (1 df)

Iteration 3:  6000000 integrand evaluations so far
[1] 19.7157 +- 0.11245  	chisq 3.07152 (2 df)

Iteration 4:  10000000 integrand evaluations so far
[1] 19.6557 +- 0.0879564  	chisq 3.80544 (3 df)
  19.656 ±  0.088        ( 21.5s) ┃   20.35 ±  0.088        (12.9mi) ┃
┃   98 -   100 ┃   44 -    45 ┃ 0.90101 ± 0.00045        (4.27mi) ┃-0.37267 ± 0.00024        (10.5mi) ┃Vegas input parameters:
  ndim 7
  ncomp 1
  nvec 1
  epsrel 0
  epsabs 0
  flags 10
  seed 123456
  mineval 10000000
  maxeval 10000000
  nstart 1000000
  nincrease 1000000
  nbatch 5000
  gridno 0
  statefile ""

Iteration 1:  1000000 integrand evaluations so far
[1] 18.9284 +- 0.577514  	chisq 0 (0 df)

Iteration 2:  3000000 integrand evaluations so far
[1] 19.1421 +- 0.164711  	chisq 0.149119 (1 df)

Iteration 3:  6000000 integrand evaluations so far
[1] 19.3835 +- 0.10243  	chisq 3.65058 (2 df)

Iteration 4:  10000000 integrand evaluations so far
[1] 19.2704 +- 0.0751015  	chisq 6.28623 (3 df)
   19.27 ±  0.075        ( 21.6s) ┃  19.799 ±  0.075        (15.2mi) ┃
┃   98 -   100 ┃   45 -    46 ┃ 0.78425 ± 0.00047        ( 2.2mi) ┃-0.32929 ± 0.00016        (2.62mi) ┃Vegas input parameters:
  ndim 7
  ncomp 1
  nvec 1
  epsrel 0
  epsabs 0
  flags 10
  seed 123456
  mineval 10000000
  maxeval 10000000
  nstart 1000000
  nincrease 1000000
  nbatch 5000
  gridno 0
  statefile ""

Iteration 1:  1000000 integrand evaluations so far
[1] 20.1467 +- 0.59494  	chisq 0 (0 df)

Iteration 2:  3000000 integrand evaluations so far
[1] 19.2391 +- 0.164132  	chisq 2.51867 (1 df)

Iteration 3:  6000000 integrand evaluations so far
[1] 19.14 +- 0.105154  	chisq 3.13783 (2 df)

Iteration 4:  10000000 integrand evaluations so far
[1] 19.1739 +- 0.0792009  	chisq 3.37802 (3 df)
  19.174 ±  0.079        ( 21.7s) ┃  19.629 ±  0.079        (5.18mi) ┃
┃   98 -   100 ┃   46 -    47 ┃ 0.78595 ± 0.00046        (2.28mi) ┃-0.32598 ± 0.00021        (2.62mi) ┃Vegas input parameters:
  ndim 7
  ncomp 1
  nvec 1
  epsrel 0
  epsabs 0
  flags 10
  seed 123456
  mineval 10000000
  maxeval 10000000
  nstart 1000000
  nincrease 1000000
  nbatch 5000
  gridno 0
  statefile ""

Iteration 1:  1000000 integrand evaluations so far
[1] 18.9193 +- 0.574626  	chisq 0 (0 df)

Iteration 2:  3000000 integrand evaluations so far
[1] 19.3027 +- 0.162355  	chisq 0.483907 (1 df)

Iteration 3:  6000000 integrand evaluations so far
[1] 19.0905 +- 0.104382  	chisq 3.39668 (2 df)

Iteration 4:  10000000 integrand evaluations so far
[1] 19.106 +- 0.0789948  	chisq 3.44847 (3 df)
  19.106 ±  0.079        ( 21.4s) ┃  19.566 ±  0.079        (5.25mi) ┃
┃   98 -   100 ┃   47 -    48 ┃ 1.15616 ± 0.00069        (4.42mi) ┃-0.47397 ± 0.00018        (20.8mi) ┃Vegas input parameters:
  ndim 7
  ncomp 1
  nvec 1
  epsrel 0
  epsabs 0
  flags 10
  seed 123456
  mineval 10000000
  maxeval 10000000
  nstart 1000000
  nincrease 1000000
  nbatch 5000
  gridno 0
  statefile ""

Iteration 1:  1000000 integrand evaluations so far
[1] 19.7285 +- 0.57915  	chisq 0 (0 df)

Iteration 2:  3000000 integrand evaluations so far
[1] 18.8391 +- 0.159863  	chisq 2.55279 (1 df)

Iteration 3:  6000000 integrand evaluations so far
[1] 18.765 +- 0.0989164  	chisq 2.90111 (2 df)

Iteration 4:  10000000 integrand evaluations so far
[1] 18.8409 +- 0.0765028  	chisq 4.36523 (3 df)
  18.841 ±  0.077        ( 21.7s) ┃  19.523 ±  0.077        (25.6mi) ┃
┃   98 -   100 ┃   48 -    49 ┃0.861118 ± 3.5e-05        (8.53mi) ┃-0.35527 ± 0.00015        (5.17mi) ┃Vegas input parameters:
  ndim 7
  ncomp 1
  nvec 1
  epsrel 0
  epsabs 0
  flags 10
  seed 123456
  mineval 10000000
  maxeval 10000000
  nstart 1000000
  nincrease 1000000
  nbatch 5000
  gridno 0
  statefile ""

Iteration 1:  1000000 integrand evaluations so far
[1] 18.6019 +- 0.55874  	chisq 0 (0 df)

Iteration 2:  3000000 integrand evaluations so far
[1] 18.5142 +- 0.158401  	chisq 0.0268 (1 df)

Iteration 3:  6000000 integrand evaluations so far
[1] 18.5301 +- 0.0981864  	chisq 0.0432033 (2 df)

Iteration 4:  10000000 integrand evaluations so far
[1] 18.5465 +- 0.0723615  	chisq 0.104758 (3 df)
  18.547 ±  0.072        ( 21.7s) ┃  19.052 ±  0.072        (14.1mi) ┃
┃   98 -   100 ┃   49 -    50 ┃  1.0757 ± 0.0011        ( 13.4s) ┃-0.45035 ± 0.00028        (7.98mi) ┃Vegas input parameters:
  ndim 7
  ncomp 1
  nvec 1
  epsrel 0
  epsabs 0
  flags 10
  seed 123456
  mineval 10000000
  maxeval 10000000
  nstart 1000000
  nincrease 1000000
  nbatch 5000
  gridno 0
  statefile ""

Iteration 1:  1000000 integrand evaluations so far
[1] 18.6328 +- 0.557808  	chisq 0 (0 df)

Iteration 2:  3000000 integrand evaluations so far
[1] 18.7242 +- 0.15871  	chisq 0.0292218 (1 df)

Iteration 3:  6000000 integrand evaluations so far
[1] 18.6463 +- 0.102485  	chisq 0.442272 (2 df)

Iteration 4:  10000000 integrand evaluations so far
[1] 18.6244 +- 0.0756041  	chisq 0.542759 (3 df)
  18.624 ±  0.076        ( 21.7s) ┃   19.25 ±  0.076        (8.56mi) ┃
┃   98 -   100 ┃   50 -    51 ┃ 0.82144 ± 0.00081        ( 1.1mi) ┃-0.34071 ± 0.00023        (1.32mi) ┃Vegas input parameters:
  ndim 7
  ncomp 1
  nvec 1
  epsrel 0
  epsabs 0
  flags 10
  seed 123456
  mineval 10000000
  maxeval 10000000
  nstart 1000000
  nincrease 1000000
  nbatch 5000
  gridno 0
  statefile ""

Iteration 1:  1000000 integrand evaluations so far
[1] 17.8609 +- 0.545801  	chisq 0 (0 df)

Iteration 2:  3000000 integrand evaluations so far
[1] 18.3005 +- 0.155943  	chisq 0.706146 (1 df)

Iteration 3:  6000000 integrand evaluations so far
[1] 18.3643 +- 0.0968293  	chisq 0.978993 (2 df)

Iteration 4:  10000000 integrand evaluations so far
[1] 18.3466 +- 0.0712123  	chisq 1.0517 (3 df)
  18.347 ±  0.071        ( 22.3s) ┃  18.827 ±  0.071        (2.79mi) ┃
┃   98 -   100 ┃   51 -    52 ┃ 0.83484 ± 0.00058        ( 2.2mi) ┃-0.34574 ± 0.00026        (10.4mi) ┃Vegas input parameters:
  ndim 7
  ncomp 1
  nvec 1
  epsrel 0
  epsabs 0
  flags 10
  seed 123456
  mineval 10000000
  maxeval 10000000
  nstart 1000000
  nincrease 1000000
  nbatch 5000
  gridno 0
  statefile ""

Iteration 1:  1000000 integrand evaluations so far
[1] 18.2317 +- 0.546337  	chisq 0 (0 df)

Iteration 2:  3000000 integrand evaluations so far
[1] 18.2078 +- 0.155173  	chisq 0.00207161 (1 df)

Iteration 3:  6000000 integrand evaluations so far
[1] 18.1282 +- 0.103108  	chisq 0.473368 (2 df)

Iteration 4:  10000000 integrand evaluations so far
[1] 18.1397 +- 0.076125  	chisq 0.500899 (3 df)
   18.14 ±  0.076        ( 22.4s) ┃  18.629 ±  0.076        (  13mi) ┃
┃   98 -   100 ┃   52 -    53 ┃ 0.92318 ± 0.00056        ( 19.9s) ┃-0.380717 ± 8.2e-05        (5.29mi) ┃Vegas input parameters:
  ndim 7
  ncomp 1
  nvec 1
  epsrel 0
  epsabs 0
  flags 10
  seed 123456
  mineval 10000000
  maxeval 10000000
  nstart 1000000
  nincrease 1000000
  nbatch 5000
  gridno 0
  statefile ""

Iteration 1:  1000000 integrand evaluations so far
[1] 18.4327 +- 0.548335  	chisq 0 (0 df)

Iteration 2:  3000000 integrand evaluations so far
[1] 17.9423 +- 0.153241  	chisq 0.867621 (1 df)

Iteration 3:  6000000 integrand evaluations so far
[1] 18.0346 +- 0.0953376  	chisq 1.45984 (2 df)

Iteration 4:  10000000 integrand evaluations so far
[1] 18.0257 +- 0.0702473  	chisq 1.47928 (3 df)
  18.026 ±   0.07        ( 21.3s) ┃  18.568 ±   0.07        (5.98mi) ┃
┃   98 -   100 ┃   53 -    54 ┃ 1.06564 ± 0.00088        ( 19.7s) ┃-0.43159 ± 0.0003        (2.71mi) ┃Vegas input parameters:
  ndim 7
  ncomp 1
  nvec 1
  epsrel 0
  epsabs 0
  flags 10
  seed 123456
  mineval 10000000
  maxeval 10000000
  nstart 1000000
  nincrease 1000000
  nbatch 5000
  gridno 0
  statefile ""

Iteration 1:  1000000 integrand evaluations so far
[1] 17.9753 +- 0.543461  	chisq 0 (0 df)

Iteration 2:  3000000 integrand evaluations so far
[1] 17.775 +- 0.152455  	chisq 0.147419 (1 df)

Iteration 3:  6000000 integrand evaluations so far
[1] 17.9202 +- 0.0947171  	chisq 1.6244 (2 df)

Iteration 4:  10000000 integrand evaluations so far
[1] 18.0064 +- 0.0723003  	chisq 3.60616 (3 df)
  18.006 ±  0.072        ( 21.1s) ┃   18.64 ±  0.072        (3.39mi) ┃
┃   98 -   100 ┃   54 -    55 ┃ 0.77631 ± 0.00065        (4.45mi) ┃-0.32452 ± 0.00015        (5.36mi) ┃Vegas input parameters:
  ndim 7
  ncomp 1
  nvec 1
  epsrel 0
  epsabs 0
  flags 10
  seed 123456
  mineval 10000000
  maxeval 10000000
  nstart 1000000
  nincrease 1000000
  nbatch 5000
  gridno 0
  statefile ""

Iteration 1:  1000000 integrand evaluations so far
[1] 17.9178 +- 0.538853  	chisq 0 (0 df)

Iteration 2:  3000000 integrand evaluations so far
[1] 17.7881 +- 0.151339  	chisq 0.0628387 (1 df)

Iteration 3:  6000000 integrand evaluations so far
[1] 17.7822 +- 0.0940177  	chisq 0.0653752 (2 df)

Iteration 4:  10000000 integrand evaluations so far
[1] 17.7923 +- 0.0692179  	chisq 0.0908255 (3 df)
  17.792 ±  0.069        ( 21.8s) ┃  18.244 ±  0.069        (10.2mi) ┃
┃   98 -   100 ┃   55 -    56 ┃ 0.73023 ± 0.00048        (1.16mi) ┃-0.30457 ± 0.0002        (10.6mi) ┃Vegas input parameters:
  ndim 7
  ncomp 1
  nvec 1
  epsrel 0
  epsabs 0
  flags 10
  seed 123456
  mineval 10000000
  maxeval 10000000
  nstart 1000000
  nincrease 1000000
  nbatch 5000
  gridno 0
  statefile ""

Iteration 1:  1000000 integrand evaluations so far
[1] 17.8036 +- 0.540473  	chisq 0 (0 df)

Iteration 2:  3000000 integrand evaluations so far
[1] 17.8981 +- 0.151275  	chisq 0.0331646 (1 df)

Iteration 3:  6000000 integrand evaluations so far
[1] 17.6947 +- 0.0932689  	chisq 2.9496 (2 df)

Iteration 4:  10000000 integrand evaluations so far
[1] 17.6629 +- 0.0701039  	chisq 3.21561 (3 df)
  17.663 ±   0.07        ( 21.6s) ┃  18.089 ±   0.07        (12.1mi) ┃
┃   98 -   100 ┃   56 -    57 ┃ 0.74829 ± 0.0001        (2.23mi) ┃-0.30947 ± 0.00015        (10.8mi) ┃Vegas input parameters:
  ndim 7
  ncomp 1
  nvec 1
  epsrel 0
  epsabs 0
  flags 10
  seed 123456
  mineval 10000000
  maxeval 10000000
  nstart 1000000
  nincrease 1000000
  nbatch 5000
  gridno 0
  statefile ""

Iteration 1:  1000000 integrand evaluations so far
[1] 17.7391 +- 0.532619  	chisq 0 (0 df)

Iteration 2:  3000000 integrand evaluations so far
[1] 17.7274 +- 0.150269  	chisq 0.000523518 (1 df)

Iteration 3:  6000000 integrand evaluations so far
[1] 17.6376 +- 0.0951786  	chisq 0.596866 (2 df)

Iteration 4:  10000000 integrand evaluations so far
[1] 17.5703 +- 0.0704393  	chisq 1.70429 (3 df)
   17.57 ±   0.07        (   22s) ┃  18.009 ±   0.07        (13.4mi) ┃
┃   98 -   100 ┃   57 -    58 ┃ 0.83071 ± 0.00063        (2.25mi) ┃-0.343934 ± 7.9e-05        (21.9mi) ┃Vegas input parameters:
  ndim 7
  ncomp 1
  nvec 1
  epsrel 0
  epsabs 0
  flags 10
  seed 123456
  mineval 10000000
  maxeval 10000000
  nstart 1000000
  nincrease 1000000
  nbatch 5000
  gridno 0
  statefile ""

Iteration 1:  1000000 integrand evaluations so far
[1] 18.4056 +- 0.549032  	chisq 0 (0 df)

Iteration 2:  3000000 integrand evaluations so far
[1] 17.6625 +- 0.170697  	chisq 2.02767 (1 df)

Iteration 3:  6000000 integrand evaluations so far
[1] 17.5404 +- 0.102822  	chisq 2.83126 (2 df)

Iteration 4:  10000000 integrand evaluations so far
[1] 17.6089 +- 0.0756022  	chisq 3.79594 (3 df)
  17.609 ±  0.076        ( 21.9s) ┃  18.096 ±  0.076        (24.5mi) ┃
┃   98 -   100 ┃   58 -    59 ┃ 1.01855 ± 0.00074        (1.18mi) ┃-0.41291 ± 0.00027        (10.9mi) ┃Vegas input parameters:
  ndim 7
  ncomp 1
  nvec 1
  epsrel 0
  epsabs 0
  flags 10
  seed 123456
  mineval 10000000
  maxeval 10000000
  nstart 1000000
  nincrease 1000000
  nbatch 5000
  gridno 0
  statefile ""

Iteration 1:  1000000 integrand evaluations so far
[1] 16.919 +- 0.51894  	chisq 0 (0 df)

Iteration 2:  3000000 integrand evaluations so far
[1] 17.471 +- 0.148821  	chisq 1.23303 (1 df)

Iteration 3:  6000000 integrand evaluations so far
[1] 17.4 +- 0.0955311  	chisq 1.62041 (2 df)

Iteration 4:  10000000 integrand evaluations so far
[1] 17.327 +- 0.0702484  	chisq 2.89229 (3 df)
  17.327 ±   0.07        ( 21.5s) ┃  17.933 ±   0.07        (12.4mi) ┃
┃   98 -   100 ┃   59 -    60 ┃0.795584 ± 9.8e-05        (2.38mi) ┃ -0.3272 ± 0.00019        (5.55mi) ┃Vegas input parameters:
  ndim 7
  ncomp 1
  nvec 1
  epsrel 0
  epsabs 0
  flags 10
  seed 123456
  mineval 10000000
  maxeval 10000000
  nstart 1000000
  nincrease 1000000
  nbatch 5000
  gridno 0
  statefile ""

Iteration 1:  1000000 integrand evaluations so far
[1] 17.155 +- 0.518565  	chisq 0 (0 df)

Iteration 2:  3000000 integrand evaluations so far
[1] 17.3512 +- 0.148514  	chisq 0.155976 (1 df)

Iteration 3:  6000000 integrand evaluations so far
[1] 17.392 +- 0.0955835  	chisq 0.284906 (2 df)

Iteration 4:  10000000 integrand evaluations so far
[1] 17.3358 +- 0.0703513  	chisq 1.03985 (3 df)
  17.336 ±   0.07        ( 21.3s) ┃  17.804 ±   0.07        (8.28mi) ┃
┣━━━━━━━━━━━━━━╋━━━━━━━━━━━━━━╋━━━━━━━━━━━━━━━━━━━━━━━━━━━━━━━━━━╋━━━━━━━━━━━━━━━━━━━━━━━━━━━━━━━━━━╋━━━━━━━━━━━━━━━━━━━━━━━━━━━━━━━━━━╋━━━━━━━━━━━━━━━━━━━━━━━━━━━━━━━━━━┫
┃   96 -   100 ┃   25 -    60 ┃ 77.7965 ± 0.0064        ( 4.4hr) ┃-32.7002 ± 0.0024        (  19hr) ┃ 1.48253 ± 0.00074 ·10⁺⁰³ (29.7mi) ┃ 1.52763 ± 0.00074 ·10⁺⁰³ (23.9hr) ┃
┗━━━━━━━━━━━━━━┻━━━━━━━━━━━━━━┻━━━━━━━━━━━━━━━━━━━━━━━━━━━━━━━━━━┻━━━━━━━━━━━━━━━━━━━━━━━━━━━━━━━━━━┻━━━━━━━━━━━━━━━━━━━━━━━━━━━━━━━━━━┻━━━━━━━━━━━━━━━━━━━━━━━━━━━━━━━━━━┛

╍╍╍╍╍╍╍╍╍╍╍╍╍╍╍╍╍╍╍╍╍╍╍╍╍╍╍╍╍╍╍╍ Summary ╍╍╍╍╍╍╍╍╍╍╍╍╍╍╍╍╍╍╍╍╍╍╍╍╍╍╍╍╍╍╍
      Total cross section                    1.52763 ± 0.00074          pb
         Calculation time                               23.9       hours
              Output file                    outputs/qt_qt96_100_NLL_muR1.0_muF2.0.root            
      Result in text file                    outputs/qt_qt96_100_NLL_muR1.0_muF2.0.txt            

╍╍╍╍╍╍╍╍╍╍╍╍╍╍╍╍╍╍╍╍╍╍╍╍╍╍╍╍╍╍╍╍╍╍╍╍╍╍╍╍╍╍╍╍╍╍╍╍╍╍╍╍╍╍╍╍╍╍╍╍╍╍╍╍╍╍╍╍╍╍╍╍

