
╍╍╍╍╍╍╍╍╍╍╍╍╍╍╍╍╍╍╍╍╍╍╍╍╍╍╍ Process settings ╍╍╍╍╍╍╍╍╍╍╍╍╍╍╍╍╍╍╍╍╍╍╍╍╍╍╍
   proton-proton collisions at sqrt(s) = 13000 GeV 
   Computing NLO+NLL resummed cross section
   W+ ->  nu(p3)+e+(p4) production 

╍╍╍╍╍╍╍╍╍╍╍╍╍╍╍╍╍╍╍╍╍╍╍╍╍╍╍╍╍╍ CKM matrix ╍╍╍╍╍╍╍╍╍╍╍╍╍╍╍╍╍╍╍╍╍╍╍╍╍╍╍╍╍╍
     | Vud Vus Vub |   |   0.97427   0.2253  0.00351 | 
     | Vcd Vcs Vcb | = |    0.2252  0.97344   0.0412 | 
     | Vtd Vts Vtb |   |         0        0        0 | 

╍╍╍╍╍╍╍╍╍╍╍╍╍╍╍╍╍╍╍╍╍╍╍╍╍╍╍╍╍ EW parameters ╍╍╍╍╍╍╍╍╍╍╍╍╍╍╍╍╍╍╍╍╍╍╍╍╍╍╍╍
                                         Gf =  1.1663787e-05      GeV^-2
                                    1/alpha =  132.233229791            
                                 sin(thW)^2 = 0.222897222524            
                                     W mass =         80.385         GeV
                                     Z mass =        91.1876         GeV
                                    W width =          2.091         GeV
                                    Z width =          2.495         GeV

╍╍╍╍╍╍╍╍╍╍╍╍╍╍╍╍╍╍╍╍╍╍╍╍╍╍╍╍╍ QCD settings ╍╍╍╍╍╍╍╍╍╍╍╍╍╍╍╍╍╍╍╍╍╍╍╍╍╍╍╍╍
   Renormalization scale:     dynamic muren =              1      * m_ll
     Factorization scale:     dynamic mufac =              2      * m_ll
       Resummation scale:     dynamic mures =              1      * m_ll
          Strong coupling       alpha_s(MZ) =       0.118001            
                              running order =              2       -loop
         Non-perturbative     form factor g =            0.7       GeV^2

╍╍╍╍╍╍╍╍╍╍╍╍╍╍╍╍╍╍╍╍╍╍╍╍╍╍╍╍╍ PDF settings ╍╍╍╍╍╍╍╍╍╍╍╍╍╍╍╍╍╍╍╍╍╍╍╍╍╍╍╍╍
                                     PDF set:MSHT20nnlo_as118            
                                  PDF member:              0            
  Mellin moments of PDFs:                    Numerical integration            
                         nodes for the quadrature:            200            
                         Intervals for the quadrature:              1            

╍╍╍╍╍╍╍╍╍╍╍╍╍╍╍╍╍╍╍╍╍╍╍╍╍╍╍╍╍╍╍ qT recoil ╍╍╍╍╍╍╍╍╍╍╍╍╍╍╍╍╍╍╍╍╍╍╍╍╍╍╍╍╍╍
  qt-recoil prescription:       Collins-Soper kt1 = p_V(x)/2; kt2 = p_V(y)/2            

╍╍╍╍╍╍╍╍╍╍╍╍╍╍╍╍╍╍╍╍╍╍╍╍╍╍╍╍╍╍╍╍╍ Cuts ╍╍╍╍╍╍╍╍╍╍╍╍╍╍╍╍╍╍╍╍╍╍╍╍╍╍╍╍╍╍╍╍╍
                                  apply cuts:           true            
                                      pt_l >               0            
                                   |eta_l| <            1000            
                                    pt_lep >              25            
                                 |eta_lep| <             2.4            
                                   pt_alep >              25            
                                |eta_alep| <             2.4            
                                  user cuts:            true            

╍╍╍╍╍╍╍╍╍╍╍╍╍╍╍╍╍╍╍╍╍╍╍╍╍╍╍╍ ResummationDamp ╍╍╍╍╍╍╍╍╍╍╍╍╍╍╍╍╍╍╍╍╍╍╍╍╍╍╍
                                    damping :             on            
                                damping mode:              1            
                                  damp above:        60.2888         GeV
                               damping width:        20.0963         GeV
                          resummation cutoff:             20         MeV

╍╍╍╍╍╍╍╍╍╍╍╍╍╍╍╍╍╍╍╍╍╍╍╍╍╍╍╍ Debug settings ╍╍╍╍╍╍╍╍╍╍╍╍╍╍╍╍╍╍╍╍╍╍╍╍╍╍╍╍
                                 timeprofile:          false            
                                     verbose:          false            
                               cubaverbosity:              2            

╍╍╍╍╍╍╍╍╍╍╍╍╍╍╍╍╍╍╍╍╍╍╍╍╍╍╍╍╍╍╍╍╍╍╍╍╍╍╍╍╍╍╍╍╍╍╍╍╍╍╍╍╍╍╍╍╍╍╍╍╍╍╍╍╍╍╍╍╍╍╍╍

Warning: Histogram `a1_qt` contains non-integrable observable and will be deleted 
Warning: Histogram `a1_qt_vs_y` contains non-integrable observable and will be deleted 
Warning: Histogram `s_biganswer` contains non-integrable observable and will be deleted 
Warning: Histogram `wgt_a1_qt` contains non-integrable observable and will be deleted 

╍╍╍╍╍╍╍╍╍╍╍╍╍╍╍╍╍╍╍╍╍╍╍╍╍ Integration settings ╍╍╍╍╍╍╍╍╍╍╍╍╍╍╍╍╍╍╍╍╍╍╍╍╍
             Random seeds              123456                           
           Parallel cores                   1                           

             Resummation:     cuhre (dm, dpt)         iter =           5
                                   gauss (dy)        nodes =          64
                                                 intervals =           1
            Counter term:      cuhre (dm, dy)         iter =           5
                                  gauss (dpt)        nodes =          20
                                                 intervals =           5
                     V+J:            vegas 7D       ncalls =    10000000

Mellin inverse transform:           gaussian         nodes =          30
                                                 intervals =           1
                               imaginary axis         zmax =           2
  Angular variable costh:     semi-analytical      ncstart =         100
   Angular variables phi:            gaussian    intervals =          20

      Constant boundaries                  q2          low =          80
                                                      high =         100
                                            y          low =          -6
                                                      high =           6
                                        costh          low =          -1
                                                      high =           1
                                       eta(l)          low =         -10
                                                      high =          10

┏━━━━━━━━━━━━━━┰━━━━━━━━━━━━━━┰━━━━━━━━━━━━━━━━━━━━━━━━━━━━━━━━━━┰━━━━━━━━━━━━━━━━━━━━━━━━━━━━━━━━━━┰━━━━━━━━━━━━━━━━━━━━━━━━━━━━━━━━━━┰━━━━━━━━━━━━━━━━━━━━━━━━━━━━━━━━━━┓
┃           qT ┃        pT(l) ┃                      Resummation ┃                     Counter term ┃                              V+J ┃                            TOTAL ┃
┣━━━━━━━━━━━━━━╋━━━━━━━━━━━━━━╋━━━━━━━━━━━━━━━━━━━━━━━━━━━━━━━━━━╋━━━━━━━━━━━━━━━━━━━━━━━━━━━━━━━━━━╋━━━━━━━━━━━━━━━━━━━━━━━━━━━━━━━━━━╋━━━━━━━━━━━━━━━━━━━━━━━━━━━━━━━━━━┫
┃   72 -    74 ┃   25 -    26 ┃  68.664 ±  0.028        ( 19.6s) ┃-36.5963 ± 0.0067        (8.28mi) ┃Vegas input parameters:
  ndim 7
  ncomp 1
  nvec 1
  epsrel 0
  epsabs 0
  flags 10
  seed 123456
  mineval 10000000
  maxeval 10000000
  nstart 1000000
  nincrease 1000000
  nbatch 5000
  gridno 0
  statefile ""

Iteration 1:  1000000 integrand evaluations so far
[1] 82.1061 +- 2.11811  	chisq 0 (0 df)

Iteration 2:  3000000 integrand evaluations so far
[1] 82.2057 +- 0.594004  	chisq 0.00239651 (1 df)

Iteration 3:  6000000 integrand evaluations so far
[1] 82.4982 +- 0.381233  	chisq 0.41481 (2 df)

Iteration 4:  10000000 integrand evaluations so far
[1] 82.2782 +- 0.282374  	chisq 1.15248 (3 df)
   82.28 ±   0.28        ( 30.1s) ┃  114.35 ±   0.28        (9.11mi) ┃
┃   72 -    74 ┃   26 -    27 ┃  70.986 ±  0.013        ( 3.9mi) ┃-37.8032 ± 0.0073        (16.7mi) ┃Vegas input parameters:
  ndim 7
  ncomp 1
  nvec 1
  epsrel 0
  epsabs 0
  flags 10
  seed 123456
  mineval 10000000
  maxeval 10000000
  nstart 1000000
  nincrease 1000000
  nbatch 5000
  gridno 0
  statefile ""

Iteration 1:  1000000 integrand evaluations so far
[1] 79.3224 +- 2.05105  	chisq 0 (0 df)

Iteration 2:  3000000 integrand evaluations so far
[1] 79.2628 +- 0.575539  	chisq 0.000919282 (1 df)

Iteration 3:  6000000 integrand evaluations so far
[1] 79.0846 +- 0.356891  	chisq 0.156508 (2 df)

Iteration 4:  10000000 integrand evaluations so far
[1] 79.2808 +- 0.277604  	chisq 0.921591 (3 df)
   79.28 ±   0.28        (   35s) ┃  112.46 ±   0.28        (21.2mi) ┃
┃   72 -    74 ┃   27 -    28 ┃  67.616 ±  0.016        (3.71mi) ┃ -36.075 ±  0.016        (16.6mi) ┃Vegas input parameters:
  ndim 7
  ncomp 1
  nvec 1
  epsrel 0
  epsabs 0
  flags 10
  seed 123456
  mineval 10000000
  maxeval 10000000
  nstart 1000000
  nincrease 1000000
  nbatch 5000
  gridno 0
  statefile ""

Iteration 1:  1000000 integrand evaluations so far
[1] 78.777 +- 2.02617  	chisq 0 (0 df)

Iteration 2:  3000000 integrand evaluations so far
[1] 75.9481 +- 0.557636  	chisq 2.1091 (1 df)

Iteration 3:  6000000 integrand evaluations so far
[1] 76.4938 +- 0.347714  	chisq 3.67588 (2 df)

Iteration 4:  10000000 integrand evaluations so far
[1] 76.7809 +- 0.28022  	chisq 5.62151 (3 df)
   76.78 ±   0.28        ( 29.7s) ┃  108.32 ±   0.28        (20.8mi) ┃
┃   72 -    74 ┃   28 -    29 ┃  58.113 ±  0.032        (3.67mi) ┃ -31.258 ±  0.011        (  33mi) ┃Vegas input parameters:
  ndim 7
  ncomp 1
  nvec 1
  epsrel 0
  epsabs 0
  flags 10
  seed 123456
  mineval 10000000
  maxeval 10000000
  nstart 1000000
  nincrease 1000000
  nbatch 5000
  gridno 0
  statefile ""

Iteration 1:  1000000 integrand evaluations so far
[1] 73.335 +- 1.92474  	chisq 0 (0 df)

Iteration 2:  3000000 integrand evaluations so far
[1] 74.2863 +- 0.550252  	chisq 0.26604 (1 df)

Iteration 3:  6000000 integrand evaluations so far
[1] 74.3848 +- 0.341157  	chisq 0.318063 (2 df)

Iteration 4:  10000000 integrand evaluations so far
[1] 74.4304 +- 0.266333  	chisq 0.363785 (3 df)
   74.43 ±   0.27        ( 33.2s) ┃  101.29 ±   0.27        (37.2mi) ┃
┃   72 -    74 ┃   29 -    30 ┃  80.106 ±   0.07        (1.92mi) ┃ -42.479 ±  0.035        (16.3mi) ┃Vegas input parameters:
  ndim 7
  ncomp 1
  nvec 1
  epsrel 0
  epsabs 0
  flags 10
  seed 123456
  mineval 10000000
  maxeval 10000000
  nstart 1000000
  nincrease 1000000
  nbatch 5000
  gridno 0
  statefile ""

Iteration 1:  1000000 integrand evaluations so far
[1] 74.4417 +- 1.95617  	chisq 0 (0 df)

Iteration 2:  3000000 integrand evaluations so far
[1] 73.5894 +- 0.542915  	chisq 0.205705 (1 df)

Iteration 3:  6000000 integrand evaluations so far
[1] 72.6839 +- 0.334654  	chisq 4.69164 (2 df)

Iteration 4:  10000000 integrand evaluations so far
[1] 72.7047 +- 0.262688  	chisq 4.70167 (3 df)
    72.7 ±   0.26        ( 29.8s) ┃  110.33 ±   0.27        (18.7mi) ┃
┃   72 -    74 ┃   30 -    31 ┃  53.474 ±  0.026        (3.61mi) ┃ -28.569 ±  0.014        (15.7mi) ┃Vegas input parameters:
  ndim 7
  ncomp 1
  nvec 1
  epsrel 0
  epsabs 0
  flags 10
  seed 123456
  mineval 10000000
  maxeval 10000000
  nstart 1000000
  nincrease 1000000
  nbatch 5000
  gridno 0
  statefile ""

Iteration 1:  1000000 integrand evaluations so far
[1] 72.9078 +- 1.90948  	chisq 0 (0 df)

Iteration 2:  3000000 integrand evaluations so far
[1] 71.233 +- 0.527321  	chisq 0.832777 (1 df)

Iteration 3:  6000000 integrand evaluations so far
[1] 70.8943 +- 0.326999  	chisq 1.50332 (2 df)

Iteration 4:  10000000 integrand evaluations so far
[1] 70.5463 +- 0.240248  	chisq 3.96368 (3 df)
   70.55 ±   0.24        ( 29.8s) ┃   95.45 ±   0.24        (19.8mi) ┃
┃   72 -    74 ┃   31 -    32 ┃   69.92 ±  0.062        (3.67mi) ┃ -37.462 ±  0.033        (8.12mi) ┃Vegas input parameters:
  ndim 7
  ncomp 1
  nvec 1
  epsrel 0
  epsabs 0
  flags 10
  seed 123456
  mineval 10000000
  maxeval 10000000
  nstart 1000000
  nincrease 1000000
  nbatch 5000
  gridno 0
  statefile ""

Iteration 1:  1000000 integrand evaluations so far
[1] 68.1794 +- 1.80702  	chisq 0 (0 df)

Iteration 2:  3000000 integrand evaluations so far
[1] 68.7745 +- 0.516526  	chisq 0.118118 (1 df)

Iteration 3:  6000000 integrand evaluations so far
[1] 69.5374 +- 0.368348  	chisq 4.55629 (2 df)

Iteration 4:  10000000 integrand evaluations so far
[1] 69.824 +- 0.274513  	chisq 5.91839 (3 df)
   69.82 ±   0.27        ( 29.8s) ┃  102.28 ±   0.28        (12.3mi) ┃
┃   72 -    74 ┃   32 -    33 ┃  64.353 ±  0.058        (3.62mi) ┃  -34.15 ±   0.02        (32.3mi) ┃Vegas input parameters:
  ndim 7
  ncomp 1
  nvec 1
  epsrel 0
  epsabs 0
  flags 10
  seed 123456
  mineval 10000000
  maxeval 10000000
  nstart 1000000
  nincrease 1000000
  nbatch 5000
  gridno 0
  statefile ""

Iteration 1:  1000000 integrand evaluations so far
[1] 67.7947 +- 1.79694  	chisq 0 (0 df)

Iteration 2:  3000000 integrand evaluations so far
[1] 67.7127 +- 0.50747  	chisq 0.0022617 (1 df)

Iteration 3:  6000000 integrand evaluations so far
[1] 67.7124 +- 0.314854  	chisq 0.00226242 (2 df)

Iteration 4:  10000000 integrand evaluations so far
[1] 67.8673 +- 0.232066  	chisq 0.532485 (3 df)
   67.87 ±   0.23        ( 31.2s) ┃   98.07 ±   0.24        (36.5mi) ┃
┃   72 -    74 ┃   33 -    34 ┃    69.4 ±  0.029        (3.76mi) ┃ -36.765 ±  0.025        (  16mi) ┃Vegas input parameters:
  ndim 7
  ncomp 1
  nvec 1
  epsrel 0
  epsabs 0
  flags 10
  seed 123456
  mineval 10000000
  maxeval 10000000
  nstart 1000000
  nincrease 1000000
  nbatch 5000
  gridno 0
  statefile ""

Iteration 1:  1000000 integrand evaluations so far
[1] 67.562 +- 1.79814  	chisq 0 (0 df)

Iteration 2:  3000000 integrand evaluations so far
[1] 67.0194 +- 0.500091  	chisq 0.0986613 (1 df)

Iteration 3:  6000000 integrand evaluations so far
[1] 66.7864 +- 0.337615  	chisq 0.497709 (2 df)

Iteration 4:  10000000 integrand evaluations so far
[1] 66.9373 +- 0.249695  	chisq 0.938511 (3 df)
   66.94 ±   0.25        ( 31.8s) ┃   99.57 ±   0.25        (20.3mi) ┃
┃   72 -    74 ┃   34 -    35 ┃  58.137 ±   0.05        (13.9mi) ┃ -31.803 ±   0.03        (2.09mi) ┃Vegas input parameters:
  ndim 7
  ncomp 1
  nvec 1
  epsrel 0
  epsabs 0
  flags 10
  seed 123456
  mineval 10000000
  maxeval 10000000
  nstart 1000000
  nincrease 1000000
  nbatch 5000
  gridno 0
  statefile ""

Iteration 1:  1000000 integrand evaluations so far
[1] 67.9828 +- 1.79182  	chisq 0 (0 df)

Iteration 2:  3000000 integrand evaluations so far
[1] 65.8494 +- 0.493152  	chisq 1.53376 (1 df)

Iteration 3:  6000000 integrand evaluations so far
[1] 65.8755 +- 0.349042  	chisq 1.53934 (2 df)

Iteration 4:  10000000 integrand evaluations so far
[1] 65.8634 +- 0.25871  	chisq 1.54201 (3 df)
   65.86 ±   0.26        ( 30.2s) ┃    92.2 ±   0.27        (16.5mi) ┃
┃   72 -    74 ┃   35 -    36 ┃  73.892 ±  0.045        (7.12mi) ┃ -39.425 ±  0.019        (32.7mi) ┃Vegas input parameters:
  ndim 7
  ncomp 1
  nvec 1
  epsrel 0
  epsabs 0
  flags 10
  seed 123456
  mineval 10000000
  maxeval 10000000
  nstart 1000000
  nincrease 1000000
  nbatch 5000
  gridno 0
  statefile ""

Iteration 1:  1000000 integrand evaluations so far
[1] 65.8434 +- 1.74186  	chisq 0 (0 df)

Iteration 2:  3000000 integrand evaluations so far
[1] 65.1791 +- 0.48872  	chisq 0.157901 (1 df)

Iteration 3:  6000000 integrand evaluations so far
[1] 64.6787 +- 0.301592  	chisq 1.85086 (2 df)

Iteration 4:  10000000 integrand evaluations so far
[1] 64.7555 +- 0.222404  	chisq 1.99289 (3 df)
   64.76 ±   0.22        ( 31.9s) ┃   99.22 ±   0.23        (40.3mi) ┃
┃   72 -    74 ┃   36 -    37 ┃  71.063 ±  0.049        (2.13mi) ┃-37.7518 ± 0.0053        (22.5mi) ┃Vegas input parameters:
  ndim 7
  ncomp 1
  nvec 1
  epsrel 0
  epsabs 0
  flags 10
  seed 123456
  mineval 10000000
  maxeval 10000000
  nstart 1000000
  nincrease 1000000
  nbatch 5000
  gridno 0
  statefile ""

Iteration 1:  1000000 integrand evaluations so far
[1] 62.2011 +- 1.66974  	chisq 0 (0 df)

Iteration 2:  3000000 integrand evaluations so far
[1] 63.8127 +- 0.479957  	chisq 1.01541 (1 df)

Iteration 3:  6000000 integrand evaluations so far
[1] 63.8719 +- 0.316346  	chisq 1.04235 (2 df)

Iteration 4:  10000000 integrand evaluations so far
[1] 63.4516 +- 0.232662  	chisq 4.88895 (3 df)
   63.45 ±   0.23        ( 31.8s) ┃   96.76 ±   0.24        (25.1mi) ┃
┃   72 -    74 ┃   37 -    38 ┃  54.817 ±   0.03        (1.97mi) ┃-29.5392 ± 0.0061        (16.2mi) ┃Vegas input parameters:
  ndim 7
  ncomp 1
  nvec 1
  epsrel 0
  epsabs 0
  flags 10
  seed 123456
  mineval 10000000
  maxeval 10000000
  nstart 1000000
  nincrease 1000000
  nbatch 5000
  gridno 0
  statefile ""

Iteration 1:  1000000 integrand evaluations so far
[1] 59.7642 +- 1.63227  	chisq 0 (0 df)

Iteration 2:  3000000 integrand evaluations so far
[1] 61.8247 +- 0.469507  	chisq 1.73726 (1 df)

Iteration 3:  6000000 integrand evaluations so far
[1] 62.2123 +- 0.292282  	chisq 2.84989 (2 df)

Iteration 4:  10000000 integrand evaluations so far
[1] 61.9428 +- 0.214626  	chisq 4.69499 (3 df)
   61.94 ±   0.21        ( 30.5s) ┃   87.22 ±   0.22        (18.7mi) ┃
┃   72 -    74 ┃   38 -    39 ┃  60.157 ±  0.057        (   2mi) ┃ -32.355 ±  0.015        (16.4mi) ┃Vegas input parameters:
  ndim 7
  ncomp 1
  nvec 1
  epsrel 0
  epsabs 0
  flags 10
  seed 123456
  mineval 10000000
  maxeval 10000000
  nstart 1000000
  nincrease 1000000
  nbatch 5000
  gridno 0
  statefile ""

Iteration 1:  1000000 integrand evaluations so far
[1] 59.8948 +- 1.62561  	chisq 0 (0 df)

Iteration 2:  3000000 integrand evaluations so far
[1] 61.064 +- 0.464611  	chisq 0.563353 (1 df)

Iteration 3:  6000000 integrand evaluations so far
[1] 61.3999 +- 0.288793  	chisq 1.41513 (2 df)

Iteration 4:  10000000 integrand evaluations so far
[1] 61.5197 +- 0.217994  	chisq 1.81498 (3 df)
   61.52 ±   0.22        ( 30.6s) ┃   89.32 ±   0.23        (18.9mi) ┃
┃   72 -    74 ┃   39 -    40 ┃   73.82 ±  0.059        ( 57.4s) ┃ -38.846 ±  0.029        (1.07mi) ┃Vegas input parameters:
  ndim 7
  ncomp 1
  nvec 1
  epsrel 0
  epsabs 0
  flags 10
  seed 123456
  mineval 10000000
  maxeval 10000000
  nstart 1000000
  nincrease 1000000
  nbatch 5000
  gridno 0
  statefile ""

Iteration 1:  1000000 integrand evaluations so far
[1] 62.4682 +- 1.66048  	chisq 0 (0 df)

Iteration 2:  3000000 integrand evaluations so far
[1] 60.7471 +- 0.460422  	chisq 1.16374 (1 df)

Iteration 3:  6000000 integrand evaluations so far
[1] 60.7951 +- 0.285733  	chisq 1.18141 (2 df)

Iteration 4:  10000000 integrand evaluations so far
[1] 60.7039 +- 0.221997  	chisq 1.43824 (3 df)
    60.7 ±   0.22        (   30s) ┃   95.68 ±   0.23        (2.53mi) ┃
┃   72 -    74 ┃   40 -    41 ┃  53.252 ±  0.043        ( 15.8s) ┃-28.6878 ± 0.0097        (8.24mi) ┃Vegas input parameters:
  ndim 7
  ncomp 1
  nvec 1
  epsrel 0
  epsabs 0
  flags 10
  seed 123456
  mineval 10000000
  maxeval 10000000
  nstart 1000000
  nincrease 1000000
  nbatch 5000
  gridno 0
  statefile ""

Iteration 1:  1000000 integrand evaluations so far
[1] 64.4017 +- 1.68408  	chisq 0 (0 df)

Iteration 2:  3000000 integrand evaluations so far
[1] 61.0772 +- 0.459507  	chisq 4.21043 (1 df)

Iteration 3:  6000000 integrand evaluations so far
[1] 61.0579 +- 0.285246  	chisq 4.21329 (2 df)

Iteration 4:  10000000 integrand evaluations so far
[1] 60.4959 +- 0.208737  	chisq 12.5703 (3 df)
    60.5 ±   0.21        ( 30.4s) ┃   85.06 ±   0.21        (9.01mi) ┃
┃   72 -    74 ┃   41 -    42 ┃  55.783 ±  0.051        (3.62mi) ┃ -29.859 ±  0.015        (32.8mi) ┃Vegas input parameters:
  ndim 7
  ncomp 1
  nvec 1
  epsrel 0
  epsabs 0
  flags 10
  seed 123456
  mineval 10000000
  maxeval 10000000
  nstart 1000000
  nincrease 1000000
  nbatch 5000
  gridno 0
  statefile ""

Iteration 1:  1000000 integrand evaluations so far
[1] 57.4128 +- 1.56515  	chisq 0 (0 df)

Iteration 2:  3000000 integrand evaluations so far
[1] 59.4637 +- 0.450351  	chisq 1.87208 (1 df)

Iteration 3:  6000000 integrand evaluations so far
[1] 59.7337 +- 0.279806  	chisq 2.45749 (2 df)

Iteration 4:  10000000 integrand evaluations so far
[1] 59.4698 +- 0.205713  	chisq 4.39389 (3 df)
   59.47 ±   0.21        ( 32.8s) ┃   85.39 ±   0.21        (36.9mi) ┃
┃   72 -    74 ┃   42 -    43 ┃ 62.3209 ± 0.0078        (3.71mi) ┃ -33.144 ±  0.018        (7.95mi) ┃Vegas input parameters:
  ndim 7
  ncomp 1
  nvec 1
  epsrel 0
  epsabs 0
  flags 10
  seed 123456
  mineval 10000000
  maxeval 10000000
  nstart 1000000
  nincrease 1000000
  nbatch 5000
  gridno 0
  statefile ""

Iteration 1:  1000000 integrand evaluations so far
[1] 57.7241 +- 1.55961  	chisq 0 (0 df)

Iteration 2:  3000000 integrand evaluations so far
[1] 58.0894 +- 0.443249  	chisq 0.0596785 (1 df)

Iteration 3:  6000000 integrand evaluations so far
[1] 58.7186 +- 0.276626  	chisq 3.36019 (2 df)

Iteration 4:  10000000 integrand evaluations so far
[1] 58.8949 +- 0.203815  	chisq 4.24859 (3 df)
   58.89 ±    0.2        ( 29.6s) ┃   88.07 ±    0.2        (12.2mi) ┃
┃   72 -    74 ┃   43 -    44 ┃  60.186 ±  0.037        (1.89mi) ┃ -31.951 ±  0.024        (8.49mi) ┃Vegas input parameters:
  ndim 7
  ncomp 1
  nvec 1
  epsrel 0
  epsabs 0
  flags 10
  seed 123456
  mineval 10000000
  maxeval 10000000
  nstart 1000000
  nincrease 1000000
  nbatch 5000
  gridno 0
  statefile ""

Iteration 1:  1000000 integrand evaluations so far
[1] 59.6161 +- 1.58417  	chisq 0 (0 df)

Iteration 2:  3000000 integrand evaluations so far
[1] 58.3905 +- 0.442377  	chisq 0.649193 (1 df)

Iteration 3:  6000000 integrand evaluations so far
[1] 58.0371 +- 0.273554  	chisq 1.68283 (2 df)

Iteration 4:  10000000 integrand evaluations so far
[1] 58.0572 +- 0.21387  	chisq 1.69673 (3 df)
   58.06 ±   0.21        ( 31.2s) ┃   86.29 ±   0.22        (10.9mi) ┃
┃   72 -    74 ┃   44 -    45 ┃ 52.9258 ± 0.0015        (7.41mi) ┃-28.0632 ± 0.0075        (16.9mi) ┃Vegas input parameters:
  ndim 7
  ncomp 1
  nvec 1
  epsrel 0
  epsabs 0
  flags 10
  seed 123456
  mineval 10000000
  maxeval 10000000
  nstart 1000000
  nincrease 1000000
  nbatch 5000
  gridno 0
  statefile ""

Iteration 1:  1000000 integrand evaluations so far
[1] 57.4698 +- 1.54994  	chisq 0 (0 df)

Iteration 2:  3000000 integrand evaluations so far
[1] 58.0642 +- 0.556229  	chisq 0.168848 (1 df)

Iteration 3:  6000000 integrand evaluations so far
[1] 57.0952 +- 0.324014  	chisq 4.76246 (2 df)

Iteration 4:  10000000 integrand evaluations so far
[1] 57.383 +- 0.223218  	chisq 6.26365 (3 df)
   57.38 ±   0.22        ( 32.2s) ┃   82.25 ±   0.22        (24.8mi) ┃
┃   72 -    74 ┃   45 -    46 ┃  54.626 ±  0.037        (3.84mi) ┃ -29.186 ±  0.017        (4.23mi) ┃Vegas input parameters:
  ndim 7
  ncomp 1
  nvec 1
  epsrel 0
  epsabs 0
  flags 10
  seed 123456
  mineval 10000000
  maxeval 10000000
  nstart 1000000
  nincrease 1000000
  nbatch 5000
  gridno 0
  statefile ""

Iteration 1:  1000000 integrand evaluations so far
[1] 55.4472 +- 1.51568  	chisq 0 (0 df)

Iteration 2:  3000000 integrand evaluations so far
[1] 57.6999 +- 0.438301  	chisq 2.41055 (1 df)

Iteration 3:  6000000 integrand evaluations so far
[1] 57.4301 +- 0.270798  	chisq 3.02326 (2 df)

Iteration 4:  10000000 integrand evaluations so far
[1] 57.2378 +- 0.203165  	chisq 4.1768 (3 df)
   57.24 ±    0.2        ( 32.4s) ┃   82.68 ±   0.21        (8.61mi) ┃
┃   72 -    74 ┃   46 -    47 ┃  68.496 ±  0.025        ( 3.9mi) ┃ -36.399 ±  0.029        (8.81mi) ┃Vegas input parameters:
  ndim 7
  ncomp 1
  nvec 1
  epsrel 0
  epsabs 0
  flags 10
  seed 123456
  mineval 10000000
  maxeval 10000000
  nstart 1000000
  nincrease 1000000
  nbatch 5000
  gridno 0
  statefile ""

Iteration 1:  1000000 integrand evaluations so far
[1] 58.0151 +- 1.54401  	chisq 0 (0 df)

Iteration 2:  3000000 integrand evaluations so far
[1] 56.9971 +- 0.431869  	chisq 0.471566 (1 df)

Iteration 3:  6000000 integrand evaluations so far
[1] 56.6531 +- 0.267149  	chisq 1.49956 (2 df)

Iteration 4:  10000000 integrand evaluations so far
[1] 56.9035 +- 0.204196  	chisq 3.61307 (3 df)
    56.9 ±    0.2        ( 30.9s) ┃      89 ±   0.21        (13.2mi) ┃
┃   72 -    74 ┃   47 -    48 ┃  52.504 ±  0.015        ( 31.9s) ┃ -27.874 ±  0.027        (1.12mi) ┃Vegas input parameters:
  ndim 7
  ncomp 1
  nvec 1
  epsrel 0
  epsabs 0
  flags 10
  seed 123456
  mineval 10000000
  maxeval 10000000
  nstart 1000000
  nincrease 1000000
  nbatch 5000
  gridno 0
  statefile ""

Iteration 1:  1000000 integrand evaluations so far
[1] 55.9785 +- 1.52508  	chisq 0 (0 df)

Iteration 2:  3000000 integrand evaluations so far
[1] 55.4192 +- 0.424946  	chisq 0.145817 (1 df)

Iteration 3:  6000000 integrand evaluations so far
[1] 55.5763 +- 0.264204  	chisq 0.368439 (2 df)

Iteration 4:  10000000 integrand evaluations so far
[1] 55.8762 +- 0.204125  	chisq 3.56581 (3 df)
   55.88 ±    0.2        ( 34.4s) ┃   80.51 ±   0.21        (2.22mi) ┃
┃   72 -    74 ┃   48 -    49 ┃  47.468 ±  0.017        (3.72mi) ┃ -25.147 ±  0.025        (4.17mi) ┃Vegas input parameters:
  ndim 7
  ncomp 1
  nvec 1
  epsrel 0
  epsabs 0
  flags 10
  seed 123456
  mineval 10000000
  maxeval 10000000
  nstart 1000000
  nincrease 1000000
  nbatch 5000
  gridno 0
  statefile ""

Iteration 1:  1000000 integrand evaluations so far
[1] 52.2734 +- 1.47097  	chisq 0 (0 df)

Iteration 2:  3000000 integrand evaluations so far
[1] 53.223 +- 0.415258  	chisq 0.452877 (1 df)

Iteration 3:  6000000 integrand evaluations so far
[1] 53.5525 +- 0.26417  	chisq 1.51037 (2 df)

Iteration 4:  10000000 integrand evaluations so far
[1] 53.395 +- 0.196818  	chisq 2.30913 (3 df)
    53.4 ±    0.2        ( 31.4s) ┃   75.72 ±    0.2        (8.42mi) ┃
┃   72 -    74 ┃   49 -    50 ┃  51.811 ±  0.021        ( 3.9mi) ┃ -27.806 ±   0.02        (16.8mi) ┃Vegas input parameters:
  ndim 7
  ncomp 1
  nvec 1
  epsrel 0
  epsabs 0
  flags 10
  seed 123456
  mineval 10000000
  maxeval 10000000
  nstart 1000000
  nincrease 1000000
  nbatch 5000
  gridno 0
  statefile ""

Iteration 1:  1000000 integrand evaluations so far
[1] 46.7858 +- 1.35949  	chisq 0 (0 df)

Iteration 2:  3000000 integrand evaluations so far
[1] 51.212 +- 0.408584  	chisq 11.6521 (1 df)

Iteration 3:  6000000 integrand evaluations so far
[1] 51.2904 +- 0.252928  	chisq 11.7119 (2 df)

Iteration 4:  10000000 integrand evaluations so far
[1] 51.0013 +- 0.185517  	chisq 14.5388 (3 df)
      51 ±   0.19        (   31s) ┃   75.01 ±   0.19        (21.2mi) ┃
┃   72 -    74 ┃   50 -    51 ┃  64.865 ±  0.014        (1.97mi) ┃ -34.412 ±  0.013        (16.9mi) ┃Vegas input parameters:
  ndim 7
  ncomp 1
  nvec 1
  epsrel 0
  epsabs 0
  flags 10
  seed 123456
  mineval 10000000
  maxeval 10000000
  nstart 1000000
  nincrease 1000000
  nbatch 5000
  gridno 0
  statefile ""

Iteration 1:  1000000 integrand evaluations so far
[1] 47.8422 +- 1.39194  	chisq 0 (0 df)

Iteration 2:  3000000 integrand evaluations so far
[1] 49.6175 +- 0.395836  	chisq 1.76991 (1 df)

Iteration 3:  6000000 integrand evaluations so far
[1] 49.6833 +- 0.246052  	chisq 1.81499 (2 df)

Iteration 4:  10000000 integrand evaluations so far
[1] 49.6512 +- 0.205084  	chisq 1.87085 (3 df)
   49.65 ±   0.21        ( 32.5s) ┃   80.11 ±   0.21        (19.4mi) ┃
┃   72 -    74 ┃   51 -    52 ┃  45.914 ±  0.044        (3.72mi) ┃ -24.417 ±  0.016        (31.1mi) ┃Vegas input parameters:
  ndim 7
  ncomp 1
  nvec 1
  epsrel 0
  epsabs 0
  flags 10
  seed 123456
  mineval 10000000
  maxeval 10000000
  nstart 1000000
  nincrease 1000000
  nbatch 5000
  gridno 0
  statefile ""

Iteration 1:  1000000 integrand evaluations so far
[1] 49.2509 +- 1.40875  	chisq 0 (0 df)

Iteration 2:  3000000 integrand evaluations so far
[1] 48.2714 +- 0.452295  	chisq 0.539074 (1 df)

Iteration 3:  6000000 integrand evaluations so far
[1] 48.1687 +- 0.271216  	chisq 0.619528 (2 df)

Iteration 4:  10000000 integrand evaluations so far
[1] 48.0297 +- 0.190891  	chisq 1.14042 (3 df)
   48.03 ±   0.19        ( 30.6s) ┃   69.53 ±    0.2        (35.3mi) ┃
┃   72 -    74 ┃   52 -    53 ┃  46.561 ±  0.034        (1.89mi) ┃ -24.874 ±  0.016        (2.12mi) ┃Vegas input parameters:
  ndim 7
  ncomp 1
  nvec 1
  epsrel 0
  epsabs 0
  flags 10
  seed 123456
  mineval 10000000
  maxeval 10000000
  nstart 1000000
  nincrease 1000000
  nbatch 5000
  gridno 0
  statefile ""

Iteration 1:  1000000 integrand evaluations so far
[1] 47.6699 +- 1.37906  	chisq 0 (0 df)

Iteration 2:  3000000 integrand evaluations so far
[1] 46.3289 +- 0.429715  	chisq 1.04735 (1 df)

Iteration 3:  6000000 integrand evaluations so far
[1] 46.6586 +- 0.260753  	chisq 1.97959 (2 df)

Iteration 4:  10000000 integrand evaluations so far
[1] 46.6879 +- 0.187895  	chisq 2.00571 (3 df)
   46.69 ±   0.19        ( 30.9s) ┃   68.37 ±   0.19        (4.53mi) ┃
┃   72 -    74 ┃   53 -    54 ┃  53.289 ±  0.036        (1.51mi) ┃ -28.365 ±  0.015        (2.97mi) ┃Vegas input parameters:
  ndim 7
  ncomp 1
  nvec 1
  epsrel 0
  epsabs 0
  flags 10
  seed 123456
  mineval 10000000
  maxeval 10000000
  nstart 1000000
  nincrease 1000000
  nbatch 5000
  gridno 0
  statefile ""

Iteration 1:  1000000 integrand evaluations so far
[1] 43.4281 +- 1.3085  	chisq 0 (0 df)

Iteration 2:  3000000 integrand evaluations so far
[1] 46.0264 +- 0.403741  	chisq 4.35819 (1 df)

Iteration 3:  6000000 integrand evaluations so far
[1] 45.8095 +- 0.246756  	chisq 4.81891 (2 df)

Iteration 4:  10000000 integrand evaluations so far
[1] 45.5424 +- 0.177202  	chisq 7.2381 (3 df)
   45.54 ±   0.18        ( 31.3s) ┃   70.47 ±   0.18        (   5mi) ┃
┃   72 -    74 ┃   54 -    55 ┃  48.594 ±  0.026        ( 29.1s) ┃ -25.955 ±  0.017        (2.15mi) ┃Vegas input parameters:
  ndim 7
  ncomp 1
  nvec 1
  epsrel 0
  epsabs 0
  flags 10
  seed 123456
  mineval 10000000
  maxeval 10000000
  nstart 1000000
  nincrease 1000000
  nbatch 5000
  gridno 0
  statefile ""

Iteration 1:  1000000 integrand evaluations so far
[1] 45.1222 +- 1.33027  	chisq 0 (0 df)

Iteration 2:  3000000 integrand evaluations so far
[1] 44.83 +- 0.388644  	chisq 0.0527417 (1 df)

Iteration 3:  6000000 integrand evaluations so far
[1] 45.1154 +- 0.240595  	chisq 0.927286 (2 df)

Iteration 4:  10000000 integrand evaluations so far
[1] 44.8466 +- 0.174348  	chisq 3.5567 (3 df)
   44.85 ±   0.17        ( 28.6s) ┃   67.49 ±   0.18        (3.11mi) ┃
┃   72 -    74 ┃   55 -    56 ┃  47.618 ± 0.0022        ( 3.4mi) ┃  -25.14 ± 0.0056        (31.7mi) ┃Vegas input parameters:
  ndim 7
  ncomp 1
  nvec 1
  epsrel 0
  epsabs 0
  flags 10
  seed 123456
  mineval 10000000
  maxeval 10000000
  nstart 1000000
  nincrease 1000000
  nbatch 5000
  gridno 0
  statefile ""

Iteration 1:  1000000 integrand evaluations so far
[1] 42.0973 +- 1.27448  	chisq 0 (0 df)

Iteration 2:  3000000 integrand evaluations so far
[1] 43.7246 +- 0.36366  	chisq 1.77503 (1 df)

Iteration 3:  6000000 integrand evaluations so far
[1] 43.8944 +- 0.224997  	chisq 2.12787 (2 df)

Iteration 4:  10000000 integrand evaluations so far
[1] 43.7097 +- 0.165021  	chisq 3.58602 (3 df)
   43.71 ±   0.17        ( 30.8s) ┃   66.19 ±   0.17        (35.6mi) ┃
┃   72 -    74 ┃   56 -    57 ┃   42.94 ±  0.037        ( 47.5s) ┃-22.8861 ± 0.0052        (29.5mi) ┃Vegas input parameters:
  ndim 7
  ncomp 1
  nvec 1
  epsrel 0
  epsabs 0
  flags 10
  seed 123456
  mineval 10000000
  maxeval 10000000
  nstart 1000000
  nincrease 1000000
  nbatch 5000
  gridno 0
  statefile ""

Iteration 1:  1000000 integrand evaluations so far
[1] 41.3282 +- 1.26649  	chisq 0 (0 df)

Iteration 2:  3000000 integrand evaluations so far
[1] 43.2672 +- 0.359681  	chisq 2.54947 (1 df)

Iteration 3:  6000000 integrand evaluations so far
[1] 43.3277 +- 0.231719  	chisq 2.59796 (2 df)

Iteration 4:  10000000 integrand evaluations so far
[1] 43.1583 +- 0.175212  	chisq 3.84703 (3 df)
   43.16 ±   0.18        ( 24.2s) ┃   63.21 ±   0.18        (30.7mi) ┃
┃   72 -    74 ┃   57 -    58 ┃  52.623 ±  0.052        ( 24.6s) ┃ -27.944 ±  0.023        (   30s) ┃Vegas input parameters:
  ndim 7
  ncomp 1
  nvec 1
  epsrel 0
  epsabs 0
  flags 10
  seed 123456
  mineval 10000000
  maxeval 10000000
  nstart 1000000
  nincrease 1000000
  nbatch 5000
  gridno 0
  statefile ""

Iteration 1:  1000000 integrand evaluations so far
[1] 43.8742 +- 1.31269  	chisq 0 (0 df)

Iteration 2:  3000000 integrand evaluations so far
[1] 42.3703 +- 0.354437  	chisq 1.41574 (1 df)

Iteration 3:  6000000 integrand evaluations so far
[1] 42.0004 +- 0.218738  	chisq 3.17502 (2 df)

Iteration 4:  10000000 integrand evaluations so far
[1] 42.1199 +- 0.161011  	chisq 3.82642 (3 df)
   42.12 ±   0.16        ( 24.2s) ┃    66.8 ±   0.17        (1.31mi) ┃
┃   72 -    74 ┃   58 -    59 ┃  49.941 ±  0.027        ( 5.03s) ┃ -26.271 ±  0.025        (  14mi) ┃Vegas input parameters:
  ndim 7
  ncomp 1
  nvec 1
  epsrel 0
  epsabs 0
  flags 10
  seed 123456
  mineval 10000000
  maxeval 10000000
  nstart 1000000
  nincrease 1000000
  nbatch 5000
  gridno 0
  statefile ""

Iteration 1:  1000000 integrand evaluations so far
[1] 41.8031 +- 1.27755  	chisq 0 (0 df)

Iteration 2:  3000000 integrand evaluations so far
[1] 41.7629 +- 0.349374  	chisq 0.00106963 (1 df)

Iteration 3:  6000000 integrand evaluations so far
[1] 41.593 +- 0.227864  	chisq 0.412806 (2 df)

Iteration 4:  10000000 integrand evaluations so far
[1] 41.7236 +- 0.169595  	chisq 1.14927 (3 df)
   41.72 ±   0.17        ( 25.1s) ┃   65.39 ±   0.17        (14.5mi) ┃
┃   72 -    74 ┃   59 -    60 ┃  37.851 ±  0.026        (1.62mi) ┃ -20.147 ±  0.015        (13.8mi) ┃Vegas input parameters:
  ndim 7
  ncomp 1
  nvec 1
  epsrel 0
  epsabs 0
  flags 10
  seed 123456
  mineval 10000000
  maxeval 10000000
  nstart 1000000
  nincrease 1000000
  nbatch 5000
  gridno 0
  statefile ""

Iteration 1:  1000000 integrand evaluations so far
[1] 41.2428 +- 1.27671  	chisq 0 (0 df)

Iteration 2:  3000000 integrand evaluations so far
[1] 41.4657 +- 0.347692  	chisq 0.0329108 (1 df)

Iteration 3:  6000000 integrand evaluations so far
[1] 41.0189 +- 0.22693  	chisq 2.91009 (2 df)

Iteration 4:  10000000 integrand evaluations so far
[1] 40.9078 +- 0.167172  	chisq 3.43412 (3 df)
   40.91 ±   0.17        ( 26.6s) ┃   58.61 ±   0.17        (15.9mi) ┃
┃   74 -    76 ┃   25 -    26 ┃  46.913 ±  0.018        (3.63mi) ┃ -24.747 ±  0.021        (7.99mi) ┃Vegas input parameters:
  ndim 7
  ncomp 1
  nvec 1
  epsrel 0
  epsabs 0
  flags 10
  seed 123456
  mineval 10000000
  maxeval 10000000
  nstart 1000000
  nincrease 1000000
  nbatch 5000
  gridno 0
  statefile ""

Iteration 1:  1000000 integrand evaluations so far
[1] 76.766 +- 1.97812  	chisq 0 (0 df)

Iteration 2:  3000000 integrand evaluations so far
[1] 73.9193 +- 0.542544  	chisq 2.23956 (1 df)

Iteration 3:  6000000 integrand evaluations so far
[1] 74.0379 +- 0.336861  	chisq 2.31738 (2 df)

Iteration 4:  10000000 integrand evaluations so far
[1] 73.9595 +- 0.255279  	chisq 2.44444 (3 df)
   73.96 ±   0.26        (   31s) ┃   96.13 ±   0.26        (12.1mi) ┃
┃   74 -    76 ┃   26 -    27 ┃  57.206 ±  0.029        (3.31mi) ┃ -30.021 ±  0.017        (7.63mi) ┃Vegas input parameters:
  ndim 7
  ncomp 1
  nvec 1
  epsrel 0
  epsabs 0
  flags 10
  seed 123456
  mineval 10000000
  maxeval 10000000
  nstart 1000000
  nincrease 1000000
  nbatch 5000
  gridno 0
  statefile ""

Iteration 1:  1000000 integrand evaluations so far
[1] 69.5416 +- 1.84977  	chisq 0 (0 df)

Iteration 2:  3000000 integrand evaluations so far
[1] 71.0505 +- 0.525004  	chisq 0.72373 (1 df)

Iteration 3:  6000000 integrand evaluations so far
[1] 71.4383 +- 0.326597  	chisq 1.61346 (2 df)

Iteration 4:  10000000 integrand evaluations so far
[1] 71.7211 +- 0.253273  	chisq 3.49464 (3 df)
   71.72 ±   0.25        ( 30.9s) ┃   98.91 ±   0.26        (11.5mi) ┃
┃   74 -    76 ┃   27 -    28 ┃  58.862 ±  0.052        ( 14.4s) ┃ -31.072 ±  0.016        ( 45.7s) ┃Vegas input parameters:
  ndim 7
  ncomp 1
  nvec 1
  epsrel 0
  epsabs 0
  flags 10
  seed 123456
  mineval 10000000
  maxeval 10000000
  nstart 1000000
  nincrease 1000000
  nbatch 5000
  gridno 0
  statefile ""

Iteration 1:  1000000 integrand evaluations so far
[1] 71.2507 +- 1.86319  	chisq 0 (0 df)

Iteration 2:  3000000 integrand evaluations so far
[1] 68.9389 +- 0.513474  	chisq 1.66603 (1 df)

Iteration 3:  6000000 integrand evaluations so far
[1] 69.5903 +- 0.320496  	chisq 4.30192 (2 df)

Iteration 4:  10000000 integrand evaluations so far
[1] 69.8058 +- 0.258934  	chisq 5.60448 (3 df)
   69.81 ±   0.26        ( 26.1s) ┃    97.6 ±   0.26        (1.44mi) ┃
┃   74 -    76 ┃   28 -    29 ┃  39.276 ±  0.017        ( 49.5s) ┃ -20.919 ±  0.005        (  31mi) ┃Vegas input parameters:
  ndim 7
  ncomp 1
  nvec 1
  epsrel 0
  epsabs 0
  flags 10
  seed 123456
  mineval 10000000
  maxeval 10000000
  nstart 1000000
  nincrease 1000000
  nbatch 5000
  gridno 0
  statefile ""

Iteration 1:  1000000 integrand evaluations so far
[1] 67.041 +- 1.78025  	chisq 0 (0 df)

Iteration 2:  3000000 integrand evaluations so far
[1] 67.4864 +- 0.503766  	chisq 0.0680567 (1 df)

Iteration 3:  6000000 integrand evaluations so far
[1] 67.5671 +- 0.324965  	chisq 0.112051 (2 df)

Iteration 4:  10000000 integrand evaluations so far
[1] 67.8596 +- 0.261303  	chisq 2.40324 (3 df)
   67.86 ±   0.26        ( 27.5s) ┃   86.22 ±   0.26        (32.3mi) ┃
┃   74 -    76 ┃   29 -    30 ┃  67.314 ±  0.019        (1.43mi) ┃-35.1937 ± 0.0022        (8.01mi) ┃Vegas input parameters:
  ndim 7
  ncomp 1
  nvec 1
  epsrel 0
  epsabs 0
  flags 10
  seed 123456
  mineval 10000000
  maxeval 10000000
  nstart 1000000
  nincrease 1000000
  nbatch 5000
  gridno 0
  statefile ""

Iteration 1:  1000000 integrand evaluations so far
[1] 66.6056 +- 1.77729  	chisq 0 (0 df)

Iteration 2:  3000000 integrand evaluations so far
[1] 65.4659 +- 0.493589  	chisq 0.445549 (1 df)

Iteration 3:  6000000 integrand evaluations so far
[1] 65.6802 +- 0.306715  	chisq 0.752701 (2 df)

Iteration 4:  10000000 integrand evaluations so far
[1] 65.8644 +- 0.241961  	chisq 1.70726 (3 df)
   65.86 ±   0.24        ( 29.6s) ┃   97.98 ±   0.24        (9.93mi) ┃
┃   74 -    76 ┃   30 -    31 ┃  49.918 ±  0.033        ( 55.3s) ┃ -26.307 ±   0.01        (6.72mi) ┃Vegas input parameters:
  ndim 7
  ncomp 1
  nvec 1
  epsrel 0
  epsabs 0
  flags 10
  seed 123456
  mineval 10000000
  maxeval 10000000
  nstart 1000000
  nincrease 1000000
  nbatch 5000
  gridno 0
  statefile ""

Iteration 1:  1000000 integrand evaluations so far
[1] 67.7224 +- 1.77738  	chisq 0 (0 df)

Iteration 2:  3000000 integrand evaluations so far
[1] 64.9891 +- 0.48665  	chisq 2.55642 (1 df)

Iteration 3:  6000000 integrand evaluations so far
[1] 64.8373 +- 0.322244  	chisq 2.72975 (2 df)

Iteration 4:  10000000 integrand evaluations so far
[1] 64.8092 +- 0.2411  	chisq 2.74708 (3 df)
   64.81 ±   0.24        ( 23.1s) ┃   88.42 ±   0.24        (8.03mi) ┃
┃   74 -    76 ┃   31 -    32 ┃ 40.5945 ± 0.0044        (13.1mi) ┃-21.4151 ± 0.00087        (15.7mi) ┃Vegas input parameters:
  ndim 7
  ncomp 1
  nvec 1
  epsrel 0
  epsabs 0
  flags 10
  seed 123456
  mineval 10000000
  maxeval 10000000
  nstart 1000000
  nincrease 1000000
  nbatch 5000
  gridno 0
  statefile ""

Iteration 1:  1000000 integrand evaluations so far
[1] 62.3945 +- 1.67728  	chisq 0 (0 df)

Iteration 2:  3000000 integrand evaluations so far
[1] 62.8666 +- 0.561241  	chisq 0.0892451 (1 df)

Iteration 3:  6000000 integrand evaluations so far
[1] 62.5178 +- 0.335207  	chisq 0.68984 (2 df)

Iteration 4:  10000000 integrand evaluations so far
[1] 62.6756 +- 0.236373  	chisq 1.13089 (3 df)
   62.68 ±   0.24        ( 28.2s) ┃   81.85 ±   0.24        (29.3mi) ┃
┃   74 -    76 ┃   32 -    33 ┃  61.898 ±  0.056        ( 3.6mi) ┃ -32.544 ±  0.032        (15.8mi) ┃Vegas input parameters:
  ndim 7
  ncomp 1
  nvec 1
  epsrel 0
  epsabs 0
  flags 10
  seed 123456
  mineval 10000000
  maxeval 10000000
  nstart 1000000
  nincrease 1000000
  nbatch 5000
  gridno 0
  statefile ""

Iteration 1:  1000000 integrand evaluations so far
[1] 61.1973 +- 1.64257  	chisq 0 (0 df)

Iteration 2:  3000000 integrand evaluations so far
[1] 62.2367 +- 0.468449  	chisq 0.43587 (1 df)

Iteration 3:  6000000 integrand evaluations so far
[1] 62.0643 +- 0.322247  	chisq 0.692886 (2 df)

Iteration 4:  10000000 integrand evaluations so far
[1] 62.0638 +- 0.252754  	chisq 0.692893 (3 df)
   62.06 ±   0.25        ( 29.1s) ┃   91.42 ±   0.26        (19.9mi) ┃
┃   74 -    76 ┃   33 -    34 ┃  50.894 ±   0.04        (3.55mi) ┃-26.5392 ± 0.0055        (28.7mi) ┃Vegas input parameters:
  ndim 7
  ncomp 1
  nvec 1
  epsrel 0
  epsabs 0
  flags 10
  seed 123456
  mineval 10000000
  maxeval 10000000
  nstart 1000000
  nincrease 1000000
  nbatch 5000
  gridno 0
  statefile ""

Iteration 1:  1000000 integrand evaluations so far
[1] 62.3067 +- 1.6696  	chisq 0 (0 df)

Iteration 2:  3000000 integrand evaluations so far
[1] 61.4091 +- 0.558008  	chisq 0.32534 (1 df)

Iteration 3:  6000000 integrand evaluations so far
[1] 60.7896 +- 0.330058  	chisq 2.22099 (2 df)

Iteration 4:  10000000 integrand evaluations so far
[1] 60.9041 +- 0.230867  	chisq 2.4565 (3 df)
    60.9 ±   0.23        ( 29.9s) ┃   85.26 ±   0.23        (32.8mi) ┃
┃   74 -    76 ┃   34 -    35 ┃  49.007 ±   0.04        (7.05mi) ┃ -26.052 ±  0.023        (7.97mi) ┃Vegas input parameters:
  ndim 7
  ncomp 1
  nvec 1
  epsrel 0
  epsabs 0
  flags 10
  seed 123456
  mineval 10000000
  maxeval 10000000
  nstart 1000000
  nincrease 1000000
  nbatch 5000
  gridno 0
  statefile ""

Iteration 1:  1000000 integrand evaluations so far
[1] 61.8175 +- 1.64619  	chisq 0 (0 df)

Iteration 2:  3000000 integrand evaluations so far
[1] 60.0111 +- 0.454055  	chisq 1.30323 (1 df)

Iteration 3:  6000000 integrand evaluations so far
[1] 59.7746 +- 0.309942  	chisq 1.81151 (2 df)

Iteration 4:  10000000 integrand evaluations so far
[1] 59.8525 +- 0.228954  	chisq 1.95059 (3 df)
   59.85 ±   0.23        ( 31.9s) ┃   82.81 ±   0.23        (15.6mi) ┃
┃   74 -    76 ┃   35 -    36 ┃   51.92 ±  0.033        (7.06mi) ┃ -27.587 ±  0.025        (  16mi) ┃Vegas input parameters:
  ndim 7
  ncomp 1
  nvec 1
  epsrel 0
  epsabs 0
  flags 10
  seed 123456
  mineval 10000000
  maxeval 10000000
  nstart 1000000
  nincrease 1000000
  nbatch 5000
  gridno 0
  statefile ""

Iteration 1:  1000000 integrand evaluations so far
[1] 59.3433 +- 1.60052  	chisq 0 (0 df)

Iteration 2:  3000000 integrand evaluations so far
[1] 59.0202 +- 0.447435  	chisq 0.0442017 (1 df)

Iteration 3:  6000000 integrand evaluations so far
[1] 58.6113 +- 0.276599  	chisq 1.39606 (2 df)

Iteration 4:  10000000 integrand evaluations so far
[1] 58.9145 +- 0.208381  	chisq 4.17489 (3 df)
   58.91 ±   0.21        ( 29.3s) ┃   83.25 ±   0.21        (23.5mi) ┃
┃   74 -    76 ┃   36 -    37 ┃  60.124 ±  0.038        (1.24mi) ┃ -31.157 ±  0.018        ( 43.2s) ┃Vegas input parameters:
  ndim 7
  ncomp 1
  nvec 1
  epsrel 0
  epsabs 0
  flags 10
  seed 123456
  mineval 10000000
  maxeval 10000000
  nstart 1000000
  nincrease 1000000
  nbatch 5000
  gridno 0
  statefile ""

Iteration 1:  1000000 integrand evaluations so far
[1] 56.8176 +- 1.54264  	chisq 0 (0 df)

Iteration 2:  3000000 integrand evaluations so far
[1] 57.8581 +- 0.515368  	chisq 0.512123 (1 df)

Iteration 3:  6000000 integrand evaluations so far
[1] 57.7337 +- 0.309362  	chisq 0.603174 (2 df)

Iteration 4:  10000000 integrand evaluations so far
[1] 57.6433 +- 0.218018  	chisq 0.772915 (3 df)
   57.64 ±   0.22        ( 30.2s) ┃   86.61 ±   0.22        (2.47mi) ┃
┃   74 -    76 ┃   37 -    38 ┃  48.234 ±  0.038        (3.88mi) ┃ -25.691 ±  0.025        (35.7mi) ┃Vegas input parameters:
  ndim 7
  ncomp 1
  nvec 1
  epsrel 0
  epsabs 0
  flags 10
  seed 123456
  mineval 10000000
  maxeval 10000000
  nstart 1000000
  nincrease 1000000
  nbatch 5000
  gridno 0
  statefile ""

Iteration 1:  1000000 integrand evaluations so far
[1] 55.6227 +- 1.51889  	chisq 0 (0 df)

Iteration 2:  3000000 integrand evaluations so far
[1] 56.813 +- 0.435824  	chisq 0.669241 (1 df)

Iteration 3:  6000000 integrand evaluations so far
[1] 57.0432 +- 0.270325  	chisq 1.12239 (2 df)

Iteration 4:  10000000 integrand evaluations so far
[1] 56.9038 +- 0.200747  	chisq 1.71522 (3 df)
    56.9 ±    0.2        ( 21.8s) ┃   79.45 ±   0.21        (  40mi) ┃
┃   74 -    76 ┃   38 -    39 ┃  46.605 ±  0.021        ( 1.2mi) ┃ -24.833 ±  0.013        (24.5mi) ┃Vegas input parameters:
  ndim 7
  ncomp 1
  nvec 1
  epsrel 0
  epsabs 0
  flags 10
  seed 123456
  mineval 10000000
  maxeval 10000000
  nstart 1000000
  nincrease 1000000
  nbatch 5000
  gridno 0
  statefile ""

Iteration 1:  1000000 integrand evaluations so far
[1] 54.5633 +- 1.49792  	chisq 0 (0 df)

Iteration 2:  3000000 integrand evaluations so far
[1] 55.6938 +- 0.427773  	chisq 0.62024 (1 df)

Iteration 3:  6000000 integrand evaluations so far
[1] 55.8528 +- 0.265816  	chisq 0.845288 (2 df)

Iteration 4:  10000000 integrand evaluations so far
[1] 55.8949 +- 0.20085  	chisq 0.903524 (3 df)
   55.89 ±    0.2        ( 29.5s) ┃   77.67 ±    0.2        (26.2mi) ┃
┃   74 -    76 ┃   39 -    40 ┃  59.825 ±   0.02        (1.64mi) ┃ -31.296 ±  0.017        (1.37mi) ┃Vegas input parameters:
  ndim 7
  ncomp 1
  nvec 1
  epsrel 0
  epsabs 0
  flags 10
  seed 123456
  mineval 10000000
  maxeval 10000000
  nstart 1000000
  nincrease 1000000
  nbatch 5000
  gridno 0
  statefile ""

Iteration 1:  1000000 integrand evaluations so far
[1] 54.2437 +- 1.48248  	chisq 0 (0 df)

Iteration 2:  3000000 integrand evaluations so far
[1] 54.833 +- 0.423085  	chisq 0.172077 (1 df)

Iteration 3:  6000000 integrand evaluations so far
[1] 55.0687 +- 0.262838  	chisq 0.677211 (2 df)

Iteration 4:  10000000 integrand evaluations so far
[1] 55.2267 +- 0.198054  	chisq 1.51303 (3 df)
   55.23 ±    0.2        ( 30.3s) ┃   83.76 ±    0.2        (3.52mi) ┃
┃   74 -    76 ┃   40 -    41 ┃   46.68 ±  0.037        (3.57mi) ┃ -24.596 ±  0.022        (7.85mi) ┃Vegas input parameters:
  ndim 7
  ncomp 1
  nvec 1
  epsrel 0
  epsabs 0
  flags 10
  seed 123456
  mineval 10000000
  maxeval 10000000
  nstart 1000000
  nincrease 1000000
  nbatch 5000
  gridno 0
  statefile ""

Iteration 1:  1000000 integrand evaluations so far
[1] 58.9136 +- 1.55794  	chisq 0 (0 df)

Iteration 2:  3000000 integrand evaluations so far
[1] 55.4207 +- 0.42256  	chisq 5.42554 (1 df)

Iteration 3:  6000000 integrand evaluations so far
[1] 55.1075 +- 0.261268  	chisq 6.31522 (2 df)

Iteration 4:  10000000 integrand evaluations so far
[1] 54.8008 +- 0.197459  	chisq 9.52766 (3 df)
    54.8 ±    0.2        ( 31.3s) ┃   76.89 ±    0.2        (11.9mi) ┃
┃   74 -    76 ┃   41 -    42 ┃  42.915 ±  0.011        ( 1.6mi) ┃ -22.676 ± 0.0086        (11.3mi) ┃Vegas input parameters:
  ndim 7
  ncomp 1
  nvec 1
  epsrel 0
  epsabs 0
  flags 10
  seed 123456
  mineval 10000000
  maxeval 10000000
  nstart 1000000
  nincrease 1000000
  nbatch 5000
  gridno 0
  statefile ""

Iteration 1:  1000000 integrand evaluations so far
[1] 53.7709 +- 1.46231  	chisq 0 (0 df)

Iteration 2:  3000000 integrand evaluations so far
[1] 54.5885 +- 0.415306  	chisq 0.340046 (1 df)

Iteration 3:  6000000 integrand evaluations so far
[1] 54.3559 +- 0.257542  	chisq 0.849798 (2 df)

Iteration 4:  10000000 integrand evaluations so far
[1] 54.3227 +- 0.189697  	chisq 0.886183 (3 df)
   54.32 ±   0.19        ( 21.5s) ┃   74.56 ±   0.19        (13.3mi) ┃
┃   74 -    76 ┃   42 -    43 ┃  50.345 ±   0.03        (1.85mi) ┃  -26.57 ±  0.025        (1.06mi) ┃Vegas input parameters:
  ndim 7
  ncomp 1
  nvec 1
  epsrel 0
  epsabs 0
  flags 10
  seed 123456
  mineval 10000000
  maxeval 10000000
  nstart 1000000
  nincrease 1000000
  nbatch 5000
  gridno 0
  statefile ""

Iteration 1:  1000000 integrand evaluations so far
[1] 54.2589 +- 1.46889  	chisq 0 (0 df)

Iteration 2:  3000000 integrand evaluations so far
[1] 53.6931 +- 0.412145  	chisq 0.161042 (1 df)

Iteration 3:  6000000 integrand evaluations so far
[1] 53.9535 +- 0.255921  	chisq 0.810738 (2 df)

Iteration 4:  10000000 integrand evaluations so far
[1] 53.8574 +- 0.188357  	chisq 1.11805 (3 df)
   53.86 ±   0.19        ( 34.1s) ┃   77.63 ±   0.19        (3.48mi) ┃
┃   74 -    76 ┃   43 -    44 ┃ 47.0586 ±  0.005        (1.84mi) ┃ -24.739 ±  0.013        (2.09mi) ┃Vegas input parameters:
  ndim 7
  ncomp 1
  nvec 1
  epsrel 0
  epsabs 0
  flags 10
  seed 123456
  mineval 10000000
  maxeval 10000000
  nstart 1000000
  nincrease 1000000
  nbatch 5000
  gridno 0
  statefile ""

Iteration 1:  1000000 integrand evaluations so far
[1] 53.3811 +- 1.43965  	chisq 0 (0 df)

Iteration 2:  3000000 integrand evaluations so far
[1] 52.6397 +- 0.405002  	chisq 0.288021 (1 df)

Iteration 3:  6000000 integrand evaluations so far
[1] 52.8838 +- 0.251703  	chisq 0.880223 (2 df)

Iteration 4:  10000000 integrand evaluations so far
[1] 53.0178 +- 0.202357  	chisq 1.68182 (3 df)
   53.02 ±    0.2        (   30s) ┃   75.34 ±    0.2        (4.43mi) ┃
┃   74 -    76 ┃   44 -    45 ┃  46.497 ±  0.033        (2.05mi) ┃ -24.139 ±  0.018        (7.44mi) ┃Vegas input parameters:
  ndim 7
  ncomp 1
  nvec 1
  epsrel 0
  epsabs 0
  flags 10
  seed 123456
  mineval 10000000
  maxeval 10000000
  nstart 1000000
  nincrease 1000000
  nbatch 5000
  gridno 0
  statefile ""

Iteration 1:  1000000 integrand evaluations so far
[1] 52.2436 +- 1.41541  	chisq 0 (0 df)

Iteration 2:  3000000 integrand evaluations so far
[1] 52.9535 +- 0.479897  	chisq 0.284182 (1 df)

Iteration 3:  6000000 integrand evaluations so far
[1] 52.4429 +- 0.286103  	chisq 2.04008 (2 df)

Iteration 4:  10000000 integrand evaluations so far
[1] 52.525 +- 0.201542  	chisq 2.20343 (3 df)
   52.53 ±    0.2        ( 23.1s) ┃   74.88 ±    0.2        (9.88mi) ┃
┃   74 -    76 ┃   45 -    46 ┃  41.602 ±  0.023        ( 2.2mi) ┃-21.8496 ± 0.0095        (5.59mi) ┃Vegas input parameters:
  ndim 7
  ncomp 1
  nvec 1
  epsrel 0
  epsabs 0
  flags 10
  seed 123456
  mineval 10000000
  maxeval 10000000
  nstart 1000000
  nincrease 1000000
  nbatch 5000
  gridno 0
  statefile ""

Iteration 1:  1000000 integrand evaluations so far
[1] 52.8619 +- 1.43892  	chisq 0 (0 df)

Iteration 2:  3000000 integrand evaluations so far
[1] 52.6612 +- 0.401393  	chisq 0.0211021 (1 df)

Iteration 3:  6000000 integrand evaluations so far
[1] 52.0718 +- 0.255141  	chisq 3.6386 (2 df)

Iteration 4:  10000000 integrand evaluations so far
[1] 51.8916 +- 0.189104  	chisq 4.74502 (3 df)
   51.89 ±   0.19        ( 30.6s) ┃   71.64 ±   0.19        (8.29mi) ┃
┃   74 -    76 ┃   46 -    47 ┃  49.249 ±  0.041        ( 3.57s) ┃ -26.087 ±  0.016        (1.58mi) ┃Vegas input parameters:
  ndim 7
  ncomp 1
  nvec 1
  epsrel 0
  epsabs 0
  flags 10
  seed 123456
  mineval 10000000
  maxeval 10000000
  nstart 1000000
  nincrease 1000000
  nbatch 5000
  gridno 0
  statefile ""

Iteration 1:  1000000 integrand evaluations so far
[1] 49.4274 +- 1.37016  	chisq 0 (0 df)

Iteration 2:  3000000 integrand evaluations so far
[1] 51.7941 +- 0.397829  	chisq 3.25836 (1 df)

Iteration 3:  6000000 integrand evaluations so far
[1] 52.1002 +- 0.261662  	chisq 4.30149 (2 df)

Iteration 4:  10000000 integrand evaluations so far
[1] 51.6621 +- 0.192002  	chisq 10.3737 (3 df)
   51.66 ±   0.19        ( 27.5s) ┃   74.82 ±    0.2        ( 2.1mi) ┃
┃   74 -    76 ┃   47 -    48 ┃   49.76 ±  0.016        (3.38mi) ┃ -26.105 ±  0.016        (5.98mi) ┃Vegas input parameters:
  ndim 7
  ncomp 1
  nvec 1
  epsrel 0
  epsabs 0
  flags 10
  seed 123456
  mineval 10000000
  maxeval 10000000
  nstart 1000000
  nincrease 1000000
  nbatch 5000
  gridno 0
  statefile ""

Iteration 1:  1000000 integrand evaluations so far
[1] 53.539 +- 1.43735  	chisq 0 (0 df)

Iteration 2:  3000000 integrand evaluations so far
[1] 51.704 +- 0.462094  	chisq 1.81774 (1 df)

Iteration 3:  6000000 integrand evaluations so far
[1] 51.0855 +- 0.275898  	chisq 4.60169 (2 df)

Iteration 4:  10000000 integrand evaluations so far
[1] 51.3452 +- 0.212483  	chisq 6.77907 (3 df)
   51.35 ±   0.21        (   29s) ┃      75 ±   0.21        (9.85mi) ┃
┃   74 -    76 ┃   48 -    49 ┃  39.964 ±  0.036        ( 1.1mi) ┃ -20.906 ±  0.017        (2.17mi) ┃Vegas input parameters:
  ndim 7
  ncomp 1
  nvec 1
  epsrel 0
  epsabs 0
  flags 10
  seed 123456
  mineval 10000000
  maxeval 10000000
  nstart 1000000
  nincrease 1000000
  nbatch 5000
  gridno 0
  statefile ""

Iteration 1:  1000000 integrand evaluations so far
[1] 51.0357 +- 1.3964  	chisq 0 (0 df)

Iteration 2:  3000000 integrand evaluations so far
[1] 51.1422 +- 0.393456  	chisq 0.00631292 (1 df)

Iteration 3:  6000000 integrand evaluations so far
[1] 50.6741 +- 0.242382  	chisq 2.28742 (2 df)

Iteration 4:  10000000 integrand evaluations so far
[1] 50.8879 +- 0.1831  	chisq 4.09943 (3 df)
   50.89 ±   0.18        ( 29.1s) ┃   69.95 ±   0.19        (3.75mi) ┃
┃   74 -    76 ┃   49 -    50 ┃  39.337 ±   0.02        (1.85mi) ┃ -20.712 ±  0.013        (2.11mi) ┃Vegas input parameters:
  ndim 7
  ncomp 1
  nvec 1
  epsrel 0
  epsabs 0
  flags 10
  seed 123456
  mineval 10000000
  maxeval 10000000
  nstart 1000000
  nincrease 1000000
  nbatch 5000
  gridno 0
  statefile ""

Iteration 1:  1000000 integrand evaluations so far
[1] 48.7584 +- 1.36219  	chisq 0 (0 df)

Iteration 2:  3000000 integrand evaluations so far
[1] 50.1253 +- 0.388453  	chisq 1.09608 (1 df)

Iteration 3:  6000000 integrand evaluations so far
[1] 50.0577 +- 0.240414  	chisq 1.1452 (2 df)

Iteration 4:  10000000 integrand evaluations so far
[1] 49.585 +- 0.176195  	chisq 9.49528 (3 df)
   49.59 ±   0.18        ( 32.1s) ┃   68.21 ±   0.18        ( 4.5mi) ┃
┃   74 -    76 ┃   50 -    51 ┃  47.775 ±  0.033        (1.69mi) ┃ -25.289 ±  0.016        (5.73mi) ┃Vegas input parameters:
  ndim 7
  ncomp 1
  nvec 1
  epsrel 0
  epsabs 0
  flags 10
  seed 123456
  mineval 10000000
  maxeval 10000000
  nstart 1000000
  nincrease 1000000
  nbatch 5000
  gridno 0
  statefile ""

Iteration 1:  1000000 integrand evaluations so far
[1] 43.1698 +- 1.26597  	chisq 0 (0 df)

Iteration 2:  3000000 integrand evaluations so far
[1] 47.3901 +- 0.37703  	chisq 12.1949 (1 df)

Iteration 3:  6000000 integrand evaluations so far
[1] 47.2778 +- 0.233383  	chisq 12.339 (2 df)

Iteration 4:  10000000 integrand evaluations so far
[1] 47.5787 +- 0.182024  	chisq 16.5841 (3 df)
   47.58 ±   0.18        ( 28.7s) ┃   70.07 ±   0.19        (7.89mi) ┃
┃   74 -    76 ┃   51 -    52 ┃  47.148 ±  0.045        (1.88mi) ┃ -24.629 ±  0.014        (7.32mi) ┃Vegas input parameters:
  ndim 7
  ncomp 1
  nvec 1
  epsrel 0
  epsabs 0
  flags 10
  seed 123456
  mineval 10000000
  maxeval 10000000
  nstart 1000000
  nincrease 1000000
  nbatch 5000
  gridno 0
  statefile ""

Iteration 1:  1000000 integrand evaluations so far
[1] 45.5458 +- 1.30386  	chisq 0 (0 df)

Iteration 2:  3000000 integrand evaluations so far
[1] 45.8399 +- 0.456962  	chisq 0.058009 (1 df)

Iteration 3:  6000000 integrand evaluations so far
[1] 45.8463 +- 0.268926  	chisq 0.0583091 (2 df)

Iteration 4:  10000000 integrand evaluations so far
[1] 45.9845 +- 0.204667  	chisq 0.685997 (3 df)
   45.98 ±    0.2        ( 27.5s) ┃    68.5 ±   0.21        (9.66mi) ┃
┃   74 -    76 ┃   52 -    53 ┃  36.281 ±  0.025        (1.92mi) ┃ -19.096 ± 0.0097        (23.1mi) ┃Vegas input parameters:
  ndim 7
  ncomp 1
  nvec 1
  epsrel 0
  epsabs 0
  flags 10
  seed 123456
  mineval 10000000
  maxeval 10000000
  nstart 1000000
  nincrease 1000000
  nbatch 5000
  gridno 0
  statefile ""

Iteration 1:  1000000 integrand evaluations so far
[1] 46.5038 +- 1.31801  	chisq 0 (0 df)

Iteration 2:  3000000 integrand evaluations so far
[1] 44.1333 +- 0.359095  	chisq 3.49427 (1 df)

Iteration 3:  6000000 integrand evaluations so far
[1] 44.2333 +- 0.223256  	chisq 3.6209 (2 df)

Iteration 4:  10000000 integrand evaluations so far
[1] 44.1228 +- 0.164149  	chisq 4.1549 (3 df)
   44.12 ±   0.16        (   27s) ┃   61.31 ±   0.17        (25.5mi) ┃
┃   74 -    76 ┃   53 -    54 ┃ 40.3123 ± 0.0034        (1.93mi) ┃-21.2214 ±  0.003        (24.7mi) ┃Vegas input parameters:
  ndim 7
  ncomp 1
  nvec 1
  epsrel 0
  epsabs 0
  flags 10
  seed 123456
  mineval 10000000
  maxeval 10000000
  nstart 1000000
  nincrease 1000000
  nbatch 5000
  gridno 0
  statefile ""

Iteration 1:  1000000 integrand evaluations so far
[1] 42.7089 +- 1.2596  	chisq 0 (0 df)

Iteration 2:  3000000 integrand evaluations so far
[1] 43.1404 +- 0.402289  	chisq 0.130701 (1 df)

Iteration 3:  6000000 integrand evaluations so far
[1] 43.3447 +- 0.24395  	chisq 0.538483 (2 df)

Iteration 4:  10000000 integrand evaluations so far
[1] 43.1623 +- 0.175152  	chisq 1.69308 (3 df)
   43.16 ±   0.18        ( 29.4s) ┃   62.25 ±   0.18        (27.1mi) ┃
┃   74 -    76 ┃   54 -    55 ┃  41.262 ±  0.026        (1.79mi) ┃  -21.73 ±  0.019        (3.92mi) ┃Vegas input parameters:
  ndim 7
  ncomp 1
  nvec 1
  epsrel 0
  epsabs 0
  flags 10
  seed 123456
  mineval 10000000
  maxeval 10000000
  nstart 1000000
  nincrease 1000000
  nbatch 5000
  gridno 0
  statefile ""

Iteration 1:  1000000 integrand evaluations so far
[1] 40.5212 +- 1.20921  	chisq 0 (0 df)

Iteration 2:  3000000 integrand evaluations so far
[1] 43.0055 +- 0.375609  	chisq 4.67167 (1 df)

Iteration 3:  6000000 integrand evaluations so far
[1] 42.2775 +- 0.227079  	chisq 10.5921 (2 df)

Iteration 4:  10000000 integrand evaluations so far
[1] 42.0564 +- 0.163362  	chisq 12.5572 (3 df)
   42.06 ±   0.16        ( 30.4s) ┃   61.59 ±   0.17        (6.23mi) ┃
┃   74 -    76 ┃   55 -    56 ┃  41.373 ±  0.022        ( 58.6s) ┃ -21.723 ±  0.013        (6.25mi) ┃Vegas input parameters:
  ndim 7
  ncomp 1
  nvec 1
  epsrel 0
  epsabs 0
  flags 10
  seed 123456
  mineval 10000000
  maxeval 10000000
  nstart 1000000
  nincrease 1000000
  nbatch 5000
  gridno 0
  statefile ""

Iteration 1:  1000000 integrand evaluations so far
[1] 40.9561 +- 1.21978  	chisq 0 (0 df)

Iteration 2:  3000000 integrand evaluations so far
[1] 41.5068 +- 0.357841  	chisq 0.223002 (1 df)

Iteration 3:  6000000 integrand evaluations so far
[1] 41.1441 +- 0.218779  	chisq 1.86328 (2 df)

Iteration 4:  10000000 integrand evaluations so far
[1] 41.1652 +- 0.166619  	chisq 1.88533 (3 df)
   41.17 ±   0.17        ( 26.7s) ┃   60.82 ±   0.17        (7.67mi) ┃
┃   74 -    76 ┃   56 -    57 ┃  35.851 ±  0.013        (2.27mi) ┃ -18.706 ±  0.013        (10.9mi) ┃Vegas input parameters:
  ndim 7
  ncomp 1
  nvec 1
  epsrel 0
  epsabs 0
  flags 10
  seed 123456
  mineval 10000000
  maxeval 10000000
  nstart 1000000
  nincrease 1000000
  nbatch 5000
  gridno 0
  statefile ""

Iteration 1:  1000000 integrand evaluations so far
[1] 38.93 +- 1.18286  	chisq 0 (0 df)

Iteration 2:  3000000 integrand evaluations so far
[1] 40.6787 +- 0.371689  	chisq 2.42502 (1 df)

Iteration 3:  6000000 integrand evaluations so far
[1] 40.5014 +- 0.226637  	chisq 2.78727 (2 df)

Iteration 4:  10000000 integrand evaluations so far
[1] 40.5355 +- 0.162385  	chisq 2.83382 (3 df)
   40.54 ±   0.16        ( 33.4s) ┃   57.68 ±   0.16        (13.8mi) ┃
┃   74 -    76 ┃   57 -    58 ┃  35.285 ±   0.02        (3.64mi) ┃-18.4974 ± 0.0053        (4.23mi) ┃Vegas input parameters:
  ndim 7
  ncomp 1
  nvec 1
  epsrel 0
  epsabs 0
  flags 10
  seed 123456
  mineval 10000000
  maxeval 10000000
  nstart 1000000
  nincrease 1000000
  nbatch 5000
  gridno 0
  statefile ""

Iteration 1:  1000000 integrand evaluations so far
[1] 37.5862 +- 1.16065  	chisq 0 (0 df)

Iteration 2:  3000000 integrand evaluations so far
[1] 39.6643 +- 0.34775  	chisq 3.5218 (1 df)

Iteration 3:  6000000 integrand evaluations so far
[1] 39.5838 +- 0.215905  	chisq 3.60894 (2 df)

Iteration 4:  10000000 integrand evaluations so far
[1] 39.6539 +- 0.160004  	chisq 3.84296 (3 df)
   39.65 ±   0.16        ( 32.4s) ┃   56.44 ±   0.16        (8.41mi) ┃
┃   74 -    76 ┃   58 -    59 ┃  44.827 ±  0.024        ( 29.7s) ┃ -23.413 ±  0.022        (1.88mi) ┃Vegas input parameters:
  ndim 7
  ncomp 1
  nvec 1
  epsrel 0
  epsabs 0
  flags 10
  seed 123456
  mineval 10000000
  maxeval 10000000
  nstart 1000000
  nincrease 1000000
  nbatch 5000
  gridno 0
  statefile ""

Iteration 1:  1000000 integrand evaluations so far
[1] 41.3308 +- 1.23396  	chisq 0 (0 df)

Iteration 2:  3000000 integrand evaluations so far
[1] 39.4202 +- 0.333674  	chisq 2.58631 (1 df)

Iteration 3:  6000000 integrand evaluations so far
[1] 38.83 +- 0.203776  	chisq 7.57688 (2 df)

Iteration 4:  10000000 integrand evaluations so far
[1] 38.8044 +- 0.154877  	chisq 7.61407 (3 df)
    38.8 ±   0.15        ( 26.6s) ┃   60.22 ±   0.16        (2.82mi) ┃
┃   74 -    76 ┃   59 -    60 ┃   36.38 ±  0.032        ( 47.6s) ┃ -19.055 ±  0.011        (5.93mi) ┃Vegas input parameters:
  ndim 7
  ncomp 1
  nvec 1
  epsrel 0
  epsabs 0
  flags 10
  seed 123456
  mineval 10000000
  maxeval 10000000
  nstart 1000000
  nincrease 1000000
  nbatch 5000
  gridno 0
  statefile ""

Iteration 1:  1000000 integrand evaluations so far
[1] 36.9719 +- 1.15115  	chisq 0 (0 df)

Iteration 2:  3000000 integrand evaluations so far
[1] 37.9902 +- 0.321959  	chisq 0.848904 (1 df)

Iteration 3:  6000000 integrand evaluations so far
[1] 37.7668 +- 0.198666  	chisq 1.62636 (2 df)

Iteration 4:  10000000 integrand evaluations so far
[1] 37.7605 +- 0.146008  	chisq 1.62854 (3 df)
   37.76 ±   0.15        ( 30.8s) ┃   55.09 ±   0.15        (7.24mi) ┃
┣━━━━━━━━━━━━━━╋━━━━━━━━━━━━━━╋━━━━━━━━━━━━━━━━━━━━━━━━━━━━━━━━━━╋━━━━━━━━━━━━━━━━━━━━━━━━━━━━━━━━━━╋━━━━━━━━━━━━━━━━━━━━━━━━━━━━━━━━━━╋━━━━━━━━━━━━━━━━━━━━━━━━━━━━━━━━━━┫
┃   72 -    76 ┃   25 -    60 ┃ 3.69259 ± 0.00029 ·10⁺⁰³ (3.24hr) ┃-1.95652 ± 0.00015 ·10⁺⁰³ (14.3hr) ┃  3.9428 ± 0.0018 ·10⁺⁰³ (34.6mi) ┃  5.6789 ± 0.0018 ·10⁺⁰³ (18.1hr) ┃
┗━━━━━━━━━━━━━━┻━━━━━━━━━━━━━━┻━━━━━━━━━━━━━━━━━━━━━━━━━━━━━━━━━━┻━━━━━━━━━━━━━━━━━━━━━━━━━━━━━━━━━━┻━━━━━━━━━━━━━━━━━━━━━━━━━━━━━━━━━━┻━━━━━━━━━━━━━━━━━━━━━━━━━━━━━━━━━━┛

╍╍╍╍╍╍╍╍╍╍╍╍╍╍╍╍╍╍╍╍╍╍╍╍╍╍╍╍╍╍╍╍ Summary ╍╍╍╍╍╍╍╍╍╍╍╍╍╍╍╍╍╍╍╍╍╍╍╍╍╍╍╍╍╍╍
      Total cross section                    5.6789 ± 0.0018          pb
         Calculation time                               18.1       hours
              Output file                    outputs/qt_qt72_76_NLL_muR1.0_muF2.0.root            
      Result in text file                    outputs/qt_qt72_76_NLL_muR1.0_muF2.0.txt            

╍╍╍╍╍╍╍╍╍╍╍╍╍╍╍╍╍╍╍╍╍╍╍╍╍╍╍╍╍╍╍╍╍╍╍╍╍╍╍╍╍╍╍╍╍╍╍╍╍╍╍╍╍╍╍╍╍╍╍╍╍╍╍╍╍╍╍╍╍╍╍╍

