
╍╍╍╍╍╍╍╍╍╍╍╍╍╍╍╍╍╍╍╍╍╍╍╍╍╍╍ Process settings ╍╍╍╍╍╍╍╍╍╍╍╍╍╍╍╍╍╍╍╍╍╍╍╍╍╍╍
   proton-proton collisions at sqrt(s) = 13000 GeV 
   Computing NLO+NLL resummed cross section
   W+ ->  nu(p3)+e+(p4) production 

╍╍╍╍╍╍╍╍╍╍╍╍╍╍╍╍╍╍╍╍╍╍╍╍╍╍╍╍╍╍ CKM matrix ╍╍╍╍╍╍╍╍╍╍╍╍╍╍╍╍╍╍╍╍╍╍╍╍╍╍╍╍╍╍
     | Vud Vus Vub |   |   0.97427   0.2253  0.00351 | 
     | Vcd Vcs Vcb | = |    0.2252  0.97344   0.0412 | 
     | Vtd Vts Vtb |   |         0        0        0 | 

╍╍╍╍╍╍╍╍╍╍╍╍╍╍╍╍╍╍╍╍╍╍╍╍╍╍╍╍╍ EW parameters ╍╍╍╍╍╍╍╍╍╍╍╍╍╍╍╍╍╍╍╍╍╍╍╍╍╍╍╍
                                         Gf =  1.1663787e-05      GeV^-2
                                    1/alpha =  132.233229791            
                                 sin(thW)^2 = 0.222897222524            
                                     W mass =         80.385         GeV
                                     Z mass =        91.1876         GeV
                                    W width =          2.091         GeV
                                    Z width =          2.495         GeV

╍╍╍╍╍╍╍╍╍╍╍╍╍╍╍╍╍╍╍╍╍╍╍╍╍╍╍╍╍ QCD settings ╍╍╍╍╍╍╍╍╍╍╍╍╍╍╍╍╍╍╍╍╍╍╍╍╍╍╍╍╍
   Renormalization scale:     dynamic muren =            0.5      * m_ll
     Factorization scale:     dynamic mufac =              1      * m_ll
       Resummation scale:     dynamic mures =              1      * m_ll
          Strong coupling       alpha_s(MZ) =       0.118001            
                              running order =              2       -loop
         Non-perturbative     form factor g =            0.7       GeV^2

╍╍╍╍╍╍╍╍╍╍╍╍╍╍╍╍╍╍╍╍╍╍╍╍╍╍╍╍╍ PDF settings ╍╍╍╍╍╍╍╍╍╍╍╍╍╍╍╍╍╍╍╍╍╍╍╍╍╍╍╍╍
                                     PDF set:MSHT20nnlo_as118            
                                  PDF member:              0            
  Mellin moments of PDFs:                    Numerical integration            
                         nodes for the quadrature:            200            
                         Intervals for the quadrature:              1            

╍╍╍╍╍╍╍╍╍╍╍╍╍╍╍╍╍╍╍╍╍╍╍╍╍╍╍╍╍╍╍ qT recoil ╍╍╍╍╍╍╍╍╍╍╍╍╍╍╍╍╍╍╍╍╍╍╍╍╍╍╍╍╍╍
  qt-recoil prescription:       Collins-Soper kt1 = p_V(x)/2; kt2 = p_V(y)/2            

╍╍╍╍╍╍╍╍╍╍╍╍╍╍╍╍╍╍╍╍╍╍╍╍╍╍╍╍╍╍╍╍╍ Cuts ╍╍╍╍╍╍╍╍╍╍╍╍╍╍╍╍╍╍╍╍╍╍╍╍╍╍╍╍╍╍╍╍╍
                                  apply cuts:           true            
                                      pt_l >               0            
                                   |eta_l| <            1000            
                                    pt_lep >              25            
                                 |eta_lep| <             2.4            
                                   pt_alep >              25            
                                |eta_alep| <             2.4            
                                  user cuts:            true            

╍╍╍╍╍╍╍╍╍╍╍╍╍╍╍╍╍╍╍╍╍╍╍╍╍╍╍╍ ResummationDamp ╍╍╍╍╍╍╍╍╍╍╍╍╍╍╍╍╍╍╍╍╍╍╍╍╍╍╍
                                    damping :             on            
                                damping mode:              1            
                                  damp above:        60.2888         GeV
                               damping width:        20.0963         GeV
                          resummation cutoff:             20         MeV

╍╍╍╍╍╍╍╍╍╍╍╍╍╍╍╍╍╍╍╍╍╍╍╍╍╍╍╍ Debug settings ╍╍╍╍╍╍╍╍╍╍╍╍╍╍╍╍╍╍╍╍╍╍╍╍╍╍╍╍
                                 timeprofile:          false            
                                     verbose:          false            
                               cubaverbosity:              2            

╍╍╍╍╍╍╍╍╍╍╍╍╍╍╍╍╍╍╍╍╍╍╍╍╍╍╍╍╍╍╍╍╍╍╍╍╍╍╍╍╍╍╍╍╍╍╍╍╍╍╍╍╍╍╍╍╍╍╍╍╍╍╍╍╍╍╍╍╍╍╍╍

Warning: Histogram `a1_qt` contains non-integrable observable and will be deleted 
Warning: Histogram `a1_qt_vs_y` contains non-integrable observable and will be deleted 
Warning: Histogram `s_biganswer` contains non-integrable observable and will be deleted 
Warning: Histogram `wgt_a1_qt` contains non-integrable observable and will be deleted 

╍╍╍╍╍╍╍╍╍╍╍╍╍╍╍╍╍╍╍╍╍╍╍╍╍ Integration settings ╍╍╍╍╍╍╍╍╍╍╍╍╍╍╍╍╍╍╍╍╍╍╍╍╍
             Random seeds              123456                           
           Parallel cores                   1                           

             Resummation:     cuhre (dm, dpt)         iter =           5
                                   gauss (dy)        nodes =          64
                                                 intervals =           1
            Counter term:      cuhre (dm, dy)         iter =           5
                                  gauss (dpt)        nodes =          20
                                                 intervals =           5
                     V+J:            vegas 7D       ncalls =    10000000

Mellin inverse transform:           gaussian         nodes =          30
                                                 intervals =           1
                               imaginary axis         zmax =           2
  Angular variable costh:     semi-analytical      ncstart =         100
   Angular variables phi:            gaussian    intervals =          20

      Constant boundaries                  q2          low =          80
                                                      high =         100
                                            y          low =          -6
                                                      high =           6
                                        costh          low =          -1
                                                      high =           1
                                       eta(l)          low =         -10
                                                      high =          10

┏━━━━━━━━━━━━━━┰━━━━━━━━━━━━━━┰━━━━━━━━━━━━━━━━━━━━━━━━━━━━━━━━━━┰━━━━━━━━━━━━━━━━━━━━━━━━━━━━━━━━━━┰━━━━━━━━━━━━━━━━━━━━━━━━━━━━━━━━━━┰━━━━━━━━━━━━━━━━━━━━━━━━━━━━━━━━━━┓
┃           qT ┃        pT(l) ┃                      Resummation ┃                     Counter term ┃                              V+J ┃                            TOTAL ┃
┣━━━━━━━━━━━━━━╋━━━━━━━━━━━━━━╋━━━━━━━━━━━━━━━━━━━━━━━━━━━━━━━━━━╋━━━━━━━━━━━━━━━━━━━━━━━━━━━━━━━━━━╋━━━━━━━━━━━━━━━━━━━━━━━━━━━━━━━━━━╋━━━━━━━━━━━━━━━━━━━━━━━━━━━━━━━━━━┫
┃   56 -    58 ┃   25 -    26 ┃  233.45 ±   0.11        (2.84mi) ┃-162.426 ±  0.023        (35.6mi) ┃Vegas input parameters:
  ndim 7
  ncomp 1
  nvec 1
  epsrel 0
  epsabs 0
  flags 10
  seed 123456
  mineval 10000000
  maxeval 10000000
  nstart 1000000
  nincrease 1000000
  nbatch 5000
  gridno 0
  statefile ""

Iteration 1:  1000000 integrand evaluations so far
[1] 210.129 +- 4.67022  	chisq 0 (0 df)

Iteration 2:  3000000 integrand evaluations so far
[1] 214.591 +- 1.34477  	chisq 0.99544 (1 df)

Iteration 3:  6000000 integrand evaluations so far
[1] 213.522 +- 0.832642  	chisq 2.02045 (2 df)

Iteration 4:  10000000 integrand evaluations so far
[1] 213.416 +- 0.613366  	chisq 2.05605 (3 df)
  213.42 ±   0.61        ( 31.9s) ┃  284.44 ±   0.62        (38.9mi) ┃
┃   56 -    58 ┃   26 -    27 ┃ 225.684 ± 0.0084        (5.33mi) ┃-157.334 ±  0.037        (17.7mi) ┃Vegas input parameters:
  ndim 7
  ncomp 1
  nvec 1
  epsrel 0
  epsabs 0
  flags 10
  seed 123456
  mineval 10000000
  maxeval 10000000
  nstart 1000000
  nincrease 1000000
  nbatch 5000
  gridno 0
  statefile ""

Iteration 1:  1000000 integrand evaluations so far
[1] 205.456 +- 4.57666  	chisq 0 (0 df)

Iteration 2:  3000000 integrand evaluations so far
[1] 201.74 +- 1.28105  	chisq 0.715365 (1 df)

Iteration 3:  6000000 integrand evaluations so far
[1] 202.032 +- 0.798378  	chisq 0.80066 (2 df)

Iteration 4:  10000000 integrand evaluations so far
[1] 201.893 +- 0.606198  	chisq 0.872249 (3 df)
  201.89 ±   0.61        ( 31.5s) ┃  270.24 ±   0.61        (23.5mi) ┃
┃   56 -    58 ┃   27 -    28 ┃   221.1 ±   0.21        ( 4.07s) ┃-154.818 ±  0.068        (1.16mi) ┃Vegas input parameters:
  ndim 7
  ncomp 1
  nvec 1
  epsrel 0
  epsabs 0
  flags 10
  seed 123456
  mineval 10000000
  maxeval 10000000
  nstart 1000000
  nincrease 1000000
  nbatch 5000
  gridno 0
  statefile ""

Iteration 1:  1000000 integrand evaluations so far
[1] 199.349 +- 4.46806  	chisq 0 (0 df)

Iteration 2:  3000000 integrand evaluations so far
[1] 191.951 +- 1.39507  	chisq 3.03761 (1 df)

Iteration 3:  6000000 integrand evaluations so far
[1] 191.017 +- 0.846484  	chisq 3.74784 (2 df)

Iteration 4:  10000000 integrand evaluations so far
[1] 191.582 +- 0.608578  	chisq 4.67191 (3 df)
  191.58 ±   0.61        ( 35.8s) ┃  257.87 ±   0.65        (1.82mi) ┃
┃   56 -    58 ┃   28 -    29 ┃  221.82 ±   0.18        ( 52.6s) ┃ -155.96 ±   0.12        (22.9mi) ┃Vegas input parameters:
  ndim 7
  ncomp 1
  nvec 1
  epsrel 0
  epsabs 0
  flags 10
  seed 123456
  mineval 10000000
  maxeval 10000000
  nstart 1000000
  nincrease 1000000
  nbatch 5000
  gridno 0
  statefile ""

Iteration 1:  1000000 integrand evaluations so far
[1] 187.929 +- 4.2782  	chisq 0 (0 df)

Iteration 2:  3000000 integrand evaluations so far
[1] 183.852 +- 1.20625  	chisq 0.986624 (1 df)

Iteration 3:  6000000 integrand evaluations so far
[1] 183.56 +- 0.773859  	chisq 1.0859 (2 df)

Iteration 4:  10000000 integrand evaluations so far
[1] 183.97 +- 0.590587  	chisq 1.75755 (3 df)
  183.97 ±   0.59        ( 34.3s) ┃  249.83 ±   0.63        (24.3mi) ┃
┃   56 -    58 ┃   29 -    30 ┃  197.09 ±   0.13        ( 22.5s) ┃-137.559 ± 0.0065        (8.87mi) ┃Vegas input parameters:
  ndim 7
  ncomp 1
  nvec 1
  epsrel 0
  epsabs 0
  flags 10
  seed 123456
  mineval 10000000
  maxeval 10000000
  nstart 1000000
  nincrease 1000000
  nbatch 5000
  gridno 0
  statefile ""

Iteration 1:  1000000 integrand evaluations so far
[1] 172.584 +- 4.06711  	chisq 0 (0 df)

Iteration 2:  3000000 integrand evaluations so far
[1] 177.044 +- 1.17493  	chisq 1.31217 (1 df)

Iteration 3:  6000000 integrand evaluations so far
[1] 177.844 +- 0.759898  	chisq 2.10852 (2 df)

Iteration 4:  10000000 integrand evaluations so far
[1] 177.69 +- 0.585905  	chisq 2.20907 (3 df)
  177.69 ±   0.59        ( 30.9s) ┃  237.22 ±    0.6        (9.76mi) ┃
┃   56 -    58 ┃   30 -    31 ┃ 222.254 ±  0.085        ( 3.85s) ┃ -147.37 ±   0.14        (4.38mi) ┃Vegas input parameters:
  ndim 7
  ncomp 1
  nvec 1
  epsrel 0
  epsabs 0
  flags 10
  seed 123456
  mineval 10000000
  maxeval 10000000
  nstart 1000000
  nincrease 1000000
  nbatch 5000
  gridno 0
  statefile ""

Iteration 1:  1000000 integrand evaluations so far
[1] 176.148 +- 4.10071  	chisq 0 (0 df)

Iteration 2:  3000000 integrand evaluations so far
[1] 171.027 +- 1.13781  	chisq 1.68949 (1 df)

Iteration 3:  6000000 integrand evaluations so far
[1] 170.898 +- 0.70815  	chisq 1.71067 (2 df)

Iteration 4:  10000000 integrand evaluations so far
[1] 171.477 +- 0.541345  	chisq 3.31893 (3 df)
  171.48 ±   0.54        ( 36.2s) ┃  246.36 ±   0.57        (5.04mi) ┃
┃   56 -    58 ┃   31 -    32 ┃  188.62 ±   0.14        (   50s) ┃-130.957 ±  0.073        (34.5mi) ┃Vegas input parameters:
  ndim 7
  ncomp 1
  nvec 1
  epsrel 0
  epsabs 0
  flags 10
  seed 123456
  mineval 10000000
  maxeval 10000000
  nstart 1000000
  nincrease 1000000
  nbatch 5000
  gridno 0
  statefile ""

Iteration 1:  1000000 integrand evaluations so far
[1] 168.366 +- 3.9393  	chisq 0 (0 df)

Iteration 2:  3000000 integrand evaluations so far
[1] 166.438 +- 1.11924  	chisq 0.260698 (1 df)

Iteration 3:  6000000 integrand evaluations so far
[1] 166.177 +- 0.69641  	chisq 0.349485 (2 df)

Iteration 4:  10000000 integrand evaluations so far
[1] 166.074 +- 0.524086  	chisq 0.399522 (3 df)
  166.07 ±   0.52        ( 30.9s) ┃  223.74 ±   0.55        (35.9mi) ┃
┃   56 -    58 ┃   32 -    33 ┃   193.2 ±   0.15        (1.43mi) ┃  -134.4 ±  0.081        (17.4mi) ┃Vegas input parameters:
  ndim 7
  ncomp 1
  nvec 1
  epsrel 0
  epsabs 0
  flags 10
  seed 123456
  mineval 10000000
  maxeval 10000000
  nstart 1000000
  nincrease 1000000
  nbatch 5000
  gridno 0
  statefile ""

Iteration 1:  1000000 integrand evaluations so far
[1] 160.313 +- 3.80474  	chisq 0 (0 df)

Iteration 2:  3000000 integrand evaluations so far
[1] 159.432 +- 1.08687  	chisq 0.0582872 (1 df)

Iteration 3:  6000000 integrand evaluations so far
[1] 158.383 +- 0.694511  	chisq 1.63272 (2 df)

Iteration 4:  10000000 integrand evaluations so far
[1] 158.01 +- 0.511527  	chisq 2.26534 (3 df)
  158.01 ±   0.51        ( 30.9s) ┃  216.81 ±   0.54        (19.4mi) ┃
┃   56 -    58 ┃   33 -    34 ┃ 177.726 ±  0.051        (1.42mi) ┃-124.266 ±  0.041        (34.4mi) ┃Vegas input parameters:
  ndim 7
  ncomp 1
  nvec 1
  epsrel 0
  epsabs 0
  flags 10
  seed 123456
  mineval 10000000
  maxeval 10000000
  nstart 1000000
  nincrease 1000000
  nbatch 5000
  gridno 0
  statefile ""

Iteration 1:  1000000 integrand evaluations so far
[1] 155.333 +- 3.75541  	chisq 0 (0 df)

Iteration 2:  3000000 integrand evaluations so far
[1] 151.225 +- 1.04927  	chisq 1.29816 (1 df)

Iteration 3:  6000000 integrand evaluations so far
[1] 151.186 +- 0.675406  	chisq 1.30052 (2 df)

Iteration 4:  10000000 integrand evaluations so far
[1] 150.739 +- 0.498116  	chisq 2.26104 (3 df)
  150.74 ±    0.5        ( 31.1s) ┃   204.2 ±    0.5        (36.4mi) ┃
┃   56 -    58 ┃   34 -    35 ┃  191.11 ±   0.11        (1.32mi) ┃-132.756 ±  0.039        (17.2mi) ┃Vegas input parameters:
  ndim 7
  ncomp 1
  nvec 1
  epsrel 0
  epsabs 0
  flags 10
  seed 123456
  mineval 10000000
  maxeval 10000000
  nstart 1000000
  nincrease 1000000
  nbatch 5000
  gridno 0
  statefile ""

Iteration 1:  1000000 integrand evaluations so far
[1] 140.422 +- 3.52232  	chisq 0 (0 df)

Iteration 2:  3000000 integrand evaluations so far
[1] 144.54 +- 1.0175  	chisq 1.4911 (1 df)

Iteration 3:  6000000 integrand evaluations so far
[1] 145.18 +- 0.7025  	chisq 2.24815 (2 df)

Iteration 4:  10000000 integrand evaluations so far
[1] 144.726 +- 0.534656  	chisq 3.24018 (3 df)
  144.73 ±   0.53        ( 31.9s) ┃  203.08 ±   0.55        (19.1mi) ┃
┃   56 -    58 ┃   35 -    36 ┃  173.25 ±   0.16        (   42s) ┃  -120.8 ±  0.072        (8.75mi) ┃Vegas input parameters:
  ndim 7
  ncomp 1
  nvec 1
  epsrel 0
  epsabs 0
  flags 10
  seed 123456
  mineval 10000000
  maxeval 10000000
  nstart 1000000
  nincrease 1000000
  nbatch 5000
  gridno 0
  statefile ""

Iteration 1:  1000000 integrand evaluations so far
[1] 137.227 +- 3.46262  	chisq 0 (0 df)

Iteration 2:  3000000 integrand evaluations so far
[1] 139.636 +- 1.10616  	chisq 0.539148 (1 df)

Iteration 3:  6000000 integrand evaluations so far
[1] 138.415 +- 0.668924  	chisq 2.45889 (2 df)

Iteration 4:  10000000 integrand evaluations so far
[1] 138.547 +- 0.481387  	chisq 2.53911 (3 df)
  138.55 ±   0.48        ( 31.6s) ┃     191 ±   0.51        (9.98mi) ┃
┃   56 -    58 ┃   36 -    37 ┃ 154.456 ±  0.086        (2.71mi) ┃-107.937 ±  0.035        (33.7mi) ┃Vegas input parameters:
  ndim 7
  ncomp 1
  nvec 1
  epsrel 0
  epsabs 0
  flags 10
  seed 123456
  mineval 10000000
  maxeval 10000000
  nstart 1000000
  nincrease 1000000
  nbatch 5000
  gridno 0
  statefile ""

Iteration 1:  1000000 integrand evaluations so far
[1] 131.682 +- 3.36539  	chisq 0 (0 df)

Iteration 2:  3000000 integrand evaluations so far
[1] 134.036 +- 1.07716  	chisq 0.544774 (1 df)

Iteration 3:  6000000 integrand evaluations so far
[1] 134.847 +- 0.656288  	chisq 1.44753 (2 df)

Iteration 4:  10000000 integrand evaluations so far
[1] 134.804 +- 0.466926  	chisq 1.45621 (3 df)
   134.8 ±   0.47        ( 30.8s) ┃  181.32 ±   0.48        (36.9mi) ┃
┃   56 -    58 ┃   37 -    38 ┃  191.42 ±    0.1        (2.69mi) ┃-133.094 ±  0.091        (8.54mi) ┃Vegas input parameters:
  ndim 7
  ncomp 1
  nvec 1
  epsrel 0
  epsabs 0
  flags 10
  seed 123456
  mineval 10000000
  maxeval 10000000
  nstart 1000000
  nincrease 1000000
  nbatch 5000
  gridno 0
  statefile ""

Iteration 1:  1000000 integrand evaluations so far
[1] 134.567 +- 3.41187  	chisq 0 (0 df)

Iteration 2:  3000000 integrand evaluations so far
[1] 129.64 +- 0.930506  	chisq 2.25246 (1 df)

Iteration 3:  6000000 integrand evaluations so far
[1] 129.622 +- 0.580508  	chisq 2.25307 (2 df)

Iteration 4:  10000000 integrand evaluations so far
[1] 130.401 +- 0.451559  	chisq 6.80697 (3 df)
   130.4 ±   0.45        ( 30.6s) ┃  188.73 ±   0.47        (11.7mi) ┃
┃   56 -    58 ┃   38 -    39 ┃  151.54 ±   0.12        ( 23.7s) ┃-105.984 ±   0.03        (4.27mi) ┃Vegas input parameters:
  ndim 7
  ncomp 1
  nvec 1
  epsrel 0
  epsabs 0
  flags 10
  seed 123456
  mineval 10000000
  maxeval 10000000
  nstart 1000000
  nincrease 1000000
  nbatch 5000
  gridno 0
  statefile ""

Iteration 1:  1000000 integrand evaluations so far
[1] 125.052 +- 3.24067  	chisq 0 (0 df)

Iteration 2:  3000000 integrand evaluations so far
[1] 126.624 +- 0.920794  	chisq 0.255904 (1 df)

Iteration 3:  6000000 integrand evaluations so far
[1] 126.839 +- 0.572003  	chisq 0.344325 (2 df)

Iteration 4:  10000000 integrand evaluations so far
[1] 126.7 +- 0.420485  	chisq 0.47155 (3 df)
   126.7 ±   0.42        (   32s) ┃  172.25 ±   0.44        ( 5.2mi) ┃
┃   56 -    58 ┃   39 -    40 ┃ 161.581 ±  0.068        (1.35mi) ┃-112.639 ±  0.051        (3.99mi) ┃Vegas input parameters:
  ndim 7
  ncomp 1
  nvec 1
  epsrel 0
  epsabs 0
  flags 10
  seed 123456
  mineval 10000000
  maxeval 10000000
  nstart 1000000
  nincrease 1000000
  nbatch 5000
  gridno 0
  statefile ""

Iteration 1:  1000000 integrand evaluations so far
[1] 123.057 +- 3.17697  	chisq 0 (0 df)

Iteration 2:  3000000 integrand evaluations so far
[1] 125.016 +- 0.901113  	chisq 0.413236 (1 df)

Iteration 3:  6000000 integrand evaluations so far
[1] 123.189 +- 0.555475  	chisq 7.04231 (2 df)

Iteration 4:  10000000 integrand evaluations so far
[1] 122.718 +- 0.408195  	chisq 8.60242 (3 df)
  122.72 ±   0.41        ( 31.3s) ┃  171.66 ±   0.42        (5.86mi) ┃
┃   56 -    58 ┃   40 -    41 ┃  163.24 ±   0.15        ( 21.8s) ┃-113.057 ±  0.064        (4.32mi) ┃Vegas input parameters:
  ndim 7
  ncomp 1
  nvec 1
  epsrel 0
  epsabs 0
  flags 10
  seed 123456
  mineval 10000000
  maxeval 10000000
  nstart 1000000
  nincrease 1000000
  nbatch 5000
  gridno 0
  statefile ""

Iteration 1:  1000000 integrand evaluations so far
[1] 117.859 +- 3.08751  	chisq 0 (0 df)

Iteration 2:  3000000 integrand evaluations so far
[1] 118.605 +- 0.876094  	chisq 0.0634491 (1 df)

Iteration 3:  6000000 integrand evaluations so far
[1] 118.823 +- 0.543033  	chisq 0.164266 (2 df)

Iteration 4:  10000000 integrand evaluations so far
[1] 119.217 +- 0.400521  	chisq 1.31685 (3 df)
  119.22 ±    0.4        ( 30.7s) ┃   169.4 ±   0.43        ( 5.2mi) ┃
┃   56 -    58 ┃   41 -    42 ┃ 151.616 ±  0.088        ( 28.9s) ┃-104.171 ±  0.049        (2.15mi) ┃Vegas input parameters:
  ndim 7
  ncomp 1
  nvec 1
  epsrel 0
  epsabs 0
  flags 10
  seed 123456
  mineval 10000000
  maxeval 10000000
  nstart 1000000
  nincrease 1000000
  nbatch 5000
  gridno 0
  statefile ""

Iteration 1:  1000000 integrand evaluations so far
[1] 115.204 +- 3.05123  	chisq 0 (0 df)

Iteration 2:  3000000 integrand evaluations so far
[1] 115.85 +- 0.851569  	chisq 0.0486375 (1 df)

Iteration 3:  6000000 integrand evaluations so far
[1] 115.768 +- 0.529274  	chisq 0.0637516 (2 df)

Iteration 4:  10000000 integrand evaluations so far
[1] 116.315 +- 0.424017  	chisq 3.05102 (3 df)
  116.32 ±   0.42        ( 32.4s) ┃  163.76 ±   0.44        (3.17mi) ┃
┃   56 -    58 ┃   42 -    43 ┃ 147.833 ±  0.018        (1.37mi) ┃ -103.59 ± 0.0088        (8.16mi) ┃Vegas input parameters:
  ndim 7
  ncomp 1
  nvec 1
  epsrel 0
  epsabs 0
  flags 10
  seed 123456
  mineval 10000000
  maxeval 10000000
  nstart 1000000
  nincrease 1000000
  nbatch 5000
  gridno 0
  statefile ""

Iteration 1:  1000000 integrand evaluations so far
[1] 112.526 +- 3.03266  	chisq 0 (0 df)

Iteration 2:  3000000 integrand evaluations so far
[1] 111.412 +- 0.827944  	chisq 0.145615 (1 df)

Iteration 3:  6000000 integrand evaluations so far
[1] 112.576 +- 0.51891  	chisq 3.39713 (2 df)

Iteration 4:  10000000 integrand evaluations so far
[1] 113.02 +- 0.390116  	chisq 5.08664 (3 df)
  113.02 ±   0.39        ( 31.2s) ┃  157.26 ±   0.39        (10.1mi) ┃
┃   56 -    58 ┃   43 -    44 ┃  169.35 ±   0.11        ( 10.4s) ┃ -117.21 ±  0.095        (16.7mi) ┃Vegas input parameters:
  ndim 7
  ncomp 1
  nvec 1
  epsrel 0
  epsabs 0
  flags 10
  seed 123456
  mineval 10000000
  maxeval 10000000
  nstart 1000000
  nincrease 1000000
  nbatch 5000
  gridno 0
  statefile ""

Iteration 1:  1000000 integrand evaluations so far
[1] 106.191 +- 2.8846  	chisq 0 (0 df)

Iteration 2:  3000000 integrand evaluations so far
[1] 109.933 +- 0.81864  	chisq 1.83051 (1 df)

Iteration 3:  6000000 integrand evaluations so far
[1] 110.515 +- 0.537944  	chisq 2.7199 (2 df)

Iteration 4:  10000000 integrand evaluations so far
[1] 110.595 +- 0.396403  	chisq 2.76812 (3 df)
   110.6 ±    0.4        ( 31.3s) ┃  162.74 ±   0.42        (17.4mi) ┃
┃   56 -    58 ┃   44 -    45 ┃ 127.191 ±  0.052        ( 23.4s) ┃ -88.286 ±  0.066        (8.21mi) ┃Vegas input parameters:
  ndim 7
  ncomp 1
  nvec 1
  epsrel 0
  epsabs 0
  flags 10
  seed 123456
  mineval 10000000
  maxeval 10000000
  nstart 1000000
  nincrease 1000000
  nbatch 5000
  gridno 0
  statefile ""

Iteration 1:  1000000 integrand evaluations so far
[1] 104.373 +- 2.89016  	chisq 0 (0 df)

Iteration 2:  3000000 integrand evaluations so far
[1] 107.69 +- 0.804519  	chisq 1.42805 (1 df)

Iteration 3:  6000000 integrand evaluations so far
[1] 107.977 +- 0.50969  	chisq 1.64091 (2 df)

Iteration 4:  10000000 integrand evaluations so far
[1] 108.206 +- 0.382229  	chisq 2.10193 (3 df)
  108.21 ±   0.38        ( 32.7s) ┃  147.11 ±   0.39        (9.15mi) ┃
┃   56 -    58 ┃   45 -    46 ┃ 138.016 ±  0.056        ( 46.6s) ┃ -95.041 ±  0.056        (1.15mi) ┃Vegas input parameters:
  ndim 7
  ncomp 1
  nvec 1
  epsrel 0
  epsabs 0
  flags 10
  seed 123456
  mineval 10000000
  maxeval 10000000
  nstart 1000000
  nincrease 1000000
  nbatch 5000
  gridno 0
  statefile ""

Iteration 1:  1000000 integrand evaluations so far
[1] 105.889 +- 2.89688  	chisq 0 (0 df)

Iteration 2:  3000000 integrand evaluations so far
[1] 106.232 +- 0.793261  	chisq 0.0151819 (1 df)

Iteration 3:  6000000 integrand evaluations so far
[1] 105.301 +- 0.490129  	chisq 2.24458 (2 df)

Iteration 4:  10000000 integrand evaluations so far
[1] 105.317 +- 0.365983  	chisq 2.24695 (3 df)
  105.32 ±   0.37        ( 31.4s) ┃  148.29 ±   0.37        (2.45mi) ┃
┃   56 -    58 ┃   46 -    47 ┃  159.39 ±   0.14        ( 18.8s) ┃-110.242 ±  0.021        (  16mi) ┃Vegas input parameters:
  ndim 7
  ncomp 1
  nvec 1
  epsrel 0
  epsabs 0
  flags 10
  seed 123456
  mineval 10000000
  maxeval 10000000
  nstart 1000000
  nincrease 1000000
  nbatch 5000
  gridno 0
  statefile ""

Iteration 1:  1000000 integrand evaluations so far
[1] 103.953 +- 2.86554  	chisq 0 (0 df)

Iteration 2:  3000000 integrand evaluations so far
[1] 103.257 +- 0.77339  	chisq 0.063581 (1 df)

Iteration 3:  6000000 integrand evaluations so far
[1] 103.274 +- 0.479264  	chisq 0.0644098 (2 df)

Iteration 4:  10000000 integrand evaluations so far
[1] 103.091 +- 0.385131  	chisq 0.476359 (3 df)
  103.09 ±   0.39        ( 30.6s) ┃  152.24 ±   0.41        (16.9mi) ┃
┃   56 -    58 ┃   47 -    48 ┃  119.42 ±   0.11        ( 23.6s) ┃ -83.086 ±  0.024        (8.16mi) ┃Vegas input parameters:
  ndim 7
  ncomp 1
  nvec 1
  epsrel 0
  epsabs 0
  flags 10
  seed 123456
  mineval 10000000
  maxeval 10000000
  nstart 1000000
  nincrease 1000000
  nbatch 5000
  gridno 0
  statefile ""

Iteration 1:  1000000 integrand evaluations so far
[1] 101.441 +- 2.80343  	chisq 0 (0 df)

Iteration 2:  3000000 integrand evaluations so far
[1] 100.075 +- 0.765164  	chisq 0.256655 (1 df)

Iteration 3:  6000000 integrand evaluations so far
[1] 100.405 +- 0.472878  	chisq 0.558565 (2 df)

Iteration 4:  10000000 integrand evaluations so far
[1] 100.489 +- 0.353082  	chisq 0.629184 (3 df)
  100.49 ±   0.35        ( 28.8s) ┃  136.82 ±   0.37        (9.03mi) ┃
┃   56 -    58 ┃   48 -    49 ┃ 146.964 ±  0.048        (   14s) ┃-102.787 ±  0.053        ( 46.9s) ┃Vegas input parameters:
  ndim 7
  ncomp 1
  nvec 1
  epsrel 0
  epsabs 0
  flags 10
  seed 123456
  mineval 10000000
  maxeval 10000000
  nstart 1000000
  nincrease 1000000
  nbatch 5000
  gridno 0
  statefile ""

Iteration 1:  1000000 integrand evaluations so far
[1] 96.1464 +- 2.72342  	chisq 0 (0 df)

Iteration 2:  3000000 integrand evaluations so far
[1] 98.8136 +- 0.836413  	chisq 1.05909 (1 df)

Iteration 3:  6000000 integrand evaluations so far
[1] 99.3761 +- 0.507663  	chisq 1.77522 (2 df)

Iteration 4:  10000000 integrand evaluations so far
[1] 98.9888 +- 0.364325  	chisq 2.9754 (3 df)
   98.99 ±   0.36        ( 32.1s) ┃  143.17 ±   0.37        (1.55mi) ┃
┃   56 -    58 ┃   49 -    50 ┃ 138.177 ±  0.018        (1.32mi) ┃ -95.857 ±  0.032        (7.58mi) ┃Vegas input parameters:
  ndim 7
  ncomp 1
  nvec 1
  epsrel 0
  epsabs 0
  flags 10
  seed 123456
  mineval 10000000
  maxeval 10000000
  nstart 1000000
  nincrease 1000000
  nbatch 5000
  gridno 0
  statefile ""

Iteration 1:  1000000 integrand evaluations so far
[1] 95.2953 +- 2.71973  	chisq 0 (0 df)

Iteration 2:  3000000 integrand evaluations so far
[1] 97.6406 +- 0.738814  	chisq 0.802852 (1 df)

Iteration 3:  6000000 integrand evaluations so far
[1] 97.456 +- 0.463985  	chisq 0.905927 (2 df)

Iteration 4:  10000000 integrand evaluations so far
[1] 97.4481 +- 0.352796  	chisq 0.906604 (3 df)
   97.45 ±   0.35        ( 31.3s) ┃  139.77 ±   0.35        (9.42mi) ┃
┃   56 -    58 ┃   50 -    51 ┃ 122.877 ±  0.048        ( 23.1s) ┃ -85.007 ±  0.077        (8.13mi) ┃Vegas input parameters:
  ndim 7
  ncomp 1
  nvec 1
  epsrel 0
  epsabs 0
  flags 10
  seed 123456
  mineval 10000000
  maxeval 10000000
  nstart 1000000
  nincrease 1000000
  nbatch 5000
  gridno 0
  statefile ""

Iteration 1:  1000000 integrand evaluations so far
[1] 96.1844 +- 2.71413  	chisq 0 (0 df)

Iteration 2:  3000000 integrand evaluations so far
[1] 96.4619 +- 0.810635  	chisq 0.0114764 (1 df)

Iteration 3:  6000000 integrand evaluations so far
[1] 96.0755 +- 0.492494  	chisq 0.371471 (2 df)

Iteration 4:  10000000 integrand evaluations so far
[1] 96.0093 +- 0.352896  	chisq 0.408598 (3 df)
   96.01 ±   0.35        ( 30.6s) ┃  133.88 ±   0.36        (9.03mi) ┃
┃   56 -    58 ┃   51 -    52 ┃ 128.522 ±  0.036        ( 2.6mi) ┃  -89.46 ±  0.072        (8.03mi) ┃Vegas input parameters:
  ndim 7
  ncomp 1
  nvec 1
  epsrel 0
  epsabs 0
  flags 10
  seed 123456
  mineval 10000000
  maxeval 10000000
  nstart 1000000
  nincrease 1000000
  nbatch 5000
  gridno 0
  statefile ""

Iteration 1:  1000000 integrand evaluations so far
[1] 93.5979 +- 2.67046  	chisq 0 (0 df)

Iteration 2:  3000000 integrand evaluations so far
[1] 94.6471 +- 0.717816  	chisq 0.166387 (1 df)

Iteration 3:  6000000 integrand evaluations so far
[1] 94.6312 +- 0.46064  	chisq 0.16722 (2 df)

Iteration 4:  10000000 integrand evaluations so far
[1] 94.4543 +- 0.345658  	chisq 0.504799 (3 df)
   94.45 ±   0.35        ( 29.9s) ┃  133.52 ±   0.35        (11.1mi) ┃
┃   56 -    58 ┃   52 -    53 ┃ 135.551 ±  0.089        ( 38.6s) ┃ -93.865 ±  0.012        (4.07mi) ┃Vegas input parameters:
  ndim 7
  ncomp 1
  nvec 1
  epsrel 0
  epsabs 0
  flags 10
  seed 123456
  mineval 10000000
  maxeval 10000000
  nstart 1000000
  nincrease 1000000
  nbatch 5000
  gridno 0
  statefile ""

Iteration 1:  1000000 integrand evaluations so far
[1] 93.0185 +- 2.69059  	chisq 0 (0 df)

Iteration 2:  3000000 integrand evaluations so far
[1] 94.5984 +- 0.735282  	chisq 0.372628 (1 df)

Iteration 3:  6000000 integrand evaluations so far
[1] 93.5965 +- 0.464569  	chisq 3.46286 (2 df)

Iteration 4:  10000000 integrand evaluations so far
[1] 94.0779 +- 0.346478  	chisq 5.88218 (3 df)
   94.08 ±   0.35        ( 30.8s) ┃  135.76 ±   0.36        (5.23mi) ┃
┃   56 -    58 ┃   53 -    54 ┃ 101.029 ±  0.059        ( 42.1s) ┃ -70.191 ±  0.061        (8.02mi) ┃Vegas input parameters:
  ndim 7
  ncomp 1
  nvec 1
  epsrel 0
  epsabs 0
  flags 10
  seed 123456
  mineval 10000000
  maxeval 10000000
  nstart 1000000
  nincrease 1000000
  nbatch 5000
  gridno 0
  statefile ""

Iteration 1:  1000000 integrand evaluations so far
[1] 92.8231 +- 2.68958  	chisq 0 (0 df)

Iteration 2:  3000000 integrand evaluations so far
[1] 92.9093 +- 0.712181  	chisq 0.0011026 (1 df)

Iteration 3:  6000000 integrand evaluations so far
[1] 92.4712 +- 0.461392  	chisq 0.65312 (2 df)

Iteration 4:  10000000 integrand evaluations so far
[1] 92.4507 +- 0.343641  	chisq 0.657541 (3 df)
   92.45 ±   0.34        ( 30.6s) ┃  123.29 ±   0.35        (9.24mi) ┃
┃   56 -    58 ┃   54 -    55 ┃ 120.416 ±  0.022        (2.63mi) ┃ -84.069 ±   0.04        (  16mi) ┃Vegas input parameters:
  ndim 7
  ncomp 1
  nvec 1
  epsrel 0
  epsabs 0
  flags 10
  seed 123456
  mineval 10000000
  maxeval 10000000
  nstart 1000000
  nincrease 1000000
  nbatch 5000
  gridno 0
  statefile ""

Iteration 1:  1000000 integrand evaluations so far
[1] 92.1694 +- 2.6653  	chisq 0 (0 df)

Iteration 2:  3000000 integrand evaluations so far
[1] 91.3248 +- 0.698831  	chisq 0.107819 (1 df)

Iteration 3:  6000000 integrand evaluations so far
[1] 90.7446 +- 0.430964  	chisq 1.22024 (2 df)

Iteration 4:  10000000 integrand evaluations so far
[1] 91.0068 +- 0.331632  	chisq 2.12799 (3 df)
   91.01 ±   0.33        ( 30.7s) ┃  127.35 ±   0.33        (19.2mi) ┃
┃   56 -    58 ┃   55 -    56 ┃ 128.824 ±  0.037        (1.32mi) ┃ -89.253 ±  0.034        (8.07mi) ┃Vegas input parameters:
  ndim 7
  ncomp 1
  nvec 1
  epsrel 0
  epsabs 0
  flags 10
  seed 123456
  mineval 10000000
  maxeval 10000000
  nstart 1000000
  nincrease 1000000
  nbatch 5000
  gridno 0
  statefile ""

Iteration 1:  1000000 integrand evaluations so far
[1] 88.5101 +- 2.61711  	chisq 0 (0 df)

Iteration 2:  3000000 integrand evaluations so far
[1] 89.3458 +- 0.683996  	chisq 0.10946 (1 df)

Iteration 3:  6000000 integrand evaluations so far
[1] 89.1155 +- 0.447918  	chisq 0.308063 (2 df)

Iteration 4:  10000000 integrand evaluations so far
[1] 89.0456 +- 0.334101  	chisq 0.362896 (3 df)
   89.05 ±   0.33        ( 30.9s) ┃  128.62 ±   0.34        (9.91mi) ┃
┃   56 -    58 ┃   56 -    57 ┃  100.45 ±   0.01        ( 1.3mi) ┃ -69.176 ±  0.056        (2.12mi) ┃Vegas input parameters:
  ndim 7
  ncomp 1
  nvec 1
  epsrel 0
  epsabs 0
  flags 10
  seed 123456
  mineval 10000000
  maxeval 10000000
  nstart 1000000
  nincrease 1000000
  nbatch 5000
  gridno 0
  statefile ""

Iteration 1:  1000000 integrand evaluations so far
[1] 88.0187 +- 2.62592  	chisq 0 (0 df)

Iteration 2:  3000000 integrand evaluations so far
[1] 88.4519 +- 0.694267  	chisq 0.029258 (1 df)

Iteration 3:  6000000 integrand evaluations so far
[1] 87.7894 +- 0.427849  	chisq 1.49729 (2 df)

Iteration 4:  10000000 integrand evaluations so far
[1] 88.0421 +- 0.318172  	chisq 2.27777 (3 df)
   88.04 ±   0.32        ( 31.1s) ┃  119.32 ±   0.32        (3.94mi) ┃
┃   56 -    58 ┃   57 -    58 ┃ 116.084 ±  0.041        (1.37mi) ┃ -80.823 ±   0.03        (8.07mi) ┃Vegas input parameters:
  ndim 7
  ncomp 1
  nvec 1
  epsrel 0
  epsabs 0
  flags 10
  seed 123456
  mineval 10000000
  maxeval 10000000
  nstart 1000000
  nincrease 1000000
  nbatch 5000
  gridno 0
  statefile ""

Iteration 1:  1000000 integrand evaluations so far
[1] 85.3549 +- 2.55459  	chisq 0 (0 df)

Iteration 2:  3000000 integrand evaluations so far
[1] 87.2238 +- 0.670922  	chisq 0.574861 (1 df)

Iteration 3:  6000000 integrand evaluations so far
[1] 86.823 +- 0.433444  	chisq 1.18748 (2 df)

Iteration 4:  10000000 integrand evaluations so far
[1] 87.2897 +- 0.323996  	chisq 3.81517 (3 df)
   87.29 ±   0.32        ( 31.7s) ┃  122.55 ±   0.33        (9.96mi) ┃
┃   56 -    58 ┃   58 -    59 ┃  109.75 ±   0.08        ( 1.2mi) ┃ -76.387 ±  0.066        (15.6mi) ┃Vegas input parameters:
  ndim 7
  ncomp 1
  nvec 1
  epsrel 0
  epsabs 0
  flags 10
  seed 123456
  mineval 10000000
  maxeval 10000000
  nstart 1000000
  nincrease 1000000
  nbatch 5000
  gridno 0
  statefile ""

Iteration 1:  1000000 integrand evaluations so far
[1] 86.8653 +- 2.60194  	chisq 0 (0 df)

Iteration 2:  3000000 integrand evaluations so far
[1] 85.6364 +- 0.662344  	chisq 0.238507 (1 df)

Iteration 3:  6000000 integrand evaluations so far
[1] 86.1358 +- 0.413309  	chisq 1.1694 (2 df)

Iteration 4:  10000000 integrand evaluations so far
[1] 86.1608 +- 0.316127  	chisq 1.17827 (3 df)
   86.16 ±   0.32        ( 27.2s) ┃  119.52 ±   0.33        (17.3mi) ┃
┃   56 -    58 ┃   59 -    60 ┃  93.435 ±  0.046        ( 36.7s) ┃ -64.622 ±  0.045        (15.6mi) ┃Vegas input parameters:
  ndim 7
  ncomp 1
  nvec 1
  epsrel 0
  epsabs 0
  flags 10
  seed 123456
  mineval 10000000
  maxeval 10000000
  nstart 1000000
  nincrease 1000000
  nbatch 5000
  gridno 0
  statefile ""

Iteration 1:  1000000 integrand evaluations so far
[1] 87.761 +- 2.63173  	chisq 0 (0 df)

Iteration 2:  3000000 integrand evaluations so far
[1] 84.9662 +- 0.65993  	chisq 1.20339 (1 df)

Iteration 3:  6000000 integrand evaluations so far
[1] 85.4196 +- 0.43371  	chisq 2.03418 (2 df)

Iteration 4:  10000000 integrand evaluations so far
[1] 85.129 +- 0.324811  	chisq 3.05668 (3 df)
   85.13 ±   0.32        ( 31.9s) ┃  113.94 ±   0.33        (16.7mi) ┃
┃   58 -    60 ┃   25 -    26 ┃  193.68 ±   0.16        (2.66mi) ┃ -135.15 ±   0.11        (17.6mi) ┃Vegas input parameters:
  ndim 7
  ncomp 1
  nvec 1
  epsrel 0
  epsabs 0
  flags 10
  seed 123456
  mineval 10000000
  maxeval 10000000
  nstart 1000000
  nincrease 1000000
  nbatch 5000
  gridno 0
  statefile ""

Iteration 1:  1000000 integrand evaluations so far
[1] 189.148 +- 4.26319  	chisq 0 (0 df)

Iteration 2:  3000000 integrand evaluations so far
[1] 190.101 +- 1.21733  	chisq 0.054437 (1 df)

Iteration 3:  6000000 integrand evaluations so far
[1] 188.88 +- 0.752242  	chisq 1.68218 (2 df)

Iteration 4:  10000000 integrand evaluations so far
[1] 188.473 +- 0.553678  	chisq 2.32028 (3 df)
  188.47 ±   0.55        ( 31.7s) ┃  247.01 ±   0.59        (20.8mi) ┃
┃   58 -    60 ┃   26 -    27 ┃ 198.538 ±  0.039        (5.25mi) ┃ -135.45 ±    0.1        ( 40.8s) ┃Vegas input parameters:
  ndim 7
  ncomp 1
  nvec 1
  epsrel 0
  epsabs 0
  flags 10
  seed 123456
  mineval 10000000
  maxeval 10000000
  nstart 1000000
  nincrease 1000000
  nbatch 5000
  gridno 0
  statefile ""

Iteration 1:  1000000 integrand evaluations so far
[1] 178.906 +- 4.09225  	chisq 0 (0 df)

Iteration 2:  3000000 integrand evaluations so far
[1] 179.144 +- 1.16424  	chisq 0.00365523 (1 df)

Iteration 3:  6000000 integrand evaluations so far
[1] 179.719 +- 0.751478  	chisq 0.422699 (2 df)

Iteration 4:  10000000 integrand evaluations so far
[1] 179.472 +- 0.558253  	chisq 0.663861 (3 df)
  179.47 ±   0.56        ( 33.8s) ┃  242.56 ±   0.57        (6.49mi) ┃
┃   58 -    60 ┃   27 -    28 ┃  200.81 ±   0.17        ( 22.3s) ┃ -139.85 ±   0.14        (4.46mi) ┃Vegas input parameters:
  ndim 7
  ncomp 1
  nvec 1
  epsrel 0
  epsabs 0
  flags 10
  seed 123456
  mineval 10000000
  maxeval 10000000
  nstart 1000000
  nincrease 1000000
  nbatch 5000
  gridno 0
  statefile ""

Iteration 1:  1000000 integrand evaluations so far
[1] 175.249 +- 4.02423  	chisq 0 (0 df)

Iteration 2:  3000000 integrand evaluations so far
[1] 169.973 +- 1.11975  	chisq 1.86274 (1 df)

Iteration 3:  6000000 integrand evaluations so far
[1] 170.59 +- 0.736958  	chisq 2.39858 (2 df)

Iteration 4:  10000000 integrand evaluations so far
[1] 171.02 +- 0.581068  	chisq 3.29588 (3 df)
  171.02 ±   0.58        (   32s) ┃  231.98 ±   0.62        (5.36mi) ┃
┃   58 -    60 ┃   28 -    29 ┃  183.19 ±   0.17        ( 24.5s) ┃-128.224 ±  0.089        (17.2mi) ┃Vegas input parameters:
  ndim 7
  ncomp 1
  nvec 1
  epsrel 0
  epsabs 0
  flags 10
  seed 123456
  mineval 10000000
  maxeval 10000000
  nstart 1000000
  nincrease 1000000
  nbatch 5000
  gridno 0
  statefile ""

Iteration 1:  1000000 integrand evaluations so far
[1] 168.718 +- 3.90142  	chisq 0 (0 df)

Iteration 2:  3000000 integrand evaluations so far
[1] 164.697 +- 1.09901  	chisq 1.15366 (1 df)

Iteration 3:  6000000 integrand evaluations so far
[1] 164.238 +- 0.681675  	chisq 1.43688 (2 df)

Iteration 4:  10000000 integrand evaluations so far
[1] 164.327 +- 0.541659  	chisq 1.4826 (3 df)
  164.33 ±   0.54        ( 31.8s) ┃  219.29 ±   0.58        (18.1mi) ┃
┃   58 -    60 ┃   29 -    30 ┃  191.83 ±   0.11        ( 21.9s) ┃-134.286 ±  0.073        (5.98mi) ┃Vegas input parameters:
  ndim 7
  ncomp 1
  nvec 1
  epsrel 0
  epsabs 0
  flags 10
  seed 123456
  mineval 10000000
  maxeval 10000000
  nstart 1000000
  nincrease 1000000
  nbatch 5000
  gridno 0
  statefile ""

Iteration 1:  1000000 integrand evaluations so far
[1] 156.758 +- 3.73395  	chisq 0 (0 df)

Iteration 2:  3000000 integrand evaluations so far
[1] 157.249 +- 1.06071  	chisq 0.0188181 (1 df)

Iteration 3:  6000000 integrand evaluations so far
[1] 157.58 +- 0.691838  	chisq 0.187974 (2 df)

Iteration 4:  10000000 integrand evaluations so far
[1] 158.916 +- 0.539573  	chisq 9.71547 (3 df)
  158.92 ±   0.54        ( 34.9s) ┃  216.46 ±   0.56        (6.93mi) ┃
┃   58 -    60 ┃   30 -    31 ┃   185.7 ±   0.18        ( 44.4s) ┃-129.614 ±  0.072        (4.34mi) ┃Vegas input parameters:
  ndim 7
  ncomp 1
  nvec 1
  epsrel 0
  epsabs 0
  flags 10
  seed 123456
  mineval 10000000
  maxeval 10000000
  nstart 1000000
  nincrease 1000000
  nbatch 5000
  gridno 0
  statefile ""

Iteration 1:  1000000 integrand evaluations so far
[1] 154.406 +- 3.67019  	chisq 0 (0 df)

Iteration 2:  3000000 integrand evaluations so far
[1] 154.269 +- 1.0405  	chisq 0.00150929 (1 df)

Iteration 3:  6000000 integrand evaluations so far
[1] 152.923 +- 0.643585  	chisq 2.7123 (2 df)

Iteration 4:  10000000 integrand evaluations so far
[1] 153.166 +- 0.505653  	chisq 3.08303 (3 df)
  153.17 ±   0.51        ( 31.4s) ┃  209.25 ±   0.54        (5.61mi) ┃
┃   58 -    60 ┃   31 -    32 ┃ 169.842 ±  0.042        (1.33mi) ┃-118.162 ±  0.039        (4.39mi) ┃Vegas input parameters:
  ndim 7
  ncomp 1
  nvec 1
  epsrel 0
  epsabs 0
  flags 10
  seed 123456
  mineval 10000000
  maxeval 10000000
  nstart 1000000
  nincrease 1000000
  nbatch 5000
  gridno 0
  statefile ""

Iteration 1:  1000000 integrand evaluations so far
[1] 150.471 +- 3.59435  	chisq 0 (0 df)

Iteration 2:  3000000 integrand evaluations so far
[1] 149.286 +- 1.01805  	chisq 0.118327 (1 df)

Iteration 3:  6000000 integrand evaluations so far
[1] 148.748 +- 0.631982  	chisq 0.571609 (2 df)

Iteration 4:  10000000 integrand evaluations so far
[1] 149.364 +- 0.476142  	chisq 2.7692 (3 df)
  149.36 ±   0.48        ( 31.2s) ┃  201.04 ±   0.48        (6.23mi) ┃
┃   58 -    60 ┃   32 -    33 ┃  174.37 ±   0.12        (2.62mi) ┃-121.285 ±  0.081        (33.8mi) ┃Vegas input parameters:
  ndim 7
  ncomp 1
  nvec 1
  epsrel 0
  epsabs 0
  flags 10
  seed 123456
  mineval 10000000
  maxeval 10000000
  nstart 1000000
  nincrease 1000000
  nbatch 5000
  gridno 0
  statefile ""

Iteration 1:  1000000 integrand evaluations so far
[1] 154.279 +- 3.61476  	chisq 0 (0 df)

Iteration 2:  3000000 integrand evaluations so far
[1] 147.114 +- 1.00156  	chisq 4.25573 (1 df)

Iteration 3:  6000000 integrand evaluations so far
[1] 145.749 +- 0.619861  	chisq 7.26561 (2 df)

Iteration 4:  10000000 integrand evaluations so far
[1] 145.842 +- 0.49359  	chisq 7.32644 (3 df)
  145.84 ±   0.49        ( 31.8s) ┃  198.93 ±   0.51        (36.9mi) ┃
┃   58 -    60 ┃   33 -    34 ┃ 160.046 ±  0.091        ( 22.3s) ┃-112.472 ±  0.016        (4.41mi) ┃Vegas input parameters:
  ndim 7
  ncomp 1
  nvec 1
  epsrel 0
  epsabs 0
  flags 10
  seed 123456
  mineval 10000000
  maxeval 10000000
  nstart 1000000
  nincrease 1000000
  nbatch 5000
  gridno 0
  statefile ""

Iteration 1:  1000000 integrand evaluations so far
[1] 138.713 +- 3.39479  	chisq 0 (0 df)

Iteration 2:  3000000 integrand evaluations so far
[1] 142.076 +- 0.980659  	chisq 1.07028 (1 df)

Iteration 3:  6000000 integrand evaluations so far
[1] 141.495 +- 0.628572  	chisq 1.66511 (2 df)

Iteration 4:  10000000 integrand evaluations so far
[1] 141.394 +- 0.463985  	chisq 1.722 (3 df)
  141.39 ±   0.46        (   31s) ┃  188.97 ±   0.47        ( 5.3mi) ┃
┃   58 -    60 ┃   34 -    35 ┃ 169.414 ±  0.018        ( 47.4s) ┃-117.675 ±  0.034        (32.8mi) ┃Vegas input parameters:
  ndim 7
  ncomp 1
  nvec 1
  epsrel 0
  epsabs 0
  flags 10
  seed 123456
  mineval 10000000
  maxeval 10000000
  nstart 1000000
  nincrease 1000000
  nbatch 5000
  gridno 0
  statefile ""

Iteration 1:  1000000 integrand evaluations so far
[1] 137.728 +- 3.36384  	chisq 0 (0 df)

Iteration 2:  3000000 integrand evaluations so far
[1] 135.681 +- 0.947  	chisq 0.402231 (1 df)

Iteration 3:  6000000 integrand evaluations so far
[1] 136.22 +- 0.635643  	chisq 0.991102 (2 df)

Iteration 4:  10000000 integrand evaluations so far
[1] 135.268 +- 0.467246  	chisq 5.86695 (3 df)
  135.27 ±   0.47        ( 31.6s) ┃  187.01 ±   0.47        (34.1mi) ┃
┃   58 -    60 ┃   35 -    36 ┃  165.07 ±  0.085        (1.47mi) ┃-115.284 ±  0.026        (34.3mi) ┃Vegas input parameters:
  ndim 7
  ncomp 1
  nvec 1
  epsrel 0
  epsabs 0
  flags 10
  seed 123456
  mineval 10000000
  maxeval 10000000
  nstart 1000000
  nincrease 1000000
  nbatch 5000
  gridno 0
  statefile ""

Iteration 1:  1000000 integrand evaluations so far
[1] 125.647 +- 3.17401  	chisq 0 (0 df)

Iteration 2:  3000000 integrand evaluations so far
[1] 128.536 +- 0.918306  	chisq 0.904355 (1 df)

Iteration 3:  6000000 integrand evaluations so far
[1] 128.845 +- 0.571319  	chisq 1.0885 (2 df)

Iteration 4:  10000000 integrand evaluations so far
[1] 129.022 +- 0.435551  	chisq 1.31742 (3 df)
  129.02 ±   0.44        ( 33.3s) ┃  178.81 ±   0.44        (36.3mi) ┃
┃   58 -    60 ┃   36 -    37 ┃   138.8 ±    0.1        ( 40.8s) ┃ -97.083 ±  0.027        (4.22mi) ┃Vegas input parameters:
  ndim 7
  ncomp 1
  nvec 1
  epsrel 0
  epsabs 0
  flags 10
  seed 123456
  mineval 10000000
  maxeval 10000000
  nstart 1000000
  nincrease 1000000
  nbatch 5000
  gridno 0
  statefile ""

Iteration 1:  1000000 integrand evaluations so far
[1] 121.404 +- 3.12036  	chisq 0 (0 df)

Iteration 2:  3000000 integrand evaluations so far
[1] 124.406 +- 0.994084  	chisq 1.03012 (1 df)

Iteration 3:  6000000 integrand evaluations so far
[1] 124.592 +- 0.605784  	chisq 1.08595 (2 df)

Iteration 4:  10000000 integrand evaluations so far
[1] 124.553 +- 0.431963  	chisq 1.09443 (3 df)
  124.55 ±   0.43        ( 31.6s) ┃  166.27 ±   0.45        (5.42mi) ┃
┃   58 -    60 ┃   37 -    38 ┃  167.36 ±  0.073        (1.42mi) ┃-116.715 ±  0.037        (8.47mi) ┃Vegas input parameters:
  ndim 7
  ncomp 1
  nvec 1
  epsrel 0
  epsabs 0
  flags 10
  seed 123456
  mineval 10000000
  maxeval 10000000
  nstart 1000000
  nincrease 1000000
  nbatch 5000
  gridno 0
  statefile ""

Iteration 1:  1000000 integrand evaluations so far
[1] 120.969 +- 3.10571  	chisq 0 (0 df)

Iteration 2:  3000000 integrand evaluations so far
[1] 119.34 +- 0.86857  	chisq 0.298406 (1 df)

Iteration 3:  6000000 integrand evaluations so far
[1] 119.245 +- 0.53998  	chisq 0.318145 (2 df)

Iteration 4:  10000000 integrand evaluations so far
[1] 119.752 +- 0.407776  	chisq 2.3692 (3 df)
  119.75 ±   0.41        ( 29.6s) ┃   170.4 ±   0.42        (10.4mi) ┃
┃   58 -    60 ┃   38 -    39 ┃ 146.347 ±  0.049        (2.42mi) ┃-102.059 ±  0.093        ( 7.8mi) ┃Vegas input parameters:
  ndim 7
  ncomp 1
  nvec 1
  epsrel 0
  epsabs 0
  flags 10
  seed 123456
  mineval 10000000
  maxeval 10000000
  nstart 1000000
  nincrease 1000000
  nbatch 5000
  gridno 0
  statefile ""

Iteration 1:  1000000 integrand evaluations so far
[1] 118.868 +- 3.05358  	chisq 0 (0 df)

Iteration 2:  3000000 integrand evaluations so far
[1] 117.502 +- 0.856542  	chisq 0.217152 (1 df)

Iteration 3:  6000000 integrand evaluations so far
[1] 117.225 +- 0.531544  	chisq 0.387128 (2 df)

Iteration 4:  10000000 integrand evaluations so far
[1] 117.028 +- 0.390799  	chisq 0.686413 (3 df)
  117.03 ±   0.39        ( 28.1s) ┃  161.32 ±    0.4        (10.7mi) ┃
┃   58 -    60 ┃   39 -    40 ┃ 137.929 ±  0.043        ( 36.3s) ┃  -96.42 ±  0.086        (3.86mi) ┃Vegas input parameters:
  ndim 7
  ncomp 1
  nvec 1
  epsrel 0
  epsabs 0
  flags 10
  seed 123456
  mineval 10000000
  maxeval 10000000
  nstart 1000000
  nincrease 1000000
  nbatch 5000
  gridno 0
  statefile ""

Iteration 1:  1000000 integrand evaluations so far
[1] 109.466 +- 2.89934  	chisq 0 (0 df)

Iteration 2:  3000000 integrand evaluations so far
[1] 112.671 +- 0.833387  	chisq 1.33182 (1 df)

Iteration 3:  6000000 integrand evaluations so far
[1] 113.148 +- 0.518334  	chisq 1.86553 (2 df)

Iteration 4:  10000000 integrand evaluations so far
[1] 112.983 +- 0.381001  	chisq 2.08605 (3 df)
  112.98 ±   0.38        ( 24.7s) ┃  154.49 ±   0.39        (4.88mi) ┃
┃   58 -    60 ┃   40 -    41 ┃ 146.705 ±  0.056        (2.63mi) ┃-101.886 ±  0.092        (6.76mi) ┃Vegas input parameters:
  ndim 7
  ncomp 1
  nvec 1
  epsrel 0
  epsabs 0
  flags 10
  seed 123456
  mineval 10000000
  maxeval 10000000
  nstart 1000000
  nincrease 1000000
  nbatch 5000
  gridno 0
  statefile ""

Iteration 1:  1000000 integrand evaluations so far
[1] 109.967 +- 2.87003  	chisq 0 (0 df)

Iteration 2:  3000000 integrand evaluations so far
[1] 108.693 +- 0.8085  	chisq 0.214236 (1 df)

Iteration 3:  6000000 integrand evaluations so far
[1] 109.081 +- 0.503416  	chisq 0.591686 (2 df)

Iteration 4:  10000000 integrand evaluations so far
[1] 109.327 +- 0.371041  	chisq 1.11364 (3 df)
  109.33 ±   0.37        ( 30.9s) ┃  154.15 ±   0.39        ( 9.9mi) ┃
┃   58 -    60 ┃   41 -    42 ┃ 143.822 ±  0.099        ( 43.7s) ┃ -99.675 ±  0.076        (16.7mi) ┃Vegas input parameters:
  ndim 7
  ncomp 1
  nvec 1
  epsrel 0
  epsabs 0
  flags 10
  seed 123456
  mineval 10000000
  maxeval 10000000
  nstart 1000000
  nincrease 1000000
  nbatch 5000
  gridno 0
  statefile ""

Iteration 1:  1000000 integrand evaluations so far
[1] 104.663 +- 2.77581  	chisq 0 (0 df)

Iteration 2:  3000000 integrand evaluations so far
[1] 107.064 +- 0.794303  	chisq 0.815233 (1 df)

Iteration 3:  6000000 integrand evaluations so far
[1] 106.865 +- 0.491704  	chisq 0.917271 (2 df)

Iteration 4:  10000000 integrand evaluations so far
[1] 107.334 +- 0.406175  	chisq 3.77809 (3 df)
  107.33 ±   0.41        ( 29.8s) ┃  151.48 ±   0.42        (17.9mi) ┃
┃   58 -    60 ┃   42 -    43 ┃  126.57 ±   0.11        (2.64mi) ┃-88.3386 ± 0.0055        (1.03hr) ┃Vegas input parameters:
  ndim 7
  ncomp 1
  nvec 1
  epsrel 0
  epsabs 0
  flags 10
  seed 123456
  mineval 10000000
  maxeval 10000000
  nstart 1000000
  nincrease 1000000
  nbatch 5000
  gridno 0
  statefile ""

Iteration 1:  1000000 integrand evaluations so far
[1] 105.33 +- 2.81932  	chisq 0 (0 df)

Iteration 2:  3000000 integrand evaluations so far
[1] 104.308 +- 0.777864  	chisq 0.142123 (1 df)

Iteration 3:  6000000 integrand evaluations so far
[1] 103.643 +- 0.480881  	chisq 1.32598 (2 df)

Iteration 4:  10000000 integrand evaluations so far
[1] 104.145 +- 0.378702  	chisq 4.19702 (3 df)
  104.15 ±   0.38        ( 30.3s) ┃  142.38 ±    0.4        (1.08hr) ┃
┃   58 -    60 ┃   43 -    44 ┃  156.21 ±   0.11        (1.33mi) ┃-108.773 ±  0.084        ( 3.5mi) ┃Vegas input parameters:
  ndim 7
  ncomp 1
  nvec 1
  epsrel 0
  epsabs 0
  flags 10
  seed 123456
  mineval 10000000
  maxeval 10000000
  nstart 1000000
  nincrease 1000000
  nbatch 5000
  gridno 0
  statefile ""

Iteration 1:  1000000 integrand evaluations so far
[1] 100.484 +- 2.74255  	chisq 0 (0 df)

Iteration 2:  3000000 integrand evaluations so far
[1] 99.8378 +- 0.748744  	chisq 0.0599744 (1 df)

Iteration 3:  6000000 integrand evaluations so far
[1] 100.536 +- 0.468825  	chisq 1.49197 (2 df)

Iteration 4:  10000000 integrand evaluations so far
[1] 100.711 +- 0.345244  	chisq 1.79466 (3 df)
  100.71 ±   0.35        ( 29.5s) ┃  148.15 ±   0.37        (5.32mi) ┃
┃   58 -    60 ┃   44 -    45 ┃ 119.863 ±  0.067        ( 39.8s) ┃ -83.411 ±  0.043        (  15mi) ┃Vegas input parameters:
  ndim 7
  ncomp 1
  nvec 1
  epsrel 0
  epsabs 0
  flags 10
  seed 123456
  mineval 10000000
  maxeval 10000000
  nstart 1000000
  nincrease 1000000
  nbatch 5000
  gridno 0
  statefile ""

Iteration 1:  1000000 integrand evaluations so far
[1] 93.9169 +- 2.59839  	chisq 0 (0 df)

Iteration 2:  3000000 integrand evaluations so far
[1] 99.05 +- 0.751126  	chisq 4.25834 (1 df)

Iteration 3:  6000000 integrand evaluations so far
[1] 98.9943 +- 0.464282  	chisq 4.26721 (2 df)

Iteration 4:  10000000 integrand evaluations so far
[1] 98.769 +- 0.340587  	chisq 4.77724 (3 df)
   98.77 ±   0.34        ( 30.1s) ┃  135.22 ±   0.35        (16.2mi) ┃
┃   58 -    60 ┃   45 -    46 ┃ 115.087 ±  0.076        ( 37.2s) ┃ -80.471 ±  0.054        (6.97mi) ┃Vegas input parameters:
  ndim 7
  ncomp 1
  nvec 1
  epsrel 0
  epsabs 0
  flags 10
  seed 123456
  mineval 10000000
  maxeval 10000000
  nstart 1000000
  nincrease 1000000
  nbatch 5000
  gridno 0
  statefile ""

Iteration 1:  1000000 integrand evaluations so far
[1] 93.1539 +- 2.62216  	chisq 0 (0 df)

Iteration 2:  3000000 integrand evaluations so far
[1] 96.4558 +- 0.841687  	chisq 1.76783 (1 df)

Iteration 3:  6000000 integrand evaluations so far
[1] 96.9661 +- 0.509626  	chisq 2.34831 (2 df)

Iteration 4:  10000000 integrand evaluations so far
[1] 97.048 +- 0.360115  	chisq 2.39978 (3 df)
   97.05 ±   0.36        ( 29.8s) ┃  131.66 ±   0.37        (8.08mi) ┃
┃   58 -    60 ┃   46 -    47 ┃ 146.096 ±  0.058        ( 22.9s) ┃-101.598 ±  0.027        (6.94mi) ┃Vegas input parameters:
  ndim 7
  ncomp 1
  nvec 1
  epsrel 0
  epsabs 0
  flags 10
  seed 123456
  mineval 10000000
  maxeval 10000000
  nstart 1000000
  nincrease 1000000
  nbatch 5000
  gridno 0
  statefile ""

Iteration 1:  1000000 integrand evaluations so far
[1] 93.9403 +- 2.60431  	chisq 0 (0 df)

Iteration 2:  3000000 integrand evaluations so far
[1] 94.859 +- 0.719095  	chisq 0.134705 (1 df)

Iteration 3:  6000000 integrand evaluations so far
[1] 94.4662 +- 0.461636  	chisq 0.642231 (2 df)

Iteration 4:  10000000 integrand evaluations so far
[1] 94.1644 +- 0.349817  	chisq 1.64577 (3 df)
   94.16 ±   0.35        (   32s) ┃  138.66 ±   0.36        (7.85mi) ┃
┃   58 -    60 ┃   47 -    48 ┃ 117.796 ±  0.097        ( 12.1s) ┃ -81.715 ±  0.045        (4.15mi) ┃Vegas input parameters:
  ndim 7
  ncomp 1
  nvec 1
  epsrel 0
  epsabs 0
  flags 10
  seed 123456
  mineval 10000000
  maxeval 10000000
  nstart 1000000
  nincrease 1000000
  nbatch 5000
  gridno 0
  statefile ""

Iteration 1:  1000000 integrand evaluations so far
[1] 95.47 +- 2.63986  	chisq 0 (0 df)

Iteration 2:  3000000 integrand evaluations so far
[1] 93.1715 +- 0.79775  	chisq 0.834346 (1 df)

Iteration 3:  6000000 integrand evaluations so far
[1] 93.4482 +- 0.484193  	chisq 1.02488 (2 df)

Iteration 4:  10000000 integrand evaluations so far
[1] 92.6627 +- 0.34222  	chisq 6.28351 (3 df)
   92.66 ±   0.34        ( 30.4s) ┃  128.74 ±   0.36        (4.85mi) ┃
┃   58 -    60 ┃   48 -    49 ┃ 116.956 ± 0.0097        ( 11.8s) ┃ -81.972 ±  0.035        (7.97mi) ┃Vegas input parameters:
  ndim 7
  ncomp 1
  nvec 1
  epsrel 0
  epsabs 0
  flags 10
  seed 123456
  mineval 10000000
  maxeval 10000000
  nstart 1000000
  nincrease 1000000
  nbatch 5000
  gridno 0
  statefile ""

Iteration 1:  1000000 integrand evaluations so far
[1] 89.77 +- 2.51984  	chisq 0 (0 df)

Iteration 2:  3000000 integrand evaluations so far
[1] 90.443 +- 0.763872  	chisq 0.0785497 (1 df)

Iteration 3:  6000000 integrand evaluations so far
[1] 90.8839 +- 0.470314  	chisq 0.615259 (2 df)

Iteration 4:  10000000 integrand evaluations so far
[1] 91.0588 +- 0.337023  	chisq 0.899445 (3 df)
   91.06 ±   0.34        ( 25.6s) ┃  126.04 ±   0.34        ( 8.6mi) ┃
┃   58 -    60 ┃   49 -    50 ┃  126.22 ±    0.1        (1.29mi) ┃ -88.251 ±   0.07        (15.1mi) ┃Vegas input parameters:
  ndim 7
  ncomp 1
  nvec 1
  epsrel 0
  epsabs 0
  flags 10
  seed 123456
  mineval 10000000
  maxeval 10000000
  nstart 1000000
  nincrease 1000000
  nbatch 5000
  gridno 0
  statefile ""

Iteration 1:  1000000 integrand evaluations so far
[1] 87.313 +- 2.49733  	chisq 0 (0 df)

Iteration 2:  3000000 integrand evaluations so far
[1] 88.4237 +- 0.71423  	chisq 0.215425 (1 df)

Iteration 3:  6000000 integrand evaluations so far
[1] 88.8839 +- 0.44778  	chisq 0.899567 (2 df)

Iteration 4:  10000000 integrand evaluations so far
[1] 88.8526 +- 0.329058  	chisq 0.910213 (3 df)
   88.85 ±   0.33        ( 27.5s) ┃  126.82 ±   0.35        (16.9mi) ┃
┃   58 -    60 ┃   50 -    51 ┃ 123.077 ±  0.026        (1.02mi) ┃ -84.945 ±   0.06        (5.91mi) ┃Vegas input parameters:
  ndim 7
  ncomp 1
  nvec 1
  epsrel 0
  epsabs 0
  flags 10
  seed 123456
  mineval 10000000
  maxeval 10000000
  nstart 1000000
  nincrease 1000000
  nbatch 5000
  gridno 0
  statefile ""

Iteration 1:  1000000 integrand evaluations so far
[1] 83.6281 +- 2.43003  	chisq 0 (0 df)

Iteration 2:  3000000 integrand evaluations so far
[1] 87.4093 +- 0.672917  	chisq 2.62241 (1 df)

Iteration 3:  6000000 integrand evaluations so far
[1] 87.6508 +- 0.418532  	chisq 2.83239 (2 df)

Iteration 4:  10000000 integrand evaluations so far
[1] 87.4862 +- 0.314713  	chisq 3.18802 (3 df)
   87.49 ±   0.31        ( 26.4s) ┃  125.62 ±   0.32        (7.36mi) ┃
┃   58 -    60 ┃   51 -    52 ┃ 104.034 ±  0.097        ( 5.95s) ┃ -72.389 ±   0.01        (3.58mi) ┃Vegas input parameters:
  ndim 7
  ncomp 1
  nvec 1
  epsrel 0
  epsabs 0
  flags 10
  seed 123456
  mineval 10000000
  maxeval 10000000
  nstart 1000000
  nincrease 1000000
  nbatch 5000
  gridno 0
  statefile ""

Iteration 1:  1000000 integrand evaluations so far
[1] 87.7727 +- 2.49522  	chisq 0 (0 df)

Iteration 2:  3000000 integrand evaluations so far
[1] 85.9891 +- 0.660552  	chisq 0.549392 (1 df)

Iteration 3:  6000000 integrand evaluations so far
[1] 86.0884 +- 0.411945  	chisq 0.586336 (2 df)

Iteration 4:  10000000 integrand evaluations so far
[1] 86.0912 +- 0.315347  	chisq 0.58645 (3 df)
   86.09 ±   0.32        ( 29.9s) ┃  117.74 ±   0.33        (4.18mi) ┃
┃   58 -    60 ┃   52 -    53 ┃ 126.586 ±  0.062        (1.36mi) ┃ -87.989 ±  0.016        (6.37mi) ┃Vegas input parameters:
  ndim 7
  ncomp 1
  nvec 1
  epsrel 0
  epsabs 0
  flags 10
  seed 123456
  mineval 10000000
  maxeval 10000000
  nstart 1000000
  nincrease 1000000
  nbatch 5000
  gridno 0
  statefile ""

Iteration 1:  1000000 integrand evaluations so far
[1] 83.1152 +- 2.42768  	chisq 0 (0 df)

Iteration 2:  3000000 integrand evaluations so far
[1] 85.7904 +- 0.656916  	chisq 1.31024 (1 df)

Iteration 3:  6000000 integrand evaluations so far
[1] 85.2679 +- 0.419133  	chisq 2.37729 (2 df)

Iteration 4:  10000000 integrand evaluations so far
[1] 84.9588 +- 0.313653  	chisq 3.61275 (3 df)
   84.96 ±   0.31        ( 30.1s) ┃  123.56 ±   0.32        (8.23mi) ┃
┃   58 -    60 ┃   53 -    54 ┃ 106.602 ±  0.071        ( 37.3s) ┃ -73.683 ±  0.041        (1.98mi) ┃Vegas input parameters:
  ndim 7
  ncomp 1
  nvec 1
  epsrel 0
  epsabs 0
  flags 10
  seed 123456
  mineval 10000000
  maxeval 10000000
  nstart 1000000
  nincrease 1000000
  nbatch 5000
  gridno 0
  statefile ""

Iteration 1:  1000000 integrand evaluations so far
[1] 84.8919 +- 2.46001  	chisq 0 (0 df)

Iteration 2:  3000000 integrand evaluations so far
[1] 85.3363 +- 0.65912  	chisq 0.0351567 (1 df)

Iteration 3:  6000000 integrand evaluations so far
[1] 84.2889 +- 0.40806  	chisq 4.12958 (2 df)

Iteration 4:  10000000 integrand evaluations so far
[1] 84.0045 +- 0.30223  	chisq 5.20583 (3 df)
      84 ±    0.3        ( 27.7s) ┃  116.92 ±   0.31        (3.07mi) ┃
┃   58 -    60 ┃   54 -    55 ┃  91.717 ±  0.077        ( 10.4s) ┃  -64.03 ±  0.016        (11.8mi) ┃Vegas input parameters:
  ndim 7
  ncomp 1
  nvec 1
  epsrel 0
  epsabs 0
  flags 10
  seed 123456
  mineval 10000000
  maxeval 10000000
  nstart 1000000
  nincrease 1000000
  nbatch 5000
  gridno 0
  statefile ""

Iteration 1:  1000000 integrand evaluations so far
[1] 82.547 +- 2.43074  	chisq 0 (0 df)

Iteration 2:  3000000 integrand evaluations so far
[1] 83.0975 +- 0.648093  	chisq 0.0552255 (1 df)

Iteration 3:  6000000 integrand evaluations so far
[1] 82.6251 +- 0.399888  	chisq 0.913169 (2 df)

Iteration 4:  10000000 integrand evaluations so far
[1] 82.6959 +- 0.297165  	chisq 0.983232 (3 df)
    82.7 ±    0.3        ( 32.2s) ┃  110.38 ±   0.31        (12.5mi) ┃
┃   58 -    60 ┃   55 -    56 ┃  115.46 ±    0.1        (1.35mi) ┃ -80.571 ±  0.072        (7.97mi) ┃Vegas input parameters:
  ndim 7
  ncomp 1
  nvec 1
  epsrel 0
  epsabs 0
  flags 10
  seed 123456
  mineval 10000000
  maxeval 10000000
  nstart 1000000
  nincrease 1000000
  nbatch 5000
  gridno 0
  statefile ""

Iteration 1:  1000000 integrand evaluations so far
[1] 81.935 +- 2.41162  	chisq 0 (0 df)

Iteration 2:  3000000 integrand evaluations so far
[1] 81.6301 +- 0.635817  	chisq 0.0171791 (1 df)

Iteration 3:  6000000 integrand evaluations so far
[1] 81.218 +- 0.392542  	chisq 0.696043 (2 df)

Iteration 4:  10000000 integrand evaluations so far
[1] 81.4046 +- 0.299646  	chisq 1.23764 (3 df)
    81.4 ±    0.3        ( 30.7s) ┃  116.29 ±   0.32        (9.84mi) ┃
┃   58 -    60 ┃   56 -    57 ┃ 106.879 ±  0.096        (1.28mi) ┃ -74.038 ±   0.06        (1.44mi) ┃Vegas input parameters:
  ndim 7
  ncomp 1
  nvec 1
  epsrel 0
  epsabs 0
  flags 10
  seed 123456
  mineval 10000000
  maxeval 10000000
  nstart 1000000
  nincrease 1000000
  nbatch 5000
  gridno 0
  statefile ""

Iteration 1:  1000000 integrand evaluations so far
[1] 80.2321 +- 2.3937  	chisq 0 (0 df)

Iteration 2:  3000000 integrand evaluations so far
[1] 80.4668 +- 0.635379  	chisq 0.0103489 (1 df)

Iteration 3:  6000000 integrand evaluations so far
[1] 79.9782 +- 0.389523  	chisq 0.957705 (2 df)

Iteration 4:  10000000 integrand evaluations so far
[1] 80.0594 +- 0.294742  	chisq 1.05923 (3 df)
   80.06 ±   0.29        ( 25.3s) ┃   112.9 ±   0.32        (3.14mi) ┃
┃   58 -    60 ┃   57 -    58 ┃  91.343 ±  0.058        ( 37.8s) ┃ -63.542 ±  0.031        (7.33mi) ┃Vegas input parameters:
  ndim 7
  ncomp 1
  nvec 1
  epsrel 0
  epsabs 0
  flags 10
  seed 123456
  mineval 10000000
  maxeval 10000000
  nstart 1000000
  nincrease 1000000
  nbatch 5000
  gridno 0
  statefile ""

Iteration 1:  1000000 integrand evaluations so far
[1] 79.2979 +- 2.39539  	chisq 0 (0 df)

Iteration 2:  3000000 integrand evaluations so far
[1] 79.5312 +- 0.62283  	chisq 0.0101752 (1 df)

Iteration 3:  6000000 integrand evaluations so far
[1] 78.9423 +- 0.387795  	chisq 1.47033 (2 df)

Iteration 4:  10000000 integrand evaluations so far
[1] 79.0937 +- 0.293478  	chisq 1.82711 (3 df)
   79.09 ±   0.29        ( 24.5s) ┃  106.89 ±    0.3        (8.37mi) ┃
┃   58 -    60 ┃   58 -    59 ┃ 103.338 ±  0.039        (1.06mi) ┃ -72.026 ±  0.038        ( 3.5mi) ┃Vegas input parameters:
  ndim 7
  ncomp 1
  nvec 1
  epsrel 0
  epsabs 0
  flags 10
  seed 123456
  mineval 10000000
  maxeval 10000000
  nstart 1000000
  nincrease 1000000
  nbatch 5000
  gridno 0
  statefile ""

Iteration 1:  1000000 integrand evaluations so far
[1] 77.7345 +- 2.34513  	chisq 0 (0 df)

Iteration 2:  3000000 integrand evaluations so far
[1] 78.1232 +- 0.615396  	chisq 0.0295011 (1 df)

Iteration 3:  6000000 integrand evaluations so far
[1] 78.0627 +- 0.392887  	chisq 0.0458344 (2 df)

Iteration 4:  10000000 integrand evaluations so far
[1] 78.1205 +- 0.290371  	chisq 0.0935555 (3 df)
   78.12 ±   0.29        ( 28.4s) ┃  109.43 ±    0.3        (5.03mi) ┃
┃   58 -    60 ┃   59 -    60 ┃  97.232 ±   0.09        ( 40.2s) ┃-67.7708 ± 0.0061        (29.6mi) ┃Vegas input parameters:
  ndim 7
  ncomp 1
  nvec 1
  epsrel 0
  epsabs 0
  flags 10
  seed 123456
  mineval 10000000
  maxeval 10000000
  nstart 1000000
  nincrease 1000000
  nbatch 5000
  gridno 0
  statefile ""

Iteration 1:  1000000 integrand evaluations so far
[1] 76.983 +- 2.34749  	chisq 0 (0 df)

Iteration 2:  3000000 integrand evaluations so far
[1] 77.2191 +- 0.608838  	chisq 0.0108454 (1 df)

Iteration 3:  6000000 integrand evaluations so far
[1] 77.1156 +- 0.376059  	chisq 0.0576328 (2 df)

Iteration 4:  10000000 integrand evaluations so far
[1] 77.282 +- 0.294347  	chisq 0.563216 (3 df)
   77.28 ±   0.29        ( 32.8s) ┃  106.74 ±   0.31        (30.8mi) ┃
┣━━━━━━━━━━━━━━╋━━━━━━━━━━━━━━╋━━━━━━━━━━━━━━━━━━━━━━━━━━━━━━━━━━╋━━━━━━━━━━━━━━━━━━━━━━━━━━━━━━━━━━╋━━━━━━━━━━━━━━━━━━━━━━━━━━━━━━━━━━╋━━━━━━━━━━━━━━━━━━━━━━━━━━━━━━━━━━┫
┃   56 -    60 ┃   25 -    60 ┃ 10.4869 ± 0.00081 ·10⁺⁰³ (1.36hr) ┃-7.29128 ± 0.00052 ·10⁺⁰³ (13.8hr) ┃   8.385 ± 0.0035 ·10⁺⁰³ (35.9mi) ┃ 11.5806 ± 0.0037 ·10⁺⁰³ (15.8hr) ┃
┗━━━━━━━━━━━━━━┻━━━━━━━━━━━━━━┻━━━━━━━━━━━━━━━━━━━━━━━━━━━━━━━━━━┻━━━━━━━━━━━━━━━━━━━━━━━━━━━━━━━━━━┻━━━━━━━━━━━━━━━━━━━━━━━━━━━━━━━━━━┻━━━━━━━━━━━━━━━━━━━━━━━━━━━━━━━━━━┛

╍╍╍╍╍╍╍╍╍╍╍╍╍╍╍╍╍╍╍╍╍╍╍╍╍╍╍╍╍╍╍╍ Summary ╍╍╍╍╍╍╍╍╍╍╍╍╍╍╍╍╍╍╍╍╍╍╍╍╍╍╍╍╍╍╍
      Total cross section                    11.5806 ± 0.0037          pb
         Calculation time                               15.8       hours
              Output file                    outputs/qt_qt56_60_NLL_muR0.5_muF1.0.root            
      Result in text file                    outputs/qt_qt56_60_NLL_muR0.5_muF1.0.txt            

╍╍╍╍╍╍╍╍╍╍╍╍╍╍╍╍╍╍╍╍╍╍╍╍╍╍╍╍╍╍╍╍╍╍╍╍╍╍╍╍╍╍╍╍╍╍╍╍╍╍╍╍╍╍╍╍╍╍╍╍╍╍╍╍╍╍╍╍╍╍╍╍

