
╍╍╍╍╍╍╍╍╍╍╍╍╍╍╍╍╍╍╍╍╍╍╍╍╍╍╍ Process settings ╍╍╍╍╍╍╍╍╍╍╍╍╍╍╍╍╍╍╍╍╍╍╍╍╍╍╍
   proton-proton collisions at sqrt(s) = 13000 GeV 
   Computing NLO+NLL resummed cross section
   W+ ->  nu(p3)+e+(p4) production 

╍╍╍╍╍╍╍╍╍╍╍╍╍╍╍╍╍╍╍╍╍╍╍╍╍╍╍╍╍╍ CKM matrix ╍╍╍╍╍╍╍╍╍╍╍╍╍╍╍╍╍╍╍╍╍╍╍╍╍╍╍╍╍╍
     | Vud Vus Vub |   |   0.97427   0.2253  0.00351 | 
     | Vcd Vcs Vcb | = |    0.2252  0.97344   0.0412 | 
     | Vtd Vts Vtb |   |         0        0        0 | 

╍╍╍╍╍╍╍╍╍╍╍╍╍╍╍╍╍╍╍╍╍╍╍╍╍╍╍╍╍ EW parameters ╍╍╍╍╍╍╍╍╍╍╍╍╍╍╍╍╍╍╍╍╍╍╍╍╍╍╍╍
                                         Gf =  1.1663787e-05      GeV^-2
                                    1/alpha =  132.233229791            
                                 sin(thW)^2 = 0.222897222524            
                                     W mass =         80.385         GeV
                                     Z mass =        91.1876         GeV
                                    W width =          2.091         GeV
                                    Z width =          2.495         GeV

╍╍╍╍╍╍╍╍╍╍╍╍╍╍╍╍╍╍╍╍╍╍╍╍╍╍╍╍╍ QCD settings ╍╍╍╍╍╍╍╍╍╍╍╍╍╍╍╍╍╍╍╍╍╍╍╍╍╍╍╍╍
   Renormalization scale:     dynamic muren =              1      * m_ll
     Factorization scale:     dynamic mufac =            0.5      * m_ll
       Resummation scale:     dynamic mures =              1      * m_ll
          Strong coupling       alpha_s(MZ) =       0.118001            
                              running order =              2       -loop
         Non-perturbative     form factor g =            0.7       GeV^2

╍╍╍╍╍╍╍╍╍╍╍╍╍╍╍╍╍╍╍╍╍╍╍╍╍╍╍╍╍ PDF settings ╍╍╍╍╍╍╍╍╍╍╍╍╍╍╍╍╍╍╍╍╍╍╍╍╍╍╍╍╍
                                     PDF set:MSHT20nnlo_as118            
                                  PDF member:              0            
  Mellin moments of PDFs:                    Numerical integration            
                         nodes for the quadrature:            200            
                         Intervals for the quadrature:              1            

╍╍╍╍╍╍╍╍╍╍╍╍╍╍╍╍╍╍╍╍╍╍╍╍╍╍╍╍╍╍╍ qT recoil ╍╍╍╍╍╍╍╍╍╍╍╍╍╍╍╍╍╍╍╍╍╍╍╍╍╍╍╍╍╍
  qt-recoil prescription:       Collins-Soper kt1 = p_V(x)/2; kt2 = p_V(y)/2            

╍╍╍╍╍╍╍╍╍╍╍╍╍╍╍╍╍╍╍╍╍╍╍╍╍╍╍╍╍╍╍╍╍ Cuts ╍╍╍╍╍╍╍╍╍╍╍╍╍╍╍╍╍╍╍╍╍╍╍╍╍╍╍╍╍╍╍╍╍
                                  apply cuts:           true            
                                      pt_l >               0            
                                   |eta_l| <            1000            
                                    pt_lep >              25            
                                 |eta_lep| <             2.4            
                                   pt_alep >              25            
                                |eta_alep| <             2.4            
                                  user cuts:            true            

╍╍╍╍╍╍╍╍╍╍╍╍╍╍╍╍╍╍╍╍╍╍╍╍╍╍╍╍ ResummationDamp ╍╍╍╍╍╍╍╍╍╍╍╍╍╍╍╍╍╍╍╍╍╍╍╍╍╍╍
                                    damping :             on            
                                damping mode:              1            
                                  damp above:        60.2888         GeV
                               damping width:        20.0963         GeV
                          resummation cutoff:             20         MeV

╍╍╍╍╍╍╍╍╍╍╍╍╍╍╍╍╍╍╍╍╍╍╍╍╍╍╍╍ Debug settings ╍╍╍╍╍╍╍╍╍╍╍╍╍╍╍╍╍╍╍╍╍╍╍╍╍╍╍╍
                                 timeprofile:          false            
                                     verbose:          false            
                               cubaverbosity:              2            

╍╍╍╍╍╍╍╍╍╍╍╍╍╍╍╍╍╍╍╍╍╍╍╍╍╍╍╍╍╍╍╍╍╍╍╍╍╍╍╍╍╍╍╍╍╍╍╍╍╍╍╍╍╍╍╍╍╍╍╍╍╍╍╍╍╍╍╍╍╍╍╍

Warning: Histogram `a1_qt` contains non-integrable observable and will be deleted 
Warning: Histogram `a1_qt_vs_y` contains non-integrable observable and will be deleted 
Warning: Histogram `s_biganswer` contains non-integrable observable and will be deleted 
Warning: Histogram `wgt_a1_qt` contains non-integrable observable and will be deleted 

╍╍╍╍╍╍╍╍╍╍╍╍╍╍╍╍╍╍╍╍╍╍╍╍╍ Integration settings ╍╍╍╍╍╍╍╍╍╍╍╍╍╍╍╍╍╍╍╍╍╍╍╍╍
             Random seeds              123456                           
           Parallel cores                   1                           

             Resummation:     cuhre (dm, dpt)         iter =           5
                                   gauss (dy)        nodes =          64
                                                 intervals =           1
            Counter term:      cuhre (dm, dy)         iter =           5
                                  gauss (dpt)        nodes =          20
                                                 intervals =           5
                     V+J:            vegas 7D       ncalls =    10000000

Mellin inverse transform:           gaussian         nodes =          30
                                                 intervals =           1
                               imaginary axis         zmax =           2
  Angular variable costh:     semi-analytical      ncstart =         100
   Angular variables phi:            gaussian    intervals =          20

      Constant boundaries                  q2          low =          80
                                                      high =         100
                                            y          low =          -6
                                                      high =           6
                                        costh          low =          -1
                                                      high =           1
                                       eta(l)          low =         -10
                                                      high =          10

┏━━━━━━━━━━━━━━┰━━━━━━━━━━━━━━┰━━━━━━━━━━━━━━━━━━━━━━━━━━━━━━━━━━┰━━━━━━━━━━━━━━━━━━━━━━━━━━━━━━━━━━┰━━━━━━━━━━━━━━━━━━━━━━━━━━━━━━━━━━┰━━━━━━━━━━━━━━━━━━━━━━━━━━━━━━━━━━┓
┃           qT ┃        pT(l) ┃                      Resummation ┃                     Counter term ┃                              V+J ┃                            TOTAL ┃
┣━━━━━━━━━━━━━━╋━━━━━━━━━━━━━━╋━━━━━━━━━━━━━━━━━━━━━━━━━━━━━━━━━━╋━━━━━━━━━━━━━━━━━━━━━━━━━━━━━━━━━━╋━━━━━━━━━━━━━━━━━━━━━━━━━━━━━━━━━━╋━━━━━━━━━━━━━━━━━━━━━━━━━━━━━━━━━━┫
┃   88 -    90 ┃   25 -    26 ┃  4.5995 ± 0.0038        ( 55.5s) ┃-2.38306 ± 0.00099        (6.36mi) ┃Vegas input parameters:
  ndim 7
  ncomp 1
  nvec 1
  epsrel 0
  epsabs 0
  flags 10
  seed 123456
  mineval 10000000
  maxeval 10000000
  nstart 1000000
  nincrease 1000000
  nbatch 5000
  gridno 0
  statefile ""

Iteration 1:  1000000 integrand evaluations so far
[1] 35.1397 +- 0.986849  	chisq 0 (0 df)

Iteration 2:  3000000 integrand evaluations so far
[1] 34.9551 +- 0.279324  	chisq 0.0380421 (1 df)

Iteration 3:  6000000 integrand evaluations so far
[1] 35.3536 +- 0.181351  	chisq 3.5564 (2 df)

Iteration 4:  10000000 integrand evaluations so far
[1] 35.2911 +- 0.133475  	chisq 3.81543 (3 df)
   35.29 ±   0.13        ( 38.8s) ┃   37.51 ±   0.13        (7.93mi) ┃
┃   88 -    90 ┃   26 -    27 ┃  7.8229 ± 0.0012        (14.6mi) ┃-4.01133 ± 0.00079        (47.3mi) ┃Vegas input parameters:
  ndim 7
  ncomp 1
  nvec 1
  epsrel 0
  epsabs 0
  flags 10
  seed 123456
  mineval 10000000
  maxeval 10000000
  nstart 1000000
  nincrease 1000000
  nbatch 5000
  gridno 0
  statefile ""

Iteration 1:  1000000 integrand evaluations so far
[1] 34.0482 +- 0.962207  	chisq 0 (0 df)

Iteration 2:  3000000 integrand evaluations so far
[1] 34.0335 +- 0.273075  	chisq 0.000251664 (1 df)

Iteration 3:  6000000 integrand evaluations so far
[1] 34.1634 +- 0.187914  	chisq 0.429867 (2 df)

Iteration 4:  10000000 integrand evaluations so far
[1] 34.2611 +- 0.141947  	chisq 1.05942 (3 df)
   34.26 ±   0.14        ( 40.5s) ┃   38.07 ±   0.14        (1.04hr) ┃
┃   88 -    90 ┃   27 -    28 ┃  7.7242 ± 0.0053        (2.54mi) ┃  -3.985 ± 0.0036        (12.2mi) ┃Vegas input parameters:
  ndim 7
  ncomp 1
  nvec 1
  epsrel 0
  epsabs 0
  flags 10
  seed 123456
  mineval 10000000
  maxeval 10000000
  nstart 1000000
  nincrease 1000000
  nbatch 5000
  gridno 0
  statefile ""

Iteration 1:  1000000 integrand evaluations so far
[1] 34.3795 +- 0.965419  	chisq 0 (0 df)

Iteration 2:  3000000 integrand evaluations so far
[1] 33.5959 +- 0.270823  	chisq 0.715114 (1 df)

Iteration 3:  6000000 integrand evaluations so far
[1] 33.6136 +- 0.167828  	chisq 0.722041 (2 df)

Iteration 4:  10000000 integrand evaluations so far
[1] 33.6254 +- 0.13047  	chisq 0.734506 (3 df)
   33.63 ±   0.13        ( 39.8s) ┃   37.36 ±   0.13        (15.4mi) ┃
┃   88 -    90 ┃   28 -    29 ┃  4.9349 ±  0.003        (7.02mi) ┃ -2.5681 ± 0.0017        (12.3mi) ┃Vegas input parameters:
  ndim 7
  ncomp 1
  nvec 1
  epsrel 0
  epsabs 0
  flags 10
  seed 123456
  mineval 10000000
  maxeval 10000000
  nstart 1000000
  nincrease 1000000
  nbatch 5000
  gridno 0
  statefile ""

Iteration 1:  1000000 integrand evaluations so far
[1] 32.0034 +- 0.921162  	chisq 0 (0 df)

Iteration 2:  3000000 integrand evaluations so far
[1] 32.6078 +- 0.261888  	chisq 0.468439 (1 df)

Iteration 3:  6000000 integrand evaluations so far
[1] 32.7087 +- 0.191388  	chisq 0.786905 (2 df)

Iteration 4:  10000000 integrand evaluations so far
[1] 32.6742 +- 0.142151  	chisq 0.859096 (3 df)
   32.67 ±   0.14        ( 39.8s) ┃   35.04 ±   0.14        (  20mi) ┃
┃   88 -    90 ┃   29 -    30 ┃  6.6791 ±  0.003        (14.5mi) ┃ -3.4533 ± 0.0016        (48.2mi) ┃Vegas input parameters:
  ndim 7
  ncomp 1
  nvec 1
  epsrel 0
  epsabs 0
  flags 10
  seed 123456
  mineval 10000000
  maxeval 10000000
  nstart 1000000
  nincrease 1000000
  nbatch 5000
  gridno 0
  statefile ""

Iteration 1:  1000000 integrand evaluations so far
[1] 32.1433 +- 0.918318  	chisq 0 (0 df)

Iteration 2:  3000000 integrand evaluations so far
[1] 32.1964 +- 0.261144  	chisq 0.00364457 (1 df)

Iteration 3:  6000000 integrand evaluations so far
[1] 32.1654 +- 0.16142  	chisq 0.0264988 (2 df)

Iteration 4:  10000000 integrand evaluations so far
[1] 32.0119 +- 0.121511  	chisq 2.11268 (3 df)
   32.01 ±   0.12        (   39s) ┃   35.24 ±   0.12        (1.06hr) ┃
┃   88 -    90 ┃   30 -    31 ┃  7.3955 ± 0.0048        (13.7mi) ┃ -3.7923 ± 0.0037        (48.1mi) ┃Vegas input parameters:
  ndim 7
  ncomp 1
  nvec 1
  epsrel 0
  epsabs 0
  flags 10
  seed 123456
  mineval 10000000
  maxeval 10000000
  nstart 1000000
  nincrease 1000000
  nbatch 5000
  gridno 0
  statefile ""

Iteration 1:  1000000 integrand evaluations so far
[1] 33.0225 +- 0.925328  	chisq 0 (0 df)

Iteration 2:  3000000 integrand evaluations so far
[1] 31.8678 +- 0.255795  	chisq 1.68612 (1 df)

Iteration 3:  6000000 integrand evaluations so far
[1] 31.639 +- 0.172684  	chisq 3.15646 (2 df)

Iteration 4:  10000000 integrand evaluations so far
[1] 31.615 +- 0.133877  	chisq 3.20483 (3 df)
   31.61 ±   0.13        ( 35.6s) ┃   35.22 ±   0.13        (1.04hr) ┃
┃   88 -    90 ┃   31 -    32 ┃   6.361 ± 0.0046        (7.23mi) ┃ -3.2912 ± 0.0025        (  24mi) ┃Vegas input parameters:
  ndim 7
  ncomp 1
  nvec 1
  epsrel 0
  epsabs 0
  flags 10
  seed 123456
  mineval 10000000
  maxeval 10000000
  nstart 1000000
  nincrease 1000000
  nbatch 5000
  gridno 0
  statefile ""

Iteration 1:  1000000 integrand evaluations so far
[1] 31.6236 +- 0.892566  	chisq 0 (0 df)

Iteration 2:  3000000 integrand evaluations so far
[1] 30.9032 +- 0.248279  	chisq 0.706029 (1 df)

Iteration 3:  6000000 integrand evaluations so far
[1] 30.9123 +- 0.170595  	chisq 0.708606 (2 df)

Iteration 4:  10000000 integrand evaluations so far
[1] 31.0308 +- 0.131938  	chisq 1.90916 (3 df)
   31.03 ±   0.13        (   36s) ┃    34.1 ±   0.13        (31.9mi) ┃
┃   88 -    90 ┃   32 -    33 ┃  5.6365 ± 0.0046        (14.2mi) ┃ -2.9071 ± 0.0025        (46.5mi) ┃Vegas input parameters:
  ndim 7
  ncomp 1
  nvec 1
  epsrel 0
  epsabs 0
  flags 10
  seed 123456
  mineval 10000000
  maxeval 10000000
  nstart 1000000
  nincrease 1000000
  nbatch 5000
  gridno 0
  statefile ""

Iteration 1:  1000000 integrand evaluations so far
[1] 30.1413 +- 0.86332  	chisq 0 (0 df)

Iteration 2:  3000000 integrand evaluations so far
[1] 30.2893 +- 0.246705  	chisq 0.0320039 (1 df)

Iteration 3:  6000000 integrand evaluations so far
[1] 30.3795 +- 0.166547  	chisq 0.277565 (2 df)

Iteration 4:  10000000 integrand evaluations so far
[1] 30.5003 +- 0.122861  	chisq 1.4327 (3 df)
    30.5 ±   0.12        ( 35.7s) ┃   33.23 ±   0.12        (1.02hr) ┃
┃   88 -    90 ┃   33 -    34 ┃  6.6967 ± 0.0064        (3.85mi) ┃ -3.4772 ± 0.0017        (45.6mi) ┃Vegas input parameters:
  ndim 7
  ncomp 1
  nvec 1
  epsrel 0
  epsabs 0
  flags 10
  seed 123456
  mineval 10000000
  maxeval 10000000
  nstart 1000000
  nincrease 1000000
  nbatch 5000
  gridno 0
  statefile ""

Iteration 1:  1000000 integrand evaluations so far
[1] 29.6156 +- 0.850349  	chisq 0 (0 df)

Iteration 2:  3000000 integrand evaluations so far
[1] 29.9045 +- 0.243252  	chisq 0.125738 (1 df)

Iteration 3:  6000000 integrand evaluations so far
[1] 29.9264 +- 0.161558  	chisq 0.140211 (2 df)

Iteration 4:  10000000 integrand evaluations so far
[1] 29.9477 +- 0.120246  	chisq 0.178988 (3 df)
   29.95 ±   0.12        ( 36.2s) ┃   33.17 ±   0.12        (50.1mi) ┃
┃   88 -    90 ┃   34 -    35 ┃  8.4504 ± 0.0052        ( 7.1mi) ┃ -4.3466 ± 0.0041        (2.27mi) ┃Vegas input parameters:
  ndim 7
  ncomp 1
  nvec 1
  epsrel 0
  epsabs 0
  flags 10
  seed 123456
  mineval 10000000
  maxeval 10000000
  nstart 1000000
  nincrease 1000000
  nbatch 5000
  gridno 0
  statefile ""

Iteration 1:  1000000 integrand evaluations so far
[1] 29.0128 +- 0.836424  	chisq 0 (0 df)

Iteration 2:  3000000 integrand evaluations so far
[1] 29.2883 +- 0.285674  	chisq 0.122814 (1 df)

Iteration 3:  6000000 integrand evaluations so far
[1] 29.2604 +- 0.188584  	chisq 0.139762 (2 df)

Iteration 4:  10000000 integrand evaluations so far
[1] 29.3519 +- 0.132544  	chisq 0.605084 (3 df)
   29.35 ±   0.13        ( 39.2s) ┃   33.46 ±   0.13        (  10mi) ┃
┃   88 -    90 ┃   35 -    36 ┃  5.0828 ± 0.0028        (13.5mi) ┃ -2.6387 ±  0.001        (1.22hr) ┃Vegas input parameters:
  ndim 7
  ncomp 1
  nvec 1
  epsrel 0
  epsabs 0
  flags 10
  seed 123456
  mineval 10000000
  maxeval 10000000
  nstart 1000000
  nincrease 1000000
  nbatch 5000
  gridno 0
  statefile ""

Iteration 1:  1000000 integrand evaluations so far
[1] 29.2404 +- 0.837307  	chisq 0 (0 df)

Iteration 2:  3000000 integrand evaluations so far
[1] 29.1621 +- 0.237735  	chisq 0.00951946 (1 df)

Iteration 3:  6000000 integrand evaluations so far
[1] 29.2539 +- 0.174313  	chisq 0.33243 (2 df)

Iteration 4:  10000000 integrand evaluations so far
[1] 29.1184 +- 0.128837  	chisq 1.66466 (3 df)
   29.12 ±   0.13        ( 33.2s) ┃   31.56 ±   0.13        (1.46hr) ┃
┃   88 -    90 ┃   36 -    37 ┃  4.5225 ± 0.0043        (4.22mi) ┃-2.35422 ± 0.00033        (1.15hr) ┃Vegas input parameters:
  ndim 7
  ncomp 1
  nvec 1
  epsrel 0
  epsabs 0
  flags 10
  seed 123456
  mineval 10000000
  maxeval 10000000
  nstart 1000000
  nincrease 1000000
  nbatch 5000
  gridno 0
  statefile ""

Iteration 1:  1000000 integrand evaluations so far
[1] 28.5765 +- 0.820653  	chisq 0 (0 df)

Iteration 2:  3000000 integrand evaluations so far
[1] 28.986 +- 0.234246  	chisq 0.271166 (1 df)

Iteration 3:  6000000 integrand evaluations so far
[1] 28.5511 +- 0.144176  	chisq 5.82243 (2 df)

Iteration 4:  10000000 integrand evaluations so far
[1] 28.6366 +- 0.111103  	chisq 6.69004 (3 df)
   28.64 ±   0.11        ( 36.3s) ┃    30.8 ±   0.11        (1.23hr) ┃
┃   88 -    90 ┃   37 -    38 ┃ 10.0924 ± 0.0059        (4.88mi) ┃-5.20044 ± 0.00065        (8.38mi) ┃Vegas input parameters:
  ndim 7
  ncomp 1
  nvec 1
  epsrel 0
  epsabs 0
  flags 10
  seed 123456
  mineval 10000000
  maxeval 10000000
  nstart 1000000
  nincrease 1000000
  nbatch 5000
  gridno 0
  statefile ""

Iteration 1:  1000000 integrand evaluations so far
[1] 27.1476 +- 0.794355  	chisq 0 (0 df)

Iteration 2:  3000000 integrand evaluations so far
[1] 28.3964 +- 0.229627  	chisq 2.6972 (1 df)

Iteration 3:  6000000 integrand evaluations so far
[1] 28.2653 +- 0.142168  	chisq 3.22584 (2 df)

Iteration 4:  10000000 integrand evaluations so far
[1] 28.3667 +- 0.107241  	chisq 4.40605 (3 df)
   28.37 ±   0.11        (   35s) ┃   33.26 ±   0.11        (13.8mi) ┃
┃   88 -    90 ┃   38 -    39 ┃   5.498 ± 0.0037        (4.45mi) ┃ -2.8688 ± 0.0011        (17.1mi) ┃Vegas input parameters:
  ndim 7
  ncomp 1
  nvec 1
  epsrel 0
  epsabs 0
  flags 10
  seed 123456
  mineval 10000000
  maxeval 10000000
  nstart 1000000
  nincrease 1000000
  nbatch 5000
  gridno 0
  statefile ""

Iteration 1:  1000000 integrand evaluations so far
[1] 29.8203 +- 0.828113  	chisq 0 (0 df)

Iteration 2:  3000000 integrand evaluations so far
[1] 27.7995 +- 0.22497  	chisq 6.42908 (1 df)

Iteration 3:  6000000 integrand evaluations so far
[1] 27.9952 +- 0.140346  	chisq 7.66812 (2 df)

Iteration 4:  10000000 integrand evaluations so far
[1] 27.9469 +- 0.111314  	chisq 7.98712 (3 df)
   27.95 ±   0.11        ( 34.3s) ┃   30.58 ±   0.11        (22.2mi) ┃
┃   88 -    90 ┃   39 -    40 ┃  5.5982 ± 0.0044        (8.46mi) ┃ -2.8941 ± 0.0022        (16.6mi) ┃Vegas input parameters:
  ndim 7
  ncomp 1
  nvec 1
  epsrel 0
  epsabs 0
  flags 10
  seed 123456
  mineval 10000000
  maxeval 10000000
  nstart 1000000
  nincrease 1000000
  nbatch 5000
  gridno 0
  statefile ""

Iteration 1:  1000000 integrand evaluations so far
[1] 28.4742 +- 0.801029  	chisq 0 (0 df)

Iteration 2:  3000000 integrand evaluations so far
[1] 27.2898 +- 0.222244  	chisq 2.3687 (1 df)

Iteration 3:  6000000 integrand evaluations so far
[1] 27.3469 +- 0.138179  	chisq 2.47622 (2 df)

Iteration 4:  10000000 integrand evaluations so far
[1] 27.4899 +- 0.10788  	chisq 5.21973 (3 df)
   27.49 ±   0.11        ( 33.4s) ┃   30.19 ±   0.11        (25.6mi) ┃
┃   88 -    90 ┃   40 -    41 ┃  6.5448 ±  0.004        (8.54mi) ┃ -3.4203 ± 0.0011        (  31mi) ┃Vegas input parameters:
  ndim 7
  ncomp 1
  nvec 1
  epsrel 0
  epsabs 0
  flags 10
  seed 123456
  mineval 10000000
  maxeval 10000000
  nstart 1000000
  nincrease 1000000
  nbatch 5000
  gridno 0
  statefile ""

Iteration 1:  1000000 integrand evaluations so far
[1] 25.9052 +- 0.757337  	chisq 0 (0 df)

Iteration 2:  3000000 integrand evaluations so far
[1] 27.3283 +- 0.222706  	chisq 3.86509 (1 df)

Iteration 3:  6000000 integrand evaluations so far
[1] 27.2182 +- 0.137458  	chisq 4.2604 (2 df)

Iteration 4:  10000000 integrand evaluations so far
[1] 27.1918 +- 0.101069  	chisq 4.34059 (3 df)
   27.19 ±    0.1        ( 30.5s) ┃   30.32 ±    0.1        (40.1mi) ┃
┃   88 -    90 ┃   41 -    42 ┃  7.4451 ±  0.004        (8.41mi) ┃ -3.8255 ± 0.0034        (  16mi) ┃Vegas input parameters:
  ndim 7
  ncomp 1
  nvec 1
  epsrel 0
  epsabs 0
  flags 10
  seed 123456
  mineval 10000000
  maxeval 10000000
  nstart 1000000
  nincrease 1000000
  nbatch 5000
  gridno 0
  statefile ""

Iteration 1:  1000000 integrand evaluations so far
[1] 25.7263 +- 0.753469  	chisq 0 (0 df)

Iteration 2:  3000000 integrand evaluations so far
[1] 26.163 +- 0.215527  	chisq 0.365841 (1 df)

Iteration 3:  6000000 integrand evaluations so far
[1] 26.5187 +- 0.134539  	chisq 4.82682 (2 df)

Iteration 4:  10000000 integrand evaluations so far
[1] 26.6121 +- 0.104973  	chisq 6.06004 (3 df)
   26.61 ±    0.1        ( 33.7s) ┃   30.23 ±   0.11        (  25mi) ┃
┃   88 -    90 ┃   42 -    43 ┃  7.7036 ± 0.0058        (5.25mi) ┃ -3.9861 ± 0.0019        (30.9mi) ┃Vegas input parameters:
  ndim 7
  ncomp 1
  nvec 1
  epsrel 0
  epsabs 0
  flags 10
  seed 123456
  mineval 10000000
  maxeval 10000000
  nstart 1000000
  nincrease 1000000
  nbatch 5000
  gridno 0
  statefile ""

Iteration 1:  1000000 integrand evaluations so far
[1] 27.5573 +- 0.778233  	chisq 0 (0 df)

Iteration 2:  3000000 integrand evaluations so far
[1] 26.5469 +- 0.217314  	chisq 1.82814 (1 df)

Iteration 3:  6000000 integrand evaluations so far
[1] 26.7626 +- 0.134913  	chisq 3.43003 (2 df)

Iteration 4:  10000000 integrand evaluations so far
[1] 26.7063 +- 0.106558  	chisq 3.89152 (3 df)
   26.71 ±   0.11        ( 26.7s) ┃   30.42 ±   0.11        (36.6mi) ┃
┃   88 -    90 ┃   43 -    44 ┃  5.8225 ± 0.0038        (4.09mi) ┃ -3.0177 ± 0.0018        (30.1mi) ┃Vegas input parameters:
  ndim 7
  ncomp 1
  nvec 1
  epsrel 0
  epsabs 0
  flags 10
  seed 123456
  mineval 10000000
  maxeval 10000000
  nstart 1000000
  nincrease 1000000
  nbatch 5000
  gridno 0
  statefile ""

Iteration 1:  1000000 integrand evaluations so far
[1] 28.1534 +- 0.789387  	chisq 0 (0 df)

Iteration 2:  3000000 integrand evaluations so far
[1] 26.4934 +- 0.215504  	chisq 4.77845 (1 df)

Iteration 3:  6000000 integrand evaluations so far
[1] 26.3774 +- 0.133344  	chisq 5.24798 (2 df)

Iteration 4:  10000000 integrand evaluations so far
[1] 26.2673 +- 0.0979646  	chisq 6.72749 (3 df)
  26.267 ±  0.098        (   27s) ┃  29.072 ±  0.098        (34.7mi) ┃
┃   88 -    90 ┃   44 -    45 ┃  7.1334 ± 0.0048        ( 4.4mi) ┃ -3.6808 ±  0.002        (  21mi) ┃Vegas input parameters:
  ndim 7
  ncomp 1
  nvec 1
  epsrel 0
  epsabs 0
  flags 10
  seed 123456
  mineval 10000000
  maxeval 10000000
  nstart 1000000
  nincrease 1000000
  nbatch 5000
  gridno 0
  statefile ""

Iteration 1:  1000000 integrand evaluations so far
[1] 25.0169 +- 0.724833  	chisq 0 (0 df)

Iteration 2:  3000000 integrand evaluations so far
[1] 25.9186 +- 0.21228  	chisq 1.69254 (1 df)

Iteration 3:  6000000 integrand evaluations so far
[1] 26.053 +- 0.132012  	chisq 2.34661 (2 df)

Iteration 4:  10000000 integrand evaluations so far
[1] 26.0767 +- 0.0972449  	chisq 2.41686 (3 df)
  26.077 ±  0.097        ( 25.8s) ┃  29.529 ±  0.097        (25.8mi) ┃
┃   88 -    90 ┃   45 -    46 ┃   7.134 ± 0.0022        (2.04mi) ┃ -3.6673 ± 0.0035        (14.4mi) ┃Vegas input parameters:
  ndim 7
  ncomp 1
  nvec 1
  epsrel 0
  epsabs 0
  flags 10
  seed 123456
  mineval 10000000
  maxeval 10000000
  nstart 1000000
  nincrease 1000000
  nbatch 5000
  gridno 0
  statefile ""

Iteration 1:  1000000 integrand evaluations so far
[1] 25.2152 +- 0.724806  	chisq 0 (0 df)

Iteration 2:  3000000 integrand evaluations so far
[1] 25.6911 +- 0.210624  	chisq 0.470993 (1 df)

Iteration 3:  6000000 integrand evaluations so far
[1] 25.6364 +- 0.130346  	chisq 0.580431 (2 df)

Iteration 4:  10000000 integrand evaluations so far
[1] 25.6448 +- 0.101336  	chisq 0.590819 (3 df)
   25.64 ±    0.1        ( 24.7s) ┃   29.11 ±    0.1        (16.8mi) ┃
┃   88 -    90 ┃   46 -    47 ┃  6.5467 ± 0.0036        (1.84mi) ┃    -3.4 ± 0.0022        (6.94mi) ┃Vegas input parameters:
  ndim 7
  ncomp 1
  nvec 1
  epsrel 0
  epsabs 0
  flags 10
  seed 123456
  mineval 10000000
  maxeval 10000000
  nstart 1000000
  nincrease 1000000
  nbatch 5000
  gridno 0
  statefile ""

Iteration 1:  1000000 integrand evaluations so far
[1] 26.9858 +- 0.756633  	chisq 0 (0 df)

Iteration 2:  3000000 integrand evaluations so far
[1] 25.5654 +- 0.207467  	chisq 3.81102 (1 df)

Iteration 3:  6000000 integrand evaluations so far
[1] 25.4418 +- 0.128624  	chisq 4.38723 (2 df)

Iteration 4:  10000000 integrand evaluations so far
[1] 25.4593 +- 0.0983049  	chisq 4.43153 (3 df)
  25.459 ±  0.098        ( 25.3s) ┃  28.606 ±  0.098        ( 9.2mi) ┃
┃   88 -    90 ┃   47 -    48 ┃  6.5862 ± 0.0018        (2.01mi) ┃ -3.3853 ± 0.0027        (13.5mi) ┃Vegas input parameters:
  ndim 7
  ncomp 1
  nvec 1
  epsrel 0
  epsabs 0
  flags 10
  seed 123456
  mineval 10000000
  maxeval 10000000
  nstart 1000000
  nincrease 1000000
  nbatch 5000
  gridno 0
  statefile ""

Iteration 1:  1000000 integrand evaluations so far
[1] 25.0004 +- 0.711066  	chisq 0 (0 df)

Iteration 2:  3000000 integrand evaluations so far
[1] 25.2348 +- 0.207108  	chisq 0.118724 (1 df)

Iteration 3:  6000000 integrand evaluations so far
[1] 25.2726 +- 0.128351  	chisq 0.172957 (2 df)

Iteration 4:  10000000 integrand evaluations so far
[1] 25.4451 +- 0.0949081  	chisq 4.15572 (3 df)
  25.445 ±  0.095        ( 25.8s) ┃  28.646 ±  0.095        (  16mi) ┃
┃   88 -    90 ┃   48 -    49 ┃  5.6516 ± 0.00018        (6.91mi) ┃ -2.9215 ± 0.00091        (13.5mi) ┃Vegas input parameters:
  ndim 7
  ncomp 1
  nvec 1
  epsrel 0
  epsabs 0
  flags 10
  seed 123456
  mineval 10000000
  maxeval 10000000
  nstart 1000000
  nincrease 1000000
  nbatch 5000
  gridno 0
  statefile ""

Iteration 1:  1000000 integrand evaluations so far
[1] 25.4612 +- 0.730306  	chisq 0 (0 df)

Iteration 2:  3000000 integrand evaluations so far
[1] 25.1213 +- 0.238978  	chisq 0.242592 (1 df)

Iteration 3:  6000000 integrand evaluations so far
[1] 25.2149 +- 0.148183  	chisq 0.491648 (2 df)

Iteration 4:  10000000 integrand evaluations so far
[1] 25.1844 +- 0.104762  	chisq 0.576491 (3 df)
   25.18 ±    0.1        (   25s) ┃   27.91 ±    0.1        (20.8mi) ┃
┃   88 -    90 ┃   49 -    50 ┃  6.0737 ± 0.0045        (1.76mi) ┃ -3.1508 ± 0.0014        (6.69mi) ┃Vegas input parameters:
  ndim 7
  ncomp 1
  nvec 1
  epsrel 0
  epsabs 0
  flags 10
  seed 123456
  mineval 10000000
  maxeval 10000000
  nstart 1000000
  nincrease 1000000
  nbatch 5000
  gridno 0
  statefile ""

Iteration 1:  1000000 integrand evaluations so far
[1] 25.0578 +- 0.719434  	chisq 0 (0 df)

Iteration 2:  3000000 integrand evaluations so far
[1] 24.9488 +- 0.203835  	chisq 0.0249857 (1 df)

Iteration 3:  6000000 integrand evaluations so far
[1] 25.0391 +- 0.137857  	chisq 0.387004 (2 df)

Iteration 4:  10000000 integrand evaluations so far
[1] 24.8952 +- 0.101357  	chisq 2.75848 (3 df)
    24.9 ±    0.1        ( 25.6s) ┃   27.82 ±    0.1        (8.87mi) ┃
┃   88 -    90 ┃   50 -    51 ┃  7.7498 ± 0.0059        (3.57mi) ┃ -3.9408 ± 0.0014        (1.74mi) ┃Vegas input parameters:
  ndim 7
  ncomp 1
  nvec 1
  epsrel 0
  epsabs 0
  flags 10
  seed 123456
  mineval 10000000
  maxeval 10000000
  nstart 1000000
  nincrease 1000000
  nbatch 5000
  gridno 0
  statefile ""

Iteration 1:  1000000 integrand evaluations so far
[1] 24.7768 +- 0.706172  	chisq 0 (0 df)

Iteration 2:  3000000 integrand evaluations so far
[1] 24.8157 +- 0.202158  	chisq 0.0033015 (1 df)

Iteration 3:  6000000 integrand evaluations so far
[1] 24.8118 +- 0.125367  	chisq 0.00392125 (2 df)

Iteration 4:  10000000 integrand evaluations so far
[1] 24.8027 +- 0.0957447  	chisq 0.0165931 (3 df)
  24.803 ±  0.096        ( 24.5s) ┃  28.612 ±  0.096        (5.72mi) ┃
┃   88 -    90 ┃   51 -    52 ┃  5.5925 ± 0.0046        (3.52mi) ┃  -2.914 ± 0.0022        (3.39mi) ┃Vegas input parameters:
  ndim 7
  ncomp 1
  nvec 1
  epsrel 0
  epsabs 0
  flags 10
  seed 123456
  mineval 10000000
  maxeval 10000000
  nstart 1000000
  nincrease 1000000
  nbatch 5000
  gridno 0
  statefile ""

Iteration 1:  1000000 integrand evaluations so far
[1] 25.5722 +- 0.723715  	chisq 0 (0 df)

Iteration 2:  3000000 integrand evaluations so far
[1] 24.8542 +- 0.202164  	chisq 1.06753 (1 df)

Iteration 3:  6000000 integrand evaluations so far
[1] 24.5974 +- 0.124739  	chisq 3.67339 (2 df)

Iteration 4:  10000000 integrand evaluations so far
[1] 24.5917 +- 0.0951637  	chisq 3.67831 (3 df)
  24.592 ±  0.095        ( 25.3s) ┃   27.27 ±  0.095        (7.34mi) ┃
┃   88 -    90 ┃   52 -    53 ┃  5.1663 ± 0.0016        (1.73mi) ┃ -2.6815 ± 0.0024        ( 52.1s) ┃Vegas input parameters:
  ndim 7
  ncomp 1
  nvec 1
  epsrel 0
  epsabs 0
  flags 10
  seed 123456
  mineval 10000000
  maxeval 10000000
  nstart 1000000
  nincrease 1000000
  nbatch 5000
  gridno 0
  statefile ""

Iteration 1:  1000000 integrand evaluations so far
[1] 25.4929 +- 0.725065  	chisq 0 (0 df)

Iteration 2:  3000000 integrand evaluations so far
[1] 24.8945 +- 0.201232  	chisq 0.737878 (1 df)

Iteration 3:  6000000 integrand evaluations so far
[1] 24.5674 +- 0.124021  	chisq 4.99918 (2 df)

Iteration 4:  10000000 integrand evaluations so far
[1] 24.5372 +- 0.093463  	chisq 5.13601 (3 df)
  24.537 ±  0.093        ( 25.1s) ┃  27.022 ±  0.094        (3.01mi) ┃
┃   88 -    90 ┃   53 -    54 ┃  5.3735 ± 0.0032        (3.48mi) ┃ -2.7783 ± 0.0015        (3.44mi) ┃Vegas input parameters:
  ndim 7
  ncomp 1
  nvec 1
  epsrel 0
  epsabs 0
  flags 10
  seed 123456
  mineval 10000000
  maxeval 10000000
  nstart 1000000
  nincrease 1000000
  nbatch 5000
  gridno 0
  statefile ""

Iteration 1:  1000000 integrand evaluations so far
[1] 23.5736 +- 0.691264  	chisq 0 (0 df)

Iteration 2:  3000000 integrand evaluations so far
[1] 24.608 +- 0.246766  	chisq 2.56614 (1 df)

Iteration 3:  6000000 integrand evaluations so far
[1] 24.3534 +- 0.144795  	chisq 4.19052 (2 df)

Iteration 4:  10000000 integrand evaluations so far
[1] 24.2879 +- 0.102945  	chisq 4.60428 (3 df)
   24.29 ±    0.1        (   25s) ┃   26.88 ±    0.1        (7.34mi) ┃
┃   88 -    90 ┃   54 -    55 ┃  6.2307 ±  0.002        (1.85mi) ┃ -3.2461 ± 0.0011        (13.8mi) ┃Vegas input parameters:
  ndim 7
  ncomp 1
  nvec 1
  epsrel 0
  epsabs 0
  flags 10
  seed 123456
  mineval 10000000
  maxeval 10000000
  nstart 1000000
  nincrease 1000000
  nbatch 5000
  gridno 0
  statefile ""

Iteration 1:  1000000 integrand evaluations so far
[1] 24.0521 +- 0.693236  	chisq 0 (0 df)

Iteration 2:  3000000 integrand evaluations so far
[1] 24.3583 +- 0.19831  	chisq 0.212494 (1 df)

Iteration 3:  6000000 integrand evaluations so far
[1] 24.1449 +- 0.122587  	chisq 2.08662 (2 df)

Iteration 4:  10000000 integrand evaluations so far
[1] 24.1593 +- 0.0963242  	chisq 2.12247 (3 df)
  24.159 ±  0.096        ( 25.1s) ┃  27.144 ±  0.096        (16.1mi) ┃
┃   88 -    90 ┃   55 -    56 ┃  7.3145 ± 0.0026        (1.91mi) ┃ -3.7528 ± 0.0026        (7.11mi) ┃Vegas input parameters:
  ndim 7
  ncomp 1
  nvec 1
  epsrel 0
  epsabs 0
  flags 10
  seed 123456
  mineval 10000000
  maxeval 10000000
  nstart 1000000
  nincrease 1000000
  nbatch 5000
  gridno 0
  statefile ""

Iteration 1:  1000000 integrand evaluations so far
[1] 23.4523 +- 0.680981  	chisq 0 (0 df)

Iteration 2:  3000000 integrand evaluations so far
[1] 24.133 +- 0.245542  	chisq 1.14844 (1 df)

Iteration 3:  6000000 integrand evaluations so far
[1] 24.1005 +- 0.144723  	chisq 1.17535 (2 df)

Iteration 4:  10000000 integrand evaluations so far
[1] 24.0266 +- 0.0996607  	chisq 1.67112 (3 df)
  24.027 ±    0.1        ( 24.7s) ┃  27.588 ±    0.1        (9.43mi) ┃
┃   88 -    90 ┃   56 -    57 ┃  5.2417 ± 0.0027        ( 27.7s) ┃ -2.7446 ± 0.0021        (14.1mi) ┃Vegas input parameters:
  ndim 7
  ncomp 1
  nvec 1
  epsrel 0
  epsabs 0
  flags 10
  seed 123456
  mineval 10000000
  maxeval 10000000
  nstart 1000000
  nincrease 1000000
  nbatch 5000
  gridno 0
  statefile ""

Iteration 1:  1000000 integrand evaluations so far
[1] 23.0324 +- 0.672531  	chisq 0 (0 df)

Iteration 2:  3000000 integrand evaluations so far
[1] 23.8868 +- 0.195991  	chisq 1.76383 (1 df)

Iteration 3:  6000000 integrand evaluations so far
[1] 23.8265 +- 0.127608  	chisq 1.92821 (2 df)

Iteration 4:  10000000 integrand evaluations so far
[1] 23.8583 +- 0.0945004  	chisq 2.06579 (3 df)
  23.858 ±  0.095        ( 24.8s) ┃  26.355 ±  0.095        (14.9mi) ┃
┃   88 -    90 ┃   57 -    58 ┃  5.1347 ± 0.0037        (1.75mi) ┃ -2.6603 ± 0.0017        ( 3.5mi) ┃Vegas input parameters:
  ndim 7
  ncomp 1
  nvec 1
  epsrel 0
  epsabs 0
  flags 10
  seed 123456
  mineval 10000000
  maxeval 10000000
  nstart 1000000
  nincrease 1000000
  nbatch 5000
  gridno 0
  statefile ""

Iteration 1:  1000000 integrand evaluations so far
[1] 22.7727 +- 0.670137  	chisq 0 (0 df)

Iteration 2:  3000000 integrand evaluations so far
[1] 23.7367 +- 0.202245  	chisq 2.2766 (1 df)

Iteration 3:  6000000 integrand evaluations so far
[1] 23.7988 +- 0.126148  	chisq 2.43114 (2 df)

Iteration 4:  10000000 integrand evaluations so far
[1] 23.702 +- 0.0925061  	chisq 3.7044 (3 df)
  23.702 ±  0.093        ( 24.8s) ┃  26.176 ±  0.093        (5.66mi) ┃
┃   88 -    90 ┃   58 -    59 ┃  5.7782 ± 0.0036        (1.78mi) ┃ -2.9772 ± 0.0022        (   7mi) ┃Vegas input parameters:
  ndim 7
  ncomp 1
  nvec 1
  epsrel 0
  epsabs 0
  flags 10
  seed 123456
  mineval 10000000
  maxeval 10000000
  nstart 1000000
  nincrease 1000000
  nbatch 5000
  gridno 0
  statefile ""

Iteration 1:  1000000 integrand evaluations so far
[1] 24.554 +- 0.700969  	chisq 0 (0 df)

Iteration 2:  3000000 integrand evaluations so far
[1] 23.3365 +- 0.192394  	chisq 3.26293 (1 df)

Iteration 3:  6000000 integrand evaluations so far
[1] 23.4672 +- 0.125383  	chisq 4.06585 (2 df)

Iteration 4:  10000000 integrand evaluations so far
[1] 23.7052 +- 0.094506  	chisq 12.4098 (3 df)
  23.705 ±  0.095        ( 24.5s) ┃  26.506 ±  0.095        (9.18mi) ┃
┃   88 -    90 ┃   59 -    60 ┃  5.7805 ± 0.0022        ( 31.1s) ┃ -3.0091 ± 0.0023        (6.94mi) ┃Vegas input parameters:
  ndim 7
  ncomp 1
  nvec 1
  epsrel 0
  epsabs 0
  flags 10
  seed 123456
  mineval 10000000
  maxeval 10000000
  nstart 1000000
  nincrease 1000000
  nbatch 5000
  gridno 0
  statefile ""

Iteration 1:  1000000 integrand evaluations so far
[1] 22.8115 +- 0.670034  	chisq 0 (0 df)

Iteration 2:  3000000 integrand evaluations so far
[1] 23.7645 +- 0.195945  	chisq 2.21192 (1 df)

Iteration 3:  6000000 integrand evaluations so far
[1] 23.5833 +- 0.120692  	chisq 3.58944 (2 df)

Iteration 4:  10000000 integrand evaluations so far
[1] 23.6841 +- 0.0919386  	chisq 5.25348 (3 df)
  23.684 ±  0.092        (   25s) ┃  26.455 ±  0.092        (7.88mi) ┃
┃   90 -    92 ┃   25 -    26 ┃  3.5808 ± 0.0033        (1.79mi) ┃ -1.8623 ± 0.0018        (  13mi) ┃Vegas input parameters:
  ndim 7
  ncomp 1
  nvec 1
  epsrel 0
  epsabs 0
  flags 10
  seed 123456
  mineval 10000000
  maxeval 10000000
  nstart 1000000
  nincrease 1000000
  nbatch 5000
  gridno 0
  statefile ""

Iteration 1:  1000000 integrand evaluations so far
[1] 32.2604 +- 0.91561  	chisq 0 (0 df)

Iteration 2:  3000000 integrand evaluations so far
[1] 32.414 +- 0.261265  	chisq 0.0306684 (1 df)

Iteration 3:  6000000 integrand evaluations so far
[1] 32.5428 +- 0.162363  	chisq 0.42635 (2 df)

Iteration 4:  10000000 integrand evaluations so far
[1] 32.5127 +- 0.126223  	chisq 0.512905 (3 df)
   32.51 ±   0.13        ( 24.4s) ┃   34.23 ±   0.13        (15.2mi) ┃
┃   90 -    92 ┃   26 -    27 ┃  4.0598 ± 0.0034        (1.81mi) ┃ -2.0695 ± 0.0016        (12.3mi) ┃Vegas input parameters:
  ndim 7
  ncomp 1
  nvec 1
  epsrel 0
  epsabs 0
  flags 10
  seed 123456
  mineval 10000000
  maxeval 10000000
  nstart 1000000
  nincrease 1000000
  nbatch 5000
  gridno 0
  statefile ""

Iteration 1:  1000000 integrand evaluations so far
[1] 32.4317 +- 0.911583  	chisq 0 (0 df)

Iteration 2:  3000000 integrand evaluations so far
[1] 31.4486 +- 0.254537  	chisq 1.2615 (1 df)

Iteration 3:  6000000 integrand evaluations so far
[1] 31.4486 +- 0.166102  	chisq 1.2615 (2 df)

Iteration 4:  10000000 integrand evaluations so far
[1] 31.4877 +- 0.122996  	chisq 1.38456 (3 df)
   31.49 ±   0.12        ( 23.7s) ┃   33.48 ±   0.12        (14.5mi) ┃
┃   90 -    92 ┃   27 -    28 ┃   5.988 ± 0.0038        ( 26.3s) ┃-3.08144 ± 0.00041        (   6mi) ┃Vegas input parameters:
  ndim 7
  ncomp 1
  nvec 1
  epsrel 0
  epsabs 0
  flags 10
  seed 123456
  mineval 10000000
  maxeval 10000000
  nstart 1000000
  nincrease 1000000
  nbatch 5000
  gridno 0
  statefile ""

Iteration 1:  1000000 integrand evaluations so far
[1] 30.8161 +- 0.882597  	chisq 0 (0 df)

Iteration 2:  3000000 integrand evaluations so far
[1] 30.919 +- 0.252116  	chisq 0.0148094 (1 df)

Iteration 3:  6000000 integrand evaluations so far
[1] 31.0051 +- 0.156283  	chisq 0.204183 (2 df)

Iteration 4:  10000000 integrand evaluations so far
[1] 30.9796 +- 0.121848  	chisq 0.271901 (3 df)
   30.98 ±   0.12        ( 23.8s) ┃   33.89 ±   0.12        (6.84mi) ┃
┃   90 -    92 ┃   28 -    29 ┃  4.0952 ± 0.0023        (3.32mi) ┃ -2.1312 ± 0.0013        (12.2mi) ┃Vegas input parameters:
  ndim 7
  ncomp 1
  nvec 1
  epsrel 0
  epsabs 0
  flags 10
  seed 123456
  mineval 10000000
  maxeval 10000000
  nstart 1000000
  nincrease 1000000
  nbatch 5000
  gridno 0
  statefile ""

Iteration 1:  1000000 integrand evaluations so far
[1] 30.469 +- 0.874313  	chisq 0 (0 df)

Iteration 2:  3000000 integrand evaluations so far
[1] 29.6823 +- 0.241774  	chisq 0.876653 (1 df)

Iteration 3:  6000000 integrand evaluations so far
[1] 30.0169 +- 0.17827  	chisq 5.07343 (2 df)

Iteration 4:  10000000 integrand evaluations so far
[1] 30.0586 +- 0.133411  	chisq 5.19781 (3 df)
   30.06 ±   0.13        ( 23.8s) ┃   32.02 ±   0.13        (15.9mi) ┃
┃   90 -    92 ┃   29 -    30 ┃  3.9662 ± 0.0019        (3.36mi) ┃ -2.0479 ± 0.0019        (24.3mi) ┃Vegas input parameters:
  ndim 7
  ncomp 1
  nvec 1
  epsrel 0
  epsabs 0
  flags 10
  seed 123456
  mineval 10000000
  maxeval 10000000
  nstart 1000000
  nincrease 1000000
  nbatch 5000
  gridno 0
  statefile ""

Iteration 1:  1000000 integrand evaluations so far
[1] 29.397 +- 0.852032  	chisq 0 (0 df)

Iteration 2:  3000000 integrand evaluations so far
[1] 29.7068 +- 0.242662  	chisq 0.143851 (1 df)

Iteration 3:  6000000 integrand evaluations so far
[1] 29.5317 +- 0.149896  	chisq 0.985899 (2 df)

Iteration 4:  10000000 integrand evaluations so far
[1] 29.4896 +- 0.112656  	chisq 1.1665 (3 df)
   29.49 ±   0.11        ( 23.7s) ┃   31.41 ±   0.11        (28.1mi) ┃
┃   90 -    92 ┃   30 -    31 ┃   5.442 ± 0.0046        ( 1.7mi) ┃-2.77867 ± 0.00059        (  12mi) ┃Vegas input parameters:
  ndim 7
  ncomp 1
  nvec 1
  epsrel 0
  epsabs 0
  flags 10
  seed 123456
  mineval 10000000
  maxeval 10000000
  nstart 1000000
  nincrease 1000000
  nbatch 5000
  gridno 0
  statefile ""

Iteration 1:  1000000 integrand evaluations so far
[1] 30.4974 +- 0.86264  	chisq 0 (0 df)

Iteration 2:  3000000 integrand evaluations so far
[1] 29.3763 +- 0.238761  	chisq 1.82913 (1 df)

Iteration 3:  6000000 integrand evaluations so far
[1] 29.2629 +- 0.158882  	chisq 2.23423 (2 df)

Iteration 4:  10000000 integrand evaluations so far
[1] 29.2075 +- 0.119158  	chisq 2.51204 (3 df)
   29.21 ±   0.12        ( 23.6s) ┃   31.87 ±   0.12        (14.1mi) ┃
┃   90 -    92 ┃   31 -    32 ┃  4.5393 ± 0.0015        (6.26mi) ┃-2.34905 ± 0.0008        (11.8mi) ┃Vegas input parameters:
  ndim 7
  ncomp 1
  nvec 1
  epsrel 0
  epsabs 0
  flags 10
  seed 123456
  mineval 10000000
  maxeval 10000000
  nstart 1000000
  nincrease 1000000
  nbatch 5000
  gridno 0
  statefile ""

Iteration 1:  1000000 integrand evaluations so far
[1] 28.6171 +- 0.823278  	chisq 0 (0 df)

Iteration 2:  3000000 integrand evaluations so far
[1] 28.4972 +- 0.231641  	chisq 0.0230409 (1 df)

Iteration 3:  6000000 integrand evaluations so far
[1] 28.6508 +- 0.160677  	chisq 0.870588 (2 df)

Iteration 4:  10000000 integrand evaluations so far
[1] 28.5547 +- 0.122454  	chisq 1.72521 (3 df)
   28.55 ±   0.12        ( 22.2s) ┃   30.74 ±   0.12        (18.4mi) ┃
┃   90 -    92 ┃   32 -    33 ┃  3.9992 ±  0.002        (6.08mi) ┃  -2.062 ± 0.0017        (22.4mi) ┃Vegas input parameters:
  ndim 7
  ncomp 1
  nvec 1
  epsrel 0
  epsabs 0
  flags 10
  seed 123456
  mineval 10000000
  maxeval 10000000
  nstart 1000000
  nincrease 1000000
  nbatch 5000
  gridno 0
  statefile ""

Iteration 1:  1000000 integrand evaluations so far
[1] 27.457 +- 0.797359  	chisq 0 (0 df)

Iteration 2:  3000000 integrand evaluations so far
[1] 27.9824 +- 0.229949  	chisq 0.473652 (1 df)

Iteration 3:  6000000 integrand evaluations so far
[1] 27.9817 +- 0.146615  	chisq 0.473667 (2 df)

Iteration 4:  10000000 integrand evaluations so far
[1] 28.0104 +- 0.107971  	chisq 0.557395 (3 df)
   28.01 ±   0.11        ( 21.5s) ┃   29.95 ±   0.11        (28.9mi) ┃
┃   90 -    92 ┃   33 -    34 ┃  3.6898 ± 0.0033        (5.64mi) ┃ -1.8976 ± 0.0019        (22.8mi) ┃Vegas input parameters:
  ndim 7
  ncomp 1
  nvec 1
  epsrel 0
  epsabs 0
  flags 10
  seed 123456
  mineval 10000000
  maxeval 10000000
  nstart 1000000
  nincrease 1000000
  nbatch 5000
  gridno 0
  statefile ""

Iteration 1:  1000000 integrand evaluations so far
[1] 28.1607 +- 0.807423  	chisq 0 (0 df)

Iteration 2:  3000000 integrand evaluations so far
[1] 27.7875 +- 0.227048  	chisq 0.231941 (1 df)

Iteration 3:  6000000 integrand evaluations so far
[1] 27.7587 +- 0.151958  	chisq 0.261108 (2 df)

Iteration 4:  10000000 integrand evaluations so far
[1] 27.6173 +- 0.112405  	chisq 2.17331 (3 df)
   27.62 ±   0.11        ( 21.6s) ┃   29.41 ±   0.11        (28.8mi) ┃
┃   90 -    92 ┃   34 -    35 ┃  6.2415 ± 0.0059        (1.51mi) ┃ -3.2242 ± 0.0029        (11.1mi) ┃Vegas input parameters:
  ndim 7
  ncomp 1
  nvec 1
  epsrel 0
  epsabs 0
  flags 10
  seed 123456
  mineval 10000000
  maxeval 10000000
  nstart 1000000
  nincrease 1000000
  nbatch 5000
  gridno 0
  statefile ""

Iteration 1:  1000000 integrand evaluations so far
[1] 27.7581 +- 0.792405  	chisq 0 (0 df)

Iteration 2:  3000000 integrand evaluations so far
[1] 27.0821 +- 0.221257  	chisq 0.78922 (1 df)

Iteration 3:  6000000 integrand evaluations so far
[1] 27.2229 +- 0.151952  	chisq 1.55604 (2 df)

Iteration 4:  10000000 integrand evaluations so far
[1] 27.2234 +- 0.112668  	chisq 1.55606 (3 df)
   27.22 ±   0.11        ( 21.7s) ┃   30.24 ±   0.11        (  13mi) ┃
┃   90 -    92 ┃   35 -    36 ┃  4.5498 ± 0.0013        ( 59.6s) ┃-2.32845 ± 0.00041        (43.1mi) ┃Vegas input parameters:
  ndim 7
  ncomp 1
  nvec 1
  epsrel 0
  epsabs 0
  flags 10
  seed 123456
  mineval 10000000
  maxeval 10000000
  nstart 1000000
  nincrease 1000000
  nbatch 5000
  gridno 0
  statefile ""

Iteration 1:  1000000 integrand evaluations so far
[1] 26.429 +- 0.772016  	chisq 0 (0 df)

Iteration 2:  3000000 integrand evaluations so far
[1] 26.7241 +- 0.221126  	chisq 0.159246 (1 df)

Iteration 3:  6000000 integrand evaluations so far
[1] 26.8557 +- 0.161266  	chisq 0.915574 (2 df)

Iteration 4:  10000000 integrand evaluations so far
[1] 26.9315 +- 0.119681  	chisq 1.40736 (3 df)
   26.93 ±   0.12        ( 21.2s) ┃   29.15 ±   0.12        (44.4mi) ┃
┃   90 -    92 ┃   36 -    37 ┃  3.2421 ± 0.0012        (2.76mi) ┃-1.69471 ± 0.00061        (10.6mi) ┃Vegas input parameters:
  ndim 7
  ncomp 1
  nvec 1
  epsrel 0
  epsabs 0
  flags 10
  seed 123456
  mineval 10000000
  maxeval 10000000
  nstart 1000000
  nincrease 1000000
  nbatch 5000
  gridno 0
  statefile ""

Iteration 1:  1000000 integrand evaluations so far
[1] 26.0453 +- 0.756914  	chisq 0 (0 df)

Iteration 2:  3000000 integrand evaluations so far
[1] 26.5198 +- 0.217731  	chisq 0.428343 (1 df)

Iteration 3:  6000000 integrand evaluations so far
[1] 26.4154 +- 0.134451  	chisq 0.799762 (2 df)

Iteration 4:  10000000 integrand evaluations so far
[1] 26.3728 +- 0.10349  	chisq 1.04622 (3 df)
   26.37 ±    0.1        ( 20.7s) ┃   27.92 ±    0.1        (13.7mi) ┃
┃   90 -    92 ┃   37 -    38 ┃   4.954 ± 0.0035        (5.46mi) ┃-2.53394 ± 0.00072        (20.9mi) ┃Vegas input parameters:
  ndim 7
  ncomp 1
  nvec 1
  epsrel 0
  epsabs 0
  flags 10
  seed 123456
  mineval 10000000
  maxeval 10000000
  nstart 1000000
  nincrease 1000000
  nbatch 5000
  gridno 0
  statefile ""

Iteration 1:  1000000 integrand evaluations so far
[1] 25.3087 +- 0.746862  	chisq 0 (0 df)

Iteration 2:  3000000 integrand evaluations so far
[1] 25.7942 +- 0.211885  	chisq 0.459552 (1 df)

Iteration 3:  6000000 integrand evaluations so far
[1] 25.8409 +- 0.131467  	chisq 0.538588 (2 df)

Iteration 4:  10000000 integrand evaluations so far
[1] 26.0113 +- 0.0994877  	chisq 4.46975 (3 df)
  26.011 ±  0.099        (   21s) ┃  28.431 ±    0.1        (26.7mi) ┃
┃   90 -    92 ┃   38 -    39 ┃   5.734 ± 0.0029        (1.37mi) ┃ -2.9883 ±  0.003        (5.31mi) ┃Vegas input parameters:
  ndim 7
  ncomp 1
  nvec 1
  epsrel 0
  epsabs 0
  flags 10
  seed 123456
  mineval 10000000
  maxeval 10000000
  nstart 1000000
  nincrease 1000000
  nbatch 5000
  gridno 0
  statefile ""

Iteration 1:  1000000 integrand evaluations so far
[1] 25.0716 +- 0.735558  	chisq 0 (0 df)

Iteration 2:  3000000 integrand evaluations so far
[1] 25.5608 +- 0.209053  	chisq 0.481228 (1 df)

Iteration 3:  6000000 integrand evaluations so far
[1] 25.792 +- 0.130392  	chisq 2.48314 (2 df)

Iteration 4:  10000000 integrand evaluations so far
[1] 25.6969 +- 0.100409  	chisq 3.79042 (3 df)
    25.7 ±    0.1        ( 20.8s) ┃   28.44 ±    0.1        (7.03mi) ┃
┃   90 -    92 ┃   39 -    40 ┃   3.313 ±  0.003        (1.36mi) ┃ -1.7195 ± 0.0013        (1.33mi) ┃Vegas input parameters:
  ndim 7
  ncomp 1
  nvec 1
  epsrel 0
  epsabs 0
  flags 10
  seed 123456
  mineval 10000000
  maxeval 10000000
  nstart 1000000
  nincrease 1000000
  nbatch 5000
  gridno 0
  statefile ""

Iteration 1:  1000000 integrand evaluations so far
[1] 28.2955 +- 0.777916  	chisq 0 (0 df)

Iteration 2:  3000000 integrand evaluations so far
[1] 25.5598 +- 0.209941  	chisq 13.3392 (1 df)

Iteration 3:  6000000 integrand evaluations so far
[1] 25.4505 +- 0.130026  	chisq 13.7789 (2 df)

Iteration 4:  10000000 integrand evaluations so far
[1] 25.5017 +- 0.0976041  	chisq 14.1334 (3 df)
  25.502 ±  0.098        ( 20.7s) ┃  27.095 ±  0.098        (3.04mi) ┃
┃   90 -    92 ┃   40 -    41 ┃  4.2159 ±  0.004        ( 43.5s) ┃-2.19315 ± 8.4e-05        (41.5mi) ┃Vegas input parameters:
  ndim 7
  ncomp 1
  nvec 1
  epsrel 0
  epsabs 0
  flags 10
  seed 123456
  mineval 10000000
  maxeval 10000000
  nstart 1000000
  nincrease 1000000
  nbatch 5000
  gridno 0
  statefile ""

Iteration 1:  1000000 integrand evaluations so far
[1] 24.2683 +- 0.711854  	chisq 0 (0 df)

Iteration 2:  3000000 integrand evaluations so far
[1] 24.8079 +- 0.205185  	chisq 0.626607 (1 df)

Iteration 3:  6000000 integrand evaluations so far
[1] 24.7966 +- 0.127062  	chisq 0.63152 (2 df)

Iteration 4:  10000000 integrand evaluations so far
[1] 25.0058 +- 0.0974818  	chisq 7.22061 (3 df)
  25.006 ±  0.097        ( 20.8s) ┃  27.029 ±  0.098        (42.6mi) ┃
┃   90 -    92 ┃   41 -    42 ┃  5.2808 ± 0.0032        (2.75mi) ┃-2.75304 ± 0.00084        (2.71mi) ┃Vegas input parameters:
  ndim 7
  ncomp 1
  nvec 1
  epsrel 0
  epsabs 0
  flags 10
  seed 123456
  mineval 10000000
  maxeval 10000000
  nstart 1000000
  nincrease 1000000
  nbatch 5000
  gridno 0
  statefile ""

Iteration 1:  1000000 integrand evaluations so far
[1] 23.5747 +- 0.697223  	chisq 0 (0 df)

Iteration 2:  3000000 integrand evaluations so far
[1] 24.5067 +- 0.202878  	chisq 1.95248 (1 df)

Iteration 3:  6000000 integrand evaluations so far
[1] 24.7092 +- 0.126034  	chisq 3.57484 (2 df)

Iteration 4:  10000000 integrand evaluations so far
[1] 24.7906 +- 0.0945701  	chisq 4.52817 (3 df)
  24.791 ±  0.095        ( 20.8s) ┃  27.318 ±  0.095        ( 5.8mi) ┃
┃   90 -    92 ┃   42 -    43 ┃  5.0486 ± 0.0043        (1.39mi) ┃  -2.579 ± 0.0023        (10.9mi) ┃Vegas input parameters:
  ndim 7
  ncomp 1
  nvec 1
  epsrel 0
  epsabs 0
  flags 10
  seed 123456
  mineval 10000000
  maxeval 10000000
  nstart 1000000
  nincrease 1000000
  nbatch 5000
  gridno 0
  statefile ""

Iteration 1:  1000000 integrand evaluations so far
[1] 25.0522 +- 0.720494  	chisq 0 (0 df)

Iteration 2:  3000000 integrand evaluations so far
[1] 24.4477 +- 0.202101  	chisq 0.764072 (1 df)

Iteration 3:  6000000 integrand evaluations so far
[1] 24.6362 +- 0.125477  	chisq 2.17904 (2 df)

Iteration 4:  10000000 integrand evaluations so far
[1] 24.6337 +- 0.100587  	chisq 2.18013 (3 df)
   24.63 ±    0.1        ( 20.8s) ┃    27.1 ±    0.1        (12.6mi) ┃
┃   90 -    92 ┃   43 -    44 ┃  4.8208 ± 0.0026        (1.37mi) ┃-2.50493 ± 0.00067        (1.38mi) ┃Vegas input parameters:
  ndim 7
  ncomp 1
  nvec 1
  epsrel 0
  epsabs 0
  flags 10
  seed 123456
  mineval 10000000
  maxeval 10000000
  nstart 1000000
  nincrease 1000000
  nbatch 5000
  gridno 0
  statefile ""

Iteration 1:  1000000 integrand evaluations so far
[1] 25.8889 +- 0.727856  	chisq 0 (0 df)

Iteration 2:  3000000 integrand evaluations so far
[1] 24.4185 +- 0.201044  	chisq 4.41846 (1 df)

Iteration 3:  6000000 integrand evaluations so far
[1] 24.397 +- 0.124398  	chisq 4.43697 (2 df)

Iteration 4:  10000000 integrand evaluations so far
[1] 24.3213 +- 0.0913653  	chisq 5.24045 (3 df)
  24.321 ±  0.091        ( 20.8s) ┃  26.637 ±  0.091        (3.09mi) ┃
┃   90 -    92 ┃   44 -    45 ┃  4.1747 ± 0.0029        (10.5mi) ┃ -2.1459 ± 0.0014        (21.4mi) ┃Vegas input parameters:
  ndim 7
  ncomp 1
  nvec 1
  epsrel 0
  epsabs 0
  flags 10
  seed 123456
  mineval 10000000
  maxeval 10000000
  nstart 1000000
  nincrease 1000000
  nbatch 5000
  gridno 0
  statefile ""

Iteration 1:  1000000 integrand evaluations so far
[1] 24.0909 +- 0.701396  	chisq 0 (0 df)

Iteration 2:  3000000 integrand evaluations so far
[1] 24.2315 +- 0.198832  	chisq 0.0437302 (1 df)

Iteration 3:  6000000 integrand evaluations so far
[1] 24.0161 +- 0.122645  	chisq 1.93869 (2 df)

Iteration 4:  10000000 integrand evaluations so far
[1] 24.0651 +- 0.0904137  	chisq 2.28841 (3 df)
  24.065 ±   0.09        ( 20.8s) ┃  26.094 ±   0.09        (32.3mi) ┃
┃   90 -    92 ┃   45 -    46 ┃  5.5578 ± 0.0036        ( 48.6s) ┃ -2.8545 ± 0.0024        (7.77mi) ┃Vegas input parameters:
  ndim 7
  ncomp 1
  nvec 1
  epsrel 0
  epsabs 0
  flags 10
  seed 123456
  mineval 10000000
  maxeval 10000000
  nstart 1000000
  nincrease 1000000
  nbatch 5000
  gridno 0
  statefile ""

Iteration 1:  1000000 integrand evaluations so far
[1] 22.847 +- 0.665052  	chisq 0 (0 df)

Iteration 2:  3000000 integrand evaluations so far
[1] 23.7913 +- 0.196616  	chisq 2.2092 (1 df)

Iteration 3:  6000000 integrand evaluations so far
[1] 23.77 +- 0.121755  	chisq 2.22818 (2 df)

Iteration 4:  10000000 integrand evaluations so far
[1] 23.7453 +- 0.093913  	chisq 2.3301 (3 df)
  23.745 ±  0.094        ( 20.9s) ┃  26.449 ±  0.094        (8.93mi) ┃
┃   90 -    92 ┃   46 -    47 ┃  4.5378 ± 0.0024        ( 2.9mi) ┃-2.34341 ± 0.00038        (42.3mi) ┃Vegas input parameters:
  ndim 7
  ncomp 1
  nvec 1
  epsrel 0
  epsabs 0
  flags 10
  seed 123456
  mineval 10000000
  maxeval 10000000
  nstart 1000000
  nincrease 1000000
  nbatch 5000
  gridno 0
  statefile ""

Iteration 1:  1000000 integrand evaluations so far
[1] 24.9119 +- 0.702104  	chisq 0 (0 df)

Iteration 2:  3000000 integrand evaluations so far
[1] 23.6392 +- 0.193855  	chisq 3.55658 (1 df)

Iteration 3:  6000000 integrand evaluations so far
[1] 23.5513 +- 0.120019  	chisq 3.89 (2 df)

Iteration 4:  10000000 integrand evaluations so far
[1] 23.4952 +- 0.0883749  	chisq 4.36808 (3 df)
  23.495 ±  0.088        ( 20.5s) ┃   25.69 ±  0.088        (45.6mi) ┃
┃   90 -    92 ┃   47 -    48 ┃  4.9089 ± 0.0035        (1.37mi) ┃ -2.5257 ± 0.0017        ( 2.7mi) ┃Vegas input parameters:
  ndim 7
  ncomp 1
  nvec 1
  epsrel 0
  epsabs 0
  flags 10
  seed 123456
  mineval 10000000
  maxeval 10000000
  nstart 1000000
  nincrease 1000000
  nbatch 5000
  gridno 0
  statefile ""

Iteration 1:  1000000 integrand evaluations so far
[1] 23.6087 +- 0.678628  	chisq 0 (0 df)

Iteration 2:  3000000 integrand evaluations so far
[1] 23.5882 +- 0.193557  	chisq 0.000999925 (1 df)

Iteration 3:  6000000 integrand evaluations so far
[1] 23.4353 +- 0.119595  	chisq 1.00994 (2 df)

Iteration 4:  10000000 integrand evaluations so far
[1] 23.4243 +- 0.0912874  	chisq 1.03013 (3 df)
  23.424 ±  0.091        (   21s) ┃  25.807 ±  0.091        (4.42mi) ┃
┃   90 -    92 ┃   48 -    49 ┃   4.131 ± 0.0028        (1.38mi) ┃ -2.1278 ± 0.0014        (10.8mi) ┃Vegas input parameters:
  ndim 7
  ncomp 1
  nvec 1
  epsrel 0
  epsabs 0
  flags 10
  seed 123456
  mineval 10000000
  maxeval 10000000
  nstart 1000000
  nincrease 1000000
  nbatch 5000
  gridno 0
  statefile ""

Iteration 1:  1000000 integrand evaluations so far
[1] 22.5921 +- 0.655935  	chisq 0 (0 df)

Iteration 2:  3000000 integrand evaluations so far
[1] 23.3662 +- 0.23057  	chisq 1.5892 (1 df)

Iteration 3:  6000000 integrand evaluations so far
[1] 23.3089 +- 0.138151  	chisq 1.68555 (2 df)

Iteration 4:  10000000 integrand evaluations so far
[1] 23.3978 +- 0.0965991  	chisq 2.49654 (3 df)
  23.398 ±  0.097        ( 21.1s) ┃  25.401 ±  0.097        (12.5mi) ┃
┃   90 -    92 ┃   49 -    50 ┃  4.0522 ± 0.0034        (1.39mi) ┃ -2.0887 ± 0.0016        (5.48mi) ┃Vegas input parameters:
  ndim 7
  ncomp 1
  nvec 1
  epsrel 0
  epsabs 0
  flags 10
  seed 123456
  mineval 10000000
  maxeval 10000000
  nstart 1000000
  nincrease 1000000
  nbatch 5000
  gridno 0
  statefile ""

Iteration 1:  1000000 integrand evaluations so far
[1] 24.0453 +- 0.682688  	chisq 0 (0 df)

Iteration 2:  3000000 integrand evaluations so far
[1] 23.1156 +- 0.188769  	chisq 2.00831 (1 df)

Iteration 3:  6000000 integrand evaluations so far
[1] 22.9129 +- 0.11678  	chisq 3.87567 (2 df)

Iteration 4:  10000000 integrand evaluations so far
[1] 22.9195 +- 0.088053  	chisq 3.88302 (3 df)
  22.919 ±  0.088        ( 20.8s) ┃  24.883 ±  0.088        (7.22mi) ┃
┃   90 -    92 ┃   50 -    51 ┃ 4.76322 ± 0.00089        (1.46mi) ┃-2.46228 ± 0.00089        (10.9mi) ┃Vegas input parameters:
  ndim 7
  ncomp 1
  nvec 1
  epsrel 0
  epsabs 0
  flags 10
  seed 123456
  mineval 10000000
  maxeval 10000000
  nstart 1000000
  nincrease 1000000
  nbatch 5000
  gridno 0
  statefile ""

Iteration 1:  1000000 integrand evaluations so far
[1] 22.5649 +- 0.658062  	chisq 0 (0 df)

Iteration 2:  3000000 integrand evaluations so far
[1] 22.8851 +- 0.188308  	chisq 0.257877 (1 df)

Iteration 3:  6000000 integrand evaluations so far
[1] 23.0157 +- 0.125565  	chisq 1.12453 (2 df)

Iteration 4:  10000000 integrand evaluations so far
[1] 22.7954 +- 0.0925127  	chisq 7.86261 (3 df)
  22.795 ±  0.093        ( 20.8s) ┃  25.096 ±  0.093        (12.7mi) ┃
┃   90 -    92 ┃   51 -    52 ┃ 5.05793 ± 0.00066        (5.36mi) ┃ -2.5992 ± 0.0014        ( 5.5mi) ┃Vegas input parameters:
  ndim 7
  ncomp 1
  nvec 1
  epsrel 0
  epsabs 0
  flags 10
  seed 123456
  mineval 10000000
  maxeval 10000000
  nstart 1000000
  nincrease 1000000
  nbatch 5000
  gridno 0
  statefile ""

Iteration 1:  1000000 integrand evaluations so far
[1] 22.4529 +- 0.652015  	chisq 0 (0 df)

Iteration 2:  3000000 integrand evaluations so far
[1] 22.6652 +- 0.187417  	chisq 0.115549 (1 df)

Iteration 3:  6000000 integrand evaluations so far
[1] 22.5539 +- 0.115763  	chisq 0.685501 (2 df)

Iteration 4:  10000000 integrand evaluations so far
[1] 22.6514 +- 0.0882228  	chisq 2.37837 (3 df)
  22.651 ±  0.088        ( 20.8s) ┃   25.11 ±  0.088        (11.2mi) ┃
┃   90 -    92 ┃   52 -    53 ┃  3.6112 ±  0.002        (1.45mi) ┃ -1.8791 ± 0.0016        (10.9mi) ┃Vegas input parameters:
  ndim 7
  ncomp 1
  nvec 1
  epsrel 0
  epsabs 0
  flags 10
  seed 123456
  mineval 10000000
  maxeval 10000000
  nstart 1000000
  nincrease 1000000
  nbatch 5000
  gridno 0
  statefile ""

Iteration 1:  1000000 integrand evaluations so far
[1] 23.7488 +- 0.674691  	chisq 0 (0 df)

Iteration 2:  3000000 integrand evaluations so far
[1] 22.3131 +- 0.185128  	chisq 4.89653 (1 df)

Iteration 3:  6000000 integrand evaluations so far
[1] 22.3741 +- 0.114979  	chisq 5.07305 (2 df)

Iteration 4:  10000000 integrand evaluations so far
[1] 22.4499 +- 0.0891471  	chisq 6.16376 (3 df)
   22.45 ±  0.089        ( 20.6s) ┃  24.182 ±  0.089        (12.7mi) ┃
┃   90 -    92 ┃   53 -    54 ┃  3.6778 ± 0.0018        (2.75mi) ┃ -1.9019 ± 0.0014        (22.2mi) ┃Vegas input parameters:
  ndim 7
  ncomp 1
  nvec 1
  epsrel 0
  epsabs 0
  flags 10
  seed 123456
  mineval 10000000
  maxeval 10000000
  nstart 1000000
  nincrease 1000000
  nbatch 5000
  gridno 0
  statefile ""

Iteration 1:  1000000 integrand evaluations so far
[1] 22.9377 +- 0.661664  	chisq 0 (0 df)

Iteration 2:  3000000 integrand evaluations so far
[1] 22.3684 +- 0.18408  	chisq 0.802437 (1 df)

Iteration 3:  6000000 integrand evaluations so far
[1] 22.4089 +- 0.114468  	chisq 0.881691 (2 df)

Iteration 4:  10000000 integrand evaluations so far
[1] 22.3968 +- 0.0843739  	chisq 0.906439 (3 df)
  22.397 ±  0.084        (   19s) ┃  24.173 ±  0.084        (25.3mi) ┃
┃   90 -    92 ┃   54 -    55 ┃  3.8909 ± 0.0027        ( 44.5s) ┃-2.01472 ± 0.00063        (2.81mi) ┃Vegas input parameters:
  ndim 7
  ncomp 1
  nvec 1
  epsrel 0
  epsabs 0
  flags 10
  seed 123456
  mineval 10000000
  maxeval 10000000
  nstart 1000000
  nincrease 1000000
  nbatch 5000
  gridno 0
  statefile ""

Iteration 1:  1000000 integrand evaluations so far
[1] 22.0169 +- 0.647454  	chisq 0 (0 df)

Iteration 2:  3000000 integrand evaluations so far
[1] 22.2911 +- 0.182875  	chisq 0.19487 (1 df)

Iteration 3:  6000000 integrand evaluations so far
[1] 22.2956 +- 0.113499  	chisq 0.195839 (2 df)

Iteration 4:  10000000 integrand evaluations so far
[1] 22.2994 +- 0.0880516  	chisq 0.198653 (3 df)
  22.299 ±  0.088        ( 18.5s) ┃  24.176 ±  0.088        (3.86mi) ┃
┃   90 -    92 ┃   55 -    56 ┃  4.9082 ± 0.0037        (2.77mi) ┃   -2.51 ±  0.002        (1.45mi) ┃Vegas input parameters:
  ndim 7
  ncomp 1
  nvec 1
  epsrel 0
  epsabs 0
  flags 10
  seed 123456
  mineval 10000000
  maxeval 10000000
  nstart 1000000
  nincrease 1000000
  nbatch 5000
  gridno 0
  statefile ""

Iteration 1:  1000000 integrand evaluations so far
[1] 21.5414 +- 0.631114  	chisq 0 (0 df)

Iteration 2:  3000000 integrand evaluations so far
[1] 22.1619 +- 0.183108  	chisq 1.05539 (1 df)

Iteration 3:  6000000 integrand evaluations so far
[1] 22.0879 +- 0.113555  	chisq 1.32058 (2 df)

Iteration 4:  10000000 integrand evaluations so far
[1] 22.1483 +- 0.0898886  	chisq 2.07811 (3 df)
  22.148 ±   0.09        ( 20.8s) ┃  24.546 ±   0.09        (4.57mi) ┃
┃   90 -    92 ┃   56 -    57 ┃  4.5084 ± 0.0017        ( 1.4mi) ┃ -2.2895 ± 0.0011        ( 44.4s) ┃Vegas input parameters:
  ndim 7
  ncomp 1
  nvec 1
  epsrel 0
  epsabs 0
  flags 10
  seed 123456
  mineval 10000000
  maxeval 10000000
  nstart 1000000
  nincrease 1000000
  nbatch 5000
  gridno 0
  statefile ""

Iteration 1:  1000000 integrand evaluations so far
[1] 21.9071 +- 0.636452  	chisq 0 (0 df)

Iteration 2:  3000000 integrand evaluations so far
[1] 21.9128 +- 0.181499  	chisq 8.49901e-05 (1 df)

Iteration 3:  6000000 integrand evaluations so far
[1] 21.9748 +- 0.117954  	chisq 0.202445 (2 df)

Iteration 4:  10000000 integrand evaluations so far
[1] 21.9585 +- 0.0870511  	chisq 0.244571 (3 df)
  21.958 ±  0.087        ( 18.1s) ┃  24.177 ±  0.087        (2.44mi) ┃
┃   90 -    92 ┃   57 -    58 ┃  3.6566 ± 0.0032        (5.41mi) ┃-1.89092 ± 0.00095        (11.6mi) ┃Vegas input parameters:
  ndim 7
  ncomp 1
  nvec 1
  epsrel 0
  epsabs 0
  flags 10
  seed 123456
  mineval 10000000
  maxeval 10000000
  nstart 1000000
  nincrease 1000000
  nbatch 5000
  gridno 0
  statefile ""

Iteration 1:  1000000 integrand evaluations so far
[1] 21.6212 +- 0.630497  	chisq 0 (0 df)

Iteration 2:  3000000 integrand evaluations so far
[1] 21.8769 +- 0.181493  	chisq 0.179267 (1 df)

Iteration 3:  6000000 integrand evaluations so far
[1] 21.8656 +- 0.112372  	chisq 0.185495 (2 df)

Iteration 4:  10000000 integrand evaluations so far
[1] 21.8928 +- 0.0846792  	chisq 0.321114 (3 df)
  21.893 ±  0.085        ( 20.8s) ┃  23.658 ±  0.085        (17.3mi) ┃
┃   90 -    92 ┃   58 -    59 ┃  3.6669 ± 0.0027        ( 2.7mi) ┃ -1.8995 ± 0.0018        (2.87mi) ┃Vegas input parameters:
  ndim 7
  ncomp 1
  nvec 1
  epsrel 0
  epsabs 0
  flags 10
  seed 123456
  mineval 10000000
  maxeval 10000000
  nstart 1000000
  nincrease 1000000
  nbatch 5000
  gridno 0
  statefile ""

Iteration 1:  1000000 integrand evaluations so far
[1] 20.5422 +- 0.613341  	chisq 0 (0 df)

Iteration 2:  3000000 integrand evaluations so far
[1] 21.8426 +- 0.201433  	chisq 5.03864 (1 df)

Iteration 3:  6000000 integrand evaluations so far
[1] 21.7801 +- 0.122259  	chisq 5.19111 (2 df)

Iteration 4:  10000000 integrand evaluations so far
[1] 21.9577 +- 0.0876183  	chisq 9.5305 (3 df)
  21.958 ±  0.088        ( 20.2s) ┃  23.725 ±  0.088        (5.91mi) ┃
┃   90 -    92 ┃   59 -    60 ┃  4.2568 ± 0.0011        ( 29.4s) ┃-2.13645 ±  5e-05        (1.44mi) ┃Vegas input parameters:
  ndim 7
  ncomp 1
  nvec 1
  epsrel 0
  epsabs 0
  flags 10
  seed 123456
  mineval 10000000
  maxeval 10000000
  nstart 1000000
  nincrease 1000000
  nbatch 5000
  gridno 0
  statefile ""

Iteration 1:  1000000 integrand evaluations so far
[1] 22.7383 +- 0.653357  	chisq 0 (0 df)

Iteration 2:  3000000 integrand evaluations so far
[1] 21.7174 +- 0.180056  	chisq 2.64202 (1 df)

Iteration 3:  6000000 integrand evaluations so far
[1] 21.6777 +- 0.111484  	chisq 2.72083 (2 df)

Iteration 4:  10000000 integrand evaluations so far
[1] 21.7848 +- 0.0836233  	chisq 4.8294 (3 df)
  21.785 ±  0.084        ( 17.7s) ┃  23.905 ±  0.084        (2.23mi) ┃
┣━━━━━━━━━━━━━━╋━━━━━━━━━━━━━━╋━━━━━━━━━━━━━━━━━━━━━━━━━━━━━━━━━━╋━━━━━━━━━━━━━━━━━━━━━━━━━━━━━━━━━━╋━━━━━━━━━━━━━━━━━━━━━━━━━━━━━━━━━━╋━━━━━━━━━━━━━━━━━━━━━━━━━━━━━━━━━━┫
┃   88 -    92 ┃   25 -    60 ┃  379.22 ±  0.029        (4.67hr) ┃  -195.8 ±  0.016        (19.5hr) ┃  1.8505 ± 0.00089 ·10⁺⁰³ (30.2mi) ┃ 2.03391 ± 0.00089 ·10⁺⁰³ (24.7hr) ┃
┗━━━━━━━━━━━━━━┻━━━━━━━━━━━━━━┻━━━━━━━━━━━━━━━━━━━━━━━━━━━━━━━━━━┻━━━━━━━━━━━━━━━━━━━━━━━━━━━━━━━━━━┻━━━━━━━━━━━━━━━━━━━━━━━━━━━━━━━━━━┻━━━━━━━━━━━━━━━━━━━━━━━━━━━━━━━━━━┛

╍╍╍╍╍╍╍╍╍╍╍╍╍╍╍╍╍╍╍╍╍╍╍╍╍╍╍╍╍╍╍╍ Summary ╍╍╍╍╍╍╍╍╍╍╍╍╍╍╍╍╍╍╍╍╍╍╍╍╍╍╍╍╍╍╍
      Total cross section                    2.03391 ± 0.00089          pb
         Calculation time                               24.7       hours
              Output file                    outputs/qt_qt88_92_NLL_muR1.0_muF0.5.root            
      Result in text file                    outputs/qt_qt88_92_NLL_muR1.0_muF0.5.txt            

╍╍╍╍╍╍╍╍╍╍╍╍╍╍╍╍╍╍╍╍╍╍╍╍╍╍╍╍╍╍╍╍╍╍╍╍╍╍╍╍╍╍╍╍╍╍╍╍╍╍╍╍╍╍╍╍╍╍╍╍╍╍╍╍╍╍╍╍╍╍╍╍

