
╍╍╍╍╍╍╍╍╍╍╍╍╍╍╍╍╍╍╍╍╍╍╍╍╍╍╍ Process settings ╍╍╍╍╍╍╍╍╍╍╍╍╍╍╍╍╍╍╍╍╍╍╍╍╍╍╍
   proton-proton collisions at sqrt(s) = 13000 GeV 
   Computing NLO+NLL resummed cross section
   W+ ->  nu(p3)+e+(p4) production 

╍╍╍╍╍╍╍╍╍╍╍╍╍╍╍╍╍╍╍╍╍╍╍╍╍╍╍╍╍╍ CKM matrix ╍╍╍╍╍╍╍╍╍╍╍╍╍╍╍╍╍╍╍╍╍╍╍╍╍╍╍╍╍╍
     | Vud Vus Vub |   |   0.97427   0.2253  0.00351 | 
     | Vcd Vcs Vcb | = |    0.2252  0.97344   0.0412 | 
     | Vtd Vts Vtb |   |         0        0        0 | 

╍╍╍╍╍╍╍╍╍╍╍╍╍╍╍╍╍╍╍╍╍╍╍╍╍╍╍╍╍ EW parameters ╍╍╍╍╍╍╍╍╍╍╍╍╍╍╍╍╍╍╍╍╍╍╍╍╍╍╍╍
                                         Gf =  1.1663787e-05      GeV^-2
                                    1/alpha =  132.233229791            
                                 sin(thW)^2 = 0.222897222524            
                                     W mass =         80.385         GeV
                                     Z mass =        91.1876         GeV
                                    W width =          2.091         GeV
                                    Z width =          2.495         GeV

╍╍╍╍╍╍╍╍╍╍╍╍╍╍╍╍╍╍╍╍╍╍╍╍╍╍╍╍╍ QCD settings ╍╍╍╍╍╍╍╍╍╍╍╍╍╍╍╍╍╍╍╍╍╍╍╍╍╍╍╍╍
   Renormalization scale:     dynamic muren =              1      * m_ll
     Factorization scale:     dynamic mufac =            0.5      * m_ll
       Resummation scale:     dynamic mures =              1      * m_ll
          Strong coupling       alpha_s(MZ) =       0.118001            
                              running order =              2       -loop
         Non-perturbative     form factor g =            0.7       GeV^2

╍╍╍╍╍╍╍╍╍╍╍╍╍╍╍╍╍╍╍╍╍╍╍╍╍╍╍╍╍ PDF settings ╍╍╍╍╍╍╍╍╍╍╍╍╍╍╍╍╍╍╍╍╍╍╍╍╍╍╍╍╍
                                     PDF set:MSHT20nnlo_as118            
                                  PDF member:              0            
  Mellin moments of PDFs:                    Numerical integration            
                         nodes for the quadrature:            200            
                         Intervals for the quadrature:              1            

╍╍╍╍╍╍╍╍╍╍╍╍╍╍╍╍╍╍╍╍╍╍╍╍╍╍╍╍╍╍╍ qT recoil ╍╍╍╍╍╍╍╍╍╍╍╍╍╍╍╍╍╍╍╍╍╍╍╍╍╍╍╍╍╍
  qt-recoil prescription:       Collins-Soper kt1 = p_V(x)/2; kt2 = p_V(y)/2            

╍╍╍╍╍╍╍╍╍╍╍╍╍╍╍╍╍╍╍╍╍╍╍╍╍╍╍╍╍╍╍╍╍ Cuts ╍╍╍╍╍╍╍╍╍╍╍╍╍╍╍╍╍╍╍╍╍╍╍╍╍╍╍╍╍╍╍╍╍
                                  apply cuts:           true            
                                      pt_l >               0            
                                   |eta_l| <            1000            
                                    pt_lep >              25            
                                 |eta_lep| <             2.4            
                                   pt_alep >              25            
                                |eta_alep| <             2.4            
                                  user cuts:            true            

╍╍╍╍╍╍╍╍╍╍╍╍╍╍╍╍╍╍╍╍╍╍╍╍╍╍╍╍ ResummationDamp ╍╍╍╍╍╍╍╍╍╍╍╍╍╍╍╍╍╍╍╍╍╍╍╍╍╍╍
                                    damping :             on            
                                damping mode:              1            
                                  damp above:        60.2888         GeV
                               damping width:        20.0963         GeV
                          resummation cutoff:             20         MeV

╍╍╍╍╍╍╍╍╍╍╍╍╍╍╍╍╍╍╍╍╍╍╍╍╍╍╍╍ Debug settings ╍╍╍╍╍╍╍╍╍╍╍╍╍╍╍╍╍╍╍╍╍╍╍╍╍╍╍╍
                                 timeprofile:          false            
                                     verbose:          false            
                               cubaverbosity:              2            

╍╍╍╍╍╍╍╍╍╍╍╍╍╍╍╍╍╍╍╍╍╍╍╍╍╍╍╍╍╍╍╍╍╍╍╍╍╍╍╍╍╍╍╍╍╍╍╍╍╍╍╍╍╍╍╍╍╍╍╍╍╍╍╍╍╍╍╍╍╍╍╍

Warning: Histogram `a1_qt` contains non-integrable observable and will be deleted 
Warning: Histogram `a1_qt_vs_y` contains non-integrable observable and will be deleted 
Warning: Histogram `s_biganswer` contains non-integrable observable and will be deleted 
Warning: Histogram `wgt_a1_qt` contains non-integrable observable and will be deleted 

╍╍╍╍╍╍╍╍╍╍╍╍╍╍╍╍╍╍╍╍╍╍╍╍╍ Integration settings ╍╍╍╍╍╍╍╍╍╍╍╍╍╍╍╍╍╍╍╍╍╍╍╍╍
             Random seeds              123456                           
           Parallel cores                   1                           

             Resummation:     cuhre (dm, dpt)         iter =           5
                                   gauss (dy)        nodes =          64
                                                 intervals =           1
            Counter term:      cuhre (dm, dy)         iter =           5
                                  gauss (dpt)        nodes =          20
                                                 intervals =           5
                     V+J:            vegas 7D       ncalls =    10000000

Mellin inverse transform:           gaussian         nodes =          30
                                                 intervals =           1
                               imaginary axis         zmax =           2
  Angular variable costh:     semi-analytical      ncstart =         100
   Angular variables phi:            gaussian    intervals =          20

      Constant boundaries                  q2          low =          80
                                                      high =         100
                                            y          low =          -6
                                                      high =           6
                                        costh          low =          -1
                                                      high =           1
                                       eta(l)          low =         -10
                                                      high =          10

┏━━━━━━━━━━━━━━┰━━━━━━━━━━━━━━┰━━━━━━━━━━━━━━━━━━━━━━━━━━━━━━━━━━┰━━━━━━━━━━━━━━━━━━━━━━━━━━━━━━━━━━┰━━━━━━━━━━━━━━━━━━━━━━━━━━━━━━━━━━┰━━━━━━━━━━━━━━━━━━━━━━━━━━━━━━━━━━┓
┃           qT ┃        pT(l) ┃                      Resummation ┃                     Counter term ┃                              V+J ┃                            TOTAL ┃
┣━━━━━━━━━━━━━━╋━━━━━━━━━━━━━━╋━━━━━━━━━━━━━━━━━━━━━━━━━━━━━━━━━━╋━━━━━━━━━━━━━━━━━━━━━━━━━━━━━━━━━━╋━━━━━━━━━━━━━━━━━━━━━━━━━━━━━━━━━━╋━━━━━━━━━━━━━━━━━━━━━━━━━━━━━━━━━━┫
┃   68 -    70 ┃   25 -    26 ┃ 111.153 ±   0.07        (7.35mi) ┃ -58.097 ±  0.051        (26.5mi) ┃Vegas input parameters:
  ndim 7
  ncomp 1
  nvec 1
  epsrel 0
  epsabs 0
  flags 10
  seed 123456
  mineval 10000000
  maxeval 10000000
  nstart 1000000
  nincrease 1000000
  nbatch 5000
  gridno 0
  statefile ""

Iteration 1:  1000000 integrand evaluations so far
[1] 89.8575 +- 2.21916  	chisq 0 (0 df)

Iteration 2:  3000000 integrand evaluations so far
[1] 90.4444 +- 0.74988  	chisq 0.0789505 (1 df)

Iteration 3:  6000000 integrand evaluations so far
[1] 89.5222 +- 0.448522  	chisq 2.43381 (2 df)

Iteration 4:  10000000 integrand evaluations so far
[1] 89.6303 +- 0.313859  	chisq 2.5477 (3 df)
   89.63 ±   0.31        ( 40.1s) ┃  142.69 ±   0.33        (34.5mi) ┃
┃   68 -    70 ┃   26 -    27 ┃  89.459 ±  0.041        (7.29mi) ┃  -46.82 ±  0.026        (26.4mi) ┃Vegas input parameters:
  ndim 7
  ncomp 1
  nvec 1
  epsrel 0
  epsabs 0
  flags 10
  seed 123456
  mineval 10000000
  maxeval 10000000
  nstart 1000000
  nincrease 1000000
  nbatch 5000
  gridno 0
  statefile ""

Iteration 1:  1000000 integrand evaluations so far
[1] 86.8349 +- 2.14567  	chisq 0 (0 df)

Iteration 2:  3000000 integrand evaluations so far
[1] 85.946 +- 0.60488  	chisq 0.186445 (1 df)

Iteration 3:  6000000 integrand evaluations so far
[1] 85.6642 +- 0.375584  	chisq 0.539589 (2 df)

Iteration 4:  10000000 integrand evaluations so far
[1] 85.593 +- 0.284706  	chisq 0.624107 (3 df)
   85.59 ±   0.28        ( 39.3s) ┃  128.23 ±   0.29        (34.3mi) ┃
┃   68 -    70 ┃   27 -    28 ┃ 121.548 ±  0.044        (2.12mi) ┃ -63.941 ±  0.033        (25.7mi) ┃Vegas input parameters:
  ndim 7
  ncomp 1
  nvec 1
  epsrel 0
  epsabs 0
  flags 10
  seed 123456
  mineval 10000000
  maxeval 10000000
  nstart 1000000
  nincrease 1000000
  nbatch 5000
  gridno 0
  statefile ""

Iteration 1:  1000000 integrand evaluations so far
[1] 84.0406 +- 2.08353  	chisq 0 (0 df)

Iteration 2:  3000000 integrand evaluations so far
[1] 82.7916 +- 0.587992  	chisq 0.390467 (1 df)

Iteration 3:  6000000 integrand evaluations so far
[1] 83.0881 +- 0.366593  	chisq 0.80657 (2 df)

Iteration 4:  10000000 integrand evaluations so far
[1] 83.0441 +- 0.294917  	chisq 0.847425 (3 df)
   83.04 ±   0.29        ( 40.1s) ┃  140.65 ±    0.3        (28.5mi) ┃
┃   68 -    70 ┃   28 -    29 ┃  85.925 ±  0.071        (1.86mi) ┃ -45.265 ±  0.014        (6.45mi) ┃Vegas input parameters:
  ndim 7
  ncomp 1
  nvec 1
  epsrel 0
  epsabs 0
  flags 10
  seed 123456
  mineval 10000000
  maxeval 10000000
  nstart 1000000
  nincrease 1000000
  nbatch 5000
  gridno 0
  statefile ""

Iteration 1:  1000000 integrand evaluations so far
[1] 80.1356 +- 2.0105  	chisq 0 (0 df)

Iteration 2:  3000000 integrand evaluations so far
[1] 80.6865 +- 0.577854  	chisq 0.0818548 (1 df)

Iteration 3:  6000000 integrand evaluations so far
[1] 79.8853 +- 0.357228  	chisq 3.19329 (2 df)

Iteration 4:  10000000 integrand evaluations so far
[1] 80.0302 +- 0.27851  	chisq 3.61264 (3 df)
   80.03 ±   0.28        ( 40.5s) ┃  120.69 ±   0.29        (8.99mi) ┃
┃   68 -    70 ┃   29 -    30 ┃ 105.116 ±  0.025        (1.93mi) ┃ -54.876 ±  0.031        (12.9mi) ┃Vegas input parameters:
  ndim 7
  ncomp 1
  nvec 1
  epsrel 0
  epsabs 0
  flags 10
  seed 123456
  mineval 10000000
  maxeval 10000000
  nstart 1000000
  nincrease 1000000
  nbatch 5000
  gridno 0
  statefile ""

Iteration 1:  1000000 integrand evaluations so far
[1] 77.3096 +- 1.97687  	chisq 0 (0 df)

Iteration 2:  3000000 integrand evaluations so far
[1] 77.7698 +- 0.561252  	chisq 0.0589407 (1 df)

Iteration 3:  6000000 integrand evaluations so far
[1] 78.2706 +- 0.381665  	chisq 1.54001 (2 df)

Iteration 4:  10000000 integrand evaluations so far
[1] 78.1591 +- 0.284698  	chisq 1.73263 (3 df)
   78.16 ±   0.28        ( 39.4s) ┃   128.4 ±   0.29        (15.4mi) ┃
┃   68 -    70 ┃   30 -    31 ┃ 100.399 ±  0.053        (3.84mi) ┃ -53.167 ±  0.028        (50.8mi) ┃Vegas input parameters:
  ndim 7
  ncomp 1
  nvec 1
  epsrel 0
  epsabs 0
  flags 10
  seed 123456
  mineval 10000000
  maxeval 10000000
  nstart 1000000
  nincrease 1000000
  nbatch 5000
  gridno 0
  statefile ""

Iteration 1:  1000000 integrand evaluations so far
[1] 78.8995 +- 1.97869  	chisq 0 (0 df)

Iteration 2:  3000000 integrand evaluations so far
[1] 76.2689 +- 0.548866  	chisq 1.91475 (1 df)

Iteration 3:  6000000 integrand evaluations so far
[1] 76.2878 +- 0.362778  	chisq 1.91684 (2 df)

Iteration 4:  10000000 integrand evaluations so far
[1] 76.2735 +- 0.278181  	chisq 1.92061 (3 df)
   76.27 ±   0.28        ( 39.4s) ┃  123.51 ±   0.28        (55.3mi) ┃
┃   68 -    70 ┃   31 -    32 ┃   96.24 ±  0.053        (3.97mi) ┃ -50.497 ±  0.044        ( 30.5s) ┃Vegas input parameters:
  ndim 7
  ncomp 1
  nvec 1
  epsrel 0
  epsabs 0
  flags 10
  seed 123456
  mineval 10000000
  maxeval 10000000
  nstart 1000000
  nincrease 1000000
  nbatch 5000
  gridno 0
  statefile ""

Iteration 1:  1000000 integrand evaluations so far
[1] 75.2331 +- 1.90502  	chisq 0 (0 df)

Iteration 2:  3000000 integrand evaluations so far
[1] 74.6115 +- 0.542888  	chisq 0.115875 (1 df)

Iteration 3:  6000000 integrand evaluations so far
[1] 74.6579 +- 0.365723  	chisq 0.1292 (2 df)

Iteration 4:  10000000 integrand evaluations so far
[1] 74.5267 +- 0.270208  	chisq 0.412368 (3 df)
   74.53 ±   0.27        (   40s) ┃  120.27 ±   0.28        (5.15mi) ┃
┃   68 -    70 ┃   32 -    33 ┃ 101.669 ±  0.073        ( 33.3s) ┃ -52.636 ±  0.049        (6.74mi) ┃Vegas input parameters:
  ndim 7
  ncomp 1
  nvec 1
  epsrel 0
  epsabs 0
  flags 10
  seed 123456
  mineval 10000000
  maxeval 10000000
  nstart 1000000
  nincrease 1000000
  nbatch 5000
  gridno 0
  statefile ""

Iteration 1:  1000000 integrand evaluations so far
[1] 71.9731 +- 1.8627  	chisq 0 (0 df)

Iteration 2:  3000000 integrand evaluations so far
[1] 71.9856 +- 0.527426  	chisq 4.859e-05 (1 df)

Iteration 3:  6000000 integrand evaluations so far
[1] 72.4993 +- 0.341107  	chisq 1.63094 (2 df)

Iteration 4:  10000000 integrand evaluations so far
[1] 72.8339 +- 0.252244  	chisq 3.75419 (3 df)
   72.83 ±   0.25        ( 39.2s) ┃  121.87 ±   0.27        (7.95mi) ┃
┃   68 -    70 ┃   33 -    34 ┃ 102.748 ±  0.022        (14.3mi) ┃  -53.95 ±  0.034        (13.5mi) ┃Vegas input parameters:
  ndim 7
  ncomp 1
  nvec 1
  epsrel 0
  epsabs 0
  flags 10
  seed 123456
  mineval 10000000
  maxeval 10000000
  nstart 1000000
  nincrease 1000000
  nbatch 5000
  gridno 0
  statefile ""

Iteration 1:  1000000 integrand evaluations so far
[1] 72.5981 +- 1.8536  	chisq 0 (0 df)

Iteration 2:  3000000 integrand evaluations so far
[1] 71.341 +- 0.520861  	chisq 0.499417 (1 df)

Iteration 3:  6000000 integrand evaluations so far
[1] 71.3478 +- 0.341853  	chisq 0.49972 (2 df)

Iteration 4:  10000000 integrand evaluations so far
[1] 71.3281 +- 0.253291  	chisq 0.507094 (3 df)
   71.33 ±   0.25        ( 40.8s) ┃  120.13 ±   0.26        (28.5mi) ┃
┃   68 -    70 ┃   34 -    35 ┃  97.208 ±  0.058        (7.99mi) ┃ -51.328 ±  0.038        (18.4mi) ┃Vegas input parameters:
  ndim 7
  ncomp 1
  nvec 1
  epsrel 0
  epsabs 0
  flags 10
  seed 123456
  mineval 10000000
  maxeval 10000000
  nstart 1000000
  nincrease 1000000
  nbatch 5000
  gridno 0
  statefile ""

Iteration 1:  1000000 integrand evaluations so far
[1] 71.5656 +- 1.82889  	chisq 0 (0 df)

Iteration 2:  3000000 integrand evaluations so far
[1] 70.0287 +- 0.515318  	chisq 0.767041 (1 df)

Iteration 3:  6000000 integrand evaluations so far
[1] 69.8774 +- 0.319356  	chisq 0.907071 (2 df)

Iteration 4:  10000000 integrand evaluations so far
[1] 70.1866 +- 0.235781  	chisq 2.96729 (3 df)
   70.19 ±   0.24        ( 39.3s) ┃  116.07 ±   0.25        (  27mi) ┃
┃   68 -    70 ┃   35 -    36 ┃  111.57 ±    0.1        ( 16.3s) ┃ -58.107 ±  0.025        (3.56mi) ┃Vegas input parameters:
  ndim 7
  ncomp 1
  nvec 1
  epsrel 0
  epsabs 0
  flags 10
  seed 123456
  mineval 10000000
  maxeval 10000000
  nstart 1000000
  nincrease 1000000
  nbatch 5000
  gridno 0
  statefile ""

Iteration 1:  1000000 integrand evaluations so far
[1] 68.616 +- 1.76612  	chisq 0 (0 df)

Iteration 2:  3000000 integrand evaluations so far
[1] 68.9489 +- 0.601094  	chisq 0.0401895 (1 df)

Iteration 3:  6000000 integrand evaluations so far
[1] 69.3212 +- 0.363945  	chisq 0.645848 (2 df)

Iteration 4:  10000000 integrand evaluations so far
[1] 69.0831 +- 0.254541  	chisq 1.4842 (3 df)
   69.08 ±   0.25        ( 39.7s) ┃  122.55 ±   0.28        (4.49mi) ┃
┃   68 -    70 ┃   36 -    37 ┃  86.257 ±  0.038        (3.86mi) ┃ -45.187 ±  0.026        (6.43mi) ┃Vegas input parameters:
  ndim 7
  ncomp 1
  nvec 1
  epsrel 0
  epsabs 0
  flags 10
  seed 123456
  mineval 10000000
  maxeval 10000000
  nstart 1000000
  nincrease 1000000
  nbatch 5000
  gridno 0
  statefile ""

Iteration 1:  1000000 integrand evaluations so far
[1] 67.8757 +- 1.74874  	chisq 0 (0 df)

Iteration 2:  3000000 integrand evaluations so far
[1] 67.071 +- 0.496756  	chisq 0.230318 (1 df)

Iteration 3:  6000000 integrand evaluations so far
[1] 67.5945 +- 0.309519  	chisq 2.0461 (2 df)

Iteration 4:  10000000 integrand evaluations so far
[1] 67.6005 +- 0.239802  	chisq 2.04703 (3 df)
    67.6 ±   0.24        (   40s) ┃  108.67 ±   0.24        (  11mi) ┃
┃   68 -    70 ┃   37 -    38 ┃  82.592 ±  0.073        (7.25mi) ┃ -42.421 ±   0.04        (1.81mi) ┃Vegas input parameters:
  ndim 7
  ncomp 1
  nvec 1
  epsrel 0
  epsabs 0
  flags 10
  seed 123456
  mineval 10000000
  maxeval 10000000
  nstart 1000000
  nincrease 1000000
  nbatch 5000
  gridno 0
  statefile ""

Iteration 1:  1000000 integrand evaluations so far
[1] 62.0534 +- 1.66319  	chisq 0 (0 df)

Iteration 2:  3000000 integrand evaluations so far
[1] 65.7683 +- 0.489321  	chisq 5.46168 (1 df)

Iteration 3:  6000000 integrand evaluations so far
[1] 66.3287 +- 0.318334  	chisq 7.73577 (2 df)

Iteration 4:  10000000 integrand evaluations so far
[1] 66.5264 +- 0.23561  	chisq 8.58829 (3 df)
   66.53 ±   0.24        ( 39.9s) ┃   106.7 ±   0.25        (9.73mi) ┃
┃   68 -    70 ┃   38 -    39 ┃ 100.994 ±   0.09        (7.42mi) ┃ -52.659 ±  0.043        (6.59mi) ┃Vegas input parameters:
  ndim 7
  ncomp 1
  nvec 1
  epsrel 0
  epsabs 0
  flags 10
  seed 123456
  mineval 10000000
  maxeval 10000000
  nstart 1000000
  nincrease 1000000
  nbatch 5000
  gridno 0
  statefile ""

Iteration 1:  1000000 integrand evaluations so far
[1] 67.617 +- 1.72877  	chisq 0 (0 df)

Iteration 2:  3000000 integrand evaluations so far
[1] 65.7963 +- 0.487302  	chisq 1.20491 (1 df)

Iteration 3:  6000000 integrand evaluations so far
[1] 65.7203 +- 0.302339  	chisq 1.24446 (2 df)

Iteration 4:  10000000 integrand evaluations so far
[1] 65.906 +- 0.229791  	chisq 2.13789 (3 df)
   65.91 ±   0.23        ( 40.1s) ┃  114.24 ±   0.25        (14.7mi) ┃
┃   68 -    70 ┃   39 -    40 ┃  91.167 ±  0.042        ( 7.7mi) ┃ -47.816 ±  0.043        (13.4mi) ┃Vegas input parameters:
  ndim 7
  ncomp 1
  nvec 1
  epsrel 0
  epsabs 0
  flags 10
  seed 123456
  mineval 10000000
  maxeval 10000000
  nstart 1000000
  nincrease 1000000
  nbatch 5000
  gridno 0
  statefile ""

Iteration 1:  1000000 integrand evaluations so far
[1] 66.5545 +- 1.72354  	chisq 0 (0 df)

Iteration 2:  3000000 integrand evaluations so far
[1] 65.0116 +- 0.480277  	chisq 0.868766 (1 df)

Iteration 3:  6000000 integrand evaluations so far
[1] 65.2709 +- 0.29931  	chisq 1.3453 (2 df)

Iteration 4:  10000000 integrand evaluations so far
[1] 64.9626 +- 0.227455  	chisq 3.85702 (3 df)
   64.96 ±   0.23        (   40s) ┃  108.31 ±   0.24        (21.8mi) ┃
┃   68 -    70 ┃   40 -    41 ┃  79.953 ±  0.057        (3.95mi) ┃ -42.196 ±   0.02        (26.2mi) ┃Vegas input parameters:
  ndim 7
  ncomp 1
  nvec 1
  epsrel 0
  epsabs 0
  flags 10
  seed 123456
  mineval 10000000
  maxeval 10000000
  nstart 1000000
  nincrease 1000000
  nbatch 5000
  gridno 0
  statefile ""

Iteration 1:  1000000 integrand evaluations so far
[1] 62.8724 +- 1.65313  	chisq 0 (0 df)

Iteration 2:  3000000 integrand evaluations so far
[1] 64.6023 +- 0.478186  	chisq 1.195 (1 df)

Iteration 3:  6000000 integrand evaluations so far
[1] 64.1982 +- 0.295837  	chisq 2.35218 (2 df)

Iteration 4:  10000000 integrand evaluations so far
[1] 64.1103 +- 0.217718  	chisq 2.54491 (3 df)
   64.11 ±   0.22        ( 40.2s) ┃  101.87 ±   0.23        (30.8mi) ┃
┃   68 -    70 ┃   41 -    42 ┃  91.491 ±   0.03        (3.72mi) ┃ -47.983 ±  0.034        (1.69mi) ┃Vegas input parameters:
  ndim 7
  ncomp 1
  nvec 1
  epsrel 0
  epsabs 0
  flags 10
  seed 123456
  mineval 10000000
  maxeval 10000000
  nstart 1000000
  nincrease 1000000
  nbatch 5000
  gridno 0
  statefile ""

Iteration 1:  1000000 integrand evaluations so far
[1] 64.9938 +- 1.66714  	chisq 0 (0 df)

Iteration 2:  3000000 integrand evaluations so far
[1] 63.5186 +- 0.469588  	chisq 0.85048 (1 df)

Iteration 3:  6000000 integrand evaluations so far
[1] 63.826 +- 0.29287  	chisq 1.55196 (2 df)

Iteration 4:  10000000 integrand evaluations so far
[1] 63.5148 +- 0.215537  	chisq 4.01497 (3 df)
   63.51 ±   0.22        ( 39.4s) ┃  107.02 ±   0.22        (6.07mi) ┃
┃   68 -    70 ┃   42 -    43 ┃  86.784 ±  0.056        ( 59.5s) ┃ -45.509 ±  0.021        (6.69mi) ┃Vegas input parameters:
  ndim 7
  ncomp 1
  nvec 1
  epsrel 0
  epsabs 0
  flags 10
  seed 123456
  mineval 10000000
  maxeval 10000000
  nstart 1000000
  nincrease 1000000
  nbatch 5000
  gridno 0
  statefile ""

Iteration 1:  1000000 integrand evaluations so far
[1] 63.7021 +- 1.65637  	chisq 0 (0 df)

Iteration 2:  3000000 integrand evaluations so far
[1] 62.6403 +- 0.463424  	chisq 0.44579 (1 df)

Iteration 3:  6000000 integrand evaluations so far
[1] 62.7431 +- 0.288541  	chisq 0.526171 (2 df)

Iteration 4:  10000000 integrand evaluations so far
[1] 62.7451 +- 0.222687  	chisq 0.526281 (3 df)
   62.75 ±   0.22        ( 40.2s) ┃  104.02 ±   0.23        (8.35mi) ┃
┃   68 -    70 ┃   43 -    44 ┃   84.02 ±  0.035        (1.98mi) ┃-43.8295 ± 0.0087        (13.5mi) ┃Vegas input parameters:
  ndim 7
  ncomp 1
  nvec 1
  epsrel 0
  epsabs 0
  flags 10
  seed 123456
  mineval 10000000
  maxeval 10000000
  nstart 1000000
  nincrease 1000000
  nbatch 5000
  gridno 0
  statefile ""

Iteration 1:  1000000 integrand evaluations so far
[1] 59.228 +- 1.56917  	chisq 0 (0 df)

Iteration 2:  3000000 integrand evaluations so far
[1] 62.2117 +- 0.463224  	chisq 3.96071 (1 df)

Iteration 3:  6000000 integrand evaluations so far
[1] 61.5987 +- 0.285779  	chisq 6.78808 (2 df)

Iteration 4:  10000000 integrand evaluations so far
[1] 61.5851 +- 0.21799  	chisq 6.79345 (3 df)
   61.59 ±   0.22        (   40s) ┃  101.78 ±   0.22        (16.1mi) ┃
┃   68 -    70 ┃   44 -    45 ┃  77.576 ±   0.04        (7.24mi) ┃ -40.703 ±  0.016        (52.6mi) ┃Vegas input parameters:
  ndim 7
  ncomp 1
  nvec 1
  epsrel 0
  epsabs 0
  flags 10
  seed 123456
  mineval 10000000
  maxeval 10000000
  nstart 1000000
  nincrease 1000000
  nbatch 5000
  gridno 0
  statefile ""

Iteration 1:  1000000 integrand evaluations so far
[1] 59.357 +- 1.56606  	chisq 0 (0 df)

Iteration 2:  3000000 integrand evaluations so far
[1] 59.7629 +- 0.453435  	chisq 0.0732977 (1 df)

Iteration 3:  6000000 integrand evaluations so far
[1] 59.4662 +- 0.289939  	chisq 0.797499 (2 df)

Iteration 4:  10000000 integrand evaluations so far
[1] 59.2601 +- 0.213244  	chisq 1.89821 (3 df)
   59.26 ±   0.21        ( 39.6s) ┃   96.13 ±   0.22        (1.01hr) ┃
┃   68 -    70 ┃   45 -    46 ┃  98.091 ±  0.018        (7.22mi) ┃ -51.123 ±  0.022        ( 54.8s) ┃Vegas input parameters:
  ndim 7
  ncomp 1
  nvec 1
  epsrel 0
  epsabs 0
  flags 10
  seed 123456
  mineval 10000000
  maxeval 10000000
  nstart 1000000
  nincrease 1000000
  nbatch 5000
  gridno 0
  statefile ""

Iteration 1:  1000000 integrand evaluations so far
[1] 57.2076 +- 1.54573  	chisq 0 (0 df)

Iteration 2:  3000000 integrand evaluations so far
[1] 56.614 +- 0.434888  	chisq 0.160177 (1 df)

Iteration 3:  6000000 integrand evaluations so far
[1] 56.7525 +- 0.287102  	chisq 0.339904 (2 df)

Iteration 4:  10000000 integrand evaluations so far
[1] 56.5793 +- 0.213874  	chisq 1.15704 (3 df)
   56.58 ±   0.21        ( 39.2s) ┃  103.55 ±   0.22        (8.79mi) ┃
┃   68 -    70 ┃   46 -    47 ┃  75.645 ±  0.065        (3.88mi) ┃ -39.627 ±  0.018        (51.6mi) ┃Vegas input parameters:
  ndim 7
  ncomp 1
  nvec 1
  epsrel 0
  epsabs 0
  flags 10
  seed 123456
  mineval 10000000
  maxeval 10000000
  nstart 1000000
  nincrease 1000000
  nbatch 5000
  gridno 0
  statefile ""

Iteration 1:  1000000 integrand evaluations so far
[1] 55.4676 +- 1.52048  	chisq 0 (0 df)

Iteration 2:  3000000 integrand evaluations so far
[1] 54.8376 +- 0.426684  	chisq 0.186346 (1 df)

Iteration 3:  6000000 integrand evaluations so far
[1] 54.5972 +- 0.264556  	chisq 0.702206 (2 df)

Iteration 4:  10000000 integrand evaluations so far
[1] 54.6044 +- 0.200068  	chisq 0.703918 (3 df)
    54.6 ±    0.2        ( 38.9s) ┃   90.62 ±   0.21        (56.1mi) ┃
┃   68 -    70 ┃   47 -    48 ┃  67.595 ±  0.059        (2.04mi) ┃-35.2475 ± 0.0063        (3.27mi) ┃Vegas input parameters:
  ndim 7
  ncomp 1
  nvec 1
  epsrel 0
  epsabs 0
  flags 10
  seed 123456
  mineval 10000000
  maxeval 10000000
  nstart 1000000
  nincrease 1000000
  nbatch 5000
  gridno 0
  statefile ""

Iteration 1:  1000000 integrand evaluations so far
[1] 50.8305 +- 1.4411  	chisq 0 (0 df)

Iteration 2:  3000000 integrand evaluations so far
[1] 53.4804 +- 0.420661  	chisq 3.69605 (1 df)

Iteration 3:  6000000 integrand evaluations so far
[1] 53.2877 +- 0.265773  	chisq 4.04518 (2 df)

Iteration 4:  10000000 integrand evaluations so far
[1] 52.9378 +- 0.196812  	chisq 7.88389 (3 df)
   52.94 ±    0.2        ( 39.4s) ┃   85.29 ±   0.21        (5.97mi) ┃
┃   68 -    70 ┃   48 -    49 ┃  77.136 ±  0.031        (7.18mi) ┃ -40.583 ±  0.036        (3.28mi) ┃Vegas input parameters:
  ndim 7
  ncomp 1
  nvec 1
  epsrel 0
  epsabs 0
  flags 10
  seed 123456
  mineval 10000000
  maxeval 10000000
  nstart 1000000
  nincrease 1000000
  nbatch 5000
  gridno 0
  statefile ""

Iteration 1:  1000000 integrand evaluations so far
[1] 47.647 +- 1.38184  	chisq 0 (0 df)

Iteration 2:  3000000 integrand evaluations so far
[1] 51.6359 +- 0.410913  	chisq 9.1413 (1 df)

Iteration 3:  6000000 integrand evaluations so far
[1] 51.693 +- 0.254753  	chisq 9.17262 (2 df)

Iteration 4:  10000000 integrand evaluations so far
[1] 51.5531 +- 0.19249  	chisq 9.87512 (3 df)
   51.55 ±   0.19        ( 39.4s) ┃   88.11 ±    0.2        (11.1mi) ┃
┃   68 -    70 ┃   49 -    50 ┃  91.847 ±  0.052        (7.12mi) ┃ -47.831 ±  0.013        (  12mi) ┃Vegas input parameters:
  ndim 7
  ncomp 1
  nvec 1
  epsrel 0
  epsabs 0
  flags 10
  seed 123456
  mineval 10000000
  maxeval 10000000
  nstart 1000000
  nincrease 1000000
  nbatch 5000
  gridno 0
  statefile ""

Iteration 1:  1000000 integrand evaluations so far
[1] 50.4203 +- 1.43617  	chisq 0 (0 df)

Iteration 2:  3000000 integrand evaluations so far
[1] 50.1435 +- 0.398344  	chisq 0.0402326 (1 df)

Iteration 3:  6000000 integrand evaluations so far
[1] 50.2747 +- 0.252531  	chisq 0.221654 (2 df)

Iteration 4:  10000000 integrand evaluations so far
[1] 50.1462 +- 0.189326  	chisq 0.813262 (3 df)
   50.15 ±   0.19        ( 38.1s) ┃   94.16 ±    0.2        (19.7mi) ┃
┃   68 -    70 ┃   50 -    51 ┃  66.113 ±  0.044        ( 3.8mi) ┃ -34.517 ±  0.025        (6.65mi) ┃Vegas input parameters:
  ndim 7
  ncomp 1
  nvec 1
  epsrel 0
  epsabs 0
  flags 10
  seed 123456
  mineval 10000000
  maxeval 10000000
  nstart 1000000
  nincrease 1000000
  nbatch 5000
  gridno 0
  statefile ""

Iteration 1:  1000000 integrand evaluations so far
[1] 50.5425 +- 1.42835  	chisq 0 (0 df)

Iteration 2:  3000000 integrand evaluations so far
[1] 49.4712 +- 0.446933  	chisq 0.62361 (1 df)

Iteration 3:  6000000 integrand evaluations so far
[1] 49.711 +- 0.271095  	chisq 1.0789 (2 df)

Iteration 4:  10000000 integrand evaluations so far
[1] 49.2898 +- 0.191789  	chisq 5.91101 (3 df)
   49.29 ±   0.19        ( 38.7s) ┃   80.89 ±    0.2        (11.1mi) ┃
┃   68 -    70 ┃   51 -    52 ┃  70.299 ±  0.014        (6.56mi) ┃ -36.928 ±  0.034        (12.6mi) ┃Vegas input parameters:
  ndim 7
  ncomp 1
  nvec 1
  epsrel 0
  epsabs 0
  flags 10
  seed 123456
  mineval 10000000
  maxeval 10000000
  nstart 1000000
  nincrease 1000000
  nbatch 5000
  gridno 0
  statefile ""

Iteration 1:  1000000 integrand evaluations so far
[1] 47.3348 +- 1.3757  	chisq 0 (0 df)

Iteration 2:  3000000 integrand evaluations so far
[1] 48.2866 +- 0.387834  	chisq 0.519974 (1 df)

Iteration 3:  6000000 integrand evaluations so far
[1] 48.2085 +- 0.253964  	chisq 0.590873 (2 df)

Iteration 4:  10000000 integrand evaluations so far
[1] 48.1936 +- 0.1914  	chisq 0.598858 (3 df)
   48.19 ±   0.19        ( 39.3s) ┃   81.57 ±   0.19        (19.8mi) ┃
┃   68 -    70 ┃   52 -    53 ┃   75.62 ±  0.013        (1.93mi) ┃ -39.722 ±  0.027        (12.7mi) ┃Vegas input parameters:
  ndim 7
  ncomp 1
  nvec 1
  epsrel 0
  epsabs 0
  flags 10
  seed 123456
  mineval 10000000
  maxeval 10000000
  nstart 1000000
  nincrease 1000000
  nbatch 5000
  gridno 0
  statefile ""

Iteration 1:  1000000 integrand evaluations so far
[1] 47.257 +- 1.37288  	chisq 0 (0 df)

Iteration 2:  3000000 integrand evaluations so far
[1] 46.8485 +- 0.380897  	chisq 0.0958825 (1 df)

Iteration 3:  6000000 integrand evaluations so far
[1] 47.1963 +- 0.247904  	chisq 1.54235 (2 df)

Iteration 4:  10000000 integrand evaluations so far
[1] 47.1523 +- 0.182655  	chisq 1.61142 (3 df)
   47.15 ±   0.18        ( 40.1s) ┃   83.05 ±   0.19        (15.3mi) ┃
┃   68 -    70 ┃   53 -    54 ┃  74.133 ±  0.069        (2.86mi) ┃ -38.716 ±  0.037        (5.79mi) ┃Vegas input parameters:
  ndim 7
  ncomp 1
  nvec 1
  epsrel 0
  epsabs 0
  flags 10
  seed 123456
  mineval 10000000
  maxeval 10000000
  nstart 1000000
  nincrease 1000000
  nbatch 5000
  gridno 0
  statefile ""

Iteration 1:  1000000 integrand evaluations so far
[1] 46.0166 +- 1.34586  	chisq 0 (0 df)

Iteration 2:  3000000 integrand evaluations so far
[1] 46.7007 +- 0.37889  	chisq 0.280632 (1 df)

Iteration 3:  6000000 integrand evaluations so far
[1] 46.4689 +- 0.23369  	chisq 0.884764 (2 df)

Iteration 4:  10000000 integrand evaluations so far
[1] 46.2389 +- 0.176626  	chisq 3.14413 (3 df)
   46.24 ±   0.18        ( 36.7s) ┃   81.66 ±   0.19        (9.26mi) ┃
┃   68 -    70 ┃   54 -    55 ┃  64.001 ±  0.055        (3.58mi) ┃-33.3299 ± 0.0045        (47.4mi) ┃Vegas input parameters:
  ndim 7
  ncomp 1
  nvec 1
  epsrel 0
  epsabs 0
  flags 10
  seed 123456
  mineval 10000000
  maxeval 10000000
  nstart 1000000
  nincrease 1000000
  nbatch 5000
  gridno 0
  statefile ""

Iteration 1:  1000000 integrand evaluations so far
[1] 42.816 +- 1.29043  	chisq 0 (0 df)

Iteration 2:  3000000 integrand evaluations so far
[1] 45.017 +- 0.373796  	chisq 3.17586 (1 df)

Iteration 3:  6000000 integrand evaluations so far
[1] 45.4675 +- 0.243706  	chisq 5.70196 (2 df)

Iteration 4:  10000000 integrand evaluations so far
[1] 45.5208 +- 0.180345  	chisq 5.80759 (3 df)
   45.52 ±   0.18        ( 38.2s) ┃   76.19 ±   0.19        (51.7mi) ┃
┃   68 -    70 ┃   55 -    56 ┃  65.792 ±   0.02        (6.41mi) ┃  -34.52 ±  0.015        (12.6mi) ┃Vegas input parameters:
  ndim 7
  ncomp 1
  nvec 1
  epsrel 0
  epsabs 0
  flags 10
  seed 123456
  mineval 10000000
  maxeval 10000000
  nstart 1000000
  nincrease 1000000
  nbatch 5000
  gridno 0
  statefile ""

Iteration 1:  1000000 integrand evaluations so far
[1] 44.7929 +- 1.32713  	chisq 0 (0 df)

Iteration 2:  3000000 integrand evaluations so far
[1] 44.8902 +- 0.370887  	chisq 0.00583128 (1 df)

Iteration 3:  6000000 integrand evaluations so far
[1] 44.7939 +- 0.230354  	chisq 0.11556 (2 df)

Iteration 4:  10000000 integrand evaluations so far
[1] 44.8309 +- 0.169346  	chisq 0.171694 (3 df)
   44.83 ±   0.17        ( 38.5s) ┃    76.1 ±   0.17        (19.6mi) ┃
┃   68 -    70 ┃   56 -    57 ┃  81.766 ±  0.026        (2.79mi) ┃ -42.446 ±  0.025        (23.9mi) ┃Vegas input parameters:
  ndim 7
  ncomp 1
  nvec 1
  epsrel 0
  epsabs 0
  flags 10
  seed 123456
  mineval 10000000
  maxeval 10000000
  nstart 1000000
  nincrease 1000000
  nbatch 5000
  gridno 0
  statefile ""

Iteration 1:  1000000 integrand evaluations so far
[1] 44.792 +- 1.3355  	chisq 0 (0 df)

Iteration 2:  3000000 integrand evaluations so far
[1] 44.4694 +- 0.366221  	chisq 0.0630983 (1 df)

Iteration 3:  6000000 integrand evaluations so far
[1] 44.1625 +- 0.238134  	chisq 1.28019 (2 df)

Iteration 4:  10000000 integrand evaluations so far
[1] 44.0287 +- 0.175209  	chisq 1.96852 (3 df)
   44.03 ±   0.18        ( 38.3s) ┃   83.35 ±   0.18        (27.3mi) ┃
┃   68 -    70 ┃   57 -    58 ┃  57.226 ±  0.027        (2.06mi) ┃-29.9781 ± 0.0078        (5.85mi) ┃Vegas input parameters:
  ndim 7
  ncomp 1
  nvec 1
  epsrel 0
  epsabs 0
  flags 10
  seed 123456
  mineval 10000000
  maxeval 10000000
  nstart 1000000
  nincrease 1000000
  nbatch 5000
  gridno 0
  statefile ""

Iteration 1:  1000000 integrand evaluations so far
[1] 43.4087 +- 1.31014  	chisq 0 (0 df)

Iteration 2:  3000000 integrand evaluations so far
[1] 43.6691 +- 0.359577  	chisq 0.042702 (1 df)

Iteration 3:  6000000 integrand evaluations so far
[1] 43.3699 +- 0.221498  	chisq 1.15801 (2 df)

Iteration 4:  10000000 integrand evaluations so far
[1] 43.3683 +- 0.164445  	chisq 1.15813 (3 df)
   43.37 ±   0.16        ( 36.2s) ┃   70.62 ±   0.17        (8.52mi) ┃
┃   68 -    70 ┃   58 -    59 ┃  54.922 ±  0.016        (2.12mi) ┃-28.7162 ± 0.0058        (21.9mi) ┃Vegas input parameters:
  ndim 7
  ncomp 1
  nvec 1
  epsrel 0
  epsabs 0
  flags 10
  seed 123456
  mineval 10000000
  maxeval 10000000
  nstart 1000000
  nincrease 1000000
  nbatch 5000
  gridno 0
  statefile ""

Iteration 1:  1000000 integrand evaluations so far
[1] 44.2454 +- 1.32752  	chisq 0 (0 df)

Iteration 2:  3000000 integrand evaluations so far
[1] 43.508 +- 0.356181  	chisq 0.332532 (1 df)

Iteration 3:  6000000 integrand evaluations so far
[1] 42.983 +- 0.219764  	chisq 3.84039 (2 df)

Iteration 4:  10000000 integrand evaluations so far
[1] 42.8288 +- 0.164568  	chisq 4.96164 (3 df)
   42.83 ±   0.16        ( 37.9s) ┃   69.03 ±   0.17        (24.7mi) ┃
┃   68 -    70 ┃   59 -    60 ┃  67.624 ±  0.024        ( 6.3mi) ┃-35.5107 ±  0.007        (22.4mi) ┃Vegas input parameters:
  ndim 7
  ncomp 1
  nvec 1
  epsrel 0
  epsabs 0
  flags 10
  seed 123456
  mineval 10000000
  maxeval 10000000
  nstart 1000000
  nincrease 1000000
  nbatch 5000
  gridno 0
  statefile ""

Iteration 1:  1000000 integrand evaluations so far
[1] 42.7712 +- 1.30504  	chisq 0 (0 df)

Iteration 2:  3000000 integrand evaluations so far
[1] 41.8933 +- 0.346774  	chisq 0.486876 (1 df)

Iteration 3:  6000000 integrand evaluations so far
[1] 41.6438 +- 0.214389  	chisq 1.32482 (2 df)

Iteration 4:  10000000 integrand evaluations so far
[1] 41.779 +- 0.16191  	chisq 2.25074 (3 df)
   41.78 ±   0.16        ( 36.7s) ┃   73.89 ±   0.16        (29.3mi) ┃
┃   70 -    72 ┃   25 -    26 ┃  90.029 ±  0.039        (7.11mi) ┃ -47.011 ±  0.031        (23.5mi) ┃Vegas input parameters:
  ndim 7
  ncomp 1
  nvec 1
  epsrel 0
  epsabs 0
  flags 10
  seed 123456
  mineval 10000000
  maxeval 10000000
  nstart 1000000
  nincrease 1000000
  nbatch 5000
  gridno 0
  statefile ""

Iteration 1:  1000000 integrand evaluations so far
[1] 79.5289 +- 2.01054  	chisq 0 (0 df)

Iteration 2:  3000000 integrand evaluations so far
[1] 80.3533 +- 0.572609  	chisq 0.182949 (1 df)

Iteration 3:  6000000 integrand evaluations so far
[1] 80.7094 +- 0.367813  	chisq 0.841299 (2 df)

Iteration 4:  10000000 integrand evaluations so far
[1] 80.6437 +- 0.272474  	chisq 0.911902 (3 df)
   80.64 ±   0.27        ( 37.9s) ┃  123.66 ±   0.28        (31.2mi) ┃
┃   70 -    72 ┃   26 -    27 ┃  87.518 ±  0.039        (1.99mi) ┃ -45.795 ±  0.019        (6.54mi) ┃Vegas input parameters:
  ndim 7
  ncomp 1
  nvec 1
  epsrel 0
  epsabs 0
  flags 10
  seed 123456
  mineval 10000000
  maxeval 10000000
  nstart 1000000
  nincrease 1000000
  nbatch 5000
  gridno 0
  statefile ""

Iteration 1:  1000000 integrand evaluations so far
[1] 79.0026 +- 1.97907  	chisq 0 (0 df)

Iteration 2:  3000000 integrand evaluations so far
[1] 77.9576 +- 0.554631  	chisq 0.302543 (1 df)

Iteration 3:  6000000 integrand evaluations so far
[1] 77.7007 +- 0.344377  	chisq 0.651722 (2 df)

Iteration 4:  10000000 integrand evaluations so far
[1] 77.6608 +- 0.262044  	chisq 0.683601 (3 df)
   77.66 ±   0.26        ( 38.2s) ┃  119.38 ±   0.27        (9.17mi) ┃
┃   70 -    72 ┃   27 -    28 ┃  79.271 ±  0.041        (7.45mi) ┃ -41.369 ±  0.028        (12.6mi) ┃Vegas input parameters:
  ndim 7
  ncomp 1
  nvec 1
  epsrel 0
  epsabs 0
  flags 10
  seed 123456
  mineval 10000000
  maxeval 10000000
  nstart 1000000
  nincrease 1000000
  nbatch 5000
  gridno 0
  statefile ""

Iteration 1:  1000000 integrand evaluations so far
[1] 77.0094 +- 1.92401  	chisq 0 (0 df)

Iteration 2:  3000000 integrand evaluations so far
[1] 74.2316 +- 0.537506  	chisq 2.26091 (1 df)

Iteration 3:  6000000 integrand evaluations so far
[1] 74.7713 +- 0.335436  	chisq 3.91223 (2 df)

Iteration 4:  10000000 integrand evaluations so far
[1] 75.0452 +- 0.273755  	chisq 5.90916 (3 df)
   75.05 ±   0.27        (   38s) ┃  112.95 ±   0.28        (20.7mi) ┃
┃   70 -    72 ┃   28 -    29 ┃  88.686 ±  0.072        (1.82mi) ┃ -46.758 ±   0.04        (11.2mi) ┃Vegas input parameters:
  ndim 7
  ncomp 1
  nvec 1
  epsrel 0
  epsabs 0
  flags 10
  seed 123456
  mineval 10000000
  maxeval 10000000
  nstart 1000000
  nincrease 1000000
  nbatch 5000
  gridno 0
  statefile ""

Iteration 1:  1000000 integrand evaluations so far
[1] 71.6966 +- 1.84271  	chisq 0 (0 df)

Iteration 2:  3000000 integrand evaluations so far
[1] 72.1437 +- 0.527076  	chisq 0.0641306 (1 df)

Iteration 3:  6000000 integrand evaluations so far
[1] 72.2548 +- 0.327673  	chisq 0.136443 (2 df)

Iteration 4:  10000000 integrand evaluations so far
[1] 72.4616 +- 0.251591  	chisq 1.10707 (3 df)
   72.46 ±   0.25        ( 38.6s) ┃  114.39 ±   0.26        (13.6mi) ┃
┃   70 -    72 ┃   29 -    30 ┃  81.657 ±  0.064        (1.03mi) ┃ -42.643 ±  0.039        (21.8mi) ┃Vegas input parameters:
  ndim 7
  ncomp 1
  nvec 1
  epsrel 0
  epsabs 0
  flags 10
  seed 123456
  mineval 10000000
  maxeval 10000000
  nstart 1000000
  nincrease 1000000
  nbatch 5000
  gridno 0
  statefile ""

Iteration 1:  1000000 integrand evaluations so far
[1] 73.4258 +- 1.86268  	chisq 0 (0 df)

Iteration 2:  3000000 integrand evaluations so far
[1] 70.9719 +- 0.519362  	chisq 1.88193 (1 df)

Iteration 3:  6000000 integrand evaluations so far
[1] 70.6099 +- 0.321698  	chisq 2.67008 (2 df)

Iteration 4:  10000000 integrand evaluations so far
[1] 70.679 +- 0.256318  	chisq 2.79643 (3 df)
   70.68 ±   0.26        ( 37.1s) ┃  109.69 ±   0.27        (23.4mi) ┃
┃   70 -    72 ┃   30 -    31 ┃   84.31 ±  0.062        ( 7.1mi) ┃-44.1954 ± 0.0065        (46.6mi) ┃Vegas input parameters:
  ndim 7
  ncomp 1
  nvec 1
  epsrel 0
  epsabs 0
  flags 10
  seed 123456
  mineval 10000000
  maxeval 10000000
  nstart 1000000
  nincrease 1000000
  nbatch 5000
  gridno 0
  statefile ""

Iteration 1:  1000000 integrand evaluations so far
[1] 68.8959 +- 1.78894  	chisq 0 (0 df)

Iteration 2:  3000000 integrand evaluations so far
[1] 69.1773 +- 0.505158  	chisq 0.0268874 (1 df)

Iteration 3:  6000000 integrand evaluations so far
[1] 69.2854 +- 0.332762  	chisq 0.107822 (2 df)

Iteration 4:  10000000 integrand evaluations so far
[1] 69.3493 +- 0.247548  	chisq 0.190248 (3 df)
   69.35 ±   0.25        ( 34.6s) ┃  109.46 ±   0.26        (54.3mi) ┃
┃   70 -    72 ┃   31 -    32 ┃  75.674 ±  0.073        (6.69mi) ┃ -39.809 ±  0.038        (20.2mi) ┃Vegas input parameters:
  ndim 7
  ncomp 1
  nvec 1
  epsrel 0
  epsabs 0
  flags 10
  seed 123456
  mineval 10000000
  maxeval 10000000
  nstart 1000000
  nincrease 1000000
  nbatch 5000
  gridno 0
  statefile ""

Iteration 1:  1000000 integrand evaluations so far
[1] 70.0818 +- 1.76963  	chisq 0 (0 df)

Iteration 2:  3000000 integrand evaluations so far
[1] 67.6343 +- 0.496142  	chisq 2.07603 (1 df)

Iteration 3:  6000000 integrand evaluations so far
[1] 67.8308 +- 0.349201  	chisq 2.38692 (2 df)

Iteration 4:  10000000 integrand evaluations so far
[1] 67.9272 +- 0.260422  	chisq 2.55856 (3 df)
   67.93 ±   0.26        ( 39.9s) ┃  103.79 ±   0.27        (27.6mi) ┃
┃   70 -    72 ┃   32 -    33 ┃   85.56 ±  0.043        (2.09mi) ┃ -44.666 ±  0.029        (22.7mi) ┃Vegas input parameters:
  ndim 7
  ncomp 1
  nvec 1
  epsrel 0
  epsabs 0
  flags 10
  seed 123456
  mineval 10000000
  maxeval 10000000
  nstart 1000000
  nincrease 1000000
  nbatch 5000
  gridno 0
  statefile ""

Iteration 1:  1000000 integrand evaluations so far
[1] 64.814 +- 1.70033  	chisq 0 (0 df)

Iteration 2:  3000000 integrand evaluations so far
[1] 65.5082 +- 0.485505  	chisq 0.181501 (1 df)

Iteration 3:  6000000 integrand evaluations so far
[1] 66.133 +- 0.303394  	chisq 2.89863 (2 df)

Iteration 4:  10000000 integrand evaluations so far
[1] 66.1511 +- 0.223489  	chisq 2.90646 (3 df)
   66.15 ±   0.22        (   37s) ┃  107.04 ±   0.23        (25.5mi) ┃
┃   70 -    72 ┃   33 -    34 ┃  82.342 ±  0.075        (2.89mi) ┃ -43.042 ±   0.04        (6.15mi) ┃Vegas input parameters:
  ndim 7
  ncomp 1
  nvec 1
  epsrel 0
  epsabs 0
  flags 10
  seed 123456
  mineval 10000000
  maxeval 10000000
  nstart 1000000
  nincrease 1000000
  nbatch 5000
  gridno 0
  statefile ""

Iteration 1:  1000000 integrand evaluations so far
[1] 64.7267 +- 1.69759  	chisq 0 (0 df)

Iteration 2:  3000000 integrand evaluations so far
[1] 64.9315 +- 0.479414  	chisq 0.0158046 (1 df)

Iteration 3:  6000000 integrand evaluations so far
[1] 65.0121 +- 0.323411  	chisq 0.067719 (2 df)

Iteration 4:  10000000 integrand evaluations so far
[1] 65.3316 +- 0.239304  	chisq 2.22503 (3 df)
   65.33 ±   0.24        ( 37.5s) ┃  104.63 ±   0.25        (9.67mi) ┃
┃   70 -    72 ┃   34 -    35 ┃  77.397 ±  0.058        (11.4mi) ┃ -41.232 ±   0.04        (4.93mi) ┃Vegas input parameters:
  ndim 7
  ncomp 1
  nvec 1
  epsrel 0
  epsabs 0
  flags 10
  seed 123456
  mineval 10000000
  maxeval 10000000
  nstart 1000000
  nincrease 1000000
  nbatch 5000
  gridno 0
  statefile ""

Iteration 1:  1000000 integrand evaluations so far
[1] 66.7145 +- 1.70883  	chisq 0 (0 df)

Iteration 2:  3000000 integrand evaluations so far
[1] 63.2755 +- 0.470577  	chisq 4.38244 (1 df)

Iteration 3:  6000000 integrand evaluations so far
[1] 63.592 +- 0.292985  	chisq 5.12113 (2 df)

Iteration 4:  10000000 integrand evaluations so far
[1] 63.6344 +- 0.216016  	chisq 5.16693 (3 df)
   63.63 ±   0.22        ( 35.5s) ┃    99.8 ±   0.23        (  17mi) ┃
┃   70 -    72 ┃   35 -    36 ┃  98.017 ±  0.094        (  12mi) ┃  -51.02 ±  0.044        (1.01hr) ┃Vegas input parameters:
  ndim 7
  ncomp 1
  nvec 1
  epsrel 0
  epsabs 0
  flags 10
  seed 123456
  mineval 10000000
  maxeval 10000000
  nstart 1000000
  nincrease 1000000
  nbatch 5000
  gridno 0
  statefile ""

Iteration 1:  1000000 integrand evaluations so far
[1] 62.2963 +- 1.6216  	chisq 0 (0 df)

Iteration 2:  3000000 integrand evaluations so far
[1] 63.1044 +- 0.465527  	chisq 0.270638 (1 df)

Iteration 3:  6000000 integrand evaluations so far
[1] 62.8727 +- 0.28849  	chisq 0.672553 (2 df)

Iteration 4:  10000000 integrand evaluations so far
[1] 63.0963 +- 0.228718  	chisq 2.28981 (3 df)
    63.1 ±   0.23        ( 37.1s) ┃  110.09 ±   0.25        (1.21hr) ┃
┃   70 -    72 ┃   36 -    37 ┃  75.272 ±  0.066        (2.62mi) ┃ -39.386 ±  0.036        ( 1.2mi) ┃Vegas input parameters:
  ndim 7
  ncomp 1
  nvec 1
  epsrel 0
  epsabs 0
  flags 10
  seed 123456
  mineval 10000000
  maxeval 10000000
  nstart 1000000
  nincrease 1000000
  nbatch 5000
  gridno 0
  statefile ""

Iteration 1:  1000000 integrand evaluations so far
[1] 61.1996 +- 1.60399  	chisq 0 (0 df)

Iteration 2:  3000000 integrand evaluations so far
[1] 61.3617 +- 0.457314  	chisq 0.0111193 (1 df)

Iteration 3:  6000000 integrand evaluations so far
[1] 61.7746 +- 0.296596  	chisq 1.41823 (2 df)

Iteration 4:  10000000 integrand evaluations so far
[1] 61.8373 +- 0.219004  	chisq 1.51645 (3 df)
   61.84 ±   0.22        ( 37.7s) ┃   97.72 ±   0.23        (4.44mi) ┃
┃   70 -    72 ┃   37 -    38 ┃  68.282 ±  0.027        ( 57.7s) ┃ -36.162 ±  0.018        (5.14mi) ┃Vegas input parameters:
  ndim 7
  ncomp 1
  nvec 1
  epsrel 0
  epsabs 0
  flags 10
  seed 123456
  mineval 10000000
  maxeval 10000000
  nstart 1000000
  nincrease 1000000
  nbatch 5000
  gridno 0
  statefile ""

Iteration 1:  1000000 integrand evaluations so far
[1] 59.0113 +- 1.57313  	chisq 0 (0 df)

Iteration 2:  3000000 integrand evaluations so far
[1] 60.571 +- 0.452772  	chisq 1.07187 (1 df)

Iteration 3:  6000000 integrand evaluations so far
[1] 60.8078 +- 0.281706  	chisq 1.51805 (2 df)

Iteration 4:  10000000 integrand evaluations so far
[1] 60.6122 +- 0.209441  	chisq 2.59655 (3 df)
   60.61 ±   0.21        ( 36.2s) ┃   92.73 ±   0.21        ( 6.7mi) ┃
┃   70 -    72 ┃   38 -    39 ┃ 78.5708 ± 0.0029        (   7mi) ┃ -41.185 ±  0.012        (21.3mi) ┃Vegas input parameters:
  ndim 7
  ncomp 1
  nvec 1
  epsrel 0
  epsabs 0
  flags 10
  seed 123456
  mineval 10000000
  maxeval 10000000
  nstart 1000000
  nincrease 1000000
  nbatch 5000
  gridno 0
  statefile ""

Iteration 1:  1000000 integrand evaluations so far
[1] 59.0582 +- 1.55406  	chisq 0 (0 df)

Iteration 2:  3000000 integrand evaluations so far
[1] 60.0378 +- 0.448588  	chisq 0.433497 (1 df)

Iteration 3:  6000000 integrand evaluations so far
[1] 59.9658 +- 0.278512  	chisq 0.475381 (2 df)

Iteration 4:  10000000 integrand evaluations so far
[1] 60.0526 +- 0.210943  	chisq 0.703035 (3 df)
   60.05 ±   0.21        ( 37.6s) ┃   97.44 ±   0.21        (  29mi) ┃
┃   70 -    72 ┃   39 -    40 ┃  84.831 ±  0.029        (6.69mi) ┃-44.1704 ± 0.0088        (19.7mi) ┃Vegas input parameters:
  ndim 7
  ncomp 1
  nvec 1
  epsrel 0
  epsabs 0
  flags 10
  seed 123456
  mineval 10000000
  maxeval 10000000
  nstart 1000000
  nincrease 1000000
  nbatch 5000
  gridno 0
  statefile ""

Iteration 1:  1000000 integrand evaluations so far
[1] 61.2166 +- 1.58558  	chisq 0 (0 df)

Iteration 2:  3000000 integrand evaluations so far
[1] 59.6179 +- 0.443985  	chisq 1.10317 (1 df)

Iteration 3:  6000000 integrand evaluations so far
[1] 59.957 +- 0.276389  	chisq 2.05534 (2 df)

Iteration 4:  10000000 integrand evaluations so far
[1] 59.5955 +- 0.213584  	chisq 6.30202 (3 df)
    59.6 ±   0.21        ( 37.3s) ┃  100.26 ±   0.22        (  27mi) ┃
┃   70 -    72 ┃   40 -    41 ┃  65.592 ±  0.056        (3.59mi) ┃ -34.492 ±  0.026        (5.65mi) ┃Vegas input parameters:
  ndim 7
  ncomp 1
  nvec 1
  epsrel 0
  epsabs 0
  flags 10
  seed 123456
  mineval 10000000
  maxeval 10000000
  nstart 1000000
  nincrease 1000000
  nbatch 5000
  gridno 0
  statefile ""

Iteration 1:  1000000 integrand evaluations so far
[1] 59.0331 +- 1.55428  	chisq 0 (0 df)

Iteration 2:  3000000 integrand evaluations so far
[1] 58.5947 +- 0.439598  	chisq 0.086475 (1 df)

Iteration 3:  6000000 integrand evaluations so far
[1] 58.6303 +- 0.272503  	chisq 0.097115 (2 df)

Iteration 4:  10000000 integrand evaluations so far
[1] 58.5542 +- 0.206074  	chisq 0.278927 (3 df)
   58.55 ±   0.21        ( 34.4s) ┃   89.65 ±   0.22        (9.81mi) ┃
┃   70 -    72 ┃   41 -    42 ┃  74.794 ±  0.023        (1.79mi) ┃ -39.311 ±  0.017        (6.46mi) ┃Vegas input parameters:
  ndim 7
  ncomp 1
  nvec 1
  epsrel 0
  epsabs 0
  flags 10
  seed 123456
  mineval 10000000
  maxeval 10000000
  nstart 1000000
  nincrease 1000000
  nbatch 5000
  gridno 0
  statefile ""

Iteration 1:  1000000 integrand evaluations so far
[1] 56.9144 +- 1.50974  	chisq 0 (0 df)

Iteration 2:  3000000 integrand evaluations so far
[1] 57.3693 +- 0.429826  	chisq 0.0987882 (1 df)

Iteration 3:  6000000 integrand evaluations so far
[1] 57.4245 +- 0.267378  	chisq 0.125741 (2 df)

Iteration 4:  10000000 integrand evaluations so far
[1] 57.6149 +- 0.197543  	chisq 1.24262 (3 df)
   57.61 ±    0.2        (   39s) ┃    93.1 ±    0.2        ( 8.9mi) ┃
┃   70 -    72 ┃   42 -    43 ┃   71.83 ±  0.034        (3.66mi) ┃ -37.612 ±  0.017        (5.19mi) ┃Vegas input parameters:
  ndim 7
  ncomp 1
  nvec 1
  epsrel 0
  epsabs 0
  flags 10
  seed 123456
  mineval 10000000
  maxeval 10000000
  nstart 1000000
  nincrease 1000000
  nbatch 5000
  gridno 0
  statefile ""

Iteration 1:  1000000 integrand evaluations so far
[1] 57.7986 +- 1.51017  	chisq 0 (0 df)

Iteration 2:  3000000 integrand evaluations so far
[1] 57.0042 +- 0.428414  	chisq 0.300953 (1 df)

Iteration 3:  6000000 integrand evaluations so far
[1] 57.249 +- 0.266363  	chisq 0.833503 (2 df)

Iteration 4:  10000000 integrand evaluations so far
[1] 57.2172 +- 0.202974  	chisq 0.867603 (3 df)
   57.22 ±    0.2        ( 37.1s) ┃   91.44 ±   0.21        (9.47mi) ┃
┃   70 -    72 ┃   43 -    44 ┃  73.937 ±  0.074        ( 6.9mi) ┃  -38.41 ±  0.033        (20.9mi) ┃Vegas input parameters:
  ndim 7
  ncomp 1
  nvec 1
  epsrel 0
  epsabs 0
  flags 10
  seed 123456
  mineval 10000000
  maxeval 10000000
  nstart 1000000
  nincrease 1000000
  nbatch 5000
  gridno 0
  statefile ""

Iteration 1:  1000000 integrand evaluations so far
[1] 58.0919 +- 1.51069  	chisq 0 (0 df)

Iteration 2:  3000000 integrand evaluations so far
[1] 57.0404 +- 0.426856  	chisq 0.526544 (1 df)

Iteration 3:  6000000 integrand evaluations so far
[1] 56.5761 +- 0.263788  	chisq 2.44049 (2 df)

Iteration 4:  10000000 integrand evaluations so far
[1] 56.6009 +- 0.201923  	chisq 2.46184 (3 df)
    56.6 ±    0.2        ( 26.8s) ┃   92.13 ±   0.22        (28.2mi) ┃
┃   70 -    72 ┃   44 -    45 ┃  65.833 ±  0.042        (   10s) ┃ -34.052 ±  0.023        (25.2mi) ┃Vegas input parameters:
  ndim 7
  ncomp 1
  nvec 1
  epsrel 0
  epsabs 0
  flags 10
  seed 123456
  mineval 10000000
  maxeval 10000000
  nstart 1000000
  nincrease 1000000
  nbatch 5000
  gridno 0
  statefile ""

Iteration 1:  1000000 integrand evaluations so far
[1] 53.819 +- 1.44847  	chisq 0 (0 df)

Iteration 2:  3000000 integrand evaluations so far
[1] 56.6616 +- 0.423058  	chisq 4.21077 (1 df)

Iteration 3:  6000000 integrand evaluations so far
[1] 56.648 +- 0.278815  	chisq 4.2126 (2 df)

Iteration 4:  10000000 integrand evaluations so far
[1] 56.1664 +- 0.204785  	chisq 10.691 (3 df)
   56.17 ±    0.2        ( 37.7s) ┃   87.95 ±   0.21        (25.9mi) ┃
┃   70 -    72 ┃   45 -    46 ┃  72.778 ±  0.046        ( 56.1s) ┃  -38.16 ±  0.037        (3.38mi) ┃Vegas input parameters:
  ndim 7
  ncomp 1
  nvec 1
  epsrel 0
  epsabs 0
  flags 10
  seed 123456
  mineval 10000000
  maxeval 10000000
  nstart 1000000
  nincrease 1000000
  nbatch 5000
  gridno 0
  statefile ""

Iteration 1:  1000000 integrand evaluations so far
[1] 54.5908 +- 1.44664  	chisq 0 (0 df)

Iteration 2:  3000000 integrand evaluations so far
[1] 55.8815 +- 0.4209  	chisq 0.869554 (1 df)

Iteration 3:  6000000 integrand evaluations so far
[1] 55.5029 +- 0.26881  	chisq 2.23591 (2 df)

Iteration 4:  10000000 integrand evaluations so far
[1] 55.4344 +- 0.199612  	chisq 2.38063 (3 df)
   55.43 ±    0.2        ( 37.1s) ┃   90.05 ±   0.21        (4.93mi) ┃
┃   70 -    72 ┃   46 -    47 ┃  78.853 ±  0.035        (1.87mi) ┃ -41.162 ±  0.012        (24.5mi) ┃Vegas input parameters:
  ndim 7
  ncomp 1
  nvec 1
  epsrel 0
  epsabs 0
  flags 10
  seed 123456
  mineval 10000000
  maxeval 10000000
  nstart 1000000
  nincrease 1000000
  nbatch 5000
  gridno 0
  statefile ""

Iteration 1:  1000000 integrand evaluations so far
[1] 53.9414 +- 1.45003  	chisq 0 (0 df)

Iteration 2:  3000000 integrand evaluations so far
[1] 53.1508 +- 0.406882  	chisq 0.322692 (1 df)

Iteration 3:  6000000 integrand evaluations so far
[1] 53.0977 +- 0.252743  	chisq 0.350457 (2 df)

Iteration 4:  10000000 integrand evaluations so far
[1] 53.1646 +- 0.196564  	chisq 0.528084 (3 df)
   53.16 ±    0.2        ( 36.2s) ┃   90.86 ±    0.2        (  27mi) ┃
┃   70 -    72 ┃   47 -    48 ┃  58.172 ±  0.025        (7.13mi) ┃  -30.48 ± 0.0023        (6.37mi) ┃Vegas input parameters:
  ndim 7
  ncomp 1
  nvec 1
  epsrel 0
  epsabs 0
  flags 10
  seed 123456
  mineval 10000000
  maxeval 10000000
  nstart 1000000
  nincrease 1000000
  nbatch 5000
  gridno 0
  statefile ""

Iteration 1:  1000000 integrand evaluations so far
[1] 50.2989 +- 1.39436  	chisq 0 (0 df)

Iteration 2:  3000000 integrand evaluations so far
[1] 51.2613 +- 0.489142  	chisq 0.543192 (1 df)

Iteration 3:  6000000 integrand evaluations so far
[1] 51.1429 +- 0.290788  	chisq 0.633893 (2 df)

Iteration 4:  10000000 integrand evaluations so far
[1] 50.7718 +- 0.201626  	chisq 3.76928 (3 df)
   50.77 ±    0.2        (   33s) ┃   78.46 ±    0.2        (14.1mi) ┃
┃   70 -    72 ┃   48 -    49 ┃  59.445 ±  0.048        (2.65mi) ┃ -31.001 ±  0.014        ( 37.9s) ┃Vegas input parameters:
  ndim 7
  ncomp 1
  nvec 1
  epsrel 0
  epsabs 0
  flags 10
  seed 123456
  mineval 10000000
  maxeval 10000000
  nstart 1000000
  nincrease 1000000
  nbatch 5000
  gridno 0
  statefile ""

Iteration 1:  1000000 integrand evaluations so far
[1] 46.3041 +- 1.31828  	chisq 0 (0 df)

Iteration 2:  3000000 integrand evaluations so far
[1] 49.2567 +- 0.390914  	chisq 5.50024 (1 df)

Iteration 3:  6000000 integrand evaluations so far
[1] 49.2333 +- 0.246439  	chisq 5.50622 (2 df)

Iteration 4:  10000000 integrand evaluations so far
[1] 49.1653 +- 0.183263  	chisq 5.67653 (3 df)
   49.17 ±   0.18        ( 40.3s) ┃   77.61 ±   0.19        (3.95mi) ┃
┃   70 -    72 ┃   49 -    50 ┃ 75.4765 ±  0.006        (7.07mi) ┃ -39.665 ±  0.018        (19.7mi) ┃Vegas input parameters:
  ndim 7
  ncomp 1
  nvec 1
  epsrel 0
  epsabs 0
  flags 10
  seed 123456
  mineval 10000000
  maxeval 10000000
  nstart 1000000
  nincrease 1000000
  nbatch 5000
  gridno 0
  statefile ""

Iteration 1:  1000000 integrand evaluations so far
[1] 44.5892 +- 1.29351  	chisq 0 (0 df)

Iteration 2:  3000000 integrand evaluations so far
[1] 47.1135 +- 0.377085  	chisq 4.16221 (1 df)

Iteration 3:  6000000 integrand evaluations so far
[1] 47.1875 +- 0.234462  	chisq 4.22486 (2 df)

Iteration 4:  10000000 integrand evaluations so far
[1] 47.3088 +- 0.191196  	chisq 5.02418 (3 df)
   47.31 ±   0.19        ( 38.1s) ┃   83.12 ±   0.19        (27.4mi) ┃
┃   70 -    72 ┃   50 -    51 ┃  65.126 ±  0.058        ( 29.6s) ┃ -34.142 ±  0.022        (18.5mi) ┃Vegas input parameters:
  ndim 7
  ncomp 1
  nvec 1
  epsrel 0
  epsabs 0
  flags 10
  seed 123456
  mineval 10000000
  maxeval 10000000
  nstart 1000000
  nincrease 1000000
  nbatch 5000
  gridno 0
  statefile ""

Iteration 1:  1000000 integrand evaluations so far
[1] 46.9175 +- 1.33639  	chisq 0 (0 df)

Iteration 2:  3000000 integrand evaluations so far
[1] 46.3521 +- 0.434624  	chisq 0.200174 (1 df)

Iteration 3:  6000000 integrand evaluations so far
[1] 46.3358 +- 0.262282  	chisq 0.202394 (2 df)

Iteration 4:  10000000 integrand evaluations so far
[1] 46.4192 +- 0.184823  	chisq 0.403413 (3 df)
   46.42 ±   0.18        ( 37.4s) ┃    77.4 ±    0.2        (19.6mi) ┃
┃   70 -    72 ┃   51 -    52 ┃   55.06 ±  0.023        (6.84mi) ┃ -28.868 ±  0.026        (10.8mi) ┃Vegas input parameters:
  ndim 7
  ncomp 1
  nvec 1
  epsrel 0
  epsabs 0
  flags 10
  seed 123456
  mineval 10000000
  maxeval 10000000
  nstart 1000000
  nincrease 1000000
  nbatch 5000
  gridno 0
  statefile ""

Iteration 1:  1000000 integrand evaluations so far
[1] 47.3065 +- 1.33438  	chisq 0 (0 df)

Iteration 2:  3000000 integrand evaluations so far
[1] 45.7769 +- 0.366911  	chisq 1.42138 (1 df)

Iteration 3:  6000000 integrand evaluations so far
[1] 45.5839 +- 0.227406  	chisq 1.87063 (2 df)

Iteration 4:  10000000 integrand evaluations so far
[1] 45.4234 +- 0.17048  	chisq 3.00883 (3 df)
   45.42 ±   0.17        ( 36.9s) ┃   71.62 ±   0.17        (18.2mi) ┃
┃   70 -    72 ┃   52 -    53 ┃  63.682 ±   0.04        (2.04mi) ┃-33.4027 ± 0.0091        (9.64mi) ┃Vegas input parameters:
  ndim 7
  ncomp 1
  nvec 1
  epsrel 0
  epsabs 0
  flags 10
  seed 123456
  mineval 10000000
  maxeval 10000000
  nstart 1000000
  nincrease 1000000
  nbatch 5000
  gridno 0
  statefile ""

Iteration 1:  1000000 integrand evaluations so far
[1] 43.4773 +- 1.26834  	chisq 0 (0 df)

Iteration 2:  3000000 integrand evaluations so far
[1] 44.166 +- 0.360019  	chisq 0.320682 (1 df)

Iteration 3:  6000000 integrand evaluations so far
[1] 44.2606 +- 0.233012  	chisq 0.439553 (2 df)

Iteration 4:  10000000 integrand evaluations so far
[1] 44.2654 +- 0.177779  	chisq 0.440548 (3 df)
   44.27 ±   0.18        ( 35.4s) ┃   74.54 ±   0.18        (12.3mi) ┃
┃   70 -    72 ┃   53 -    54 ┃  60.483 ±  0.018        (3.17mi) ┃-31.8103 ± 0.0095        (8.72mi) ┃Vegas input parameters:
  ndim 7
  ncomp 1
  nvec 1
  epsrel 0
  epsabs 0
  flags 10
  seed 123456
  mineval 10000000
  maxeval 10000000
  nstart 1000000
  nincrease 1000000
  nbatch 5000
  gridno 0
  statefile ""

Iteration 1:  1000000 integrand evaluations so far
[1] 43.3218 +- 1.26548  	chisq 0 (0 df)

Iteration 2:  3000000 integrand evaluations so far
[1] 43.428 +- 0.417456  	chisq 0.00790883 (1 df)

Iteration 3:  6000000 integrand evaluations so far
[1] 43.5632 +- 0.25042  	chisq 0.171713 (2 df)

Iteration 4:  10000000 integrand evaluations so far
[1] 43.3538 +- 0.176971  	chisq 1.56876 (3 df)
   43.35 ±   0.18        ( 26.7s) ┃   72.03 ±   0.18        (12.3mi) ┃
┃   70 -    72 ┃   54 -    55 ┃  61.847 ±  0.055        (3.39mi) ┃ -32.099 ±  0.021        (17.9mi) ┃Vegas input parameters:
  ndim 7
  ncomp 1
  nvec 1
  epsrel 0
  epsabs 0
  flags 10
  seed 123456
  mineval 10000000
  maxeval 10000000
  nstart 1000000
  nincrease 1000000
  nbatch 5000
  gridno 0
  statefile ""

Iteration 1:  1000000 integrand evaluations so far
[1] 40.5347 +- 1.21052  	chisq 0 (0 df)

Iteration 2:  3000000 integrand evaluations so far
[1] 42.5899 +- 0.350284  	chisq 3.1456 (1 df)

Iteration 3:  6000000 integrand evaluations so far
[1] 42.6537 +- 0.216309  	chisq 3.19935 (2 df)

Iteration 4:  10000000 integrand evaluations so far
[1] 42.5137 +- 0.163304  	chisq 4.17421 (3 df)
   42.51 ±   0.16        ( 36.3s) ┃   72.26 ±   0.17        (21.9mi) ┃
┃   70 -    72 ┃   55 -    56 ┃  52.918 ±  0.041        ( 56.1s) ┃ -27.583 ±  0.016        (1.65mi) ┃Vegas input parameters:
  ndim 7
  ncomp 1
  nvec 1
  epsrel 0
  epsabs 0
  flags 10
  seed 123456
  mineval 10000000
  maxeval 10000000
  nstart 1000000
  nincrease 1000000
  nbatch 5000
  gridno 0
  statefile ""

Iteration 1:  1000000 integrand evaluations so far
[1] 40.2131 +- 1.21108  	chisq 0 (0 df)

Iteration 2:  3000000 integrand evaluations so far
[1] 41.8056 +- 0.362852  	chisq 1.89968 (1 df)

Iteration 3:  6000000 integrand evaluations so far
[1] 41.7811 +- 0.235819  	chisq 1.90757 (2 df)

Iteration 4:  10000000 integrand evaluations so far
[1] 41.9073 +- 0.172434  	chisq 2.52298 (3 df)
   41.91 ±   0.17        ( 36.6s) ┃   67.24 ±   0.18        ( 3.2mi) ┃
┃   70 -    72 ┃   56 -    57 ┃  59.563 ±  0.056        (2.46mi) ┃ -30.963 ±  0.019        (4.51mi) ┃Vegas input parameters:
  ndim 7
  ncomp 1
  nvec 1
  epsrel 0
  epsabs 0
  flags 10
  seed 123456
  mineval 10000000
  maxeval 10000000
  nstart 1000000
  nincrease 1000000
  nbatch 5000
  gridno 0
  statefile ""

Iteration 1:  1000000 integrand evaluations so far
[1] 42.2279 +- 1.2422  	chisq 0 (0 df)

Iteration 2:  3000000 integrand evaluations so far
[1] 41.1213 +- 0.338599  	chisq 0.857345 (1 df)

Iteration 3:  6000000 integrand evaluations so far
[1] 40.8589 +- 0.213868  	chisq 1.85612 (2 df)

Iteration 4:  10000000 integrand evaluations so far
[1] 40.8091 +- 0.15718  	chisq 1.97388 (3 df)
   40.81 ±   0.16        ( 36.5s) ┃   69.41 ±   0.17        (7.58mi) ┃
┃   70 -    72 ┃   57 -    58 ┃  66.165 ±  0.047        (3.43mi) ┃  -34.32 ±   0.03        (20.7mi) ┃Vegas input parameters:
  ndim 7
  ncomp 1
  nvec 1
  epsrel 0
  epsabs 0
  flags 10
  seed 123456
  mineval 10000000
  maxeval 10000000
  nstart 1000000
  nincrease 1000000
  nbatch 5000
  gridno 0
  statefile ""

Iteration 1:  1000000 integrand evaluations so far
[1] 40.4584 +- 1.21864  	chisq 0 (0 df)

Iteration 2:  3000000 integrand evaluations so far
[1] 40.2848 +- 0.335077  	chisq 0.0219613 (1 df)

Iteration 3:  6000000 integrand evaluations so far
[1] 40.2971 +- 0.208208  	chisq 0.0241711 (2 df)

Iteration 4:  10000000 integrand evaluations so far
[1] 40.4629 +- 0.154492  	chisq 1.43521 (3 df)
   40.46 ±   0.15        ( 37.2s) ┃   72.31 ±   0.16        (24.8mi) ┃
┃   70 -    72 ┃   58 -    59 ┃   47.08 ±  0.045        ( 31.8s) ┃-24.6094 ± 0.0047        (20.4mi) ┃Vegas input parameters:
  ndim 7
  ncomp 1
  nvec 1
  epsrel 0
  epsabs 0
  flags 10
  seed 123456
  mineval 10000000
  maxeval 10000000
  nstart 1000000
  nincrease 1000000
  nbatch 5000
  gridno 0
  statefile ""

Iteration 1:  1000000 integrand evaluations so far
[1] 40.0789 +- 1.21801  	chisq 0 (0 df)

Iteration 2:  3000000 integrand evaluations so far
[1] 40.2222 +- 0.331932  	chisq 0.0149598 (1 df)

Iteration 3:  6000000 integrand evaluations so far
[1] 39.8918 +- 0.215916  	chisq 1.73273 (2 df)

Iteration 4:  10000000 integrand evaluations so far
[1] 39.9189 +- 0.159442  	chisq 1.76748 (3 df)
   39.92 ±   0.16        ( 35.3s) ┃   62.39 ±   0.17        (21.5mi) ┃
┃   70 -    72 ┃   59 -    60 ┃  48.433 ±  0.026        ( 59.1s) ┃ -25.311 ±  0.013        (17.8mi) ┃Vegas input parameters:
  ndim 7
  ncomp 1
  nvec 1
  epsrel 0
  epsabs 0
  flags 10
  seed 123456
  mineval 10000000
  maxeval 10000000
  nstart 1000000
  nincrease 1000000
  nbatch 5000
  gridno 0
  statefile ""

Iteration 1:  1000000 integrand evaluations so far
[1] 40.4389 +- 1.21973  	chisq 0 (0 df)

Iteration 2:  3000000 integrand evaluations so far
[1] 39.6928 +- 0.327079  	chisq 0.403183 (1 df)

Iteration 3:  6000000 integrand evaluations so far
[1] 39.2008 +- 0.201762  	chisq 4.05604 (2 df)

Iteration 4:  10000000 integrand evaluations so far
[1] 39.1552 +- 0.155581  	chisq 4.18223 (3 df)
   39.16 ±   0.16        ( 30.4s) ┃   62.28 ±   0.16        (19.3mi) ┃
┣━━━━━━━━━━━━━━╋━━━━━━━━━━━━━━╋━━━━━━━━━━━━━━━━━━━━━━━━━━━━━━━━━━╋━━━━━━━━━━━━━━━━━━━━━━━━━━━━━━━━━━╋━━━━━━━━━━━━━━━━━━━━━━━━━━━━━━━━━━╋━━━━━━━━━━━━━━━━━━━━━━━━━━━━━━━━━━┫
┃   68 -    72 ┃   25 -    60 ┃ 5.50617 ± 0.00042 ·10⁺⁰³ (5.01hr) ┃-2.88168 ± 0.00023 ·10⁺⁰³ (18.3hr) ┃  4.1263 ± 0.0018 ·10⁺⁰³ (  44mi) ┃  6.7507 ± 0.0019 ·10⁺⁰³ (  24hr) ┃
┗━━━━━━━━━━━━━━┻━━━━━━━━━━━━━━┻━━━━━━━━━━━━━━━━━━━━━━━━━━━━━━━━━━┻━━━━━━━━━━━━━━━━━━━━━━━━━━━━━━━━━━┻━━━━━━━━━━━━━━━━━━━━━━━━━━━━━━━━━━┻━━━━━━━━━━━━━━━━━━━━━━━━━━━━━━━━━━┛

╍╍╍╍╍╍╍╍╍╍╍╍╍╍╍╍╍╍╍╍╍╍╍╍╍╍╍╍╍╍╍╍ Summary ╍╍╍╍╍╍╍╍╍╍╍╍╍╍╍╍╍╍╍╍╍╍╍╍╍╍╍╍╍╍╍
      Total cross section                    6.7507 ± 0.0019          pb
         Calculation time                                 24       hours
              Output file                    outputs/qt_qt68_72_NLL_muR1.0_muF0.5.root            
      Result in text file                    outputs/qt_qt68_72_NLL_muR1.0_muF0.5.txt            

╍╍╍╍╍╍╍╍╍╍╍╍╍╍╍╍╍╍╍╍╍╍╍╍╍╍╍╍╍╍╍╍╍╍╍╍╍╍╍╍╍╍╍╍╍╍╍╍╍╍╍╍╍╍╍╍╍╍╍╍╍╍╍╍╍╍╍╍╍╍╍╍

