
╍╍╍╍╍╍╍╍╍╍╍╍╍╍╍╍╍╍╍╍╍╍╍╍╍╍╍ Process settings ╍╍╍╍╍╍╍╍╍╍╍╍╍╍╍╍╍╍╍╍╍╍╍╍╍╍╍
   proton-proton collisions at sqrt(s) = 13000 GeV 
   Computing NLO+NLL resummed cross section
   W+ ->  nu(p3)+e+(p4) production 

╍╍╍╍╍╍╍╍╍╍╍╍╍╍╍╍╍╍╍╍╍╍╍╍╍╍╍╍╍╍ CKM matrix ╍╍╍╍╍╍╍╍╍╍╍╍╍╍╍╍╍╍╍╍╍╍╍╍╍╍╍╍╍╍
     | Vud Vus Vub |   |   0.97427   0.2253  0.00351 | 
     | Vcd Vcs Vcb | = |    0.2252  0.97344   0.0412 | 
     | Vtd Vts Vtb |   |         0        0        0 | 

╍╍╍╍╍╍╍╍╍╍╍╍╍╍╍╍╍╍╍╍╍╍╍╍╍╍╍╍╍ EW parameters ╍╍╍╍╍╍╍╍╍╍╍╍╍╍╍╍╍╍╍╍╍╍╍╍╍╍╍╍
                                         Gf =  1.1663787e-05      GeV^-2
                                    1/alpha =  132.233229791            
                                 sin(thW)^2 = 0.222897222524            
                                     W mass =         80.385         GeV
                                     Z mass =        91.1876         GeV
                                    W width =          2.091         GeV
                                    Z width =          2.495         GeV

╍╍╍╍╍╍╍╍╍╍╍╍╍╍╍╍╍╍╍╍╍╍╍╍╍╍╍╍╍ QCD settings ╍╍╍╍╍╍╍╍╍╍╍╍╍╍╍╍╍╍╍╍╍╍╍╍╍╍╍╍╍
   Renormalization scale:     dynamic muren =              1      * m_ll
     Factorization scale:     dynamic mufac =            0.5      * m_ll
       Resummation scale:     dynamic mures =              1      * m_ll
          Strong coupling       alpha_s(MZ) =       0.118001            
                              running order =              2       -loop
         Non-perturbative     form factor g =            0.7       GeV^2

╍╍╍╍╍╍╍╍╍╍╍╍╍╍╍╍╍╍╍╍╍╍╍╍╍╍╍╍╍ PDF settings ╍╍╍╍╍╍╍╍╍╍╍╍╍╍╍╍╍╍╍╍╍╍╍╍╍╍╍╍╍
                                     PDF set:MSHT20nnlo_as118            
                                  PDF member:              0            
  Mellin moments of PDFs:                    Numerical integration            
                         nodes for the quadrature:            200            
                         Intervals for the quadrature:              1            

╍╍╍╍╍╍╍╍╍╍╍╍╍╍╍╍╍╍╍╍╍╍╍╍╍╍╍╍╍╍╍ qT recoil ╍╍╍╍╍╍╍╍╍╍╍╍╍╍╍╍╍╍╍╍╍╍╍╍╍╍╍╍╍╍
  qt-recoil prescription:       Collins-Soper kt1 = p_V(x)/2; kt2 = p_V(y)/2            

╍╍╍╍╍╍╍╍╍╍╍╍╍╍╍╍╍╍╍╍╍╍╍╍╍╍╍╍╍╍╍╍╍ Cuts ╍╍╍╍╍╍╍╍╍╍╍╍╍╍╍╍╍╍╍╍╍╍╍╍╍╍╍╍╍╍╍╍╍
                                  apply cuts:           true            
                                      pt_l >               0            
                                   |eta_l| <            1000            
                                    pt_lep >              25            
                                 |eta_lep| <             2.4            
                                   pt_alep >              25            
                                |eta_alep| <             2.4            
                                  user cuts:            true            

╍╍╍╍╍╍╍╍╍╍╍╍╍╍╍╍╍╍╍╍╍╍╍╍╍╍╍╍ ResummationDamp ╍╍╍╍╍╍╍╍╍╍╍╍╍╍╍╍╍╍╍╍╍╍╍╍╍╍╍
                                    damping :             on            
                                damping mode:              1            
                                  damp above:        60.2888         GeV
                               damping width:        20.0963         GeV
                          resummation cutoff:             20         MeV

╍╍╍╍╍╍╍╍╍╍╍╍╍╍╍╍╍╍╍╍╍╍╍╍╍╍╍╍ Debug settings ╍╍╍╍╍╍╍╍╍╍╍╍╍╍╍╍╍╍╍╍╍╍╍╍╍╍╍╍
                                 timeprofile:          false            
                                     verbose:          false            
                               cubaverbosity:              2            

╍╍╍╍╍╍╍╍╍╍╍╍╍╍╍╍╍╍╍╍╍╍╍╍╍╍╍╍╍╍╍╍╍╍╍╍╍╍╍╍╍╍╍╍╍╍╍╍╍╍╍╍╍╍╍╍╍╍╍╍╍╍╍╍╍╍╍╍╍╍╍╍

Warning: Histogram `a1_qt` contains non-integrable observable and will be deleted 
Warning: Histogram `a1_qt_vs_y` contains non-integrable observable and will be deleted 
Warning: Histogram `s_biganswer` contains non-integrable observable and will be deleted 
Warning: Histogram `wgt_a1_qt` contains non-integrable observable and will be deleted 

╍╍╍╍╍╍╍╍╍╍╍╍╍╍╍╍╍╍╍╍╍╍╍╍╍ Integration settings ╍╍╍╍╍╍╍╍╍╍╍╍╍╍╍╍╍╍╍╍╍╍╍╍╍
             Random seeds              123456                           
           Parallel cores                   1                           

             Resummation:     cuhre (dm, dpt)         iter =           5
                                   gauss (dy)        nodes =          64
                                                 intervals =           1
            Counter term:      cuhre (dm, dy)         iter =           5
                                  gauss (dpt)        nodes =          20
                                                 intervals =           5
                     V+J:            vegas 7D       ncalls =    10000000

Mellin inverse transform:           gaussian         nodes =          30
                                                 intervals =           1
                               imaginary axis         zmax =           2
  Angular variable costh:     semi-analytical      ncstart =         100
   Angular variables phi:            gaussian    intervals =          20

      Constant boundaries                  q2          low =          80
                                                      high =         100
                                            y          low =          -6
                                                      high =           6
                                        costh          low =          -1
                                                      high =           1
                                       eta(l)          low =         -10
                                                      high =          10

┏━━━━━━━━━━━━━━┰━━━━━━━━━━━━━━┰━━━━━━━━━━━━━━━━━━━━━━━━━━━━━━━━━━┰━━━━━━━━━━━━━━━━━━━━━━━━━━━━━━━━━━┰━━━━━━━━━━━━━━━━━━━━━━━━━━━━━━━━━━┰━━━━━━━━━━━━━━━━━━━━━━━━━━━━━━━━━━┓
┃           qT ┃        pT(l) ┃                      Resummation ┃                     Counter term ┃                              V+J ┃                            TOTAL ┃
┣━━━━━━━━━━━━━━╋━━━━━━━━━━━━━━╋━━━━━━━━━━━━━━━━━━━━━━━━━━━━━━━━━━╋━━━━━━━━━━━━━━━━━━━━━━━━━━━━━━━━━━╋━━━━━━━━━━━━━━━━━━━━━━━━━━━━━━━━━━╋━━━━━━━━━━━━━━━━━━━━━━━━━━━━━━━━━━┫
┃   20 -    22 ┃   25 -    26 ┃  1.4788 ± 0.0014 ·10⁺⁰³ ( 16.3s) ┃ -942.01 ±   0.39        (2.25mi) ┃Vegas input parameters:
  ndim 7
  ncomp 1
  nvec 1
  epsrel 0
  epsabs 0
  flags 10
  seed 123456
  mineval 10000000
  maxeval 10000000
  nstart 1000000
  nincrease 1000000
  nbatch 5000
  gridno 0
  statefile ""

Iteration 1:  1000000 integrand evaluations so far
[1] 895.486 +- 21.0894  	chisq 0 (0 df)

Iteration 2:  3000000 integrand evaluations so far
[1] 957.505 +- 4.94305  	chisq 9.15101 (1 df)

Iteration 3:  6000000 integrand evaluations so far
[1] 957.225 +- 3.05804  	chisq 9.15623 (2 df)

Iteration 4:  10000000 integrand evaluations so far
[1] 956.779 +- 2.25442  	chisq 9.20273 (3 df)
   956.8 ±    2.3        ( 30.2s) ┃  1.4935 ± 0.0027 ·10⁺⁰³ (3.02mi) ┃
┃   20 -    22 ┃   26 -    27 ┃ 1.63238 ± 0.00053 ·10⁺⁰³ ( 5.52s) ┃  -1.044 ± 0.00085 ·10⁺⁰³ (1.25mi) ┃Vegas input parameters:
  ndim 7
  ncomp 1
  nvec 1
  epsrel 0
  epsabs 0
  flags 10
  seed 123456
  mineval 10000000
  maxeval 10000000
  nstart 1000000
  nincrease 1000000
  nbatch 5000
  gridno 0
  statefile ""

Iteration 1:  1000000 integrand evaluations so far
[1] 1082.78 +- 22.8875  	chisq 0 (0 df)

Iteration 2:  3000000 integrand evaluations so far
[1] 1072.62 +- 4.87123  	chisq 0.206428 (1 df)

Iteration 3:  6000000 integrand evaluations so far
[1] 1073.21 +- 3.19257  	chisq 0.232439 (2 df)

Iteration 4:  10000000 integrand evaluations so far
[1] 1074.68 +- 2.35883  	chisq 0.697329 (3 df)
  1.0747 ± 0.0024 ·10⁺⁰³ ( 32.3s) ┃  1.6631 ± 0.0026 ·10⁺⁰³ (1.88mi) ┃
┃   20 -    22 ┃   27 -    28 ┃ 1.85077 ± 0.00052 ·10⁺⁰³ ( 21.1s) ┃-1.18342 ± 0.0009 ·10⁺⁰³ (4.97mi) ┃Vegas input parameters:
  ndim 7
  ncomp 1
  nvec 1
  epsrel 0
  epsabs 0
  flags 10
  seed 123456
  mineval 10000000
  maxeval 10000000
  nstart 1000000
  nincrease 1000000
  nbatch 5000
  gridno 0
  statefile ""

Iteration 1:  1000000 integrand evaluations so far
[1] 1240.32 +- 24.1436  	chisq 0 (0 df)

Iteration 2:  3000000 integrand evaluations so far
[1] 1209.2 +- 5.61189  	chisq 1.75598 (1 df)

Iteration 3:  6000000 integrand evaluations so far
[1] 1205.34 +- 3.43857  	chisq 2.51558 (2 df)

Iteration 4:  10000000 integrand evaluations so far
[1] 1207.34 +- 2.54748  	chisq 3.26615 (3 df)
  1.2073 ± 0.0025 ·10⁺⁰³ ( 31.4s) ┃  1.8747 ± 0.0028 ·10⁺⁰³ (5.84mi) ┃
┃   20 -    22 ┃   28 -    29 ┃   2.091 ±  0.001 ·10⁺⁰³ (  5.6s) ┃-1.32612 ± 0.00065 ·10⁺⁰³ (2.57mi) ┃Vegas input parameters:
  ndim 7
  ncomp 1
  nvec 1
  epsrel 0
  epsabs 0
  flags 10
  seed 123456
  mineval 10000000
  maxeval 10000000
  nstart 1000000
  nincrease 1000000
  nbatch 5000
  gridno 0
  statefile ""

Iteration 1:  1000000 integrand evaluations so far
[1] 1367.77 +- 25.1432  	chisq 0 (0 df)

Iteration 2:  3000000 integrand evaluations so far
[1] 1383.13 +- 6.17358  	chisq 0.397275 (1 df)

Iteration 3:  6000000 integrand evaluations so far
[1] 1383.4 +- 3.96132  	chisq 0.400417 (2 df)

Iteration 4:  10000000 integrand evaluations so far
[1] 1383.96 +- 2.89487  	chisq 0.44403 (3 df)
   1.384 ± 0.0029 ·10⁺⁰³ ( 31.7s) ┃  2.1488 ± 0.0031 ·10⁺⁰³ (3.19mi) ┃
┃   20 -    22 ┃   29 -    30 ┃  2.4468 ± 0.0012 ·10⁺⁰³ ( 2.78s) ┃ -1.5543 ± 0.0014 ·10⁺⁰³ (1.32mi) ┃Vegas input parameters:
  ndim 7
  ncomp 1
  nvec 1
  epsrel 0
  epsabs 0
  flags 10
  seed 123456
  mineval 10000000
  maxeval 10000000
  nstart 1000000
  nincrease 1000000
  nbatch 5000
  gridno 0
  statefile ""

Iteration 1:  1000000 integrand evaluations so far
[1] 1652.59 +- 27.3958  	chisq 0 (0 df)

Iteration 2:  3000000 integrand evaluations so far
[1] 1628.84 +- 6.98505  	chisq 0.803956 (1 df)

Iteration 3:  6000000 integrand evaluations so far
[1] 1627.92 +- 4.36835  	chisq 0.832432 (2 df)

Iteration 4:  10000000 integrand evaluations so far
[1] 1632.14 +- 3.24846  	chisq 2.92473 (3 df)
  1.6321 ± 0.0032 ·10⁺⁰³ ( 31.9s) ┃  2.5247 ± 0.0037 ·10⁺⁰³ ( 1.9mi) ┃
┃   20 -    22 ┃   30 -    31 ┃  3.1158 ± 0.0011 ·10⁺⁰³ ( 16.7s) ┃-1.97945 ± 0.00033 ·10⁺⁰³ ( 2.7mi) ┃Vegas input parameters:
  ndim 7
  ncomp 1
  nvec 1
  epsrel 0
  epsabs 0
  flags 10
  seed 123456
  mineval 10000000
  maxeval 10000000
  nstart 1000000
  nincrease 1000000
  nbatch 5000
  gridno 0
  statefile ""

Iteration 1:  1000000 integrand evaluations so far
[1] 2158.85 +- 30.7525  	chisq 0 (0 df)

Iteration 2:  3000000 integrand evaluations so far
[1] 2134.75 +- 8.31034  	chisq 0.66277 (1 df)

Iteration 3:  6000000 integrand evaluations so far
[1] 2133.55 +- 5.20484  	chisq 0.69707 (2 df)

Iteration 4:  10000000 integrand evaluations so far
[1] 2135.72 +- 3.8523  	chisq 1.08086 (3 df)
  2.1357 ± 0.0039 ·10⁺⁰³ ( 32.8s) ┃  3.2721 ±  0.004 ·10⁺⁰³ (3.52mi) ┃
┃   20 -    22 ┃   31 -    32 ┃  3.7837 ± 0.0015 ·10⁺⁰³ ( 16.3s) ┃ -2.3961 ± 0.0014 ·10⁺⁰³ (2.59mi) ┃Vegas input parameters:
  ndim 7
  ncomp 1
  nvec 1
  epsrel 0
  epsabs 0
  flags 10
  seed 123456
  mineval 10000000
  maxeval 10000000
  nstart 1000000
  nincrease 1000000
  nbatch 5000
  gridno 0
  statefile ""

Iteration 1:  1000000 integrand evaluations so far
[1] 2604.86 +- 33.0557  	chisq 0 (0 df)

Iteration 2:  3000000 integrand evaluations so far
[1] 2608.13 +- 9.28141  	chisq 0.0106381 (1 df)

Iteration 3:  6000000 integrand evaluations so far
[1] 2603.2 +- 5.78852  	chisq 0.472259 (2 df)

Iteration 4:  10000000 integrand evaluations so far
[1] 2607.3 +- 4.29827  	chisq 1.59098 (3 df)
  2.6073 ± 0.0043 ·10⁺⁰³ ( 33.2s) ┃  3.9949 ± 0.0048 ·10⁺⁰³ (3.41mi) ┃
┃   20 -    22 ┃   32 -    33 ┃  3.2311 ±  0.002 ·10⁺⁰³ ( 18.4s) ┃-2.04793 ± 0.00091 ·10⁺⁰³ (5.07mi) ┃Vegas input parameters:
  ndim 7
  ncomp 1
  nvec 1
  epsrel 0
  epsabs 0
  flags 10
  seed 123456
  mineval 10000000
  maxeval 10000000
  nstart 1000000
  nincrease 1000000
  nbatch 5000
  gridno 0
  statefile ""

Iteration 1:  1000000 integrand evaluations so far
[1] 2144.81 +- 29.9162  	chisq 0 (0 df)

Iteration 2:  3000000 integrand evaluations so far
[1] 2176.03 +- 8.54901  	chisq 1.18618 (1 df)

Iteration 3:  6000000 integrand evaluations so far
[1] 2179.89 +- 5.3142  	chisq 1.51879 (2 df)

Iteration 4:  10000000 integrand evaluations so far
[1] 2181.82 +- 3.91843  	chisq 1.80673 (3 df)
  2.1818 ± 0.0039 ·10⁺⁰³ ( 31.3s) ┃   3.365 ± 0.0045 ·10⁺⁰³ ( 5.9mi) ┃
┃   20 -    22 ┃   33 -    34 ┃ 2.84594 ± 0.0007 ·10⁺⁰³ ( 21.2s) ┃-1.80554 ± 0.00023 ·10⁺⁰³ (9.83mi) ┃Vegas input parameters:
  ndim 7
  ncomp 1
  nvec 1
  epsrel 0
  epsabs 0
  flags 10
  seed 123456
  mineval 10000000
  maxeval 10000000
  nstart 1000000
  nincrease 1000000
  nbatch 5000
  gridno 0
  statefile ""

Iteration 1:  1000000 integrand evaluations so far
[1] 1902.33 +- 28.1152  	chisq 0 (0 df)

Iteration 2:  3000000 integrand evaluations so far
[1] 1888.18 +- 7.61218  	chisq 0.273288 (1 df)

Iteration 3:  6000000 integrand evaluations so far
[1] 1892.39 +- 5.04734  	chisq 0.819408 (2 df)

Iteration 4:  10000000 integrand evaluations so far
[1] 1891.06 +- 3.75949  	chisq 0.976766 (3 df)
  1.8911 ± 0.0038 ·10⁺⁰³ ( 32.7s) ┃  2.9315 ± 0.0038 ·10⁺⁰³ (10.7mi) ┃
┃   20 -    22 ┃   34 -    35 ┃ 2.58606 ± 0.00093 ·10⁺⁰³ ( 34.2s) ┃-1.64237 ± 0.0009 ·10⁺⁰³ (9.63mi) ┃Vegas input parameters:
  ndim 7
  ncomp 1
  nvec 1
  epsrel 0
  epsabs 0
  flags 10
  seed 123456
  mineval 10000000
  maxeval 10000000
  nstart 1000000
  nincrease 1000000
  nbatch 5000
  gridno 0
  statefile ""

Iteration 1:  1000000 integrand evaluations so far
[1] 1716.32 +- 26.3958  	chisq 0 (0 df)

Iteration 2:  3000000 integrand evaluations so far
[1] 1705.81 +- 7.26035  	chisq 0.171487 (1 df)

Iteration 3:  6000000 integrand evaluations so far
[1] 1701.54 +- 4.50226  	chisq 0.732379 (2 df)

Iteration 4:  10000000 integrand evaluations so far
[1] 1704.81 +- 3.3699  	chisq 1.92623 (3 df)
  1.7048 ± 0.0034 ·10⁺⁰³ ( 31.6s) ┃  2.6485 ± 0.0036 ·10⁺⁰³ (10.7mi) ┃
┃   20 -    22 ┃   35 -    36 ┃  2.4177 ± 0.0023 ·10⁺⁰³ (   35s) ┃-1.53696 ± 0.00078 ·10⁺⁰³ (9.49mi) ┃Vegas input parameters:
  ndim 7
  ncomp 1
  nvec 1
  epsrel 0
  epsabs 0
  flags 10
  seed 123456
  mineval 10000000
  maxeval 10000000
  nstart 1000000
  nincrease 1000000
  nbatch 5000
  gridno 0
  statefile ""

Iteration 1:  1000000 integrand evaluations so far
[1] 1599.53 +- 25.3615  	chisq 0 (0 df)

Iteration 2:  3000000 integrand evaluations so far
[1] 1592.43 +- 6.96256  	chisq 0.0848385 (1 df)

Iteration 3:  6000000 integrand evaluations so far
[1] 1586.66 +- 4.39621  	chisq 1.22717 (2 df)

Iteration 4:  10000000 integrand evaluations so far
[1] 1588.17 +- 3.32268  	chisq 1.5032 (3 df)
  1.5882 ± 0.0033 ·10⁺⁰³ (   31s) ┃  2.4689 ± 0.0041 ·10⁺⁰³ (10.6mi) ┃
┃   20 -    22 ┃   36 -    37 ┃ 2.28878 ± 0.00084 ·10⁺⁰³ (1.16mi) ┃-1.45643 ± 0.00077 ·10⁺⁰³ (9.45mi) ┃Vegas input parameters:
  ndim 7
  ncomp 1
  nvec 1
  epsrel 0
  epsabs 0
  flags 10
  seed 123456
  mineval 10000000
  maxeval 10000000
  nstart 1000000
  nincrease 1000000
  nbatch 5000
  gridno 0
  statefile ""

Iteration 1:  1000000 integrand evaluations so far
[1] 1468.1 +- 24.1623  	chisq 0 (0 df)

Iteration 2:  3000000 integrand evaluations so far
[1] 1489.8 +- 6.61378  	chisq 0.872407 (1 df)

Iteration 3:  6000000 integrand evaluations so far
[1] 1484.24 +- 4.1232  	chisq 2.02733 (2 df)

Iteration 4:  10000000 integrand evaluations so far
[1] 1483.03 +- 3.13353  	chisq 2.23306 (3 df)
   1.483 ± 0.0031 ·10⁺⁰³ ( 31.3s) ┃  2.3154 ± 0.0033 ·10⁺⁰³ (11.1mi) ┃
┃   20 -    22 ┃   37 -    38 ┃ 2.22408 ± 0.00092 ·10⁺⁰³ ( 38.9s) ┃-1.41753 ± 0.0009 ·10⁺⁰³ (9.38mi) ┃Vegas input parameters:
  ndim 7
  ncomp 1
  nvec 1
  epsrel 0
  epsabs 0
  flags 10
  seed 123456
  mineval 10000000
  maxeval 10000000
  nstart 1000000
  nincrease 1000000
  nbatch 5000
  gridno 0
  statefile ""

Iteration 1:  1000000 integrand evaluations so far
[1] 1450.9 +- 23.9844  	chisq 0 (0 df)

Iteration 2:  3000000 integrand evaluations so far
[1] 1409.22 +- 6.36187  	chisq 3.24843 (1 df)

Iteration 3:  6000000 integrand evaluations so far
[1] 1418.04 +- 4.10563  	chisq 6.53994 (2 df)

Iteration 4:  10000000 integrand evaluations so far
[1] 1415 +- 3.05103  	chisq 7.76358 (3 df)
   1.415 ± 0.0031 ·10⁺⁰³ ( 31.8s) ┃  2.2215 ± 0.0033 ·10⁺⁰³ (10.6mi) ┃
┃   20 -    22 ┃   38 -    39 ┃ 2.11471 ± 0.00087 ·10⁺⁰³ (1.05mi) ┃-1.34557 ± 0.0003 ·10⁺⁰³ ( 4.6mi) ┃Vegas input parameters:
  ndim 7
  ncomp 1
  nvec 1
  epsrel 0
  epsabs 0
  flags 10
  seed 123456
  mineval 10000000
  maxeval 10000000
  nstart 1000000
  nincrease 1000000
  nbatch 5000
  gridno 0
  statefile ""

Iteration 1:  1000000 integrand evaluations so far
[1] 1351.37 +- 23.0055  	chisq 0 (0 df)

Iteration 2:  3000000 integrand evaluations so far
[1] 1368.56 +- 6.20387  	chisq 0.602428 (1 df)

Iteration 3:  6000000 integrand evaluations so far
[1] 1365.18 +- 4.05656  	chisq 1.12319 (2 df)

Iteration 4:  10000000 integrand evaluations so far
[1] 1365.76 +- 3.01132  	chisq 1.16957 (3 df)
  1.3658 ±  0.003 ·10⁺⁰³ ( 31.6s) ┃  2.1349 ± 0.0031 ·10⁺⁰³ (6.18mi) ┃
┃   20 -    22 ┃   39 -    40 ┃ 2.07889 ± 0.00069 ·10⁺⁰³ ( 4.77s) ┃ -1.3207 ± 0.0013 ·10⁺⁰³ ( 36.8s) ┃Vegas input parameters:
  ndim 7
  ncomp 1
  nvec 1
  epsrel 0
  epsabs 0
  flags 10
  seed 123456
  mineval 10000000
  maxeval 10000000
  nstart 1000000
  nincrease 1000000
  nbatch 5000
  gridno 0
  statefile ""

Iteration 1:  1000000 integrand evaluations so far
[1] 1317.22 +- 22.7498  	chisq 0 (0 df)

Iteration 2:  3000000 integrand evaluations so far
[1] 1338.78 +- 6.15174  	chisq 0.969234 (1 df)

Iteration 3:  6000000 integrand evaluations so far
[1] 1327.85 +- 3.80181  	chisq 6.07969 (2 df)

Iteration 4:  10000000 integrand evaluations so far
[1] 1326.73 +- 2.81204  	chisq 6.27124 (3 df)
  1.3267 ± 0.0028 ·10⁺⁰³ (   32s) ┃  2.0849 ± 0.0032 ·10⁺⁰³ (1.23mi) ┃
┃   20 -    22 ┃   40 -    41 ┃  2.0524 ± 0.0012 ·10⁺⁰³ (  5.5s) ┃-1.30236 ± 0.00035 ·10⁺⁰³ ( 9.2mi) ┃Vegas input parameters:
  ndim 7
  ncomp 1
  nvec 1
  epsrel 0
  epsabs 0
  flags 10
  seed 123456
  mineval 10000000
  maxeval 10000000
  nstart 1000000
  nincrease 1000000
  nbatch 5000
  gridno 0
  statefile ""

Iteration 1:  1000000 integrand evaluations so far
[1] 1309.77 +- 22.6488  	chisq 0 (0 df)

Iteration 2:  3000000 integrand evaluations so far
[1] 1299.4 +- 6.04096  	chisq 0.225915 (1 df)

Iteration 3:  6000000 integrand evaluations so far
[1] 1298.45 +- 3.75972  	chisq 0.266282 (2 df)

Iteration 4:  10000000 integrand evaluations so far
[1] 1300.63 +- 2.83084  	chisq 1.04714 (3 df)
  1.3006 ± 0.0028 ·10⁺⁰³ ( 30.8s) ┃  2.0507 ± 0.0031 ·10⁺⁰³ ( 9.8mi) ┃
┃   20 -    22 ┃   41 -    42 ┃  2.0202 ± 0.0019 ·10⁺⁰³ ( 31.4s) ┃-1.28115 ± 0.00082 ·10⁺⁰³ (9.18mi) ┃Vegas input parameters:
  ndim 7
  ncomp 1
  nvec 1
  epsrel 0
  epsabs 0
  flags 10
  seed 123456
  mineval 10000000
  maxeval 10000000
  nstart 1000000
  nincrease 1000000
  nbatch 5000
  gridno 0
  statefile ""

Iteration 1:  1000000 integrand evaluations so far
[1] 1288.67 +- 22.3705  	chisq 0 (0 df)

Iteration 2:  3000000 integrand evaluations so far
[1] 1289.67 +- 6.25645  	chisq 0.00219391 (1 df)

Iteration 3:  6000000 integrand evaluations so far
[1] 1288.7 +- 3.86947  	chisq 0.0415153 (2 df)

Iteration 4:  10000000 integrand evaluations so far
[1] 1286.32 +- 2.85366  	chisq 0.871302 (3 df)
  1.2863 ± 0.0029 ·10⁺⁰³ ( 32.1s) ┃  2.0254 ± 0.0035 ·10⁺⁰³ (10.2mi) ┃
┃   20 -    22 ┃   42 -    43 ┃  2.0197 ± 0.0015 ·10⁺⁰³ (   31s) ┃-1.28105 ± 0.00055 ·10⁺⁰³ (9.15mi) ┃Vegas input parameters:
  ndim 7
  ncomp 1
  nvec 1
  epsrel 0
  epsabs 0
  flags 10
  seed 123456
  mineval 10000000
  maxeval 10000000
  nstart 1000000
  nincrease 1000000
  nbatch 5000
  gridno 0
  statefile ""

Iteration 1:  1000000 integrand evaluations so far
[1] 1274.7 +- 22.3413  	chisq 0 (0 df)

Iteration 2:  3000000 integrand evaluations so far
[1] 1296 +- 5.9602  	chisq 0.978746 (1 df)

Iteration 3:  6000000 integrand evaluations so far
[1] 1290.54 +- 3.76964  	chisq 2.37988 (2 df)

Iteration 4:  10000000 integrand evaluations so far
[1] 1285.91 +- 2.82186  	chisq 5.81272 (3 df)
  1.2859 ± 0.0028 ·10⁺⁰³ (   31s) ┃  2.0246 ± 0.0032 ·10⁺⁰³ (10.2mi) ┃
┃   20 -    22 ┃   43 -    44 ┃  2.0197 ± 0.0014 ·10⁺⁰³ (1.93mi) ┃-1.28339 ± 0.00085 ·10⁺⁰³ (1.24mi) ┃Vegas input parameters:
  ndim 7
  ncomp 1
  nvec 1
  epsrel 0
  epsabs 0
  flags 10
  seed 123456
  mineval 10000000
  maxeval 10000000
  nstart 1000000
  nincrease 1000000
  nbatch 5000
  gridno 0
  statefile ""

Iteration 1:  1000000 integrand evaluations so far
[1] 1306.82 +- 22.6062  	chisq 0 (0 df)

Iteration 2:  3000000 integrand evaluations so far
[1] 1309.9 +- 5.95607  	chisq 0.0199879 (1 df)

Iteration 3:  6000000 integrand evaluations so far
[1] 1309.16 +- 3.7064  	chisq 0.0450504 (2 df)

Iteration 4:  10000000 integrand evaluations so far
[1] 1309.99 +- 2.80735  	chisq 0.162365 (3 df)
    1.31 ± 0.0028 ·10⁺⁰³ ( 31.7s) ┃  2.0463 ± 0.0032 ·10⁺⁰³ ( 3.7mi) ┃
┃   20 -    22 ┃   44 -    45 ┃  2.0664 ± 0.0017 ·10⁺⁰³ ( 30.3s) ┃-1.31219 ± 0.00098 ·10⁺⁰³ (4.64mi) ┃Vegas input parameters:
  ndim 7
  ncomp 1
  nvec 1
  epsrel 0
  epsabs 0
  flags 10
  seed 123456
  mineval 10000000
  maxeval 10000000
  nstart 1000000
  nincrease 1000000
  nbatch 5000
  gridno 0
  statefile ""

Iteration 1:  1000000 integrand evaluations so far
[1] 1366.46 +- 23.214  	chisq 0 (0 df)

Iteration 2:  3000000 integrand evaluations so far
[1] 1362.4 +- 6.09443  	chisq 0.0329788 (1 df)

Iteration 3:  6000000 integrand evaluations so far
[1] 1358.52 +- 3.84619  	chisq 0.706833 (2 df)

Iteration 4:  10000000 integrand evaluations so far
[1] 1361.52 +- 2.88857  	chisq 2.1034 (3 df)
  1.3615 ± 0.0029 ·10⁺⁰³ ( 32.3s) ┃  2.1157 ± 0.0035 ·10⁺⁰³ (5.68mi) ┃
┃   20 -    22 ┃   45 -    46 ┃  2.2297 ± 0.0019 ·10⁺⁰³ ( 9.59s) ┃ -1.4057 ± 0.0012 ·10⁺⁰³ ( 1.2mi) ┃Vegas input parameters:
  ndim 7
  ncomp 1
  nvec 1
  epsrel 0
  epsabs 0
  flags 10
  seed 123456
  mineval 10000000
  maxeval 10000000
  nstart 1000000
  nincrease 1000000
  nbatch 5000
  gridno 0
  statefile ""

Iteration 1:  1000000 integrand evaluations so far
[1] 1461.37 +- 24.0701  	chisq 0 (0 df)

Iteration 2:  3000000 integrand evaluations so far
[1] 1459.22 +- 6.3156  	chisq 0.0085276 (1 df)

Iteration 3:  6000000 integrand evaluations so far
[1] 1459.25 +- 3.91578  	chisq 0.00856715 (2 df)

Iteration 4:  10000000 integrand evaluations so far
[1] 1461.18 +- 2.89972  	chisq 0.541739 (3 df)
  1.4612 ± 0.0029 ·10⁺⁰³ ( 31.8s) ┃  2.2852 ± 0.0037 ·10⁺⁰³ (1.89mi) ┃
┃   20 -    22 ┃   46 -    47 ┃  2.3202 ± 0.00085 ·10⁺⁰³ ( 16.7s) ┃-1.47712 ± 0.00088 ·10⁺⁰³ ( 38.6s) ┃Vegas input parameters:
  ndim 7
  ncomp 1
  nvec 1
  epsrel 0
  epsabs 0
  flags 10
  seed 123456
  mineval 10000000
  maxeval 10000000
  nstart 1000000
  nincrease 1000000
  nbatch 5000
  gridno 0
  statefile ""

Iteration 1:  1000000 integrand evaluations so far
[1] 1591.64 +- 25.2981  	chisq 0 (0 df)

Iteration 2:  3000000 integrand evaluations so far
[1] 1561.78 +- 6.54989  	chisq 1.49376 (1 df)

Iteration 3:  6000000 integrand evaluations so far
[1] 1562.89 +- 4.05966  	chisq 1.54009 (2 df)

Iteration 4:  10000000 integrand evaluations so far
[1] 1563.67 +- 3.0206  	chisq 1.62427 (3 df)
  1.5637 ±  0.003 ·10⁺⁰³ ( 32.4s) ┃  2.4067 ± 0.0033 ·10⁺⁰³ (1.46mi) ┃
┃   20 -    22 ┃   47 -    48 ┃  2.3513 ± 0.0011 ·10⁺⁰³ ( 18.4s) ┃ -1.4959 ± 0.0015 ·10⁺⁰³ (2.45mi) ┃Vegas input parameters:
  ndim 7
  ncomp 1
  nvec 1
  epsrel 0
  epsabs 0
  flags 10
  seed 123456
  mineval 10000000
  maxeval 10000000
  nstart 1000000
  nincrease 1000000
  nbatch 5000
  gridno 0
  statefile ""

Iteration 1:  1000000 integrand evaluations so far
[1] 1577.53 +- 25.0484  	chisq 0 (0 df)

Iteration 2:  3000000 integrand evaluations so far
[1] 1585.8 +- 6.53607  	chisq 0.116803 (1 df)

Iteration 3:  6000000 integrand evaluations so far
[1] 1593.9 +- 4.04359  	chisq 2.60693 (2 df)

Iteration 4:  10000000 integrand evaluations so far
[1] 1597.59 +- 3.04551  	chisq 4.5278 (3 df)
  1.5976 ±  0.003 ·10⁺⁰³ ( 31.4s) ┃   2.453 ± 0.0036 ·10⁺⁰³ (3.28mi) ┃
┃   20 -    22 ┃   48 -    49 ┃ 2.34901 ± 0.00077 ·10⁺⁰³ ( 29.6s) ┃ -1.4915 ± 0.00082 ·10⁺⁰³ ( 40.7s) ┃Vegas input parameters:
  ndim 7
  ncomp 1
  nvec 1
  epsrel 0
  epsabs 0
  flags 10
  seed 123456
  mineval 10000000
  maxeval 10000000
  nstart 1000000
  nincrease 1000000
  nbatch 5000
  gridno 0
  statefile ""

Iteration 1:  1000000 integrand evaluations so far
[1] 1603.34 +- 25.4023  	chisq 0 (0 df)

Iteration 2:  3000000 integrand evaluations so far
[1] 1607.53 +- 6.41653  	chisq 0.0290682 (1 df)

Iteration 3:  6000000 integrand evaluations so far
[1] 1608.47 +- 3.95895  	chisq 0.0635468 (2 df)

Iteration 4:  10000000 integrand evaluations so far
[1] 1604.34 +- 2.94339  	chisq 2.49879 (3 df)
  1.6043 ± 0.0029 ·10⁺⁰³ ( 31.6s) ┃  2.4618 ± 0.0032 ·10⁺⁰³ ( 1.7mi) ┃
┃   20 -    22 ┃   49 -    50 ┃ 2.32197 ± 0.00047 ·10⁺⁰³ (1.91mi) ┃ -1.4727 ± 0.00056 ·10⁺⁰³ ( 41.8s) ┃Vegas input parameters:
  ndim 7
  ncomp 1
  nvec 1
  epsrel 0
  epsabs 0
  flags 10
  seed 123456
  mineval 10000000
  maxeval 10000000
  nstart 1000000
  nincrease 1000000
  nbatch 5000
  gridno 0
  statefile ""

Iteration 1:  1000000 integrand evaluations so far
[1] 1600.13 +- 25.2251  	chisq 0 (0 df)

Iteration 2:  3000000 integrand evaluations so far
[1] 1612.81 +- 6.22671  	chisq 0.269009 (1 df)

Iteration 3:  6000000 integrand evaluations so far
[1] 1617.43 +- 3.87782  	chisq 1.16681 (2 df)

Iteration 4:  10000000 integrand evaluations so far
[1] 1612.94 +- 2.85909  	chisq 4.09818 (3 df)
  1.6129 ± 0.0029 ·10⁺⁰³ ( 31.9s) ┃  2.4622 ±  0.003 ·10⁺⁰³ (3.13mi) ┃
┃   20 -    22 ┃   50 -    51 ┃  2.3074 ± 0.0021 ·10⁺⁰³ ( 30.7s) ┃ -1.4629 ± 0.0011 ·10⁺⁰³ ( 36.2s) ┃Vegas input parameters:
  ndim 7
  ncomp 1
  nvec 1
  epsrel 0
  epsabs 0
  flags 10
  seed 123456
  mineval 10000000
  maxeval 10000000
  nstart 1000000
  nincrease 1000000
  nbatch 5000
  gridno 0
  statefile ""

Iteration 1:  1000000 integrand evaluations so far
[1] 1620.67 +- 25.428  	chisq 0 (0 df)

Iteration 2:  3000000 integrand evaluations so far
[1] 1623.55 +- 5.99805  	chisq 0.0135915 (1 df)

Iteration 3:  6000000 integrand evaluations so far
[1] 1631.58 +- 3.73657  	chisq 2.94323 (2 df)

Iteration 4:  10000000 integrand evaluations so far
[1] 1629.49 +- 2.75365  	chisq 3.62866 (3 df)
  1.6295 ± 0.0028 ·10⁺⁰³ ( 31.3s) ┃  2.4741 ± 0.0037 ·10⁺⁰³ (1.64mi) ┃
┃   20 -    22 ┃   51 -    52 ┃  2.1636 ± 0.0018 ·10⁺⁰³ ( 30.8s) ┃ -1.3681 ± 0.0011 ·10⁺⁰³ (4.25mi) ┃Vegas input parameters:
  ndim 7
  ncomp 1
  nvec 1
  epsrel 0
  epsabs 0
  flags 10
  seed 123456
  mineval 10000000
  maxeval 10000000
  nstart 1000000
  nincrease 1000000
  nbatch 5000
  gridno 0
  statefile ""

Iteration 1:  1000000 integrand evaluations so far
[1] 1531.41 +- 24.6146  	chisq 0 (0 df)

Iteration 2:  3000000 integrand evaluations so far
[1] 1542.84 +- 5.72314  	chisq 0.22784 (1 df)

Iteration 3:  6000000 integrand evaluations so far
[1] 1552.23 +- 3.61463  	chisq 4.70921 (2 df)

Iteration 4:  10000000 integrand evaluations so far
[1] 1551.55 +- 2.63657  	chisq 4.78614 (3 df)
  1.5515 ± 0.0026 ·10⁺⁰³ ( 31.9s) ┃   2.347 ± 0.0034 ·10⁺⁰³ (5.29mi) ┃
┃   20 -    22 ┃   52 -    53 ┃ 1.11506 ± 0.00063 ·10⁺⁰³ (1.81mi) ┃ -703.82 ±   0.69        (4.01mi) ┃Vegas input parameters:
  ndim 7
  ncomp 1
  nvec 1
  epsrel 0
  epsabs 0
  flags 10
  seed 123456
  mineval 10000000
  maxeval 10000000
  nstart 1000000
  nincrease 1000000
  nbatch 5000
  gridno 0
  statefile ""

Iteration 1:  1000000 integrand evaluations so far
[1] 782.843 +- 17.5105  	chisq 0 (0 df)

Iteration 2:  3000000 integrand evaluations so far
[1] 797.246 +- 3.83662  	chisq 0.710712 (1 df)

Iteration 3:  6000000 integrand evaluations so far
[1] 799.088 +- 2.27924  	chisq 1.06678 (2 df)

Iteration 4:  10000000 integrand evaluations so far
[1] 801.325 +- 1.66037  	chisq 3.11997 (3 df)
   801.3 ±    1.7        ( 31.5s) ┃  1.2126 ± 0.0019 ·10⁺⁰³ (6.34mi) ┃
┃   20 -    22 ┃   53 -    54 ┃ 363.617 ±  0.084        (3.52mi) ┃-233.094 ±  0.051        (7.57mi) ┃Vegas input parameters:
  ndim 7
  ncomp 1
  nvec 1
  epsrel 0
  epsabs 0
  flags 10
  seed 123456
  mineval 10000000
  maxeval 10000000
  nstart 1000000
  nincrease 1000000
  nbatch 5000
  gridno 0
  statefile ""

Iteration 1:  1000000 integrand evaluations so far
[1] 232.664 +- 9.31326  	chisq 0 (0 df)

Iteration 2:  3000000 integrand evaluations so far
[1] 258.569 +- 1.31785  	chisq 7.89481 (1 df)

Iteration 3:  6000000 integrand evaluations so far
[1] 260.775 +- 0.816974  	chisq 12.4474 (2 df)

Iteration 4:  10000000 integrand evaluations so far
[1] 261.316 +- 0.595036  	chisq 13.3799 (3 df)
  261.32 ±    0.6        ( 32.2s) ┃  391.84 ±    0.6        (11.6mi) ┃
┃   20 -    22 ┃   54 -    55 ┃  176.32 ±   0.16        (6.49mi) ┃-114.519 ±  0.097        (14.8mi) ┃Vegas input parameters:
  ndim 7
  ncomp 1
  nvec 1
  epsrel 0
  epsabs 0
  flags 10
  seed 123456
  mineval 10000000
  maxeval 10000000
  nstart 1000000
  nincrease 1000000
  nbatch 5000
  gridno 0
  statefile ""

Iteration 1:  1000000 integrand evaluations so far
[1] 128.342 +- 6.80123  	chisq 0 (0 df)

Iteration 2:  3000000 integrand evaluations so far
[1] 126.908 +- 0.636781  	chisq 0.0448703 (1 df)

Iteration 3:  6000000 integrand evaluations so far
[1] 127.159 +- 0.379005  	chisq 0.286286 (2 df)

Iteration 4:  10000000 integrand evaluations so far
[1] 127.268 +- 0.340912  	chisq 0.714791 (3 df)
  127.27 ±   0.34        ( 31.8s) ┃  189.07 ±   0.39        (21.8mi) ┃
┃   20 -    22 ┃   55 -    56 ┃  103.63 ±  0.025        (6.93mi) ┃ -67.952 ±  0.049        (7.25mi) ┃Vegas input parameters:
  ndim 7
  ncomp 1
  nvec 1
  epsrel 0
  epsabs 0
  flags 10
  seed 123456
  mineval 10000000
  maxeval 10000000
  nstart 1000000
  nincrease 1000000
  nbatch 5000
  gridno 0
  statefile ""

Iteration 1:  1000000 integrand evaluations so far
[1] 70.5779 +- 5.0313  	chisq 0 (0 df)

Iteration 2:  3000000 integrand evaluations so far
[1] 74.594 +- 0.407099  	chisq 0.641374 (1 df)

Iteration 3:  6000000 integrand evaluations so far
[1] 74.8499 +- 0.230111  	chisq 1.22175 (2 df)

Iteration 4:  10000000 integrand evaluations so far
[1] 74.8172 +- 0.159292  	chisq 1.26048 (3 df)
   74.82 ±   0.16        ( 31.7s) ┃  110.49 ±   0.17        (14.7mi) ┃
┃   20 -    22 ┃   56 -    57 ┃   65.28 ±  0.015        (7.58mi) ┃ -43.219 ±  0.025        (7.17mi) ┃Vegas input parameters:
  ndim 7
  ncomp 1
  nvec 1
  epsrel 0
  epsabs 0
  flags 10
  seed 123456
  mineval 10000000
  maxeval 10000000
  nstart 1000000
  nincrease 1000000
  nbatch 5000
  gridno 0
  statefile ""

Iteration 1:  1000000 integrand evaluations so far
[1] 53.6912 +- 4.44351  	chisq 0 (0 df)

Iteration 2:  3000000 integrand evaluations so far
[1] 47.5706 +- 0.256162  	chisq 1.90363 (1 df)

Iteration 3:  6000000 integrand evaluations so far
[1] 47.5096 +- 0.142424  	chisq 1.98575 (2 df)

Iteration 4:  10000000 integrand evaluations so far
[1] 47.4913 +- 0.0986307  	chisq 2.01716 (3 df)
  47.491 ±  0.099        (   32s) ┃   69.55 ±    0.1        (15.3mi) ┃
┃   20 -    22 ┃   57 -    58 ┃  41.874 ±  0.018        (3.88mi) ┃-27.8282 ± 0.0077        (56.6mi) ┃Vegas input parameters:
  ndim 7
  ncomp 1
  nvec 1
  epsrel 0
  epsabs 0
  flags 10
  seed 123456
  mineval 10000000
  maxeval 10000000
  nstart 1000000
  nincrease 1000000
  nbatch 5000
  gridno 0
  statefile ""

Iteration 1:  1000000 integrand evaluations so far
[1] 40.5431 +- 3.79821  	chisq 0 (0 df)

Iteration 2:  3000000 integrand evaluations so far
[1] 30.6365 +- 0.199356  	chisq 6.82156 (1 df)

Iteration 3:  6000000 integrand evaluations so far
[1] 30.5506 +- 0.103047  	chisq 7.07491 (2 df)

Iteration 4:  10000000 integrand evaluations so far
[1] 30.4361 +- 0.0661494  	chisq 9.17503 (3 df)
  30.436 ±  0.066        ( 31.1s) ┃  44.482 ±  0.069        (1.02hr) ┃
┃   20 -    22 ┃   58 -    59 ┃   26.23 ±   0.02        (7.43mi) ┃ -17.522 ±  0.016        (28.3mi) ┃Vegas input parameters:
  ndim 7
  ncomp 1
  nvec 1
  epsrel 0
  epsabs 0
  flags 10
  seed 123456
  mineval 10000000
  maxeval 10000000
  nstart 1000000
  nincrease 1000000
  nbatch 5000
  gridno 0
  statefile ""

Iteration 1:  1000000 integrand evaluations so far
[1] 21.7198 +- 2.7888  	chisq 0 (0 df)

Iteration 2:  3000000 integrand evaluations so far
[1] 19.1164 +- 0.198211  	chisq 0.875912 (1 df)

Iteration 3:  6000000 integrand evaluations so far
[1] 19.3608 +- 0.0893338  	chisq 2.78402 (2 df)

Iteration 4:  10000000 integrand evaluations so far
[1] 19.3045 +- 0.050875  	chisq 3.37174 (3 df)
  19.304 ±  0.051        ( 31.5s) ┃  28.013 ±  0.057        (36.2mi) ┃
┃   20 -    22 ┃   59 -    60 ┃ 15.1127 ± 0.0057        (13.3mi) ┃-10.1409 ± 0.0056        (56.5mi) ┃Vegas input parameters:
  ndim 7
  ncomp 1
  nvec 1
  epsrel 0
  epsabs 0
  flags 10
  seed 123456
  mineval 10000000
  maxeval 10000000
  nstart 1000000
  nincrease 1000000
  nbatch 5000
  gridno 0
  statefile ""

Iteration 1:  1000000 integrand evaluations so far
[1] 11.9845 +- 2.05213  	chisq 0 (0 df)

Iteration 2:  3000000 integrand evaluations so far
[1] 10.8489 +- 0.241344  	chisq 0.310521 (1 df)

Iteration 3:  6000000 integrand evaluations so far
[1] 10.9497 +- 0.0850525  	chisq 0.510003 (2 df)

Iteration 4:  10000000 integrand evaluations so far
[1] 11.1141 +- 0.0475028  	chisq 5.93577 (3 df)
  11.114 ±  0.048        ( 30.9s) ┃  16.086 ±  0.048        (1.17hr) ┃
┃   22 -    24 ┃   25 -    26 ┃ 1.34837 ± 0.00051 ·10⁺⁰³ ( 10.4s) ┃ -838.43 ±   0.51        (4.62mi) ┃Vegas input parameters:
  ndim 7
  ncomp 1
  nvec 1
  epsrel 0
  epsabs 0
  flags 10
  seed 123456
  mineval 10000000
  maxeval 10000000
  nstart 1000000
  nincrease 1000000
  nbatch 5000
  gridno 0
  statefile ""

Iteration 1:  1000000 integrand evaluations so far
[1] 857.048 +- 19.2038  	chisq 0 (0 df)

Iteration 2:  3000000 integrand evaluations so far
[1] 861.178 +- 4.18193  	chisq 0.0485581 (1 df)

Iteration 3:  6000000 integrand evaluations so far
[1] 862.969 +- 2.6015  	chisq 0.347649 (2 df)

Iteration 4:  10000000 integrand evaluations so far
[1] 864.643 +- 1.95439  	chisq 1.29811 (3 df)
   864.6 ±      2        ( 30.5s) ┃  1.3746 ± 0.0021 ·10⁺⁰³ ( 5.3mi) ┃
┃   22 -    24 ┃   26 -    27 ┃ 1.50518 ± 0.00084 ·10⁺⁰³ ( 10.6s) ┃ -935.18 ±   0.39        (4.95mi) ┃Vegas input parameters:
  ndim 7
  ncomp 1
  nvec 1
  epsrel 0
  epsabs 0
  flags 10
  seed 123456
  mineval 10000000
  maxeval 10000000
  nstart 1000000
  nincrease 1000000
  nbatch 5000
  gridno 0
  statefile ""

Iteration 1:  1000000 integrand evaluations so far
[1] 962.545 +- 20.0177  	chisq 0 (0 df)

Iteration 2:  3000000 integrand evaluations so far
[1] 969.739 +- 4.5693  	chisq 0.136243 (1 df)

Iteration 3:  6000000 integrand evaluations so far
[1] 971.62 +- 3.09686  	chisq 0.44985 (2 df)

Iteration 4:  10000000 integrand evaluations so far
[1] 970.826 +- 2.27386  	chisq 0.592678 (3 df)
   970.8 ±    2.3        ( 31.2s) ┃  1.5408 ± 0.0025 ·10⁺⁰³ (5.65mi) ┃
┃   22 -    24 ┃   27 -    28 ┃  1.7134 ± 0.0012 ·10⁺⁰³ (  5.5s) ┃-1.05901 ± 0.00081 ·10⁺⁰³ (1.37mi) ┃Vegas input parameters:
  ndim 7
  ncomp 1
  nvec 1
  epsrel 0
  epsabs 0
  flags 10
  seed 123456
  mineval 10000000
  maxeval 10000000
  nstart 1000000
  nincrease 1000000
  nbatch 5000
  gridno 0
  statefile ""

Iteration 1:  1000000 integrand evaluations so far
[1] 1123.22 +- 21.4492  	chisq 0 (0 df)

Iteration 2:  3000000 integrand evaluations so far
[1] 1113.46 +- 5.13744  	chisq 0.219722 (1 df)

Iteration 3:  6000000 integrand evaluations so far
[1] 1109.6 +- 3.27515  	chisq 1.17041 (2 df)

Iteration 4:  10000000 integrand evaluations so far
[1] 1110.49 +- 2.45826  	chisq 1.34083 (3 df)
  1.1105 ± 0.0025 ·10⁺⁰³ (   31s) ┃  1.7649 ± 0.0028 ·10⁺⁰³ (1.98mi) ┃
┃   22 -    24 ┃   28 -    29 ┃  1.9743 ± 0.00068 ·10⁺⁰³ ( 4.93s) ┃ -1.2173 ± 0.00051 ·10⁺⁰³ (1.39mi) ┃Vegas input parameters:
  ndim 7
  ncomp 1
  nvec 1
  epsrel 0
  epsabs 0
  flags 10
  seed 123456
  mineval 10000000
  maxeval 10000000
  nstart 1000000
  nincrease 1000000
  nbatch 5000
  gridno 0
  statefile ""

Iteration 1:  1000000 integrand evaluations so far
[1] 1310.03 +- 22.9377  	chisq 0 (0 df)

Iteration 2:  3000000 integrand evaluations so far
[1] 1287.9 +- 5.84005  	chisq 0.994799 (1 df)

Iteration 3:  6000000 integrand evaluations so far
[1] 1288.94 +- 3.61386  	chisq 1.04627 (2 df)

Iteration 4:  10000000 integrand evaluations so far
[1] 1292.79 +- 2.65803  	chisq 3.51562 (3 df)
  1.2928 ± 0.0027 ·10⁺⁰³ ( 31.6s) ┃  2.0498 ± 0.0028 ·10⁺⁰³ (   2mi) ┃
┃   22 -    24 ┃   29 -    30 ┃  2.3983 ± 0.0021 ·10⁺⁰³ ( 4.89s) ┃-1.48446 ± 0.00056 ·10⁺⁰³ (2.66mi) ┃Vegas input parameters:
  ndim 7
  ncomp 1
  nvec 1
  epsrel 0
  epsabs 0
  flags 10
  seed 123456
  mineval 10000000
  maxeval 10000000
  nstart 1000000
  nincrease 1000000
  nbatch 5000
  gridno 0
  statefile ""

Iteration 1:  1000000 integrand evaluations so far
[1] 1627 +- 25.2904  	chisq 0 (0 df)

Iteration 2:  3000000 integrand evaluations so far
[1] 1611.37 +- 6.76885  	chisq 0.411021 (1 df)

Iteration 3:  6000000 integrand evaluations so far
[1] 1616.59 +- 4.25466  	chisq 1.39362 (2 df)

Iteration 4:  10000000 integrand evaluations so far
[1] 1619.53 +- 3.14093  	chisq 2.44359 (3 df)
  1.6195 ± 0.0031 ·10⁺⁰³ ( 30.9s) ┃  2.5334 ± 0.0038 ·10⁺⁰³ (3.26mi) ┃
┃   22 -    24 ┃   30 -    31 ┃  3.1838 ± 0.0019 ·10⁺⁰³ ( 14.5s) ┃ -1.9603 ± 0.0011 ·10⁺⁰³ (2.65mi) ┃Vegas input parameters:
  ndim 7
  ncomp 1
  nvec 1
  epsrel 0
  epsabs 0
  flags 10
  seed 123456
  mineval 10000000
  maxeval 10000000
  nstart 1000000
  nincrease 1000000
  nbatch 5000
  gridno 0
  statefile ""

Iteration 1:  1000000 integrand evaluations so far
[1] 2182.39 +- 28.6635  	chisq 0 (0 df)

Iteration 2:  3000000 integrand evaluations so far
[1] 2169.41 +- 7.80172  	chisq 0.221534 (1 df)

Iteration 3:  6000000 integrand evaluations so far
[1] 2172.05 +- 4.90613  	chisq 0.410316 (2 df)

Iteration 4:  10000000 integrand evaluations so far
[1] 2174.15 +- 3.68172  	chisq 0.830832 (3 df)
  2.1741 ± 0.0037 ·10⁺⁰³ ( 31.3s) ┃  3.3976 ± 0.0043 ·10⁺⁰³ (3.42mi) ┃
┃   22 -    24 ┃   31 -    32 ┃  2.8351 ± 0.0014 ·10⁺⁰³ ( 34.9s) ┃-1.74691 ± 0.0009 ·10⁺⁰³ (4.99mi) ┃Vegas input parameters:
  ndim 7
  ncomp 1
  nvec 1
  epsrel 0
  epsabs 0
  flags 10
  seed 123456
  mineval 10000000
  maxeval 10000000
  nstart 1000000
  nincrease 1000000
  nbatch 5000
  gridno 0
  statefile ""

Iteration 1:  1000000 integrand evaluations so far
[1] 1891.47 +- 26.451  	chisq 0 (0 df)

Iteration 2:  3000000 integrand evaluations so far
[1] 1909.49 +- 7.25816  	chisq 0.502014 (1 df)

Iteration 3:  6000000 integrand evaluations so far
[1] 1905.3 +- 4.56075  	chisq 1.05433 (2 df)

Iteration 4:  10000000 integrand evaluations so far
[1] 1909.05 +- 3.42791  	chisq 2.60934 (3 df)
  1.9091 ± 0.0034 ·10⁺⁰³ ( 31.1s) ┃  2.9972 ± 0.0038 ·10⁺⁰³ (6.09mi) ┃
┃   22 -    24 ┃   32 -    33 ┃  2.4513 ± 0.0019 ·10⁺⁰³ ( 36.6s) ┃-1.51199 ± 0.0009 ·10⁺⁰³ (9.73mi) ┃Vegas input parameters:
  ndim 7
  ncomp 1
  nvec 1
  epsrel 0
  epsabs 0
  flags 10
  seed 123456
  mineval 10000000
  maxeval 10000000
  nstart 1000000
  nincrease 1000000
  nbatch 5000
  gridno 0
  statefile ""

Iteration 1:  1000000 integrand evaluations so far
[1] 1599.55 +- 24.1609  	chisq 0 (0 df)

Iteration 2:  3000000 integrand evaluations so far
[1] 1608.36 +- 6.67087  	chisq 0.144159 (1 df)

Iteration 3:  6000000 integrand evaluations so far
[1] 1615.52 +- 4.25662  	chisq 2.08549 (2 df)

Iteration 4:  10000000 integrand evaluations so far
[1] 1614.46 +- 3.1669  	chisq 2.22572 (3 df)
  1.6145 ± 0.0032 ·10⁺⁰³ ( 30.1s) ┃  2.5538 ± 0.0038 ·10⁺⁰³ (10.8mi) ┃
┃   22 -    24 ┃   33 -    34 ┃  2.1999 ± 0.0015 ·10⁺⁰³ ( 15.4s) ┃-1.35678 ± 0.00097 ·10⁺⁰³ (2.31mi) ┃Vegas input parameters:
  ndim 7
  ncomp 1
  nvec 1
  epsrel 0
  epsabs 0
  flags 10
  seed 123456
  mineval 10000000
  maxeval 10000000
  nstart 1000000
  nincrease 1000000
  nbatch 5000
  gridno 0
  statefile ""

Iteration 1:  1000000 integrand evaluations so far
[1] 1499.55 +- 23.3617  	chisq 0 (0 df)

Iteration 2:  3000000 integrand evaluations so far
[1] 1452.16 +- 6.28713  	chisq 4.43651 (1 df)

Iteration 3:  6000000 integrand evaluations so far
[1] 1446.82 +- 4.05924  	chisq 5.67407 (2 df)

Iteration 4:  10000000 integrand evaluations so far
[1] 1444.45 +- 3.03079  	chisq 6.44286 (3 df)
  1.4445 ±  0.003 ·10⁺⁰³ ( 30.8s) ┃  2.2876 ± 0.0035 ·10⁺⁰³ (3.08mi) ┃
┃   22 -    24 ┃   34 -    35 ┃  2.0872 ±  0.002 ·10⁺⁰³ ( 34.7s) ┃-1.28756 ± 0.00055 ·10⁺⁰³ (9.54mi) ┃Vegas input parameters:
  ndim 7
  ncomp 1
  nvec 1
  epsrel 0
  epsabs 0
  flags 10
  seed 123456
  mineval 10000000
  maxeval 10000000
  nstart 1000000
  nincrease 1000000
  nbatch 5000
  gridno 0
  statefile ""

Iteration 1:  1000000 integrand evaluations so far
[1] 1297.86 +- 21.4747  	chisq 0 (0 df)

Iteration 2:  3000000 integrand evaluations so far
[1] 1320.88 +- 5.92487  	chisq 1.2442 (1 df)

Iteration 3:  6000000 integrand evaluations so far
[1] 1319.56 +- 3.71133  	chisq 1.32616 (2 df)

Iteration 4:  10000000 integrand evaluations so far
[1] 1322.62 +- 2.79742  	chisq 2.90186 (3 df)
  1.3226 ± 0.0028 ·10⁺⁰³ ( 30.6s) ┃  2.1222 ± 0.0035 ·10⁺⁰³ (10.6mi) ┃
┃   22 -    24 ┃   35 -    36 ┃ 1.94684 ± 0.00048 ·10⁺⁰³ ( 21.5s) ┃-1.20186 ± 0.00061 ·10⁺⁰³ (9.41mi) ┃Vegas input parameters:
  ndim 7
  ncomp 1
  nvec 1
  epsrel 0
  epsabs 0
  flags 10
  seed 123456
  mineval 10000000
  maxeval 10000000
  nstart 1000000
  nincrease 1000000
  nbatch 5000
  gridno 0
  statefile ""

Iteration 1:  1000000 integrand evaluations so far
[1] 1237.33 +- 20.8119  	chisq 0 (0 df)

Iteration 2:  3000000 integrand evaluations so far
[1] 1241.63 +- 5.70021  	chisq 0.0461258 (1 df)

Iteration 3:  6000000 integrand evaluations so far
[1] 1242.65 +- 3.61106  	chisq 0.0990161 (2 df)

Iteration 4:  10000000 integrand evaluations so far
[1] 1243.91 +- 2.75564  	chisq 0.393533 (3 df)
  1.2439 ± 0.0028 ·10⁺⁰³ ( 30.9s) ┃  1.9889 ± 0.0029 ·10⁺⁰³ (10.3mi) ┃
┃   22 -    24 ┃   36 -    37 ┃ 1.84118 ± 0.00055 ·10⁺⁰³ ( 7.28s) ┃-1.14029 ± 0.00078 ·10⁺⁰³ (18.5mi) ┃Vegas input parameters:
  ndim 7
  ncomp 1
  nvec 1
  epsrel 0
  epsabs 0
  flags 10
  seed 123456
  mineval 10000000
  maxeval 10000000
  nstart 1000000
  nincrease 1000000
  nbatch 5000
  gridno 0
  statefile ""

Iteration 1:  1000000 integrand evaluations so far
[1] 1169.61 +- 20.2684  	chisq 0 (0 df)

Iteration 2:  3000000 integrand evaluations so far
[1] 1175.45 +- 5.56936  	chisq 0.090023 (1 df)

Iteration 3:  6000000 integrand evaluations so far
[1] 1173.59 +- 3.43736  	chisq 0.270918 (2 df)

Iteration 4:  10000000 integrand evaluations so far
[1] 1170.73 +- 2.63594  	chisq 1.94972 (3 df)
  1.1707 ± 0.0026 ·10⁺⁰³ ( 30.2s) ┃  1.8716 ± 0.0028 ·10⁺⁰³ (19.1mi) ┃
┃   22 -    24 ┃   37 -    38 ┃ 1.79492 ± 0.00064 ·10⁺⁰³ ( 1.2mi) ┃-1.10988 ± 0.00038 ·10⁺⁰³ (9.35mi) ┃Vegas input parameters:
  ndim 7
  ncomp 1
  nvec 1
  epsrel 0
  epsabs 0
  flags 10
  seed 123456
  mineval 10000000
  maxeval 10000000
  nstart 1000000
  nincrease 1000000
  nbatch 5000
  gridno 0
  statefile ""

Iteration 1:  1000000 integrand evaluations so far
[1] 1130.3 +- 19.6347  	chisq 0 (0 df)

Iteration 2:  3000000 integrand evaluations so far
[1] 1117.99 +- 5.28649  	chisq 0.423938 (1 df)

Iteration 3:  6000000 integrand evaluations so far
[1] 1120.79 +- 3.42508  	chisq 0.908134 (2 df)

Iteration 4:  10000000 integrand evaluations so far
[1] 1119.76 +- 2.53973  	chisq 1.11019 (3 df)
  1.1198 ± 0.0025 ·10⁺⁰³ ( 31.4s) ┃  1.8048 ± 0.0026 ·10⁺⁰³ (11.1mi) ┃
┃   22 -    24 ┃   38 -    39 ┃  1.7154 ± 0.0016 ·10⁺⁰³ ( 20.8s) ┃-1.06205 ± 0.00046 ·10⁺⁰³ (4.57mi) ┃Vegas input parameters:
  ndim 7
  ncomp 1
  nvec 1
  epsrel 0
  epsabs 0
  flags 10
  seed 123456
  mineval 10000000
  maxeval 10000000
  nstart 1000000
  nincrease 1000000
  nbatch 5000
  gridno 0
  statefile ""

Iteration 1:  1000000 integrand evaluations so far
[1] 1072.89 +- 19.2247  	chisq 0 (0 df)

Iteration 2:  3000000 integrand evaluations so far
[1] 1074.84 +- 5.14997  	chisq 0.0110704 (1 df)

Iteration 3:  6000000 integrand evaluations so far
[1] 1076.2 +- 3.26885  	chisq 0.126901 (2 df)

Iteration 4:  10000000 integrand evaluations so far
[1] 1075.96 +- 2.41255  	chisq 0.138856 (3 df)
   1.076 ± 0.0024 ·10⁺⁰³ ( 30.8s) ┃  1.7293 ± 0.0029 ·10⁺⁰³ (5.43mi) ┃
┃   22 -    24 ┃   39 -    40 ┃  1.6906 ± 0.0011 ·10⁺⁰³ ( 17.6s) ┃-1.04356 ± 0.00091 ·10⁺⁰³ (4.73mi) ┃Vegas input parameters:
  ndim 7
  ncomp 1
  nvec 1
  epsrel 0
  epsabs 0
  flags 10
  seed 123456
  mineval 10000000
  maxeval 10000000
  nstart 1000000
  nincrease 1000000
  nbatch 5000
  gridno 0
  statefile ""

Iteration 1:  1000000 integrand evaluations so far
[1] 1030.8 +- 18.7427  	chisq 0 (0 df)

Iteration 2:  3000000 integrand evaluations so far
[1] 1042.01 +- 5.03503  	chisq 0.385598 (1 df)

Iteration 3:  6000000 integrand evaluations so far
[1] 1040.18 +- 3.18224  	chisq 0.605248 (2 df)

Iteration 4:  10000000 integrand evaluations so far
[1] 1042.81 +- 2.36089  	chisq 2.12264 (3 df)
  1.0428 ± 0.0024 ·10⁺⁰³ ( 31.6s) ┃  1.6898 ± 0.0027 ·10⁺⁰³ (5.55mi) ┃
┃   22 -    24 ┃   40 -    41 ┃  1.6631 ± 0.0012 ·10⁺⁰³ ( 57.1s) ┃-1.02629 ± 0.00086 ·10⁺⁰³ (9.12mi) ┃Vegas input parameters:
  ndim 7
  ncomp 1
  nvec 1
  epsrel 0
  epsabs 0
  flags 10
  seed 123456
  mineval 10000000
  maxeval 10000000
  nstart 1000000
  nincrease 1000000
  nbatch 5000
  gridno 0
  statefile ""

Iteration 1:  1000000 integrand evaluations so far
[1] 1034.05 +- 18.7824  	chisq 0 (0 df)

Iteration 2:  3000000 integrand evaluations so far
[1] 1025.18 +- 5.02889  	chisq 0.240108 (1 df)

Iteration 3:  6000000 integrand evaluations so far
[1] 1020.04 +- 3.11233  	chisq 1.93639 (2 df)

Iteration 4:  10000000 integrand evaluations so far
[1] 1021.14 +- 2.35639  	chisq 2.23118 (3 df)
  1.0211 ± 0.0024 ·10⁺⁰³ ( 31.7s) ┃  1.6579 ± 0.0028 ·10⁺⁰³ (10.6mi) ┃
┃   22 -    24 ┃   41 -    42 ┃  1.6042 ± 0.0011 ·10⁺⁰³ ( 26.2s) ┃ -989.22 ±    0.7        (4.66mi) ┃Vegas input parameters:
  ndim 7
  ncomp 1
  nvec 1
  epsrel 0
  epsabs 0
  flags 10
  seed 123456
  mineval 10000000
  maxeval 10000000
  nstart 1000000
  nincrease 1000000
  nbatch 5000
  gridno 0
  statefile ""

Iteration 1:  1000000 integrand evaluations so far
[1] 995.55 +- 18.3317  	chisq 0 (0 df)

Iteration 2:  3000000 integrand evaluations so far
[1] 1001.5 +- 4.90328  	chisq 0.113504 (1 df)

Iteration 3:  6000000 integrand evaluations so far
[1] 1000.55 +- 3.03679  	chisq 0.17483 (2 df)

Iteration 4:  10000000 integrand evaluations so far
[1] 1001.82 +- 2.32001  	chisq 0.596464 (3 df)
  1.0018 ± 0.0023 ·10⁺⁰³ ( 34.1s) ┃  1.6168 ± 0.0027 ·10⁺⁰³ (5.66mi) ┃
┃   22 -    24 ┃   42 -    43 ┃  1.6094 ± 0.0013 ·10⁺⁰³ ( 17.3s) ┃ -992.17 ±   0.13        (2.26mi) ┃Vegas input parameters:
  ndim 7
  ncomp 1
  nvec 1
  epsrel 0
  epsabs 0
  flags 10
  seed 123456
  mineval 10000000
  maxeval 10000000
  nstart 1000000
  nincrease 1000000
  nbatch 5000
  gridno 0
  statefile ""

Iteration 1:  1000000 integrand evaluations so far
[1] 997.027 +- 18.3516  	chisq 0 (0 df)

Iteration 2:  3000000 integrand evaluations so far
[1] 1007.27 +- 4.90701  	chisq 0.335228 (1 df)

Iteration 3:  6000000 integrand evaluations so far
[1] 1000.13 +- 3.02717  	chisq 3.75251 (2 df)

Iteration 4:  10000000 integrand evaluations so far
[1] 996.907 +- 2.28642  	chisq 6.38536 (3 df)
   996.9 ±    2.3        ( 31.6s) ┃  1.6141 ± 0.0026 ·10⁺⁰³ (3.08mi) ┃
┃   22 -    24 ┃   43 -    44 ┃  1.5593 ±  0.001 ·10⁺⁰³ ( 16.1s) ┃ -961.89 ±   0.44        (2.37mi) ┃Vegas input parameters:
  ndim 7
  ncomp 1
  nvec 1
  epsrel 0
  epsabs 0
  flags 10
  seed 123456
  mineval 10000000
  maxeval 10000000
  nstart 1000000
  nincrease 1000000
  nbatch 5000
  gridno 0
  statefile ""

Iteration 1:  1000000 integrand evaluations so far
[1] 988.295 +- 18.3008  	chisq 0 (0 df)

Iteration 2:  3000000 integrand evaluations so far
[1] 1006.35 +- 4.86138  	chisq 1.047 (1 df)

Iteration 3:  6000000 integrand evaluations so far
[1] 1002.83 +- 3.05464  	chisq 1.91342 (2 df)

Iteration 4:  10000000 integrand evaluations so far
[1] 997.788 +- 2.24836  	chisq 7.85279 (3 df)
   997.8 ±    2.2        ( 32.6s) ┃  1.5952 ± 0.0025 ·10⁺⁰³ (3.18mi) ┃
┃   22 -    24 ┃   44 -    45 ┃ 1.61861 ± 0.00034 ·10⁺⁰³ (    5s) ┃-1.00058 ± 0.00093 ·10⁺⁰³ (1.25mi) ┃Vegas input parameters:
  ndim 7
  ncomp 1
  nvec 1
  epsrel 0
  epsabs 0
  flags 10
  seed 123456
  mineval 10000000
  maxeval 10000000
  nstart 1000000
  nincrease 1000000
  nbatch 5000
  gridno 0
  statefile ""

Iteration 1:  1000000 integrand evaluations so far
[1] 1001.54 +- 18.4617  	chisq 0 (0 df)

Iteration 2:  3000000 integrand evaluations so far
[1] 1014.47 +- 4.87452  	chisq 0.527479 (1 df)

Iteration 3:  6000000 integrand evaluations so far
[1] 1011.65 +- 3.00897  	chisq 1.06722 (2 df)

Iteration 4:  10000000 integrand evaluations so far
[1] 1014.22 +- 2.24207  	chisq 2.69909 (3 df)
  1.0142 ± 0.0022 ·10⁺⁰³ ( 34.4s) ┃  1.6323 ± 0.0024 ·10⁺⁰³ ( 1.9mi) ┃
┃   22 -    24 ┃   45 -    46 ┃   1.618 ± 0.00069 ·10⁺⁰³ (   17s) ┃ -998.75 ±   0.33        (2.41mi) ┃Vegas input parameters:
  ndim 7
  ncomp 1
  nvec 1
  epsrel 0
  epsabs 0
  flags 10
  seed 123456
  mineval 10000000
  maxeval 10000000
  nstart 1000000
  nincrease 1000000
  nbatch 5000
  gridno 0
  statefile ""

Iteration 1:  1000000 integrand evaluations so far
[1] 1050.44 +- 18.9673  	chisq 0 (0 df)

Iteration 2:  3000000 integrand evaluations so far
[1] 1040.47 +- 4.91964  	chisq 0.29607 (1 df)

Iteration 3:  6000000 integrand evaluations so far
[1] 1037.98 +- 3.11854  	chisq 0.72589 (2 df)

Iteration 4:  10000000 integrand evaluations so far
[1] 1039.41 +- 2.31045  	chisq 1.19252 (3 df)
  1.0394 ± 0.0023 ·10⁺⁰³ ( 37.1s) ┃  1.6587 ± 0.0024 ·10⁺⁰³ (3.31mi) ┃
┃   22 -    24 ┃   46 -    47 ┃ 1.67507 ± 0.00011 ·10⁺⁰³ (2.14mi) ┃-1.03365 ±  7e-05 ·10⁺⁰³ (4.43mi) ┃Vegas input parameters:
  ndim 7
  ncomp 1
  nvec 1
  epsrel 0
  epsabs 0
  flags 10
  seed 123456
  mineval 10000000
  maxeval 10000000
  nstart 1000000
  nincrease 1000000
  nbatch 5000
  gridno 0
  statefile ""

Iteration 1:  1000000 integrand evaluations so far
[1] 1075.56 +- 19.1239  	chisq 0 (0 df)

Iteration 2:  3000000 integrand evaluations so far
[1] 1082.07 +- 5.00681  	chisq 0.12442 (1 df)

Iteration 3:  6000000 integrand evaluations so far
[1] 1083.78 +- 3.1034  	chisq 0.315265 (2 df)

Iteration 4:  10000000 integrand evaluations so far
[1] 1084.63 +- 2.30939  	chisq 0.481652 (3 df)
  1.0846 ± 0.0023 ·10⁺⁰³ (   34s) ┃   1.726 ± 0.0023 ·10⁺⁰³ (7.14mi) ┃
┃   22 -    24 ┃   47 -    48 ┃  1.7997 ± 0.0012 ·10⁺⁰³ ( 31.9s) ┃-1.11104 ± 0.00035 ·10⁺⁰³ (1.18mi) ┃Vegas input parameters:
  ndim 7
  ncomp 1
  nvec 1
  epsrel 0
  epsabs 0
  flags 10
  seed 123456
  mineval 10000000
  maxeval 10000000
  nstart 1000000
  nincrease 1000000
  nbatch 5000
  gridno 0
  statefile ""

Iteration 1:  1000000 integrand evaluations so far
[1] 1212.48 +- 20.6469  	chisq 0 (0 df)

Iteration 2:  3000000 integrand evaluations so far
[1] 1182.82 +- 5.25366  	chisq 2.20611 (1 df)

Iteration 3:  6000000 integrand evaluations so far
[1] 1184.1 +- 3.24675  	chisq 2.3015 (2 df)

Iteration 4:  10000000 integrand evaluations so far
[1] 1182.91 +- 2.44432  	chisq 2.60945 (3 df)
  1.1829 ± 0.0024 ·10⁺⁰³ ( 34.1s) ┃  1.8716 ± 0.0028 ·10⁺⁰³ (2.28mi) ┃
┃   22 -    24 ┃   48 -    49 ┃  1.9122 ± 0.0017 ·10⁺⁰³ (1.06mi) ┃-1.18075 ± 0.00095 ·10⁺⁰³ ( 2.4mi) ┃Vegas input parameters:
  ndim 7
  ncomp 1
  nvec 1
  epsrel 0
  epsabs 0
  flags 10
  seed 123456
  mineval 10000000
  maxeval 10000000
  nstart 1000000
  nincrease 1000000
  nbatch 5000
  gridno 0
  statefile ""

Iteration 1:  1000000 integrand evaluations so far
[1] 1277.85 +- 21.1747  	chisq 0 (0 df)

Iteration 2:  3000000 integrand evaluations so far
[1] 1271.23 +- 5.46785  	chisq 0.104659 (1 df)

Iteration 3:  6000000 integrand evaluations so far
[1] 1275.56 +- 3.38269  	chisq 1.12121 (2 df)

Iteration 4:  10000000 integrand evaluations so far
[1] 1281.36 +- 2.55897  	chisq 8.00267 (3 df)
  1.2814 ± 0.0026 ·10⁺⁰³ ( 34.7s) ┃  2.0128 ± 0.0032 ·10⁺⁰³ (4.03mi) ┃
┃   22 -    24 ┃   49 -    50 ┃  1.9568 ± 0.0015 ·10⁺⁰³ (1.03mi) ┃ -1.2016 ± 0.0012 ·10⁺⁰³ (2.15mi) ┃Vegas input parameters:
  ndim 7
  ncomp 1
  nvec 1
  epsrel 0
  epsabs 0
  flags 10
  seed 123456
  mineval 10000000
  maxeval 10000000
  nstart 1000000
  nincrease 1000000
  nbatch 5000
  gridno 0
  statefile ""

Iteration 1:  1000000 integrand evaluations so far
[1] 1297.44 +- 21.5149  	chisq 0 (0 df)

Iteration 2:  3000000 integrand evaluations so far
[1] 1319.99 +- 5.55901  	chisq 1.17719 (1 df)

Iteration 3:  6000000 integrand evaluations so far
[1] 1322.69 +- 3.41969  	chisq 1.55454 (2 df)

Iteration 4:  10000000 integrand evaluations so far
[1] 1317.26 +- 2.55242  	chisq 7.24703 (3 df)
  1.3173 ± 0.0026 ·10⁺⁰³ ( 33.7s) ┃  2.0725 ± 0.0032 ·10⁺⁰³ (3.74mi) ┃
┃   22 -    24 ┃   50 -    51 ┃  1.9372 ± 0.0011 ·10⁺⁰³ (   32s) ┃-1.19324 ± 0.00054 ·10⁺⁰³ ( 39.9s) ┃Vegas input parameters:
  ndim 7
  ncomp 1
  nvec 1
  epsrel 0
  epsabs 0
  flags 10
  seed 123456
  mineval 10000000
  maxeval 10000000
  nstart 1000000
  nincrease 1000000
  nbatch 5000
  gridno 0
  statefile ""

Iteration 1:  1000000 integrand evaluations so far
[1] 1338.64 +- 21.7521  	chisq 0 (0 df)

Iteration 2:  3000000 integrand evaluations so far
[1] 1327.45 +- 5.33028  	chisq 0.281398 (1 df)

Iteration 3:  6000000 integrand evaluations so far
[1] 1330.62 +- 3.32984  	chisq 0.860943 (2 df)

Iteration 4:  10000000 integrand evaluations so far
[1] 1325.71 +- 2.45907  	chisq 5.64091 (3 df)
  1.3257 ± 0.0025 ·10⁺⁰³ (   27s) ┃  2.0696 ± 0.0028 ·10⁺⁰³ (1.65mi) ┃
┃   22 -    24 ┃   51 -    52 ┃  1.9251 ± 0.0011 ·10⁺⁰³ ( 31.5s) ┃-1.18654 ± 0.00091 ·10⁺⁰³ (1.17mi) ┃Vegas input parameters:
  ndim 7
  ncomp 1
  nvec 1
  epsrel 0
  epsabs 0
  flags 10
  seed 123456
  mineval 10000000
  maxeval 10000000
  nstart 1000000
  nincrease 1000000
  nbatch 5000
  gridno 0
  statefile ""

Iteration 1:  1000000 integrand evaluations so far
[1] 1325 +- 21.6374  	chisq 0 (0 df)

Iteration 2:  3000000 integrand evaluations so far
[1] 1341.54 +- 5.27368  	chisq 0.621078 (1 df)

Iteration 3:  6000000 integrand evaluations so far
[1] 1347.49 +- 3.29758  	chisq 2.7134 (2 df)

Iteration 4:  10000000 integrand evaluations so far
[1] 1345.14 +- 2.42475  	chisq 3.81509 (3 df)
  1.3451 ± 0.0024 ·10⁺⁰³ ( 28.3s) ┃  2.0837 ± 0.0028 ·10⁺⁰³ (2.16mi) ┃
┃   22 -    24 ┃   52 -    53 ┃ 1.89312 ± 0.00096 ·10⁺⁰³ ( 30.6s) ┃-1.16301 ± 0.0008 ·10⁺⁰³ (2.22mi) ┃Vegas input parameters:
  ndim 7
  ncomp 1
  nvec 1
  epsrel 0
  epsabs 0
  flags 10
  seed 123456
  mineval 10000000
  maxeval 10000000
  nstart 1000000
  nincrease 1000000
  nbatch 5000
  gridno 0
  statefile ""

Iteration 1:  1000000 integrand evaluations so far
[1] 1343.91 +- 21.7392  	chisq 0 (0 df)

Iteration 2:  3000000 integrand evaluations so far
[1] 1342.03 +- 5.19607  	chisq 0.00787035 (1 df)

Iteration 3:  6000000 integrand evaluations so far
[1] 1344.06 +- 3.16521  	chisq 0.249427 (2 df)

Iteration 4:  10000000 integrand evaluations so far
[1] 1342.95 +- 2.30458  	chisq 0.508954 (3 df)
   1.343 ± 0.0023 ·10⁺⁰³ ( 31.6s) ┃  2.0731 ± 0.0026 ·10⁺⁰³ (3.26mi) ┃
┃   22 -    24 ┃   53 -    54 ┃  1.2057 ± 0.00069 ·10⁺⁰³ ( 56.6s) ┃ -738.68 ±   0.45        (4.19mi) ┃Vegas input parameters:
  ndim 7
  ncomp 1
  nvec 1
  epsrel 0
  epsabs 0
  flags 10
  seed 123456
  mineval 10000000
  maxeval 10000000
  nstart 1000000
  nincrease 1000000
  nbatch 5000
  gridno 0
  statefile ""

Iteration 1:  1000000 integrand evaluations so far
[1] 840.058 +- 17.2042  	chisq 0 (0 df)

Iteration 2:  3000000 integrand evaluations so far
[1] 859.116 +- 3.74992  	chisq 1.28833 (1 df)

Iteration 3:  6000000 integrand evaluations so far
[1] 862.278 +- 2.33997  	chisq 2.45245 (2 df)

Iteration 4:  10000000 integrand evaluations so far
[1] 863.686 +- 1.72172  	chisq 3.2421 (3 df)
   863.7 ±    1.7        ( 31.8s) ┃  1.3307 ± 0.0019 ·10⁺⁰³ (5.67mi) ┃
┃   22 -    24 ┃   54 -    55 ┃  394.71 ±    0.3        (1.74mi) ┃ -244.66 ±   0.11        ( 7.7mi) ┃Vegas input parameters:
  ndim 7
  ncomp 1
  nvec 1
  epsrel 0
  epsabs 0
  flags 10
  seed 123456
  mineval 10000000
  maxeval 10000000
  nstart 1000000
  nincrease 1000000
  nbatch 5000
  gridno 0
  statefile ""

Iteration 1:  1000000 integrand evaluations so far
[1] 254.539 +- 9.19456  	chisq 0 (0 df)

Iteration 2:  3000000 integrand evaluations so far
[1] 280.269 +- 1.632  	chisq 8.08569 (1 df)

Iteration 3:  6000000 integrand evaluations so far
[1] 281.814 +- 1.01812  	chisq 9.55358 (2 df)

Iteration 4:  10000000 integrand evaluations so far
[1] 282.408 +- 0.716564  	chisq 10.2286 (3 df)
  282.41 ±   0.72        ( 31.3s) ┃  432.45 ±   0.79        (9.97mi) ┃
┃   22 -    24 ┃   55 -    56 ┃  172.89 ±   0.13        (6.55mi) ┃-108.766 ±  0.058        ( 7.5mi) ┃Vegas input parameters:
  ndim 7
  ncomp 1
  nvec 1
  epsrel 0
  epsabs 0
  flags 10
  seed 123456
  mineval 10000000
  maxeval 10000000
  nstart 1000000
  nincrease 1000000
  nbatch 5000
  gridno 0
  statefile ""

Iteration 1:  1000000 integrand evaluations so far
[1] 126.745 +- 6.39535  	chisq 0 (0 df)

Iteration 2:  3000000 integrand evaluations so far
[1] 122.799 +- 0.625372  	chisq 0.384324 (1 df)

Iteration 3:  6000000 integrand evaluations so far
[1] 123.188 +- 0.377877  	chisq 0.994608 (2 df)

Iteration 4:  10000000 integrand evaluations so far
[1] 123.04 +- 0.272875  	chisq 1.3178 (3 df)
  123.04 ±   0.27        ( 32.7s) ┃  187.16 ±   0.31        (14.6mi) ┃
┃   22 -    24 ┃   56 -    57 ┃  98.207 ±  0.068        (6.77mi) ┃ -62.359 ±  0.047        (7.46mi) ┃Vegas input parameters:
  ndim 7
  ncomp 1
  nvec 1
  epsrel 0
  epsabs 0
  flags 10
  seed 123456
  mineval 10000000
  maxeval 10000000
  nstart 1000000
  nincrease 1000000
  nbatch 5000
  gridno 0
  statefile ""

Iteration 1:  1000000 integrand evaluations so far
[1] 67.1629 +- 4.65661  	chisq 0 (0 df)

Iteration 2:  3000000 integrand evaluations so far
[1] 70.4626 +- 0.361159  	chisq 0.505155 (1 df)

Iteration 3:  6000000 integrand evaluations so far
[1] 70.2747 +- 0.209492  	chisq 0.913079 (2 df)

Iteration 4:  10000000 integrand evaluations so far
[1] 70.2995 +- 0.200507  	chisq 1.07945 (3 df)
    70.3 ±    0.2        ( 33.7s) ┃  106.15 ±   0.22        (14.8mi) ┃
┃   22 -    24 ┃   57 -    58 ┃  61.053 ±  0.028        (12.6mi) ┃ -39.056 ±  0.023        (28.9mi) ┃Vegas input parameters:
  ndim 7
  ncomp 1
  nvec 1
  epsrel 0
  epsabs 0
  flags 10
  seed 123456
  mineval 10000000
  maxeval 10000000
  nstart 1000000
  nincrease 1000000
  nbatch 5000
  gridno 0
  statefile ""

Iteration 1:  1000000 integrand evaluations so far
[1] 46.0056 +- 3.84128  	chisq 0 (0 df)

Iteration 2:  3000000 integrand evaluations so far
[1] 43.5966 +- 0.259021  	chisq 0.395087 (1 df)

Iteration 3:  6000000 integrand evaluations so far
[1] 43.8403 +- 0.143971  	chisq 1.67571 (2 df)

Iteration 4:  10000000 integrand evaluations so far
[1] 43.7977 +- 0.0979298  	chisq 1.83841 (3 df)
  43.798 ±  0.098        ( 31.4s) ┃   65.79 ±    0.1        (  42mi) ┃
┃   22 -    24 ┃   58 -    59 ┃  39.129 ±  0.024        (3.32mi) ┃-25.1738 ± 0.0094        (  29mi) ┃Vegas input parameters:
  ndim 7
  ncomp 1
  nvec 1
  epsrel 0
  epsabs 0
  flags 10
  seed 123456
  mineval 10000000
  maxeval 10000000
  nstart 1000000
  nincrease 1000000
  nbatch 5000
  gridno 0
  statefile ""

Iteration 1:  1000000 integrand evaluations so far
[1] 36.0744 +- 3.39948  	chisq 0 (0 df)

Iteration 2:  3000000 integrand evaluations so far
[1] 28.3816 +- 0.199616  	chisq 5.13862 (1 df)

Iteration 3:  6000000 integrand evaluations so far
[1] 28.3614 +- 0.100725  	chisq 5.15237 (2 df)

Iteration 4:  10000000 integrand evaluations so far
[1] 28.18 +- 0.0640107  	chisq 10.5907 (3 df)
   28.18 ±  0.064        ( 31.5s) ┃  42.135 ±  0.069        (32.9mi) ┃
┃   22 -    24 ┃   59 -    60 ┃ 24.6891 ± 0.0078        ( 7.7mi) ┃ -15.986 ±  0.015        (28.9mi) ┃Vegas input parameters:
  ndim 7
  ncomp 1
  nvec 1
  epsrel 0
  epsabs 0
  flags 10
  seed 123456
  mineval 10000000
  maxeval 10000000
  nstart 1000000
  nincrease 1000000
  nbatch 5000
  gridno 0
  statefile ""

Iteration 1:  1000000 integrand evaluations so far
[1] 23.1314 +- 2.72754  	chisq 0 (0 df)

Iteration 2:  3000000 integrand evaluations so far
[1] 17.6348 +- 0.142764  	chisq 4.07237 (1 df)

Iteration 3:  6000000 integrand evaluations so far
[1] 17.9118 +- 0.0674824  	chisq 8.91955 (2 df)

Iteration 4:  10000000 integrand evaluations so far
[1] 17.8562 +- 0.0426509  	chisq 10.0463 (3 df)
  17.856 ±  0.043        ( 33.5s) ┃  26.559 ±  0.046        (37.2mi) ┃
┣━━━━━━━━━━━━━━╋━━━━━━━━━━━━━━╋━━━━━━━━━━━━━━━━━━━━━━━━━━━━━━━━━━╋━━━━━━━━━━━━━━━━━━━━━━━━━━━━━━━━━━╋━━━━━━━━━━━━━━━━━━━━━━━━━━━━━━━━━━╋━━━━━━━━━━━━━━━━━━━━━━━━━━━━━━━━━━┫
┃   20 -    24 ┃   25 -    60 ┃ 119.769 ± 0.0096 ·10⁺⁰³ (1.97hr) ┃-75.0794 ± 0.0061 ·10⁺⁰³ (9.04hr) ┃  79.249 ±  0.021 ·10⁺⁰³ (37.1mi) ┃ 123.939 ±  0.024 ·10⁺⁰³ (11.6hr) ┃
┗━━━━━━━━━━━━━━┻━━━━━━━━━━━━━━┻━━━━━━━━━━━━━━━━━━━━━━━━━━━━━━━━━━┻━━━━━━━━━━━━━━━━━━━━━━━━━━━━━━━━━━┻━━━━━━━━━━━━━━━━━━━━━━━━━━━━━━━━━━┻━━━━━━━━━━━━━━━━━━━━━━━━━━━━━━━━━━┛

╍╍╍╍╍╍╍╍╍╍╍╍╍╍╍╍╍╍╍╍╍╍╍╍╍╍╍╍╍╍╍╍ Summary ╍╍╍╍╍╍╍╍╍╍╍╍╍╍╍╍╍╍╍╍╍╍╍╍╍╍╍╍╍╍╍
      Total cross section                    123.939 ± 0.024          pb
         Calculation time                               11.6       hours
              Output file                    outputs/qt_qt20_24_NLL_muR1.0_muF0.5.root            
      Result in text file                    outputs/qt_qt20_24_NLL_muR1.0_muF0.5.txt            

╍╍╍╍╍╍╍╍╍╍╍╍╍╍╍╍╍╍╍╍╍╍╍╍╍╍╍╍╍╍╍╍╍╍╍╍╍╍╍╍╍╍╍╍╍╍╍╍╍╍╍╍╍╍╍╍╍╍╍╍╍╍╍╍╍╍╍╍╍╍╍╍

