
╍╍╍╍╍╍╍╍╍╍╍╍╍╍╍╍╍╍╍╍╍╍╍╍╍╍╍ Process settings ╍╍╍╍╍╍╍╍╍╍╍╍╍╍╍╍╍╍╍╍╍╍╍╍╍╍╍
   proton-proton collisions at sqrt(s) = 13000 GeV 
   Computing NLO+NLL resummed cross section
   W+ ->  nu(p3)+e+(p4) production 

╍╍╍╍╍╍╍╍╍╍╍╍╍╍╍╍╍╍╍╍╍╍╍╍╍╍╍╍╍╍ CKM matrix ╍╍╍╍╍╍╍╍╍╍╍╍╍╍╍╍╍╍╍╍╍╍╍╍╍╍╍╍╍╍
     | Vud Vus Vub |   |   0.97427   0.2253  0.00351 | 
     | Vcd Vcs Vcb | = |    0.2252  0.97344   0.0412 | 
     | Vtd Vts Vtb |   |         0        0        0 | 

╍╍╍╍╍╍╍╍╍╍╍╍╍╍╍╍╍╍╍╍╍╍╍╍╍╍╍╍╍ EW parameters ╍╍╍╍╍╍╍╍╍╍╍╍╍╍╍╍╍╍╍╍╍╍╍╍╍╍╍╍
                                         Gf =  1.1663787e-05      GeV^-2
                                    1/alpha =  132.233229791            
                                 sin(thW)^2 = 0.222897222524            
                                     W mass =         80.385         GeV
                                     Z mass =        91.1876         GeV
                                    W width =          2.091         GeV
                                    Z width =          2.495         GeV

╍╍╍╍╍╍╍╍╍╍╍╍╍╍╍╍╍╍╍╍╍╍╍╍╍╍╍╍╍ QCD settings ╍╍╍╍╍╍╍╍╍╍╍╍╍╍╍╍╍╍╍╍╍╍╍╍╍╍╍╍╍
   Renormalization scale:     dynamic muren =              1      * m_ll
     Factorization scale:     dynamic mufac =            0.5      * m_ll
       Resummation scale:     dynamic mures =              1      * m_ll
          Strong coupling       alpha_s(MZ) =       0.118001            
                              running order =              2       -loop
         Non-perturbative     form factor g =            0.7       GeV^2

╍╍╍╍╍╍╍╍╍╍╍╍╍╍╍╍╍╍╍╍╍╍╍╍╍╍╍╍╍ PDF settings ╍╍╍╍╍╍╍╍╍╍╍╍╍╍╍╍╍╍╍╍╍╍╍╍╍╍╍╍╍
                                     PDF set:MSHT20nnlo_as118            
                                  PDF member:              0            
  Mellin moments of PDFs:                    Numerical integration            
                         nodes for the quadrature:            200            
                         Intervals for the quadrature:              1            

╍╍╍╍╍╍╍╍╍╍╍╍╍╍╍╍╍╍╍╍╍╍╍╍╍╍╍╍╍╍╍ qT recoil ╍╍╍╍╍╍╍╍╍╍╍╍╍╍╍╍╍╍╍╍╍╍╍╍╍╍╍╍╍╍
  qt-recoil prescription:       Collins-Soper kt1 = p_V(x)/2; kt2 = p_V(y)/2            

╍╍╍╍╍╍╍╍╍╍╍╍╍╍╍╍╍╍╍╍╍╍╍╍╍╍╍╍╍╍╍╍╍ Cuts ╍╍╍╍╍╍╍╍╍╍╍╍╍╍╍╍╍╍╍╍╍╍╍╍╍╍╍╍╍╍╍╍╍
                                  apply cuts:           true            
                                      pt_l >               0            
                                   |eta_l| <            1000            
                                    pt_lep >              25            
                                 |eta_lep| <             2.4            
                                   pt_alep >              25            
                                |eta_alep| <             2.4            
                                  user cuts:            true            

╍╍╍╍╍╍╍╍╍╍╍╍╍╍╍╍╍╍╍╍╍╍╍╍╍╍╍╍ ResummationDamp ╍╍╍╍╍╍╍╍╍╍╍╍╍╍╍╍╍╍╍╍╍╍╍╍╍╍╍
                                    damping :             on            
                                damping mode:              1            
                                  damp above:        60.2888         GeV
                               damping width:        20.0963         GeV
                          resummation cutoff:             20         MeV

╍╍╍╍╍╍╍╍╍╍╍╍╍╍╍╍╍╍╍╍╍╍╍╍╍╍╍╍ Debug settings ╍╍╍╍╍╍╍╍╍╍╍╍╍╍╍╍╍╍╍╍╍╍╍╍╍╍╍╍
                                 timeprofile:          false            
                                     verbose:          false            
                               cubaverbosity:              2            

╍╍╍╍╍╍╍╍╍╍╍╍╍╍╍╍╍╍╍╍╍╍╍╍╍╍╍╍╍╍╍╍╍╍╍╍╍╍╍╍╍╍╍╍╍╍╍╍╍╍╍╍╍╍╍╍╍╍╍╍╍╍╍╍╍╍╍╍╍╍╍╍

Warning: Histogram `a1_qt` contains non-integrable observable and will be deleted 
Warning: Histogram `a1_qt_vs_y` contains non-integrable observable and will be deleted 
Warning: Histogram `s_biganswer` contains non-integrable observable and will be deleted 
Warning: Histogram `wgt_a1_qt` contains non-integrable observable and will be deleted 

╍╍╍╍╍╍╍╍╍╍╍╍╍╍╍╍╍╍╍╍╍╍╍╍╍ Integration settings ╍╍╍╍╍╍╍╍╍╍╍╍╍╍╍╍╍╍╍╍╍╍╍╍╍
             Random seeds              123456                           
           Parallel cores                   1                           

             Resummation:     cuhre (dm, dpt)         iter =           5
                                   gauss (dy)        nodes =          64
                                                 intervals =           1
            Counter term:      cuhre (dm, dy)         iter =           5
                                  gauss (dpt)        nodes =          20
                                                 intervals =           5
                     V+J:            vegas 7D       ncalls =    10000000

Mellin inverse transform:           gaussian         nodes =          30
                                                 intervals =           1
                               imaginary axis         zmax =           2
  Angular variable costh:     semi-analytical      ncstart =         100
   Angular variables phi:            gaussian    intervals =          20

      Constant boundaries                  q2          low =          80
                                                      high =         100
                                            y          low =          -6
                                                      high =           6
                                        costh          low =          -1
                                                      high =           1
                                       eta(l)          low =         -10
                                                      high =          10

┏━━━━━━━━━━━━━━┰━━━━━━━━━━━━━━┰━━━━━━━━━━━━━━━━━━━━━━━━━━━━━━━━━━┰━━━━━━━━━━━━━━━━━━━━━━━━━━━━━━━━━━┰━━━━━━━━━━━━━━━━━━━━━━━━━━━━━━━━━━┰━━━━━━━━━━━━━━━━━━━━━━━━━━━━━━━━━━┓
┃           qT ┃        pT(l) ┃                      Resummation ┃                     Counter term ┃                              V+J ┃                            TOTAL ┃
┣━━━━━━━━━━━━━━╋━━━━━━━━━━━━━━╋━━━━━━━━━━━━━━━━━━━━━━━━━━━━━━━━━━╋━━━━━━━━━━━━━━━━━━━━━━━━━━━━━━━━━━╋━━━━━━━━━━━━━━━━━━━━━━━━━━━━━━━━━━╋━━━━━━━━━━━━━━━━━━━━━━━━━━━━━━━━━━┫
┃   44 -    46 ┃   25 -    26 ┃ 581.637 ±  0.072        (4.05mi) ┃-314.915 ±  0.064        (29.3mi) ┃Vegas input parameters:
  ndim 7
  ncomp 1
  nvec 1
  epsrel 0
  epsabs 0
  flags 10
  seed 123456
  mineval 10000000
  maxeval 10000000
  nstart 1000000
  nincrease 1000000
  nbatch 5000
  gridno 0
  statefile ""

Iteration 1:  1000000 integrand evaluations so far
[1] 408.09 +- 7.51647  	chisq 0 (0 df)

Iteration 2:  3000000 integrand evaluations so far
[1] 402.329 +- 2.10718  	chisq 0.637556 (1 df)

Iteration 3:  6000000 integrand evaluations so far
[1] 401.417 +- 1.31217  	chisq 0.943558 (2 df)

Iteration 4:  10000000 integrand evaluations so far
[1] 402.076 +- 1.01539  	chisq 1.5714 (3 df)
   402.1 ±      1        ( 39.8s) ┃   668.8 ±      1        (34.1mi) ┃
┃   44 -    46 ┃   26 -    27 ┃  533.57 ±   0.25        ( 59.8s) ┃  -288.4 ±   0.13        (7.25mi) ┃Vegas input parameters:
  ndim 7
  ncomp 1
  nvec 1
  epsrel 0
  epsabs 0
  flags 10
  seed 123456
  mineval 10000000
  maxeval 10000000
  nstart 1000000
  nincrease 1000000
  nbatch 5000
  gridno 0
  statefile ""

Iteration 1:  1000000 integrand evaluations so far
[1] 361.338 +- 7.00664  	chisq 0 (0 df)

Iteration 2:  3000000 integrand evaluations so far
[1] 350.496 +- 1.95326  	chisq 2.59606 (1 df)

Iteration 3:  6000000 integrand evaluations so far
[1] 351.336 +- 1.21693  	chisq 2.89838 (2 df)

Iteration 4:  10000000 integrand evaluations so far
[1] 351.758 +- 0.899271  	chisq 3.1632 (3 df)
  351.76 ±    0.9        ( 40.6s) ┃  596.93 ±   0.94        (8.92mi) ┃
┃   44 -    46 ┃   27 -    28 ┃  484.11 ±   0.22        (1.98mi) ┃ -262.84 ±   0.18        (7.16mi) ┃Vegas input parameters:
  ndim 7
  ncomp 1
  nvec 1
  epsrel 0
  epsabs 0
  flags 10
  seed 123456
  mineval 10000000
  maxeval 10000000
  nstart 1000000
  nincrease 1000000
  nbatch 5000
  gridno 0
  statefile ""

Iteration 1:  1000000 integrand evaluations so far
[1] 320.112 +- 6.51469  	chisq 0 (0 df)

Iteration 2:  3000000 integrand evaluations so far
[1] 323.448 +- 1.85085  	chisq 0.28514 (1 df)

Iteration 3:  6000000 integrand evaluations so far
[1] 322.603 +- 1.21733  	chisq 0.652561 (2 df)

Iteration 4:  10000000 integrand evaluations so far
[1] 321.352 +- 0.90177  	chisq 2.99006 (3 df)
  321.35 ±    0.9        ( 40.3s) ┃  542.62 ±   0.95        (9.81mi) ┃
┃   44 -    46 ┃   28 -    29 ┃  455.07 ±   0.44        ( 17.1s) ┃-246.259 ±  0.067        (7.36mi) ┃Vegas input parameters:
  ndim 7
  ncomp 1
  nvec 1
  epsrel 0
  epsabs 0
  flags 10
  seed 123456
  mineval 10000000
  maxeval 10000000
  nstart 1000000
  nincrease 1000000
  nbatch 5000
  gridno 0
  statefile ""

Iteration 1:  1000000 integrand evaluations so far
[1] 292.352 +- 6.12388  	chisq 0 (0 df)

Iteration 2:  3000000 integrand evaluations so far
[1] 298.006 +- 1.75509  	chisq 0.929019 (1 df)

Iteration 3:  6000000 integrand evaluations so far
[1] 297.316 +- 1.09125  	chisq 1.18118 (2 df)

Iteration 4:  10000000 integrand evaluations so far
[1] 297.084 +- 0.820898  	chisq 1.28573 (3 df)
  297.08 ±   0.82        ( 40.9s) ┃   505.9 ±   0.93        (8.32mi) ┃
┃   44 -    46 ┃   29 -    30 ┃  454.42 ±   0.12        ( 3.9mi) ┃-245.392 ±  0.041        (55.2mi) ┃Vegas input parameters:
  ndim 7
  ncomp 1
  nvec 1
  epsrel 0
  epsabs 0
  flags 10
  seed 123456
  mineval 10000000
  maxeval 10000000
  nstart 1000000
  nincrease 1000000
  nbatch 5000
  gridno 0
  statefile ""

Iteration 1:  1000000 integrand evaluations so far
[1] 277.631 +- 5.91504  	chisq 0 (0 df)

Iteration 2:  3000000 integrand evaluations so far
[1] 276.577 +- 1.67029  	chisq 0.0345368 (1 df)

Iteration 3:  6000000 integrand evaluations so far
[1] 277.664 +- 1.06096  	chisq 0.744961 (2 df)

Iteration 4:  10000000 integrand evaluations so far
[1] 277.332 +- 0.805728  	chisq 0.976383 (3 df)
  277.33 ±   0.81        ( 39.5s) ┃  486.36 ±   0.82        (59.7mi) ┃
┃   44 -    46 ┃   30 -    31 ┃  418.61 ±   0.39        ( 1.3mi) ┃-226.632 ±  0.037        (55.2mi) ┃Vegas input parameters:
  ndim 7
  ncomp 1
  nvec 1
  epsrel 0
  epsabs 0
  flags 10
  seed 123456
  mineval 10000000
  maxeval 10000000
  nstart 1000000
  nincrease 1000000
  nbatch 5000
  gridno 0
  statefile ""

Iteration 1:  1000000 integrand evaluations so far
[1] 268.432 +- 5.78756  	chisq 0 (0 df)

Iteration 2:  3000000 integrand evaluations so far
[1] 264.058 +- 1.74468  	chisq 0.628124 (1 df)

Iteration 3:  6000000 integrand evaluations so far
[1] 262.067 +- 1.06554  	chisq 2.70527 (2 df)

Iteration 4:  10000000 integrand evaluations so far
[1] 261.965 +- 0.774232  	chisq 2.72475 (3 df)
  261.96 ±   0.77        ( 39.9s) ┃  453.94 ±   0.87        (57.1mi) ┃
┃   44 -    46 ┃   31 -    32 ┃  402.68 ±   0.33        (1.91mi) ┃ -217.92 ±    0.2        (6.92mi) ┃Vegas input parameters:
  ndim 7
  ncomp 1
  nvec 1
  epsrel 0
  epsabs 0
  flags 10
  seed 123456
  mineval 10000000
  maxeval 10000000
  nstart 1000000
  nincrease 1000000
  nbatch 5000
  gridno 0
  statefile ""

Iteration 1:  1000000 integrand evaluations so far
[1] 249.244 +- 5.52619  	chisq 0 (0 df)

Iteration 2:  3000000 integrand evaluations so far
[1] 251.514 +- 1.54888  	chisq 0.183098 (1 df)

Iteration 3:  6000000 integrand evaluations so far
[1] 249.074 +- 0.961965  	chisq 4.22321 (2 df)

Iteration 4:  10000000 integrand evaluations so far
[1] 248.806 +- 0.720168  	chisq 4.39942 (3 df)
  248.81 ±   0.72        ( 40.4s) ┃  433.57 ±   0.82        (9.51mi) ┃
┃   44 -    46 ┃   32 -    33 ┃  399.17 ±   0.17        (3.73mi) ┃ -216.26 ±   0.17        (13.8mi) ┃Vegas input parameters:
  ndim 7
  ncomp 1
  nvec 1
  epsrel 0
  epsabs 0
  flags 10
  seed 123456
  mineval 10000000
  maxeval 10000000
  nstart 1000000
  nincrease 1000000
  nbatch 5000
  gridno 0
  statefile ""

Iteration 1:  1000000 integrand evaluations so far
[1] 238.276 +- 5.32667  	chisq 0 (0 df)

Iteration 2:  3000000 integrand evaluations so far
[1] 237.708 +- 1.49769  	chisq 0.012369 (1 df)

Iteration 3:  6000000 integrand evaluations so far
[1] 235.848 +- 0.927107  	chisq 2.51213 (2 df)

Iteration 4:  10000000 integrand evaluations so far
[1] 236.674 +- 0.705824  	chisq 4.40039 (3 df)
  236.67 ±   0.71        ( 38.3s) ┃  419.58 ±   0.75        (18.1mi) ┃
┃   44 -    46 ┃   33 -    34 ┃  374.23 ±   0.23        (1.01mi) ┃ -202.89 ±   0.13        (1.88mi) ┃Vegas input parameters:
  ndim 7
  ncomp 1
  nvec 1
  epsrel 0
  epsabs 0
  flags 10
  seed 123456
  mineval 10000000
  maxeval 10000000
  nstart 1000000
  nincrease 1000000
  nbatch 5000
  gridno 0
  statefile ""

Iteration 1:  1000000 integrand evaluations so far
[1] 231.602 +- 5.25975  	chisq 0 (0 df)

Iteration 2:  3000000 integrand evaluations so far
[1] 225.674 +- 1.43341  	chisq 1.37211 (1 df)

Iteration 3:  6000000 integrand evaluations so far
[1] 225.928 +- 0.941295  	chisq 1.42734 (2 df)

Iteration 4:  10000000 integrand evaluations so far
[1] 226.44 +- 0.71334  	chisq 2.12163 (3 df)
  226.44 ±   0.71        ( 40.6s) ┃  397.78 ±   0.76        (3.56mi) ┃
┃   44 -    46 ┃   34 -    35 ┃  393.07 ±   0.27        ( 5.39s) ┃-212.548 ±  0.052        ( 56.1s) ┃Vegas input parameters:
  ndim 7
  ncomp 1
  nvec 1
  epsrel 0
  epsabs 0
  flags 10
  seed 123456
  mineval 10000000
  maxeval 10000000
  nstart 1000000
  nincrease 1000000
  nbatch 5000
  gridno 0
  statefile ""

Iteration 1:  1000000 integrand evaluations so far
[1] 214.805 +- 4.99028  	chisq 0 (0 df)

Iteration 2:  3000000 integrand evaluations so far
[1] 216.779 +- 1.3949  	chisq 0.169727 (1 df)

Iteration 3:  6000000 integrand evaluations so far
[1] 216.995 +- 0.886171  	chisq 0.209863 (2 df)

Iteration 4:  10000000 integrand evaluations so far
[1] 217.332 +- 0.68902  	chisq 0.575554 (3 df)
  217.33 ±   0.69        ( 40.4s) ┃  397.86 ±   0.74        ( 1.7mi) ┃
┃   44 -    46 ┃   35 -    36 ┃  339.05 ±   0.19        ( 39.1s) ┃ -183.83 ±   0.13        (13.4mi) ┃Vegas input parameters:
  ndim 7
  ncomp 1
  nvec 1
  epsrel 0
  epsabs 0
  flags 10
  seed 123456
  mineval 10000000
  maxeval 10000000
  nstart 1000000
  nincrease 1000000
  nbatch 5000
  gridno 0
  statefile ""

Iteration 1:  1000000 integrand evaluations so far
[1] 207.709 +- 4.91033  	chisq 0 (0 df)

Iteration 2:  3000000 integrand evaluations so far
[1] 208.102 +- 1.3531  	chisq 0.00696008 (1 df)

Iteration 3:  6000000 integrand evaluations so far
[1] 208.254 +- 0.842346  	chisq 0.0273511 (2 df)

Iteration 4:  10000000 integrand evaluations so far
[1] 208.098 +- 0.640702  	chisq 0.108629 (3 df)
   208.1 ±   0.64        ( 40.1s) ┃  363.32 ±   0.68        (14.7mi) ┃
┃   44 -    46 ┃   36 -    37 ┃  369.55 ±   0.24        ( 10.2s) ┃ -199.64 ±  0.055        (1.72mi) ┃Vegas input parameters:
  ndim 7
  ncomp 1
  nvec 1
  epsrel 0
  epsabs 0
  flags 10
  seed 123456
  mineval 10000000
  maxeval 10000000
  nstart 1000000
  nincrease 1000000
  nbatch 5000
  gridno 0
  statefile ""

Iteration 1:  1000000 integrand evaluations so far
[1] 192.817 +- 4.64126  	chisq 0 (0 df)

Iteration 2:  3000000 integrand evaluations so far
[1] 200.516 +- 1.41712  	chisq 3.03458 (1 df)

Iteration 3:  6000000 integrand evaluations so far
[1] 200.321 +- 0.863801  	chisq 3.06465 (2 df)

Iteration 4:  10000000 integrand evaluations so far
[1] 200.185 +- 0.62269  	chisq 3.11578 (3 df)
  200.19 ±   0.62        ( 39.3s) ┃   370.1 ±   0.67        (2.55mi) ┃
┃   44 -    46 ┃   37 -    38 ┃   340.6 ±   0.24        (1.29mi) ┃-184.033 ±  0.071        (26.7mi) ┃Vegas input parameters:
  ndim 7
  ncomp 1
  nvec 1
  epsrel 0
  epsabs 0
  flags 10
  seed 123456
  mineval 10000000
  maxeval 10000000
  nstart 1000000
  nincrease 1000000
  nbatch 5000
  gridno 0
  statefile ""

Iteration 1:  1000000 integrand evaluations so far
[1] 196.88 +- 4.7168  	chisq 0 (0 df)

Iteration 2:  3000000 integrand evaluations so far
[1] 193.267 +- 1.27595  	chisq 0.633127 (1 df)

Iteration 3:  6000000 integrand evaluations so far
[1] 193.452 +- 0.793951  	chisq 0.667403 (2 df)

Iteration 4:  10000000 integrand evaluations so far
[1] 194.267 +- 0.599265  	chisq 3.11534 (3 df)
  194.27 ±    0.6        ( 40.1s) ┃  350.83 ±   0.65        (28.6mi) ┃
┃   44 -    46 ┃   38 -    39 ┃ 338.044 ±  0.031        (1.08mi) ┃ -182.62 ±   0.15        (13.6mi) ┃Vegas input parameters:
  ndim 7
  ncomp 1
  nvec 1
  epsrel 0
  epsabs 0
  flags 10
  seed 123456
  mineval 10000000
  maxeval 10000000
  nstart 1000000
  nincrease 1000000
  nbatch 5000
  gridno 0
  statefile ""

Iteration 1:  1000000 integrand evaluations so far
[1] 190.791 +- 4.58979  	chisq 0 (0 df)

Iteration 2:  3000000 integrand evaluations so far
[1] 189.708 +- 1.25949  	chisq 0.0602901 (1 df)

Iteration 3:  6000000 integrand evaluations so far
[1] 189.643 +- 0.781259  	chisq 0.0646401 (2 df)

Iteration 4:  10000000 integrand evaluations so far
[1] 189.18 +- 0.574296  	chisq 0.827273 (3 df)
  189.18 ±   0.57        ( 39.2s) ┃   344.6 ±   0.59        (15.4mi) ┃
┃   44 -    46 ┃   39 -    40 ┃  328.06 ±   0.26        ( 10.1s) ┃-177.629 ±  0.038        (52.3mi) ┃Vegas input parameters:
  ndim 7
  ncomp 1
  nvec 1
  epsrel 0
  epsabs 0
  flags 10
  seed 123456
  mineval 10000000
  maxeval 10000000
  nstart 1000000
  nincrease 1000000
  nbatch 5000
  gridno 0
  statefile ""

Iteration 1:  1000000 integrand evaluations so far
[1] 183.558 +- 4.4454  	chisq 0 (0 df)

Iteration 2:  3000000 integrand evaluations so far
[1] 185.684 +- 1.22991  	chisq 0.247677 (1 df)

Iteration 3:  6000000 integrand evaluations so far
[1] 185.08 +- 0.789131  	chisq 0.657355 (2 df)

Iteration 4:  10000000 integrand evaluations so far
[1] 184.69 +- 0.610579  	chisq 1.26511 (3 df)
  184.69 ±   0.61        (   40s) ┃  335.12 ±   0.66        (53.1mi) ┃
┃   44 -    46 ┃   40 -    41 ┃  298.17 ±   0.19        (3.96mi) ┃ -162.21 ±   0.11        (26.1mi) ┃Vegas input parameters:
  ndim 7
  ncomp 1
  nvec 1
  epsrel 0
  epsabs 0
  flags 10
  seed 123456
  mineval 10000000
  maxeval 10000000
  nstart 1000000
  nincrease 1000000
  nbatch 5000
  gridno 0
  statefile ""

Iteration 1:  1000000 integrand evaluations so far
[1] 173.486 +- 4.30453  	chisq 0 (0 df)

Iteration 2:  3000000 integrand evaluations so far
[1] 178.234 +- 1.19162  	chisq 1.31761 (1 df)

Iteration 3:  6000000 integrand evaluations so far
[1] 177.673 +- 0.742137  	chisq 1.67926 (2 df)

Iteration 4:  10000000 integrand evaluations so far
[1] 178.557 +- 0.578695  	chisq 5.2991 (3 df)
  178.56 ±   0.58        ( 40.1s) ┃  314.52 ±   0.62        (30.7mi) ┃
┃   44 -    46 ┃   41 -    42 ┃  350.72 ±   0.23        (1.05mi) ┃-188.939 ±  0.032        (13.4mi) ┃Vegas input parameters:
  ndim 7
  ncomp 1
  nvec 1
  epsrel 0
  epsabs 0
  flags 10
  seed 123456
  mineval 10000000
  maxeval 10000000
  nstart 1000000
  nincrease 1000000
  nbatch 5000
  gridno 0
  statefile ""

Iteration 1:  1000000 integrand evaluations so far
[1] 168.998 +- 4.27296  	chisq 0 (0 df)

Iteration 2:  3000000 integrand evaluations so far
[1] 174.043 +- 1.16913  	chisq 1.50723 (1 df)

Iteration 3:  6000000 integrand evaluations so far
[1] 174.165 +- 0.724972  	chisq 1.52485 (2 df)

Iteration 4:  10000000 integrand evaluations so far
[1] 174.481 +- 0.549244  	chisq 1.9708 (3 df)
  174.48 ±   0.55        (   40s) ┃  336.26 ±    0.6        (15.2mi) ┃
┃   44 -    46 ┃   42 -    43 ┃  276.89 ±   0.13        (2.21mi) ┃  -149.7 ±   0.14        ( 3.3mi) ┃Vegas input parameters:
  ndim 7
  ncomp 1
  nvec 1
  epsrel 0
  epsabs 0
  flags 10
  seed 123456
  mineval 10000000
  maxeval 10000000
  nstart 1000000
  nincrease 1000000
  nbatch 5000
  gridno 0
  statefile ""

Iteration 1:  1000000 integrand evaluations so far
[1] 168.647 +- 4.22802  	chisq 0 (0 df)

Iteration 2:  3000000 integrand evaluations so far
[1] 168.981 +- 1.14035  	chisq 0.00673277 (1 df)

Iteration 3:  6000000 integrand evaluations so far
[1] 169.389 +- 0.73871  	chisq 0.227706 (2 df)

Iteration 4:  10000000 integrand evaluations so far
[1] 168.917 +- 0.545471  	chisq 1.1282 (3 df)
  168.92 ±   0.55        ( 40.1s) ┃   296.1 ±   0.58        (6.17mi) ┃
┃   44 -    46 ┃   43 -    44 ┃  330.71 ±   0.13        (1.04mi) ┃ -178.57 ±   0.18        (6.43mi) ┃Vegas input parameters:
  ndim 7
  ncomp 1
  nvec 1
  epsrel 0
  epsabs 0
  flags 10
  seed 123456
  mineval 10000000
  maxeval 10000000
  nstart 1000000
  nincrease 1000000
  nbatch 5000
  gridno 0
  statefile ""

Iteration 1:  1000000 integrand evaluations so far
[1] 165.747 +- 4.19777  	chisq 0 (0 df)

Iteration 2:  3000000 integrand evaluations so far
[1] 163.994 +- 1.12166  	chisq 0.187788 (1 df)

Iteration 3:  6000000 integrand evaluations so far
[1] 164.337 +- 0.69784  	chisq 0.34021 (2 df)

Iteration 4:  10000000 integrand evaluations so far
[1] 165.101 +- 0.553829  	chisq 3.57748 (3 df)
   165.1 ±   0.55        ( 40.4s) ┃  317.23 ±    0.6        (8.15mi) ┃
┃   44 -    46 ┃   44 -    45 ┃  270.51 ±   0.21        ( 59.5s) ┃-146.765 ±  0.092        ( 22.7s) ┃Vegas input parameters:
  ndim 7
  ncomp 1
  nvec 1
  epsrel 0
  epsabs 0
  flags 10
  seed 123456
  mineval 10000000
  maxeval 10000000
  nstart 1000000
  nincrease 1000000
  nbatch 5000
  gridno 0
  statefile ""

Iteration 1:  1000000 integrand evaluations so far
[1] 167.957 +- 4.23253  	chisq 0 (0 df)

Iteration 2:  3000000 integrand evaluations so far
[1] 163.295 +- 1.11467  	chisq 1.30388 (1 df)

Iteration 3:  6000000 integrand evaluations so far
[1] 162.155 +- 0.687143  	chisq 2.99102 (2 df)

Iteration 4:  10000000 integrand evaluations so far
[1] 162.24 +- 0.517614  	chisq 3.02641 (3 df)
  162.24 ±   0.52        ( 39.1s) ┃  285.99 ±   0.57        (2.02mi) ┃
┃   44 -    46 ┃   45 -    46 ┃  290.79 ±    0.2        ( 1.2mi) ┃ -157.51 ±   0.15        (12.8mi) ┃Vegas input parameters:
  ndim 7
  ncomp 1
  nvec 1
  epsrel 0
  epsabs 0
  flags 10
  seed 123456
  mineval 10000000
  maxeval 10000000
  nstart 1000000
  nincrease 1000000
  nbatch 5000
  gridno 0
  statefile ""

Iteration 1:  1000000 integrand evaluations so far
[1] 154.454 +- 4.03364  	chisq 0 (0 df)

Iteration 2:  3000000 integrand evaluations so far
[1] 158.879 +- 1.17954  	chisq 1.31619 (1 df)

Iteration 3:  6000000 integrand evaluations so far
[1] 158.682 +- 0.716225  	chisq 1.36056 (2 df)

Iteration 4:  10000000 integrand evaluations so far
[1] 158.455 +- 0.520549  	chisq 1.57355 (3 df)
  158.45 ±   0.52        ( 39.7s) ┃  291.73 ±   0.58        (14.6mi) ┃
┃   44 -    46 ┃   46 -    47 ┃     293 ±   0.14        (2.16mi) ┃ -157.52 ±   0.16        (1.77mi) ┃Vegas input parameters:
  ndim 7
  ncomp 1
  nvec 1
  epsrel 0
  epsabs 0
  flags 10
  seed 123456
  mineval 10000000
  maxeval 10000000
  nstart 1000000
  nincrease 1000000
  nbatch 5000
  gridno 0
  statefile ""

Iteration 1:  1000000 integrand evaluations so far
[1] 154.034 +- 3.99966  	chisq 0 (0 df)

Iteration 2:  3000000 integrand evaluations so far
[1] 157.263 +- 1.19046  	chisq 0.715153 (1 df)

Iteration 3:  6000000 integrand evaluations so far
[1] 156.771 +- 0.72659  	chisq 0.987612 (2 df)

Iteration 4:  10000000 integrand evaluations so far
[1] 156.415 +- 0.521511  	chisq 1.48323 (3 df)
  156.41 ±   0.52        ( 40.6s) ┃   291.9 ±   0.56        ( 4.6mi) ┃
┃   44 -    46 ┃   47 -    48 ┃ 261.719 ±  0.035        (3.81mi) ┃-142.052 ±  0.094        (12.5mi) ┃Vegas input parameters:
  ndim 7
  ncomp 1
  nvec 1
  epsrel 0
  epsabs 0
  flags 10
  seed 123456
  mineval 10000000
  maxeval 10000000
  nstart 1000000
  nincrease 1000000
  nbatch 5000
  gridno 0
  statefile ""

Iteration 1:  1000000 integrand evaluations so far
[1] 153.761 +- 3.98977  	chisq 0 (0 df)

Iteration 2:  3000000 integrand evaluations so far
[1] 155.855 +- 1.05856  	chisq 0.296285 (1 df)

Iteration 3:  6000000 integrand evaluations so far
[1] 154.705 +- 0.664239  	chisq 2.24207 (2 df)

Iteration 4:  10000000 integrand evaluations so far
[1] 154.561 +- 0.489196  	chisq 2.34594 (3 df)
  154.56 ±   0.49        ( 40.1s) ┃  274.23 ±    0.5        (  17mi) ┃
┃   44 -    46 ┃   48 -    49 ┃  294.66 ±   0.21        (1.93mi) ┃-158.914 ±  0.036        (25.2mi) ┃Vegas input parameters:
  ndim 7
  ncomp 1
  nvec 1
  epsrel 0
  epsabs 0
  flags 10
  seed 123456
  mineval 10000000
  maxeval 10000000
  nstart 1000000
  nincrease 1000000
  nbatch 5000
  gridno 0
  statefile ""

Iteration 1:  1000000 integrand evaluations so far
[1] 151.773 +- 3.99226  	chisq 0 (0 df)

Iteration 2:  3000000 integrand evaluations so far
[1] 153.876 +- 1.12812  	chisq 0.301449 (1 df)

Iteration 3:  6000000 integrand evaluations so far
[1] 153.494 +- 0.690965  	chisq 0.484515 (2 df)

Iteration 4:  10000000 integrand evaluations so far
[1] 153.266 +- 0.510901  	chisq 0.726424 (3 df)
  153.27 ±   0.51        ( 38.8s) ┃  289.02 ±   0.55        (27.8mi) ┃
┃   44 -    46 ┃   49 -    50 ┃   235.6 ±   0.17        (1.07mi) ┃ -127.51 ±    0.1        (12.5mi) ┃Vegas input parameters:
  ndim 7
  ncomp 1
  nvec 1
  epsrel 0
  epsabs 0
  flags 10
  seed 123456
  mineval 10000000
  maxeval 10000000
  nstart 1000000
  nincrease 1000000
  nbatch 5000
  gridno 0
  statefile ""

Iteration 1:  1000000 integrand evaluations so far
[1] 158.964 +- 4.08549  	chisq 0 (0 df)

Iteration 2:  3000000 integrand evaluations so far
[1] 152.312 +- 1.04019  	chisq 2.83488 (1 df)

Iteration 3:  6000000 integrand evaluations so far
[1] 151.235 +- 0.646989  	chisq 4.58348 (2 df)

Iteration 4:  10000000 integrand evaluations so far
[1] 151.632 +- 0.484229  	chisq 5.44032 (3 df)
  151.63 ±   0.48        ( 39.9s) ┃  259.72 ±   0.52        (14.3mi) ┃
┃   44 -    46 ┃   50 -    51 ┃ 284.909 ±  0.055        (1.84mi) ┃ -153.82 ±  0.066        (3.22mi) ┃Vegas input parameters:
  ndim 7
  ncomp 1
  nvec 1
  epsrel 0
  epsabs 0
  flags 10
  seed 123456
  mineval 10000000
  maxeval 10000000
  nstart 1000000
  nincrease 1000000
  nbatch 5000
  gridno 0
  statefile ""

Iteration 1:  1000000 integrand evaluations so far
[1] 146.886 +- 3.9261  	chisq 0 (0 df)

Iteration 2:  3000000 integrand evaluations so far
[1] 149.729 +- 1.04772  	chisq 0.564502 (1 df)

Iteration 3:  6000000 integrand evaluations so far
[1] 148.813 +- 0.664157  	chisq 1.84136 (2 df)

Iteration 4:  10000000 integrand evaluations so far
[1] 149.013 +- 0.489478  	chisq 2.03951 (3 df)
  149.01 ±   0.49        ( 41.1s) ┃   280.1 ±    0.5        (5.74mi) ┃
┃   44 -    46 ┃   51 -    52 ┃  245.29 ±   0.16        ( 31.9s) ┃ -132.69 ±   0.11        (6.44mi) ┃Vegas input parameters:
  ndim 7
  ncomp 1
  nvec 1
  epsrel 0
  epsabs 0
  flags 10
  seed 123456
  mineval 10000000
  maxeval 10000000
  nstart 1000000
  nincrease 1000000
  nbatch 5000
  gridno 0
  statefile ""

Iteration 1:  1000000 integrand evaluations so far
[1] 140.221 +- 3.82056  	chisq 0 (0 df)

Iteration 2:  3000000 integrand evaluations so far
[1] 146.506 +- 1.0446  	chisq 2.92494 (1 df)

Iteration 3:  6000000 integrand evaluations so far
[1] 146.228 +- 0.658691  	chisq 3.04241 (2 df)

Iteration 4:  10000000 integrand evaluations so far
[1] 146.961 +- 0.492675  	chisq 5.85528 (3 df)
  146.96 ±   0.49        ( 40.5s) ┃  259.56 ±   0.53        (7.64mi) ┃
┃   44 -    46 ┃   52 -    53 ┃  249.31 ±   0.19        (1.08mi) ┃-135.256 ±  0.052        (6.22mi) ┃Vegas input parameters:
  ndim 7
  ncomp 1
  nvec 1
  epsrel 0
  epsabs 0
  flags 10
  seed 123456
  mineval 10000000
  maxeval 10000000
  nstart 1000000
  nincrease 1000000
  nbatch 5000
  gridno 0
  statefile ""

Iteration 1:  1000000 integrand evaluations so far
[1] 146.625 +- 3.93001  	chisq 0 (0 df)

Iteration 2:  3000000 integrand evaluations so far
[1] 146.915 +- 1.02429  	chisq 0.00583052 (1 df)

Iteration 3:  6000000 integrand evaluations so far
[1] 145.417 +- 0.640181  	chisq 3.51465 (2 df)

Iteration 4:  10000000 integrand evaluations so far
[1] 146.223 +- 0.471197  	chisq 6.97481 (3 df)
  146.22 ±   0.47        ( 41.2s) ┃  260.28 ±   0.51        (7.99mi) ┃
┃   44 -    46 ┃   53 -    54 ┃ 239.104 ±  0.083        (1.95mi) ┃-127.964 ±  0.058        (1.71mi) ┃Vegas input parameters:
  ndim 7
  ncomp 1
  nvec 1
  epsrel 0
  epsabs 0
  flags 10
  seed 123456
  mineval 10000000
  maxeval 10000000
  nstart 1000000
  nincrease 1000000
  nbatch 5000
  gridno 0
  statefile ""

Iteration 1:  1000000 integrand evaluations so far
[1] 141.343 +- 3.86185  	chisq 0 (0 df)

Iteration 2:  3000000 integrand evaluations so far
[1] 144.527 +- 1.00323  	chisq 0.729121 (1 df)

Iteration 3:  6000000 integrand evaluations so far
[1] 145.142 +- 0.634747  	chisq 1.35617 (2 df)

Iteration 4:  10000000 integrand evaluations so far
[1] 144.924 +- 0.4802  	chisq 1.63097 (3 df)
  144.92 ±   0.48        ( 39.3s) ┃  256.06 ±   0.49        (4.32mi) ┃
┃   44 -    46 ┃   54 -    55 ┃  243.92 ±   0.21        ( 9.86s) ┃  -132.6 ±   0.13        (   51s) ┃Vegas input parameters:
  ndim 7
  ncomp 1
  nvec 1
  epsrel 0
  epsabs 0
  flags 10
  seed 123456
  mineval 10000000
  maxeval 10000000
  nstart 1000000
  nincrease 1000000
  nbatch 5000
  gridno 0
  statefile ""

Iteration 1:  1000000 integrand evaluations so far
[1] 145.927 +- 3.93662  	chisq 0 (0 df)

Iteration 2:  3000000 integrand evaluations so far
[1] 144.758 +- 1.00321  	chisq 0.0943449 (1 df)

Iteration 3:  6000000 integrand evaluations so far
[1] 144.267 +- 0.617284  	chisq 0.479338 (2 df)

Iteration 4:  10000000 integrand evaluations so far
[1] 143.888 +- 0.471569  	chisq 1.38606 (3 df)
  143.89 ±   0.47        ( 39.8s) ┃  255.21 ±   0.53        (1.68mi) ┃
┃   44 -    46 ┃   55 -    56 ┃ 247.984 ±  0.084        (3.49mi) ┃ -133.45 ±   0.12        (12.3mi) ┃Vegas input parameters:
  ndim 7
  ncomp 1
  nvec 1
  epsrel 0
  epsabs 0
  flags 10
  seed 123456
  mineval 10000000
  maxeval 10000000
  nstart 1000000
  nincrease 1000000
  nbatch 5000
  gridno 0
  statefile ""

Iteration 1:  1000000 integrand evaluations so far
[1] 143.103 +- 3.93167  	chisq 0 (0 df)

Iteration 2:  3000000 integrand evaluations so far
[1] 142.738 +- 0.98878  	chisq 0.00920656 (1 df)

Iteration 3:  6000000 integrand evaluations so far
[1] 142.789 +- 0.623456  	chisq 0.0136841 (2 df)

Iteration 4:  10000000 integrand evaluations so far
[1] 142.57 +- 0.480866  	chisq 0.320613 (3 df)
  142.57 ±   0.48        ( 39.7s) ┃  257.11 ±    0.5        (16.4mi) ┃
┃   44 -    46 ┃   56 -    57 ┃ 209.468 ±  0.084        (3.81mi) ┃-113.001 ±  0.021        (23.9mi) ┃Vegas input parameters:
  ndim 7
  ncomp 1
  nvec 1
  epsrel 0
  epsabs 0
  flags 10
  seed 123456
  mineval 10000000
  maxeval 10000000
  nstart 1000000
  nincrease 1000000
  nbatch 5000
  gridno 0
  statefile ""

Iteration 1:  1000000 integrand evaluations so far
[1] 147.895 +- 4.02718  	chisq 0 (0 df)

Iteration 2:  3000000 integrand evaluations so far
[1] 141.879 +- 0.987439  	chisq 2.37456 (1 df)

Iteration 3:  6000000 integrand evaluations so far
[1] 141.701 +- 0.622806  	chisq 2.4285 (2 df)

Iteration 4:  10000000 integrand evaluations so far
[1] 141.156 +- 0.467055  	chisq 4.17828 (3 df)
  141.16 ±   0.47        ( 39.4s) ┃  237.62 ±   0.48        (28.4mi) ┃
┃   44 -    46 ┃   57 -    58 ┃   235.2 ±   0.15        ( 31.7s) ┃ -126.66 ±   0.04        (12.1mi) ┃Vegas input parameters:
  ndim 7
  ncomp 1
  nvec 1
  epsrel 0
  epsabs 0
  flags 10
  seed 123456
  mineval 10000000
  maxeval 10000000
  nstart 1000000
  nincrease 1000000
  nbatch 5000
  gridno 0
  statefile ""

Iteration 1:  1000000 integrand evaluations so far
[1] 141.071 +- 3.93851  	chisq 0 (0 df)

Iteration 2:  3000000 integrand evaluations so far
[1] 141.025 +- 0.978608  	chisq 0.000145384 (1 df)

Iteration 3:  6000000 integrand evaluations so far
[1] 142.003 +- 0.60337  	chisq 1.61018 (2 df)

Iteration 4:  10000000 integrand evaluations so far
[1] 140.854 +- 0.444565  	chisq 9.54948 (3 df)
  140.85 ±   0.44        ( 39.5s) ┃  249.39 ±   0.47        (13.3mi) ┃
┃   44 -    46 ┃   58 -    59 ┃ 217.262 ±  0.042        (3.74mi) ┃-117.142 ±  0.014        (  24mi) ┃Vegas input parameters:
  ndim 7
  ncomp 1
  nvec 1
  epsrel 0
  epsabs 0
  flags 10
  seed 123456
  mineval 10000000
  maxeval 10000000
  nstart 1000000
  nincrease 1000000
  nbatch 5000
  gridno 0
  statefile ""

Iteration 1:  1000000 integrand evaluations so far
[1] 134.317 +- 3.82519  	chisq 0 (0 df)

Iteration 2:  3000000 integrand evaluations so far
[1] 139.254 +- 0.968597  	chisq 1.78005 (1 df)

Iteration 3:  6000000 integrand evaluations so far
[1] 139.56 +- 0.60576  	chisq 1.94456 (2 df)

Iteration 4:  10000000 integrand evaluations so far
[1] 140.127 +- 0.455919  	chisq 3.96226 (3 df)
  140.13 ±   0.46        ( 39.8s) ┃  240.25 ±   0.46        (28.4mi) ┃
┃   44 -    46 ┃   59 -    60 ┃  216.56 ±  0.064        (3.61mi) ┃-116.734 ±  0.067        (  12mi) ┃Vegas input parameters:
  ndim 7
  ncomp 1
  nvec 1
  epsrel 0
  epsabs 0
  flags 10
  seed 123456
  mineval 10000000
  maxeval 10000000
  nstart 1000000
  nincrease 1000000
  nbatch 5000
  gridno 0
  statefile ""

Iteration 1:  1000000 integrand evaluations so far
[1] 141.37 +- 4.00353  	chisq 0 (0 df)

Iteration 2:  3000000 integrand evaluations so far
[1] 141.157 +- 0.99176  	chisq 0.00300398 (1 df)

Iteration 3:  6000000 integrand evaluations so far
[1] 140.179 +- 0.605817  	chisq 1.55538 (2 df)

Iteration 4:  10000000 integrand evaluations so far
[1] 140.752 +- 0.469442  	chisq 3.79586 (3 df)
  140.75 ±   0.47        ( 39.8s) ┃  240.58 ±   0.48        (16.3mi) ┃
┃   46 -    48 ┃   25 -    26 ┃  492.37 ±   0.31        ( 59.2s) ┃ -265.64 ±   0.21        (14.7mi) ┃Vegas input parameters:
  ndim 7
  ncomp 1
  nvec 1
  epsrel 0
  epsabs 0
  flags 10
  seed 123456
  mineval 10000000
  maxeval 10000000
  nstart 1000000
  nincrease 1000000
  nbatch 5000
  gridno 0
  statefile ""

Iteration 1:  1000000 integrand evaluations so far
[1] 344.65 +- 6.60479  	chisq 0 (0 df)

Iteration 2:  3000000 integrand evaluations so far
[1] 338.678 +- 1.87161  	chisq 0.889039 (1 df)

Iteration 3:  6000000 integrand evaluations so far
[1] 339.317 +- 1.16496  	chisq 1.07926 (2 df)

Iteration 4:  10000000 integrand evaluations so far
[1] 340.061 +- 0.89828  	chisq 2.08399 (3 df)
  340.06 ±    0.9        ( 40.1s) ┃   566.8 ±   0.97        (16.3mi) ┃
┃   46 -    48 ┃   26 -    27 ┃  463.43 ±   0.29        ( 1.1mi) ┃ -249.38 ±   0.15        (7.25mi) ┃Vegas input parameters:
  ndim 7
  ncomp 1
  nvec 1
  epsrel 0
  epsabs 0
  flags 10
  seed 123456
  mineval 10000000
  maxeval 10000000
  nstart 1000000
  nincrease 1000000
  nbatch 5000
  gridno 0
  statefile ""

Iteration 1:  1000000 integrand evaluations so far
[1] 310.165 +- 6.22991  	chisq 0 (0 df)

Iteration 2:  3000000 integrand evaluations so far
[1] 303.587 +- 1.75046  	chisq 1.21043 (1 df)

Iteration 3:  6000000 integrand evaluations so far
[1] 303.092 +- 1.11398  	chisq 1.34454 (2 df)

Iteration 4:  10000000 integrand evaluations so far
[1] 303.099 +- 0.821765  	chisq 1.34463 (3 df)
   303.1 ±   0.82        ( 40.3s) ┃  517.15 ±   0.89        (9.02mi) ┃
┃   46 -    48 ┃   27 -    28 ┃  432.18 ±   0.41        (   41s) ┃  -234.7 ±   0.17        (7.12mi) ┃Vegas input parameters:
  ndim 7
  ncomp 1
  nvec 1
  epsrel 0
  epsabs 0
  flags 10
  seed 123456
  mineval 10000000
  maxeval 10000000
  nstart 1000000
  nincrease 1000000
  nbatch 5000
  gridno 0
  statefile ""

Iteration 1:  1000000 integrand evaluations so far
[1] 288.234 +- 5.91892  	chisq 0 (0 df)

Iteration 2:  3000000 integrand evaluations so far
[1] 283.123 +- 1.66621  	chisq 0.809875 (1 df)

Iteration 3:  6000000 integrand evaluations so far
[1] 281.74 +- 1.03434  	chisq 1.93166 (2 df)

Iteration 4:  10000000 integrand evaluations so far
[1] 281.111 +- 0.764588  	chisq 2.74456 (3 df)
  281.11 ±   0.76        ( 40.9s) ┃  478.59 ±   0.88        (8.49mi) ┃
┃   46 -    48 ┃   28 -    29 ┃   409.3 ±   0.12        (2.01mi) ┃-220.831 ±  0.083        (27.9mi) ┃Vegas input parameters:
  ndim 7
  ncomp 1
  nvec 1
  epsrel 0
  epsabs 0
  flags 10
  seed 123456
  mineval 10000000
  maxeval 10000000
  nstart 1000000
  nincrease 1000000
  nbatch 5000
  gridno 0
  statefile ""

Iteration 1:  1000000 integrand evaluations so far
[1] 250.475 +- 5.43032  	chisq 0 (0 df)

Iteration 2:  3000000 integrand evaluations so far
[1] 259.344 +- 1.57672  	chisq 2.91293 (1 df)

Iteration 3:  6000000 integrand evaluations so far
[1] 259.361 +- 0.982334  	chisq 2.91313 (2 df)

Iteration 4:  10000000 integrand evaluations so far
[1] 259.847 +- 0.741101  	chisq 3.48033 (3 df)
  259.85 ±   0.74        ( 40.8s) ┃  448.32 ±   0.75        (30.6mi) ┃
┃   46 -    48 ┃   29 -    30 ┃  388.14 ±   0.38        (2.54mi) ┃-207.986 ±  0.051        (54.9mi) ┃Vegas input parameters:
  ndim 7
  ncomp 1
  nvec 1
  epsrel 0
  epsabs 0
  flags 10
  seed 123456
  mineval 10000000
  maxeval 10000000
  nstart 1000000
  nincrease 1000000
  nbatch 5000
  gridno 0
  statefile ""

Iteration 1:  1000000 integrand evaluations so far
[1] 248.454 +- 5.37689  	chisq 0 (0 df)

Iteration 2:  3000000 integrand evaluations so far
[1] 243.38 +- 1.51066  	chisq 0.966849 (1 df)

Iteration 3:  6000000 integrand evaluations so far
[1] 244.509 +- 0.995996  	chisq 1.95384 (2 df)

Iteration 4:  10000000 integrand evaluations so far
[1] 244.719 +- 0.737249  	chisq 2.05225 (3 df)
  244.72 ±   0.74        ( 39.8s) ┃  424.88 ±   0.83        (58.1mi) ┃
┃   46 -    48 ┃   30 -    31 ┃  384.44 ±   0.37        ( 3.9mi) ┃ -209.74 ±   0.19        (1.08mi) ┃Vegas input parameters:
  ndim 7
  ncomp 1
  nvec 1
  epsrel 0
  epsabs 0
  flags 10
  seed 123456
  mineval 10000000
  maxeval 10000000
  nstart 1000000
  nincrease 1000000
  nbatch 5000
  gridno 0
  statefile ""

Iteration 1:  1000000 integrand evaluations so far
[1] 237.728 +- 5.21623  	chisq 0 (0 df)

Iteration 2:  3000000 integrand evaluations so far
[1] 232.969 +- 1.46214  	chisq 0.903546 (1 df)

Iteration 3:  6000000 integrand evaluations so far
[1] 232.061 +- 0.975626  	chisq 1.59888 (2 df)

Iteration 4:  10000000 integrand evaluations so far
[1] 231.687 +- 0.722224  	chisq 1.9243 (3 df)
  231.69 ±   0.72        ( 40.2s) ┃  406.39 ±   0.83        (5.66mi) ┃
┃   46 -    48 ┃   31 -    32 ┃  348.65 ±   0.34        (3.92mi) ┃-188.016 ±  0.089        (27.2mi) ┃Vegas input parameters:
  ndim 7
  ncomp 1
  nvec 1
  epsrel 0
  epsabs 0
  flags 10
  seed 123456
  mineval 10000000
  maxeval 10000000
  nstart 1000000
  nincrease 1000000
  nbatch 5000
  gridno 0
  statefile ""

Iteration 1:  1000000 integrand evaluations so far
[1] 224.627 +- 5.04196  	chisq 0 (0 df)

Iteration 2:  3000000 integrand evaluations so far
[1] 221.86 +- 1.40538  	chisq 0.32665 (1 df)

Iteration 3:  6000000 integrand evaluations so far
[1] 220.447 +- 0.872114  	chisq 1.97078 (2 df)

Iteration 4:  10000000 integrand evaluations so far
[1] 220.288 +- 0.652199  	chisq 2.04559 (3 df)
  220.29 ±   0.65        ( 40.1s) ┃  380.92 ±   0.74        (31.8mi) ┃
┃   46 -    48 ┃   32 -    33 ┃  358.64 ±   0.35        ( 2.2mi) ┃ -193.29 ±   0.11        (27.2mi) ┃Vegas input parameters:
  ndim 7
  ncomp 1
  nvec 1
  epsrel 0
  epsabs 0
  flags 10
  seed 123456
  mineval 10000000
  maxeval 10000000
  nstart 1000000
  nincrease 1000000
  nbatch 5000
  gridno 0
  statefile ""

Iteration 1:  1000000 integrand evaluations so far
[1] 204.278 +- 4.72171  	chisq 0 (0 df)

Iteration 2:  3000000 integrand evaluations so far
[1] 209.187 +- 1.34773  	chisq 1.17654 (1 df)

Iteration 3:  6000000 integrand evaluations so far
[1] 209.084 +- 0.842571  	chisq 1.186 (2 df)

Iteration 4:  10000000 integrand evaluations so far
[1] 210.221 +- 0.645015  	chisq 5.57825 (3 df)
  210.22 ±   0.65        ( 39.9s) ┃  375.57 ±   0.74        (30.1mi) ┃
┃   46 -    48 ┃   33 -    34 ┃  332.67 ±   0.28        (1.28mi) ┃ -176.99 ±   0.16        (3.53mi) ┃Vegas input parameters:
  ndim 7
  ncomp 1
  nvec 1
  epsrel 0
  epsabs 0
  flags 10
  seed 123456
  mineval 10000000
  maxeval 10000000
  nstart 1000000
  nincrease 1000000
  nbatch 5000
  gridno 0
  statefile ""

Iteration 1:  1000000 integrand evaluations so far
[1] 206.548 +- 4.7484  	chisq 0 (0 df)

Iteration 2:  3000000 integrand evaluations so far
[1] 201.997 +- 1.30897  	chisq 0.994103 (1 df)

Iteration 3:  6000000 integrand evaluations so far
[1] 201.202 +- 0.812149  	chisq 1.59357 (2 df)

Iteration 4:  10000000 integrand evaluations so far
[1] 201.304 +- 0.641367  	chisq 1.63519 (3 df)
   201.3 ±   0.64        ( 40.3s) ┃  356.98 ±   0.72        (5.48mi) ┃
┃   46 -    48 ┃   34 -    35 ┃  351.99 ±   0.29        (3.84mi) ┃-189.699 ±  0.066        (1.85mi) ┃Vegas input parameters:
  ndim 7
  ncomp 1
  nvec 1
  epsrel 0
  epsabs 0
  flags 10
  seed 123456
  mineval 10000000
  maxeval 10000000
  nstart 1000000
  nincrease 1000000
  nbatch 5000
  gridno 0
  statefile ""

Iteration 1:  1000000 integrand evaluations so far
[1] 195.348 +- 4.57681  	chisq 0 (0 df)

Iteration 2:  3000000 integrand evaluations so far
[1] 192.93 +- 1.27186  	chisq 0.302562 (1 df)

Iteration 3:  6000000 integrand evaluations so far
[1] 193.32 +- 0.791045  	chisq 0.455631 (2 df)

Iteration 4:  10000000 integrand evaluations so far
[1] 193.318 +- 0.608079  	chisq 0.455642 (3 df)
  193.32 ±   0.61        ( 39.3s) ┃  355.61 ±   0.68        (6.35mi) ┃
┃   46 -    48 ┃   35 -    36 ┃ 301.937 ±  0.053        (4.08mi) ┃ -162.79 ±   0.15        ( 55.4s) ┃Vegas input parameters:
  ndim 7
  ncomp 1
  nvec 1
  epsrel 0
  epsabs 0
  flags 10
  seed 123456
  mineval 10000000
  maxeval 10000000
  nstart 1000000
  nincrease 1000000
  nbatch 5000
  gridno 0
  statefile ""

Iteration 1:  1000000 integrand evaluations so far
[1] 185.362 +- 4.44759  	chisq 0 (0 df)

Iteration 2:  3000000 integrand evaluations so far
[1] 186.715 +- 1.23563  	chisq 0.100231 (1 df)

Iteration 3:  6000000 integrand evaluations so far
[1] 186.367 +- 0.767526  	chisq 0.229482 (2 df)

Iteration 4:  10000000 integrand evaluations so far
[1] 186.033 +- 0.579131  	chisq 0.670266 (3 df)
  186.03 ±   0.58        ( 38.6s) ┃  325.18 ±    0.6        (5.65mi) ┃
┃   46 -    48 ┃   36 -    37 ┃  320.86 ±   0.18        ( 37.6s) ┃ -172.85 ±  0.097        ( 6.7mi) ┃Vegas input parameters:
  ndim 7
  ncomp 1
  nvec 1
  epsrel 0
  epsabs 0
  flags 10
  seed 123456
  mineval 10000000
  maxeval 10000000
  nstart 1000000
  nincrease 1000000
  nbatch 5000
  gridno 0
  statefile ""

Iteration 1:  1000000 integrand evaluations so far
[1] 170.688 +- 4.18568  	chisq 0 (0 df)

Iteration 2:  3000000 integrand evaluations so far
[1] 178.847 +- 1.30297  	chisq 4.20695 (1 df)

Iteration 3:  6000000 integrand evaluations so far
[1] 179.26 +- 0.798782  	chisq 4.36804 (2 df)

Iteration 4:  10000000 integrand evaluations so far
[1] 179.472 +- 0.575461  	chisq 4.51439 (3 df)
  179.47 ±   0.58        ( 38.8s) ┃  327.48 ±   0.61        (7.97mi) ┃
┃   46 -    48 ┃   37 -    38 ┃  313.22 ±   0.26        (2.11mi) ┃ -168.54 ±   0.14        (26.3mi) ┃Vegas input parameters:
  ndim 7
  ncomp 1
  nvec 1
  epsrel 0
  epsabs 0
  flags 10
  seed 123456
  mineval 10000000
  maxeval 10000000
  nstart 1000000
  nincrease 1000000
  nbatch 5000
  gridno 0
  statefile ""

Iteration 1:  1000000 integrand evaluations so far
[1] 171.98 +- 4.21162  	chisq 0 (0 df)

Iteration 2:  3000000 integrand evaluations so far
[1] 173.303 +- 1.17558  	chisq 0.106979 (1 df)

Iteration 3:  6000000 integrand evaluations so far
[1] 173.026 +- 0.751943  	chisq 0.201396 (2 df)

Iteration 4:  10000000 integrand evaluations so far
[1] 174.097 +- 0.558952  	chisq 4.74302 (3 df)
   174.1 ±   0.56        ( 39.9s) ┃  318.77 ±   0.63        (  29mi) ┃
┃   46 -    48 ┃   38 -    39 ┃ 299.598 ±  0.091        ( 39.1s) ┃-161.133 ±   0.08        (13.3mi) ┃Vegas input parameters:
  ndim 7
  ncomp 1
  nvec 1
  epsrel 0
  epsabs 0
  flags 10
  seed 123456
  mineval 10000000
  maxeval 10000000
  nstart 1000000
  nincrease 1000000
  nbatch 5000
  gridno 0
  statefile ""

Iteration 1:  1000000 integrand evaluations so far
[1] 173.282 +- 4.22193  	chisq 0 (0 df)

Iteration 2:  3000000 integrand evaluations so far
[1] 167.164 +- 1.13488  	chisq 2.26358 (1 df)

Iteration 3:  6000000 integrand evaluations so far
[1] 168.649 +- 0.747899  	chisq 5.28853 (2 df)

Iteration 4:  10000000 integrand evaluations so far
[1] 168.873 +- 0.557793  	chisq 5.49144 (3 df)
  168.87 ±   0.56        ( 39.9s) ┃  307.34 ±   0.57        (14.6mi) ┃
┃   46 -    48 ┃   39 -    40 ┃  298.96 ±    0.3        ( 1.3mi) ┃-160.509 ±  0.047        (  52mi) ┃Vegas input parameters:
  ndim 7
  ncomp 1
  nvec 1
  epsrel 0
  epsabs 0
  flags 10
  seed 123456
  mineval 10000000
  maxeval 10000000
  nstart 1000000
  nincrease 1000000
  nbatch 5000
  gridno 0
  statefile ""

Iteration 1:  1000000 integrand evaluations so far
[1] 166.849 +- 4.07909  	chisq 0 (0 df)

Iteration 2:  3000000 integrand evaluations so far
[1] 164.115 +- 1.11214  	chisq 0.485276 (1 df)

Iteration 3:  6000000 integrand evaluations so far
[1] 164.646 +- 0.690669  	chisq 0.856906 (2 df)

Iteration 4:  10000000 integrand evaluations so far
[1] 164.036 +- 0.507806  	chisq 2.5593 (3 df)
  164.04 ±   0.51        ( 40.3s) ┃  302.49 ±   0.59        (  54mi) ┃
┃   46 -    48 ┃   40 -    41 ┃  262.85 ±   0.21        (1.12mi) ┃ -142.03 ±   0.12        (6.58mi) ┃Vegas input parameters:
  ndim 7
  ncomp 1
  nvec 1
  epsrel 0
  epsabs 0
  flags 10
  seed 123456
  mineval 10000000
  maxeval 10000000
  nstart 1000000
  nincrease 1000000
  nbatch 5000
  gridno 0
  statefile ""

Iteration 1:  1000000 integrand evaluations so far
[1] 155.306 +- 3.8978  	chisq 0 (0 df)

Iteration 2:  3000000 integrand evaluations so far
[1] 159 +- 1.08968  	chisq 0.974338 (1 df)

Iteration 3:  6000000 integrand evaluations so far
[1] 159.29 +- 0.679211  	chisq 1.09084 (2 df)

Iteration 4:  10000000 integrand evaluations so far
[1] 159.943 +- 0.523914  	chisq 3.36836 (3 df)
  159.94 ±   0.52        ( 39.7s) ┃  280.76 ±   0.58        (8.36mi) ┃
┃   46 -    48 ┃   41 -    42 ┃ 320.333 ±    0.1        (1.08mi) ┃-172.211 ±  0.076        (6.53mi) ┃Vegas input parameters:
  ndim 7
  ncomp 1
  nvec 1
  epsrel 0
  epsabs 0
  flags 10
  seed 123456
  mineval 10000000
  maxeval 10000000
  nstart 1000000
  nincrease 1000000
  nbatch 5000
  gridno 0
  statefile ""

Iteration 1:  1000000 integrand evaluations so far
[1] 151.387 +- 3.85719  	chisq 0 (0 df)

Iteration 2:  3000000 integrand evaluations so far
[1] 155.898 +- 1.08387  	chisq 1.48483 (1 df)

Iteration 3:  6000000 integrand evaluations so far
[1] 156.14 +- 0.667735  	chisq 1.56536 (2 df)

Iteration 4:  10000000 integrand evaluations so far
[1] 155.993 +- 0.491083  	chisq 1.67067 (3 df)
  155.99 ±   0.49        ( 40.1s) ┃  304.12 ±   0.51        (8.27mi) ┃
┃   46 -    48 ┃   42 -    43 ┃ 252.804 ±  0.063        (2.09mi) ┃-135.425 ±  0.096        (3.25mi) ┃Vegas input parameters:
  ndim 7
  ncomp 1
  nvec 1
  epsrel 0
  epsabs 0
  flags 10
  seed 123456
  mineval 10000000
  maxeval 10000000
  nstart 1000000
  nincrease 1000000
  nbatch 5000
  gridno 0
  statefile ""

Iteration 1:  1000000 integrand evaluations so far
[1] 149.584 +- 3.83092  	chisq 0 (0 df)

Iteration 2:  3000000 integrand evaluations so far
[1] 151.661 +- 1.04183  	chisq 0.317324 (1 df)

Iteration 3:  6000000 integrand evaluations so far
[1] 151.617 +- 0.674053  	chisq 0.320336 (2 df)

Iteration 4:  10000000 integrand evaluations so far
[1] 151.182 +- 0.497966  	chisq 1.23814 (3 df)
  151.18 ±    0.5        ( 38.4s) ┃  268.56 ±   0.51        (5.98mi) ┃
┃   46 -    48 ┃   43 -    44 ┃  270.86 ±   0.11        (2.01mi) ┃-146.052 ±  0.069        (24.7mi) ┃Vegas input parameters:
  ndim 7
  ncomp 1
  nvec 1
  epsrel 0
  epsabs 0
  flags 10
  seed 123456
  mineval 10000000
  maxeval 10000000
  nstart 1000000
  nincrease 1000000
  nbatch 5000
  gridno 0
  statefile ""

Iteration 1:  1000000 integrand evaluations so far
[1] 148.582 +- 3.81081  	chisq 0 (0 df)

Iteration 2:  3000000 integrand evaluations so far
[1] 148.531 +- 1.03664  	chisq 0.000193299 (1 df)

Iteration 3:  6000000 integrand evaluations so far
[1] 148.234 +- 0.639095  	chisq 0.132455 (2 df)

Iteration 4:  10000000 integrand evaluations so far
[1] 148.218 +- 0.485894  	chisq 0.133846 (3 df)
  148.22 ±   0.49        ( 39.1s) ┃  273.03 ±    0.5        (27.3mi) ┃
┃   46 -    48 ┃   44 -    45 ┃   275.9 ±   0.17        (1.06mi) ┃ -148.02 ±   0.13        (11.9mi) ┃Vegas input parameters:
  ndim 7
  ncomp 1
  nvec 1
  epsrel 0
  epsabs 0
  flags 10
  seed 123456
  mineval 10000000
  maxeval 10000000
  nstart 1000000
  nincrease 1000000
  nbatch 5000
  gridno 0
  statefile ""

Iteration 1:  1000000 integrand evaluations so far
[1] 143.434 +- 3.72966  	chisq 0 (0 df)

Iteration 2:  3000000 integrand evaluations so far
[1] 144.982 +- 1.00596  	chisq 0.185705 (1 df)

Iteration 3:  6000000 integrand evaluations so far
[1] 144.54 +- 0.622836  	chisq 0.498146 (2 df)

Iteration 4:  10000000 integrand evaluations so far
[1] 144.981 +- 0.470816  	chisq 1.66492 (3 df)
  144.98 ±   0.47        ( 39.5s) ┃  272.86 ±   0.52        (13.6mi) ┃
┃   46 -    48 ┃   45 -    46 ┃  238.87 ±    0.2        (1.97mi) ┃-129.021 ±  0.054        (24.8mi) ┃Vegas input parameters:
  ndim 7
  ncomp 1
  nvec 1
  epsrel 0
  epsabs 0
  flags 10
  seed 123456
  mineval 10000000
  maxeval 10000000
  nstart 1000000
  nincrease 1000000
  nbatch 5000
  gridno 0
  statefile ""

Iteration 1:  1000000 integrand evaluations so far
[1] 145.037 +- 3.74273  	chisq 0 (0 df)

Iteration 2:  3000000 integrand evaluations so far
[1] 143.235 +- 0.991669  	chisq 0.249477 (1 df)

Iteration 3:  6000000 integrand evaluations so far
[1] 142.37 +- 0.616122  	chisq 1.48894 (2 df)

Iteration 4:  10000000 integrand evaluations so far
[1] 141.838 +- 0.452005  	chisq 3.10056 (3 df)
  141.84 ±   0.45        ( 38.9s) ┃  251.69 ±    0.5        (27.4mi) ┃
┃   46 -    48 ┃   46 -    47 ┃  265.81 ±   0.24        (2.13mi) ┃ -142.88 ±   0.14        (11.2mi) ┃Vegas input parameters:
  ndim 7
  ncomp 1
  nvec 1
  epsrel 0
  epsabs 0
  flags 10
  seed 123456
  mineval 10000000
  maxeval 10000000
  nstart 1000000
  nincrease 1000000
  nbatch 5000
  gridno 0
  statefile ""

Iteration 1:  1000000 integrand evaluations so far
[1] 139.615 +- 3.66483  	chisq 0 (0 df)

Iteration 2:  3000000 integrand evaluations so far
[1] 139.786 +- 1.06938  	chisq 0.00237614 (1 df)

Iteration 3:  6000000 integrand evaluations so far
[1] 139.226 +- 0.647816  	chisq 0.434864 (2 df)

Iteration 4:  10000000 integrand evaluations so far
[1] 139.395 +- 0.466697  	chisq 0.575116 (3 df)
  139.39 ±   0.47        ( 38.7s) ┃  262.33 ±   0.54        (13.9mi) ┃
┃   46 -    48 ┃   47 -    48 ┃  243.46 ±    0.2        (1.05mi) ┃ -130.41 ±   0.12        (11.7mi) ┃Vegas input parameters:
  ndim 7
  ncomp 1
  nvec 1
  epsrel 0
  epsabs 0
  flags 10
  seed 123456
  mineval 10000000
  maxeval 10000000
  nstart 1000000
  nincrease 1000000
  nbatch 5000
  gridno 0
  statefile ""

Iteration 1:  1000000 integrand evaluations so far
[1] 137.791 +- 3.61116  	chisq 0 (0 df)

Iteration 2:  3000000 integrand evaluations so far
[1] 138.376 +- 0.96759  	chisq 0.0282236 (1 df)

Iteration 3:  6000000 integrand evaluations so far
[1] 138.036 +- 0.597932  	chisq 0.227325 (2 df)

Iteration 4:  10000000 integrand evaluations so far
[1] 137.341 +- 0.44933  	chisq 3.33183 (3 df)
  137.34 ±   0.45        ( 38.8s) ┃  250.39 ±    0.5        (13.4mi) ┃
┃   46 -    48 ┃   48 -    49 ┃  255.06 ±   0.11        ( 3.7mi) ┃  -137.5 ±   0.12        (23.7mi) ┃Vegas input parameters:
  ndim 7
  ncomp 1
  nvec 1
  epsrel 0
  epsabs 0
  flags 10
  seed 123456
  mineval 10000000
  maxeval 10000000
  nstart 1000000
  nincrease 1000000
  nbatch 5000
  gridno 0
  statefile ""

Iteration 1:  1000000 integrand evaluations so far
[1] 128.781 +- 3.49032  	chisq 0 (0 df)

Iteration 2:  3000000 integrand evaluations so far
[1] 136.102 +- 0.940112  	chisq 4.7435 (1 df)

Iteration 3:  6000000 integrand evaluations so far
[1] 135.775 +- 0.634994  	chisq 4.96534 (2 df)

Iteration 4:  10000000 integrand evaluations so far
[1] 136.429 +- 0.474678  	chisq 7.37181 (3 df)
  136.43 ±   0.47        ( 30.2s) ┃  253.99 ±    0.5        (27.9mi) ┃
┃   46 -    48 ┃   49 -    50 ┃  232.94 ±   0.16        (1.55mi) ┃-125.027 ±  0.091        (5.21mi) ┃Vegas input parameters:
  ndim 7
  ncomp 1
  nvec 1
  epsrel 0
  epsabs 0
  flags 10
  seed 123456
  mineval 10000000
  maxeval 10000000
  nstart 1000000
  nincrease 1000000
  nbatch 5000
  gridno 0
  statefile ""

Iteration 1:  1000000 integrand evaluations so far
[1] 137.41 +- 3.64223  	chisq 0 (0 df)

Iteration 2:  3000000 integrand evaluations so far
[1] 134.344 +- 0.946932  	chisq 0.760118 (1 df)

Iteration 3:  6000000 integrand evaluations so far
[1] 134.094 +- 0.587277  	chisq 0.873248 (2 df)

Iteration 4:  10000000 integrand evaluations so far
[1] 134.235 +- 0.436429  	chisq 1.00314 (3 df)
  134.24 ±   0.44        ( 37.6s) ┃  242.15 ±   0.47        (7.38mi) ┃
┃   46 -    48 ┃   50 -    51 ┃  212.72 ±  0.048        (3.69mi) ┃ -116.07 ±   0.11        ( 43.8s) ┃Vegas input parameters:
  ndim 7
  ncomp 1
  nvec 1
  epsrel 0
  epsabs 0
  flags 10
  seed 123456
  mineval 10000000
  maxeval 10000000
  nstart 1000000
  nincrease 1000000
  nbatch 5000
  gridno 0
  statefile ""

Iteration 1:  1000000 integrand evaluations so far
[1] 137.358 +- 3.63383  	chisq 0 (0 df)

Iteration 2:  3000000 integrand evaluations so far
[1] 133.891 +- 0.929493  	chisq 0.97418 (1 df)

Iteration 3:  6000000 integrand evaluations so far
[1] 132.801 +- 0.576463  	chisq 3.20836 (2 df)

Iteration 4:  10000000 integrand evaluations so far
[1] 132.962 +- 0.43828  	chisq 3.39395 (3 df)
  132.96 ±   0.44        (   38s) ┃  229.61 ±   0.46        (5.06mi) ┃
┃   46 -    48 ┃   51 -    52 ┃ 256.702 ±  0.081        ( 3.8mi) ┃ -137.69 ±   0.12        (  23mi) ┃Vegas input parameters:
  ndim 7
  ncomp 1
  nvec 1
  epsrel 0
  epsabs 0
  flags 10
  seed 123456
  mineval 10000000
  maxeval 10000000
  nstart 1000000
  nincrease 1000000
  nbatch 5000
  gridno 0
  statefile ""

Iteration 1:  1000000 integrand evaluations so far
[1] 128.733 +- 3.51921  	chisq 0 (0 df)

Iteration 2:  3000000 integrand evaluations so far
[1] 130.291 +- 0.921393  	chisq 0.210366 (1 df)

Iteration 3:  6000000 integrand evaluations so far
[1] 130.248 +- 0.568645  	chisq 0.213908 (2 df)

Iteration 4:  10000000 integrand evaluations so far
[1] 130.896 +- 0.440996  	chisq 3.47896 (3 df)
   130.9 ±   0.44        ( 37.4s) ┃  249.91 ±   0.46        (27.4mi) ┃
┃   46 -    48 ┃   52 -    53 ┃ 208.711 ±  0.034        (3.67mi) ┃ -112.41 ±  0.045        ( 5.3mi) ┃Vegas input parameters:
  ndim 7
  ncomp 1
  nvec 1
  epsrel 0
  epsabs 0
  flags 10
  seed 123456
  mineval 10000000
  maxeval 10000000
  nstart 1000000
  nincrease 1000000
  nbatch 5000
  gridno 0
  statefile ""

Iteration 1:  1000000 integrand evaluations so far
[1] 124.876 +- 3.45555  	chisq 0 (0 df)

Iteration 2:  3000000 integrand evaluations so far
[1] 129.191 +- 0.923386  	chisq 1.679 (1 df)

Iteration 3:  6000000 integrand evaluations so far
[1] 128.809 +- 0.567997  	chisq 1.95369 (2 df)

Iteration 4:  10000000 integrand evaluations so far
[1] 129.213 +- 0.425322  	chisq 3.10294 (3 df)
  129.21 ±   0.43        ( 38.4s) ┃  225.51 ±   0.43        (9.61mi) ┃
┃   46 -    48 ┃   53 -    54 ┃   222.7 ±   0.18        ( 2.2mi) ┃ -120.18 ±  0.033        (6.12mi) ┃Vegas input parameters:
  ndim 7
  ncomp 1
  nvec 1
  epsrel 0
  epsabs 0
  flags 10
  seed 123456
  mineval 10000000
  maxeval 10000000
  nstart 1000000
  nincrease 1000000
  nbatch 5000
  gridno 0
  statefile ""

Iteration 1:  1000000 integrand evaluations so far
[1] 129.031 +- 3.51917  	chisq 0 (0 df)

Iteration 2:  3000000 integrand evaluations so far
[1] 128.785 +- 0.912458  	chisq 0.00525979 (1 df)

Iteration 3:  6000000 integrand evaluations so far
[1] 128.033 +- 0.560442  	chisq 1.09465 (2 df)

Iteration 4:  10000000 integrand evaluations so far
[1] 127.872 +- 0.420644  	chisq 1.28578 (3 df)
  127.87 ±   0.42        ( 36.3s) ┃  230.39 ±   0.46        (8.93mi) ┃
┃   46 -    48 ┃   54 -    55 ┃ 204.441 ±  0.019        (3.73mi) ┃-109.488 ±  0.019        (23.2mi) ┃Vegas input parameters:
  ndim 7
  ncomp 1
  nvec 1
  epsrel 0
  epsabs 0
  flags 10
  seed 123456
  mineval 10000000
  maxeval 10000000
  nstart 1000000
  nincrease 1000000
  nbatch 5000
  gridno 0
  statefile ""

Iteration 1:  1000000 integrand evaluations so far
[1] 127.667 +- 3.52929  	chisq 0 (0 df)

Iteration 2:  3000000 integrand evaluations so far
[1] 127.671 +- 0.90499  	chisq 1.39415e-06 (1 df)

Iteration 3:  6000000 integrand evaluations so far
[1] 127.958 +- 0.572043  	chisq 0.168151 (2 df)

Iteration 4:  10000000 integrand evaluations so far
[1] 127.589 +- 0.432264  	chisq 1.1382 (3 df)
  127.59 ±   0.43        (   38s) ┃  222.54 ±   0.43        (27.6mi) ┃
┃   46 -    48 ┃   55 -    56 ┃ 215.734 ±  0.045        (3.47mi) ┃-115.891 ±  0.056        (5.34mi) ┃Vegas input parameters:
  ndim 7
  ncomp 1
  nvec 1
  epsrel 0
  epsabs 0
  flags 10
  seed 123456
  mineval 10000000
  maxeval 10000000
  nstart 1000000
  nincrease 1000000
  nbatch 5000
  gridno 0
  statefile ""

Iteration 1:  1000000 integrand evaluations so far
[1] 122.952 +- 3.45181  	chisq 0 (0 df)

Iteration 2:  3000000 integrand evaluations so far
[1] 126.322 +- 0.88608  	chisq 1.02054 (1 df)

Iteration 3:  6000000 integrand evaluations so far
[1] 127.107 +- 0.575045  	chisq 2.37671 (2 df)

Iteration 4:  10000000 integrand evaluations so far
[1] 126.053 +- 0.425239  	chisq 9.78919 (3 df)
  126.05 ±   0.43        ( 37.8s) ┃   225.9 ±   0.43        (9.44mi) ┃
┃   46 -    48 ┃   56 -    57 ┃  214.48 ±    0.2        (1.86mi) ┃-114.894 ±   0.08        (10.9mi) ┃Vegas input parameters:
  ndim 7
  ncomp 1
  nvec 1
  epsrel 0
  epsabs 0
  flags 10
  seed 123456
  mineval 10000000
  maxeval 10000000
  nstart 1000000
  nincrease 1000000
  nbatch 5000
  gridno 0
  statefile ""

Iteration 1:  1000000 integrand evaluations so far
[1] 124.318 +- 3.49822  	chisq 0 (0 df)

Iteration 2:  3000000 integrand evaluations so far
[1] 125.059 +- 0.891552  	chisq 0.0480782 (1 df)

Iteration 3:  6000000 integrand evaluations so far
[1] 124.722 +- 0.550237  	chisq 0.279257 (2 df)

Iteration 4:  10000000 integrand evaluations so far
[1] 124.408 +- 0.418149  	chisq 1.05223 (3 df)
  124.41 ±   0.42        ( 38.4s) ┃  223.99 ±   0.47        (13.4mi) ┃
┃   46 -    48 ┃   57 -    58 ┃ 185.758 ±  0.082        (1.54mi) ┃ -99.693 ±  0.015        (22.1mi) ┃Vegas input parameters:
  ndim 7
  ncomp 1
  nvec 1
  epsrel 0
  epsabs 0
  flags 10
  seed 123456
  mineval 10000000
  maxeval 10000000
  nstart 1000000
  nincrease 1000000
  nbatch 5000
  gridno 0
  statefile ""

Iteration 1:  1000000 integrand evaluations so far
[1] 130.266 +- 3.6305  	chisq 0 (0 df)

Iteration 2:  3000000 integrand evaluations so far
[1] 123.419 +- 0.876055  	chisq 3.77668 (1 df)

Iteration 3:  6000000 integrand evaluations so far
[1] 123.795 +- 0.561735  	chisq 4.0893 (2 df)

Iteration 4:  10000000 integrand evaluations so far
[1] 122.898 +- 0.420573  	chisq 9.89155 (3 df)
   122.9 ±   0.42        ( 36.5s) ┃  208.96 ±   0.43        (24.2mi) ┃
┃   46 -    48 ┃   58 -    59 ┃ 203.416 ±  0.006        (3.85mi) ┃-108.916 ±  0.032        (22.3mi) ┃Vegas input parameters:
  ndim 7
  ncomp 1
  nvec 1
  epsrel 0
  epsabs 0
  flags 10
  seed 123456
  mineval 10000000
  maxeval 10000000
  nstart 1000000
  nincrease 1000000
  nbatch 5000
  gridno 0
  statefile ""

Iteration 1:  1000000 integrand evaluations so far
[1] 125.209 +- 3.54869  	chisq 0 (0 df)

Iteration 2:  3000000 integrand evaluations so far
[1] 123.701 +- 0.882014  	chisq 0.192566 (1 df)

Iteration 3:  6000000 integrand evaluations so far
[1] 124.156 +- 0.542756  	chisq 0.622194 (2 df)

Iteration 4:  10000000 integrand evaluations so far
[1] 123.055 +- 0.398634  	chisq 9.55797 (3 df)
  123.06 ±    0.4        ( 38.3s) ┃  217.56 ±    0.4        (26.7mi) ┃
┃   46 -    48 ┃   59 -    60 ┃ 183.549 ±  0.069        (6.38mi) ┃ -98.427 ±  0.017        (18.7mi) ┃Vegas input parameters:
  ndim 7
  ncomp 1
  nvec 1
  epsrel 0
  epsabs 0
  flags 10
  seed 123456
  mineval 10000000
  maxeval 10000000
  nstart 1000000
  nincrease 1000000
  nbatch 5000
  gridno 0
  statefile ""

Iteration 1:  1000000 integrand evaluations so far
[1] 116.082 +- 3.40955  	chisq 0 (0 df)

Iteration 2:  3000000 integrand evaluations so far
[1] 120.712 +- 0.869472  	chisq 1.97266 (1 df)

Iteration 3:  6000000 integrand evaluations so far
[1] 121.433 +- 0.545629  	chisq 3.10613 (2 df)

Iteration 4:  10000000 integrand evaluations so far
[1] 121.83 +- 0.403318  	chisq 4.27472 (3 df)
  121.83 ±    0.4        ( 39.3s) ┃  206.95 ±   0.41        (25.7mi) ┃
┣━━━━━━━━━━━━━━╋━━━━━━━━━━━━━━╋━━━━━━━━━━━━━━━━━━━━━━━━━━━━━━━━━━╋━━━━━━━━━━━━━━━━━━━━━━━━━━━━━━━━━━╋━━━━━━━━━━━━━━━━━━━━━━━━━━━━━━━━━━╋━━━━━━━━━━━━━━━━━━━━━━━━━━━━━━━━━━┫
┃   44 -    48 ┃   25 -    60 ┃ 21.7272 ± 0.0017 ·10⁺⁰³ (2.43hr) ┃-11.7252 ± 0.0009 ·10⁺⁰³ (17.5hr) ┃ 12.9518 ± 0.0049 ·10⁺⁰³ (45.9mi) ┃ 22.9538 ± 0.0053 ·10⁺⁰³ (20.7hr) ┃
┗━━━━━━━━━━━━━━┻━━━━━━━━━━━━━━┻━━━━━━━━━━━━━━━━━━━━━━━━━━━━━━━━━━┻━━━━━━━━━━━━━━━━━━━━━━━━━━━━━━━━━━┻━━━━━━━━━━━━━━━━━━━━━━━━━━━━━━━━━━┻━━━━━━━━━━━━━━━━━━━━━━━━━━━━━━━━━━┛

╍╍╍╍╍╍╍╍╍╍╍╍╍╍╍╍╍╍╍╍╍╍╍╍╍╍╍╍╍╍╍╍ Summary ╍╍╍╍╍╍╍╍╍╍╍╍╍╍╍╍╍╍╍╍╍╍╍╍╍╍╍╍╍╍╍
      Total cross section                    22.9538 ± 0.0053          pb
         Calculation time                               20.7       hours
              Output file                    outputs/qt_qt44_48_NLL_muR1.0_muF0.5.root            
      Result in text file                    outputs/qt_qt44_48_NLL_muR1.0_muF0.5.txt            

╍╍╍╍╍╍╍╍╍╍╍╍╍╍╍╍╍╍╍╍╍╍╍╍╍╍╍╍╍╍╍╍╍╍╍╍╍╍╍╍╍╍╍╍╍╍╍╍╍╍╍╍╍╍╍╍╍╍╍╍╍╍╍╍╍╍╍╍╍╍╍╍

