
╍╍╍╍╍╍╍╍╍╍╍╍╍╍╍╍╍╍╍╍╍╍╍╍╍╍╍ Process settings ╍╍╍╍╍╍╍╍╍╍╍╍╍╍╍╍╍╍╍╍╍╍╍╍╍╍╍
   proton-proton collisions at sqrt(s) = 13000 GeV 
   Computing NLO+NLL resummed cross section
   W+ ->  nu(p3)+e+(p4) production 

╍╍╍╍╍╍╍╍╍╍╍╍╍╍╍╍╍╍╍╍╍╍╍╍╍╍╍╍╍╍ CKM matrix ╍╍╍╍╍╍╍╍╍╍╍╍╍╍╍╍╍╍╍╍╍╍╍╍╍╍╍╍╍╍
     | Vud Vus Vub |   |   0.97427   0.2253  0.00351 | 
     | Vcd Vcs Vcb | = |    0.2252  0.97344   0.0412 | 
     | Vtd Vts Vtb |   |         0        0        0 | 

╍╍╍╍╍╍╍╍╍╍╍╍╍╍╍╍╍╍╍╍╍╍╍╍╍╍╍╍╍ EW parameters ╍╍╍╍╍╍╍╍╍╍╍╍╍╍╍╍╍╍╍╍╍╍╍╍╍╍╍╍
                                         Gf =  1.1663787e-05      GeV^-2
                                    1/alpha =  132.233229791            
                                 sin(thW)^2 = 0.222897222524            
                                     W mass =         80.385         GeV
                                     Z mass =        91.1876         GeV
                                    W width =          2.091         GeV
                                    Z width =          2.495         GeV

╍╍╍╍╍╍╍╍╍╍╍╍╍╍╍╍╍╍╍╍╍╍╍╍╍╍╍╍╍ QCD settings ╍╍╍╍╍╍╍╍╍╍╍╍╍╍╍╍╍╍╍╍╍╍╍╍╍╍╍╍╍
   Renormalization scale:     dynamic muren =              1      * m_ll
     Factorization scale:     dynamic mufac =            0.5      * m_ll
       Resummation scale:     dynamic mures =              1      * m_ll
          Strong coupling       alpha_s(MZ) =       0.118001            
                              running order =              2       -loop
         Non-perturbative     form factor g =            0.7       GeV^2

╍╍╍╍╍╍╍╍╍╍╍╍╍╍╍╍╍╍╍╍╍╍╍╍╍╍╍╍╍ PDF settings ╍╍╍╍╍╍╍╍╍╍╍╍╍╍╍╍╍╍╍╍╍╍╍╍╍╍╍╍╍
                                     PDF set:MSHT20nnlo_as118            
                                  PDF member:              0            
  Mellin moments of PDFs:                    Numerical integration            
                         nodes for the quadrature:            200            
                         Intervals for the quadrature:              1            

╍╍╍╍╍╍╍╍╍╍╍╍╍╍╍╍╍╍╍╍╍╍╍╍╍╍╍╍╍╍╍ qT recoil ╍╍╍╍╍╍╍╍╍╍╍╍╍╍╍╍╍╍╍╍╍╍╍╍╍╍╍╍╍╍
  qt-recoil prescription:       Collins-Soper kt1 = p_V(x)/2; kt2 = p_V(y)/2            

╍╍╍╍╍╍╍╍╍╍╍╍╍╍╍╍╍╍╍╍╍╍╍╍╍╍╍╍╍╍╍╍╍ Cuts ╍╍╍╍╍╍╍╍╍╍╍╍╍╍╍╍╍╍╍╍╍╍╍╍╍╍╍╍╍╍╍╍╍
                                  apply cuts:           true            
                                      pt_l >               0            
                                   |eta_l| <            1000            
                                    pt_lep >              25            
                                 |eta_lep| <             2.4            
                                   pt_alep >              25            
                                |eta_alep| <             2.4            
                                  user cuts:            true            

╍╍╍╍╍╍╍╍╍╍╍╍╍╍╍╍╍╍╍╍╍╍╍╍╍╍╍╍ ResummationDamp ╍╍╍╍╍╍╍╍╍╍╍╍╍╍╍╍╍╍╍╍╍╍╍╍╍╍╍
                                    damping :             on            
                                damping mode:              1            
                                  damp above:        60.2888         GeV
                               damping width:        20.0963         GeV
                          resummation cutoff:             20         MeV

╍╍╍╍╍╍╍╍╍╍╍╍╍╍╍╍╍╍╍╍╍╍╍╍╍╍╍╍ Debug settings ╍╍╍╍╍╍╍╍╍╍╍╍╍╍╍╍╍╍╍╍╍╍╍╍╍╍╍╍
                                 timeprofile:          false            
                                     verbose:          false            
                               cubaverbosity:              2            

╍╍╍╍╍╍╍╍╍╍╍╍╍╍╍╍╍╍╍╍╍╍╍╍╍╍╍╍╍╍╍╍╍╍╍╍╍╍╍╍╍╍╍╍╍╍╍╍╍╍╍╍╍╍╍╍╍╍╍╍╍╍╍╍╍╍╍╍╍╍╍╍

Warning: Histogram `a1_qt` contains non-integrable observable and will be deleted 
Warning: Histogram `a1_qt_vs_y` contains non-integrable observable and will be deleted 
Warning: Histogram `s_biganswer` contains non-integrable observable and will be deleted 
Warning: Histogram `wgt_a1_qt` contains non-integrable observable and will be deleted 

╍╍╍╍╍╍╍╍╍╍╍╍╍╍╍╍╍╍╍╍╍╍╍╍╍ Integration settings ╍╍╍╍╍╍╍╍╍╍╍╍╍╍╍╍╍╍╍╍╍╍╍╍╍
             Random seeds              123456                           
           Parallel cores                   1                           

             Resummation:     cuhre (dm, dpt)         iter =           5
                                   gauss (dy)        nodes =          64
                                                 intervals =           1
            Counter term:      cuhre (dm, dy)         iter =           5
                                  gauss (dpt)        nodes =          20
                                                 intervals =           5
                     V+J:            vegas 7D       ncalls =    10000000

Mellin inverse transform:           gaussian         nodes =          30
                                                 intervals =           1
                               imaginary axis         zmax =           2
  Angular variable costh:     semi-analytical      ncstart =         100
   Angular variables phi:            gaussian    intervals =          20

      Constant boundaries                  q2          low =          80
                                                      high =         100
                                            y          low =          -6
                                                      high =           6
                                        costh          low =          -1
                                                      high =           1
                                       eta(l)          low =         -10
                                                      high =          10

┏━━━━━━━━━━━━━━┰━━━━━━━━━━━━━━┰━━━━━━━━━━━━━━━━━━━━━━━━━━━━━━━━━━┰━━━━━━━━━━━━━━━━━━━━━━━━━━━━━━━━━━┰━━━━━━━━━━━━━━━━━━━━━━━━━━━━━━━━━━┰━━━━━━━━━━━━━━━━━━━━━━━━━━━━━━━━━━┓
┃           qT ┃        pT(l) ┃                      Resummation ┃                     Counter term ┃                              V+J ┃                            TOTAL ┃
┣━━━━━━━━━━━━━━╋━━━━━━━━━━━━━━╋━━━━━━━━━━━━━━━━━━━━━━━━━━━━━━━━━━╋━━━━━━━━━━━━━━━━━━━━━━━━━━━━━━━━━━╋━━━━━━━━━━━━━━━━━━━━━━━━━━━━━━━━━━╋━━━━━━━━━━━━━━━━━━━━━━━━━━━━━━━━━━┫
┃   84 -    86 ┃   25 -    26 ┃  10.844 ± 0.0038        (14.5mi) ┃  -5.652 ± 0.0017        (48.8mi) ┃Vegas input parameters:
  ndim 7
  ncomp 1
  nvec 1
  epsrel 0
  epsabs 0
  flags 10
  seed 123456
  mineval 10000000
  maxeval 10000000
  nstart 1000000
  nincrease 1000000
  nbatch 5000
  gridno 0
  statefile ""

Iteration 1:  1000000 integrand evaluations so far
[1] 40.463 +- 1.12808  	chisq 0 (0 df)

Iteration 2:  3000000 integrand evaluations so far
[1] 41.761 +- 0.326408  	chisq 1.44487 (1 df)

Iteration 3:  6000000 integrand evaluations so far
[1] 41.966 +- 0.202764  	chisq 2.08691 (2 df)

Iteration 4:  10000000 integrand evaluations so far
[1] 41.9064 +- 0.158105  	chisq 2.30746 (3 df)
   41.91 ±   0.16        ( 40.2s) ┃    47.1 ±   0.16        (1.07hr) ┃
┃   84 -    86 ┃   26 -    27 ┃ 18.3608 ± 0.0042        (1.03mi) ┃ -9.4405 ± 0.0018        (12.8mi) ┃Vegas input parameters:
  ndim 7
  ncomp 1
  nvec 1
  epsrel 0
  epsabs 0
  flags 10
  seed 123456
  mineval 10000000
  maxeval 10000000
  nstart 1000000
  nincrease 1000000
  nbatch 5000
  gridno 0
  statefile ""

Iteration 1:  1000000 integrand evaluations so far
[1] 40.7404 +- 1.12437  	chisq 0 (0 df)

Iteration 2:  3000000 integrand evaluations so far
[1] 40.3597 +- 0.316489  	chisq 0.124525 (1 df)

Iteration 3:  6000000 integrand evaluations so far
[1] 40.4596 +- 0.196681  	chisq 0.287028 (2 df)

Iteration 4:  10000000 integrand evaluations so far
[1] 40.6575 +- 0.159704  	chisq 3.25736 (3 df)
   40.66 ±   0.16        ( 39.5s) ┃   49.58 ±   0.16        (14.4mi) ┃
┃   84 -    86 ┃   27 -    28 ┃ 11.5544 ± 0.0047        (14.4mi) ┃ -6.0042 ± 0.0037        (1.62hr) ┃Vegas input parameters:
  ndim 7
  ncomp 1
  nvec 1
  epsrel 0
  epsabs 0
  flags 10
  seed 123456
  mineval 10000000
  maxeval 10000000
  nstart 1000000
  nincrease 1000000
  nbatch 5000
  gridno 0
  statefile ""

Iteration 1:  1000000 integrand evaluations so far
[1] 39.9492 +- 1.10352  	chisq 0 (0 df)

Iteration 2:  3000000 integrand evaluations so far
[1] 39.52 +- 0.311416  	chisq 0.164368 (1 df)

Iteration 3:  6000000 integrand evaluations so far
[1] 39.4913 +- 0.193139  	chisq 0.178122 (2 df)

Iteration 4:  10000000 integrand evaluations so far
[1] 39.5731 +- 0.150582  	chisq 0.636033 (3 df)
   39.57 ±   0.15        ( 40.1s) ┃   45.12 ±   0.15        (1.87hr) ┃
┃   84 -    86 ┃   28 -    29 ┃ 11.0326 ± 0.0093        (2.94mi) ┃ -5.7861 ± 0.0048        (  12mi) ┃Vegas input parameters:
  ndim 7
  ncomp 1
  nvec 1
  epsrel 0
  epsabs 0
  flags 10
  seed 123456
  mineval 10000000
  maxeval 10000000
  nstart 1000000
  nincrease 1000000
  nbatch 5000
  gridno 0
  statefile ""

Iteration 1:  1000000 integrand evaluations so far
[1] 38.6549 +- 1.07575  	chisq 0 (0 df)

Iteration 2:  3000000 integrand evaluations so far
[1] 38.5132 +- 0.303269  	chisq 0.0188346 (1 df)

Iteration 3:  6000000 integrand evaluations so far
[1] 38.531 +- 0.21037  	chisq 0.0254493 (2 df)

Iteration 4:  10000000 integrand evaluations so far
[1] 38.6562 +- 0.156886  	chisq 0.823542 (3 df)
   38.66 ±   0.16        ( 39.8s) ┃    43.9 ±   0.16        (15.6mi) ┃
┃   84 -    86 ┃   29 -    30 ┃ 13.5976 ± 0.00085        ( 4.2mi) ┃ -7.0032 ± 0.0036        (24.9mi) ┃Vegas input parameters:
  ndim 7
  ncomp 1
  nvec 1
  epsrel 0
  epsabs 0
  flags 10
  seed 123456
  mineval 10000000
  maxeval 10000000
  nstart 1000000
  nincrease 1000000
  nbatch 5000
  gridno 0
  statefile ""

Iteration 1:  1000000 integrand evaluations so far
[1] 38.5354 +- 1.07371  	chisq 0 (0 df)

Iteration 2:  3000000 integrand evaluations so far
[1] 37.805 +- 0.298892  	chisq 0.501669 (1 df)

Iteration 3:  6000000 integrand evaluations so far
[1] 37.7537 +- 0.185367  	chisq 0.549567 (2 df)

Iteration 4:  10000000 integrand evaluations so far
[1] 37.6152 +- 0.140027  	chisq 1.84843 (3 df)
   37.62 ±   0.14        ( 40.5s) ┃   44.21 ±   0.14        (29.7mi) ┃
┃   84 -    86 ┃   30 -    31 ┃ 15.2914 ± 0.0036        (1.94mi) ┃ -7.8997 ± 0.0076        (12.9mi) ┃Vegas input parameters:
  ndim 7
  ncomp 1
  nvec 1
  epsrel 0
  epsabs 0
  flags 10
  seed 123456
  mineval 10000000
  maxeval 10000000
  nstart 1000000
  nincrease 1000000
  nbatch 5000
  gridno 0
  statefile ""

Iteration 1:  1000000 integrand evaluations so far
[1] 38.9794 +- 1.06532  	chisq 0 (0 df)

Iteration 2:  3000000 integrand evaluations so far
[1] 37.2396 +- 0.293987  	chisq 2.88707 (1 df)

Iteration 3:  6000000 integrand evaluations so far
[1] 37.0697 +- 0.182243  	chisq 3.42916 (2 df)

Iteration 4:  10000000 integrand evaluations so far
[1] 37.1268 +- 0.138172  	chisq 3.65943 (3 df)
   37.13 ±   0.14        ( 39.1s) ┃   44.52 ±   0.14        (15.5mi) ┃
┃   84 -    86 ┃   31 -    32 ┃  9.0606 ± 0.0034        (6.71mi) ┃ -4.7239 ± 0.0018        (24.8mi) ┃Vegas input parameters:
  ndim 7
  ncomp 1
  nvec 1
  epsrel 0
  epsabs 0
  flags 10
  seed 123456
  mineval 10000000
  maxeval 10000000
  nstart 1000000
  nincrease 1000000
  nbatch 5000
  gridno 0
  statefile ""

Iteration 1:  1000000 integrand evaluations so far
[1] 36.1074 +- 1.00913  	chisq 0 (0 df)

Iteration 2:  3000000 integrand evaluations so far
[1] 36.0766 +- 0.288284  	chisq 0.00101237 (1 df)

Iteration 3:  6000000 integrand evaluations so far
[1] 36.3749 +- 0.196892  	chisq 2.00733 (2 df)

Iteration 4:  10000000 integrand evaluations so far
[1] 36.4665 +- 0.145859  	chisq 2.48754 (3 df)
   36.47 ±   0.15        ( 39.4s) ┃    40.8 ±   0.15        (32.2mi) ┃
┃   84 -    86 ┃   32 -    33 ┃ 15.7388 ± 0.0082        (1.92mi) ┃ -8.1678 ± 0.0069        (6.31mi) ┃Vegas input parameters:
  ndim 7
  ncomp 1
  nvec 1
  epsrel 0
  epsabs 0
  flags 10
  seed 123456
  mineval 10000000
  maxeval 10000000
  nstart 1000000
  nincrease 1000000
  nbatch 5000
  gridno 0
  statefile ""

Iteration 1:  1000000 integrand evaluations so far
[1] 34.9281 +- 0.990263  	chisq 0 (0 df)

Iteration 2:  3000000 integrand evaluations so far
[1] 35.5279 +- 0.282798  	chisq 0.399477 (1 df)

Iteration 3:  6000000 integrand evaluations so far
[1] 35.8495 +- 0.197749  	chisq 2.93035 (2 df)

Iteration 4:  10000000 integrand evaluations so far
[1] 35.8355 +- 0.155488  	chisq 2.94349 (3 df)
   35.84 ±   0.16        ( 35.4s) ┃   43.41 ±   0.16        (8.82mi) ┃
┃   84 -    86 ┃   33 -    34 ┃  13.877 ±  0.011        (3.13mi) ┃ -7.2237 ± 0.0059        (23.9mi) ┃Vegas input parameters:
  ndim 7
  ncomp 1
  nvec 1
  epsrel 0
  epsabs 0
  flags 10
  seed 123456
  mineval 10000000
  maxeval 10000000
  nstart 1000000
  nincrease 1000000
  nbatch 5000
  gridno 0
  statefile ""

Iteration 1:  1000000 integrand evaluations so far
[1] 35.0704 +- 0.989196  	chisq 0 (0 df)

Iteration 2:  3000000 integrand evaluations so far
[1] 35.4387 +- 0.349661  	chisq 0.158446 (1 df)

Iteration 3:  6000000 integrand evaluations so far
[1] 35.1476 +- 0.206746  	chisq 1.22418 (2 df)

Iteration 4:  10000000 integrand evaluations so far
[1] 35.3008 +- 0.142872  	chisq 2.27468 (3 df)
    35.3 ±   0.14        (   39s) ┃   41.95 ±   0.14        (27.7mi) ┃
┃   84 -    86 ┃   34 -    35 ┃ 10.8005 ± 0.0074        (1.82mi) ┃ -5.5552 ± 0.0029        ( 6.1mi) ┃Vegas input parameters:
  ndim 7
  ncomp 1
  nvec 1
  epsrel 0
  epsabs 0
  flags 10
  seed 123456
  mineval 10000000
  maxeval 10000000
  nstart 1000000
  nincrease 1000000
  nbatch 5000
  gridno 0
  statefile ""

Iteration 1:  1000000 integrand evaluations so far
[1] 34.2024 +- 0.965884  	chisq 0 (0 df)

Iteration 2:  3000000 integrand evaluations so far
[1] 34.828 +- 0.277931  	chisq 0.457273 (1 df)

Iteration 3:  6000000 integrand evaluations so far
[1] 34.6722 +- 0.17172  	chisq 0.965192 (2 df)

Iteration 4:  10000000 integrand evaluations so far
[1] 34.6883 +- 0.130054  	chisq 0.985787 (3 df)
   34.69 ±   0.13        ( 36.3s) ┃   39.93 ±   0.13        (8.52mi) ┃
┃   84 -    86 ┃   35 -    36 ┃  11.508 ± 0.0096        (1.52mi) ┃ -6.0012 ± 0.0056        (23.8mi) ┃Vegas input parameters:
  ndim 7
  ncomp 1
  nvec 1
  epsrel 0
  epsabs 0
  flags 10
  seed 123456
  mineval 10000000
  maxeval 10000000
  nstart 1000000
  nincrease 1000000
  nbatch 5000
  gridno 0
  statefile ""

Iteration 1:  1000000 integrand evaluations so far
[1] 35.1905 +- 0.975058  	chisq 0 (0 df)

Iteration 2:  3000000 integrand evaluations so far
[1] 34.5993 +- 0.274893  	chisq 0.399292 (1 df)

Iteration 3:  6000000 integrand evaluations so far
[1] 34.4854 +- 0.190792  	chisq 0.730692 (2 df)

Iteration 4:  10000000 integrand evaluations so far
[1] 34.2395 +- 0.140435  	chisq 4.3557 (3 df)
   34.24 ±   0.14        ( 38.7s) ┃   39.75 ±   0.14        (25.9mi) ┃
┃   84 -    86 ┃   36 -    37 ┃ 15.2346 ± 0.0095        (3.61mi) ┃ -7.9571 ± 0.0013        ( 2.8mi) ┃Vegas input parameters:
  ndim 7
  ncomp 1
  nvec 1
  epsrel 0
  epsabs 0
  flags 10
  seed 123456
  mineval 10000000
  maxeval 10000000
  nstart 1000000
  nincrease 1000000
  nbatch 5000
  gridno 0
  statefile ""

Iteration 1:  1000000 integrand evaluations so far
[1] 33.2433 +- 0.944661  	chisq 0 (0 df)

Iteration 2:  3000000 integrand evaluations so far
[1] 34.0735 +- 0.270813  	chisq 0.84157 (1 df)

Iteration 3:  6000000 integrand evaluations so far
[1] 33.8558 +- 0.166998  	chisq 1.88394 (2 df)

Iteration 4:  10000000 integrand evaluations so far
[1] 33.8185 +- 0.128395  	chisq 2.0063 (3 df)
   33.82 ±   0.13        ( 38.4s) ┃    41.1 ±   0.13        (7.05mi) ┃
┃   84 -    86 ┃   37 -    38 ┃  13.549 ±  0.012        (1.87mi) ┃  -7.031 ± 0.0015        (18.5mi) ┃Vegas input parameters:
  ndim 7
  ncomp 1
  nvec 1
  epsrel 0
  epsabs 0
  flags 10
  seed 123456
  mineval 10000000
  maxeval 10000000
  nstart 1000000
  nincrease 1000000
  nbatch 5000
  gridno 0
  statefile ""

Iteration 1:  1000000 integrand evaluations so far
[1] 34.3575 +- 0.950121  	chisq 0 (0 df)

Iteration 2:  3000000 integrand evaluations so far
[1] 33.1256 +- 0.264088  	chisq 1.82187 (1 df)

Iteration 3:  6000000 integrand evaluations so far
[1] 33.4332 +- 0.16486  	chisq 4.04562 (2 df)

Iteration 4:  10000000 integrand evaluations so far
[1] 33.348 +- 0.124434  	chisq 4.66709 (3 df)
   33.35 ±   0.12        ( 37.6s) ┃   39.87 ±   0.13        (  21mi) ┃
┃   84 -    86 ┃   38 -    39 ┃ 11.7927 ± 0.0037        (10.2mi) ┃ -6.1139 ± 0.0016        (42.1mi) ┃Vegas input parameters:
  ndim 7
  ncomp 1
  nvec 1
  epsrel 0
  epsabs 0
  flags 10
  seed 123456
  mineval 10000000
  maxeval 10000000
  nstart 1000000
  nincrease 1000000
  nbatch 5000
  gridno 0
  statefile ""

Iteration 1:  1000000 integrand evaluations so far
[1] 34.0972 +- 0.942095  	chisq 0 (0 df)

Iteration 2:  3000000 integrand evaluations so far
[1] 32.8805 +- 0.261062  	chisq 1.80667 (1 df)

Iteration 3:  6000000 integrand evaluations so far
[1] 32.8327 +- 0.162037  	chisq 1.86128 (2 df)

Iteration 4:  10000000 integrand evaluations so far
[1] 32.7804 +- 0.131166  	chisq 2.1635 (3 df)
   32.78 ±   0.13        (   38s) ┃   38.46 ±   0.13        (  53mi) ┃
┃   84 -    86 ┃   39 -    40 ┃ 11.6224 ± 0.0046        (6.47mi) ┃ -6.0667 ± 0.0033        ( 5.2mi) ┃Vegas input parameters:
  ndim 7
  ncomp 1
  nvec 1
  epsrel 0
  epsabs 0
  flags 10
  seed 123456
  mineval 10000000
  maxeval 10000000
  nstart 1000000
  nincrease 1000000
  nbatch 5000
  gridno 0
  statefile ""

Iteration 1:  1000000 integrand evaluations so far
[1] 30.9138 +- 0.886989  	chisq 0 (0 df)

Iteration 2:  3000000 integrand evaluations so far
[1] 32.3298 +- 0.29357  	chisq 2.86211 (1 df)

Iteration 3:  6000000 integrand evaluations so far
[1] 32.4756 +- 0.184299  	chisq 3.26927 (2 df)

Iteration 4:  10000000 integrand evaluations so far
[1] 32.2793 +- 0.130385  	chisq 5.54039 (3 df)
   32.28 ±   0.13        (   26s) ┃   37.83 ±   0.13        (12.1mi) ┃
┃   84 -    86 ┃   40 -    41 ┃ 14.3537 ±  0.006        ( 57.2s) ┃ -7.4763 ± 0.0019        (22.6mi) ┃Vegas input parameters:
  ndim 7
  ncomp 1
  nvec 1
  epsrel 0
  epsabs 0
  flags 10
  seed 123456
  mineval 10000000
  maxeval 10000000
  nstart 1000000
  nincrease 1000000
  nbatch 5000
  gridno 0
  statefile ""

Iteration 1:  1000000 integrand evaluations so far
[1] 29.6828 +- 0.861785  	chisq 0 (0 df)

Iteration 2:  3000000 integrand evaluations so far
[1] 31.3439 +- 0.252994  	chisq 4.06592 (1 df)

Iteration 3:  6000000 integrand evaluations so far
[1] 31.7037 +- 0.157856  	chisq 7.37662 (2 df)

Iteration 4:  10000000 integrand evaluations so far
[1] 31.7623 +- 0.118671  	chisq 7.69444 (3 df)
   31.76 ±   0.12        ( 37.9s) ┃   38.64 ±   0.12        (24.2mi) ┃
┃   84 -    86 ┃   41 -    42 ┃  15.631 ±  0.011        (1.83mi) ┃ -8.0779 ± 0.0063        (24.7mi) ┃Vegas input parameters:
  ndim 7
  ncomp 1
  nvec 1
  epsrel 0
  epsabs 0
  flags 10
  seed 123456
  mineval 10000000
  maxeval 10000000
  nstart 1000000
  nincrease 1000000
  nbatch 5000
  gridno 0
  statefile ""

Iteration 1:  1000000 integrand evaluations so far
[1] 33.0285 +- 0.911435  	chisq 0 (0 df)

Iteration 2:  3000000 integrand evaluations so far
[1] 31.9649 +- 0.254571  	chisq 1.47708 (1 df)

Iteration 3:  6000000 integrand evaluations so far
[1] 32.0511 +- 0.157911  	chisq 1.66364 (2 df)

Iteration 4:  10000000 integrand evaluations so far
[1] 31.8539 +- 0.123942  	chisq 5.72647 (3 df)
   31.85 ±   0.12        ( 38.1s) ┃   39.41 ±   0.12        (27.2mi) ┃
┃   84 -    86 ┃   42 -    43 ┃ 12.8819 ± 0.0089        (2.17mi) ┃ -6.6767 ±  0.005        (17.9mi) ┃Vegas input parameters:
  ndim 7
  ncomp 1
  nvec 1
  epsrel 0
  epsabs 0
  flags 10
  seed 123456
  mineval 10000000
  maxeval 10000000
  nstart 1000000
  nincrease 1000000
  nbatch 5000
  gridno 0
  statefile ""

Iteration 1:  1000000 integrand evaluations so far
[1] 32.9237 +- 0.913798  	chisq 0 (0 df)

Iteration 2:  3000000 integrand evaluations so far
[1] 31.4137 +- 0.251849  	chisq 2.95498 (1 df)

Iteration 3:  6000000 integrand evaluations so far
[1] 31.2277 +- 0.155781  	chisq 3.83875 (2 df)

Iteration 4:  10000000 integrand evaluations so far
[1] 31.1464 +- 0.114442  	chisq 4.43066 (3 df)
   31.15 ±   0.11        ( 37.6s) ┃   37.35 ±   0.11        (20.7mi) ┃
┃   84 -    86 ┃   43 -    44 ┃ 12.0432 ± 0.0045        (3.81mi) ┃ -6.2439 ±  0.004        (23.4mi) ┃Vegas input parameters:
  ndim 7
  ncomp 1
  nvec 1
  epsrel 0
  epsabs 0
  flags 10
  seed 123456
  mineval 10000000
  maxeval 10000000
  nstart 1000000
  nincrease 1000000
  nbatch 5000
  gridno 0
  statefile ""

Iteration 1:  1000000 integrand evaluations so far
[1] 29.7921 +- 0.849832  	chisq 0 (0 df)

Iteration 2:  3000000 integrand evaluations so far
[1] 30.8185 +- 0.247718  	chisq 1.59435 (1 df)

Iteration 3:  6000000 integrand evaluations so far
[1] 30.6598 +- 0.152878  	chisq 2.25767 (2 df)

Iteration 4:  10000000 integrand evaluations so far
[1] 30.7495 +- 0.115773  	chisq 3.06451 (3 df)
   30.75 ±   0.12        ( 37.6s) ┃   36.55 ±   0.12        (27.8mi) ┃
┃   84 -    86 ┃   44 -    45 ┃ 13.8064 ± 0.0039        (3.35mi) ┃ -7.2863 ± 0.0029        ( 40.1s) ┃Vegas input parameters:
  ndim 7
  ncomp 1
  nvec 1
  epsrel 0
  epsabs 0
  flags 10
  seed 123456
  mineval 10000000
  maxeval 10000000
  nstart 1000000
  nincrease 1000000
  nbatch 5000
  gridno 0
  statefile ""

Iteration 1:  1000000 integrand evaluations so far
[1] 31.1269 +- 0.862736  	chisq 0 (0 df)

Iteration 2:  3000000 integrand evaluations so far
[1] 30.4328 +- 0.244267  	chisq 0.703707 (1 df)

Iteration 3:  6000000 integrand evaluations so far
[1] 30.4656 +- 0.151526  	chisq 0.733028 (2 df)

Iteration 4:  10000000 integrand evaluations so far
[1] 30.3967 +- 0.11148  	chisq 1.18375 (3 df)
    30.4 ±   0.11        ( 26.5s) ┃   36.92 ±   0.11        (4.46mi) ┃
┃   84 -    86 ┃   45 -    46 ┃ 12.3131 ± 0.0021        (2.54mi) ┃ -6.4374 ± 0.0062        (41.9mi) ┃Vegas input parameters:
  ndim 7
  ncomp 1
  nvec 1
  epsrel 0
  epsabs 0
  flags 10
  seed 123456
  mineval 10000000
  maxeval 10000000
  nstart 1000000
  nincrease 1000000
  nbatch 5000
  gridno 0
  statefile ""

Iteration 1:  1000000 integrand evaluations so far
[1] 30.6051 +- 0.858417  	chisq 0 (0 df)

Iteration 2:  3000000 integrand evaluations so far
[1] 30.0135 +- 0.241164  	chisq 0.515651 (1 df)

Iteration 3:  6000000 integrand evaluations so far
[1] 30.1801 +- 0.150256  	chisq 1.29567 (2 df)

Iteration 4:  10000000 integrand evaluations so far
[1] 30.2553 +- 0.115009  	chisq 1.89999 (3 df)
   30.26 ±   0.12        ( 36.2s) ┃   36.13 ±   0.12        (  45mi) ┃
┃   84 -    86 ┃   46 -    47 ┃ 12.7463 ± 0.0023        (23.1mi) ┃  -6.557 ± 0.0063        (21.3mi) ┃Vegas input parameters:
  ndim 7
  ncomp 1
  nvec 1
  epsrel 0
  epsabs 0
  flags 10
  seed 123456
  mineval 10000000
  maxeval 10000000
  nstart 1000000
  nincrease 1000000
  nbatch 5000
  gridno 0
  statefile ""

Iteration 1:  1000000 integrand evaluations so far
[1] 30.3074 +- 0.843208  	chisq 0 (0 df)

Iteration 2:  3000000 integrand evaluations so far
[1] 29.9464 +- 0.240849  	chisq 0.199642 (1 df)

Iteration 3:  6000000 integrand evaluations so far
[1] 29.9654 +- 0.149313  	chisq 0.209783 (2 df)

Iteration 4:  10000000 integrand evaluations so far
[1] 30.102 +- 0.110399  	chisq 2.05691 (3 df)
    30.1 ±   0.11        ( 39.9s) ┃   36.29 ±   0.11        (45.1mi) ┃
┃   84 -    86 ┃   47 -    48 ┃ 10.9245 ±  0.005        (3.63mi) ┃ -5.6579 ± 0.0036        (6.22mi) ┃Vegas input parameters:
  ndim 7
  ncomp 1
  nvec 1
  epsrel 0
  epsabs 0
  flags 10
  seed 123456
  mineval 10000000
  maxeval 10000000
  nstart 1000000
  nincrease 1000000
  nbatch 5000
  gridno 0
  statefile ""

Iteration 1:  1000000 integrand evaluations so far
[1] 30.3087 +- 0.852185  	chisq 0 (0 df)

Iteration 2:  3000000 integrand evaluations so far
[1] 29.8612 +- 0.286341  	chisq 0.310916 (1 df)

Iteration 3:  6000000 integrand evaluations so far
[1] 30.0043 +- 0.18739  	chisq 0.747819 (2 df)

Iteration 4:  10000000 integrand evaluations so far
[1] 29.851 +- 0.130704  	chisq 2.05165 (3 df)
   29.85 ±   0.13        ( 37.7s) ┃   35.12 ±   0.13        (10.5mi) ┃
┃   84 -    86 ┃   48 -    49 ┃  11.799 ± 0.0023        (13.7mi) ┃ -6.1484 ± 0.0056        (  10mi) ┃Vegas input parameters:
  ndim 7
  ncomp 1
  nvec 1
  epsrel 0
  epsabs 0
  flags 10
  seed 123456
  mineval 10000000
  maxeval 10000000
  nstart 1000000
  nincrease 1000000
  nbatch 5000
  gridno 0
  statefile ""

Iteration 1:  1000000 integrand evaluations so far
[1] 29.2896 +- 0.828676  	chisq 0 (0 df)

Iteration 2:  3000000 integrand evaluations so far
[1] 29.4944 +- 0.236648  	chisq 0.0665416 (1 df)

Iteration 3:  6000000 integrand evaluations so far
[1] 29.685 +- 0.15778  	chisq 1.23448 (2 df)

Iteration 4:  10000000 integrand evaluations so far
[1] 29.4354 +- 0.115737  	chisq 6.65315 (3 df)
   29.44 ±   0.12        ( 37.6s) ┃   35.09 ±   0.12        (24.4mi) ┃
┃   84 -    86 ┃   49 -    50 ┃  14.658 ±  0.011        (2.04mi) ┃ -7.5705 ± 0.0044        (11.8mi) ┃Vegas input parameters:
  ndim 7
  ncomp 1
  nvec 1
  epsrel 0
  epsabs 0
  flags 10
  seed 123456
  mineval 10000000
  maxeval 10000000
  nstart 1000000
  nincrease 1000000
  nbatch 5000
  gridno 0
  statefile ""

Iteration 1:  1000000 integrand evaluations so far
[1] 29.253 +- 0.820401  	chisq 0 (0 df)

Iteration 2:  3000000 integrand evaluations so far
[1] 29.549 +- 0.238517  	chisq 0.142164 (1 df)

Iteration 3:  6000000 integrand evaluations so far
[1] 29.5264 +- 0.147683  	chisq 0.15668 (2 df)

Iteration 4:  10000000 integrand evaluations so far
[1] 29.5031 +- 0.111695  	chisq 0.215271 (3 df)
    29.5 ±   0.11        ( 37.4s) ┃   36.59 ±   0.11        (14.5mi) ┃
┃   84 -    86 ┃   50 -    51 ┃ 10.7233 ± 0.0053        (10.4mi) ┃  -5.524 ± 0.0034        (4.87mi) ┃Vegas input parameters:
  ndim 7
  ncomp 1
  nvec 1
  epsrel 0
  epsabs 0
  flags 10
  seed 123456
  mineval 10000000
  maxeval 10000000
  nstart 1000000
  nincrease 1000000
  nbatch 5000
  gridno 0
  statefile ""

Iteration 1:  1000000 integrand evaluations so far
[1] 31.3611 +- 0.864467  	chisq 0 (0 df)

Iteration 2:  3000000 integrand evaluations so far
[1] 29.3991 +- 0.235323  	chisq 5.56374 (1 df)

Iteration 3:  6000000 integrand evaluations so far
[1] 29.2424 +- 0.145718  	chisq 6.28257 (2 df)

Iteration 4:  10000000 integrand evaluations so far
[1] 29.227 +- 0.112497  	chisq 6.31026 (3 df)
   29.23 ±   0.11        ( 32.9s) ┃   34.43 ±   0.11        (15.8mi) ┃
┃   84 -    86 ┃   51 -    52 ┃ 10.0529 ± 0.0045        ( 56.7s) ┃ -5.0945 ± 0.0049        (3.43mi) ┃Vegas input parameters:
  ndim 7
  ncomp 1
  nvec 1
  epsrel 0
  epsabs 0
  flags 10
  seed 123456
  mineval 10000000
  maxeval 10000000
  nstart 1000000
  nincrease 1000000
  nbatch 5000
  gridno 0
  statefile ""

Iteration 1:  1000000 integrand evaluations so far
[1] 28.2201 +- 0.810444  	chisq 0 (0 df)

Iteration 2:  3000000 integrand evaluations so far
[1] 29.1252 +- 0.232486  	chisq 1.35892 (1 df)

Iteration 3:  6000000 integrand evaluations so far
[1] 29.0553 +- 0.144142  	chisq 1.50556 (2 df)

Iteration 4:  10000000 integrand evaluations so far
[1] 29.0715 +- 0.108694  	chisq 1.53461 (3 df)
   29.07 ±   0.11        ( 37.6s) ┃   34.03 ±   0.11        (   5mi) ┃
┃   84 -    86 ┃   52 -    53 ┃  10.667 ±   0.01        (3.59mi) ┃ -5.5443 ± 0.0016        (41.9mi) ┃Vegas input parameters:
  ndim 7
  ncomp 1
  nvec 1
  epsrel 0
  epsabs 0
  flags 10
  seed 123456
  mineval 10000000
  maxeval 10000000
  nstart 1000000
  nincrease 1000000
  nbatch 5000
  gridno 0
  statefile ""

Iteration 1:  1000000 integrand evaluations so far
[1] 29.5854 +- 0.832113  	chisq 0 (0 df)

Iteration 2:  3000000 integrand evaluations so far
[1] 29.0026 +- 0.231996  	chisq 0.531829 (1 df)

Iteration 3:  6000000 integrand evaluations so far
[1] 28.8115 +- 0.143391  	chisq 1.62959 (2 df)

Iteration 4:  10000000 integrand evaluations so far
[1] 28.7017 +- 0.105434  	chisq 2.90642 (3 df)
    28.7 ±   0.11        ( 35.1s) ┃   33.82 ±   0.11        (  46mi) ┃
┃   84 -    86 ┃   53 -    54 ┃  13.314 ± 0.0081        (2.07mi) ┃ -6.9402 ± 0.0056        (21.9mi) ┃Vegas input parameters:
  ndim 7
  ncomp 1
  nvec 1
  epsrel 0
  epsabs 0
  flags 10
  seed 123456
  mineval 10000000
  maxeval 10000000
  nstart 1000000
  nincrease 1000000
  nbatch 5000
  gridno 0
  statefile ""

Iteration 1:  1000000 integrand evaluations so far
[1] 26.6568 +- 0.777324  	chisq 0 (0 df)

Iteration 2:  3000000 integrand evaluations so far
[1] 28.6455 +- 0.230241  	chisq 7.17464 (1 df)

Iteration 3:  6000000 integrand evaluations so far
[1] 28.5558 +- 0.142845  	chisq 7.421 (2 df)

Iteration 4:  10000000 integrand evaluations so far
[1] 28.5529 +- 0.112582  	chisq 7.42212 (3 df)
   28.55 ±   0.11        ( 37.5s) ┃   34.93 ±   0.11        (24.6mi) ┃
┃   84 -    86 ┃   54 -    55 ┃ 12.7277 ± 0.0073        (3.79mi) ┃ -6.5511 ± 0.0053        (11.3mi) ┃Vegas input parameters:
  ndim 7
  ncomp 1
  nvec 1
  epsrel 0
  epsabs 0
  flags 10
  seed 123456
  mineval 10000000
  maxeval 10000000
  nstart 1000000
  nincrease 1000000
  nbatch 5000
  gridno 0
  statefile ""

Iteration 1:  1000000 integrand evaluations so far
[1] 27.2963 +- 0.783777  	chisq 0 (0 df)

Iteration 2:  3000000 integrand evaluations so far
[1] 28.2893 +- 0.293293  	chisq 1.86644 (1 df)

Iteration 3:  6000000 integrand evaluations so far
[1] 28.4514 +- 0.171752  	chisq 2.33108 (2 df)

Iteration 4:  10000000 integrand evaluations so far
[1] 28.3581 +- 0.117096  	chisq 2.88226 (3 df)
   28.36 ±   0.12        ( 38.6s) ┃   34.53 ±   0.12        (15.8mi) ┃
┃   84 -    86 ┃   55 -    56 ┃  9.8704 ± 0.0092        ( 5.8mi) ┃ -5.1259 ± 0.0037        (20.7mi) ┃Vegas input parameters:
  ndim 7
  ncomp 1
  nvec 1
  epsrel 0
  epsabs 0
  flags 10
  seed 123456
  mineval 10000000
  maxeval 10000000
  nstart 1000000
  nincrease 1000000
  nbatch 5000
  gridno 0
  statefile ""

Iteration 1:  1000000 integrand evaluations so far
[1] 28.4879 +- 0.806132  	chisq 0 (0 df)

Iteration 2:  3000000 integrand evaluations so far
[1] 28.5851 +- 0.251939  	chisq 0.0161047 (1 df)

Iteration 3:  6000000 integrand evaluations so far
[1] 28.5049 +- 0.153423  	chisq 0.177309 (2 df)

Iteration 4:  10000000 integrand evaluations so far
[1] 28.4319 +- 0.11285  	chisq 0.670297 (3 df)
   28.43 ±   0.11        ( 37.2s) ┃   33.18 ±   0.11        (27.1mi) ┃
┃   84 -    86 ┃   56 -    57 ┃ 10.1476 ± 0.0042        (4.99mi) ┃ -5.2698 ± 0.0013        (42.5mi) ┃Vegas input parameters:
  ndim 7
  ncomp 1
  nvec 1
  epsrel 0
  epsabs 0
  flags 10
  seed 123456
  mineval 10000000
  maxeval 10000000
  nstart 1000000
  nincrease 1000000
  nbatch 5000
  gridno 0
  statefile ""

Iteration 1:  1000000 integrand evaluations so far
[1] 27.3644 +- 0.790292  	chisq 0 (0 df)

Iteration 2:  3000000 integrand evaluations so far
[1] 28.2746 +- 0.261058  	chisq 1.48891 (1 df)

Iteration 3:  6000000 integrand evaluations so far
[1] 28.2371 +- 0.157666  	chisq 1.52128 (2 df)

Iteration 4:  10000000 integrand evaluations so far
[1] 28.2669 +- 0.111518  	chisq 1.59268 (3 df)
   28.27 ±   0.11        ( 37.9s) ┃   33.14 ±   0.11        (48.1mi) ┃
┃   84 -    86 ┃   57 -    58 ┃  12.017 ±  0.011        (2.13mi) ┃ -6.1656 ±  0.001        (3.34mi) ┃Vegas input parameters:
  ndim 7
  ncomp 1
  nvec 1
  epsrel 0
  epsabs 0
  flags 10
  seed 123456
  mineval 10000000
  maxeval 10000000
  nstart 1000000
  nincrease 1000000
  nbatch 5000
  gridno 0
  statefile ""

Iteration 1:  1000000 integrand evaluations so far
[1] 27.1609 +- 0.782841  	chisq 0 (0 df)

Iteration 2:  3000000 integrand evaluations so far
[1] 28.3665 +- 0.248161  	chisq 2.63665 (1 df)

Iteration 3:  6000000 integrand evaluations so far
[1] 28.1497 +- 0.151193  	chisq 3.8505 (2 df)

Iteration 4:  10000000 integrand evaluations so far
[1] 27.9938 +- 0.108171  	chisq 6.02685 (3 df)
   27.99 ±   0.11        ( 37.5s) ┃   33.85 ±   0.11        ( 6.1mi) ┃
┃   84 -    86 ┃   58 -    59 ┃  10.964 ± 0.0096        (5.36mi) ┃ -5.7394 ± 0.0017        (44.4mi) ┃Vegas input parameters:
  ndim 7
  ncomp 1
  nvec 1
  epsrel 0
  epsabs 0
  flags 10
  seed 123456
  mineval 10000000
  maxeval 10000000
  nstart 1000000
  nincrease 1000000
  nbatch 5000
  gridno 0
  statefile ""

Iteration 1:  1000000 integrand evaluations so far
[1] 28.1989 +- 0.802361  	chisq 0 (0 df)

Iteration 2:  3000000 integrand evaluations so far
[1] 28.2723 +- 0.241455  	chisq 0.00919142 (1 df)

Iteration 3:  6000000 integrand evaluations so far
[1] 28.1717 +- 0.147727  	chisq 0.286452 (2 df)

Iteration 4:  10000000 integrand evaluations so far
[1] 27.9694 +- 0.106636  	chisq 4.20286 (3 df)
   27.97 ±   0.11        (   37s) ┃   33.19 ±   0.11        (50.4mi) ┃
┃   84 -    86 ┃   59 -    60 ┃ 11.4521 ± 0.0026        (11.6mi) ┃  -5.906 ± 0.0034        (   5mi) ┃Vegas input parameters:
  ndim 7
  ncomp 1
  nvec 1
  epsrel 0
  epsabs 0
  flags 10
  seed 123456
  mineval 10000000
  maxeval 10000000
  nstart 1000000
  nincrease 1000000
  nbatch 5000
  gridno 0
  statefile ""

Iteration 1:  1000000 integrand evaluations so far
[1] 27.4327 +- 0.786587  	chisq 0 (0 df)

Iteration 2:  3000000 integrand evaluations so far
[1] 27.5343 +- 0.22423  	chisq 0.0181698 (1 df)

Iteration 3:  6000000 integrand evaluations so far
[1] 27.669 +- 0.145295  	chisq 0.639604 (2 df)

Iteration 4:  10000000 integrand evaluations so far
[1] 27.6481 +- 0.107266  	chisq 0.684963 (3 df)
   27.65 ±   0.11        ( 37.3s) ┃   33.19 ±   0.11        (17.2mi) ┃
┃   86 -    88 ┃   25 -    26 ┃  6.0943 ± 0.0061        (3.63mi) ┃ -3.0667 ± 0.0026        (1.27mi) ┃Vegas input parameters:
  ndim 7
  ncomp 1
  nvec 1
  epsrel 0
  epsabs 0
  flags 10
  seed 123456
  mineval 10000000
  maxeval 10000000
  nstart 1000000
  nincrease 1000000
  nbatch 5000
  gridno 0
  statefile ""

Iteration 1:  1000000 integrand evaluations so far
[1] 38.1492 +- 1.05747  	chisq 0 (0 df)

Iteration 2:  3000000 integrand evaluations so far
[1] 38.0844 +- 0.301316  	chisq 0.00408188 (1 df)

Iteration 3:  6000000 integrand evaluations so far
[1] 38.4765 +- 0.203385  	chisq 3.11521 (2 df)

Iteration 4:  10000000 integrand evaluations so far
[1] 38.3467 +- 0.150136  	chisq 4.01058 (3 df)
   38.35 ±   0.15        ( 34.5s) ┃   41.37 ±   0.15        (5.47mi) ┃
┃   86 -    88 ┃   26 -    27 ┃ 13.5315 ± 0.0091        (1.02mi) ┃ -6.9547 ± 0.0044        (20.1mi) ┃Vegas input parameters:
  ndim 7
  ncomp 1
  nvec 1
  epsrel 0
  epsabs 0
  flags 10
  seed 123456
  mineval 10000000
  maxeval 10000000
  nstart 1000000
  nincrease 1000000
  nbatch 5000
  gridno 0
  statefile ""

Iteration 1:  1000000 integrand evaluations so far
[1] 36.5747 +- 1.03099  	chisq 0 (0 df)

Iteration 2:  3000000 integrand evaluations so far
[1] 37.1514 +- 0.29439  	chisq 0.340689 (1 df)

Iteration 3:  6000000 integrand evaluations so far
[1] 37.241 +- 0.191871  	chisq 0.501498 (2 df)

Iteration 4:  10000000 integrand evaluations so far
[1] 37.2533 +- 0.147849  	chisq 0.511725 (3 df)
   37.25 ±   0.15        ( 37.2s) ┃   43.83 ±   0.15        (21.7mi) ┃
┃   86 -    88 ┃   27 -    28 ┃  9.2346 ± 0.0062        (1.85mi) ┃ -4.7677 ± 0.0015        (12.8mi) ┃Vegas input parameters:
  ndim 7
  ncomp 1
  nvec 1
  epsrel 0
  epsabs 0
  flags 10
  seed 123456
  mineval 10000000
  maxeval 10000000
  nstart 1000000
  nincrease 1000000
  nbatch 5000
  gridno 0
  statefile ""

Iteration 1:  1000000 integrand evaluations so far
[1] 37.8797 +- 1.04948  	chisq 0 (0 df)

Iteration 2:  3000000 integrand evaluations so far
[1] 36.0446 +- 0.288374  	chisq 3.30751 (1 df)

Iteration 3:  6000000 integrand evaluations so far
[1] 36.2368 +- 0.179585  	chisq 4.0332 (2 df)

Iteration 4:  10000000 integrand evaluations so far
[1] 36.2845 +- 0.139919  	chisq 4.2131 (3 df)
   36.28 ±   0.14        (   37s) ┃   40.75 ±   0.14        (15.2mi) ┃
┃   86 -    88 ┃   28 -    29 ┃  6.8316 ± 0.0065        (  11mi) ┃ -3.5653 ± 0.0034        (1.31hr) ┃Vegas input parameters:
  ndim 7
  ncomp 1
  nvec 1
  epsrel 0
  epsabs 0
  flags 10
  seed 123456
  mineval 10000000
  maxeval 10000000
  nstart 1000000
  nincrease 1000000
  nbatch 5000
  gridno 0
  statefile ""

Iteration 1:  1000000 integrand evaluations so far
[1] 34.231 +- 0.97502  	chisq 0 (0 df)

Iteration 2:  3000000 integrand evaluations so far
[1] 35.3063 +- 0.281603  	chisq 1.32701 (1 df)

Iteration 3:  6000000 integrand evaluations so far
[1] 35.4714 +- 0.193883  	chisq 1.9805 (2 df)

Iteration 4:  10000000 integrand evaluations so far
[1] 35.6727 +- 0.144232  	chisq 4.3937 (3 df)
   35.67 ±   0.14        ( 37.9s) ┃   38.94 ±   0.14        ( 1.5hr) ┃
┃   86 -    88 ┃   29 -    30 ┃ 10.1038 ± 0.0019        (3.33mi) ┃  -5.212 ± 0.0021        (7.97mi) ┃Vegas input parameters:
  ndim 7
  ncomp 1
  nvec 1
  epsrel 0
  epsabs 0
  flags 10
  seed 123456
  mineval 10000000
  maxeval 10000000
  nstart 1000000
  nincrease 1000000
  nbatch 5000
  gridno 0
  statefile ""

Iteration 1:  1000000 integrand evaluations so far
[1] 35.3455 +- 1.00027  	chisq 0 (0 df)

Iteration 2:  3000000 integrand evaluations so far
[1] 34.7715 +- 0.278167  	chisq 0.356865 (1 df)

Iteration 3:  6000000 integrand evaluations so far
[1] 34.9305 +- 0.197319  	chisq 1.01449 (2 df)

Iteration 4:  10000000 integrand evaluations so far
[1] 34.9885 +- 0.1466  	chisq 1.20733 (3 df)
   34.99 ±   0.15        ( 31.4s) ┃   39.88 ±   0.15        (11.8mi) ┃
┃   86 -    88 ┃   30 -    31 ┃ 11.2345 ± 0.0093        (1.47mi) ┃ -5.7906 ± 0.0044        (9.43mi) ┃Vegas input parameters:
  ndim 7
  ncomp 1
  nvec 1
  epsrel 0
  epsabs 0
  flags 10
  seed 123456
  mineval 10000000
  maxeval 10000000
  nstart 1000000
  nincrease 1000000
  nbatch 5000
  gridno 0
  statefile ""

Iteration 1:  1000000 integrand evaluations so far
[1] 36.8154 +- 1.0029  	chisq 0 (0 df)

Iteration 2:  3000000 integrand evaluations so far
[1] 34.5514 +- 0.274257  	chisq 5.50825 (1 df)

Iteration 3:  6000000 integrand evaluations so far
[1] 34.3289 +- 0.184666  	chisq 6.71156 (2 df)

Iteration 4:  10000000 integrand evaluations so far
[1] 34.3451 +- 0.142987  	chisq 6.7306 (3 df)
   34.35 ±   0.14        (   27s) ┃   39.79 ±   0.14        (11.3mi) ┃
┃   86 -    88 ┃   31 -    32 ┃  7.8107 ± 0.0044        (5.17mi) ┃ -4.0524 ± 0.0038        (  21mi) ┃Vegas input parameters:
  ndim 7
  ncomp 1
  nvec 1
  epsrel 0
  epsabs 0
  flags 10
  seed 123456
  mineval 10000000
  maxeval 10000000
  nstart 1000000
  nincrease 1000000
  nbatch 5000
  gridno 0
  statefile ""

Iteration 1:  1000000 integrand evaluations so far
[1] 33.4275 +- 0.944124  	chisq 0 (0 df)

Iteration 2:  3000000 integrand evaluations so far
[1] 33.5101 +- 0.267238  	chisq 0.00831951 (1 df)

Iteration 3:  6000000 integrand evaluations so far
[1] 33.4163 +- 0.185269  	chisq 0.24542 (2 df)

Iteration 4:  10000000 integrand evaluations so far
[1] 33.5241 +- 0.144607  	chisq 1.11238 (3 df)
   33.52 ±   0.14        ( 36.6s) ┃   37.28 ±   0.14        (26.8mi) ┃
┃   86 -    88 ┃   32 -    33 ┃  7.2971 ± 0.0031        (8.98mi) ┃ -3.7613 ± 0.0026        (8.76mi) ┃Vegas input parameters:
  ndim 7
  ncomp 1
  nvec 1
  epsrel 0
  epsabs 0
  flags 10
  seed 123456
  mineval 10000000
  maxeval 10000000
  nstart 1000000
  nincrease 1000000
  nbatch 5000
  gridno 0
  statefile ""

Iteration 1:  1000000 integrand evaluations so far
[1] 31.7604 +- 0.915959  	chisq 0 (0 df)

Iteration 2:  3000000 integrand evaluations so far
[1] 32.5988 +- 0.263675  	chisq 0.913447 (1 df)

Iteration 3:  6000000 integrand evaluations so far
[1] 32.8865 +- 0.185615  	chisq 3.27478 (2 df)

Iteration 4:  10000000 integrand evaluations so far
[1] 32.9659 +- 0.137042  	chisq 3.67639 (3 df)
   32.97 ±   0.14        (   36s) ┃    36.5 ±   0.14        (18.3mi) ┃
┃   86 -    88 ┃   33 -    34 ┃ 12.5181 ± 0.0048        (6.31mi) ┃ -6.5321 ± 0.0028        (4.84mi) ┃Vegas input parameters:
  ndim 7
  ncomp 1
  nvec 1
  epsrel 0
  epsabs 0
  flags 10
  seed 123456
  mineval 10000000
  maxeval 10000000
  nstart 1000000
  nincrease 1000000
  nbatch 5000
  gridno 0
  statefile ""

Iteration 1:  1000000 integrand evaluations so far
[1] 33.2851 +- 0.933491  	chisq 0 (0 df)

Iteration 2:  3000000 integrand evaluations so far
[1] 32.4008 +- 0.260476  	chisq 0.97319 (1 df)

Iteration 3:  6000000 integrand evaluations so far
[1] 32.6978 +- 0.179975  	chisq 3.46104 (2 df)

Iteration 4:  10000000 integrand evaluations so far
[1] 32.7171 +- 0.133904  	chisq 3.48677 (3 df)
   32.72 ±   0.13        ( 30.5s) ┃    38.7 ±   0.13        (11.7mi) ┃
┃   86 -    88 ┃   34 -    35 ┃  9.3839 ± 0.0043        ( 53.5s) ┃ -4.8402 ±  0.003        (4.93mi) ┃Vegas input parameters:
  ndim 7
  ncomp 1
  nvec 1
  epsrel 0
  epsabs 0
  flags 10
  seed 123456
  mineval 10000000
  maxeval 10000000
  nstart 1000000
  nincrease 1000000
  nbatch 5000
  gridno 0
  statefile ""

Iteration 1:  1000000 integrand evaluations so far
[1] 31.3865 +- 0.895532  	chisq 0 (0 df)

Iteration 2:  3000000 integrand evaluations so far
[1] 32.069 +- 0.258351  	chisq 0.633475 (1 df)

Iteration 3:  6000000 integrand evaluations so far
[1] 32.0138 +- 0.170362  	chisq 0.714102 (2 df)

Iteration 4:  10000000 integrand evaluations so far
[1] 32.024 +- 0.12653  	chisq 0.721979 (3 df)
   32.02 ±   0.13        ( 34.5s) ┃   36.57 ±   0.13        (6.39mi) ┃
┃   86 -    88 ┃   35 -    36 ┃  5.9084 ± 0.0023        (2.08mi) ┃ -3.0626 ± 0.0026        (33.5mi) ┃Vegas input parameters:
  ndim 7
  ncomp 1
  nvec 1
  epsrel 0
  epsabs 0
  flags 10
  seed 123456
  mineval 10000000
  maxeval 10000000
  nstart 1000000
  nincrease 1000000
  nbatch 5000
  gridno 0
  statefile ""

Iteration 1:  1000000 integrand evaluations so far
[1] 31.741 +- 0.896336  	chisq 0 (0 df)

Iteration 2:  3000000 integrand evaluations so far
[1] 31.8149 +- 0.255933  	chisq 0.00739653 (1 df)

Iteration 3:  6000000 integrand evaluations so far
[1] 31.6921 +- 0.181217  	chisq 0.46937 (2 df)

Iteration 4:  10000000 integrand evaluations so far
[1] 31.5295 +- 0.133337  	chisq 2.22359 (3 df)
   31.53 ±   0.13        ( 32.6s) ┃   34.38 ±   0.13        (36.2mi) ┃
┃   86 -    88 ┃   36 -    37 ┃ 11.0624 ± 0.0073        (1.02mi) ┃ -5.7249 ±  0.004        (  16mi) ┃Vegas input parameters:
  ndim 7
  ncomp 1
  nvec 1
  epsrel 0
  epsabs 0
  flags 10
  seed 123456
  mineval 10000000
  maxeval 10000000
  nstart 1000000
  nincrease 1000000
  nbatch 5000
  gridno 0
  statefile ""

Iteration 1:  1000000 integrand evaluations so far
[1] 30.6018 +- 0.879384  	chisq 0 (0 df)

Iteration 2:  3000000 integrand evaluations so far
[1] 31.1759 +- 0.250079  	chisq 0.463817 (1 df)

Iteration 3:  6000000 integrand evaluations so far
[1] 30.8771 +- 0.154242  	chisq 2.76807 (2 df)

Iteration 4:  10000000 integrand evaluations so far
[1] 31.0134 +- 0.120565  	chisq 4.77304 (3 df)
   31.01 ±   0.12        ( 36.6s) ┃   36.35 ±   0.12        (17.6mi) ┃
┃   86 -    88 ┃   37 -    38 ┃ 11.3656 ± 0.0051        (2.67mi) ┃ -5.9575 ± 0.0051        (1.06mi) ┃Vegas input parameters:
  ndim 7
  ncomp 1
  nvec 1
  epsrel 0
  epsabs 0
  flags 10
  seed 123456
  mineval 10000000
  maxeval 10000000
  nstart 1000000
  nincrease 1000000
  nbatch 5000
  gridno 0
  statefile ""

Iteration 1:  1000000 integrand evaluations so far
[1] 30.4254 +- 0.864997  	chisq 0 (0 df)

Iteration 2:  3000000 integrand evaluations so far
[1] 30.2347 +- 0.244283  	chisq 0.0528253 (1 df)

Iteration 3:  6000000 integrand evaluations so far
[1] 30.5943 +- 0.152734  	chisq 3.61062 (2 df)

Iteration 4:  10000000 integrand evaluations so far
[1] 30.5492 +- 0.112482  	chisq 3.80106 (3 df)
   30.55 ±   0.11        ( 37.2s) ┃   35.96 ±   0.11        (4.35mi) ┃
┃   86 -    88 ┃   38 -    39 ┃  7.5658 ± 0.0075        (8.29mi) ┃ -3.9189 ± 0.0024        (  16mi) ┃Vegas input parameters:
  ndim 7
  ncomp 1
  nvec 1
  epsrel 0
  epsabs 0
  flags 10
  seed 123456
  mineval 10000000
  maxeval 10000000
  nstart 1000000
  nincrease 1000000
  nbatch 5000
  gridno 0
  statefile ""

Iteration 1:  1000000 integrand evaluations so far
[1] 32.2917 +- 0.890901  	chisq 0 (0 df)

Iteration 2:  3000000 integrand evaluations so far
[1] 30.35 +- 0.242775  	chisq 5.13126 (1 df)

Iteration 3:  6000000 integrand evaluations so far
[1] 30.3906 +- 0.150949  	chisq 5.17698 (2 df)

Iteration 4:  10000000 integrand evaluations so far
[1] 30.3537 +- 0.121474  	chisq 5.34722 (3 df)
   30.35 ±   0.12        ( 33.5s) ┃      34 ±   0.12        (24.8mi) ┃
┃   86 -    88 ┃   39 -    40 ┃  8.6572 ±  0.008        (1.33mi) ┃ -4.4973 ± 0.0035        (2.14mi) ┃Vegas input parameters:
  ndim 7
  ncomp 1
  nvec 1
  epsrel 0
  epsabs 0
  flags 10
  seed 123456
  mineval 10000000
  maxeval 10000000
  nstart 1000000
  nincrease 1000000
  nbatch 5000
  gridno 0
  statefile ""

Iteration 1:  1000000 integrand evaluations so far
[1] 28.6449 +- 0.825296  	chisq 0 (0 df)

Iteration 2:  3000000 integrand evaluations so far
[1] 29.5909 +- 0.239614  	chisq 1.43482 (1 df)

Iteration 3:  6000000 integrand evaluations so far
[1] 29.6409 +- 0.148604  	chisq 1.50546 (2 df)

Iteration 4:  10000000 integrand evaluations so far
[1] 29.7801 +- 0.114034  	chisq 3.63996 (3 df)
   29.78 ±   0.11        ( 33.4s) ┃   33.94 ±   0.11        (4.02mi) ┃
┃   86 -    88 ┃   40 -    41 ┃  8.8131 ± 0.0018        (4.27mi) ┃-4.59318 ± 0.00089        (17.2mi) ┃Vegas input parameters:
  ndim 7
  ncomp 1
  nvec 1
  epsrel 0
  epsabs 0
  flags 10
  seed 123456
  mineval 10000000
  maxeval 10000000
  nstart 1000000
  nincrease 1000000
  nbatch 5000
  gridno 0
  statefile ""

Iteration 1:  1000000 integrand evaluations so far
[1] 28.612 +- 0.823844  	chisq 0 (0 df)

Iteration 2:  3000000 integrand evaluations so far
[1] 29.1284 +- 0.236834  	chisq 0.428245 (1 df)

Iteration 3:  6000000 integrand evaluations so far
[1] 29.4867 +- 0.147687  	chisq 4.17395 (2 df)

Iteration 4:  10000000 integrand evaluations so far
[1] 29.467 +- 0.108633  	chisq 4.21292 (3 df)
   29.47 ±   0.11        ( 33.6s) ┃   33.69 ±   0.11        (  22mi) ┃
┃   86 -    88 ┃   41 -    42 ┃  12.612 ±  0.012        (1.15mi) ┃ -6.4734 ±  0.005        (4.22mi) ┃Vegas input parameters:
  ndim 7
  ncomp 1
  nvec 1
  epsrel 0
  epsabs 0
  flags 10
  seed 123456
  mineval 10000000
  maxeval 10000000
  nstart 1000000
  nincrease 1000000
  nbatch 5000
  gridno 0
  statefile ""

Iteration 1:  1000000 integrand evaluations so far
[1] 27.8018 +- 0.806536  	chisq 0 (0 df)

Iteration 2:  3000000 integrand evaluations so far
[1] 28.8496 +- 0.235409  	chisq 1.84486 (1 df)

Iteration 3:  6000000 integrand evaluations so far
[1] 29.3256 +- 0.146751  	chisq 8.53192 (2 df)

Iteration 4:  10000000 integrand evaluations so far
[1] 29.2892 +- 0.115918  	chisq 8.69535 (3 df)
   29.29 ±   0.12        ( 30.6s) ┃   35.43 ±   0.12        (5.88mi) ┃
┃   86 -    88 ┃   42 -    43 ┃  8.6361 ± 0.0014        (32.5mi) ┃-4.49543 ± 0.00022        (1.05hr) ┃Vegas input parameters:
  ndim 7
  ncomp 1
  nvec 1
  epsrel 0
  epsabs 0
  flags 10
  seed 123456
  mineval 10000000
  maxeval 10000000
  nstart 1000000
  nincrease 1000000
  nbatch 5000
  gridno 0
  statefile ""

Iteration 1:  1000000 integrand evaluations so far
[1] 30.9855 +- 0.853129  	chisq 0 (0 df)

Iteration 2:  3000000 integrand evaluations so far
[1] 29.02 +- 0.232635  	chisq 5.73386 (1 df)

Iteration 3:  6000000 integrand evaluations so far
[1] 28.8788 +- 0.144055  	chisq 6.33183 (2 df)

Iteration 4:  10000000 integrand evaluations so far
[1] 28.7434 +- 0.108227  	chisq 8.36015 (3 df)
   28.74 ±   0.11        ( 23.8s) ┃   32.88 ±   0.11        ( 1.6hr) ┃
┃   86 -    88 ┃   43 -    44 ┃  9.2963 ± 0.0092        (1.15mi) ┃ -4.8915 ± 0.0031        (11.3mi) ┃Vegas input parameters:
  ndim 7
  ncomp 1
  nvec 1
  epsrel 0
  epsabs 0
  flags 10
  seed 123456
  mineval 10000000
  maxeval 10000000
  nstart 1000000
  nincrease 1000000
  nbatch 5000
  gridno 0
  statefile ""

Iteration 1:  1000000 integrand evaluations so far
[1] 28.7283 +- 0.819876  	chisq 0 (0 df)

Iteration 2:  3000000 integrand evaluations so far
[1] 28.7119 +- 0.23188  	chisq 0.000435018 (1 df)

Iteration 3:  6000000 integrand evaluations so far
[1] 28.5294 +- 0.143369  	chisq 1.00391 (2 df)

Iteration 4:  10000000 integrand evaluations so far
[1] 28.5155 +- 0.105474  	chisq 1.02432 (3 df)
   28.52 ±   0.11        ( 24.6s) ┃   32.92 ±   0.11        (12.8mi) ┃
┃   86 -    88 ┃   44 -    45 ┃  9.8211 ± 0.0046        (2.24mi) ┃ -5.0623 ± 0.0046        (15.4mi) ┃Vegas input parameters:
  ndim 7
  ncomp 1
  nvec 1
  epsrel 0
  epsabs 0
  flags 10
  seed 123456
  mineval 10000000
  maxeval 10000000
  nstart 1000000
  nincrease 1000000
  nbatch 5000
  gridno 0
  statefile ""

Iteration 1:  1000000 integrand evaluations so far
[1] 27.5636 +- 0.782229  	chisq 0 (0 df)

Iteration 2:  3000000 integrand evaluations so far
[1] 28.3095 +- 0.228581  	chisq 0.993974 (1 df)

Iteration 3:  6000000 integrand evaluations so far
[1] 28.3048 +- 0.141791  	chisq 0.994645 (2 df)

Iteration 4:  10000000 integrand evaluations so far
[1] 28.1551 +- 0.104181  	chisq 3.41861 (3 df)
   28.16 ±    0.1        ( 24.2s) ┃   32.91 ±    0.1        (  18mi) ┃
┃   86 -    88 ┃   45 -    46 ┃  9.1709 ± 0.0063        (3.91mi) ┃  -4.768 ± 0.0034        (7.51mi) ┃Vegas input parameters:
  ndim 7
  ncomp 1
  nvec 1
  epsrel 0
  epsabs 0
  flags 10
  seed 123456
  mineval 10000000
  maxeval 10000000
  nstart 1000000
  nincrease 1000000
  nbatch 5000
  gridno 0
  statefile ""

Iteration 1:  1000000 integrand evaluations so far
[1] 29.2249 +- 0.812165  	chisq 0 (0 df)

Iteration 2:  3000000 integrand evaluations so far
[1] 28.051 +- 0.226534  	chisq 2.26531 (1 df)

Iteration 3:  6000000 integrand evaluations so far
[1] 27.9928 +- 0.140433  	chisq 2.3728 (2 df)

Iteration 4:  10000000 integrand evaluations so far
[1] 27.8344 +- 0.105876  	chisq 5.3189 (3 df)
   27.83 ±   0.11        ( 24.5s) ┃   32.24 ±   0.11        (11.8mi) ┃
┃   86 -    88 ┃   46 -    47 ┃  9.6936 ± 0.0025        (2.09mi) ┃ -4.9915 ± 0.0012        (3.79mi) ┃Vegas input parameters:
  ndim 7
  ncomp 1
  nvec 1
  epsrel 0
  epsabs 0
  flags 10
  seed 123456
  mineval 10000000
  maxeval 10000000
  nstart 1000000
  nincrease 1000000
  nbatch 5000
  gridno 0
  statefile ""

Iteration 1:  1000000 integrand evaluations so far
[1] 27.2266 +- 0.776996  	chisq 0 (0 df)

Iteration 2:  3000000 integrand evaluations so far
[1] 27.8358 +- 0.278983  	chisq 0.705666 (1 df)

Iteration 3:  6000000 integrand evaluations so far
[1] 27.6272 +- 0.164184  	chisq 1.56133 (2 df)

Iteration 4:  10000000 integrand evaluations so far
[1] 27.6432 +- 0.113427  	chisq 1.57954 (3 df)
   27.64 ±   0.11        ( 25.9s) ┃   32.35 ±   0.11        (6.32mi) ┃
┃   86 -    88 ┃   47 -    48 ┃  8.1544 ± 0.0024        (7.59mi) ┃ -4.2128 ± 0.0022        (29.3mi) ┃Vegas input parameters:
  ndim 7
  ncomp 1
  nvec 1
  epsrel 0
  epsabs 0
  flags 10
  seed 123456
  mineval 10000000
  maxeval 10000000
  nstart 1000000
  nincrease 1000000
  nbatch 5000
  gridno 0
  statefile ""

Iteration 1:  1000000 integrand evaluations so far
[1] 27.5 +- 0.777802  	chisq 0 (0 df)

Iteration 2:  3000000 integrand evaluations so far
[1] 27.6525 +- 0.243666  	chisq 0.0426039 (1 df)

Iteration 3:  6000000 integrand evaluations so far
[1] 27.1649 +- 0.147798  	chisq 6.37685 (2 df)

Iteration 4:  10000000 integrand evaluations so far
[1] 27.3363 +- 0.107593  	chisq 9.23807 (3 df)
   27.34 ±   0.11        (   25s) ┃   31.28 ±   0.11        (37.3mi) ┃
┃   86 -    88 ┃   48 -    49 ┃  8.0827 ± 0.0023        (1.05mi) ┃ -4.1888 ± 0.0031        (7.34mi) ┃Vegas input parameters:
  ndim 7
  ncomp 1
  nvec 1
  epsrel 0
  epsabs 0
  flags 10
  seed 123456
  mineval 10000000
  maxeval 10000000
  nstart 1000000
  nincrease 1000000
  nbatch 5000
  gridno 0
  statefile ""

Iteration 1:  1000000 integrand evaluations so far
[1] 28.5302 +- 0.796377  	chisq 0 (0 df)

Iteration 2:  3000000 integrand evaluations so far
[1] 27.3574 +- 0.22067  	chisq 2.34942 (1 df)

Iteration 3:  6000000 integrand evaluations so far
[1] 27.3092 +- 0.14224  	chisq 2.43102 (2 df)

Iteration 4:  10000000 integrand evaluations so far
[1] 27.2472 +- 0.10482  	chisq 2.84671 (3 df)
   27.25 ±    0.1        ( 23.5s) ┃   31.14 ±    0.1        (8.78mi) ┃
┃   86 -    88 ┃   49 -    50 ┃  9.6681 ± 0.0086        (3.91mi) ┃ -5.0873 ± 0.0028        (1.92mi) ┃Vegas input parameters:
  ndim 7
  ncomp 1
  nvec 1
  epsrel 0
  epsabs 0
  flags 10
  seed 123456
  mineval 10000000
  maxeval 10000000
  nstart 1000000
  nincrease 1000000
  nbatch 5000
  gridno 0
  statefile ""

Iteration 1:  1000000 integrand evaluations so far
[1] 26.4898 +- 0.758143  	chisq 0 (0 df)

Iteration 2:  3000000 integrand evaluations so far
[1] 26.8756 +- 0.217811  	chisq 0.282161 (1 df)

Iteration 3:  6000000 integrand evaluations so far
[1] 27.181 +- 0.146032  	chisq 3.85419 (2 df)

Iteration 4:  10000000 integrand evaluations so far
[1] 26.8954 +- 0.107493  	chisq 12.2029 (3 df)
    26.9 ±   0.11        ( 23.8s) ┃   31.48 ±   0.11        (6.23mi) ┃
┃   86 -    88 ┃   50 -    51 ┃  9.6178 ± 0.0016        (1.96mi) ┃ -4.9621 ± 0.0026        (3.68mi) ┃Vegas input parameters:
  ndim 7
  ncomp 1
  nvec 1
  epsrel 0
  epsabs 0
  flags 10
  seed 123456
  mineval 10000000
  maxeval 10000000
  nstart 1000000
  nincrease 1000000
  nbatch 5000
  gridno 0
  statefile ""

Iteration 1:  1000000 integrand evaluations so far
[1] 27.1158 +- 0.768998  	chisq 0 (0 df)

Iteration 2:  3000000 integrand evaluations so far
[1] 26.7333 +- 0.217324  	chisq 0.26891 (1 df)

Iteration 3:  6000000 integrand evaluations so far
[1] 26.7655 +- 0.134968  	chisq 0.304693 (2 df)

Iteration 4:  10000000 integrand evaluations so far
[1] 26.8212 +- 0.102482  	chisq 0.70673 (3 df)
   26.82 ±    0.1        ( 25.5s) ┃   31.48 ±    0.1        (6.07mi) ┃
┃   86 -    88 ┃   51 -    52 ┃  7.2866 ± 0.0057        ( 3.8mi) ┃  -3.786 ± 0.0026        (7.27mi) ┃Vegas input parameters:
  ndim 7
  ncomp 1
  nvec 1
  epsrel 0
  epsabs 0
  flags 10
  seed 123456
  mineval 10000000
  maxeval 10000000
  nstart 1000000
  nincrease 1000000
  nbatch 5000
  gridno 0
  statefile ""

Iteration 1:  1000000 integrand evaluations so far
[1] 27.8149 +- 0.785005  	chisq 0 (0 df)

Iteration 2:  3000000 integrand evaluations so far
[1] 26.7522 +- 0.216841  	chisq 1.98406 (1 df)

Iteration 3:  6000000 integrand evaluations so far
[1] 26.7882 +- 0.134543  	chisq 2.02888 (2 df)

Iteration 4:  10000000 integrand evaluations so far
[1] 26.7933 +- 0.101623  	chisq 2.03223 (3 df)
   26.79 ±    0.1        ( 25.4s) ┃   30.29 ±    0.1        (11.5mi) ┃
┃   86 -    88 ┃   52 -    53 ┃  7.3631 ± 0.0017        (1.93mi) ┃ -3.8112 ± 0.0022        (14.7mi) ┃Vegas input parameters:
  ndim 7
  ncomp 1
  nvec 1
  epsrel 0
  epsabs 0
  flags 10
  seed 123456
  mineval 10000000
  maxeval 10000000
  nstart 1000000
  nincrease 1000000
  nbatch 5000
  gridno 0
  statefile ""

Iteration 1:  1000000 integrand evaluations so far
[1] 26.4791 +- 0.758708  	chisq 0 (0 df)

Iteration 2:  3000000 integrand evaluations so far
[1] 26.6391 +- 0.25013  	chisq 0.0498763 (1 df)

Iteration 3:  6000000 integrand evaluations so far
[1] 26.5181 +- 0.150552  	chisq 0.416747 (2 df)

Iteration 4:  10000000 integrand evaluations so far
[1] 26.4756 +- 0.106044  	chisq 0.574348 (3 df)
   26.48 ±   0.11        (   26s) ┃   30.03 ±   0.11        (  17mi) ┃
┃   86 -    88 ┃   53 -    54 ┃   8.116 ± 0.0069        (1.95mi) ┃ -4.2281 ±  0.004        (14.7mi) ┃Vegas input parameters:
  ndim 7
  ncomp 1
  nvec 1
  epsrel 0
  epsabs 0
  flags 10
  seed 123456
  mineval 10000000
  maxeval 10000000
  nstart 1000000
  nincrease 1000000
  nbatch 5000
  gridno 0
  statefile ""

Iteration 1:  1000000 integrand evaluations so far
[1] 26.5625 +- 0.75827  	chisq 0 (0 df)

Iteration 2:  3000000 integrand evaluations so far
[1] 26.4433 +- 0.213169  	chisq 0.0268414 (1 df)

Iteration 3:  6000000 integrand evaluations so far
[1] 26.3392 +- 0.132078  	chisq 0.413661 (2 df)

Iteration 4:  10000000 integrand evaluations so far
[1] 26.3532 +- 0.10344  	chisq 0.44277 (3 df)
   26.35 ±    0.1        ( 24.4s) ┃   30.24 ±    0.1        (17.1mi) ┃
┃   86 -    88 ┃   54 -    55 ┃  10.518 ± 0.0099        ( 32.6s) ┃ -5.4312 ± 0.0023        (29.2mi) ┃Vegas input parameters:
  ndim 7
  ncomp 1
  nvec 1
  epsrel 0
  epsabs 0
  flags 10
  seed 123456
  mineval 10000000
  maxeval 10000000
  nstart 1000000
  nincrease 1000000
  nbatch 5000
  gridno 0
  statefile ""

Iteration 1:  1000000 integrand evaluations so far
[1] 24.7283 +- 0.722673  	chisq 0 (0 df)

Iteration 2:  3000000 integrand evaluations so far
[1] 26.3208 +- 0.21308  	chisq 5.31846 (1 df)

Iteration 3:  6000000 integrand evaluations so far
[1] 26.2983 +- 0.141711  	chisq 5.33831 (2 df)

Iteration 4:  10000000 integrand evaluations so far
[1] 26.3387 +- 0.109901  	chisq 5.54194 (3 df)
   26.34 ±   0.11        ( 25.7s) ┃   31.43 ±   0.11        (30.1mi) ┃
┃   86 -    88 ┃   55 -    56 ┃  7.9964 ± 0.0068        (3.67mi) ┃ -4.1309 ± 0.0023        (7.21mi) ┃Vegas input parameters:
  ndim 7
  ncomp 1
  nvec 1
  epsrel 0
  epsabs 0
  flags 10
  seed 123456
  mineval 10000000
  maxeval 10000000
  nstart 1000000
  nincrease 1000000
  nbatch 5000
  gridno 0
  statefile ""

Iteration 1:  1000000 integrand evaluations so far
[1] 25.4293 +- 0.73071  	chisq 0 (0 df)

Iteration 2:  3000000 integrand evaluations so far
[1] 25.9993 +- 0.255044  	chisq 0.692783 (1 df)

Iteration 3:  6000000 integrand evaluations so far
[1] 25.9645 +- 0.152283  	chisq 0.721662 (2 df)

Iteration 4:  10000000 integrand evaluations so far
[1] 26.0042 +- 0.106607  	chisq 0.855192 (3 df)
      26 ±   0.11        ( 25.3s) ┃   29.87 ±   0.11        (11.3mi) ┃
┃   86 -    88 ┃   56 -    57 ┃  7.1301 ± 0.0036        (1.94mi) ┃ -3.7033 ± 0.0014        (13.8mi) ┃Vegas input parameters:
  ndim 7
  ncomp 1
  nvec 1
  epsrel 0
  epsabs 0
  flags 10
  seed 123456
  mineval 10000000
  maxeval 10000000
  nstart 1000000
  nincrease 1000000
  nbatch 5000
  gridno 0
  statefile ""

Iteration 1:  1000000 integrand evaluations so far
[1] 25.1311 +- 0.730452  	chisq 0 (0 df)

Iteration 2:  3000000 integrand evaluations so far
[1] 25.8082 +- 0.210048  	chisq 0.936799 (1 df)

Iteration 3:  6000000 integrand evaluations so far
[1] 25.7533 +- 0.130289  	chisq 1.0479 (2 df)

Iteration 4:  10000000 integrand evaluations so far
[1] 25.7938 +- 0.0961545  	chisq 1.25977 (3 df)
  25.794 ±  0.096        ( 24.9s) ┃  29.221 ±  0.096        (16.2mi) ┃
┃   86 -    88 ┃   57 -    58 ┃   7.657 ± 0.0022        (3.54mi) ┃-3.96936 ± 0.00085        ( 6.9mi) ┃Vegas input parameters:
  ndim 7
  ncomp 1
  nvec 1
  epsrel 0
  epsabs 0
  flags 10
  seed 123456
  mineval 10000000
  maxeval 10000000
  nstart 1000000
  nincrease 1000000
  nbatch 5000
  gridno 0
  statefile ""

Iteration 1:  1000000 integrand evaluations so far
[1] 25.8638 +- 0.742185  	chisq 0 (0 df)

Iteration 2:  3000000 integrand evaluations so far
[1] 26.2602 +- 0.258907  	chisq 0.324775 (1 df)

Iteration 3:  6000000 integrand evaluations so far
[1] 26.1394 +- 0.168207  	chisq 0.701332 (2 df)

Iteration 4:  10000000 integrand evaluations so far
[1] 25.9734 +- 0.118785  	chisq 2.64366 (3 df)
   25.97 ±   0.12        ( 22.2s) ┃   29.66 ±   0.12        (10.8mi) ┃
┃   86 -    88 ┃   58 -    59 ┃  8.6086 ± 0.0058        (1.06mi) ┃ -4.4339 ± 0.0043        (13.8mi) ┃Vegas input parameters:
  ndim 7
  ncomp 1
  nvec 1
  epsrel 0
  epsabs 0
  flags 10
  seed 123456
  mineval 10000000
  maxeval 10000000
  nstart 1000000
  nincrease 1000000
  nbatch 5000
  gridno 0
  statefile ""

Iteration 1:  1000000 integrand evaluations so far
[1] 25.5785 +- 0.734871  	chisq 0 (0 df)

Iteration 2:  3000000 integrand evaluations so far
[1] 25.8437 +- 0.210138  	chisq 0.141832 (1 df)

Iteration 3:  6000000 integrand evaluations so far
[1] 25.8003 +- 0.132804  	chisq 0.212884 (2 df)

Iteration 4:  10000000 integrand evaluations so far
[1] 25.6722 +- 0.0978775  	chisq 2.24863 (3 df)
  25.672 ±  0.098        ( 24.1s) ┃  29.847 ±  0.098        (15.3mi) ┃
┃   86 -    88 ┃   59 -    60 ┃  8.0501 ±  0.001        (6.59mi) ┃  -4.203 ± 0.0023        (27.2mi) ┃Vegas input parameters:
  ndim 7
  ncomp 1
  nvec 1
  epsrel 0
  epsabs 0
  flags 10
  seed 123456
  mineval 10000000
  maxeval 10000000
  nstart 1000000
  nincrease 1000000
  nbatch 5000
  gridno 0
  statefile ""

Iteration 1:  1000000 integrand evaluations so far
[1] 25.0321 +- 0.726947  	chisq 0 (0 df)

Iteration 2:  3000000 integrand evaluations so far
[1] 25.9964 +- 0.222159  	chisq 1.9409 (1 df)

Iteration 3:  6000000 integrand evaluations so far
[1] 26.0569 +- 0.139788  	chisq 2.0638 (2 df)

Iteration 4:  10000000 integrand evaluations so far
[1] 25.8818 +- 0.101307  	chisq 5.3695 (3 df)
   25.88 ±    0.1        ( 23.9s) ┃   29.73 ±    0.1        (34.2mi) ┃
┣━━━━━━━━━━━━━━╋━━━━━━━━━━━━━━╋━━━━━━━━━━━━━━━━━━━━━━━━━━━━━━━━━━╋━━━━━━━━━━━━━━━━━━━━━━━━━━━━━━━━━━╋━━━━━━━━━━━━━━━━━━━━━━━━━━━━━━━━━━╋━━━━━━━━━━━━━━━━━━━━━━━━━━━━━━━━━━┫
┃   84 -    88 ┃   25 -    60 ┃ 751.848 ±  0.055        ( 5.5hr) ┃-389.747 ±  0.031        (21.3hr) ┃  2.1782 ±  0.001 ·10⁺⁰³ (38.8mi) ┃  2.5403 ±  0.001 ·10⁺⁰³ (27.5hr) ┃
┗━━━━━━━━━━━━━━┻━━━━━━━━━━━━━━┻━━━━━━━━━━━━━━━━━━━━━━━━━━━━━━━━━━┻━━━━━━━━━━━━━━━━━━━━━━━━━━━━━━━━━━┻━━━━━━━━━━━━━━━━━━━━━━━━━━━━━━━━━━┻━━━━━━━━━━━━━━━━━━━━━━━━━━━━━━━━━━┛

╍╍╍╍╍╍╍╍╍╍╍╍╍╍╍╍╍╍╍╍╍╍╍╍╍╍╍╍╍╍╍╍ Summary ╍╍╍╍╍╍╍╍╍╍╍╍╍╍╍╍╍╍╍╍╍╍╍╍╍╍╍╍╍╍╍
      Total cross section                    2.5403 ± 0.001          pb
         Calculation time                               27.5       hours
              Output file                    outputs/qt_qt84_88_NLL_muR1.0_muF0.5.root            
      Result in text file                    outputs/qt_qt84_88_NLL_muR1.0_muF0.5.txt            

╍╍╍╍╍╍╍╍╍╍╍╍╍╍╍╍╍╍╍╍╍╍╍╍╍╍╍╍╍╍╍╍╍╍╍╍╍╍╍╍╍╍╍╍╍╍╍╍╍╍╍╍╍╍╍╍╍╍╍╍╍╍╍╍╍╍╍╍╍╍╍╍

