
╍╍╍╍╍╍╍╍╍╍╍╍╍╍╍╍╍╍╍╍╍╍╍╍╍╍╍ Process settings ╍╍╍╍╍╍╍╍╍╍╍╍╍╍╍╍╍╍╍╍╍╍╍╍╍╍╍
   proton-proton collisions at sqrt(s) = 13000 GeV 
   Computing NLO+NLL resummed cross section
   W+ ->  nu(p3)+e+(p4) production 

╍╍╍╍╍╍╍╍╍╍╍╍╍╍╍╍╍╍╍╍╍╍╍╍╍╍╍╍╍╍ CKM matrix ╍╍╍╍╍╍╍╍╍╍╍╍╍╍╍╍╍╍╍╍╍╍╍╍╍╍╍╍╍╍
     | Vud Vus Vub |   |   0.97427   0.2253  0.00351 | 
     | Vcd Vcs Vcb | = |    0.2252  0.97344   0.0412 | 
     | Vtd Vts Vtb |   |         0        0        0 | 

╍╍╍╍╍╍╍╍╍╍╍╍╍╍╍╍╍╍╍╍╍╍╍╍╍╍╍╍╍ EW parameters ╍╍╍╍╍╍╍╍╍╍╍╍╍╍╍╍╍╍╍╍╍╍╍╍╍╍╍╍
                                         Gf =  1.1663787e-05      GeV^-2
                                    1/alpha =  132.233229791            
                                 sin(thW)^2 = 0.222897222524            
                                     W mass =         80.385         GeV
                                     Z mass =        91.1876         GeV
                                    W width =          2.091         GeV
                                    Z width =          2.495         GeV

╍╍╍╍╍╍╍╍╍╍╍╍╍╍╍╍╍╍╍╍╍╍╍╍╍╍╍╍╍ QCD settings ╍╍╍╍╍╍╍╍╍╍╍╍╍╍╍╍╍╍╍╍╍╍╍╍╍╍╍╍╍
   Renormalization scale:     dynamic muren =            0.5      * m_ll
     Factorization scale:     dynamic mufac =            0.5      * m_ll
       Resummation scale:     dynamic mures =              1      * m_ll
          Strong coupling       alpha_s(MZ) =       0.118001            
                              running order =              2       -loop
         Non-perturbative     form factor g =            0.7       GeV^2

╍╍╍╍╍╍╍╍╍╍╍╍╍╍╍╍╍╍╍╍╍╍╍╍╍╍╍╍╍ PDF settings ╍╍╍╍╍╍╍╍╍╍╍╍╍╍╍╍╍╍╍╍╍╍╍╍╍╍╍╍╍
                                     PDF set:MSHT20nnlo_as118            
                                  PDF member:              0            
  Mellin moments of PDFs:                    Numerical integration            
                         nodes for the quadrature:            200            
                         Intervals for the quadrature:              1            

╍╍╍╍╍╍╍╍╍╍╍╍╍╍╍╍╍╍╍╍╍╍╍╍╍╍╍╍╍╍╍ qT recoil ╍╍╍╍╍╍╍╍╍╍╍╍╍╍╍╍╍╍╍╍╍╍╍╍╍╍╍╍╍╍
  qt-recoil prescription:       Collins-Soper kt1 = p_V(x)/2; kt2 = p_V(y)/2            

╍╍╍╍╍╍╍╍╍╍╍╍╍╍╍╍╍╍╍╍╍╍╍╍╍╍╍╍╍╍╍╍╍ Cuts ╍╍╍╍╍╍╍╍╍╍╍╍╍╍╍╍╍╍╍╍╍╍╍╍╍╍╍╍╍╍╍╍╍
                                  apply cuts:           true            
                                      pt_l >               0            
                                   |eta_l| <            1000            
                                    pt_lep >              25            
                                 |eta_lep| <             2.4            
                                   pt_alep >              25            
                                |eta_alep| <             2.4            
                                  user cuts:            true            

╍╍╍╍╍╍╍╍╍╍╍╍╍╍╍╍╍╍╍╍╍╍╍╍╍╍╍╍ ResummationDamp ╍╍╍╍╍╍╍╍╍╍╍╍╍╍╍╍╍╍╍╍╍╍╍╍╍╍╍
                                    damping :             on            
                                damping mode:              1            
                                  damp above:        60.2888         GeV
                               damping width:        20.0963         GeV
                          resummation cutoff:             20         MeV

╍╍╍╍╍╍╍╍╍╍╍╍╍╍╍╍╍╍╍╍╍╍╍╍╍╍╍╍ Debug settings ╍╍╍╍╍╍╍╍╍╍╍╍╍╍╍╍╍╍╍╍╍╍╍╍╍╍╍╍
                                 timeprofile:          false            
                                     verbose:          false            
                               cubaverbosity:              2            

╍╍╍╍╍╍╍╍╍╍╍╍╍╍╍╍╍╍╍╍╍╍╍╍╍╍╍╍╍╍╍╍╍╍╍╍╍╍╍╍╍╍╍╍╍╍╍╍╍╍╍╍╍╍╍╍╍╍╍╍╍╍╍╍╍╍╍╍╍╍╍╍

Warning: Histogram `a1_qt` contains non-integrable observable and will be deleted 
Warning: Histogram `a1_qt_vs_y` contains non-integrable observable and will be deleted 
Warning: Histogram `s_biganswer` contains non-integrable observable and will be deleted 
Warning: Histogram `wgt_a1_qt` contains non-integrable observable and will be deleted 

╍╍╍╍╍╍╍╍╍╍╍╍╍╍╍╍╍╍╍╍╍╍╍╍╍ Integration settings ╍╍╍╍╍╍╍╍╍╍╍╍╍╍╍╍╍╍╍╍╍╍╍╍╍
             Random seeds              123456                           
           Parallel cores                   1                           

             Resummation:     cuhre (dm, dpt)         iter =           5
                                   gauss (dy)        nodes =          64
                                                 intervals =           1
            Counter term:      cuhre (dm, dy)         iter =           5
                                  gauss (dpt)        nodes =          20
                                                 intervals =           5
                     V+J:            vegas 7D       ncalls =    10000000

Mellin inverse transform:           gaussian         nodes =          30
                                                 intervals =           1
                               imaginary axis         zmax =           2
  Angular variable costh:     semi-analytical      ncstart =         100
   Angular variables phi:            gaussian    intervals =          20

      Constant boundaries                  q2          low =          80
                                                      high =         100
                                            y          low =          -6
                                                      high =           6
                                        costh          low =          -1
                                                      high =           1
                                       eta(l)          low =         -10
                                                      high =          10

┏━━━━━━━━━━━━━━┰━━━━━━━━━━━━━━┰━━━━━━━━━━━━━━━━━━━━━━━━━━━━━━━━━━┰━━━━━━━━━━━━━━━━━━━━━━━━━━━━━━━━━━┰━━━━━━━━━━━━━━━━━━━━━━━━━━━━━━━━━━┰━━━━━━━━━━━━━━━━━━━━━━━━━━━━━━━━━━┓
┃           qT ┃        pT(l) ┃                      Resummation ┃                     Counter term ┃                              V+J ┃                            TOTAL ┃
┣━━━━━━━━━━━━━━╋━━━━━━━━━━━━━━╋━━━━━━━━━━━━━━━━━━━━━━━━━━━━━━━━━━╋━━━━━━━━━━━━━━━━━━━━━━━━━━━━━━━━━━╋━━━━━━━━━━━━━━━━━━━━━━━━━━━━━━━━━━╋━━━━━━━━━━━━━━━━━━━━━━━━━━━━━━━━━━┫
┃   44 -    46 ┃   25 -    26 ┃ 548.297 ±  0.069        (3.82mi) ┃-352.492 ±  0.072        (29.2mi) ┃Vegas input parameters:
  ndim 7
  ncomp 1
  nvec 1
  epsrel 0
  epsabs 0
  flags 10
  seed 123456
  mineval 10000000
  maxeval 10000000
  nstart 1000000
  nincrease 1000000
  nbatch 5000
  gridno 0
  statefile ""

Iteration 1:  1000000 integrand evaluations so far
[1] 456.782 +- 8.41324  	chisq 0 (0 df)

Iteration 2:  3000000 integrand evaluations so far
[1] 450.382 +- 2.3588  	chisq 0.627902 (1 df)

Iteration 3:  6000000 integrand evaluations so far
[1] 449.333 +- 1.46886  	chisq 0.951273 (2 df)

Iteration 4:  10000000 integrand evaluations so far
[1] 450.062 +- 1.1366  	chisq 1.56503 (3 df)
   450.1 ±    1.1        ( 40.3s) ┃   645.9 ±    1.1        (33.7mi) ┃
┃   44 -    46 ┃   26 -    27 ┃  503.01 ±   0.23        (1.14mi) ┃  -322.8 ±   0.14        (7.28mi) ┃Vegas input parameters:
  ndim 7
  ncomp 1
  nvec 1
  epsrel 0
  epsabs 0
  flags 10
  seed 123456
  mineval 10000000
  maxeval 10000000
  nstart 1000000
  nincrease 1000000
  nbatch 5000
  gridno 0
  statefile ""

Iteration 1:  1000000 integrand evaluations so far
[1] 404.447 +- 7.84253  	chisq 0 (0 df)

Iteration 2:  3000000 integrand evaluations so far
[1] 392.347 +- 2.1863  	chisq 2.58098 (1 df)

Iteration 3:  6000000 integrand evaluations so far
[1] 393.126 +- 1.36186  	chisq 2.78846 (2 df)

Iteration 4:  10000000 integrand evaluations so far
[1] 393.648 +- 1.00641  	chisq 3.11158 (3 df)
   393.6 ±      1        (   41s) ┃   573.9 ±      1        (9.11mi) ┃
┃   44 -    46 ┃   27 -    28 ┃  456.42 ±   0.21        (1.97mi) ┃ -294.19 ±   0.21        (7.02mi) ┃Vegas input parameters:
  ndim 7
  ncomp 1
  nvec 1
  epsrel 0
  epsabs 0
  flags 10
  seed 123456
  mineval 10000000
  maxeval 10000000
  nstart 1000000
  nincrease 1000000
  nbatch 5000
  gridno 0
  statefile ""

Iteration 1:  1000000 integrand evaluations so far
[1] 358.291 +- 7.29162  	chisq 0 (0 df)

Iteration 2:  3000000 integrand evaluations so far
[1] 362.001 +- 2.07149  	chisq 0.281637 (1 df)

Iteration 3:  6000000 integrand evaluations so far
[1] 361.194 +- 1.3628  	chisq 0.549131 (2 df)

Iteration 4:  10000000 integrand evaluations so far
[1] 359.93 +- 1.01185  	chisq 2.46775 (3 df)
   359.9 ±      1        ( 40.8s) ┃   522.2 ±    1.1        (9.66mi) ┃
┃   44 -    46 ┃   28 -    29 ┃  429.06 ±   0.42        ( 17.2s) ┃-275.634 ±  0.075        (7.35mi) ┃Vegas input parameters:
  ndim 7
  ncomp 1
  nvec 1
  epsrel 0
  epsabs 0
  flags 10
  seed 123456
  mineval 10000000
  maxeval 10000000
  nstart 1000000
  nincrease 1000000
  nbatch 5000
  gridno 0
  statefile ""

Iteration 1:  1000000 integrand evaluations so far
[1] 327.215 +- 6.85404  	chisq 0 (0 df)

Iteration 2:  3000000 integrand evaluations so far
[1] 333.614 +- 1.96446  	chisq 0.949595 (1 df)

Iteration 3:  6000000 integrand evaluations so far
[1] 332.762 +- 1.22133  	chisq 1.2563 (2 df)

Iteration 4:  10000000 integrand evaluations so far
[1] 332.492 +- 0.918814  	chisq 1.36874 (3 df)
  332.49 ±   0.92        ( 40.5s) ┃   485.9 ±      1        (8.31mi) ┃
┃   44 -    46 ┃   29 -    30 ┃  428.43 ±   0.12        (3.85mi) ┃-274.664 ±  0.046        (55.6mi) ┃Vegas input parameters:
  ndim 7
  ncomp 1
  nvec 1
  epsrel 0
  epsabs 0
  flags 10
  seed 123456
  mineval 10000000
  maxeval 10000000
  nstart 1000000
  nincrease 1000000
  nbatch 5000
  gridno 0
  statefile ""

Iteration 1:  1000000 integrand evaluations so far
[1] 310.747 +- 6.62054  	chisq 0 (0 df)

Iteration 2:  3000000 integrand evaluations so far
[1] 309.67 +- 1.86986  	chisq 0.0287753 (1 df)

Iteration 3:  6000000 integrand evaluations so far
[1] 310.838 +- 1.18772  	chisq 0.682898 (2 df)

Iteration 4:  10000000 integrand evaluations so far
[1] 310.456 +- 0.901964  	chisq 0.926976 (3 df)
  310.46 ±    0.9        ( 41.3s) ┃  464.23 ±   0.91        (   1hr) ┃
┃   44 -    46 ┃   30 -    31 ┃  394.68 ±   0.37        ( 1.3mi) ┃-253.665 ±  0.042        (55.1mi) ┃Vegas input parameters:
  ndim 7
  ncomp 1
  nvec 1
  epsrel 0
  epsabs 0
  flags 10
  seed 123456
  mineval 10000000
  maxeval 10000000
  nstart 1000000
  nincrease 1000000
  nbatch 5000
  gridno 0
  statefile ""

Iteration 1:  1000000 integrand evaluations so far
[1] 300.436 +- 6.47754  	chisq 0 (0 df)

Iteration 2:  3000000 integrand evaluations so far
[1] 295.557 +- 1.95267  	chisq 0.624175 (1 df)

Iteration 3:  6000000 integrand evaluations so far
[1] 293.295 +- 1.19257  	chisq 2.7634 (2 df)

Iteration 4:  10000000 integrand evaluations so far
[1] 293.204 +- 0.866512  	chisq 2.77567 (3 df)
   293.2 ±   0.87        ( 40.5s) ┃  434.22 ±   0.94        (57.1mi) ┃
┃   44 -    46 ┃   31 -    32 ┃  379.68 ±   0.31        (1.97mi) ┃ -243.91 ±   0.23        ( 6.7mi) ┃Vegas input parameters:
  ndim 7
  ncomp 1
  nvec 1
  epsrel 0
  epsabs 0
  flags 10
  seed 123456
  mineval 10000000
  maxeval 10000000
  nstart 1000000
  nincrease 1000000
  nbatch 5000
  gridno 0
  statefile ""

Iteration 1:  1000000 integrand evaluations so far
[1] 278.968 +- 6.18515  	chisq 0 (0 df)

Iteration 2:  3000000 integrand evaluations so far
[1] 281.586 +- 1.73378  	chisq 0.194379 (1 df)

Iteration 3:  6000000 integrand evaluations so far
[1] 278.907 +- 1.07692  	chisq 4.08083 (2 df)

Iteration 4:  10000000 integrand evaluations so far
[1] 278.486 +- 0.80602  	chisq 4.42773 (3 df)
  278.49 ±   0.81        ( 40.7s) ┃  414.25 ±   0.89        (9.35mi) ┃
┃   44 -    46 ┃   32 -    33 ┃  376.34 ±   0.16        (3.68mi) ┃ -242.06 ±   0.19        (13.9mi) ┃Vegas input parameters:
  ndim 7
  ncomp 1
  nvec 1
  epsrel 0
  epsabs 0
  flags 10
  seed 123456
  mineval 10000000
  maxeval 10000000
  nstart 1000000
  nincrease 1000000
  nbatch 5000
  gridno 0
  statefile ""

Iteration 1:  1000000 integrand evaluations so far
[1] 266.693 +- 5.96182  	chisq 0 (0 df)

Iteration 2:  3000000 integrand evaluations so far
[1] 266.028 +- 1.67606  	chisq 0.0134958 (1 df)

Iteration 3:  6000000 integrand evaluations so far
[1] 264.017 +- 1.03758  	chisq 2.34832 (2 df)

Iteration 4:  10000000 integrand evaluations so far
[1] 264.922 +- 0.789894  	chisq 4.1563 (3 df)
  264.92 ±   0.79        ( 41.2s) ┃  399.21 ±   0.83        (18.2mi) ┃
┃   44 -    46 ┃   33 -    34 ┃  352.83 ±   0.22        ( 57.8s) ┃ -227.09 ±   0.15        (1.78mi) ┃Vegas input parameters:
  ndim 7
  ncomp 1
  nvec 1
  epsrel 0
  epsabs 0
  flags 10
  seed 123456
  mineval 10000000
  maxeval 10000000
  nstart 1000000
  nincrease 1000000
  nbatch 5000
  gridno 0
  statefile ""

Iteration 1:  1000000 integrand evaluations so far
[1] 259.227 +- 5.88712  	chisq 0 (0 df)

Iteration 2:  3000000 integrand evaluations so far
[1] 252.568 +- 1.6043  	chisq 1.38207 (1 df)

Iteration 3:  6000000 integrand evaluations so far
[1] 252.875 +- 1.05341  	chisq 1.44628 (2 df)

Iteration 4:  10000000 integrand evaluations so far
[1] 253.432 +- 0.798248  	chisq 2.10347 (3 df)
  253.43 ±    0.8        ( 41.2s) ┃  379.17 ±   0.84        (3.43mi) ┃
┃   44 -    46 ┃   34 -    35 ┃  370.55 ±   0.23        ( 5.55s) ┃-237.909 ±  0.065        (   56s) ┃Vegas input parameters:
  ndim 7
  ncomp 1
  nvec 1
  epsrel 0
  epsabs 0
  flags 10
  seed 123456
  mineval 10000000
  maxeval 10000000
  nstart 1000000
  nincrease 1000000
  nbatch 5000
  gridno 0
  statefile ""

Iteration 1:  1000000 integrand evaluations so far
[1] 240.425 +- 5.58546  	chisq 0 (0 df)

Iteration 2:  3000000 integrand evaluations so far
[1] 242.605 +- 1.56121  	chisq 0.165179 (1 df)

Iteration 3:  6000000 integrand evaluations so far
[1] 242.912 +- 0.99208  	chisq 0.230137 (2 df)

Iteration 4:  10000000 integrand evaluations so far
[1] 243.203 +- 0.771398  	chisq 0.447488 (3 df)
   243.2 ±   0.77        ( 41.1s) ┃  375.84 ±   0.81        (1.71mi) ┃
┃   44 -    46 ┃   35 -    36 ┃   319.7 ±   0.17        ( 37.4s) ┃ -205.75 ±   0.14        (13.6mi) ┃Vegas input parameters:
  ndim 7
  ncomp 1
  nvec 1
  epsrel 0
  epsabs 0
  flags 10
  seed 123456
  mineval 10000000
  maxeval 10000000
  nstart 1000000
  nincrease 1000000
  nbatch 5000
  gridno 0
  statefile ""

Iteration 1:  1000000 integrand evaluations so far
[1] 232.485 +- 5.49604  	chisq 0 (0 df)

Iteration 2:  3000000 integrand evaluations so far
[1] 232.908 +- 1.51441  	chisq 0.00640617 (1 df)

Iteration 3:  6000000 integrand evaluations so far
[1] 233.118 +- 0.942857  	chisq 0.0379156 (2 df)

Iteration 4:  10000000 integrand evaluations so far
[1] 232.906 +- 0.717011  	chisq 0.157915 (3 df)
  232.91 ±   0.72        ( 40.8s) ┃  346.85 ±   0.75        (14.9mi) ┃
┃   44 -    46 ┃   36 -    37 ┃  348.37 ±   0.22        ( 9.81s) ┃-223.463 ±  0.062        (1.72mi) ┃Vegas input parameters:
  ndim 7
  ncomp 1
  nvec 1
  epsrel 0
  epsabs 0
  flags 10
  seed 123456
  mineval 10000000
  maxeval 10000000
  nstart 1000000
  nincrease 1000000
  nbatch 5000
  gridno 0
  statefile ""

Iteration 1:  1000000 integrand evaluations so far
[1] 215.817 +- 5.19485  	chisq 0 (0 df)

Iteration 2:  3000000 integrand evaluations so far
[1] 224.415 +- 1.58598  	chisq 3.02041 (1 df)

Iteration 3:  6000000 integrand evaluations so far
[1] 224.139 +- 0.966613  	chisq 3.06848 (2 df)

Iteration 4:  10000000 integrand evaluations so far
[1] 223.981 +- 0.696764  	chisq 3.12422 (3 df)
  223.98 ±    0.7        ( 41.4s) ┃  348.89 ±   0.73        (2.57mi) ┃
┃   44 -    46 ┃   37 -    38 ┃  321.13 ±   0.23        (1.29mi) ┃-205.986 ±  0.079        (26.5mi) ┃Vegas input parameters:
  ndim 7
  ncomp 1
  nvec 1
  epsrel 0
  epsabs 0
  flags 10
  seed 123456
  mineval 10000000
  maxeval 10000000
  nstart 1000000
  nincrease 1000000
  nbatch 5000
  gridno 0
  statefile ""

Iteration 1:  1000000 integrand evaluations so far
[1] 220.371 +- 5.27956  	chisq 0 (0 df)

Iteration 2:  3000000 integrand evaluations so far
[1] 216.336 +- 1.42817  	chisq 0.63008 (1 df)

Iteration 3:  6000000 integrand evaluations so far
[1] 216.453 +- 0.888548  	chisq 0.641018 (2 df)

Iteration 4:  10000000 integrand evaluations so far
[1] 217.424 +- 0.670704  	chisq 3.41799 (3 df)
  217.42 ±   0.67        ( 40.4s) ┃  332.56 ±   0.71        (28.5mi) ┃
┃   44 -    46 ┃   38 -    39 ┃  329.56 ±   0.33        ( 5.77s) ┃ -204.41 ±   0.17        (13.7mi) ┃Vegas input parameters:
  ndim 7
  ncomp 1
  nvec 1
  epsrel 0
  epsabs 0
  flags 10
  seed 123456
  mineval 10000000
  maxeval 10000000
  nstart 1000000
  nincrease 1000000
  nbatch 5000
  gridno 0
  statefile ""

Iteration 1:  1000000 integrand evaluations so far
[1] 213.553 +- 5.13731  	chisq 0 (0 df)

Iteration 2:  3000000 integrand evaluations so far
[1] 212.437 +- 1.41005  	chisq 0.0510634 (1 df)

Iteration 3:  6000000 integrand evaluations so far
[1] 212.256 +- 0.874429  	chisq 0.0777202 (2 df)

Iteration 4:  10000000 integrand evaluations so far
[1] 211.749 +- 0.642802  	chisq 0.809259 (3 df)
  211.75 ±   0.64        ( 41.2s) ┃   336.9 ±   0.74        (14.5mi) ┃
┃   44 -    46 ┃   39 -    40 ┃  309.25 ±   0.24        ( 10.7s) ┃-198.821 ±  0.042        (51.9mi) ┃Vegas input parameters:
  ndim 7
  ncomp 1
  nvec 1
  epsrel 0
  epsabs 0
  flags 10
  seed 123456
  mineval 10000000
  maxeval 10000000
  nstart 1000000
  nincrease 1000000
  nbatch 5000
  gridno 0
  statefile ""

Iteration 1:  1000000 integrand evaluations so far
[1] 205.458 +- 4.97579  	chisq 0 (0 df)

Iteration 2:  3000000 integrand evaluations so far
[1] 207.85 +- 1.37664  	chisq 0.250086 (1 df)

Iteration 3:  6000000 integrand evaluations so far
[1] 207.209 +- 0.883177  	chisq 0.618399 (2 df)

Iteration 4:  10000000 integrand evaluations so far
[1] 206.745 +- 0.683247  	chisq 1.30508 (3 df)
  206.75 ±   0.68        ( 41.4s) ┃  317.18 ±   0.72        (52.8mi) ┃
┃   44 -    46 ┃   40 -    41 ┃  281.13 ±   0.19        (3.87mi) ┃ -181.56 ±   0.12        (26.1mi) ┃Vegas input parameters:
  ndim 7
  ncomp 1
  nvec 1
  epsrel 0
  epsabs 0
  flags 10
  seed 123456
  mineval 10000000
  maxeval 10000000
  nstart 1000000
  nincrease 1000000
  nbatch 5000
  gridno 0
  statefile ""

Iteration 1:  1000000 integrand evaluations so far
[1] 194.183 +- 4.81806  	chisq 0 (0 df)

Iteration 2:  3000000 integrand evaluations so far
[1] 199.547 +- 1.3339  	chisq 1.34228 (1 df)

Iteration 3:  6000000 integrand evaluations so far
[1] 198.947 +- 0.830854  	chisq 1.67258 (2 df)

Iteration 4:  10000000 integrand evaluations so far
[1] 199.87 +- 0.648131  	chisq 4.82145 (3 df)
  199.87 ±   0.65        ( 41.3s) ┃  299.44 ±   0.68        (30.6mi) ┃
┃   44 -    46 ┃   41 -    42 ┃  330.58 ±   0.22        (1.08mi) ┃-211.486 ±  0.036        (13.2mi) ┃Vegas input parameters:
  ndim 7
  ncomp 1
  nvec 1
  epsrel 0
  epsabs 0
  flags 10
  seed 123456
  mineval 10000000
  maxeval 10000000
  nstart 1000000
  nincrease 1000000
  nbatch 5000
  gridno 0
  statefile ""

Iteration 1:  1000000 integrand evaluations so far
[1] 189.163 +- 4.78279  	chisq 0 (0 df)

Iteration 2:  3000000 integrand evaluations so far
[1] 194.93 +- 1.30894  	chisq 1.57161 (1 df)

Iteration 3:  6000000 integrand evaluations so far
[1] 194.935 +- 0.811424  	chisq 1.57163 (2 df)

Iteration 4:  10000000 integrand evaluations so far
[1] 195.28 +- 0.615051  	chisq 1.99538 (3 df)
  195.28 ±   0.62        ( 40.3s) ┃  314.37 ±   0.65        (  15mi) ┃
┃   44 -    46 ┃   42 -    43 ┃  261.08 ±   0.12        (2.15mi) ┃ -167.56 ±   0.16        (3.29mi) ┃Vegas input parameters:
  ndim 7
  ncomp 1
  nvec 1
  epsrel 0
  epsabs 0
  flags 10
  seed 123456
  mineval 10000000
  maxeval 10000000
  nstart 1000000
  nincrease 1000000
  nbatch 5000
  gridno 0
  statefile ""

Iteration 1:  1000000 integrand evaluations so far
[1] 188.762 +- 4.73231  	chisq 0 (0 df)

Iteration 2:  3000000 integrand evaluations so far
[1] 189.184 +- 1.27657  	chisq 0.00857325 (1 df)

Iteration 3:  6000000 integrand evaluations so far
[1] 189.695 +- 0.827059  	chisq 0.284648 (2 df)

Iteration 4:  10000000 integrand evaluations so far
[1] 189.048 +- 0.610347  	chisq 1.63078 (3 df)
  189.05 ±   0.61        ( 40.8s) ┃  282.57 ±   0.64        (6.11mi) ┃
┃   44 -    46 ┃   43 -    44 ┃  311.69 ±   0.13        ( 1.1mi) ┃ -199.89 ±    0.2        (6.48mi) ┃Vegas input parameters:
  ndim 7
  ncomp 1
  nvec 1
  epsrel 0
  epsabs 0
  flags 10
  seed 123456
  mineval 10000000
  maxeval 10000000
  nstart 1000000
  nincrease 1000000
  nbatch 5000
  gridno 0
  statefile ""

Iteration 1:  1000000 integrand evaluations so far
[1] 185.52 +- 4.69857  	chisq 0 (0 df)

Iteration 2:  3000000 integrand evaluations so far
[1] 183.677 +- 1.25589  	chisq 0.165609 (1 df)

Iteration 3:  6000000 integrand evaluations so far
[1] 183.915 +- 0.780994  	chisq 0.223937 (2 df)

Iteration 4:  10000000 integrand evaluations so far
[1] 184.764 +- 0.620046  	chisq 3.41944 (3 df)
  184.76 ±   0.62        ( 40.3s) ┃  296.57 ±   0.66        (8.24mi) ┃
┃   44 -    46 ┃   44 -    45 ┃  255.03 ±    0.2        ( 57.3s) ┃ -164.27 ±    0.1        (   25s) ┃Vegas input parameters:
  ndim 7
  ncomp 1
  nvec 1
  epsrel 0
  epsabs 0
  flags 10
  seed 123456
  mineval 10000000
  maxeval 10000000
  nstart 1000000
  nincrease 1000000
  nbatch 5000
  gridno 0
  statefile ""

Iteration 1:  1000000 integrand evaluations so far
[1] 187.986 +- 4.73719  	chisq 0 (0 df)

Iteration 2:  3000000 integrand evaluations so far
[1] 182.804 +- 1.24778  	chisq 1.2857 (1 df)

Iteration 3:  6000000 integrand evaluations so far
[1] 181.499 +- 0.769152  	chisq 3.05111 (2 df)

Iteration 4:  10000000 integrand evaluations so far
[1] 181.536 +- 0.579581  	chisq 3.05651 (3 df)
  181.54 ±   0.58        ( 40.4s) ┃   272.3 ±   0.62        (2.05mi) ┃
┃   44 -    46 ┃   45 -    46 ┃  274.11 ±    0.2        (1.28mi) ┃ -176.31 ±   0.17        (12.7mi) ┃Vegas input parameters:
  ndim 7
  ncomp 1
  nvec 1
  epsrel 0
  epsabs 0
  flags 10
  seed 123456
  mineval 10000000
  maxeval 10000000
  nstart 1000000
  nincrease 1000000
  nbatch 5000
  gridno 0
  statefile ""

Iteration 1:  1000000 integrand evaluations so far
[1] 172.884 +- 4.515  	chisq 0 (0 df)

Iteration 2:  3000000 integrand evaluations so far
[1] 177.843 +- 1.32026  	chisq 1.3193 (1 df)

Iteration 3:  6000000 integrand evaluations so far
[1] 177.638 +- 0.801756  	chisq 1.35756 (2 df)

Iteration 4:  10000000 integrand evaluations so far
[1] 177.368 +- 0.582687  	chisq 1.59835 (3 df)
  177.37 ±   0.58        (   41s) ┃  275.17 ±   0.64        (14.7mi) ┃
┃   44 -    46 ┃   46 -    47 ┃  276.18 ±   0.13        (2.14mi) ┃ -176.21 ±    0.1        (25.4mi) ┃Vegas input parameters:
  ndim 7
  ncomp 1
  nvec 1
  epsrel 0
  epsabs 0
  flags 10
  seed 123456
  mineval 10000000
  maxeval 10000000
  nstart 1000000
  nincrease 1000000
  nbatch 5000
  gridno 0
  statefile ""

Iteration 1:  1000000 integrand evaluations so far
[1] 172.413 +- 4.47691  	chisq 0 (0 df)

Iteration 2:  3000000 integrand evaluations so far
[1] 175.988 +- 1.33245  	chisq 0.699677 (1 df)

Iteration 3:  6000000 integrand evaluations so far
[1] 175.443 +- 0.813262  	chisq 0.965965 (2 df)

Iteration 4:  10000000 integrand evaluations so far
[1] 175.168 +- 0.584308  	chisq 1.20339 (3 df)
  175.17 ±   0.58        ( 41.8s) ┃  275.14 ±   0.61        (28.2mi) ┃
┃   44 -    46 ┃   47 -    48 ┃ 246.729 ±  0.034        (3.84mi) ┃    -159 ±   0.11        (12.5mi) ┃Vegas input parameters:
  ndim 7
  ncomp 1
  nvec 1
  epsrel 0
  epsabs 0
  flags 10
  seed 123456
  mineval 10000000
  maxeval 10000000
  nstart 1000000
  nincrease 1000000
  nbatch 5000
  gridno 0
  statefile ""

Iteration 1:  1000000 integrand evaluations so far
[1] 172.111 +- 4.46593  	chisq 0 (0 df)

Iteration 2:  3000000 integrand evaluations so far
[1] 174.42 +- 1.18477  	chisq 0.287657 (1 df)

Iteration 3:  6000000 integrand evaluations so far
[1] 173.181 +- 0.743525  	chisq 2.09254 (2 df)

Iteration 4:  10000000 integrand evaluations so far
[1] 173.043 +- 0.547573  	chisq 2.16736 (3 df)
  173.04 ±   0.55        ( 40.8s) ┃  260.77 ±   0.56        (  17mi) ┃
┃   44 -    46 ┃   48 -    49 ┃   277.7 ±    0.2        (2.03mi) ┃-177.877 ±  0.041        (24.9mi) ┃Vegas input parameters:
  ndim 7
  ncomp 1
  nvec 1
  epsrel 0
  epsabs 0
  flags 10
  seed 123456
  mineval 10000000
  maxeval 10000000
  nstart 1000000
  nincrease 1000000
  nbatch 5000
  gridno 0
  statefile ""

Iteration 1:  1000000 integrand evaluations so far
[1] 169.879 +- 4.46851  	chisq 0 (0 df)

Iteration 2:  3000000 integrand evaluations so far
[1] 172.253 +- 1.26252  	chisq 0.306918 (1 df)

Iteration 3:  6000000 integrand evaluations so far
[1] 171.779 +- 0.773218  	chisq 0.533307 (2 df)

Iteration 4:  10000000 integrand evaluations so far
[1] 171.474 +- 0.57169  	chisq 0.875565 (3 df)
  171.47 ±   0.57        ( 41.1s) ┃  271.29 ±   0.61        (27.6mi) ┃
┃   44 -    46 ┃   49 -    50 ┃  222.12 ±   0.16        (1.08mi) ┃ -142.72 ±   0.11        (12.4mi) ┃Vegas input parameters:
  ndim 7
  ncomp 1
  nvec 1
  epsrel 0
  epsabs 0
  flags 10
  seed 123456
  mineval 10000000
  maxeval 10000000
  nstart 1000000
  nincrease 1000000
  nbatch 5000
  gridno 0
  statefile ""

Iteration 1:  1000000 integrand evaluations so far
[1] 177.929 +- 4.57292  	chisq 0 (0 df)

Iteration 2:  3000000 integrand evaluations so far
[1] 170.5 +- 1.16439  	chisq 2.82277 (1 df)

Iteration 3:  6000000 integrand evaluations so far
[1] 169.267 +- 0.724153  	chisq 4.65052 (2 df)

Iteration 4:  10000000 integrand evaluations so far
[1] 169.711 +- 0.541989  	chisq 5.50592 (3 df)
  169.71 ±   0.54        ( 41.3s) ┃  249.12 ±   0.58        (14.2mi) ┃
┃   44 -    46 ┃   50 -    51 ┃ 268.459 ±  0.078        (3.79mi) ┃-172.178 ±  0.074        (3.32mi) ┃Vegas input parameters:
  ndim 7
  ncomp 1
  nvec 1
  epsrel 0
  epsabs 0
  flags 10
  seed 123456
  mineval 10000000
  maxeval 10000000
  nstart 1000000
  nincrease 1000000
  nbatch 5000
  gridno 0
  statefile ""

Iteration 1:  1000000 integrand evaluations so far
[1] 164.415 +- 4.39464  	chisq 0 (0 df)

Iteration 2:  3000000 integrand evaluations so far
[1] 167.593 +- 1.17275  	chisq 0.562928 (1 df)

Iteration 3:  6000000 integrand evaluations so far
[1] 166.549 +- 0.744596  	chisq 1.891 (2 df)

Iteration 4:  10000000 integrand evaluations so far
[1] 166.929 +- 0.547288  	chisq 2.45783 (3 df)
  166.93 ±   0.55        ( 40.9s) ┃  263.21 ±   0.56        (7.79mi) ┃
┃   44 -    46 ┃   51 -    52 ┃  231.22 ±   0.15        ( 32.8s) ┃ -148.52 ±   0.12        (6.41mi) ┃Vegas input parameters:
  ndim 7
  ncomp 1
  nvec 1
  epsrel 0
  epsabs 0
  flags 10
  seed 123456
  mineval 10000000
  maxeval 10000000
  nstart 1000000
  nincrease 1000000
  nbatch 5000
  gridno 0
  statefile ""

Iteration 1:  1000000 integrand evaluations so far
[1] 156.949 +- 4.27638  	chisq 0 (0 df)

Iteration 2:  3000000 integrand evaluations so far
[1] 164.023 +- 1.16933  	chisq 2.95758 (1 df)

Iteration 3:  6000000 integrand evaluations so far
[1] 163.661 +- 0.736868  	chisq 3.11661 (2 df)

Iteration 4:  10000000 integrand evaluations so far
[1] 164.431 +- 0.551143  	chisq 5.59506 (3 df)
  164.43 ±   0.55        ( 41.5s) ┃  247.14 ±   0.58        (7.65mi) ┃
┃   44 -    46 ┃   52 -    53 ┃  234.99 ±   0.18        (1.07mi) ┃-151.393 ±  0.058        (6.24mi) ┃Vegas input parameters:
  ndim 7
  ncomp 1
  nvec 1
  epsrel 0
  epsabs 0
  flags 10
  seed 123456
  mineval 10000000
  maxeval 10000000
  nstart 1000000
  nincrease 1000000
  nbatch 5000
  gridno 0
  statefile ""

Iteration 1:  1000000 integrand evaluations so far
[1] 164.115 +- 4.3988  	chisq 0 (0 df)

Iteration 2:  3000000 integrand evaluations so far
[1] 164.469 +- 1.14657  	chisq 0.00692226 (1 df)

Iteration 3:  6000000 integrand evaluations so far
[1] 162.834 +- 0.716656  	chisq 3.34128 (2 df)

Iteration 4:  10000000 integrand evaluations so far
[1] 163.683 +- 0.527453  	chisq 6.39899 (3 df)
  163.68 ±   0.53        ( 40.5s) ┃  247.28 ±   0.56        (7.98mi) ┃
┃   44 -    46 ┃   53 -    54 ┃  225.36 ±  0.076        (1.91mi) ┃  -144.4 ±   0.14        ( 33.6s) ┃Vegas input parameters:
  ndim 7
  ncomp 1
  nvec 1
  epsrel 0
  epsabs 0
  flags 10
  seed 123456
  mineval 10000000
  maxeval 10000000
  nstart 1000000
  nincrease 1000000
  nbatch 5000
  gridno 0
  statefile ""

Iteration 1:  1000000 integrand evaluations so far
[1] 158.207 +- 4.32269  	chisq 0 (0 df)

Iteration 2:  3000000 integrand evaluations so far
[1] 161.717 +- 1.12271  	chisq 0.707069 (1 df)

Iteration 3:  6000000 integrand evaluations so far
[1] 162.413 +- 0.710239  	chisq 1.34828 (2 df)

Iteration 4:  10000000 integrand evaluations so far
[1] 162.203 +- 0.537948  	chisq 1.55479 (3 df)
   162.2 ±   0.54        ( 40.2s) ┃  243.17 ±   0.56        (3.14mi) ┃
┃   44 -    46 ┃   54 -    55 ┃  229.95 ±    0.2        ( 9.25s) ┃ -148.41 ±   0.15        ( 52.6s) ┃Vegas input parameters:
  ndim 7
  ncomp 1
  nvec 1
  epsrel 0
  epsabs 0
  flags 10
  seed 123456
  mineval 10000000
  maxeval 10000000
  nstart 1000000
  nincrease 1000000
  nbatch 5000
  gridno 0
  statefile ""

Iteration 1:  1000000 integrand evaluations so far
[1] 163.338 +- 4.40638  	chisq 0 (0 df)

Iteration 2:  3000000 integrand evaluations so far
[1] 161.989 +- 1.12277  	chisq 0.100289 (1 df)

Iteration 3:  6000000 integrand evaluations so far
[1] 161.432 +- 0.690852  	chisq 0.495951 (2 df)

Iteration 4:  10000000 integrand evaluations so far
[1] 160.99 +- 0.527721  	chisq 1.47927 (3 df)
  160.99 ±   0.53        ( 40.6s) ┃  242.53 ±   0.58        (1.71mi) ┃
┃   44 -    46 ┃   55 -    56 ┃ 233.694 ±  0.078        (3.77mi) ┃ -149.37 ±   0.13        (12.2mi) ┃Vegas input parameters:
  ndim 7
  ncomp 1
  nvec 1
  epsrel 0
  epsabs 0
  flags 10
  seed 123456
  mineval 10000000
  maxeval 10000000
  nstart 1000000
  nincrease 1000000
  nbatch 5000
  gridno 0
  statefile ""

Iteration 1:  1000000 integrand evaluations so far
[1] 160.168 +- 4.40059  	chisq 0 (0 df)

Iteration 2:  3000000 integrand evaluations so far
[1] 159.761 +- 1.10675  	chisq 0.00914785 (1 df)

Iteration 3:  6000000 integrand evaluations so far
[1] 159.884 +- 0.697944  	chisq 0.0297589 (2 df)

Iteration 4:  10000000 integrand evaluations so far
[1] 159.613 +- 0.538226  	chisq 0.403746 (3 df)
  159.61 ±   0.54        ( 39.9s) ┃  243.94 ±   0.56        (16.6mi) ┃
┃   44 -    46 ┃   56 -    57 ┃ 197.458 ±  0.079        (3.83mi) ┃-126.479 ±  0.023        (24.1mi) ┃Vegas input parameters:
  ndim 7
  ncomp 1
  nvec 1
  epsrel 0
  epsabs 0
  flags 10
  seed 123456
  mineval 10000000
  maxeval 10000000
  nstart 1000000
  nincrease 1000000
  nbatch 5000
  gridno 0
  statefile ""

Iteration 1:  1000000 integrand evaluations so far
[1] 165.542 +- 4.50778  	chisq 0 (0 df)

Iteration 2:  3000000 integrand evaluations so far
[1] 158.775 +- 1.10513  	chisq 2.39761 (1 df)

Iteration 3:  6000000 integrand evaluations so far
[1] 158.651 +- 0.697174  	chisq 2.41869 (2 df)

Iteration 4:  10000000 integrand evaluations so far
[1] 158.043 +- 0.522751  	chisq 4.1551 (3 df)
  158.04 ±   0.52        ( 41.3s) ┃  229.02 ±   0.53        (28.6mi) ┃
┃   44 -    46 ┃   57 -    58 ┃  221.65 ±   0.13        ( 32.5s) ┃-141.771 ±  0.045        (12.1mi) ┃Vegas input parameters:
  ndim 7
  ncomp 1
  nvec 1
  epsrel 0
  epsabs 0
  flags 10
  seed 123456
  mineval 10000000
  maxeval 10000000
  nstart 1000000
  nincrease 1000000
  nbatch 5000
  gridno 0
  statefile ""

Iteration 1:  1000000 integrand evaluations so far
[1] 157.903 +- 4.40845  	chisq 0 (0 df)

Iteration 2:  3000000 integrand evaluations so far
[1] 157.879 +- 1.09545  	chisq 3.1305e-05 (1 df)

Iteration 3:  6000000 integrand evaluations so far
[1] 159.005 +- 0.675499  	chisq 1.70249 (2 df)

Iteration 4:  10000000 integrand evaluations so far
[1] 157.751 +- 0.497759  	chisq 9.23725 (3 df)
  157.75 ±    0.5        ( 41.2s) ┃  237.63 ±   0.52        (13.3mi) ┃
┃   44 -    46 ┃   58 -    59 ┃ 204.793 ±   0.04        (3.83mi) ┃-131.113 ±  0.015        (  24mi) ┃Vegas input parameters:
  ndim 7
  ncomp 1
  nvec 1
  epsrel 0
  epsabs 0
  flags 10
  seed 123456
  mineval 10000000
  maxeval 10000000
  nstart 1000000
  nincrease 1000000
  nbatch 5000
  gridno 0
  statefile ""

Iteration 1:  1000000 integrand evaluations so far
[1] 150.337 +- 4.28148  	chisq 0 (0 df)

Iteration 2:  3000000 integrand evaluations so far
[1] 155.832 +- 1.08391  	chisq 1.76024 (1 df)

Iteration 3:  6000000 integrand evaluations so far
[1] 156.183 +- 0.677908  	chisq 1.93178 (2 df)

Iteration 4:  10000000 integrand evaluations so far
[1] 156.831 +- 0.510414  	chisq 4.04379 (3 df)
  156.83 ±   0.51        ( 41.1s) ┃  230.51 ±   0.51        (28.5mi) ┃
┃   44 -    46 ┃   59 -    60 ┃ 204.088 ±   0.06        (3.54mi) ┃-130.658 ±  0.076        (  12mi) ┃Vegas input parameters:
  ndim 7
  ncomp 1
  nvec 1
  epsrel 0
  epsabs 0
  flags 10
  seed 123456
  mineval 10000000
  maxeval 10000000
  nstart 1000000
  nincrease 1000000
  nbatch 5000
  gridno 0
  statefile ""

Iteration 1:  1000000 integrand evaluations so far
[1] 158.236 +- 4.4812  	chisq 0 (0 df)

Iteration 2:  3000000 integrand evaluations so far
[1] 158.017 +- 1.11007  	chisq 0.00254635 (1 df)

Iteration 3:  6000000 integrand evaluations so far
[1] 156.884 +- 0.678033  	chisq 1.66555 (2 df)

Iteration 4:  10000000 integrand evaluations so far
[1] 157.52 +- 0.525358  	chisq 3.86679 (3 df)
  157.52 ±   0.53        ( 39.9s) ┃  230.95 ±   0.53        (16.2mi) ┃
┃   46 -    48 ┃   25 -    26 ┃  461.94 ±   0.29        ( 57.6s) ┃ -297.33 ±   0.24        (  15mi) ┃Vegas input parameters:
  ndim 7
  ncomp 1
  nvec 1
  epsrel 0
  epsabs 0
  flags 10
  seed 123456
  mineval 10000000
  maxeval 10000000
  nstart 1000000
  nincrease 1000000
  nbatch 5000
  gridno 0
  statefile ""

Iteration 1:  1000000 integrand evaluations so far
[1] 385.765 +- 7.39266  	chisq 0 (0 df)

Iteration 2:  3000000 integrand evaluations so far
[1] 379.072 +- 2.09499  	chisq 0.891218 (1 df)

Iteration 3:  6000000 integrand evaluations so far
[1] 379.897 +- 1.30414  	chisq 1.14446 (2 df)

Iteration 4:  10000000 integrand evaluations so far
[1] 380.705 +- 1.00551  	chisq 2.08988 (3 df)
   380.7 ±      1        ( 40.5s) ┃   545.3 ±    1.1        (16.6mi) ┃
┃   46 -    48 ┃   26 -    27 ┃  434.79 ±   0.28        (1.12mi) ┃ -279.14 ±   0.17        (7.14mi) ┃Vegas input parameters:
  ndim 7
  ncomp 1
  nvec 1
  epsrel 0
  epsabs 0
  flags 10
  seed 123456
  mineval 10000000
  maxeval 10000000
  nstart 1000000
  nincrease 1000000
  nbatch 5000
  gridno 0
  statefile ""

Iteration 1:  1000000 integrand evaluations so far
[1] 347.162 +- 6.97298  	chisq 0 (0 df)

Iteration 2:  3000000 integrand evaluations so far
[1] 339.791 +- 1.95919  	chisq 1.21318 (1 df)

Iteration 3:  6000000 integrand evaluations so far
[1] 339.269 +- 1.24685  	chisq 1.33263 (2 df)

Iteration 4:  10000000 integrand evaluations so far
[1] 339.24 +- 0.919718  	chisq 1.33376 (3 df)
  339.24 ±   0.92        ( 39.5s) ┃   494.9 ±   0.98        (8.92mi) ┃
┃   46 -    48 ┃   27 -    28 ┃  405.49 ±   0.38        ( 36.5s) ┃  -262.7 ±    0.2        (7.09mi) ┃Vegas input parameters:
  ndim 7
  ncomp 1
  nvec 1
  epsrel 0
  epsabs 0
  flags 10
  seed 123456
  mineval 10000000
  maxeval 10000000
  nstart 1000000
  nincrease 1000000
  nbatch 5000
  gridno 0
  statefile ""

Iteration 1:  1000000 integrand evaluations so far
[1] 322.615 +- 6.62487  	chisq 0 (0 df)

Iteration 2:  3000000 integrand evaluations so far
[1] 316.769 +- 1.86461  	chisq 0.845754 (1 df)

Iteration 3:  6000000 integrand evaluations so far
[1] 315.272 +- 1.15767  	chisq 1.89505 (2 df)

Iteration 4:  10000000 integrand evaluations so far
[1] 314.671 +- 0.855886  	chisq 2.48791 (3 df)
  314.67 ±   0.86        ( 41.5s) ┃  457.46 ±   0.96        (8.39mi) ┃
┃   46 -    48 ┃   28 -    29 ┃  384.04 ±   0.11        (1.98mi) ┃-247.172 ±  0.093        (  28mi) ┃Vegas input parameters:
  ndim 7
  ncomp 1
  nvec 1
  epsrel 0
  epsabs 0
  flags 10
  seed 123456
  mineval 10000000
  maxeval 10000000
  nstart 1000000
  nincrease 1000000
  nbatch 5000
  gridno 0
  statefile ""

Iteration 1:  1000000 integrand evaluations so far
[1] 280.347 +- 6.07783  	chisq 0 (0 df)

Iteration 2:  3000000 integrand evaluations so far
[1] 290.147 +- 1.76442  	chisq 2.8394 (1 df)

Iteration 3:  6000000 integrand evaluations so far
[1] 290.324 +- 1.09953  	chisq 2.85585 (2 df)

Iteration 4:  10000000 integrand evaluations so far
[1] 290.821 +- 0.829418  	chisq 3.32881 (3 df)
  290.82 ±   0.83        ( 41.2s) ┃  427.69 ±   0.84        (30.7mi) ┃
┃   46 -    48 ┃   29 -    30 ┃  362.71 ±   0.26        (7.81mi) ┃-232.792 ±  0.057        (55.1mi) ┃Vegas input parameters:
  ndim 7
  ncomp 1
  nvec 1
  epsrel 0
  epsabs 0
  flags 10
  seed 123456
  mineval 10000000
  maxeval 10000000
  nstart 1000000
  nincrease 1000000
  nbatch 5000
  gridno 0
  statefile ""

Iteration 1:  1000000 integrand evaluations so far
[1] 278.085 +- 6.01809  	chisq 0 (0 df)

Iteration 2:  3000000 integrand evaluations so far
[1] 272.337 +- 1.6906  	chisq 0.990373 (1 df)

Iteration 3:  6000000 integrand evaluations so far
[1] 273.612 +- 1.11448  	chisq 1.99545 (2 df)

Iteration 4:  10000000 integrand evaluations so far
[1] 273.849 +- 0.82506  	chisq 2.09539 (3 df)
  273.85 ±   0.83        ( 41.4s) ┃  403.77 ±   0.87        (1.06hr) ┃
┃   46 -    48 ┃   30 -    31 ┃  360.68 ±   0.35        ( 3.9mi) ┃ -234.75 ±   0.21        (1.07mi) ┃Vegas input parameters:
  ndim 7
  ncomp 1
  nvec 1
  epsrel 0
  epsabs 0
  flags 10
  seed 123456
  mineval 10000000
  maxeval 10000000
  nstart 1000000
  nincrease 1000000
  nbatch 5000
  gridno 0
  statefile ""

Iteration 1:  1000000 integrand evaluations so far
[1] 266.075 +- 5.83817  	chisq 0 (0 df)

Iteration 2:  3000000 integrand evaluations so far
[1] 260.753 +- 1.63654  	chisq 0.901917 (1 df)

Iteration 3:  6000000 integrand evaluations so far
[1] 259.847 +- 1.09226  	chisq 1.45438 (2 df)

Iteration 4:  10000000 integrand evaluations so far
[1] 259.453 +- 0.808693  	chisq 1.74168 (3 df)
  259.45 ±   0.81        ( 40.8s) ┃  385.38 ±    0.9        (5.65mi) ┃
┃   46 -    48 ┃   31 -    32 ┃  327.15 ±   0.32        (3.92mi) ┃-210.439 ±    0.1        (27.2mi) ┃Vegas input parameters:
  ndim 7
  ncomp 1
  nvec 1
  epsrel 0
  epsabs 0
  flags 10
  seed 123456
  mineval 10000000
  maxeval 10000000
  nstart 1000000
  nincrease 1000000
  nbatch 5000
  gridno 0
  statefile ""

Iteration 1:  1000000 integrand evaluations so far
[1] 251.418 +- 5.64324  	chisq 0 (0 df)

Iteration 2:  3000000 integrand evaluations so far
[1] 248.396 +- 1.57328  	chisq 0.31096 (1 df)

Iteration 3:  6000000 integrand evaluations so far
[1] 246.887 +- 0.976533  	chisq 1.80801 (2 df)

Iteration 4:  10000000 integrand evaluations so far
[1] 246.631 +- 0.73009  	chisq 1.9631 (3 df)
  246.63 ±   0.73        ( 41.3s) ┃  363.35 ±    0.8        (31.8mi) ┃
┃   46 -    48 ┃   32 -    33 ┃  336.48 ±   0.33        (2.17mi) ┃ -216.35 ±   0.13        (27.6mi) ┃Vegas input parameters:
  ndim 7
  ncomp 1
  nvec 1
  epsrel 0
  epsabs 0
  flags 10
  seed 123456
  mineval 10000000
  maxeval 10000000
  nstart 1000000
  nincrease 1000000
  nbatch 5000
  gridno 0
  statefile ""

Iteration 1:  1000000 integrand evaluations so far
[1] 228.644 +- 5.28478  	chisq 0 (0 df)

Iteration 2:  3000000 integrand evaluations so far
[1] 234.152 +- 1.50854  	chisq 1.183 (1 df)

Iteration 3:  6000000 integrand evaluations so far
[1] 233.966 +- 0.942693  	chisq 1.20795 (2 df)

Iteration 4:  10000000 integrand evaluations so far
[1] 235.028 +- 0.710286  	chisq 4.143 (3 df)
  235.03 ±   0.71        ( 40.9s) ┃  355.16 ±   0.79        (30.5mi) ┃
┃   46 -    48 ┃   33 -    34 ┃  312.14 ±   0.27        (1.19mi) ┃ -198.11 ±   0.18        (3.52mi) ┃Vegas input parameters:
  ndim 7
  ncomp 1
  nvec 1
  epsrel 0
  epsabs 0
  flags 10
  seed 123456
  mineval 10000000
  maxeval 10000000
  nstart 1000000
  nincrease 1000000
  nbatch 5000
  gridno 0
  statefile ""

Iteration 1:  1000000 integrand evaluations so far
[1] 231.183 +- 5.31476  	chisq 0 (0 df)

Iteration 2:  3000000 integrand evaluations so far
[1] 226.056 +- 1.465  	chisq 1.00724 (1 df)

Iteration 3:  6000000 integrand evaluations so far
[1] 225.148 +- 0.908938  	chisq 1.63089 (2 df)

Iteration 4:  10000000 integrand evaluations so far
[1] 225.304 +- 0.717876  	chisq 1.70893 (3 df)
   225.3 ±   0.72        ( 41.5s) ┃  339.34 ±   0.79        ( 5.4mi) ┃
┃   46 -    48 ┃   34 -    35 ┃  330.19 ±   0.27        (4.06mi) ┃-212.335 ±  0.073        (1.86mi) ┃Vegas input parameters:
  ndim 7
  ncomp 1
  nvec 1
  epsrel 0
  epsabs 0
  flags 10
  seed 123456
  mineval 10000000
  maxeval 10000000
  nstart 1000000
  nincrease 1000000
  nbatch 5000
  gridno 0
  statefile ""

Iteration 1:  1000000 integrand evaluations so far
[1] 218.648 +- 5.12266  	chisq 0 (0 df)

Iteration 2:  3000000 integrand evaluations so far
[1] 215.941 +- 1.42364  	chisq 0.302562 (1 df)

Iteration 3:  6000000 integrand evaluations so far
[1] 216.373 +- 0.885425  	chisq 0.452276 (2 df)

Iteration 4:  10000000 integrand evaluations so far
[1] 216.34 +- 0.680538  	chisq 0.455662 (3 df)
  216.34 ±   0.68        ( 39.4s) ┃   334.2 ±   0.74        (6.58mi) ┃
┃   46 -    48 ┃   35 -    36 ┃ 283.328 ±  0.049        ( 4.3mi) ┃  -182.2 ±   0.16        ( 56.1s) ┃Vegas input parameters:
  ndim 7
  ncomp 1
  nvec 1
  epsrel 0
  epsabs 0
  flags 10
  seed 123456
  mineval 10000000
  maxeval 10000000
  nstart 1000000
  nincrease 1000000
  nbatch 5000
  gridno 0
  statefile ""

Iteration 1:  1000000 integrand evaluations so far
[1] 207.474 +- 4.97812  	chisq 0 (0 df)

Iteration 2:  3000000 integrand evaluations so far
[1] 208.993 +- 1.38288  	chisq 0.10101 (1 df)

Iteration 3:  6000000 integrand evaluations so far
[1] 208.668 +- 0.859205  	chisq 0.191169 (2 df)

Iteration 4:  10000000 integrand evaluations so far
[1] 208.21 +- 0.647831  	chisq 0.850032 (3 df)
  208.21 ±   0.65        ( 40.9s) ┃  309.33 ±   0.67        (5.91mi) ┃
┃   46 -    48 ┃   36 -    37 ┃  301.01 ±   0.16        ( 42.2s) ┃ -193.48 ±   0.11        (6.83mi) ┃Vegas input parameters:
  ndim 7
  ncomp 1
  nvec 1
  epsrel 0
  epsabs 0
  flags 10
  seed 123456
  mineval 10000000
  maxeval 10000000
  nstart 1000000
  nincrease 1000000
  nbatch 5000
  gridno 0
  statefile ""

Iteration 1:  1000000 integrand evaluations so far
[1] 191.049 +- 4.68492  	chisq 0 (0 df)

Iteration 2:  3000000 integrand evaluations so far
[1] 200.151 +- 1.45829  	chisq 4.17935 (1 df)

Iteration 3:  6000000 integrand evaluations so far
[1] 200.627 +- 0.894043  	chisq 4.34963 (2 df)

Iteration 4:  10000000 integrand evaluations so far
[1] 200.774 +- 0.644012  	chisq 4.40643 (3 df)
  200.77 ±   0.64        ( 40.5s) ┃   308.3 ±   0.67        (8.21mi) ┃
┃   46 -    48 ┃   37 -    38 ┃  293.86 ±   0.24        (2.19mi) ┃ -188.65 ±   0.15        (26.8mi) ┃Vegas input parameters:
  ndim 7
  ncomp 1
  nvec 1
  epsrel 0
  epsabs 0
  flags 10
  seed 123456
  mineval 10000000
  maxeval 10000000
  nstart 1000000
  nincrease 1000000
  nbatch 5000
  gridno 0
  statefile ""

Iteration 1:  1000000 integrand evaluations so far
[1] 192.498 +- 4.71406  	chisq 0 (0 df)

Iteration 2:  3000000 integrand evaluations so far
[1] 194.011 +- 1.31594  	chisq 0.111681 (1 df)

Iteration 3:  6000000 integrand evaluations so far
[1] 193.697 +- 0.841603  	chisq 0.208087 (2 df)

Iteration 4:  10000000 integrand evaluations so far
[1] 194.726 +- 0.625406  	chisq 3.54736 (3 df)
  194.73 ±   0.63        ( 38.5s) ┃  299.94 ±   0.69        (29.6mi) ┃
┃   46 -    48 ┃   38 -    39 ┃ 281.078 ±  0.079        ( 40.1s) ┃-180.358 ±  0.089        (13.1mi) ┃Vegas input parameters:
  ndim 7
  ncomp 1
  nvec 1
  epsrel 0
  epsabs 0
  flags 10
  seed 123456
  mineval 10000000
  maxeval 10000000
  nstart 1000000
  nincrease 1000000
  nbatch 5000
  gridno 0
  statefile ""

Iteration 1:  1000000 integrand evaluations so far
[1] 193.955 +- 4.72559  	chisq 0 (0 df)

Iteration 2:  3000000 integrand evaluations so far
[1] 187.111 +- 1.27027  	chisq 2.26146 (1 df)

Iteration 3:  6000000 integrand evaluations so far
[1] 188.812 +- 0.837092  	chisq 5.43321 (2 df)

Iteration 4:  10000000 integrand evaluations so far
[1] 189.056 +- 0.624331  	chisq 5.62406 (3 df)
  189.06 ±   0.62        ( 40.2s) ┃  289.78 ±   0.64        (14.4mi) ┃
┃   46 -    48 ┃   39 -    40 ┃  280.46 ±   0.28        (1.36mi) ┃ -179.66 ±  0.053        (48.2mi) ┃Vegas input parameters:
  ndim 7
  ncomp 1
  nvec 1
  epsrel 0
  epsabs 0
  flags 10
  seed 123456
  mineval 10000000
  maxeval 10000000
  nstart 1000000
  nincrease 1000000
  nbatch 5000
  gridno 0
  statefile ""

Iteration 1:  1000000 integrand evaluations so far
[1] 186.757 +- 4.56581  	chisq 0 (0 df)

Iteration 2:  3000000 integrand evaluations so far
[1] 183.724 +- 1.24483  	chisq 0.476838 (1 df)

Iteration 3:  6000000 integrand evaluations so far
[1] 184.298 +- 0.773084  	chisq 0.822946 (2 df)

Iteration 4:  10000000 integrand evaluations so far
[1] 183.854 +- 0.568786  	chisq 1.54108 (3 df)
  183.85 ±   0.57        ( 40.3s) ┃  284.65 ±   0.64        (50.3mi) ┃
┃   46 -    48 ┃   40 -    41 ┃  246.63 ±    0.2        ( 54.8s) ┃ -158.97 ±   0.14        (5.45mi) ┃Vegas input parameters:
  ndim 7
  ncomp 1
  nvec 1
  epsrel 0
  epsabs 0
  flags 10
  seed 123456
  mineval 10000000
  maxeval 10000000
  nstart 1000000
  nincrease 1000000
  nbatch 5000
  gridno 0
  statefile ""

Iteration 1:  1000000 integrand evaluations so far
[1] 173.833 +- 4.36277  	chisq 0 (0 df)

Iteration 2:  3000000 integrand evaluations so far
[1] 178.004 +- 1.21985  	chisq 0.99152 (1 df)

Iteration 3:  6000000 integrand evaluations so far
[1] 178.238 +- 0.760057  	chisq 1.05161 (2 df)

Iteration 4:  10000000 integrand evaluations so far
[1] 179.127 +- 0.593695  	chisq 4.5613 (3 df)
  179.13 ±   0.59        ( 41.1s) ┃  266.78 ±   0.64        (7.05mi) ┃
┃   46 -    48 ┃   41 -    42 ┃ 300.468 ±  0.093        ( 1.1mi) ┃-192.764 ±  0.085        (6.68mi) ┃Vegas input parameters:
  ndim 7
  ncomp 1
  nvec 1
  epsrel 0
  epsabs 0
  flags 10
  seed 123456
  mineval 10000000
  maxeval 10000000
  nstart 1000000
  nincrease 1000000
  nbatch 5000
  gridno 0
  statefile ""

Iteration 1:  1000000 integrand evaluations so far
[1] 169.452 +- 4.31743  	chisq 0 (0 df)

Iteration 2:  3000000 integrand evaluations so far
[1] 174.581 +- 1.21348  	chisq 1.53267 (1 df)

Iteration 3:  6000000 integrand evaluations so far
[1] 174.754 +- 0.747403  	chisq 1.5653 (2 df)

Iteration 4:  10000000 integrand evaluations so far
[1] 174.678 +- 0.549846  	chisq 1.58795 (3 df)
  174.68 ±   0.55        ( 40.5s) ┃  282.38 ±   0.56        (8.45mi) ┃
┃   46 -    48 ┃   42 -    43 ┃ 237.212 ±   0.06        (1.94mi) ┃ -151.58 ±   0.11        (2.88mi) ┃Vegas input parameters:
  ndim 7
  ncomp 1
  nvec 1
  epsrel 0
  epsabs 0
  flags 10
  seed 123456
  mineval 10000000
  maxeval 10000000
  nstart 1000000
  nincrease 1000000
  nbatch 5000
  gridno 0
  statefile ""

Iteration 1:  1000000 integrand evaluations so far
[1] 167.429 +- 4.28794  	chisq 0 (0 df)

Iteration 2:  3000000 integrand evaluations so far
[1] 169.659 +- 1.16578  	chisq 0.292054 (1 df)

Iteration 3:  6000000 integrand evaluations so far
[1] 169.526 +- 0.754114  	chisq 0.314207 (2 df)

Iteration 4:  10000000 integrand evaluations so far
[1] 169.167 +- 0.557598  	chisq 0.815801 (3 df)
  169.17 ±   0.56        ( 40.6s) ┃   254.8 ±   0.57        (5.49mi) ┃
┃   46 -    48 ┃   43 -    44 ┃   254.1 ±    0.1        ( 2.2mi) ┃ -163.48 ±  0.077        (24.5mi) ┃Vegas input parameters:
  ndim 7
  ncomp 1
  nvec 1
  epsrel 0
  epsabs 0
  flags 10
  seed 123456
  mineval 10000000
  maxeval 10000000
  nstart 1000000
  nincrease 1000000
  nbatch 5000
  gridno 0
  statefile ""

Iteration 1:  1000000 integrand evaluations so far
[1] 166.305 +- 4.26542  	chisq 0 (0 df)

Iteration 2:  3000000 integrand evaluations so far
[1] 166.184 +- 1.16003  	chisq 0.000872996 (1 df)

Iteration 3:  6000000 integrand evaluations so far
[1] 165.992 +- 0.71552  	chisq 0.0448845 (2 df)

Iteration 4:  10000000 integrand evaluations so far
[1] 165.891 +- 0.543759  	chisq 0.0927494 (3 df)
  165.89 ±   0.54        ( 41.5s) ┃  256.51 ±   0.56        (27.4mi) ┃
┃   46 -    48 ┃   44 -    45 ┃  258.78 ±   0.16        (1.13mi) ┃ -165.68 ±   0.14        (11.2mi) ┃Vegas input parameters:
  ndim 7
  ncomp 1
  nvec 1
  epsrel 0
  epsabs 0
  flags 10
  seed 123456
  mineval 10000000
  maxeval 10000000
  nstart 1000000
  nincrease 1000000
  nbatch 5000
  gridno 0
  statefile ""

Iteration 1:  1000000 integrand evaluations so far
[1] 160.542 +- 4.17443  	chisq 0 (0 df)

Iteration 2:  3000000 integrand evaluations so far
[1] 162.288 +- 1.126  	chisq 0.188832 (1 df)

Iteration 3:  6000000 integrand evaluations so far
[1] 161.837 +- 0.697269  	chisq 0.449875 (2 df)

Iteration 4:  10000000 integrand evaluations so far
[1] 162.349 +- 0.527075  	chisq 1.7082 (3 df)
  162.35 ±   0.53        ( 40.2s) ┃  255.45 ±   0.57        (  13mi) ┃
┃   46 -    48 ┃   45 -    46 ┃   224.1 ±   0.19        (2.13mi) ┃-144.412 ±   0.06        (25.2mi) ┃Vegas input parameters:
  ndim 7
  ncomp 1
  nvec 1
  epsrel 0
  epsabs 0
  flags 10
  seed 123456
  mineval 10000000
  maxeval 10000000
  nstart 1000000
  nincrease 1000000
  nbatch 5000
  gridno 0
  statefile ""

Iteration 1:  1000000 integrand evaluations so far
[1] 162.337 +- 4.18915  	chisq 0 (0 df)

Iteration 2:  3000000 integrand evaluations so far
[1] 160.338 +- 1.11005  	chisq 0.244698 (1 df)

Iteration 3:  6000000 integrand evaluations so far
[1] 159.413 +- 0.689685  	chisq 1.37573 (2 df)

Iteration 4:  10000000 integrand evaluations so far
[1] 158.718 +- 0.505789  	chisq 3.57797 (3 df)
  158.72 ±   0.51        ( 40.9s) ┃  238.41 ±   0.54        (  28mi) ┃
┃   46 -    48 ┃   46 -    47 ┃  249.34 ±   0.22        (2.17mi) ┃ -159.92 ±   0.16        (11.2mi) ┃Vegas input parameters:
  ndim 7
  ncomp 1
  nvec 1
  epsrel 0
  epsabs 0
  flags 10
  seed 123456
  mineval 10000000
  maxeval 10000000
  nstart 1000000
  nincrease 1000000
  nbatch 5000
  gridno 0
  statefile ""

Iteration 1:  1000000 integrand evaluations so far
[1] 156.275 +- 4.10218  	chisq 0 (0 df)

Iteration 2:  3000000 integrand evaluations so far
[1] 156.419 +- 1.1969  	chisq 0.00133847 (1 df)

Iteration 3:  6000000 integrand evaluations so far
[1] 155.773 +- 0.724952  	chisq 0.460891 (2 df)

Iteration 4:  10000000 integrand evaluations so far
[1] 156.005 +- 0.522341  	chisq 0.674025 (3 df)
  156.01 ±   0.52        ( 40.8s) ┃  245.42 ±   0.59        (  14mi) ┃
┃   46 -    48 ┃   47 -    48 ┃  228.38 ±   0.18        (1.11mi) ┃ -145.97 ±   0.13        (11.1mi) ┃Vegas input parameters:
  ndim 7
  ncomp 1
  nvec 1
  epsrel 0
  epsabs 0
  flags 10
  seed 123456
  mineval 10000000
  maxeval 10000000
  nstart 1000000
  nincrease 1000000
  nbatch 5000
  gridno 0
  statefile ""

Iteration 1:  1000000 integrand evaluations so far
[1] 154.233 +- 4.0421  	chisq 0 (0 df)

Iteration 2:  3000000 integrand evaluations so far
[1] 154.976 +- 1.08336  	chisq 0.0363922 (1 df)

Iteration 3:  6000000 integrand evaluations so far
[1] 154.62 +- 0.669515  	chisq 0.211185 (2 df)

Iteration 4:  10000000 integrand evaluations so far
[1] 153.801 +- 0.503007  	chisq 3.65143 (3 df)
   153.8 ±    0.5        ( 40.9s) ┃  236.21 ±   0.55        (12.9mi) ┃
┃   46 -    48 ┃   48 -    49 ┃  239.24 ±    0.1        ( 3.9mi) ┃ -155.78 ±   0.12        ( 29.8s) ┃Vegas input parameters:
  ndim 7
  ncomp 1
  nvec 1
  epsrel 0
  epsabs 0
  flags 10
  seed 123456
  mineval 10000000
  maxeval 10000000
  nstart 1000000
  nincrease 1000000
  nbatch 5000
  gridno 0
  statefile ""

Iteration 1:  1000000 integrand evaluations so far
[1] 144.146 +- 3.90677  	chisq 0 (0 df)

Iteration 2:  3000000 integrand evaluations so far
[1] 152.415 +- 1.05256  	chisq 4.83053 (1 df)

Iteration 3:  6000000 integrand evaluations so far
[1] 151.977 +- 0.711011  	chisq 5.14851 (2 df)

Iteration 4:  10000000 integrand evaluations so far
[1] 152.594 +- 0.531201  	chisq 6.84851 (3 df)
  152.59 ±   0.53        ( 40.9s) ┃  236.06 ±   0.55        (5.08mi) ┃
┃   46 -    48 ┃   49 -    50 ┃  218.49 ±   0.15        (1.95mi) ┃ -139.94 ±    0.1        (6.57mi) ┃Vegas input parameters:
  ndim 7
  ncomp 1
  nvec 1
  epsrel 0
  epsabs 0
  flags 10
  seed 123456
  mineval 10000000
  maxeval 10000000
  nstart 1000000
  nincrease 1000000
  nbatch 5000
  gridno 0
  statefile ""

Iteration 1:  1000000 integrand evaluations so far
[1] 153.804 +- 4.07681  	chisq 0 (0 df)

Iteration 2:  3000000 integrand evaluations so far
[1] 150.469 +- 1.06021  	chisq 0.718048 (1 df)

Iteration 3:  6000000 integrand evaluations so far
[1] 150.181 +- 0.657502  	chisq 0.837987 (2 df)

Iteration 4:  10000000 integrand evaluations so far
[1] 150.322 +- 0.488584  	chisq 0.941683 (3 df)
  150.32 ±   0.49        ( 40.5s) ┃  228.87 ±   0.52        ( 9.2mi) ┃
┃   46 -    48 ┃   50 -    51 ┃ 199.571 ±  0.046        (3.87mi) ┃ -129.92 ±   0.13        ( 48.2s) ┃Vegas input parameters:
  ndim 7
  ncomp 1
  nvec 1
  epsrel 0
  epsabs 0
  flags 10
  seed 123456
  mineval 10000000
  maxeval 10000000
  nstart 1000000
  nincrease 1000000
  nbatch 5000
  gridno 0
  statefile ""

Iteration 1:  1000000 integrand evaluations so far
[1] 153.746 +- 4.06737  	chisq 0 (0 df)

Iteration 2:  3000000 integrand evaluations so far
[1] 149.912 +- 1.04064  	chisq 0.95044 (1 df)

Iteration 3:  6000000 integrand evaluations so far
[1] 148.641 +- 0.645283  	chisq 3.37728 (2 df)

Iteration 4:  10000000 integrand evaluations so far
[1] 148.822 +- 0.490605  	chisq 3.56556 (3 df)
  148.82 ±   0.49        ( 40.6s) ┃  218.48 ±   0.51        (5.35mi) ┃
┃   46 -    48 ┃   51 -    52 ┃ 240.733 ±  0.077        ( 3.8mi) ┃ -154.12 ±   0.13        (23.5mi) ┃Vegas input parameters:
  ndim 7
  ncomp 1
  nvec 1
  epsrel 0
  epsabs 0
  flags 10
  seed 123456
  mineval 10000000
  maxeval 10000000
  nstart 1000000
  nincrease 1000000
  nbatch 5000
  gridno 0
  statefile ""

Iteration 1:  1000000 integrand evaluations so far
[1] 144.094 +- 3.93914  	chisq 0 (0 df)

Iteration 2:  3000000 integrand evaluations so far
[1] 145.843 +- 1.03131  	chisq 0.211608 (1 df)

Iteration 3:  6000000 integrand evaluations so far
[1] 145.81 +- 0.636602  	chisq 0.213217 (2 df)

Iteration 4:  10000000 integrand evaluations so far
[1] 146.527 +- 0.493704  	chisq 3.39983 (3 df)
  146.53 ±   0.49        (   41s) ┃  233.14 ±   0.52        (  28mi) ┃
┃   46 -    48 ┃   52 -    53 ┃   195.8 ±  0.032        (3.98mi) ┃-125.816 ±   0.05        ( 6.4mi) ┃Vegas input parameters:
  ndim 7
  ncomp 1
  nvec 1
  epsrel 0
  epsabs 0
  flags 10
  seed 123456
  mineval 10000000
  maxeval 10000000
  nstart 1000000
  nincrease 1000000
  nbatch 5000
  gridno 0
  statefile ""

Iteration 1:  1000000 integrand evaluations so far
[1] 139.773 +- 3.86781  	chisq 0 (0 df)

Iteration 2:  3000000 integrand evaluations so far
[1] 144.646 +- 1.03372  	chisq 1.70928 (1 df)

Iteration 3:  6000000 integrand evaluations so far
[1] 144.217 +- 0.63587  	chisq 1.98703 (2 df)

Iteration 4:  10000000 integrand evaluations so far
[1] 144.558 +- 0.468676  	chisq 2.61929 (3 df)
  144.56 ±   0.47        ( 40.5s) ┃  214.54 ±   0.47        (11.1mi) ┃
┃   46 -    48 ┃   53 -    54 ┃  208.87 ±   0.17        (2.16mi) ┃-134.519 ±  0.037        ( 5.1mi) ┃Vegas input parameters:
  ndim 7
  ncomp 1
  nvec 1
  epsrel 0
  epsabs 0
  flags 10
  seed 123456
  mineval 10000000
  maxeval 10000000
  nstart 1000000
  nincrease 1000000
  nbatch 5000
  gridno 0
  statefile ""

Iteration 1:  1000000 integrand evaluations so far
[1] 144.424 +- 3.93898  	chisq 0 (0 df)

Iteration 2:  3000000 integrand evaluations so far
[1] 144.116 +- 1.02115  	chisq 0.00652541 (1 df)

Iteration 3:  6000000 integrand evaluations so far
[1] 143.302 +- 0.627398  	chisq 1.02763 (2 df)

Iteration 4:  10000000 integrand evaluations so far
[1] 143.169 +- 0.471018  	chisq 1.13113 (3 df)
  143.17 ±   0.47        ( 41.1s) ┃  217.52 ±    0.5        (7.94mi) ┃
┃   46 -    48 ┃   54 -    55 ┃ 191.747 ±  0.018        (3.79mi) ┃-122.547 ±  0.021        (24.8mi) ┃Vegas input parameters:
  ndim 7
  ncomp 1
  nvec 1
  epsrel 0
  epsabs 0
  flags 10
  seed 123456
  mineval 10000000
  maxeval 10000000
  nstart 1000000
  nincrease 1000000
  nbatch 5000
  gridno 0
  statefile ""

Iteration 1:  1000000 integrand evaluations so far
[1] 142.899 +- 3.95043  	chisq 0 (0 df)

Iteration 2:  3000000 integrand evaluations so far
[1] 142.892 +- 1.01288  	chisq 3.66502e-06 (1 df)

Iteration 3:  6000000 integrand evaluations so far
[1] 143.169 +- 0.640152  	chisq 0.124932 (2 df)

Iteration 4:  10000000 integrand evaluations so far
[1] 142.766 +- 0.48375  	chisq 1.04893 (3 df)
  142.77 ±   0.48        ( 41.3s) ┃  211.97 ±   0.48        (29.2mi) ┃
┃   46 -    48 ┃   55 -    56 ┃  202.37 ±  0.042        (3.72mi) ┃-129.717 ±  0.063        (6.27mi) ┃Vegas input parameters:
  ndim 7
  ncomp 1
  nvec 1
  epsrel 0
  epsabs 0
  flags 10
  seed 123456
  mineval 10000000
  maxeval 10000000
  nstart 1000000
  nincrease 1000000
  nbatch 5000
  gridno 0
  statefile ""

Iteration 1:  1000000 integrand evaluations so far
[1] 137.622 +- 3.86371  	chisq 0 (0 df)

Iteration 2:  3000000 integrand evaluations so far
[1] 141.429 +- 0.991928  	chisq 1.03954 (1 df)

Iteration 3:  6000000 integrand evaluations so far
[1] 142.289 +- 0.643701  	chisq 2.33793 (2 df)

Iteration 4:  10000000 integrand evaluations so far
[1] 141.123 +- 0.475937  	chisq 9.57644 (3 df)
  141.12 ±   0.48        ( 41.1s) ┃  213.78 ±   0.48        (10.7mi) ┃
┃   46 -    48 ┃   56 -    57 ┃  201.14 ±   0.19        (1.95mi) ┃-128.599 ±  0.089        (9.71mi) ┃Vegas input parameters:
  ndim 7
  ncomp 1
  nvec 1
  epsrel 0
  epsabs 0
  flags 10
  seed 123456
  mineval 10000000
  maxeval 10000000
  nstart 1000000
  nincrease 1000000
  nbatch 5000
  gridno 0
  statefile ""

Iteration 1:  1000000 integrand evaluations so far
[1] 139.143 +- 3.91545  	chisq 0 (0 df)

Iteration 2:  3000000 integrand evaluations so far
[1] 139.997 +- 0.997991  	chisq 0.0508674 (1 df)

Iteration 3:  6000000 integrand evaluations so far
[1] 139.662 +- 0.615972  	chisq 0.232238 (2 df)

Iteration 4:  10000000 integrand evaluations so far
[1] 139.281 +- 0.46806  	chisq 1.13897 (3 df)
  139.28 ±   0.47        ( 40.8s) ┃  211.82 ±   0.51        (12.3mi) ┃
┃   46 -    48 ┃   57 -    58 ┃ 174.252 ±  0.078        (1.95mi) ┃-111.584 ±  0.017        (20.3mi) ┃Vegas input parameters:
  ndim 7
  ncomp 1
  nvec 1
  epsrel 0
  epsabs 0
  flags 10
  seed 123456
  mineval 10000000
  maxeval 10000000
  nstart 1000000
  nincrease 1000000
  nbatch 5000
  gridno 0
  statefile ""

Iteration 1:  1000000 integrand evaluations so far
[1] 145.81 +- 4.06378  	chisq 0 (0 df)

Iteration 2:  3000000 integrand evaluations so far
[1] 138.116 +- 0.980445  	chisq 3.80674 (1 df)

Iteration 3:  6000000 integrand evaluations so far
[1] 138.574 +- 0.628773  	chisq 4.17818 (2 df)

Iteration 4:  10000000 integrand evaluations so far
[1] 137.557 +- 0.470263  	chisq 10.1129 (3 df)
  137.56 ±   0.47        ( 39.9s) ┃  200.23 ±   0.48        (22.9mi) ┃
┃   46 -    48 ┃   58 -    59 ┃ 190.744 ± 0.0051        ( 3.2mi) ┃-121.911 ±  0.036        (24.3mi) ┃Vegas input parameters:
  ndim 7
  ncomp 1
  nvec 1
  epsrel 0
  epsabs 0
  flags 10
  seed 123456
  mineval 10000000
  maxeval 10000000
  nstart 1000000
  nincrease 1000000
  nbatch 5000
  gridno 0
  statefile ""

Iteration 1:  1000000 integrand evaluations so far
[1] 140.146 +- 3.97206  	chisq 0 (0 df)

Iteration 2:  3000000 integrand evaluations so far
[1] 138.454 +- 0.987193  	chisq 0.193372 (1 df)

Iteration 3:  6000000 integrand evaluations so far
[1] 138.89 +- 0.607279  	chisq 0.506088 (2 df)

Iteration 4:  10000000 integrand evaluations so far
[1] 137.691 +- 0.446097  	chisq 8.97327 (3 df)
  137.69 ±   0.45        (   41s) ┃  206.52 ±   0.45        (28.2mi) ┃
┃   46 -    48 ┃   59 -    60 ┃ 172.184 ±  0.064        (7.38mi) ┃-110.165 ±   0.02        (20.5mi) ┃Vegas input parameters:
  ndim 7
  ncomp 1
  nvec 1
  epsrel 0
  epsabs 0
  flags 10
  seed 123456
  mineval 10000000
  maxeval 10000000
  nstart 1000000
  nincrease 1000000
  nbatch 5000
  gridno 0
  statefile ""

Iteration 1:  1000000 integrand evaluations so far
[1] 129.927 +- 3.81628  	chisq 0 (0 df)

Iteration 2:  3000000 integrand evaluations so far
[1] 135.139 +- 0.973198  	chisq 1.99459 (1 df)

Iteration 3:  6000000 integrand evaluations so far
[1] 135.963 +- 0.610718  	chisq 3.1766 (2 df)

Iteration 4:  10000000 integrand evaluations so far
[1] 136.395 +- 0.450859  	chisq 4.27649 (3 df)
  136.39 ±   0.45        ( 40.9s) ┃  198.41 ±   0.46        (28.6mi) ┃
┣━━━━━━━━━━━━━━╋━━━━━━━━━━━━━━╋━━━━━━━━━━━━━━━━━━━━━━━━━━━━━━━━━━╋━━━━━━━━━━━━━━━━━━━━━━━━━━━━━━━━━━╋━━━━━━━━━━━━━━━━━━━━━━━━━━━━━━━━━━╋━━━━━━━━━━━━━━━━━━━━━━━━━━━━━━━━━━┫
┃   44 -    48 ┃   25 -    60 ┃ 20.4448 ± 0.0017 ·10⁺⁰³ (2.59hr) ┃-13.1269 ±  0.001 ·10⁺⁰³ (17.5hr) ┃ 14.4971 ± 0.0055 ·10⁺⁰³ (47.6mi) ┃ 21.8151 ± 0.0059 ·10⁺⁰³ (20.8hr) ┃
┗━━━━━━━━━━━━━━┻━━━━━━━━━━━━━━┻━━━━━━━━━━━━━━━━━━━━━━━━━━━━━━━━━━┻━━━━━━━━━━━━━━━━━━━━━━━━━━━━━━━━━━┻━━━━━━━━━━━━━━━━━━━━━━━━━━━━━━━━━━┻━━━━━━━━━━━━━━━━━━━━━━━━━━━━━━━━━━┛

╍╍╍╍╍╍╍╍╍╍╍╍╍╍╍╍╍╍╍╍╍╍╍╍╍╍╍╍╍╍╍╍ Summary ╍╍╍╍╍╍╍╍╍╍╍╍╍╍╍╍╍╍╍╍╍╍╍╍╍╍╍╍╍╍╍
      Total cross section                    21.8151 ± 0.0059          pb
         Calculation time                               20.8       hours
              Output file                    outputs/qt_qt44_48_NLL_muR0.5_muF0.5.root            
      Result in text file                    outputs/qt_qt44_48_NLL_muR0.5_muF0.5.txt            

╍╍╍╍╍╍╍╍╍╍╍╍╍╍╍╍╍╍╍╍╍╍╍╍╍╍╍╍╍╍╍╍╍╍╍╍╍╍╍╍╍╍╍╍╍╍╍╍╍╍╍╍╍╍╍╍╍╍╍╍╍╍╍╍╍╍╍╍╍╍╍╍

