
╍╍╍╍╍╍╍╍╍╍╍╍╍╍╍╍╍╍╍╍╍╍╍╍╍╍╍ Process settings ╍╍╍╍╍╍╍╍╍╍╍╍╍╍╍╍╍╍╍╍╍╍╍╍╍╍╍
   proton-proton collisions at sqrt(s) = 13000 GeV 
   Computing NLO+NLL resummed cross section
   W+ ->  nu(p3)+e+(p4) production 

╍╍╍╍╍╍╍╍╍╍╍╍╍╍╍╍╍╍╍╍╍╍╍╍╍╍╍╍╍╍ CKM matrix ╍╍╍╍╍╍╍╍╍╍╍╍╍╍╍╍╍╍╍╍╍╍╍╍╍╍╍╍╍╍
     | Vud Vus Vub |   |   0.97427   0.2253  0.00351 | 
     | Vcd Vcs Vcb | = |    0.2252  0.97344   0.0412 | 
     | Vtd Vts Vtb |   |         0        0        0 | 

╍╍╍╍╍╍╍╍╍╍╍╍╍╍╍╍╍╍╍╍╍╍╍╍╍╍╍╍╍ EW parameters ╍╍╍╍╍╍╍╍╍╍╍╍╍╍╍╍╍╍╍╍╍╍╍╍╍╍╍╍
                                         Gf =  1.1663787e-05      GeV^-2
                                    1/alpha =  132.233229791            
                                 sin(thW)^2 = 0.222897222524            
                                     W mass =         80.385         GeV
                                     Z mass =        91.1876         GeV
                                    W width =          2.091         GeV
                                    Z width =          2.495         GeV

╍╍╍╍╍╍╍╍╍╍╍╍╍╍╍╍╍╍╍╍╍╍╍╍╍╍╍╍╍ QCD settings ╍╍╍╍╍╍╍╍╍╍╍╍╍╍╍╍╍╍╍╍╍╍╍╍╍╍╍╍╍
   Renormalization scale:     dynamic muren =              2      * m_ll
     Factorization scale:     dynamic mufac =              2      * m_ll
       Resummation scale:     dynamic mures =              1      * m_ll
          Strong coupling       alpha_s(MZ) =       0.118001            
                              running order =              2       -loop
         Non-perturbative     form factor g =            0.7       GeV^2

╍╍╍╍╍╍╍╍╍╍╍╍╍╍╍╍╍╍╍╍╍╍╍╍╍╍╍╍╍ PDF settings ╍╍╍╍╍╍╍╍╍╍╍╍╍╍╍╍╍╍╍╍╍╍╍╍╍╍╍╍╍
                                     PDF set:MSHT20nnlo_as118            
                                  PDF member:              0            
  Mellin moments of PDFs:                    Numerical integration            
                         nodes for the quadrature:            200            
                         Intervals for the quadrature:              1            

╍╍╍╍╍╍╍╍╍╍╍╍╍╍╍╍╍╍╍╍╍╍╍╍╍╍╍╍╍╍╍ qT recoil ╍╍╍╍╍╍╍╍╍╍╍╍╍╍╍╍╍╍╍╍╍╍╍╍╍╍╍╍╍╍
  qt-recoil prescription:       Collins-Soper kt1 = p_V(x)/2; kt2 = p_V(y)/2            

╍╍╍╍╍╍╍╍╍╍╍╍╍╍╍╍╍╍╍╍╍╍╍╍╍╍╍╍╍╍╍╍╍ Cuts ╍╍╍╍╍╍╍╍╍╍╍╍╍╍╍╍╍╍╍╍╍╍╍╍╍╍╍╍╍╍╍╍╍
                                  apply cuts:           true            
                                      pt_l >               0            
                                   |eta_l| <            1000            
                                    pt_lep >              25            
                                 |eta_lep| <             2.4            
                                   pt_alep >              25            
                                |eta_alep| <             2.4            
                                  user cuts:            true            

╍╍╍╍╍╍╍╍╍╍╍╍╍╍╍╍╍╍╍╍╍╍╍╍╍╍╍╍ ResummationDamp ╍╍╍╍╍╍╍╍╍╍╍╍╍╍╍╍╍╍╍╍╍╍╍╍╍╍╍
                                    damping :             on            
                                damping mode:              1            
                                  damp above:        60.2888         GeV
                               damping width:        20.0963         GeV
                          resummation cutoff:             20         MeV

╍╍╍╍╍╍╍╍╍╍╍╍╍╍╍╍╍╍╍╍╍╍╍╍╍╍╍╍ Debug settings ╍╍╍╍╍╍╍╍╍╍╍╍╍╍╍╍╍╍╍╍╍╍╍╍╍╍╍╍
                                 timeprofile:          false            
                                     verbose:          false            
                               cubaverbosity:              2            

╍╍╍╍╍╍╍╍╍╍╍╍╍╍╍╍╍╍╍╍╍╍╍╍╍╍╍╍╍╍╍╍╍╍╍╍╍╍╍╍╍╍╍╍╍╍╍╍╍╍╍╍╍╍╍╍╍╍╍╍╍╍╍╍╍╍╍╍╍╍╍╍

Warning: Histogram `a1_qt` contains non-integrable observable and will be deleted 
Warning: Histogram `a1_qt_vs_y` contains non-integrable observable and will be deleted 
Warning: Histogram `s_biganswer` contains non-integrable observable and will be deleted 
Warning: Histogram `wgt_a1_qt` contains non-integrable observable and will be deleted 

╍╍╍╍╍╍╍╍╍╍╍╍╍╍╍╍╍╍╍╍╍╍╍╍╍ Integration settings ╍╍╍╍╍╍╍╍╍╍╍╍╍╍╍╍╍╍╍╍╍╍╍╍╍
             Random seeds              123456                           
           Parallel cores                   1                           

             Resummation:     cuhre (dm, dpt)         iter =           5
                                   gauss (dy)        nodes =          64
                                                 intervals =           1
            Counter term:      cuhre (dm, dy)         iter =           5
                                  gauss (dpt)        nodes =          20
                                                 intervals =           5
                     V+J:            vegas 7D       ncalls =    10000000

Mellin inverse transform:           gaussian         nodes =          30
                                                 intervals =           1
                               imaginary axis         zmax =           2
  Angular variable costh:     semi-analytical      ncstart =         100
   Angular variables phi:            gaussian    intervals =          20

      Constant boundaries                  q2          low =          80
                                                      high =         100
                                            y          low =          -6
                                                      high =           6
                                        costh          low =          -1
                                                      high =           1
                                       eta(l)          low =         -10
                                                      high =          10

┏━━━━━━━━━━━━━━┰━━━━━━━━━━━━━━┰━━━━━━━━━━━━━━━━━━━━━━━━━━━━━━━━━━┰━━━━━━━━━━━━━━━━━━━━━━━━━━━━━━━━━━┰━━━━━━━━━━━━━━━━━━━━━━━━━━━━━━━━━━┰━━━━━━━━━━━━━━━━━━━━━━━━━━━━━━━━━━┓
┃           qT ┃        pT(l) ┃                      Resummation ┃                     Counter term ┃                              V+J ┃                            TOTAL ┃
┣━━━━━━━━━━━━━━╋━━━━━━━━━━━━━━╋━━━━━━━━━━━━━━━━━━━━━━━━━━━━━━━━━━╋━━━━━━━━━━━━━━━━━━━━━━━━━━━━━━━━━━╋━━━━━━━━━━━━━━━━━━━━━━━━━━━━━━━━━━╋━━━━━━━━━━━━━━━━━━━━━━━━━━━━━━━━━━┫
┃   80 -    82 ┃   25 -    26 ┃   32.58 ±  0.011        (3.63mi) ┃-13.3875 ± 0.0049        (31.3mi) ┃Vegas input parameters:
  ndim 7
  ncomp 1
  nvec 1
  epsrel 0
  epsabs 0
  flags 10
  seed 123456
  mineval 10000000
  maxeval 10000000
  nstart 1000000
  nincrease 1000000
  nbatch 5000
  gridno 0
  statefile ""

Iteration 1:  1000000 integrand evaluations so far
[1] 49.7945 +- 1.36472  	chisq 0 (0 df)

Iteration 2:  3000000 integrand evaluations so far
[1] 50.5712 +- 0.385055  	chisq 0.351913 (1 df)

Iteration 3:  6000000 integrand evaluations so far
[1] 50.7001 +- 0.238927  	chisq 0.534257 (2 df)

Iteration 4:  10000000 integrand evaluations so far
[1] 50.5054 +- 0.191661  	chisq 2.39763 (3 df)
   50.51 ±   0.19        ( 30.8s) ┃    69.7 ±   0.19        (35.4mi) ┃
┃   80 -    82 ┃   26 -    27 ┃  27.502 ±  0.018        (3.62mi) ┃-11.0247 ± 0.0099        ( 8.1mi) ┃Vegas input parameters:
  ndim 7
  ncomp 1
  nvec 1
  epsrel 0
  epsabs 0
  flags 10
  seed 123456
  mineval 10000000
  maxeval 10000000
  nstart 1000000
  nincrease 1000000
  nbatch 5000
  gridno 0
  statefile ""

Iteration 1:  1000000 integrand evaluations so far
[1] 48.6362 +- 1.32478  	chisq 0 (0 df)

Iteration 2:  3000000 integrand evaluations so far
[1] 48.0762 +- 0.369954  	chisq 0.193822 (1 df)

Iteration 3:  6000000 integrand evaluations so far
[1] 48.6282 +- 0.24015  	chisq 4.04194 (2 df)

Iteration 4:  10000000 integrand evaluations so far
[1] 48.6575 +- 0.186935  	chisq 4.07957 (3 df)
   48.66 ±   0.19        ( 33.2s) ┃   65.13 ±   0.19        (12.3mi) ┃
┃   80 -    82 ┃   27 -    28 ┃  25.682 ±  0.014        ( 38.9s) ┃-10.4691 ± 0.0084        (7.79mi) ┃Vegas input parameters:
  ndim 7
  ncomp 1
  nvec 1
  epsrel 0
  epsabs 0
  flags 10
  seed 123456
  mineval 10000000
  maxeval 10000000
  nstart 1000000
  nincrease 1000000
  nbatch 5000
  gridno 0
  statefile ""

Iteration 1:  1000000 integrand evaluations so far
[1] 48.148 +- 1.30658  	chisq 0 (0 df)

Iteration 2:  3000000 integrand evaluations so far
[1] 47.4167 +- 0.36607  	chisq 0.339935 (1 df)

Iteration 3:  6000000 integrand evaluations so far
[1] 47.504 +- 0.227215  	chisq 0.432373 (2 df)

Iteration 4:  10000000 integrand evaluations so far
[1] 47.4991 +- 0.182014  	chisq 0.433678 (3 df)
    47.5 ±   0.18        ( 31.8s) ┃   62.71 ±   0.18        (8.97mi) ┃
┃   80 -    82 ┃   28 -    29 ┃  23.028 ±  0.011        (7.07mi) ┃ -9.4385 ± 0.0039        (16.1mi) ┃Vegas input parameters:
  ndim 7
  ncomp 1
  nvec 1
  epsrel 0
  epsabs 0
  flags 10
  seed 123456
  mineval 10000000
  maxeval 10000000
  nstart 1000000
  nincrease 1000000
  nbatch 5000
  gridno 0
  statefile ""

Iteration 1:  1000000 integrand evaluations so far
[1] 46.3004 +- 1.27884  	chisq 0 (0 df)

Iteration 2:  3000000 integrand evaluations so far
[1] 46.5334 +- 0.35921  	chisq 0.0360498 (1 df)

Iteration 3:  6000000 integrand evaluations so far
[1] 46.4151 +- 0.232486  	chisq 0.222912 (2 df)

Iteration 4:  10000000 integrand evaluations so far
[1] 46.5861 +- 0.187869  	chisq 1.78209 (3 df)
   46.59 ±   0.19        ( 30.6s) ┃   60.18 ±   0.19        (23.6mi) ┃
┃   80 -    82 ┃   29 -    30 ┃  31.471 ±  0.019        (   2mi) ┃-12.7495 ± 0.0042        (16.7mi) ┃Vegas input parameters:
  ndim 7
  ncomp 1
  nvec 1
  epsrel 0
  epsabs 0
  flags 10
  seed 123456
  mineval 10000000
  maxeval 10000000
  nstart 1000000
  nincrease 1000000
  nbatch 5000
  gridno 0
  statefile ""

Iteration 1:  1000000 integrand evaluations so far
[1] 47.476 +- 1.28848  	chisq 0 (0 df)

Iteration 2:  3000000 integrand evaluations so far
[1] 45.0383 +- 0.350066  	chisq 3.86477 (1 df)

Iteration 3:  6000000 integrand evaluations so far
[1] 45.1008 +- 0.217319  	chisq 3.91662 (2 df)

Iteration 4:  10000000 integrand evaluations so far
[1] 45.0636 +- 0.164446  	chisq 3.98528 (3 df)
   45.06 ±   0.16        ( 32.9s) ┃   63.79 ±   0.17        (19.2mi) ┃
┃   80 -    82 ┃   30 -    31 ┃  21.669 ±  0.018        (3.65mi) ┃ -8.7497 ± 0.0069        (  16mi) ┃Vegas input parameters:
  ndim 7
  ncomp 1
  nvec 1
  epsrel 0
  epsabs 0
  flags 10
  seed 123456
  mineval 10000000
  maxeval 10000000
  nstart 1000000
  nincrease 1000000
  nbatch 5000
  gridno 0
  statefile ""

Iteration 1:  1000000 integrand evaluations so far
[1] 45.4414 +- 1.24625  	chisq 0 (0 df)

Iteration 2:  3000000 integrand evaluations so far
[1] 44.1063 +- 0.343804  	chisq 1.24231 (1 df)

Iteration 3:  6000000 integrand evaluations so far
[1] 44.1738 +- 0.213558  	chisq 1.30514 (2 df)

Iteration 4:  10000000 integrand evaluations so far
[1] 44.1524 +- 0.157205  	chisq 1.327 (3 df)
   44.15 ±   0.16        ( 30.7s) ┃   57.07 ±   0.16        (20.2mi) ┃
┃   80 -    82 ┃   31 -    32 ┃  30.265 ±  0.027        (7.23mi) ┃-12.3524 ± 0.0035        (1.07hr) ┃Vegas input parameters:
  ndim 7
  ncomp 1
  nvec 1
  epsrel 0
  epsabs 0
  flags 10
  seed 123456
  mineval 10000000
  maxeval 10000000
  nstart 1000000
  nincrease 1000000
  nbatch 5000
  gridno 0
  statefile ""

Iteration 1:  1000000 integrand evaluations so far
[1] 42.5189 +- 1.19018  	chisq 0 (0 df)

Iteration 2:  3000000 integrand evaluations so far
[1] 42.9151 +- 0.337254  	chisq 0.12052 (1 df)

Iteration 3:  6000000 integrand evaluations so far
[1] 43.3699 +- 0.224492  	chisq 3.38532 (2 df)

Iteration 4:  10000000 integrand evaluations so far
[1] 43.4293 +- 0.16679  	chisq 3.54143 (3 df)
   43.43 ±   0.17        ( 31.9s) ┃   61.34 ±   0.17        ( 1.2hr) ┃
┃   80 -    82 ┃   32 -    33 ┃  27.305 ±  0.017        (3.86mi) ┃-11.1064 ± 0.0014        (15.8mi) ┃Vegas input parameters:
  ndim 7
  ncomp 1
  nvec 1
  epsrel 0
  epsabs 0
  flags 10
  seed 123456
  mineval 10000000
  maxeval 10000000
  nstart 1000000
  nincrease 1000000
  nbatch 5000
  gridno 0
  statefile ""

Iteration 1:  1000000 integrand evaluations so far
[1] 42.7717 +- 1.18958  	chisq 0 (0 df)

Iteration 2:  3000000 integrand evaluations so far
[1] 43.0853 +- 0.334397  	chisq 0.0754875 (1 df)

Iteration 3:  6000000 integrand evaluations so far
[1] 42.9049 +- 0.227056  	chisq 0.615677 (2 df)

Iteration 4:  10000000 integrand evaluations so far
[1] 42.9613 +- 0.177191  	chisq 0.773325 (3 df)
   42.96 ±   0.18        ( 30.9s) ┃   59.16 ±   0.18        (20.2mi) ┃
┃   80 -    82 ┃   33 -    34 ┃  20.465 ±  0.019        ( 27.2s) ┃ -8.4104 ± 0.0061        (7.88mi) ┃Vegas input parameters:
  ndim 7
  ncomp 1
  nvec 1
  epsrel 0
  epsabs 0
  flags 10
  seed 123456
  mineval 10000000
  maxeval 10000000
  nstart 1000000
  nincrease 1000000
  nbatch 5000
  gridno 0
  statefile ""

Iteration 1:  1000000 integrand evaluations so far
[1] 41.5678 +- 1.15326  	chisq 0 (0 df)

Iteration 2:  3000000 integrand evaluations so far
[1] 41.5548 +- 0.32528  	chisq 0.000139415 (1 df)

Iteration 3:  6000000 integrand evaluations so far
[1] 41.9708 +- 0.225995  	chisq 3.16314 (2 df)

Iteration 4:  10000000 integrand evaluations so far
[1] 42.0003 +- 0.167807  	chisq 3.20112 (3 df)
      42 ±   0.17        ( 30.4s) ┃   54.05 ±   0.17        (8.84mi) ┃
┃   80 -    82 ┃   34 -    35 ┃  30.503 ±  0.028        (2.03mi) ┃ -12.393 ±  0.012        (15.6mi) ┃Vegas input parameters:
  ndim 7
  ncomp 1
  nvec 1
  epsrel 0
  epsabs 0
  flags 10
  seed 123456
  mineval 10000000
  maxeval 10000000
  nstart 1000000
  nincrease 1000000
  nbatch 5000
  gridno 0
  statefile ""

Iteration 1:  1000000 integrand evaluations so far
[1] 41.6143 +- 1.15929  	chisq 0 (0 df)

Iteration 2:  3000000 integrand evaluations so far
[1] 41.529 +- 0.323792  	chisq 0.00587281 (1 df)

Iteration 3:  6000000 integrand evaluations so far
[1] 41.429 +- 0.215519  	chisq 0.177122 (2 df)

Iteration 4:  10000000 integrand evaluations so far
[1] 41.4847 +- 0.163113  	chisq 0.333658 (3 df)
   41.48 ±   0.16        ( 33.4s) ┃    59.6 ±   0.17        (18.2mi) ┃
┃   80 -    82 ┃   35 -    36 ┃  22.738 ±  0.016        (7.24mi) ┃ -9.2679 ± 0.0039        (31.2mi) ┃Vegas input parameters:
  ndim 7
  ncomp 1
  nvec 1
  epsrel 0
  epsabs 0
  flags 10
  seed 123456
  mineval 10000000
  maxeval 10000000
  nstart 1000000
  nincrease 1000000
  nbatch 5000
  gridno 0
  statefile ""

Iteration 1:  1000000 integrand evaluations so far
[1] 42.5475 +- 1.16638  	chisq 0 (0 df)

Iteration 2:  3000000 integrand evaluations so far
[1] 40.6073 +- 0.317991  	chisq 2.98932 (1 df)

Iteration 3:  6000000 integrand evaluations so far
[1] 40.5768 +- 0.197101  	chisq 3.0042 (2 df)

Iteration 4:  10000000 integrand evaluations so far
[1] 40.581 +- 0.145333  	chisq 3.00516 (3 df)
   40.58 ±   0.15        ( 31.2s) ┃   54.05 ±   0.15        (38.9mi) ┃
┃   80 -    82 ┃   36 -    37 ┃  31.653 ±  0.017        (7.11mi) ┃-12.8398 ± 0.0096        (15.3mi) ┃Vegas input parameters:
  ndim 7
  ncomp 1
  nvec 1
  epsrel 0
  epsabs 0
  flags 10
  seed 123456
  mineval 10000000
  maxeval 10000000
  nstart 1000000
  nincrease 1000000
  nbatch 5000
  gridno 0
  statefile ""

Iteration 1:  1000000 integrand evaluations so far
[1] 39.8569 +- 1.11573  	chisq 0 (0 df)

Iteration 2:  3000000 integrand evaluations so far
[1] 40.2629 +- 0.315859  	chisq 0.143987 (1 df)

Iteration 3:  6000000 integrand evaluations so far
[1] 40.0686 +- 0.195244  	chisq 0.756474 (2 df)

Iteration 4:  10000000 integrand evaluations so far
[1] 40.1596 +- 0.150318  	chisq 1.28961 (3 df)
   40.16 ±   0.15        ( 30.8s) ┃   58.97 ±   0.15        (22.9mi) ┃
┃   80 -    82 ┃   37 -    38 ┃  25.933 ±  0.016        (3.59mi) ┃-10.5219 ± 0.0019        (4.03mi) ┃Vegas input parameters:
  ndim 7
  ncomp 1
  nvec 1
  epsrel 0
  epsabs 0
  flags 10
  seed 123456
  mineval 10000000
  maxeval 10000000
  nstart 1000000
  nincrease 1000000
  nbatch 5000
  gridno 0
  statefile ""

Iteration 1:  1000000 integrand evaluations so far
[1] 40.121 +- 1.11186  	chisq 0 (0 df)

Iteration 2:  3000000 integrand evaluations so far
[1] 39.533 +- 0.309818  	chisq 0.303149 (1 df)

Iteration 3:  6000000 integrand evaluations so far
[1] 39.5208 +- 0.192047  	chisq 0.305691 (2 df)

Iteration 4:  10000000 integrand evaluations so far
[1] 39.4123 +- 0.144778  	chisq 1.04458 (3 df)
   39.41 ±   0.14        ( 30.5s) ┃   54.82 ±   0.15        (8.13mi) ┃
┃   80 -    82 ┃   38 -    39 ┃ 22.8566 ± 0.0014        (14.6mi) ┃ -9.3132 ±  0.005        (  32mi) ┃Vegas input parameters:
  ndim 7
  ncomp 1
  nvec 1
  epsrel 0
  epsabs 0
  flags 10
  seed 123456
  mineval 10000000
  maxeval 10000000
  nstart 1000000
  nincrease 1000000
  nbatch 5000
  gridno 0
  statefile ""

Iteration 1:  1000000 integrand evaluations so far
[1] 37.9789 +- 1.07002  	chisq 0 (0 df)

Iteration 2:  3000000 integrand evaluations so far
[1] 38.4653 +- 0.332938  	chisq 0.228861 (1 df)

Iteration 3:  6000000 integrand evaluations so far
[1] 39.0633 +- 0.210759  	chisq 5.61202 (2 df)

Iteration 4:  10000000 integrand evaluations so far
[1] 38.9283 +- 0.152286  	chisq 6.47048 (3 df)
   38.93 ±   0.15        ( 30.6s) ┃   52.47 ±   0.15        (47.1mi) ┃
┃   80 -    82 ┃   39 -    40 ┃   26.13 ±  0.014        (3.74mi) ┃-10.7432 ± 0.0028        (16.2mi) ┃Vegas input parameters:
  ndim 7
  ncomp 1
  nvec 1
  epsrel 0
  epsabs 0
  flags 10
  seed 123456
  mineval 10000000
  maxeval 10000000
  nstart 1000000
  nincrease 1000000
  nbatch 5000
  gridno 0
  statefile ""

Iteration 1:  1000000 integrand evaluations so far
[1] 36.1477 +- 1.03669  	chisq 0 (0 df)

Iteration 2:  3000000 integrand evaluations so far
[1] 38.06 +- 0.300327  	chisq 3.71459 (1 df)

Iteration 3:  6000000 integrand evaluations so far
[1] 38.3054 +- 0.186943  	chisq 4.80377 (2 df)

Iteration 4:  10000000 integrand evaluations so far
[1] 38.3662 +- 0.142092  	chisq 5.05453 (3 df)
   38.37 ±   0.14        ( 31.7s) ┃   53.75 ±   0.14        (20.4mi) ┃
┃   80 -    82 ┃   40 -    41 ┃  34.459 ±  0.033        (1.06mi) ┃ -13.982 ± 0.0081        (22.5mi) ┃Vegas input parameters:
  ndim 7
  ncomp 1
  nvec 1
  epsrel 0
  epsabs 0
  flags 10
  seed 123456
  mineval 10000000
  maxeval 10000000
  nstart 1000000
  nincrease 1000000
  nbatch 5000
  gridno 0
  statefile ""

Iteration 1:  1000000 integrand evaluations so far
[1] 37.7376 +- 1.05519  	chisq 0 (0 df)

Iteration 2:  3000000 integrand evaluations so far
[1] 37.6565 +- 0.297874  	chisq 0.00641605 (1 df)

Iteration 3:  6000000 integrand evaluations so far
[1] 38.0781 +- 0.185672  	chisq 3.28329 (2 df)

Iteration 4:  10000000 integrand evaluations so far
[1] 37.9268 +- 0.136319  	chisq 4.72373 (3 df)
   37.93 ±   0.14        ( 31.6s) ┃    58.4 ±   0.14        (24.1mi) ┃
┃   80 -    82 ┃   41 -    42 ┃  24.085 ±  0.015        (1.94mi) ┃ -9.7747 ±  0.007        (28.9mi) ┃Vegas input parameters:
  ndim 7
  ncomp 1
  nvec 1
  epsrel 0
  epsabs 0
  flags 10
  seed 123456
  mineval 10000000
  maxeval 10000000
  nstart 1000000
  nincrease 1000000
  nbatch 5000
  gridno 0
  statefile ""

Iteration 1:  1000000 integrand evaluations so far
[1] 40.0422 +- 1.09484  	chisq 0 (0 df)

Iteration 2:  3000000 integrand evaluations so far
[1] 37.3284 +- 0.294375  	chisq 6.62301 (1 df)

Iteration 3:  6000000 integrand evaluations so far
[1] 37.4644 +- 0.182829  	chisq 6.97066 (2 df)

Iteration 4:  10000000 integrand evaluations so far
[1] 37.4718 +- 0.146846  	chisq 6.97521 (3 df)
   37.47 ±   0.15        ( 29.8s) ┃   51.78 ±   0.15        (31.3mi) ┃
┃   80 -    82 ┃   42 -    43 ┃ 23.1647 ± 0.0071        (1.88mi) ┃ -9.4445 ± 0.0012        (7.63mi) ┃Vegas input parameters:
  ndim 7
  ncomp 1
  nvec 1
  epsrel 0
  epsabs 0
  flags 10
  seed 123456
  mineval 10000000
  maxeval 10000000
  nstart 1000000
  nincrease 1000000
  nbatch 5000
  gridno 0
  statefile ""

Iteration 1:  1000000 integrand evaluations so far
[1] 37.1665 +- 1.03498  	chisq 0 (0 df)

Iteration 2:  3000000 integrand evaluations so far
[1] 36.9552 +- 0.291793  	chisq 0.0452702 (1 df)

Iteration 3:  6000000 integrand evaluations so far
[1] 36.7824 +- 0.180528  	chisq 0.613379 (2 df)

Iteration 4:  10000000 integrand evaluations so far
[1] 36.7817 +- 0.132945  	chisq 0.613413 (3 df)
   36.78 ±   0.13        ( 28.6s) ┃    50.5 ±   0.13        (9.99mi) ┃
┃   80 -    82 ┃   43 -    44 ┃  27.093 ±  0.014        ( 32.9s) ┃  -10.96 ± 0.0071        (8.19mi) ┃Vegas input parameters:
  ndim 7
  ncomp 1
  nvec 1
  epsrel 0
  epsabs 0
  flags 10
  seed 123456
  mineval 10000000
  maxeval 10000000
  nstart 1000000
  nincrease 1000000
  nbatch 5000
  gridno 0
  statefile ""

Iteration 1:  1000000 integrand evaluations so far
[1] 36.4868 +- 1.01998  	chisq 0 (0 df)

Iteration 2:  3000000 integrand evaluations so far
[1] 36.2031 +- 0.287979  	chisq 0.0840662 (1 df)

Iteration 3:  6000000 integrand evaluations so far
[1] 36.6689 +- 0.190074  	chisq 4.72017 (2 df)

Iteration 4:  10000000 integrand evaluations so far
[1] 36.7659 +- 0.148305  	chisq 5.38546 (3 df)
   36.77 ±   0.15        ( 30.8s) ┃    52.9 ±   0.15        (9.25mi) ┃
┃   80 -    82 ┃   44 -    45 ┃  23.965 ±  0.013        (1.96mi) ┃ -9.7877 ±  0.009        (16.3mi) ┃Vegas input parameters:
  ndim 7
  ncomp 1
  nvec 1
  epsrel 0
  epsabs 0
  flags 10
  seed 123456
  mineval 10000000
  maxeval 10000000
  nstart 1000000
  nincrease 1000000
  nbatch 5000
  gridno 0
  statefile ""

Iteration 1:  1000000 integrand evaluations so far
[1] 37.7821 +- 1.03812  	chisq 0 (0 df)

Iteration 2:  3000000 integrand evaluations so far
[1] 36.2331 +- 0.285638  	chisq 2.40886 (1 df)

Iteration 3:  6000000 integrand evaluations so far
[1] 36.4138 +- 0.177653  	chisq 3.06182 (2 df)

Iteration 4:  10000000 integrand evaluations so far
[1] 36.324 +- 0.136833  	chisq 3.6905 (3 df)
   36.32 ±   0.14        (   30s) ┃    50.5 ±   0.14        (18.7mi) ┃
┃   80 -    82 ┃   45 -    46 ┃   25.71 ±  0.018        (1.79mi) ┃-10.3132 ± 0.0069        (2.01mi) ┃Vegas input parameters:
  ndim 7
  ncomp 1
  nvec 1
  epsrel 0
  epsabs 0
  flags 10
  seed 123456
  mineval 10000000
  maxeval 10000000
  nstart 1000000
  nincrease 1000000
  nbatch 5000
  gridno 0
  statefile ""

Iteration 1:  1000000 integrand evaluations so far
[1] 35.3823 +- 0.989577  	chisq 0 (0 df)

Iteration 2:  3000000 integrand evaluations so far
[1] 35.952 +- 0.351384  	chisq 0.379291 (1 df)

Iteration 3:  6000000 integrand evaluations so far
[1] 35.6391 +- 0.206251  	chisq 1.58921 (2 df)

Iteration 4:  10000000 integrand evaluations so far
[1] 35.8505 +- 0.143221  	chisq 3.61844 (3 df)
   35.85 ±   0.14        ( 30.8s) ┃   51.25 ±   0.14        (4.32mi) ┃
┃   80 -    82 ┃   46 -    47 ┃  22.003 ±  0.018        ( 1.6mi) ┃ -8.8986 ±  0.008        (14.7mi) ┃Vegas input parameters:
  ndim 7
  ncomp 1
  nvec 1
  epsrel 0
  epsabs 0
  flags 10
  seed 123456
  mineval 10000000
  maxeval 10000000
  nstart 1000000
  nincrease 1000000
  nbatch 5000
  gridno 0
  statefile ""

Iteration 1:  1000000 integrand evaluations so far
[1] 36.1029 +- 1.00635  	chisq 0 (0 df)

Iteration 2:  3000000 integrand evaluations so far
[1] 35.8719 +- 0.281933  	chisq 0.0571564 (1 df)

Iteration 3:  6000000 integrand evaluations so far
[1] 35.5387 +- 0.191641  	chisq 2.6528 (2 df)

Iteration 4:  10000000 integrand evaluations so far
[1] 35.6624 +- 0.147446  	chisq 3.67238 (3 df)
   35.66 ±   0.15        ( 27.1s) ┃   48.77 ±   0.15        (16.7mi) ┃
┃   80 -    82 ┃   47 -    48 ┃  23.035 ±  0.014        (3.65mi) ┃ -9.3839 ± 0.0093        (3.51mi) ┃Vegas input parameters:
  ndim 7
  ncomp 1
  nvec 1
  epsrel 0
  epsabs 0
  flags 10
  seed 123456
  mineval 10000000
  maxeval 10000000
  nstart 1000000
  nincrease 1000000
  nbatch 5000
  gridno 0
  statefile ""

Iteration 1:  1000000 integrand evaluations so far
[1] 34.9311 +- 0.986468  	chisq 0 (0 df)

Iteration 2:  3000000 integrand evaluations so far
[1] 35.7363 +- 0.281572  	chisq 0.725342 (1 df)

Iteration 3:  6000000 integrand evaluations so far
[1] 35.75 +- 0.174726  	chisq 0.72916 (2 df)

Iteration 4:  10000000 integrand evaluations so far
[1] 35.6457 +- 0.128554  	chisq 1.50503 (3 df)
   35.65 ±   0.13        ( 30.5s) ┃    49.3 ±   0.13        (7.67mi) ┃
┃   80 -    82 ┃   48 -    49 ┃  29.307 ±  0.019        ( 43.6s) ┃-11.7677 ± 0.0038        (7.16mi) ┃Vegas input parameters:
  ndim 7
  ncomp 1
  nvec 1
  epsrel 0
  epsabs 0
  flags 10
  seed 123456
  mineval 10000000
  maxeval 10000000
  nstart 1000000
  nincrease 1000000
  nbatch 5000
  gridno 0
  statefile ""

Iteration 1:  1000000 integrand evaluations so far
[1] 35.6405 +- 0.989223  	chisq 0 (0 df)

Iteration 2:  3000000 integrand evaluations so far
[1] 35.071 +- 0.279474  	chisq 0.360159 (1 df)

Iteration 3:  6000000 integrand evaluations so far
[1] 34.9476 +- 0.172846  	chisq 0.675966 (2 df)

Iteration 4:  10000000 integrand evaluations so far
[1] 35.1799 +- 0.131216  	chisq 4.93694 (3 df)
   35.18 ±   0.13        ( 21.1s) ┃   52.72 ±   0.13        (8.24mi) ┃
┃   80 -    82 ┃   49 -    50 ┃ 21.0736 ±  0.007        ( 5.17s) ┃ -8.6525 ± 0.0085        (1.78mi) ┃Vegas input parameters:
  ndim 7
  ncomp 1
  nvec 1
  epsrel 0
  epsabs 0
  flags 10
  seed 123456
  mineval 10000000
  maxeval 10000000
  nstart 1000000
  nincrease 1000000
  nbatch 5000
  gridno 0
  statefile ""

Iteration 1:  1000000 integrand evaluations so far
[1] 35.908 +- 1.00175  	chisq 0 (0 df)

Iteration 2:  3000000 integrand evaluations so far
[1] 34.8002 +- 0.274809  	chisq 1.32244 (1 df)

Iteration 3:  6000000 integrand evaluations so far
[1] 34.8837 +- 0.17075  	chisq 1.47268 (2 df)

Iteration 4:  10000000 integrand evaluations so far
[1] 34.9627 +- 0.129882  	chisq 1.98048 (3 df)
   34.96 ±   0.13        (   30s) ┃   47.38 ±   0.13        (2.37mi) ┃
┃   80 -    82 ┃   50 -    51 ┃  20.082 ±  0.014        ( 29.8s) ┃ -8.1376 ± 0.0067        (7.82mi) ┃Vegas input parameters:
  ndim 7
  ncomp 1
  nvec 1
  epsrel 0
  epsabs 0
  flags 10
  seed 123456
  mineval 10000000
  maxeval 10000000
  nstart 1000000
  nincrease 1000000
  nbatch 5000
  gridno 0
  statefile ""

Iteration 1:  1000000 integrand evaluations so far
[1] 35.1037 +- 0.990448  	chisq 0 (0 df)

Iteration 2:  3000000 integrand evaluations so far
[1] 35.185 +- 0.317768  	chisq 0.00750321 (1 df)

Iteration 3:  6000000 integrand evaluations so far
[1] 34.7339 +- 0.189777  	chisq 3.13891 (2 df)

Iteration 4:  10000000 integrand evaluations so far
[1] 34.8346 +- 0.142821  	chisq 3.78707 (3 df)
   34.83 ±   0.14        ( 26.5s) ┃   46.78 ±   0.14        (8.76mi) ┃
┃   80 -    82 ┃   51 -    52 ┃ 22.5253 ±  0.008        (1.94mi) ┃-9.19615 ± 0.00047        (7.74mi) ┃Vegas input parameters:
  ndim 7
  ncomp 1
  nvec 1
  epsrel 0
  epsabs 0
  flags 10
  seed 123456
  mineval 10000000
  maxeval 10000000
  nstart 1000000
  nincrease 1000000
  nbatch 5000
  gridno 0
  statefile ""

Iteration 1:  1000000 integrand evaluations so far
[1] 34.0259 +- 0.962373  	chisq 0 (0 df)

Iteration 2:  3000000 integrand evaluations so far
[1] 34.0668 +- 0.270949  	chisq 0.00196377 (1 df)

Iteration 3:  6000000 integrand evaluations so far
[1] 34.1416 +- 0.168319  	chisq 0.126162 (2 df)

Iteration 4:  10000000 integrand evaluations so far
[1] 34.0216 +- 0.127666  	chisq 1.32301 (3 df)
   34.02 ±   0.13        ( 29.6s) ┃   47.35 ±   0.13        (10.2mi) ┃
┃   80 -    82 ┃   52 -    53 ┃  27.027 ±  0.007        (3.08mi) ┃-10.9648 ±  0.003        (30.1mi) ┃Vegas input parameters:
  ndim 7
  ncomp 1
  nvec 1
  epsrel 0
  epsabs 0
  flags 10
  seed 123456
  mineval 10000000
  maxeval 10000000
  nstart 1000000
  nincrease 1000000
  nbatch 5000
  gridno 0
  statefile ""

Iteration 1:  1000000 integrand evaluations so far
[1] 31.2185 +- 0.908898  	chisq 0 (0 df)

Iteration 2:  3000000 integrand evaluations so far
[1] 33.6465 +- 0.269195  	chisq 7.82226 (1 df)

Iteration 3:  6000000 integrand evaluations so far
[1] 33.7207 +- 0.166829  	chisq 7.94561 (2 df)

Iteration 4:  10000000 integrand evaluations so far
[1] 34.0146 +- 0.139077  	chisq 18.1214 (3 df)
   34.01 ±   0.14        ( 29.6s) ┃   50.08 ±   0.14        (33.7mi) ┃
┃   80 -    82 ┃   53 -    54 ┃  23.034 ±  0.022        ( 36.3s) ┃ -9.1594 ± 0.0084        ( 56.6s) ┃Vegas input parameters:
  ndim 7
  ncomp 1
  nvec 1
  epsrel 0
  epsabs 0
  flags 10
  seed 123456
  mineval 10000000
  maxeval 10000000
  nstart 1000000
  nincrease 1000000
  nbatch 5000
  gridno 0
  statefile ""

Iteration 1:  1000000 integrand evaluations so far
[1] 33.6209 +- 0.954331  	chisq 0 (0 df)

Iteration 2:  3000000 integrand evaluations so far
[1] 33.8044 +- 0.268923  	chisq 0.0401831 (1 df)

Iteration 3:  6000000 integrand evaluations so far
[1] 33.9414 +- 0.18124  	chisq 0.51545 (2 df)

Iteration 4:  10000000 integrand evaluations so far
[1] 33.9929 +- 0.141107  	chisq 0.720353 (3 df)
   33.99 ±   0.14        ( 29.8s) ┃   47.87 ±   0.14        (2.04mi) ┃
┃   80 -    82 ┃   54 -    55 ┃  19.647 ±  0.011        (2.57mi) ┃ -7.9914 ± 0.0043        (16.1mi) ┃Vegas input parameters:
  ndim 7
  ncomp 1
  nvec 1
  epsrel 0
  epsabs 0
  flags 10
  seed 123456
  mineval 10000000
  maxeval 10000000
  nstart 1000000
  nincrease 1000000
  nbatch 5000
  gridno 0
  statefile ""

Iteration 1:  1000000 integrand evaluations so far
[1] 33.3359 +- 0.95094  	chisq 0 (0 df)

Iteration 2:  3000000 integrand evaluations so far
[1] 33.7063 +- 0.268182  	chisq 0.164805 (1 df)

Iteration 3:  6000000 integrand evaluations so far
[1] 33.7814 +- 0.177227  	chisq 0.304 (2 df)

Iteration 4:  10000000 integrand evaluations so far
[1] 33.8674 +- 0.13147  	chisq 0.827597 (3 df)
   33.87 ±   0.13        ( 31.3s) ┃   45.52 ±   0.13        (19.2mi) ┃
┃   80 -    82 ┃   55 -    56 ┃ 21.8012 ± 0.0063        (2.06mi) ┃ -8.8352 ± 0.0023        (  31mi) ┃Vegas input parameters:
  ndim 7
  ncomp 1
  nvec 1
  epsrel 0
  epsabs 0
  flags 10
  seed 123456
  mineval 10000000
  maxeval 10000000
  nstart 1000000
  nincrease 1000000
  nbatch 5000
  gridno 0
  statefile ""

Iteration 1:  1000000 integrand evaluations so far
[1] 33.5183 +- 0.949647  	chisq 0 (0 df)

Iteration 2:  3000000 integrand evaluations so far
[1] 33.2713 +- 0.266671  	chisq 0.0734725 (1 df)

Iteration 3:  6000000 integrand evaluations so far
[1] 33.3449 +- 0.173346  	chisq 0.205574 (2 df)

Iteration 4:  10000000 integrand evaluations so far
[1] 33.3155 +- 0.128768  	chisq 0.269784 (3 df)
   33.32 ±   0.13        ( 29.6s) ┃   46.28 ±   0.13        (33.5mi) ┃
┃   80 -    82 ┃   56 -    57 ┃  23.053 ±  0.018        ( 45.1s) ┃ -9.3558 ± 0.0086        ( 3.9mi) ┃Vegas input parameters:
  ndim 7
  ncomp 1
  nvec 1
  epsrel 0
  epsabs 0
  flags 10
  seed 123456
  mineval 10000000
  maxeval 10000000
  nstart 1000000
  nincrease 1000000
  nbatch 5000
  gridno 0
  statefile ""

Iteration 1:  1000000 integrand evaluations so far
[1] 31.3375 +- 0.9116  	chisq 0 (0 df)

Iteration 2:  3000000 integrand evaluations so far
[1] 32.3779 +- 0.284813  	chisq 1.44347 (1 df)

Iteration 3:  6000000 integrand evaluations so far
[1] 32.1074 +- 0.173129  	chisq 2.87443 (2 df)

Iteration 4:  10000000 integrand evaluations so far
[1] 31.9179 +- 0.124361  	chisq 5.34809 (3 df)
   31.92 ±   0.12        ( 30.4s) ┃   45.61 ±   0.13        (5.16mi) ┃
┃   80 -    82 ┃   57 -    58 ┃ 21.7139 ± 0.0047        (1.95mi) ┃ -8.8032 ± 0.0024        (26.4mi) ┃Vegas input parameters:
  ndim 7
  ncomp 1
  nvec 1
  epsrel 0
  epsabs 0
  flags 10
  seed 123456
  mineval 10000000
  maxeval 10000000
  nstart 1000000
  nincrease 1000000
  nbatch 5000
  gridno 0
  statefile ""

Iteration 1:  1000000 integrand evaluations so far
[1] 30.3781 +- 0.900866  	chisq 0 (0 df)

Iteration 2:  3000000 integrand evaluations so far
[1] 31.4103 +- 0.275091  	chisq 1.44778 (1 df)

Iteration 3:  6000000 integrand evaluations so far
[1] 30.8814 +- 0.169731  	chisq 7.41572 (2 df)

Iteration 4:  10000000 integrand evaluations so far
[1] 30.5796 +- 0.123342  	chisq 14.118 (3 df)
   30.58 ±   0.12        ( 29.7s) ┃   43.49 ±   0.12        (28.8mi) ┃
┃   80 -    82 ┃   58 -    59 ┃  20.331 ±   0.01        ( 9.92s) ┃ -8.2057 ± 0.0023        (7.01mi) ┃Vegas input parameters:
  ndim 7
  ncomp 1
  nvec 1
  epsrel 0
  epsabs 0
  flags 10
  seed 123456
  mineval 10000000
  maxeval 10000000
  nstart 1000000
  nincrease 1000000
  nbatch 5000
  gridno 0
  statefile ""

Iteration 1:  1000000 integrand evaluations so far
[1] 27.5712 +- 0.847015  	chisq 0 (0 df)

Iteration 2:  3000000 integrand evaluations so far
[1] 29.8017 +- 0.252023  	chisq 7.60849 (1 df)

Iteration 3:  6000000 integrand evaluations so far
[1] 29.741 +- 0.155417  	chisq 7.7023 (2 df)

Iteration 4:  10000000 integrand evaluations so far
[1] 29.7783 +- 0.120027  	chisq 7.84562 (3 df)
   29.78 ±   0.12        (   27s) ┃    41.9 ±   0.12        (7.63mi) ┃
┃   80 -    82 ┃   59 -    60 ┃ 18.3801 ± 0.0079        (3.76mi) ┃ -7.3497 ± 0.0055        (2.06mi) ┃Vegas input parameters:
  ndim 7
  ncomp 1
  nvec 1
  epsrel 0
  epsabs 0
  flags 10
  seed 123456
  mineval 10000000
  maxeval 10000000
  nstart 1000000
  nincrease 1000000
  nbatch 5000
  gridno 0
  statefile ""

Iteration 1:  1000000 integrand evaluations so far
[1] 28.4376 +- 0.866582  	chisq 0 (0 df)

Iteration 2:  3000000 integrand evaluations so far
[1] 29.2111 +- 0.261417  	chisq 0.87631 (1 df)

Iteration 3:  6000000 integrand evaluations so far
[1] 28.9012 +- 0.159548  	chisq 3.11569 (2 df)

Iteration 4:  10000000 integrand evaluations so far
[1] 29.0002 +- 0.118921  	chisq 3.98332 (3 df)
      29 ±   0.12        ( 30.8s) ┃   40.03 ±   0.12        (6.33mi) ┃
┃   82 -    84 ┃   25 -    26 ┃ 22.8532 ± 0.0077        ( 58.5s) ┃ -9.1488 ± 0.0039        (15.2mi) ┃Vegas input parameters:
  ndim 7
  ncomp 1
  nvec 1
  epsrel 0
  epsabs 0
  flags 10
  seed 123456
  mineval 10000000
  maxeval 10000000
  nstart 1000000
  nincrease 1000000
  nbatch 5000
  gridno 0
  statefile ""

Iteration 1:  1000000 integrand evaluations so far
[1] 44.9483 +- 1.2495  	chisq 0 (0 df)

Iteration 2:  3000000 integrand evaluations so far
[1] 46.1432 +- 0.355879  	chisq 0.995353 (1 df)

Iteration 3:  6000000 integrand evaluations so far
[1] 46.1039 +- 0.22041  	chisq 1.01518 (2 df)

Iteration 4:  10000000 integrand evaluations so far
[1] 45.9845 +- 0.174625  	chisq 1.8033 (3 df)
   45.98 ±   0.17        ( 22.5s) ┃   59.69 ±   0.17        (16.6mi) ┃
┃   82 -    84 ┃   26 -    27 ┃  23.498 ±  0.023        ( 5.07s) ┃ -9.2572 ±  0.003        (7.55mi) ┃Vegas input parameters:
  ndim 7
  ncomp 1
  nvec 1
  epsrel 0
  epsabs 0
  flags 10
  seed 123456
  mineval 10000000
  maxeval 10000000
  nstart 1000000
  nincrease 1000000
  nbatch 5000
  gridno 0
  statefile ""

Iteration 1:  1000000 integrand evaluations so far
[1] 45.0858 +- 1.23452  	chisq 0 (0 df)

Iteration 2:  3000000 integrand evaluations so far
[1] 43.8869 +- 0.342723  	chisq 1.02193 (1 df)

Iteration 3:  6000000 integrand evaluations so far
[1] 44.3269 +- 0.213642  	chisq 3.71734 (2 df)

Iteration 4:  10000000 integrand evaluations so far
[1] 44.5671 +- 0.165921  	chisq 6.90413 (3 df)
   44.57 ±   0.17        ( 30.2s) ┃   58.81 ±   0.17        (8.14mi) ┃
┃   82 -    84 ┃   27 -    28 ┃  16.005 ±  0.014        (2.55mi) ┃ -6.3581 ±  0.006        (3.22mi) ┃Vegas input parameters:
  ndim 7
  ncomp 1
  nvec 1
  epsrel 0
  epsabs 0
  flags 10
  seed 123456
  mineval 10000000
  maxeval 10000000
  nstart 1000000
  nincrease 1000000
  nbatch 5000
  gridno 0
  statefile ""

Iteration 1:  1000000 integrand evaluations so far
[1] 42.7947 +- 1.19108  	chisq 0 (0 df)

Iteration 2:  3000000 integrand evaluations so far
[1] 42.6819 +- 0.33559  	chisq 0.00974128 (1 df)

Iteration 3:  6000000 integrand evaluations so far
[1] 43.0858 +- 0.209131  	chisq 2.37843 (2 df)

Iteration 4:  10000000 integrand evaluations so far
[1] 43.2402 +- 0.167397  	chisq 3.89412 (3 df)
   43.24 ±   0.17        (   30s) ┃   52.89 ±   0.17        (6.27mi) ┃
┃   82 -    84 ┃   28 -    29 ┃  18.346 ±  0.012        (3.58mi) ┃ -7.3777 ± 0.0041        (15.2mi) ┃Vegas input parameters:
  ndim 7
  ncomp 1
  nvec 1
  epsrel 0
  epsabs 0
  flags 10
  seed 123456
  mineval 10000000
  maxeval 10000000
  nstart 1000000
  nincrease 1000000
  nbatch 5000
  gridno 0
  statefile ""

Iteration 1:  1000000 integrand evaluations so far
[1] 42.2711 +- 1.1835  	chisq 0 (0 df)

Iteration 2:  3000000 integrand evaluations so far
[1] 42.4775 +- 0.333788  	chisq 0.0330214 (1 df)

Iteration 3:  6000000 integrand evaluations so far
[1] 42.3681 +- 0.206476  	chisq 0.206995 (2 df)

Iteration 4:  10000000 integrand evaluations so far
[1] 42.4954 +- 0.161838  	chisq 1.19295 (3 df)
    42.5 ±   0.16        ( 31.1s) ┃   53.46 ±   0.16        (19.3mi) ┃
┃   82 -    84 ┃   29 -    30 ┃  23.116 ±   0.02        (3.69mi) ┃ -9.1503 ± 0.0079        (16.1mi) ┃Vegas input parameters:
  ndim 7
  ncomp 1
  nvec 1
  epsrel 0
  epsabs 0
  flags 10
  seed 123456
  mineval 10000000
  maxeval 10000000
  nstart 1000000
  nincrease 1000000
  nbatch 5000
  gridno 0
  statefile ""

Iteration 1:  1000000 integrand evaluations so far
[1] 43.1194 +- 1.1858  	chisq 0 (0 df)

Iteration 2:  3000000 integrand evaluations so far
[1] 41.0935 +- 0.323351  	chisq 3.15347 (1 df)

Iteration 3:  6000000 integrand evaluations so far
[1] 41.2782 +- 0.200894  	chisq 3.68505 (2 df)

Iteration 4:  10000000 integrand evaluations so far
[1] 41.1599 +- 0.151375  	chisq 4.48712 (3 df)
   41.16 ±   0.15        ( 32.2s) ┃   55.13 ±   0.15        (20.3mi) ┃
┃   82 -    84 ┃   30 -    31 ┃  19.561 ±  0.017        (   33s) ┃ -7.7144 ± 0.0047        (15.7mi) ┃Vegas input parameters:
  ndim 7
  ncomp 1
  nvec 1
  epsrel 0
  epsabs 0
  flags 10
  seed 123456
  mineval 10000000
  maxeval 10000000
  nstart 1000000
  nincrease 1000000
  nbatch 5000
  gridno 0
  statefile ""

Iteration 1:  1000000 integrand evaluations so far
[1] 42.8287 +- 1.16593  	chisq 0 (0 df)

Iteration 2:  3000000 integrand evaluations so far
[1] 40.5585 +- 0.319179  	chisq 4.09836 (1 df)

Iteration 3:  6000000 integrand evaluations so far
[1] 40.6146 +- 0.21438  	chisq 4.15461 (2 df)

Iteration 4:  10000000 integrand evaluations so far
[1] 40.7809 +- 0.165936  	chisq 5.65647 (3 df)
   40.78 ±   0.17        ( 29.6s) ┃   52.63 ±   0.17        (16.8mi) ┃
┃   82 -    84 ┃   31 -    32 ┃  15.261 ±  0.012        (3.53mi) ┃ -6.0997 ± 0.0055        (   8mi) ┃Vegas input parameters:
  ndim 7
  ncomp 1
  nvec 1
  epsrel 0
  epsabs 0
  flags 10
  seed 123456
  mineval 10000000
  maxeval 10000000
  nstart 1000000
  nincrease 1000000
  nbatch 5000
  gridno 0
  statefile ""

Iteration 1:  1000000 integrand evaluations so far
[1] 38.4711 +- 1.10136  	chisq 0 (0 df)

Iteration 2:  3000000 integrand evaluations so far
[1] 39.4326 +- 0.312762  	chisq 0.828997 (1 df)

Iteration 3:  6000000 integrand evaluations so far
[1] 39.8344 +- 0.21751  	chisq 4.02607 (2 df)

Iteration 4:  10000000 integrand evaluations so far
[1] 39.8187 +- 0.16043  	chisq 4.03758 (3 df)
   39.82 ±   0.16        ( 30.5s) ┃   48.98 ±   0.16        (  12mi) ┃
┃   82 -    84 ┃   32 -    33 ┃  25.799 ±  0.023        (1.95mi) ┃-10.2573 ± 0.0075        (8.12mi) ┃Vegas input parameters:
  ndim 7
  ncomp 1
  nvec 1
  epsrel 0
  epsabs 0
  flags 10
  seed 123456
  mineval 10000000
  maxeval 10000000
  nstart 1000000
  nincrease 1000000
  nbatch 5000
  gridno 0
  statefile ""

Iteration 1:  1000000 integrand evaluations so far
[1] 39.429 +- 1.10183  	chisq 0 (0 df)

Iteration 2:  3000000 integrand evaluations so far
[1] 39.2296 +- 0.367672  	chisq 0.0368859 (1 df)

Iteration 3:  6000000 integrand evaluations so far
[1] 38.8911 +- 0.218904  	chisq 1.34944 (2 df)

Iteration 4:  10000000 integrand evaluations so far
[1] 38.8891 +- 0.156919  	chisq 1.34961 (3 df)
   38.89 ±   0.16        ( 30.3s) ┃   54.43 ±   0.16        (10.6mi) ┃
┃   82 -    84 ┃   33 -    34 ┃  17.409 ±  0.013        (3.66mi) ┃ -6.8969 ± 0.0057        (7.91mi) ┃Vegas input parameters:
  ndim 7
  ncomp 1
  nvec 1
  epsrel 0
  epsabs 0
  flags 10
  seed 123456
  mineval 10000000
  maxeval 10000000
  nstart 1000000
  nincrease 1000000
  nbatch 5000
  gridno 0
  statefile ""

Iteration 1:  1000000 integrand evaluations so far
[1] 38.7708 +- 1.08341  	chisq 0 (0 df)

Iteration 2:  3000000 integrand evaluations so far
[1] 38.9437 +- 0.360397  	chisq 0.0286255 (1 df)

Iteration 3:  6000000 integrand evaluations so far
[1] 38.7246 +- 0.246238  	chisq 0.721543 (2 df)

Iteration 4:  10000000 integrand evaluations so far
[1] 38.5132 +- 0.174387  	chisq 2.20051 (3 df)
   38.51 ±   0.17        ( 29.9s) ┃   49.03 ±   0.17        (12.1mi) ┃
┃   82 -    84 ┃   34 -    35 ┃ 16.2439 ± 0.0042        (6.53mi) ┃ -6.3998 ± 0.0021        (48.6mi) ┃Vegas input parameters:
  ndim 7
  ncomp 1
  nvec 1
  epsrel 0
  epsabs 0
  flags 10
  seed 123456
  mineval 10000000
  maxeval 10000000
  nstart 1000000
  nincrease 1000000
  nbatch 5000
  gridno 0
  statefile ""

Iteration 1:  1000000 integrand evaluations so far
[1] 36.806 +- 1.05009  	chisq 0 (0 df)

Iteration 2:  3000000 integrand evaluations so far
[1] 38.3131 +- 0.35759  	chisq 2.32986 (1 df)

Iteration 3:  6000000 integrand evaluations so far
[1] 37.9432 +- 0.21558  	chisq 4.01054 (2 df)

Iteration 4:  10000000 integrand evaluations so far
[1] 37.8408 +- 0.151959  	chisq 4.45923 (3 df)
   37.84 ±   0.15        (   31s) ┃   47.68 ±   0.15        (55.6mi) ┃
┃   82 -    84 ┃   35 -    36 ┃ 22.1701 ± 0.0027        (1.93mi) ┃ -8.8738 ± 0.0032        (3.97mi) ┃Vegas input parameters:
  ndim 7
  ncomp 1
  nvec 1
  epsrel 0
  epsabs 0
  flags 10
  seed 123456
  mineval 10000000
  maxeval 10000000
  nstart 1000000
  nincrease 1000000
  nbatch 5000
  gridno 0
  statefile ""

Iteration 1:  1000000 integrand evaluations so far
[1] 38.5047 +- 1.06894  	chisq 0 (0 df)

Iteration 2:  3000000 integrand evaluations so far
[1] 37.2097 +- 0.295028  	chisq 1.58855 (1 df)

Iteration 3:  6000000 integrand evaluations so far
[1] 37.2607 +- 0.199366  	chisq 1.64338 (2 df)

Iteration 4:  10000000 integrand evaluations so far
[1] 37.3127 +- 0.155494  	chisq 1.81731 (3 df)
   37.31 ±   0.16        ( 28.2s) ┃   50.61 ±   0.16        (6.37mi) ┃
┃   82 -    84 ┃   36 -    37 ┃  20.466 ±  0.017        ( 1.9mi) ┃  -8.091 ± 0.0046        (7.72mi) ┃Vegas input parameters:
  ndim 7
  ncomp 1
  nvec 1
  epsrel 0
  epsabs 0
  flags 10
  seed 123456
  mineval 10000000
  maxeval 10000000
  nstart 1000000
  nincrease 1000000
  nbatch 5000
  gridno 0
  statefile ""

Iteration 1:  1000000 integrand evaluations so far
[1] 37.4828 +- 1.05014  	chisq 0 (0 df)

Iteration 2:  3000000 integrand evaluations so far
[1] 36.8312 +- 0.290576  	chisq 0.416923 (1 df)

Iteration 3:  6000000 integrand evaluations so far
[1] 36.9753 +- 0.180682  	chisq 0.817925 (2 df)

Iteration 4:  10000000 integrand evaluations so far
[1] 36.9176 +- 0.139  	chisq 1.06814 (3 df)
   36.92 ±   0.14        ( 31.2s) ┃   49.29 ±   0.14        (10.1mi) ┃
┃   82 -    84 ┃   37 -    38 ┃  20.962 ±   0.01        (1.83mi) ┃ -8.3033 ± 0.0027        (1.86mi) ┃Vegas input parameters:
  ndim 7
  ncomp 1
  nvec 1
  epsrel 0
  epsabs 0
  flags 10
  seed 123456
  mineval 10000000
  maxeval 10000000
  nstart 1000000
  nincrease 1000000
  nbatch 5000
  gridno 0
  statefile ""

Iteration 1:  1000000 integrand evaluations so far
[1] 36.6767 +- 1.02734  	chisq 0 (0 df)

Iteration 2:  3000000 integrand evaluations so far
[1] 36.5242 +- 0.357801  	chisq 0.0250839 (1 df)

Iteration 3:  6000000 integrand evaluations so far
[1] 36.1774 +- 0.211065  	chisq 1.46537 (2 df)

Iteration 4:  10000000 integrand evaluations so far
[1] 36.1858 +- 0.155195  	chisq 1.46881 (3 df)
   36.19 ±   0.16        ( 30.1s) ┃   48.84 ±   0.16        (4.19mi) ┃
┃   82 -    84 ┃   38 -    39 ┃  17.357 ± 0.0048        (1.81mi) ┃-6.90702 ± 0.00089        (4.05mi) ┃Vegas input parameters:
  ndim 7
  ncomp 1
  nvec 1
  epsrel 0
  epsabs 0
  flags 10
  seed 123456
  mineval 10000000
  maxeval 10000000
  nstart 1000000
  nincrease 1000000
  nbatch 5000
  gridno 0
  statefile ""

Iteration 1:  1000000 integrand evaluations so far
[1] 35.9848 +- 1.00783  	chisq 0 (0 df)

Iteration 2:  3000000 integrand evaluations so far
[1] 35.1561 +- 0.280588  	chisq 0.732838 (1 df)

Iteration 3:  6000000 integrand evaluations so far
[1] 35.4864 +- 0.17504  	chisq 3.00057 (2 df)

Iteration 4:  10000000 integrand evaluations so far
[1] 35.5803 +- 0.137671  	chisq 3.7559 (3 df)
   35.58 ±   0.14        ( 30.3s) ┃   46.03 ±   0.14        (6.37mi) ┃
┃   82 -    84 ┃   39 -    40 ┃  18.513 ±  0.012        (4.59mi) ┃ -7.4214 ± 0.0061        (11.9mi) ┃Vegas input parameters:
  ndim 7
  ncomp 1
  nvec 1
  epsrel 0
  epsabs 0
  flags 10
  seed 123456
  mineval 10000000
  maxeval 10000000
  nstart 1000000
  nincrease 1000000
  nbatch 5000
  gridno 0
  statefile ""

Iteration 1:  1000000 integrand evaluations so far
[1] 32.8381 +- 0.954786  	chisq 0 (0 df)

Iteration 2:  3000000 integrand evaluations so far
[1] 34.6577 +- 0.277661  	chisq 3.96746 (1 df)

Iteration 3:  6000000 integrand evaluations so far
[1] 34.9678 +- 0.172939  	chisq 6.00474 (2 df)

Iteration 4:  10000000 integrand evaluations so far
[1] 35.0914 +- 0.127445  	chisq 7.12327 (3 df)
   35.09 ±   0.13        ( 31.1s) ┃   46.18 ±   0.13        (17.1mi) ┃
┃   82 -    84 ┃   40 -    41 ┃ 23.7269 ± 0.0091        (3.78mi) ┃ -9.4067 ± 0.0019        (6.99mi) ┃Vegas input parameters:
  ndim 7
  ncomp 1
  nvec 1
  epsrel 0
  epsabs 0
  flags 10
  seed 123456
  mineval 10000000
  maxeval 10000000
  nstart 1000000
  nincrease 1000000
  nbatch 5000
  gridno 0
  statefile ""

Iteration 1:  1000000 integrand evaluations so far
[1] 33.6998 +- 0.963874  	chisq 0 (0 df)

Iteration 2:  3000000 integrand evaluations so far
[1] 34.6642 +- 0.276074  	chisq 1.09059 (1 df)

Iteration 3:  6000000 integrand evaluations so far
[1] 34.9086 +- 0.171644  	chisq 2.36743 (2 df)

Iteration 4:  10000000 integrand evaluations so far
[1] 34.8656 +- 0.132963  	chisq 2.52405 (3 df)
   34.87 ±   0.13        (   30s) ┃   49.19 ±   0.13        (11.3mi) ┃
┃   82 -    84 ┃   41 -    42 ┃ 22.0039 ± 0.0021        (5.36mi) ┃-8.76046 ± 0.00097        (1.14hr) ┃Vegas input parameters:
  ndim 7
  ncomp 1
  nvec 1
  epsrel 0
  epsabs 0
  flags 10
  seed 123456
  mineval 10000000
  maxeval 10000000
  nstart 1000000
  nincrease 1000000
  nbatch 5000
  gridno 0
  statefile ""

Iteration 1:  1000000 integrand evaluations so far
[1] 36.4228 +- 1.01026  	chisq 0 (0 df)

Iteration 2:  3000000 integrand evaluations so far
[1] 34.6468 +- 0.274074  	chisq 3.3362 (1 df)

Iteration 3:  6000000 integrand evaluations so far
[1] 34.5099 +- 0.175759  	chisq 3.7595 (2 df)

Iteration 4:  10000000 integrand evaluations so far
[1] 34.3527 +- 0.129273  	chisq 5.50243 (3 df)
   34.35 ±   0.13        (   30s) ┃    47.6 ±   0.13        (1.24hr) ┃
┃   82 -    84 ┃   42 -    43 ┃   17.29 ±  0.013        ( 4.5mi) ┃-6.87779 ± 0.00081        (  48mi) ┃Vegas input parameters:
  ndim 7
  ncomp 1
  nvec 1
  epsrel 0
  epsabs 0
  flags 10
  seed 123456
  mineval 10000000
  maxeval 10000000
  nstart 1000000
  nincrease 1000000
  nbatch 5000
  gridno 0
  statefile ""

Iteration 1:  1000000 integrand evaluations so far
[1] 34.467 +- 0.968966  	chisq 0 (0 df)

Iteration 2:  3000000 integrand evaluations so far
[1] 33.9489 +- 0.270825  	chisq 0.310193 (1 df)

Iteration 3:  6000000 integrand evaluations so far
[1] 33.8719 +- 0.167733  	chisq 0.441231 (2 df)

Iteration 4:  10000000 integrand evaluations so far
[1] 33.787 +- 0.123219  	chisq 0.998198 (3 df)
   33.79 ±   0.12        ( 30.2s) ┃    44.2 ±   0.12        (  53mi) ┃
┃   82 -    84 ┃   43 -    44 ┃ 19.1835 ± 0.0025        (2.99mi) ┃ -7.6209 ± 0.0042        (5.65mi) ┃Vegas input parameters:
  ndim 7
  ncomp 1
  nvec 1
  epsrel 0
  epsabs 0
  flags 10
  seed 123456
  mineval 10000000
  maxeval 10000000
  nstart 1000000
  nincrease 1000000
  nbatch 5000
  gridno 0
  statefile ""

Iteration 1:  1000000 integrand evaluations so far
[1] 33.7116 +- 0.93877  	chisq 0 (0 df)

Iteration 2:  3000000 integrand evaluations so far
[1] 33.8182 +- 0.268661  	chisq 0.0140399 (1 df)

Iteration 3:  6000000 integrand evaluations so far
[1] 33.5595 +- 0.165921  	chisq 1.51317 (2 df)

Iteration 4:  10000000 integrand evaluations so far
[1] 33.4856 +- 0.122069  	chisq 1.94494 (3 df)
   33.49 ±   0.12        ( 31.7s) ┃   45.05 ±   0.12        (9.17mi) ┃
┃   82 -    84 ┃   44 -    45 ┃ 19.6367 ± 0.0038        ( 32.2s) ┃ -7.7905 ± 0.0041        (3.78mi) ┃Vegas input parameters:
  ndim 7
  ncomp 1
  nvec 1
  epsrel 0
  epsabs 0
  flags 10
  seed 123456
  mineval 10000000
  maxeval 10000000
  nstart 1000000
  nincrease 1000000
  nbatch 5000
  gridno 0
  statefile ""

Iteration 1:  1000000 integrand evaluations so far
[1] 33.3613 +- 0.943959  	chisq 0 (0 df)

Iteration 2:  3000000 integrand evaluations so far
[1] 33.0874 +- 0.265583  	chisq 0.0914212 (1 df)

Iteration 3:  6000000 integrand evaluations so far
[1] 33.2484 +- 0.164964  	chisq 0.689644 (2 df)

Iteration 4:  10000000 integrand evaluations so far
[1] 33.3961 +- 0.127828  	chisq 2.69524 (3 df)
    33.4 ±   0.13        ( 27.8s) ┃   45.24 ±   0.13        (4.78mi) ┃
┃   82 -    84 ┃   45 -    46 ┃ 19.4304 ±  0.006        (1.77mi) ┃  -7.669 ± 0.0049        (  12mi) ┃Vegas input parameters:
  ndim 7
  ncomp 1
  nvec 1
  epsrel 0
  epsabs 0
  flags 10
  seed 123456
  mineval 10000000
  maxeval 10000000
  nstart 1000000
  nincrease 1000000
  nbatch 5000
  gridno 0
  statefile ""

Iteration 1:  1000000 integrand evaluations so far
[1] 33.5831 +- 0.939659  	chisq 0 (0 df)

Iteration 2:  3000000 integrand evaluations so far
[1] 33.095 +- 0.300656  	chisq 0.300595 (1 df)

Iteration 3:  6000000 integrand evaluations so far
[1] 33.068 +- 0.18175  	chisq 0.313344 (2 df)

Iteration 4:  10000000 integrand evaluations so far
[1] 33.0685 +- 0.128628  	chisq 0.313357 (3 df)
   33.07 ±   0.13        ( 32.8s) ┃   44.83 ±   0.13        (14.4mi) ┃
┃   82 -    84 ┃   46 -    47 ┃ 17.1465 ± 0.0063        ( 1.6mi) ┃ -6.7774 ± 0.0014        (14.7mi) ┃Vegas input parameters:
  ndim 7
  ncomp 1
  nvec 1
  epsrel 0
  epsabs 0
  flags 10
  seed 123456
  mineval 10000000
  maxeval 10000000
  nstart 1000000
  nincrease 1000000
  nbatch 5000
  gridno 0
  statefile ""

Iteration 1:  1000000 integrand evaluations so far
[1] 32.3691 +- 0.91259  	chisq 0 (0 df)

Iteration 2:  3000000 integrand evaluations so far
[1] 32.9735 +- 0.338869  	chisq 0.50891 (1 df)

Iteration 3:  6000000 integrand evaluations so far
[1] 32.6948 +- 0.195722  	chisq 1.52387 (2 df)

Iteration 4:  10000000 integrand evaluations so far
[1] 32.6722 +- 0.133425  	chisq 1.5489 (3 df)
   32.67 ±   0.13        ( 35.1s) ┃   43.04 ±   0.13        (16.8mi) ┃
┃   82 -    84 ┃   47 -    48 ┃  16.839 ±  0.014        (1.94mi) ┃ -6.6868 ± 0.0035        (  12mi) ┃Vegas input parameters:
  ndim 7
  ncomp 1
  nvec 1
  epsrel 0
  epsabs 0
  flags 10
  seed 123456
  mineval 10000000
  maxeval 10000000
  nstart 1000000
  nincrease 1000000
  nbatch 5000
  gridno 0
  statefile ""

Iteration 1:  1000000 integrand evaluations so far
[1] 33.352 +- 0.933392  	chisq 0 (0 df)

Iteration 2:  3000000 integrand evaluations so far
[1] 32.6863 +- 0.259484  	chisq 0.551186 (1 df)

Iteration 3:  6000000 integrand evaluations so far
[1] 32.7283 +- 0.161115  	chisq 0.593653 (2 df)

Iteration 4:  10000000 integrand evaluations so far
[1] 32.6207 +- 0.120808  	chisq 1.61254 (3 df)
   32.62 ±   0.12        (   30s) ┃   42.77 ±   0.12        (14.4mi) ┃
┃   82 -    84 ┃   48 -    49 ┃  19.805 ±  0.017        ( 32.8s) ┃ -7.8495 ± 0.0068        (6.17mi) ┃Vegas input parameters:
  ndim 7
  ncomp 1
  nvec 1
  epsrel 0
  epsabs 0
  flags 10
  seed 123456
  mineval 10000000
  maxeval 10000000
  nstart 1000000
  nincrease 1000000
  nbatch 5000
  gridno 0
  statefile ""

Iteration 1:  1000000 integrand evaluations so far
[1] 32.093 +- 0.906111  	chisq 0 (0 df)

Iteration 2:  3000000 integrand evaluations so far
[1] 32.3258 +- 0.257543  	chisq 0.0718172 (1 df)

Iteration 3:  6000000 integrand evaluations so far
[1] 32.4013 +- 0.167396  	chisq 0.220916 (2 df)

Iteration 4:  10000000 integrand evaluations so far
[1] 32.364 +- 0.126962  	chisq 0.338201 (3 df)
   32.36 ±   0.13        ( 29.7s) ┃   44.32 ±   0.13        (7.21mi) ┃
┃   82 -    84 ┃   49 -    50 ┃  19.623 ±  0.017        (1.66mi) ┃ -7.7536 ± 0.0029        (5.82mi) ┃Vegas input parameters:
  ndim 7
  ncomp 1
  nvec 1
  epsrel 0
  epsabs 0
  flags 10
  seed 123456
  mineval 10000000
  maxeval 10000000
  nstart 1000000
  nincrease 1000000
  nbatch 5000
  gridno 0
  statefile ""

Iteration 1:  1000000 integrand evaluations so far
[1] 33.2252 +- 0.92795  	chisq 0 (0 df)

Iteration 2:  3000000 integrand evaluations so far
[1] 31.799 +- 0.255262  	chisq 2.55538 (1 df)

Iteration 3:  6000000 integrand evaluations so far
[1] 31.8368 +- 0.158334  	chisq 2.59104 (2 df)

Iteration 4:  10000000 integrand evaluations so far
[1] 31.9507 +- 0.120532  	chisq 3.82202 (3 df)
   31.95 ±   0.12        ( 22.5s) ┃   43.82 ±   0.12        (7.85mi) ┃
┃   82 -    84 ┃   50 -    51 ┃  15.126 ±  0.013        (1.27mi) ┃ -5.9914 ± 0.0019        (3.11mi) ┃Vegas input parameters:
  ndim 7
  ncomp 1
  nvec 1
  epsrel 0
  epsabs 0
  flags 10
  seed 123456
  mineval 10000000
  maxeval 10000000
  nstart 1000000
  nincrease 1000000
  nbatch 5000
  gridno 0
  statefile ""

Iteration 1:  1000000 integrand evaluations so far
[1] 31.4313 +- 0.897787  	chisq 0 (0 df)

Iteration 2:  3000000 integrand evaluations so far
[1] 32.0944 +- 0.254988  	chisq 0.593425 (1 df)

Iteration 3:  6000000 integrand evaluations so far
[1] 31.9369 +- 0.15766  	chisq 1.21151 (2 df)

Iteration 4:  10000000 integrand evaluations so far
[1] 31.9027 +- 0.118758  	chisq 1.32014 (3 df)
    31.9 ±   0.12        ( 24.3s) ┃   41.04 ±   0.12        (4.79mi) ┃
┃   82 -    84 ┃   51 -    52 ┃ 15.4394 ± 0.0029        (6.14mi) ┃  -6.106 ± 0.0031        (1.44mi) ┃Vegas input parameters:
  ndim 7
  ncomp 1
  nvec 1
  epsrel 0
  epsabs 0
  flags 10
  seed 123456
  mineval 10000000
  maxeval 10000000
  nstart 1000000
  nincrease 1000000
  nbatch 5000
  gridno 0
  statefile ""

Iteration 1:  1000000 integrand evaluations so far
[1] 32.4685 +- 0.915359  	chisq 0 (0 df)

Iteration 2:  3000000 integrand evaluations so far
[1] 31.6706 +- 0.251034  	chisq 0.821608 (1 df)

Iteration 3:  6000000 integrand evaluations so far
[1] 31.4791 +- 0.155385  	chisq 1.76519 (2 df)

Iteration 4:  10000000 integrand evaluations so far
[1] 31.3901 +- 0.114331  	chisq 2.48064 (3 df)
   31.39 ±   0.11        ( 27.5s) ┃   40.72 ±   0.11        (8.04mi) ┃
┃   82 -    84 ┃   52 -    53 ┃ 17.9697 ± 0.0079        (2.37mi) ┃ -7.1821 ± 0.0063        (5.96mi) ┃Vegas input parameters:
  ndim 7
  ncomp 1
  nvec 1
  epsrel 0
  epsabs 0
  flags 10
  seed 123456
  mineval 10000000
  maxeval 10000000
  nstart 1000000
  nincrease 1000000
  nbatch 5000
  gridno 0
  statefile ""

Iteration 1:  1000000 integrand evaluations so far
[1] 30.6674 +- 0.881329  	chisq 0 (0 df)

Iteration 2:  3000000 integrand evaluations so far
[1] 31.3805 +- 0.251091  	chisq 0.712506 (1 df)

Iteration 3:  6000000 integrand evaluations so far
[1] 31.2309 +- 0.155336  	chisq 1.2877 (2 df)

Iteration 4:  10000000 integrand evaluations so far
[1] 31.226 +- 0.115774  	chisq 1.28989 (3 df)
   31.23 ±   0.12        ( 33.6s) ┃   42.01 ±   0.12        (8.89mi) ┃
┃   82 -    84 ┃   53 -    54 ┃ 21.0507 ± 0.0046        (3.71mi) ┃-8.29055 ± 0.0004        (  24mi) ┃Vegas input parameters:
  ndim 7
  ncomp 1
  nvec 1
  epsrel 0
  epsabs 0
  flags 10
  seed 123456
  mineval 10000000
  maxeval 10000000
  nstart 1000000
  nincrease 1000000
  nbatch 5000
  gridno 0
  statefile ""

Iteration 1:  1000000 integrand evaluations so far
[1] 29.3052 +- 0.847721  	chisq 0 (0 df)

Iteration 2:  3000000 integrand evaluations so far
[1] 30.6982 +- 0.247122  	chisq 2.95117 (1 df)

Iteration 3:  6000000 integrand evaluations so far
[1] 30.6622 +- 0.161474  	chisq 2.98829 (2 df)

Iteration 4:  10000000 integrand evaluations so far
[1] 30.8824 +- 0.120566  	chisq 7.18961 (3 df)
   30.88 ±   0.12        ( 26.6s) ┃   43.64 ±   0.12        (28.1mi) ┃
┃   82 -    84 ┃   54 -    55 ┃  15.348 ±  0.012        (1.21mi) ┃-6.08982 ± 0.00074        (11.3mi) ┃Vegas input parameters:
  ndim 7
  ncomp 1
  nvec 1
  epsrel 0
  epsabs 0
  flags 10
  seed 123456
  mineval 10000000
  maxeval 10000000
  nstart 1000000
  nincrease 1000000
  nbatch 5000
  gridno 0
  statefile ""

Iteration 1:  1000000 integrand evaluations so far
[1] 30.0042 +- 0.866192  	chisq 0 (0 df)

Iteration 2:  3000000 integrand evaluations so far
[1] 31.3717 +- 0.31428  	chisq 2.87056 (1 df)

Iteration 3:  6000000 integrand evaluations so far
[1] 31.1763 +- 0.185111  	chisq 3.46293 (2 df)

Iteration 4:  10000000 integrand evaluations so far
[1] 31.0676 +- 0.126681  	chisq 4.11123 (3 df)
   31.07 ±   0.13        ( 23.6s) ┃   40.33 ±   0.13        (12.9mi) ┃
┃   82 -    84 ┃   55 -    56 ┃ 14.9179 ± 0.0038        ( 38.6s) ┃ -5.9388 ± 0.0027        (2.88mi) ┃Vegas input parameters:
  ndim 7
  ncomp 1
  nvec 1
  epsrel 0
  epsabs 0
  flags 10
  seed 123456
  mineval 10000000
  maxeval 10000000
  nstart 1000000
  nincrease 1000000
  nbatch 5000
  gridno 0
  statefile ""

Iteration 1:  1000000 integrand evaluations so far
[1] 30.5593 +- 0.880694  	chisq 0 (0 df)

Iteration 2:  3000000 integrand evaluations so far
[1] 31.2493 +- 0.291078  	chisq 0.689098 (1 df)

Iteration 3:  6000000 integrand evaluations so far
[1] 30.9494 +- 0.174812  	chisq 2.34956 (2 df)

Iteration 4:  10000000 integrand evaluations so far
[1] 30.8775 +- 0.124029  	chisq 2.68965 (3 df)
   30.88 ±   0.12        ( 29.4s) ┃   39.86 ±   0.12        (4.01mi) ┃
┃   82 -    84 ┃   56 -    57 ┃  17.625 ±  0.015        (1.22mi) ┃ -6.8575 ± 0.0015        (1.46mi) ┃Vegas input parameters:
  ndim 7
  ncomp 1
  nvec 1
  epsrel 0
  epsabs 0
  flags 10
  seed 123456
  mineval 10000000
  maxeval 10000000
  nstart 1000000
  nincrease 1000000
  nbatch 5000
  gridno 0
  statefile ""

Iteration 1:  1000000 integrand evaluations so far
[1] 30.4058 +- 0.86945  	chisq 0 (0 df)

Iteration 2:  3000000 integrand evaluations so far
[1] 30.9262 +- 0.259976  	chisq 0.393368 (1 df)

Iteration 3:  6000000 integrand evaluations so far
[1] 30.642 +- 0.158835  	chisq 2.29998 (2 df)

Iteration 4:  10000000 integrand evaluations so far
[1] 30.6523 +- 0.119559  	chisq 2.3097 (3 df)
   30.65 ±   0.12        (   23s) ┃   41.42 ±   0.12        (3.06mi) ┃
┃   82 -    84 ┃   57 -    58 ┃  16.799 ±  0.007        (2.47mi) ┃ -6.6982 ± 0.0058        (12.3mi) ┃Vegas input parameters:
  ndim 7
  ncomp 1
  nvec 1
  epsrel 0
  epsabs 0
  flags 10
  seed 123456
  mineval 10000000
  maxeval 10000000
  nstart 1000000
  nincrease 1000000
  nbatch 5000
  gridno 0
  statefile ""

Iteration 1:  1000000 integrand evaluations so far
[1] 30.1254 +- 0.863423  	chisq 0 (0 df)

Iteration 2:  3000000 integrand evaluations so far
[1] 30.2182 +- 0.259836  	chisq 0.0126945 (1 df)

Iteration 3:  6000000 integrand evaluations so far
[1] 30.3466 +- 0.159757  	chisq 0.40522 (2 df)

Iteration 4:  10000000 integrand evaluations so far
[1] 30.1364 +- 0.115206  	chisq 4.01069 (3 df)
   30.14 ±   0.12        ( 25.7s) ┃   40.24 ±   0.12        (15.2mi) ┃
┃   82 -    84 ┃   58 -    59 ┃  17.064 ±  0.011        (1.23mi) ┃-6.74419 ± 0.0005        (24.4mi) ┃Vegas input parameters:
  ndim 7
  ncomp 1
  nvec 1
  epsrel 0
  epsabs 0
  flags 10
  seed 123456
  mineval 10000000
  maxeval 10000000
  nstart 1000000
  nincrease 1000000
  nbatch 5000
  gridno 0
  statefile ""

Iteration 1:  1000000 integrand evaluations so far
[1] 28.286 +- 0.836623  	chisq 0 (0 df)

Iteration 2:  3000000 integrand evaluations so far
[1] 29.5761 +- 0.252518  	chisq 2.616 (1 df)

Iteration 3:  6000000 integrand evaluations so far
[1] 29.3703 +- 0.155684  	chisq 3.68692 (2 df)

Iteration 4:  10000000 integrand evaluations so far
[1] 29.0801 +- 0.113682  	chisq 11.1318 (3 df)
   29.08 ±   0.11        ( 23.5s) ┃    39.4 ±   0.11        (  26mi) ┃
┃   82 -    84 ┃   59 -    60 ┃  14.769 ±  0.013        (   32s) ┃ -5.7871 ± 0.0053        (1.58mi) ┃Vegas input parameters:
  ndim 7
  ncomp 1
  nvec 1
  epsrel 0
  epsabs 0
  flags 10
  seed 123456
  mineval 10000000
  maxeval 10000000
  nstart 1000000
  nincrease 1000000
  nbatch 5000
  gridno 0
  statefile ""

Iteration 1:  1000000 integrand evaluations so far
[1] 26.458 +- 0.799667  	chisq 0 (0 df)

Iteration 2:  3000000 integrand evaluations so far
[1] 27.9712 +- 0.235627  	chisq 3.92146 (1 df)

Iteration 3:  6000000 integrand evaluations so far
[1] 27.8566 +- 0.150544  	chisq 4.3214 (2 df)

Iteration 4:  10000000 integrand evaluations so far
[1] 27.8173 +- 0.110877  	chisq 4.47071 (3 df)
   27.82 ±   0.11        (   26s) ┃    36.8 ±   0.11        (2.54mi) ┃
┣━━━━━━━━━━━━━━╋━━━━━━━━━━━━━━╋━━━━━━━━━━━━━━━━━━━━━━━━━━━━━━━━━━╋━━━━━━━━━━━━━━━━━━━━━━━━━━━━━━━━━━╋━━━━━━━━━━━━━━━━━━━━━━━━━━━━━━━━━━╋━━━━━━━━━━━━━━━━━━━━━━━━━━━━━━━━━━┫
┃   80 -    84 ┃   25 -    60 ┃ 1.52963 ± 0.00012 ·10⁺⁰³ (3.13hr) ┃-614.866 ±  0.045        (16.5hr) ┃  2.5697 ± 0.0012 ·10⁺⁰³ (34.4mi) ┃  3.4844 ± 0.0012 ·10⁺⁰³ (20.2hr) ┃
┗━━━━━━━━━━━━━━┻━━━━━━━━━━━━━━┻━━━━━━━━━━━━━━━━━━━━━━━━━━━━━━━━━━┻━━━━━━━━━━━━━━━━━━━━━━━━━━━━━━━━━━┻━━━━━━━━━━━━━━━━━━━━━━━━━━━━━━━━━━┻━━━━━━━━━━━━━━━━━━━━━━━━━━━━━━━━━━┛

╍╍╍╍╍╍╍╍╍╍╍╍╍╍╍╍╍╍╍╍╍╍╍╍╍╍╍╍╍╍╍╍ Summary ╍╍╍╍╍╍╍╍╍╍╍╍╍╍╍╍╍╍╍╍╍╍╍╍╍╍╍╍╍╍╍
      Total cross section                    3.4844 ± 0.0012          pb
         Calculation time                               20.2       hours
              Output file                    outputs/qt_qt80_84_NLL_muR2.0_muF2.0.root            
      Result in text file                    outputs/qt_qt80_84_NLL_muR2.0_muF2.0.txt            

╍╍╍╍╍╍╍╍╍╍╍╍╍╍╍╍╍╍╍╍╍╍╍╍╍╍╍╍╍╍╍╍╍╍╍╍╍╍╍╍╍╍╍╍╍╍╍╍╍╍╍╍╍╍╍╍╍╍╍╍╍╍╍╍╍╍╍╍╍╍╍╍

