
╍╍╍╍╍╍╍╍╍╍╍╍╍╍╍╍╍╍╍╍╍╍╍╍╍╍╍ Process settings ╍╍╍╍╍╍╍╍╍╍╍╍╍╍╍╍╍╍╍╍╍╍╍╍╍╍╍
   proton-proton collisions at sqrt(s) = 13000 GeV 
   Computing NLO+NLL resummed cross section
   Z/gamma* ->  e-(p3)+e+(p4) production 

╍╍╍╍╍╍╍╍╍╍╍╍╍╍╍╍╍╍╍╍╍╍╍╍╍╍╍╍╍ EW parameters ╍╍╍╍╍╍╍╍╍╍╍╍╍╍╍╍╍╍╍╍╍╍╍╍╍╍╍╍
                                         Gf =  1.1663787e-05      GeV^-2
                                    1/alpha =  132.233229791            
                                 sin(thW)^2 = 0.222897222524            
                                     W mass =         80.385         GeV
                                     Z mass =        91.1876         GeV
                                    W width =          2.091         GeV
                                    Z width =          2.495         GeV

╍╍╍╍╍╍╍╍╍╍╍╍╍╍╍╍╍╍╍╍╍╍╍╍╍╍╍╍╍ QCD settings ╍╍╍╍╍╍╍╍╍╍╍╍╍╍╍╍╍╍╍╍╍╍╍╍╍╍╍╍╍
   Renormalization scale:     dynamic muren =              1      * m_ll
     Factorization scale:     dynamic mufac =              2      * m_ll
       Resummation scale:     dynamic mures =              1      * m_ll
          Strong coupling       alpha_s(MZ) =       0.118001            
                              running order =              2       -loop
         Non-perturbative     form factor g =            0.7       GeV^2

╍╍╍╍╍╍╍╍╍╍╍╍╍╍╍╍╍╍╍╍╍╍╍╍╍╍╍╍╍ PDF settings ╍╍╍╍╍╍╍╍╍╍╍╍╍╍╍╍╍╍╍╍╍╍╍╍╍╍╍╍╍
                                     PDF set:MSHT20nnlo_as118            
                                  PDF member:              0            
  Mellin moments of PDFs:                    Numerical integration            
                         nodes for the quadrature:            200            
                         Intervals for the quadrature:              1            

╍╍╍╍╍╍╍╍╍╍╍╍╍╍╍╍╍╍╍╍╍╍╍╍╍╍╍╍╍╍╍ qT recoil ╍╍╍╍╍╍╍╍╍╍╍╍╍╍╍╍╍╍╍╍╍╍╍╍╍╍╍╍╍╍
  qt-recoil prescription:       Collins-Soper kt1 = p_V(x)/2; kt2 = p_V(y)/2            

╍╍╍╍╍╍╍╍╍╍╍╍╍╍╍╍╍╍╍╍╍╍╍╍╍╍╍╍╍╍╍╍╍ Cuts ╍╍╍╍╍╍╍╍╍╍╍╍╍╍╍╍╍╍╍╍╍╍╍╍╍╍╍╍╍╍╍╍╍
                                  apply cuts:           true            
                                      pt_l >               0            
                                   |eta_l| <            1000            
                                    pt_lep >              25            
                                 |eta_lep| <             2.4            
                                   pt_alep >              25            
                                |eta_alep| <             2.4            
                                  user cuts:            true            

╍╍╍╍╍╍╍╍╍╍╍╍╍╍╍╍╍╍╍╍╍╍╍╍╍╍╍╍ ResummationDamp ╍╍╍╍╍╍╍╍╍╍╍╍╍╍╍╍╍╍╍╍╍╍╍╍╍╍╍
                                    damping :             on            
                                damping mode:              1            
                                  damp above:        68.3907         GeV
                               damping width:        22.7969         GeV
                          resummation cutoff:             20         MeV

╍╍╍╍╍╍╍╍╍╍╍╍╍╍╍╍╍╍╍╍╍╍╍╍╍╍╍╍ Debug settings ╍╍╍╍╍╍╍╍╍╍╍╍╍╍╍╍╍╍╍╍╍╍╍╍╍╍╍╍
                                 timeprofile:          false            
                                     verbose:          false            
                               cubaverbosity:              0            

╍╍╍╍╍╍╍╍╍╍╍╍╍╍╍╍╍╍╍╍╍╍╍╍╍╍╍╍╍╍╍╍╍╍╍╍╍╍╍╍╍╍╍╍╍╍╍╍╍╍╍╍╍╍╍╍╍╍╍╍╍╍╍╍╍╍╍╍╍╍╍╍

Warning: Histogram `a1_qt` contains non-integrable observable and will be deleted 
Warning: Histogram `a1_qt_vs_y` contains non-integrable observable and will be deleted 
Warning: Histogram `s_biganswer` contains non-integrable observable and will be deleted 
Warning: Histogram `wgt_a1_qt` contains non-integrable observable and will be deleted 

╍╍╍╍╍╍╍╍╍╍╍╍╍╍╍╍╍╍╍╍╍╍╍╍╍ Integration settings ╍╍╍╍╍╍╍╍╍╍╍╍╍╍╍╍╍╍╍╍╍╍╍╍╍
             Random seeds              123456                           
           Parallel cores                  12                           

             Resummation:     cuhre (dm, dpt)         iter =           5
                                   gauss (dy)        nodes =          64
                                                 intervals =           1
            Counter term:      cuhre (dm, dy)         iter =           5
                                  gauss (dpt)        nodes =          20
                                                 intervals =           5
                     V+J:            vegas 7D       ncalls =    10000000

Mellin inverse transform:           gaussian         nodes =          30
                                                 intervals =           1
                               imaginary axis         zmax =           2
  Angular variable costh:     semi-analytical      ncstart =         100
   Angular variables phi:            gaussian    intervals =          20

      Constant boundaries                  q2          low =          80
                                                      high =         100
                                            y          low =          -6
                                                      high =           6
                                        costh          low =          -1
                                                      high =           1
                                        pT(l)          low =           0
                                                      high =       13000
                                       eta(l)          low =         -10
                                                      high =          10

┏━━━━━━━━━━━━━━┰━━━━━━━━━━━━━━━━━━━━━━━━━━━━━━━━━━┰━━━━━━━━━━━━━━━━━━━━━━━━━━━━━━━━━━┰━━━━━━━━━━━━━━━━━━━━━━━━━━━━━━━━━━┰━━━━━━━━━━━━━━━━━━━━━━━━━━━━━━━━━━┓
┃           qT ┃                      Resummation ┃                     Counter term ┃                              V+J ┃                            TOTAL ┃
┣━━━━━━━━━━━━━━╋━━━━━━━━━━━━━━━━━━━━━━━━━━━━━━━━━━╋━━━━━━━━━━━━━━━━━━━━━━━━━━━━━━━━━━╋━━━━━━━━━━━━━━━━━━━━━━━━━━━━━━━━━━╋━━━━━━━━━━━━━━━━━━━━━━━━━━━━━━━━━━┫
┃    0 -     1 ┃ 8.01458 ± 0.00068 ·10⁺⁰³ ( 10.9s) ┃-216.253 ± 0.0027 ·10⁺⁰³ (9.61mi) ┃ 216.218 ±   0.04 ·10⁺⁰³ ( 27.8s) ┃    7.98 ±   0.04 ·10⁺⁰³ (10.3mi) ┃
┃    1 -     2 ┃ 21.6993 ± 0.0017 ·10⁺⁰³ ( 4.14s) ┃-419.622 ±  0.024 ·10⁺⁰³ (4.25mi) ┃ 419.453 ±  0.078 ·10⁺⁰³ ( 12.7s) ┃   21.53 ±  0.081 ·10⁺⁰³ (4.53mi) ┃
┃    2 -     3 ┃ 30.4503 ± 0.0024 ·10⁺⁰³ ( 2.92s) ┃-211.581 ±  0.012 ·10⁺⁰³ (4.23mi) ┃ 211.414 ±  0.039 ·10⁺⁰³ ( 31.7s) ┃  30.283 ±  0.041 ·10⁺⁰³ ( 4.8mi) ┃
┃    3 -     4 ┃ 34.5838 ± 0.0026 ·10⁺⁰³ ( 3.21s) ┃-134.783 ± 0.0075 ·10⁺⁰³ (4.32mi) ┃ 134.622 ±  0.025 ·10⁺⁰³ ( 33.2s) ┃  34.423 ±  0.026 ·10⁺⁰³ (4.93mi) ┃
┃    4 -     5 ┃ 35.5448 ± 0.0026 ·10⁺⁰³ (  4.2s) ┃-95.7016 ± 0.0052 ·10⁺⁰³ (4.22mi) ┃  95.549 ±  0.018 ·10⁺⁰³ ( 12.1s) ┃  35.392 ±  0.019 ·10⁺⁰³ (4.49mi) ┃
┃    5 -     6 ┃ 34.6895 ± 0.0024 ·10⁺⁰³ ( 2.82s) ┃-72.4161 ± 0.0039 ·10⁺⁰³ (4.05mi) ┃  72.278 ±  0.014 ·10⁺⁰³ (   13s) ┃  34.552 ±  0.014 ·10⁺⁰³ (4.31mi) ┃
┃    6 -     7 ┃ 32.9317 ± 0.0021 ·10⁺⁰³ ( 2.89s) ┃ -57.149 ±  0.003 ·10⁺⁰³ (4.09mi) ┃  57.031 ±  0.011 ·10⁺⁰³ ( 13.1s) ┃  32.814 ±  0.011 ·10⁺⁰³ (4.36mi) ┃
┃    7 -     8 ┃ 30.8039 ±  0.002 ·10⁺⁰³ ( 2.57s) ┃-46.4701 ± 0.0024 ·10⁺⁰³ (3.82mi) ┃ 46.3734 ± 0.0087 ·10⁺⁰³ ( 12.5s) ┃ 30.7072 ± 0.0093 ·10⁺⁰³ (4.07mi) ┃
┃    8 -     9 ┃  28.592 ± 0.0018 ·10⁺⁰³ ( 2.67s) ┃-38.6426 ±  0.002 ·10⁺⁰³ (4.87mi) ┃ 38.5717 ± 0.0074 ·10⁺⁰³ ( 17.7s) ┃ 28.5212 ± 0.0078 ·10⁺⁰³ (5.21mi) ┃
┃    9 -    10 ┃ 26.4408 ± 0.0017 ·10⁺⁰³ ( 3.41s) ┃ -32.698 ± 0.0016 ·10⁺⁰³ (4.63mi) ┃ 32.6564 ± 0.0063 ·10⁺⁰³ ( 13.5s) ┃ 26.3993 ± 0.0067 ·10⁺⁰³ (4.91mi) ┃
┃   10 -    11 ┃ 24.4162 ± 0.0015 ·10⁺⁰³ ( 3.22s) ┃-28.0559 ± 0.0014 ·10⁺⁰³ ( 4.2mi) ┃  28.045 ± 0.0055 ·10⁺⁰³ ( 11.3s) ┃ 24.4054 ± 0.0059 ·10⁺⁰³ (4.44mi) ┃
┃   11 -    12 ┃ 22.5415 ± 0.0014 ·10⁺⁰³ ( 2.83s) ┃-24.3487 ± 0.0012 ·10⁺⁰³ (4.36mi) ┃ 24.3674 ± 0.0048 ·10⁺⁰³ ( 17.3s) ┃ 22.5602 ± 0.0051 ·10⁺⁰³ ( 4.7mi) ┃
┃   12 -    13 ┃  20.821 ± 0.0012 ·10⁺⁰³ ( 3.14s) ┃-21.3362 ±  0.002 ·10⁺⁰³ ( 57.2s) ┃ 21.3791 ± 0.0043 ·10⁺⁰³ ( 13.2s) ┃ 20.8639 ± 0.0049 ·10⁺⁰³ (1.22mi) ┃
┃   13 -    14 ┃   19.25 ± 0.0011 ·10⁺⁰³ (  2.5s) ┃-18.8416 ± 0.00087 ·10⁺⁰³ (4.39mi) ┃ 18.9162 ± 0.0038 ·10⁺⁰³ ( 18.7s) ┃ 19.3245 ± 0.0041 ·10⁺⁰³ (4.74mi) ┃
┃   14 -    15 ┃ 17.8181 ±  0.001 ·10⁺⁰³ ( 3.53s) ┃-16.7562 ± 0.00075 ·10⁺⁰³ (4.01mi) ┃ 16.8565 ± 0.0035 ·10⁺⁰³ ( 12.9s) ┃ 17.9183 ± 0.0037 ·10⁺⁰³ (4.29mi) ┃
┃   15 -    16 ┃ 16.5135 ± 0.00094 ·10⁺⁰³ ( 2.82s) ┃-14.9909 ± 0.00066 ·10⁺⁰³ (4.24mi) ┃  15.116 ± 0.0031 ·10⁺⁰³ (   14s) ┃ 16.6386 ± 0.0033 ·10⁺⁰³ (4.52mi) ┃
┃   16 -    17 ┃ 15.3244 ± 0.00087 ·10⁺⁰³ ( 3.12s) ┃-13.4819 ± 0.00058 ·10⁺⁰³ (3.96mi) ┃ 13.6283 ± 0.0028 ·10⁺⁰³ ( 11.6s) ┃ 15.4708 ±  0.003 ·10⁺⁰³ ( 4.2mi) ┃
┃   17 -    18 ┃ 14.2394 ± 0.00073 ·10⁺⁰³ ( 2.79s) ┃-12.1808 ± 0.00051 ·10⁺⁰³ (4.19mi) ┃ 12.3493 ± 0.0026 ·10⁺⁰³ ( 11.8s) ┃ 14.4079 ± 0.0027 ·10⁺⁰³ (4.43mi) ┃
┃   18 -    19 ┃ 13.2481 ± 0.00072 ·10⁺⁰³ ( 2.88s) ┃-11.0504 ± 0.00045 ·10⁺⁰³ (3.95mi) ┃ 11.2384 ± 0.0024 ·10⁺⁰³ ( 11.8s) ┃ 13.4361 ± 0.0025 ·10⁺⁰³ ( 4.2mi) ┃
┃   19 -    20 ┃  12.341 ± 0.0012 ·10⁺⁰³ ( 1.74s) ┃-10.0618 ± 0.0004 ·10⁺⁰³ (4.13mi) ┃  10.267 ± 0.0022 ·10⁺⁰³ ( 12.9s) ┃ 12.5462 ± 0.0025 ·10⁺⁰³ (4.37mi) ┃
┃   20 -    21 ┃ 11.5093 ± 0.00099 ·10⁺⁰³ ( 1.93s) ┃-9.19351 ± 0.00066 ·10⁺⁰³ ( 57.6s) ┃  9.4122 ±  0.002 ·10⁺⁰³ ( 12.7s) ┃  11.728 ± 0.0024 ·10⁺⁰³ ( 1.2mi) ┃
┃   21 -    22 ┃  10.745 ± 0.0008 ·10⁺⁰³ ( 1.76s) ┃-8.42391 ± 0.00046 ·10⁺⁰³ (1.09mi) ┃  8.6556 ± 0.0019 ·10⁺⁰³ ( 10.9s) ┃ 10.9766 ± 0.0021 ·10⁺⁰³ ( 1.3mi) ┃
┃   22 -    23 ┃ 10.0421 ± 0.00066 ·10⁺⁰³ ( 2.99s) ┃-7.73961 ± 0.00063 ·10⁺⁰³ ( 59.6s) ┃   7.983 ± 0.0017 ·10⁺⁰³ ( 15.9s) ┃ 10.2855 ±  0.002 ·10⁺⁰³ (1.31mi) ┃
┃   23 -    24 ┃ 9.39508 ± 0.00054 ·10⁺⁰³ ( 1.81s) ┃-7.12753 ± 0.00026 ·10⁺⁰³ (3.85mi) ┃  7.3829 ± 0.0016 ·10⁺⁰³ ( 13.2s) ┃  9.6505 ± 0.0017 ·10⁺⁰³ ( 4.1mi) ┃
┃   24 -    25 ┃  8.7988 ± 0.00044 ·10⁺⁰³ ( 1.84s) ┃-6.57986 ± 0.00023 ·10⁺⁰³ (4.35mi) ┃  6.8442 ± 0.0015 ·10⁺⁰³ ( 14.5s) ┃  9.0631 ± 0.0016 ·10⁺⁰³ (4.62mi) ┃
┃   25 -    26 ┃ 8.24866 ± 0.00036 ·10⁺⁰³ ( 2.12s) ┃-6.08701 ± 0.00021 ·10⁺⁰³ (4.19mi) ┃  6.3582 ± 0.0014 ·10⁺⁰³ ( 13.2s) ┃  8.5198 ± 0.0015 ·10⁺⁰³ (4.44mi) ┃
┃   26 -    27 ┃ 7.74054 ± 0.00035 ·10⁺⁰³ ( 2.19s) ┃-5.64199 ± 0.00019 ·10⁺⁰³ (4.93mi) ┃   5.919 ± 0.0013 ·10⁺⁰³ ( 12.7s) ┃  8.0176 ± 0.0014 ·10⁺⁰³ (5.18mi) ┃
┃   27 -    28 ┃ 7.27069 ± 0.00034 ·10⁺⁰³ ( 1.49s) ┃-5.23889 ± 0.00018 ·10⁺⁰³ (5.35mi) ┃  5.5204 ± 0.0013 ·10⁺⁰³ ( 13.1s) ┃  7.5522 ± 0.0013 ·10⁺⁰³ ( 5.6mi) ┃
┃   28 -    29 ┃ 6.83575 ± 0.0003 ·10⁺⁰³ ( 2.38s) ┃-4.87271 ± 0.00016 ·10⁺⁰³ (5.23mi) ┃  5.1577 ± 0.0012 ·10⁺⁰³ ( 13.3s) ┃  7.1208 ± 0.0012 ·10⁺⁰³ (5.49mi) ┃
┃   29 -    30 ┃ 6.43264 ± 0.00027 ·10⁺⁰³ ( 1.76s) ┃-4.53918 ± 0.00015 ·10⁺⁰³ ( 5.1mi) ┃  4.8263 ± 0.0011 ·10⁺⁰³ ( 11.8s) ┃  6.7198 ± 0.0012 ·10⁺⁰³ (5.33mi) ┃
┣━━━━━━━━━━━━━━╋━━━━━━━━━━━━━━━━━━━━━━━━━━━━━━━━━━╋━━━━━━━━━━━━━━━━━━━━━━━━━━━━━━━━━━╋━━━━━━━━━━━━━━━━━━━━━━━━━━━━━━━━━━╋━━━━━━━━━━━━━━━━━━━━━━━━━━━━━━━━━━┫
┃    0 -    30 ┃ 547.283 ± 0.0076 ·10⁺⁰³ (1.48mi) ┃-1.56187 ± 2.9e-05 ·10⁺⁰⁶ (2.04hr) ┃ 1.56439 ± 0.0001 ·10⁺⁰⁶ (7.57mi) ┃  549.81 ±   0.11 ·10⁺⁰³ (2.19hr) ┃
┗━━━━━━━━━━━━━━┻━━━━━━━━━━━━━━━━━━━━━━━━━━━━━━━━━━┻━━━━━━━━━━━━━━━━━━━━━━━━━━━━━━━━━━┻━━━━━━━━━━━━━━━━━━━━━━━━━━━━━━━━━━┻━━━━━━━━━━━━━━━━━━━━━━━━━━━━━━━━━━┛

╍╍╍╍╍╍╍╍╍╍╍╍╍╍╍╍╍╍╍╍╍╍╍╍╍╍╍╍╍╍╍╍ Summary ╍╍╍╍╍╍╍╍╍╍╍╍╍╍╍╍╍╍╍╍╍╍╍╍╍╍╍╍╍╍╍
      Total cross section                     549.81 ± 0.11          pb
         Calculation time                               2.19       hours
              Output file                    out_NLL_muR1.0_muF2.0.root            
      Result in text file                    out_NLL_muR1.0_muF2.0.txt            

╍╍╍╍╍╍╍╍╍╍╍╍╍╍╍╍╍╍╍╍╍╍╍╍╍╍╍╍╍╍╍╍╍╍╍╍╍╍╍╍╍╍╍╍╍╍╍╍╍╍╍╍╍╍╍╍╍╍╍╍╍╍╍╍╍╍╍╍╍╍╍╍

