
╍╍╍╍╍╍╍╍╍╍╍╍╍╍╍╍╍╍╍╍╍╍╍╍╍╍╍ Process settings ╍╍╍╍╍╍╍╍╍╍╍╍╍╍╍╍╍╍╍╍╍╍╍╍╍╍╍
   proton-proton collisions at sqrt(s) = 13000 GeV 
   Computing NLO+NLL resummed cross section
   W+ ->  nu(p3)+e+(p4) production 

╍╍╍╍╍╍╍╍╍╍╍╍╍╍╍╍╍╍╍╍╍╍╍╍╍╍╍╍╍╍ CKM matrix ╍╍╍╍╍╍╍╍╍╍╍╍╍╍╍╍╍╍╍╍╍╍╍╍╍╍╍╍╍╍
     | Vud Vus Vub |   |   0.97427   0.2253  0.00351 | 
     | Vcd Vcs Vcb | = |    0.2252  0.97344   0.0412 | 
     | Vtd Vts Vtb |   |         0        0        0 | 

╍╍╍╍╍╍╍╍╍╍╍╍╍╍╍╍╍╍╍╍╍╍╍╍╍╍╍╍╍ EW parameters ╍╍╍╍╍╍╍╍╍╍╍╍╍╍╍╍╍╍╍╍╍╍╍╍╍╍╍╍
                                         Gf =  1.1663787e-05      GeV^-2
                                    1/alpha =  132.233229791            
                                 sin(thW)^2 = 0.222897222524            
                                     W mass =         80.385         GeV
                                     Z mass =        91.1876         GeV
                                    W width =          2.091         GeV
                                    Z width =          2.495         GeV

╍╍╍╍╍╍╍╍╍╍╍╍╍╍╍╍╍╍╍╍╍╍╍╍╍╍╍╍╍ QCD settings ╍╍╍╍╍╍╍╍╍╍╍╍╍╍╍╍╍╍╍╍╍╍╍╍╍╍╍╍╍
   Renormalization scale:     dynamic muren =              2      * m_ll
     Factorization scale:     dynamic mufac =              1      * m_ll
       Resummation scale:     dynamic mures =              1      * m_ll
          Strong coupling       alpha_s(MZ) =       0.118001            
                              running order =              2       -loop
         Non-perturbative     form factor g =            0.7       GeV^2

╍╍╍╍╍╍╍╍╍╍╍╍╍╍╍╍╍╍╍╍╍╍╍╍╍╍╍╍╍ PDF settings ╍╍╍╍╍╍╍╍╍╍╍╍╍╍╍╍╍╍╍╍╍╍╍╍╍╍╍╍╍
                                     PDF set:MSHT20nnlo_as118            
                                  PDF member:              0            
  Mellin moments of PDFs:                    Numerical integration            
                         nodes for the quadrature:            200            
                         Intervals for the quadrature:              1            

╍╍╍╍╍╍╍╍╍╍╍╍╍╍╍╍╍╍╍╍╍╍╍╍╍╍╍╍╍╍╍ qT recoil ╍╍╍╍╍╍╍╍╍╍╍╍╍╍╍╍╍╍╍╍╍╍╍╍╍╍╍╍╍╍
  qt-recoil prescription:       Collins-Soper kt1 = p_V(x)/2; kt2 = p_V(y)/2            

╍╍╍╍╍╍╍╍╍╍╍╍╍╍╍╍╍╍╍╍╍╍╍╍╍╍╍╍╍╍╍╍╍ Cuts ╍╍╍╍╍╍╍╍╍╍╍╍╍╍╍╍╍╍╍╍╍╍╍╍╍╍╍╍╍╍╍╍╍
                                  apply cuts:           true            
                                      pt_l >               0            
                                   |eta_l| <            1000            
                                    pt_lep >              25            
                                 |eta_lep| <             2.4            
                                   pt_alep >              25            
                                |eta_alep| <             2.4            
                                  user cuts:            true            

╍╍╍╍╍╍╍╍╍╍╍╍╍╍╍╍╍╍╍╍╍╍╍╍╍╍╍╍ ResummationDamp ╍╍╍╍╍╍╍╍╍╍╍╍╍╍╍╍╍╍╍╍╍╍╍╍╍╍╍
                                    damping :             on            
                                damping mode:              1            
                                  damp above:        60.2888         GeV
                               damping width:        20.0963         GeV
                          resummation cutoff:             20         MeV

╍╍╍╍╍╍╍╍╍╍╍╍╍╍╍╍╍╍╍╍╍╍╍╍╍╍╍╍ Debug settings ╍╍╍╍╍╍╍╍╍╍╍╍╍╍╍╍╍╍╍╍╍╍╍╍╍╍╍╍
                                 timeprofile:          false            
                                     verbose:          false            
                               cubaverbosity:              2            

╍╍╍╍╍╍╍╍╍╍╍╍╍╍╍╍╍╍╍╍╍╍╍╍╍╍╍╍╍╍╍╍╍╍╍╍╍╍╍╍╍╍╍╍╍╍╍╍╍╍╍╍╍╍╍╍╍╍╍╍╍╍╍╍╍╍╍╍╍╍╍╍

Warning: Histogram `a1_qt` contains non-integrable observable and will be deleted 
Warning: Histogram `a1_qt_vs_y` contains non-integrable observable and will be deleted 
Warning: Histogram `s_biganswer` contains non-integrable observable and will be deleted 
Warning: Histogram `wgt_a1_qt` contains non-integrable observable and will be deleted 

╍╍╍╍╍╍╍╍╍╍╍╍╍╍╍╍╍╍╍╍╍╍╍╍╍ Integration settings ╍╍╍╍╍╍╍╍╍╍╍╍╍╍╍╍╍╍╍╍╍╍╍╍╍
             Random seeds              123456                           
           Parallel cores                   1                           

             Resummation:     cuhre (dm, dpt)         iter =           5
                                   gauss (dy)        nodes =          64
                                                 intervals =           1
            Counter term:      cuhre (dm, dy)         iter =           5
                                  gauss (dpt)        nodes =          20
                                                 intervals =           5
                     V+J:            vegas 7D       ncalls =    10000000

Mellin inverse transform:           gaussian         nodes =          30
                                                 intervals =           1
                               imaginary axis         zmax =           2
  Angular variable costh:     semi-analytical      ncstart =         100
   Angular variables phi:            gaussian    intervals =          20

      Constant boundaries                  q2          low =          80
                                                      high =         100
                                            y          low =          -6
                                                      high =           6
                                        costh          low =          -1
                                                      high =           1
                                       eta(l)          low =         -10
                                                      high =          10

┏━━━━━━━━━━━━━━┰━━━━━━━━━━━━━━┰━━━━━━━━━━━━━━━━━━━━━━━━━━━━━━━━━━┰━━━━━━━━━━━━━━━━━━━━━━━━━━━━━━━━━━┰━━━━━━━━━━━━━━━━━━━━━━━━━━━━━━━━━━┰━━━━━━━━━━━━━━━━━━━━━━━━━━━━━━━━━━┓
┃           qT ┃        pT(l) ┃                      Resummation ┃                     Counter term ┃                              V+J ┃                            TOTAL ┃
┣━━━━━━━━━━━━━━╋━━━━━━━━━━━━━━╋━━━━━━━━━━━━━━━━━━━━━━━━━━━━━━━━━━╋━━━━━━━━━━━━━━━━━━━━━━━━━━━━━━━━━━╋━━━━━━━━━━━━━━━━━━━━━━━━━━━━━━━━━━╋━━━━━━━━━━━━━━━━━━━━━━━━━━━━━━━━━━┫
┃   20 -    22 ┃   25 -    26 ┃  1.4757 ± 0.0014 ·10⁺⁰³ ( 21.9s) ┃ -950.03 ±    0.4        ( 3.7mi) ┃Vegas input parameters:
  ndim 7
  ncomp 1
  nvec 1
  epsrel 0
  epsabs 0
  flags 10
  seed 123456
  mineval 10000000
  maxeval 10000000
  nstart 1000000
  nincrease 1000000
  nbatch 5000
  gridno 0
  statefile ""

Iteration 1:  1000000 integrand evaluations so far
[1] 904.281 +- 21.454  	chisq 0 (0 df)

Iteration 2:  3000000 integrand evaluations so far
[1] 966.721 +- 5.0021  	chisq 8.95746 (1 df)

Iteration 3:  6000000 integrand evaluations so far
[1] 966.273 +- 3.09242  	chisq 8.97043 (2 df)

Iteration 4:  10000000 integrand evaluations so far
[1] 965.822 +- 2.27817  	chisq 9.01711 (3 df)
   965.8 ±    2.3        (   49s) ┃  1.4915 ± 0.0027 ·10⁺⁰³ (4.88mi) ┃
┃   20 -    22 ┃   26 -    27 ┃ 1.62898 ± 0.00054 ·10⁺⁰³ ( 6.38s) ┃-1.05285 ± 0.00087 ·10⁺⁰³ (1.91mi) ┃Vegas input parameters:
  ndim 7
  ncomp 1
  nvec 1
  epsrel 0
  epsabs 0
  flags 10
  seed 123456
  mineval 10000000
  maxeval 10000000
  nstart 1000000
  nincrease 1000000
  nbatch 5000
  gridno 0
  statefile ""

Iteration 1:  1000000 integrand evaluations so far
[1] 1093.14 +- 23.2744  	chisq 0 (0 df)

Iteration 2:  3000000 integrand evaluations so far
[1] 1083.1 +- 4.92437  	chisq 0.194454 (1 df)

Iteration 3:  6000000 integrand evaluations so far
[1] 1083.61 +- 3.22564  	chisq 0.212899 (2 df)

Iteration 4:  10000000 integrand evaluations so far
[1] 1085.28 +- 2.38256  	chisq 0.80171 (3 df)
  1.0853 ± 0.0024 ·10⁺⁰³ ( 51.3s) ┃  1.6614 ± 0.0026 ·10⁺⁰³ (2.87mi) ┃
┃   20 -    22 ┃   27 -    28 ┃ 1.84693 ± 0.00052 ·10⁺⁰³ ( 24.3s) ┃-1.19342 ± 0.00091 ·10⁺⁰³ (7.56mi) ┃Vegas input parameters:
  ndim 7
  ncomp 1
  nvec 1
  epsrel 0
  epsabs 0
  flags 10
  seed 123456
  mineval 10000000
  maxeval 10000000
  nstart 1000000
  nincrease 1000000
  nbatch 5000
  gridno 0
  statefile ""

Iteration 1:  1000000 integrand evaluations so far
[1] 1251.83 +- 24.5513  	chisq 0 (0 df)

Iteration 2:  3000000 integrand evaluations so far
[1] 1220.85 +- 5.67227  	chisq 1.6818 (1 df)

Iteration 3:  6000000 integrand evaluations so far
[1] 1217.1 +- 3.46782  	chisq 2.37921 (2 df)

Iteration 4:  10000000 integrand evaluations so far
[1] 1218.9 +- 2.56637  	chisq 2.97044 (3 df)
  1.2189 ± 0.0026 ·10⁺⁰³ ( 50.8s) ┃  1.8724 ± 0.0028 ·10⁺⁰³ (8.81mi) ┃
┃   20 -    22 ┃   28 -    29 ┃  2.0867 ±  0.001 ·10⁺⁰³ ( 6.37s) ┃ -1.3373 ± 0.00066 ·10⁺⁰³ (4.02mi) ┃Vegas input parameters:
  ndim 7
  ncomp 1
  nvec 1
  epsrel 0
  epsabs 0
  flags 10
  seed 123456
  mineval 10000000
  maxeval 10000000
  nstart 1000000
  nincrease 1000000
  nbatch 5000
  gridno 0
  statefile ""

Iteration 1:  1000000 integrand evaluations so far
[1] 1381.07 +- 25.5724  	chisq 0 (0 df)

Iteration 2:  3000000 integrand evaluations so far
[1] 1397.11 +- 6.24059  	chisq 0.418367 (1 df)

Iteration 3:  6000000 integrand evaluations so far
[1] 1396.3 +- 4.00056  	chisq 0.446632 (2 df)

Iteration 4:  10000000 integrand evaluations so far
[1] 1397.5 +- 2.92354  	chisq 0.638237 (3 df)
  1.3975 ± 0.0029 ·10⁺⁰³ ( 50.2s) ┃  2.1469 ± 0.0032 ·10⁺⁰³ (4.96mi) ┃
┃   20 -    22 ┃   29 -    30 ┃  2.4418 ± 0.0012 ·10⁺⁰³ ( 3.46s) ┃ -1.5673 ± 0.0015 ·10⁺⁰³ (2.02mi) ┃Vegas input parameters:
  ndim 7
  ncomp 1
  nvec 1
  epsrel 0
  epsabs 0
  flags 10
  seed 123456
  mineval 10000000
  maxeval 10000000
  nstart 1000000
  nincrease 1000000
  nbatch 5000
  gridno 0
  statefile ""

Iteration 1:  1000000 integrand evaluations so far
[1] 1669.5 +- 27.8742  	chisq 0 (0 df)

Iteration 2:  3000000 integrand evaluations so far
[1] 1644.99 +- 7.06078  	chisq 0.826771 (1 df)

Iteration 3:  6000000 integrand evaluations so far
[1] 1644.19 +- 4.41265  	chisq 0.847503 (2 df)

Iteration 4:  10000000 integrand evaluations so far
[1] 1648.38 +- 3.28017  	chisq 2.86178 (3 df)
  1.6484 ± 0.0033 ·10⁺⁰³ ( 51.9s) ┃  2.5228 ± 0.0038 ·10⁺⁰³ (2.94mi) ┃
┃   20 -    22 ┃   30 -    31 ┃  3.1096 ± 0.0011 ·10⁺⁰³ ( 20.3s) ┃-1.99613 ± 0.00033 ·10⁺⁰³ (4.14mi) ┃Vegas input parameters:
  ndim 7
  ncomp 1
  nvec 1
  epsrel 0
  epsabs 0
  flags 10
  seed 123456
  mineval 10000000
  maxeval 10000000
  nstart 1000000
  nincrease 1000000
  nbatch 5000
  gridno 0
  statefile ""

Iteration 1:  1000000 integrand evaluations so far
[1] 2181.28 +- 31.2879  	chisq 0 (0 df)

Iteration 2:  3000000 integrand evaluations so far
[1] 2155.51 +- 8.40051  	chisq 0.731295 (1 df)

Iteration 3:  6000000 integrand evaluations so far
[1] 2154.38 +- 5.25772  	chisq 0.761253 (2 df)

Iteration 4:  10000000 integrand evaluations so far
[1] 2156.93 +- 3.89078  	chisq 1.2844 (3 df)
  2.1569 ± 0.0039 ·10⁺⁰³ (   53s) ┃  3.2704 ± 0.0041 ·10⁺⁰³ (5.36mi) ┃
┃   20 -    22 ┃   31 -    32 ┃  3.7758 ± 0.0015 ·10⁺⁰³ ( 19.8s) ┃ -2.4162 ± 0.0014 ·10⁺⁰³ (4.09mi) ┃Vegas input parameters:
  ndim 7
  ncomp 1
  nvec 1
  epsrel 0
  epsabs 0
  flags 10
  seed 123456
  mineval 10000000
  maxeval 10000000
  nstart 1000000
  nincrease 1000000
  nbatch 5000
  gridno 0
  statefile ""

Iteration 1:  1000000 integrand evaluations so far
[1] 2630.12 +- 33.6157  	chisq 0 (0 df)

Iteration 2:  3000000 integrand evaluations so far
[1] 2633.54 +- 9.38029  	chisq 0.0112198 (1 df)

Iteration 3:  6000000 integrand evaluations so far
[1] 2629.56 +- 5.84967  	chisq 0.304906 (2 df)

Iteration 4:  10000000 integrand evaluations so far
[1] 2633.64 +- 4.34818  	chisq 1.39198 (3 df)
  2.6336 ± 0.0043 ·10⁺⁰³ ( 53.6s) ┃  3.9932 ± 0.0048 ·10⁺⁰³ (5.32mi) ┃
┃   20 -    22 ┃   32 -    33 ┃  3.2239 ±  0.002 ·10⁺⁰³ ( 21.8s) ┃-2.06456 ± 0.00091 ·10⁺⁰³ (7.82mi) ┃Vegas input parameters:
  ndim 7
  ncomp 1
  nvec 1
  epsrel 0
  epsabs 0
  flags 10
  seed 123456
  mineval 10000000
  maxeval 10000000
  nstart 1000000
  nincrease 1000000
  nbatch 5000
  gridno 0
  statefile ""

Iteration 1:  1000000 integrand evaluations so far
[1] 2165.37 +- 30.417  	chisq 0 (0 df)

Iteration 2:  3000000 integrand evaluations so far
[1] 2196.04 +- 8.63757  	chisq 1.10603 (1 df)

Iteration 3:  6000000 integrand evaluations so far
[1] 2200.17 +- 5.36514  	chisq 1.47898 (2 df)

Iteration 4:  10000000 integrand evaluations so far
[1] 2202.36 +- 3.9553  	chisq 1.84215 (3 df)
  2.2024 ±  0.004 ·10⁺⁰³ ( 51.9s) ┃  3.3617 ± 0.0045 ·10⁺⁰³ (9.05mi) ┃
┃   20 -    22 ┃   33 -    34 ┃ 2.83941 ± 0.00078 ·10⁺⁰³ ( 24.9s) ┃-1.81994 ± 0.00022 ·10⁺⁰³ (15.2mi) ┃Vegas input parameters:
  ndim 7
  ncomp 1
  nvec 1
  epsrel 0
  epsabs 0
  flags 10
  seed 123456
  mineval 10000000
  maxeval 10000000
  nstart 1000000
  nincrease 1000000
  nbatch 5000
  gridno 0
  statefile ""

Iteration 1:  1000000 integrand evaluations so far
[1] 1920.53 +- 28.59  	chisq 0 (0 df)

Iteration 2:  3000000 integrand evaluations so far
[1] 1905.1 +- 7.69034  	chisq 0.313868 (1 df)

Iteration 3:  6000000 integrand evaluations so far
[1] 1909.16 +- 5.0936  	chisq 0.810046 (2 df)

Iteration 4:  10000000 integrand evaluations so far
[1] 1908.75 +- 3.79374  	chisq 0.824831 (3 df)
  1.9088 ± 0.0038 ·10⁺⁰³ ( 51.6s) ┃  2.9282 ± 0.0039 ·10⁺⁰³ (16.4mi) ┃
┃   20 -    22 ┃   34 -    35 ┃ 2.58006 ± 0.00093 ·10⁺⁰³ ( 40.5s) ┃ -1.6553 ± 0.0009 ·10⁺⁰³ (14.8mi) ┃Vegas input parameters:
  ndim 7
  ncomp 1
  nvec 1
  epsrel 0
  epsabs 0
  flags 10
  seed 123456
  mineval 10000000
  maxeval 10000000
  nstart 1000000
  nincrease 1000000
  nbatch 5000
  gridno 0
  statefile ""

Iteration 1:  1000000 integrand evaluations so far
[1] 1731.9 +- 26.8281  	chisq 0 (0 df)

Iteration 2:  3000000 integrand evaluations so far
[1] 1720.67 +- 7.33281  	chisq 0.189109 (1 df)

Iteration 3:  6000000 integrand evaluations so far
[1] 1716.36 +- 4.54372  	chisq 0.750461 (2 df)

Iteration 4:  10000000 integrand evaluations so far
[1] 1719.79 +- 3.39983  	chisq 2.0397 (3 df)
  1.7198 ± 0.0034 ·10⁺⁰³ ( 53.2s) ┃  2.6446 ± 0.0036 ·10⁺⁰³ (16.3mi) ┃
┃   20 -    22 ┃   35 -    36 ┃  2.4121 ± 0.0023 ·10⁺⁰³ ( 42.8s) ┃-1.54899 ± 0.00078 ·10⁺⁰³ (14.6mi) ┃Vegas input parameters:
  ndim 7
  ncomp 1
  nvec 1
  epsrel 0
  epsabs 0
  flags 10
  seed 123456
  mineval 10000000
  maxeval 10000000
  nstart 1000000
  nincrease 1000000
  nbatch 5000
  gridno 0
  statefile ""

Iteration 1:  1000000 integrand evaluations so far
[1] 1613.99 +- 25.7751  	chisq 0 (0 df)

Iteration 2:  3000000 integrand evaluations so far
[1] 1605.88 +- 7.03005  	chisq 0.106952 (1 df)

Iteration 3:  6000000 integrand evaluations so far
[1] 1601.06 +- 4.43815  	chisq 0.890828 (2 df)

Iteration 4:  10000000 integrand evaluations so far
[1] 1602.44 +- 3.35149  	chisq 1.11748 (3 df)
  1.6024 ± 0.0034 ·10⁺⁰³ ( 53.2s) ┃  2.4655 ± 0.0041 ·10⁺⁰³ (16.2mi) ┃
┃   20 -    22 ┃   36 -    37 ┃ 2.28339 ± 0.00084 ·10⁺⁰³ (1.37mi) ┃-1.46777 ± 0.00077 ·10⁺⁰³ (14.4mi) ┃Vegas input parameters:
  ndim 7
  ncomp 1
  nvec 1
  epsrel 0
  epsabs 0
  flags 10
  seed 123456
  mineval 10000000
  maxeval 10000000
  nstart 1000000
  nincrease 1000000
  nbatch 5000
  gridno 0
  statefile ""

Iteration 1:  1000000 integrand evaluations so far
[1] 1481.1 +- 24.5576  	chisq 0 (0 df)

Iteration 2:  3000000 integrand evaluations so far
[1] 1503 +- 6.68051  	chisq 0.859036 (1 df)

Iteration 3:  6000000 integrand evaluations so far
[1] 1497.75 +- 4.16542  	chisq 1.86892 (2 df)

Iteration 4:  10000000 integrand evaluations so far
[1] 1497.11 +- 3.16782  	chisq 1.9252 (3 df)
  1.4971 ± 0.0032 ·10⁺⁰³ ( 51.6s) ┃  2.3127 ± 0.0034 ·10⁺⁰³ (16.6mi) ┃
┃   20 -    22 ┃   37 -    38 ┃ 2.21886 ± 0.00092 ·10⁺⁰³ ( 48.8s) ┃-1.42856 ± 0.00092 ·10⁺⁰³ (14.3mi) ┃Vegas input parameters:
  ndim 7
  ncomp 1
  nvec 1
  epsrel 0
  epsabs 0
  flags 10
  seed 123456
  mineval 10000000
  maxeval 10000000
  nstart 1000000
  nincrease 1000000
  nbatch 5000
  gridno 0
  statefile ""

Iteration 1:  1000000 integrand evaluations so far
[1] 1463.99 +- 24.3753  	chisq 0 (0 df)

Iteration 2:  3000000 integrand evaluations so far
[1] 1421.94 +- 6.42706  	chisq 3.19812 (1 df)

Iteration 3:  6000000 integrand evaluations so far
[1] 1430.91 +- 4.14395  	chisq 6.52862 (2 df)

Iteration 4:  10000000 integrand evaluations so far
[1] 1427.78 +- 3.07956  	chisq 7.80351 (3 df)
  1.4278 ± 0.0031 ·10⁺⁰³ ( 51.9s) ┃  2.2181 ± 0.0033 ·10⁺⁰³ (  16mi) ┃
┃   20 -    22 ┃   38 -    39 ┃ 2.10972 ± 0.00087 ·10⁺⁰³ ( 1.2mi) ┃  -1.356 ± 0.00029 ·10⁺⁰³ (7.12mi) ┃Vegas input parameters:
  ndim 7
  ncomp 1
  nvec 1
  epsrel 0
  epsabs 0
  flags 10
  seed 123456
  mineval 10000000
  maxeval 10000000
  nstart 1000000
  nincrease 1000000
  nbatch 5000
  gridno 0
  statefile ""

Iteration 1:  1000000 integrand evaluations so far
[1] 1363.08 +- 23.3786  	chisq 0 (0 df)

Iteration 2:  3000000 integrand evaluations so far
[1] 1379.55 +- 6.26379  	chisq 0.534407 (1 df)

Iteration 3:  6000000 integrand evaluations so far
[1] 1376.29 +- 4.09318  	chisq 1.00671 (2 df)

Iteration 4:  10000000 integrand evaluations so far
[1] 1377.62 +- 3.04071  	chisq 1.24097 (3 df)
  1.3776 ±  0.003 ·10⁺⁰³ (   51s) ┃  2.1313 ± 0.0032 ·10⁺⁰³ (9.16mi) ┃
┃   20 -    22 ┃   39 -    40 ┃ 2.07407 ± 0.00069 ·10⁺⁰³ (  5.5s) ┃  -1.331 ± 0.0013 ·10⁺⁰³ ( 58.8s) ┃Vegas input parameters:
  ndim 7
  ncomp 1
  nvec 1
  epsrel 0
  epsabs 0
  flags 10
  seed 123456
  mineval 10000000
  maxeval 10000000
  nstart 1000000
  nincrease 1000000
  nbatch 5000
  gridno 0
  statefile ""

Iteration 1:  1000000 integrand evaluations so far
[1] 1328.9 +- 23.1231  	chisq 0 (0 df)

Iteration 2:  3000000 integrand evaluations so far
[1] 1350.82 +- 6.2136  	chisq 0.968539 (1 df)

Iteration 3:  6000000 integrand evaluations so far
[1] 1339.85 +- 3.8373  	chisq 6.00511 (2 df)

Iteration 4:  10000000 integrand evaluations so far
[1] 1338.68 +- 2.83744  	chisq 6.21043 (3 df)
  1.3387 ± 0.0028 ·10⁺⁰³ ( 51.8s) ┃  2.0818 ± 0.0032 ·10⁺⁰³ (1.93mi) ┃
┃   20 -    22 ┃   40 -    41 ┃  2.0476 ± 0.0011 ·10⁺⁰³ ( 6.21s) ┃-1.31252 ± 0.00035 ·10⁺⁰³ (  14mi) ┃Vegas input parameters:
  ndim 7
  ncomp 1
  nvec 1
  epsrel 0
  epsabs 0
  flags 10
  seed 123456
  mineval 10000000
  maxeval 10000000
  nstart 1000000
  nincrease 1000000
  nbatch 5000
  gridno 0
  statefile ""

Iteration 1:  1000000 integrand evaluations so far
[1] 1321.47 +- 23.0182  	chisq 0 (0 df)

Iteration 2:  3000000 integrand evaluations so far
[1] 1310.86 +- 6.10121  	chisq 0.228252 (1 df)

Iteration 3:  6000000 integrand evaluations so far
[1] 1309.45 +- 3.7934  	chisq 0.315222 (2 df)

Iteration 4:  10000000 integrand evaluations so far
[1] 1311.66 +- 2.85569  	chisq 1.10015 (3 df)
  1.3117 ± 0.0029 ·10⁺⁰³ ( 52.2s) ┃  2.0468 ± 0.0031 ·10⁺⁰³ (  15mi) ┃
┃   20 -    22 ┃   41 -    42 ┃  2.0155 ± 0.0019 ·10⁺⁰³ ( 36.5s) ┃-1.29116 ± 0.00082 ·10⁺⁰³ (  14mi) ┃Vegas input parameters:
  ndim 7
  ncomp 1
  nvec 1
  epsrel 0
  epsabs 0
  flags 10
  seed 123456
  mineval 10000000
  maxeval 10000000
  nstart 1000000
  nincrease 1000000
  nbatch 5000
  gridno 0
  statefile ""

Iteration 1:  1000000 integrand evaluations so far
[1] 1299.61 +- 22.7261  	chisq 0 (0 df)

Iteration 2:  3000000 integrand evaluations so far
[1] 1303.62 +- 6.59746  	chisq 0.0340035 (1 df)

Iteration 3:  6000000 integrand evaluations so far
[1] 1300.35 +- 4.04632  	chisq 0.427939 (2 df)

Iteration 4:  10000000 integrand evaluations so far
[1] 1300.6 +- 2.91939  	chisq 0.435626 (3 df)
  1.3006 ± 0.0029 ·10⁺⁰³ ( 51.3s) ┃  2.0249 ± 0.0036 ·10⁺⁰³ (15.5mi) ┃
┃   20 -    22 ┃   42 -    43 ┃   2.015 ± 0.0015 ·10⁺⁰³ ( 39.9s) ┃ -1.2911 ± 0.00056 ·10⁺⁰³ (13.9mi) ┃Vegas input parameters:
  ndim 7
  ncomp 1
  nvec 1
  epsrel 0
  epsabs 0
  flags 10
  seed 123456
  mineval 10000000
  maxeval 10000000
  nstart 1000000
  nincrease 1000000
  nbatch 5000
  gridno 0
  statefile ""

Iteration 1:  1000000 integrand evaluations so far
[1] 1285.82 +- 22.6996  	chisq 0 (0 df)

Iteration 2:  3000000 integrand evaluations so far
[1] 1307.62 +- 6.01934  	chisq 0.992036 (1 df)

Iteration 3:  6000000 integrand evaluations so far
[1] 1301.43 +- 3.80166  	chisq 2.75324 (2 df)

Iteration 4:  10000000 integrand evaluations so far
[1] 1296.89 +- 2.84447  	chisq 5.98839 (3 df)
  1.2969 ± 0.0028 ·10⁺⁰³ ( 51.8s) ┃  2.0208 ± 0.0033 ·10⁺⁰³ (15.4mi) ┃
┃   20 -    22 ┃   43 -    44 ┃  2.0151 ± 0.0014 ·10⁺⁰³ (2.26mi) ┃-1.29347 ± 0.00086 ·10⁺⁰³ (1.99mi) ┃Vegas input parameters:
  ndim 7
  ncomp 1
  nvec 1
  epsrel 0
  epsabs 0
  flags 10
  seed 123456
  mineval 10000000
  maxeval 10000000
  nstart 1000000
  nincrease 1000000
  nbatch 5000
  gridno 0
  statefile ""

Iteration 1:  1000000 integrand evaluations so far
[1] 1317.92 +- 22.9715  	chisq 0 (0 df)

Iteration 2:  3000000 integrand evaluations so far
[1] 1320.87 +- 6.01293  	chisq 0.0176585 (1 df)

Iteration 3:  6000000 integrand evaluations so far
[1] 1319.76 +- 3.73883  	chisq 0.0734762 (2 df)

Iteration 4:  10000000 integrand evaluations so far
[1] 1321.02 +- 2.83204  	chisq 0.339464 (3 df)
   1.321 ± 0.0028 ·10⁺⁰³ ( 52.7s) ┃  2.0426 ± 0.0033 ·10⁺⁰³ (5.13mi) ┃
┃   20 -    22 ┃   44 -    45 ┃  2.0616 ± 0.0017 ·10⁺⁰³ ( 36.8s) ┃-1.32249 ± 0.00098 ·10⁺⁰³ (7.14mi) ┃Vegas input parameters:
  ndim 7
  ncomp 1
  nvec 1
  epsrel 0
  epsabs 0
  flags 10
  seed 123456
  mineval 10000000
  maxeval 10000000
  nstart 1000000
  nincrease 1000000
  nbatch 5000
  gridno 0
  statefile ""

Iteration 1:  1000000 integrand evaluations so far
[1] 1377.77 +- 23.5814  	chisq 0 (0 df)

Iteration 2:  3000000 integrand evaluations so far
[1] 1374.38 +- 6.15432  	chisq 0.0222871 (1 df)

Iteration 3:  6000000 integrand evaluations so far
[1] 1370.13 +- 3.87999  	chisq 0.810646 (2 df)

Iteration 4:  10000000 integrand evaluations so far
[1] 1373.18 +- 2.9121  	chisq 2.21891 (3 df)
  1.3732 ± 0.0029 ·10⁺⁰³ ( 50.6s) ┃  2.1123 ± 0.0035 ·10⁺⁰³ (8.59mi) ┃
┃   20 -    22 ┃   45 -    46 ┃  2.2089 ± 0.0021 ·10⁺⁰³ (1.13mi) ┃ -1.4168 ± 0.0012 ·10⁺⁰³ (1.81mi) ┃Vegas input parameters:
  ndim 7
  ncomp 1
  nvec 1
  epsrel 0
  epsabs 0
  flags 10
  seed 123456
  mineval 10000000
  maxeval 10000000
  nstart 1000000
  nincrease 1000000
  nbatch 5000
  gridno 0
  statefile ""

Iteration 1:  1000000 integrand evaluations so far
[1] 1473.16 +- 24.4501  	chisq 0 (0 df)

Iteration 2:  3000000 integrand evaluations so far
[1] 1471.83 +- 6.37614  	chisq 0.00318268 (1 df)

Iteration 3:  6000000 integrand evaluations so far
[1] 1471.51 +- 3.94931  	chisq 0.00712016 (2 df)

Iteration 4:  10000000 integrand evaluations so far
[1] 1473.35 +- 2.92386  	chisq 0.484806 (3 df)
  1.4733 ± 0.0029 ·10⁺⁰³ ( 51.3s) ┃  2.2655 ± 0.0038 ·10⁺⁰³ ( 3.8mi) ┃
┃   20 -    22 ┃   46 -    47 ┃ 2.31487 ± 0.00092 ·10⁺⁰³ ( 18.1s) ┃-1.48878 ± 0.00087 ·10⁺⁰³ ( 59.7s) ┃Vegas input parameters:
  ndim 7
  ncomp 1
  nvec 1
  epsrel 0
  epsabs 0
  flags 10
  seed 123456
  mineval 10000000
  maxeval 10000000
  nstart 1000000
  nincrease 1000000
  nbatch 5000
  gridno 0
  statefile ""

Iteration 1:  1000000 integrand evaluations so far
[1] 1605 +- 25.6995  	chisq 0 (0 df)

Iteration 2:  3000000 integrand evaluations so far
[1] 1574.06 +- 6.6076  	chisq 1.55171 (1 df)

Iteration 3:  6000000 integrand evaluations so far
[1] 1575.43 +- 4.09255  	chisq 1.62121 (2 df)

Iteration 4:  10000000 integrand evaluations so far
[1] 1576.29 +- 3.04206  	chisq 1.71996 (3 df)
  1.5763 ±  0.003 ·10⁺⁰³ ( 51.8s) ┃  2.4024 ± 0.0033 ·10⁺⁰³ (2.16mi) ┃
┃   20 -    22 ┃   47 -    48 ┃  2.3459 ± 0.0011 ·10⁺⁰³ ( 20.4s) ┃ -1.5043 ± 0.0012 ·10⁺⁰³ ( 1.1mi) ┃Vegas input parameters:
  ndim 7
  ncomp 1
  nvec 1
  epsrel 0
  epsabs 0
  flags 10
  seed 123456
  mineval 10000000
  maxeval 10000000
  nstart 1000000
  nincrease 1000000
  nbatch 5000
  gridno 0
  statefile ""

Iteration 1:  1000000 integrand evaluations so far
[1] 1589.78 +- 25.4395  	chisq 0 (0 df)

Iteration 2:  3000000 integrand evaluations so far
[1] 1598.09 +- 6.59467  	chisq 0.114406 (1 df)

Iteration 3:  6000000 integrand evaluations so far
[1] 1606.66 +- 4.07639  	chisq 2.84559 (2 df)

Iteration 4:  10000000 integrand evaluations so far
[1] 1610.26 +- 3.06905  	chisq 4.64885 (3 df)
  1.6103 ± 0.0031 ·10⁺⁰³ ( 51.6s) ┃  2.4518 ± 0.0035 ·10⁺⁰³ ( 2.3mi) ┃
┃   20 -    22 ┃   48 -    49 ┃ 2.34368 ± 0.00077 ·10⁺⁰³ ( 36.3s) ┃-1.49665 ± 0.00021 ·10⁺⁰³ (7.01mi) ┃Vegas input parameters:
  ndim 7
  ncomp 1
  nvec 1
  epsrel 0
  epsabs 0
  flags 10
  seed 123456
  mineval 10000000
  maxeval 10000000
  nstart 1000000
  nincrease 1000000
  nbatch 5000
  gridno 0
  statefile ""

Iteration 1:  1000000 integrand evaluations so far
[1] 1616.66 +- 25.8032  	chisq 0 (0 df)

Iteration 2:  3000000 integrand evaluations so far
[1] 1620.03 +- 6.47316  	chisq 0.0182613 (1 df)

Iteration 3:  6000000 integrand evaluations so far
[1] 1621.43 +- 3.99146  	chisq 0.0937919 (2 df)

Iteration 4:  10000000 integrand evaluations so far
[1] 1617.65 +- 2.96691  	chisq 2.10732 (3 df)
  1.6176 ±  0.003 ·10⁺⁰³ ( 52.1s) ┃  2.4647 ± 0.0031 ·10⁺⁰³ (8.48mi) ┃
┃   20 -    22 ┃   49 -    50 ┃  2.3167 ± 0.00047 ·10⁺⁰³ (2.24mi) ┃-1.48221 ± 0.00064 ·10⁺⁰³ (13.5mi) ┃Vegas input parameters:
  ndim 7
  ncomp 1
  nvec 1
  epsrel 0
  epsabs 0
  flags 10
  seed 123456
  mineval 10000000
  maxeval 10000000
  nstart 1000000
  nincrease 1000000
  nbatch 5000
  gridno 0
  statefile ""

Iteration 1:  1000000 integrand evaluations so far
[1] 1612.91 +- 25.6184  	chisq 0 (0 df)

Iteration 2:  3000000 integrand evaluations so far
[1] 1626.53 +- 6.28303  	chisq 0.300869 (1 df)

Iteration 3:  6000000 integrand evaluations so far
[1] 1630.44 +- 3.90821  	chisq 0.929352 (2 df)

Iteration 4:  10000000 integrand evaluations so far
[1] 1625.73 +- 2.88024  	chisq 4.09748 (3 df)
  1.6257 ± 0.0029 ·10⁺⁰³ ( 52.4s) ┃  2.4602 ±  0.003 ·10⁺⁰³ (16.6mi) ┃
┃   20 -    22 ┃   50 -    51 ┃  2.3022 ± 0.0022 ·10⁺⁰³ ( 36.2s) ┃ -1.4744 ± 0.0012 ·10⁺⁰³ ( 55.4s) ┃Vegas input parameters:
  ndim 7
  ncomp 1
  nvec 1
  epsrel 0
  epsabs 0
  flags 10
  seed 123456
  mineval 10000000
  maxeval 10000000
  nstart 1000000
  nincrease 1000000
  nbatch 5000
  gridno 0
  statefile ""

Iteration 1:  1000000 integrand evaluations so far
[1] 1633.96 +- 25.8265  	chisq 0 (0 df)

Iteration 2:  3000000 integrand evaluations so far
[1] 1636.93 +- 6.0504  	chisq 0.0140002 (1 df)

Iteration 3:  6000000 integrand evaluations so far
[1] 1644.66 +- 3.76584  	chisq 2.67929 (2 df)

Iteration 4:  10000000 integrand evaluations so far
[1] 1642.02 +- 2.77274  	chisq 3.7506 (3 df)
   1.642 ± 0.0028 ·10⁺⁰³ ( 51.8s) ┃  2.4698 ± 0.0037 ·10⁺⁰³ (2.39mi) ┃
┃   20 -    22 ┃   51 -    52 ┃  2.1587 ± 0.0018 ·10⁺⁰³ ( 34.6s) ┃ -1.3787 ± 0.0011 ·10⁺⁰³ (6.41mi) ┃Vegas input parameters:
  ndim 7
  ncomp 1
  nvec 1
  epsrel 0
  epsabs 0
  flags 10
  seed 123456
  mineval 10000000
  maxeval 10000000
  nstart 1000000
  nincrease 1000000
  nbatch 5000
  gridno 0
  statefile ""

Iteration 1:  1000000 integrand evaluations so far
[1] 1543.38 +- 24.9928  	chisq 0 (0 df)

Iteration 2:  3000000 integrand evaluations so far
[1] 1555.25 +- 5.77206  	chisq 0.238386 (1 df)

Iteration 3:  6000000 integrand evaluations so far
[1] 1564.26 +- 3.64133  	chisq 4.28784 (2 df)

Iteration 4:  10000000 integrand evaluations so far
[1] 1563.48 +- 2.65528  	chisq 4.38575 (3 df)
  1.5635 ± 0.0027 ·10⁺⁰³ ( 53.8s) ┃  2.3435 ± 0.0034 ·10⁺⁰³ (7.88mi) ┃
┃   20 -    22 ┃   52 -    53 ┃  1.1123 ± 0.00063 ·10⁺⁰³ (2.09mi) ┃ -708.33 ±   0.69        (6.08mi) ┃Vegas input parameters:
  ndim 7
  ncomp 1
  nvec 1
  epsrel 0
  epsabs 0
  flags 10
  seed 123456
  mineval 10000000
  maxeval 10000000
  nstart 1000000
  nincrease 1000000
  nbatch 5000
  gridno 0
  statefile ""

Iteration 1:  1000000 integrand evaluations so far
[1] 787.794 +- 17.7558  	chisq 0 (0 df)

Iteration 2:  3000000 integrand evaluations so far
[1] 802.615 +- 3.8639  	chisq 0.731413 (1 df)

Iteration 3:  6000000 integrand evaluations so far
[1] 804.421 +- 2.29426  	chisq 1.06855 (2 df)

Iteration 4:  10000000 integrand evaluations so far
[1] 806.627 +- 1.67067  	chisq 3.03802 (3 df)
   806.6 ±    1.7        ( 50.9s) ┃  1.2106 ± 0.0019 ·10⁺⁰³ (9.01mi) ┃
┃   20 -    22 ┃   53 -    54 ┃ 362.202 ±  0.082        (3.79mi) ┃-233.933 ±  0.051        (11.5mi) ┃Vegas input parameters:
  ndim 7
  ncomp 1
  nvec 1
  epsrel 0
  epsabs 0
  flags 10
  seed 123456
  mineval 10000000
  maxeval 10000000
  nstart 1000000
  nincrease 1000000
  nbatch 5000
  gridno 0
  statefile ""

Iteration 1:  1000000 integrand evaluations so far
[1] 233.261 +- 9.41427  	chisq 0 (0 df)

Iteration 2:  3000000 integrand evaluations so far
[1] 259.511 +- 1.32232  	chisq 7.93162 (1 df)

Iteration 3:  6000000 integrand evaluations so far
[1] 261.719 +- 0.820285  	chisq 12.4627 (2 df)

Iteration 4:  10000000 integrand evaluations so far
[1] 262.267 +- 0.597697  	chisq 13.4141 (3 df)
  262.27 ±    0.6        ( 52.4s) ┃  390.54 ±   0.61        (16.1mi) ┃
┃   20 -    22 ┃   54 -    55 ┃  175.43 ±   0.16        (7.57mi) ┃-114.666 ±  0.098        (22.3mi) ┃Vegas input parameters:
  ndim 7
  ncomp 1
  nvec 1
  epsrel 0
  epsabs 0
  flags 10
  seed 123456
  mineval 10000000
  maxeval 10000000
  nstart 1000000
  nincrease 1000000
  nbatch 5000
  gridno 0
  statefile ""

Iteration 1:  1000000 integrand evaluations so far
[1] 128.391 +- 6.85429  	chisq 0 (0 df)

Iteration 2:  3000000 integrand evaluations so far
[1] 127.106 +- 0.636404  	chisq 0.0354294 (1 df)

Iteration 3:  6000000 integrand evaluations so far
[1] 127.353 +- 0.378728  	chisq 0.268062 (2 df)

Iteration 4:  10000000 integrand evaluations so far
[1] 127.449 +- 0.340713  	chisq 0.607383 (3 df)
  127.45 ±   0.34        ( 51.6s) ┃  188.21 ±   0.39        (30.8mi) ┃
┃   20 -    22 ┃   55 -    56 ┃ 103.016 ±  0.024        (7.98mi) ┃  -67.92 ±  0.049        (11.1mi) ┃Vegas input parameters:
  ndim 7
  ncomp 1
  nvec 1
  epsrel 0
  epsabs 0
  flags 10
  seed 123456
  mineval 10000000
  maxeval 10000000
  nstart 1000000
  nincrease 1000000
  nbatch 5000
  gridno 0
  statefile ""

Iteration 1:  1000000 integrand evaluations so far
[1] 70.5013 +- 5.0648  	chisq 0 (0 df)

Iteration 2:  3000000 integrand evaluations so far
[1] 74.5946 +- 0.405698  	chisq 0.657387 (1 df)

Iteration 3:  6000000 integrand evaluations so far
[1] 74.8414 +- 0.229771  	chisq 1.20203 (2 df)

Iteration 4:  10000000 integrand evaluations so far
[1] 74.821 +- 0.159224  	chisq 1.2171 (3 df)
   74.82 ±   0.16        ( 52.6s) ┃  109.92 ±   0.17        (19.9mi) ┃
┃   20 -    22 ┃   56 -    57 ┃  64.849 ±  0.015        (   9mi) ┃ -43.137 ±  0.025        (  11mi) ┃Vegas input parameters:
  ndim 7
  ncomp 1
  nvec 1
  epsrel 0
  epsabs 0
  flags 10
  seed 123456
  mineval 10000000
  maxeval 10000000
  nstart 1000000
  nincrease 1000000
  nbatch 5000
  gridno 0
  statefile ""

Iteration 1:  1000000 integrand evaluations so far
[1] 53.6351 +- 4.47124  	chisq 0 (0 df)

Iteration 2:  3000000 integrand evaluations so far
[1] 47.51 +- 0.257112  	chisq 1.88283 (1 df)

Iteration 3:  6000000 integrand evaluations so far
[1] 47.3832 +- 0.142022  	chisq 2.23324 (2 df)

Iteration 4:  10000000 integrand evaluations so far
[1] 47.3402 +- 0.0974521  	chisq 2.40607 (3 df)
   47.34 ±  0.097        ( 52.3s) ┃   69.05 ±    0.1        (20.9mi) ┃
┃   20 -    22 ┃   57 -    58 ┃  41.574 ±  0.018        ( 4.5mi) ┃-27.7412 ± 0.0076        (1.44hr) ┃Vegas input parameters:
  ndim 7
  ncomp 1
  nvec 1
  epsrel 0
  epsabs 0
  flags 10
  seed 123456
  mineval 10000000
  maxeval 10000000
  nstart 1000000
  nincrease 1000000
  nbatch 5000
  gridno 0
  statefile ""

Iteration 1:  1000000 integrand evaluations so far
[1] 40.5086 +- 3.81494  	chisq 0 (0 df)

Iteration 2:  3000000 integrand evaluations so far
[1] 30.5449 +- 0.198011  	chisq 6.83963 (1 df)

Iteration 3:  6000000 integrand evaluations so far
[1] 30.4688 +- 0.102588  	chisq 7.04172 (2 df)

Iteration 4:  10000000 integrand evaluations so far
[1] 30.3721 +- 0.066131  	chisq 8.56106 (3 df)
  30.372 ±  0.066        ( 51.3s) ┃  44.205 ±  0.069        (1.53hr) ┃
┃   20 -    22 ┃   58 -    59 ┃   26.03 ±   0.02        (8.85mi) ┃ -17.448 ±  0.016        (43.3mi) ┃Vegas input parameters:
  ndim 7
  ncomp 1
  nvec 1
  epsrel 0
  epsabs 0
  flags 10
  seed 123456
  mineval 10000000
  maxeval 10000000
  nstart 1000000
  nincrease 1000000
  nbatch 5000
  gridno 0
  statefile ""

Iteration 1:  1000000 integrand evaluations so far
[1] 21.6606 +- 2.79962  	chisq 0 (0 df)

Iteration 2:  3000000 integrand evaluations so far
[1] 19.0213 +- 0.195303  	chisq 0.893084 (1 df)

Iteration 3:  6000000 integrand evaluations so far
[1] 19.2777 +- 0.086507  	chisq 3.03704 (2 df)

Iteration 4:  10000000 integrand evaluations so far
[1] 19.188 +- 0.0496497  	chisq 4.64188 (3 df)
  19.188 ±   0.05        ( 53.1s) ┃   27.77 ±  0.056        (53.1mi) ┃
┃   20 -    22 ┃   59 -    60 ┃ 14.9917 ± 0.0056        (16.2mi) ┃-10.0888 ± 0.0055        (1.44hr) ┃Vegas input parameters:
  ndim 7
  ncomp 1
  nvec 1
  epsrel 0
  epsabs 0
  flags 10
  seed 123456
  mineval 10000000
  maxeval 10000000
  nstart 1000000
  nincrease 1000000
  nbatch 5000
  gridno 0
  statefile ""

Iteration 1:  1000000 integrand evaluations so far
[1] 11.941 +- 2.05851  	chisq 0 (0 df)

Iteration 2:  3000000 integrand evaluations so far
[1] 10.6178 +- 0.195937  	chisq 0.416988 (1 df)

Iteration 3:  6000000 integrand evaluations so far
[1] 11.0362 +- 0.113511  	chisq 7.28006 (2 df)

Iteration 4:  10000000 integrand evaluations so far
[1] 11.0177 +- 0.0468945  	chisq 7.31177 (3 df)
  11.018 ±  0.047        ( 53.2s) ┃  15.921 ±  0.048        (1.72hr) ┃
┃   22 -    24 ┃   25 -    26 ┃ 1.34921 ± 0.00051 ·10⁺⁰³ ( 13.3s) ┃ -843.57 ±   0.51        (7.45mi) ┃Vegas input parameters:
  ndim 7
  ncomp 1
  nvec 1
  epsrel 0
  epsabs 0
  flags 10
  seed 123456
  mineval 10000000
  maxeval 10000000
  nstart 1000000
  nincrease 1000000
  nbatch 5000
  gridno 0
  statefile ""

Iteration 1:  1000000 integrand evaluations so far
[1] 863.987 +- 19.4978  	chisq 0 (0 df)

Iteration 2:  3000000 integrand evaluations so far
[1] 868.532 +- 4.22169  	chisq 0.0570244 (1 df)

Iteration 3:  6000000 integrand evaluations so far
[1] 869.793 +- 2.62265  	chisq 0.202194 (2 df)

Iteration 4:  10000000 integrand evaluations so far
[1] 871.548 +- 1.96939  	chisq 1.22971 (3 df)
   871.5 ±      2        (   51s) ┃  1.3772 ± 0.0021 ·10⁺⁰³ (8.52mi) ┃
┃   22 -    24 ┃   26 -    27 ┃ 1.50612 ± 0.00087 ·10⁺⁰³ ( 12.3s) ┃ -940.88 ±    0.4        (7.53mi) ┃Vegas input parameters:
  ndim 7
  ncomp 1
  nvec 1
  epsrel 0
  epsabs 0
  flags 10
  seed 123456
  mineval 10000000
  maxeval 10000000
  nstart 1000000
  nincrease 1000000
  nbatch 5000
  gridno 0
  statefile ""

Iteration 1:  1000000 integrand evaluations so far
[1] 969.661 +- 20.3157  	chisq 0 (0 df)

Iteration 2:  3000000 integrand evaluations so far
[1] 977.962 +- 4.61192  	chisq 0.176052 (1 df)

Iteration 3:  6000000 integrand evaluations so far
[1] 979.36 +- 3.12332  	chisq 0.345598 (2 df)

Iteration 4:  10000000 integrand evaluations so far
[1] 978.326 +- 2.29234  	chisq 0.582932 (3 df)
   978.3 ±    2.3        ( 50.6s) ┃  1.5436 ± 0.0025 ·10⁺⁰³ (8.57mi) ┃
┃   22 -    24 ┃   27 -    28 ┃  1.7145 ± 0.0012 ·10⁺⁰³ ( 6.69s) ┃-1.06543 ± 0.00081 ·10⁺⁰³ (2.13mi) ┃Vegas input parameters:
  ndim 7
  ncomp 1
  nvec 1
  epsrel 0
  epsabs 0
  flags 10
  seed 123456
  mineval 10000000
  maxeval 10000000
  nstart 1000000
  nincrease 1000000
  nbatch 5000
  gridno 0
  statefile ""

Iteration 1:  1000000 integrand evaluations so far
[1] 1131.75 +- 21.7734  	chisq 0 (0 df)

Iteration 2:  3000000 integrand evaluations so far
[1] 1122.52 +- 5.18337  	chisq 0.190585 (1 df)

Iteration 3:  6000000 integrand evaluations so far
[1] 1118.41 +- 3.30007  	chisq 1.24527 (2 df)

Iteration 4:  10000000 integrand evaluations so far
[1] 1119.34 +- 2.47638  	chisq 1.42446 (3 df)
  1.1193 ± 0.0025 ·10⁺⁰³ ( 51.8s) ┃  1.7684 ± 0.0029 ·10⁺⁰³ (3.11mi) ┃
┃   22 -    24 ┃   28 -    29 ┃ 1.97561 ± 0.00068 ·10⁺⁰³ ( 5.83s) ┃-1.22467 ± 0.00051 ·10⁺⁰³ (2.13mi) ┃Vegas input parameters:
  ndim 7
  ncomp 1
  nvec 1
  epsrel 0
  epsabs 0
  flags 10
  seed 123456
  mineval 10000000
  maxeval 10000000
  nstart 1000000
  nincrease 1000000
  nbatch 5000
  gridno 0
  statefile ""

Iteration 1:  1000000 integrand evaluations so far
[1] 1320.68 +- 23.2875  	chisq 0 (0 df)

Iteration 2:  3000000 integrand evaluations so far
[1] 1299.14 +- 5.89582  	chisq 0.914619 (1 df)

Iteration 3:  6000000 integrand evaluations so far
[1] 1299.6 +- 3.64417  	chisq 0.924645 (2 df)

Iteration 4:  10000000 integrand evaluations so far
[1] 1303.03 +- 2.67917  	chisq 2.85316 (3 df)
   1.303 ± 0.0027 ·10⁺⁰³ ( 51.7s) ┃   2.054 ± 0.0028 ·10⁺⁰³ (3.09mi) ┃
┃   22 -    24 ┃   29 -    30 ┃     2.4 ± 0.0021 ·10⁺⁰³ ( 5.86s) ┃-1.49346 ± 0.00057 ·10⁺⁰³ (4.08mi) ┃Vegas input parameters:
  ndim 7
  ncomp 1
  nvec 1
  epsrel 0
  epsabs 0
  flags 10
  seed 123456
  mineval 10000000
  maxeval 10000000
  nstart 1000000
  nincrease 1000000
  nbatch 5000
  gridno 0
  statefile ""

Iteration 1:  1000000 integrand evaluations so far
[1] 1640.78 +- 25.6837  	chisq 0 (0 df)

Iteration 2:  3000000 integrand evaluations so far
[1] 1624.43 +- 6.83115  	chisq 0.435665 (1 df)

Iteration 3:  6000000 integrand evaluations so far
[1] 1629.68 +- 4.2899  	chisq 1.41118 (2 df)

Iteration 4:  10000000 integrand evaluations so far
[1] 1632.62 +- 3.16671  	chisq 2.43852 (3 df)
  1.6326 ± 0.0032 ·10⁺⁰³ ( 51.1s) ┃  2.5392 ± 0.0038 ·10⁺⁰³ (5.03mi) ┃
┃   22 -    24 ┃   30 -    31 ┃  3.1859 ± 0.0019 ·10⁺⁰³ ( 22.6s) ┃ -1.9722 ± 0.0011 ·10⁺⁰³ (4.15mi) ┃Vegas input parameters:
  ndim 7
  ncomp 1
  nvec 1
  epsrel 0
  epsabs 0
  flags 10
  seed 123456
  mineval 10000000
  maxeval 10000000
  nstart 1000000
  nincrease 1000000
  nbatch 5000
  gridno 0
  statefile ""

Iteration 1:  1000000 integrand evaluations so far
[1] 2200.14 +- 29.1005  	chisq 0 (0 df)

Iteration 2:  3000000 integrand evaluations so far
[1] 2186.43 +- 7.87103  	chisq 0.239462 (1 df)

Iteration 3:  6000000 integrand evaluations so far
[1] 2189.2 +- 4.94561  	chisq 0.443542 (2 df)

Iteration 4:  10000000 integrand evaluations so far
[1] 2191.74 +- 3.71069  	chisq 1.04854 (3 df)
  2.1917 ± 0.0037 ·10⁺⁰³ (   52s) ┃  3.4055 ± 0.0043 ·10⁺⁰³ ( 5.4mi) ┃
┃   22 -    24 ┃   31 -    32 ┃  2.8365 ± 0.0014 ·10⁺⁰³ ( 40.4s) ┃-1.75712 ± 0.00091 ·10⁺⁰³ (7.84mi) ┃Vegas input parameters:
  ndim 7
  ncomp 1
  nvec 1
  epsrel 0
  epsabs 0
  flags 10
  seed 123456
  mineval 10000000
  maxeval 10000000
  nstart 1000000
  nincrease 1000000
  nbatch 5000
  gridno 0
  statefile ""

Iteration 1:  1000000 integrand evaluations so far
[1] 1906.3 +- 26.8472  	chisq 0 (0 df)

Iteration 2:  3000000 integrand evaluations so far
[1] 1924.41 +- 7.3238  	chisq 0.491383 (1 df)

Iteration 3:  6000000 integrand evaluations so far
[1] 1920.01 +- 4.59743  	chisq 1.08462 (2 df)

Iteration 4:  10000000 integrand evaluations so far
[1] 1924.53 +- 3.4703  	chisq 3.32824 (3 df)
  1.9245 ± 0.0035 ·10⁺⁰³ ( 52.4s) ┃  3.0039 ± 0.0039 ·10⁺⁰³ (9.39mi) ┃
┃   22 -    24 ┃   32 -    33 ┃  2.4524 ± 0.0019 ·10⁺⁰³ ( 40.7s) ┃-1.52055 ± 0.0009 ·10⁺⁰³ (15.1mi) ┃Vegas input parameters:
  ndim 7
  ncomp 1
  nvec 1
  epsrel 0
  epsabs 0
  flags 10
  seed 123456
  mineval 10000000
  maxeval 10000000
  nstart 1000000
  nincrease 1000000
  nbatch 5000
  gridno 0
  statefile ""

Iteration 1:  1000000 integrand evaluations so far
[1] 1611.48 +- 24.5151  	chisq 0 (0 df)

Iteration 2:  3000000 integrand evaluations so far
[1] 1620.82 +- 6.7287  	chisq 0.156859 (1 df)

Iteration 3:  6000000 integrand evaluations so far
[1] 1627.21 +- 4.28941  	chisq 1.67947 (2 df)

Iteration 4:  10000000 integrand evaluations so far
[1] 1625.95 +- 3.19103  	chisq 1.87335 (3 df)
   1.626 ± 0.0032 ·10⁺⁰³ ( 51.2s) ┃  2.5578 ± 0.0038 ·10⁺⁰³ (16.6mi) ┃
┃   22 -    24 ┃   33 -    34 ┃  2.2008 ± 0.0015 ·10⁺⁰³ ( 18.9s) ┃-1.36435 ± 0.00094 ·10⁺⁰³ (3.93mi) ┃Vegas input parameters:
  ndim 7
  ncomp 1
  nvec 1
  epsrel 0
  epsabs 0
  flags 10
  seed 123456
  mineval 10000000
  maxeval 10000000
  nstart 1000000
  nincrease 1000000
  nbatch 5000
  gridno 0
  statefile ""

Iteration 1:  1000000 integrand evaluations so far
[1] 1511.16 +- 23.7079  	chisq 0 (0 df)

Iteration 2:  3000000 integrand evaluations so far
[1] 1463.23 +- 6.34155  	chisq 4.40123 (1 df)

Iteration 3:  6000000 integrand evaluations so far
[1] 1457.81 +- 4.08797  	chisq 5.65109 (2 df)

Iteration 4:  10000000 integrand evaluations so far
[1] 1455.57 +- 3.05011  	chisq 6.33087 (3 df)
  1.4556 ± 0.0031 ·10⁺⁰³ (   52s) ┃   2.292 ± 0.0035 ·10⁺⁰³ (5.11mi) ┃
┃   22 -    24 ┃   34 -    35 ┃   2.088 ±  0.002 ·10⁺⁰³ ( 40.6s) ┃-1.29466 ± 0.00056 ·10⁺⁰³ (14.9mi) ┃Vegas input parameters:
  ndim 7
  ncomp 1
  nvec 1
  epsrel 0
  epsabs 0
  flags 10
  seed 123456
  mineval 10000000
  maxeval 10000000
  nstart 1000000
  nincrease 1000000
  nbatch 5000
  gridno 0
  statefile ""

Iteration 1:  1000000 integrand evaluations so far
[1] 1307.05 +- 21.7851  	chisq 0 (0 df)

Iteration 2:  3000000 integrand evaluations so far
[1] 1330.05 +- 5.97321  	chisq 1.20575 (1 df)

Iteration 3:  6000000 integrand evaluations so far
[1] 1328.81 +- 3.73873  	chisq 1.27718 (2 df)

Iteration 4:  10000000 integrand evaluations so far
[1] 1331.58 +- 2.81797  	chisq 2.54895 (3 df)
  1.3316 ± 0.0028 ·10⁺⁰³ ( 51.7s) ┃  2.1249 ± 0.0035 ·10⁺⁰³ (16.4mi) ┃
┃   22 -    24 ┃   35 -    36 ┃ 1.94755 ± 0.0005 ·10⁺⁰³ ( 23.9s) ┃-1.20843 ± 0.00061 ·10⁺⁰³ (14.5mi) ┃Vegas input parameters:
  ndim 7
  ncomp 1
  nvec 1
  epsrel 0
  epsabs 0
  flags 10
  seed 123456
  mineval 10000000
  maxeval 10000000
  nstart 1000000
  nincrease 1000000
  nbatch 5000
  gridno 0
  statefile ""

Iteration 1:  1000000 integrand evaluations so far
[1] 1246.01 +- 21.1082  	chisq 0 (0 df)

Iteration 2:  3000000 integrand evaluations so far
[1] 1250.08 +- 5.74626  	chisq 0.0402819 (1 df)

Iteration 3:  6000000 integrand evaluations so far
[1] 1251.69 +- 3.63714  	chisq 0.170997 (2 df)

Iteration 4:  10000000 integrand evaluations so far
[1] 1252.62 +- 2.78037  	chisq 0.328811 (3 df)
  1.2526 ± 0.0028 ·10⁺⁰³ ( 51.8s) ┃  1.9917 ± 0.0029 ·10⁺⁰³ (15.8mi) ┃
┃   22 -    24 ┃   36 -    37 ┃ 1.84182 ± 0.00054 ·10⁺⁰³ (   13s) ┃-1.14648 ± 0.00078 ·10⁺⁰³ (28.7mi) ┃Vegas input parameters:
  ndim 7
  ncomp 1
  nvec 1
  epsrel 0
  epsabs 0
  flags 10
  seed 123456
  mineval 10000000
  maxeval 10000000
  nstart 1000000
  nincrease 1000000
  nbatch 5000
  gridno 0
  statefile ""

Iteration 1:  1000000 integrand evaluations so far
[1] 1178.07 +- 20.5654  	chisq 0 (0 df)

Iteration 2:  3000000 integrand evaluations so far
[1] 1183.9 +- 5.61479  	chisq 0.0868319 (1 df)

Iteration 3:  6000000 integrand evaluations so far
[1] 1181.83 +- 3.4627  	chisq 0.307307 (2 df)

Iteration 4:  10000000 integrand evaluations so far
[1] 1178.99 +- 2.65608  	chisq 1.94171 (3 df)
   1.179 ± 0.0027 ·10⁺⁰³ ( 51.6s) ┃  1.8743 ± 0.0028 ·10⁺⁰³ (29.8mi) ┃
┃   22 -    24 ┃   37 -    38 ┃ 1.79555 ± 0.00064 ·10⁺⁰³ (1.34mi) ┃ -1.1159 ± 0.00038 ·10⁺⁰³ (14.2mi) ┃Vegas input parameters:
  ndim 7
  ncomp 1
  nvec 1
  epsrel 0
  epsabs 0
  flags 10
  seed 123456
  mineval 10000000
  maxeval 10000000
  nstart 1000000
  nincrease 1000000
  nbatch 5000
  gridno 0
  statefile ""

Iteration 1:  1000000 integrand evaluations so far
[1] 1137.73 +- 19.9078  	chisq 0 (0 df)

Iteration 2:  3000000 integrand evaluations so far
[1] 1126.16 +- 5.33064  	chisq 0.363513 (1 df)

Iteration 3:  6000000 integrand evaluations so far
[1] 1128.21 +- 3.44982  	chisq 0.616837 (2 df)

Iteration 4:  10000000 integrand evaluations so far
[1] 1127.31 +- 2.55725  	chisq 0.768606 (3 df)
  1.1273 ± 0.0026 ·10⁺⁰³ ( 53.8s) ┃   1.807 ± 0.0027 ·10⁺⁰³ (16.4mi) ┃
┃   22 -    24 ┃   38 -    39 ┃   1.716 ± 0.0016 ·10⁺⁰³ ( 25.6s) ┃-1.06779 ± 0.00045 ·10⁺⁰³ (7.29mi) ┃Vegas input parameters:
  ndim 7
  ncomp 1
  nvec 1
  epsrel 0
  epsabs 0
  flags 10
  seed 123456
  mineval 10000000
  maxeval 10000000
  nstart 1000000
  nincrease 1000000
  nbatch 5000
  gridno 0
  statefile ""

Iteration 1:  1000000 integrand evaluations so far
[1] 1080.49 +- 19.5028  	chisq 0 (0 df)

Iteration 2:  3000000 integrand evaluations so far
[1] 1081.98 +- 5.1905  	chisq 0.00627569 (1 df)

Iteration 3:  6000000 integrand evaluations so far
[1] 1083.3 +- 3.29278  	chisq 0.113527 (2 df)

Iteration 4:  10000000 integrand evaluations so far
[1] 1083.18 +- 2.43359  	chisq 0.11631 (3 df)
  1.0832 ± 0.0024 ·10⁺⁰³ ( 56.5s) ┃  1.7314 ± 0.0029 ·10⁺⁰³ (8.66mi) ┃
┃   22 -    24 ┃   39 -    40 ┃  1.6912 ± 0.0011 ·10⁺⁰³ ( 23.5s) ┃-1.04923 ± 0.00091 ·10⁺⁰³ (7.33mi) ┃Vegas input parameters:
  ndim 7
  ncomp 1
  nvec 1
  epsrel 0
  epsabs 0
  flags 10
  seed 123456
  mineval 10000000
  maxeval 10000000
  nstart 1000000
  nincrease 1000000
  nbatch 5000
  gridno 0
  statefile ""

Iteration 1:  1000000 integrand evaluations so far
[1] 1037.73 +- 19.0085  	chisq 0 (0 df)

Iteration 2:  3000000 integrand evaluations so far
[1] 1049.05 +- 5.07506  	chisq 0.38174 (1 df)

Iteration 3:  6000000 integrand evaluations so far
[1] 1047.29 +- 3.20504  	chisq 0.581566 (2 df)

Iteration 4:  10000000 integrand evaluations so far
[1] 1049.55 +- 2.3759  	chisq 1.6882 (3 df)
  1.0496 ± 0.0024 ·10⁺⁰³ (   56s) ┃  1.6915 ± 0.0028 ·10⁺⁰³ (8.65mi) ┃
┃   22 -    24 ┃   40 -    41 ┃  1.6637 ± 0.0012 ·10⁺⁰³ (1.31mi) ┃-1.03192 ± 0.00086 ·10⁺⁰³ (14.3mi) ┃Vegas input parameters:
  ndim 7
  ncomp 1
  nvec 1
  epsrel 0
  epsabs 0
  flags 10
  seed 123456
  mineval 10000000
  maxeval 10000000
  nstart 1000000
  nincrease 1000000
  nbatch 5000
  gridno 0
  statefile ""

Iteration 1:  1000000 integrand evaluations so far
[1] 1041.27 +- 19.0521  	chisq 0 (0 df)

Iteration 2:  3000000 integrand evaluations so far
[1] 1031.78 +- 5.06793  	chisq 0.267041 (1 df)

Iteration 3:  6000000 integrand evaluations so far
[1] 1026.64 +- 3.13421  	chisq 1.93508 (2 df)

Iteration 4:  10000000 integrand evaluations so far
[1] 1027.92 +- 2.37253  	chisq 2.32641 (3 df)
  1.0279 ± 0.0024 ·10⁺⁰³ ( 57.5s) ┃  1.6597 ± 0.0028 ·10⁺⁰³ (16.5mi) ┃
┃   22 -    24 ┃   41 -    42 ┃  1.6048 ± 0.0011 ·10⁺⁰³ ( 41.5s) ┃ -994.62 ±    0.7        ( 7.2mi) ┃Vegas input parameters:
  ndim 7
  ncomp 1
  nvec 1
  epsrel 0
  epsabs 0
  flags 10
  seed 123456
  mineval 10000000
  maxeval 10000000
  nstart 1000000
  nincrease 1000000
  nbatch 5000
  gridno 0
  statefile ""

Iteration 1:  1000000 integrand evaluations so far
[1] 1002.14 +- 18.5906  	chisq 0 (0 df)

Iteration 2:  3000000 integrand evaluations so far
[1] 1007.68 +- 4.93941  	chisq 0.0954129 (1 df)

Iteration 3:  6000000 integrand evaluations so far
[1] 1007.37 +- 3.05837  	chisq 0.101628 (2 df)

Iteration 4:  10000000 integrand evaluations so far
[1] 1008.46 +- 2.33371  	chisq 0.406196 (3 df)
  1.0085 ± 0.0023 ·10⁺⁰³ ( 56.8s) ┃  1.6186 ± 0.0027 ·10⁺⁰³ (8.84mi) ┃
┃   22 -    24 ┃   42 -    43 ┃    1.61 ± 0.0013 ·10⁺⁰³ ( 22.6s) ┃ -997.63 ±   0.13        (3.71mi) ┃Vegas input parameters:
  ndim 7
  ncomp 1
  nvec 1
  epsrel 0
  epsabs 0
  flags 10
  seed 123456
  mineval 10000000
  maxeval 10000000
  nstart 1000000
  nincrease 1000000
  nbatch 5000
  gridno 0
  statefile ""

Iteration 1:  1000000 integrand evaluations so far
[1] 1003.6 +- 18.6052  	chisq 0 (0 df)

Iteration 2:  3000000 integrand evaluations so far
[1] 1012.86 +- 4.94194  	chisq 0.266721 (1 df)

Iteration 3:  6000000 integrand evaluations so far
[1] 1005.98 +- 3.04138  	chisq 3.38935 (2 df)

Iteration 4:  10000000 integrand evaluations so far
[1] 1003.16 +- 2.30195  	chisq 5.39715 (3 df)
  1.0032 ± 0.0023 ·10⁺⁰³ ( 56.1s) ┃  1.6155 ± 0.0026 ·10⁺⁰³ (5.02mi) ┃
┃   22 -    24 ┃   43 -    44 ┃  1.5599 ±  0.001 ·10⁺⁰³ ( 20.8s) ┃ -967.15 ±   0.44        ( 3.7mi) ┃Vegas input parameters:
  ndim 7
  ncomp 1
  nvec 1
  epsrel 0
  epsabs 0
  flags 10
  seed 123456
  mineval 10000000
  maxeval 10000000
  nstart 1000000
  nincrease 1000000
  nbatch 5000
  gridno 0
  statefile ""

Iteration 1:  1000000 integrand evaluations so far
[1] 994.74 +- 18.5551  	chisq 0 (0 df)

Iteration 2:  3000000 integrand evaluations so far
[1] 1013.29 +- 4.90011  	chisq 1.07492 (1 df)

Iteration 3:  6000000 integrand evaluations so far
[1] 1009.23 +- 3.07491  	chisq 2.20825 (2 df)

Iteration 4:  10000000 integrand evaluations so far
[1] 1004.27 +- 2.26348  	chisq 7.88342 (3 df)
  1.0043 ± 0.0023 ·10⁺⁰³ ( 55.7s) ┃   1.597 ± 0.0025 ·10⁺⁰³ (4.97mi) ┃
┃   22 -    24 ┃   44 -    45 ┃  1.6237 ± 0.0012 ·10⁺⁰³ ( 20.7s) ┃-1.00606 ± 0.00082 ·10⁺⁰³ (1.92mi) ┃Vegas input parameters:
  ndim 7
  ncomp 1
  nvec 1
  epsrel 0
  epsabs 0
  flags 10
  seed 123456
  mineval 10000000
  maxeval 10000000
  nstart 1000000
  nincrease 1000000
  nbatch 5000
  gridno 0
  statefile ""

Iteration 1:  1000000 integrand evaluations so far
[1] 1008 +- 18.7214  	chisq 0 (0 df)

Iteration 2:  3000000 integrand evaluations so far
[1] 1021.54 +- 4.91293  	chisq 0.561812 (1 df)

Iteration 3:  6000000 integrand evaluations so far
[1] 1017.76 +- 3.02905  	chisq 1.51457 (2 df)

Iteration 4:  10000000 integrand evaluations so far
[1] 1020.28 +- 2.25592  	chisq 3.06036 (3 df)
  1.0203 ± 0.0023 ·10⁺⁰³ (   55s) ┃  1.6379 ± 0.0027 ·10⁺⁰³ (3.18mi) ┃
┃   22 -    24 ┃   45 -    46 ┃  1.6366 ± 0.0014 ·10⁺⁰³ ( 3.22s) ┃-1.00423 ± 0.00033 ·10⁺⁰³ ( 3.6mi) ┃Vegas input parameters:
  ndim 7
  ncomp 1
  nvec 1
  epsrel 0
  epsabs 0
  flags 10
  seed 123456
  mineval 10000000
  maxeval 10000000
  nstart 1000000
  nincrease 1000000
  nbatch 5000
  gridno 0
  statefile ""

Iteration 1:  1000000 integrand evaluations so far
[1] 1056.9 +- 19.2266  	chisq 0 (0 df)

Iteration 2:  3000000 integrand evaluations so far
[1] 1047 +- 4.95609  	chisq 0.284104 (1 df)

Iteration 3:  6000000 integrand evaluations so far
[1] 1044.43 +- 3.13853  	chisq 0.730062 (2 df)

Iteration 4:  10000000 integrand evaluations so far
[1] 1045.76 +- 2.32403  	chisq 1.12683 (3 df)
  1.0458 ± 0.0023 ·10⁺⁰³ ( 55.5s) ┃  1.6782 ± 0.0027 ·10⁺⁰³ (4.58mi) ┃
┃   22 -    24 ┃   46 -    47 ┃ 1.67573 ± 0.00011 ·10⁺⁰³ (2.67mi) ┃ -1.0394 ±  0.001 ·10⁺⁰³ (3.53mi) ┃Vegas input parameters:
  ndim 7
  ncomp 1
  nvec 1
  epsrel 0
  epsabs 0
  flags 10
  seed 123456
  mineval 10000000
  maxeval 10000000
  nstart 1000000
  nincrease 1000000
  nbatch 5000
  gridno 0
  statefile ""

Iteration 1:  1000000 integrand evaluations so far
[1] 1081.52 +- 19.3796  	chisq 0 (0 df)

Iteration 2:  3000000 integrand evaluations so far
[1] 1088.79 +- 5.04302  	chisq 0.15074 (1 df)

Iteration 3:  6000000 integrand evaluations so far
[1] 1090.33 +- 3.12308  	chisq 0.301973 (2 df)

Iteration 4:  10000000 integrand evaluations so far
[1] 1091.17 +- 2.32375  	chisq 0.465474 (3 df)
  1.0912 ± 0.0023 ·10⁺⁰³ ( 54.4s) ┃  1.7275 ± 0.0025 ·10⁺⁰³ ( 7.1mi) ┃
┃   22 -    24 ┃   47 -    48 ┃  1.8004 ± 0.0012 ·10⁺⁰³ ( 40.4s) ┃-1.11721 ± 0.00035 ·10⁺⁰³ (1.82mi) ┃Vegas input parameters:
  ndim 7
  ncomp 1
  nvec 1
  epsrel 0
  epsabs 0
  flags 10
  seed 123456
  mineval 10000000
  maxeval 10000000
  nstart 1000000
  nincrease 1000000
  nbatch 5000
  gridno 0
  statefile ""

Iteration 1:  1000000 integrand evaluations so far
[1] 1220.26 +- 20.9336  	chisq 0 (0 df)

Iteration 2:  3000000 integrand evaluations so far
[1] 1189.17 +- 5.28925  	chisq 2.35618 (1 df)

Iteration 3:  6000000 integrand evaluations so far
[1] 1191.07 +- 3.26719  	chisq 2.56524 (2 df)

Iteration 4:  10000000 integrand evaluations so far
[1] 1189.43 +- 2.45491  	chisq 3.1439 (3 df)
  1.1894 ± 0.0025 ·10⁺⁰³ ( 52.3s) ┃  1.8726 ± 0.0028 ·10⁺⁰³ (3.37mi) ┃
┃   22 -    24 ┃   48 -    49 ┃  1.9129 ± 0.0017 ·10⁺⁰³ (1.21mi) ┃-1.18729 ± 0.00095 ·10⁺⁰³ (3.61mi) ┃Vegas input parameters:
  ndim 7
  ncomp 1
  nvec 1
  epsrel 0
  epsabs 0
  flags 10
  seed 123456
  mineval 10000000
  maxeval 10000000
  nstart 1000000
  nincrease 1000000
  nbatch 5000
  gridno 0
  statefile ""

Iteration 1:  1000000 integrand evaluations so far
[1] 1285.14 +- 21.4579  	chisq 0 (0 df)

Iteration 2:  3000000 integrand evaluations so far
[1] 1280.25 +- 5.55026  	chisq 0.0558225 (1 df)

Iteration 3:  6000000 integrand evaluations so far
[1] 1284.28 +- 3.42468  	chisq 0.906525 (2 df)

Iteration 4:  10000000 integrand evaluations so far
[1] 1289.44 +- 2.58767  	chisq 6.20441 (3 df)
  1.2894 ± 0.0026 ·10⁺⁰³ ( 54.1s) ┃  2.0151 ± 0.0032 ·10⁺⁰³ (5.72mi) ┃
┃   22 -    24 ┃   49 -    50 ┃  1.9576 ± 0.0015 ·10⁺⁰³ (1.25mi) ┃ -1.2082 ± 0.0012 ·10⁺⁰³ (3.66mi) ┃Vegas input parameters:
  ndim 7
  ncomp 1
  nvec 1
  epsrel 0
  epsabs 0
  flags 10
  seed 123456
  mineval 10000000
  maxeval 10000000
  nstart 1000000
  nincrease 1000000
  nbatch 5000
  gridno 0
  statefile ""

Iteration 1:  1000000 integrand evaluations so far
[1] 1305.6 +- 21.8119  	chisq 0 (0 df)

Iteration 2:  3000000 integrand evaluations so far
[1] 1327.89 +- 5.5956  	chisq 1.1174 (1 df)

Iteration 3:  6000000 integrand evaluations so far
[1] 1330.55 +- 3.43995  	chisq 1.48052 (2 df)

Iteration 4:  10000000 integrand evaluations so far
[1] 1325.03 +- 2.56653  	chisq 7.27138 (3 df)
   1.325 ± 0.0026 ·10⁺⁰³ ( 51.8s) ┃  2.0745 ± 0.0032 ·10⁺⁰³ (5.77mi) ┃
┃   22 -    24 ┃   50 -    51 ┃  1.9381 ± 0.0011 ·10⁺⁰³ ( 36.3s) ┃-1.19783 ± 0.00046 ·10⁺⁰³ (3.59mi) ┃Vegas input parameters:
  ndim 7
  ncomp 1
  nvec 1
  epsrel 0
  epsabs 0
  flags 10
  seed 123456
  mineval 10000000
  maxeval 10000000
  nstart 1000000
  nincrease 1000000
  nbatch 5000
  gridno 0
  statefile ""

Iteration 1:  1000000 integrand evaluations so far
[1] 1346.7 +- 22.0456  	chisq 0 (0 df)

Iteration 2:  3000000 integrand evaluations so far
[1] 1335.5 +- 5.3691  	chisq 0.274481 (1 df)

Iteration 3:  6000000 integrand evaluations so far
[1] 1337.87 +- 3.34956  	chisq 0.593935 (2 df)

Iteration 4:  10000000 integrand evaluations so far
[1] 1333.27 +- 2.47314  	chisq 4.73682 (3 df)
  1.3333 ± 0.0025 ·10⁺⁰³ ( 53.3s) ┃  2.0735 ± 0.0028 ·10⁺⁰³ (5.08mi) ┃
┃   22 -    24 ┃   51 -    52 ┃  1.9259 ± 0.0011 ·10⁺⁰³ ( 34.6s) ┃-1.19312 ± 0.00092 ·10⁺⁰³ (1.78mi) ┃Vegas input parameters:
  ndim 7
  ncomp 1
  nvec 1
  epsrel 0
  epsabs 0
  flags 10
  seed 123456
  mineval 10000000
  maxeval 10000000
  nstart 1000000
  nincrease 1000000
  nbatch 5000
  gridno 0
  statefile ""

Iteration 1:  1000000 integrand evaluations so far
[1] 1332.95 +- 21.9298  	chisq 0 (0 df)

Iteration 2:  3000000 integrand evaluations so far
[1] 1349.62 +- 5.30782  	chisq 0.614321 (1 df)

Iteration 3:  6000000 integrand evaluations so far
[1] 1355.32 +- 3.31516  	chisq 2.50516 (2 df)

Iteration 4:  10000000 integrand evaluations so far
[1] 1352.92 +- 2.43621  	chisq 3.64726 (3 df)
  1.3529 ± 0.0024 ·10⁺⁰³ ( 55.6s) ┃  2.0857 ± 0.0028 ·10⁺⁰³ (3.28mi) ┃
┃   22 -    24 ┃   52 -    53 ┃   1.894 ± 0.00096 ·10⁺⁰³ ( 37.3s) ┃-1.16943 ± 0.0008 ·10⁺⁰³ (3.38mi) ┃Vegas input parameters:
  ndim 7
  ncomp 1
  nvec 1
  epsrel 0
  epsabs 0
  flags 10
  seed 123456
  mineval 10000000
  maxeval 10000000
  nstart 1000000
  nincrease 1000000
  nbatch 5000
  gridno 0
  statefile ""

Iteration 1:  1000000 integrand evaluations so far
[1] 1351.67 +- 22.0274  	chisq 0 (0 df)

Iteration 2:  3000000 integrand evaluations so far
[1] 1349.63 +- 5.22792  	chisq 0.00910484 (1 df)

Iteration 3:  6000000 integrand evaluations so far
[1] 1351.64 +- 3.18248  	chisq 0.244317 (2 df)

Iteration 4:  10000000 integrand evaluations so far
[1] 1350.37 +- 2.31603  	chisq 0.586473 (3 df)
  1.3504 ± 0.0023 ·10⁺⁰³ (   54s) ┃  2.0749 ± 0.0026 ·10⁺⁰³ ( 4.9mi) ┃
┃   22 -    24 ┃   53 -    54 ┃ 1.20618 ± 0.00069 ·10⁺⁰³ (1.17mi) ┃  -742.1 ±   0.45        (6.37mi) ┃Vegas input parameters:
  ndim 7
  ncomp 1
  nvec 1
  epsrel 0
  epsabs 0
  flags 10
  seed 123456
  mineval 10000000
  maxeval 10000000
  nstart 1000000
  nincrease 1000000
  nbatch 5000
  gridno 0
  statefile ""

Iteration 1:  1000000 integrand evaluations so far
[1] 844.392 +- 17.4216  	chisq 0 (0 df)

Iteration 2:  3000000 integrand evaluations so far
[1] 863.651 +- 3.77296  	chisq 1.28221 (1 df)

Iteration 3:  6000000 integrand evaluations so far
[1] 866.645 +- 2.35215  	chisq 2.31256 (2 df)

Iteration 4:  10000000 integrand evaluations so far
[1] 867.912 +- 1.72978  	chisq 2.94399 (3 df)
   867.9 ±    1.7        ( 53.5s) ┃   1.332 ± 0.0019 ·10⁺⁰³ (8.44mi) ┃
┃   22 -    24 ┃   54 -    55 ┃  394.38 ±    0.3        (2.05mi) ┃ -245.18 ±   0.11        (11.6mi) ┃Vegas input parameters:
  ndim 7
  ncomp 1
  nvec 1
  epsrel 0
  epsabs 0
  flags 10
  seed 123456
  mineval 10000000
  maxeval 10000000
  nstart 1000000
  nincrease 1000000
  nbatch 5000
  gridno 0
  statefile ""

Iteration 1:  1000000 integrand evaluations so far
[1] 254.804 +- 9.28054  	chisq 0 (0 df)

Iteration 2:  3000000 integrand evaluations so far
[1] 281.014 +- 1.63744  	chisq 8.23249 (1 df)

Iteration 3:  6000000 integrand evaluations so far
[1] 282.465 +- 1.02025  	chisq 9.51564 (2 df)

Iteration 4:  10000000 integrand evaluations so far
[1] 283.119 +- 0.718109  	chisq 10.3305 (3 df)
  283.12 ±   0.72        (   54s) ┃  432.32 ±   0.79        (14.6mi) ┃
┃   22 -    24 ┃   55 -    56 ┃  172.51 ±   0.13        (7.58mi) ┃-108.726 ±   0.06        (11.4mi) ┃Vegas input parameters:
  ndim 7
  ncomp 1
  nvec 1
  epsrel 0
  epsabs 0
  flags 10
  seed 123456
  mineval 10000000
  maxeval 10000000
  nstart 1000000
  nincrease 1000000
  nbatch 5000
  gridno 0
  statefile ""

Iteration 1:  1000000 integrand evaluations so far
[1] 126.633 +- 6.43628  	chisq 0 (0 df)

Iteration 2:  3000000 integrand evaluations so far
[1] 122.765 +- 0.626442  	chisq 0.364623 (1 df)

Iteration 3:  6000000 integrand evaluations so far
[1] 123.137 +- 0.378265  	chisq 0.920419 (2 df)

Iteration 4:  10000000 integrand evaluations so far
[1] 123.017 +- 0.272998  	chisq 1.1305 (3 df)
  123.02 ±   0.27        ( 53.4s) ┃   186.8 ±   0.31        (19.9mi) ┃
┃   22 -    24 ┃   56 -    57 ┃  97.896 ±  0.068        (7.99mi) ┃ -62.222 ±  0.047        (11.3mi) ┃Vegas input parameters:
  ndim 7
  ncomp 1
  nvec 1
  epsrel 0
  epsabs 0
  flags 10
  seed 123456
  mineval 10000000
  maxeval 10000000
  nstart 1000000
  nincrease 1000000
  nbatch 5000
  gridno 0
  statefile ""

Iteration 1:  1000000 integrand evaluations so far
[1] 67.0134 +- 4.68217  	chisq 0 (0 df)

Iteration 2:  3000000 integrand evaluations so far
[1] 70.3093 +- 0.36051  	chisq 0.498456 (1 df)

Iteration 3:  6000000 integrand evaluations so far
[1] 70.1385 +- 0.209168  	chisq 0.836677 (2 df)

Iteration 4:  10000000 integrand evaluations so far
[1] 70.1647 +- 0.200398  	chisq 1.02755 (3 df)
   70.16 ±    0.2        ( 52.4s) ┃  105.84 ±   0.22        (20.1mi) ┃
┃   22 -    24 ┃   57 -    58 ┃  60.814 ±  0.028        (14.9mi) ┃ -36.566 ±  0.036        (2.92mi) ┃Vegas input parameters:
  ndim 7
  ncomp 1
  nvec 1
  epsrel 0
  epsabs 0
  flags 10
  seed 123456
  mineval 10000000
  maxeval 10000000
  nstart 1000000
  nincrease 1000000
  nbatch 5000
  gridno 0
  statefile ""

Iteration 1:  1000000 integrand evaluations so far
[1] 45.8328 +- 3.85561  	chisq 0 (0 df)

Iteration 2:  3000000 integrand evaluations so far
[1] 43.6564 +- 0.298851  	chisq 0.32054 (1 df)

Iteration 3:  6000000 integrand evaluations so far
[1] 43.7196 +- 0.159858  	chisq 0.383028 (2 df)

Iteration 4:  10000000 integrand evaluations so far
[1] 43.6443 +- 0.103216  	chisq 0.763577 (3 df)
   43.64 ±    0.1        ( 51.2s) ┃   67.89 ±   0.11        (18.7mi) ┃
┃   22 -    24 ┃   58 -    59 ┃  38.952 ±  0.024        (4.06mi) ┃-25.0501 ± 0.0094        (43.5mi) ┃Vegas input parameters:
  ndim 7
  ncomp 1
  nvec 1
  epsrel 0
  epsabs 0
  flags 10
  seed 123456
  mineval 10000000
  maxeval 10000000
  nstart 1000000
  nincrease 1000000
  nbatch 5000
  gridno 0
  statefile ""

Iteration 1:  1000000 integrand evaluations so far
[1] 35.9826 +- 3.41079  	chisq 0 (0 df)

Iteration 2:  3000000 integrand evaluations so far
[1] 28.2617 +- 0.199277  	chisq 5.14173 (1 df)

Iteration 3:  6000000 integrand evaluations so far
[1] 28.2613 +- 0.100736  	chisq 5.14173 (2 df)

Iteration 4:  10000000 integrand evaluations so far
[1] 28.0793 +- 0.0640271  	chisq 10.6179 (3 df)
  28.079 ±  0.064        (   53s) ┃  41.982 ±  0.069        (48.5mi) ┃
┃   22 -    24 ┃   59 -    60 ┃ 24.5649 ± 0.0077        (8.76mi) ┃  -15.89 ±  0.015        (43.2mi) ┃Vegas input parameters:
  ndim 7
  ncomp 1
  nvec 1
  epsrel 0
  epsabs 0
  flags 10
  seed 123456
  mineval 10000000
  maxeval 10000000
  nstart 1000000
  nincrease 1000000
  nbatch 5000
  gridno 0
  statefile ""

Iteration 1:  1000000 integrand evaluations so far
[1] 23.054 +- 2.7343  	chisq 0 (0 df)

Iteration 2:  3000000 integrand evaluations so far
[1] 17.5442 +- 0.142043  	chisq 4.0714 (1 df)

Iteration 3:  6000000 integrand evaluations so far
[1] 17.815 +- 0.0664569  	chisq 8.72204 (2 df)

Iteration 4:  10000000 integrand evaluations so far
[1] 17.7342 +- 0.0417914  	chisq 11.1642 (3 df)
  17.734 ±  0.042        ( 52.8s) ┃  26.409 ±  0.045        (52.8mi) ┃
┣━━━━━━━━━━━━━━╋━━━━━━━━━━━━━━╋━━━━━━━━━━━━━━━━━━━━━━━━━━━━━━━━━━╋━━━━━━━━━━━━━━━━━━━━━━━━━━━━━━━━━━╋━━━━━━━━━━━━━━━━━━━━━━━━━━━━━━━━━━╋━━━━━━━━━━━━━━━━━━━━━━━━━━━━━━━━━━┫
┃   20 -    24 ┃   25 -    60 ┃ 119.653 ± 0.0098 ·10⁺⁰³ (2.35hr) ┃-75.5758 ± 0.0062 ·10⁺⁰³ (13.4hr) ┃  79.873 ±  0.021 ·10⁺⁰³ (1.02hr) ┃  123.95 ±  0.024 ·10⁺⁰³ (16.8hr) ┃
┗━━━━━━━━━━━━━━┻━━━━━━━━━━━━━━┻━━━━━━━━━━━━━━━━━━━━━━━━━━━━━━━━━━┻━━━━━━━━━━━━━━━━━━━━━━━━━━━━━━━━━━┻━━━━━━━━━━━━━━━━━━━━━━━━━━━━━━━━━━┻━━━━━━━━━━━━━━━━━━━━━━━━━━━━━━━━━━┛

╍╍╍╍╍╍╍╍╍╍╍╍╍╍╍╍╍╍╍╍╍╍╍╍╍╍╍╍╍╍╍╍ Summary ╍╍╍╍╍╍╍╍╍╍╍╍╍╍╍╍╍╍╍╍╍╍╍╍╍╍╍╍╍╍╍
      Total cross section                    123.95 ± 0.024          pb
         Calculation time                               16.8       hours
              Output file                    outputs/qt_qt20_24_NLL_muR2.0_muF1.0.root            
      Result in text file                    outputs/qt_qt20_24_NLL_muR2.0_muF1.0.txt            

╍╍╍╍╍╍╍╍╍╍╍╍╍╍╍╍╍╍╍╍╍╍╍╍╍╍╍╍╍╍╍╍╍╍╍╍╍╍╍╍╍╍╍╍╍╍╍╍╍╍╍╍╍╍╍╍╍╍╍╍╍╍╍╍╍╍╍╍╍╍╍╍

