
╍╍╍╍╍╍╍╍╍╍╍╍╍╍╍╍╍╍╍╍╍╍╍╍╍╍╍ Process settings ╍╍╍╍╍╍╍╍╍╍╍╍╍╍╍╍╍╍╍╍╍╍╍╍╍╍╍
   proton-proton collisions at sqrt(s) = 13000 GeV 
   Computing NLO+NLL resummed cross section
   W+ ->  nu(p3)+e+(p4) production 

╍╍╍╍╍╍╍╍╍╍╍╍╍╍╍╍╍╍╍╍╍╍╍╍╍╍╍╍╍╍ CKM matrix ╍╍╍╍╍╍╍╍╍╍╍╍╍╍╍╍╍╍╍╍╍╍╍╍╍╍╍╍╍╍
     | Vud Vus Vub |   |   0.97427   0.2253  0.00351 | 
     | Vcd Vcs Vcb | = |    0.2252  0.97344   0.0412 | 
     | Vtd Vts Vtb |   |         0        0        0 | 

╍╍╍╍╍╍╍╍╍╍╍╍╍╍╍╍╍╍╍╍╍╍╍╍╍╍╍╍╍ EW parameters ╍╍╍╍╍╍╍╍╍╍╍╍╍╍╍╍╍╍╍╍╍╍╍╍╍╍╍╍
                                         Gf =  1.1663787e-05      GeV^-2
                                    1/alpha =  132.233229791            
                                 sin(thW)^2 = 0.222897222524            
                                     W mass =         80.385         GeV
                                     Z mass =        91.1876         GeV
                                    W width =          2.091         GeV
                                    Z width =          2.495         GeV

╍╍╍╍╍╍╍╍╍╍╍╍╍╍╍╍╍╍╍╍╍╍╍╍╍╍╍╍╍ QCD settings ╍╍╍╍╍╍╍╍╍╍╍╍╍╍╍╍╍╍╍╍╍╍╍╍╍╍╍╍╍
   Renormalization scale:     dynamic muren =              2      * m_ll
     Factorization scale:     dynamic mufac =              2      * m_ll
       Resummation scale:     dynamic mures =              1      * m_ll
          Strong coupling       alpha_s(MZ) =       0.118001            
                              running order =              2       -loop
         Non-perturbative     form factor g =            0.7       GeV^2

╍╍╍╍╍╍╍╍╍╍╍╍╍╍╍╍╍╍╍╍╍╍╍╍╍╍╍╍╍ PDF settings ╍╍╍╍╍╍╍╍╍╍╍╍╍╍╍╍╍╍╍╍╍╍╍╍╍╍╍╍╍
                                     PDF set:MSHT20nnlo_as118            
                                  PDF member:              0            
  Mellin moments of PDFs:                    Numerical integration            
                         nodes for the quadrature:            200            
                         Intervals for the quadrature:              1            

╍╍╍╍╍╍╍╍╍╍╍╍╍╍╍╍╍╍╍╍╍╍╍╍╍╍╍╍╍╍╍ qT recoil ╍╍╍╍╍╍╍╍╍╍╍╍╍╍╍╍╍╍╍╍╍╍╍╍╍╍╍╍╍╍
  qt-recoil prescription:       Collins-Soper kt1 = p_V(x)/2; kt2 = p_V(y)/2            

╍╍╍╍╍╍╍╍╍╍╍╍╍╍╍╍╍╍╍╍╍╍╍╍╍╍╍╍╍╍╍╍╍ Cuts ╍╍╍╍╍╍╍╍╍╍╍╍╍╍╍╍╍╍╍╍╍╍╍╍╍╍╍╍╍╍╍╍╍
                                  apply cuts:           true            
                                      pt_l >               0            
                                   |eta_l| <            1000            
                                    pt_lep >              25            
                                 |eta_lep| <             2.4            
                                   pt_alep >              25            
                                |eta_alep| <             2.4            
                                  user cuts:            true            

╍╍╍╍╍╍╍╍╍╍╍╍╍╍╍╍╍╍╍╍╍╍╍╍╍╍╍╍ ResummationDamp ╍╍╍╍╍╍╍╍╍╍╍╍╍╍╍╍╍╍╍╍╍╍╍╍╍╍╍
                                    damping :             on            
                                damping mode:              1            
                                  damp above:        60.2888         GeV
                               damping width:        20.0963         GeV
                          resummation cutoff:             20         MeV

╍╍╍╍╍╍╍╍╍╍╍╍╍╍╍╍╍╍╍╍╍╍╍╍╍╍╍╍ Debug settings ╍╍╍╍╍╍╍╍╍╍╍╍╍╍╍╍╍╍╍╍╍╍╍╍╍╍╍╍
                                 timeprofile:          false            
                                     verbose:          false            
                               cubaverbosity:              2            

╍╍╍╍╍╍╍╍╍╍╍╍╍╍╍╍╍╍╍╍╍╍╍╍╍╍╍╍╍╍╍╍╍╍╍╍╍╍╍╍╍╍╍╍╍╍╍╍╍╍╍╍╍╍╍╍╍╍╍╍╍╍╍╍╍╍╍╍╍╍╍╍

Warning: Histogram `a1_qt` contains non-integrable observable and will be deleted 
Warning: Histogram `a1_qt_vs_y` contains non-integrable observable and will be deleted 
Warning: Histogram `s_biganswer` contains non-integrable observable and will be deleted 
Warning: Histogram `wgt_a1_qt` contains non-integrable observable and will be deleted 

╍╍╍╍╍╍╍╍╍╍╍╍╍╍╍╍╍╍╍╍╍╍╍╍╍ Integration settings ╍╍╍╍╍╍╍╍╍╍╍╍╍╍╍╍╍╍╍╍╍╍╍╍╍
             Random seeds              123456                           
           Parallel cores                   1                           

             Resummation:     cuhre (dm, dpt)         iter =           5
                                   gauss (dy)        nodes =          64
                                                 intervals =           1
            Counter term:      cuhre (dm, dy)         iter =           5
                                  gauss (dpt)        nodes =          20
                                                 intervals =           5
                     V+J:            vegas 7D       ncalls =    10000000

Mellin inverse transform:           gaussian         nodes =          30
                                                 intervals =           1
                               imaginary axis         zmax =           2
  Angular variable costh:     semi-analytical      ncstart =         100
   Angular variables phi:            gaussian    intervals =          20

      Constant boundaries                  q2          low =          80
                                                      high =         100
                                            y          low =          -6
                                                      high =           6
                                        costh          low =          -1
                                                      high =           1
                                       eta(l)          low =         -10
                                                      high =          10

┏━━━━━━━━━━━━━━┰━━━━━━━━━━━━━━┰━━━━━━━━━━━━━━━━━━━━━━━━━━━━━━━━━━┰━━━━━━━━━━━━━━━━━━━━━━━━━━━━━━━━━━┰━━━━━━━━━━━━━━━━━━━━━━━━━━━━━━━━━━┰━━━━━━━━━━━━━━━━━━━━━━━━━━━━━━━━━━┓
┃           qT ┃        pT(l) ┃                      Resummation ┃                     Counter term ┃                              V+J ┃                            TOTAL ┃
┣━━━━━━━━━━━━━━╋━━━━━━━━━━━━━━╋━━━━━━━━━━━━━━━━━━━━━━━━━━━━━━━━━━╋━━━━━━━━━━━━━━━━━━━━━━━━━━━━━━━━━━╋━━━━━━━━━━━━━━━━━━━━━━━━━━━━━━━━━━╋━━━━━━━━━━━━━━━━━━━━━━━━━━━━━━━━━━┫
┃   56 -    58 ┃   25 -    26 ┃  272.97 ±   0.13        (7.89mi) ┃-135.242 ±  0.019        (54.8mi) ┃Vegas input parameters:
  ndim 7
  ncomp 1
  nvec 1
  epsrel 0
  epsabs 0
  flags 10
  seed 123456
  mineval 10000000
  maxeval 10000000
  nstart 1000000
  nincrease 1000000
  nbatch 5000
  gridno 0
  statefile ""

Iteration 1:  1000000 integrand evaluations so far
[1] 180.155 +- 4.02575  	chisq 0 (0 df)

Iteration 2:  3000000 integrand evaluations so far
[1] 184.052 +- 1.15448  	chisq 1.02126 (1 df)

Iteration 3:  6000000 integrand evaluations so far
[1] 182.994 +- 0.714224  	chisq 2.38203 (2 df)

Iteration 4:  10000000 integrand evaluations so far
[1] 182.959 +- 0.526128  	chisq 2.38731 (3 df)
  182.96 ±   0.53        ( 40.9s) ┃  320.69 ±   0.54        (1.06hr) ┃
┃   56 -    58 ┃   26 -    27 ┃ 263.882 ± 0.0096        (14.8mi) ┃-131.002 ±  0.029        (27.4mi) ┃Vegas input parameters:
  ndim 7
  ncomp 1
  nvec 1
  epsrel 0
  epsabs 0
  flags 10
  seed 123456
  mineval 10000000
  maxeval 10000000
  nstart 1000000
  nincrease 1000000
  nbatch 5000
  gridno 0
  statefile ""

Iteration 1:  1000000 integrand evaluations so far
[1] 176.16 +- 3.94547  	chisq 0 (0 df)

Iteration 2:  3000000 integrand evaluations so far
[1] 172.999 +- 1.09944  	chisq 0.696079 (1 df)

Iteration 3:  6000000 integrand evaluations so far
[1] 173.256 +- 0.684945  	chisq 0.785381 (2 df)

Iteration 4:  10000000 integrand evaluations so far
[1] 173.286 +- 0.532485  	chisq 0.79014 (3 df)
  173.29 ±   0.53        ( 39.9s) ┃  306.17 ±   0.53        (42.9mi) ┃
┃   56 -    58 ┃   27 -    28 ┃  258.53 ±   0.21        ( 9.69s) ┃-128.893 ±  0.058        ( 1.8mi) ┃Vegas input parameters:
  ndim 7
  ncomp 1
  nvec 1
  epsrel 0
  epsabs 0
  flags 10
  seed 123456
  mineval 10000000
  maxeval 10000000
  nstart 1000000
  nincrease 1000000
  nbatch 5000
  gridno 0
  statefile ""

Iteration 1:  1000000 integrand evaluations so far
[1] 170.962 +- 3.85176  	chisq 0 (0 df)

Iteration 2:  3000000 integrand evaluations so far
[1] 164.64 +- 1.19835  	chisq 2.9822 (1 df)

Iteration 3:  6000000 integrand evaluations so far
[1] 163.718 +- 0.726405  	chisq 3.91887 (2 df)

Iteration 4:  10000000 integrand evaluations so far
[1] 164.316 +- 0.522325  	chisq 5.32068 (3 df)
  164.32 ±   0.52        ( 40.3s) ┃  293.95 ±   0.56        (2.64mi) ┃
┃   56 -    58 ┃   28 -    29 ┃   259.3 ±    0.2        (2.34mi) ┃-129.838 ±  0.097        (  37mi) ┃Vegas input parameters:
  ndim 7
  ncomp 1
  nvec 1
  epsrel 0
  epsabs 0
  flags 10
  seed 123456
  mineval 10000000
  maxeval 10000000
  nstart 1000000
  nincrease 1000000
  nbatch 5000
  gridno 0
  statefile ""

Iteration 1:  1000000 integrand evaluations so far
[1] 161.078 +- 3.68692  	chisq 0 (0 df)

Iteration 2:  3000000 integrand evaluations so far
[1] 157.625 +- 1.03537  	chisq 0.95222 (1 df)

Iteration 3:  6000000 integrand evaluations so far
[1] 157.215 +- 0.663047  	chisq 1.21855 (2 df)

Iteration 4:  10000000 integrand evaluations so far
[1] 157.558 +- 0.505903  	chisq 1.86037 (3 df)
  157.56 ±   0.51        ( 39.5s) ┃  287.02 ±   0.55        (  40mi) ┃
┃   56 -    58 ┃   29 -    30 ┃  230.46 ±   0.15        ( 57.3s) ┃-114.517 ± 0.0056        (13.7mi) ┃Vegas input parameters:
  ndim 7
  ncomp 1
  nvec 1
  epsrel 0
  epsabs 0
  flags 10
  seed 123456
  mineval 10000000
  maxeval 10000000
  nstart 1000000
  nincrease 1000000
  nbatch 5000
  gridno 0
  statefile ""

Iteration 1:  1000000 integrand evaluations so far
[1] 147.906 +- 3.50462  	chisq 0 (0 df)

Iteration 2:  3000000 integrand evaluations so far
[1] 151.677 +- 1.00809  	chisq 1.26209 (1 df)

Iteration 3:  6000000 integrand evaluations so far
[1] 152.367 +- 0.652092  	chisq 2.06805 (2 df)

Iteration 4:  10000000 integrand evaluations so far
[1] 152.298 +- 0.50302  	chisq 2.0959 (3 df)
   152.3 ±    0.5        ( 41.7s) ┃  268.24 ±   0.52        (15.4mi) ┃
┃   56 -    58 ┃   30 -    31 ┃  247.48 ±   0.23        (3.67mi) ┃ -122.68 ±   0.12        (6.78mi) ┃Vegas input parameters:
  ndim 7
  ncomp 1
  nvec 1
  epsrel 0
  epsabs 0
  flags 10
  seed 123456
  mineval 10000000
  maxeval 10000000
  nstart 1000000
  nincrease 1000000
  nbatch 5000
  gridno 0
  statefile ""

Iteration 1:  1000000 integrand evaluations so far
[1] 151.019 +- 3.53443  	chisq 0 (0 df)

Iteration 2:  3000000 integrand evaluations so far
[1] 146.546 +- 0.975915  	chisq 1.73403 (1 df)

Iteration 3:  6000000 integrand evaluations so far
[1] 146.365 +- 0.606967  	chisq 1.7901 (2 df)

Iteration 4:  10000000 integrand evaluations so far
[1] 146.885 +- 0.463986  	chisq 3.56024 (3 df)
  146.89 ±   0.46        ( 41.4s) ┃  271.69 ±   0.53        (11.1mi) ┃
┃   56 -    58 ┃   31 -    32 ┃  220.57 ±   0.16        (2.09mi) ┃-109.014 ±  0.061        (55.9mi) ┃Vegas input parameters:
  ndim 7
  ncomp 1
  nvec 1
  epsrel 0
  epsabs 0
  flags 10
  seed 123456
  mineval 10000000
  maxeval 10000000
  nstart 1000000
  nincrease 1000000
  nbatch 5000
  gridno 0
  statefile ""

Iteration 1:  1000000 integrand evaluations so far
[1] 144.251 +- 3.39335  	chisq 0 (0 df)

Iteration 2:  3000000 integrand evaluations so far
[1] 142.673 +- 0.960767  	chisq 0.235186 (1 df)

Iteration 3:  6000000 integrand evaluations so far
[1] 142.532 +- 0.597628  	chisq 0.270328 (2 df)

Iteration 4:  10000000 integrand evaluations so far
[1] 142.445 +- 0.449538  	chisq 0.319729 (3 df)
  142.44 ±   0.45        ( 41.9s) ┃     254 ±   0.48        (58.7mi) ┃
┃   56 -    58 ┃   32 -    33 ┃  225.98 ±   0.18        (4.07mi) ┃-111.875 ±  0.068        (28.2mi) ┃Vegas input parameters:
  ndim 7
  ncomp 1
  nvec 1
  epsrel 0
  epsabs 0
  flags 10
  seed 123456
  mineval 10000000
  maxeval 10000000
  nstart 1000000
  nincrease 1000000
  nbatch 5000
  gridno 0
  statefile ""

Iteration 1:  1000000 integrand evaluations so far
[1] 137.331 +- 3.27744  	chisq 0 (0 df)

Iteration 2:  3000000 integrand evaluations so far
[1] 136.53 +- 0.932292  	chisq 0.0650858 (1 df)

Iteration 3:  6000000 integrand evaluations so far
[1] 135.663 +- 0.595042  	chisq 1.52227 (2 df)

Iteration 4:  10000000 integrand evaluations so far
[1] 135.448 +- 0.438218  	chisq 1.80839 (3 df)
  135.45 ±   0.44        ( 41.7s) ┃  249.55 ±   0.48        (  33mi) ┃
┃   56 -    58 ┃   33 -    34 ┃ 207.814 ±  0.058        (4.03mi) ┃-103.434 ±  0.034        (55.6mi) ┃Vegas input parameters:
  ndim 7
  ncomp 1
  nvec 1
  epsrel 0
  epsabs 0
  flags 10
  seed 123456
  mineval 10000000
  maxeval 10000000
  nstart 1000000
  nincrease 1000000
  nbatch 5000
  gridno 0
  statefile ""

Iteration 1:  1000000 integrand evaluations so far
[1] 133.127 +- 3.23582  	chisq 0 (0 df)

Iteration 2:  3000000 integrand evaluations so far
[1] 129.658 +- 0.900592  	chisq 1.2463 (1 df)

Iteration 3:  6000000 integrand evaluations so far
[1] 129.613 +- 0.579315  	chisq 1.25048 (2 df)

Iteration 4:  10000000 integrand evaluations so far
[1] 129.206 +- 0.427192  	chisq 2.33619 (3 df)
  129.21 ±   0.43        (   41s) ┃  233.59 ±   0.43        (1.01hr) ┃
┃   56 -    58 ┃   34 -    35 ┃  223.61 ±   0.13        (3.86mi) ┃-110.498 ±  0.033        (  28mi) ┃Vegas input parameters:
  ndim 7
  ncomp 1
  nvec 1
  epsrel 0
  epsabs 0
  flags 10
  seed 123456
  mineval 10000000
  maxeval 10000000
  nstart 1000000
  nincrease 1000000
  nbatch 5000
  gridno 0
  statefile ""

Iteration 1:  1000000 integrand evaluations so far
[1] 120.297 +- 3.03467  	chisq 0 (0 df)

Iteration 2:  3000000 integrand evaluations so far
[1] 123.799 +- 0.872757  	chisq 1.45245 (1 df)

Iteration 3:  6000000 integrand evaluations so far
[1] 124.331 +- 0.601898  	chisq 2.1589 (2 df)

Iteration 4:  10000000 integrand evaluations so far
[1] 123.872 +- 0.457682  	chisq 3.53784 (3 df)
  123.87 ±   0.46        ( 41.8s) ┃  236.98 ±   0.48        (32.5mi) ┃
┃   56 -    58 ┃   35 -    36 ┃  202.62 ±   0.19        (1.92mi) ┃-100.546 ±   0.06        (13.9mi) ┃Vegas input parameters:
  ndim 7
  ncomp 1
  nvec 1
  epsrel 0
  epsabs 0
  flags 10
  seed 123456
  mineval 10000000
  maxeval 10000000
  nstart 1000000
  nincrease 1000000
  nbatch 5000
  gridno 0
  statefile ""

Iteration 1:  1000000 integrand evaluations so far
[1] 117.588 +- 2.98302  	chisq 0 (0 df)

Iteration 2:  3000000 integrand evaluations so far
[1] 119.582 +- 0.945757  	chisq 0.496564 (1 df)

Iteration 3:  6000000 integrand evaluations so far
[1] 118.738 +- 0.572336  	chisq 1.75224 (2 df)

Iteration 4:  10000000 integrand evaluations so far
[1] 118.791 +- 0.412207  	chisq 1.77044 (3 df)
  118.79 ±   0.41        ( 42.3s) ┃  220.87 ±   0.46        (16.6mi) ┃
┃   56 -    58 ┃   36 -    37 ┃  180.59 ±    0.1        (7.51mi) ┃ -89.834 ±  0.029        (55.3mi) ┃Vegas input parameters:
  ndim 7
  ncomp 1
  nvec 1
  epsrel 0
  epsabs 0
  flags 10
  seed 123456
  mineval 10000000
  maxeval 10000000
  nstart 1000000
  nincrease 1000000
  nbatch 5000
  gridno 0
  statefile ""

Iteration 1:  1000000 integrand evaluations so far
[1] 112.823 +- 2.89944  	chisq 0 (0 df)

Iteration 2:  3000000 integrand evaluations so far
[1] 114.859 +- 0.924702  	chisq 0.549 (1 df)

Iteration 3:  6000000 integrand evaluations so far
[1] 115.286 +- 0.562219  	chisq 0.887393 (2 df)

Iteration 4:  10000000 integrand evaluations so far
[1] 115.332 +- 0.400059  	chisq 0.901022 (3 df)
  115.33 ±    0.4        ( 41.5s) ┃  206.09 ±   0.41        (1.06hr) ┃
┃   56 -    58 ┃   37 -    38 ┃  224.06 ±   0.12        (7.49mi) ┃-110.768 ±   0.08        (13.8mi) ┃Vegas input parameters:
  ndim 7
  ncomp 1
  nvec 1
  epsrel 0
  epsabs 0
  flags 10
  seed 123456
  mineval 10000000
  maxeval 10000000
  nstart 1000000
  nincrease 1000000
  nbatch 5000
  gridno 0
  statefile ""

Iteration 1:  1000000 integrand evaluations so far
[1] 115.346 +- 2.93933  	chisq 0 (0 df)

Iteration 2:  3000000 integrand evaluations so far
[1] 111.001 +- 0.797603  	chisq 2.35886 (1 df)

Iteration 3:  6000000 integrand evaluations so far
[1] 111.051 +- 0.497614  	chisq 2.36528 (2 df)

Iteration 4:  10000000 integrand evaluations so far
[1] 111.682 +- 0.387034  	chisq 6.44087 (3 df)
  111.68 ±   0.39        ( 42.2s) ┃  224.98 ±   0.41        (  22mi) ┃
┃   56 -    58 ┃   38 -    39 ┃  177.18 ±   0.14        (1.11mi) ┃ -88.206 ±  0.024        (6.77mi) ┃Vegas input parameters:
  ndim 7
  ncomp 1
  nvec 1
  epsrel 0
  epsabs 0
  flags 10
  seed 123456
  mineval 10000000
  maxeval 10000000
  nstart 1000000
  nincrease 1000000
  nbatch 5000
  gridno 0
  statefile ""

Iteration 1:  1000000 integrand evaluations so far
[1] 107.107 +- 2.7913  	chisq 0 (0 df)

Iteration 2:  3000000 integrand evaluations so far
[1] 108.56 +- 0.790155  	chisq 0.294309 (1 df)

Iteration 3:  6000000 integrand evaluations so far
[1] 108.724 +- 0.490539  	chisq 0.364937 (2 df)

Iteration 4:  10000000 integrand evaluations so far
[1] 108.672 +- 0.360682  	chisq 0.38973 (3 df)
  108.67 ±   0.36        ( 42.4s) ┃  197.65 ±   0.39        (8.59mi) ┃
┃   56 -    58 ┃   39 -    40 ┃ 189.023 ±  0.075        (3.84mi) ┃  -93.74 ±  0.042        (7.16mi) ┃Vegas input parameters:
  ndim 7
  ncomp 1
  nvec 1
  epsrel 0
  epsabs 0
  flags 10
  seed 123456
  mineval 10000000
  maxeval 10000000
  nstart 1000000
  nincrease 1000000
  nbatch 5000
  gridno 0
  statefile ""

Iteration 1:  1000000 integrand evaluations so far
[1] 105.375 +- 2.73576  	chisq 0 (0 df)

Iteration 2:  3000000 integrand evaluations so far
[1] 107.187 +- 0.773288  	chisq 0.477135 (1 df)

Iteration 3:  6000000 integrand evaluations so far
[1] 105.667 +- 0.47663  	chisq 6.70785 (2 df)

Iteration 4:  10000000 integrand evaluations so far
[1] 105.239 +- 0.350167  	chisq 8.45921 (3 df)
  105.24 ±   0.35        ( 41.7s) ┃  200.52 ±   0.36        (11.7mi) ┃
┃   56 -    58 ┃   40 -    41 ┃ 190.893 ±  0.088        (3.66mi) ┃ -94.087 ±  0.053        (7.01mi) ┃Vegas input parameters:
  ndim 7
  ncomp 1
  nvec 1
  epsrel 0
  epsabs 0
  flags 10
  seed 123456
  mineval 10000000
  maxeval 10000000
  nstart 1000000
  nincrease 1000000
  nbatch 5000
  gridno 0
  statefile ""

Iteration 1:  1000000 integrand evaluations so far
[1] 100.933 +- 2.65838  	chisq 0 (0 df)

Iteration 2:  3000000 integrand evaluations so far
[1] 101.451 +- 0.750757  	chisq 0.0413621 (1 df)

Iteration 3:  6000000 integrand evaluations so far
[1] 101.706 +- 0.465117  	chisq 0.228709 (2 df)

Iteration 4:  10000000 integrand evaluations so far
[1] 102.02 +- 0.342953  	chisq 1.22834 (3 df)
  102.02 ±   0.34        ( 42.2s) ┃  198.83 ±   0.36        (11.4mi) ┃
┃   56 -    58 ┃   41 -    42 ┃  177.34 ±    0.1        (1.34mi) ┃ -86.688 ±  0.043        (3.44mi) ┃Vegas input parameters:
  ndim 7
  ncomp 1
  nvec 1
  epsrel 0
  epsabs 0
  flags 10
  seed 123456
  mineval 10000000
  maxeval 10000000
  nstart 1000000
  nincrease 1000000
  nbatch 5000
  gridno 0
  statefile ""

Iteration 1:  1000000 integrand evaluations so far
[1] 98.6517 +- 2.62725  	chisq 0 (0 df)

Iteration 2:  3000000 integrand evaluations so far
[1] 99.1632 +- 0.729869  	chisq 0.0410681 (1 df)

Iteration 3:  6000000 integrand evaluations so far
[1] 99.1203 +- 0.453209  	chisq 0.0466858 (2 df)

Iteration 4:  10000000 integrand evaluations so far
[1] 99.5934 +- 0.366816  	chisq 3.20692 (3 df)
   99.59 ±   0.37        (   42s) ┃  190.25 ±   0.38        (5.48mi) ┃
┃   56 -    58 ┃   42 -    43 ┃ 172.912 ±  0.024        (3.79mi) ┃-86.2057 ± 0.0077        (13.5mi) ┃Vegas input parameters:
  ndim 7
  ncomp 1
  nvec 1
  epsrel 0
  epsabs 0
  flags 10
  seed 123456
  mineval 10000000
  maxeval 10000000
  nstart 1000000
  nincrease 1000000
  nbatch 5000
  gridno 0
  statefile ""

Iteration 1:  1000000 integrand evaluations so far
[1] 96.3945 +- 2.6119  	chisq 0 (0 df)

Iteration 2:  3000000 integrand evaluations so far
[1] 95.5022 +- 0.710776  	chisq 0.126022 (1 df)

Iteration 3:  6000000 integrand evaluations so far
[1] 96.3826 +- 0.444048  	chisq 2.6425 (2 df)

Iteration 4:  10000000 integrand evaluations so far
[1] 96.896 +- 0.334258  	chisq 5.7265 (3 df)
    96.9 ±   0.33        ( 42.4s) ┃   183.6 ±   0.34        (  18mi) ┃
┃   56 -    58 ┃   43 -    44 ┃  198.22 ±   0.13        ( 29.3s) ┃ -97.537 ±  0.079        (  27mi) ┃Vegas input parameters:
  ndim 7
  ncomp 1
  nvec 1
  epsrel 0
  epsabs 0
  flags 10
  seed 123456
  mineval 10000000
  maxeval 10000000
  nstart 1000000
  nincrease 1000000
  nbatch 5000
  gridno 0
  statefile ""

Iteration 1:  1000000 integrand evaluations so far
[1] 90.8847 +- 2.48258  	chisq 0 (0 df)

Iteration 2:  3000000 integrand evaluations so far
[1] 94.1869 +- 0.702039  	chisq 1.9231 (1 df)

Iteration 3:  6000000 integrand evaluations so far
[1] 94.6544 +- 0.46157  	chisq 2.70437 (2 df)

Iteration 4:  10000000 integrand evaluations so far
[1] 94.6226 +- 0.339613  	chisq 2.71474 (3 df)
   94.62 ±   0.34        ( 42.3s) ┃  195.31 ±   0.37        (28.2mi) ┃
┃   56 -    58 ┃   44 -    45 ┃ 148.718 ±  0.061        ( 1.1mi) ┃ -73.465 ±  0.055        (13.4mi) ┃Vegas input parameters:
  ndim 7
  ncomp 1
  nvec 1
  epsrel 0
  epsabs 0
  flags 10
  seed 123456
  mineval 10000000
  maxeval 10000000
  nstart 1000000
  nincrease 1000000
  nbatch 5000
  gridno 0
  statefile ""

Iteration 1:  1000000 integrand evaluations so far
[1] 89.4092 +- 2.48902  	chisq 0 (0 df)

Iteration 2:  3000000 integrand evaluations so far
[1] 92.239 +- 0.68975  	chisq 1.40012 (1 df)

Iteration 3:  6000000 integrand evaluations so far
[1] 92.5875 +- 0.436658  	chisq 1.82605 (2 df)

Iteration 4:  10000000 integrand evaluations so far
[1] 92.7418 +- 0.327437  	chisq 2.11168 (3 df)
   92.74 ±   0.33        ( 42.6s) ┃  167.99 ±   0.34        (15.2mi) ┃
┃   56 -    58 ┃   45 -    46 ┃ 161.456 ±  0.065        (2.34mi) ┃ -79.087 ±  0.043        (1.87mi) ┃Vegas input parameters:
  ndim 7
  ncomp 1
  nvec 1
  epsrel 0
  epsabs 0
  flags 10
  seed 123456
  mineval 10000000
  maxeval 10000000
  nstart 1000000
  nincrease 1000000
  nbatch 5000
  gridno 0
  statefile ""

Iteration 1:  1000000 integrand evaluations so far
[1] 90.6812 +- 2.49396  	chisq 0 (0 df)

Iteration 2:  3000000 integrand evaluations so far
[1] 91.139 +- 0.680451  	chisq 0.0363938 (1 df)

Iteration 3:  6000000 integrand evaluations so far
[1] 90.2333 +- 0.420018  	chisq 2.89833 (2 df)

Iteration 4:  10000000 integrand evaluations so far
[1] 90.2124 +- 0.313439  	chisq 2.9039 (3 df)
   90.21 ±   0.31        ( 43.4s) ┃  172.58 ±   0.32        (4.93mi) ┃
┃   56 -    58 ┃   46 -    47 ┃  186.64 ±   0.16        ( 1.2mi) ┃ -91.735 ±  0.018        (26.4mi) ┃Vegas input parameters:
  ndim 7
  ncomp 1
  nvec 1
  epsrel 0
  epsabs 0
  flags 10
  seed 123456
  mineval 10000000
  maxeval 10000000
  nstart 1000000
  nincrease 1000000
  nbatch 5000
  gridno 0
  statefile ""

Iteration 1:  1000000 integrand evaluations so far
[1] 89.0081 +- 2.46699  	chisq 0 (0 df)

Iteration 2:  3000000 integrand evaluations so far
[1] 88.3973 +- 0.664237  	chisq 0.0660781 (1 df)

Iteration 3:  6000000 integrand evaluations so far
[1] 88.4179 +- 0.410929  	chisq 0.0676368 (2 df)

Iteration 4:  10000000 integrand evaluations so far
[1] 88.2898 +- 0.330255  	chisq 0.342424 (3 df)
   88.29 ±   0.33        ( 41.5s) ┃  183.19 ±   0.37        (28.3mi) ┃
┃   56 -    58 ┃   47 -    48 ┃  139.66 ±   0.13        (1.11mi) ┃ -69.138 ±  0.021        (13.1mi) ┃Vegas input parameters:
  ndim 7
  ncomp 1
  nvec 1
  epsrel 0
  epsabs 0
  flags 10
  seed 123456
  mineval 10000000
  maxeval 10000000
  nstart 1000000
  nincrease 1000000
  nbatch 5000
  gridno 0
  statefile ""

Iteration 1:  1000000 integrand evaluations so far
[1] 86.8236 +- 2.41282  	chisq 0 (0 df)

Iteration 2:  3000000 integrand evaluations so far
[1] 85.6607 +- 0.655712  	chisq 0.250804 (1 df)

Iteration 3:  6000000 integrand evaluations so far
[1] 85.9719 +- 0.404824  	chisq 0.614832 (2 df)

Iteration 4:  10000000 integrand evaluations so far
[1] 85.9773 +- 0.302187  	chisq 0.615233 (3 df)
   85.98 ±    0.3        ( 41.5s) ┃   156.5 ±   0.33        (  15mi) ┃
┃   56 -    58 ┃   48 -    49 ┃ 165.226 ±  0.026        (1.85mi) ┃-82.0815 ± 0.0037        (  13mi) ┃Vegas input parameters:
  ndim 7
  ncomp 1
  nvec 1
  epsrel 0
  epsabs 0
  flags 10
  seed 123456
  mineval 10000000
  maxeval 10000000
  nstart 1000000
  nincrease 1000000
  nbatch 5000
  gridno 0
  statefile ""

Iteration 1:  1000000 integrand evaluations so far
[1] 82.2817 +- 2.3435  	chisq 0 (0 df)

Iteration 2:  3000000 integrand evaluations so far
[1] 84.633 +- 0.715688  	chisq 1.11027 (1 df)

Iteration 3:  6000000 integrand evaluations so far
[1] 85.0371 +- 0.434753  	chisq 1.61546 (2 df)

Iteration 4:  10000000 integrand evaluations so far
[1] 84.8075 +- 0.311715  	chisq 2.18947 (3 df)
   84.81 ±   0.31        ( 40.8s) ┃  167.95 ±   0.31        (15.5mi) ┃
┃   56 -    58 ┃   49 -    50 ┃ 161.717 ±  0.022        (3.93mi) ┃ -79.762 ±  0.026        (12.6mi) ┃Vegas input parameters:
  ndim 7
  ncomp 1
  nvec 1
  epsrel 0
  epsabs 0
  flags 10
  seed 123456
  mineval 10000000
  maxeval 10000000
  nstart 1000000
  nincrease 1000000
  nbatch 5000
  gridno 0
  statefile ""

Iteration 1:  1000000 integrand evaluations so far
[1] 81.5441 +- 2.34024  	chisq 0 (0 df)

Iteration 2:  3000000 integrand evaluations so far
[1] 83.3802 +- 0.632077  	chisq 0.664032 (1 df)

Iteration 3:  6000000 integrand evaluations so far
[1] 83.2717 +- 0.397064  	chisq 0.712749 (2 df)

Iteration 4:  10000000 integrand evaluations so far
[1] 83.3251 +- 0.301946  	chisq 0.755635 (3 df)
   83.33 ±    0.3        ( 40.2s) ┃  165.28 ±    0.3        (17.2mi) ┃
┃   56 -    58 ┃   50 -    51 ┃ 143.776 ±  0.058        (1.03mi) ┃ -69.672 ±  0.059        ( 58.5s) ┃Vegas input parameters:
  ndim 7
  ncomp 1
  nvec 1
  epsrel 0
  epsabs 0
  flags 10
  seed 123456
  mineval 10000000
  maxeval 10000000
  nstart 1000000
  nincrease 1000000
  nbatch 5000
  gridno 0
  statefile ""

Iteration 1:  1000000 integrand evaluations so far
[1] 82.2739 +- 2.33478  	chisq 0 (0 df)

Iteration 2:  3000000 integrand evaluations so far
[1] 82.558 +- 0.694756  	chisq 0.0162434 (1 df)

Iteration 3:  6000000 integrand evaluations so far
[1] 82.2233 +- 0.421696  	chisq 0.38367 (2 df)

Iteration 4:  10000000 integrand evaluations so far
[1] 82.1561 +- 0.302121  	chisq 0.435876 (3 df)
   82.16 ±    0.3        ( 41.4s) ┃  156.26 ±   0.31        ( 2.7mi) ┃
┃   56 -    58 ┃   51 -    52 ┃ 150.411 ±  0.041        (7.15mi) ┃ -74.442 ±  0.059        (12.4mi) ┃Vegas input parameters:
  ndim 7
  ncomp 1
  nvec 1
  epsrel 0
  epsabs 0
  flags 10
  seed 123456
  mineval 10000000
  maxeval 10000000
  nstart 1000000
  nincrease 1000000
  nbatch 5000
  gridno 0
  statefile ""

Iteration 1:  1000000 integrand evaluations so far
[1] 80.0823 +- 2.29647  	chisq 0 (0 df)

Iteration 2:  3000000 integrand evaluations so far
[1] 81.0359 +- 0.61496  	chisq 0.185769 (1 df)

Iteration 3:  6000000 integrand evaluations so far
[1] 80.9079 +- 0.394061  	chisq 0.259361 (2 df)

Iteration 4:  10000000 integrand evaluations so far
[1] 80.7437 +- 0.295616  	chisq 0.65612 (3 df)
   80.74 ±    0.3        ( 41.1s) ┃  156.71 ±    0.3        (20.3mi) ┃
┃   56 -    58 ┃   52 -    53 ┃  158.74 ±    0.1        (1.82mi) ┃-78.1011 ± 0.0093        (6.29mi) ┃Vegas input parameters:
  ndim 7
  ncomp 1
  nvec 1
  epsrel 0
  epsabs 0
  flags 10
  seed 123456
  mineval 10000000
  maxeval 10000000
  nstart 1000000
  nincrease 1000000
  nbatch 5000
  gridno 0
  statefile ""

Iteration 1:  1000000 integrand evaluations so far
[1] 79.6106 +- 2.31497  	chisq 0 (0 df)

Iteration 2:  3000000 integrand evaluations so far
[1] 81.1421 +- 0.630257  	chisq 0.472733 (1 df)

Iteration 3:  6000000 integrand evaluations so far
[1] 80.1556 +- 0.397639  	chisq 4.54273 (2 df)

Iteration 4:  10000000 integrand evaluations so far
[1] 80.5137 +- 0.296334  	chisq 6.36631 (3 df)
   80.51 ±    0.3        ( 41.3s) ┃  161.15 ±   0.31        (8.79mi) ┃
┃   56 -    58 ┃   53 -    54 ┃ 118.155 ±  0.068        (1.87mi) ┃ -58.405 ±  0.051        (12.3mi) ┃Vegas input parameters:
  ndim 7
  ncomp 1
  nvec 1
  epsrel 0
  epsabs 0
  flags 10
  seed 123456
  mineval 10000000
  maxeval 10000000
  nstart 1000000
  nincrease 1000000
  nbatch 5000
  gridno 0
  statefile ""

Iteration 1:  1000000 integrand evaluations so far
[1] 79.4394 +- 2.31369  	chisq 0 (0 df)

Iteration 2:  3000000 integrand evaluations so far
[1] 79.7038 +- 0.610856  	chisq 0.0140365 (1 df)

Iteration 3:  6000000 integrand evaluations so far
[1] 79.0142 +- 0.378145  	chisq 2.08016 (2 df)

Iteration 4:  10000000 integrand evaluations so far
[1] 78.905 +- 0.280796  	chisq 2.2661 (3 df)
    78.9 ±   0.28        ( 40.5s) ┃  138.66 ±   0.29        (14.8mi) ┃
┃   56 -    58 ┃   54 -    55 ┃  140.93 ±  0.026        (7.21mi) ┃ -69.956 ±  0.034        (24.8mi) ┃Vegas input parameters:
  ndim 7
  ncomp 1
  nvec 1
  epsrel 0
  epsabs 0
  flags 10
  seed 123456
  mineval 10000000
  maxeval 10000000
  nstart 1000000
  nincrease 1000000
  nbatch 5000
  gridno 0
  statefile ""

Iteration 1:  1000000 integrand evaluations so far
[1] 78.8358 +- 2.29235  	chisq 0 (0 df)

Iteration 2:  3000000 integrand evaluations so far
[1] 77.9939 +- 0.597839  	chisq 0.144728 (1 df)

Iteration 3:  6000000 integrand evaluations so far
[1] 77.5538 +- 0.368636  	chisq 1.01927 (2 df)

Iteration 4:  10000000 integrand evaluations so far
[1] 77.8571 +- 0.283789  	chisq 2.68135 (3 df)
   77.86 ±   0.28        ( 39.9s) ┃  148.83 ±   0.29        (32.7mi) ┃
┃   56 -    58 ┃   55 -    56 ┃ 150.881 ±  0.042        (3.63mi) ┃ -74.262 ±  0.028        (12.4mi) ┃Vegas input parameters:
  ndim 7
  ncomp 1
  nvec 1
  epsrel 0
  epsabs 0
  flags 10
  seed 123456
  mineval 10000000
  maxeval 10000000
  nstart 1000000
  nincrease 1000000
  nbatch 5000
  gridno 0
  statefile ""

Iteration 1:  1000000 integrand evaluations so far
[1] 75.6895 +- 2.25052  	chisq 0 (0 df)

Iteration 2:  3000000 integrand evaluations so far
[1] 76.4675 +- 0.586046  	chisq 0.128204 (1 df)

Iteration 3:  6000000 integrand evaluations so far
[1] 76.3137 +- 0.383037  	chisq 0.248358 (2 df)

Iteration 4:  10000000 integrand evaluations so far
[1] 76.0637 +- 0.2852  	chisq 1.2049 (3 df)
   76.06 ±   0.29        ( 40.8s) ┃  152.68 ±   0.29        (16.7mi) ┃
┃   56 -    58 ┃   56 -    57 ┃ 117.503 ±  0.012        (3.55mi) ┃  -57.56 ±  0.046        (3.23mi) ┃Vegas input parameters:
  ndim 7
  ncomp 1
  nvec 1
  epsrel 0
  epsabs 0
  flags 10
  seed 123456
  mineval 10000000
  maxeval 10000000
  nstart 1000000
  nincrease 1000000
  nbatch 5000
  gridno 0
  statefile ""

Iteration 1:  1000000 integrand evaluations so far
[1] 75.2858 +- 2.25838  	chisq 0 (0 df)

Iteration 2:  3000000 integrand evaluations so far
[1] 75.7292 +- 0.594632  	chisq 0.0414284 (1 df)

Iteration 3:  6000000 integrand evaluations so far
[1] 75.137 +- 0.366211  	chisq 1.63978 (2 df)

Iteration 4:  10000000 integrand evaluations so far
[1] 75.2593 +- 0.272115  	chisq 1.88906 (3 df)
   75.26 ±   0.27        ( 40.8s) ┃   135.2 ±   0.28        (7.46mi) ┃
┃   56 -    58 ┃   57 -    58 ┃ 135.915 ±  0.039        (7.12mi) ┃ -67.251 ±  0.022        (12.4mi) ┃Vegas input parameters:
  ndim 7
  ncomp 1
  nvec 1
  epsrel 0
  epsabs 0
  flags 10
  seed 123456
  mineval 10000000
  maxeval 10000000
  nstart 1000000
  nincrease 1000000
  nbatch 5000
  gridno 0
  statefile ""

Iteration 1:  1000000 integrand evaluations so far
[1] 72.9659 +- 2.19564  	chisq 0 (0 df)

Iteration 2:  3000000 integrand evaluations so far
[1] 74.5999 +- 0.574369  	chisq 0.594484 (1 df)

Iteration 3:  6000000 integrand evaluations so far
[1] 74.1497 +- 0.370545  	chisq 1.64653 (2 df)

Iteration 4:  10000000 integrand evaluations so far
[1] 74.6099 +- 0.276926  	chisq 5.13898 (3 df)
   74.61 ±   0.28        ( 40.2s) ┃  143.27 ±   0.28        (20.1mi) ┃
┃   56 -    58 ┃   58 -    59 ┃ 128.487 ±  0.093        (3.59mi) ┃ -63.561 ±  0.055        (24.4mi) ┃Vegas input parameters:
  ndim 7
  ncomp 1
  nvec 1
  epsrel 0
  epsabs 0
  flags 10
  seed 123456
  mineval 10000000
  maxeval 10000000
  nstart 1000000
  nincrease 1000000
  nbatch 5000
  gridno 0
  statefile ""

Iteration 1:  1000000 integrand evaluations so far
[1] 74.2798 +- 2.23686  	chisq 0 (0 df)

Iteration 2:  3000000 integrand evaluations so far
[1] 73.227 +- 0.567037  	chisq 0.236713 (1 df)

Iteration 3:  6000000 integrand evaluations so far
[1] 73.7207 +- 0.35376  	chisq 1.47781 (2 df)

Iteration 4:  10000000 integrand evaluations so far
[1] 73.7442 +- 0.270561  	chisq 1.48838 (3 df)
   73.74 ±   0.27        ( 40.6s) ┃  138.67 ±   0.29        (28.7mi) ┃
┃   56 -    58 ┃   59 -    60 ┃ 109.348 ±  0.053        (2.14mi) ┃ -53.772 ±  0.038        (  24mi) ┃Vegas input parameters:
  ndim 7
  ncomp 1
  nvec 1
  epsrel 0
  epsabs 0
  flags 10
  seed 123456
  mineval 10000000
  maxeval 10000000
  nstart 1000000
  nincrease 1000000
  nbatch 5000
  gridno 0
  statefile ""

Iteration 1:  1000000 integrand evaluations so far
[1] 75.0507 +- 2.26254  	chisq 0 (0 df)

Iteration 2:  3000000 integrand evaluations so far
[1] 72.6668 +- 0.56484  	chisq 1.18396 (1 df)

Iteration 3:  6000000 integrand evaluations so far
[1] 73.0589 +- 0.372199  	chisq 2.03549 (2 df)

Iteration 4:  10000000 integrand evaluations so far
[1] 72.8784 +- 0.276009  	chisq 2.55812 (3 df)
   72.88 ±   0.28        ( 40.2s) ┃  128.46 ±   0.28        (26.8mi) ┃
┃   58 -    60 ┃   25 -    26 ┃  228.88 ±   0.19        (7.35mi) ┃ -112.06 ±  0.089        (27.3mi) ┃Vegas input parameters:
  ndim 7
  ncomp 1
  nvec 1
  epsrel 0
  epsabs 0
  flags 10
  seed 123456
  mineval 10000000
  maxeval 10000000
  nstart 1000000
  nincrease 1000000
  nbatch 5000
  gridno 0
  statefile ""

Iteration 1:  1000000 integrand evaluations so far
[1] 161.975 +- 3.67024  	chisq 0 (0 df)

Iteration 2:  3000000 integrand evaluations so far
[1] 162.647 +- 1.0431  	chisq 0.0363825 (1 df)

Iteration 3:  6000000 integrand evaluations so far
[1] 161.64 +- 0.644346  	chisq 1.54179 (2 df)

Iteration 4:  10000000 integrand evaluations so far
[1] 161.23 +- 0.474048  	chisq 2.42607 (3 df)
  161.23 ±   0.47        ( 41.1s) ┃  278.05 ±   0.52        (35.3mi) ┃
┃   58 -    60 ┃   26 -    27 ┃ 234.622 ±  0.047        (14.1mi) ┃-114.792 ±  0.053        (27.4mi) ┃Vegas input parameters:
  ndim 7
  ncomp 1
  nvec 1
  epsrel 0
  epsabs 0
  flags 10
  seed 123456
  mineval 10000000
  maxeval 10000000
  nstart 1000000
  nincrease 1000000
  nbatch 5000
  gridno 0
  statefile ""

Iteration 1:  1000000 integrand evaluations so far
[1] 153.178 +- 3.52314  	chisq 0 (0 df)

Iteration 2:  3000000 integrand evaluations so far
[1] 153.433 +- 0.998148  	chisq 0.00568271 (1 df)

Iteration 3:  6000000 integrand evaluations so far
[1] 153.935 +- 0.644089  	chisq 0.440679 (2 df)

Iteration 4:  10000000 integrand evaluations so far
[1] 153.73 +- 0.478648  	chisq 0.668076 (3 df)
  153.73 ±   0.48        ( 40.3s) ┃  273.56 ±   0.48        (42.2mi) ┃
┃   58 -    60 ┃   27 -    28 ┃  237.39 ±    0.2        ( 59.8s) ┃ -115.93 ±   0.11        (6.95mi) ┃Vegas input parameters:
  ndim 7
  ncomp 1
  nvec 1
  epsrel 0
  epsabs 0
  flags 10
  seed 123456
  mineval 10000000
  maxeval 10000000
  nstart 1000000
  nincrease 1000000
  nbatch 5000
  gridno 0
  statefile ""

Iteration 1:  1000000 integrand evaluations so far
[1] 150.096 +- 3.4645  	chisq 0 (0 df)

Iteration 2:  3000000 integrand evaluations so far
[1] 145.475 +- 0.959708  	chisq 1.92702 (1 df)

Iteration 3:  6000000 integrand evaluations so far
[1] 146.017 +- 0.631928  	chisq 2.48908 (2 df)

Iteration 4:  10000000 integrand evaluations so far
[1] 146.443 +- 0.498463  	chisq 3.69151 (3 df)
  146.44 ±    0.5        ( 40.6s) ┃   267.9 ±   0.55        (8.62mi) ┃
┃   58 -    60 ┃   28 -    29 ┃  216.39 ±    0.2        (1.08mi) ┃-106.301 ±  0.074        (27.1mi) ┃Vegas input parameters:
  ndim 7
  ncomp 1
  nvec 1
  epsrel 0
  epsabs 0
  flags 10
  seed 123456
  mineval 10000000
  maxeval 10000000
  nstart 1000000
  nincrease 1000000
  nbatch 5000
  gridno 0
  statefile ""

Iteration 1:  1000000 integrand evaluations so far
[1] 144.428 +- 3.35791  	chisq 0 (0 df)

Iteration 2:  3000000 integrand evaluations so far
[1] 141.005 +- 0.942067  	chisq 1.12795 (1 df)

Iteration 3:  6000000 integrand evaluations so far
[1] 140.63 +- 0.584098  	chisq 1.38602 (2 df)

Iteration 4:  10000000 integrand evaluations so far
[1] 140.727 +- 0.464179  	chisq 1.46186 (3 df)
  140.73 ±   0.46        ( 39.9s) ┃  250.81 ±   0.51        (28.8mi) ┃
┃   58 -    60 ┃   29 -    30 ┃  226.69 ±   0.13        (1.04mi) ┃-111.309 ±  0.061        (9.54mi) ┃Vegas input parameters:
  ndim 7
  ncomp 1
  nvec 1
  epsrel 0
  epsabs 0
  flags 10
  seed 123456
  mineval 10000000
  maxeval 10000000
  nstart 1000000
  nincrease 1000000
  nbatch 5000
  gridno 0
  statefile ""

Iteration 1:  1000000 integrand evaluations so far
[1] 134.207 +- 3.21394  	chisq 0 (0 df)

Iteration 2:  3000000 integrand evaluations so far
[1] 134.685 +- 0.909323  	chisq 0.0240157 (1 df)

Iteration 3:  6000000 integrand evaluations so far
[1] 134.896 +- 0.592834  	chisq 0.118302 (2 df)

Iteration 4:  10000000 integrand evaluations so far
[1] 136.077 +- 0.464024  	chisq 10.3599 (3 df)
  136.08 ±   0.46        ( 40.6s) ┃  251.46 ±   0.49        (11.3mi) ┃
┃   58 -    60 ┃   30 -    31 ┃  219.51 ±   0.21        (1.94mi) ┃-107.437 ±   0.06        (6.74mi) ┃Vegas input parameters:
  ndim 7
  ncomp 1
  nvec 1
  epsrel 0
  epsabs 0
  flags 10
  seed 123456
  mineval 10000000
  maxeval 10000000
  nstart 1000000
  nincrease 1000000
  nbatch 5000
  gridno 0
  statefile ""

Iteration 1:  1000000 integrand evaluations so far
[1] 132.158 +- 3.15854  	chisq 0 (0 df)

Iteration 2:  3000000 integrand evaluations so far
[1] 131.984 +- 0.891599  	chisq 0.00332005 (1 df)

Iteration 3:  6000000 integrand evaluations so far
[1] 130.866 +- 0.551272  	chisq 2.54497 (2 df)

Iteration 4:  10000000 integrand evaluations so far
[1] 131.047 +- 0.430174  	chisq 2.8198 (3 df)
  131.05 ±   0.43        ( 39.5s) ┃  243.12 ±   0.48        (9.34mi) ┃
┃   58 -    60 ┃   31 -    32 ┃  200.74 ±  0.059        (3.66mi) ┃  -97.94 ±  0.033        ( 6.8mi) ┃Vegas input parameters:
  ndim 7
  ncomp 1
  nvec 1
  epsrel 0
  epsabs 0
  flags 10
  seed 123456
  mineval 10000000
  maxeval 10000000
  nstart 1000000
  nincrease 1000000
  nbatch 5000
  gridno 0
  statefile ""

Iteration 1:  1000000 integrand evaluations so far
[1] 128.78 +- 3.09281  	chisq 0 (0 df)

Iteration 2:  3000000 integrand evaluations so far
[1] 127.611 +- 0.871882  	chisq 0.155153 (1 df)

Iteration 3:  6000000 integrand evaluations so far
[1] 127.237 +- 0.541164  	chisq 0.454181 (2 df)

Iteration 4:  10000000 integrand evaluations so far
[1] 127.741 +- 0.407701  	chisq 2.45669 (3 df)
  127.74 ±   0.41        ( 40.7s) ┃  230.54 ±   0.41        (11.1mi) ┃
┃   58 -    60 ┃   32 -    33 ┃  206.13 ±   0.14        (7.17mi) ┃-100.526 ±  0.068        (53.7mi) ┃Vegas input parameters:
  ndim 7
  ncomp 1
  nvec 1
  epsrel 0
  epsabs 0
  flags 10
  seed 123456
  mineval 10000000
  maxeval 10000000
  nstart 1000000
  nincrease 1000000
  nbatch 5000
  gridno 0
  statefile ""

Iteration 1:  1000000 integrand evaluations so far
[1] 132.043 +- 3.11017  	chisq 0 (0 df)

Iteration 2:  3000000 integrand evaluations so far
[1] 126.038 +- 0.858746  	chisq 4.03592 (1 df)

Iteration 3:  6000000 integrand evaluations so far
[1] 124.809 +- 0.530995  	chisq 7.35093 (2 df)

Iteration 4:  10000000 integrand evaluations so far
[1] 124.865 +- 0.422979  	chisq 7.3819 (3 df)
  124.87 ±   0.42        (   41s) ┃  230.47 ±   0.45        (1.03hr) ┃
┃   58 -    60 ┃   33 -    34 ┃ 189.124 ±  0.065        (1.89mi) ┃ -93.222 ±  0.014        (7.07mi) ┃Vegas input parameters:
  ndim 7
  ncomp 1
  nvec 1
  epsrel 0
  epsabs 0
  flags 10
  seed 123456
  mineval 10000000
  maxeval 10000000
  nstart 1000000
  nincrease 1000000
  nbatch 5000
  gridno 0
  statefile ""

Iteration 1:  1000000 integrand evaluations so far
[1] 118.695 +- 2.92101  	chisq 0 (0 df)

Iteration 2:  3000000 integrand evaluations so far
[1] 121.495 +- 0.839881  	chisq 1.00133 (1 df)

Iteration 3:  6000000 integrand evaluations so far
[1] 121.046 +- 0.538075  	chisq 1.48497 (2 df)

Iteration 4:  10000000 integrand evaluations so far
[1] 121.024 +- 0.397213  	chisq 1.48873 (3 df)
  121.02 ±    0.4        ( 39.2s) ┃  216.93 ±    0.4        (9.62mi) ┃
┃   58 -    60 ┃   34 -    35 ┃  200.33 ±    0.2        ( 57.8s) ┃ -97.522 ±  0.028        (53.3mi) ┃Vegas input parameters:
  ndim 7
  ncomp 1
  nvec 1
  epsrel 0
  epsabs 0
  flags 10
  seed 123456
  mineval 10000000
  maxeval 10000000
  nstart 1000000
  nincrease 1000000
  nbatch 5000
  gridno 0
  statefile ""

Iteration 1:  1000000 integrand evaluations so far
[1] 117.829 +- 2.89376  	chisq 0 (0 df)

Iteration 2:  3000000 integrand evaluations so far
[1] 116.015 +- 0.810952  	chisq 0.426512 (1 df)

Iteration 3:  6000000 integrand evaluations so far
[1] 116.491 +- 0.544024  	chisq 1.05233 (2 df)

Iteration 4:  10000000 integrand evaluations so far
[1] 115.652 +- 0.399734  	chisq 6.22094 (3 df)
  115.65 ±    0.4        ( 40.9s) ┃  218.46 ±   0.45        (54.9mi) ┃
┃   58 -    60 ┃   35 -    36 ┃  195.14 ±    0.1        ( 3.9mi) ┃  -95.54 ±  0.021        (53.1mi) ┃Vegas input parameters:
  ndim 7
  ncomp 1
  nvec 1
  epsrel 0
  epsabs 0
  flags 10
  seed 123456
  mineval 10000000
  maxeval 10000000
  nstart 1000000
  nincrease 1000000
  nbatch 5000
  gridno 0
  statefile ""

Iteration 1:  1000000 integrand evaluations so far
[1] 107.49 +- 2.73013  	chisq 0 (0 df)

Iteration 2:  3000000 integrand evaluations so far
[1] 110.144 +- 0.787385  	chisq 1.03118 (1 df)

Iteration 3:  6000000 integrand evaluations so far
[1] 110.418 +- 0.489708  	chisq 1.22738 (2 df)

Iteration 4:  10000000 integrand evaluations so far
[1] 110.523 +- 0.3733  	chisq 1.33714 (3 df)
  110.52 ±   0.37        ( 39.7s) ┃  210.12 ±   0.39        (57.6mi) ┃
┃   58 -    60 ┃   36 -    37 ┃  163.98 ±   0.12        (1.94mi) ┃ -80.457 ±  0.023        (6.77mi) ┃Vegas input parameters:
  ndim 7
  ncomp 1
  nvec 1
  epsrel 0
  epsabs 0
  flags 10
  seed 123456
  mineval 10000000
  maxeval 10000000
  nstart 1000000
  nincrease 1000000
  nbatch 5000
  gridno 0
  statefile ""

Iteration 1:  1000000 integrand evaluations so far
[1] 103.9 +- 2.68548  	chisq 0 (0 df)

Iteration 2:  3000000 integrand evaluations so far
[1] 106.517 +- 0.853586  	chisq 1.05633 (1 df)

Iteration 3:  6000000 integrand evaluations so far
[1] 106.723 +- 0.519833  	chisq 1.14844 (2 df)

Iteration 4:  10000000 integrand evaluations so far
[1] 106.631 +- 0.370359  	chisq 1.21142 (3 df)
  106.63 ±   0.37        ( 41.4s) ┃  190.15 ±   0.39        ( 9.4mi) ┃
┃   58 -    60 ┃   37 -    38 ┃ 197.978 ±  0.085        (3.96mi) ┃ -96.718 ±  0.028        (13.2mi) ┃Vegas input parameters:
  ndim 7
  ncomp 1
  nvec 1
  epsrel 0
  epsabs 0
  flags 10
  seed 123456
  mineval 10000000
  maxeval 10000000
  nstart 1000000
  nincrease 1000000
  nbatch 5000
  gridno 0
  statefile ""

Iteration 1:  1000000 integrand evaluations so far
[1] 103.529 +- 2.67163  	chisq 0 (0 df)

Iteration 2:  3000000 integrand evaluations so far
[1] 102.295 +- 0.744625  	chisq 0.231387 (1 df)

Iteration 3:  6000000 integrand evaluations so far
[1] 101.966 +- 0.462142  	chisq 0.547697 (2 df)

Iteration 4:  10000000 integrand evaluations so far
[1] 102.521 +- 0.349061  	chisq 3.90525 (3 df)
  102.52 ±   0.35        ( 40.9s) ┃  203.78 ±   0.36        (17.8mi) ┃
┃   58 -    60 ┃   38 -    39 ┃ 172.977 ±  0.056        (7.13mi) ┃ -84.574 ±   0.08        (13.2mi) ┃Vegas input parameters:
  ndim 7
  ncomp 1
  nvec 1
  epsrel 0
  epsabs 0
  flags 10
  seed 123456
  mineval 10000000
  maxeval 10000000
  nstart 1000000
  nincrease 1000000
  nbatch 5000
  gridno 0
  statefile ""

Iteration 1:  1000000 integrand evaluations so far
[1] 101.72 +- 2.62719  	chisq 0 (0 df)

Iteration 2:  3000000 integrand evaluations so far
[1] 100.471 +- 0.733543  	chisq 0.245135 (1 df)

Iteration 3:  6000000 integrand evaluations so far
[1] 100.34 +- 0.455197  	chisq 0.296983 (2 df)

Iteration 4:  10000000 integrand evaluations so far
[1] 100.051 +- 0.334333  	chisq 1.17379 (3 df)
  100.05 ±   0.33        (   41s) ┃  188.45 ±   0.35        (  21mi) ┃
┃   58 -    60 ┃   39 -    40 ┃ 163.016 ±   0.06        (1.89mi) ┃ -79.901 ±  0.071        (6.71mi) ┃Vegas input parameters:
  ndim 7
  ncomp 1
  nvec 1
  epsrel 0
  epsabs 0
  flags 10
  seed 123456
  mineval 10000000
  maxeval 10000000
  nstart 1000000
  nincrease 1000000
  nbatch 5000
  gridno 0
  statefile ""

Iteration 1:  1000000 integrand evaluations so far
[1] 93.6333 +- 2.49365  	chisq 0 (0 df)

Iteration 2:  3000000 integrand evaluations so far
[1] 96.4298 +- 0.714021  	chisq 1.36999 (1 df)

Iteration 3:  6000000 integrand evaluations so far
[1] 96.8046 +- 0.443808  	chisq 1.81904 (2 df)

Iteration 4:  10000000 integrand evaluations so far
[1] 96.6348 +- 0.326047  	chisq 2.13707 (3 df)
   96.63 ±   0.33        (   41s) ┃  179.75 ±   0.34        (9.29mi) ┃
┃   58 -    60 ┃   40 -    41 ┃  173.48 ±  0.066        ( 7.3mi) ┃ -84.422 ±  0.078        (13.1mi) ┃Vegas input parameters:
  ndim 7
  ncomp 1
  nvec 1
  epsrel 0
  epsabs 0
  flags 10
  seed 123456
  mineval 10000000
  maxeval 10000000
  nstart 1000000
  nincrease 1000000
  nbatch 5000
  gridno 0
  statefile ""

Iteration 1:  1000000 integrand evaluations so far
[1] 94.0327 +- 2.46785  	chisq 0 (0 df)

Iteration 2:  3000000 integrand evaluations so far
[1] 93.0051 +- 0.692577  	chisq 0.188205 (1 df)

Iteration 3:  6000000 integrand evaluations so far
[1] 93.2454 +- 0.430589  	chisq 0.384377 (2 df)

Iteration 4:  10000000 integrand evaluations so far
[1] 93.4675 +- 0.317401  	chisq 0.966813 (3 df)
   93.47 ±   0.32        ( 41.2s) ┃  182.53 ±   0.33        (21.1mi) ┃
┃   58 -    60 ┃   41 -    42 ┃  170.06 ±   0.11        (1.92mi) ┃ -82.591 ±  0.063        (  26mi) ┃Vegas input parameters:
  ndim 7
  ncomp 1
  nvec 1
  epsrel 0
  epsabs 0
  flags 10
  seed 123456
  mineval 10000000
  maxeval 10000000
  nstart 1000000
  nincrease 1000000
  nbatch 5000
  gridno 0
  statefile ""

Iteration 1:  1000000 integrand evaluations so far
[1] 89.4901 +- 2.38633  	chisq 0 (0 df)

Iteration 2:  3000000 integrand evaluations so far
[1] 91.5585 +- 0.680215  	chisq 0.817797 (1 df)

Iteration 3:  6000000 integrand evaluations so far
[1] 91.3128 +- 0.420597  	chisq 1.02913 (2 df)

Iteration 4:  10000000 integrand evaluations so far
[1] 91.7432 +- 0.34768  	chisq 4.33619 (3 df)
   91.74 ±   0.35        ( 41.6s) ┃  179.21 ±   0.37        (28.6mi) ┃
┃   58 -    60 ┃   42 -    43 ┃  150.37 ±   0.15        (1.28mi) ┃ -73.217 ±  0.072        (12.9mi) ┃Vegas input parameters:
  ndim 7
  ncomp 1
  nvec 1
  epsrel 0
  epsabs 0
  flags 10
  seed 123456
  mineval 10000000
  maxeval 10000000
  nstart 1000000
  nincrease 1000000
  nbatch 5000
  gridno 0
  statefile ""

Iteration 1:  1000000 integrand evaluations so far
[1] 90.1068 +- 2.42486  	chisq 0 (0 df)

Iteration 2:  3000000 integrand evaluations so far
[1] 89.2506 +- 0.666183  	chisq 0.134836 (1 df)

Iteration 3:  6000000 integrand evaluations so far
[1] 88.5917 +- 0.411282  	chisq 1.71541 (2 df)

Iteration 4:  10000000 integrand evaluations so far
[1] 89.1194 +- 0.315061  	chisq 5.69942 (3 df)
   89.12 ±   0.32        ( 40.8s) ┃  166.28 ±   0.36        (14.9mi) ┃
┃   58 -    60 ┃   43 -    44 ┃  184.84 ±   0.13        (3.57mi) ┃ -90.124 ±  0.068        ( 6.5mi) ┃Vegas input parameters:
  ndim 7
  ncomp 1
  nvec 1
  epsrel 0
  epsabs 0
  flags 10
  seed 123456
  mineval 10000000
  maxeval 10000000
  nstart 1000000
  nincrease 1000000
  nbatch 5000
  gridno 0
  statefile ""

Iteration 1:  1000000 integrand evaluations so far
[1] 85.9617 +- 2.3589  	chisq 0 (0 df)

Iteration 2:  3000000 integrand evaluations so far
[1] 85.4145 +- 0.641232  	chisq 0.0581036 (1 df)

Iteration 3:  6000000 integrand evaluations so far
[1] 86.0845 +- 0.401316  	chisq 1.85233 (2 df)

Iteration 4:  10000000 integrand evaluations so far
[1] 86.2742 +- 0.295639  	chisq 2.34097 (3 df)
   86.27 ±    0.3        ( 39.8s) ┃  180.99 ±   0.33        (10.7mi) ┃
┃   58 -    60 ┃   44 -    45 ┃ 141.668 ±  0.087        (1.81mi) ┃  -69.11 ±  0.035        (25.4mi) ┃Vegas input parameters:
  ndim 7
  ncomp 1
  nvec 1
  epsrel 0
  epsabs 0
  flags 10
  seed 123456
  mineval 10000000
  maxeval 10000000
  nstart 1000000
  nincrease 1000000
  nbatch 5000
  gridno 0
  statefile ""

Iteration 1:  1000000 integrand evaluations so far
[1] 80.2736 +- 2.23281  	chisq 0 (0 df)

Iteration 2:  3000000 integrand evaluations so far
[1] 84.7522 +- 0.643342  	chisq 4.38769 (1 df)

Iteration 3:  6000000 integrand evaluations so far
[1] 84.7724 +- 0.425866  	chisq 4.38944 (2 df)

Iteration 4:  10000000 integrand evaluations so far
[1] 84.6952 +- 0.313419  	chisq 4.46116 (3 df)
    84.7 ±   0.31        ( 40.8s) ┃  157.25 ±   0.33        (27.9mi) ┃
┃   58 -    60 ┃   45 -    46 ┃ 136.019 ±   0.09        (1.92mi) ┃ -66.355 ±  0.057        (1.64mi) ┃Vegas input parameters:
  ndim 7
  ncomp 1
  nvec 1
  epsrel 0
  epsabs 0
  flags 10
  seed 123456
  mineval 10000000
  maxeval 10000000
  nstart 1000000
  nincrease 1000000
  nbatch 5000
  gridno 0
  statefile ""

Iteration 1:  1000000 integrand evaluations so far
[1] 79.6982 +- 2.25531  	chisq 0 (0 df)

Iteration 2:  3000000 integrand evaluations so far
[1] 82.3805 +- 0.720012  	chisq 1.57509 (1 df)

Iteration 3:  6000000 integrand evaluations so far
[1] 82.6836 +- 0.435573  	chisq 1.85448 (2 df)

Iteration 4:  10000000 integrand evaluations so far
[1] 82.8048 +- 0.307809  	chisq 2.00928 (3 df)
    82.8 ±   0.31        ( 40.4s) ┃  152.47 ±   0.33        (4.22mi) ┃
┃   58 -    60 ┃   46 -    47 ┃ 172.898 ±  0.067        (1.06mi) ┃ -84.179 ±  0.023        (12.8mi) ┃Vegas input parameters:
  ndim 7
  ncomp 1
  nvec 1
  epsrel 0
  epsabs 0
  flags 10
  seed 123456
  mineval 10000000
  maxeval 10000000
  nstart 1000000
  nincrease 1000000
  nbatch 5000
  gridno 0
  statefile ""

Iteration 1:  1000000 integrand evaluations so far
[1] 80.3059 +- 2.23853  	chisq 0 (0 df)

Iteration 2:  3000000 integrand evaluations so far
[1] 81.0517 +- 0.615217  	chisq 0.120062 (1 df)

Iteration 3:  6000000 integrand evaluations so far
[1] 80.7049 +- 0.394519  	chisq 0.65962 (2 df)

Iteration 4:  10000000 integrand evaluations so far
[1] 80.4902 +- 0.299054  	chisq 1.35586 (3 df)
   80.49 ±    0.3        ( 40.7s) ┃  169.21 ±   0.31        (14.6mi) ┃
┃   58 -    60 ┃   47 -    48 ┃  139.28 ±   0.12        ( 32.6s) ┃ -67.702 ±  0.037        (6.48mi) ┃Vegas input parameters:
  ndim 7
  ncomp 1
  nvec 1
  epsrel 0
  epsabs 0
  flags 10
  seed 123456
  mineval 10000000
  maxeval 10000000
  nstart 1000000
  nincrease 1000000
  nbatch 5000
  gridno 0
  statefile ""

Iteration 1:  1000000 integrand evaluations so far
[1] 81.6418 +- 2.26969  	chisq 0 (0 df)

Iteration 2:  3000000 integrand evaluations so far
[1] 79.6885 +- 0.684586  	chisq 0.814734 (1 df)

Iteration 3:  6000000 integrand evaluations so far
[1] 79.8984 +- 0.415508  	chisq 0.963476 (2 df)

Iteration 4:  10000000 integrand evaluations so far
[1] 79.2041 +- 0.293309  	chisq 6.5286 (3 df)
    79.2 ±   0.29        (   40s) ┃  150.78 ±   0.32        (7.69mi) ┃
┃   58 -    60 ┃   48 -    49 ┃ 138.264 ± 0.0054        ( 31.3s) ┃ -67.913 ±   0.03        (12.9mi) ┃Vegas input parameters:
  ndim 7
  ncomp 1
  nvec 1
  epsrel 0
  epsabs 0
  flags 10
  seed 123456
  mineval 10000000
  maxeval 10000000
  nstart 1000000
  nincrease 1000000
  nbatch 5000
  gridno 0
  statefile ""

Iteration 1:  1000000 integrand evaluations so far
[1] 76.7171 +- 2.16519  	chisq 0 (0 df)

Iteration 2:  3000000 integrand evaluations so far
[1] 77.3227 +- 0.655104  	chisq 0.0861344 (1 df)

Iteration 3:  6000000 integrand evaluations so far
[1] 77.4894 +- 0.401619  	chisq 0.189849 (2 df)

Iteration 4:  10000000 integrand evaluations so far
[1] 77.6581 +- 0.287181  	chisq 0.550703 (3 df)
   77.66 ±   0.29        ( 40.7s) ┃  148.01 ±   0.29        (14.1mi) ┃
┃   58 -    60 ┃   49 -    50 ┃   149.3 ±   0.12        ( 3.7mi) ┃ -73.112 ±  0.059        (25.6mi) ┃Vegas input parameters:
  ndim 7
  ncomp 1
  nvec 1
  epsrel 0
  epsabs 0
  flags 10
  seed 123456
  mineval 10000000
  maxeval 10000000
  nstart 1000000
  nincrease 1000000
  nbatch 5000
  gridno 0
  statefile ""

Iteration 1:  1000000 integrand evaluations so far
[1] 74.636 +- 2.14639  	chisq 0 (0 df)

Iteration 2:  3000000 integrand evaluations so far
[1] 75.4695 +- 0.611083  	chisq 0.164112 (1 df)

Iteration 3:  6000000 integrand evaluations so far
[1] 75.9521 +- 0.382994  	chisq 1.19098 (2 df)

Iteration 4:  10000000 integrand evaluations so far
[1] 75.9913 +- 0.281502  	chisq 1.21384 (3 df)
   75.99 ±   0.28        ( 40.6s) ┃  152.18 ±   0.31        (  30mi) ┃
┃   58 -    60 ┃   50 -    51 ┃  145.42 ±   0.14        ( 58.8s) ┃ -70.374 ±   0.05        (12.8mi) ┃Vegas input parameters:
  ndim 7
  ncomp 1
  nvec 1
  epsrel 0
  epsabs 0
  flags 10
  seed 123456
  mineval 10000000
  maxeval 10000000
  nstart 1000000
  nincrease 1000000
  nbatch 5000
  gridno 0
  statefile ""

Iteration 1:  1000000 integrand evaluations so far
[1] 71.4416 +- 2.08762  	chisq 0 (0 df)

Iteration 2:  3000000 integrand evaluations so far
[1] 74.7373 +- 0.575965  	chisq 2.6977 (1 df)

Iteration 3:  6000000 integrand evaluations so far
[1] 74.9297 +- 0.358008  	chisq 2.87936 (2 df)

Iteration 4:  10000000 integrand evaluations so far
[1] 74.7595 +- 0.269061  	chisq 3.39826 (3 df)
   74.76 ±   0.27        ( 42.3s) ┃   149.8 ±   0.31        (14.5mi) ┃
┃   58 -    60 ┃   51 -    52 ┃  123.01 ±   0.11        ( 16.9s) ┃-59.9699 ± 0.0085        (6.52mi) ┃Vegas input parameters:
  ndim 7
  ncomp 1
  nvec 1
  epsrel 0
  epsabs 0
  flags 10
  seed 123456
  mineval 10000000
  maxeval 10000000
  nstart 1000000
  nincrease 1000000
  nbatch 5000
  gridno 0
  statefile ""

Iteration 1:  1000000 integrand evaluations so far
[1] 74.9951 +- 2.14377  	chisq 0 (0 df)

Iteration 2:  3000000 integrand evaluations so far
[1] 73.5108 +- 0.565274  	chisq 0.515181 (1 df)

Iteration 3:  6000000 integrand evaluations so far
[1] 73.5909 +- 0.352392  	chisq 0.548006 (2 df)

Iteration 4:  10000000 integrand evaluations so far
[1] 73.5508 +- 0.269517  	chisq 0.579241 (3 df)
   73.55 ±   0.27        ( 41.1s) ┃   136.6 ±   0.29        (7.48mi) ┃
┃   58 -    60 ┃   52 -    53 ┃ 149.812 ±  0.074        (3.78mi) ┃ -72.902 ±  0.013        (12.4mi) ┃Vegas input parameters:
  ndim 7
  ncomp 1
  nvec 1
  epsrel 0
  epsabs 0
  flags 10
  seed 123456
  mineval 10000000
  maxeval 10000000
  nstart 1000000
  nincrease 1000000
  nbatch 5000
  gridno 0
  statefile ""

Iteration 1:  1000000 integrand evaluations so far
[1] 71.0248 +- 2.08517  	chisq 0 (0 df)

Iteration 2:  3000000 integrand evaluations so far
[1] 73.3084 +- 0.561885  	chisq 1.29324 (1 df)

Iteration 3:  6000000 integrand evaluations so far
[1] 72.7887 +- 0.35799  	chisq 2.73292 (2 df)

Iteration 4:  10000000 integrand evaluations so far
[1] 72.5531 +- 0.267779  	chisq 3.71599 (3 df)
   72.55 ±   0.27        ( 39.5s) ┃  149.46 ±   0.28        (16.9mi) ┃
┃   58 -    60 ┃   53 -    54 ┃ 126.113 ±  0.082        (1.92mi) ┃  -61.04 ±  0.034        (3.12mi) ┃Vegas input parameters:
  ndim 7
  ncomp 1
  nvec 1
  epsrel 0
  epsabs 0
  flags 10
  seed 123456
  mineval 10000000
  maxeval 10000000
  nstart 1000000
  nincrease 1000000
  nbatch 5000
  gridno 0
  statefile ""

Iteration 1:  1000000 integrand evaluations so far
[1] 72.5531 +- 2.11335  	chisq 0 (0 df)

Iteration 2:  3000000 integrand evaluations so far
[1] 72.8119 +- 0.563225  	chisq 0.0161417 (1 df)

Iteration 3:  6000000 integrand evaluations so far
[1] 72.0199 +- 0.348808  	chisq 3.22366 (2 df)

Iteration 4:  10000000 integrand evaluations so far
[1] 71.8033 +- 0.258531  	chisq 4.07926 (3 df)
    71.8 ±   0.26        ( 40.6s) ┃  136.88 ±   0.27        (5.71mi) ┃
┃   58 -    60 ┃   54 -    55 ┃ 108.418 ±  0.087        ( 31.8s) ┃ -53.047 ±  0.013        (24.6mi) ┃Vegas input parameters:
  ndim 7
  ncomp 1
  nvec 1
  epsrel 0
  epsabs 0
  flags 10
  seed 123456
  mineval 10000000
  maxeval 10000000
  nstart 1000000
  nincrease 1000000
  nbatch 5000
  gridno 0
  statefile ""

Iteration 1:  1000000 integrand evaluations so far
[1] 70.5374 +- 2.08819  	chisq 0 (0 df)

Iteration 2:  3000000 integrand evaluations so far
[1] 70.9731 +- 0.554203  	chisq 0.0468296 (1 df)

Iteration 3:  6000000 integrand evaluations so far
[1] 70.4514 +- 0.341423  	chisq 1.47488 (2 df)

Iteration 4:  10000000 integrand evaluations so far
[1] 70.576 +- 0.25374  	chisq 1.77197 (3 df)
   70.58 ±   0.25        ( 40.7s) ┃  125.95 ±   0.27        (25.8mi) ┃
┃   58 -    60 ┃   55 -    56 ┃  136.62 ±   0.12        (3.62mi) ┃ -66.755 ±   0.06        (12.2mi) ┃Vegas input parameters:
  ndim 7
  ncomp 1
  nvec 1
  epsrel 0
  epsabs 0
  flags 10
  seed 123456
  mineval 10000000
  maxeval 10000000
  nstart 1000000
  nincrease 1000000
  nbatch 5000
  gridno 0
  statefile ""

Iteration 1:  1000000 integrand evaluations so far
[1] 69.9841 +- 2.0713  	chisq 0 (0 df)

Iteration 2:  3000000 integrand evaluations so far
[1] 69.684 +- 0.543585  	chisq 0.0225412 (1 df)

Iteration 3:  6000000 integrand evaluations so far
[1] 69.3017 +- 0.335266  	chisq 0.820808 (2 df)

Iteration 4:  10000000 integrand evaluations so far
[1] 69.4696 +- 0.255843  	chisq 1.42135 (3 df)
   69.47 ±   0.26        ( 40.4s) ┃  139.34 ±   0.29        (16.5mi) ┃
┃   58 -    60 ┃   56 -    57 ┃   124.9 ±   0.11        ( 16.3s) ┃ -61.331 ±   0.05        (3.12mi) ┃Vegas input parameters:
  ndim 7
  ncomp 1
  nvec 1
  epsrel 0
  epsabs 0
  flags 10
  seed 123456
  mineval 10000000
  maxeval 10000000
  nstart 1000000
  nincrease 1000000
  nbatch 5000
  gridno 0
  statefile ""

Iteration 1:  1000000 integrand evaluations so far
[1] 68.5165 +- 2.05545  	chisq 0 (0 df)

Iteration 2:  3000000 integrand evaluations so far
[1] 68.7798 +- 0.543571  	chisq 0.0176403 (1 df)

Iteration 3:  6000000 integrand evaluations so far
[1] 68.3548 +- 0.332987  	chisq 0.995988 (2 df)

Iteration 4:  10000000 integrand evaluations so far
[1] 68.3809 +- 0.251835  	chisq 1.01027 (3 df)
   68.38 ±   0.25        ( 40.8s) ┃  131.95 ±   0.28        (4.07mi) ┃
┃   58 -    60 ┃   57 -    58 ┃     108 ±  0.068        (1.91mi) ┃ -52.645 ±  0.025        (12.4mi) ┃Vegas input parameters:
  ndim 7
  ncomp 1
  nvec 1
  epsrel 0
  epsabs 0
  flags 10
  seed 123456
  mineval 10000000
  maxeval 10000000
  nstart 1000000
  nincrease 1000000
  nbatch 5000
  gridno 0
  statefile ""

Iteration 1:  1000000 integrand evaluations so far
[1] 67.746 +- 2.05741  	chisq 0 (0 df)

Iteration 2:  3000000 integrand evaluations so far
[1] 67.8516 +- 0.532233  	chisq 0.00282333 (1 df)

Iteration 3:  6000000 integrand evaluations so far
[1] 67.3638 +- 0.331237  	chisq 1.37414 (2 df)

Iteration 4:  10000000 integrand evaluations so far
[1] 67.5336 +- 0.250712  	chisq 1.98972 (3 df)
   67.53 ±   0.25        ( 40.2s) ┃  122.89 ±   0.26        (  15mi) ┃
┃   58 -    60 ┃   58 -    59 ┃  128.84 ±   0.11        ( 9.67s) ┃  -59.67 ±  0.029        (6.23mi) ┃Vegas input parameters:
  ndim 7
  ncomp 1
  nvec 1
  epsrel 0
  epsabs 0
  flags 10
  seed 123456
  mineval 10000000
  maxeval 10000000
  nstart 1000000
  nincrease 1000000
  nbatch 5000
  gridno 0
  statefile ""

Iteration 1:  1000000 integrand evaluations so far
[1] 66.3635 +- 2.01304  	chisq 0 (0 df)

Iteration 2:  3000000 integrand evaluations so far
[1] 66.7083 +- 0.525988  	chisq 0.0314907 (1 df)

Iteration 3:  6000000 integrand evaluations so far
[1] 66.6921 +- 0.335686  	chisq 0.0331073 (2 df)

Iteration 4:  10000000 integrand evaluations so far
[1] 66.724 +- 0.24806  	chisq 0.053099 (3 df)
   66.72 ±   0.25        ( 40.9s) ┃   135.9 ±   0.27        (7.08mi) ┃
┃   58 -    60 ┃   59 -    60 ┃  115.06 ±    0.1        (2.06mi) ┃-56.1464 ± 0.0051        (48.4mi) ┃Vegas input parameters:
  ndim 7
  ncomp 1
  nvec 1
  epsrel 0
  epsabs 0
  flags 10
  seed 123456
  mineval 10000000
  maxeval 10000000
  nstart 1000000
  nincrease 1000000
  nbatch 5000
  gridno 0
  statefile ""

Iteration 1:  1000000 integrand evaluations so far
[1] 65.7322 +- 2.01495  	chisq 0 (0 df)

Iteration 2:  3000000 integrand evaluations so far
[1] 66.0063 +- 0.520711  	chisq 0.0198217 (1 df)

Iteration 3:  6000000 integrand evaluations so far
[1] 65.8615 +- 0.3212  	chisq 0.144544 (2 df)

Iteration 4:  10000000 integrand evaluations so far
[1] 66.0209 +- 0.251594  	chisq 0.781606 (3 df)
   66.02 ±   0.25        ( 41.6s) ┃  124.93 ±   0.27        (51.1mi) ┃
┣━━━━━━━━━━━━━━╋━━━━━━━━━━━━━━╋━━━━━━━━━━━━━━━━━━━━━━━━━━━━━━━━━━╋━━━━━━━━━━━━━━━━━━━━━━━━━━━━━━━━━━╋━━━━━━━━━━━━━━━━━━━━━━━━━━━━━━━━━━╋━━━━━━━━━━━━━━━━━━━━━━━━━━━━━━━━━━┫
┃   56 -    60 ┃   25 -    60 ┃ 12.3163 ± 0.00097 ·10⁺⁰³ (3.73hr) ┃-6.05369 ± 0.00043 ·10⁺⁰³ (21.2hr) ┃  7.1769 ±  0.003 ·10⁺⁰³ (47.8mi) ┃ 13.4395 ± 0.0032 ·10⁺⁰³ (25.8hr) ┃
┗━━━━━━━━━━━━━━┻━━━━━━━━━━━━━━┻━━━━━━━━━━━━━━━━━━━━━━━━━━━━━━━━━━┻━━━━━━━━━━━━━━━━━━━━━━━━━━━━━━━━━━┻━━━━━━━━━━━━━━━━━━━━━━━━━━━━━━━━━━┻━━━━━━━━━━━━━━━━━━━━━━━━━━━━━━━━━━┛

╍╍╍╍╍╍╍╍╍╍╍╍╍╍╍╍╍╍╍╍╍╍╍╍╍╍╍╍╍╍╍╍ Summary ╍╍╍╍╍╍╍╍╍╍╍╍╍╍╍╍╍╍╍╍╍╍╍╍╍╍╍╍╍╍╍
      Total cross section                    13.4395 ± 0.0032          pb
         Calculation time                               25.8       hours
              Output file                    outputs/qt_qt56_60_NLL_muR2.0_muF2.0.root            
      Result in text file                    outputs/qt_qt56_60_NLL_muR2.0_muF2.0.txt            

╍╍╍╍╍╍╍╍╍╍╍╍╍╍╍╍╍╍╍╍╍╍╍╍╍╍╍╍╍╍╍╍╍╍╍╍╍╍╍╍╍╍╍╍╍╍╍╍╍╍╍╍╍╍╍╍╍╍╍╍╍╍╍╍╍╍╍╍╍╍╍╍

