
╍╍╍╍╍╍╍╍╍╍╍╍╍╍╍╍╍╍╍╍╍╍╍╍╍╍╍ Process settings ╍╍╍╍╍╍╍╍╍╍╍╍╍╍╍╍╍╍╍╍╍╍╍╍╍╍╍
   proton-proton collisions at sqrt(s) = 13000 GeV 
   Computing NLO+NLL resummed cross section
   W+ ->  nu(p3)+e+(p4) production 

╍╍╍╍╍╍╍╍╍╍╍╍╍╍╍╍╍╍╍╍╍╍╍╍╍╍╍╍╍╍ CKM matrix ╍╍╍╍╍╍╍╍╍╍╍╍╍╍╍╍╍╍╍╍╍╍╍╍╍╍╍╍╍╍
     | Vud Vus Vub |   |   0.97427   0.2253  0.00351 | 
     | Vcd Vcs Vcb | = |    0.2252  0.97344   0.0412 | 
     | Vtd Vts Vtb |   |         0        0        0 | 

╍╍╍╍╍╍╍╍╍╍╍╍╍╍╍╍╍╍╍╍╍╍╍╍╍╍╍╍╍ EW parameters ╍╍╍╍╍╍╍╍╍╍╍╍╍╍╍╍╍╍╍╍╍╍╍╍╍╍╍╍
                                         Gf =  1.1663787e-05      GeV^-2
                                    1/alpha =  132.233229791            
                                 sin(thW)^2 = 0.222897222524            
                                     W mass =         80.385         GeV
                                     Z mass =        91.1876         GeV
                                    W width =          2.091         GeV
                                    Z width =          2.495         GeV

╍╍╍╍╍╍╍╍╍╍╍╍╍╍╍╍╍╍╍╍╍╍╍╍╍╍╍╍╍ QCD settings ╍╍╍╍╍╍╍╍╍╍╍╍╍╍╍╍╍╍╍╍╍╍╍╍╍╍╍╍╍
   Renormalization scale:     dynamic muren =              1      * m_ll
     Factorization scale:     dynamic mufac =            0.5      * m_ll
       Resummation scale:     dynamic mures =              1      * m_ll
          Strong coupling       alpha_s(MZ) =       0.118001            
                              running order =              2       -loop
         Non-perturbative     form factor g =            0.7       GeV^2

╍╍╍╍╍╍╍╍╍╍╍╍╍╍╍╍╍╍╍╍╍╍╍╍╍╍╍╍╍ PDF settings ╍╍╍╍╍╍╍╍╍╍╍╍╍╍╍╍╍╍╍╍╍╍╍╍╍╍╍╍╍
                                     PDF set:MSHT20nnlo_as118            
                                  PDF member:              0            
  Mellin moments of PDFs:                    Numerical integration            
                         nodes for the quadrature:            200            
                         Intervals for the quadrature:              1            

╍╍╍╍╍╍╍╍╍╍╍╍╍╍╍╍╍╍╍╍╍╍╍╍╍╍╍╍╍╍╍ qT recoil ╍╍╍╍╍╍╍╍╍╍╍╍╍╍╍╍╍╍╍╍╍╍╍╍╍╍╍╍╍╍
  qt-recoil prescription:       Collins-Soper kt1 = p_V(x)/2; kt2 = p_V(y)/2            

╍╍╍╍╍╍╍╍╍╍╍╍╍╍╍╍╍╍╍╍╍╍╍╍╍╍╍╍╍╍╍╍╍ Cuts ╍╍╍╍╍╍╍╍╍╍╍╍╍╍╍╍╍╍╍╍╍╍╍╍╍╍╍╍╍╍╍╍╍
                                  apply cuts:           true            
                                      pt_l >               0            
                                   |eta_l| <            1000            
                                    pt_lep >              25            
                                 |eta_lep| <             2.4            
                                   pt_alep >              25            
                                |eta_alep| <             2.4            
                                  user cuts:            true            

╍╍╍╍╍╍╍╍╍╍╍╍╍╍╍╍╍╍╍╍╍╍╍╍╍╍╍╍ ResummationDamp ╍╍╍╍╍╍╍╍╍╍╍╍╍╍╍╍╍╍╍╍╍╍╍╍╍╍╍
                                    damping :             on            
                                damping mode:              1            
                                  damp above:        60.2888         GeV
                               damping width:        20.0963         GeV
                          resummation cutoff:             20         MeV

╍╍╍╍╍╍╍╍╍╍╍╍╍╍╍╍╍╍╍╍╍╍╍╍╍╍╍╍ Debug settings ╍╍╍╍╍╍╍╍╍╍╍╍╍╍╍╍╍╍╍╍╍╍╍╍╍╍╍╍
                                 timeprofile:          false            
                                     verbose:          false            
                               cubaverbosity:              2            

╍╍╍╍╍╍╍╍╍╍╍╍╍╍╍╍╍╍╍╍╍╍╍╍╍╍╍╍╍╍╍╍╍╍╍╍╍╍╍╍╍╍╍╍╍╍╍╍╍╍╍╍╍╍╍╍╍╍╍╍╍╍╍╍╍╍╍╍╍╍╍╍

Warning: Histogram `a1_qt` contains non-integrable observable and will be deleted 
Warning: Histogram `a1_qt_vs_y` contains non-integrable observable and will be deleted 
Warning: Histogram `s_biganswer` contains non-integrable observable and will be deleted 
Warning: Histogram `wgt_a1_qt` contains non-integrable observable and will be deleted 

╍╍╍╍╍╍╍╍╍╍╍╍╍╍╍╍╍╍╍╍╍╍╍╍╍ Integration settings ╍╍╍╍╍╍╍╍╍╍╍╍╍╍╍╍╍╍╍╍╍╍╍╍╍
             Random seeds              123456                           
           Parallel cores                   1                           

             Resummation:     cuhre (dm, dpt)         iter =           5
                                   gauss (dy)        nodes =          64
                                                 intervals =           1
            Counter term:      cuhre (dm, dy)         iter =           5
                                  gauss (dpt)        nodes =          20
                                                 intervals =           5
                     V+J:            vegas 7D       ncalls =    10000000

Mellin inverse transform:           gaussian         nodes =          30
                                                 intervals =           1
                               imaginary axis         zmax =           2
  Angular variable costh:     semi-analytical      ncstart =         100
   Angular variables phi:            gaussian    intervals =          20

      Constant boundaries                  q2          low =          80
                                                      high =         100
                                            y          low =          -6
                                                      high =           6
                                        costh          low =          -1
                                                      high =           1
                                       eta(l)          low =         -10
                                                      high =          10

┏━━━━━━━━━━━━━━┰━━━━━━━━━━━━━━┰━━━━━━━━━━━━━━━━━━━━━━━━━━━━━━━━━━┰━━━━━━━━━━━━━━━━━━━━━━━━━━━━━━━━━━┰━━━━━━━━━━━━━━━━━━━━━━━━━━━━━━━━━━┰━━━━━━━━━━━━━━━━━━━━━━━━━━━━━━━━━━┓
┃           qT ┃        pT(l) ┃                      Resummation ┃                     Counter term ┃                              V+J ┃                            TOTAL ┃
┣━━━━━━━━━━━━━━╋━━━━━━━━━━━━━━╋━━━━━━━━━━━━━━━━━━━━━━━━━━━━━━━━━━╋━━━━━━━━━━━━━━━━━━━━━━━━━━━━━━━━━━╋━━━━━━━━━━━━━━━━━━━━━━━━━━━━━━━━━━╋━━━━━━━━━━━━━━━━━━━━━━━━━━━━━━━━━━┫
┃   64 -    66 ┃   25 -    26 ┃  140.63 ±   0.12        (2.37mi) ┃ -73.343 ±  0.056        (28.3mi) ┃Vegas input parameters:
  ndim 7
  ncomp 1
  nvec 1
  epsrel 0
  epsabs 0
  flags 10
  seed 123456
  mineval 10000000
  maxeval 10000000
  nstart 1000000
  nincrease 1000000
  nbatch 5000
  gridno 0
  statefile ""

Iteration 1:  1000000 integrand evaluations so far
[1] 115.088 +- 2.69379  	chisq 0 (0 df)

Iteration 2:  3000000 integrand evaluations so far
[1] 112.612 +- 0.925163  	chisq 0.958232 (1 df)

Iteration 3:  6000000 integrand evaluations so far
[1] 111.318 +- 0.546027  	chisq 3.95944 (2 df)

Iteration 4:  10000000 integrand evaluations so far
[1] 110.782 +- 0.377317  	chisq 5.80334 (3 df)
  110.78 ±   0.38        ( 41.5s) ┃  178.07 ±    0.4        (31.3mi) ┃
┃   64 -    66 ┃   26 -    27 ┃ 153.357 ±  0.072        (4.15mi) ┃  -81.66 ±  0.075        (27.9mi) ┃Vegas input parameters:
  ndim 7
  ncomp 1
  nvec 1
  epsrel 0
  epsabs 0
  flags 10
  seed 123456
  mineval 10000000
  maxeval 10000000
  nstart 1000000
  nincrease 1000000
  nbatch 5000
  gridno 0
  statefile ""

Iteration 1:  1000000 integrand evaluations so far
[1] 102.623 +- 2.50194  	chisq 0 (0 df)

Iteration 2:  3000000 integrand evaluations so far
[1] 105.542 +- 0.720864  	chisq 1.48499 (1 df)

Iteration 3:  6000000 integrand evaluations so far
[1] 105.509 +- 0.466329  	chisq 1.48868 (2 df)

Iteration 4:  10000000 integrand evaluations so far
[1] 105.592 +- 0.346388  	chisq 1.56045 (3 df)
  105.59 ±   0.35        ( 41.3s) ┃  177.29 ±   0.36        (32.8mi) ┃
┃   64 -    66 ┃   27 -    28 ┃   142.8 ±   0.12        (14.7mi) ┃ -74.584 ±  0.032        (27.7mi) ┃Vegas input parameters:
  ndim 7
  ncomp 1
  nvec 1
  epsrel 0
  epsabs 0
  flags 10
  seed 123456
  mineval 10000000
  maxeval 10000000
  nstart 1000000
  nincrease 1000000
  nbatch 5000
  gridno 0
  statefile ""

Iteration 1:  1000000 integrand evaluations so far
[1] 104.232 +- 2.48831  	chisq 0 (0 df)

Iteration 2:  3000000 integrand evaluations so far
[1] 100.937 +- 0.699976  	chisq 1.90329 (1 df)

Iteration 3:  6000000 integrand evaluations so far
[1] 101.709 +- 0.457537  	chisq 4.02387 (2 df)

Iteration 4:  10000000 integrand evaluations so far
[1] 101.756 +- 0.338328  	chisq 4.04708 (3 df)
  101.76 ±   0.34        ( 40.8s) ┃  169.97 ±   0.36        (43.1mi) ┃
┃   64 -    66 ┃   28 -    29 ┃ 138.564 ±  0.092        (1.93mi) ┃ -73.562 ±  0.035        (7.06mi) ┃Vegas input parameters:
  ndim 7
  ncomp 1
  nvec 1
  epsrel 0
  epsabs 0
  flags 10
  seed 123456
  mineval 10000000
  maxeval 10000000
  nstart 1000000
  nincrease 1000000
  nbatch 5000
  gridno 0
  statefile ""

Iteration 1:  1000000 integrand evaluations so far
[1] 99.6981 +- 2.42176  	chisq 0 (0 df)

Iteration 2:  3000000 integrand evaluations so far
[1] 98.6555 +- 0.688727  	chisq 0.201661 (1 df)

Iteration 3:  6000000 integrand evaluations so far
[1] 98.0663 +- 0.426465  	chisq 1.38883 (2 df)

Iteration 4:  10000000 integrand evaluations so far
[1] 98.0169 +- 0.338641  	chisq 1.42507 (3 df)
   98.02 ±   0.34        ( 41.2s) ┃  163.02 ±   0.35        (9.67mi) ┃
┃   64 -    66 ┃   29 -    30 ┃ 142.267 ±  0.096        ( 30.8s) ┃ -76.377 ±  0.033        (7.04mi) ┃Vegas input parameters:
  ndim 7
  ncomp 1
  nvec 1
  epsrel 0
  epsabs 0
  flags 10
  seed 123456
  mineval 10000000
  maxeval 10000000
  nstart 1000000
  nincrease 1000000
  nbatch 5000
  gridno 0
  statefile ""

Iteration 1:  1000000 integrand evaluations so far
[1] 94.3493 +- 2.33878  	chisq 0 (0 df)

Iteration 2:  3000000 integrand evaluations so far
[1] 95.6608 +- 0.671354  	chisq 0.34268 (1 df)

Iteration 3:  6000000 integrand evaluations so far
[1] 95.6195 +- 0.443523  	chisq 0.349411 (2 df)

Iteration 4:  10000000 integrand evaluations so far
[1] 95.3829 +- 0.32704  	chisq 0.972734 (3 df)
   95.38 ±   0.33        ( 41.1s) ┃  161.27 ±   0.34        (8.24mi) ┃
┃   64 -    66 ┃   30 -    31 ┃ 139.997 ±  0.049        (4.05mi) ┃  -73.88 ±  0.019        (55.1mi) ┃Vegas input parameters:
  ndim 7
  ncomp 1
  nvec 1
  epsrel 0
  epsabs 0
  flags 10
  seed 123456
  mineval 10000000
  maxeval 10000000
  nstart 1000000
  nincrease 1000000
  nbatch 5000
  gridno 0
  statefile ""

Iteration 1:  1000000 integrand evaluations so far
[1] 93.8137 +- 2.3251  	chisq 0 (0 df)

Iteration 2:  3000000 integrand evaluations so far
[1] 92.6826 +- 0.650804  	chisq 0.256787 (1 df)

Iteration 3:  6000000 integrand evaluations so far
[1] 92.5549 +- 0.425332  	chisq 0.324027 (2 df)

Iteration 4:  10000000 integrand evaluations so far
[1] 92.7667 +- 0.324648  	chisq 0.91847 (3 df)
   92.77 ±   0.32        (   41s) ┃  158.88 ±   0.33        (59.8mi) ┃
┃   64 -    66 ┃   31 -    32 ┃ 139.145 ±  0.052        (1.15mi) ┃ -72.615 ±  0.029        (14.1mi) ┃Vegas input parameters:
  ndim 7
  ncomp 1
  nvec 1
  epsrel 0
  epsabs 0
  flags 10
  seed 123456
  mineval 10000000
  maxeval 10000000
  nstart 1000000
  nincrease 1000000
  nbatch 5000
  gridno 0
  statefile ""

Iteration 1:  1000000 integrand evaluations so far
[1] 90.6373 +- 2.24548  	chisq 0 (0 df)

Iteration 2:  3000000 integrand evaluations so far
[1] 89.9347 +- 0.639891  	chisq 0.10656 (1 df)

Iteration 3:  6000000 integrand evaluations so far
[1] 90.7119 +- 0.429797  	chisq 2.79427 (2 df)

Iteration 4:  10000000 integrand evaluations so far
[1] 90.6836 +- 0.317892  	chisq 2.80383 (3 df)
   90.68 ±   0.32        ( 41.5s) ┃  157.21 ±   0.32        (15.9mi) ┃
┃   64 -    66 ┃   32 -    33 ┃ 147.698 ±  0.042        (8.02mi) ┃ -77.277 ±  0.053        (37.3mi) ┃Vegas input parameters:
  ndim 7
  ncomp 1
  nvec 1
  epsrel 0
  epsabs 0
  flags 10
  seed 123456
  mineval 10000000
  maxeval 10000000
  nstart 1000000
  nincrease 1000000
  nbatch 5000
  gridno 0
  statefile ""

Iteration 1:  1000000 integrand evaluations so far
[1] 88.7092 +- 2.2075  	chisq 0 (0 df)

Iteration 2:  3000000 integrand evaluations so far
[1] 89.376 +- 0.628568  	chisq 0.0992953 (1 df)

Iteration 3:  6000000 integrand evaluations so far
[1] 89.2248 +- 0.443588  	chisq 0.214532 (2 df)

Iteration 4:  10000000 integrand evaluations so far
[1] 88.89 +- 0.327746  	chisq 1.46872 (3 df)
   88.89 ±   0.33        ( 40.5s) ┃  159.31 ±   0.33        (  46mi) ┃
┃   64 -    66 ┃   33 -    34 ┃ 132.231 ±  0.093        (1.26mi) ┃-69.2958 ± 0.0099        (52.4mi) ┃Vegas input parameters:
  ndim 7
  ncomp 1
  nvec 1
  epsrel 0
  epsabs 0
  flags 10
  seed 123456
  mineval 10000000
  maxeval 10000000
  nstart 1000000
  nincrease 1000000
  nbatch 5000
  gridno 0
  statefile ""

Iteration 1:  1000000 integrand evaluations so far
[1] 89.4325 +- 2.2112  	chisq 0 (0 df)

Iteration 2:  3000000 integrand evaluations so far
[1] 87.5865 +- 0.624321  	chisq 0.75736 (1 df)

Iteration 3:  6000000 integrand evaluations so far
[1] 86.9797 +- 0.385878  	chisq 2.28578 (2 df)

Iteration 4:  10000000 integrand evaluations so far
[1] 86.9738 +- 0.295436  	chisq 2.28634 (3 df)
   86.97 ±    0.3        ( 39.4s) ┃  149.91 ±   0.31        (54.3mi) ┃
┃   64 -    66 ┃   34 -    35 ┃ 126.013 ±  0.024        (3.71mi) ┃ -66.357 ±  0.014        (13.2mi) ┃Vegas input parameters:
  ndim 7
  ncomp 1
  nvec 1
  epsrel 0
  epsabs 0
  flags 10
  seed 123456
  mineval 10000000
  maxeval 10000000
  nstart 1000000
  nincrease 1000000
  nbatch 5000
  gridno 0
  statefile ""

Iteration 1:  1000000 integrand evaluations so far
[1] 87.8266 +- 2.17481  	chisq 0 (0 df)

Iteration 2:  3000000 integrand evaluations so far
[1] 85.1377 +- 0.606027  	chisq 1.6573 (1 df)

Iteration 3:  6000000 integrand evaluations so far
[1] 85.1289 +- 0.447185  	chisq 1.65776 (2 df)

Iteration 4:  10000000 integrand evaluations so far
[1] 85.1353 +- 0.332099  	chisq 1.65823 (3 df)
   85.14 ±   0.33        ( 39.9s) ┃  144.79 ±   0.33        (17.6mi) ┃
┃   64 -    66 ┃   35 -    36 ┃  147.12 ±   0.11        (1.91mi) ┃ -76.795 ±  0.075        (13.4mi) ┃Vegas input parameters:
  ndim 7
  ncomp 1
  nvec 1
  epsrel 0
  epsabs 0
  flags 10
  seed 123456
  mineval 10000000
  maxeval 10000000
  nstart 1000000
  nincrease 1000000
  nbatch 5000
  gridno 0
  statefile ""

Iteration 1:  1000000 integrand evaluations so far
[1] 80.3317 +- 2.04949  	chisq 0 (0 df)

Iteration 2:  3000000 integrand evaluations so far
[1] 82.6289 +- 0.684565  	chisq 1.41415 (1 df)

Iteration 3:  6000000 integrand evaluations so far
[1] 83.2088 +- 0.414986  	chisq 2.54853 (2 df)

Iteration 4:  10000000 integrand evaluations so far
[1] 83.1503 +- 0.293729  	chisq 2.58833 (3 df)
   83.15 ±   0.29        ( 39.7s) ┃  153.47 ±   0.32        (  16mi) ┃
┃   64 -    66 ┃   36 -    37 ┃ 109.268 ±  0.072        (1.06mi) ┃ -58.001 ±  0.015        (26.9mi) ┃Vegas input parameters:
  ndim 7
  ncomp 1
  nvec 1
  epsrel 0
  epsabs 0
  flags 10
  seed 123456
  mineval 10000000
  maxeval 10000000
  nstart 1000000
  nincrease 1000000
  nbatch 5000
  gridno 0
  statefile ""

Iteration 1:  1000000 integrand evaluations so far
[1] 80.1811 +- 2.04994  	chisq 0 (0 df)

Iteration 2:  3000000 integrand evaluations so far
[1] 81.2946 +- 0.681083  	chisq 0.331613 (1 df)

Iteration 3:  6000000 integrand evaluations so far
[1] 81.9855 +- 0.41277  	chisq 1.95826 (2 df)

Iteration 4:  10000000 integrand evaluations so far
[1] 82.2984 +- 0.291455  	chisq 3.10444 (3 df)
    82.3 ±   0.29        ( 39.3s) ┃  133.57 ±    0.3        (28.6mi) ┃
┃   64 -    66 ┃   37 -    38 ┃  117.35 ±  0.048        (13.8mi) ┃ -61.918 ±  0.022        (26.9mi) ┃Vegas input parameters:
  ndim 7
  ncomp 1
  nvec 1
  epsrel 0
  epsabs 0
  flags 10
  seed 123456
  mineval 10000000
  maxeval 10000000
  nstart 1000000
  nincrease 1000000
  nbatch 5000
  gridno 0
  statefile ""

Iteration 1:  1000000 integrand evaluations so far
[1] 81.2361 +- 2.05373  	chisq 0 (0 df)

Iteration 2:  3000000 integrand evaluations so far
[1] 80.8397 +- 0.582223  	chisq 0.0404977 (1 df)

Iteration 3:  6000000 integrand evaluations so far
[1] 80.6715 +- 0.390088  	chisq 0.19206 (2 df)

Iteration 4:  10000000 integrand evaluations so far
[1] 81.0198 +- 0.290155  	chisq 1.97717 (3 df)
   81.02 ±   0.29        ( 38.3s) ┃  136.45 ±   0.29        (41.3mi) ┃
┃   64 -    66 ┃   38 -    39 ┃  144.51 ±   0.12        (2.11mi) ┃ -75.843 ±   0.04        (  27mi) ┃Vegas input parameters:
  ndim 7
  ncomp 1
  nvec 1
  epsrel 0
  epsabs 0
  flags 10
  seed 123456
  mineval 10000000
  maxeval 10000000
  nstart 1000000
  nincrease 1000000
  nbatch 5000
  gridno 0
  statefile ""

Iteration 1:  1000000 integrand evaluations so far
[1] 78.6581 +- 2.00724  	chisq 0 (0 df)

Iteration 2:  3000000 integrand evaluations so far
[1] 79.4622 +- 0.574665  	chisq 0.174806 (1 df)

Iteration 3:  6000000 integrand evaluations so far
[1] 79.6409 +- 0.358189  	chisq 0.332892 (2 df)

Iteration 4:  10000000 integrand evaluations so far
[1] 79.4964 +- 0.263601  	chisq 0.687887 (3 df)
    79.5 ±   0.26        ( 39.8s) ┃  148.16 ±   0.29        (29.8mi) ┃
┃   64 -    66 ┃   39 -    40 ┃ 108.776 ±  0.071        (3.67mi) ┃ -57.428 ±   0.03        (13.6mi) ┃Vegas input parameters:
  ndim 7
  ncomp 1
  nvec 1
  epsrel 0
  epsabs 0
  flags 10
  seed 123456
  mineval 10000000
  maxeval 10000000
  nstart 1000000
  nincrease 1000000
  nbatch 5000
  gridno 0
  statefile ""

Iteration 1:  1000000 integrand evaluations so far
[1] 80.6035 +- 2.03388  	chisq 0 (0 df)

Iteration 2:  3000000 integrand evaluations so far
[1] 78.9747 +- 0.572999  	chisq 0.696608 (1 df)

Iteration 3:  6000000 integrand evaluations so far
[1] 78.7652 +- 0.355279  	chisq 0.913861 (2 df)

Iteration 4:  10000000 integrand evaluations so far
[1] 78.6306 +- 0.268597  	chisq 1.24898 (3 df)
   78.63 ±   0.27        ( 39.6s) ┃  129.98 ±   0.28        (17.9mi) ┃
┃   64 -    66 ┃   40 -    41 ┃ 117.481 ±   0.09        (7.27mi) ┃ -62.242 ±   0.06        ( 53.4s) ┃Vegas input parameters:
  ndim 7
  ncomp 1
  nvec 1
  epsrel 0
  epsabs 0
  flags 10
  seed 123456
  mineval 10000000
  maxeval 10000000
  nstart 1000000
  nincrease 1000000
  nbatch 5000
  gridno 0
  statefile ""

Iteration 1:  1000000 integrand evaluations so far
[1] 74.0504 +- 1.93175  	chisq 0 (0 df)

Iteration 2:  3000000 integrand evaluations so far
[1] 74.9794 +- 0.550316  	chisq 0.251686 (1 df)

Iteration 3:  6000000 integrand evaluations so far
[1] 75.5323 +- 0.377238  	chisq 2.15596 (2 df)

Iteration 4:  10000000 integrand evaluations so far
[1] 75.1948 +- 0.278757  	chisq 3.91894 (3 df)
   75.19 ±   0.28        ( 40.3s) ┃  130.43 ±    0.3        (8.83mi) ┃
┃   64 -    66 ┃   41 -    42 ┃ 117.926 ±  0.067        (3.65mi) ┃ -61.828 ±  0.011        (1.74mi) ┃Vegas input parameters:
  ndim 7
  ncomp 1
  nvec 1
  epsrel 0
  epsabs 0
  flags 10
  seed 123456
  mineval 10000000
  maxeval 10000000
  nstart 1000000
  nincrease 1000000
  nbatch 5000
  gridno 0
  statefile ""

Iteration 1:  1000000 integrand evaluations so far
[1] 71.5563 +- 1.87416  	chisq 0 (0 df)

Iteration 2:  3000000 integrand evaluations so far
[1] 71.6647 +- 0.538871  	chisq 0.00364513 (1 df)

Iteration 3:  6000000 integrand evaluations so far
[1] 72.0784 +- 0.335411  	chisq 0.965869 (2 df)

Iteration 4:  10000000 integrand evaluations so far
[1] 71.9826 +- 0.261083  	chisq 1.17298 (3 df)
   71.98 ±   0.26        (   40s) ┃  128.08 ±   0.27        (6.06mi) ┃
┃   64 -    66 ┃   42 -    43 ┃ 116.552 ±  0.043        ( 7.2mi) ┃  -60.83 ±  0.021        (26.7mi) ┃Vegas input parameters:
  ndim 7
  ncomp 1
  nvec 1
  epsrel 0
  epsabs 0
  flags 10
  seed 123456
  mineval 10000000
  maxeval 10000000
  nstart 1000000
  nincrease 1000000
  nbatch 5000
  gridno 0
  statefile ""

Iteration 1:  1000000 integrand evaluations so far
[1] 68.8105 +- 1.82249  	chisq 0 (0 df)

Iteration 2:  3000000 integrand evaluations so far
[1] 68.8226 +- 0.524237  	chisq 4.75864e-05 (1 df)

Iteration 3:  6000000 integrand evaluations so far
[1] 69.0706 +- 0.325982  	chisq 0.365119 (2 df)

Iteration 4:  10000000 integrand evaluations so far
[1] 69.2584 +- 0.258978  	chisq 1.26506 (3 df)
   69.26 ±   0.26        ( 40.6s) ┃  124.98 ±   0.26        (34.5mi) ┃
┃   64 -    66 ┃   43 -    44 ┃ 101.998 ±   0.08        (7.33mi) ┃ -53.595 ±  0.041        (52.4mi) ┃Vegas input parameters:
  ndim 7
  ncomp 1
  nvec 1
  epsrel 0
  epsabs 0
  flags 10
  seed 123456
  mineval 10000000
  maxeval 10000000
  nstart 1000000
  nincrease 1000000
  nbatch 5000
  gridno 0
  statefile ""

Iteration 1:  1000000 integrand evaluations so far
[1] 67.6708 +- 1.80267  	chisq 0 (0 df)

Iteration 2:  3000000 integrand evaluations so far
[1] 66.98 +- 0.511996  	chisq 0.159704 (1 df)

Iteration 3:  6000000 integrand evaluations so far
[1] 66.8197 +- 0.317686  	chisq 0.319178 (2 df)

Iteration 4:  10000000 integrand evaluations so far
[1] 67.0631 +- 0.23915  	chisq 1.674 (3 df)
   67.06 ±   0.24        ( 40.9s) ┃  115.47 ±   0.26        (1.01hr) ┃
┃   64 -    66 ┃   44 -    45 ┃  126.35 ±   0.11        (3.98mi) ┃ -66.558 ±  0.061        (13.2mi) ┃Vegas input parameters:
  ndim 7
  ncomp 1
  nvec 1
  epsrel 0
  epsabs 0
  flags 10
  seed 123456
  mineval 10000000
  maxeval 10000000
  nstart 1000000
  nincrease 1000000
  nbatch 5000
  gridno 0
  statefile ""

Iteration 1:  1000000 integrand evaluations so far
[1] 65.0612 +- 1.77293  	chisq 0 (0 df)

Iteration 2:  3000000 integrand evaluations so far
[1] 64.7561 +- 0.498452  	chisq 0.0321639 (1 df)

Iteration 3:  6000000 integrand evaluations so far
[1] 65.104 +- 0.310815  	chisq 0.829076 (2 df)

Iteration 4:  10000000 integrand evaluations so far
[1] 65.2357 +- 0.233876  	chisq 1.24302 (3 df)
   65.24 ±   0.23        ( 40.6s) ┃  125.03 ±   0.26        (17.9mi) ┃
┃   64 -    66 ┃   45 -    46 ┃ 104.487 ±  0.098        (1.89mi) ┃ -55.509 ±  0.038        (3.63mi) ┃Vegas input parameters:
  ndim 7
  ncomp 1
  nvec 1
  epsrel 0
  epsabs 0
  flags 10
  seed 123456
  mineval 10000000
  maxeval 10000000
  nstart 1000000
  nincrease 1000000
  nbatch 5000
  gridno 0
  statefile ""

Iteration 1:  1000000 integrand evaluations so far
[1] 62.8129 +- 1.73386  	chisq 0 (0 df)

Iteration 2:  3000000 integrand evaluations so far
[1] 63.4384 +- 0.490708  	chisq 0.141471 (1 df)

Iteration 3:  6000000 integrand evaluations so far
[1] 63.3636 +- 0.304836  	chisq 0.179353 (2 df)

Iteration 4:  10000000 integrand evaluations so far
[1] 63.477 +- 0.235831  	chisq 0.524014 (3 df)
   63.48 ±   0.24        ( 39.3s) ┃  112.46 ±   0.26        (6.17mi) ┃
┃   64 -    66 ┃   46 -    47 ┃  92.045 ±  0.081        (7.23mi) ┃   -48.2 ±  0.047        (3.27mi) ┃Vegas input parameters:
  ndim 7
  ncomp 1
  nvec 1
  epsrel 0
  epsabs 0
  flags 10
  seed 123456
  mineval 10000000
  maxeval 10000000
  nstart 1000000
  nincrease 1000000
  nbatch 5000
  gridno 0
  statefile ""

Iteration 1:  1000000 integrand evaluations so far
[1] 59.9253 +- 1.68344  	chisq 0 (0 df)

Iteration 2:  3000000 integrand evaluations so far
[1] 62.8317 +- 0.486846  	chisq 3.25277 (1 df)

Iteration 3:  6000000 integrand evaluations so far
[1] 62.0808 +- 0.314684  	chisq 7.33927 (2 df)

Iteration 4:  10000000 integrand evaluations so far
[1] 62.0661 +- 0.238833  	chisq 7.34442 (3 df)
   62.07 ±   0.24        (   40s) ┃  105.91 ±   0.26        (11.2mi) ┃
┃   64 -    66 ┃   47 -    48 ┃ 103.159 ±  0.071        (7.25mi) ┃ -54.685 ±  0.054        (  26mi) ┃Vegas input parameters:
  ndim 7
  ncomp 1
  nvec 1
  epsrel 0
  epsabs 0
  flags 10
  seed 123456
  mineval 10000000
  maxeval 10000000
  nstart 1000000
  nincrease 1000000
  nbatch 5000
  gridno 0
  statefile ""

Iteration 1:  1000000 integrand evaluations so far
[1] 58.7525 +- 1.67114  	chisq 0 (0 df)

Iteration 2:  3000000 integrand evaluations so far
[1] 61.0864 +- 0.476081  	chisq 2.12277 (1 df)

Iteration 3:  6000000 integrand evaluations so far
[1] 60.5671 +- 0.293687  	chisq 4.04405 (2 df)

Iteration 4:  10000000 integrand evaluations so far
[1] 60.4561 +- 0.225147  	chisq 4.38996 (3 df)
   60.46 ±   0.23        (   40s) ┃  108.93 ±   0.24        (33.9mi) ┃
┃   64 -    66 ┃   48 -    49 ┃  120.42 ±   0.12        ( 3.8mi) ┃ -62.878 ±  0.026        (13.4mi) ┃Vegas input parameters:
  ndim 7
  ncomp 1
  nvec 1
  epsrel 0
  epsabs 0
  flags 10
  seed 123456
  mineval 10000000
  maxeval 10000000
  nstart 1000000
  nincrease 1000000
  nbatch 5000
  gridno 0
  statefile ""

Iteration 1:  1000000 integrand evaluations so far
[1] 57.4239 +- 1.63919  	chisq 0 (0 df)

Iteration 2:  3000000 integrand evaluations so far
[1] 58.9534 +- 0.460396  	chisq 0.945142 (1 df)

Iteration 3:  6000000 integrand evaluations so far
[1] 58.6829 +- 0.289732  	chisq 1.51669 (2 df)

Iteration 4:  10000000 integrand evaluations so far
[1] 58.6906 +- 0.226372  	chisq 1.51852 (3 df)
   58.69 ±   0.23        ( 40.3s) ┃  116.23 ±   0.26        (17.9mi) ┃
┃   64 -    66 ┃   49 -    50 ┃  87.735 ±  0.035        ( 1.9mi) ┃ -46.149 ±  0.016        ( 6.8mi) ┃Vegas input parameters:
  ndim 7
  ncomp 1
  nvec 1
  epsrel 0
  epsabs 0
  flags 10
  seed 123456
  mineval 10000000
  maxeval 10000000
  nstart 1000000
  nincrease 1000000
  nbatch 5000
  gridno 0
  statefile ""

Iteration 1:  1000000 integrand evaluations so far
[1] 60.844 +- 1.68644  	chisq 0 (0 df)

Iteration 2:  3000000 integrand evaluations so far
[1] 57.9211 +- 0.511707  	chisq 3.30848 (1 df)

Iteration 3:  6000000 integrand evaluations so far
[1] 58.3969 +- 0.311282  	chisq 4.68128 (2 df)

Iteration 4:  10000000 integrand evaluations so far
[1] 58.0528 +- 0.223095  	chisq 7.19391 (3 df)
   58.05 ±   0.22        ( 40.2s) ┃   99.64 ±   0.23        (9.37mi) ┃
┃   64 -    66 ┃   50 -    51 ┃  97.868 ±  0.051        (3.69mi) ┃ -51.533 ±  0.043        (  13mi) ┃Vegas input parameters:
  ndim 7
  ncomp 1
  nvec 1
  epsrel 0
  epsabs 0
  flags 10
  seed 123456
  mineval 10000000
  maxeval 10000000
  nstart 1000000
  nincrease 1000000
  nbatch 5000
  gridno 0
  statefile ""

Iteration 1:  1000000 integrand evaluations so far
[1] 53.5019 +- 1.57145  	chisq 0 (0 df)

Iteration 2:  3000000 integrand evaluations so far
[1] 55.5722 +- 0.445358  	chisq 1.88729 (1 df)

Iteration 3:  6000000 integrand evaluations so far
[1] 56.391 +- 0.278673  	chisq 7.44312 (2 df)

Iteration 4:  10000000 integrand evaluations so far
[1] 56.2925 +- 0.208831  	chisq 7.72848 (3 df)
   56.29 ±   0.21        ( 40.6s) ┃  102.63 ±   0.22        (17.4mi) ┃
┃   64 -    66 ┃   51 -    52 ┃  97.558 ±  0.037        (14.1mi) ┃ -51.386 ±  0.019        (51.3mi) ┃Vegas input parameters:
  ndim 7
  ncomp 1
  nvec 1
  epsrel 0
  epsabs 0
  flags 10
  seed 123456
  mineval 10000000
  maxeval 10000000
  nstart 1000000
  nincrease 1000000
  nbatch 5000
  gridno 0
  statefile ""

Iteration 1:  1000000 integrand evaluations so far
[1] 56.4163 +- 1.61205  	chisq 0 (0 df)

Iteration 2:  3000000 integrand evaluations so far
[1] 55.7777 +- 0.480696  	chisq 0.172207 (1 df)

Iteration 3:  6000000 integrand evaluations so far
[1] 55.6961 +- 0.292081  	chisq 0.217948 (2 df)

Iteration 4:  10000000 integrand evaluations so far
[1] 55.6279 +- 0.21651  	chisq 0.338766 (3 df)
   55.63 ±   0.22        ( 40.2s) ┃   101.8 ±   0.22        ( 1.1hr) ┃
┃   64 -    66 ┃   52 -    53 ┃  97.392 ±  0.025        (1.05mi) ┃ -50.677 ±  0.013        (51.4mi) ┃Vegas input parameters:
  ndim 7
  ncomp 1
  nvec 1
  epsrel 0
  epsabs 0
  flags 10
  seed 123456
  mineval 10000000
  maxeval 10000000
  nstart 1000000
  nincrease 1000000
  nbatch 5000
  gridno 0
  statefile ""

Iteration 1:  1000000 integrand evaluations so far
[1] 51.9041 +- 1.52836  	chisq 0 (0 df)

Iteration 2:  3000000 integrand evaluations so far
[1] 54.7544 +- 0.437553  	chisq 3.78842 (1 df)

Iteration 3:  6000000 integrand evaluations so far
[1] 54.8187 +- 0.271042  	chisq 3.82348 (2 df)

Iteration 4:  10000000 integrand evaluations so far
[1] 54.7692 +- 0.204712  	chisq 3.9009 (3 df)
   54.77 ±    0.2        ( 39.2s) ┃  101.48 ±   0.21        (53.1mi) ┃
┃   64 -    66 ┃   53 -    54 ┃  82.341 ± 0.0082        ( 57.7s) ┃ -43.177 ±   0.04        (3.34mi) ┃Vegas input parameters:
  ndim 7
  ncomp 1
  nvec 1
  epsrel 0
  epsabs 0
  flags 10
  seed 123456
  mineval 10000000
  maxeval 10000000
  nstart 1000000
  nincrease 1000000
  nbatch 5000
  gridno 0
  statefile ""

Iteration 1:  1000000 integrand evaluations so far
[1] 52.9456 +- 1.55893  	chisq 0 (0 df)

Iteration 2:  3000000 integrand evaluations so far
[1] 54.1242 +- 0.438093  	chisq 0.620602 (1 df)

Iteration 3:  6000000 integrand evaluations so far
[1] 54.4188 +- 0.284858  	chisq 1.40396 (2 df)

Iteration 4:  10000000 integrand evaluations so far
[1] 54.035 +- 0.20888  	chisq 5.33042 (3 df)
   54.03 ±   0.21        ( 39.2s) ┃    93.2 ±   0.21        (4.95mi) ┃
┃   64 -    66 ┃   54 -    55 ┃  99.165 ±  0.097        ( 1.9mi) ┃ -52.051 ±  0.027        (12.7mi) ┃Vegas input parameters:
  ndim 7
  ncomp 1
  nvec 1
  epsrel 0
  epsabs 0
  flags 10
  seed 123456
  mineval 10000000
  maxeval 10000000
  nstart 1000000
  nincrease 1000000
  nbatch 5000
  gridno 0
  statefile ""

Iteration 1:  1000000 integrand evaluations so far
[1] 55.1628 +- 1.59812  	chisq 0 (0 df)

Iteration 2:  3000000 integrand evaluations so far
[1] 53.0981 +- 0.423675  	chisq 1.79521 (1 df)

Iteration 3:  6000000 integrand evaluations so far
[1] 52.9474 +- 0.270565  	chisq 2.00903 (2 df)

Iteration 4:  10000000 integrand evaluations so far
[1] 52.8712 +- 0.199262  	chisq 2.18212 (3 df)
   52.87 ±    0.2        ( 39.9s) ┃   99.99 ±   0.22        (15.3mi) ┃
┃   64 -    66 ┃   55 -    56 ┃   95.29 ±  0.052        (   59s) ┃ -49.733 ±   0.03        (6.48mi) ┃Vegas input parameters:
  ndim 7
  ncomp 1
  nvec 1
  epsrel 0
  epsabs 0
  flags 10
  seed 123456
  mineval 10000000
  maxeval 10000000
  nstart 1000000
  nincrease 1000000
  nbatch 5000
  gridno 0
  statefile ""

Iteration 1:  1000000 integrand evaluations so far
[1] 50.8928 +- 1.52227  	chisq 0 (0 df)

Iteration 2:  3000000 integrand evaluations so far
[1] 52.3819 +- 0.419345  	chisq 1.03547 (1 df)

Iteration 3:  6000000 integrand evaluations so far
[1] 52.062 +- 0.263237  	chisq 1.99564 (2 df)

Iteration 4:  10000000 integrand evaluations so far
[1] 52.0844 +- 0.194879  	chisq 2.01169 (3 df)
   52.08 ±   0.19        ( 40.5s) ┃   97.64 ±    0.2        (8.14mi) ┃
┃   64 -    66 ┃   56 -    57 ┃  73.508 ±  0.046        ( 59.6s) ┃ -38.529 ±  0.022        (6.35mi) ┃Vegas input parameters:
  ndim 7
  ncomp 1
  nvec 1
  epsrel 0
  epsabs 0
  flags 10
  seed 123456
  mineval 10000000
  maxeval 10000000
  nstart 1000000
  nincrease 1000000
  nbatch 5000
  gridno 0
  statefile ""

Iteration 1:  1000000 integrand evaluations so far
[1] 53.5249 +- 1.58  	chisq 0 (0 df)

Iteration 2:  3000000 integrand evaluations so far
[1] 51.688 +- 0.415897  	chisq 1.45231 (1 df)

Iteration 3:  6000000 integrand evaluations so far
[1] 51.4773 +- 0.271774  	chisq 1.90044 (2 df)

Iteration 4:  10000000 integrand evaluations so far
[1] 51.5366 +- 0.203617  	chisq 2.00904 (3 df)
   51.54 ±    0.2        ( 39.6s) ┃   86.52 ±   0.21        (   8mi) ┃
┃   64 -    66 ┃   57 -    58 ┃  80.981 ±  0.031        (3.85mi) ┃ -42.729 ±  0.014        (  25mi) ┃Vegas input parameters:
  ndim 7
  ncomp 1
  nvec 1
  epsrel 0
  epsabs 0
  flags 10
  seed 123456
  mineval 10000000
  maxeval 10000000
  nstart 1000000
  nincrease 1000000
  nbatch 5000
  gridno 0
  statefile ""

Iteration 1:  1000000 integrand evaluations so far
[1] 50.9567 +- 1.52535  	chisq 0 (0 df)

Iteration 2:  3000000 integrand evaluations so far
[1] 51.4046 +- 0.412505  	chisq 0.0930433 (1 df)

Iteration 3:  6000000 integrand evaluations so far
[1] 50.6418 +- 0.252904  	chisq 5.572 (2 df)

Iteration 4:  10000000 integrand evaluations so far
[1] 50.8098 +- 0.195726  	chisq 6.6712 (3 df)
   50.81 ±    0.2        ( 40.2s) ┃   89.06 ±    0.2        (29.6mi) ┃
┃   64 -    66 ┃   58 -    59 ┃  99.381 ±  0.028        ( 1.9mi) ┃  -56.19 ±  0.047        ( 26.5s) ┃Vegas input parameters:
  ndim 7
  ncomp 1
  nvec 1
  epsrel 0
  epsabs 0
  flags 10
  seed 123456
  mineval 10000000
  maxeval 10000000
  nstart 1000000
  nincrease 1000000
  nbatch 5000
  gridno 0
  statefile ""

Iteration 1:  1000000 integrand evaluations so far
[1] 48.6857 +- 1.49512  	chisq 0 (0 df)

Iteration 2:  3000000 integrand evaluations so far
[1] 49.4651 +- 0.404778  	chisq 0.29328 (1 df)

Iteration 3:  6000000 integrand evaluations so far
[1] 49.5298 +- 0.250726  	chisq 0.334719 (2 df)

Iteration 4:  10000000 integrand evaluations so far
[1] 49.5762 +- 0.19128  	chisq 0.416464 (3 df)
   49.58 ±   0.19        ( 39.7s) ┃   92.77 ±    0.2        (3.01mi) ┃
┃   64 -    66 ┃   59 -    60 ┃  72.583 ±   0.05        (2.11mi) ┃ -38.076 ±  0.021        (12.6mi) ┃Vegas input parameters:
  ndim 7
  ncomp 1
  nvec 1
  epsrel 0
  epsabs 0
  flags 10
  seed 123456
  mineval 10000000
  maxeval 10000000
  nstart 1000000
  nincrease 1000000
  nbatch 5000
  gridno 0
  statefile ""

Iteration 1:  1000000 integrand evaluations so far
[1] 47.3594 +- 1.47895  	chisq 0 (0 df)

Iteration 2:  3000000 integrand evaluations so far
[1] 48.6011 +- 0.408592  	chisq 0.7632 (1 df)

Iteration 3:  6000000 integrand evaluations so far
[1] 48.8009 +- 0.262128  	chisq 1.16956 (2 df)

Iteration 4:  10000000 integrand evaluations so far
[1] 49.0898 +- 0.197713  	chisq 3.98834 (3 df)
   49.09 ±    0.2        ( 38.9s) ┃    83.6 ±    0.2        (15.4mi) ┃
┃   66 -    68 ┃   25 -    26 ┃  128.37 ±   0.12        (1.93mi) ┃ -67.023 ±  0.062        (13.7mi) ┃Vegas input parameters:
  ndim 7
  ncomp 1
  nvec 1
  epsrel 0
  epsabs 0
  flags 10
  seed 123456
  mineval 10000000
  maxeval 10000000
  nstart 1000000
  nincrease 1000000
  nbatch 5000
  gridno 0
  statefile ""

Iteration 1:  1000000 integrand evaluations so far
[1] 101.475 +- 2.44944  	chisq 0 (0 df)

Iteration 2:  3000000 integrand evaluations so far
[1] 100.382 +- 0.789751  	chisq 0.222114 (1 df)

Iteration 3:  6000000 integrand evaluations so far
[1] 99.3284 +- 0.474231  	chisq 3.00658 (2 df)

Iteration 4:  10000000 integrand evaluations so far
[1] 99.4069 +- 0.340457  	chisq 3.06307 (3 df)
   99.41 ±   0.34        ( 38.6s) ┃  160.76 ±   0.37        (16.2mi) ┃
┃   66 -    68 ┃   26 -    27 ┃ 115.361 ±  0.033        (7.59mi) ┃ -61.025 ±  0.014        (53.2mi) ┃Vegas input parameters:
  ndim 7
  ncomp 1
  nvec 1
  epsrel 0
  epsabs 0
  flags 10
  seed 123456
  mineval 10000000
  maxeval 10000000
  nstart 1000000
  nincrease 1000000
  nbatch 5000
  gridno 0
  statefile ""

Iteration 1:  1000000 integrand evaluations so far
[1] 95.9777 +- 2.32773  	chisq 0 (0 df)

Iteration 2:  3000000 integrand evaluations so far
[1] 95.6357 +- 0.662428  	chisq 0.0234905 (1 df)

Iteration 3:  6000000 integrand evaluations so far
[1] 95.1781 +- 0.411146  	chisq 0.799738 (2 df)

Iteration 4:  10000000 integrand evaluations so far
[1] 94.9052 +- 0.309097  	chisq 1.81283 (3 df)
   94.91 ±   0.31        ( 40.6s) ┃  149.24 ±   0.31        (1.02hr) ┃
┃   66 -    68 ┃   27 -    28 ┃  139.47 ±   0.12        ( 56.8s) ┃ -73.128 ±  0.055        (1.74mi) ┃Vegas input parameters:
  ndim 7
  ncomp 1
  nvec 1
  epsrel 0
  epsabs 0
  flags 10
  seed 123456
  mineval 10000000
  maxeval 10000000
  nstart 1000000
  nincrease 1000000
  nbatch 5000
  gridno 0
  statefile ""

Iteration 1:  1000000 integrand evaluations so far
[1] 90.3781 +- 2.23948  	chisq 0 (0 df)

Iteration 2:  3000000 integrand evaluations so far
[1] 90.6461 +- 0.638881  	chisq 0.0155869 (1 df)

Iteration 3:  6000000 integrand evaluations so far
[1] 91.6295 +- 0.410982  	chisq 4.05804 (2 df)

Iteration 4:  10000000 integrand evaluations so far
[1] 91.2898 +- 0.303006  	chisq 5.55548 (3 df)
   91.29 ±    0.3        ( 39.6s) ┃  157.63 ±   0.33        (3.34mi) ┃
┃   66 -    68 ┃   28 -    29 ┃  96.846 ±  0.022        (3.67mi) ┃ -51.302 ±  0.016        (  13mi) ┃Vegas input parameters:
  ndim 7
  ncomp 1
  nvec 1
  epsrel 0
  epsabs 0
  flags 10
  seed 123456
  mineval 10000000
  maxeval 10000000
  nstart 1000000
  nincrease 1000000
  nbatch 5000
  gridno 0
  statefile ""

Iteration 1:  1000000 integrand evaluations so far
[1] 91.0374 +- 2.22737  	chisq 0 (0 df)

Iteration 2:  3000000 integrand evaluations so far
[1] 88.9243 +- 0.629818  	chisq 0.978229 (1 df)

Iteration 3:  6000000 integrand evaluations so far
[1] 88.3707 +- 0.389919  	chisq 2.23099 (2 df)

Iteration 4:  10000000 integrand evaluations so far
[1] 88.6355 +- 0.310387  	chisq 3.4899 (3 df)
   88.64 ±   0.31        ( 40.6s) ┃  134.18 ±   0.31        (17.4mi) ┃
┃   66 -    68 ┃   29 -    30 ┃ 137.725 ±  0.087        (7.16mi) ┃ -72.447 ±  0.067        (6.64mi) ┃Vegas input parameters:
  ndim 7
  ncomp 1
  nvec 1
  epsrel 0
  epsabs 0
  flags 10
  seed 123456
  mineval 10000000
  maxeval 10000000
  nstart 1000000
  nincrease 1000000
  nbatch 5000
  gridno 0
  statefile ""

Iteration 1:  1000000 integrand evaluations so far
[1] 85.655 +- 2.14968  	chisq 0 (0 df)

Iteration 2:  3000000 integrand evaluations so far
[1] 87.0501 +- 0.616934  	chisq 0.45901 (1 df)

Iteration 3:  6000000 integrand evaluations so far
[1] 86.8164 +- 0.404525  	chisq 0.710785 (2 df)

Iteration 4:  10000000 integrand evaluations so far
[1] 86.3767 +- 0.298075  	chisq 3.29528 (3 df)
   86.38 ±    0.3        ( 39.8s) ┃  151.66 ±   0.32        (14.5mi) ┃
┃   66 -    68 ┃   30 -    31 ┃  115.13 ±    0.1        (7.15mi) ┃ -60.796 ±  0.046        (26.6mi) ┃Vegas input parameters:
  ndim 7
  ncomp 1
  nvec 1
  epsrel 0
  epsabs 0
  flags 10
  seed 123456
  mineval 10000000
  maxeval 10000000
  nstart 1000000
  nincrease 1000000
  nbatch 5000
  gridno 0
  statefile ""

Iteration 1:  1000000 integrand evaluations so far
[1] 85.6964 +- 2.13997  	chisq 0 (0 df)

Iteration 2:  3000000 integrand evaluations so far
[1] 84.1254 +- 0.596749  	chisq 0.584348 (1 df)

Iteration 3:  6000000 integrand evaluations so far
[1] 83.5884 +- 0.389628  	chisq 1.99603 (2 df)

Iteration 4:  10000000 integrand evaluations so far
[1] 83.9133 +- 0.289597  	chisq 3.55023 (3 df)
   83.91 ±   0.29        (   40s) ┃  138.25 ±   0.31        (34.4mi) ┃
┃   66 -    68 ┃   31 -    32 ┃  117.26 ±    0.1        ( 33.3s) ┃ -60.603 ±  0.014        (6.83mi) ┃Vegas input parameters:
  ndim 7
  ncomp 1
  nvec 1
  epsrel 0
  epsabs 0
  flags 10
  seed 123456
  mineval 10000000
  maxeval 10000000
  nstart 1000000
  nincrease 1000000
  nbatch 5000
  gridno 0
  statefile ""

Iteration 1:  1000000 integrand evaluations so far
[1] 81.3113 +- 2.05353  	chisq 0 (0 df)

Iteration 2:  3000000 integrand evaluations so far
[1] 81.4793 +- 0.587997  	chisq 0.00728838 (1 df)

Iteration 3:  6000000 integrand evaluations so far
[1] 82.1652 +- 0.378246  	chisq 2.32884 (2 df)

Iteration 4:  10000000 integrand evaluations so far
[1] 82.1203 +- 0.279749  	chisq 2.35993 (3 df)
   82.12 ±   0.28        ( 40.5s) ┃  138.78 ±    0.3        (8.06mi) ┃
┃   66 -    68 ┃   32 -    33 ┃  123.02 ±   0.12        (  14mi) ┃ -64.445 ±  0.023        (26.8mi) ┃Vegas input parameters:
  ndim 7
  ncomp 1
  nvec 1
  epsrel 0
  epsabs 0
  flags 10
  seed 123456
  mineval 10000000
  maxeval 10000000
  nstart 1000000
  nincrease 1000000
  nbatch 5000
  gridno 0
  statefile ""

Iteration 1:  1000000 integrand evaluations so far
[1] 80.0247 +- 2.02787  	chisq 0 (0 df)

Iteration 2:  3000000 integrand evaluations so far
[1] 79.5403 +- 0.572341  	chisq 0.06201 (1 df)

Iteration 3:  6000000 integrand evaluations so far
[1] 80.1523 +- 0.40434  	chisq 2.34503 (2 df)

Iteration 4:  10000000 integrand evaluations so far
[1] 79.9212 +- 0.299015  	chisq 3.06603 (3 df)
   79.92 ±    0.3        ( 40.9s) ┃   138.5 ±   0.32        (41.5mi) ┃
┃   66 -    68 ┃   33 -    34 ┃  124.92 ±   0.12        ( 9.79s) ┃ -65.487 ±   0.05        (9.75mi) ┃Vegas input parameters:
  ndim 7
  ncomp 1
  nvec 1
  epsrel 0
  epsabs 0
  flags 10
  seed 123456
  mineval 10000000
  maxeval 10000000
  nstart 1000000
  nincrease 1000000
  nbatch 5000
  gridno 0
  statefile ""

Iteration 1:  1000000 integrand evaluations so far
[1] 81.1333 +- 2.03343  	chisq 0 (0 df)

Iteration 2:  3000000 integrand evaluations so far
[1] 79.2817 +- 0.570462  	chisq 0.899972 (1 df)

Iteration 3:  6000000 integrand evaluations so far
[1] 78.794 +- 0.359523  	chisq 2.11214 (2 df)

Iteration 4:  10000000 integrand evaluations so far
[1] 78.7988 +- 0.267503  	chisq 2.11254 (3 df)
    78.8 ±   0.27        ( 40.6s) ┃  138.24 ±    0.3        (10.6mi) ┃
┃   66 -    68 ┃   34 -    35 ┃  107.31 ±  0.058        (1.29mi) ┃ -56.498 ±  0.028        (6.59mi) ┃Vegas input parameters:
  ndim 7
  ncomp 1
  nvec 1
  epsrel 0
  epsabs 0
  flags 10
  seed 123456
  mineval 10000000
  maxeval 10000000
  nstart 1000000
  nincrease 1000000
  nbatch 5000
  gridno 0
  statefile ""

Iteration 1:  1000000 integrand evaluations so far
[1] 78.8625 +- 1.98696  	chisq 0 (0 df)

Iteration 2:  3000000 integrand evaluations so far
[1] 76.8878 +- 0.556711  	chisq 1.07186 (1 df)

Iteration 3:  6000000 integrand evaluations so far
[1] 77.1127 +- 0.37169  	chisq 1.36625 (2 df)

Iteration 4:  10000000 integrand evaluations so far
[1] 76.9753 +- 0.274343  	chisq 1.66625 (3 df)
   76.98 ±   0.27        ( 39.7s) ┃  127.79 ±   0.28        (8.55mi) ┃
┃   66 -    68 ┃   35 -    36 ┃ 130.106 ±  0.014        (3.92mi) ┃-67.8957 ± 0.0025        (26.2mi) ┃Vegas input parameters:
  ndim 7
  ncomp 1
  nvec 1
  epsrel 0
  epsabs 0
  flags 10
  seed 123456
  mineval 10000000
  maxeval 10000000
  nstart 1000000
  nincrease 1000000
  nbatch 5000
  gridno 0
  statefile ""

Iteration 1:  1000000 integrand evaluations so far
[1] 74.3702 +- 1.89758  	chisq 0 (0 df)

Iteration 2:  3000000 integrand evaluations so far
[1] 75.0723 +- 0.655434  	chisq 0.155442 (1 df)

Iteration 3:  6000000 integrand evaluations so far
[1] 75.5677 +- 0.396352  	chisq 1.05611 (2 df)

Iteration 4:  10000000 integrand evaluations so far
[1] 75.5464 +- 0.277106  	chisq 1.06177 (3 df)
   75.55 ±   0.28        ( 40.7s) ┃  137.76 ±   0.28        (30.8mi) ┃
┃   66 -    68 ┃   36 -    37 ┃  98.047 ±  0.041        (1.91mi) ┃ -51.664 ±  0.026        (13.2mi) ┃Vegas input parameters:
  ndim 7
  ncomp 1
  nvec 1
  epsrel 0
  epsabs 0
  flags 10
  seed 123456
  mineval 10000000
  maxeval 10000000
  nstart 1000000
  nincrease 1000000
  nbatch 5000
  gridno 0
  statefile ""

Iteration 1:  1000000 integrand evaluations so far
[1] 75.0026 +- 1.91749  	chisq 0 (0 df)

Iteration 2:  3000000 integrand evaluations so far
[1] 74.1527 +- 0.602046  	chisq 0.217941 (1 df)

Iteration 3:  6000000 integrand evaluations so far
[1] 74.0721 +- 0.37602  	chisq 0.247325 (2 df)

Iteration 4:  10000000 integrand evaluations so far
[1] 74.246 +- 0.270516  	chisq 0.690682 (3 df)
   74.25 ±   0.27        ( 40.2s) ┃  120.63 ±   0.27        (15.8mi) ┃
┃   66 -    68 ┃   37 -    38 ┃  97.721 ±  0.067        (7.59mi) ┃ -50.461 ±  0.049        (1.87mi) ┃Vegas input parameters:
  ndim 7
  ncomp 1
  nvec 1
  epsrel 0
  epsabs 0
  flags 10
  seed 123456
  mineval 10000000
  maxeval 10000000
  nstart 1000000
  nincrease 1000000
  nbatch 5000
  gridno 0
  statefile ""

Iteration 1:  1000000 integrand evaluations so far
[1] 69.8541 +- 1.82181  	chisq 0 (0 df)

Iteration 2:  3000000 integrand evaluations so far
[1] 73.3374 +- 0.537072  	chisq 4.00374 (1 df)

Iteration 3:  6000000 integrand evaluations so far
[1] 73.2971 +- 0.333241  	chisq 4.01289 (2 df)

Iteration 4:  10000000 integrand evaluations so far
[1] 73.1165 +- 0.245067  	chisq 4.65256 (3 df)
   73.12 ±   0.25        ( 40.1s) ┃  120.38 ±   0.26        (10.1mi) ┃
┃   66 -    68 ┃   38 -    39 ┃ 124.775 ±   0.05        (7.29mi) ┃ -65.235 ±  0.033        (13.5mi) ┃Vegas input parameters:
  ndim 7
  ncomp 1
  nvec 1
  epsrel 0
  epsabs 0
  flags 10
  seed 123456
  mineval 10000000
  maxeval 10000000
  nstart 1000000
  nincrease 1000000
  nbatch 5000
  gridno 0
  statefile ""

Iteration 1:  1000000 integrand evaluations so far
[1] 73.8187 +- 1.88364  	chisq 0 (0 df)

Iteration 2:  3000000 integrand evaluations so far
[1] 73.1128 +- 0.590786  	chisq 0.155793 (1 df)

Iteration 3:  6000000 integrand evaluations so far
[1] 72.6458 +- 0.361765  	chisq 1.15547 (2 df)

Iteration 4:  10000000 integrand evaluations so far
[1] 72.4348 +- 0.257991  	chisq 1.84747 (3 df)
   72.43 ±   0.26        ( 40.4s) ┃  131.97 ±   0.26        (21.4mi) ┃
┃   66 -    68 ┃   39 -    40 ┃   99.12 ±  0.061        (1.02mi) ┃-52.1949 ± 0.0092        (6.72mi) ┃Vegas input parameters:
  ndim 7
  ncomp 1
  nvec 1
  epsrel 0
  epsabs 0
  flags 10
  seed 123456
  mineval 10000000
  maxeval 10000000
  nstart 1000000
  nincrease 1000000
  nbatch 5000
  gridno 0
  statefile ""

Iteration 1:  1000000 integrand evaluations so far
[1] 72.5867 +- 1.86172  	chisq 0 (0 df)

Iteration 2:  3000000 integrand evaluations so far
[1] 71.6214 +- 0.524996  	chisq 0.292055 (1 df)

Iteration 3:  6000000 integrand evaluations so far
[1] 71.5886 +- 0.32594  	chisq 0.29842 (2 df)

Iteration 4:  10000000 integrand evaluations so far
[1] 71.4595 +- 0.247342  	chisq 0.668112 (3 df)
   71.46 ±   0.25        ( 40.1s) ┃  118.38 ±   0.25        (8.41mi) ┃
┃   66 -    68 ┃   40 -    41 ┃  96.765 ±  0.088        ( 19.6s) ┃ -50.405 ±  0.026        (6.86mi) ┃Vegas input parameters:
  ndim 7
  ncomp 1
  nvec 1
  epsrel 0
  epsabs 0
  flags 10
  seed 123456
  mineval 10000000
  maxeval 10000000
  nstart 1000000
  nincrease 1000000
  nbatch 5000
  gridno 0
  statefile ""

Iteration 1:  1000000 integrand evaluations so far
[1] 70.615 +- 1.80853  	chisq 0 (0 df)

Iteration 2:  3000000 integrand evaluations so far
[1] 70.3926 +- 0.516703  	chisq 0.0164596 (1 df)

Iteration 3:  6000000 integrand evaluations so far
[1] 70.9753 +- 0.322332  	chisq 2.09809 (2 df)

Iteration 4:  10000000 integrand evaluations so far
[1] 70.765 +- 0.237162  	chisq 3.02618 (3 df)
   70.76 ±   0.24        ( 39.5s) ┃  117.12 ±   0.25        (7.85mi) ┃
┃   66 -    68 ┃   41 -    42 ┃ 106.726 ±  0.062        (7.37mi) ┃ -55.829 ±  0.038        (3.49mi) ┃Vegas input parameters:
  ndim 7
  ncomp 1
  nvec 1
  epsrel 0
  epsabs 0
  flags 10
  seed 123456
  mineval 10000000
  maxeval 10000000
  nstart 1000000
  nincrease 1000000
  nbatch 5000
  gridno 0
  statefile ""

Iteration 1:  1000000 integrand evaluations so far
[1] 69.3346 +- 1.80196  	chisq 0 (0 df)

Iteration 2:  3000000 integrand evaluations so far
[1] 68.7487 +- 0.507873  	chisq 0.11482 (1 df)

Iteration 3:  6000000 integrand evaluations so far
[1] 69.2455 +- 0.317023  	chisq 1.68246 (2 df)

Iteration 4:  10000000 integrand evaluations so far
[1] 69.3794 +- 0.233918  	chisq 2.07416 (3 df)
   69.38 ±   0.23        ( 40.3s) ┃  120.28 ±   0.25        (11.5mi) ┃
┃   66 -    68 ┃   42 -    43 ┃ 105.617 ±  0.074        (7.82mi) ┃ -54.615 ±  0.031        (3.58mi) ┃Vegas input parameters:
  ndim 7
  ncomp 1
  nvec 1
  epsrel 0
  epsabs 0
  flags 10
  seed 123456
  mineval 10000000
  maxeval 10000000
  nstart 1000000
  nincrease 1000000
  nbatch 5000
  gridno 0
  statefile ""

Iteration 1:  1000000 integrand evaluations so far
[1] 65.9472 +- 1.72507  	chisq 0 (0 df)

Iteration 2:  3000000 integrand evaluations so far
[1] 66.32 +- 0.497267  	chisq 0.0509352 (1 df)

Iteration 3:  6000000 integrand evaluations so far
[1] 66.4307 +- 0.309391  	chisq 0.131752 (2 df)

Iteration 4:  10000000 integrand evaluations so far
[1] 66.5342 +- 0.245335  	chisq 0.43334 (3 df)
   66.53 ±   0.25        ( 39.2s) ┃  117.54 ±   0.26        (12.1mi) ┃
┃   66 -    68 ┃   43 -    44 ┃  89.075 ±  0.059        (1.85mi) ┃ -46.652 ±  0.036        ( 6.8mi) ┃Vegas input parameters:
  ndim 7
  ncomp 1
  nvec 1
  epsrel 0
  epsabs 0
  flags 10
  seed 123456
  mineval 10000000
  maxeval 10000000
  nstart 1000000
  nincrease 1000000
  nbatch 5000
  gridno 0
  statefile ""

Iteration 1:  1000000 integrand evaluations so far
[1] 62.6792 +- 1.67357  	chisq 0 (0 df)

Iteration 2:  3000000 integrand evaluations so far
[1] 63.5153 +- 0.56267  	chisq 0.281355 (1 df)

Iteration 3:  6000000 integrand evaluations so far
[1] 63.0851 +- 0.338739  	chisq 1.19833 (2 df)

Iteration 4:  10000000 integrand evaluations so far
[1] 63.1864 +- 0.239333  	chisq 1.37701 (3 df)
   63.19 ±   0.24        ( 39.8s) ┃  105.61 ±   0.25        (9.31mi) ┃
┃   66 -    68 ┃   44 -    45 ┃  96.797 ±  0.078        (1.29mi) ┃ -51.039 ±  0.022        (3.31mi) ┃Vegas input parameters:
  ndim 7
  ncomp 1
  nvec 1
  epsrel 0
  epsabs 0
  flags 10
  seed 123456
  mineval 10000000
  maxeval 10000000
  nstart 1000000
  nincrease 1000000
  nbatch 5000
  gridno 0
  statefile ""

Iteration 1:  1000000 integrand evaluations so far
[1] 62.3461 +- 1.67197  	chisq 0 (0 df)

Iteration 2:  3000000 integrand evaluations so far
[1] 61.4093 +- 0.474148  	chisq 0.341357 (1 df)

Iteration 3:  6000000 integrand evaluations so far
[1] 61.2418 +- 0.312402  	chisq 0.561919 (2 df)

Iteration 4:  10000000 integrand evaluations so far
[1] 61.2031 +- 0.230364  	chisq 0.595586 (3 df)
    61.2 ±   0.23        ( 40.2s) ┃  106.96 ±   0.24        (5.27mi) ┃
┃   66 -    68 ┃   45 -    46 ┃  110.87 ±  0.038        (3.85mi) ┃ -58.081 ±  0.018        (52.6mi) ┃Vegas input parameters:
  ndim 7
  ncomp 1
  nvec 1
  epsrel 0
  epsabs 0
  flags 10
  seed 123456
  mineval 10000000
  maxeval 10000000
  nstart 1000000
  nincrease 1000000
  nbatch 5000
  gridno 0
  statefile ""

Iteration 1:  1000000 integrand evaluations so far
[1] 59.0329 +- 1.61791  	chisq 0 (0 df)

Iteration 2:  3000000 integrand evaluations so far
[1] 59.4275 +- 0.462964  	chisq 0.0647798 (1 df)

Iteration 3:  6000000 integrand evaluations so far
[1] 59.6998 +- 0.287612  	chisq 0.62828 (2 df)

Iteration 4:  10000000 integrand evaluations so far
[1] 59.5499 +- 0.22182  	chisq 1.29867 (3 df)
   59.55 ±   0.22        ( 38.9s) ┃  112.34 ±   0.23        (57.1mi) ┃
┃   66 -    68 ┃   46 -    47 ┃  79.818 ±  0.019        (3.67mi) ┃ -41.541 ±  0.035        ( 3.5mi) ┃Vegas input parameters:
  ndim 7
  ncomp 1
  nvec 1
  epsrel 0
  epsabs 0
  flags 10
  seed 123456
  mineval 10000000
  maxeval 10000000
  nstart 1000000
  nincrease 1000000
  nbatch 5000
  gridno 0
  statefile ""

Iteration 1:  1000000 integrand evaluations so far
[1] 56.3442 +- 1.58235  	chisq 0 (0 df)

Iteration 2:  3000000 integrand evaluations so far
[1] 57.6965 +- 0.452967  	chisq 0.795527 (1 df)

Iteration 3:  6000000 integrand evaluations so far
[1] 57.6248 +- 0.285429  	chisq 0.837044 (2 df)

Iteration 4:  10000000 integrand evaluations so far
[1] 57.4367 +- 0.21102  	chisq 1.79559 (3 df)
   57.44 ±   0.21        ( 39.3s) ┃   95.71 ±   0.21        (7.83mi) ┃
┃   66 -    68 ┃   47 -    48 ┃  83.346 ±  0.064        (1.91mi) ┃ -43.874 ±  0.033        (26.2mi) ┃Vegas input parameters:
  ndim 7
  ncomp 1
  nvec 1
  epsrel 0
  epsabs 0
  flags 10
  seed 123456
  mineval 10000000
  maxeval 10000000
  nstart 1000000
  nincrease 1000000
  nbatch 5000
  gridno 0
  statefile ""

Iteration 1:  1000000 integrand evaluations so far
[1] 53.1697 +- 1.52051  	chisq 0 (0 df)

Iteration 2:  3000000 integrand evaluations so far
[1] 57.2838 +- 0.448926  	chisq 8.0203 (1 df)

Iteration 3:  6000000 integrand evaluations so far
[1] 56.6353 +- 0.276382  	chisq 11.3816 (2 df)

Iteration 4:  10000000 integrand evaluations so far
[1] 56.406 +- 0.207104  	chisq 12.9506 (3 df)
   56.41 ±   0.21        ( 40.1s) ┃   95.88 ±   0.22        (28.8mi) ┃
┃   66 -    68 ┃   48 -    49 ┃ 105.069 ±  0.028        ( 3.6mi) ┃ -55.169 ±  0.014        (13.2mi) ┃Vegas input parameters:
  ndim 7
  ncomp 1
  nvec 1
  epsrel 0
  epsabs 0
  flags 10
  seed 123456
  mineval 10000000
  maxeval 10000000
  nstart 1000000
  nincrease 1000000
  nbatch 5000
  gridno 0
  statefile ""

Iteration 1:  1000000 integrand evaluations so far
[1] 54.2837 +- 1.55126  	chisq 0 (0 df)

Iteration 2:  3000000 integrand evaluations so far
[1] 55.4778 +- 0.434039  	chisq 0.642868 (1 df)

Iteration 3:  6000000 integrand evaluations so far
[1] 54.9961 +- 0.268825  	chisq 2.64108 (2 df)

Iteration 4:  10000000 integrand evaluations so far
[1] 55.0589 +- 0.227485  	chisq 2.83331 (3 df)
   55.06 ±   0.23        ( 40.4s) ┃  104.96 ±   0.23        (17.5mi) ┃
┃   66 -    68 ┃   49 -    50 ┃  86.874 ±  0.022        (7.47mi) ┃ -45.492 ±  0.035        (  26mi) ┃Vegas input parameters:
  ndim 7
  ncomp 1
  nvec 1
  epsrel 0
  epsabs 0
  flags 10
  seed 123456
  mineval 10000000
  maxeval 10000000
  nstart 1000000
  nincrease 1000000
  nbatch 5000
  gridno 0
  statefile ""

Iteration 1:  1000000 integrand evaluations so far
[1] 53.9375 +- 1.53402  	chisq 0 (0 df)

Iteration 2:  3000000 integrand evaluations so far
[1] 53.351 +- 0.424775  	chisq 0.158305 (1 df)

Iteration 3:  6000000 integrand evaluations so far
[1] 53.657 +- 0.264989  	chisq 1.00788 (2 df)

Iteration 4:  10000000 integrand evaluations so far
[1] 53.72 +- 0.200729  	chisq 1.14062 (3 df)
   53.72 ±    0.2        ( 39.2s) ┃    95.1 ±    0.2        (34.1mi) ┃
┃   66 -    68 ┃   50 -    51 ┃   77.19 ±  0.021        (7.25mi) ┃-40.6374 ±  0.006        (  13mi) ┃Vegas input parameters:
  ndim 7
  ncomp 1
  nvec 1
  epsrel 0
  epsabs 0
  flags 10
  seed 123456
  mineval 10000000
  maxeval 10000000
  nstart 1000000
  nincrease 1000000
  nbatch 5000
  gridno 0
  statefile ""

Iteration 1:  1000000 integrand evaluations so far
[1] 54.169 +- 1.53122  	chisq 0 (0 df)

Iteration 2:  3000000 integrand evaluations so far
[1] 52.3807 +- 0.466774  	chisq 1.50372 (1 df)

Iteration 3:  6000000 integrand evaluations so far
[1] 52.9253 +- 0.285382  	chisq 3.67729 (2 df)

Iteration 4:  10000000 integrand evaluations so far
[1] 52.7789 +- 0.213824  	chisq 4.27743 (3 df)
   52.78 ±   0.21        (   40s) ┃   89.33 ±   0.21        (20.9mi) ┃
┃   66 -    68 ┃   51 -    52 ┃  89.649 ±  0.017        (7.19mi) ┃ -47.024 ±  0.043        (3.26mi) ┃Vegas input parameters:
  ndim 7
  ncomp 1
  nvec 1
  epsrel 0
  epsabs 0
  flags 10
  seed 123456
  mineval 10000000
  maxeval 10000000
  nstart 1000000
  nincrease 1000000
  nbatch 5000
  gridno 0
  statefile ""

Iteration 1:  1000000 integrand evaluations so far
[1] 51.055 +- 1.47469  	chisq 0 (0 df)

Iteration 2:  3000000 integrand evaluations so far
[1] 51.9121 +- 0.415866  	chisq 0.366999 (1 df)

Iteration 3:  6000000 integrand evaluations so far
[1] 52.0557 +- 0.269372  	chisq 0.572451 (2 df)

Iteration 4:  10000000 integrand evaluations so far
[1] 51.8181 +- 0.202084  	chisq 2.35142 (3 df)
   51.82 ±    0.2        ( 39.4s) ┃   94.44 ±   0.21        (11.1mi) ┃
┃   66 -    68 ┃   52 -    53 ┃  83.962 ±  0.035        (1.94mi) ┃ -44.099 ±  0.011        (  13mi) ┃Vegas input parameters:
  ndim 7
  ncomp 1
  nvec 1
  epsrel 0
  epsabs 0
  flags 10
  seed 123456
  mineval 10000000
  maxeval 10000000
  nstart 1000000
  nincrease 1000000
  nbatch 5000
  gridno 0
  statefile ""

Iteration 1:  1000000 integrand evaluations so far
[1] 51.3057 +- 1.47687  	chisq 0 (0 df)

Iteration 2:  3000000 integrand evaluations so far
[1] 50.9402 +- 0.40875  	chisq 0.0663404 (1 df)

Iteration 3:  6000000 integrand evaluations so far
[1] 51.0678 +- 0.254322  	chisq 0.225239 (2 df)

Iteration 4:  10000000 integrand evaluations so far
[1] 50.9331 +- 0.192272  	chisq 0.879225 (3 df)
   50.93 ±   0.19        ( 39.8s) ┃    90.8 ±    0.2        (15.6mi) ┃
┃   66 -    68 ┃   53 -    54 ┃   80.04 ±  0.048        (3.58mi) ┃ -41.591 ±  0.015        (25.6mi) ┃Vegas input parameters:
  ndim 7
  ncomp 1
  nvec 1
  epsrel 0
  epsabs 0
  flags 10
  seed 123456
  mineval 10000000
  maxeval 10000000
  nstart 1000000
  nincrease 1000000
  nbatch 5000
  gridno 0
  statefile ""

Iteration 1:  1000000 integrand evaluations so far
[1] 46.7805 +- 1.40039  	chisq 0 (0 df)

Iteration 2:  3000000 integrand evaluations so far
[1] 49.5455 +- 0.40394  	chisq 4.25241 (1 df)

Iteration 3:  6000000 integrand evaluations so far
[1] 49.803 +- 0.249284  	chisq 4.90859 (2 df)

Iteration 4:  10000000 integrand evaluations so far
[1] 49.7355 +- 0.183179  	chisq 5.068 (3 df)
   49.74 ±   0.18        ( 40.8s) ┃   88.19 ±   0.19        (29.9mi) ┃
┃   66 -    68 ┃   54 -    55 ┃  74.235 ±  0.063        (3.82mi) ┃ -39.085 ±  0.015        (50.7mi) ┃Vegas input parameters:
  ndim 7
  ncomp 1
  nvec 1
  epsrel 0
  epsabs 0
  flags 10
  seed 123456
  mineval 10000000
  maxeval 10000000
  nstart 1000000
  nincrease 1000000
  nbatch 5000
  gridno 0
  statefile ""

Iteration 1:  1000000 integrand evaluations so far
[1] 48.672 +- 1.43948  	chisq 0 (0 df)

Iteration 2:  3000000 integrand evaluations so far
[1] 49.2665 +- 0.405252  	chisq 0.185271 (1 df)

Iteration 3:  6000000 integrand evaluations so far
[1] 49.4248 +- 0.250604  	chisq 0.432307 (2 df)

Iteration 4:  10000000 integrand evaluations so far
[1] 49.1668 +- 0.183648  	chisq 2.72253 (3 df)
   49.17 ±   0.18        ( 40.2s) ┃   84.32 ±   0.19        (55.2mi) ┃
┃   66 -    68 ┃   55 -    56 ┃  94.476 ±  0.084        (1.05mi) ┃ -49.282 ±  0.048        ( 6.4mi) ┃Vegas input parameters:
  ndim 7
  ncomp 1
  nvec 1
  epsrel 0
  epsabs 0
  flags 10
  seed 123456
  mineval 10000000
  maxeval 10000000
  nstart 1000000
  nincrease 1000000
  nbatch 5000
  gridno 0
  statefile ""

Iteration 1:  1000000 integrand evaluations so far
[1] 49.6827 +- 1.45954  	chisq 0 (0 df)

Iteration 2:  3000000 integrand evaluations so far
[1] 48.625 +- 0.392386  	chisq 0.566052 (1 df)

Iteration 3:  6000000 integrand evaluations so far
[1] 48.2971 +- 0.242247  	chisq 1.69451 (2 df)

Iteration 4:  10000000 integrand evaluations so far
[1] 48.2907 +- 0.184612  	chisq 1.69617 (3 df)
   48.29 ±   0.18        ( 39.8s) ┃   93.48 ±   0.21        (8.11mi) ┃
┃   66 -    68 ┃   56 -    57 ┃  73.323 ±  0.016        ( 3.9mi) ┃ -38.351 ±  0.011        (25.2mi) ┃Vegas input parameters:
  ndim 7
  ncomp 1
  nvec 1
  epsrel 0
  epsabs 0
  flags 10
  seed 123456
  mineval 10000000
  maxeval 10000000
  nstart 1000000
  nincrease 1000000
  nbatch 5000
  gridno 0
  statefile ""

Iteration 1:  1000000 integrand evaluations so far
[1] 46.978 +- 1.41146  	chisq 0 (0 df)

Iteration 2:  3000000 integrand evaluations so far
[1] 48.1394 +- 0.388382  	chisq 0.732479 (1 df)

Iteration 3:  6000000 integrand evaluations so far
[1] 47.2775 +- 0.238443  	chisq 8.63722 (2 df)

Iteration 4:  10000000 integrand evaluations so far
[1] 47.3685 +- 0.17567  	chisq 8.95587 (3 df)
   47.37 ±   0.18        ( 39.7s) ┃   82.34 ±   0.18        (29.8mi) ┃
┃   66 -    68 ┃   57 -    58 ┃ 63.7835 ± 0.0064        (1.85mi) ┃ -33.363 ±  0.014        (6.43mi) ┃Vegas input parameters:
  ndim 7
  ncomp 1
  nvec 1
  epsrel 0
  epsabs 0
  flags 10
  seed 123456
  mineval 10000000
  maxeval 10000000
  nstart 1000000
  nincrease 1000000
  nbatch 5000
  gridno 0
  statefile ""

Iteration 1:  1000000 integrand evaluations so far
[1] 47.9445 +- 1.43988  	chisq 0 (0 df)

Iteration 2:  3000000 integrand evaluations so far
[1] 47.3773 +- 0.390063  	chisq 0.167453 (1 df)

Iteration 3:  6000000 integrand evaluations so far
[1] 46.8759 +- 0.23875  	chisq 2.80906 (2 df)

Iteration 4:  10000000 integrand evaluations so far
[1] 46.8805 +- 0.177487  	chisq 2.80988 (3 df)
   46.88 ±   0.18        ( 40.1s) ┃    77.3 ±   0.18        (8.95mi) ┃
┃   66 -    68 ┃   58 -    59 ┃  73.902 ±  0.041        (1.97mi) ┃  -38.94 ±   0.03        (12.6mi) ┃Vegas input parameters:
  ndim 7
  ncomp 1
  nvec 1
  epsrel 0
  epsabs 0
  flags 10
  seed 123456
  mineval 10000000
  maxeval 10000000
  nstart 1000000
  nincrease 1000000
  nbatch 5000
  gridno 0
  statefile ""

Iteration 1:  1000000 integrand evaluations so far
[1] 46.7374 +- 1.40709  	chisq 0 (0 df)

Iteration 2:  3000000 integrand evaluations so far
[1] 46.3508 +- 0.377817  	chisq 0.0813519 (1 df)

Iteration 3:  6000000 integrand evaluations so far
[1] 45.9739 +- 0.232535  	chisq 1.68365 (2 df)

Iteration 4:  10000000 integrand evaluations so far
[1] 46.1465 +- 0.180167  	chisq 3.06263 (3 df)
   46.15 ±   0.18        ( 40.1s) ┃   81.11 ±   0.19        (15.3mi) ┃
┃   66 -    68 ┃   59 -    60 ┃  84.416 ±  0.062        (1.93mi) ┃-44.0933 ± 0.0034        (50.2mi) ┃Vegas input parameters:
  ndim 7
  ncomp 1
  nvec 1
  epsrel 0
  epsabs 0
  flags 10
  seed 123456
  mineval 10000000
  maxeval 10000000
  nstart 1000000
  nincrease 1000000
  nbatch 5000
  gridno 0
  statefile ""

Iteration 1:  1000000 integrand evaluations so far
[1] 43.9333 +- 1.36361  	chisq 0 (0 df)

Iteration 2:  3000000 integrand evaluations so far
[1] 45.1883 +- 0.375988  	chisq 0.916761 (1 df)

Iteration 3:  6000000 integrand evaluations so far
[1] 45.2274 +- 0.241266  	chisq 0.935157 (2 df)

Iteration 4:  10000000 integrand evaluations so far
[1] 45.3416 +- 0.177561  	chisq 1.42349 (3 df)
   45.34 ±   0.18        ( 40.5s) ┃   85.66 ±   0.19        (52.8mi) ┃
┣━━━━━━━━━━━━━━╋━━━━━━━━━━━━━━╋━━━━━━━━━━━━━━━━━━━━━━━━━━━━━━━━━━╋━━━━━━━━━━━━━━━━━━━━━━━━━━━━━━━━━━╋━━━━━━━━━━━━━━━━━━━━━━━━━━━━━━━━━━╋━━━━━━━━━━━━━━━━━━━━━━━━━━━━━━━━━━┫
┃   64 -    68 ┃   25 -    60 ┃ 7.52507 ± 0.0006 ·10⁺⁰³ (4.79hr) ┃-3.95486 ± 0.0003 ·10⁺⁰³ (21.5hr) ┃  4.8696 ± 0.0021 ·10⁺⁰³ (46.7mi) ┃  8.4398 ± 0.0022 ·10⁺⁰³ (  27hr) ┃
┗━━━━━━━━━━━━━━┻━━━━━━━━━━━━━━┻━━━━━━━━━━━━━━━━━━━━━━━━━━━━━━━━━━┻━━━━━━━━━━━━━━━━━━━━━━━━━━━━━━━━━━┻━━━━━━━━━━━━━━━━━━━━━━━━━━━━━━━━━━┻━━━━━━━━━━━━━━━━━━━━━━━━━━━━━━━━━━┛

╍╍╍╍╍╍╍╍╍╍╍╍╍╍╍╍╍╍╍╍╍╍╍╍╍╍╍╍╍╍╍╍ Summary ╍╍╍╍╍╍╍╍╍╍╍╍╍╍╍╍╍╍╍╍╍╍╍╍╍╍╍╍╍╍╍
      Total cross section                    8.4398 ± 0.0022          pb
         Calculation time                                 27       hours
              Output file                    outputs/qt_qt64_68_NLL_muR1.0_muF0.5.root            
      Result in text file                    outputs/qt_qt64_68_NLL_muR1.0_muF0.5.txt            

╍╍╍╍╍╍╍╍╍╍╍╍╍╍╍╍╍╍╍╍╍╍╍╍╍╍╍╍╍╍╍╍╍╍╍╍╍╍╍╍╍╍╍╍╍╍╍╍╍╍╍╍╍╍╍╍╍╍╍╍╍╍╍╍╍╍╍╍╍╍╍╍

