
╍╍╍╍╍╍╍╍╍╍╍╍╍╍╍╍╍╍╍╍╍╍╍╍╍╍╍ Process settings ╍╍╍╍╍╍╍╍╍╍╍╍╍╍╍╍╍╍╍╍╍╍╍╍╍╍╍
   proton-proton collisions at sqrt(s) = 13000 GeV 
   Computing NLO+NLL resummed cross section
   W+ ->  nu(p3)+e+(p4) production 

╍╍╍╍╍╍╍╍╍╍╍╍╍╍╍╍╍╍╍╍╍╍╍╍╍╍╍╍╍╍ CKM matrix ╍╍╍╍╍╍╍╍╍╍╍╍╍╍╍╍╍╍╍╍╍╍╍╍╍╍╍╍╍╍
     | Vud Vus Vub |   |   0.97427   0.2253  0.00351 | 
     | Vcd Vcs Vcb | = |    0.2252  0.97344   0.0412 | 
     | Vtd Vts Vtb |   |         0        0        0 | 

╍╍╍╍╍╍╍╍╍╍╍╍╍╍╍╍╍╍╍╍╍╍╍╍╍╍╍╍╍ EW parameters ╍╍╍╍╍╍╍╍╍╍╍╍╍╍╍╍╍╍╍╍╍╍╍╍╍╍╍╍
                                         Gf =  1.1663787e-05      GeV^-2
                                    1/alpha =  132.233229791            
                                 sin(thW)^2 = 0.222897222524            
                                     W mass =         80.385         GeV
                                     Z mass =        91.1876         GeV
                                    W width =          2.091         GeV
                                    Z width =          2.495         GeV

╍╍╍╍╍╍╍╍╍╍╍╍╍╍╍╍╍╍╍╍╍╍╍╍╍╍╍╍╍ QCD settings ╍╍╍╍╍╍╍╍╍╍╍╍╍╍╍╍╍╍╍╍╍╍╍╍╍╍╍╍╍
   Renormalization scale:     dynamic muren =            0.5      * m_ll
     Factorization scale:     dynamic mufac =              1      * m_ll
       Resummation scale:     dynamic mures =              1      * m_ll
          Strong coupling       alpha_s(MZ) =       0.118001            
                              running order =              2       -loop
         Non-perturbative     form factor g =            0.7       GeV^2

╍╍╍╍╍╍╍╍╍╍╍╍╍╍╍╍╍╍╍╍╍╍╍╍╍╍╍╍╍ PDF settings ╍╍╍╍╍╍╍╍╍╍╍╍╍╍╍╍╍╍╍╍╍╍╍╍╍╍╍╍╍
                                     PDF set:MSHT20nnlo_as118            
                                  PDF member:              0            
  Mellin moments of PDFs:                    Numerical integration            
                         nodes for the quadrature:            200            
                         Intervals for the quadrature:              1            

╍╍╍╍╍╍╍╍╍╍╍╍╍╍╍╍╍╍╍╍╍╍╍╍╍╍╍╍╍╍╍ qT recoil ╍╍╍╍╍╍╍╍╍╍╍╍╍╍╍╍╍╍╍╍╍╍╍╍╍╍╍╍╍╍
  qt-recoil prescription:       Collins-Soper kt1 = p_V(x)/2; kt2 = p_V(y)/2            

╍╍╍╍╍╍╍╍╍╍╍╍╍╍╍╍╍╍╍╍╍╍╍╍╍╍╍╍╍╍╍╍╍ Cuts ╍╍╍╍╍╍╍╍╍╍╍╍╍╍╍╍╍╍╍╍╍╍╍╍╍╍╍╍╍╍╍╍╍
                                  apply cuts:           true            
                                      pt_l >               0            
                                   |eta_l| <            1000            
                                    pt_lep >              25            
                                 |eta_lep| <             2.4            
                                   pt_alep >              25            
                                |eta_alep| <             2.4            
                                  user cuts:            true            

╍╍╍╍╍╍╍╍╍╍╍╍╍╍╍╍╍╍╍╍╍╍╍╍╍╍╍╍ ResummationDamp ╍╍╍╍╍╍╍╍╍╍╍╍╍╍╍╍╍╍╍╍╍╍╍╍╍╍╍
                                    damping :             on            
                                damping mode:              1            
                                  damp above:        60.2888         GeV
                               damping width:        20.0963         GeV
                          resummation cutoff:             20         MeV

╍╍╍╍╍╍╍╍╍╍╍╍╍╍╍╍╍╍╍╍╍╍╍╍╍╍╍╍ Debug settings ╍╍╍╍╍╍╍╍╍╍╍╍╍╍╍╍╍╍╍╍╍╍╍╍╍╍╍╍
                                 timeprofile:          false            
                                     verbose:          false            
                               cubaverbosity:              2            

╍╍╍╍╍╍╍╍╍╍╍╍╍╍╍╍╍╍╍╍╍╍╍╍╍╍╍╍╍╍╍╍╍╍╍╍╍╍╍╍╍╍╍╍╍╍╍╍╍╍╍╍╍╍╍╍╍╍╍╍╍╍╍╍╍╍╍╍╍╍╍╍

Warning: Histogram `a1_qt` contains non-integrable observable and will be deleted 
Warning: Histogram `a1_qt_vs_y` contains non-integrable observable and will be deleted 
Warning: Histogram `s_biganswer` contains non-integrable observable and will be deleted 
Warning: Histogram `wgt_a1_qt` contains non-integrable observable and will be deleted 

╍╍╍╍╍╍╍╍╍╍╍╍╍╍╍╍╍╍╍╍╍╍╍╍╍ Integration settings ╍╍╍╍╍╍╍╍╍╍╍╍╍╍╍╍╍╍╍╍╍╍╍╍╍
             Random seeds              123456                           
           Parallel cores                   1                           

             Resummation:     cuhre (dm, dpt)         iter =           5
                                   gauss (dy)        nodes =          64
                                                 intervals =           1
            Counter term:      cuhre (dm, dy)         iter =           5
                                  gauss (dpt)        nodes =          20
                                                 intervals =           5
                     V+J:            vegas 7D       ncalls =    10000000

Mellin inverse transform:           gaussian         nodes =          30
                                                 intervals =           1
                               imaginary axis         zmax =           2
  Angular variable costh:     semi-analytical      ncstart =         100
   Angular variables phi:            gaussian    intervals =          20

      Constant boundaries                  q2          low =          80
                                                      high =         100
                                            y          low =          -6
                                                      high =           6
                                        costh          low =          -1
                                                      high =           1
                                       eta(l)          low =         -10
                                                      high =          10

┏━━━━━━━━━━━━━━┰━━━━━━━━━━━━━━┰━━━━━━━━━━━━━━━━━━━━━━━━━━━━━━━━━━┰━━━━━━━━━━━━━━━━━━━━━━━━━━━━━━━━━━┰━━━━━━━━━━━━━━━━━━━━━━━━━━━━━━━━━━┰━━━━━━━━━━━━━━━━━━━━━━━━━━━━━━━━━━┓
┃           qT ┃        pT(l) ┃                      Resummation ┃                     Counter term ┃                              V+J ┃                            TOTAL ┃
┣━━━━━━━━━━━━━━╋━━━━━━━━━━━━━━╋━━━━━━━━━━━━━━━━━━━━━━━━━━━━━━━━━━╋━━━━━━━━━━━━━━━━━━━━━━━━━━━━━━━━━━╋━━━━━━━━━━━━━━━━━━━━━━━━━━━━━━━━━━╋━━━━━━━━━━━━━━━━━━━━━━━━━━━━━━━━━━┫
┃   84 -    86 ┃   25 -    26 ┃  8.5433 ±  0.003        (9.03mi) ┃  -6.192 ± 0.0018        (47.5mi) ┃Vegas input parameters:
  ndim 7
  ncomp 1
  nvec 1
  epsrel 0
  epsabs 0
  flags 10
  seed 123456
  mineval 10000000
  maxeval 10000000
  nstart 1000000
  nincrease 1000000
  nbatch 5000
  gridno 0
  statefile ""

Iteration 1:  1000000 integrand evaluations so far
[1] 48.1503 +- 1.35108  	chisq 0 (0 df)

Iteration 2:  3000000 integrand evaluations so far
[1] 49.7442 +- 0.389316  	chisq 1.51781 (1 df)

Iteration 3:  6000000 integrand evaluations so far
[1] 49.9455 +- 0.241513  	chisq 1.95201 (2 df)

Iteration 4:  10000000 integrand evaluations so far
[1] 49.908 +- 0.188591  	chisq 2.01368 (3 df)
   49.91 ±   0.19        ( 40.1s) ┃   52.26 ±   0.19        (57.2mi) ┃
┃   84 -    86 ┃   26 -    27 ┃ 14.4175 ± 0.0029        ( 40.6s) ┃-10.3332 ±  0.002        (12.5mi) ┃Vegas input parameters:
  ndim 7
  ncomp 1
  nvec 1
  epsrel 0
  epsabs 0
  flags 10
  seed 123456
  mineval 10000000
  maxeval 10000000
  nstart 1000000
  nincrease 1000000
  nbatch 5000
  gridno 0
  statefile ""

Iteration 1:  1000000 integrand evaluations so far
[1] 48.4974 +- 1.34662  	chisq 0 (0 df)

Iteration 2:  3000000 integrand evaluations so far
[1] 48.0794 +- 0.377508  	chisq 0.104562 (1 df)

Iteration 3:  6000000 integrand evaluations so far
[1] 48.1851 +- 0.234522  	chisq 0.232142 (2 df)

Iteration 4:  10000000 integrand evaluations so far
[1] 48.3911 +- 0.186606  	chisq 2.33619 (3 df)
   48.39 ±   0.19        ( 40.2s) ┃   52.48 ±   0.19        (13.8mi) ┃
┃   84 -    86 ┃   27 -    28 ┃  9.1112 ± 0.0038        (9.14mi) ┃ -6.5758 ±  0.004        (1.61hr) ┃Vegas input parameters:
  ndim 7
  ncomp 1
  nvec 1
  epsrel 0
  epsabs 0
  flags 10
  seed 123456
  mineval 10000000
  maxeval 10000000
  nstart 1000000
  nincrease 1000000
  nbatch 5000
  gridno 0
  statefile ""

Iteration 1:  1000000 integrand evaluations so far
[1] 47.5561 +- 1.3218  	chisq 0 (0 df)

Iteration 2:  3000000 integrand evaluations so far
[1] 47.05 +- 0.371177  	chisq 0.159139 (1 df)

Iteration 3:  6000000 integrand evaluations so far
[1] 46.978 +- 0.229976  	chisq 0.22022 (2 df)

Iteration 4:  10000000 integrand evaluations so far
[1] 47.0547 +- 0.179145  	chisq 0.503698 (3 df)
   47.05 ±   0.18        ( 40.1s) ┃   49.59 ±   0.18        (1.78hr) ┃
┃   84 -    86 ┃   28 -    29 ┃  8.6925 ± 0.0082        ( 2.3mi) ┃ -6.3378 ± 0.0054        (11.9mi) ┃Vegas input parameters:
  ndim 7
  ncomp 1
  nvec 1
  epsrel 0
  epsabs 0
  flags 10
  seed 123456
  mineval 10000000
  maxeval 10000000
  nstart 1000000
  nincrease 1000000
  nbatch 5000
  gridno 0
  statefile ""

Iteration 1:  1000000 integrand evaluations so far
[1] 46.0007 +- 1.28798  	chisq 0 (0 df)

Iteration 2:  3000000 integrand evaluations so far
[1] 45.8548 +- 0.361593  	chisq 0.0139262 (1 df)

Iteration 3:  6000000 integrand evaluations so far
[1] 45.8626 +- 0.251056  	chisq 0.0148248 (2 df)

Iteration 4:  10000000 integrand evaluations so far
[1] 46.0356 +- 0.186491  	chisq 1.07357 (3 df)
   46.04 ±   0.19        ( 40.6s) ┃   48.39 ±   0.19        (14.9mi) ┃
┃   84 -    86 ┃   29 -    30 ┃ 10.6879 ± 0.00068        (2.68mi) ┃ -7.6658 ± 0.0042        (  25mi) ┃Vegas input parameters:
  ndim 7
  ncomp 1
  nvec 1
  epsrel 0
  epsabs 0
  flags 10
  seed 123456
  mineval 10000000
  maxeval 10000000
  nstart 1000000
  nincrease 1000000
  nbatch 5000
  gridno 0
  statefile ""

Iteration 1:  1000000 integrand evaluations so far
[1] 45.894 +- 1.28651  	chisq 0 (0 df)

Iteration 2:  3000000 integrand evaluations so far
[1] 44.9888 +- 0.35618  	chisq 0.53617 (1 df)

Iteration 3:  6000000 integrand evaluations so far
[1] 44.9713 +- 0.220959  	chisq 0.540096 (2 df)

Iteration 4:  10000000 integrand evaluations so far
[1] 44.7755 +- 0.166779  	chisq 2.36395 (3 df)
   44.78 ±   0.17        ( 39.9s) ┃    47.8 ±   0.17        (28.3mi) ┃
┃   84 -    86 ┃   30 -    31 ┃ 12.0227 ± 0.0026        (1.12mi) ┃ -8.6462 ± 0.0083        (12.4mi) ┃Vegas input parameters:
  ndim 7
  ncomp 1
  nvec 1
  epsrel 0
  epsabs 0
  flags 10
  seed 123456
  mineval 10000000
  maxeval 10000000
  nstart 1000000
  nincrease 1000000
  nbatch 5000
  gridno 0
  statefile ""

Iteration 1:  1000000 integrand evaluations so far
[1] 46.392 +- 1.27574  	chisq 0 (0 df)

Iteration 2:  3000000 integrand evaluations so far
[1] 44.3905 +- 0.350726  	chisq 2.66265 (1 df)

Iteration 3:  6000000 integrand evaluations so far
[1] 44.1884 +- 0.217239  	chisq 3.20153 (2 df)

Iteration 4:  10000000 integrand evaluations so far
[1] 44.2851 +- 0.169749  	chisq 3.70974 (3 df)
   44.29 ±   0.17        ( 39.6s) ┃   47.66 ±   0.17        (14.1mi) ┃
┃   84 -    86 ┃   31 -    32 ┃  7.1479 ± 0.0028        (4.71mi) ┃ -5.1727 ±  0.002        (25.8mi) ┃Vegas input parameters:
  ndim 7
  ncomp 1
  nvec 1
  epsrel 0
  epsabs 0
  flags 10
  seed 123456
  mineval 10000000
  maxeval 10000000
  nstart 1000000
  nincrease 1000000
  nbatch 5000
  gridno 0
  statefile ""

Iteration 1:  1000000 integrand evaluations so far
[1] 42.9535 +- 1.20796  	chisq 0 (0 df)

Iteration 2:  3000000 integrand evaluations so far
[1] 42.8964 +- 0.343498  	chisq 0.00243015 (1 df)

Iteration 3:  6000000 integrand evaluations so far
[1] 43.2994 +- 0.234732  	chisq 2.58421 (2 df)

Iteration 4:  10000000 integrand evaluations so far
[1] 43.3106 +- 0.173654  	chisq 2.58924 (3 df)
   43.31 ±   0.17        ( 39.3s) ┃   45.29 ±   0.17        (31.2mi) ┃
┃   84 -    86 ┃   32 -    33 ┃  12.365 ± 0.0061        (1.26mi) ┃ -8.9401 ± 0.0081        ( 6.3mi) ┃Vegas input parameters:
  ndim 7
  ncomp 1
  nvec 1
  epsrel 0
  epsabs 0
  flags 10
  seed 123456
  mineval 10000000
  maxeval 10000000
  nstart 1000000
  nincrease 1000000
  nbatch 5000
  gridno 0
  statefile ""

Iteration 1:  1000000 integrand evaluations so far
[1] 41.5617 +- 1.1856  	chisq 0 (0 df)

Iteration 2:  3000000 integrand evaluations so far
[1] 42.3359 +- 0.337384  	chisq 0.464054 (1 df)

Iteration 3:  6000000 integrand evaluations so far
[1] 42.6507 +- 0.23558  	chisq 2.16229 (2 df)

Iteration 4:  10000000 integrand evaluations so far
[1] 42.6107 +- 0.177766  	chisq 2.2291 (3 df)
   42.61 ±   0.18        ( 39.1s) ┃   46.04 ±   0.18        (8.21mi) ┃
┃   84 -    86 ┃   33 -    34 ┃ 10.9298 ± 0.0089        (2.37mi) ┃ -7.9075 ± 0.0066        (  25mi) ┃Vegas input parameters:
  ndim 7
  ncomp 1
  nvec 1
  epsrel 0
  epsabs 0
  flags 10
  seed 123456
  mineval 10000000
  maxeval 10000000
  nstart 1000000
  nincrease 1000000
  nbatch 5000
  gridno 0
  statefile ""

Iteration 1:  1000000 integrand evaluations so far
[1] 41.7217 +- 1.18407  	chisq 0 (0 df)

Iteration 2:  3000000 integrand evaluations so far
[1] 42.2273 +- 0.418377  	chisq 0.208391 (1 df)

Iteration 3:  6000000 integrand evaluations so far
[1] 41.9175 +- 0.247443  	chisq 1.05158 (2 df)

Iteration 4:  10000000 integrand evaluations so far
[1] 41.9771 +- 0.170557  	chisq 1.16205 (3 df)
   41.98 ±   0.17        ( 39.7s) ┃      45 ±   0.17        (  28mi) ┃
┃   84 -    86 ┃   34 -    35 ┃  8.4942 ± 0.0058        (1.08mi) ┃ -6.0786 ±  0.003        (6.58mi) ┃Vegas input parameters:
  ndim 7
  ncomp 1
  nvec 1
  epsrel 0
  epsabs 0
  flags 10
  seed 123456
  mineval 10000000
  maxeval 10000000
  nstart 1000000
  nincrease 1000000
  nbatch 5000
  gridno 0
  statefile ""

Iteration 1:  1000000 integrand evaluations so far
[1] 40.6891 +- 1.15634  	chisq 0 (0 df)

Iteration 2:  3000000 integrand evaluations so far
[1] 41.3871 +- 0.330974  	chisq 0.396879 (1 df)

Iteration 3:  6000000 integrand evaluations so far
[1] 41.1565 +- 0.20428  	chisq 1.18074 (2 df)

Iteration 4:  10000000 integrand evaluations so far
[1] 41.2645 +- 0.154904  	chisq 1.83775 (3 df)
   41.26 ±   0.15        ( 40.9s) ┃   43.68 ±   0.16        (8.34mi) ┃
┃   84 -    86 ┃   35 -    36 ┃  9.0633 ± 0.0076        (1.27mi) ┃ -6.5717 ± 0.0061        (24.2mi) ┃Vegas input parameters:
  ndim 7
  ncomp 1
  nvec 1
  epsrel 0
  epsabs 0
  flags 10
  seed 123456
  mineval 10000000
  maxeval 10000000
  nstart 1000000
  nincrease 1000000
  nbatch 5000
  gridno 0
  statefile ""

Iteration 1:  1000000 integrand evaluations so far
[1] 41.8678 +- 1.16718  	chisq 0 (0 df)

Iteration 2:  3000000 integrand evaluations so far
[1] 41.1022 +- 0.327262  	chisq 0.466921 (1 df)

Iteration 3:  6000000 integrand evaluations so far
[1] 40.9984 +- 0.227276  	chisq 0.661349 (2 df)

Iteration 4:  10000000 integrand evaluations so far
[1] 40.7343 +- 0.167326  	chisq 3.61012 (3 df)
   40.73 ±   0.17        ( 40.5s) ┃   43.23 ±   0.17        (26.1mi) ┃
┃   84 -    86 ┃   36 -    37 ┃ 11.9474 ± 0.0088        ( 19.5s) ┃ -8.7062 ± 0.0047        (3.05mi) ┃Vegas input parameters:
  ndim 7
  ncomp 1
  nvec 1
  epsrel 0
  epsabs 0
  flags 10
  seed 123456
  mineval 10000000
  maxeval 10000000
  nstart 1000000
  nincrease 1000000
  nbatch 5000
  gridno 0
  statefile ""

Iteration 1:  1000000 integrand evaluations so far
[1] 39.5534 +- 1.13097  	chisq 0 (0 df)

Iteration 2:  3000000 integrand evaluations so far
[1] 40.5929 +- 0.322899  	chisq 0.919733 (1 df)

Iteration 3:  6000000 integrand evaluations so far
[1] 40.2244 +- 0.198758  	chisq 3.01648 (2 df)

Iteration 4:  10000000 integrand evaluations so far
[1] 40.1844 +- 0.152738  	chisq 3.1155 (3 df)
   40.18 ±   0.15        ( 40.4s) ┃   43.43 ±   0.15        (4.05mi) ┃
┃   84 -    86 ┃   37 -    38 ┃  10.643 ±   0.01        (1.07mi) ┃ -7.6909 ± 0.0016        (23.7mi) ┃Vegas input parameters:
  ndim 7
  ncomp 1
  nvec 1
  epsrel 0
  epsabs 0
  flags 10
  seed 123456
  mineval 10000000
  maxeval 10000000
  nstart 1000000
  nincrease 1000000
  nbatch 5000
  gridno 0
  statefile ""

Iteration 1:  1000000 integrand evaluations so far
[1] 40.8688 +- 1.13707  	chisq 0 (0 df)

Iteration 2:  3000000 integrand evaluations so far
[1] 39.3519 +- 0.314333  	chisq 1.92678 (1 df)

Iteration 3:  6000000 integrand evaluations so far
[1] 39.7557 +- 0.196265  	chisq 4.63075 (2 df)

Iteration 4:  10000000 integrand evaluations so far
[1] 39.606 +- 0.14429  	chisq 5.89666 (3 df)
   39.61 ±   0.14        ( 40.9s) ┃   42.56 ±   0.14        (25.5mi) ┃
┃   84 -    86 ┃   38 -    39 ┃  9.2953 ± 0.0029        ( 8.8mi) ┃ -6.6932 ± 0.0018        (47.6mi) ┃Vegas input parameters:
  ndim 7
  ncomp 1
  nvec 1
  epsrel 0
  epsabs 0
  flags 10
  seed 123456
  mineval 10000000
  maxeval 10000000
  nstart 1000000
  nincrease 1000000
  nbatch 5000
  gridno 0
  statefile ""

Iteration 1:  1000000 integrand evaluations so far
[1] 40.5568 +- 1.12752  	chisq 0 (0 df)

Iteration 2:  3000000 integrand evaluations so far
[1] 39.0192 +- 0.310623  	chisq 2.01257 (1 df)

Iteration 3:  6000000 integrand evaluations so far
[1] 39.0177 +- 0.192798  	chisq 2.01261 (2 df)

Iteration 4:  10000000 integrand evaluations so far
[1] 38.9663 +- 0.155921  	chisq 2.21809 (3 df)
   38.97 ±   0.16        ( 40.8s) ┃   41.57 ±   0.16        (57.1mi) ┃
┃   84 -    86 ┃   39 -    40 ┃  9.1569 ± 0.0044        (4.44mi) ┃ -6.6391 ± 0.0044        (6.29mi) ┃Vegas input parameters:
  ndim 7
  ncomp 1
  nvec 1
  epsrel 0
  epsabs 0
  flags 10
  seed 123456
  mineval 10000000
  maxeval 10000000
  nstart 1000000
  nincrease 1000000
  nbatch 5000
  gridno 0
  statefile ""

Iteration 1:  1000000 integrand evaluations so far
[1] 36.7484 +- 1.06107  	chisq 0 (0 df)

Iteration 2:  3000000 integrand evaluations so far
[1] 38.4616 +- 0.349873  	chisq 2.92503 (1 df)

Iteration 3:  6000000 integrand evaluations so far
[1] 38.6296 +- 0.219398  	chisq 3.305 (2 df)

Iteration 4:  10000000 integrand evaluations so far
[1] 38.3794 +- 0.155109  	chisq 5.90466 (3 df)
   38.38 ±   0.16        ( 39.7s) ┃    40.9 ±   0.16        (11.4mi) ┃
┃   84 -    86 ┃   40 -    41 ┃ 11.2903 ± 0.0058        ( 40.9s) ┃ -8.1807 ± 0.0021        (24.6mi) ┃Vegas input parameters:
  ndim 7
  ncomp 1
  nvec 1
  epsrel 0
  epsabs 0
  flags 10
  seed 123456
  mineval 10000000
  maxeval 10000000
  nstart 1000000
  nincrease 1000000
  nbatch 5000
  gridno 0
  statefile ""

Iteration 1:  1000000 integrand evaluations so far
[1] 35.2739 +- 1.03072  	chisq 0 (0 df)

Iteration 2:  3000000 integrand evaluations so far
[1] 37.2508 +- 0.301114  	chisq 4.02181 (1 df)

Iteration 3:  6000000 integrand evaluations so far
[1] 37.6971 +- 0.187811  	chisq 7.61744 (2 df)

Iteration 4:  10000000 integrand evaluations so far
[1] 37.783 +- 0.141064  	chisq 8.09769 (3 df)
   37.78 ±   0.14        ( 38.9s) ┃   40.89 ±   0.14        (25.9mi) ┃
┃   84 -    86 ┃   41 -    42 ┃ 12.2745 ± 0.0081        (1.15mi) ┃ -8.8332 ± 0.0069        (24.6mi) ┃Vegas input parameters:
  ndim 7
  ncomp 1
  nvec 1
  epsrel 0
  epsabs 0
  flags 10
  seed 123456
  mineval 10000000
  maxeval 10000000
  nstart 1000000
  nincrease 1000000
  nbatch 5000
  gridno 0
  statefile ""

Iteration 1:  1000000 integrand evaluations so far
[1] 39.2682 +- 1.09018  	chisq 0 (0 df)

Iteration 2:  3000000 integrand evaluations so far
[1] 37.9962 +- 0.303108  	chisq 1.47545 (1 df)

Iteration 3:  6000000 integrand evaluations so far
[1] 38.1019 +- 0.187923  	chisq 1.67305 (2 df)

Iteration 4:  10000000 integrand evaluations so far
[1] 37.8818 +- 0.147538  	chisq 5.24862 (3 df)
   37.88 ±   0.15        ( 39.2s) ┃   41.32 ±   0.15        (26.4mi) ┃
┃   84 -    86 ┃   42 -    43 ┃ 10.1545 ± 0.0079        (1.57mi) ┃ -7.3069 ± 0.0055        (17.8mi) ┃Vegas input parameters:
  ndim 7
  ncomp 1
  nvec 1
  epsrel 0
  epsabs 0
  flags 10
  seed 123456
  mineval 10000000
  maxeval 10000000
  nstart 1000000
  nincrease 1000000
  nbatch 5000
  gridno 0
  statefile ""

Iteration 1:  1000000 integrand evaluations so far
[1] 39.1731 +- 1.09385  	chisq 0 (0 df)

Iteration 2:  3000000 integrand evaluations so far
[1] 37.2941 +- 0.299631  	chisq 3.19014 (1 df)

Iteration 3:  6000000 integrand evaluations so far
[1] 37.1789 +- 0.185534  	chisq 3.42981 (2 df)

Iteration 4:  10000000 integrand evaluations so far
[1] 37.0757 +- 0.136234  	chisq 4.10112 (3 df)
   37.08 ±   0.14        ( 39.8s) ┃   39.92 ±   0.14        (  20mi) ┃
┃   84 -    86 ┃   43 -    44 ┃  9.4842 ± 0.0035        (2.62mi) ┃ -6.8316 ± 0.0046        (25.3mi) ┃Vegas input parameters:
  ndim 7
  ncomp 1
  nvec 1
  epsrel 0
  epsabs 0
  flags 10
  seed 123456
  mineval 10000000
  maxeval 10000000
  nstart 1000000
  nincrease 1000000
  nbatch 5000
  gridno 0
  statefile ""

Iteration 1:  1000000 integrand evaluations so far
[1] 35.4002 +- 1.01623  	chisq 0 (0 df)

Iteration 2:  3000000 integrand evaluations so far
[1] 36.6436 +- 0.294985  	chisq 1.63475 (1 df)

Iteration 3:  6000000 integrand evaluations so far
[1] 36.4545 +- 0.181994  	chisq 2.29829 (2 df)

Iteration 4:  10000000 integrand evaluations so far
[1] 36.5633 +- 0.13784  	chisq 3.1366 (3 df)
   36.56 ±   0.14        ( 40.4s) ┃   39.22 ±   0.14        (28.6mi) ┃
┃   84 -    86 ┃   44 -    45 ┃ 10.8493 ± 0.0034        ( 2.3mi) ┃ -7.9684 ± 0.0021        ( 52.3s) ┃Vegas input parameters:
  ndim 7
  ncomp 1
  nvec 1
  epsrel 0
  epsabs 0
  flags 10
  seed 123456
  mineval 10000000
  maxeval 10000000
  nstart 1000000
  nincrease 1000000
  nbatch 5000
  gridno 0
  statefile ""

Iteration 1:  1000000 integrand evaluations so far
[1] 36.9773 +- 1.03153  	chisq 0 (0 df)

Iteration 2:  3000000 integrand evaluations so far
[1] 36.2248 +- 0.290887  	chisq 0.578091 (1 df)

Iteration 3:  6000000 integrand evaluations so far
[1] 36.2088 +- 0.180258  	chisq 0.583035 (2 df)

Iteration 4:  10000000 integrand evaluations so far
[1] 36.1339 +- 0.132592  	chisq 0.959057 (3 df)
   36.13 ±   0.13        ( 39.8s) ┃   39.01 ±   0.13        (3.84mi) ┃
┃   84 -    86 ┃   45 -    46 ┃  9.6914 ± 0.0051        (1.47mi) ┃-7.04106 ± 0.0009        (1.64hr) ┃Vegas input parameters:
  ndim 7
  ncomp 1
  nvec 1
  epsrel 0
  epsabs 0
  flags 10
  seed 123456
  mineval 10000000
  maxeval 10000000
  nstart 1000000
  nincrease 1000000
  nbatch 5000
  gridno 0
  statefile ""

Iteration 1:  1000000 integrand evaluations so far
[1] 36.3816 +- 1.02644  	chisq 0 (0 df)

Iteration 2:  3000000 integrand evaluations so far
[1] 35.6356 +- 0.286916  	chisq 0.572971 (1 df)

Iteration 3:  6000000 integrand evaluations so far
[1] 35.8387 +- 0.178646  	chisq 1.39098 (2 df)

Iteration 4:  10000000 integrand evaluations so far
[1] 35.9171 +- 0.136709  	chisq 1.8566 (3 df)
   35.92 ±   0.14        ( 40.5s) ┃   38.57 ±   0.14        (1.68hr) ┃
┃   84 -    86 ┃   46 -    47 ┃ 10.0221 ± 0.0018        (18.3mi) ┃ -7.1707 ± 0.0069        (25.6mi) ┃Vegas input parameters:
  ndim 7
  ncomp 1
  nvec 1
  epsrel 0
  epsabs 0
  flags 10
  seed 123456
  mineval 10000000
  maxeval 10000000
  nstart 1000000
  nincrease 1000000
  nbatch 5000
  gridno 0
  statefile ""

Iteration 1:  1000000 integrand evaluations so far
[1] 36.0003 +- 1.00758  	chisq 0 (0 df)

Iteration 2:  3000000 integrand evaluations so far
[1] 35.6413 +- 0.286862  	chisq 0.138214 (1 df)

Iteration 3:  6000000 integrand evaluations so far
[1] 35.585 +- 0.177559  	chisq 0.200676 (2 df)

Iteration 4:  10000000 integrand evaluations so far
[1] 35.7744 +- 0.13131  	chisq 2.71291 (3 df)
   35.77 ±   0.13        ( 41.1s) ┃   38.63 ±   0.13        (44.5mi) ┃
┃   84 -    86 ┃   47 -    48 ┃  8.6051 ± 0.0067        (2.31mi) ┃ -6.1891 ± 0.0042        (6.32mi) ┃Vegas input parameters:
  ndim 7
  ncomp 1
  nvec 1
  epsrel 0
  epsabs 0
  flags 10
  seed 123456
  mineval 10000000
  maxeval 10000000
  nstart 1000000
  nincrease 1000000
  nbatch 5000
  gridno 0
  statefile ""

Iteration 1:  1000000 integrand evaluations so far
[1] 36.031 +- 1.01911  	chisq 0 (0 df)

Iteration 2:  3000000 integrand evaluations so far
[1] 35.5271 +- 0.341055  	chisq 0.275364 (1 df)

Iteration 3:  6000000 integrand evaluations so far
[1] 35.6298 +- 0.223185  	chisq 0.434123 (2 df)

Iteration 4:  10000000 integrand evaluations so far
[1] 35.4975 +- 0.155856  	chisq 1.12071 (3 df)
    35.5 ±   0.16        ( 41.4s) ┃   37.91 ±   0.16        (9.32mi) ┃
┃   84 -    86 ┃   48 -    49 ┃  9.2817 ± 0.0018        (9.24mi) ┃ -6.7241 ± 0.0062        (  13mi) ┃Vegas input parameters:
  ndim 7
  ncomp 1
  nvec 1
  epsrel 0
  epsabs 0
  flags 10
  seed 123456
  mineval 10000000
  maxeval 10000000
  nstart 1000000
  nincrease 1000000
  nbatch 5000
  gridno 0
  statefile ""

Iteration 1:  1000000 integrand evaluations so far
[1] 34.7892 +- 0.990447  	chisq 0 (0 df)

Iteration 2:  3000000 integrand evaluations so far
[1] 35.0129 +- 0.281364  	chisq 0.0554737 (1 df)

Iteration 3:  6000000 integrand evaluations so far
[1] 35.2454 +- 0.187581  	chisq 1.28495 (2 df)

Iteration 4:  10000000 integrand evaluations so far
[1] 34.9972 +- 0.137707  	chisq 5.08053 (3 df)
      35 ±   0.14        ( 40.8s) ┃   37.55 ±   0.14        (22.9mi) ┃
┃   84 -    86 ┃   49 -    50 ┃ 11.5091 ± 0.0098        ( 49.6s) ┃ -8.2751 ± 0.0049        (12.8mi) ┃Vegas input parameters:
  ndim 7
  ncomp 1
  nvec 1
  epsrel 0
  epsabs 0
  flags 10
  seed 123456
  mineval 10000000
  maxeval 10000000
  nstart 1000000
  nincrease 1000000
  nbatch 5000
  gridno 0
  statefile ""

Iteration 1:  1000000 integrand evaluations so far
[1] 34.7354 +- 0.980242  	chisq 0 (0 df)

Iteration 2:  3000000 integrand evaluations so far
[1] 35.1471 +- 0.284063  	chisq 0.192568 (1 df)

Iteration 3:  6000000 integrand evaluations so far
[1] 35.1152 +- 0.175713  	chisq 0.212937 (2 df)

Iteration 4:  10000000 integrand evaluations so far
[1] 35.0574 +- 0.132802  	chisq 0.465333 (3 df)
   35.06 ±   0.13        ( 40.3s) ┃   38.29 ±   0.13        (14.3mi) ┃
┃   84 -    86 ┃   50 -    51 ┃  8.4458 ± 0.0043        (8.98mi) ┃ -6.0408 ± 0.0037        (6.59mi) ┃Vegas input parameters:
  ndim 7
  ncomp 1
  nvec 1
  epsrel 0
  epsabs 0
  flags 10
  seed 123456
  mineval 10000000
  maxeval 10000000
  nstart 1000000
  nincrease 1000000
  nbatch 5000
  gridno 0
  statefile ""

Iteration 1:  1000000 integrand evaluations so far
[1] 37.2701 +- 1.03352  	chisq 0 (0 df)

Iteration 2:  3000000 integrand evaluations so far
[1] 34.9016 +- 0.279971  	chisq 5.66772 (1 df)

Iteration 3:  6000000 integrand evaluations so far
[1] 34.7271 +- 0.1732  	chisq 6.29682 (2 df)

Iteration 4:  10000000 integrand evaluations so far
[1] 34.7104 +- 0.133723  	chisq 6.31989 (3 df)
   34.71 ±   0.13        ( 40.7s) ┃   37.12 ±   0.13        (16.2mi) ┃
┃   84 -    86 ┃   51 -    52 ┃  7.9023 ± 0.0059        (5.04mi) ┃ -5.5725 ± 0.0053        (3.64mi) ┃Vegas input parameters:
  ndim 7
  ncomp 1
  nvec 1
  epsrel 0
  epsabs 0
  flags 10
  seed 123456
  mineval 10000000
  maxeval 10000000
  nstart 1000000
  nincrease 1000000
  nbatch 5000
  gridno 0
  statefile ""

Iteration 1:  1000000 integrand evaluations so far
[1] 33.5167 +- 0.968435  	chisq 0 (0 df)

Iteration 2:  3000000 integrand evaluations so far
[1] 34.5423 +- 0.276241  	chisq 1.22083 (1 df)

Iteration 3:  6000000 integrand evaluations so far
[1] 34.4769 +- 0.171214  	chisq 1.31178 (2 df)

Iteration 4:  10000000 integrand evaluations so far
[1] 34.5051 +- 0.129149  	chisq 1.37464 (3 df)
   34.51 ±   0.13        ( 39.5s) ┃   36.83 ±   0.13        (9.34mi) ┃
┃   84 -    86 ┃   52 -    53 ┃  8.3944 ±  0.008        ( 2.5mi) ┃ -6.0623 ± 0.0017        (52.2mi) ┃Vegas input parameters:
  ndim 7
  ncomp 1
  nvec 1
  epsrel 0
  epsabs 0
  flags 10
  seed 123456
  mineval 10000000
  maxeval 10000000
  nstart 1000000
  nincrease 1000000
  nbatch 5000
  gridno 0
  statefile ""

Iteration 1:  1000000 integrand evaluations so far
[1] 35.1472 +- 0.994287  	chisq 0 (0 df)

Iteration 2:  3000000 integrand evaluations so far
[1] 34.4475 +- 0.276043  	chisq 0.536569 (1 df)

Iteration 3:  6000000 integrand evaluations so far
[1] 34.1852 +- 0.17035  	chisq 1.99528 (2 df)

Iteration 4:  10000000 integrand evaluations so far
[1] 34.1363 +- 0.128001  	chisq 2.18452 (3 df)
   34.14 ±   0.13        ( 40.4s) ┃   36.47 ±   0.13        (55.3mi) ┃
┃   84 -    86 ┃   53 -    54 ┃ 10.4578 ± 0.0059        (1.37mi) ┃ -7.5868 ± 0.0063        (27.1mi) ┃Vegas input parameters:
  ndim 7
  ncomp 1
  nvec 1
  epsrel 0
  epsabs 0
  flags 10
  seed 123456
  mineval 10000000
  maxeval 10000000
  nstart 1000000
  nincrease 1000000
  nbatch 5000
  gridno 0
  statefile ""

Iteration 1:  1000000 integrand evaluations so far
[1] 31.6257 +- 0.92805  	chisq 0 (0 df)

Iteration 2:  3000000 integrand evaluations so far
[1] 34.0723 +- 0.274023  	chisq 7.61346 (1 df)

Iteration 3:  6000000 integrand evaluations so far
[1] 33.955 +- 0.169862  	chisq 7.91118 (2 df)

Iteration 4:  10000000 integrand evaluations so far
[1] 33.8678 +- 0.128186  	chisq 8.52358 (3 df)
   33.87 ±   0.13        ( 41.2s) ┃   36.74 ±   0.13        (29.2mi) ┃
┃   84 -    86 ┃   54 -    55 ┃  9.9935 ±  0.006        (2.39mi) ┃ -7.1588 ± 0.0054        (  13mi) ┃Vegas input parameters:
  ndim 7
  ncomp 1
  nvec 1
  epsrel 0
  epsabs 0
  flags 10
  seed 123456
  mineval 10000000
  maxeval 10000000
  nstart 1000000
  nincrease 1000000
  nbatch 5000
  gridno 0
  statefile ""

Iteration 1:  1000000 integrand evaluations so far
[1] 32.3918 +- 0.936064  	chisq 0 (0 df)

Iteration 2:  3000000 integrand evaluations so far
[1] 33.5366 +- 0.349926  	chisq 1.73885 (1 df)

Iteration 3:  6000000 integrand evaluations so far
[1] 33.8535 +- 0.204955  	chisq 2.98715 (2 df)

Iteration 4:  10000000 integrand evaluations so far
[1] 33.6969 +- 0.139526  	chisq 4.07556 (3 df)
    33.7 ±   0.14        ( 40.3s) ┃   36.53 ±   0.14        (  16mi) ┃
┃   84 -    86 ┃   55 -    56 ┃   7.774 ± 0.0072        (4.74mi) ┃ -5.6046 ± 0.0041        (26.2mi) ┃Vegas input parameters:
  ndim 7
  ncomp 1
  nvec 1
  epsrel 0
  epsabs 0
  flags 10
  seed 123456
  mineval 10000000
  maxeval 10000000
  nstart 1000000
  nincrease 1000000
  nbatch 5000
  gridno 0
  statefile ""

Iteration 1:  1000000 integrand evaluations so far
[1] 33.803 +- 0.962559  	chisq 0 (0 df)

Iteration 2:  3000000 integrand evaluations so far
[1] 33.9345 +- 0.300323  	chisq 0.0206775 (1 df)

Iteration 3:  6000000 integrand evaluations so far
[1] 33.7954 +- 0.182593  	chisq 0.361077 (2 df)

Iteration 4:  10000000 integrand evaluations so far
[1] 33.7182 +- 0.134307  	chisq 0.750505 (3 df)
   33.72 ±   0.13        ( 41.2s) ┃   35.89 ±   0.13        (31.6mi) ┃
┃   84 -    86 ┃   56 -    57 ┃  7.9841 ± 0.0034        (4.74mi) ┃ -5.7614 ± 0.0014        (51.9mi) ┃Vegas input parameters:
  ndim 7
  ncomp 1
  nvec 1
  epsrel 0
  epsabs 0
  flags 10
  seed 123456
  mineval 10000000
  maxeval 10000000
  nstart 1000000
  nincrease 1000000
  nbatch 5000
  gridno 0
  statefile ""

Iteration 1:  1000000 integrand evaluations so far
[1] 32.484 +- 0.943847  	chisq 0 (0 df)

Iteration 2:  3000000 integrand evaluations so far
[1] 33.5645 +- 0.311547  	chisq 1.47086 (1 df)

Iteration 3:  6000000 integrand evaluations so far
[1] 33.4672 +- 0.18786  	chisq 1.62402 (2 df)

Iteration 4:  10000000 integrand evaluations so far
[1] 33.5508 +- 0.133568  	chisq 2.02443 (3 df)
   33.55 ±   0.13        ( 40.9s) ┃   35.77 ±   0.13        (57.3mi) ┃
┃   84 -    86 ┃   57 -    58 ┃  9.4363 ±  0.009        ( 1.4mi) ┃ -6.7372 ± 0.0015        (3.45mi) ┃Vegas input parameters:
  ndim 7
  ncomp 1
  nvec 1
  epsrel 0
  epsabs 0
  flags 10
  seed 123456
  mineval 10000000
  maxeval 10000000
  nstart 1000000
  nincrease 1000000
  nbatch 5000
  gridno 0
  statefile ""

Iteration 1:  1000000 integrand evaluations so far
[1] 32.2207 +- 0.934406  	chisq 0 (0 df)

Iteration 2:  3000000 integrand evaluations so far
[1] 33.7035 +- 0.295421  	chisq 2.79793 (1 df)

Iteration 3:  6000000 integrand evaluations so far
[1] 33.3789 +- 0.179619  	chisq 4.71272 (2 df)

Iteration 4:  10000000 integrand evaluations so far
[1] 33.2771 +- 0.128653  	chisq 5.37264 (3 df)
   33.28 ±   0.13        ( 40.8s) ┃   35.98 ±   0.13        (5.53mi) ┃
┃   84 -    86 ┃   58 -    59 ┃  8.6245 ± 0.0075        (4.73mi) ┃ -6.2732 ± 0.0018        (53.4mi) ┃Vegas input parameters:
  ndim 7
  ncomp 1
  nvec 1
  epsrel 0
  epsabs 0
  flags 10
  seed 123456
  mineval 10000000
  maxeval 10000000
  nstart 1000000
  nincrease 1000000
  nbatch 5000
  gridno 0
  statefile ""

Iteration 1:  1000000 integrand evaluations so far
[1] 33.476 +- 0.958145  	chisq 0 (0 df)

Iteration 2:  3000000 integrand evaluations so far
[1] 33.5786 +- 0.287132  	chisq 0.0126058 (1 df)

Iteration 3:  6000000 integrand evaluations so far
[1] 33.4307 +- 0.175495  	chisq 0.436259 (2 df)

Iteration 4:  10000000 integrand evaluations so far
[1] 33.1811 +- 0.126641  	chisq 4.6555 (3 df)
   33.18 ±   0.13        ( 40.8s) ┃   35.53 ±   0.13        (58.8mi) ┃
┃   84 -    86 ┃   59 -    60 ┃  8.9953 ± 0.0022        (9.18mi) ┃ -6.4532 ± 0.0036        (6.51mi) ┃Vegas input parameters:
  ndim 7
  ncomp 1
  nvec 1
  epsrel 0
  epsabs 0
  flags 10
  seed 123456
  mineval 10000000
  maxeval 10000000
  nstart 1000000
  nincrease 1000000
  nbatch 5000
  gridno 0
  statefile ""

Iteration 1:  1000000 integrand evaluations so far
[1] 32.5469 +- 0.938894  	chisq 0 (0 df)

Iteration 2:  3000000 integrand evaluations so far
[1] 32.6631 +- 0.266434  	chisq 0.0166616 (1 df)

Iteration 3:  6000000 integrand evaluations so far
[1] 32.8318 +- 0.172532  	chisq 0.707475 (2 df)

Iteration 4:  10000000 integrand evaluations so far
[1] 32.8471 +- 0.127496  	chisq 0.724697 (3 df)
   32.85 ±   0.13        (   41s) ┃   35.39 ±   0.13        (16.4mi) ┃
┃   86 -    88 ┃   25 -    26 ┃  4.7446 ± 0.0043        (4.49mi) ┃ -3.3308 ± 0.0026        (1.59mi) ┃Vegas input parameters:
  ndim 7
  ncomp 1
  nvec 1
  epsrel 0
  epsabs 0
  flags 10
  seed 123456
  mineval 10000000
  maxeval 10000000
  nstart 1000000
  nincrease 1000000
  nbatch 5000
  gridno 0
  statefile ""

Iteration 1:  1000000 integrand evaluations so far
[1] 45.3374 +- 1.26467  	chisq 0 (0 df)

Iteration 2:  3000000 integrand evaluations so far
[1] 45.202 +- 0.358331  	chisq 0.012462 (1 df)

Iteration 3:  6000000 integrand evaluations so far
[1] 45.7378 +- 0.242197  	chisq 4.12861 (2 df)

Iteration 4:  10000000 integrand evaluations so far
[1] 45.6057 +- 0.179014  	chisq 4.78497 (3 df)
   45.61 ±   0.18        ( 40.6s) ┃   47.02 ±   0.18        (6.76mi) ┃
┃   86 -    88 ┃   26 -    27 ┃ 10.4698 ± 0.0075        ( 41.6s) ┃ -7.5482 ± 0.0049        (24.4mi) ┃Vegas input parameters:
  ndim 7
  ncomp 1
  nvec 1
  epsrel 0
  epsabs 0
  flags 10
  seed 123456
  mineval 10000000
  maxeval 10000000
  nstart 1000000
  nincrease 1000000
  nbatch 5000
  gridno 0
  statefile ""

Iteration 1:  1000000 integrand evaluations so far
[1] 43.4811 +- 1.23335  	chisq 0 (0 df)

Iteration 2:  3000000 integrand evaluations so far
[1] 44.1612 +- 0.350455  	chisq 0.330741 (1 df)

Iteration 3:  6000000 integrand evaluations so far
[1] 44.2485 +- 0.22832  	chisq 0.438562 (2 df)

Iteration 4:  10000000 integrand evaluations so far
[1] 44.2953 +- 0.175917  	chisq 0.541969 (3 df)
    44.3 ±   0.18        ( 40.8s) ┃   47.22 ±   0.18        (25.8mi) ┃
┃   86 -    88 ┃   27 -    28 ┃  7.1806 ± 0.0033        (1.14mi) ┃ -5.1783 ± 0.0016        (12.5mi) ┃Vegas input parameters:
  ndim 7
  ncomp 1
  nvec 1
  epsrel 0
  epsabs 0
  flags 10
  seed 123456
  mineval 10000000
  maxeval 10000000
  nstart 1000000
  nincrease 1000000
  nbatch 5000
  gridno 0
  statefile ""

Iteration 1:  1000000 integrand evaluations so far
[1] 45.0552 +- 1.25574  	chisq 0 (0 df)

Iteration 2:  3000000 integrand evaluations so far
[1] 42.8227 +- 0.343161  	chisq 3.41604 (1 df)

Iteration 3:  6000000 integrand evaluations so far
[1] 43.1035 +- 0.213764  	chisq 4.51029 (2 df)

Iteration 4:  10000000 integrand evaluations so far
[1] 43.1787 +- 0.166361  	chisq 4.82464 (3 df)
   43.18 ±   0.17        ( 39.7s) ┃   45.18 ±   0.17        (14.3mi) ┃
┃   86 -    88 ┃   28 -    29 ┃  5.3173 ± 0.0051        (9.12mi) ┃ -3.8735 ± 0.0037        ( 1.6hr) ┃Vegas input parameters:
  ndim 7
  ncomp 1
  nvec 1
  epsrel 0
  epsabs 0
  flags 10
  seed 123456
  mineval 10000000
  maxeval 10000000
  nstart 1000000
  nincrease 1000000
  nbatch 5000
  gridno 0
  statefile ""

Iteration 1:  1000000 integrand evaluations so far
[1] 40.6678 +- 1.16559  	chisq 0 (0 df)

Iteration 2:  3000000 integrand evaluations so far
[1] 41.9874 +- 0.335282  	chisq 1.39749 (1 df)

Iteration 3:  6000000 integrand evaluations so far
[1] 42.1229 +- 0.231057  	chisq 1.70856 (2 df)

Iteration 4:  10000000 integrand evaluations so far
[1] 42.3589 +- 0.171866  	chisq 4.04356 (3 df)
   42.36 ±   0.17        ( 40.6s) ┃    43.8 ±   0.17        (1.77hr) ┃
┃   86 -    88 ┃   29 -    30 ┃  7.8291 ± 0.0014        (2.36mi) ┃ -5.6566 ± 0.0021        (  12mi) ┃Vegas input parameters:
  ndim 7
  ncomp 1
  nvec 1
  epsrel 0
  epsabs 0
  flags 10
  seed 123456
  mineval 10000000
  maxeval 10000000
  nstart 1000000
  nincrease 1000000
  nbatch 5000
  gridno 0
  statefile ""

Iteration 1:  1000000 integrand evaluations so far
[1] 42.0407 +- 1.19713  	chisq 0 (0 df)

Iteration 2:  3000000 integrand evaluations so far
[1] 41.2796 +- 0.330867  	chisq 0.437548 (1 df)

Iteration 3:  6000000 integrand evaluations so far
[1] 41.4827 +- 0.234909  	chisq 1.19709 (2 df)

Iteration 4:  10000000 integrand evaluations so far
[1] 41.5286 +- 0.173739  	chisq 1.28124 (3 df)
   41.53 ±   0.17        ( 41.9s) ┃    43.7 ±   0.17        (15.1mi) ┃
┃   86 -    88 ┃   30 -    31 ┃  8.7041 ± 0.0071        (1.24mi) ┃ -6.2834 ± 0.0048        (12.4mi) ┃Vegas input parameters:
  ndim 7
  ncomp 1
  nvec 1
  epsrel 0
  epsabs 0
  flags 10
  seed 123456
  mineval 10000000
  maxeval 10000000
  nstart 1000000
  nincrease 1000000
  nbatch 5000
  gridno 0
  statefile ""

Iteration 1:  1000000 integrand evaluations so far
[1] 43.765 +- 1.19929  	chisq 0 (0 df)

Iteration 2:  3000000 integrand evaluations so far
[1] 41.0269 +- 0.326213  	chisq 5.62901 (1 df)

Iteration 3:  6000000 integrand evaluations so far
[1] 40.8781 +- 0.220329  	chisq 6.01165 (2 df)

Iteration 4:  10000000 integrand evaluations so far
[1] 40.8249 +- 0.17017  	chisq 6.15642 (3 df)
   40.82 ±   0.17        (   40s) ┃   43.25 ±   0.17        (14.3mi) ┃
┃   86 -    88 ┃   31 -    32 ┃  6.0796 ± 0.0034        (4.54mi) ┃  -4.402 ± 0.0042        (  25mi) ┃Vegas input parameters:
  ndim 7
  ncomp 1
  nvec 1
  epsrel 0
  epsabs 0
  flags 10
  seed 123456
  mineval 10000000
  maxeval 10000000
  nstart 1000000
  nincrease 1000000
  nbatch 5000
  gridno 0
  statefile ""

Iteration 1:  1000000 integrand evaluations so far
[1] 39.7196 +- 1.12884  	chisq 0 (0 df)

Iteration 2:  3000000 integrand evaluations so far
[1] 39.7526 +- 0.317682  	chisq 0.000930757 (1 df)

Iteration 3:  6000000 integrand evaluations so far
[1] 39.7006 +- 0.220312  	chisq 0.0526456 (2 df)

Iteration 4:  10000000 integrand evaluations so far
[1] 39.848 +- 0.172116  	chisq 1.20115 (3 df)
   39.85 ±   0.17        ( 40.6s) ┃   41.53 ±   0.17        (30.3mi) ┃
┃   86 -    88 ┃   32 -    33 ┃  5.6597 ± 0.0024        (8.92mi) ┃ -4.0818 ± 0.0027        (12.6mi) ┃Vegas input parameters:
  ndim 7
  ncomp 1
  nvec 1
  epsrel 0
  epsabs 0
  flags 10
  seed 123456
  mineval 10000000
  maxeval 10000000
  nstart 1000000
  nincrease 1000000
  nbatch 5000
  gridno 0
  statefile ""

Iteration 1:  1000000 integrand evaluations so far
[1] 37.7415 +- 1.09517  	chisq 0 (0 df)

Iteration 2:  3000000 integrand evaluations so far
[1] 38.8898 +- 0.365024  	chisq 1.23688 (1 df)

Iteration 3:  6000000 integrand evaluations so far
[1] 38.9581 +- 0.219767  	chisq 1.29166 (2 df)

Iteration 4:  10000000 integrand evaluations so far
[1] 39.0472 +- 0.155019  	chisq 1.61883 (3 df)
   39.05 ±   0.16        ( 39.9s) ┃   40.63 ±   0.16        (22.2mi) ┃
┃   86 -    88 ┃   33 -    34 ┃  9.7051 ± 0.0037        (4.66mi) ┃  -7.089 ± 0.0056        (6.31mi) ┃Vegas input parameters:
  ndim 7
  ncomp 1
  nvec 1
  epsrel 0
  epsabs 0
  flags 10
  seed 123456
  mineval 10000000
  maxeval 10000000
  nstart 1000000
  nincrease 1000000
  nbatch 5000
  gridno 0
  statefile ""

Iteration 1:  1000000 integrand evaluations so far
[1] 39.5622 +- 1.11614  	chisq 0 (0 df)

Iteration 2:  3000000 integrand evaluations so far
[1] 38.4929 +- 0.309878  	chisq 0.994485 (1 df)

Iteration 3:  6000000 integrand evaluations so far
[1] 38.881 +- 0.214008  	chisq 3.99272 (2 df)

Iteration 4:  10000000 integrand evaluations so far
[1] 38.9543 +- 0.159251  	chisq 4.256 (3 df)
   38.95 ±   0.16        ( 41.5s) ┃   41.57 ±   0.16        (11.7mi) ┃
┃   86 -    88 ┃   34 -    35 ┃  7.2843 ± 0.0022        ( 37.8s) ┃ -5.2527 ±  0.003        (6.31mi) ┃Vegas input parameters:
  ndim 7
  ncomp 1
  nvec 1
  epsrel 0
  epsabs 0
  flags 10
  seed 123456
  mineval 10000000
  maxeval 10000000
  nstart 1000000
  nincrease 1000000
  nbatch 5000
  gridno 0
  statefile ""

Iteration 1:  1000000 integrand evaluations so far
[1] 37.2859 +- 1.07062  	chisq 0 (0 df)

Iteration 2:  3000000 integrand evaluations so far
[1] 38.0503 +- 0.307083  	chisq 0.55546 (1 df)

Iteration 3:  6000000 integrand evaluations so far
[1] 38.1036 +- 0.202742  	chisq 0.608706 (2 df)

Iteration 4:  10000000 integrand evaluations so far
[1] 38.1071 +- 0.150493  	chisq 0.609391 (3 df)
   38.11 ±   0.15        ( 40.5s) ┃   40.14 ±   0.15        (7.61mi) ┃
┃   86 -    88 ┃   35 -    36 ┃  4.5957 ± 0.0019        (1.64mi) ┃ -3.3251 ± 0.0028        (47.1mi) ┃Vegas input parameters:
  ndim 7
  ncomp 1
  nvec 1
  epsrel 0
  epsabs 0
  flags 10
  seed 123456
  mineval 10000000
  maxeval 10000000
  nstart 1000000
  nincrease 1000000
  nbatch 5000
  gridno 0
  statefile ""

Iteration 1:  1000000 integrand evaluations so far
[1] 37.7176 +- 1.07161  	chisq 0 (0 df)

Iteration 2:  3000000 integrand evaluations so far
[1] 37.84 +- 0.304725  	chisq 0.0142139 (1 df)

Iteration 3:  6000000 integrand evaluations so far
[1] 37.6728 +- 0.215501  	chisq 0.616896 (2 df)

Iteration 4:  10000000 integrand evaluations so far
[1] 37.4726 +- 0.158531  	chisq 2.49747 (3 df)
   37.47 ±   0.16        ( 40.4s) ┃   38.74 ±   0.16        (49.4mi) ┃
┃   86 -    88 ┃   36 -    37 ┃   8.531 ± 0.0027        (4.54mi) ┃ -6.2132 ± 0.0044        (23.8mi) ┃Vegas input parameters:
  ndim 7
  ncomp 1
  nvec 1
  epsrel 0
  epsabs 0
  flags 10
  seed 123456
  mineval 10000000
  maxeval 10000000
  nstart 1000000
  nincrease 1000000
  nbatch 5000
  gridno 0
  statefile ""

Iteration 1:  1000000 integrand evaluations so far
[1] 36.3647 +- 1.05159  	chisq 0 (0 df)

Iteration 2:  3000000 integrand evaluations so far
[1] 37.0277 +- 0.297461  	chisq 0.432026 (1 df)

Iteration 3:  6000000 integrand evaluations so far
[1] 36.7272 +- 0.183561  	chisq 2.08004 (2 df)

Iteration 4:  10000000 integrand evaluations so far
[1] 36.8576 +- 0.143485  	chisq 3.37734 (3 df)
   36.86 ±   0.14        ( 40.6s) ┃   39.18 ±   0.14        (  29mi) ┃
┃   86 -    88 ┃   37 -    38 ┃  8.8044 ± 0.0039        (2.35mi) ┃ -6.3855 ± 0.0047        (23.7mi) ┃Vegas input parameters:
  ndim 7
  ncomp 1
  nvec 1
  epsrel 0
  epsabs 0
  flags 10
  seed 123456
  mineval 10000000
  maxeval 10000000
  nstart 1000000
  nincrease 1000000
  nbatch 5000
  gridno 0
  statefile ""

Iteration 1:  1000000 integrand evaluations so far
[1] 36.14 +- 1.0337  	chisq 0 (0 df)

Iteration 2:  3000000 integrand evaluations so far
[1] 35.8659 +- 0.290426  	chisq 0.0763218 (1 df)

Iteration 3:  6000000 integrand evaluations so far
[1] 36.3222 +- 0.181527  	chisq 4.12787 (2 df)

Iteration 4:  10000000 integrand evaluations so far
[1] 36.2898 +- 0.133747  	chisq 4.19749 (3 df)
   36.29 ±   0.13        ( 41.5s) ┃   38.71 ±   0.13        (26.8mi) ┃
┃   86 -    88 ┃   38 -    39 ┃  5.8814 ± 0.0023        (17.6mi) ┃ -4.2549 ± 0.0022        (23.2mi) ┃Vegas input parameters:
  ndim 7
  ncomp 1
  nvec 1
  epsrel 0
  epsabs 0
  flags 10
  seed 123456
  mineval 10000000
  maxeval 10000000
  nstart 1000000
  nincrease 1000000
  nbatch 5000
  gridno 0
  statefile ""

Iteration 1:  1000000 integrand evaluations so far
[1] 38.3771 +- 1.06516  	chisq 0 (0 df)

Iteration 2:  3000000 integrand evaluations so far
[1] 35.9336 +- 0.288218  	chisq 5.67832 (1 df)

Iteration 3:  6000000 integrand evaluations so far
[1] 36.006 +- 0.179174  	chisq 5.7811 (2 df)

Iteration 4:  10000000 integrand evaluations so far
[1] 35.9771 +- 0.144372  	chisq 5.85529 (3 df)
   35.98 ±   0.14        ( 39.1s) ┃    37.6 ±   0.14        (41.5mi) ┃
┃   86 -    88 ┃   39 -    40 ┃  6.7309 ± 0.0066        (1.32mi) ┃ -4.8819 ± 0.0031        (47.5mi) ┃Vegas input parameters:
  ndim 7
  ncomp 1
  nvec 1
  epsrel 0
  epsabs 0
  flags 10
  seed 123456
  mineval 10000000
  maxeval 10000000
  nstart 1000000
  nincrease 1000000
  nbatch 5000
  gridno 0
  statefile ""

Iteration 1:  1000000 integrand evaluations so far
[1] 34.0007 +- 0.985974  	chisq 0 (0 df)

Iteration 2:  3000000 integrand evaluations so far
[1] 35.0427 +- 0.284616  	chisq 1.21831 (1 df)

Iteration 3:  6000000 integrand evaluations so far
[1] 35.1276 +- 0.17647  	chisq 1.36298 (2 df)

Iteration 4:  10000000 integrand evaluations so far
[1] 35.3251 +- 0.130793  	chisq 4.14128 (3 df)
   35.33 ±   0.13        (   41s) ┃   37.17 ±   0.13        (49.5mi) ┃
┃   86 -    88 ┃   40 -    41 ┃  6.8409 ± 0.0014        (4.44mi) ┃-4.98283 ± 0.00098        (24.6mi) ┃Vegas input parameters:
  ndim 7
  ncomp 1
  nvec 1
  epsrel 0
  epsabs 0
  flags 10
  seed 123456
  mineval 10000000
  maxeval 10000000
  nstart 1000000
  nincrease 1000000
  nbatch 5000
  gridno 0
  statefile ""

Iteration 1:  1000000 integrand evaluations so far
[1] 33.9695 +- 0.98419  	chisq 0 (0 df)

Iteration 2:  3000000 integrand evaluations so far
[1] 34.551 +- 0.281565  	chisq 0.380317 (1 df)

Iteration 3:  6000000 integrand evaluations so far
[1] 34.9502 +- 0.175419  	chisq 3.66528 (2 df)

Iteration 4:  10000000 integrand evaluations so far
[1] 34.9872 +- 0.129127  	chisq 3.76256 (3 df)
   34.99 ±   0.13        (   41s) ┃   36.85 ±   0.13        (29.7mi) ┃
┃   86 -    88 ┃   41 -    42 ┃  9.7546 ± 0.0096        (2.46mi) ┃ -7.0185 ± 0.0055        (6.29mi) ┃Vegas input parameters:
  ndim 7
  ncomp 1
  nvec 1
  epsrel 0
  epsabs 0
  flags 10
  seed 123456
  mineval 10000000
  maxeval 10000000
  nstart 1000000
  nincrease 1000000
  nbatch 5000
  gridno 0
  statefile ""

Iteration 1:  1000000 integrand evaluations so far
[1] 33.005 +- 0.963468  	chisq 0 (0 df)

Iteration 2:  3000000 integrand evaluations so far
[1] 34.2408 +- 0.279849  	chisq 1.7966 (1 df)

Iteration 3:  6000000 integrand evaluations so far
[1] 34.8288 +- 0.174431  	chisq 9.01738 (2 df)

Iteration 4:  10000000 integrand evaluations so far
[1] 34.7341 +- 0.133991  	chisq 9.73601 (3 df)
   34.73 ±   0.13        ( 41.4s) ┃   37.47 ±   0.13        (9.43mi) ┃
┃   86 -    88 ┃   42 -    43 ┃  6.7146 ± 0.0067        (17.8mi) ┃-4.87826 ± 0.00023        (1.62hr) ┃Vegas input parameters:
  ndim 7
  ncomp 1
  nvec 1
  epsrel 0
  epsabs 0
  flags 10
  seed 123456
  mineval 10000000
  maxeval 10000000
  nstart 1000000
  nincrease 1000000
  nbatch 5000
  gridno 0
  statefile ""

Iteration 1:  1000000 integrand evaluations so far
[1] 36.801 +- 1.01945  	chisq 0 (0 df)

Iteration 2:  3000000 integrand evaluations so far
[1] 34.3742 +- 0.276343  	chisq 6.11627 (1 df)

Iteration 3:  6000000 integrand evaluations so far
[1] 34.2598 +- 0.171137  	chisq 6.39396 (2 df)

Iteration 4:  10000000 integrand evaluations so far
[1] 34.1683 +- 0.13314  	chisq 7.11881 (3 df)
   34.17 ±   0.13        ( 42.1s) ┃      36 ±   0.13        (1.92hr) ┃
┃   86 -    88 ┃   43 -    44 ┃  7.2233 ± 0.0058        (1.38mi) ┃ -5.3082 ± 0.0034        (18.4mi) ┃Vegas input parameters:
  ndim 7
  ncomp 1
  nvec 1
  epsrel 0
  epsabs 0
  flags 10
  seed 123456
  mineval 10000000
  maxeval 10000000
  nstart 1000000
  nincrease 1000000
  nbatch 5000
  gridno 0
  statefile ""

Iteration 1:  1000000 integrand evaluations so far
[1] 34.1245 +- 0.979841  	chisq 0 (0 df)

Iteration 2:  3000000 integrand evaluations so far
[1] 34.0686 +- 0.275636  	chisq 0.00352478 (1 df)

Iteration 3:  6000000 integrand evaluations so far
[1] 33.8476 +- 0.170327  	chisq 1.04339 (2 df)

Iteration 4:  10000000 integrand evaluations so far
[1] 33.8713 +- 0.125384  	chisq 1.08541 (3 df)
   33.87 ±   0.13        ( 41.3s) ┃   35.79 ±   0.13        (20.5mi) ┃
┃   86 -    88 ┃   44 -    45 ┃  7.6139 ± 0.0036        (2.49mi) ┃ -5.4897 ±  0.005        (24.6mi) ┃Vegas input parameters:
  ndim 7
  ncomp 1
  nvec 1
  epsrel 0
  epsabs 0
  flags 10
  seed 123456
  mineval 10000000
  maxeval 10000000
  nstart 1000000
  nincrease 1000000
  nbatch 5000
  gridno 0
  statefile ""

Iteration 1:  1000000 integrand evaluations so far
[1] 32.7019 +- 0.934059  	chisq 0 (0 df)

Iteration 2:  3000000 integrand evaluations so far
[1] 33.601 +- 0.271685  	chisq 1.01201 (1 df)

Iteration 3:  6000000 integrand evaluations so far
[1] 33.6103 +- 0.168556  	chisq 1.01391 (2 df)

Iteration 4:  10000000 integrand evaluations so far
[1] 33.4385 +- 0.123804  	chisq 3.26977 (3 df)
   33.44 ±   0.12        ( 41.7s) ┃   35.56 ±   0.12        (27.8mi) ┃
┃   86 -    88 ┃   45 -    46 ┃  7.1163 ±  0.005        (4.64mi) ┃ -5.1709 ± 0.0037        (13.1mi) ┃Vegas input parameters:
  ndim 7
  ncomp 1
  nvec 1
  epsrel 0
  epsabs 0
  flags 10
  seed 123456
  mineval 10000000
  maxeval 10000000
  nstart 1000000
  nincrease 1000000
  nbatch 5000
  gridno 0
  statefile ""

Iteration 1:  1000000 integrand evaluations so far
[1] 34.6911 +- 0.969939  	chisq 0 (0 df)

Iteration 2:  3000000 integrand evaluations so far
[1] 33.3113 +- 0.269646  	chisq 2.19303 (1 df)

Iteration 3:  6000000 integrand evaluations so far
[1] 33.2993 +- 0.167156  	chisq 2.19624 (2 df)

Iteration 4:  10000000 integrand evaluations so far
[1] 33.109 +- 0.125863  	chisq 5.19089 (3 df)
   33.11 ±   0.13        ( 40.3s) ┃   35.05 ±   0.13        (18.4mi) ┃
┃   86 -    88 ┃   46 -    47 ┃  7.5147 ± 0.0019        (2.45mi) ┃ -5.4126 ± 0.0013        (6.24mi) ┃Vegas input parameters:
  ndim 7
  ncomp 1
  nvec 1
  epsrel 0
  epsabs 0
  flags 10
  seed 123456
  mineval 10000000
  maxeval 10000000
  nstart 1000000
  nincrease 1000000
  nbatch 5000
  gridno 0
  statefile ""

Iteration 1:  1000000 integrand evaluations so far
[1] 32.3024 +- 0.927409  	chisq 0 (0 df)

Iteration 2:  3000000 integrand evaluations so far
[1] 32.9682 +- 0.331917  	chisq 0.591024 (1 df)

Iteration 3:  6000000 integrand evaluations so far
[1] 32.7949 +- 0.195334  	chisq 1.00814 (2 df)

Iteration 4:  10000000 integrand evaluations so far
[1] 32.8017 +- 0.134703  	chisq 1.01047 (3 df)
    32.8 ±   0.13        ( 40.4s) ┃    34.9 ±   0.13        (9.37mi) ┃
┃   86 -    88 ┃   47 -    48 ┃  6.3353 ± 0.0018        (9.04mi) ┃ -4.5699 ± 0.0023        (49.7mi) ┃Vegas input parameters:
  ndim 7
  ncomp 1
  nvec 1
  epsrel 0
  epsabs 0
  flags 10
  seed 123456
  mineval 10000000
  maxeval 10000000
  nstart 1000000
  nincrease 1000000
  nbatch 5000
  gridno 0
  statefile ""

Iteration 1:  1000000 integrand evaluations so far
[1] 32.632 +- 0.92854  	chisq 0 (0 df)

Iteration 2:  3000000 integrand evaluations so far
[1] 32.8166 +- 0.290068  	chisq 0.0438044 (1 df)

Iteration 3:  6000000 integrand evaluations so far
[1] 32.272 +- 0.175869  	chisq 5.61753 (2 df)

Iteration 4:  10000000 integrand evaluations so far
[1] 32.4392 +- 0.128046  	chisq 7.54008 (3 df)
   32.44 ±   0.13        ( 40.5s) ┃    34.2 ±   0.13        (59.4mi) ┃
┃   86 -    88 ┃   48 -    49 ┃  6.2753 ± 0.0017        (1.24mi) ┃ -4.5431 ± 0.0033        (12.3mi) ┃Vegas input parameters:
  ndim 7
  ncomp 1
  nvec 1
  epsrel 0
  epsabs 0
  flags 10
  seed 123456
  mineval 10000000
  maxeval 10000000
  nstart 1000000
  nincrease 1000000
  nbatch 5000
  gridno 0
  statefile ""

Iteration 1:  1000000 integrand evaluations so far
[1] 33.8697 +- 0.95106  	chisq 0 (0 df)

Iteration 2:  3000000 integrand evaluations so far
[1] 32.4508 +- 0.262289  	chisq 2.40914 (1 df)

Iteration 3:  6000000 integrand evaluations so far
[1] 32.3122 +- 0.168432  	chisq 2.88419 (2 df)

Iteration 4:  10000000 integrand evaluations so far
[1] 32.3333 +- 0.12428  	chisq 2.91858 (3 df)
   32.33 ±   0.12        ( 38.2s) ┃   34.07 ±   0.12        (14.2mi) ┃
┃   86 -    88 ┃   49 -    50 ┃  7.4897 ± 0.0067        (4.51mi) ┃ -5.5153 ± 0.0025        (3.31mi) ┃Vegas input parameters:
  ndim 7
  ncomp 1
  nvec 1
  epsrel 0
  epsabs 0
  flags 10
  seed 123456
  mineval 10000000
  maxeval 10000000
  nstart 1000000
  nincrease 1000000
  nbatch 5000
  gridno 0
  statefile ""

Iteration 1:  1000000 integrand evaluations so far
[1] 31.4267 +- 0.904943  	chisq 0 (0 df)

Iteration 2:  3000000 integrand evaluations so far
[1] 31.9476 +- 0.259044  	chisq 0.361012 (1 df)

Iteration 3:  6000000 integrand evaluations so far
[1] 32.2725 +- 0.173975  	chisq 3.22646 (2 df)

Iteration 4:  10000000 integrand evaluations so far
[1] 31.9416 +- 0.127783  	chisq 11.0824 (3 df)
   31.94 ±   0.13        (   41s) ┃   33.92 ±   0.13        ( 8.5mi) ┃
┃   86 -    88 ┃   50 -    51 ┃  7.4489 ± 0.0015        (2.35mi) ┃ -5.3776 ± 0.0029        (6.46mi) ┃Vegas input parameters:
  ndim 7
  ncomp 1
  nvec 1
  epsrel 0
  epsabs 0
  flags 10
  seed 123456
  mineval 10000000
  maxeval 10000000
  nstart 1000000
  nincrease 1000000
  nbatch 5000
  gridno 0
  statefile ""

Iteration 1:  1000000 integrand evaluations so far
[1] 32.167 +- 0.917875  	chisq 0 (0 df)

Iteration 2:  3000000 integrand evaluations so far
[1] 31.6901 +- 0.258168  	chisq 0.293138 (1 df)

Iteration 3:  6000000 integrand evaluations so far
[1] 31.7636 +- 0.160357  	chisq 0.425228 (2 df)

Iteration 4:  10000000 integrand evaluations so far
[1] 31.814 +- 0.121807  	chisq 0.658672 (3 df)
   31.81 ±   0.12        ( 40.2s) ┃   33.89 ±   0.12        (9.47mi) ┃
┃   86 -    88 ┃   51 -    52 ┃  5.6649 ± 0.0045        (4.61mi) ┃ -4.1064 ± 0.0028        (12.8mi) ┃Vegas input parameters:
  ndim 7
  ncomp 1
  nvec 1
  epsrel 0
  epsabs 0
  flags 10
  seed 123456
  mineval 10000000
  maxeval 10000000
  nstart 1000000
  nincrease 1000000
  nbatch 5000
  gridno 0
  statefile ""

Iteration 1:  1000000 integrand evaluations so far
[1] 33.0023 +- 0.937012  	chisq 0 (0 df)

Iteration 2:  3000000 integrand evaluations so far
[1] 31.7683 +- 0.257752  	chisq 1.8764 (1 df)

Iteration 3:  6000000 integrand evaluations so far
[1] 31.7803 +- 0.159802  	chisq 1.87993 (2 df)

Iteration 4:  10000000 integrand evaluations so far
[1] 31.7773 +- 0.120553  	chisq 1.88076 (3 df)
   31.78 ±   0.12        ( 40.9s) ┃   33.34 ±   0.12        (18.1mi) ┃
┃   86 -    88 ┃   52 -    53 ┃  5.7195 ± 0.0013        (2.36mi) ┃ -4.1333 ± 0.0024        (25.7mi) ┃Vegas input parameters:
  ndim 7
  ncomp 1
  nvec 1
  epsrel 0
  epsabs 0
  flags 10
  seed 123456
  mineval 10000000
  maxeval 10000000
  nstart 1000000
  nincrease 1000000
  nbatch 5000
  gridno 0
  statefile ""

Iteration 1:  1000000 integrand evaluations so far
[1] 31.4185 +- 0.905562  	chisq 0 (0 df)

Iteration 2:  3000000 integrand evaluations so far
[1] 31.6111 +- 0.297241  	chisq 0.0506676 (1 df)

Iteration 3:  6000000 integrand evaluations so far
[1] 31.5074 +- 0.17893  	chisq 0.241468 (2 df)

Iteration 4:  10000000 integrand evaluations so far
[1] 31.3422 +- 0.125867  	chisq 1.92847 (3 df)
   31.34 ±   0.13        ( 39.8s) ┃   32.93 ±   0.13        (28.7mi) ┃
┃   86 -    88 ┃   53 -    54 ┃  6.2957 ± 0.0056        (2.45mi) ┃ -4.5836 ± 0.0043        (26.2mi) ┃Vegas input parameters:
  ndim 7
  ncomp 1
  nvec 1
  epsrel 0
  epsabs 0
  flags 10
  seed 123456
  mineval 10000000
  maxeval 10000000
  nstart 1000000
  nincrease 1000000
  nbatch 5000
  gridno 0
  statefile ""

Iteration 1:  1000000 integrand evaluations so far
[1] 31.5082 +- 0.904882  	chisq 0 (0 df)

Iteration 2:  3000000 integrand evaluations so far
[1] 31.3264 +- 0.253208  	chisq 0.0437939 (1 df)

Iteration 3:  6000000 integrand evaluations so far
[1] 31.2245 +- 0.156854  	chisq 0.30677 (2 df)

Iteration 4:  10000000 integrand evaluations so far
[1] 31.2447 +- 0.122677  	chisq 0.349447 (3 df)
   31.24 ±   0.12        ( 39.2s) ┃   32.96 ±   0.12        (29.3mi) ┃
┃   86 -    88 ┃   54 -    55 ┃  8.1357 ± 0.0075        ( 42.7s) ┃ -5.8844 ± 0.0025        (53.5mi) ┃Vegas input parameters:
  ndim 7
  ncomp 1
  nvec 1
  epsrel 0
  epsabs 0
  flags 10
  seed 123456
  mineval 10000000
  maxeval 10000000
  nstart 1000000
  nincrease 1000000
  nbatch 5000
  gridno 0
  statefile ""

Iteration 1:  1000000 integrand evaluations so far
[1] 29.3022 +- 0.861699  	chisq 0 (0 df)

Iteration 2:  3000000 integrand evaluations so far
[1] 31.2014 +- 0.253033  	chisq 5.31596 (1 df)

Iteration 3:  6000000 integrand evaluations so far
[1] 31.1915 +- 0.168347  	chisq 5.31872 (2 df)

Iteration 4:  10000000 integrand evaluations so far
[1] 31.2372 +- 0.130407  	chisq 5.5035 (3 df)
   31.24 ±   0.13        (   41s) ┃   33.49 ±   0.13        (54.9mi) ┃
┃   86 -    88 ┃   55 -    56 ┃  6.2043 ± 0.0053        (4.76mi) ┃ -4.4774 ± 0.0025        (13.2mi) ┃Vegas input parameters:
  ndim 7
  ncomp 1
  nvec 1
  epsrel 0
  epsabs 0
  flags 10
  seed 123456
  mineval 10000000
  maxeval 10000000
  nstart 1000000
  nincrease 1000000
  nbatch 5000
  gridno 0
  statefile ""

Iteration 1:  1000000 integrand evaluations so far
[1] 30.1382 +- 0.871544  	chisq 0 (0 df)

Iteration 2:  3000000 integrand evaluations so far
[1] 30.7947 +- 0.302693  	chisq 0.645252 (1 df)

Iteration 3:  6000000 integrand evaluations so far
[1] 30.7907 +- 0.180623  	chisq 0.645525 (2 df)

Iteration 4:  10000000 integrand evaluations so far
[1] 30.8373 +- 0.126357  	chisq 0.776135 (3 df)
   30.84 ±   0.13        (   40s) ┃   32.56 ±   0.13        (18.7mi) ┃
┃   86 -    88 ┃   56 -    57 ┃  5.5385 ± 0.0028        (2.49mi) ┃ -4.0152 ± 0.0014        (  26mi) ┃Vegas input parameters:
  ndim 7
  ncomp 1
  nvec 1
  epsrel 0
  epsabs 0
  flags 10
  seed 123456
  mineval 10000000
  maxeval 10000000
  nstart 1000000
  nincrease 1000000
  nbatch 5000
  gridno 0
  statefile ""

Iteration 1:  1000000 integrand evaluations so far
[1] 29.778 +- 0.87094  	chisq 0 (0 df)

Iteration 2:  3000000 integrand evaluations so far
[1] 30.5856 +- 0.249368  	chisq 0.936551 (1 df)

Iteration 3:  6000000 integrand evaluations so far
[1] 30.5569 +- 0.154678  	chisq 0.95809 (2 df)

Iteration 4:  10000000 integrand evaluations so far
[1] 30.5799 +- 0.114078  	chisq 1.00693 (3 df)
   30.58 ±   0.11        ( 41.5s) ┃    32.1 ±   0.11        (29.2mi) ┃
┃   86 -    88 ┃   57 -    58 ┃  5.9368 ± 0.0017        ( 4.6mi) ┃-4.30225 ± 0.00093        (  13mi) ┃Vegas input parameters:
  ndim 7
  ncomp 1
  nvec 1
  epsrel 0
  epsabs 0
  flags 10
  seed 123456
  mineval 10000000
  maxeval 10000000
  nstart 1000000
  nincrease 1000000
  nbatch 5000
  gridno 0
  statefile ""

Iteration 1:  1000000 integrand evaluations so far
[1] 30.6615 +- 0.885202  	chisq 0 (0 df)

Iteration 2:  3000000 integrand evaluations so far
[1] 31.1579 +- 0.308699  	chisq 0.358041 (1 df)

Iteration 3:  6000000 integrand evaluations so far
[1] 30.9526 +- 0.19987  	chisq 1.11987 (2 df)

Iteration 4:  10000000 integrand evaluations so far
[1] 30.7832 +- 0.138001  	chisq 2.49273 (3 df)
   30.78 ±   0.14        ( 40.4s) ┃   32.42 ±   0.14        (18.2mi) ┃
┃   86 -    88 ┃   58 -    59 ┃  6.6671 ± 0.0046        (1.37mi) ┃ -4.8037 ± 0.0045        (26.2mi) ┃Vegas input parameters:
  ndim 7
  ncomp 1
  nvec 1
  epsrel 0
  epsabs 0
  flags 10
  seed 123456
  mineval 10000000
  maxeval 10000000
  nstart 1000000
  nincrease 1000000
  nbatch 5000
  gridno 0
  statefile ""

Iteration 1:  1000000 integrand evaluations so far
[1] 30.3074 +- 0.876113  	chisq 0 (0 df)

Iteration 2:  3000000 integrand evaluations so far
[1] 30.6232 +- 0.249455  	chisq 0.141401 (1 df)

Iteration 3:  6000000 integrand evaluations so far
[1] 30.5971 +- 0.157895  	chisq 0.159696 (2 df)

Iteration 4:  10000000 integrand evaluations so far
[1] 30.4144 +- 0.116369  	chisq 3.09231 (3 df)
   30.41 ±   0.12        (   41s) ┃   32.28 ±   0.12        (28.2mi) ┃
┃   86 -    88 ┃   59 -    60 ┃ 6.24354 ± 0.00087        (9.65mi) ┃  -4.555 ± 0.0025        (52.5mi) ┃Vegas input parameters:
  ndim 7
  ncomp 1
  nvec 1
  epsrel 0
  epsabs 0
  flags 10
  seed 123456
  mineval 10000000
  maxeval 10000000
  nstart 1000000
  nincrease 1000000
  nbatch 5000
  gridno 0
  statefile ""

Iteration 1:  1000000 integrand evaluations so far
[1] 29.6742 +- 0.866874  	chisq 0 (0 df)

Iteration 2:  3000000 integrand evaluations so far
[1] 30.8515 +- 0.263839  	chisq 2.03268 (1 df)

Iteration 3:  6000000 integrand evaluations so far
[1] 30.8383 +- 0.165584  	chisq 2.03681 (2 df)

Iteration 4:  10000000 integrand evaluations so far
[1] 30.6336 +- 0.119991  	chisq 5.25255 (3 df)
   30.63 ±   0.12        ( 40.5s) ┃   32.32 ±   0.12        (1.05hr) ┃
┣━━━━━━━━━━━━━━╋━━━━━━━━━━━━━━╋━━━━━━━━━━━━━━━━━━━━━━━━━━━━━━━━━━╋━━━━━━━━━━━━━━━━━━━━━━━━━━━━━━━━━━╋━━━━━━━━━━━━━━━━━━━━━━━━━━━━━━━━━━╋━━━━━━━━━━━━━━━━━━━━━━━━━━━━━━━━━━┫
┃   84 -    88 ┃   25 -    60 ┃ 587.939 ±  0.045        (4.78hr) ┃-424.808 ±  0.034        (29.2hr) ┃  2.5878 ± 0.0012 ·10⁺⁰³ (47.2mi) ┃  2.7509 ± 0.0012 ·10⁺⁰³ (34.8hr) ┃
┗━━━━━━━━━━━━━━┻━━━━━━━━━━━━━━┻━━━━━━━━━━━━━━━━━━━━━━━━━━━━━━━━━━┻━━━━━━━━━━━━━━━━━━━━━━━━━━━━━━━━━━┻━━━━━━━━━━━━━━━━━━━━━━━━━━━━━━━━━━┻━━━━━━━━━━━━━━━━━━━━━━━━━━━━━━━━━━┛

╍╍╍╍╍╍╍╍╍╍╍╍╍╍╍╍╍╍╍╍╍╍╍╍╍╍╍╍╍╍╍╍ Summary ╍╍╍╍╍╍╍╍╍╍╍╍╍╍╍╍╍╍╍╍╍╍╍╍╍╍╍╍╍╍╍
      Total cross section                    2.7509 ± 0.0012          pb
         Calculation time                               34.8       hours
              Output file                    outputs/qt_qt84_88_NLL_muR0.5_muF1.0.root            
      Result in text file                    outputs/qt_qt84_88_NLL_muR0.5_muF1.0.txt            

╍╍╍╍╍╍╍╍╍╍╍╍╍╍╍╍╍╍╍╍╍╍╍╍╍╍╍╍╍╍╍╍╍╍╍╍╍╍╍╍╍╍╍╍╍╍╍╍╍╍╍╍╍╍╍╍╍╍╍╍╍╍╍╍╍╍╍╍╍╍╍╍

