
╍╍╍╍╍╍╍╍╍╍╍╍╍╍╍╍╍╍╍╍╍╍╍╍╍╍╍ Process settings ╍╍╍╍╍╍╍╍╍╍╍╍╍╍╍╍╍╍╍╍╍╍╍╍╍╍╍
   proton-proton collisions at sqrt(s) = 13000 GeV 
   Computing NLO+NLL resummed cross section
   W+ ->  nu(p3)+e+(p4) production 

╍╍╍╍╍╍╍╍╍╍╍╍╍╍╍╍╍╍╍╍╍╍╍╍╍╍╍╍╍╍ CKM matrix ╍╍╍╍╍╍╍╍╍╍╍╍╍╍╍╍╍╍╍╍╍╍╍╍╍╍╍╍╍╍
     | Vud Vus Vub |   |   0.97427   0.2253  0.00351 | 
     | Vcd Vcs Vcb | = |    0.2252  0.97344   0.0412 | 
     | Vtd Vts Vtb |   |         0        0        0 | 

╍╍╍╍╍╍╍╍╍╍╍╍╍╍╍╍╍╍╍╍╍╍╍╍╍╍╍╍╍ EW parameters ╍╍╍╍╍╍╍╍╍╍╍╍╍╍╍╍╍╍╍╍╍╍╍╍╍╍╍╍
                                         Gf =  1.1663787e-05      GeV^-2
                                    1/alpha =  132.233229791            
                                 sin(thW)^2 = 0.222897222524            
                                     W mass =         80.385         GeV
                                     Z mass =        91.1876         GeV
                                    W width =          2.091         GeV
                                    Z width =          2.495         GeV

╍╍╍╍╍╍╍╍╍╍╍╍╍╍╍╍╍╍╍╍╍╍╍╍╍╍╍╍╍ QCD settings ╍╍╍╍╍╍╍╍╍╍╍╍╍╍╍╍╍╍╍╍╍╍╍╍╍╍╍╍╍
   Renormalization scale:     dynamic muren =            0.5      * m_ll
     Factorization scale:     dynamic mufac =              1      * m_ll
       Resummation scale:     dynamic mures =              1      * m_ll
          Strong coupling       alpha_s(MZ) =       0.118001            
                              running order =              2       -loop
         Non-perturbative     form factor g =            0.7       GeV^2

╍╍╍╍╍╍╍╍╍╍╍╍╍╍╍╍╍╍╍╍╍╍╍╍╍╍╍╍╍ PDF settings ╍╍╍╍╍╍╍╍╍╍╍╍╍╍╍╍╍╍╍╍╍╍╍╍╍╍╍╍╍
                                     PDF set:MSHT20nnlo_as118            
                                  PDF member:              0            
  Mellin moments of PDFs:                    Numerical integration            
                         nodes for the quadrature:            200            
                         Intervals for the quadrature:              1            

╍╍╍╍╍╍╍╍╍╍╍╍╍╍╍╍╍╍╍╍╍╍╍╍╍╍╍╍╍╍╍ qT recoil ╍╍╍╍╍╍╍╍╍╍╍╍╍╍╍╍╍╍╍╍╍╍╍╍╍╍╍╍╍╍
  qt-recoil prescription:       Collins-Soper kt1 = p_V(x)/2; kt2 = p_V(y)/2            

╍╍╍╍╍╍╍╍╍╍╍╍╍╍╍╍╍╍╍╍╍╍╍╍╍╍╍╍╍╍╍╍╍ Cuts ╍╍╍╍╍╍╍╍╍╍╍╍╍╍╍╍╍╍╍╍╍╍╍╍╍╍╍╍╍╍╍╍╍
                                  apply cuts:           true            
                                      pt_l >               0            
                                   |eta_l| <            1000            
                                    pt_lep >              25            
                                 |eta_lep| <             2.4            
                                   pt_alep >              25            
                                |eta_alep| <             2.4            
                                  user cuts:            true            

╍╍╍╍╍╍╍╍╍╍╍╍╍╍╍╍╍╍╍╍╍╍╍╍╍╍╍╍ ResummationDamp ╍╍╍╍╍╍╍╍╍╍╍╍╍╍╍╍╍╍╍╍╍╍╍╍╍╍╍
                                    damping :             on            
                                damping mode:              1            
                                  damp above:        60.2888         GeV
                               damping width:        20.0963         GeV
                          resummation cutoff:             20         MeV

╍╍╍╍╍╍╍╍╍╍╍╍╍╍╍╍╍╍╍╍╍╍╍╍╍╍╍╍ Debug settings ╍╍╍╍╍╍╍╍╍╍╍╍╍╍╍╍╍╍╍╍╍╍╍╍╍╍╍╍
                                 timeprofile:          false            
                                     verbose:          false            
                               cubaverbosity:              2            

╍╍╍╍╍╍╍╍╍╍╍╍╍╍╍╍╍╍╍╍╍╍╍╍╍╍╍╍╍╍╍╍╍╍╍╍╍╍╍╍╍╍╍╍╍╍╍╍╍╍╍╍╍╍╍╍╍╍╍╍╍╍╍╍╍╍╍╍╍╍╍╍

Warning: Histogram `a1_qt` contains non-integrable observable and will be deleted 
Warning: Histogram `a1_qt_vs_y` contains non-integrable observable and will be deleted 
Warning: Histogram `s_biganswer` contains non-integrable observable and will be deleted 
Warning: Histogram `wgt_a1_qt` contains non-integrable observable and will be deleted 

╍╍╍╍╍╍╍╍╍╍╍╍╍╍╍╍╍╍╍╍╍╍╍╍╍ Integration settings ╍╍╍╍╍╍╍╍╍╍╍╍╍╍╍╍╍╍╍╍╍╍╍╍╍
             Random seeds              123456                           
           Parallel cores                   1                           

             Resummation:     cuhre (dm, dpt)         iter =           5
                                   gauss (dy)        nodes =          64
                                                 intervals =           1
            Counter term:      cuhre (dm, dy)         iter =           5
                                  gauss (dpt)        nodes =          20
                                                 intervals =           5
                     V+J:            vegas 7D       ncalls =    10000000

Mellin inverse transform:           gaussian         nodes =          30
                                                 intervals =           1
                               imaginary axis         zmax =           2
  Angular variable costh:     semi-analytical      ncstart =         100
   Angular variables phi:            gaussian    intervals =          20

      Constant boundaries                  q2          low =          80
                                                      high =         100
                                            y          low =          -6
                                                      high =           6
                                        costh          low =          -1
                                                      high =           1
                                       eta(l)          low =         -10
                                                      high =          10

┏━━━━━━━━━━━━━━┰━━━━━━━━━━━━━━┰━━━━━━━━━━━━━━━━━━━━━━━━━━━━━━━━━━┰━━━━━━━━━━━━━━━━━━━━━━━━━━━━━━━━━━┰━━━━━━━━━━━━━━━━━━━━━━━━━━━━━━━━━━┰━━━━━━━━━━━━━━━━━━━━━━━━━━━━━━━━━━┓
┃           qT ┃        pT(l) ┃                      Resummation ┃                     Counter term ┃                              V+J ┃                            TOTAL ┃
┣━━━━━━━━━━━━━━╋━━━━━━━━━━━━━━╋━━━━━━━━━━━━━━━━━━━━━━━━━━━━━━━━━━╋━━━━━━━━━━━━━━━━━━━━━━━━━━━━━━━━━━╋━━━━━━━━━━━━━━━━━━━━━━━━━━━━━━━━━━╋━━━━━━━━━━━━━━━━━━━━━━━━━━━━━━━━━━┫
┃   88 -    90 ┃   25 -    26 ┃  3.5275 ±  0.003        ( 36.1s) ┃ -2.5658 ± 0.0011        (6.71mi) ┃Vegas input parameters:
  ndim 7
  ncomp 1
  nvec 1
  epsrel 0
  epsabs 0
  flags 10
  seed 123456
  mineval 10000000
  maxeval 10000000
  nstart 1000000
  nincrease 1000000
  nbatch 5000
  gridno 0
  statefile ""

Iteration 1:  1000000 integrand evaluations so far
[1] 41.7243 +- 1.17893  	chisq 0 (0 df)

Iteration 2:  3000000 integrand evaluations so far
[1] 41.5656 +- 0.332383  	chisq 0.0197006 (1 df)

Iteration 3:  6000000 integrand evaluations so far
[1] 42.0567 +- 0.215942  	chisq 3.79778 (2 df)

Iteration 4:  10000000 integrand evaluations so far
[1] 41.9002 +- 0.158756  	chisq 4.94058 (3 df)
    41.9 ±   0.16        ( 41.1s) ┃   42.86 ±   0.16        (7.99mi) ┃
┃   88 -    90 ┃   26 -    27 ┃ 5.95989 ± 0.00099        (9.18mi) ┃-4.31268 ± 0.00085        (47.8mi) ┃Vegas input parameters:
  ndim 7
  ncomp 1
  nvec 1
  epsrel 0
  epsabs 0
  flags 10
  seed 123456
  mineval 10000000
  maxeval 10000000
  nstart 1000000
  nincrease 1000000
  nbatch 5000
  gridno 0
  statefile ""

Iteration 1:  1000000 integrand evaluations so far
[1] 40.4214 +- 1.14938  	chisq 0 (0 df)

Iteration 2:  3000000 integrand evaluations so far
[1] 40.4002 +- 0.324637  	chisq 0.00037095 (1 df)

Iteration 3:  6000000 integrand evaluations so far
[1] 40.6242 +- 0.223504  	chisq 0.906197 (2 df)

Iteration 4:  10000000 integrand evaluations so far
[1] 40.7385 +- 0.168781  	chisq 1.51391 (3 df)
   40.74 ±   0.17        ( 40.3s) ┃   42.39 ±   0.17        (57.6mi) ┃
┃   88 -    90 ┃   27 -    28 ┃  5.9109 ± 0.0042        (1.73mi) ┃ -4.2893 ±  0.004        (12.6mi) ┃Vegas input parameters:
  ndim 7
  ncomp 1
  nvec 1
  epsrel 0
  epsabs 0
  flags 10
  seed 123456
  mineval 10000000
  maxeval 10000000
  nstart 1000000
  nincrease 1000000
  nbatch 5000
  gridno 0
  statefile ""

Iteration 1:  1000000 integrand evaluations so far
[1] 40.8299 +- 1.15363  	chisq 0 (0 df)

Iteration 2:  3000000 integrand evaluations so far
[1] 39.9775 +- 0.322399  	chisq 0.592212 (1 df)

Iteration 3:  6000000 integrand evaluations so far
[1] 39.9042 +- 0.199446  	chisq 0.675904 (2 df)

Iteration 4:  10000000 integrand evaluations so far
[1] 39.9264 +- 0.154992  	chisq 0.707143 (3 df)
   39.93 ±   0.15        ( 40.3s) ┃   41.55 ±   0.16        (  15mi) ┃
┃   88 -    90 ┃   28 -    29 ┃  3.7933 ± 0.0025        (4.65mi) ┃ -2.7666 ± 0.0019        (12.2mi) ┃Vegas input parameters:
  ndim 7
  ncomp 1
  nvec 1
  epsrel 0
  epsabs 0
  flags 10
  seed 123456
  mineval 10000000
  maxeval 10000000
  nstart 1000000
  nincrease 1000000
  nbatch 5000
  gridno 0
  statefile ""

Iteration 1:  1000000 integrand evaluations so far
[1] 37.9957 +- 1.10016  	chisq 0 (0 df)

Iteration 2:  3000000 integrand evaluations so far
[1] 38.7202 +- 0.311407  	chisq 0.471397 (1 df)

Iteration 3:  6000000 integrand evaluations so far
[1] 38.7773 +- 0.216329  	chisq 0.536312 (2 df)

Iteration 4:  10000000 integrand evaluations so far
[1] 38.9008 +- 0.161226  	chisq 1.26979 (3 df)
    38.9 ±   0.16        ( 39.4s) ┃   39.93 ±   0.16        (17.5mi) ┃
┃   88 -    90 ┃   29 -    30 ┃  5.0993 ± 0.0023        ( 9.2mi) ┃ -3.7141 ± 0.0017        (  49mi) ┃Vegas input parameters:
  ndim 7
  ncomp 1
  nvec 1
  epsrel 0
  epsabs 0
  flags 10
  seed 123456
  mineval 10000000
  maxeval 10000000
  nstart 1000000
  nincrease 1000000
  nbatch 5000
  gridno 0
  statefile ""

Iteration 1:  1000000 integrand evaluations so far
[1] 38.1625 +- 1.09736  	chisq 0 (0 df)

Iteration 2:  3000000 integrand evaluations so far
[1] 38.3159 +- 0.310892  	chisq 0.0212259 (1 df)

Iteration 3:  6000000 integrand evaluations so far
[1] 38.2059 +- 0.19188  	chisq 0.22327 (2 df)

Iteration 4:  10000000 integrand evaluations so far
[1] 38.0249 +- 0.14437  	chisq 2.27405 (3 df)
   38.02 ±   0.14        (   40s) ┃   39.41 ±   0.14        (58.8mi) ┃
┃   88 -    90 ┃   30 -    31 ┃  5.6447 ± 0.0037        (9.42mi) ┃   -4.12 ± 0.0041        ( 48.6s) ┃Vegas input parameters:
  ndim 7
  ncomp 1
  nvec 1
  epsrel 0
  epsabs 0
  flags 10
  seed 123456
  mineval 10000000
  maxeval 10000000
  nstart 1000000
  nincrease 1000000
  nbatch 5000
  gridno 0
  statefile ""

Iteration 1:  1000000 integrand evaluations so far
[1] 39.2201 +- 1.10531  	chisq 0 (0 df)

Iteration 2:  3000000 integrand evaluations so far
[1] 37.8095 +- 0.304022  	chisq 1.76181 (1 df)

Iteration 3:  6000000 integrand evaluations so far
[1] 37.5968 +- 0.205251  	chisq 2.66157 (2 df)

Iteration 4:  10000000 integrand evaluations so far
[1] 37.5727 +- 0.158715  	chisq 2.69571 (3 df)
   37.57 ±   0.16        ( 39.9s) ┃    39.1 ±   0.16        (10.9mi) ┃
┃   88 -    90 ┃   31 -    32 ┃  4.8712 ± 0.0037        (4.62mi) ┃ -3.5422 ± 0.0028        (24.3mi) ┃Vegas input parameters:
  ndim 7
  ncomp 1
  nvec 1
  epsrel 0
  epsabs 0
  flags 10
  seed 123456
  mineval 10000000
  maxeval 10000000
  nstart 1000000
  nincrease 1000000
  nbatch 5000
  gridno 0
  statefile ""

Iteration 1:  1000000 integrand evaluations so far
[1] 37.5384 +- 1.06605  	chisq 0 (0 df)

Iteration 2:  3000000 integrand evaluations so far
[1] 36.7214 +- 0.295228  	chisq 0.636127 (1 df)

Iteration 3:  6000000 integrand evaluations so far
[1] 36.6801 +- 0.202815  	chisq 0.673224 (2 df)

Iteration 4:  10000000 integrand evaluations so far
[1] 36.7402 +- 0.157181  	chisq 0.892939 (3 df)
   36.74 ±   0.16        ( 40.2s) ┃   38.07 ±   0.16        (29.6mi) ┃
┃   88 -    90 ┃   32 -    33 ┃  4.3155 ± 0.0036        (9.25mi) ┃ -3.1279 ± 0.0027        (50.9mi) ┃Vegas input parameters:
  ndim 7
  ncomp 1
  nvec 1
  epsrel 0
  epsabs 0
  flags 10
  seed 123456
  mineval 10000000
  maxeval 10000000
  nstart 1000000
  nincrease 1000000
  nbatch 5000
  gridno 0
  statefile ""

Iteration 1:  1000000 integrand evaluations so far
[1] 35.7735 +- 1.03098  	chisq 0 (0 df)

Iteration 2:  3000000 integrand evaluations so far
[1] 35.9605 +- 0.293235  	chisq 0.03582 (1 df)

Iteration 3:  6000000 integrand evaluations so far
[1] 36.0515 +- 0.197726  	chisq 0.212103 (2 df)

Iteration 4:  10000000 integrand evaluations so far
[1] 36.1299 +- 0.14568  	chisq 0.556284 (3 df)
   36.13 ±   0.15        ( 40.2s) ┃   37.32 ±   0.15        (1.01hr) ┃
┃   88 -    90 ┃   33 -    34 ┃   5.116 ± 0.0041        (4.96mi) ┃ -3.7398 ± 0.0018        (50.2mi) ┃Vegas input parameters:
  ndim 7
  ncomp 1
  nvec 1
  epsrel 0
  epsabs 0
  flags 10
  seed 123456
  mineval 10000000
  maxeval 10000000
  nstart 1000000
  nincrease 1000000
  nbatch 5000
  gridno 0
  statefile ""

Iteration 1:  1000000 integrand evaluations so far
[1] 35.1434 +- 1.01519  	chisq 0 (0 df)

Iteration 2:  3000000 integrand evaluations so far
[1] 35.5229 +- 0.289184  	chisq 0.152016 (1 df)

Iteration 3:  6000000 integrand evaluations so far
[1] 35.5856 +- 0.192126  	chisq 0.236191 (2 df)

Iteration 4:  10000000 integrand evaluations so far
[1] 35.5758 +- 0.142401  	chisq 0.241869 (3 df)
   35.58 ±   0.14        ( 39.8s) ┃   36.95 ±   0.14        (55.8mi) ┃
┃   88 -    90 ┃   34 -    35 ┃   6.455 ±  0.004        (4.69mi) ┃ -4.6901 ± 0.0023        (12.5mi) ┃Vegas input parameters:
  ndim 7
  ncomp 1
  nvec 1
  epsrel 0
  epsabs 0
  flags 10
  seed 123456
  mineval 10000000
  maxeval 10000000
  nstart 1000000
  nincrease 1000000
  nbatch 5000
  gridno 0
  statefile ""

Iteration 1:  1000000 integrand evaluations so far
[1] 34.4246 +- 0.998645  	chisq 0 (0 df)

Iteration 2:  3000000 integrand evaluations so far
[1] 34.7865 +- 0.341749  	chisq 0.148744 (1 df)

Iteration 3:  6000000 integrand evaluations so far
[1] 34.7811 +- 0.22779  	chisq 0.149198 (2 df)

Iteration 4:  10000000 integrand evaluations so far
[1] 34.9163 +- 0.160066  	chisq 0.844903 (3 df)
   34.92 ±   0.16        ( 40.4s) ┃   36.68 ±   0.16        (17.9mi) ┃
┃   88 -    90 ┃   35 -    36 ┃  3.9007 ± 0.0021        ( 9.2mi) ┃ -2.8403 ± 0.0011        (1.61hr) ┃Vegas input parameters:
  ndim 7
  ncomp 1
  nvec 1
  epsrel 0
  epsabs 0
  flags 10
  seed 123456
  mineval 10000000
  maxeval 10000000
  nstart 1000000
  nincrease 1000000
  nbatch 5000
  gridno 0
  statefile ""

Iteration 1:  1000000 integrand evaluations so far
[1] 34.7078 +- 0.999894  	chisq 0 (0 df)

Iteration 2:  3000000 integrand evaluations so far
[1] 34.6624 +- 0.28282  	chisq 0.00224005 (1 df)

Iteration 3:  6000000 integrand evaluations so far
[1] 34.7619 +- 0.207236  	chisq 0.269758 (2 df)

Iteration 4:  10000000 integrand evaluations so far
[1] 34.5387 +- 0.153007  	chisq 2.81923 (3 df)
   34.54 ±   0.15        ( 39.8s) ┃    35.6 ±   0.15        (1.77hr) ┃
┃   88 -    90 ┃   36 -    37 ┃  3.4626 ± 0.0034        (4.59mi) ┃-2.53265 ± 0.00037        (1.57hr) ┃Vegas input parameters:
  ndim 7
  ncomp 1
  nvec 1
  epsrel 0
  epsabs 0
  flags 10
  seed 123456
  mineval 10000000
  maxeval 10000000
  nstart 1000000
  nincrease 1000000
  nbatch 5000
  gridno 0
  statefile ""

Iteration 1:  1000000 integrand evaluations so far
[1] 33.9149 +- 0.98009  	chisq 0 (0 df)

Iteration 2:  3000000 integrand evaluations so far
[1] 34.3924 +- 0.278404  	chisq 0.258268 (1 df)

Iteration 3:  6000000 integrand evaluations so far
[1] 33.9269 +- 0.171393  	chisq 4.76012 (2 df)

Iteration 4:  10000000 integrand evaluations so far
[1] 34.0064 +- 0.131905  	chisq 5.28807 (3 df)
   34.01 ±   0.13        ( 40.5s) ┃   34.94 ±   0.13        (1.65hr) ┃
┃   88 -    90 ┃   37 -    38 ┃  7.6905 ± 0.0045        (4.63mi) ┃-5.58761 ± 0.0008        (12.1mi) ┃Vegas input parameters:
  ndim 7
  ncomp 1
  nvec 1
  epsrel 0
  epsabs 0
  flags 10
  seed 123456
  mineval 10000000
  maxeval 10000000
  nstart 1000000
  nincrease 1000000
  nbatch 5000
  gridno 0
  statefile ""

Iteration 1:  1000000 integrand evaluations so far
[1] 32.2064 +- 0.948275  	chisq 0 (0 df)

Iteration 2:  3000000 integrand evaluations so far
[1] 33.7302 +- 0.272983  	chisq 2.81551 (1 df)

Iteration 3:  6000000 integrand evaluations so far
[1] 33.6009 +- 0.169013  	chisq 3.17921 (2 df)

Iteration 4:  10000000 integrand evaluations so far
[1] 33.698 +- 0.130778  	chisq 4.00123 (3 df)
    33.7 ±   0.13        ( 40.1s) ┃    35.8 ±   0.13        (17.4mi) ┃
┃   88 -    90 ┃   38 -    39 ┃   4.219 ± 0.0028        (4.51mi) ┃ -3.0869 ± 0.0011        (23.9mi) ┃Vegas input parameters:
  ndim 7
  ncomp 1
  nvec 1
  epsrel 0
  epsabs 0
  flags 10
  seed 123456
  mineval 10000000
  maxeval 10000000
  nstart 1000000
  nincrease 1000000
  nbatch 5000
  gridno 0
  statefile ""

Iteration 1:  1000000 integrand evaluations so far
[1] 35.3894 +- 0.988564  	chisq 0 (0 df)

Iteration 2:  3000000 integrand evaluations so far
[1] 33.0019 +- 0.267481  	chisq 6.29375 (1 df)

Iteration 3:  6000000 integrand evaluations so far
[1] 33.2665 +- 0.166811  	chisq 7.89528 (2 df)

Iteration 4:  10000000 integrand evaluations so far
[1] 33.1599 +- 0.132413  	chisq 8.99799 (3 df)
   33.16 ±   0.13        ( 40.5s) ┃   34.29 ±   0.13        (29.1mi) ┃
┃   88 -    90 ┃   39 -    40 ┃  4.2884 ± 0.0035        (8.81mi) ┃ -3.1142 ± 0.0023        (23.6mi) ┃Vegas input parameters:
  ndim 7
  ncomp 1
  nvec 1
  epsrel 0
  epsabs 0
  flags 10
  seed 123456
  mineval 10000000
  maxeval 10000000
  nstart 1000000
  nincrease 1000000
  nbatch 5000
  gridno 0
  statefile ""

Iteration 1:  1000000 integrand evaluations so far
[1] 33.7698 +- 0.95607  	chisq 0 (0 df)

Iteration 2:  3000000 integrand evaluations so far
[1] 32.4492 +- 0.264459  	chisq 2.06605 (1 df)

Iteration 3:  6000000 integrand evaluations so far
[1] 32.4441 +- 0.164131  	chisq 2.06667 (2 df)

Iteration 4:  10000000 integrand evaluations so far
[1] 32.5782 +- 0.123873  	chisq 3.61954 (3 df)
   32.58 ±   0.12        ( 40.1s) ┃   33.75 ±   0.12        (33.1mi) ┃
┃   88 -    90 ┃   40 -    41 ┃  5.0111 ±  0.003        (9.13mi) ┃  -3.679 ± 0.0012        (48.1mi) ┃Vegas input parameters:
  ndim 7
  ncomp 1
  nvec 1
  epsrel 0
  epsabs 0
  flags 10
  seed 123456
  mineval 10000000
  maxeval 10000000
  nstart 1000000
  nincrease 1000000
  nbatch 5000
  gridno 0
  statefile ""

Iteration 1:  1000000 integrand evaluations so far
[1] 30.7145 +- 0.903452  	chisq 0 (0 df)

Iteration 2:  3000000 integrand evaluations so far
[1] 32.4472 +- 0.264698  	chisq 4.02334 (1 df)

Iteration 3:  6000000 integrand evaluations so far
[1] 32.3182 +- 0.163315  	chisq 4.40661 (2 df)

Iteration 4:  10000000 integrand evaluations so far
[1] 32.2412 +- 0.11998  	chisq 4.88939 (3 df)
   32.24 ±   0.12        ( 40.9s) ┃   33.57 ±   0.12        (57.9mi) ┃
┃   88 -    90 ┃   41 -    42 ┃  5.6758 ±  0.003        (9.34mi) ┃ -4.1091 ± 0.0039        (24.5mi) ┃Vegas input parameters:
  ndim 7
  ncomp 1
  nvec 1
  epsrel 0
  epsabs 0
  flags 10
  seed 123456
  mineval 10000000
  maxeval 10000000
  nstart 1000000
  nincrease 1000000
  nbatch 5000
  gridno 0
  statefile ""

Iteration 1:  1000000 integrand evaluations so far
[1] 30.5093 +- 0.899209  	chisq 0 (0 df)

Iteration 2:  3000000 integrand evaluations so far
[1] 31.0069 +- 0.255925  	chisq 0.333275 (1 df)

Iteration 3:  6000000 integrand evaluations so far
[1] 31.5259 +- 0.159849  	chisq 7.07599 (2 df)

Iteration 4:  10000000 integrand evaluations so far
[1] 31.5995 +- 0.120264  	chisq 7.56474 (3 df)
    31.6 ±   0.12        ( 39.5s) ┃   33.17 ±   0.12        (34.5mi) ┃
┃   88 -    90 ┃   42 -    43 ┃  5.8919 ± 0.0043        (4.75mi) ┃ -4.2856 ± 0.0021        (49.5mi) ┃Vegas input parameters:
  ndim 7
  ncomp 1
  nvec 1
  epsrel 0
  epsabs 0
  flags 10
  seed 123456
  mineval 10000000
  maxeval 10000000
  nstart 1000000
  nincrease 1000000
  nbatch 5000
  gridno 0
  statefile ""

Iteration 1:  1000000 integrand evaluations so far
[1] 32.6847 +- 0.928486  	chisq 0 (0 df)

Iteration 2:  3000000 integrand evaluations so far
[1] 31.5433 +- 0.258369  	chisq 1.63819 (1 df)

Iteration 3:  6000000 integrand evaluations so far
[1] 31.7812 +- 0.160264  	chisq 3.01658 (2 df)

Iteration 4:  10000000 integrand evaluations so far
[1] 31.7224 +- 0.126663  	chisq 3.37507 (3 df)
   31.72 ±   0.13        (   41s) ┃   33.33 ±   0.13        (54.9mi) ┃
┃   88 -    90 ┃   43 -    44 ┃  4.4637 ± 0.0031        (4.72mi) ┃ -3.2464 ± 0.0019        (50.1mi) ┃Vegas input parameters:
  ndim 7
  ncomp 1
  nvec 1
  epsrel 0
  epsabs 0
  flags 10
  seed 123456
  mineval 10000000
  maxeval 10000000
  nstart 1000000
  nincrease 1000000
  nbatch 5000
  gridno 0
  statefile ""

Iteration 1:  1000000 integrand evaluations so far
[1] 33.4074 +- 0.942412  	chisq 0 (0 df)

Iteration 2:  3000000 integrand evaluations so far
[1] 31.4224 +- 0.256003  	chisq 4.78993 (1 df)

Iteration 3:  6000000 integrand evaluations so far
[1] 31.2305 +- 0.158131  	chisq 5.69857 (2 df)

Iteration 4:  10000000 integrand evaluations so far
[1] 31.1162 +- 0.116207  	chisq 6.83521 (3 df)
   31.12 ±   0.12        ( 40.6s) ┃   32.33 ±   0.12        (55.5mi) ┃
┃   88 -    90 ┃   44 -    45 ┃  5.4586 ± 0.0037        ( 5.4mi) ┃ -3.9575 ± 0.0022        (37.1mi) ┃Vegas input parameters:
  ndim 7
  ncomp 1
  nvec 1
  epsrel 0
  epsabs 0
  flags 10
  seed 123456
  mineval 10000000
  maxeval 10000000
  nstart 1000000
  nincrease 1000000
  nbatch 5000
  gridno 0
  statefile ""

Iteration 1:  1000000 integrand evaluations so far
[1] 29.646 +- 0.864567  	chisq 0 (0 df)

Iteration 2:  3000000 integrand evaluations so far
[1] 30.725 +- 0.252106  	chisq 1.70228 (1 df)

Iteration 3:  6000000 integrand evaluations so far
[1] 30.9242 +- 0.156807  	chisq 2.72058 (2 df)

Iteration 4:  10000000 integrand evaluations so far
[1] 30.97 +- 0.118626  	chisq 2.92063 (3 df)
   30.97 ±   0.12        ( 40.4s) ┃   32.47 ±   0.12        (43.2mi) ┃
┃   88 -    90 ┃   45 -    46 ┃  5.4477 ± 0.0017        (2.48mi) ┃ -3.9402 ± 0.0038        (24.7mi) ┃Vegas input parameters:
  ndim 7
  ncomp 1
  nvec 1
  epsrel 0
  epsabs 0
  flags 10
  seed 123456
  mineval 10000000
  maxeval 10000000
  nstart 1000000
  nincrease 1000000
  nbatch 5000
  gridno 0
  statefile ""

Iteration 1:  1000000 integrand evaluations so far
[1] 29.8792 +- 0.864377  	chisq 0 (0 df)

Iteration 2:  3000000 integrand evaluations so far
[1] 30.5265 +- 0.250372  	chisq 0.612156 (1 df)

Iteration 3:  6000000 integrand evaluations so far
[1] 30.4039 +- 0.154684  	chisq 0.999777 (2 df)

Iteration 4:  10000000 integrand evaluations so far
[1] 30.3805 +- 0.120189  	chisq 1.05776 (3 df)
   30.38 ±   0.12        ( 39.9s) ┃   31.89 ±   0.12        (27.8mi) ┃
┃   88 -    90 ┃   46 -    47 ┃  5.0071 ± 0.0026        (2.37mi) ┃ -3.6545 ± 0.0023        (12.4mi) ┃Vegas input parameters:
  ndim 7
  ncomp 1
  nvec 1
  epsrel 0
  epsabs 0
  flags 10
  seed 123456
  mineval 10000000
  maxeval 10000000
  nstart 1000000
  nincrease 1000000
  nbatch 5000
  gridno 0
  statefile ""

Iteration 1:  1000000 integrand evaluations so far
[1] 32.0051 +- 0.902485  	chisq 0 (0 df)

Iteration 2:  3000000 integrand evaluations so far
[1] 30.3266 +- 0.246366  	chisq 3.73778 (1 df)

Iteration 3:  6000000 integrand evaluations so far
[1] 30.2249 +- 0.152764  	chisq 4.0148 (2 df)

Iteration 4:  10000000 integrand evaluations so far
[1] 30.2281 +- 0.11676  	chisq 4.01591 (3 df)
   30.23 ±   0.12        ( 38.9s) ┃   31.58 ±   0.12        (15.4mi) ┃
┃   88 -    90 ┃   47 -    48 ┃  5.0343 ± 0.0015        (2.49mi) ┃  -3.638 ± 0.0029        (24.8mi) ┃Vegas input parameters:
  ndim 7
  ncomp 1
  nvec 1
  epsrel 0
  epsabs 0
  flags 10
  seed 123456
  mineval 10000000
  maxeval 10000000
  nstart 1000000
  nincrease 1000000
  nbatch 5000
  gridno 0
  statefile ""

Iteration 1:  1000000 integrand evaluations so far
[1] 29.6121 +- 0.847406  	chisq 0 (0 df)

Iteration 2:  3000000 integrand evaluations so far
[1] 29.941 +- 0.246142  	chisq 0.164538 (1 df)

Iteration 3:  6000000 integrand evaluations so far
[1] 30.0301 +- 0.152592  	chisq 0.377214 (2 df)

Iteration 4:  10000000 integrand evaluations so far
[1] 30.1788 +- 0.112655  	chisq 2.46608 (3 df)
   30.18 ±   0.11        ( 40.2s) ┃   31.58 ±   0.11        (  28mi) ┃
┃   88 -    90 ┃   48 -    49 ┃ 4.32776 ± 0.00014        (9.06mi) ┃  -3.141 ± 0.00086        (24.6mi) ┃Vegas input parameters:
  ndim 7
  ncomp 1
  nvec 1
  epsrel 0
  epsabs 0
  flags 10
  seed 123456
  mineval 10000000
  maxeval 10000000
  nstart 1000000
  nincrease 1000000
  nbatch 5000
  gridno 0
  statefile ""

Iteration 1:  1000000 integrand evaluations so far
[1] 30.1907 +- 0.871148  	chisq 0 (0 df)

Iteration 2:  3000000 integrand evaluations so far
[1] 29.8266 +- 0.283961  	chisq 0.195441 (1 df)

Iteration 3:  6000000 integrand evaluations so far
[1] 29.8462 +- 0.171639  	chisq 0.202892 (2 df)

Iteration 4:  10000000 integrand evaluations so far
[1] 29.7878 +- 0.120787  	chisq 0.4322 (3 df)
   29.79 ±   0.12        ( 40.8s) ┃   30.97 ±   0.12        (34.4mi) ┃
┃   88 -    90 ┃   49 -    50 ┃  4.6431 ± 0.0036        (2.35mi) ┃ -3.3858 ± 0.0015        (12.6mi) ┃Vegas input parameters:
  ndim 7
  ncomp 1
  nvec 1
  epsrel 0
  epsabs 0
  flags 10
  seed 123456
  mineval 10000000
  maxeval 10000000
  nstart 1000000
  nincrease 1000000
  nbatch 5000
  gridno 0
  statefile ""

Iteration 1:  1000000 integrand evaluations so far
[1] 29.701 +- 0.858008  	chisq 0 (0 df)

Iteration 2:  3000000 integrand evaluations so far
[1] 29.5721 +- 0.241973  	chisq 0.0245219 (1 df)

Iteration 3:  6000000 integrand evaluations so far
[1] 29.6134 +- 0.150126  	chisq 0.0718501 (2 df)

Iteration 4:  10000000 integrand evaluations so far
[1] 29.5562 +- 0.110401  	chisq 0.387759 (3 df)
   29.56 ±   0.11        ( 39.7s) ┃   30.81 ±   0.11        (15.6mi) ┃
┃   88 -    90 ┃   50 -    51 ┃  5.9046 ± 0.0045        (4.64mi) ┃ -4.2325 ± 0.0016        (3.25mi) ┃Vegas input parameters:
  ndim 7
  ncomp 1
  nvec 1
  epsrel 0
  epsabs 0
  flags 10
  seed 123456
  mineval 10000000
  maxeval 10000000
  nstart 1000000
  nincrease 1000000
  nbatch 5000
  gridno 0
  statefile ""

Iteration 1:  1000000 integrand evaluations so far
[1] 29.3565 +- 0.841676  	chisq 0 (0 df)

Iteration 2:  3000000 integrand evaluations so far
[1] 29.313 +- 0.239505  	chisq 0.00291152 (1 df)

Iteration 3:  6000000 integrand evaluations so far
[1] 29.3277 +- 0.148488  	chisq 0.00907377 (2 df)

Iteration 4:  10000000 integrand evaluations so far
[1] 29.3369 +- 0.113482  	chisq 0.018305 (3 df)
   29.34 ±   0.11        ( 40.8s) ┃   31.01 ±   0.11        (8.58mi) ┃
┃   88 -    90 ┃   51 -    52 ┃  4.2821 ± 0.0035        (4.74mi) ┃ -3.1315 ± 0.0024        (6.36mi) ┃Vegas input parameters:
  ndim 7
  ncomp 1
  nvec 1
  epsrel 0
  epsabs 0
  flags 10
  seed 123456
  mineval 10000000
  maxeval 10000000
  nstart 1000000
  nincrease 1000000
  nbatch 5000
  gridno 0
  statefile ""

Iteration 1:  1000000 integrand evaluations so far
[1] 30.3006 +- 0.862773  	chisq 0 (0 df)

Iteration 2:  3000000 integrand evaluations so far
[1] 29.3898 +- 0.239672  	chisq 1.20784 (1 df)

Iteration 3:  6000000 integrand evaluations so far
[1] 29.1397 +- 0.147971  	chisq 2.9675 (2 df)

Iteration 4:  10000000 integrand evaluations so far
[1] 29.1348 +- 0.11288  	chisq 2.97007 (3 df)
   29.13 ±   0.11        ( 40.2s) ┃   30.29 ±   0.11        (11.8mi) ┃
┃   88 -    90 ┃   52 -    53 ┃  3.9577 ± 0.0013        (2.29mi) ┃ -2.8822 ± 0.0027        (1.66mi) ┃Vegas input parameters:
  ndim 7
  ncomp 1
  nvec 1
  epsrel 0
  epsabs 0
  flags 10
  seed 123456
  mineval 10000000
  maxeval 10000000
  nstart 1000000
  nincrease 1000000
  nbatch 5000
  gridno 0
  statefile ""

Iteration 1:  1000000 integrand evaluations so far
[1] 30.2071 +- 0.864395  	chisq 0 (0 df)

Iteration 2:  3000000 integrand evaluations so far
[1] 29.5137 +- 0.238919  	chisq 0.6966 (1 df)

Iteration 3:  6000000 integrand evaluations so far
[1] 29.0955 +- 0.147118  	chisq 5.63252 (2 df)

Iteration 4:  10000000 integrand evaluations so far
[1] 29.0717 +- 0.11089  	chisq 5.69279 (3 df)
   29.07 ±   0.11        ( 40.4s) ┃   30.15 ±   0.11        (4.62mi) ┃
┃   88 -    90 ┃   53 -    54 ┃  4.1116 ± 0.0025        (4.74mi) ┃ -2.9858 ± 0.0016        ( 6.7mi) ┃Vegas input parameters:
  ndim 7
  ncomp 1
  nvec 1
  epsrel 0
  epsabs 0
  flags 10
  seed 123456
  mineval 10000000
  maxeval 10000000
  nstart 1000000
  nincrease 1000000
  nbatch 5000
  gridno 0
  statefile ""

Iteration 1:  1000000 integrand evaluations so far
[1] 27.9331 +- 0.823892  	chisq 0 (0 df)

Iteration 2:  3000000 integrand evaluations so far
[1] 29.0671 +- 0.29281  	chisq 2.16816 (1 df)

Iteration 3:  6000000 integrand evaluations so far
[1] 28.7906 +- 0.171746  	chisq 3.52691 (2 df)

Iteration 4:  10000000 integrand evaluations so far
[1] 28.7696 +- 0.122185  	chisq 3.55735 (3 df)
   28.77 ±   0.12        ( 41.3s) ┃    29.9 ±   0.12        (12.1mi) ┃
┃   88 -    90 ┃   54 -    55 ┃  4.7579 ± 0.0015        (2.59mi) ┃ -3.4863 ± 0.0011        (25.8mi) ┃Vegas input parameters:
  ndim 7
  ncomp 1
  nvec 1
  epsrel 0
  epsabs 0
  flags 10
  seed 123456
  mineval 10000000
  maxeval 10000000
  nstart 1000000
  nincrease 1000000
  nbatch 5000
  gridno 0
  statefile ""

Iteration 1:  1000000 integrand evaluations so far
[1] 28.4825 +- 0.826024  	chisq 0 (0 df)

Iteration 2:  3000000 integrand evaluations so far
[1] 28.8795 +- 0.23528  	chisq 0.25139 (1 df)

Iteration 3:  6000000 integrand evaluations so far
[1] 28.613 +- 0.14533  	chisq 2.32468 (2 df)

Iteration 4:  10000000 integrand evaluations so far
[1] 28.6367 +- 0.114287  	chisq 2.39401 (3 df)
   28.64 ±   0.11        ( 39.7s) ┃   29.91 ±   0.11        (29.1mi) ┃
┃   88 -    90 ┃   55 -    56 ┃  5.5735 ±  0.002        (2.57mi) ┃ -4.0282 ± 0.0026        (13.3mi) ┃Vegas input parameters:
  ndim 7
  ncomp 1
  nvec 1
  epsrel 0
  epsabs 0
  flags 10
  seed 123456
  mineval 10000000
  maxeval 10000000
  nstart 1000000
  nincrease 1000000
  nbatch 5000
  gridno 0
  statefile ""

Iteration 1:  1000000 integrand evaluations so far
[1] 27.7717 +- 0.811227  	chisq 0 (0 df)

Iteration 2:  3000000 integrand evaluations so far
[1] 28.6642 +- 0.292808  	chisq 1.39169 (1 df)

Iteration 3:  6000000 integrand evaluations so far
[1] 28.5096 +- 0.171922  	chisq 1.81708 (2 df)

Iteration 4:  10000000 integrand evaluations so far
[1] 28.4405 +- 0.118295  	chisq 2.12381 (3 df)
   28.44 ±   0.12        ( 39.5s) ┃   29.99 ±   0.12        (16.5mi) ┃
┃   88 -    90 ┃   56 -    57 ┃  4.0667 ± 0.0019        (4.82mi) ┃ -2.9489 ± 0.0023        (26.5mi) ┃Vegas input parameters:
  ndim 7
  ncomp 1
  nvec 1
  epsrel 0
  epsabs 0
  flags 10
  seed 123456
  mineval 10000000
  maxeval 10000000
  nstart 1000000
  nincrease 1000000
  nbatch 5000
  gridno 0
  statefile ""

Iteration 1:  1000000 integrand evaluations so far
[1] 27.2558 +- 0.800822  	chisq 0 (0 df)

Iteration 2:  3000000 integrand evaluations so far
[1] 28.2033 +- 0.232201  	chisq 1.52827 (1 df)

Iteration 3:  6000000 integrand evaluations so far
[1] 28.2049 +- 0.151291  	chisq 1.52835 (2 df)

Iteration 4:  10000000 integrand evaluations so far
[1] 28.2296 +- 0.111982  	chisq 1.58696 (3 df)
   28.23 ±   0.11        ( 39.6s) ┃   29.35 ±   0.11        (31.9mi) ┃
┃   88 -    90 ┃   57 -    58 ┃   3.929 ± 0.0027        (2.47mi) ┃ -2.8584 ± 0.0019        (6.63mi) ┃Vegas input parameters:
  ndim 7
  ncomp 1
  nvec 1
  epsrel 0
  epsabs 0
  flags 10
  seed 123456
  mineval 10000000
  maxeval 10000000
  nstart 1000000
  nincrease 1000000
  nbatch 5000
  gridno 0
  statefile ""

Iteration 1:  1000000 integrand evaluations so far
[1] 26.9465 +- 0.798033  	chisq 0 (0 df)

Iteration 2:  3000000 integrand evaluations so far
[1] 28.0761 +- 0.239167  	chisq 2.20137 (1 df)

Iteration 3:  6000000 integrand evaluations so far
[1] 28.0888 +- 0.148993  	chisq 2.20597 (2 df)

Iteration 4:  10000000 integrand evaluations so far
[1] 28.0407 +- 0.109267  	chisq 2.43222 (3 df)
   28.04 ±   0.11        ( 39.3s) ┃   29.11 ±   0.11        (9.75mi) ┃
┃   88 -    90 ┃   58 -    59 ┃  4.4103 ± 0.0028        (2.56mi) ┃  -3.197 ± 0.0024        (13.5mi) ┃Vegas input parameters:
  ndim 7
  ncomp 1
  nvec 1
  epsrel 0
  epsabs 0
  flags 10
  seed 123456
  mineval 10000000
  maxeval 10000000
  nstart 1000000
  nincrease 1000000
  nbatch 5000
  gridno 0
  statefile ""

Iteration 1:  1000000 integrand evaluations so far
[1] 29.0764 +- 0.834948  	chisq 0 (0 df)

Iteration 2:  3000000 integrand evaluations so far
[1] 27.6336 +- 0.228139  	chisq 3.22684 (1 df)

Iteration 3:  6000000 integrand evaluations so far
[1] 27.772 +- 0.148665  	chisq 3.8662 (2 df)

Iteration 4:  10000000 integrand evaluations so far
[1] 28.0546 +- 0.111259  	chisq 12.0825 (3 df)
   28.05 ±   0.11        ( 39.6s) ┃   29.27 ±   0.11        (16.7mi) ┃
┃   88 -    90 ┃   59 -    60 ┃  4.4138 ± 0.0019        (   42s) ┃ -3.2309 ± 0.0024        (13.1mi) ┃Vegas input parameters:
  ndim 7
  ncomp 1
  nvec 1
  epsrel 0
  epsabs 0
  flags 10
  seed 123456
  mineval 10000000
  maxeval 10000000
  nstart 1000000
  nincrease 1000000
  nbatch 5000
  gridno 0
  statefile ""

Iteration 1:  1000000 integrand evaluations so far
[1] 26.9981 +- 0.797991  	chisq 0 (0 df)

Iteration 2:  3000000 integrand evaluations so far
[1] 28.1257 +- 0.232273  	chisq 2.18142 (1 df)

Iteration 3:  6000000 integrand evaluations so far
[1] 27.9264 +- 0.143071  	chisq 3.36679 (2 df)

Iteration 4:  10000000 integrand evaluations so far
[1] 28.0651 +- 0.108995  	chisq 5.6056 (3 df)
   28.07 ±   0.11        ( 40.6s) ┃   29.25 ±   0.11        (14.5mi) ┃
┃   90 -    92 ┃   25 -    26 ┃  2.7093 ± 0.0025        (2.42mi) ┃ -1.9873 ± 0.0018        (24.2mi) ┃Vegas input parameters:
  ndim 7
  ncomp 1
  nvec 1
  epsrel 0
  epsabs 0
  flags 10
  seed 123456
  mineval 10000000
  maxeval 10000000
  nstart 1000000
  nincrease 1000000
  nbatch 5000
  gridno 0
  statefile ""

Iteration 1:  1000000 integrand evaluations so far
[1] 38.2516 +- 1.09255  	chisq 0 (0 df)

Iteration 2:  3000000 integrand evaluations so far
[1] 38.4168 +- 0.310146  	chisq 0.0248451 (1 df)

Iteration 3:  6000000 integrand evaluations so far
[1] 38.5767 +- 0.192694  	chisq 0.458206 (2 df)

Iteration 4:  10000000 integrand evaluations so far
[1] 38.5499 +- 0.149763  	chisq 0.507111 (3 df)
   38.55 ±   0.15        ( 39.6s) ┃   39.27 ±   0.15        (27.2mi) ┃
┃   90 -    92 ┃   26 -    27 ┃  3.0472 ± 0.0025        (2.28mi) ┃ -2.2031 ± 0.0017        (24.3mi) ┃Vegas input parameters:
  ndim 7
  ncomp 1
  nvec 1
  epsrel 0
  epsabs 0
  flags 10
  seed 123456
  mineval 10000000
  maxeval 10000000
  nstart 1000000
  nincrease 1000000
  nbatch 5000
  gridno 0
  statefile ""

Iteration 1:  1000000 integrand evaluations so far
[1] 38.4629 +- 1.08752  	chisq 0 (0 df)

Iteration 2:  3000000 integrand evaluations so far
[1] 37.3483 +- 0.302386  	chisq 1.13831 (1 df)

Iteration 3:  6000000 integrand evaluations so far
[1] 37.3233 +- 0.196871  	chisq 1.15022 (2 df)

Iteration 4:  10000000 integrand evaluations so far
[1] 37.2792 +- 0.14541  	chisq 1.26074 (3 df)
   37.28 ±   0.15        ( 39.7s) ┃   38.12 ±   0.15        (27.2mi) ┃
┃   90 -    92 ┃   27 -    28 ┃  4.5007 ± 0.0041        ( 37.4s) ┃ -3.2832 ± 0.00037        (  12mi) ┃Vegas input parameters:
  ndim 7
  ncomp 1
  nvec 1
  epsrel 0
  epsabs 0
  flags 10
  seed 123456
  mineval 10000000
  maxeval 10000000
  nstart 1000000
  nincrease 1000000
  nbatch 5000
  gridno 0
  statefile ""

Iteration 1:  1000000 integrand evaluations so far
[1] 36.5407 +- 1.05312  	chisq 0 (0 df)

Iteration 2:  3000000 integrand evaluations so far
[1] 36.6738 +- 0.299473  	chisq 0.0173706 (1 df)

Iteration 3:  6000000 integrand evaluations so far
[1] 36.7757 +- 0.185595  	chisq 0.205702 (2 df)

Iteration 4:  10000000 integrand evaluations so far
[1] 36.7558 +- 0.14465  	chisq 0.235053 (3 df)
   36.76 ±   0.14        ( 40.5s) ┃   37.97 ±   0.14        (13.3mi) ┃
┃   90 -    92 ┃   28 -    29 ┃  3.0974 ± 0.0018        (4.72mi) ┃ -2.2742 ± 0.0014        (  25mi) ┃Vegas input parameters:
  ndim 7
  ncomp 1
  nvec 1
  epsrel 0
  epsabs 0
  flags 10
  seed 123456
  mineval 10000000
  maxeval 10000000
  nstart 1000000
  nincrease 1000000
  nbatch 5000
  gridno 0
  statefile ""

Iteration 1:  1000000 integrand evaluations so far
[1] 36.1405 +- 1.04315  	chisq 0 (0 df)

Iteration 2:  3000000 integrand evaluations so far
[1] 35.1621 +- 0.286969  	chisq 0.951701 (1 df)

Iteration 3:  6000000 integrand evaluations so far
[1] 35.5718 +- 0.211847  	chisq 5.42989 (2 df)

Iteration 4:  10000000 integrand evaluations so far
[1] 35.6271 +- 0.157755  	chisq 5.58298 (3 df)
   35.63 ±   0.16        ( 40.2s) ┃   36.45 ±   0.16        (30.4mi) ┃
┃   90 -    92 ┃   29 -    30 ┃  2.9883 ± 0.0014        (4.71mi) ┃ -2.1828 ±  0.002        (48.9mi) ┃Vegas input parameters:
  ndim 7
  ncomp 1
  nvec 1
  epsrel 0
  epsabs 0
  flags 10
  seed 123456
  mineval 10000000
  maxeval 10000000
  nstart 1000000
  nincrease 1000000
  nbatch 5000
  gridno 0
  statefile ""

Iteration 1:  1000000 integrand evaluations so far
[1] 34.8639 +- 1.01677  	chisq 0 (0 df)

Iteration 2:  3000000 integrand evaluations so far
[1] 35.1848 +- 0.287956  	chisq 0.108293 (1 df)

Iteration 3:  6000000 integrand evaluations so far
[1] 34.9847 +- 0.177773  	chisq 0.889011 (2 df)

Iteration 4:  10000000 integrand evaluations so far
[1] 34.9611 +- 0.133617  	chisq 0.929373 (3 df)
   34.96 ±   0.13        ( 40.5s) ┃   35.77 ±   0.13        (54.2mi) ┃
┃   90 -    92 ┃   30 -    31 ┃  4.0813 ± 0.0034        (2.44mi) ┃-2.95684 ± 0.00063        (24.1mi) ┃Vegas input parameters:
  ndim 7
  ncomp 1
  nvec 1
  epsrel 0
  epsabs 0
  flags 10
  seed 123456
  mineval 10000000
  maxeval 10000000
  nstart 1000000
  nincrease 1000000
  nbatch 5000
  gridno 0
  statefile ""

Iteration 1:  1000000 integrand evaluations so far
[1] 36.1697 +- 1.02923  	chisq 0 (0 df)

Iteration 2:  3000000 integrand evaluations so far
[1] 34.8428 +- 0.283406  	chisq 1.79821 (1 df)

Iteration 3:  6000000 integrand evaluations so far
[1] 34.7213 +- 0.188816  	chisq 2.12921 (2 df)

Iteration 4:  10000000 integrand evaluations so far
[1] 34.625 +- 0.141611  	chisq 2.72266 (3 df)
   34.63 ±   0.14        ( 40.2s) ┃   35.75 ±   0.14        (27.2mi) ┃
┃   90 -    92 ┃   31 -    32 ┃  3.4231 ± 0.0012        (9.51mi) ┃ -2.5047 ± 0.00085        (24.5mi) ┃Vegas input parameters:
  ndim 7
  ncomp 1
  nvec 1
  epsrel 0
  epsabs 0
  flags 10
  seed 123456
  mineval 10000000
  maxeval 10000000
  nstart 1000000
  nincrease 1000000
  nbatch 5000
  gridno 0
  statefile ""

Iteration 1:  1000000 integrand evaluations so far
[1] 33.9314 +- 0.982104  	chisq 0 (0 df)

Iteration 2:  3000000 integrand evaluations so far
[1] 33.8058 +- 0.275001  	chisq 0.0177472 (1 df)

Iteration 3:  6000000 integrand evaluations so far
[1] 33.9509 +- 0.19093  	chisq 0.555557 (2 df)

Iteration 4:  10000000 integrand evaluations so far
[1] 33.8191 +- 0.1454  	chisq 1.69091 (3 df)
   33.82 ±   0.15        ( 40.4s) ┃   34.74 ±   0.15        (34.6mi) ┃
┃   90 -    92 ┃   32 -    33 ┃  3.0163 ± 0.0015        (9.33mi) ┃ -2.1979 ± 0.0018        (49.1mi) ┃Vegas input parameters:
  ndim 7
  ncomp 1
  nvec 1
  epsrel 0
  epsabs 0
  flags 10
  seed 123456
  mineval 10000000
  maxeval 10000000
  nstart 1000000
  nincrease 1000000
  nbatch 5000
  gridno 0
  statefile ""

Iteration 1:  1000000 integrand evaluations so far
[1] 32.5343 +- 0.950748  	chisq 0 (0 df)

Iteration 2:  3000000 integrand evaluations so far
[1] 33.1776 +- 0.273072  	chisq 0.499032 (1 df)

Iteration 3:  6000000 integrand evaluations so far
[1] 33.1936 +- 0.1738  	chisq 0.504791 (2 df)

Iteration 4:  10000000 integrand evaluations so far
[1] 33.229 +- 0.127953  	chisq 0.595229 (3 df)
   33.23 ±   0.13        ( 40.1s) ┃   34.05 ±   0.13        (59.1mi) ┃
┃   90 -    92 ┃   33 -    34 ┃  2.7785 ± 0.0025        (9.38mi) ┃ -2.0211 ±  0.002        (50.4mi) ┃Vegas input parameters:
  ndim 7
  ncomp 1
  nvec 1
  epsrel 0
  epsabs 0
  flags 10
  seed 123456
  mineval 10000000
  maxeval 10000000
  nstart 1000000
  nincrease 1000000
  nbatch 5000
  gridno 0
  statefile ""

Iteration 1:  1000000 integrand evaluations so far
[1] 33.3867 +- 0.962956  	chisq 0 (0 df)

Iteration 2:  3000000 integrand evaluations so far
[1] 32.8914 +- 0.269305  	chisq 0.287036 (1 df)

Iteration 3:  6000000 integrand evaluations so far
[1] 32.9408 +- 0.180291  	chisq 0.347869 (2 df)

Iteration 4:  10000000 integrand evaluations so far
[1] 32.7321 +- 0.132514  	chisq 3.26189 (3 df)
   32.73 ±   0.13        ( 40.4s) ┃   33.49 ±   0.13        (1.01hr) ┃
┃   90 -    92 ┃   34 -    35 ┃  4.6853 ± 0.0044        ( 2.5mi) ┃ -3.4328 ±  0.003        (  25mi) ┃Vegas input parameters:
  ndim 7
  ncomp 1
  nvec 1
  epsrel 0
  epsabs 0
  flags 10
  seed 123456
  mineval 10000000
  maxeval 10000000
  nstart 1000000
  nincrease 1000000
  nbatch 5000
  gridno 0
  statefile ""

Iteration 1:  1000000 integrand evaluations so far
[1] 32.9 +- 0.944907  	chisq 0 (0 df)

Iteration 2:  3000000 integrand evaluations so far
[1] 32.1256 +- 0.262993  	chisq 0.728085 (1 df)

Iteration 3:  6000000 integrand evaluations so far
[1] 32.2877 +- 0.180283  	chisq 1.44482 (2 df)

Iteration 4:  10000000 integrand evaluations so far
[1] 32.3141 +- 0.133649  	chisq 1.49244 (3 df)
   32.31 ±   0.13        ( 40.1s) ┃   33.57 ±   0.13        (28.2mi) ┃
┃   90 -    92 ┃   35 -    36 ┃ 3.43589 ± 0.00096        (1.64mi) ┃-2.48255 ± 0.00044        (1.62hr) ┃Vegas input parameters:
  ndim 7
  ncomp 1
  nvec 1
  epsrel 0
  epsabs 0
  flags 10
  seed 123456
  mineval 10000000
  maxeval 10000000
  nstart 1000000
  nincrease 1000000
  nbatch 5000
  gridno 0
  statefile ""

Iteration 1:  1000000 integrand evaluations so far
[1] 31.3265 +- 0.920704  	chisq 0 (0 df)

Iteration 2:  3000000 integrand evaluations so far
[1] 31.651 +- 0.262434  	chisq 0.135232 (1 df)

Iteration 3:  6000000 integrand evaluations so far
[1] 31.7783 +- 0.19149  	chisq 0.638497 (2 df)

Iteration 4:  10000000 integrand evaluations so far
[1] 31.9367 +- 0.142354  	chisq 2.16799 (3 df)
   31.94 ±   0.14        ( 40.1s) ┃   32.89 ±   0.14        (1.66hr) ┃
┃   90 -    92 ┃   36 -    37 ┃ 2.44906 ± 0.00087        (4.57mi) ┃-1.80655 ± 0.00062        (24.2mi) ┃Vegas input parameters:
  ndim 7
  ncomp 1
  nvec 1
  epsrel 0
  epsabs 0
  flags 10
  seed 123456
  mineval 10000000
  maxeval 10000000
  nstart 1000000
  nincrease 1000000
  nbatch 5000
  gridno 0
  statefile ""

Iteration 1:  1000000 integrand evaluations so far
[1] 30.8734 +- 0.902712  	chisq 0 (0 df)

Iteration 2:  3000000 integrand evaluations so far
[1] 31.4297 +- 0.258403  	chisq 0.413637 (1 df)

Iteration 3:  6000000 integrand evaluations so far
[1] 31.2727 +- 0.159403  	chisq 1.00884 (2 df)

Iteration 4:  10000000 integrand evaluations so far
[1] 31.2589 +- 0.122846  	chisq 1.02749 (3 df)
   31.26 ±   0.12        ( 40.3s) ┃    31.9 ±   0.12        (29.4mi) ┃
┃   90 -    92 ┃   37 -    38 ┃  3.7131 ± 0.0027        (8.75mi) ┃-2.69591 ± 0.00077        (47.1mi) ┃Vegas input parameters:
  ndim 7
  ncomp 1
  nvec 1
  epsrel 0
  epsabs 0
  flags 10
  seed 123456
  mineval 10000000
  maxeval 10000000
  nstart 1000000
  nincrease 1000000
  nbatch 5000
  gridno 0
  statefile ""

Iteration 1:  1000000 integrand evaluations so far
[1] 29.9919 +- 0.890776  	chisq 0 (0 df)

Iteration 2:  3000000 integrand evaluations so far
[1] 30.64 +- 0.251746  	chisq 0.575197 (1 df)

Iteration 3:  6000000 integrand evaluations so far
[1] 30.6406 +- 0.155997  	chisq 0.575207 (2 df)

Iteration 4:  10000000 integrand evaluations so far
[1] 30.8391 +- 0.117954  	chisq 4.35566 (3 df)
   30.84 ±   0.12        ( 40.8s) ┃   31.86 ±   0.12        (56.5mi) ┃
┃   90 -    92 ┃   38 -    39 ┃  4.3168 ± 0.0022        (2.24mi) ┃ -3.1819 ± 0.0031        (  12mi) ┃Vegas input parameters:
  ndim 7
  ncomp 1
  nvec 1
  epsrel 0
  epsabs 0
  flags 10
  seed 123456
  mineval 10000000
  maxeval 10000000
  nstart 1000000
  nincrease 1000000
  nbatch 5000
  gridno 0
  statefile ""

Iteration 1:  1000000 integrand evaluations so far
[1] 29.7137 +- 0.877065  	chisq 0 (0 df)

Iteration 2:  3000000 integrand evaluations so far
[1] 30.2977 +- 0.248171  	chisq 0.48199 (1 df)

Iteration 3:  6000000 integrand evaluations so far
[1] 30.6036 +- 0.154817  	chisq 2.96868 (2 df)

Iteration 4:  10000000 integrand evaluations so far
[1] 30.5649 +- 0.125455  	chisq 3.1502 (3 df)
   30.56 ±   0.13        ( 40.3s) ┃    31.7 ±   0.13        (14.9mi) ┃
┃   90 -    92 ┃   39 -    40 ┃   2.507 ± 0.0016        ( 2.1mi) ┃  -1.834 ± 0.0013        (3.01mi) ┃Vegas input parameters:
  ndim 7
  ncomp 1
  nvec 1
  epsrel 0
  epsabs 0
  flags 10
  seed 123456
  mineval 10000000
  maxeval 10000000
  nstart 1000000
  nincrease 1000000
  nbatch 5000
  gridno 0
  statefile ""

Iteration 1:  1000000 integrand evaluations so far
[1] 33.5382 +- 0.927501  	chisq 0 (0 df)

Iteration 2:  3000000 integrand evaluations so far
[1] 30.1899 +- 0.248737  	chisq 14.0428 (1 df)

Iteration 3:  6000000 integrand evaluations so far
[1] 30.0973 +- 0.154039  	chisq 14.2677 (2 df)

Iteration 4:  10000000 integrand evaluations so far
[1] 30.1664 +- 0.115625  	chisq 14.7289 (3 df)
   30.17 ±   0.12        ( 40.8s) ┃   30.84 ±   0.12        (5.79mi) ┃
┃   90 -    92 ┃   40 -    41 ┃  3.1827 ± 0.0011        (4.84mi) ┃-2.33652 ± 8.9e-05        (1.56hr) ┃Vegas input parameters:
  ndim 7
  ncomp 1
  nvec 1
  epsrel 0
  epsabs 0
  flags 10
  seed 123456
  mineval 10000000
  maxeval 10000000
  nstart 1000000
  nincrease 1000000
  nbatch 5000
  gridno 0
  statefile ""

Iteration 1:  1000000 integrand evaluations so far
[1] 28.7339 +- 0.848222  	chisq 0 (0 df)

Iteration 2:  3000000 integrand evaluations so far
[1] 29.3624 +- 0.243378  	chisq 0.598351 (1 df)

Iteration 3:  6000000 integrand evaluations so far
[1] 29.4043 +- 0.150815  	chisq 0.646428 (2 df)

Iteration 4:  10000000 integrand evaluations so far
[1] 29.6496 +- 0.115475  	chisq 7.04067 (3 df)
   29.65 ±   0.12        (   40s) ┃    30.5 ±   0.12        (1.65hr) ┃
┃   90 -    92 ┃   41 -    42 ┃  3.9722 ± 0.0024        (4.63mi) ┃-2.93066 ± 0.00089        (6.12mi) ┃Vegas input parameters:
  ndim 7
  ncomp 1
  nvec 1
  epsrel 0
  epsabs 0
  flags 10
  seed 123456
  mineval 10000000
  maxeval 10000000
  nstart 1000000
  nincrease 1000000
  nbatch 5000
  gridno 0
  statefile ""

Iteration 1:  1000000 integrand evaluations so far
[1] 27.9159 +- 0.830696  	chisq 0 (0 df)

Iteration 2:  3000000 integrand evaluations so far
[1] 29.0928 +- 0.24101  	chisq 2.19174 (1 df)

Iteration 3:  6000000 integrand evaluations so far
[1] 29.2489 +- 0.149411  	chisq 2.87373 (2 df)

Iteration 4:  10000000 integrand evaluations so far
[1] 29.3355 +- 0.11204  	chisq 3.6406 (3 df)
   29.34 ±   0.11        ( 40.4s) ┃   30.38 ±   0.11        (11.4mi) ┃
┃   90 -    92 ┃   42 -    43 ┃  3.7888 ± 0.0035        ( 2.3mi) ┃ -2.7429 ± 0.0025        (24.7mi) ┃Vegas input parameters:
  ndim 7
  ncomp 1
  nvec 1
  epsrel 0
  epsabs 0
  flags 10
  seed 123456
  mineval 10000000
  maxeval 10000000
  nstart 1000000
  nincrease 1000000
  nbatch 5000
  gridno 0
  statefile ""

Iteration 1:  1000000 integrand evaluations so far
[1] 29.6729 +- 0.858539  	chisq 0 (0 df)

Iteration 2:  3000000 integrand evaluations so far
[1] 28.9856 +- 0.239974  	chisq 0.695333 (1 df)

Iteration 3:  6000000 integrand evaluations so far
[1] 29.1964 +- 0.148862  	chisq 1.95031 (2 df)

Iteration 4:  10000000 integrand evaluations so far
[1] 29.1675 +- 0.119294  	chisq 2.0558 (3 df)
   29.17 ±   0.12        ( 39.3s) ┃   30.21 ±   0.12        (27.6mi) ┃
┃   90 -    92 ┃   43 -    44 ┃ 3.63809 ± 0.00097        (2.38mi) ┃-2.66906 ± 0.00063        (3.08mi) ┃Vegas input parameters:
  ndim 7
  ncomp 1
  nvec 1
  epsrel 0
  epsabs 0
  flags 10
  seed 123456
  mineval 10000000
  maxeval 10000000
  nstart 1000000
  nincrease 1000000
  nbatch 5000
  gridno 0
  statefile ""

Iteration 1:  1000000 integrand evaluations so far
[1] 30.683 +- 0.867917  	chisq 0 (0 df)

Iteration 2:  3000000 integrand evaluations so far
[1] 28.9477 +- 0.238623  	chisq 4.32423 (1 df)

Iteration 3:  6000000 integrand evaluations so far
[1] 28.8966 +- 0.147502  	chisq 4.39846 (2 df)

Iteration 4:  10000000 integrand evaluations so far
[1] 28.843 +- 0.108343  	chisq 4.68548 (3 df)
   28.84 ±   0.11        ( 40.7s) ┃   29.81 ±   0.11        (6.14mi) ┃
┃   90 -    92 ┃   44 -    45 ┃  3.1483 ± 0.0024        (17.5mi) ┃ -2.2861 ± 0.0016        (48.4mi) ┃Vegas input parameters:
  ndim 7
  ncomp 1
  nvec 1
  epsrel 0
  epsabs 0
  flags 10
  seed 123456
  mineval 10000000
  maxeval 10000000
  nstart 1000000
  nincrease 1000000
  nbatch 5000
  gridno 0
  statefile ""

Iteration 1:  1000000 integrand evaluations so far
[1] 28.5335 +- 0.835796  	chisq 0 (0 df)

Iteration 2:  3000000 integrand evaluations so far
[1] 28.6886 +- 0.235799  	chisq 0.0374209 (1 df)

Iteration 3:  6000000 integrand evaluations so far
[1] 28.4117 +- 0.145336  	chisq 2.26056 (2 df)

Iteration 4:  10000000 integrand evaluations so far
[1] 28.5162 +- 0.107249  	chisq 3.394 (3 df)
   28.52 ±   0.11        ( 40.9s) ┃   29.38 ±   0.11        (1.11hr) ┃
┃   90 -    92 ┃   45 -    46 ┃  4.1793 ± 0.0029        (1.44mi) ┃ -3.0377 ± 0.0026        (18.6mi) ┃Vegas input parameters:
  ndim 7
  ncomp 1
  nvec 1
  epsrel 0
  epsabs 0
  flags 10
  seed 123456
  mineval 10000000
  maxeval 10000000
  nstart 1000000
  nincrease 1000000
  nbatch 5000
  gridno 0
  statefile ""

Iteration 1:  1000000 integrand evaluations so far
[1] 27.0318 +- 0.792147  	chisq 0 (0 df)

Iteration 2:  3000000 integrand evaluations so far
[1] 28.1604 +- 0.233085  	chisq 2.22253 (1 df)

Iteration 3:  6000000 integrand evaluations so far
[1] 28.1298 +- 0.144311  	chisq 2.25054 (2 df)

Iteration 4:  10000000 integrand evaluations so far
[1] 28.1064 +- 0.111174  	chisq 2.31531 (3 df)
   28.11 ±   0.11        ( 41.7s) ┃   29.25 ±   0.11        (20.7mi) ┃
┃   90 -    92 ┃   46 -    47 ┃  3.4181 ± 0.0018        (4.91mi) ┃-2.49486 ± 0.0004        (1.62hr) ┃Vegas input parameters:
  ndim 7
  ncomp 1
  nvec 1
  epsrel 0
  epsabs 0
  flags 10
  seed 123456
  mineval 10000000
  maxeval 10000000
  nstart 1000000
  nincrease 1000000
  nbatch 5000
  gridno 0
  statefile ""

Iteration 1:  1000000 integrand evaluations so far
[1] 29.5062 +- 0.836457  	chisq 0 (0 df)

Iteration 2:  3000000 integrand evaluations so far
[1] 28.0497 +- 0.230127  	chisq 3.28035 (1 df)

Iteration 3:  6000000 integrand evaluations so far
[1] 27.8958 +- 0.142293  	chisq 4.00495 (2 df)

Iteration 4:  10000000 integrand evaluations so far
[1] 27.8239 +- 0.104699  	chisq 4.56141 (3 df)
   27.82 ±    0.1        ( 41.1s) ┃   28.75 ±    0.1        (1.71hr) ┃
┃   90 -    92 ┃   47 -    48 ┃  3.6916 ± 0.0024        (2.28mi) ┃ -2.6875 ± 0.0016        ( 6.1mi) ┃Vegas input parameters:
  ndim 7
  ncomp 1
  nvec 1
  epsrel 0
  epsabs 0
  flags 10
  seed 123456
  mineval 10000000
  maxeval 10000000
  nstart 1000000
  nincrease 1000000
  nbatch 5000
  gridno 0
  statefile ""

Iteration 1:  1000000 integrand evaluations so far
[1] 27.9481 +- 0.808027  	chisq 0 (0 df)

Iteration 2:  3000000 integrand evaluations so far
[1] 27.8763 +- 0.229328  	chisq 0.00856621 (1 df)

Iteration 3:  6000000 integrand evaluations so far
[1] 27.7318 +- 0.141727  	chisq 0.651443 (2 df)

Iteration 4:  10000000 integrand evaluations so far
[1] 27.7732 +- 0.108301  	chisq 0.856587 (3 df)
   27.77 ±   0.11        ( 41.6s) ┃   28.78 ±   0.11        (9.07mi) ┃
┃   90 -    92 ┃   48 -    49 ┃  3.1152 ± 0.0021        (2.32mi) ┃  -2.266 ± 0.0015        (24.8mi) ┃Vegas input parameters:
  ndim 7
  ncomp 1
  nvec 1
  epsrel 0
  epsabs 0
  flags 10
  seed 123456
  mineval 10000000
  maxeval 10000000
  nstart 1000000
  nincrease 1000000
  nbatch 5000
  gridno 0
  statefile ""

Iteration 1:  1000000 integrand evaluations so far
[1] 26.7313 +- 0.780967  	chisq 0 (0 df)

Iteration 2:  3000000 integrand evaluations so far
[1] 27.7883 +- 0.274306  	chisq 2.08969 (1 df)

Iteration 3:  6000000 integrand evaluations so far
[1] 27.5956 +- 0.163747  	chisq 2.85687 (2 df)

Iteration 4:  10000000 integrand evaluations so far
[1] 27.6507 +- 0.114462  	chisq 3.0786 (3 df)
   27.65 ±   0.11        ( 40.5s) ┃    28.5 ±   0.11        (27.8mi) ┃
┃   90 -    92 ┃   49 -    50 ┃  3.0522 ± 0.0025        (2.36mi) ┃ -2.2237 ± 0.0017        (12.3mi) ┃Vegas input parameters:
  ndim 7
  ncomp 1
  nvec 1
  epsrel 0
  epsabs 0
  flags 10
  seed 123456
  mineval 10000000
  maxeval 10000000
  nstart 1000000
  nincrease 1000000
  nbatch 5000
  gridno 0
  statefile ""

Iteration 1:  1000000 integrand evaluations so far
[1] 28.4709 +- 0.813238  	chisq 0 (0 df)

Iteration 2:  3000000 integrand evaluations so far
[1] 27.2856 +- 0.223471  	chisq 2.29787 (1 df)

Iteration 3:  6000000 integrand evaluations so far
[1] 27.1067 +- 0.138343  	chisq 3.33601 (2 df)

Iteration 4:  10000000 integrand evaluations so far
[1] 27.1138 +- 0.104341  	chisq 3.34195 (3 df)
   27.11 ±    0.1        ( 40.4s) ┃   27.94 ±    0.1        (15.3mi) ┃
┃   90 -    92 ┃   50 -    51 ┃ 3.57931 ± 0.00069        (2.43mi) ┃ -2.6192 ± 0.00094        (24.3mi) ┃Vegas input parameters:
  ndim 7
  ncomp 1
  nvec 1
  epsrel 0
  epsabs 0
  flags 10
  seed 123456
  mineval 10000000
  maxeval 10000000
  nstart 1000000
  nincrease 1000000
  nbatch 5000
  gridno 0
  statefile ""

Iteration 1:  1000000 integrand evaluations so far
[1] 26.7108 +- 0.783679  	chisq 0 (0 df)

Iteration 2:  3000000 integrand evaluations so far
[1] 27.0132 +- 0.222867  	chisq 0.161955 (1 df)

Iteration 3:  6000000 integrand evaluations so far
[1] 27.1921 +- 0.148852  	chisq 1.32577 (2 df)

Iteration 4:  10000000 integrand evaluations so far
[1] 26.8899 +- 0.109576  	chisq 10.3232 (3 df)
   26.89 ±   0.11        ( 39.8s) ┃   27.85 ±   0.11        (27.4mi) ┃
┃   90 -    92 ┃   51 -    52 ┃ 3.79643 ± 0.00051        (8.31mi) ┃ -2.7635 ± 0.0015        (12.1mi) ┃Vegas input parameters:
  ndim 7
  ncomp 1
  nvec 1
  epsrel 0
  epsabs 0
  flags 10
  seed 123456
  mineval 10000000
  maxeval 10000000
  nstart 1000000
  nincrease 1000000
  nbatch 5000
  gridno 0
  statefile ""

Iteration 1:  1000000 integrand evaluations so far
[1] 26.5729 +- 0.776311  	chisq 0 (0 df)

Iteration 2:  3000000 integrand evaluations so far
[1] 26.8277 +- 0.222167  	chisq 0.117321 (1 df)

Iteration 3:  6000000 integrand evaluations so far
[1] 26.7009 +- 0.137226  	chisq 0.644393 (2 df)

Iteration 4:  10000000 integrand evaluations so far
[1] 26.8043 +- 0.104559  	chisq 1.99759 (3 df)
    26.8 ±    0.1        ( 40.8s) ┃   27.84 ±    0.1        (21.1mi) ┃
┃   90 -    92 ┃   52 -    53 ┃  2.7261 ± 0.0016        (2.45mi) ┃ -2.0011 ± 0.0017        (24.7mi) ┃Vegas input parameters:
  ndim 7
  ncomp 1
  nvec 1
  epsrel 0
  epsabs 0
  flags 10
  seed 123456
  mineval 10000000
  maxeval 10000000
  nstart 1000000
  nincrease 1000000
  nbatch 5000
  gridno 0
  statefile ""

Iteration 1:  1000000 integrand evaluations so far
[1] 28.1052 +- 0.803125  	chisq 0 (0 df)

Iteration 2:  3000000 integrand evaluations so far
[1] 26.4019 +- 0.219404  	chisq 4.86096 (1 df)

Iteration 3:  6000000 integrand evaluations so far
[1] 26.4935 +- 0.136215  	chisq 5.14487 (2 df)

Iteration 4:  10000000 integrand evaluations so far
[1] 26.5856 +- 0.105606  	chisq 6.29162 (3 df)
   26.59 ±   0.11        ( 39.6s) ┃   27.31 ±   0.11        (27.8mi) ┃
┃   90 -    92 ┃   53 -    54 ┃  2.7732 ± 0.0013        (4.54mi) ┃ -2.0249 ± 0.0015        (49.9mi) ┃Vegas input parameters:
  ndim 7
  ncomp 1
  nvec 1
  epsrel 0
  epsabs 0
  flags 10
  seed 123456
  mineval 10000000
  maxeval 10000000
  nstart 1000000
  nincrease 1000000
  nbatch 5000
  gridno 0
  statefile ""

Iteration 1:  1000000 integrand evaluations so far
[1] 27.1424 +- 0.787831  	chisq 0 (0 df)

Iteration 2:  3000000 integrand evaluations so far
[1] 26.4559 +- 0.218098  	chisq 0.822305 (1 df)

Iteration 3:  6000000 integrand evaluations so far
[1] 26.5401 +- 0.135671  	chisq 1.06493 (2 df)

Iteration 4:  10000000 integrand evaluations so far
[1] 26.5434 +- 0.100017  	chisq 1.06624 (3 df)
   26.54 ±    0.1        ( 39.7s) ┃   27.29 ±    0.1        (55.1mi) ┃
┃   90 -    92 ┃   54 -    55 ┃   2.929 ± 0.0021        (1.23mi) ┃-2.14398 ± 0.00074        (6.28mi) ┃Vegas input parameters:
  ndim 7
  ncomp 1
  nvec 1
  epsrel 0
  epsabs 0
  flags 10
  seed 123456
  mineval 10000000
  maxeval 10000000
  nstart 1000000
  nincrease 1000000
  nbatch 5000
  gridno 0
  statefile ""

Iteration 1:  1000000 integrand evaluations so far
[1] 26.0555 +- 0.770668  	chisq 0 (0 df)

Iteration 2:  3000000 integrand evaluations so far
[1] 26.3784 +- 0.216718  	chisq 0.190643 (1 df)

Iteration 3:  6000000 integrand evaluations so far
[1] 26.3521 +- 0.13435  	chisq 0.214601 (2 df)

Iteration 4:  10000000 integrand evaluations so far
[1] 26.3593 +- 0.104194  	chisq 0.221945 (3 df)
   26.36 ±    0.1        ( 39.1s) ┃   27.14 ±    0.1        (8.16mi) ┃
┃   90 -    92 ┃   55 -    56 ┃  3.6831 ± 0.0029        (4.59mi) ┃ -2.6689 ± 0.0019        (3.23mi) ┃Vegas input parameters:
  ndim 7
  ncomp 1
  nvec 1
  epsrel 0
  epsabs 0
  flags 10
  seed 123456
  mineval 10000000
  maxeval 10000000
  nstart 1000000
  nincrease 1000000
  nbatch 5000
  gridno 0
  statefile ""

Iteration 1:  1000000 integrand evaluations so far
[1] 25.4707 +- 0.750924  	chisq 0 (0 df)

Iteration 2:  3000000 integrand evaluations so far
[1] 26.2896 +- 0.217305  	chisq 1.29798 (1 df)

Iteration 3:  6000000 integrand evaluations so far
[1] 26.2045 +- 0.134662  	chisq 1.54673 (2 df)

Iteration 4:  10000000 integrand evaluations so far
[1] 26.248 +- 0.106571  	chisq 1.82544 (3 df)
   26.25 ±   0.11        ( 38.4s) ┃   27.26 ±   0.11        (8.46mi) ┃
┃   90 -    92 ┃   56 -    57 ┃  3.3871 ± 0.0014        (2.31mi) ┃-2.43499 ± 0.00052        (1.64mi) ┃Vegas input parameters:
  ndim 7
  ncomp 1
  nvec 1
  epsrel 0
  epsabs 0
  flags 10
  seed 123456
  mineval 10000000
  maxeval 10000000
  nstart 1000000
  nincrease 1000000
  nbatch 5000
  gridno 0
  statefile ""

Iteration 1:  1000000 integrand evaluations so far
[1] 25.917 +- 0.757362  	chisq 0 (0 df)

Iteration 2:  3000000 integrand evaluations so far
[1] 25.8908 +- 0.214984  	chisq 0.00129744 (1 df)

Iteration 3:  6000000 integrand evaluations so far
[1] 25.9753 +- 0.139523  	chisq 0.267948 (2 df)

Iteration 4:  10000000 integrand evaluations so far
[1] 25.9986 +- 0.102986  	chisq 0.329118 (3 df)
      26 ±    0.1        ( 38.2s) ┃   26.95 ±    0.1        (4.59mi) ┃
┃   90 -    92 ┃   57 -    58 ┃  2.7654 ± 0.0019        (1.36mi) ┃ -2.0125 ±  0.001        (23.1mi) ┃Vegas input parameters:
  ndim 7
  ncomp 1
  nvec 1
  epsrel 0
  epsabs 0
  flags 10
  seed 123456
  mineval 10000000
  maxeval 10000000
  nstart 1000000
  nincrease 1000000
  nbatch 5000
  gridno 0
  statefile ""

Iteration 1:  1000000 integrand evaluations so far
[1] 25.5528 +- 0.749787  	chisq 0 (0 df)

Iteration 2:  3000000 integrand evaluations so far
[1] 25.8283 +- 0.214797  	chisq 0.14703 (1 df)

Iteration 3:  6000000 integrand evaluations so far
[1] 25.7998 +- 0.13286  	chisq 0.175476 (2 df)

Iteration 4:  10000000 integrand evaluations so far
[1] 25.8208 +- 0.100084  	chisq 0.232865 (3 df)
   25.82 ±    0.1        ( 38.5s) ┃   26.57 ±    0.1        (25.1mi) ┃
┃   90 -    92 ┃   58 -    59 ┃  2.7611 ± 0.0021        (4.72mi) ┃ -2.0211 ±  0.002        ( 5.8mi) ┃Vegas input parameters:
  ndim 7
  ncomp 1
  nvec 1
  epsrel 0
  epsabs 0
  flags 10
  seed 123456
  mineval 10000000
  maxeval 10000000
  nstart 1000000
  nincrease 1000000
  nbatch 5000
  gridno 0
  statefile ""

Iteration 1:  1000000 integrand evaluations so far
[1] 24.2752 +- 0.729466  	chisq 0 (0 df)

Iteration 2:  3000000 integrand evaluations so far
[1] 25.8152 +- 0.238591  	chisq 4.99055 (1 df)

Iteration 3:  6000000 integrand evaluations so far
[1] 25.7205 +- 0.144621  	chisq 5.2394 (2 df)

Iteration 4:  10000000 integrand evaluations so far
[1] 25.9238 +- 0.103632  	chisq 9.29943 (3 df)
   25.92 ±    0.1        ( 38.2s) ┃   26.66 ±    0.1        (11.2mi) ┃
┃   90 -    92 ┃   59 -    60 ┃  3.1955 ± 0.0023        ( 47.9s) ┃ -2.2716 ± 0.0012        (3.18mi) ┃Vegas input parameters:
  ndim 7
  ncomp 1
  nvec 1
  epsrel 0
  epsabs 0
  flags 10
  seed 123456
  mineval 10000000
  maxeval 10000000
  nstart 1000000
  nincrease 1000000
  nbatch 5000
  gridno 0
  statefile ""

Iteration 1:  1000000 integrand evaluations so far
[1] 26.8924 +- 0.777193  	chisq 0 (0 df)

Iteration 2:  3000000 integrand evaluations so far
[1] 25.6806 +- 0.213279  	chisq 2.62893 (1 df)

Iteration 3:  6000000 integrand evaluations so far
[1] 25.6611 +- 0.132035  	chisq 2.64247 (2 df)

Iteration 4:  10000000 integrand evaluations so far
[1] 25.7641 +- 0.0989711  	chisq 4.03087 (3 df)
  25.764 ±  0.099        ( 38.3s) ┃  26.688 ±  0.099        (4.62mi) ┃
┣━━━━━━━━━━━━━━╋━━━━━━━━━━━━━━╋━━━━━━━━━━━━━━━━━━━━━━━━━━━━━━━━━━╋━━━━━━━━━━━━━━━━━━━━━━━━━━━━━━━━━━╋━━━━━━━━━━━━━━━━━━━━━━━━━━━━━━━━━━╋━━━━━━━━━━━━━━━━━━━━━━━━━━━━━━━━━━┫
┃   88 -    92 ┃   25 -    60 ┃ 288.155 ±  0.022        (5.32hr) ┃ -209.73 ±  0.016        (  32hr) ┃  2.1935 ± 0.0011 ·10⁺⁰³ (46.8mi) ┃   2.272 ± 0.0011 ·10⁺⁰³ (38.1hr) ┃
┗━━━━━━━━━━━━━━┻━━━━━━━━━━━━━━┻━━━━━━━━━━━━━━━━━━━━━━━━━━━━━━━━━━┻━━━━━━━━━━━━━━━━━━━━━━━━━━━━━━━━━━┻━━━━━━━━━━━━━━━━━━━━━━━━━━━━━━━━━━┻━━━━━━━━━━━━━━━━━━━━━━━━━━━━━━━━━━┛

╍╍╍╍╍╍╍╍╍╍╍╍╍╍╍╍╍╍╍╍╍╍╍╍╍╍╍╍╍╍╍╍ Summary ╍╍╍╍╍╍╍╍╍╍╍╍╍╍╍╍╍╍╍╍╍╍╍╍╍╍╍╍╍╍╍
      Total cross section                    2.272 ± 0.0011          pb
         Calculation time                               38.1       hours
              Output file                    outputs/qt_qt88_92_NLL_muR0.5_muF1.0.root            
      Result in text file                    outputs/qt_qt88_92_NLL_muR0.5_muF1.0.txt            

╍╍╍╍╍╍╍╍╍╍╍╍╍╍╍╍╍╍╍╍╍╍╍╍╍╍╍╍╍╍╍╍╍╍╍╍╍╍╍╍╍╍╍╍╍╍╍╍╍╍╍╍╍╍╍╍╍╍╍╍╍╍╍╍╍╍╍╍╍╍╍╍

