
╍╍╍╍╍╍╍╍╍╍╍╍╍╍╍╍╍╍╍╍╍╍╍╍╍╍╍ Process settings ╍╍╍╍╍╍╍╍╍╍╍╍╍╍╍╍╍╍╍╍╍╍╍╍╍╍╍
   proton-proton collisions at sqrt(s) = 13000 GeV 
   Computing NLO+NLL resummed cross section
   W+ ->  nu(p3)+e+(p4) production 

╍╍╍╍╍╍╍╍╍╍╍╍╍╍╍╍╍╍╍╍╍╍╍╍╍╍╍╍╍╍ CKM matrix ╍╍╍╍╍╍╍╍╍╍╍╍╍╍╍╍╍╍╍╍╍╍╍╍╍╍╍╍╍╍
     | Vud Vus Vub |   |   0.97427   0.2253  0.00351 | 
     | Vcd Vcs Vcb | = |    0.2252  0.97344   0.0412 | 
     | Vtd Vts Vtb |   |         0        0        0 | 

╍╍╍╍╍╍╍╍╍╍╍╍╍╍╍╍╍╍╍╍╍╍╍╍╍╍╍╍╍ EW parameters ╍╍╍╍╍╍╍╍╍╍╍╍╍╍╍╍╍╍╍╍╍╍╍╍╍╍╍╍
                                         Gf =  1.1663787e-05      GeV^-2
                                    1/alpha =  132.233229791            
                                 sin(thW)^2 = 0.222897222524            
                                     W mass =         80.385         GeV
                                     Z mass =        91.1876         GeV
                                    W width =          2.091         GeV
                                    Z width =          2.495         GeV

╍╍╍╍╍╍╍╍╍╍╍╍╍╍╍╍╍╍╍╍╍╍╍╍╍╍╍╍╍ QCD settings ╍╍╍╍╍╍╍╍╍╍╍╍╍╍╍╍╍╍╍╍╍╍╍╍╍╍╍╍╍
   Renormalization scale:     dynamic muren =            0.5      * m_ll
     Factorization scale:     dynamic mufac =            0.5      * m_ll
       Resummation scale:     dynamic mures =              1      * m_ll
          Strong coupling       alpha_s(MZ) =       0.118001            
                              running order =              2       -loop
         Non-perturbative     form factor g =            0.7       GeV^2

╍╍╍╍╍╍╍╍╍╍╍╍╍╍╍╍╍╍╍╍╍╍╍╍╍╍╍╍╍ PDF settings ╍╍╍╍╍╍╍╍╍╍╍╍╍╍╍╍╍╍╍╍╍╍╍╍╍╍╍╍╍
                                     PDF set:MSHT20nnlo_as118            
                                  PDF member:              0            
  Mellin moments of PDFs:                    Numerical integration            
                         nodes for the quadrature:            200            
                         Intervals for the quadrature:              1            

╍╍╍╍╍╍╍╍╍╍╍╍╍╍╍╍╍╍╍╍╍╍╍╍╍╍╍╍╍╍╍ qT recoil ╍╍╍╍╍╍╍╍╍╍╍╍╍╍╍╍╍╍╍╍╍╍╍╍╍╍╍╍╍╍
  qt-recoil prescription:       Collins-Soper kt1 = p_V(x)/2; kt2 = p_V(y)/2            

╍╍╍╍╍╍╍╍╍╍╍╍╍╍╍╍╍╍╍╍╍╍╍╍╍╍╍╍╍╍╍╍╍ Cuts ╍╍╍╍╍╍╍╍╍╍╍╍╍╍╍╍╍╍╍╍╍╍╍╍╍╍╍╍╍╍╍╍╍
                                  apply cuts:           true            
                                      pt_l >               0            
                                   |eta_l| <            1000            
                                    pt_lep >              25            
                                 |eta_lep| <             2.4            
                                   pt_alep >              25            
                                |eta_alep| <             2.4            
                                  user cuts:            true            

╍╍╍╍╍╍╍╍╍╍╍╍╍╍╍╍╍╍╍╍╍╍╍╍╍╍╍╍ ResummationDamp ╍╍╍╍╍╍╍╍╍╍╍╍╍╍╍╍╍╍╍╍╍╍╍╍╍╍╍
                                    damping :             on            
                                damping mode:              1            
                                  damp above:        60.2888         GeV
                               damping width:        20.0963         GeV
                          resummation cutoff:             20         MeV

╍╍╍╍╍╍╍╍╍╍╍╍╍╍╍╍╍╍╍╍╍╍╍╍╍╍╍╍ Debug settings ╍╍╍╍╍╍╍╍╍╍╍╍╍╍╍╍╍╍╍╍╍╍╍╍╍╍╍╍
                                 timeprofile:          false            
                                     verbose:          false            
                               cubaverbosity:              2            

╍╍╍╍╍╍╍╍╍╍╍╍╍╍╍╍╍╍╍╍╍╍╍╍╍╍╍╍╍╍╍╍╍╍╍╍╍╍╍╍╍╍╍╍╍╍╍╍╍╍╍╍╍╍╍╍╍╍╍╍╍╍╍╍╍╍╍╍╍╍╍╍

Warning: Histogram `a1_qt` contains non-integrable observable and will be deleted 
Warning: Histogram `a1_qt_vs_y` contains non-integrable observable and will be deleted 
Warning: Histogram `s_biganswer` contains non-integrable observable and will be deleted 
Warning: Histogram `wgt_a1_qt` contains non-integrable observable and will be deleted 

╍╍╍╍╍╍╍╍╍╍╍╍╍╍╍╍╍╍╍╍╍╍╍╍╍ Integration settings ╍╍╍╍╍╍╍╍╍╍╍╍╍╍╍╍╍╍╍╍╍╍╍╍╍
             Random seeds              123456                           
           Parallel cores                   1                           

             Resummation:     cuhre (dm, dpt)         iter =           5
                                   gauss (dy)        nodes =          64
                                                 intervals =           1
            Counter term:      cuhre (dm, dy)         iter =           5
                                  gauss (dpt)        nodes =          20
                                                 intervals =           5
                     V+J:            vegas 7D       ncalls =    10000000

Mellin inverse transform:           gaussian         nodes =          30
                                                 intervals =           1
                               imaginary axis         zmax =           2
  Angular variable costh:     semi-analytical      ncstart =         100
   Angular variables phi:            gaussian    intervals =          20

      Constant boundaries                  q2          low =          80
                                                      high =         100
                                            y          low =          -6
                                                      high =           6
                                        costh          low =          -1
                                                      high =           1
                                       eta(l)          low =         -10
                                                      high =          10

┏━━━━━━━━━━━━━━┰━━━━━━━━━━━━━━┰━━━━━━━━━━━━━━━━━━━━━━━━━━━━━━━━━━┰━━━━━━━━━━━━━━━━━━━━━━━━━━━━━━━━━━┰━━━━━━━━━━━━━━━━━━━━━━━━━━━━━━━━━━┰━━━━━━━━━━━━━━━━━━━━━━━━━━━━━━━━━━┓
┃           qT ┃        pT(l) ┃                      Resummation ┃                     Counter term ┃                              V+J ┃                            TOTAL ┃
┣━━━━━━━━━━━━━━╋━━━━━━━━━━━━━━╋━━━━━━━━━━━━━━━━━━━━━━━━━━━━━━━━━━╋━━━━━━━━━━━━━━━━━━━━━━━━━━━━━━━━━━╋━━━━━━━━━━━━━━━━━━━━━━━━━━━━━━━━━━╋━━━━━━━━━━━━━━━━━━━━━━━━━━━━━━━━━━┫
┃    4 -     6 ┃   25 -    26 ┃  3.3429 ± 0.0026 ·10⁺⁰³ ( 21.6s) ┃ -6.4922 ± 0.0052 ·10⁺⁰³ (15.7mi) ┃Vegas input parameters:
  ndim 7
  ncomp 1
  nvec 1
  epsrel 0
  epsabs 0
  flags 10
  seed 123456
  mineval 10000000
  maxeval 10000000
  nstart 1000000
  nincrease 1000000
  nbatch 5000
  gridno 0
  statefile ""

Iteration 1:  1000000 integrand evaluations so far
[1] 6321.12 +- 161.129  	chisq 0 (0 df)

Iteration 2:  3000000 integrand evaluations so far
[1] 6665.94 +- 18.0471  	chisq 4.63799 (1 df)

Iteration 3:  6000000 integrand evaluations so far
[1] 6679.88 +- 10.7583  	chisq 5.56398 (2 df)

Iteration 4:  10000000 integrand evaluations so far
[1] 6678.13 +- 8.45298  	chisq 5.63337 (3 df)
  6.6781 ± 0.0085 ·10⁺⁰³ ( 52.1s) ┃   3.529 ±   0.01 ·10⁺⁰³ (  17mi) ┃
┃    4 -     6 ┃   26 -    27 ┃  3.9803 ± 0.0015 ·10⁺⁰³ (1.46mi) ┃ -7.7673 ± 0.0071 ·10⁺⁰³ (6.18mi) ┃Vegas input parameters:
  ndim 7
  ncomp 1
  nvec 1
  epsrel 0
  epsabs 0
  flags 10
  seed 123456
  mineval 10000000
  maxeval 10000000
  nstart 1000000
  nincrease 1000000
  nbatch 5000
  gridno 0
  statefile ""

Iteration 1:  1000000 integrand evaluations so far
[1] 7793.3 +- 178.945  	chisq 0 (0 df)

Iteration 2:  3000000 integrand evaluations so far
[1] 8002.84 +- 22.5748  	chisq 1.39333 (1 df)

Iteration 3:  6000000 integrand evaluations so far
[1] 8006.88 +- 13.1558  	chisq 1.44168 (2 df)

Iteration 4:  10000000 integrand evaluations so far
[1] 8005.57 +- 9.50992  	chisq 1.46249 (3 df)
  8.0056 ± 0.0095 ·10⁺⁰³ ( 54.8s) ┃   4.219 ±  0.012 ·10⁺⁰³ (8.56mi) ┃
┃    4 -     6 ┃   27 -    28 ┃  4.7604 ± 0.0023 ·10⁺⁰³ (1.01mi) ┃ -9.3469 ±  0.003 ·10⁺⁰³ (31.6mi) ┃Vegas input parameters:
  ndim 7
  ncomp 1
  nvec 1
  epsrel 0
  epsabs 0
  flags 10
  seed 123456
  mineval 10000000
  maxeval 10000000
  nstart 1000000
  nincrease 1000000
  nbatch 5000
  gridno 0
  statefile ""

Iteration 1:  1000000 integrand evaluations so far
[1] 9533.16 +- 195.927  	chisq 0 (0 df)

Iteration 2:  3000000 integrand evaluations so far
[1] 9508.09 +- 24.0913  	chisq 0.0166269 (1 df)

Iteration 3:  6000000 integrand evaluations so far
[1] 9520.69 +- 14.8774  	chisq 0.458918 (2 df)

Iteration 4:  10000000 integrand evaluations so far
[1] 9535.36 +- 12.0634  	chisq 3.29878 (3 df)
   9.535 ±  0.012 ·10⁺⁰³ ( 55.4s) ┃   4.949 ±  0.013 ·10⁺⁰³ (33.5mi) ┃
┃    4 -     6 ┃   28 -    29 ┃  5.6515 ± 0.0044 ·10⁺⁰³ ( 16.2s) ┃ -11.195 ±   0.01 ·10⁺⁰³ (4.65mi) ┃Vegas input parameters:
  ndim 7
  ncomp 1
  nvec 1
  epsrel 0
  epsabs 0
  flags 10
  seed 123456
  mineval 10000000
  maxeval 10000000
  nstart 1000000
  nincrease 1000000
  nbatch 5000
  gridno 0
  statefile ""

Iteration 1:  1000000 integrand evaluations so far
[1] 11183 +- 209.886  	chisq 0 (0 df)

Iteration 2:  3000000 integrand evaluations so far
[1] 11351.3 +- 27.8679  	chisq 0.654744 (1 df)

Iteration 3:  6000000 integrand evaluations so far
[1] 11356.5 +- 17.0415  	chisq 0.708895 (2 df)

Iteration 4:  10000000 integrand evaluations so far
[1] 11365.3 +- 13.6459  	chisq 1.45893 (3 df)
  11.365 ±  0.014 ·10⁺⁰³ ( 55.1s) ┃   5.822 ±  0.018 ·10⁺⁰³ (5.83mi) ┃
┃    4 -     6 ┃   29 -    30 ┃  6.9148 ± 0.0067 ·10⁺⁰³ ( 55.9s) ┃ -13.717 ±  0.011 ·10⁺⁰³ (2.39mi) ┃Vegas input parameters:
  ndim 7
  ncomp 1
  nvec 1
  epsrel 0
  epsabs 0
  flags 10
  seed 123456
  mineval 10000000
  maxeval 10000000
  nstart 1000000
  nincrease 1000000
  nbatch 5000
  gridno 0
  statefile ""

Iteration 1:  1000000 integrand evaluations so far
[1] 13613.1 +- 229.144  	chisq 0 (0 df)

Iteration 2:  3000000 integrand evaluations so far
[1] 13950.7 +- 33.3979  	chisq 2.21708 (1 df)

Iteration 3:  6000000 integrand evaluations so far
[1] 13947.4 +- 20.2976  	chisq 2.23223 (2 df)

Iteration 4:  10000000 integrand evaluations so far
[1] 13941.2 +- 14.9589  	chisq 2.4378 (3 df)
  13.941 ±  0.015 ·10⁺⁰³ ( 55.5s) ┃   7.139 ±   0.02 ·10⁺⁰³ (4.25mi) ┃
┃    4 -     6 ┃   30 -    31 ┃  8.2273 ± 0.0058 ·10⁺⁰³ ( 15.8s) ┃-16.2444 ± 0.0034 ·10⁺⁰³ (1.11mi) ┃Vegas input parameters:
  ndim 7
  ncomp 1
  nvec 1
  epsrel 0
  epsabs 0
  flags 10
  seed 123456
  mineval 10000000
  maxeval 10000000
  nstart 1000000
  nincrease 1000000
  nbatch 5000
  gridno 0
  statefile ""

Iteration 1:  1000000 integrand evaluations so far
[1] 16020.1 +- 246.027  	chisq 0 (0 df)

Iteration 2:  3000000 integrand evaluations so far
[1] 16321 +- 38.2236  	chisq 1.53296 (1 df)

Iteration 3:  6000000 integrand evaluations so far
[1] 16348.1 +- 24.1506  	chisq 2.37097 (2 df)

Iteration 4:  10000000 integrand evaluations so far
[1] 16335.3 +- 17.713  	chisq 2.97487 (3 df)
  16.335 ±  0.018 ·10⁺⁰³ (   56s) ┃   8.318 ±  0.019 ·10⁺⁰³ (2.31mi) ┃
┃    4 -     6 ┃   31 -    32 ┃  9.2129 ± 0.0074 ·10⁺⁰³ ( 9.98s) ┃ -18.065 ±  0.011 ·10⁺⁰³ (   4mi) ┃Vegas input parameters:
  ndim 7
  ncomp 1
  nvec 1
  epsrel 0
  epsabs 0
  flags 10
  seed 123456
  mineval 10000000
  maxeval 10000000
  nstart 1000000
  nincrease 1000000
  nbatch 5000
  gridno 0
  statefile ""

Iteration 1:  1000000 integrand evaluations so far
[1] 17784.2 +- 254.678  	chisq 0 (0 df)

Iteration 2:  3000000 integrand evaluations so far
[1] 18017 +- 42.1822  	chisq 0.859779 (1 df)

Iteration 3:  6000000 integrand evaluations so far
[1] 18037 +- 27.4722  	chisq 1.24717 (2 df)

Iteration 4:  10000000 integrand evaluations so far
[1] 18037.8 +- 20.3103  	chisq 1.24946 (3 df)
  18.038 ±   0.02 ·10⁺⁰³ ( 50.2s) ┃   9.186 ±  0.024 ·10⁺⁰³ (   5mi) ┃
┃    4 -     6 ┃   32 -    33 ┃  10.069 ± 0.0041 ·10⁺⁰³ ( 16.9s) ┃-19.7293 ± 0.0052 ·10⁺⁰³ ( 1.1mi) ┃Vegas input parameters:
  ndim 7
  ncomp 1
  nvec 1
  epsrel 0
  epsabs 0
  flags 10
  seed 123456
  mineval 10000000
  maxeval 10000000
  nstart 1000000
  nincrease 1000000
  nbatch 5000
  gridno 0
  statefile ""

Iteration 1:  1000000 integrand evaluations so far
[1] 19445.1 +- 264.014  	chisq 0 (0 df)

Iteration 2:  3000000 integrand evaluations so far
[1] 19630.8 +- 45.6712  	chisq 0.509741 (1 df)

Iteration 3:  6000000 integrand evaluations so far
[1] 19669.9 +- 29.234  	chisq 1.74874 (2 df)

Iteration 4:  10000000 integrand evaluations so far
[1] 19679.2 +- 22.1336  	chisq 1.98631 (3 df)
  19.679 ±  0.022 ·10⁺⁰³ ( 55.4s) ┃  10.019 ±  0.023 ·10⁺⁰³ ( 2.3mi) ┃
┃    4 -     6 ┃   33 -    34 ┃ 11.1348 ± 0.0064 ·10⁺⁰³ ( 10.2s) ┃ -21.658 ±  0.011 ·10⁺⁰³ (4.37mi) ┃Vegas input parameters:
  ndim 7
  ncomp 1
  nvec 1
  epsrel 0
  epsabs 0
  flags 10
  seed 123456
  mineval 10000000
  maxeval 10000000
  nstart 1000000
  nincrease 1000000
  nbatch 5000
  gridno 0
  statefile ""

Iteration 1:  1000000 integrand evaluations so far
[1] 21762.1 +- 274.713  	chisq 0 (0 df)

Iteration 2:  3000000 integrand evaluations so far
[1] 21615.7 +- 49.8032  	chisq 0.293622 (1 df)

Iteration 3:  6000000 integrand evaluations so far
[1] 21629.9 +- 32.2296  	chisq 0.433645 (2 df)

Iteration 4:  10000000 integrand evaluations so far
[1] 21614.8 +- 23.6158  	chisq 0.910499 (3 df)
  21.615 ±  0.024 ·10⁺⁰³ ( 57.5s) ┃  11.092 ±  0.027 ·10⁺⁰³ ( 5.5mi) ┃
┃    4 -     6 ┃   34 -    35 ┃ 12.3189 ± 0.0095 ·10⁺⁰³ ( 9.15s) ┃-24.0592 ± 0.0072 ·10⁺⁰³ (2.08mi) ┃Vegas input parameters:
  ndim 7
  ncomp 1
  nvec 1
  epsrel 0
  epsabs 0
  flags 10
  seed 123456
  mineval 10000000
  maxeval 10000000
  nstart 1000000
  nincrease 1000000
  nbatch 5000
  gridno 0
  statefile ""

Iteration 1:  1000000 integrand evaluations so far
[1] 24065.5 +- 284.85  	chisq 0 (0 df)

Iteration 2:  3000000 integrand evaluations so far
[1] 23971.9 +- 55.3618  	chisq 0.112312 (1 df)

Iteration 3:  6000000 integrand evaluations so far
[1] 23985.2 +- 35.1182  	chisq 0.209778 (2 df)

Iteration 4:  10000000 integrand evaluations so far
[1] 23989.8 +- 25.8303  	chisq 0.247151 (3 df)
   23.99 ±  0.026 ·10⁺⁰³ (   52s) ┃   12.25 ±  0.028 ·10⁺⁰³ ( 3.1mi) ┃
┃    4 -     6 ┃   35 -    36 ┃  13.913 ±  0.012 ·10⁺⁰³ ( 9.13s) ┃ -27.196 ±  0.024 ·10⁺⁰³ (2.49mi) ┃Vegas input parameters:
  ndim 7
  ncomp 1
  nvec 1
  epsrel 0
  epsabs 0
  flags 10
  seed 123456
  mineval 10000000
  maxeval 10000000
  nstart 1000000
  nincrease 1000000
  nbatch 5000
  gridno 0
  statefile ""

Iteration 1:  1000000 integrand evaluations so far
[1] 27345.7 +- 297.217  	chisq 0 (0 df)

Iteration 2:  3000000 integrand evaluations so far
[1] 27111.5 +- 62.452  	chisq 0.649927 (1 df)

Iteration 3:  6000000 integrand evaluations so far
[1] 27156.5 +- 39.4245  	chisq 1.51508 (2 df)

Iteration 4:  10000000 integrand evaluations so far
[1] 27149.9 +- 29.0043  	chisq 1.57582 (3 df)
   27.15 ±  0.029 ·10⁺⁰³ ( 56.2s) ┃  13.867 ±   0.04 ·10⁺⁰³ (3.58mi) ┃
┃    4 -     6 ┃   36 -    37 ┃  16.573 ± 0.0087 ·10⁺⁰³ ( 17.2s) ┃-32.1802 ± 0.0076 ·10⁺⁰³ ( 21.8s) ┃Vegas input parameters:
  ndim 7
  ncomp 1
  nvec 1
  epsrel 0
  epsabs 0
  flags 10
  seed 123456
  mineval 10000000
  maxeval 10000000
  nstart 1000000
  nincrease 1000000
  nbatch 5000
  gridno 0
  statefile ""

Iteration 1:  1000000 integrand evaluations so far
[1] 31907.5 +- 314.197  	chisq 0 (0 df)

Iteration 2:  3000000 integrand evaluations so far
[1] 31913.6 +- 73.5321  	chisq 0.00038825 (1 df)

Iteration 3:  6000000 integrand evaluations so far
[1] 31956.3 +- 47.1847  	chisq 0.57599 (2 df)

Iteration 4:  10000000 integrand evaluations so far
[1] 31981.4 +- 34.5065  	chisq 1.18159 (3 df)
  31.981 ±  0.035 ·10⁺⁰³ ( 56.1s) ┃  16.374 ±  0.036 ·10⁺⁰³ (1.58mi) ┃
┃    4 -     6 ┃   37 -    38 ┃  22.193 ±  0.011 ·10⁺⁰³ ( 9.14s) ┃ -42.528 ±  0.013 ·10⁺⁰³ (4.88mi) ┃Vegas input parameters:
  ndim 7
  ncomp 1
  nvec 1
  epsrel 0
  epsabs 0
  flags 10
  seed 123456
  mineval 10000000
  maxeval 10000000
  nstart 1000000
  nincrease 1000000
  nbatch 5000
  gridno 0
  statefile ""

Iteration 1:  1000000 integrand evaluations so far
[1] 42438.5 +- 352.151  	chisq 0 (0 df)

Iteration 2:  3000000 integrand evaluations so far
[1] 42548.4 +- 93.0582  	chisq 0.104754 (1 df)

Iteration 3:  6000000 integrand evaluations so far
[1] 42530.8 +- 59.2194  	chisq 0.164552 (2 df)

Iteration 4:  10000000 integrand evaluations so far
[1] 42568.4 +- 43.7703  	chisq 1.05048 (3 df)
  42.568 ±  0.044 ·10⁺⁰³ ( 55.1s) ┃  22.233 ±  0.047 ·10⁺⁰³ (5.96mi) ┃
┃    4 -     6 ┃   38 -    39 ┃  24.145 ±  0.018 ·10⁺⁰³ ( 12.2s) ┃ -47.172 ±  0.023 ·10⁺⁰³ ( 5.1mi) ┃Vegas input parameters:
  ndim 7
  ncomp 1
  nvec 1
  epsrel 0
  epsabs 0
  flags 10
  seed 123456
  mineval 10000000
  maxeval 10000000
  nstart 1000000
  nincrease 1000000
  nbatch 5000
  gridno 0
  statefile ""

Iteration 1:  1000000 integrand evaluations so far
[1] 47221.1 +- 363.985  	chisq 0 (0 df)

Iteration 2:  3000000 integrand evaluations so far
[1] 47192.6 +- 95.403  	chisq 0.00657799 (1 df)

Iteration 3:  6000000 integrand evaluations so far
[1] 47151.4 +- 60.2162  	chisq 0.31633 (2 df)

Iteration 4:  10000000 integrand evaluations so far
[1] 47170.1 +- 44.5381  	chisq 0.528945 (3 df)
   47.17 ±  0.045 ·10⁺⁰³ ( 57.1s) ┃  24.144 ±  0.053 ·10⁺⁰³ (6.26mi) ┃
┃    4 -     6 ┃   39 -    40 ┃  20.586 ±  0.015 ·10⁺⁰³ ( 32.8s) ┃ -40.331 ±  0.023 ·10⁺⁰³ (2.18mi) ┃Vegas input parameters:
  ndim 7
  ncomp 1
  nvec 1
  epsrel 0
  epsabs 0
  flags 10
  seed 123456
  mineval 10000000
  maxeval 10000000
  nstart 1000000
  nincrease 1000000
  nbatch 5000
  gridno 0
  statefile ""

Iteration 1:  1000000 integrand evaluations so far
[1] 40294.9 +- 334.402  	chisq 0 (0 df)

Iteration 2:  3000000 integrand evaluations so far
[1] 40453 +- 87.6189  	chisq 0.240106 (1 df)

Iteration 3:  6000000 integrand evaluations so far
[1] 40370.8 +- 55.1195  	chisq 1.69827 (2 df)

Iteration 4:  10000000 integrand evaluations so far
[1] 40321.4 +- 40.4762  	chisq 3.44265 (3 df)
  40.321 ±   0.04 ·10⁺⁰³ ( 56.5s) ┃  20.577 ±  0.049 ·10⁺⁰³ (3.67mi) ┃
┃    4 -     6 ┃   40 -    41 ┃ 18.5049 ± 0.0098 ·10⁺⁰³ ( 29.2s) ┃ -36.072 ±  0.015 ·10⁺⁰³ (7.75mi) ┃Vegas input parameters:
  ndim 7
  ncomp 1
  nvec 1
  epsrel 0
  epsabs 0
  flags 10
  seed 123456
  mineval 10000000
  maxeval 10000000
  nstart 1000000
  nincrease 1000000
  nbatch 5000
  gridno 0
  statefile ""

Iteration 1:  1000000 integrand evaluations so far
[1] 36427.7 +- 317.238  	chisq 0 (0 df)

Iteration 2:  3000000 integrand evaluations so far
[1] 36093.9 +- 78.5205  	chisq 1.17966 (1 df)

Iteration 3:  6000000 integrand evaluations so far
[1] 36073.4 +- 48.9122  	chisq 1.29057 (2 df)

Iteration 4:  10000000 integrand evaluations so far
[1] 36070.5 +- 36.0824  	chisq 1.29843 (3 df)
  36.071 ±  0.036 ·10⁺⁰³ ( 55.8s) ┃  18.503 ±   0.04 ·10⁺⁰³ (9.16mi) ┃
┃    4 -     6 ┃   41 -    42 ┃  17.164 ±  0.016 ·10⁺⁰³ ( 30.4s) ┃ -33.444 ±  0.019 ·10⁺⁰³ (7.42mi) ┃Vegas input parameters:
  ndim 7
  ncomp 1
  nvec 1
  epsrel 0
  epsabs 0
  flags 10
  seed 123456
  mineval 10000000
  maxeval 10000000
  nstart 1000000
  nincrease 1000000
  nbatch 5000
  gridno 0
  statefile ""

Iteration 1:  1000000 integrand evaluations so far
[1] 33761.9 +- 301.757  	chisq 0 (0 df)

Iteration 2:  3000000 integrand evaluations so far
[1] 33533.5 +- 72.7103  	chisq 0.608152 (1 df)

Iteration 3:  6000000 integrand evaluations so far
[1] 33588.6 +- 45.1922  	chisq 1.54594 (2 df)

Iteration 4:  10000000 integrand evaluations so far
[1] 33532.3 +- 33.1764  	chisq 4.91888 (3 df)
  33.532 ±  0.033 ·10⁺⁰³ ( 55.5s) ┃  17.252 ±  0.041 ·10⁺⁰³ (8.85mi) ┃
┃    4 -     6 ┃   42 -    43 ┃ 14.2199 ± 0.0038 ·10⁺⁰³ ( 44.8s) ┃ -27.135 ±  0.025 ·10⁺⁰³ (13.6mi) ┃Vegas input parameters:
  ndim 7
  ncomp 1
  nvec 1
  epsrel 0
  epsabs 0
  flags 10
  seed 123456
  mineval 10000000
  maxeval 10000000
  nstart 1000000
  nincrease 1000000
  nbatch 5000
  gridno 0
  statefile ""

Iteration 1:  1000000 integrand evaluations so far
[1] 27055.7 +- 267.614  	chisq 0 (0 df)

Iteration 2:  3000000 integrand evaluations so far
[1] 27200.2 +- 62.0931  	chisq 0.308415 (1 df)

Iteration 3:  6000000 integrand evaluations so far
[1] 27248.1 +- 37.3824  	chisq 1.24236 (2 df)

Iteration 4:  10000000 integrand evaluations so far
[1] 27264.8 +- 27.6514  	chisq 1.68003 (3 df)
  27.265 ±  0.028 ·10⁺⁰³ ( 55.2s) ┃   14.35 ±  0.037 ·10⁺⁰³ (15.2mi) ┃
┃    4 -     6 ┃   43 -    44 ┃  5.6818 ± 0.0017 ·10⁺⁰³ (3.08mi) ┃-10.6157 ± 0.0079 ·10⁺⁰³ (24.9mi) ┃Vegas input parameters:
  ndim 7
  ncomp 1
  nvec 1
  epsrel 0
  epsabs 0
  flags 10
  seed 123456
  mineval 10000000
  maxeval 10000000
  nstart 1000000
  nincrease 1000000
  nbatch 5000
  gridno 0
  statefile ""

Iteration 1:  1000000 integrand evaluations so far
[1] 10356.5 +- 164.717  	chisq 0 (0 df)

Iteration 2:  3000000 integrand evaluations so far
[1] 10628.7 +- 33.2743  	chisq 2.84718 (1 df)

Iteration 3:  6000000 integrand evaluations so far
[1] 10668.6 +- 19.9616  	chisq 5.097 (2 df)

Iteration 4:  10000000 integrand evaluations so far
[1] 10666.9 +- 14.2411  	chisq 5.11181 (3 df)
  10.667 ±  0.014 ·10⁺⁰³ ( 54.6s) ┃   5.733 ±  0.016 ·10⁺⁰³ (28.9mi) ┃
┃    4 -     6 ┃   44 -    45 ┃  2.1258 ± 0.0016 ·10⁺⁰³ (3.05mi) ┃  -4.151 ± 0.0023 ·10⁺⁰³ (22.8mi) ┃Vegas input parameters:
  ndim 7
  ncomp 1
  nvec 1
  epsrel 0
  epsabs 0
  flags 10
  seed 123456
  mineval 10000000
  maxeval 10000000
  nstart 1000000
  nincrease 1000000
  nbatch 5000
  gridno 0
  statefile ""

Iteration 1:  1000000 integrand evaluations so far
[1] 4004.13 +- 101.78  	chisq 0 (0 df)

Iteration 2:  3000000 integrand evaluations so far
[1] 4155.79 +- 12.1996  	chisq 2.25266 (1 df)

Iteration 3:  6000000 integrand evaluations so far
[1] 4161.45 +- 7.34431  	chisq 2.59029 (2 df)

Iteration 4:  10000000 integrand evaluations so far
[1] 4160.47 +- 5.27208  	chisq 2.62736 (3 df)
  4.1605 ± 0.0053 ·10⁺⁰³ ( 55.1s) ┃  2.1352 ±  0.006 ·10⁺⁰³ (26.7mi) ┃
┃    4 -     6 ┃   45 -    46 ┃ 1.14429 ± 2.2e-05 ·10⁺⁰³ ( 9.1mi) ┃ -2.2927 ± 0.0013 ·10⁺⁰³ (10.7mi) ┃Vegas input parameters:
  ndim 7
  ncomp 1
  nvec 1
  epsrel 0
  epsabs 0
  flags 10
  seed 123456
  mineval 10000000
  maxeval 10000000
  nstart 1000000
  nincrease 1000000
  nbatch 5000
  gridno 0
  statefile ""

Iteration 1:  1000000 integrand evaluations so far
[1] 2304.05 +- 76.8241  	chisq 0 (0 df)

Iteration 2:  3000000 integrand evaluations so far
[1] 2293.38 +- 6.23193  	chisq 0.019397 (1 df)

Iteration 3:  6000000 integrand evaluations so far
[1] 2298.18 +- 4.73825  	chisq 1.42216 (2 df)

Iteration 4:  10000000 integrand evaluations so far
[1] 2297.23 +- 3.45557  	chisq 1.50679 (3 df)
  2.2972 ± 0.0035 ·10⁺⁰³ ( 54.6s) ┃  1.1488 ± 0.0037 ·10⁺⁰³ (20.7mi) ┃
┃    4 -     6 ┃   46 -    47 ┃  702.95 ±   0.41        (2.85mi) ┃ -1.4312 ± 0.0011 ·10⁺⁰³ (5.57mi) ┃Vegas input parameters:
  ndim 7
  ncomp 1
  nvec 1
  epsrel 0
  epsabs 0
  flags 10
  seed 123456
  mineval 10000000
  maxeval 10000000
  nstart 1000000
  nincrease 1000000
  nbatch 5000
  gridno 0
  statefile ""

Iteration 1:  1000000 integrand evaluations so far
[1] 1475.59 +- 60.8887  	chisq 0 (0 df)

Iteration 2:  3000000 integrand evaluations so far
[1] 1431.56 +- 3.83375  	chisq 0.524926 (1 df)

Iteration 3:  6000000 integrand evaluations so far
[1] 1435.37 +- 2.26911  	chisq 2.04398 (2 df)

Iteration 4:  10000000 integrand evaluations so far
[1] 1436.21 +- 1.62901  	chisq 2.3264 (3 df)
  1.4362 ± 0.0016 ·10⁺⁰³ ( 55.2s) ┃   707.9 ±      2        (9.34mi) ┃
┃    4 -     6 ┃   47 -    48 ┃   443.7 ±   0.21        ( 9.6mi) ┃  -914.3 ±   0.36        (  44mi) ┃Vegas input parameters:
  ndim 7
  ncomp 1
  nvec 1
  epsrel 0
  epsabs 0
  flags 10
  seed 123456
  mineval 10000000
  maxeval 10000000
  nstart 1000000
  nincrease 1000000
  nbatch 5000
  gridno 0
  statefile ""

Iteration 1:  1000000 integrand evaluations so far
[1] 946.277 +- 48.6404  	chisq 0 (0 df)

Iteration 2:  3000000 integrand evaluations so far
[1] 912.817 +- 2.60454  	chisq 0.47459 (1 df)

Iteration 3:  6000000 integrand evaluations so far
[1] 914.909 +- 1.48707  	chisq 1.43168 (2 df)

Iteration 4:  10000000 integrand evaluations so far
[1] 915.479 +- 1.05075  	chisq 1.72587 (3 df)
   915.5 ±    1.1        ( 55.6s) ┃   444.9 ±    1.1        (54.5mi) ┃
┃    4 -     6 ┃   48 -    49 ┃   273.8 ±   0.23        (3.04mi) ┃ -565.89 ±   0.25        (44.5mi) ┃Vegas input parameters:
  ndim 7
  ncomp 1
  nvec 1
  epsrel 0
  epsabs 0
  flags 10
  seed 123456
  mineval 10000000
  maxeval 10000000
  nstart 1000000
  nincrease 1000000
  nbatch 5000
  gridno 0
  statefile ""

Iteration 1:  1000000 integrand evaluations so far
[1] 591.027 +- 37.4204  	chisq 0 (0 df)

Iteration 2:  3000000 integrand evaluations so far
[1] 569.06 +- 2.25895  	chisq 0.345874 (1 df)

Iteration 3:  6000000 integrand evaluations so far
[1] 568.438 +- 1.10283  	chisq 0.445339 (2 df)

Iteration 4:  10000000 integrand evaluations so far
[1] 568.128 +- 0.709831  	chisq 0.580277 (3 df)
  568.13 ±   0.71        ( 56.4s) ┃  276.04 ±   0.79        (48.5mi) ┃
┃    4 -     6 ┃   49 -    50 ┃  166.38 ±   0.15        (3.27mi) ┃ -345.42 ±    0.3        (36.2mi) ┃Vegas input parameters:
  ndim 7
  ncomp 1
  nvec 1
  epsrel 0
  epsabs 0
  flags 10
  seed 123456
  mineval 10000000
  maxeval 10000000
  nstart 1000000
  nincrease 1000000
  nbatch 5000
  gridno 0
  statefile ""

Iteration 1:  1000000 integrand evaluations so far
[1] 391.968 +- 31.0062  	chisq 0 (0 df)

Iteration 2:  3000000 integrand evaluations so far
[1] 345.69 +- 1.20617  	chisq 2.23108 (1 df)

Iteration 3:  6000000 integrand evaluations so far
[1] 346.458 +- 0.616755  	chisq 2.77949 (2 df)

Iteration 4:  10000000 integrand evaluations so far
[1] 346.526 +- 0.412341  	chisq 2.80178 (3 df)
  346.53 ±   0.41        ( 54.8s) ┃   167.5 ±   0.53        (40.4mi) ┃
┃    4 -     6 ┃   50 -    51 ┃  92.982 ±   0.06        (6.88mi) ┃ -193.51 ±   0.18        (21.9mi) ┃Vegas input parameters:
  ndim 7
  ncomp 1
  nvec 1
  epsrel 0
  epsabs 0
  flags 10
  seed 123456
  mineval 10000000
  maxeval 10000000
  nstart 1000000
  nincrease 1000000
  nbatch 5000
  gridno 0
  statefile ""

Iteration 1:  1000000 integrand evaluations so far
[1] 197.543 +- 21.3204  	chisq 0 (0 df)

Iteration 2:  3000000 integrand evaluations so far
[1] 192.639 +- 0.895896  	chisq 0.0529857 (1 df)

Iteration 3:  6000000 integrand evaluations so far
[1] 193.675 +- 0.373985  	chisq 1.67065 (2 df)

Iteration 4:  10000000 integrand evaluations so far
[1] 194.037 +- 0.238697  	chisq 3.25202 (3 df)
  194.04 ±   0.24        ( 53.1s) ┃   93.51 ±   0.31        (29.7mi) ┃
┃    4 -     6 ┃   51 -    52 ┃  40.975 ±  0.013        ( 6.7mi) ┃ -83.733 ±  0.017        (2.63hr) ┃Vegas input parameters:
  ndim 7
  ncomp 1
  nvec 1
  epsrel 0
  epsabs 0
  flags 10
  seed 123456
  mineval 10000000
  maxeval 10000000
  nstart 1000000
  nincrease 1000000
  nbatch 5000
  gridno 0
  statefile ""

Iteration 1:  1000000 integrand evaluations so far
[1] 86.8012 +- 14.0424  	chisq 0 (0 df)

Iteration 2:  3000000 integrand evaluations so far
[1] 82.9451 +- 1.42647  	chisq 0.0761912 (1 df)

Iteration 3:  6000000 integrand evaluations so far
[1] 84.0877 +- 0.36154  	chisq 0.761764 (2 df)

Iteration 4:  10000000 integrand evaluations so far
[1] 84.0476 +- 0.157733  	chisq 0.776943 (3 df)
   84.05 ±   0.16        ( 56.7s) ┃   41.29 ±   0.16        (2.76hr) ┃
┃    4 -     6 ┃   52 -    53 ┃    6.85 ± 0.00083        (19.7mi) ┃-12.9557 ± 0.0074        (2.38hr) ┃Vegas input parameters:
  ndim 7
  ncomp 1
  nvec 1
  epsrel 0
  epsabs 0
  flags 10
  seed 123456
  mineval 10000000
  maxeval 10000000
  nstart 1000000
  nincrease 1000000
  nbatch 5000
  gridno 0
  statefile ""

Iteration 1:  1000000 integrand evaluations so far
[1] 18.6484 +- 6.45555  	chisq 0 (0 df)

Iteration 2:  3000000 integrand evaluations so far
[1] 7.40085 +- 1.48847  	chisq 3.20608 (1 df)

Iteration 3:  6000000 integrand evaluations so far
[1] 10.3922 +- 0.736889  	chisq 8.55613 (2 df)

Iteration 4:  10000000 integrand evaluations so far
[1] 12.6927 +- 0.398045  	chisq 22.3177 (3 df)
   12.69 ±    0.4        ( 56.2s) ┃    6.59 ±    0.4        (2.72hr) ┃
┃    4 -     6 ┃   53 -    54 ┃  3.4518 ± 0.0034 ·10⁻⁰³ (12.8hr) ┃ -5.7678 ± 0.0031 ·10⁻⁰³ (89.6hr) ┃Vegas input parameters:
  ndim 7
  ncomp 1
  nvec 1
  epsrel 0
  epsabs 0
  flags 10
  seed 123456
  mineval 10000000
  maxeval 10000000
  nstart 1000000
  nincrease 1000000
  nbatch 5000
  gridno 0
  statefile ""

Iteration 1:  1000000 integrand evaluations so far
[1] 0 +- 2.22045e-19  	chisq 0 (0 df)

Iteration 2:  3000000 integrand evaluations so far
[1] 0 +- 1.28198e-19  	chisq 0 (1 df)

Iteration 3:  6000000 integrand evaluations so far
[1] 0 +- 9.06494e-20  	chisq 0 (2 df)

Iteration 4:  10000000 integrand evaluations so far
[1] 0 +- 7.02167e-20  	chisq 0 (3 df)
       0 ±   0.07 ·10⁻¹⁸ ( 46.6s) ┃  -2.316 ± 0.0046 ·10⁻⁰³ ( 102hr) ┃
┃    4 -     6 ┃   54 -    55 ┃       0 ±      0        ( 1.52s) ┃       0 ±      0        ( 371ms) ┃Vegas input parameters:
  ndim 7
  ncomp 1
  nvec 1
  epsrel 0
  epsabs 0
  flags 10
  seed 123456
  mineval 10000000
  maxeval 10000000
  nstart 1000000
  nincrease 1000000
  nbatch 5000
  gridno 0
  statefile ""

Iteration 1:  1000000 integrand evaluations so far
[1] 0 +- 2.22045e-19  	chisq 0 (0 df)

Iteration 2:  3000000 integrand evaluations so far
[1] 0 +- 1.28198e-19  	chisq 0 (1 df)

Iteration 3:  6000000 integrand evaluations so far
[1] 0 +- 9.06494e-20  	chisq 0 (2 df)

Iteration 4:  10000000 integrand evaluations so far
[1] 0 +- 7.02167e-20  	chisq 0 (3 df)
       0 ±   0.07 ·10⁻¹⁸ ( 47.4s) ┃       0 ±   0.07 ·10⁻¹⁸ ( 49.3s) ┃
┃    4 -     6 ┃   55 -    56 ┃       0 ±      0        (  1.6s) ┃       0 ±      0        ( 375ms) ┃Vegas input parameters:
  ndim 7
  ncomp 1
  nvec 1
  epsrel 0
  epsabs 0
  flags 10
  seed 123456
  mineval 10000000
  maxeval 10000000
  nstart 1000000
  nincrease 1000000
  nbatch 5000
  gridno 0
  statefile ""

Iteration 1:  1000000 integrand evaluations so far
[1] 0 +- 2.22045e-19  	chisq 0 (0 df)

Iteration 2:  3000000 integrand evaluations so far
[1] 0 +- 1.28198e-19  	chisq 0 (1 df)

Iteration 3:  6000000 integrand evaluations so far
[1] 0 +- 9.06494e-20  	chisq 0 (2 df)

Iteration 4:  10000000 integrand evaluations so far
[1] 0 +- 7.02167e-20  	chisq 0 (3 df)
       0 ±   0.07 ·10⁻¹⁸ ( 47.4s) ┃       0 ±   0.07 ·10⁻¹⁸ ( 49.4s) ┃
┃    4 -     6 ┃   56 -    57 ┃       0 ±      0        ( 1.55s) ┃       0 ±      0        ( 371ms) ┃Vegas input parameters:
  ndim 7
  ncomp 1
  nvec 1
  epsrel 0
  epsabs 0
  flags 10
  seed 123456
  mineval 10000000
  maxeval 10000000
  nstart 1000000
  nincrease 1000000
  nbatch 5000
  gridno 0
  statefile ""

Iteration 1:  1000000 integrand evaluations so far
[1] 0 +- 2.22045e-19  	chisq 0 (0 df)

Iteration 2:  3000000 integrand evaluations so far
[1] 0 +- 1.28198e-19  	chisq 0 (1 df)

Iteration 3:  6000000 integrand evaluations so far
[1] 0 +- 9.06494e-20  	chisq 0 (2 df)

Iteration 4:  10000000 integrand evaluations so far
[1] 0 +- 7.02167e-20  	chisq 0 (3 df)
       0 ±   0.07 ·10⁻¹⁸ ( 48.1s) ┃       0 ±   0.07 ·10⁻¹⁸ ( 50.1s) ┃
┃    4 -     6 ┃   57 -    58 ┃       0 ±      0        ( 1.52s) ┃       0 ±      0        ( 375ms) ┃Vegas input parameters:
  ndim 7
  ncomp 1
  nvec 1
  epsrel 0
  epsabs 0
  flags 10
  seed 123456
  mineval 10000000
  maxeval 10000000
  nstart 1000000
  nincrease 1000000
  nbatch 5000
  gridno 0
  statefile ""

Iteration 1:  1000000 integrand evaluations so far
[1] 0 +- 2.22045e-19  	chisq 0 (0 df)

Iteration 2:  3000000 integrand evaluations so far
[1] 0 +- 1.28198e-19  	chisq 0 (1 df)

Iteration 3:  6000000 integrand evaluations so far
[1] 0 +- 9.06494e-20  	chisq 0 (2 df)

Iteration 4:  10000000 integrand evaluations so far
[1] 0 +- 7.02167e-20  	chisq 0 (3 df)
       0 ±   0.07 ·10⁻¹⁸ ( 50.4s) ┃       0 ±   0.07 ·10⁻¹⁸ ( 52.3s) ┃
┃    4 -     6 ┃   58 -    59 ┃       0 ±      0        ( 1.52s) ┃       0 ±      0        ( 371ms) ┃Vegas input parameters:
  ndim 7
  ncomp 1
  nvec 1
  epsrel 0
  epsabs 0
  flags 10
  seed 123456
  mineval 10000000
  maxeval 10000000
  nstart 1000000
  nincrease 1000000
  nbatch 5000
  gridno 0
  statefile ""

Iteration 1:  1000000 integrand evaluations so far
[1] 0 +- 2.22045e-19  	chisq 0 (0 df)

Iteration 2:  3000000 integrand evaluations so far
[1] 0 +- 1.28198e-19  	chisq 0 (1 df)

Iteration 3:  6000000 integrand evaluations so far
[1] 0 +- 9.06494e-20  	chisq 0 (2 df)

Iteration 4:  10000000 integrand evaluations so far
[1] 0 +- 7.02167e-20  	chisq 0 (3 df)
       0 ±   0.07 ·10⁻¹⁸ ( 48.1s) ┃       0 ±   0.07 ·10⁻¹⁸ (   50s) ┃
┃    4 -     6 ┃   59 -    60 ┃       0 ±      0        ( 1.57s) ┃       0 ±      0        ( 370ms) ┃Vegas input parameters:
  ndim 7
  ncomp 1
  nvec 1
  epsrel 0
  epsabs 0
  flags 10
  seed 123456
  mineval 10000000
  maxeval 10000000
  nstart 1000000
  nincrease 1000000
  nbatch 5000
  gridno 0
  statefile ""

Iteration 1:  1000000 integrand evaluations so far
[1] 0 +- 2.22045e-19  	chisq 0 (0 df)

Iteration 2:  3000000 integrand evaluations so far
[1] 0 +- 1.28198e-19  	chisq 0 (1 df)

Iteration 3:  6000000 integrand evaluations so far
[1] 0 +- 9.06494e-20  	chisq 0 (2 df)

Iteration 4:  10000000 integrand evaluations so far
[1] 0 +- 7.02167e-20  	chisq 0 (3 df)
       0 ±   0.07 ·10⁻¹⁸ ( 47.7s) ┃       0 ±   0.07 ·10⁻¹⁸ ( 49.7s) ┃
┃    6 -     8 ┃   25 -    26 ┃  3.2013 ± 0.0031 ·10⁺⁰³ ( 22.8s) ┃ -4.2207 ± 0.0035 ·10⁺⁰³ ( 1.3mi) ┃Vegas input parameters:
  ndim 7
  ncomp 1
  nvec 1
  epsrel 0
  epsabs 0
  flags 10
  seed 123456
  mineval 10000000
  maxeval 10000000
  nstart 1000000
  nincrease 1000000
  nbatch 5000
  gridno 0
  statefile ""

Iteration 1:  1000000 integrand evaluations so far
[1] 3939.38 +- 102.462  	chisq 0 (0 df)

Iteration 2:  3000000 integrand evaluations so far
[1] 4279.2 +- 12.8451  	chisq 11.1755 (1 df)

Iteration 3:  6000000 integrand evaluations so far
[1] 4289.26 +- 7.72792  	chisq 12.1366 (2 df)

Iteration 4:  10000000 integrand evaluations so far
[1] 4287.59 +- 6.15826  	chisq 12.2645 (3 df)
  4.2876 ± 0.0062 ·10⁺⁰³ ( 53.6s) ┃  3.2683 ± 0.0077 ·10⁺⁰³ (2.58mi) ┃
┃    6 -     8 ┃   26 -    27 ┃  3.6926 ± 0.0022 ·10⁺⁰³ ( 39.1s) ┃ -4.8626 ±  0.003 ·10⁺⁰³ (8.26mi) ┃Vegas input parameters:
  ndim 7
  ncomp 1
  nvec 1
  epsrel 0
  epsabs 0
  flags 10
  seed 123456
  mineval 10000000
  maxeval 10000000
  nstart 1000000
  nincrease 1000000
  nbatch 5000
  gridno 0
  statefile ""

Iteration 1:  1000000 integrand evaluations so far
[1] 4918.67 +- 114.214  	chisq 0 (0 df)

Iteration 2:  3000000 integrand evaluations so far
[1] 4965.46 +- 15.5222  	chisq 0.170989 (1 df)

Iteration 3:  6000000 integrand evaluations so far
[1] 4978.92 +- 9.44026  	chisq 1.36535 (2 df)

Iteration 4:  10000000 integrand evaluations so far
[1] 4973.08 +- 6.90582  	chisq 2.18925 (3 df)
  4.9731 ± 0.0069 ·10⁺⁰³ ( 53.8s) ┃  3.8031 ± 0.0078 ·10⁺⁰³ (9.81mi) ┃
┃    6 -     8 ┃   27 -    28 ┃  4.2512 ± 0.0041 ·10⁺⁰³ ( 31.5s) ┃ -5.6799 ± 0.0023 ·10⁺⁰³ (10.6mi) ┃Vegas input parameters:
  ndim 7
  ncomp 1
  nvec 1
  epsrel 0
  epsabs 0
  flags 10
  seed 123456
  mineval 10000000
  maxeval 10000000
  nstart 1000000
  nincrease 1000000
  nbatch 5000
  gridno 0
  statefile ""

Iteration 1:  1000000 integrand evaluations so far
[1] 5798.52 +- 122.795  	chisq 0 (0 df)

Iteration 2:  3000000 integrand evaluations so far
[1] 5717.8 +- 16.4657  	chisq 0.440075 (1 df)

Iteration 3:  6000000 integrand evaluations so far
[1] 5736.94 +- 10.0049  	chisq 2.58112 (2 df)

Iteration 4:  10000000 integrand evaluations so far
[1] 5735.93 +- 7.64061  	chisq 2.60552 (3 df)
  5.7359 ± 0.0076 ·10⁺⁰³ ( 49.2s) ┃  4.3072 ±  0.009 ·10⁺⁰³ (11.9mi) ┃
┃    6 -     8 ┃   28 -    29 ┃  4.8861 ± 0.0041 ·10⁺⁰³ ( 10.4s) ┃ -6.5472 ± 0.0026 ·10⁺⁰³ (9.43mi) ┃Vegas input parameters:
  ndim 7
  ncomp 1
  nvec 1
  epsrel 0
  epsabs 0
  flags 10
  seed 123456
  mineval 10000000
  maxeval 10000000
  nstart 1000000
  nincrease 1000000
  nbatch 5000
  gridno 0
  statefile ""

Iteration 1:  1000000 integrand evaluations so far
[1] 6187.81 +- 125.252  	chisq 0 (0 df)

Iteration 2:  3000000 integrand evaluations so far
[1] 6584.42 +- 19.8046  	chisq 10.2835 (1 df)

Iteration 3:  6000000 integrand evaluations so far
[1] 6605.63 +- 11.7537  	chisq 12.0544 (2 df)

Iteration 4:  10000000 integrand evaluations so far
[1] 6608.86 +- 8.70414  	chisq 12.2223 (3 df)
  6.6089 ± 0.0087 ·10⁺⁰³ ( 55.7s) ┃  4.9477 ±   0.01 ·10⁺⁰³ (10.5mi) ┃
┃    6 -     8 ┃   29 -    30 ┃  5.6564 ± 0.0017 ·10⁺⁰³ ( 8.75s) ┃ -7.5653 ± 0.0056 ·10⁺⁰³ (9.07mi) ┃Vegas input parameters:
  ndim 7
  ncomp 1
  nvec 1
  epsrel 0
  epsabs 0
  flags 10
  seed 123456
  mineval 10000000
  maxeval 10000000
  nstart 1000000
  nincrease 1000000
  nbatch 5000
  gridno 0
  statefile ""

Iteration 1:  1000000 integrand evaluations so far
[1] 7483.26 +- 135.94  	chisq 0 (0 df)

Iteration 2:  3000000 integrand evaluations so far
[1] 7597.86 +- 21.4019  	chisq 0.728731 (1 df)

Iteration 3:  6000000 integrand evaluations so far
[1] 7606.37 +- 13.1672  	chisq 0.983293 (2 df)

Iteration 4:  10000000 integrand evaluations so far
[1] 7612.14 +- 9.91134  	chisq 1.42595 (3 df)
  7.6121 ± 0.0099 ·10⁺⁰³ ( 54.9s) ┃   5.703 ±  0.012 ·10⁺⁰³ (10.1mi) ┃
┃    6 -     8 ┃   30 -    31 ┃  6.5993 ± 0.0065 ·10⁺⁰³ ( 10.4s) ┃ -8.8062 ± 0.0017 ·10⁺⁰³ (6.63mi) ┃Vegas input parameters:
  ndim 7
  ncomp 1
  nvec 1
  epsrel 0
  epsabs 0
  flags 10
  seed 123456
  mineval 10000000
  maxeval 10000000
  nstart 1000000
  nincrease 1000000
  nbatch 5000
  gridno 0
  statefile ""

Iteration 1:  1000000 integrand evaluations so far
[1] 9012.5 +- 148.015  	chisq 0 (0 df)

Iteration 2:  3000000 integrand evaluations so far
[1] 8857.13 +- 24.6064  	chisq 1.13307 (1 df)

Iteration 3:  6000000 integrand evaluations so far
[1] 8842.13 +- 15.0606  	chisq 1.7273 (2 df)

Iteration 4:  10000000 integrand evaluations so far
[1] 8851.85 +- 11.3707  	chisq 2.69602 (3 df)
   8.852 ±  0.011 ·10⁺⁰³ ( 55.1s) ┃   6.645 ±  0.013 ·10⁺⁰³ (7.72mi) ┃
┃    6 -     8 ┃   31 -    32 ┃  7.8374 ± 0.0068 ·10⁺⁰³ ( 17.1s) ┃ -10.448 ± 0.0043 ·10⁺⁰³ ( 5.2mi) ┃Vegas input parameters:
  ndim 7
  ncomp 1
  nvec 1
  epsrel 0
  epsabs 0
  flags 10
  seed 123456
  mineval 10000000
  maxeval 10000000
  nstart 1000000
  nincrease 1000000
  nbatch 5000
  gridno 0
  statefile ""

Iteration 1:  1000000 integrand evaluations so far
[1] 10393.2 +- 157.042  	chisq 0 (0 df)

Iteration 2:  3000000 integrand evaluations so far
[1] 10516.6 +- 28.3335  	chisq 0.638289 (1 df)

Iteration 3:  6000000 integrand evaluations so far
[1] 10519.3 +- 17.3845  	chisq 0.65198 (2 df)

Iteration 4:  10000000 integrand evaluations so far
[1] 10526.2 +- 13.0976  	chisq 1.02526 (3 df)
  10.526 ±  0.013 ·10⁺⁰³ ( 55.3s) ┃   7.916 ±  0.015 ·10⁺⁰³ ( 6.4mi) ┃
┃    6 -     8 ┃   32 -    33 ┃  9.2566 ± 0.0076 ·10⁺⁰³ ( 31.2s) ┃-12.2747 ± 0.0025 ·10⁺⁰³ (5.35mi) ┃Vegas input parameters:
  ndim 7
  ncomp 1
  nvec 1
  epsrel 0
  epsabs 0
  flags 10
  seed 123456
  mineval 10000000
  maxeval 10000000
  nstart 1000000
  nincrease 1000000
  nbatch 5000
  gridno 0
  statefile ""

Iteration 1:  1000000 integrand evaluations so far
[1] 12186.3 +- 167.801  	chisq 0 (0 df)

Iteration 2:  3000000 integrand evaluations so far
[1] 12255 +- 32.3597  	chisq 0.174063 (1 df)

Iteration 3:  6000000 integrand evaluations so far
[1] 12257.6 +- 20.1616  	chisq 0.184524 (2 df)

Iteration 4:  10000000 integrand evaluations so far
[1] 12247.2 +- 15.0757  	chisq 0.79255 (3 df)
  12.247 ±  0.015 ·10⁺⁰³ ( 55.7s) ┃   9.229 ±  0.017 ·10⁺⁰³ ( 6.8mi) ┃
┃    6 -     8 ┃   33 -    34 ┃ 10.3601 ± 0.0095 ·10⁺⁰³ ( 10.5s) ┃  -13.77 ±  0.011 ·10⁺⁰³ (1.38mi) ┃Vegas input parameters:
  ndim 7
  ncomp 1
  nvec 1
  epsrel 0
  epsabs 0
  flags 10
  seed 123456
  mineval 10000000
  maxeval 10000000
  nstart 1000000
  nincrease 1000000
  nbatch 5000
  gridno 0
  statefile ""

Iteration 1:  1000000 integrand evaluations so far
[1] 13458.6 +- 173.737  	chisq 0 (0 df)

Iteration 2:  3000000 integrand evaluations so far
[1] 13727 +- 37.0759  	chisq 2.50018 (1 df)

Iteration 3:  6000000 integrand evaluations so far
[1] 13747.5 +- 22.7145  	chisq 2.99166 (2 df)

Iteration 4:  10000000 integrand evaluations so far
[1] 13741.7 +- 17.0257  	chisq 3.13953 (3 df)
  13.742 ±  0.017 ·10⁺⁰³ ( 56.7s) ┃  10.332 ±  0.023 ·10⁺⁰³ ( 2.5mi) ┃
┃    6 -     8 ┃   34 -    35 ┃ 11.6301 ± 0.0063 ·10⁺⁰³ ( 10.5s) ┃-15.4747 ± 0.0043 ·10⁺⁰³ (5.59mi) ┃Vegas input parameters:
  ndim 7
  ncomp 1
  nvec 1
  epsrel 0
  epsabs 0
  flags 10
  seed 123456
  mineval 10000000
  maxeval 10000000
  nstart 1000000
  nincrease 1000000
  nbatch 5000
  gridno 0
  statefile ""

Iteration 1:  1000000 integrand evaluations so far
[1] 15710.7 +- 185.064  	chisq 0 (0 df)

Iteration 2:  3000000 integrand evaluations so far
[1] 15448.6 +- 41.4398  	chisq 2.11261 (1 df)

Iteration 3:  6000000 integrand evaluations so far
[1] 15466.3 +- 26.1893  	chisq 2.41856 (2 df)

Iteration 4:  10000000 integrand evaluations so far
[1] 15462.5 +- 19.1807  	chisq 2.46483 (3 df)
  15.463 ±  0.019 ·10⁺⁰³ ( 55.4s) ┃  11.618 ±  0.021 ·10⁺⁰³ (6.69mi) ┃
┃    6 -     8 ┃   35 -    36 ┃ 13.6163 ± 0.0023 ·10⁺⁰³ ( 17.6s) ┃ -17.982 ±  0.015 ·10⁺⁰³ (2.85mi) ┃Vegas input parameters:
  ndim 7
  ncomp 1
  nvec 1
  epsrel 0
  epsabs 0
  flags 10
  seed 123456
  mineval 10000000
  maxeval 10000000
  nstart 1000000
  nincrease 1000000
  nbatch 5000
  gridno 0
  statefile ""

Iteration 1:  1000000 integrand evaluations so far
[1] 18374.5 +- 196.202  	chisq 0 (0 df)

Iteration 2:  3000000 integrand evaluations so far
[1] 17963.8 +- 47.0258  	chisq 4.65006 (1 df)

Iteration 3:  6000000 integrand evaluations so far
[1] 17960.1 +- 29.5946  	chisq 4.66022 (2 df)

Iteration 4:  10000000 integrand evaluations so far
[1] 17970.7 +- 21.8828  	chisq 4.9438 (3 df)
  17.971 ±  0.022 ·10⁺⁰³ ( 55.3s) ┃  13.604 ±  0.027 ·10⁺⁰³ (4.06mi) ┃
┃    6 -     8 ┃   36 -    37 ┃ 17.7214 ± 0.0081 ·10⁺⁰³ ( 18.4s) ┃ -23.289 ±  0.018 ·10⁺⁰³ (1.56mi) ┃Vegas input parameters:
  ndim 7
  ncomp 1
  nvec 1
  epsrel 0
  epsabs 0
  flags 10
  seed 123456
  mineval 10000000
  maxeval 10000000
  nstart 1000000
  nincrease 1000000
  nbatch 5000
  gridno 0
  statefile ""

Iteration 1:  1000000 integrand evaluations so far
[1] 23112 +- 213.261  	chisq 0 (0 df)

Iteration 2:  3000000 integrand evaluations so far
[1] 23352.6 +- 57.597  	chisq 1.37367 (1 df)

Iteration 3:  6000000 integrand evaluations so far
[1] 23301.6 +- 36.7035  	chisq 2.6956 (2 df)

Iteration 4:  10000000 integrand evaluations so far
[1] 23338.2 +- 27.2498  	chisq 4.91444 (3 df)
  23.338 ±  0.027 ·10⁺⁰³ ( 55.8s) ┃  17.771 ±  0.033 ·10⁺⁰³ ( 2.8mi) ┃
┃    6 -     8 ┃   37 -    38 ┃ 19.8095 ± 0.0042 ·10⁺⁰³ ( 35.4s) ┃  -26.22 ±  0.014 ·10⁺⁰³ ( 5.4mi) ┃Vegas input parameters:
  ndim 7
  ncomp 1
  nvec 1
  epsrel 0
  epsabs 0
  flags 10
  seed 123456
  mineval 10000000
  maxeval 10000000
  nstart 1000000
  nincrease 1000000
  nbatch 5000
  gridno 0
  statefile ""

Iteration 1:  1000000 integrand evaluations so far
[1] 26268.1 +- 222.88  	chisq 0 (0 df)

Iteration 2:  3000000 integrand evaluations so far
[1] 26298.5 +- 60.6705  	chisq 0.0200141 (1 df)

Iteration 3:  6000000 integrand evaluations so far
[1] 26230.9 +- 38.0177  	chisq 2.06291 (2 df)

Iteration 4:  10000000 integrand evaluations so far
[1] 26257.8 +- 28.0533  	chisq 3.1639 (3 df)
  26.258 ±  0.028 ·10⁺⁰³ ( 56.7s) ┃  19.847 ±  0.031 ·10⁺⁰³ (6.94mi) ┃
┃    6 -     8 ┃   38 -    39 ┃ 17.0391 ± 0.0077 ·10⁺⁰³ ( 33.9s) ┃ -22.585 ±  0.016 ·10⁺⁰³ (10.1mi) ┃Vegas input parameters:
  ndim 7
  ncomp 1
  nvec 1
  epsrel 0
  epsabs 0
  flags 10
  seed 123456
  mineval 10000000
  maxeval 10000000
  nstart 1000000
  nincrease 1000000
  nbatch 5000
  gridno 0
  statefile ""

Iteration 1:  1000000 integrand evaluations so far
[1] 22655.4 +- 206.547  	chisq 0 (0 df)

Iteration 2:  3000000 integrand evaluations so far
[1] 22683.4 +- 54.9333  	chisq 0.0197237 (1 df)

Iteration 3:  6000000 integrand evaluations so far
[1] 22622 +- 35.2695  	chisq 2.14148 (2 df)

Iteration 4:  10000000 integrand evaluations so far
[1] 22590.1 +- 25.9707  	chisq 3.93008 (3 df)
   22.59 ±  0.026 ·10⁺⁰³ ( 58.4s) ┃  17.045 ±  0.032 ·10⁺⁰³ (11.6mi) ┃
┃    6 -     8 ┃   39 -    40 ┃  15.259 ±  0.012 ·10⁺⁰³ ( 34.3s) ┃-20.2145 ± 0.0081 ·10⁺⁰³ (7.65mi) ┃Vegas input parameters:
  ndim 7
  ncomp 1
  nvec 1
  epsrel 0
  epsabs 0
  flags 10
  seed 123456
  mineval 10000000
  maxeval 10000000
  nstart 1000000
  nincrease 1000000
  nbatch 5000
  gridno 0
  statefile ""

Iteration 1:  1000000 integrand evaluations so far
[1] 20239.1 +- 194.215  	chisq 0 (0 df)

Iteration 2:  3000000 integrand evaluations so far
[1] 20254.6 +- 50.9957  	chisq 0.00688151 (1 df)

Iteration 3:  6000000 integrand evaluations so far
[1] 20255.3 +- 32.8616  	chisq 0.00719769 (2 df)

Iteration 4:  10000000 integrand evaluations so far
[1] 20236.6 +- 24.1702  	chisq 0.711482 (3 df)
  20.237 ±  0.024 ·10⁺⁰³ ( 48.6s) ┃  15.281 ±  0.028 ·10⁺⁰³ (9.04mi) ┃
┃    6 -     8 ┃   40 -    41 ┃ 14.0962 ± 0.0054 ·10⁺⁰³ (   33s) ┃ -18.691 ±  0.015 ·10⁺⁰³ (2.36mi) ┃Vegas input parameters:
  ndim 7
  ncomp 1
  nvec 1
  epsrel 0
  epsabs 0
  flags 10
  seed 123456
  mineval 10000000
  maxeval 10000000
  nstart 1000000
  nincrease 1000000
  nbatch 5000
  gridno 0
  statefile ""

Iteration 1:  1000000 integrand evaluations so far
[1] 18577.3 +- 184.783  	chisq 0 (0 df)

Iteration 2:  3000000 integrand evaluations so far
[1] 18725.1 +- 47.6692  	chisq 0.684915 (1 df)

Iteration 3:  6000000 integrand evaluations so far
[1] 18718.3 +- 29.8777  	chisq 0.718671 (2 df)

Iteration 4:  10000000 integrand evaluations so far
[1] 18703 +- 22.107  	chisq 1.29587 (3 df)
  18.703 ±  0.022 ·10⁺⁰³ ( 55.2s) ┃  14.108 ±  0.027 ·10⁺⁰³ (3.83mi) ┃
┃    6 -     8 ┃   41 -    42 ┃ 13.3601 ± 0.0039 ·10⁺⁰³ ( 56.6s) ┃-17.6578 ± 0.0046 ·10⁺⁰³ (11.4mi) ┃Vegas input parameters:
  ndim 7
  ncomp 1
  nvec 1
  epsrel 0
  epsabs 0
  flags 10
  seed 123456
  mineval 10000000
  maxeval 10000000
  nstart 1000000
  nincrease 1000000
  nbatch 5000
  gridno 0
  statefile ""

Iteration 1:  1000000 integrand evaluations so far
[1] 17977.3 +- 180.891  	chisq 0 (0 df)

Iteration 2:  3000000 integrand evaluations so far
[1] 17691.5 +- 45.3346  	chisq 2.66457 (1 df)

Iteration 3:  6000000 integrand evaluations so far
[1] 17723.8 +- 27.8229  	chisq 3.48174 (2 df)

Iteration 4:  10000000 integrand evaluations so far
[1] 17715.8 +- 20.8288  	chisq 3.67333 (3 df)
  17.716 ±  0.021 ·10⁺⁰³ ( 55.3s) ┃  13.418 ±  0.022 ·10⁺⁰³ (13.2mi) ┃
┃    6 -     8 ┃   42 -    43 ┃ 12.7814 ± 0.0098 ·10⁺⁰³ (1.05mi) ┃-16.8946 ± 0.0087 ·10⁺⁰³ (  12mi) ┃Vegas input parameters:
  ndim 7
  ncomp 1
  nvec 1
  epsrel 0
  epsabs 0
  flags 10
  seed 123456
  mineval 10000000
  maxeval 10000000
  nstart 1000000
  nincrease 1000000
  nbatch 5000
  gridno 0
  statefile ""

Iteration 1:  1000000 integrand evaluations so far
[1] 17197.5 +- 175.061  	chisq 0 (0 df)

Iteration 2:  3000000 integrand evaluations so far
[1] 17016.6 +- 41.7469  	chisq 1.13192 (1 df)

Iteration 3:  6000000 integrand evaluations so far
[1] 17032.3 +- 25.6438  	chisq 1.35788 (2 df)

Iteration 4:  10000000 integrand evaluations so far
[1] 17010.5 +- 19.1474  	chisq 2.98303 (3 df)
  17.011 ±  0.019 ·10⁺⁰³ ( 44.8s) ┃  12.897 ±  0.023 ·10⁺⁰³ (13.8mi) ┃
┃    6 -     8 ┃   43 -    44 ┃ 11.0645 ± 0.0034 ·10⁺⁰³ ( 55.4s) ┃ -14.489 ±  0.013 ·10⁺⁰³ (7.84mi) ┃Vegas input parameters:
  ndim 7
  ncomp 1
  nvec 1
  epsrel 0
  epsabs 0
  flags 10
  seed 123456
  mineval 10000000
  maxeval 10000000
  nstart 1000000
  nincrease 1000000
  nbatch 5000
  gridno 0
  statefile ""

Iteration 1:  1000000 integrand evaluations so far
[1] 14275.6 +- 157.803  	chisq 0 (0 df)

Iteration 2:  3000000 integrand evaluations so far
[1] 14626.2 +- 36.8364  	chisq 5.2213 (1 df)

Iteration 3:  6000000 integrand evaluations so far
[1] 14663.1 +- 22.2006  	chisq 6.79604 (2 df)

Iteration 4:  10000000 integrand evaluations so far
[1] 14665.3 +- 16.3498  	chisq 6.81772 (3 df)
  14.665 ±  0.016 ·10⁺⁰³ (   56s) ┃  11.241 ±  0.021 ·10⁺⁰³ ( 9.7mi) ┃
┃    6 -     8 ┃   44 -    45 ┃   4.711 ±  0.003 ·10⁺⁰³ (3.67mi) ┃  -6.097 ± 0.0051 ·10⁺⁰³ (  29mi) ┃Vegas input parameters:
  ndim 7
  ncomp 1
  nvec 1
  epsrel 0
  epsabs 0
  flags 10
  seed 123456
  mineval 10000000
  maxeval 10000000
  nstart 1000000
  nincrease 1000000
  nbatch 5000
  gridno 0
  statefile ""

Iteration 1:  1000000 integrand evaluations so far
[1] 5986.96 +- 101.635  	chisq 0 (0 df)

Iteration 2:  3000000 integrand evaluations so far
[1] 6151.65 +- 20.8607  	chisq 2.74109 (1 df)

Iteration 3:  6000000 integrand evaluations so far
[1] 6158.07 +- 12.4093  	chisq 2.88781 (2 df)

Iteration 4:  10000000 integrand evaluations so far
[1] 6159.4 +- 9.07277  	chisq 2.91249 (3 df)
  6.1594 ± 0.0091 ·10⁺⁰³ ( 53.8s) ┃   4.773 ±  0.011 ·10⁺⁰³ (33.6mi) ┃
┃    6 -     8 ┃   45 -    46 ┃ 1.69911 ± 0.00048 ·10⁺⁰³ (6.13mi) ┃-2.27182 ± 0.00069 ·10⁺⁰³ (25.9mi) ┃Vegas input parameters:
  ndim 7
  ncomp 1
  nvec 1
  epsrel 0
  epsabs 0
  flags 10
  seed 123456
  mineval 10000000
  maxeval 10000000
  nstart 1000000
  nincrease 1000000
  nbatch 5000
  gridno 0
  statefile ""

Iteration 1:  1000000 integrand evaluations so far
[1] 2225.1 +- 61.8306  	chisq 0 (0 df)

Iteration 2:  3000000 integrand evaluations so far
[1] 2277.96 +- 7.82547  	chisq 0.742674 (1 df)

Iteration 3:  6000000 integrand evaluations so far
[1] 2293.77 +- 4.92857  	chisq 7.51022 (2 df)

Iteration 4:  10000000 integrand evaluations so far
[1] 2288.92 +- 3.50013  	chisq 9.46805 (3 df)
  2.2889 ± 0.0035 ·10⁺⁰³ ( 53.9s) ┃  1.7162 ± 0.0036 ·10⁺⁰³ (32.9mi) ┃
┃    6 -     8 ┃   46 -    47 ┃  885.28 ±   0.61        ( 7.1mi) ┃-1.20736 ± 0.00087 ·10⁺⁰³ (6.37mi) ┃Vegas input parameters:
  ndim 7
  ncomp 1
  nvec 1
  epsrel 0
  epsabs 0
  flags 10
  seed 123456
  mineval 10000000
  maxeval 10000000
  nstart 1000000
  nincrease 1000000
  nbatch 5000
  gridno 0
  statefile ""

Iteration 1:  1000000 integrand evaluations so far
[1] 1227.63 +- 44.975  	chisq 0 (0 df)

Iteration 2:  3000000 integrand evaluations so far
[1] 1212.54 +- 3.65169  	chisq 0.113324 (1 df)

Iteration 3:  6000000 integrand evaluations so far
[1] 1216.79 +- 2.17527  	chisq 2.21707 (2 df)

Iteration 4:  10000000 integrand evaluations so far
[1] 1216.67 +- 1.61593  	chisq 2.22353 (3 df)
  1.2167 ± 0.0016 ·10⁺⁰³ ( 54.8s) ┃   894.6 ±    1.9        (14.4mi) ┃
┃    6 -     8 ┃   47 -    48 ┃  524.22 ±   0.22        (14.1mi) ┃ -724.46 ±   0.19        (24.7mi) ┃Vegas input parameters:
  ndim 7
  ncomp 1
  nvec 1
  epsrel 0
  epsabs 0
  flags 10
  seed 123456
  mineval 10000000
  maxeval 10000000
  nstart 1000000
  nincrease 1000000
  nbatch 5000
  gridno 0
  statefile ""

Iteration 1:  1000000 integrand evaluations so far
[1] 752.938 +- 35.7745  	chisq 0 (0 df)

Iteration 2:  3000000 integrand evaluations so far
[1] 725.143 +- 2.42428  	chisq 0.606468 (1 df)

Iteration 3:  6000000 integrand evaluations so far
[1] 727.723 +- 1.3726  	chisq 2.27339 (2 df)

Iteration 4:  10000000 integrand evaluations so far
[1] 727.894 +- 0.967616  	chisq 2.30429 (3 df)
  727.89 ±   0.97        ( 54.5s) ┃   527.7 ±      1        (39.7mi) ┃
┃    6 -     8 ┃   48 -    49 ┃ 329.135 ±  0.033        (22.3mi) ┃ -458.91 ±   0.37        (29.6mi) ┃Vegas input parameters:
  ndim 7
  ncomp 1
  nvec 1
  epsrel 0
  epsabs 0
  flags 10
  seed 123456
  mineval 10000000
  maxeval 10000000
  nstart 1000000
  nincrease 1000000
  nbatch 5000
  gridno 0
  statefile ""

Iteration 1:  1000000 integrand evaluations so far
[1] 482.795 +- 27.9941  	chisq 0 (0 df)

Iteration 2:  3000000 integrand evaluations so far
[1] 461.118 +- 1.65105  	chisq 0.601706 (1 df)

Iteration 3:  6000000 integrand evaluations so far
[1] 461.187 +- 0.887842  	chisq 0.604174 (2 df)

Iteration 4:  10000000 integrand evaluations so far
[1] 461.477 +- 0.627004  	chisq 0.817061 (3 df)
  461.48 ±   0.63        ( 49.6s) ┃   331.7 ±   0.73        (52.7mi) ┃
┃    6 -     8 ┃   49 -    50 ┃ 209.319 ±  0.037        (12.3mi) ┃-293.885 ±   0.05        (1.56hr) ┃Vegas input parameters:
  ndim 7
  ncomp 1
  nvec 1
  epsrel 0
  epsabs 0
  flags 10
  seed 123456
  mineval 10000000
  maxeval 10000000
  nstart 1000000
  nincrease 1000000
  nbatch 5000
  gridno 0
  statefile ""

Iteration 1:  1000000 integrand evaluations so far
[1] 308.257 +- 22.2121  	chisq 0 (0 df)

Iteration 2:  3000000 integrand evaluations so far
[1] 295.885 +- 1.29988  	chisq 0.311273 (1 df)

Iteration 3:  6000000 integrand evaluations so far
[1] 295.855 +- 0.642752  	chisq 0.311986 (2 df)

Iteration 4:  10000000 integrand evaluations so far
[1] 295.577 +- 0.420807  	chisq 0.639651 (3 df)
  295.58 ±   0.42        ( 54.4s) ┃  211.01 ±   0.43        (1.78hr) ┃
┃    6 -     8 ┃   50 -    51 ┃ 129.632 ±  0.046        (13.8mi) ┃ -183.29 ±   0.18        (35.7mi) ┃Vegas input parameters:
  ndim 7
  ncomp 1
  nvec 1
  epsrel 0
  epsabs 0
  flags 10
  seed 123456
  mineval 10000000
  maxeval 10000000
  nstart 1000000
  nincrease 1000000
  nbatch 5000
  gridno 0
  statefile ""

Iteration 1:  1000000 integrand evaluations so far
[1] 221.904 +- 19.0518  	chisq 0 (0 df)

Iteration 2:  3000000 integrand evaluations so far
[1] 183.995 +- 0.856653  	chisq 3.9672 (1 df)

Iteration 3:  6000000 integrand evaluations so far
[1] 184.158 +- 0.408098  	chisq 4.01407 (2 df)

Iteration 4:  10000000 integrand evaluations so far
[1] 184.456 +- 0.262347  	chisq 4.91865 (3 df)
  184.46 ±   0.26        ( 50.3s) ┃   130.8 ±   0.32        (50.3mi) ┃
┃    6 -     8 ┃   51 -    52 ┃  74.119 ±  0.049        (15.9mi) ┃-104.999 ±  0.065        (28.5mi) ┃Vegas input parameters:
  ndim 7
  ncomp 1
  nvec 1
  epsrel 0
  epsabs 0
  flags 10
  seed 123456
  mineval 10000000
  maxeval 10000000
  nstart 1000000
  nincrease 1000000
  nbatch 5000
  gridno 0
  statefile ""

Iteration 1:  1000000 integrand evaluations so far
[1] 114.823 +- 13.4038  	chisq 0 (0 df)

Iteration 2:  3000000 integrand evaluations so far
[1] 105.767 +- 1.10258  	chisq 0.459607 (1 df)

Iteration 3:  6000000 integrand evaluations so far
[1] 105.633 +- 0.349684  	chisq 0.476085 (2 df)

Iteration 4:  10000000 integrand evaluations so far
[1] 105.871 +- 0.184905  	chisq 1.11778 (3 df)
  105.87 ±   0.18        ( 52.2s) ┃   74.99 ±    0.2        (45.3mi) ┃
┃    6 -     8 ┃   52 -    53 ┃  33.693 ±  0.016        ( 6.8mi) ┃-47.4625 ± 0.0085        (2.27hr) ┃Vegas input parameters:
  ndim 7
  ncomp 1
  nvec 1
  epsrel 0
  epsabs 0
  flags 10
  seed 123456
  mineval 10000000
  maxeval 10000000
  nstart 1000000
  nincrease 1000000
  nbatch 5000
  gridno 0
  statefile ""

Iteration 1:  1000000 integrand evaluations so far
[1] 49.3465 +- 8.64681  	chisq 0 (0 df)

Iteration 2:  3000000 integrand evaluations so far
[1] 47.5258 +- 1.24341  	chisq 0.0452725 (1 df)

Iteration 3:  6000000 integrand evaluations so far
[1] 47.6934 +- 0.300746  	chisq 0.0645654 (2 df)

Iteration 4:  10000000 integrand evaluations so far
[1] 47.6922 +- 0.121351  	chisq 0.0645835 (3 df)
   47.69 ±   0.12        ( 55.7s) ┃   33.92 ±   0.12        ( 2.4hr) ┃
┃    6 -     8 ┃   53 -    54 ┃  6.2898 ± 0.0016        (21.4mi) ┃  -8.557 ± 0.0046        (57.4mi) ┃Vegas input parameters:
  ndim 7
  ncomp 1
  nvec 1
  epsrel 0
  epsabs 0
  flags 10
  seed 123456
  mineval 10000000
  maxeval 10000000
  nstart 1000000
  nincrease 1000000
  nbatch 5000
  gridno 0
  statefile ""

Iteration 1:  1000000 integrand evaluations so far
[1] 12.9203 +- 4.36116  	chisq 0 (0 df)

Iteration 2:  3000000 integrand evaluations so far
[1] 3.14143 +- 0.415301  	chisq 5.07371 (1 df)

Iteration 3:  6000000 integrand evaluations so far
[1] 4.9784 +- 0.305116  	chisq 47.5843 (2 df)

Iteration 4:  10000000 integrand evaluations so far
[1] 7.15153 +- 0.192493  	chisq 131.851 (3 df)
    7.15 ±   0.19        ( 56.2s) ┃    4.88 ±   0.19        (1.33hr) ┃
┃    6 -     8 ┃   54 -    55 ┃0.0147012 ± 9.7e-06        (10.3hr) ┃-0.018722 ± 1.3e-05        (15.6hr) ┃Vegas input parameters:
  ndim 7
  ncomp 1
  nvec 1
  epsrel 0
  epsabs 0
  flags 10
  seed 123456
  mineval 10000000
  maxeval 10000000
  nstart 1000000
  nincrease 1000000
  nbatch 5000
  gridno 0
  statefile ""

Iteration 1:  1000000 integrand evaluations so far
[1] 0 +- 2.22045e-19  	chisq 0 (0 df)

Iteration 2:  3000000 integrand evaluations so far
[1] 0 +- 1.28198e-19  	chisq 0 (1 df)

Iteration 3:  6000000 integrand evaluations so far
[1] 0 +- 9.06494e-20  	chisq 0 (2 df)

Iteration 4:  10000000 integrand evaluations so far
[1] 0 +- 7.02167e-20  	chisq 0 (3 df)
       0 ±   0.07 ·10⁻¹⁸ ( 40.3s) ┃  -4.021 ±  0.016 ·10⁻⁰³ (25.9hr) ┃
┃    6 -     8 ┃   55 -    56 ┃       0 ±      0        ( 1.42s) ┃       0 ±      0        ( 370ms) ┃Vegas input parameters:
  ndim 7
  ncomp 1
  nvec 1
  epsrel 0
  epsabs 0
  flags 10
  seed 123456
  mineval 10000000
  maxeval 10000000
  nstart 1000000
  nincrease 1000000
  nbatch 5000
  gridno 0
  statefile ""

Iteration 1:  1000000 integrand evaluations so far
[1] 0 +- 2.22045e-19  	chisq 0 (0 df)

Iteration 2:  3000000 integrand evaluations so far
[1] 0 +- 1.28198e-19  	chisq 0 (1 df)

Iteration 3:  6000000 integrand evaluations so far
[1] 0 +- 9.06494e-20  	chisq 0 (2 df)

Iteration 4:  10000000 integrand evaluations so far
[1] 0 +- 7.02167e-20  	chisq 0 (3 df)
       0 ±   0.07 ·10⁻¹⁸ ( 42.5s) ┃       0 ±   0.07 ·10⁻¹⁸ ( 44.3s) ┃
┃    6 -     8 ┃   56 -    57 ┃       0 ±      0        ( 1.42s) ┃       0 ±      0        ( 370ms) ┃Vegas input parameters:
  ndim 7
  ncomp 1
  nvec 1
  epsrel 0
  epsabs 0
  flags 10
  seed 123456
  mineval 10000000
  maxeval 10000000
  nstart 1000000
  nincrease 1000000
  nbatch 5000
  gridno 0
  statefile ""

Iteration 1:  1000000 integrand evaluations so far
[1] 0 +- 2.22045e-19  	chisq 0 (0 df)

Iteration 2:  3000000 integrand evaluations so far
[1] 0 +- 1.28198e-19  	chisq 0 (1 df)

Iteration 3:  6000000 integrand evaluations so far
[1] 0 +- 9.06494e-20  	chisq 0 (2 df)

Iteration 4:  10000000 integrand evaluations so far
[1] 0 +- 7.02167e-20  	chisq 0 (3 df)
       0 ±   0.07 ·10⁻¹⁸ ( 46.7s) ┃       0 ±   0.07 ·10⁻¹⁸ ( 48.4s) ┃
┃    6 -     8 ┃   57 -    58 ┃       0 ±      0        ( 1.42s) ┃       0 ±      0        ( 370ms) ┃Vegas input parameters:
  ndim 7
  ncomp 1
  nvec 1
  epsrel 0
  epsabs 0
  flags 10
  seed 123456
  mineval 10000000
  maxeval 10000000
  nstart 1000000
  nincrease 1000000
  nbatch 5000
  gridno 0
  statefile ""

Iteration 1:  1000000 integrand evaluations so far
[1] 0 +- 2.22045e-19  	chisq 0 (0 df)

Iteration 2:  3000000 integrand evaluations so far
[1] 0 +- 1.28198e-19  	chisq 0 (1 df)

Iteration 3:  6000000 integrand evaluations so far
[1] 0 +- 9.06494e-20  	chisq 0 (2 df)

Iteration 4:  10000000 integrand evaluations so far
[1] 0 +- 7.02167e-20  	chisq 0 (3 df)
       0 ±   0.07 ·10⁻¹⁸ ( 42.5s) ┃       0 ±   0.07 ·10⁻¹⁸ ( 44.3s) ┃
┃    6 -     8 ┃   58 -    59 ┃       0 ±      0        ( 1.42s) ┃       0 ±      0        ( 370ms) ┃Vegas input parameters:
  ndim 7
  ncomp 1
  nvec 1
  epsrel 0
  epsabs 0
  flags 10
  seed 123456
  mineval 10000000
  maxeval 10000000
  nstart 1000000
  nincrease 1000000
  nbatch 5000
  gridno 0
  statefile ""

Iteration 1:  1000000 integrand evaluations so far
[1] 0 +- 2.22045e-19  	chisq 0 (0 df)

Iteration 2:  3000000 integrand evaluations so far
[1] 0 +- 1.28198e-19  	chisq 0 (1 df)

Iteration 3:  6000000 integrand evaluations so far
[1] 0 +- 9.06494e-20  	chisq 0 (2 df)

Iteration 4:  10000000 integrand evaluations so far
[1] 0 +- 7.02167e-20  	chisq 0 (3 df)
       0 ±   0.07 ·10⁻¹⁸ ( 45.1s) ┃       0 ±   0.07 ·10⁻¹⁸ ( 46.9s) ┃
┃    6 -     8 ┃   59 -    60 ┃       0 ±      0        ( 1.42s) ┃       0 ±      0        ( 370ms) ┃Vegas input parameters:
  ndim 7
  ncomp 1
  nvec 1
  epsrel 0
  epsabs 0
  flags 10
  seed 123456
  mineval 10000000
  maxeval 10000000
  nstart 1000000
  nincrease 1000000
  nbatch 5000
  gridno 0
  statefile ""

Iteration 1:  1000000 integrand evaluations so far
[1] 0 +- 2.22045e-19  	chisq 0 (0 df)

Iteration 2:  3000000 integrand evaluations so far
[1] 0 +- 1.28198e-19  	chisq 0 (1 df)

Iteration 3:  6000000 integrand evaluations so far
[1] 0 +- 9.06494e-20  	chisq 0 (2 df)

Iteration 4:  10000000 integrand evaluations so far
[1] 0 +- 7.02167e-20  	chisq 0 (3 df)
       0 ±   0.07 ·10⁻¹⁸ ( 44.1s) ┃       0 ±   0.07 ·10⁻¹⁸ ( 45.9s) ┃
┣━━━━━━━━━━━━━━╋━━━━━━━━━━━━━━╋━━━━━━━━━━━━━━━━━━━━━━━━━━━━━━━━━━╋━━━━━━━━━━━━━━━━━━━━━━━━━━━━━━━━━━╋━━━━━━━━━━━━━━━━━━━━━━━━━━━━━━━━━━╋━━━━━━━━━━━━━━━━━━━━━━━━━━━━━━━━━━┫
┃    4 -     8 ┃   25 -    60 ┃ 444.312 ±  0.049 ·10⁺⁰³ (26.5hr) ┃-734.009 ±  0.074 ·10⁺⁰³ ( 126hr) ┃  735.95 ±   0.14 ·10⁺⁰³ (1.03hr) ┃  446.26 ±   0.17 ·10⁺⁰³ ( 153hr) ┃
┗━━━━━━━━━━━━━━┻━━━━━━━━━━━━━━┻━━━━━━━━━━━━━━━━━━━━━━━━━━━━━━━━━━┻━━━━━━━━━━━━━━━━━━━━━━━━━━━━━━━━━━┻━━━━━━━━━━━━━━━━━━━━━━━━━━━━━━━━━━┻━━━━━━━━━━━━━━━━━━━━━━━━━━━━━━━━━━┛

╍╍╍╍╍╍╍╍╍╍╍╍╍╍╍╍╍╍╍╍╍╍╍╍╍╍╍╍╍╍╍╍ Summary ╍╍╍╍╍╍╍╍╍╍╍╍╍╍╍╍╍╍╍╍╍╍╍╍╍╍╍╍╍╍╍
      Total cross section                     446.26 ± 0.17          pb
         Calculation time                                153       hours
              Output file                    outputs/qt_qt4_8_NLL_muR0.5_muF0.5.root            
      Result in text file                    outputs/qt_qt4_8_NLL_muR0.5_muF0.5.txt            

╍╍╍╍╍╍╍╍╍╍╍╍╍╍╍╍╍╍╍╍╍╍╍╍╍╍╍╍╍╍╍╍╍╍╍╍╍╍╍╍╍╍╍╍╍╍╍╍╍╍╍╍╍╍╍╍╍╍╍╍╍╍╍╍╍╍╍╍╍╍╍╍

