
╍╍╍╍╍╍╍╍╍╍╍╍╍╍╍╍╍╍╍╍╍╍╍╍╍╍╍ Process settings ╍╍╍╍╍╍╍╍╍╍╍╍╍╍╍╍╍╍╍╍╍╍╍╍╍╍╍
   proton-proton collisions at sqrt(s) = 13000 GeV 
   Computing NLO+NLL resummed cross section
   W+ ->  nu(p3)+e+(p4) production 

╍╍╍╍╍╍╍╍╍╍╍╍╍╍╍╍╍╍╍╍╍╍╍╍╍╍╍╍╍╍ CKM matrix ╍╍╍╍╍╍╍╍╍╍╍╍╍╍╍╍╍╍╍╍╍╍╍╍╍╍╍╍╍╍
     | Vud Vus Vub |   |   0.97427   0.2253  0.00351 | 
     | Vcd Vcs Vcb | = |    0.2252  0.97344   0.0412 | 
     | Vtd Vts Vtb |   |         0        0        0 | 

╍╍╍╍╍╍╍╍╍╍╍╍╍╍╍╍╍╍╍╍╍╍╍╍╍╍╍╍╍ EW parameters ╍╍╍╍╍╍╍╍╍╍╍╍╍╍╍╍╍╍╍╍╍╍╍╍╍╍╍╍
                                         Gf =  1.1663787e-05      GeV^-2
                                    1/alpha =  132.233229791            
                                 sin(thW)^2 = 0.222897222524            
                                     W mass =         80.385         GeV
                                     Z mass =        91.1876         GeV
                                    W width =          2.091         GeV
                                    Z width =          2.495         GeV

╍╍╍╍╍╍╍╍╍╍╍╍╍╍╍╍╍╍╍╍╍╍╍╍╍╍╍╍╍ QCD settings ╍╍╍╍╍╍╍╍╍╍╍╍╍╍╍╍╍╍╍╍╍╍╍╍╍╍╍╍╍
   Renormalization scale:     dynamic muren =            0.5      * m_ll
     Factorization scale:     dynamic mufac =            0.5      * m_ll
       Resummation scale:     dynamic mures =              1      * m_ll
          Strong coupling       alpha_s(MZ) =       0.118001            
                              running order =              2       -loop
         Non-perturbative     form factor g =            0.7       GeV^2

╍╍╍╍╍╍╍╍╍╍╍╍╍╍╍╍╍╍╍╍╍╍╍╍╍╍╍╍╍ PDF settings ╍╍╍╍╍╍╍╍╍╍╍╍╍╍╍╍╍╍╍╍╍╍╍╍╍╍╍╍╍
                                     PDF set:MSHT20nnlo_as118            
                                  PDF member:              0            
  Mellin moments of PDFs:                    Numerical integration            
                         nodes for the quadrature:            200            
                         Intervals for the quadrature:              1            

╍╍╍╍╍╍╍╍╍╍╍╍╍╍╍╍╍╍╍╍╍╍╍╍╍╍╍╍╍╍╍ qT recoil ╍╍╍╍╍╍╍╍╍╍╍╍╍╍╍╍╍╍╍╍╍╍╍╍╍╍╍╍╍╍
  qt-recoil prescription:       Collins-Soper kt1 = p_V(x)/2; kt2 = p_V(y)/2            

╍╍╍╍╍╍╍╍╍╍╍╍╍╍╍╍╍╍╍╍╍╍╍╍╍╍╍╍╍╍╍╍╍ Cuts ╍╍╍╍╍╍╍╍╍╍╍╍╍╍╍╍╍╍╍╍╍╍╍╍╍╍╍╍╍╍╍╍╍
                                  apply cuts:           true            
                                      pt_l >               0            
                                   |eta_l| <            1000            
                                    pt_lep >              25            
                                 |eta_lep| <             2.4            
                                   pt_alep >              25            
                                |eta_alep| <             2.4            
                                  user cuts:            true            

╍╍╍╍╍╍╍╍╍╍╍╍╍╍╍╍╍╍╍╍╍╍╍╍╍╍╍╍ ResummationDamp ╍╍╍╍╍╍╍╍╍╍╍╍╍╍╍╍╍╍╍╍╍╍╍╍╍╍╍
                                    damping :             on            
                                damping mode:              1            
                                  damp above:        60.2888         GeV
                               damping width:        20.0963         GeV
                          resummation cutoff:             20         MeV

╍╍╍╍╍╍╍╍╍╍╍╍╍╍╍╍╍╍╍╍╍╍╍╍╍╍╍╍ Debug settings ╍╍╍╍╍╍╍╍╍╍╍╍╍╍╍╍╍╍╍╍╍╍╍╍╍╍╍╍
                                 timeprofile:          false            
                                     verbose:          false            
                               cubaverbosity:              2            

╍╍╍╍╍╍╍╍╍╍╍╍╍╍╍╍╍╍╍╍╍╍╍╍╍╍╍╍╍╍╍╍╍╍╍╍╍╍╍╍╍╍╍╍╍╍╍╍╍╍╍╍╍╍╍╍╍╍╍╍╍╍╍╍╍╍╍╍╍╍╍╍

Warning: Histogram `a1_qt` contains non-integrable observable and will be deleted 
Warning: Histogram `a1_qt_vs_y` contains non-integrable observable and will be deleted 
Warning: Histogram `s_biganswer` contains non-integrable observable and will be deleted 
Warning: Histogram `wgt_a1_qt` contains non-integrable observable and will be deleted 

╍╍╍╍╍╍╍╍╍╍╍╍╍╍╍╍╍╍╍╍╍╍╍╍╍ Integration settings ╍╍╍╍╍╍╍╍╍╍╍╍╍╍╍╍╍╍╍╍╍╍╍╍╍
             Random seeds              123456                           
           Parallel cores                   1                           

             Resummation:     cuhre (dm, dpt)         iter =           5
                                   gauss (dy)        nodes =          64
                                                 intervals =           1
            Counter term:      cuhre (dm, dy)         iter =           5
                                  gauss (dpt)        nodes =          20
                                                 intervals =           5
                     V+J:            vegas 7D       ncalls =    10000000

Mellin inverse transform:           gaussian         nodes =          30
                                                 intervals =           1
                               imaginary axis         zmax =           2
  Angular variable costh:     semi-analytical      ncstart =         100
   Angular variables phi:            gaussian    intervals =          20

      Constant boundaries                  q2          low =          80
                                                      high =         100
                                            y          low =          -6
                                                      high =           6
                                        costh          low =          -1
                                                      high =           1
                                       eta(l)          low =         -10
                                                      high =          10

┏━━━━━━━━━━━━━━┰━━━━━━━━━━━━━━┰━━━━━━━━━━━━━━━━━━━━━━━━━━━━━━━━━━┰━━━━━━━━━━━━━━━━━━━━━━━━━━━━━━━━━━┰━━━━━━━━━━━━━━━━━━━━━━━━━━━━━━━━━━┰━━━━━━━━━━━━━━━━━━━━━━━━━━━━━━━━━━┓
┃           qT ┃        pT(l) ┃                      Resummation ┃                     Counter term ┃                              V+J ┃                            TOTAL ┃
┣━━━━━━━━━━━━━━╋━━━━━━━━━━━━━━╋━━━━━━━━━━━━━━━━━━━━━━━━━━━━━━━━━━╋━━━━━━━━━━━━━━━━━━━━━━━━━━━━━━━━━━╋━━━━━━━━━━━━━━━━━━━━━━━━━━━━━━━━━━╋━━━━━━━━━━━━━━━━━━━━━━━━━━━━━━━━━━┫
┃   12 -    14 ┃   25 -    26 ┃   2.226 ±  0.002 ·10⁺⁰³ ( 12.3s) ┃  -1.918 ± 0.0016 ·10⁺⁰³ (28.5mi) ┃Vegas input parameters:
  ndim 7
  ncomp 1
  nvec 1
  epsrel 0
  epsabs 0
  flags 10
  seed 123456
  mineval 10000000
  maxeval 10000000
  nstart 1000000
  nincrease 1000000
  nbatch 5000
  gridno 0
  statefile ""

Iteration 1:  1000000 integrand evaluations so far
[1] 1832.04 +- 45.8869  	chisq 0 (0 df)

Iteration 2:  3000000 integrand evaluations so far
[1] 1932.35 +- 7.4037  	chisq 4.90674 (1 df)

Iteration 3:  6000000 integrand evaluations so far
[1] 1929.23 +- 4.51647  	chisq 5.18895 (2 df)

Iteration 4:  10000000 integrand evaluations so far
[1] 1928.47 +- 3.39687  	chisq 5.25445 (3 df)
  1.9285 ± 0.0034 ·10⁺⁰³ ( 52.2s) ┃  2.2365 ± 0.0042 ·10⁺⁰³ (29.6mi) ┃
┃   12 -    14 ┃   26 -    27 ┃  2.5045 ±  0.002 ·10⁺⁰³ ( 35.4s) ┃-2.15887 ± 0.00039 ·10⁺⁰³ (14.9mi) ┃Vegas input parameters:
  ndim 7
  ncomp 1
  nvec 1
  epsrel 0
  epsabs 0
  flags 10
  seed 123456
  mineval 10000000
  maxeval 10000000
  nstart 1000000
  nincrease 1000000
  nbatch 5000
  gridno 0
  statefile ""

Iteration 1:  1000000 integrand evaluations so far
[1] 2173.43 +- 49.7207  	chisq 0 (0 df)

Iteration 2:  3000000 integrand evaluations so far
[1] 2165.38 +- 8.19106  	chisq 0.0269509 (1 df)

Iteration 3:  6000000 integrand evaluations so far
[1] 2164.86 +- 4.99496  	chisq 0.0335175 (2 df)

Iteration 4:  10000000 integrand evaluations so far
[1] 2163.89 +- 3.73722  	chisq 0.11807 (3 df)
  2.1639 ± 0.0037 ·10⁺⁰³ ( 53.2s) ┃  2.5095 ± 0.0043 ·10⁺⁰³ (16.3mi) ┃
┃   12 -    14 ┃   27 -    28 ┃  2.8217 ± 0.0016 ·10⁺⁰³ ( 8.72s) ┃ -2.3953 ± 0.0017 ·10⁺⁰³ ( 59.4s) ┃Vegas input parameters:
  ndim 7
  ncomp 1
  nvec 1
  epsrel 0
  epsabs 0
  flags 10
  seed 123456
  mineval 10000000
  maxeval 10000000
  nstart 1000000
  nincrease 1000000
  nbatch 5000
  gridno 0
  statefile ""

Iteration 1:  1000000 integrand evaluations so far
[1] 2412.36 +- 51.4828  	chisq 0 (0 df)

Iteration 2:  3000000 integrand evaluations so far
[1] 2415.48 +- 9.03662  	chisq 0.00377663 (1 df)

Iteration 3:  6000000 integrand evaluations so far
[1] 2419.46 +- 5.52969  	chisq 0.313604 (2 df)

Iteration 4:  10000000 integrand evaluations so far
[1] 2425.27 +- 4.28806  	chisq 3.08846 (3 df)
  2.4253 ± 0.0043 ·10⁺⁰³ ( 52.8s) ┃  2.8517 ± 0.0049 ·10⁺⁰³ (2.01mi) ┃
┃   12 -    14 ┃   28 -    29 ┃  3.1905 ± 0.0018 ·10⁺⁰³ ( 4.85s) ┃ -2.6956 ± 0.0026 ·10⁺⁰³ (1.94mi) ┃Vegas input parameters:
  ndim 7
  ncomp 1
  nvec 1
  epsrel 0
  epsabs 0
  flags 10
  seed 123456
  mineval 10000000
  maxeval 10000000
  nstart 1000000
  nincrease 1000000
  nbatch 5000
  gridno 0
  statefile ""

Iteration 1:  1000000 integrand evaluations so far
[1] 2678.5 +- 53.6055  	chisq 0 (0 df)

Iteration 2:  3000000 integrand evaluations so far
[1] 2714.3 +- 10.069  	chisq 0.462553 (1 df)

Iteration 3:  6000000 integrand evaluations so far
[1] 2718.76 +- 6.30037  	chisq 0.784023 (2 df)

Iteration 4:  10000000 integrand evaluations so far
[1] 2723.55 +- 4.69874  	chisq 2.08532 (3 df)
  2.7235 ± 0.0047 ·10⁺⁰³ ( 50.6s) ┃  3.2184 ± 0.0057 ·10⁺⁰³ (2.86mi) ┃
┃   12 -    14 ┃   29 -    30 ┃  3.5567 ± 0.0028 ·10⁺⁰³ ( 8.78s) ┃ -3.0542 ± 0.0028 ·10⁺⁰³ (2.02mi) ┃Vegas input parameters:
  ndim 7
  ncomp 1
  nvec 1
  epsrel 0
  epsabs 0
  flags 10
  seed 123456
  mineval 10000000
  maxeval 10000000
  nstart 1000000
  nincrease 1000000
  nbatch 5000
  gridno 0
  statefile ""

Iteration 1:  1000000 integrand evaluations so far
[1] 3107.19 +- 56.891  	chisq 0 (0 df)

Iteration 2:  3000000 integrand evaluations so far
[1] 3052.51 +- 11.3622  	chisq 0.962143 (1 df)

Iteration 3:  6000000 integrand evaluations so far
[1] 3059.94 +- 7.11625  	chisq 1.66542 (2 df)

Iteration 4:  10000000 integrand evaluations so far
[1] 3062.49 +- 5.32541  	chisq 1.95772 (3 df)
  3.0625 ± 0.0053 ·10⁺⁰³ ( 51.5s) ┃   3.565 ± 0.0067 ·10⁺⁰³ (3.03mi) ┃
┃   12 -    14 ┃   30 -    31 ┃  4.0354 ± 0.0038 ·10⁺⁰³ ( 7.83s) ┃ -3.4765 ± 0.0032 ·10⁺⁰³ ( 33.2s) ┃Vegas input parameters:
  ndim 7
  ncomp 1
  nvec 1
  epsrel 0
  epsabs 0
  flags 10
  seed 123456
  mineval 10000000
  maxeval 10000000
  nstart 1000000
  nincrease 1000000
  nbatch 5000
  gridno 0
  statefile ""

Iteration 1:  1000000 integrand evaluations so far
[1] 3515.65 +- 60.036  	chisq 0 (0 df)

Iteration 2:  3000000 integrand evaluations so far
[1] 3466.89 +- 12.5352  	chisq 0.68982 (1 df)

Iteration 3:  6000000 integrand evaluations so far
[1] 3472.29 +- 7.72598  	chisq 0.989512 (2 df)

Iteration 4:  10000000 integrand evaluations so far
[1] 3475.53 +- 5.92766  	chisq 1.41617 (3 df)
  3.4755 ± 0.0059 ·10⁺⁰³ ( 51.3s) ┃  4.0344 ± 0.0078 ·10⁺⁰³ (1.54mi) ┃
┃   12 -    14 ┃   31 -    32 ┃  4.6291 ± 0.0035 ·10⁺⁰³ ( 4.72s) ┃ -3.9458 ± 0.0037 ·10⁺⁰³ (1.11mi) ┃Vegas input parameters:
  ndim 7
  ncomp 1
  nvec 1
  epsrel 0
  epsabs 0
  flags 10
  seed 123456
  mineval 10000000
  maxeval 10000000
  nstart 1000000
  nincrease 1000000
  nbatch 5000
  gridno 0
  statefile ""

Iteration 1:  1000000 integrand evaluations so far
[1] 3892.1 +- 61.853  	chisq 0 (0 df)

Iteration 2:  3000000 integrand evaluations so far
[1] 3952.96 +- 14.2578  	chisq 1.02252 (1 df)

Iteration 3:  6000000 integrand evaluations so far
[1] 3976.73 +- 8.78773  	chisq 5.50479 (2 df)

Iteration 4:  10000000 integrand evaluations so far
[1] 3984.56 +- 6.62952  	chisq 7.34496 (3 df)
  3.9846 ± 0.0066 ·10⁺⁰³ ( 53.8s) ┃  4.6679 ± 0.0084 ·10⁺⁰³ (2.09mi) ┃
┃   12 -    14 ┃   32 -    33 ┃    5.43 ± 0.0016 ·10⁺⁰³ ( 8.35s) ┃-4.62581 ± 0.00083 ·10⁺⁰³ (4.42mi) ┃Vegas input parameters:
  ndim 7
  ncomp 1
  nvec 1
  epsrel 0
  epsabs 0
  flags 10
  seed 123456
  mineval 10000000
  maxeval 10000000
  nstart 1000000
  nincrease 1000000
  nbatch 5000
  gridno 0
  statefile ""

Iteration 1:  1000000 integrand evaluations so far
[1] 4766.08 +- 67.8503  	chisq 0 (0 df)

Iteration 2:  3000000 integrand evaluations so far
[1] 4681.5 +- 16.4185  	chisq 1.65064 (1 df)

Iteration 3:  6000000 integrand evaluations so far
[1] 4682.59 +- 10.1131  	chisq 1.65786 (2 df)

Iteration 4:  10000000 integrand evaluations so far
[1] 4691.49 +- 7.57881  	chisq 3.42216 (3 df)
  4.6915 ± 0.0076 ·10⁺⁰³ ( 51.3s) ┃  5.4956 ± 0.0078 ·10⁺⁰³ (5.42mi) ┃
┃   12 -    14 ┃   33 -    34 ┃   6.865 ±  0.006 ·10⁺⁰³ ( 14.7s) ┃ -5.8459 ± 0.0044 ·10⁺⁰³ (2.36mi) ┃Vegas input parameters:
  ndim 7
  ncomp 1
  nvec 1
  epsrel 0
  epsabs 0
  flags 10
  seed 123456
  mineval 10000000
  maxeval 10000000
  nstart 1000000
  nincrease 1000000
  nbatch 5000
  gridno 0
  statefile ""

Iteration 1:  1000000 integrand evaluations so far
[1] 6038.11 +- 74.7446  	chisq 0 (0 df)

Iteration 2:  3000000 integrand evaluations so far
[1] 5973.69 +- 20.0257  	chisq 0.800221 (1 df)

Iteration 3:  6000000 integrand evaluations so far
[1] 5960.79 +- 12.4047  	chisq 1.47332 (2 df)

Iteration 4:  10000000 integrand evaluations so far
[1] 5962.22 +- 9.18924  	chisq 1.50272 (3 df)
  5.9622 ± 0.0092 ·10⁺⁰³ ( 52.9s) ┃   6.981 ±  0.012 ·10⁺⁰³ (3.49mi) ┃
┃   12 -    14 ┃   34 -    35 ┃  8.9021 ± 0.0051 ·10⁺⁰³ ( 16.1s) ┃ -7.5622 ± 0.0049 ·10⁺⁰³ (4.55mi) ┃Vegas input parameters:
  ndim 7
  ncomp 1
  nvec 1
  epsrel 0
  epsabs 0
  flags 10
  seed 123456
  mineval 10000000
  maxeval 10000000
  nstart 1000000
  nincrease 1000000
  nbatch 5000
  gridno 0
  statefile ""

Iteration 1:  1000000 integrand evaluations so far
[1] 7744.11 +- 82.7242  	chisq 0 (0 df)

Iteration 2:  3000000 integrand evaluations so far
[1] 7764.37 +- 22.856  	chisq 0.0649086 (1 df)

Iteration 3:  6000000 integrand evaluations so far
[1] 7748.63 +- 14.4206  	chisq 0.8527 (2 df)

Iteration 4:  10000000 integrand evaluations so far
[1] 7761.01 +- 10.8255  	chisq 2.54027 (3 df)
   7.761 ±  0.011 ·10⁺⁰³ ( 51.1s) ┃   9.101 ±  0.013 ·10⁺⁰³ (5.67mi) ┃
┃   12 -    14 ┃   35 -    36 ┃  7.9712 ± 0.0061 ·10⁺⁰³ ( 56.8s) ┃ -6.7975 ± 0.0032 ·10⁺⁰³ (8.66mi) ┃Vegas input parameters:
  ndim 7
  ncomp 1
  nvec 1
  epsrel 0
  epsabs 0
  flags 10
  seed 123456
  mineval 10000000
  maxeval 10000000
  nstart 1000000
  nincrease 1000000
  nbatch 5000
  gridno 0
  statefile ""

Iteration 1:  1000000 integrand evaluations so far
[1] 6910.71 +- 78.0363  	chisq 0 (0 df)

Iteration 2:  3000000 integrand evaluations so far
[1] 6906.09 +- 21.5467  	chisq 0.00378801 (1 df)

Iteration 3:  6000000 integrand evaluations so far
[1] 6918.62 +- 13.9529  	chisq 0.58574 (2 df)

Iteration 4:  10000000 integrand evaluations so far
[1] 6931.88 +- 10.3772  	chisq 2.60678 (3 df)
   6.932 ±   0.01 ·10⁺⁰³ ( 52.2s) ┃   8.106 ±  0.012 ·10⁺⁰³ (10.5mi) ┃
┃   12 -    14 ┃   36 -    37 ┃  7.1299 ± 0.0038 ·10⁺⁰³ ( 57.3s) ┃-6.08612 ± 0.00036 ·10⁺⁰³ (8.35mi) ┃Vegas input parameters:
  ndim 7
  ncomp 1
  nvec 1
  epsrel 0
  epsabs 0
  flags 10
  seed 123456
  mineval 10000000
  maxeval 10000000
  nstart 1000000
  nincrease 1000000
  nbatch 5000
  gridno 0
  statefile ""

Iteration 1:  1000000 integrand evaluations so far
[1] 6271.21 +- 74.4231  	chisq 0 (0 df)

Iteration 2:  3000000 integrand evaluations so far
[1] 6176.65 +- 20.2969  	chisq 1.7442 (1 df)

Iteration 3:  6000000 integrand evaluations so far
[1] 6155.79 +- 13.2975  	chisq 3.59508 (2 df)

Iteration 4:  10000000 integrand evaluations so far
[1] 6151.9 +- 9.8222  	chisq 3.7827 (3 df)
  6.1519 ± 0.0098 ·10⁺⁰³ ( 52.8s) ┃   7.196 ±  0.011 ·10⁺⁰³ (10.2mi) ┃
┃   12 -    14 ┃   37 -    38 ┃  6.8255 ± 0.0041 ·10⁺⁰³ (1.77mi) ┃ -5.8366 ±  0.005 ·10⁺⁰³ (8.49mi) ┃Vegas input parameters:
  ndim 7
  ncomp 1
  nvec 1
  epsrel 0
  epsabs 0
  flags 10
  seed 123456
  mineval 10000000
  maxeval 10000000
  nstart 1000000
  nincrease 1000000
  nbatch 5000
  gridno 0
  statefile ""

Iteration 1:  1000000 integrand evaluations so far
[1] 5868.51 +- 71.9295  	chisq 0 (0 df)

Iteration 2:  3000000 integrand evaluations so far
[1] 5880.4 +- 19.9313  	chisq 0.0296173 (1 df)

Iteration 3:  6000000 integrand evaluations so far
[1] 5861.25 +- 12.7142  	chisq 1.5871 (2 df)

Iteration 4:  10000000 integrand evaluations so far
[1] 5867.35 +- 9.55473  	chisq 2.117 (3 df)
  5.8674 ± 0.0096 ·10⁺⁰³ ( 51.5s) ┃   6.856 ±  0.012 ·10⁺⁰³ (11.1mi) ┃
┃   12 -    14 ┃   38 -    39 ┃  6.6975 ± 0.0032 ·10⁺⁰³ ( 1.7mi) ┃ -5.7218 ±  0.004 ·10⁺⁰³ (8.46mi) ┃Vegas input parameters:
  ndim 7
  ncomp 1
  nvec 1
  epsrel 0
  epsabs 0
  flags 10
  seed 123456
  mineval 10000000
  maxeval 10000000
  nstart 1000000
  nincrease 1000000
  nbatch 5000
  gridno 0
  statefile ""

Iteration 1:  1000000 integrand evaluations so far
[1] 5728.2 +- 70.9841  	chisq 0 (0 df)

Iteration 2:  3000000 integrand evaluations so far
[1] 5754.03 +- 19.6965  	chisq 0.143523 (1 df)

Iteration 3:  6000000 integrand evaluations so far
[1] 5756.33 +- 12.5158  	chisq 0.166258 (2 df)

Iteration 4:  10000000 integrand evaluations so far
[1] 5742.89 +- 9.24391  	chisq 2.70373 (3 df)
  5.7429 ± 0.0092 ·10⁺⁰³ ( 51.2s) ┃   6.719 ±  0.011 ·10⁺⁰³ (  11mi) ┃
┃   12 -    14 ┃   39 -    40 ┃  6.5281 ± 0.0033 ·10⁺⁰³ ( 57.7s) ┃ -5.5509 ± 0.0025 ·10⁺⁰³ (16.5mi) ┃Vegas input parameters:
  ndim 7
  ncomp 1
  nvec 1
  epsrel 0
  epsabs 0
  flags 10
  seed 123456
  mineval 10000000
  maxeval 10000000
  nstart 1000000
  nincrease 1000000
  nbatch 5000
  gridno 0
  statefile ""

Iteration 1:  1000000 integrand evaluations so far
[1] 5582.23 +- 70.0391  	chisq 0 (0 df)

Iteration 2:  3000000 integrand evaluations so far
[1] 5594.51 +- 19.1286  	chisq 0.0332286 (1 df)

Iteration 3:  6000000 integrand evaluations so far
[1] 5578.55 +- 12.0881  	chisq 1.19204 (2 df)

Iteration 4:  10000000 integrand evaluations so far
[1] 5566.33 +- 8.97284  	chisq 3.4678 (3 df)
  5.5663 ±  0.009 ·10⁺⁰³ ( 52.5s) ┃  6.5436 ± 0.0099 ·10⁺⁰³ (18.4mi) ┃
┃   12 -    14 ┃   40 -    41 ┃  6.2495 ± 0.0025 ·10⁺⁰³ ( 17.9s) ┃-5.31857 ± 0.0009 ·10⁺⁰³ (8.25mi) ┃Vegas input parameters:
  ndim 7
  ncomp 1
  nvec 1
  epsrel 0
  epsabs 0
  flags 10
  seed 123456
  mineval 10000000
  maxeval 10000000
  nstart 1000000
  nincrease 1000000
  nbatch 5000
  gridno 0
  statefile ""

Iteration 1:  1000000 integrand evaluations so far
[1] 5278.82 +- 67.6356  	chisq 0 (0 df)

Iteration 2:  3000000 integrand evaluations so far
[1] 5357.55 +- 18.4291  	chisq 1.46353 (1 df)

Iteration 3:  6000000 integrand evaluations so far
[1] 5348.6 +- 11.425  	chisq 1.84688 (2 df)

Iteration 4:  10000000 integrand evaluations so far
[1] 5351.29 +- 8.71664  	chisq 1.97944 (3 df)
  5.3513 ± 0.0087 ·10⁺⁰³ ( 51.5s) ┃  6.2822 ± 0.0091 ·10⁺⁰³ (9.41mi) ┃
┃   12 -    14 ┃   41 -    42 ┃  6.0506 ± 0.0017 ·10⁺⁰³ (1.88mi) ┃  -5.165 ± 0.0043 ·10⁺⁰³ (15.8mi) ┃Vegas input parameters:
  ndim 7
  ncomp 1
  nvec 1
  epsrel 0
  epsabs 0
  flags 10
  seed 123456
  mineval 10000000
  maxeval 10000000
  nstart 1000000
  nincrease 1000000
  nbatch 5000
  gridno 0
  statefile ""

Iteration 1:  1000000 integrand evaluations so far
[1] 5172.59 +- 66.8841  	chisq 0 (0 df)

Iteration 2:  3000000 integrand evaluations so far
[1] 5228.52 +- 17.7494  	chisq 0.752305 (1 df)

Iteration 3:  6000000 integrand evaluations so far
[1] 5207.29 +- 11.1614  	chisq 3.11948 (2 df)

Iteration 4:  10000000 integrand evaluations so far
[1] 5198.9 +- 8.3277  	chisq 4.39516 (3 df)
  5.1989 ± 0.0083 ·10⁺⁰³ ( 52.9s) ┃  6.0845 ± 0.0095 ·10⁺⁰³ (18.5mi) ┃
┃   12 -    14 ┃   42 -    43 ┃  5.8744 ± 0.0056 ·10⁺⁰³ ( 1.75s) ┃ -5.0354 ± 0.0042 ·10⁺⁰³ (2.07mi) ┃Vegas input parameters:
  ndim 7
  ncomp 1
  nvec 1
  epsrel 0
  epsabs 0
  flags 10
  seed 123456
  mineval 10000000
  maxeval 10000000
  nstart 1000000
  nincrease 1000000
  nbatch 5000
  gridno 0
  statefile ""

Iteration 1:  1000000 integrand evaluations so far
[1] 5074.89 +- 65.6704  	chisq 0 (0 df)

Iteration 2:  3000000 integrand evaluations so far
[1] 5084.4 +- 16.9678  	chisq 0.0224649 (1 df)

Iteration 3:  6000000 integrand evaluations so far
[1] 5080.19 +- 10.5676  	chisq 0.122778 (2 df)

Iteration 4:  10000000 integrand evaluations so far
[1] 5083.82 +- 7.85075  	chisq 0.385292 (3 df)
  5.0838 ± 0.0079 ·10⁺⁰³ ( 51.7s) ┃   5.923 ±  0.011 ·10⁺⁰³ (2.96mi) ┃
┃   12 -    14 ┃   43 -    44 ┃  5.7501 ± 0.0052 ·10⁺⁰³ (1.66mi) ┃  -4.898 ± 0.0033 ·10⁺⁰³ (29.9mi) ┃Vegas input parameters:
  ndim 7
  ncomp 1
  nvec 1
  epsrel 0
  epsabs 0
  flags 10
  seed 123456
  mineval 10000000
  maxeval 10000000
  nstart 1000000
  nincrease 1000000
  nbatch 5000
  gridno 0
  statefile ""

Iteration 1:  1000000 integrand evaluations so far
[1] 5020.13 +- 65.0041  	chisq 0 (0 df)

Iteration 2:  3000000 integrand evaluations so far
[1] 4968.98 +- 16.5411  	chisq 0.662106 (1 df)

Iteration 3:  6000000 integrand evaluations so far
[1] 4987.62 +- 10.219  	chisq 2.71588 (2 df)

Iteration 4:  10000000 integrand evaluations so far
[1] 4989.22 +- 7.62381  	chisq 2.77137 (3 df)
  4.9892 ± 0.0076 ·10⁺⁰³ ( 51.8s) ┃  5.8414 ± 0.0098 ·10⁺⁰³ (32.4mi) ┃
┃   12 -    14 ┃   44 -    45 ┃  5.6444 ± 0.0016 ·10⁺⁰³ ( 32.7s) ┃ -4.7945 ± 0.0043 ·10⁺⁰³ (14.6mi) ┃Vegas input parameters:
  ndim 7
  ncomp 1
  nvec 1
  epsrel 0
  epsabs 0
  flags 10
  seed 123456
  mineval 10000000
  maxeval 10000000
  nstart 1000000
  nincrease 1000000
  nbatch 5000
  gridno 0
  statefile ""

Iteration 1:  1000000 integrand evaluations so far
[1] 4940.64 +- 64.0558  	chisq 0 (0 df)

Iteration 2:  3000000 integrand evaluations so far
[1] 4884.53 +- 15.8528  	chisq 0.817369 (1 df)

Iteration 3:  6000000 integrand evaluations so far
[1] 4905 +- 9.78192  	chisq 3.50983 (2 df)

Iteration 4:  10000000 integrand evaluations so far
[1] 4917.41 +- 7.33503  	chisq 7.18741 (3 df)
  4.9174 ± 0.0073 ·10⁺⁰³ ( 52.1s) ┃  5.7673 ± 0.0086 ·10⁺⁰³ (  16mi) ┃
┃   12 -    14 ┃   45 -    46 ┃ 5.52663 ± 0.00072 ·10⁺⁰³ ( 33.3s) ┃ -4.7066 ± 0.0026 ·10⁺⁰³ (7.13mi) ┃Vegas input parameters:
  ndim 7
  ncomp 1
  nvec 1
  epsrel 0
  epsabs 0
  flags 10
  seed 123456
  mineval 10000000
  maxeval 10000000
  nstart 1000000
  nincrease 1000000
  nbatch 5000
  gridno 0
  statefile ""

Iteration 1:  1000000 integrand evaluations so far
[1] 4851.99 +- 63.2183  	chisq 0 (0 df)

Iteration 2:  3000000 integrand evaluations so far
[1] 4857.95 +- 15.1111  	chisq 0.00942876 (1 df)

Iteration 3:  6000000 integrand evaluations so far
[1] 4881.7 +- 9.32055  	chisq 3.99441 (2 df)

Iteration 4:  10000000 integrand evaluations so far
[1] 4880.53 +- 6.91414  	chisq 4.02907 (3 df)
  4.8805 ± 0.0069 ·10⁺⁰³ ( 51.5s) ┃  5.7005 ± 0.0074 ·10⁺⁰³ (8.54mi) ┃
┃   12 -    14 ┃   46 -    47 ┃  5.3377 ± 0.0014 ·10⁺⁰³ ( 53.5s) ┃ -4.5301 ± 0.0031 ·10⁺⁰³ (6.79mi) ┃Vegas input parameters:
  ndim 7
  ncomp 1
  nvec 1
  epsrel 0
  epsabs 0
  flags 10
  seed 123456
  mineval 10000000
  maxeval 10000000
  nstart 1000000
  nincrease 1000000
  nbatch 5000
  gridno 0
  statefile ""

Iteration 1:  1000000 integrand evaluations so far
[1] 4663.01 +- 61.5112  	chisq 0 (0 df)

Iteration 2:  3000000 integrand evaluations so far
[1] 4730.56 +- 14.4605  	chisq 1.27673 (1 df)

Iteration 3:  6000000 integrand evaluations so far
[1] 4741.62 +- 8.80408  	chisq 2.20699 (2 df)

Iteration 4:  10000000 integrand evaluations so far
[1] 4734.97 +- 6.45772  	chisq 3.44326 (3 df)
   4.735 ± 0.0065 ·10⁺⁰³ ( 52.4s) ┃  5.5426 ± 0.0073 ·10⁺⁰³ (8.55mi) ┃
┃   12 -    14 ┃   47 -    48 ┃  3.1318 ± 0.0026 ·10⁺⁰³ ( 48.5s) ┃-2.64055 ± 0.0004 ·10⁺⁰³ (12.6mi) ┃Vegas input parameters:
  ndim 7
  ncomp 1
  nvec 1
  epsrel 0
  epsabs 0
  flags 10
  seed 123456
  mineval 10000000
  maxeval 10000000
  nstart 1000000
  nincrease 1000000
  nbatch 5000
  gridno 0
  statefile ""

Iteration 1:  1000000 integrand evaluations so far
[1] 2686.41 +- 46.7044  	chisq 0 (0 df)

Iteration 2:  3000000 integrand evaluations so far
[1] 2756.85 +- 10.1684  	chisq 2.38815 (1 df)

Iteration 3:  6000000 integrand evaluations so far
[1] 2770.61 +- 6.1142  	chisq 5.25507 (2 df)

Iteration 4:  10000000 integrand evaluations so far
[1] 2775.42 +- 4.56158  	chisq 6.64836 (3 df)
  2.7754 ± 0.0046 ·10⁺⁰³ ( 51.7s) ┃  3.2667 ± 0.0053 ·10⁺⁰³ (14.3mi) ┃
┃   12 -    14 ┃   48 -    49 ┃  1.0162 ± 0.00061 ·10⁺⁰³ ( 44.3s) ┃ -870.26 ±   0.69        (   6mi) ┃Vegas input parameters:
  ndim 7
  ncomp 1
  nvec 1
  epsrel 0
  epsabs 0
  flags 10
  seed 123456
  mineval 10000000
  maxeval 10000000
  nstart 1000000
  nincrease 1000000
  nbatch 5000
  gridno 0
  statefile ""

Iteration 1:  1000000 integrand evaluations so far
[1] 880.521 +- 26.1813  	chisq 0 (0 df)

Iteration 2:  3000000 integrand evaluations so far
[1] 902.454 +- 3.86307  	chisq 0.717448 (1 df)

Iteration 3:  6000000 integrand evaluations so far
[1] 907.111 +- 2.42705  	chisq 3.11839 (2 df)

Iteration 4:  10000000 integrand evaluations so far
[1] 907.016 +- 1.78401  	chisq 3.12171 (3 df)
     907 ±    1.8        ( 51.5s) ┃   1.053 ±  0.002 ·10⁺⁰³ ( 7.6mi) ┃
┃   12 -    14 ┃   49 -    50 ┃  468.69 ±   0.26        (  11mi) ┃ -407.76 ±   0.11        (45.3mi) ┃Vegas input parameters:
  ndim 7
  ncomp 1
  nvec 1
  epsrel 0
  epsabs 0
  flags 10
  seed 123456
  mineval 10000000
  maxeval 10000000
  nstart 1000000
  nincrease 1000000
  nbatch 5000
  gridno 0
  statefile ""

Iteration 1:  1000000 integrand evaluations so far
[1] 408.369 +- 17.7429  	chisq 0 (0 df)

Iteration 2:  3000000 integrand evaluations so far
[1] 421.251 +- 1.71081  	chisq 0.532104 (1 df)

Iteration 3:  6000000 integrand evaluations so far
[1] 422.336 +- 1.35425  	chisq 1.60814 (2 df)

Iteration 4:  10000000 integrand evaluations so far
[1] 421.633 +- 1.00086  	chisq 2.20198 (3 df)
   421.6 ±      1        ( 52.4s) ┃   482.6 ±      1        (57.1mi) ┃
┃   12 -    14 ┃   50 -    51 ┃ 270.643 ±  0.013        (20.7mi) ┃-238.035 ±  0.097        (22.3mi) ┃Vegas input parameters:
  ndim 7
  ncomp 1
  nvec 1
  epsrel 0
  epsabs 0
  flags 10
  seed 123456
  mineval 10000000
  maxeval 10000000
  nstart 1000000
  nincrease 1000000
  nbatch 5000
  gridno 0
  statefile ""

Iteration 1:  1000000 integrand evaluations so far
[1] 255.31 +- 13.8482  	chisq 0 (0 df)

Iteration 2:  3000000 integrand evaluations so far
[1] 245.227 +- 0.964186  	chisq 0.532686 (1 df)

Iteration 3:  6000000 integrand evaluations so far
[1] 246.281 +- 0.566665  	chisq 2.35797 (2 df)

Iteration 4:  10000000 integrand evaluations so far
[1] 246.428 +- 0.518934  	chisq 2.77226 (3 df)
  246.43 ±   0.52        ( 52.4s) ┃  279.04 ±   0.53        (43.9mi) ┃
┃   12 -    14 ┃   51 -    52 ┃  169.36 ±   0.15        (10.7mi) ┃-150.268 ±  0.099        (  22mi) ┃Vegas input parameters:
  ndim 7
  ncomp 1
  nvec 1
  epsrel 0
  epsabs 0
  flags 10
  seed 123456
  mineval 10000000
  maxeval 10000000
  nstart 1000000
  nincrease 1000000
  nbatch 5000
  gridno 0
  statefile ""

Iteration 1:  1000000 integrand evaluations so far
[1] 155.143 +- 10.8524  	chisq 0 (0 df)

Iteration 2:  3000000 integrand evaluations so far
[1] 154.277 +- 0.766815  	chisq 0.00639612 (1 df)

Iteration 3:  6000000 integrand evaluations so far
[1] 155.646 +- 0.436452  	chisq 4.72148 (2 df)

Iteration 4:  10000000 integrand evaluations so far
[1] 155.515 +- 0.285629  	chisq 4.88123 (3 df)
  155.51 ±   0.29        ( 51.5s) ┃   174.6 ±   0.34        (33.5mi) ┃
┃   12 -    14 ┃   52 -    53 ┃ 108.892 ±  0.051        (3.06mi) ┃  -97.17 ±  0.028        (43.7mi) ┃Vegas input parameters:
  ndim 7
  ncomp 1
  nvec 1
  epsrel 0
  epsabs 0
  flags 10
  seed 123456
  mineval 10000000
  maxeval 10000000
  nstart 1000000
  nincrease 1000000
  nbatch 5000
  gridno 0
  statefile ""

Iteration 1:  1000000 integrand evaluations so far
[1] 115.111 +- 9.19139  	chisq 0 (0 df)

Iteration 2:  3000000 integrand evaluations so far
[1] 100.549 +- 0.525742  	chisq 2.51839 (1 df)

Iteration 3:  6000000 integrand evaluations so far
[1] 100.776 +- 0.266117  	chisq 2.7702 (2 df)

Iteration 4:  10000000 integrand evaluations so far
[1] 100.47 +- 0.174971  	chisq 5.09398 (3 df)
  100.47 ±   0.17        ( 53.7s) ┃  112.19 ±   0.18        (47.7mi) ┃
┃   12 -    14 ┃   53 -    54 ┃  69.022 ±  0.064        (11.1mi) ┃ -62.027 ±  0.039        (21.9mi) ┃Vegas input parameters:
  ndim 7
  ncomp 1
  nvec 1
  epsrel 0
  epsabs 0
  flags 10
  seed 123456
  mineval 10000000
  maxeval 10000000
  nstart 1000000
  nincrease 1000000
  nbatch 5000
  gridno 0
  statefile ""

Iteration 1:  1000000 integrand evaluations so far
[1] 80.4151 +- 7.77842  	chisq 0 (0 df)

Iteration 2:  3000000 integrand evaluations so far
[1] 64.0307 +- 0.605383  	chisq 4.46394 (1 df)

Iteration 3:  6000000 integrand evaluations so far
[1] 64.0324 +- 0.24433  	chisq 4.46395 (2 df)

Iteration 4:  10000000 integrand evaluations so far
[1] 64.0401 +- 0.134653  	chisq 4.46536 (3 df)
   64.04 ±   0.13        ( 51.5s) ┃   71.04 ±   0.15        (33.8mi) ┃
┃   12 -    14 ┃   54 -    55 ┃  41.203 ±  0.022        (21.6mi) ┃ -37.158 ±  0.018        (1.45hr) ┃Vegas input parameters:
  ndim 7
  ncomp 1
  nvec 1
  epsrel 0
  epsabs 0
  flags 10
  seed 123456
  mineval 10000000
  maxeval 10000000
  nstart 1000000
  nincrease 1000000
  nbatch 5000
  gridno 0
  statefile ""

Iteration 1:  1000000 integrand evaluations so far
[1] 44.2183 +- 5.76703  	chisq 0 (0 df)

Iteration 2:  3000000 integrand evaluations so far
[1] 37.7767 +- 0.358379  	chisq 1.25245 (1 df)

Iteration 3:  6000000 integrand evaluations so far
[1] 38.4512 +- 0.139917  	chisq 5.431 (2 df)

Iteration 4:  10000000 integrand evaluations so far
[1] 38.3961 +- 0.0807712  	chisq 5.66386 (3 df)
  38.396 ±  0.081        ( 52.9s) ┃  42.441 ±  0.086        (1.82hr) ┃
┃   12 -    14 ┃   55 -    56 ┃ 20.8454 ± 0.0029        (10.4mi) ┃-18.9233 ± 0.0067        (10.8mi) ┃Vegas input parameters:
  ndim 7
  ncomp 1
  nvec 1
  epsrel 0
  epsabs 0
  flags 10
  seed 123456
  mineval 10000000
  maxeval 10000000
  nstart 1000000
  nincrease 1000000
  nbatch 5000
  gridno 0
  statefile ""

Iteration 1:  1000000 integrand evaluations so far
[1] 18.6762 +- 3.62449  	chisq 0 (0 df)

Iteration 2:  3000000 integrand evaluations so far
[1] 20.2413 +- 1.45646  	chisq 0.22236 (1 df)

Iteration 3:  6000000 integrand evaluations so far
[1] 19.2371 +- 0.2154  	chisq 0.708377 (2 df)

Iteration 4:  10000000 integrand evaluations so far
[1] 19.4348 +- 0.0790956  	chisq 1.68274 (3 df)
  19.435 ±  0.079        ( 52.3s) ┃  21.357 ±  0.079        (22.1mi) ┃
┃   12 -    14 ┃   56 -    57 ┃  5.9355 ± 0.0048        (19.7mi) ┃ -5.3723 ± 0.0023        (21.6mi) ┃Vegas input parameters:
  ndim 7
  ncomp 1
  nvec 1
  epsrel 0
  epsabs 0
  flags 10
  seed 123456
  mineval 10000000
  maxeval 10000000
  nstart 1000000
  nincrease 1000000
  nbatch 5000
  gridno 0
  statefile ""

Iteration 1:  1000000 integrand evaluations so far
[1] 7.98256 +- 2.40148  	chisq 0 (0 df)

Iteration 2:  3000000 integrand evaluations so far
[1] 3.16552 +- 0.419467  	chisq 4.15011 (1 df)

Iteration 3:  6000000 integrand evaluations so far
[1] 4.231 +- 0.21642  	chisq 12.9426 (2 df)

Iteration 4:  10000000 integrand evaluations so far
[1] 4.75929 +- 0.172806  	chisq 29.3832 (3 df)
    4.76 ±   0.17        ( 51.7s) ┃    5.32 ±   0.17        (42.1mi) ┃
┃   12 -    14 ┃   57 -    58 ┃ 0.19575 ± 0.00011        (5.56hr) ┃-0.17415 ± 0.00017        (5.67hr) ┃Vegas input parameters:
  ndim 7
  ncomp 1
  nvec 1
  epsrel 0
  epsabs 0
  flags 10
  seed 123456
  mineval 10000000
  maxeval 10000000
  nstart 1000000
  nincrease 1000000
  nbatch 5000
  gridno 0
  statefile ""

Iteration 1:  1000000 integrand evaluations so far
[1] 0 +- 2.22045e-19  	chisq 0 (0 df)

Iteration 2:  3000000 integrand evaluations so far
[1] -5.28289e-22 +- 2.22044e-19  	chisq 0.999994 (1 df)

Iteration 3:  6000000 integrand evaluations so far
[1] -5.28289e-22 +- 2.22044e-19  	chisq 9.49043 (2 df)

Iteration 4:  10000000 integrand evaluations so far
[1] -5.28289e-22 +- 2.22044e-19  	chisq 11.7496 (3 df)
      -0 ±   0.22 ·10⁻¹⁸ (1.05mi) ┃ 0.02159 ± 0.0002        (11.3hr) ┃
┃   12 -    14 ┃   58 -    59 ┃       0 ±      0        ( 1.29s) ┃       0 ±      0        ( 347ms) ┃Vegas input parameters:
  ndim 7
  ncomp 1
  nvec 1
  epsrel 0
  epsabs 0
  flags 10
  seed 123456
  mineval 10000000
  maxeval 10000000
  nstart 1000000
  nincrease 1000000
  nbatch 5000
  gridno 0
  statefile ""

Iteration 1:  1000000 integrand evaluations so far
[1] 0 +- 2.22045e-19  	chisq 0 (0 df)

Iteration 2:  3000000 integrand evaluations so far
[1] 0 +- 1.28198e-19  	chisq 0 (1 df)

Iteration 3:  6000000 integrand evaluations so far
[1] 0 +- 9.06494e-20  	chisq 0 (2 df)

Iteration 4:  10000000 integrand evaluations so far
[1] 0 +- 7.02167e-20  	chisq 0 (3 df)
       0 ±   0.07 ·10⁻¹⁸ ( 50.2s) ┃       0 ±   0.07 ·10⁻¹⁸ ( 51.8s) ┃
┃   12 -    14 ┃   59 -    60 ┃       0 ±      0        (  1.2s) ┃       0 ±      0        ( 348ms) ┃Vegas input parameters:
  ndim 7
  ncomp 1
  nvec 1
  epsrel 0
  epsabs 0
  flags 10
  seed 123456
  mineval 10000000
  maxeval 10000000
  nstart 1000000
  nincrease 1000000
  nbatch 5000
  gridno 0
  statefile ""

Iteration 1:  1000000 integrand evaluations so far
[1] 0 +- 2.22045e-19  	chisq 0 (0 df)

Iteration 2:  3000000 integrand evaluations so far
[1] 0 +- 1.28198e-19  	chisq 0 (1 df)

Iteration 3:  6000000 integrand evaluations so far
[1] 0 +- 9.06494e-20  	chisq 0 (2 df)

Iteration 4:  10000000 integrand evaluations so far
[1] 0 +- 7.02167e-20  	chisq 0 (3 df)
       0 ±   0.07 ·10⁻¹⁸ ( 51.4s) ┃       0 ±   0.07 ·10⁻¹⁸ ( 52.9s) ┃
┃   14 -    16 ┃   25 -    26 ┃       2 ± 0.0014 ·10⁺⁰³ ( 8.28s) ┃ -1.6107 ± 0.0014 ·10⁺⁰³ (7.37mi) ┃Vegas input parameters:
  ndim 7
  ncomp 1
  nvec 1
  epsrel 0
  epsabs 0
  flags 10
  seed 123456
  mineval 10000000
  maxeval 10000000
  nstart 1000000
  nincrease 1000000
  nbatch 5000
  gridno 0
  statefile ""

Iteration 1:  1000000 integrand evaluations so far
[1] 1597.24 +- 38.6055  	chisq 0 (0 df)

Iteration 2:  3000000 integrand evaluations so far
[1] 1613.95 +- 6.4733  	chisq 0.19284 (1 df)

Iteration 3:  6000000 integrand evaluations so far
[1] 1609.1 +- 4.0052  	chisq 1.10324 (2 df)

Iteration 4:  10000000 integrand evaluations so far
[1] 1609.38 +- 3.01753  	chisq 1.11479 (3 df)
  1.6094 ±  0.003 ·10⁺⁰³ ( 52.5s) ┃  1.9987 ± 0.0036 ·10⁺⁰³ (8.38mi) ┃
┃   14 -    16 ┃   26 -    27 ┃  2.2382 ± 0.0021 ·10⁺⁰³ ( 31.9s) ┃-1.78331 ± 0.00068 ·10⁺⁰³ (7.67mi) ┃Vegas input parameters:
  ndim 7
  ncomp 1
  nvec 1
  epsrel 0
  epsabs 0
  flags 10
  seed 123456
  mineval 10000000
  maxeval 10000000
  nstart 1000000
  nincrease 1000000
  nbatch 5000
  gridno 0
  statefile ""

Iteration 1:  1000000 integrand evaluations so far
[1] 1819.07 +- 40.9004  	chisq 0 (0 df)

Iteration 2:  3000000 integrand evaluations so far
[1] 1804.14 +- 7.37362  	chisq 0.13784 (1 df)

Iteration 3:  6000000 integrand evaluations so far
[1] 1802.02 +- 4.57285  	chisq 0.272489 (2 df)

Iteration 4:  10000000 integrand evaluations so far
[1] 1801.96 +- 3.34983  	chisq 0.272814 (3 df)
   1.802 ± 0.0033 ·10⁺⁰³ ( 51.2s) ┃  2.2568 ±  0.004 ·10⁺⁰³ (9.05mi) ┃
┃   14 -    16 ┃   27 -    28 ┃  2.5178 ± 0.0021 ·10⁺⁰³ ( 8.23s) ┃ -2.0024 ± 0.0013 ·10⁺⁰³ (3.89mi) ┃Vegas input parameters:
  ndim 7
  ncomp 1
  nvec 1
  epsrel 0
  epsabs 0
  flags 10
  seed 123456
  mineval 10000000
  maxeval 10000000
  nstart 1000000
  nincrease 1000000
  nbatch 5000
  gridno 0
  statefile ""

Iteration 1:  1000000 integrand evaluations so far
[1] 1969.91 +- 41.757  	chisq 0 (0 df)

Iteration 2:  3000000 integrand evaluations so far
[1] 2015.67 +- 8.0752  	chisq 1.24732 (1 df)

Iteration 3:  6000000 integrand evaluations so far
[1] 2009.39 +- 4.90064  	chisq 2.20393 (2 df)

Iteration 4:  10000000 integrand evaluations so far
[1] 2010.1 +- 3.60987  	chisq 2.25003 (3 df)
  2.0101 ± 0.0036 ·10⁺⁰³ ( 50.8s) ┃  2.5255 ± 0.0044 ·10⁺⁰³ (4.88mi) ┃
┃   14 -    16 ┃   28 -    29 ┃  2.8121 ± 0.0019 ·10⁺⁰³ ( 13.6s) ┃-2.25227 ± 0.00057 ·10⁺⁰³ (4.02mi) ┃Vegas input parameters:
  ndim 7
  ncomp 1
  nvec 1
  epsrel 0
  epsabs 0
  flags 10
  seed 123456
  mineval 10000000
  maxeval 10000000
  nstart 1000000
  nincrease 1000000
  nbatch 5000
  gridno 0
  statefile ""

Iteration 1:  1000000 integrand evaluations so far
[1] 2228.15 +- 43.9935  	chisq 0 (0 df)

Iteration 2:  3000000 integrand evaluations so far
[1] 2247.4 +- 8.68542  	chisq 0.199186 (1 df)

Iteration 3:  6000000 integrand evaluations so far
[1] 2250.92 +- 5.39567  	chisq 0.466028 (2 df)

Iteration 4:  10000000 integrand evaluations so far
[1] 2254.05 +- 4.07646  	chisq 1.2503 (3 df)
   2.254 ± 0.0041 ·10⁺⁰³ ( 52.2s) ┃  2.8138 ± 0.0045 ·10⁺⁰³ (5.11mi) ┃
┃   14 -    16 ┃   29 -    30 ┃  3.1301 ± 0.0019 ·10⁺⁰³ ( 8.42s) ┃ -2.5222 ± 0.0012 ·10⁺⁰³ (4.11mi) ┃Vegas input parameters:
  ndim 7
  ncomp 1
  nvec 1
  epsrel 0
  epsabs 0
  flags 10
  seed 123456
  mineval 10000000
  maxeval 10000000
  nstart 1000000
  nincrease 1000000
  nbatch 5000
  gridno 0
  statefile ""

Iteration 1:  1000000 integrand evaluations so far
[1] 2590.35 +- 46.7666  	chisq 0 (0 df)

Iteration 2:  3000000 integrand evaluations so far
[1] 2540.85 +- 9.75054  	chisq 1.17132 (1 df)

Iteration 3:  6000000 integrand evaluations so far
[1] 2546.52 +- 6.1641  	chisq 1.7352 (2 df)

Iteration 4:  10000000 integrand evaluations so far
[1] 2550.77 +- 4.72088  	chisq 2.88574 (3 df)
  2.5508 ± 0.0047 ·10⁺⁰³ ( 51.9s) ┃  3.1587 ± 0.0052 ·10⁺⁰³ (5.11mi) ┃
┃   14 -    16 ┃   30 -    31 ┃  3.5884 ± 0.0032 ·10⁺⁰³ (  7.5s) ┃ -2.8681 ± 0.0012 ·10⁺⁰³ (4.14mi) ┃Vegas input parameters:
  ndim 7
  ncomp 1
  nvec 1
  epsrel 0
  epsabs 0
  flags 10
  seed 123456
  mineval 10000000
  maxeval 10000000
  nstart 1000000
  nincrease 1000000
  nbatch 5000
  gridno 0
  statefile ""

Iteration 1:  1000000 integrand evaluations so far
[1] 2900.64 +- 48.9261  	chisq 0 (0 df)

Iteration 2:  3000000 integrand evaluations so far
[1] 2894.61 +- 11.0427  	chisq 0.015975 (1 df)

Iteration 3:  6000000 integrand evaluations so far
[1] 2903.91 +- 6.96585  	chisq 1.19334 (2 df)

Iteration 4:  10000000 integrand evaluations so far
[1] 2906.75 +- 5.1961  	chisq 1.56739 (3 df)
  2.9067 ± 0.0052 ·10⁺⁰³ ( 49.3s) ┃   3.627 ± 0.0062 ·10⁺⁰³ (5.09mi) ┃
┃   14 -    16 ┃   31 -    32 ┃  4.1876 ± 0.0038 ·10⁺⁰³ (   13s) ┃ -3.3388 ± 0.0014 ·10⁺⁰³ (4.25mi) ┃Vegas input parameters:
  ndim 7
  ncomp 1
  nvec 1
  epsrel 0
  epsabs 0
  flags 10
  seed 123456
  mineval 10000000
  maxeval 10000000
  nstart 1000000
  nincrease 1000000
  nbatch 5000
  gridno 0
  statefile ""

Iteration 1:  1000000 integrand evaluations so far
[1] 3379.32 +- 51.7841  	chisq 0 (0 df)

Iteration 2:  3000000 integrand evaluations so far
[1] 3389.56 +- 12.7776  	chisq 0.0416185 (1 df)

Iteration 3:  6000000 integrand evaluations so far
[1] 3388.93 +- 7.85617  	chisq 0.0455608 (2 df)

Iteration 4:  10000000 integrand evaluations so far
[1] 3390.68 +- 5.91491  	chisq 0.160212 (3 df)
  3.3907 ± 0.0059 ·10⁺⁰³ ( 51.5s) ┃  4.2395 ± 0.0072 ·10⁺⁰³ (5.32mi) ┃
┃   14 -    16 ┃   32 -    33 ┃ 5.13586 ± 0.0007 ·10⁺⁰³ ( 7.63s) ┃ -4.0897 ± 0.0039 ·10⁺⁰³ (1.16mi) ┃Vegas input parameters:
  ndim 7
  ncomp 1
  nvec 1
  epsrel 0
  epsabs 0
  flags 10
  seed 123456
  mineval 10000000
  maxeval 10000000
  nstart 1000000
  nincrease 1000000
  nbatch 5000
  gridno 0
  statefile ""

Iteration 1:  1000000 integrand evaluations so far
[1] 4234.4 +- 57.3562  	chisq 0 (0 df)

Iteration 2:  3000000 integrand evaluations so far
[1] 4204.31 +- 15.199  	chisq 0.296097 (1 df)

Iteration 3:  6000000 integrand evaluations so far
[1] 4204.73 +- 9.43519  	chisq 0.297345 (2 df)

Iteration 4:  10000000 integrand evaluations so far
[1] 4202.02 +- 6.96065  	chisq 0.477834 (3 df)
   4.202 ±  0.007 ·10⁺⁰³ ( 52.1s) ┃  5.2482 ±  0.008 ·10⁺⁰³ (2.15mi) ┃
┃   14 -    16 ┃   33 -    34 ┃   6.874 ± 0.0018 ·10⁺⁰³ ( 14.5s) ┃ -5.4691 ± 0.0023 ·10⁺⁰³ (4.36mi) ┃Vegas input parameters:
  ndim 7
  ncomp 1
  nvec 1
  epsrel 0
  epsabs 0
  flags 10
  seed 123456
  mineval 10000000
  maxeval 10000000
  nstart 1000000
  nincrease 1000000
  nbatch 5000
  gridno 0
  statefile ""

Iteration 1:  1000000 integrand evaluations so far
[1] 5686.17 +- 64.8315  	chisq 0 (0 df)

Iteration 2:  3000000 integrand evaluations so far
[1] 5677.82 +- 17.7879  	chisq 0.0179593 (1 df)

Iteration 3:  6000000 integrand evaluations so far
[1] 5675.99 +- 11.0519  	chisq 0.0352178 (2 df)

Iteration 4:  10000000 integrand evaluations so far
[1] 5678.49 +- 8.27198  	chisq 0.151761 (3 df)
  5.6785 ± 0.0083 ·10⁺⁰³ ( 52.6s) ┃  7.0833 ± 0.0088 ·10⁺⁰³ (5.48mi) ┃
┃   14 -    16 ┃   34 -    35 ┃  6.3724 ± 0.0026 ·10⁺⁰³ ( 28.2s) ┃  -5.079 ± 0.0034 ·10⁺⁰³ (8.31mi) ┃Vegas input parameters:
  ndim 7
  ncomp 1
  nvec 1
  epsrel 0
  epsabs 0
  flags 10
  seed 123456
  mineval 10000000
  maxeval 10000000
  nstart 1000000
  nincrease 1000000
  nbatch 5000
  gridno 0
  statefile ""

Iteration 1:  1000000 integrand evaluations so far
[1] 5233.99 +- 61.7684  	chisq 0 (0 df)

Iteration 2:  3000000 integrand evaluations so far
[1] 5218.17 +- 16.9768  	chisq 0.0710153 (1 df)

Iteration 3:  6000000 integrand evaluations so far
[1] 5228.15 +- 10.8893  	chisq 0.658543 (2 df)

Iteration 4:  10000000 integrand evaluations so far
[1] 5233.89 +- 8.12514  	chisq 1.28449 (3 df)
  5.2339 ± 0.0081 ·10⁺⁰³ ( 51.5s) ┃  6.5273 ± 0.0092 ·10⁺⁰³ (9.63mi) ┃
┃   14 -    16 ┃   35 -    36 ┃  5.5509 ± 0.0033 ·10⁺⁰³ ( 34.1s) ┃ -4.4256 ±  0.002 ·10⁺⁰³ (  16mi) ┃Vegas input parameters:
  ndim 7
  ncomp 1
  nvec 1
  epsrel 0
  epsabs 0
  flags 10
  seed 123456
  mineval 10000000
  maxeval 10000000
  nstart 1000000
  nincrease 1000000
  nbatch 5000
  gridno 0
  statefile ""

Iteration 1:  1000000 integrand evaluations so far
[1] 4533.57 +- 57.3494  	chisq 0 (0 df)

Iteration 2:  3000000 integrand evaluations so far
[1] 4524.62 +- 15.7694  	chisq 0.0263319 (1 df)

Iteration 3:  6000000 integrand evaluations so far
[1] 4508.92 +- 9.9424  	chisq 1.67274 (2 df)

Iteration 4:  10000000 integrand evaluations so far
[1] 4510.35 +- 7.39995  	chisq 1.71922 (3 df)
  4.5103 ± 0.0074 ·10⁺⁰³ (   52s) ┃  5.6357 ± 0.0084 ·10⁺⁰³ (17.5mi) ┃
┃   14 -    16 ┃   36 -    37 ┃  5.0877 ± 0.0031 ·10⁺⁰³ (1.11mi) ┃-4.06036 ± 0.00071 ·10⁺⁰³ (7.94mi) ┃Vegas input parameters:
  ndim 7
  ncomp 1
  nvec 1
  epsrel 0
  epsabs 0
  flags 10
  seed 123456
  mineval 10000000
  maxeval 10000000
  nstart 1000000
  nincrease 1000000
  nbatch 5000
  gridno 0
  statefile ""

Iteration 1:  1000000 integrand evaluations so far
[1] 4141.52 +- 54.7681  	chisq 0 (0 df)

Iteration 2:  3000000 integrand evaluations so far
[1] 4117.22 +- 14.8869  	chisq 0.212617 (1 df)

Iteration 3:  6000000 integrand evaluations so far
[1] 4106.74 +- 9.67179  	chisq 1.06966 (2 df)

Iteration 4:  10000000 integrand evaluations so far
[1] 4113.11 +- 7.17033  	chisq 2.03213 (3 df)
  4.1131 ± 0.0072 ·10⁺⁰³ ( 52.2s) ┃  5.1405 ± 0.0078 ·10⁺⁰³ (9.92mi) ┃
┃   14 -    16 ┃   37 -    38 ┃ 4.83185 ± 0.00011 ·10⁺⁰³ (1.76mi) ┃ -3.8644 ± 0.0014 ·10⁺⁰³ (7.86mi) ┃Vegas input parameters:
  ndim 7
  ncomp 1
  nvec 1
  epsrel 0
  epsabs 0
  flags 10
  seed 123456
  mineval 10000000
  maxeval 10000000
  nstart 1000000
  nincrease 1000000
  nbatch 5000
  gridno 0
  statefile ""

Iteration 1:  1000000 integrand evaluations so far
[1] 3905.22 +- 52.9863  	chisq 0 (0 df)

Iteration 2:  3000000 integrand evaluations so far
[1] 3873.55 +- 14.4264  	chisq 0.386009 (1 df)

Iteration 3:  6000000 integrand evaluations so far
[1] 3869.32 +- 9.0365  	chisq 0.527454 (2 df)

Iteration 4:  10000000 integrand evaluations so far
[1] 3870.84 +- 6.8508  	chisq 0.594338 (3 df)
  3.8708 ± 0.0069 ·10⁺⁰³ ( 50.8s) ┃  4.8383 ±  0.007 ·10⁺⁰³ (10.5mi) ┃
┃   14 -    16 ┃   38 -    39 ┃  4.6658 ± 0.0046 ·10⁺⁰³ ( 14.2s) ┃ -3.7309 ± 0.0029 ·10⁺⁰³ (2.08mi) ┃Vegas input parameters:
  ndim 7
  ncomp 1
  nvec 1
  epsrel 0
  epsabs 0
  flags 10
  seed 123456
  mineval 10000000
  maxeval 10000000
  nstart 1000000
  nincrease 1000000
  nbatch 5000
  gridno 0
  statefile ""

Iteration 1:  1000000 integrand evaluations so far
[1] 3757.7 +- 51.8788  	chisq 0 (0 df)

Iteration 2:  3000000 integrand evaluations so far
[1] 3778.89 +- 14.247  	chisq 0.180436 (1 df)

Iteration 3:  6000000 integrand evaluations so far
[1] 3769.69 +- 9.06865  	chisq 0.881777 (2 df)

Iteration 4:  10000000 integrand evaluations so far
[1] 3772.51 +- 6.70171  	chisq 1.09506 (3 df)
  3.7725 ± 0.0067 ·10⁺⁰³ ( 52.2s) ┃  4.7074 ± 0.0087 ·10⁺⁰³ (3.18mi) ┃
┃   14 -    16 ┃   39 -    40 ┃   4.772 ± 0.0022 ·10⁺⁰³ (3.21mi) ┃   -3.81 ± 0.0014 ·10⁺⁰³ (15.8mi) ┃Vegas input parameters:
  ndim 7
  ncomp 1
  nvec 1
  epsrel 0
  epsabs 0
  flags 10
  seed 123456
  mineval 10000000
  maxeval 10000000
  nstart 1000000
  nincrease 1000000
  nbatch 5000
  gridno 0
  statefile ""

Iteration 1:  1000000 integrand evaluations so far
[1] 3877.36 +- 53.0405  	chisq 0 (0 df)

Iteration 2:  3000000 integrand evaluations so far
[1] 3843.4 +- 14.269  	chisq 0.441904 (1 df)

Iteration 3:  6000000 integrand evaluations so far
[1] 3840.9 +- 8.9936  	chisq 0.492975 (2 df)

Iteration 4:  10000000 integrand evaluations so far
[1] 3829.67 +- 6.72333  	chisq 4.02978 (3 df)
  3.8297 ± 0.0067 ·10⁺⁰³ ( 51.5s) ┃  4.7917 ± 0.0072 ·10⁺⁰³ (19.9mi) ┃
┃   14 -    16 ┃   40 -    41 ┃  4.8777 ± 0.0016 ·10⁺⁰³ (3.13mi) ┃-3.88413 ± 0.00047 ·10⁺⁰³ (31.4mi) ┃Vegas input parameters:
  ndim 7
  ncomp 1
  nvec 1
  epsrel 0
  epsabs 0
  flags 10
  seed 123456
  mineval 10000000
  maxeval 10000000
  nstart 1000000
  nincrease 1000000
  nbatch 5000
  gridno 0
  statefile ""

Iteration 1:  1000000 integrand evaluations so far
[1] 3872.02 +- 52.8968  	chisq 0 (0 df)

Iteration 2:  3000000 integrand evaluations so far
[1] 3905.35 +- 14.4236  	chisq 0.429049 (1 df)

Iteration 3:  6000000 integrand evaluations so far
[1] 3895.84 +- 8.98233  	chisq 1.13988 (2 df)

Iteration 4:  10000000 integrand evaluations so far
[1] 3902.13 +- 6.86618  	chisq 2.32075 (3 df)
  3.9021 ± 0.0069 ·10⁺⁰³ ( 53.1s) ┃  4.8957 ± 0.0071 ·10⁺⁰³ (35.4mi) ┃
┃   14 -    16 ┃   41 -    42 ┃  4.7665 ± 0.0031 ·10⁺⁰³ ( 13.6s) ┃  -3.866 ± 0.0033 ·10⁺⁰³ ( 44.7s) ┃Vegas input parameters:
  ndim 7
  ncomp 1
  nvec 1
  epsrel 0
  epsabs 0
  flags 10
  seed 123456
  mineval 10000000
  maxeval 10000000
  nstart 1000000
  nincrease 1000000
  nbatch 5000
  gridno 0
  statefile ""

Iteration 1:  1000000 integrand evaluations so far
[1] 3798.44 +- 52.3122  	chisq 0 (0 df)

Iteration 2:  3000000 integrand evaluations so far
[1] 3864.49 +- 14.1803  	chisq 1.7206 (1 df)

Iteration 3:  6000000 integrand evaluations so far
[1] 3856.62 +- 8.85304  	chisq 2.22587 (2 df)

Iteration 4:  10000000 integrand evaluations so far
[1] 3853.02 +- 6.66805  	chisq 2.60872 (3 df)
   3.853 ± 0.0067 ·10⁺⁰³ ( 49.8s) ┃  4.7535 ± 0.0081 ·10⁺⁰³ ( 1.8mi) ┃
┃   14 -    16 ┃   42 -    43 ┃  4.6589 ± 0.0031 ·10⁺⁰³ (   16s) ┃  -3.723 ± 0.0037 ·10⁺⁰³ (7.76mi) ┃Vegas input parameters:
  ndim 7
  ncomp 1
  nvec 1
  epsrel 0
  epsabs 0
  flags 10
  seed 123456
  mineval 10000000
  maxeval 10000000
  nstart 1000000
  nincrease 1000000
  nbatch 5000
  gridno 0
  statefile ""

Iteration 1:  1000000 integrand evaluations so far
[1] 3765.08 +- 51.8648  	chisq 0 (0 df)

Iteration 2:  3000000 integrand evaluations so far
[1] 3787.63 +- 13.8025  	chisq 0.203488 (1 df)

Iteration 3:  6000000 integrand evaluations so far
[1] 3778.6 +- 8.72754  	chisq 0.917102 (2 df)

Iteration 4:  10000000 integrand evaluations so far
[1] 3783.07 +- 6.5214  	chisq 1.51069 (3 df)
  3.7831 ± 0.0065 ·10⁺⁰³ ( 50.3s) ┃   4.719 ± 0.0081 ·10⁺⁰³ (8.87mi) ┃
┃   14 -    16 ┃   43 -    44 ┃  4.5639 ± 0.0044 ·10⁺⁰³ ( 27.3s) ┃ -3.6497 ±  0.002 ·10⁺⁰³ (  15mi) ┃Vegas input parameters:
  ndim 7
  ncomp 1
  nvec 1
  epsrel 0
  epsabs 0
  flags 10
  seed 123456
  mineval 10000000
  maxeval 10000000
  nstart 1000000
  nincrease 1000000
  nbatch 5000
  gridno 0
  statefile ""

Iteration 1:  1000000 integrand evaluations so far
[1] 3739.49 +- 51.3355  	chisq 0 (0 df)

Iteration 2:  3000000 integrand evaluations so far
[1] 3700.64 +- 13.2625  	chisq 0.613597 (1 df)

Iteration 3:  6000000 integrand evaluations so far
[1] 3710.78 +- 8.39028  	chisq 1.58712 (2 df)

Iteration 4:  10000000 integrand evaluations so far
[1] 3721.23 +- 6.23947  	chisq 5.05987 (3 df)
  3.7212 ± 0.0062 ·10⁺⁰³ ( 50.8s) ┃  4.6355 ± 0.0079 ·10⁺⁰³ (16.3mi) ┃
┃   14 -    16 ┃   44 -    45 ┃  4.4932 ± 0.0024 ·10⁺⁰³ ( 8.21s) ┃ -3.5769 ± 0.0026 ·10⁺⁰³ (7.44mi) ┃Vegas input parameters:
  ndim 7
  ncomp 1
  nvec 1
  epsrel 0
  epsabs 0
  flags 10
  seed 123456
  mineval 10000000
  maxeval 10000000
  nstart 1000000
  nincrease 1000000
  nbatch 5000
  gridno 0
  statefile ""

Iteration 1:  1000000 integrand evaluations so far
[1] 3714.2 +- 50.9911  	chisq 0 (0 df)

Iteration 2:  3000000 integrand evaluations so far
[1] 3660.14 +- 12.8958  	chisq 1.20078 (1 df)

Iteration 3:  6000000 integrand evaluations so far
[1] 3673.46 +- 8.18133  	chisq 2.98803 (2 df)

Iteration 4:  10000000 integrand evaluations so far
[1] 3678.52 +- 6.16476  	chisq 3.87305 (3 df)
  3.6785 ± 0.0062 ·10⁺⁰³ ( 51.6s) ┃  4.5948 ± 0.0071 ·10⁺⁰³ (8.44mi) ┃
┃   14 -    16 ┃   45 -    46 ┃  4.4176 ± 0.0035 ·10⁺⁰³ ( 46.8s) ┃ -3.4991 ± 0.0011 ·10⁺⁰³ (1.82mi) ┃Vegas input parameters:
  ndim 7
  ncomp 1
  nvec 1
  epsrel 0
  epsabs 0
  flags 10
  seed 123456
  mineval 10000000
  maxeval 10000000
  nstart 1000000
  nincrease 1000000
  nbatch 5000
  gridno 0
  statefile ""

Iteration 1:  1000000 integrand evaluations so far
[1] 3626.4 +- 50.0259  	chisq 0 (0 df)

Iteration 2:  3000000 integrand evaluations so far
[1] 3617.46 +- 12.5625  	chisq 0.0340278 (1 df)

Iteration 3:  6000000 integrand evaluations so far
[1] 3638.3 +- 7.75536  	chisq 4.47858 (2 df)

Iteration 4:  10000000 integrand evaluations so far
[1] 3647.68 +- 5.719  	chisq 7.68751 (3 df)
  3.6477 ± 0.0057 ·10⁺⁰³ ( 51.2s) ┃  4.5661 ± 0.0068 ·10⁺⁰³ (3.45mi) ┃
┃   14 -    16 ┃   46 -    47 ┃  4.3553 ± 0.0016 ·10⁺⁰³ ( 46.1s) ┃ -3.4684 ± 0.0026 ·10⁺⁰³ (7.01mi) ┃Vegas input parameters:
  ndim 7
  ncomp 1
  nvec 1
  epsrel 0
  epsabs 0
  flags 10
  seed 123456
  mineval 10000000
  maxeval 10000000
  nstart 1000000
  nincrease 1000000
  nbatch 5000
  gridno 0
  statefile ""

Iteration 1:  1000000 integrand evaluations so far
[1] 3634.46 +- 49.9892  	chisq 0 (0 df)

Iteration 2:  3000000 integrand evaluations so far
[1] 3643.34 +- 12.0607  	chisq 0.0335342 (1 df)

Iteration 3:  6000000 integrand evaluations so far
[1] 3650.09 +- 7.42117  	chisq 0.536457 (2 df)

Iteration 4:  10000000 integrand evaluations so far
[1] 3645.28 +- 5.50546  	chisq 1.46951 (3 df)
  3.6453 ± 0.0055 ·10⁺⁰³ ( 52.1s) ┃  4.5322 ± 0.0063 ·10⁺⁰³ (8.64mi) ┃
┃   14 -    16 ┃   47 -    48 ┃  4.2835 ± 0.0014 ·10⁺⁰³ ( 46.5s) ┃  -3.406 ± 0.0023 ·10⁺⁰³ (1.86mi) ┃Vegas input parameters:
  ndim 7
  ncomp 1
  nvec 1
  epsrel 0
  epsabs 0
  flags 10
  seed 123456
  mineval 10000000
  maxeval 10000000
  nstart 1000000
  nincrease 1000000
  nbatch 5000
  gridno 0
  statefile ""

Iteration 1:  1000000 integrand evaluations so far
[1] 3549.28 +- 49.0916  	chisq 0 (0 df)

Iteration 2:  3000000 integrand evaluations so far
[1] 3606.79 +- 11.6345  	chisq 1.45391 (1 df)

Iteration 3:  6000000 integrand evaluations so far
[1] 3622.51 +- 7.18567  	chisq 4.40681 (2 df)

Iteration 4:  10000000 integrand evaluations so far
[1] 3613.94 +- 5.2424  	chisq 7.45391 (3 df)
  3.6139 ± 0.0052 ·10⁺⁰³ ( 51.5s) ┃  4.4915 ± 0.0059 ·10⁺⁰³ ( 3.5mi) ┃
┃   14 -    16 ┃   48 -    49 ┃ 2.88849 ± 0.00096 ·10⁺⁰³ (2.88mi) ┃ -2.2833 ± 0.0022 ·10⁺⁰³ (1.73mi) ┃Vegas input parameters:
  ndim 7
  ncomp 1
  nvec 1
  epsrel 0
  epsabs 0
  flags 10
  seed 123456
  mineval 10000000
  maxeval 10000000
  nstart 1000000
  nincrease 1000000
  nbatch 5000
  gridno 0
  statefile ""

Iteration 1:  1000000 integrand evaluations so far
[1] 2398.07 +- 40.3888  	chisq 0 (0 df)

Iteration 2:  3000000 integrand evaluations so far
[1] 2428.01 +- 8.95357  	chisq 0.577898 (1 df)

Iteration 3:  6000000 integrand evaluations so far
[1] 2441.11 +- 5.42124  	chisq 3.96109 (2 df)

Iteration 4:  10000000 integrand evaluations so far
[1] 2441.32 +- 3.97386  	chisq 3.96425 (3 df)
  2.4413 ±  0.004 ·10⁺⁰³ ( 52.3s) ┃  3.0465 ± 0.0046 ·10⁺⁰³ (5.48mi) ┃
┃   14 -    16 ┃   49 -    50 ┃  959.68 ±    0.3        (2.57mi) ┃ -766.78 ±   0.38        (11.6mi) ┃Vegas input parameters:
  ndim 7
  ncomp 1
  nvec 1
  epsrel 0
  epsabs 0
  flags 10
  seed 123456
  mineval 10000000
  maxeval 10000000
  nstart 1000000
  nincrease 1000000
  nbatch 5000
  gridno 0
  statefile ""

Iteration 1:  1000000 integrand evaluations so far
[1] 786.649 +- 22.5961  	chisq 0 (0 df)

Iteration 2:  3000000 integrand evaluations so far
[1] 810.522 +- 3.81801  	chisq 1.14906 (1 df)

Iteration 3:  6000000 integrand evaluations so far
[1] 813.836 +- 2.23226  	chisq 2.29346 (2 df)

Iteration 4:  10000000 integrand evaluations so far
[1] 816.055 +- 1.70778  	chisq 4.6759 (3 df)
   816.1 ±    1.7        (   50s) ┃   1.009 ± 0.0018 ·10⁺⁰³ (  15mi) ┃
┃   14 -    16 ┃   50 -    51 ┃  412.32 ±   0.19        (5.28mi) ┃ -334.89 ±   0.27        (22.7mi) ┃Vegas input parameters:
  ndim 7
  ncomp 1
  nvec 1
  epsrel 0
  epsabs 0
  flags 10
  seed 123456
  mineval 10000000
  maxeval 10000000
  nstart 1000000
  nincrease 1000000
  nbatch 5000
  gridno 0
  statefile ""

Iteration 1:  1000000 integrand evaluations so far
[1] 342.254 +- 14.8737  	chisq 0 (0 df)

Iteration 2:  3000000 integrand evaluations so far
[1] 350.561 +- 1.49308  	chisq 0.315107 (1 df)

Iteration 3:  6000000 integrand evaluations so far
[1] 352.329 +- 1.16067  	chisq 3.86166 (2 df)

Iteration 4:  10000000 integrand evaluations so far
[1] 352.681 +- 0.870128  	chisq 4.07076 (3 df)
  352.68 ±   0.87        ( 50.1s) ┃  430.11 ±   0.93        (28.8mi) ┃
┃   14 -    16 ┃   51 -    52 ┃  232.47 ±   0.17        (2.84mi) ┃ -190.82 ±   0.18        (5.59mi) ┃Vegas input parameters:
  ndim 7
  ncomp 1
  nvec 1
  epsrel 0
  epsabs 0
  flags 10
  seed 123456
  mineval 10000000
  maxeval 10000000
  nstart 1000000
  nincrease 1000000
  nbatch 5000
  gridno 0
  statefile ""

Iteration 1:  1000000 integrand evaluations so far
[1] 201.369 +- 11.1681  	chisq 0 (0 df)

Iteration 2:  3000000 integrand evaluations so far
[1] 199.19 +- 0.859213  	chisq 0.0382969 (1 df)

Iteration 3:  6000000 integrand evaluations so far
[1] 199.671 +- 0.768436  	chisq 1.60459 (2 df)

Iteration 4:  10000000 integrand evaluations so far
[1] 199.634 +- 0.573261  	chisq 1.60987 (3 df)
  199.63 ±   0.57        ( 50.5s) ┃  241.28 ±   0.63        (9.27mi) ┃
┃   14 -    16 ┃   52 -    53 ┃ 144.296 ±  0.048        ( 2.9mi) ┃ -119.36 ±  0.061        (21.9mi) ┃Vegas input parameters:
  ndim 7
  ncomp 1
  nvec 1
  epsrel 0
  epsabs 0
  flags 10
  seed 123456
  mineval 10000000
  maxeval 10000000
  nstart 1000000
  nincrease 1000000
  nbatch 5000
  gridno 0
  statefile ""

Iteration 1:  1000000 integrand evaluations so far
[1] 124.561 +- 8.82577  	chisq 0 (0 df)

Iteration 2:  3000000 integrand evaluations so far
[1] 124.036 +- 0.497224  	chisq 0.00355286 (1 df)

Iteration 3:  6000000 integrand evaluations so far
[1] 125.418 +- 0.310042  	chisq 12.6529 (2 df)

Iteration 4:  10000000 integrand evaluations so far
[1] 125.189 +- 0.219823  	chisq 13.7464 (3 df)
  125.19 ±   0.22        (   51s) ┃  150.13 ±   0.23        (25.7mi) ┃
┃   14 -    16 ┃   53 -    54 ┃  92.536 ±  0.082        ( 9.9mi) ┃ -77.066 ±  0.027        (1.44hr) ┃Vegas input parameters:
  ndim 7
  ncomp 1
  nvec 1
  epsrel 0
  epsabs 0
  flags 10
  seed 123456
  mineval 10000000
  maxeval 10000000
  nstart 1000000
  nincrease 1000000
  nbatch 5000
  gridno 0
  statefile ""

Iteration 1:  1000000 integrand evaluations so far
[1] 96.2606 +- 7.70908  	chisq 0 (0 df)

Iteration 2:  3000000 integrand evaluations so far
[1] 80.9091 +- 0.425184  	chisq 3.97759 (1 df)

Iteration 3:  6000000 integrand evaluations so far
[1] 81.0651 +- 0.225511  	chisq 4.16505 (2 df)

Iteration 4:  10000000 integrand evaluations so far
[1] 80.7246 +- 0.149428  	chisq 8.22982 (3 df)
   80.72 ±   0.15        ( 50.7s) ┃   96.19 ±   0.17        (1.62hr) ┃
┃   14 -    16 ┃   54 -    55 ┃  58.949 ±  0.018        (5.64mi) ┃ -49.409 ±  0.026        (  43mi) ┃Vegas input parameters:
  ndim 7
  ncomp 1
  nvec 1
  epsrel 0
  epsabs 0
  flags 10
  seed 123456
  mineval 10000000
  maxeval 10000000
  nstart 1000000
  nincrease 1000000
  nbatch 5000
  gridno 0
  statefile ""

Iteration 1:  1000000 integrand evaluations so far
[1] 60.4 +- 6.1713  	chisq 0 (0 df)

Iteration 2:  3000000 integrand evaluations so far
[1] 51.4231 +- 0.393309  	chisq 2.12458 (1 df)

Iteration 3:  6000000 integrand evaluations so far
[1] 51.7678 +- 0.177186  	chisq 3.08838 (2 df)

Iteration 4:  10000000 integrand evaluations so far
[1] 51.6942 +- 0.109537  	chisq 3.36776 (3 df)
   51.69 ±   0.11        ( 51.4s) ┃   61.23 ±   0.11        (49.5mi) ┃
┃   14 -    16 ┃   55 -    56 ┃  35.696 ±  0.012        (4.83mi) ┃ -30.018 ±  0.027        (21.5mi) ┃Vegas input parameters:
  ndim 7
  ncomp 1
  nvec 1
  epsrel 0
  epsabs 0
  flags 10
  seed 123456
  mineval 10000000
  maxeval 10000000
  nstart 1000000
  nincrease 1000000
  nbatch 5000
  gridno 0
  statefile ""

Iteration 1:  1000000 integrand evaluations so far
[1] 38.6345 +- 4.89581  	chisq 0 (0 df)

Iteration 2:  3000000 integrand evaluations so far
[1] 31.2555 +- 0.33316  	chisq 2.28226 (1 df)

Iteration 3:  6000000 integrand evaluations so far
[1] 31.5593 +- 0.145894  	chisq 3.31087 (2 df)

Iteration 4:  10000000 integrand evaluations so far
[1] 31.3914 +- 0.0770612  	chisq 5.14646 (3 df)
  31.391 ±  0.077        ( 51.2s) ┃  37.069 ±  0.083        (27.2mi) ┃
┃   14 -    16 ┃   56 -    57 ┃ 18.7173 ± 0.0039        ( 5.6mi) ┃ -15.806 ±  0.013        (42.7mi) ┃Vegas input parameters:
  ndim 7
  ncomp 1
  nvec 1
  epsrel 0
  epsabs 0
  flags 10
  seed 123456
  mineval 10000000
  maxeval 10000000
  nstart 1000000
  nincrease 1000000
  nbatch 5000
  gridno 0
  statefile ""

Iteration 1:  1000000 integrand evaluations so far
[1] 15.8405 +- 3.10129  	chisq 0 (0 df)

Iteration 2:  3000000 integrand evaluations so far
[1] 16.9369 +- 1.10742  	chisq 0.14323 (1 df)

Iteration 3:  6000000 integrand evaluations so far
[1] 17.3077 +- 0.292392  	chisq 0.263743 (2 df)

Iteration 4:  10000000 integrand evaluations so far
[1] 16.7261 +- 0.097006  	chisq 4.7095 (3 df)
  16.726 ±  0.097        (   53s) ┃  19.637 ±  0.098        (49.2mi) ┃
┃   14 -    16 ┃   57 -    58 ┃  6.1106 ± 0.0043        (22.4mi) ┃ -5.1585 ± 0.0036        (1.41hr) ┃Vegas input parameters:
  ndim 7
  ncomp 1
  nvec 1
  epsrel 0
  epsabs 0
  flags 10
  seed 123456
  mineval 10000000
  maxeval 10000000
  nstart 1000000
  nincrease 1000000
  nbatch 5000
  gridno 0
  statefile ""

Iteration 1:  1000000 integrand evaluations so far
[1] 6.9987 +- 2.01961  	chisq 0 (0 df)

Iteration 2:  3000000 integrand evaluations so far
[1] 4.28829 +- 0.498077  	chisq 1.91774 (1 df)

Iteration 3:  6000000 integrand evaluations so far
[1] 4.87845 +- 0.279358  	chisq 3.96608 (2 df)

Iteration 4:  10000000 integrand evaluations so far
[1] 5.37138 +- 0.0806995  	chisq 7.36296 (3 df)
   5.371 ±  0.081        ( 51.7s) ┃   6.323 ±  0.081        ( 1.8hr) ┃
┃   14 -    16 ┃   58 -    59 ┃ 0.35053 ± 0.0002        (1.31hr) ┃-0.29293 ± 0.00023        (5.52hr) ┃Vegas input parameters:
  ndim 7
  ncomp 1
  nvec 1
  epsrel 0
  epsabs 0
  flags 10
  seed 123456
  mineval 10000000
  maxeval 10000000
  nstart 1000000
  nincrease 1000000
  nbatch 5000
  gridno 0
  statefile ""

Iteration 1:  1000000 integrand evaluations so far
[1] 0.0771618 +- 0.0771618  	chisq 0 (0 df)

Iteration 2:  3000000 integrand evaluations so far
[1] 6.99385e-05 +- 3.48e-05  	chisq 0.998188 (1 df)

Iteration 3:  6000000 integrand evaluations so far
[1] 9.64959e-05 +- 3.44233e-05  	chisq 28.0475 (2 df)

Iteration 4:  10000000 integrand evaluations so far
[1] 9.6728e-05 +- 3.44232e-05  	chisq 36.4424 (3 df)
   0.097 ±  0.034 ·10⁻⁰³ (1.02mi) ┃ 0.05769 ± 0.00031        (6.85hr) ┃
┃   14 -    16 ┃   59 -    60 ┃       0 ±      0        ( 1.19s) ┃       0 ±      0        ( 342ms) ┃Vegas input parameters:
  ndim 7
  ncomp 1
  nvec 1
  epsrel 0
  epsabs 0
  flags 10
  seed 123456
  mineval 10000000
  maxeval 10000000
  nstart 1000000
  nincrease 1000000
  nbatch 5000
  gridno 0
  statefile ""

Iteration 1:  1000000 integrand evaluations so far
[1] 0 +- 2.22045e-19  	chisq 0 (0 df)

Iteration 2:  3000000 integrand evaluations so far
[1] 0 +- 1.28198e-19  	chisq 0 (1 df)

Iteration 3:  6000000 integrand evaluations so far
[1] 0 +- 9.06494e-20  	chisq 0 (2 df)

Iteration 4:  10000000 integrand evaluations so far
[1] 0 +- 7.02167e-20  	chisq 0 (3 df)
       0 ±   0.07 ·10⁻¹⁸ ( 47.4s) ┃       0 ±   0.07 ·10⁻¹⁸ ( 48.9s) ┃
┣━━━━━━━━━━━━━━╋━━━━━━━━━━━━━━╋━━━━━━━━━━━━━━━━━━━━━━━━━━━━━━━━━━╋━━━━━━━━━━━━━━━━━━━━━━━━━━━━━━━━━━╋━━━━━━━━━━━━━━━━━━━━━━━━━━━━━━━━━━╋━━━━━━━━━━━━━━━━━━━━━━━━━━━━━━━━━━┫
┃   12 -    16 ┃   25 -    60 ┃  230.08 ±  0.021 ·10⁺⁰³ (10.3hr) ┃  -190.5 ±  0.018 ·10⁺⁰³ (27.9hr) ┃ 194.028 ±  0.047 ·10⁺⁰³ (1.01hr) ┃ 233.609 ±  0.055 ·10⁺⁰³ (39.2hr) ┃
┗━━━━━━━━━━━━━━┻━━━━━━━━━━━━━━┻━━━━━━━━━━━━━━━━━━━━━━━━━━━━━━━━━━┻━━━━━━━━━━━━━━━━━━━━━━━━━━━━━━━━━━┻━━━━━━━━━━━━━━━━━━━━━━━━━━━━━━━━━━┻━━━━━━━━━━━━━━━━━━━━━━━━━━━━━━━━━━┛

╍╍╍╍╍╍╍╍╍╍╍╍╍╍╍╍╍╍╍╍╍╍╍╍╍╍╍╍╍╍╍╍ Summary ╍╍╍╍╍╍╍╍╍╍╍╍╍╍╍╍╍╍╍╍╍╍╍╍╍╍╍╍╍╍╍
      Total cross section                    233.609 ± 0.055          pb
         Calculation time                               39.2       hours
              Output file                    outputs/qt_qt12_16_NLL_muR0.5_muF0.5.root            
      Result in text file                    outputs/qt_qt12_16_NLL_muR0.5_muF0.5.txt            

╍╍╍╍╍╍╍╍╍╍╍╍╍╍╍╍╍╍╍╍╍╍╍╍╍╍╍╍╍╍╍╍╍╍╍╍╍╍╍╍╍╍╍╍╍╍╍╍╍╍╍╍╍╍╍╍╍╍╍╍╍╍╍╍╍╍╍╍╍╍╍╍

