
╍╍╍╍╍╍╍╍╍╍╍╍╍╍╍╍╍╍╍╍╍╍╍╍╍╍╍ Process settings ╍╍╍╍╍╍╍╍╍╍╍╍╍╍╍╍╍╍╍╍╍╍╍╍╍╍╍
   proton-proton collisions at sqrt(s) = 13000 GeV 
   Computing NLO+NLL resummed cross section
   W+ ->  nu(p3)+e+(p4) production 

╍╍╍╍╍╍╍╍╍╍╍╍╍╍╍╍╍╍╍╍╍╍╍╍╍╍╍╍╍╍ CKM matrix ╍╍╍╍╍╍╍╍╍╍╍╍╍╍╍╍╍╍╍╍╍╍╍╍╍╍╍╍╍╍
     | Vud Vus Vub |   |   0.97427   0.2253  0.00351 | 
     | Vcd Vcs Vcb | = |    0.2252  0.97344   0.0412 | 
     | Vtd Vts Vtb |   |         0        0        0 | 

╍╍╍╍╍╍╍╍╍╍╍╍╍╍╍╍╍╍╍╍╍╍╍╍╍╍╍╍╍ EW parameters ╍╍╍╍╍╍╍╍╍╍╍╍╍╍╍╍╍╍╍╍╍╍╍╍╍╍╍╍
                                         Gf =  1.1663787e-05      GeV^-2
                                    1/alpha =  132.233229791            
                                 sin(thW)^2 = 0.222897222524            
                                     W mass =         80.385         GeV
                                     Z mass =        91.1876         GeV
                                    W width =          2.091         GeV
                                    Z width =          2.495         GeV

╍╍╍╍╍╍╍╍╍╍╍╍╍╍╍╍╍╍╍╍╍╍╍╍╍╍╍╍╍ QCD settings ╍╍╍╍╍╍╍╍╍╍╍╍╍╍╍╍╍╍╍╍╍╍╍╍╍╍╍╍╍
   Renormalization scale:     dynamic muren =              2      * m_ll
     Factorization scale:     dynamic mufac =              1      * m_ll
       Resummation scale:     dynamic mures =              1      * m_ll
          Strong coupling       alpha_s(MZ) =       0.118001            
                              running order =              2       -loop
         Non-perturbative     form factor g =            0.7       GeV^2

╍╍╍╍╍╍╍╍╍╍╍╍╍╍╍╍╍╍╍╍╍╍╍╍╍╍╍╍╍ PDF settings ╍╍╍╍╍╍╍╍╍╍╍╍╍╍╍╍╍╍╍╍╍╍╍╍╍╍╍╍╍
                                     PDF set:MSHT20nnlo_as118            
                                  PDF member:              0            
  Mellin moments of PDFs:                    Numerical integration            
                         nodes for the quadrature:            200            
                         Intervals for the quadrature:              1            

╍╍╍╍╍╍╍╍╍╍╍╍╍╍╍╍╍╍╍╍╍╍╍╍╍╍╍╍╍╍╍ qT recoil ╍╍╍╍╍╍╍╍╍╍╍╍╍╍╍╍╍╍╍╍╍╍╍╍╍╍╍╍╍╍
  qt-recoil prescription:       Collins-Soper kt1 = p_V(x)/2; kt2 = p_V(y)/2            

╍╍╍╍╍╍╍╍╍╍╍╍╍╍╍╍╍╍╍╍╍╍╍╍╍╍╍╍╍╍╍╍╍ Cuts ╍╍╍╍╍╍╍╍╍╍╍╍╍╍╍╍╍╍╍╍╍╍╍╍╍╍╍╍╍╍╍╍╍
                                  apply cuts:           true            
                                      pt_l >               0            
                                   |eta_l| <            1000            
                                    pt_lep >              25            
                                 |eta_lep| <             2.4            
                                   pt_alep >              25            
                                |eta_alep| <             2.4            
                                  user cuts:            true            

╍╍╍╍╍╍╍╍╍╍╍╍╍╍╍╍╍╍╍╍╍╍╍╍╍╍╍╍ ResummationDamp ╍╍╍╍╍╍╍╍╍╍╍╍╍╍╍╍╍╍╍╍╍╍╍╍╍╍╍
                                    damping :             on            
                                damping mode:              1            
                                  damp above:        60.2888         GeV
                               damping width:        20.0963         GeV
                          resummation cutoff:             20         MeV

╍╍╍╍╍╍╍╍╍╍╍╍╍╍╍╍╍╍╍╍╍╍╍╍╍╍╍╍ Debug settings ╍╍╍╍╍╍╍╍╍╍╍╍╍╍╍╍╍╍╍╍╍╍╍╍╍╍╍╍
                                 timeprofile:          false            
                                     verbose:          false            
                               cubaverbosity:              2            

╍╍╍╍╍╍╍╍╍╍╍╍╍╍╍╍╍╍╍╍╍╍╍╍╍╍╍╍╍╍╍╍╍╍╍╍╍╍╍╍╍╍╍╍╍╍╍╍╍╍╍╍╍╍╍╍╍╍╍╍╍╍╍╍╍╍╍╍╍╍╍╍

Warning: Histogram `a1_qt` contains non-integrable observable and will be deleted 
Warning: Histogram `a1_qt_vs_y` contains non-integrable observable and will be deleted 
Warning: Histogram `s_biganswer` contains non-integrable observable and will be deleted 
Warning: Histogram `wgt_a1_qt` contains non-integrable observable and will be deleted 

╍╍╍╍╍╍╍╍╍╍╍╍╍╍╍╍╍╍╍╍╍╍╍╍╍ Integration settings ╍╍╍╍╍╍╍╍╍╍╍╍╍╍╍╍╍╍╍╍╍╍╍╍╍
             Random seeds              123456                           
           Parallel cores                   1                           

             Resummation:     cuhre (dm, dpt)         iter =           5
                                   gauss (dy)        nodes =          64
                                                 intervals =           1
            Counter term:      cuhre (dm, dy)         iter =           5
                                  gauss (dpt)        nodes =          20
                                                 intervals =           5
                     V+J:            vegas 7D       ncalls =    10000000

Mellin inverse transform:           gaussian         nodes =          30
                                                 intervals =           1
                               imaginary axis         zmax =           2
  Angular variable costh:     semi-analytical      ncstart =         100
   Angular variables phi:            gaussian    intervals =          20

      Constant boundaries                  q2          low =          80
                                                      high =         100
                                            y          low =          -6
                                                      high =           6
                                        costh          low =          -1
                                                      high =           1
                                       eta(l)          low =         -10
                                                      high =          10

┏━━━━━━━━━━━━━━┰━━━━━━━━━━━━━━┰━━━━━━━━━━━━━━━━━━━━━━━━━━━━━━━━━━┰━━━━━━━━━━━━━━━━━━━━━━━━━━━━━━━━━━┰━━━━━━━━━━━━━━━━━━━━━━━━━━━━━━━━━━┰━━━━━━━━━━━━━━━━━━━━━━━━━━━━━━━━━━┓
┃           qT ┃        pT(l) ┃                      Resummation ┃                     Counter term ┃                              V+J ┃                            TOTAL ┃
┣━━━━━━━━━━━━━━╋━━━━━━━━━━━━━━╋━━━━━━━━━━━━━━━━━━━━━━━━━━━━━━━━━━╋━━━━━━━━━━━━━━━━━━━━━━━━━━━━━━━━━━╋━━━━━━━━━━━━━━━━━━━━━━━━━━━━━━━━━━╋━━━━━━━━━━━━━━━━━━━━━━━━━━━━━━━━━━┫
┃   96 -    98 ┃   25 -    26 ┃ 1.56896 ± 0.00038        (8.89mi) ┃-0.59559 ± 0.00059        (47.8mi) ┃Vegas input parameters:
  ndim 7
  ncomp 1
  nvec 1
  epsrel 0
  epsabs 0
  flags 10
  seed 123456
  mineval 10000000
  maxeval 10000000
  nstart 1000000
  nincrease 1000000
  nbatch 5000
  gridno 0
  statefile ""

Iteration 1:  1000000 integrand evaluations so far
[1] 24.7729 +- 0.72734  	chisq 0 (0 df)

Iteration 2:  3000000 integrand evaluations so far
[1] 24.4573 +- 0.202744  	chisq 0.204229 (1 df)

Iteration 3:  6000000 integrand evaluations so far
[1] 24.3993 +- 0.132202  	chisq 0.346591 (2 df)

Iteration 4:  10000000 integrand evaluations so far
[1] 24.3158 +- 0.097606  	chisq 1.22234 (3 df)
  24.316 ±  0.098        ( 39.9s) ┃  25.289 ±  0.098        (57.3mi) ┃
┃   96 -    98 ┃   26 -    27 ┃  1.6232 ± 0.0012        (2.69mi) ┃-0.60398 ± 0.00042        (23.9mi) ┃Vegas input parameters:
  ndim 7
  ncomp 1
  nvec 1
  epsrel 0
  epsabs 0
  flags 10
  seed 123456
  mineval 10000000
  maxeval 10000000
  nstart 1000000
  nincrease 1000000
  nbatch 5000
  gridno 0
  statefile ""

Iteration 1:  1000000 integrand evaluations so far
[1] 23.8019 +- 0.701902  	chisq 0 (0 df)

Iteration 2:  3000000 integrand evaluations so far
[1] 23.6362 +- 0.197423  	chisq 0.0605238 (1 df)

Iteration 3:  6000000 integrand evaluations so far
[1] 23.8072 +- 0.137723  	chisq 1.52205 (2 df)

Iteration 4:  10000000 integrand evaluations so far
[1] 23.7952 +- 0.104879  	chisq 1.54005 (3 df)
    23.8 ±    0.1        (   38s) ┃   24.81 ±    0.1        (27.2mi) ┃
┃   96 -    98 ┃   27 -    28 ┃ 1.08407 ± 0.00033        (9.13mi) ┃-0.40573 ± 0.00032        (23.6mi) ┃Vegas input parameters:
  ndim 7
  ncomp 1
  nvec 1
  epsrel 0
  epsabs 0
  flags 10
  seed 123456
  mineval 10000000
  maxeval 10000000
  nstart 1000000
  nincrease 1000000
  nbatch 5000
  gridno 0
  statefile ""

Iteration 1:  1000000 integrand evaluations so far
[1] 23.6373 +- 0.691486  	chisq 0 (0 df)

Iteration 2:  3000000 integrand evaluations so far
[1] 23.2308 +- 0.195057  	chisq 0.37546 (1 df)

Iteration 3:  6000000 integrand evaluations so far
[1] 23.2896 +- 0.120748  	chisq 0.522609 (2 df)

Iteration 4:  10000000 integrand evaluations so far
[1] 23.2511 +- 0.0910435  	chisq 0.757792 (3 df)
  23.251 ±  0.091        ( 40.4s) ┃  23.929 ±  0.091        (33.4mi) ┃
┃   96 -    98 ┃   28 -    29 ┃  1.9648 ± 0.0013        (4.47mi) ┃-0.73307 ± 0.00065        (24.1mi) ┃Vegas input parameters:
  ndim 7
  ncomp 1
  nvec 1
  epsrel 0
  epsabs 0
  flags 10
  seed 123456
  mineval 10000000
  maxeval 10000000
  nstart 1000000
  nincrease 1000000
  nbatch 5000
  gridno 0
  statefile ""

Iteration 1:  1000000 integrand evaluations so far
[1] 22.3608 +- 0.672006  	chisq 0 (0 df)

Iteration 2:  3000000 integrand evaluations so far
[1] 23.001 +- 0.192406  	chisq 0.988635 (1 df)

Iteration 3:  6000000 integrand evaluations so far
[1] 22.9014 +- 0.133454  	chisq 1.5047 (2 df)

Iteration 4:  10000000 integrand evaluations so far
[1] 22.7658 +- 0.098235  	chisq 3.75972 (3 df)
  22.766 ±  0.098        (   41s) ┃  23.997 ±  0.098        (29.2mi) ┃
┃   96 -    98 ┃   29 -    30 ┃ 1.57456 ± 0.0009        (8.77mi) ┃-0.59567 ± 0.00046        (23.8mi) ┃Vegas input parameters:
  ndim 7
  ncomp 1
  nvec 1
  epsrel 0
  epsabs 0
  flags 10
  seed 123456
  mineval 10000000
  maxeval 10000000
  nstart 1000000
  nincrease 1000000
  nbatch 5000
  gridno 0
  statefile ""

Iteration 1:  1000000 integrand evaluations so far
[1] 23.6955 +- 0.692539  	chisq 0 (0 df)

Iteration 2:  3000000 integrand evaluations so far
[1] 22.0725 +- 0.18664  	chisq 5.92267 (1 df)

Iteration 3:  6000000 integrand evaluations so far
[1] 22.2207 +- 0.129165  	chisq 7.13299 (2 df)

Iteration 4:  10000000 integrand evaluations so far
[1] 22.2696 +- 0.0958742  	chisq 7.45219 (3 df)
   22.27 ±  0.096        ( 39.7s) ┃  23.249 ±  0.096        (33.2mi) ┃
┃   96 -    98 ┃   30 -    31 ┃ 1.71898 ± 0.00016        (4.81mi) ┃-0.63376 ± 0.00029        (47.8mi) ┃Vegas input parameters:
  ndim 7
  ncomp 1
  nvec 1
  epsrel 0
  epsabs 0
  flags 10
  seed 123456
  mineval 10000000
  maxeval 10000000
  nstart 1000000
  nincrease 1000000
  nbatch 5000
  gridno 0
  statefile ""

Iteration 1:  1000000 integrand evaluations so far
[1] 22.4113 +- 0.662815  	chisq 0 (0 df)

Iteration 2:  3000000 integrand evaluations so far
[1] 21.8021 +- 0.184528  	chisq 0.915851 (1 df)

Iteration 3:  6000000 integrand evaluations so far
[1] 22.0026 +- 0.12618  	chisq 3.13393 (2 df)

Iteration 4:  10000000 integrand evaluations so far
[1] 22.0423 +- 0.101631  	chisq 3.41526 (3 df)
   22.04 ±    0.1        (   37s) ┃   23.13 ±    0.1        (53.2mi) ┃
┃   96 -    98 ┃   31 -    32 ┃  1.5697 ± 0.0014        (4.88mi) ┃-0.58277 ± 0.00046        (12.1mi) ┃Vegas input parameters:
  ndim 7
  ncomp 1
  nvec 1
  epsrel 0
  epsabs 0
  flags 10
  seed 123456
  mineval 10000000
  maxeval 10000000
  nstart 1000000
  nincrease 1000000
  nbatch 5000
  gridno 0
  statefile ""

Iteration 1:  1000000 integrand evaluations so far
[1] 21.8303 +- 0.646814  	chisq 0 (0 df)

Iteration 2:  3000000 integrand evaluations so far
[1] 21.5547 +- 0.180943  	chisq 0.196942 (1 df)

Iteration 3:  6000000 integrand evaluations so far
[1] 21.7294 +- 0.116714  	chisq 1.79353 (2 df)

Iteration 4:  10000000 integrand evaluations so far
[1] 21.5966 +- 0.0883608  	chisq 4.82555 (3 df)
  21.597 ±  0.088        (   40s) ┃  22.584 ±  0.088        (17.6mi) ┃
┃   96 -    98 ┃   32 -    33 ┃  1.3881 ± 0.0012        (2.53mi) ┃-0.52305 ± 0.00024        (  12mi) ┃Vegas input parameters:
  ndim 7
  ncomp 1
  nvec 1
  epsrel 0
  epsabs 0
  flags 10
  seed 123456
  mineval 10000000
  maxeval 10000000
  nstart 1000000
  nincrease 1000000
  nbatch 5000
  gridno 0
  statefile ""

Iteration 1:  1000000 integrand evaluations so far
[1] 21.2842 +- 0.634741  	chisq 0 (0 df)

Iteration 2:  3000000 integrand evaluations so far
[1] 21.2486 +- 0.17885  	chisq 0.00342996 (1 df)

Iteration 3:  6000000 integrand evaluations so far
[1] 21.2273 +- 0.118173  	chisq 0.0284213 (2 df)

Iteration 4:  10000000 integrand evaluations so far
[1] 21.2588 +- 0.0900879  	chisq 0.197579 (3 df)
  21.259 ±   0.09        ( 39.6s) ┃  22.124 ±   0.09        (15.2mi) ┃
┃   96 -    98 ┃   33 -    34 ┃  1.8952 ± 0.0012        (4.32mi) ┃ -0.7037 ± 0.00033        (12.6mi) ┃Vegas input parameters:
  ndim 7
  ncomp 1
  nvec 1
  epsrel 0
  epsabs 0
  flags 10
  seed 123456
  mineval 10000000
  maxeval 10000000
  nstart 1000000
  nincrease 1000000
  nbatch 5000
  gridno 0
  statefile ""

Iteration 1:  1000000 integrand evaluations so far
[1] 20.7077 +- 0.622067  	chisq 0 (0 df)

Iteration 2:  3000000 integrand evaluations so far
[1] 20.9501 +- 0.212296  	chisq 0.171945 (1 df)

Iteration 3:  6000000 integrand evaluations so far
[1] 20.6827 +- 0.125623  	chisq 2.6136 (2 df)

Iteration 4:  10000000 integrand evaluations so far
[1] 20.6927 +- 0.0876679  	chisq 2.62595 (3 df)
  20.693 ±  0.088        ( 40.1s) ┃  21.884 ±  0.088        (17.5mi) ┃
┃   96 -    98 ┃   34 -    35 ┃ 1.24288 ± 0.00019        (35.6mi) ┃-0.46808 ± 0.00039        (47.9mi) ┃Vegas input parameters:
  ndim 7
  ncomp 1
  nvec 1
  epsrel 0
  epsabs 0
  flags 10
  seed 123456
  mineval 10000000
  maxeval 10000000
  nstart 1000000
  nincrease 1000000
  nbatch 5000
  gridno 0
  statefile ""

Iteration 1:  1000000 integrand evaluations so far
[1] 21.255 +- 0.626304  	chisq 0 (0 df)

Iteration 2:  3000000 integrand evaluations so far
[1] 20.7301 +- 0.233398  	chisq 0.815724 (1 df)

Iteration 3:  6000000 integrand evaluations so far
[1] 20.5687 +- 0.138013  	chisq 1.55059 (2 df)

Iteration 4:  10000000 integrand evaluations so far
[1] 20.6729 +- 0.0933452  	chisq 2.60138 (3 df)
  20.673 ±  0.093        (   40s) ┃  21.448 ±  0.093        ( 1.4hr) ┃
┃   96 -    98 ┃   35 -    36 ┃ 1.38128 ± 0.00077        (17.9mi) ┃-0.51375 ± 0.0001        (48.9mi) ┃Vegas input parameters:
  ndim 7
  ncomp 1
  nvec 1
  epsrel 0
  epsabs 0
  flags 10
  seed 123456
  mineval 10000000
  maxeval 10000000
  nstart 1000000
  nincrease 1000000
  nbatch 5000
  gridno 0
  statefile ""

Iteration 1:  1000000 integrand evaluations so far
[1] 20.7319 +- 0.614542  	chisq 0 (0 df)

Iteration 2:  3000000 integrand evaluations so far
[1] 20.1652 +- 0.171027  	chisq 0.921719 (1 df)

Iteration 3:  6000000 integrand evaluations so far
[1] 20.3083 +- 0.11165  	chisq 2.14203 (2 df)

Iteration 4:  10000000 integrand evaluations so far
[1] 20.3274 +- 0.0827384  	chisq 2.20726 (3 df)
  20.327 ±  0.083        ( 39.4s) ┃  21.195 ±  0.083        (1.13hr) ┃
┃   96 -    98 ┃   36 -    37 ┃   2.055 ± 0.0016        (2.28mi) ┃-0.76816 ± 0.0006        (12.6mi) ┃Vegas input parameters:
  ndim 7
  ncomp 1
  nvec 1
  epsrel 0
  epsabs 0
  flags 10
  seed 123456
  mineval 10000000
  maxeval 10000000
  nstart 1000000
  nincrease 1000000
  nbatch 5000
  gridno 0
  statefile ""

Iteration 1:  1000000 integrand evaluations so far
[1] 20.475 +- 0.603744  	chisq 0 (0 df)

Iteration 2:  3000000 integrand evaluations so far
[1] 20.2189 +- 0.17009  	chisq 0.195483 (1 df)

Iteration 3:  6000000 integrand evaluations so far
[1] 20.1854 +- 0.118105  	chisq 0.270254 (2 df)

Iteration 4:  10000000 integrand evaluations so far
[1] 20.1076 +- 0.0873394  	chisq 1.2296 (3 df)
  20.108 ±  0.087        (   41s) ┃  21.394 ±  0.087        (15.5mi) ┃
┃   96 -    98 ┃   37 -    38 ┃   1.591 ± 0.0015        (9.12mi) ┃-0.60534 ± 0.00012        (48.3mi) ┃Vegas input parameters:
  ndim 7
  ncomp 1
  nvec 1
  epsrel 0
  epsabs 0
  flags 10
  seed 123456
  mineval 10000000
  maxeval 10000000
  nstart 1000000
  nincrease 1000000
  nbatch 5000
  gridno 0
  statefile ""

Iteration 1:  1000000 integrand evaluations so far
[1] 18.5061 +- 0.57097  	chisq 0 (0 df)

Iteration 2:  3000000 integrand evaluations so far
[1] 19.8063 +- 0.167251  	chisq 5.67207 (1 df)

Iteration 3:  6000000 integrand evaluations so far
[1] 19.7244 +- 0.103398  	chisq 6.05955 (2 df)

Iteration 4:  10000000 integrand evaluations so far
[1] 19.7318 +- 0.0762011  	chisq 6.07057 (3 df)
  19.732 ±  0.076        ( 40.6s) ┃  20.717 ±  0.076        (58.1mi) ┃
┃   96 -    98 ┃   38 -    39 ┃  1.6052 ± 0.0013        (1.21mi) ┃-0.59028 ± 0.00051        (3.08mi) ┃Vegas input parameters:
  ndim 7
  ncomp 1
  nvec 1
  epsrel 0
  epsabs 0
  flags 10
  seed 123456
  mineval 10000000
  maxeval 10000000
  nstart 1000000
  nincrease 1000000
  nbatch 5000
  gridno 0
  statefile ""

Iteration 1:  1000000 integrand evaluations so far
[1] 18.7888 +- 0.574848  	chisq 0 (0 df)

Iteration 2:  3000000 integrand evaluations so far
[1] 19.5994 +- 0.165349  	chisq 2.16787 (1 df)

Iteration 3:  6000000 integrand evaluations so far
[1] 19.516 +- 0.102142  	chisq 2.57864 (2 df)

Iteration 4:  10000000 integrand evaluations so far
[1] 19.5388 +- 0.0772073  	chisq 2.69481 (3 df)
  19.539 ±  0.077        ( 38.6s) ┃  20.554 ±  0.077        (4.94mi) ┃
┃   96 -    98 ┃   39 -    40 ┃ 1.27785 ± 0.00064        (8.63mi) ┃-0.48179 ± 0.00035        (46.7mi) ┃Vegas input parameters:
  ndim 7
  ncomp 1
  nvec 1
  epsrel 0
  epsabs 0
  flags 10
  seed 123456
  mineval 10000000
  maxeval 10000000
  nstart 1000000
  nincrease 1000000
  nbatch 5000
  gridno 0
  statefile ""

Iteration 1:  1000000 integrand evaluations so far
[1] 19.1491 +- 0.573948  	chisq 0 (0 df)

Iteration 2:  3000000 integrand evaluations so far
[1] 19.3636 +- 0.162918  	chisq 0.151911 (1 df)

Iteration 3:  6000000 integrand evaluations so far
[1] 19.3622 +- 0.101  	chisq 0.152029 (2 df)

Iteration 4:  10000000 integrand evaluations so far
[1] 19.3921 +- 0.0796232  	chisq 0.382676 (3 df)
  19.392 ±   0.08        ( 39.3s) ┃  20.188 ±   0.08        (55.9mi) ┃
┃   96 -    98 ┃   40 -    41 ┃ 1.86305 ± 0.00085        (4.93mi) ┃-0.69993 ± 0.00019        (23.5mi) ┃Vegas input parameters:
  ndim 7
  ncomp 1
  nvec 1
  epsrel 0
  epsabs 0
  flags 10
  seed 123456
  mineval 10000000
  maxeval 10000000
  nstart 1000000
  nincrease 1000000
  nbatch 5000
  gridno 0
  statefile ""

Iteration 1:  1000000 integrand evaluations so far
[1] 19.7388 +- 0.580084  	chisq 0 (0 df)

Iteration 2:  3000000 integrand evaluations so far
[1] 19.1702 +- 0.161463  	chisq 1.04133 (1 df)

Iteration 3:  6000000 integrand evaluations so far
[1] 19.2299 +- 0.100102  	chisq 1.26339 (2 df)

Iteration 4:  10000000 integrand evaluations so far
[1] 19.1928 +- 0.077303  	chisq 1.60347 (3 df)
  19.193 ±  0.077        ( 40.5s) ┃  20.356 ±  0.077        (29.1mi) ┃
┃   96 -    98 ┃   41 -    42 ┃  1.3136 ±  0.001        (4.87mi) ┃-0.499733 ± 4.6e-05        (46.7mi) ┃Vegas input parameters:
  ndim 7
  ncomp 1
  nvec 1
  epsrel 0
  epsabs 0
  flags 10
  seed 123456
  mineval 10000000
  maxeval 10000000
  nstart 1000000
  nincrease 1000000
  nbatch 5000
  gridno 0
  statefile ""

Iteration 1:  1000000 integrand evaluations so far
[1] 18.9026 +- 0.56329  	chisq 0 (0 df)

Iteration 2:  3000000 integrand evaluations so far
[1] 18.6234 +- 0.157899  	chisq 0.266661 (1 df)

Iteration 3:  6000000 integrand evaluations so far
[1] 18.7573 +- 0.0982594  	chisq 1.4411 (2 df)

Iteration 4:  10000000 integrand evaluations so far
[1] 18.8492 +- 0.072473  	chisq 3.35884 (3 df)
  18.849 ±  0.072        ( 39.2s) ┃  19.663 ±  0.072        (52.2mi) ┃
┃   96 -    98 ┃   42 -    43 ┃  1.6545 ± 0.0015        (4.45mi) ┃-0.61766 ± 0.00026        (47.1mi) ┃Vegas input parameters:
  ndim 7
  ncomp 1
  nvec 1
  epsrel 0
  epsabs 0
  flags 10
  seed 123456
  mineval 10000000
  maxeval 10000000
  nstart 1000000
  nincrease 1000000
  nbatch 5000
  gridno 0
  statefile ""

Iteration 1:  1000000 integrand evaluations so far
[1] 18.5245 +- 0.553608  	chisq 0 (0 df)

Iteration 2:  3000000 integrand evaluations so far
[1] 18.3612 +- 0.15625  	chisq 0.0946102 (1 df)

Iteration 3:  6000000 integrand evaluations so far
[1] 18.5681 +- 0.103219  	chisq 3.20772 (2 df)

Iteration 4:  10000000 integrand evaluations so far
[1] 18.5686 +- 0.0773337  	chisq 3.20777 (3 df)
  18.569 ±  0.077        ( 41.4s) ┃  19.605 ±  0.077        (52.3mi) ┃
┃   96 -    98 ┃   43 -    44 ┃  2.0324 ± 0.0017        ( 2.6mi) ┃-0.749849 ± 9.1e-05        (  24mi) ┃Vegas input parameters:
  ndim 7
  ncomp 1
  nvec 1
  epsrel 0
  epsabs 0
  flags 10
  seed 123456
  mineval 10000000
  maxeval 10000000
  nstart 1000000
  nincrease 1000000
  nbatch 5000
  gridno 0
  statefile ""

Iteration 1:  1000000 integrand evaluations so far
[1] 18.4478 +- 0.552503  	chisq 0 (0 df)

Iteration 2:  3000000 integrand evaluations so far
[1] 18.2349 +- 0.155266  	chisq 0.161279 (1 df)

Iteration 3:  6000000 integrand evaluations so far
[1] 18.4677 +- 0.0967428  	chisq 3.83482 (2 df)

Iteration 4:  10000000 integrand evaluations so far
[1] 18.465 +- 0.0762687  	chisq 3.8368 (3 df)
  18.465 ±  0.076        ( 39.8s) ┃  19.748 ±  0.076        (27.2mi) ┃
┃   96 -    98 ┃   44 -    45 ┃   1.543 ± 0.0014        (8.76mi) ┃-0.58258 ± 0.00054        (11.9mi) ┃Vegas input parameters:
  ndim 7
  ncomp 1
  nvec 1
  epsrel 0
  epsabs 0
  flags 10
  seed 123456
  mineval 10000000
  maxeval 10000000
  nstart 1000000
  nincrease 1000000
  nbatch 5000
  gridno 0
  statefile ""

Iteration 1:  1000000 integrand evaluations so far
[1] 18.3676 +- 0.546272  	chisq 0 (0 df)

Iteration 2:  3000000 integrand evaluations so far
[1] 18.5233 +- 0.155718  	chisq 0.0884148 (1 df)

Iteration 3:  6000000 integrand evaluations so far
[1] 18.3678 +- 0.0958145  	chisq 1.69345 (2 df)

Iteration 4:  10000000 integrand evaluations so far
[1] 18.2288 +- 0.0735411  	chisq 6.81516 (3 df)
  18.229 ±  0.074        ( 40.8s) ┃  19.189 ±  0.074        (21.3mi) ┃
┃   96 -    98 ┃   45 -    46 ┃ 1.27272 ± 0.0006        (4.45mi) ┃-0.48118 ± 0.00033        (12.1mi) ┃Vegas input parameters:
  ndim 7
  ncomp 1
  nvec 1
  epsrel 0
  epsabs 0
  flags 10
  seed 123456
  mineval 10000000
  maxeval 10000000
  nstart 1000000
  nincrease 1000000
  nbatch 5000
  gridno 0
  statefile ""

Iteration 1:  1000000 integrand evaluations so far
[1] 18.5398 +- 0.54868  	chisq 0 (0 df)

Iteration 2:  3000000 integrand evaluations so far
[1] 18.1693 +- 0.153436  	chisq 0.494744 (1 df)

Iteration 3:  6000000 integrand evaluations so far
[1] 18.0959 +- 0.0947578  	chisq 0.865066 (2 df)

Iteration 4:  10000000 integrand evaluations so far
[1] 18.1324 +- 0.0716339  	chisq 1.2113 (3 df)
  18.132 ±  0.072        ( 41.2s) ┃  18.924 ±  0.072        (17.3mi) ┃
┃   96 -    98 ┃   46 -    47 ┃  2.0083 ± 0.0012        (9.16mi) ┃-0.75001 ± 0.00054        (24.2mi) ┃Vegas input parameters:
  ndim 7
  ncomp 1
  nvec 1
  epsrel 0
  epsabs 0
  flags 10
  seed 123456
  mineval 10000000
  maxeval 10000000
  nstart 1000000
  nincrease 1000000
  nbatch 5000
  gridno 0
  statefile ""

Iteration 1:  1000000 integrand evaluations so far
[1] 18.2457 +- 0.535818  	chisq 0 (0 df)

Iteration 2:  3000000 integrand evaluations so far
[1] 17.7013 +- 0.150219  	chisq 1.12012 (1 df)

Iteration 3:  6000000 integrand evaluations so far
[1] 17.8041 +- 0.093452  	chisq 1.88347 (2 df)

Iteration 4:  10000000 integrand evaluations so far
[1] 17.8693 +- 0.0719797  	chisq 3.07896 (3 df)
  17.869 ±  0.072        ( 41.1s) ┃  19.128 ±  0.072        (34.1mi) ┃
┃   96 -    98 ┃   47 -    48 ┃ 1.64242 ± 0.00046        (9.38mi) ┃-0.612442 ± 6.2e-05        ( 1.6hr) ┃Vegas input parameters:
  ndim 7
  ncomp 1
  nvec 1
  epsrel 0
  epsabs 0
  flags 10
  seed 123456
  mineval 10000000
  maxeval 10000000
  nstart 1000000
  nincrease 1000000
  nbatch 5000
  gridno 0
  statefile ""

Iteration 1:  1000000 integrand evaluations so far
[1] 17.9521 +- 0.529205  	chisq 0 (0 df)

Iteration 2:  3000000 integrand evaluations so far
[1] 17.5512 +- 0.149144  	chisq 0.623636 (1 df)

Iteration 3:  6000000 integrand evaluations so far
[1] 17.6257 +- 0.0924643  	chisq 1.02886 (2 df)

Iteration 4:  10000000 integrand evaluations so far
[1] 17.6306 +- 0.0705626  	chisq 1.03579 (3 df)
  17.631 ±  0.071        ( 41.2s) ┃  18.661 ±  0.071        (1.77hr) ┃
┃   96 -    98 ┃   48 -    49 ┃ 1.90482 ± 0.00023        (11.1mi) ┃-0.71525 ± 0.00023        (2.43hr) ┃Vegas input parameters:
  ndim 7
  ncomp 1
  nvec 1
  epsrel 0
  epsabs 0
  flags 10
  seed 123456
  mineval 10000000
  maxeval 10000000
  nstart 1000000
  nincrease 1000000
  nbatch 5000
  gridno 0
  statefile ""

Iteration 1:  1000000 integrand evaluations so far
[1] 18.1157 +- 0.532321  	chisq 0 (0 df)

Iteration 2:  3000000 integrand evaluations so far
[1] 17.4675 +- 0.14767  	chisq 1.60612 (1 df)

Iteration 3:  6000000 integrand evaluations so far
[1] 17.4957 +- 0.0916168  	chisq 1.66553 (2 df)

Iteration 4:  10000000 integrand evaluations so far
[1] 17.4413 +- 0.0699495  	chisq 2.51112 (3 df)
  17.441 ±   0.07        ( 40.8s) ┃  18.631 ±   0.07        (2.62hr) ┃
┃   96 -    98 ┃   49 -    50 ┃  1.6241 ± 0.0011        (4.87mi) ┃-0.60803 ± 0.00045        (12.1mi) ┃Vegas input parameters:
  ndim 7
  ncomp 1
  nvec 1
  epsrel 0
  epsabs 0
  flags 10
  seed 123456
  mineval 10000000
  maxeval 10000000
  nstart 1000000
  nincrease 1000000
  nbatch 5000
  gridno 0
  statefile ""

Iteration 1:  1000000 integrand evaluations so far
[1] 17.1811 +- 0.512486  	chisq 0 (0 df)

Iteration 2:  3000000 integrand evaluations so far
[1] 17.2838 +- 0.146491  	chisq 0.0437615 (1 df)

Iteration 3:  6000000 integrand evaluations so far
[1] 17.3437 +- 0.0909083  	chisq 0.315771 (2 df)

Iteration 4:  10000000 integrand evaluations so far
[1] 17.3971 +- 0.0671305  	chisq 1.07353 (3 df)
  17.397 ±  0.067        ( 40.5s) ┃  18.413 ±  0.067        (17.6mi) ┃
┃   96 -    98 ┃   50 -    51 ┃ 1.46168 ± 0.00086        (4.55mi) ┃-0.54893 ± 0.00032        (  24mi) ┃Vegas input parameters:
  ndim 7
  ncomp 1
  nvec 1
  epsrel 0
  epsabs 0
  flags 10
  seed 123456
  mineval 10000000
  maxeval 10000000
  nstart 1000000
  nincrease 1000000
  nbatch 5000
  gridno 0
  statefile ""

Iteration 1:  1000000 integrand evaluations so far
[1] 16.9072 +- 0.506578  	chisq 0 (0 df)

Iteration 2:  3000000 integrand evaluations so far
[1] 17.3567 +- 0.182053  	chisq 0.904247 (1 df)

Iteration 3:  6000000 integrand evaluations so far
[1] 17.3331 +- 0.108101  	chisq 0.930261 (2 df)

Iteration 4:  10000000 integrand evaluations so far
[1] 17.3216 +- 0.0741395  	chisq 0.951598 (3 df)
  17.322 ±  0.074        (   40s) ┃  18.234 ±  0.074        (29.3mi) ┃
┃   96 -    98 ┃   51 -    52 ┃ 1.55596 ± 0.00043        (4.85mi) ┃ -0.5826 ± 4.3e-06        (48.5mi) ┃Vegas input parameters:
  ndim 7
  ncomp 1
  nvec 1
  epsrel 0
  epsabs 0
  flags 10
  seed 123456
  mineval 10000000
  maxeval 10000000
  nstart 1000000
  nincrease 1000000
  nbatch 5000
  gridno 0
  statefile ""

Iteration 1:  1000000 integrand evaluations so far
[1] 17.361 +- 0.513292  	chisq 0 (0 df)

Iteration 2:  3000000 integrand evaluations so far
[1] 17.1229 +- 0.145208  	chisq 0.233757 (1 df)

Iteration 3:  6000000 integrand evaluations so far
[1] 17.1791 +- 0.0901245  	chisq 0.477184 (2 df)

Iteration 4:  10000000 integrand evaluations so far
[1] 17.1772 +- 0.0664039  	chisq 0.478129 (3 df)
  17.177 ±  0.066        ( 40.6s) ┃  18.151 ±  0.066        (  54mi) ┃
┃   96 -    98 ┃   52 -    53 ┃  1.9057 ± 0.0018        (4.62mi) ┃-0.706733 ± 9.6e-05        (24.6mi) ┃Vegas input parameters:
  ndim 7
  ncomp 1
  nvec 1
  epsrel 0
  epsabs 0
  flags 10
  seed 123456
  mineval 10000000
  maxeval 10000000
  nstart 1000000
  nincrease 1000000
  nbatch 5000
  gridno 0
  statefile ""

Iteration 1:  1000000 integrand evaluations so far
[1] 17.3447 +- 0.512008  	chisq 0 (0 df)

Iteration 2:  3000000 integrand evaluations so far
[1] 17.0312 +- 0.143796  	chisq 0.40694 (1 df)

Iteration 3:  6000000 integrand evaluations so far
[1] 17.068 +- 0.0892851  	chisq 0.513765 (2 df)

Iteration 4:  10000000 integrand evaluations so far
[1] 17.1407 +- 0.0685244  	chisq 2.12561 (3 df)
  17.141 ±  0.069        (   41s) ┃   18.34 ±  0.069        (29.9mi) ┃
┃   96 -    98 ┃   53 -    54 ┃ 1.57845 ± 0.00047        (9.16mi) ┃-0.59122 ± 0.0002        (24.9mi) ┃Vegas input parameters:
  ndim 7
  ncomp 1
  nvec 1
  epsrel 0
  epsabs 0
  flags 10
  seed 123456
  mineval 10000000
  maxeval 10000000
  nstart 1000000
  nincrease 1000000
  nbatch 5000
  gridno 0
  statefile ""

Iteration 1:  1000000 integrand evaluations so far
[1] 16.914 +- 0.503518  	chisq 0 (0 df)

Iteration 2:  3000000 integrand evaluations so far
[1] 17.1019 +- 0.144153  	chisq 0.151691 (1 df)

Iteration 3:  6000000 integrand evaluations so far
[1] 16.9828 +- 0.0888717  	chisq 1.25164 (2 df)

Iteration 4:  10000000 integrand evaluations so far
[1] 16.9685 +- 0.0653614  	chisq 1.30826 (3 df)
  16.969 ±  0.065        (   40s) ┃  17.956 ±  0.065        (34.7mi) ┃
┃   96 -    98 ┃   54 -    55 ┃ 1.30974 ± 0.00092        ( 4.8mi) ┃-0.49635 ± 0.00046        (24.4mi) ┃Vegas input parameters:
  ndim 7
  ncomp 1
  nvec 1
  epsrel 0
  epsabs 0
  flags 10
  seed 123456
  mineval 10000000
  maxeval 10000000
  nstart 1000000
  nincrease 1000000
  nbatch 5000
  gridno 0
  statefile ""

Iteration 1:  1000000 integrand evaluations so far
[1] 17.1816 +- 0.511675  	chisq 0 (0 df)

Iteration 2:  3000000 integrand evaluations so far
[1] 17.0283 +- 0.169564  	chisq 0.100797 (1 df)

Iteration 3:  6000000 integrand evaluations so far
[1] 16.9075 +- 0.101352  	chisq 0.890932 (2 df)

Iteration 4:  10000000 integrand evaluations so far
[1] 16.8727 +- 0.0713352  	chisq 1.12372 (3 df)
  16.873 ±  0.071        ( 38.9s) ┃  17.686 ±  0.071        (29.9mi) ┃
┃   96 -    98 ┃   55 -    56 ┃ 1.31404 ± 0.00083        (4.73mi) ┃-0.49422 ± 0.00049        (24.9mi) ┃Vegas input parameters:
  ndim 7
  ncomp 1
  nvec 1
  epsrel 0
  epsabs 0
  flags 10
  seed 123456
  mineval 10000000
  maxeval 10000000
  nstart 1000000
  nincrease 1000000
  nbatch 5000
  gridno 0
  statefile ""

Iteration 1:  1000000 integrand evaluations so far
[1] 16.7681 +- 0.497438  	chisq 0 (0 df)

Iteration 2:  3000000 integrand evaluations so far
[1] 16.9259 +- 0.141949  	chisq 0.10949 (1 df)

Iteration 3:  6000000 integrand evaluations so far
[1] 16.7212 +- 0.0874079  	chisq 3.45756 (2 df)

Iteration 4:  10000000 integrand evaluations so far
[1] 16.68 +- 0.0653189  	chisq 3.96027 (3 df)
   16.68 ±  0.065        ( 40.3s) ┃    17.5 ±  0.065        (30.3mi) ┃
┃   96 -    98 ┃   56 -    57 ┃  1.4345 ± 0.0011        (4.58mi) ┃-0.53922 ± 0.00045        (6.38mi) ┃Vegas input parameters:
  ndim 7
  ncomp 1
  nvec 1
  epsrel 0
  epsabs 0
  flags 10
  seed 123456
  mineval 10000000
  maxeval 10000000
  nstart 1000000
  nincrease 1000000
  nbatch 5000
  gridno 0
  statefile ""

Iteration 1:  1000000 integrand evaluations so far
[1] 17.2016 +- 0.509591  	chisq 0 (0 df)

Iteration 2:  3000000 integrand evaluations so far
[1] 16.7259 +- 0.140875  	chisq 0.943294 (1 df)

Iteration 3:  6000000 integrand evaluations so far
[1] 16.6971 +- 0.0872106  	chisq 1.01105 (2 df)

Iteration 4:  10000000 integrand evaluations so far
[1] 16.6168 +- 0.0651347  	chisq 2.93099 (3 df)
  16.617 ±  0.065        ( 40.3s) ┃  17.512 ±  0.065        (11.6mi) ┃
┃   96 -    98 ┃   57 -    58 ┃ 1.74317 ± 0.0002        (4.64mi) ┃-0.64231 ± 0.00054        (3.21mi) ┃Vegas input parameters:
  ndim 7
  ncomp 1
  nvec 1
  epsrel 0
  epsabs 0
  flags 10
  seed 123456
  mineval 10000000
  maxeval 10000000
  nstart 1000000
  nincrease 1000000
  nbatch 5000
  gridno 0
  statefile ""

Iteration 1:  1000000 integrand evaluations so far
[1] 16.2281 +- 0.489363  	chisq 0 (0 df)

Iteration 2:  3000000 integrand evaluations so far
[1] 16.6323 +- 0.139938  	chisq 0.74293 (1 df)

Iteration 3:  6000000 integrand evaluations so far
[1] 16.5033 +- 0.0865069  	chisq 2.11833 (2 df)

Iteration 4:  10000000 integrand evaluations so far
[1] 16.5086 +- 0.0698438  	chisq 2.12933 (3 df)
  16.509 ±   0.07        ( 40.9s) ┃  17.609 ±   0.07        (8.54mi) ┃
┃   96 -    98 ┃   58 -    59 ┃ 1.61635 ± 0.0001        (4.87mi) ┃-0.59993 ± 0.00039        (  13mi) ┃Vegas input parameters:
  ndim 7
  ncomp 1
  nvec 1
  epsrel 0
  epsabs 0
  flags 10
  seed 123456
  mineval 10000000
  maxeval 10000000
  nstart 1000000
  nincrease 1000000
  nbatch 5000
  gridno 0
  statefile ""

Iteration 1:  1000000 integrand evaluations so far
[1] 16.4069 +- 0.491238  	chisq 0 (0 df)

Iteration 2:  3000000 integrand evaluations so far
[1] 16.6291 +- 0.139959  	chisq 0.222633 (1 df)

Iteration 3:  6000000 integrand evaluations so far
[1] 16.5513 +- 0.095227  	chisq 0.797764 (2 df)

Iteration 4:  10000000 integrand evaluations so far
[1] 16.544 +- 0.070335  	chisq 0.810762 (3 df)
  16.544 ±   0.07        ( 40.7s) ┃   17.56 ±   0.07        (18.6mi) ┃
┃   96 -    98 ┃   59 -    60 ┃  1.2585 ± 0.0011        ( 1.2mi) ┃-0.47271 ± 0.00042        (13.1mi) ┃Vegas input parameters:
  ndim 7
  ncomp 1
  nvec 1
  epsrel 0
  epsabs 0
  flags 10
  seed 123456
  mineval 10000000
  maxeval 10000000
  nstart 1000000
  nincrease 1000000
  nbatch 5000
  gridno 0
  statefile ""

Iteration 1:  1000000 integrand evaluations so far
[1] 15.949 +- 0.480733  	chisq 0 (0 df)

Iteration 2:  3000000 integrand evaluations so far
[1] 16.4851 +- 0.152188  	chisq 1.38216 (1 df)

Iteration 3:  6000000 integrand evaluations so far
[1] 16.3994 +- 0.0924593  	chisq 1.88463 (2 df)

Iteration 4:  10000000 integrand evaluations so far
[1] 16.4274 +- 0.0695001  	chisq 2.09542 (3 df)
  16.427 ±   0.07        ( 39.7s) ┃  17.213 ±   0.07        (  15mi) ┃
┃   98 -   100 ┃   25 -    26 ┃ 1.14394 ± 0.00061        (5.04mi) ┃-0.42124 ± 0.00039        (48.1mi) ┃Vegas input parameters:
  ndim 7
  ncomp 1
  nvec 1
  epsrel 0
  epsabs 0
  flags 10
  seed 123456
  mineval 10000000
  maxeval 10000000
  nstart 1000000
  nincrease 1000000
  nbatch 5000
  gridno 0
  statefile ""

Iteration 1:  1000000 integrand evaluations so far
[1] 21.4837 +- 0.654924  	chisq 0 (0 df)

Iteration 2:  3000000 integrand evaluations so far
[1] 22.6078 +- 0.190177  	chisq 3.21703 (1 df)

Iteration 3:  6000000 integrand evaluations so far
[1] 22.6521 +- 0.124097  	chisq 3.31168 (2 df)

Iteration 4:  10000000 integrand evaluations so far
[1] 22.5408 +- 0.09159  	chisq 5.08085 (3 df)
  22.541 ±  0.092        (   40s) ┃  23.263 ±  0.092        (53.8mi) ┃
┃   98 -   100 ┃   26 -    27 ┃  1.1383 ± 0.0011        ( 48.2s) ┃-0.41496 ± 0.00012        (  12mi) ┃Vegas input parameters:
  ndim 7
  ncomp 1
  nvec 1
  epsrel 0
  epsabs 0
  flags 10
  seed 123456
  mineval 10000000
  maxeval 10000000
  nstart 1000000
  nincrease 1000000
  nbatch 5000
  gridno 0
  statefile ""

Iteration 1:  1000000 integrand evaluations so far
[1] 21.7997 +- 0.653733  	chisq 0 (0 df)

Iteration 2:  3000000 integrand evaluations so far
[1] 22.0174 +- 0.185975  	chisq 0.120609 (1 df)

Iteration 3:  6000000 integrand evaluations so far
[1] 21.9707 +- 0.121088  	chisq 0.230146 (2 df)

Iteration 4:  10000000 integrand evaluations so far
[1] 21.8443 +- 0.0891173  	chisq 2.60525 (3 df)
  21.844 ±  0.089        ( 40.5s) ┃  22.568 ±  0.089        (13.5mi) ┃
┃   98 -   100 ┃   27 -    28 ┃ 0.75683 ± 0.00063        (2.66mi) ┃-0.27868 ± 0.0002        (23.6mi) ┃Vegas input parameters:
  ndim 7
  ncomp 1
  nvec 1
  epsrel 0
  epsabs 0
  flags 10
  seed 123456
  mineval 10000000
  maxeval 10000000
  nstart 1000000
  nincrease 1000000
  nbatch 5000
  gridno 0
  statefile ""

Iteration 1:  1000000 integrand evaluations so far
[1] 22.6606 +- 0.661368  	chisq 0 (0 df)

Iteration 2:  3000000 integrand evaluations so far
[1] 21.2667 +- 0.180263  	chisq 4.79833 (1 df)

Iteration 3:  6000000 integrand evaluations so far
[1] 21.4803 +- 0.112385  	chisq 7.09331 (2 df)

Iteration 4:  10000000 integrand evaluations so far
[1] 21.4681 +- 0.0849557  	chisq 7.12073 (3 df)
  21.468 ±  0.085        ( 40.4s) ┃  21.946 ±  0.085        (26.9mi) ┃
┃   98 -   100 ┃   28 -    29 ┃ 1.07648 ± 0.00042        (2.73mi) ┃-0.39174 ± 0.00028        (47.3mi) ┃Vegas input parameters:
  ndim 7
  ncomp 1
  nvec 1
  epsrel 0
  epsabs 0
  flags 10
  seed 123456
  mineval 10000000
  maxeval 10000000
  nstart 1000000
  nincrease 1000000
  nbatch 5000
  gridno 0
  statefile ""

Iteration 1:  1000000 integrand evaluations so far
[1] 20.5325 +- 0.620222  	chisq 0 (0 df)

Iteration 2:  3000000 integrand evaluations so far
[1] 21.0882 +- 0.179043  	chisq 0.875922 (1 df)

Iteration 3:  6000000 integrand evaluations so far
[1] 21.0656 +- 0.121337  	chisq 0.905561 (2 df)

Iteration 4:  10000000 integrand evaluations so far
[1] 21.0108 +- 0.0893946  	chisq 1.35181 (3 df)
  21.011 ±  0.089        ( 39.9s) ┃  21.696 ±  0.089        (50.7mi) ┃
┃   98 -   100 ┃   29 -    30 ┃ 1.13787 ± 0.00081        (4.61mi) ┃-0.42072 ± 0.00015        (47.7mi) ┃Vegas input parameters:
  ndim 7
  ncomp 1
  nvec 1
  epsrel 0
  epsabs 0
  flags 10
  seed 123456
  mineval 10000000
  maxeval 10000000
  nstart 1000000
  nincrease 1000000
  nbatch 5000
  gridno 0
  statefile ""

Iteration 1:  1000000 integrand evaluations so far
[1] 21.6069 +- 0.643284  	chisq 0 (0 df)

Iteration 2:  3000000 integrand evaluations so far
[1] 20.5983 +- 0.175089  	chisq 2.65508 (1 df)

Iteration 3:  6000000 integrand evaluations so far
[1] 20.5899 +- 0.119256  	chisq 2.65942 (2 df)

Iteration 4:  10000000 integrand evaluations so far
[1] 20.5722 +- 0.0881814  	chisq 2.70767 (3 df)
  20.572 ±  0.088        (   39s) ┃  21.289 ±  0.088        (  53mi) ┃
┃   98 -   100 ┃   30 -    31 ┃ 1.18909 ± 0.00058        (8.91mi) ┃-0.43133 ± 0.00014        (46.9mi) ┃Vegas input parameters:
  ndim 7
  ncomp 1
  nvec 1
  epsrel 0
  epsabs 0
  flags 10
  seed 123456
  mineval 10000000
  maxeval 10000000
  nstart 1000000
  nincrease 1000000
  nbatch 5000
  gridno 0
  statefile ""

Iteration 1:  1000000 integrand evaluations so far
[1] 20.6826 +- 0.620806  	chisq 0 (0 df)

Iteration 2:  3000000 integrand evaluations so far
[1] 20.1975 +- 0.171974  	chisq 0.66159 (1 df)

Iteration 3:  6000000 integrand evaluations so far
[1] 20.2564 +- 0.117193  	chisq 0.880645 (2 df)

Iteration 4:  10000000 integrand evaluations so far
[1] 20.2999 +- 0.0911642  	chisq 1.23066 (3 df)
    20.3 ±  0.091        ( 38.3s) ┃  21.058 ±  0.091        (56.5mi) ┃
┃   98 -   100 ┃   31 -    32 ┃ 0.93219 ± 0.00093        (9.19mi) ┃-0.33991 ± 0.00012        (48.3mi) ┃Vegas input parameters:
  ndim 7
  ncomp 1
  nvec 1
  epsrel 0
  epsabs 0
  flags 10
  seed 123456
  mineval 10000000
  maxeval 10000000
  nstart 1000000
  nincrease 1000000
  nbatch 5000
  gridno 0
  statefile ""

Iteration 1:  1000000 integrand evaluations so far
[1] 20.6918 +- 0.610489  	chisq 0 (0 df)

Iteration 2:  3000000 integrand evaluations so far
[1] 19.853 +- 0.16958  	chisq 2.04559 (1 df)

Iteration 3:  6000000 integrand evaluations so far
[1] 19.9587 +- 0.105285  	chisq 2.67799 (2 df)

Iteration 4:  10000000 integrand evaluations so far
[1] 19.922 +- 0.0807616  	chisq 2.97353 (3 df)
  19.922 ±  0.081        ( 41.5s) ┃  20.514 ±  0.081        (58.1mi) ┃
┃   98 -   100 ┃   32 -    33 ┃ 0.91696 ± 0.00015        (18.3mi) ┃-0.33923 ± 0.00034        (48.9mi) ┃Vegas input parameters:
  ndim 7
  ncomp 1
  nvec 1
  epsrel 0
  epsabs 0
  flags 10
  seed 123456
  mineval 10000000
  maxeval 10000000
  nstart 1000000
  nincrease 1000000
  nbatch 5000
  gridno 0
  statefile ""

Iteration 1:  1000000 integrand evaluations so far
[1] 19.6704 +- 0.593609  	chisq 0 (0 df)

Iteration 2:  3000000 integrand evaluations so far
[1] 19.6371 +- 0.168145  	chisq 0.00341841 (1 df)

Iteration 3:  6000000 integrand evaluations so far
[1] 19.6963 +- 0.103989  	chisq 0.204053 (2 df)

Iteration 4:  10000000 integrand evaluations so far
[1] 19.6876 +- 0.0803398  	chisq 0.221663 (3 df)
  19.688 ±   0.08        ( 40.7s) ┃  20.265 ±   0.08        (1.13hr) ┃
┃   98 -   100 ┃   33 -    34 ┃  1.2541 ± 0.0011        (9.29mi) ┃ -0.4656 ± 0.0004        (3.16mi) ┃Vegas input parameters:
  ndim 7
  ncomp 1
  nvec 1
  epsrel 0
  epsabs 0
  flags 10
  seed 123456
  mineval 10000000
  maxeval 10000000
  nstart 1000000
  nincrease 1000000
  nbatch 5000
  gridno 0
  statefile ""

Iteration 1:  1000000 integrand evaluations so far
[1] 19.3564 +- 0.583031  	chisq 0 (0 df)

Iteration 2:  3000000 integrand evaluations so far
[1] 19.381 +- 0.190556  	chisq 0.00199784 (1 df)

Iteration 3:  6000000 integrand evaluations so far
[1] 19.185 +- 0.114097  	chisq 1.65234 (2 df)

Iteration 4:  10000000 integrand evaluations so far
[1] 19.2526 +- 0.0807228  	chisq 2.35539 (3 df)
  19.253 ±  0.081        ( 41.6s) ┃  20.041 ±  0.081        (13.1mi) ┃
┃   98 -   100 ┃   34 -    35 ┃ 0.98199 ± 0.00083        (2.65mi) ┃-0.36317 ± 0.00036        (24.7mi) ┃Vegas input parameters:
  ndim 7
  ncomp 1
  nvec 1
  epsrel 0
  epsabs 0
  flags 10
  seed 123456
  mineval 10000000
  maxeval 10000000
  nstart 1000000
  nincrease 1000000
  nbatch 5000
  gridno 0
  statefile ""

Iteration 1:  1000000 integrand evaluations so far
[1] 19.6801 +- 0.585708  	chisq 0 (0 df)

Iteration 2:  3000000 integrand evaluations so far
[1] 18.8315 +- 0.205299  	chisq 2.39305 (1 df)

Iteration 3:  6000000 integrand evaluations so far
[1] 18.8286 +- 0.12191  	chisq 2.39335 (2 df)

Iteration 4:  10000000 integrand evaluations so far
[1] 18.9809 +- 0.0853989  	chisq 5.45808 (3 df)
  18.981 ±  0.085        ( 40.6s) ┃    19.6 ±  0.085        (  28mi) ┃
┃   98 -   100 ┃   35 -    36 ┃ 0.80452 ± 0.00075        (18.5mi) ┃-0.29314 ± 0.00018        (6.13mi) ┃Vegas input parameters:
  ndim 7
  ncomp 1
  nvec 1
  epsrel 0
  epsabs 0
  flags 10
  seed 123456
  mineval 10000000
  maxeval 10000000
  nstart 1000000
  nincrease 1000000
  nbatch 5000
  gridno 0
  statefile ""

Iteration 1:  1000000 integrand evaluations so far
[1] 18.8096 +- 0.566483  	chisq 0 (0 df)

Iteration 2:  3000000 integrand evaluations so far
[1] 18.7556 +- 0.181587  	chisq 0.0101134 (1 df)

Iteration 3:  6000000 integrand evaluations so far
[1] 18.7314 +- 0.111721  	chisq 0.0385543 (2 df)

Iteration 4:  10000000 integrand evaluations so far
[1] 18.8089 +- 0.0804453  	chisq 1.03645 (3 df)
  18.809 ±   0.08        ( 40.6s) ┃   19.32 ±   0.08        (25.3mi) ┃
┃   98 -   100 ┃   36 -    37 ┃   1.175 ± 0.0012        (5.08mi) ┃-0.42965 ± 0.00043        (24.8mi) ┃Vegas input parameters:
  ndim 7
  ncomp 1
  nvec 1
  epsrel 0
  epsabs 0
  flags 10
  seed 123456
  mineval 10000000
  maxeval 10000000
  nstart 1000000
  nincrease 1000000
  nbatch 5000
  gridno 0
  statefile ""

Iteration 1:  1000000 integrand evaluations so far
[1] 18.9244 +- 0.565203  	chisq 0 (0 df)

Iteration 2:  3000000 integrand evaluations so far
[1] 18.6194 +- 0.158354  	chisq 0.316036 (1 df)

Iteration 3:  6000000 integrand evaluations so far
[1] 18.6744 +- 0.115214  	chisq 0.572264 (2 df)

Iteration 4:  10000000 integrand evaluations so far
[1] 18.6952 +- 0.0854895  	chisq 0.64511 (3 df)
  18.695 ±  0.085        ( 40.8s) ┃  19.441 ±  0.085        (30.5mi) ┃
┃   98 -   100 ┃   37 -    38 ┃ 1.19628 ± 0.00078        (2.45mi) ┃-0.44028 ± 0.00042        (6.28mi) ┃Vegas input parameters:
  ndim 7
  ncomp 1
  nvec 1
  epsrel 0
  epsabs 0
  flags 10
  seed 123456
  mineval 10000000
  maxeval 10000000
  nstart 1000000
  nincrease 1000000
  nbatch 5000
  gridno 0
  statefile ""

Iteration 1:  1000000 integrand evaluations so far
[1] 18.5928 +- 0.556582  	chisq 0 (0 df)

Iteration 2:  3000000 integrand evaluations so far
[1] 18.4847 +- 0.156948  	chisq 0.0410196 (1 df)

Iteration 3:  6000000 integrand evaluations so far
[1] 18.449 +- 0.0970553  	chisq 0.124632 (2 df)

Iteration 4:  10000000 integrand evaluations so far
[1] 18.4152 +- 0.0713928  	chisq 0.388468 (3 df)
  18.415 ±  0.071        ( 41.4s) ┃  19.171 ±  0.071        (9.43mi) ┃
┃   98 -   100 ┃   38 -    39 ┃ 1.17497 ± 0.00035        ( 2.7mi) ┃-0.43048 ± 0.00017        (48.2mi) ┃Vegas input parameters:
  ndim 7
  ncomp 1
  nvec 1
  epsrel 0
  epsabs 0
  flags 10
  seed 123456
  mineval 10000000
  maxeval 10000000
  nstart 1000000
  nincrease 1000000
  nbatch 5000
  gridno 0
  statefile ""

Iteration 1:  1000000 integrand evaluations so far
[1] 17.4209 +- 0.535915  	chisq 0 (0 df)

Iteration 2:  3000000 integrand evaluations so far
[1] 18.2407 +- 0.154391  	chisq 2.55178 (1 df)

Iteration 3:  6000000 integrand evaluations so far
[1] 18.1522 +- 0.0952558  	chisq 3.08227 (2 df)

Iteration 4:  10000000 integrand evaluations so far
[1] 18.1303 +- 0.0781686  	chisq 3.24482 (3 df)
   18.13 ±  0.078        ( 40.6s) ┃  18.875 ±  0.078        (51.6mi) ┃
┃   98 -   100 ┃   39 -    40 ┃ 0.76193 ± 0.00019        (9.52mi) ┃-0.277341 ± 5.8e-05        (46.9mi) ┃Vegas input parameters:
  ndim 7
  ncomp 1
  nvec 1
  epsrel 0
  epsabs 0
  flags 10
  seed 123456
  mineval 10000000
  maxeval 10000000
  nstart 1000000
  nincrease 1000000
  nbatch 5000
  gridno 0
  statefile ""

Iteration 1:  1000000 integrand evaluations so far
[1] 16.8261 +- 0.522683  	chisq 0 (0 df)

Iteration 2:  3000000 integrand evaluations so far
[1] 17.8128 +- 0.151614  	chisq 3.89056 (1 df)

Iteration 3:  6000000 integrand evaluations so far
[1] 17.8315 +- 0.094081  	chisq 3.91529 (2 df)

Iteration 4:  10000000 integrand evaluations so far
[1] 17.8549 +- 0.074231  	chisq 4.07878 (3 df)
  17.855 ±  0.074        ( 39.4s) ┃  18.339 ±  0.074        (  57mi) ┃
┃   98 -   100 ┃   40 -    41 ┃ 1.04926 ± 0.00053        (   9mi) ┃-0.38828 ± 0.00019        (47.4mi) ┃Vegas input parameters:
  ndim 7
  ncomp 1
  nvec 1
  epsrel 0
  epsabs 0
  flags 10
  seed 123456
  mineval 10000000
  maxeval 10000000
  nstart 1000000
  nincrease 1000000
  nbatch 5000
  gridno 0
  statefile ""

Iteration 1:  1000000 integrand evaluations so far
[1] 18.0744 +- 0.538561  	chisq 0 (0 df)

Iteration 2:  3000000 integrand evaluations so far
[1] 17.7417 +- 0.15098  	chisq 0.414355 (1 df)

Iteration 3:  6000000 integrand evaluations so far
[1] 17.8227 +- 0.0937349  	chisq 0.88343 (2 df)

Iteration 4:  10000000 integrand evaluations so far
[1] 17.7986 +- 0.0702516  	chisq 1.03392 (3 df)
  17.799 ±   0.07        ( 40.9s) ┃   18.46 ±   0.07        (57.1mi) ┃
┃   98 -   100 ┃   41 -    42 ┃  1.1402 ± 0.0011        ( 41.9s) ┃ -0.4192 ± 0.0004        (11.8mi) ┃Vegas input parameters:
  ndim 7
  ncomp 1
  nvec 1
  epsrel 0
  epsabs 0
  flags 10
  seed 123456
  mineval 10000000
  maxeval 10000000
  nstart 1000000
  nincrease 1000000
  nbatch 5000
  gridno 0
  statefile ""

Iteration 1:  1000000 integrand evaluations so far
[1] 17.54 +- 0.525706  	chisq 0 (0 df)

Iteration 2:  3000000 integrand evaluations so far
[1] 17.4903 +- 0.148699  	chisq 0.00972083 (1 df)

Iteration 3:  6000000 integrand evaluations so far
[1] 17.4069 +- 0.0934252  	chisq 0.529416 (2 df)

Iteration 4:  10000000 integrand evaluations so far
[1] 17.4554 +- 0.0713831  	chisq 1.17569 (3 df)
  17.455 ±  0.071        ( 40.9s) ┃  18.176 ±  0.071        (13.2mi) ┃
┃   98 -   100 ┃   42 -    43 ┃ 0.85898 ± 0.00017        (8.86mi) ┃-0.32069 ± 0.00024        (11.8mi) ┃Vegas input parameters:
  ndim 7
  ncomp 1
  nvec 1
  epsrel 0
  epsabs 0
  flags 10
  seed 123456
  mineval 10000000
  maxeval 10000000
  nstart 1000000
  nincrease 1000000
  nbatch 5000
  gridno 0
  statefile ""

Iteration 1:  1000000 integrand evaluations so far
[1] 17.4396 +- 0.524856  	chisq 0 (0 df)

Iteration 2:  3000000 integrand evaluations so far
[1] 17.0787 +- 0.145862  	chisq 0.512282 (1 df)

Iteration 3:  6000000 integrand evaluations so far
[1] 17.2181 +- 0.0907785  	chisq 2.00224 (2 df)

Iteration 4:  10000000 integrand evaluations so far
[1] 17.2203 +- 0.0694329  	chisq 2.00371 (3 df)
   17.22 ±  0.069        ( 40.2s) ┃  17.759 ±  0.069        (21.3mi) ┃
┃   98 -   100 ┃   43 -    44 ┃  1.4001 ± 0.0013        (5.06mi) ┃ -0.4995 ± 0.00016        (6.12mi) ┃Vegas input parameters:
  ndim 7
  ncomp 1
  nvec 1
  epsrel 0
  epsabs 0
  flags 10
  seed 123456
  mineval 10000000
  maxeval 10000000
  nstart 1000000
  nincrease 1000000
  nbatch 5000
  gridno 0
  statefile ""

Iteration 1:  1000000 integrand evaluations so far
[1] 17.1318 +- 0.515867  	chisq 0 (0 df)

Iteration 2:  3000000 integrand evaluations so far
[1] 17.0413 +- 0.145629  	chisq 0.033442 (1 df)

Iteration 3:  6000000 integrand evaluations so far
[1] 17.22 +- 0.0982108  	chisq 2.79287 (2 df)

Iteration 4:  10000000 integrand evaluations so far
[1] 17.1085 +- 0.0720165  	chisq 5.57916 (3 df)
  17.109 ±  0.072        ( 39.9s) ┃  18.009 ±  0.072        (11.8mi) ┃
┃   98 -   100 ┃   44 -    45 ┃ 1.07624 ± 0.00054        (8.76mi) ┃-0.39526 ± 0.00025        (24.2mi) ┃Vegas input parameters:
  ndim 7
  ncomp 1
  nvec 1
  epsrel 0
  epsabs 0
  flags 10
  seed 123456
  mineval 10000000
  maxeval 10000000
  nstart 1000000
  nincrease 1000000
  nbatch 5000
  gridno 0
  statefile ""

Iteration 1:  1000000 integrand evaluations so far
[1] 16.5311 +- 0.501762  	chisq 0 (0 df)

Iteration 2:  3000000 integrand evaluations so far
[1] 16.7092 +- 0.143572  	chisq 0.137281 (1 df)

Iteration 3:  6000000 integrand evaluations so far
[1] 16.9673 +- 0.0894597  	chisq 5.42058 (2 df)

Iteration 4:  10000000 integrand evaluations so far
[1] 16.8727 +- 0.0656197  	chisq 7.84038 (3 df)
  16.873 ±  0.066        ( 40.9s) ┃  17.554 ±  0.066        (33.6mi) ┃
┃   98 -   100 ┃   45 -    46 ┃ 0.93577 ± 0.00054        (4.54mi) ┃-0.34876 ± 0.00015        (5.99mi) ┃Vegas input parameters:
  ndim 7
  ncomp 1
  nvec 1
  epsrel 0
  epsabs 0
  flags 10
  seed 123456
  mineval 10000000
  maxeval 10000000
  nstart 1000000
  nincrease 1000000
  nbatch 5000
  gridno 0
  statefile ""

Iteration 1:  1000000 integrand evaluations so far
[1] 17.5855 +- 0.516737  	chisq 0 (0 df)

Iteration 2:  3000000 integrand evaluations so far
[1] 16.7859 +- 0.143054  	chisq 2.59372 (1 df)

Iteration 3:  6000000 integrand evaluations so far
[1] 16.6843 +- 0.0916606  	chisq 3.44808 (2 df)

Iteration 4:  10000000 integrand evaluations so far
[1] 16.7053 +- 0.0689546  	chisq 3.56897 (3 df)
  16.705 ±  0.069        ( 38.3s) ┃  17.292 ±  0.069        (11.2mi) ┃
┃   98 -   100 ┃   46 -    47 ┃ 0.93961 ± 0.00054        (4.33mi) ┃-0.34618 ± 0.00021        (   6mi) ┃Vegas input parameters:
  ndim 7
  ncomp 1
  nvec 1
  epsrel 0
  epsabs 0
  flags 10
  seed 123456
  mineval 10000000
  maxeval 10000000
  nstart 1000000
  nincrease 1000000
  nbatch 5000
  gridno 0
  statefile ""

Iteration 1:  1000000 integrand evaluations so far
[1] 16.5152 +- 0.499117  	chisq 0 (0 df)

Iteration 2:  3000000 integrand evaluations so far
[1] 16.8701 +- 0.141687  	chisq 0.549789 (1 df)

Iteration 3:  6000000 integrand evaluations so far
[1] 16.6612 +- 0.0911055  	chisq 4.2575 (2 df)

Iteration 4:  10000000 integrand evaluations so far
[1] 16.6713 +- 0.0674191  	chisq 4.28511 (3 df)
  16.671 ±  0.067        ( 35.7s) ┃  17.265 ±  0.067        (10.9mi) ┃
┃   98 -   100 ┃   47 -    48 ┃ 1.38405 ± 0.00083        (9.27mi) ┃-0.50486 ± 0.00021        (47.3mi) ┃Vegas input parameters:
  ndim 7
  ncomp 1
  nvec 1
  epsrel 0
  epsabs 0
  flags 10
  seed 123456
  mineval 10000000
  maxeval 10000000
  nstart 1000000
  nincrease 1000000
  nbatch 5000
  gridno 0
  statefile ""

Iteration 1:  1000000 integrand evaluations so far
[1] 17.2333 +- 0.503346  	chisq 0 (0 df)

Iteration 2:  3000000 integrand evaluations so far
[1] 16.5086 +- 0.139701  	chisq 2.24599 (1 df)

Iteration 3:  6000000 integrand evaluations so far
[1] 16.4092 +- 0.0863781  	chisq 3.0659 (2 df)

Iteration 4:  10000000 integrand evaluations so far
[1] 16.4585 +- 0.0668331  	chisq 3.87763 (3 df)
  16.458 ±  0.067        ( 39.5s) ┃  17.338 ±  0.067        (57.2mi) ┃
┃   98 -   100 ┃   48 -    49 ┃ 1.02868 ± 4.4e-05        (17.4mi) ┃ -0.3771 ± 0.00024        (11.8mi) ┃Vegas input parameters:
  ndim 7
  ncomp 1
  nvec 1
  epsrel 0
  epsabs 0
  flags 10
  seed 123456
  mineval 10000000
  maxeval 10000000
  nstart 1000000
  nincrease 1000000
  nbatch 5000
  gridno 0
  statefile ""

Iteration 1:  1000000 integrand evaluations so far
[1] 16.2522 +- 0.485636  	chisq 0 (0 df)

Iteration 2:  3000000 integrand evaluations so far
[1] 16.1739 +- 0.138168  	chisq 0.0282497 (1 df)

Iteration 3:  6000000 integrand evaluations so far
[1] 16.1573 +- 0.0855481  	chisq 0.0517107 (2 df)

Iteration 4:  10000000 integrand evaluations so far
[1] 16.2002 +- 0.0631201  	chisq 0.603753 (3 df)
    16.2 ±  0.063        ( 38.8s) ┃  16.852 ±  0.063        (29.8mi) ┃
┃   98 -   100 ┃   49 -    50 ┃  1.3062 ± 0.0011        (2.43mi) ┃-0.47944 ± 0.00026        (17.9mi) ┃Vegas input parameters:
  ndim 7
  ncomp 1
  nvec 1
  epsrel 0
  epsabs 0
  flags 10
  seed 123456
  mineval 10000000
  maxeval 10000000
  nstart 1000000
  nincrease 1000000
  nbatch 5000
  gridno 0
  statefile ""

Iteration 1:  1000000 integrand evaluations so far
[1] 16.2746 +- 0.484933  	chisq 0 (0 df)

Iteration 2:  3000000 integrand evaluations so far
[1] 16.3672 +- 0.13841  	chisq 0.0396689 (1 df)

Iteration 3:  6000000 integrand evaluations so far
[1] 16.3137 +- 0.0895008  	chisq 0.296801 (2 df)

Iteration 4:  10000000 integrand evaluations so far
[1] 16.2887 +- 0.0660055  	chisq 0.467536 (3 df)
  16.289 ±  0.066        ( 39.5s) ┃  17.115 ±  0.066        (  21mi) ┃
┃   98 -   100 ┃   50 -    51 ┃ 0.98091 ± 0.00072        (2.31mi) ┃-0.36167 ± 0.00026        (3.03mi) ┃Vegas input parameters:
  ndim 7
  ncomp 1
  nvec 1
  epsrel 0
  epsabs 0
  flags 10
  seed 123456
  mineval 10000000
  maxeval 10000000
  nstart 1000000
  nincrease 1000000
  nbatch 5000
  gridno 0
  statefile ""

Iteration 1:  1000000 integrand evaluations so far
[1] 15.6024 +- 0.474375  	chisq 0 (0 df)

Iteration 2:  3000000 integrand evaluations so far
[1] 15.9903 +- 0.136052  	chisq 0.728562 (1 df)

Iteration 3:  6000000 integrand evaluations so far
[1] 16.0321 +- 0.0845035  	chisq 0.881964 (2 df)

Iteration 4:  10000000 integrand evaluations so far
[1] 16.0219 +- 0.0621891  	chisq 0.913419 (3 df)
  16.022 ±  0.062        ( 39.4s) ┃  16.641 ±  0.062        (5.99mi) ┃
┃   98 -   100 ┃   51 -    52 ┃ 0.99762 ± 0.00067        (4.05mi) ┃-0.36712 ± 0.00026        (20.4mi) ┃Vegas input parameters:
  ndim 7
  ncomp 1
  nvec 1
  epsrel 0
  epsabs 0
  flags 10
  seed 123456
  mineval 10000000
  maxeval 10000000
  nstart 1000000
  nincrease 1000000
  nbatch 5000
  gridno 0
  statefile ""

Iteration 1:  1000000 integrand evaluations so far
[1] 15.9289 +- 0.474891  	chisq 0 (0 df)

Iteration 2:  3000000 integrand evaluations so far
[1] 15.9487 +- 0.135574  	chisq 0.00189065 (1 df)

Iteration 3:  6000000 integrand evaluations so far
[1] 15.8783 +- 0.089729  	chisq 0.48221 (2 df)

Iteration 4:  10000000 integrand evaluations so far
[1] 15.8766 +- 0.0663986  	chisq 0.483011 (3 df)
  15.877 ±  0.066        ( 39.5s) ┃  16.507 ±  0.066        (25.1mi) ┃
┃   98 -   100 ┃   52 -    53 ┃ 1.10483 ± 0.0007        ( 41.4s) ┃-0.40544 ± 0.00011        (  12mi) ┃Vegas input parameters:
  ndim 7
  ncomp 1
  nvec 1
  epsrel 0
  epsabs 0
  flags 10
  seed 123456
  mineval 10000000
  maxeval 10000000
  nstart 1000000
  nincrease 1000000
  nbatch 5000
  gridno 0
  statefile ""

Iteration 1:  1000000 integrand evaluations so far
[1] 16.1062 +- 0.476658  	chisq 0 (0 df)

Iteration 2:  3000000 integrand evaluations so far
[1] 15.6833 +- 0.133749  	chisq 0.854242 (1 df)

Iteration 3:  6000000 integrand evaluations so far
[1] 15.7592 +- 0.0832163  	chisq 1.3801 (2 df)

Iteration 4:  10000000 integrand evaluations so far
[1] 15.7595 +- 0.0613305  	chisq 1.38012 (3 df)
  15.759 ±  0.061        ( 39.2s) ┃  16.459 ±  0.061        (13.4mi) ┃
┃   98 -   100 ┃   53 -    54 ┃  1.2783 ± 0.0012        ( 40.3s) ┃-0.46174 ± 0.00033        (6.09mi) ┃Vegas input parameters:
  ndim 7
  ncomp 1
  nvec 1
  epsrel 0
  epsabs 0
  flags 10
  seed 123456
  mineval 10000000
  maxeval 10000000
  nstart 1000000
  nincrease 1000000
  nbatch 5000
  gridno 0
  statefile ""

Iteration 1:  1000000 integrand evaluations so far
[1] 15.6986 +- 0.472363  	chisq 0 (0 df)

Iteration 2:  3000000 integrand evaluations so far
[1] 15.5213 +- 0.133038  	chisq 0.15293 (1 df)

Iteration 3:  6000000 integrand evaluations so far
[1] 15.6329 +- 0.0826245  	chisq 1.29841 (2 df)

Iteration 4:  10000000 integrand evaluations so far
[1] 15.7034 +- 0.0630636  	chisq 3.04427 (3 df)
  15.703 ±  0.063        ( 38.9s) ┃   16.52 ±  0.063        (7.41mi) ┃
┃   98 -   100 ┃   54 -    55 ┃ 0.92699 ± 0.00078        ( 7.4mi) ┃-0.34441 ± 0.00014        (9.25mi) ┃Vegas input parameters:
  ndim 7
  ncomp 1
  nvec 1
  epsrel 0
  epsabs 0
  flags 10
  seed 123456
  mineval 10000000
  maxeval 10000000
  nstart 1000000
  nincrease 1000000
  nbatch 5000
  gridno 0
  statefile ""

Iteration 1:  1000000 integrand evaluations so far
[1] 15.6589 +- 0.46859  	chisq 0 (0 df)

Iteration 2:  3000000 integrand evaluations so far
[1] 15.5466 +- 0.132134  	chisq 0.0623796 (1 df)

Iteration 3:  6000000 integrand evaluations so far
[1] 15.5229 +- 0.082026  	chisq 0.114938 (2 df)

Iteration 4:  10000000 integrand evaluations so far
[1] 15.5297 +- 0.0604054  	chisq 0.130035 (3 df)
   15.53 ±   0.06        ( 38.9s) ┃  16.112 ±   0.06        (17.3mi) ┃
┃   98 -   100 ┃   55 -    56 ┃ 0.87178 ± 0.00058        (2.39mi) ┃-0.32296 ± 0.00023        (23.7mi) ┃Vegas input parameters:
  ndim 7
  ncomp 1
  nvec 1
  epsrel 0
  epsabs 0
  flags 10
  seed 123456
  mineval 10000000
  maxeval 10000000
  nstart 1000000
  nincrease 1000000
  nbatch 5000
  gridno 0
  statefile ""

Iteration 1:  1000000 integrand evaluations so far
[1] 15.5511 +- 0.469783  	chisq 0 (0 df)

Iteration 2:  3000000 integrand evaluations so far
[1] 15.6482 +- 0.132045  	chisq 0.0463523 (1 df)

Iteration 3:  6000000 integrand evaluations so far
[1] 15.4513 +- 0.0813924  	chisq 3.62937 (2 df)

Iteration 4:  10000000 integrand evaluations so far
[1] 15.4365 +- 0.0612231  	chisq 3.70605 (3 df)
  15.436 ±  0.061        ( 38.4s) ┃  15.985 ±  0.061        (26.7mi) ┃
┃   98 -   100 ┃   56 -    57 ┃ 0.89428 ± 0.00011        (4.51mi) ┃-0.32278 ± 0.00026        (3.18mi) ┃Vegas input parameters:
  ndim 7
  ncomp 1
  nvec 1
  epsrel 0
  epsabs 0
  flags 10
  seed 123456
  mineval 10000000
  maxeval 10000000
  nstart 1000000
  nincrease 1000000
  nbatch 5000
  gridno 0
  statefile ""

Iteration 1:  1000000 integrand evaluations so far
[1] 15.5052 +- 0.463229  	chisq 0 (0 df)

Iteration 2:  3000000 integrand evaluations so far
[1] 15.4712 +- 0.131061  	chisq 0.00588335 (1 df)

Iteration 3:  6000000 integrand evaluations so far
[1] 15.388 +- 0.0830522  	chisq 0.678862 (2 df)

Iteration 4:  10000000 integrand evaluations so far
[1] 15.3462 +- 0.0615298  	chisq 1.23984 (3 df)
  15.346 ±  0.062        ( 38.8s) ┃  15.918 ±  0.062        (8.34mi) ┃
┃   98 -   100 ┃   57 -    58 ┃ 0.99404 ± 0.00073        (4.46mi) ┃-0.36627 ± 0.00036        (20.4mi) ┃Vegas input parameters:
  ndim 7
  ncomp 1
  nvec 1
  epsrel 0
  epsabs 0
  flags 10
  seed 123456
  mineval 10000000
  maxeval 10000000
  nstart 1000000
  nincrease 1000000
  nbatch 5000
  gridno 0
  statefile ""

Iteration 1:  1000000 integrand evaluations so far
[1] 16.0797 +- 0.477372  	chisq 0 (0 df)

Iteration 2:  3000000 integrand evaluations so far
[1] 15.4148 +- 0.148935  	chisq 2.14882 (1 df)

Iteration 3:  6000000 integrand evaluations so far
[1] 15.3207 +- 0.0897716  	chisq 2.77683 (2 df)

Iteration 4:  10000000 integrand evaluations so far
[1] 15.3921 +- 0.0660344  	chisq 4.15564 (3 df)
  15.392 ±  0.066        (   36s) ┃   16.02 ±  0.066        (25.5mi) ┃
┃   98 -   100 ┃   58 -    59 ┃ 1.22205 ± 0.00086        (1.73mi) ┃-0.44202 ± 0.00033        (20.8mi) ┃Vegas input parameters:
  ndim 7
  ncomp 1
  nvec 1
  epsrel 0
  epsabs 0
  flags 10
  seed 123456
  mineval 10000000
  maxeval 10000000
  nstart 1000000
  nincrease 1000000
  nbatch 5000
  gridno 0
  statefile ""

Iteration 1:  1000000 integrand evaluations so far
[1] 14.7884 +- 0.451324  	chisq 0 (0 df)

Iteration 2:  3000000 integrand evaluations so far
[1] 15.3212 +- 0.130137  	chisq 1.52016 (1 df)

Iteration 3:  6000000 integrand evaluations so far
[1] 15.2034 +- 0.0834109  	chisq 2.91192 (2 df)

Iteration 4:  10000000 integrand evaluations so far
[1] 15.1408 +- 0.0613412  	chisq 4.13578 (3 df)
  15.141 ±  0.061        (   38s) ┃  15.921 ±  0.061        (23.1mi) ┃
┃   98 -   100 ┃   59 -    60 ┃ 0.95156 ± 0.00012        (3.49mi) ┃-0.34821 ± 0.0002        (9.21mi) ┃Vegas input parameters:
  ndim 7
  ncomp 1
  nvec 1
  epsrel 0
  epsabs 0
  flags 10
  seed 123456
  mineval 10000000
  maxeval 10000000
  nstart 1000000
  nincrease 1000000
  nbatch 5000
  gridno 0
  statefile ""

Iteration 1:  1000000 integrand evaluations so far
[1] 14.9997 +- 0.451115  	chisq 0 (0 df)

Iteration 2:  3000000 integrand evaluations so far
[1] 15.1692 +- 0.129608  	chisq 0.153923 (1 df)

Iteration 3:  6000000 integrand evaluations so far
[1] 15.1939 +- 0.0834874  	chisq 0.215904 (2 df)

Iteration 4:  10000000 integrand evaluations so far
[1] 15.1476 +- 0.061445  	chisq 0.887099 (3 df)
  15.148 ±  0.061        (   38s) ┃  15.751 ±  0.061        (13.3mi) ┃
┣━━━━━━━━━━━━━━╋━━━━━━━━━━━━━━╋━━━━━━━━━━━━━━━━━━━━━━━━━━━━━━━━━━╋━━━━━━━━━━━━━━━━━━━━━━━━━━━━━━━━━━╋━━━━━━━━━━━━━━━━━━━━━━━━━━━━━━━━━━╋━━━━━━━━━━━━━━━━━━━━━━━━━━━━━━━━━━┫
┃   96 -   100 ┃   25 -    60 ┃ 92.5597 ± 0.0076        (7.37hr) ┃ -34.355 ± 0.0028        (31.4hr) ┃ 1.29341 ± 0.00064 ·10⁺⁰³ (46.5mi) ┃ 1.35161 ± 0.00064 ·10⁺⁰³ (39.6hr) ┃
┗━━━━━━━━━━━━━━┻━━━━━━━━━━━━━━┻━━━━━━━━━━━━━━━━━━━━━━━━━━━━━━━━━━┻━━━━━━━━━━━━━━━━━━━━━━━━━━━━━━━━━━┻━━━━━━━━━━━━━━━━━━━━━━━━━━━━━━━━━━┻━━━━━━━━━━━━━━━━━━━━━━━━━━━━━━━━━━┛

╍╍╍╍╍╍╍╍╍╍╍╍╍╍╍╍╍╍╍╍╍╍╍╍╍╍╍╍╍╍╍╍ Summary ╍╍╍╍╍╍╍╍╍╍╍╍╍╍╍╍╍╍╍╍╍╍╍╍╍╍╍╍╍╍╍
      Total cross section                    1.35161 ± 0.00064          pb
         Calculation time                               39.6       hours
              Output file                    outputs/qt_qt96_100_NLL_muR2.0_muF1.0.root            
      Result in text file                    outputs/qt_qt96_100_NLL_muR2.0_muF1.0.txt            

╍╍╍╍╍╍╍╍╍╍╍╍╍╍╍╍╍╍╍╍╍╍╍╍╍╍╍╍╍╍╍╍╍╍╍╍╍╍╍╍╍╍╍╍╍╍╍╍╍╍╍╍╍╍╍╍╍╍╍╍╍╍╍╍╍╍╍╍╍╍╍╍

