
╍╍╍╍╍╍╍╍╍╍╍╍╍╍╍╍╍╍╍╍╍╍╍╍╍╍╍ Process settings ╍╍╍╍╍╍╍╍╍╍╍╍╍╍╍╍╍╍╍╍╍╍╍╍╍╍╍
   proton-proton collisions at sqrt(s) = 13000 GeV 
   Computing NLO+NLL resummed cross section
   W+ ->  nu(p3)+e+(p4) production 

╍╍╍╍╍╍╍╍╍╍╍╍╍╍╍╍╍╍╍╍╍╍╍╍╍╍╍╍╍╍ CKM matrix ╍╍╍╍╍╍╍╍╍╍╍╍╍╍╍╍╍╍╍╍╍╍╍╍╍╍╍╍╍╍
     | Vud Vus Vub |   |   0.97427   0.2253  0.00351 | 
     | Vcd Vcs Vcb | = |    0.2252  0.97344   0.0412 | 
     | Vtd Vts Vtb |   |         0        0        0 | 

╍╍╍╍╍╍╍╍╍╍╍╍╍╍╍╍╍╍╍╍╍╍╍╍╍╍╍╍╍ EW parameters ╍╍╍╍╍╍╍╍╍╍╍╍╍╍╍╍╍╍╍╍╍╍╍╍╍╍╍╍
                                         Gf =  1.1663787e-05      GeV^-2
                                    1/alpha =  132.233229791            
                                 sin(thW)^2 = 0.222897222524            
                                     W mass =         80.385         GeV
                                     Z mass =        91.1876         GeV
                                    W width =          2.091         GeV
                                    Z width =          2.495         GeV

╍╍╍╍╍╍╍╍╍╍╍╍╍╍╍╍╍╍╍╍╍╍╍╍╍╍╍╍╍ QCD settings ╍╍╍╍╍╍╍╍╍╍╍╍╍╍╍╍╍╍╍╍╍╍╍╍╍╍╍╍╍
   Renormalization scale:     dynamic muren =              1      * m_ll
     Factorization scale:     dynamic mufac =            0.5      * m_ll
       Resummation scale:     dynamic mures =              1      * m_ll
          Strong coupling       alpha_s(MZ) =       0.118001            
                              running order =              2       -loop
         Non-perturbative     form factor g =            0.7       GeV^2

╍╍╍╍╍╍╍╍╍╍╍╍╍╍╍╍╍╍╍╍╍╍╍╍╍╍╍╍╍ PDF settings ╍╍╍╍╍╍╍╍╍╍╍╍╍╍╍╍╍╍╍╍╍╍╍╍╍╍╍╍╍
                                     PDF set:MSHT20nnlo_as118            
                                  PDF member:              0            
  Mellin moments of PDFs:                    Numerical integration            
                         nodes for the quadrature:            200            
                         Intervals for the quadrature:              1            

╍╍╍╍╍╍╍╍╍╍╍╍╍╍╍╍╍╍╍╍╍╍╍╍╍╍╍╍╍╍╍ qT recoil ╍╍╍╍╍╍╍╍╍╍╍╍╍╍╍╍╍╍╍╍╍╍╍╍╍╍╍╍╍╍
  qt-recoil prescription:       Collins-Soper kt1 = p_V(x)/2; kt2 = p_V(y)/2            

╍╍╍╍╍╍╍╍╍╍╍╍╍╍╍╍╍╍╍╍╍╍╍╍╍╍╍╍╍╍╍╍╍ Cuts ╍╍╍╍╍╍╍╍╍╍╍╍╍╍╍╍╍╍╍╍╍╍╍╍╍╍╍╍╍╍╍╍╍
                                  apply cuts:           true            
                                      pt_l >               0            
                                   |eta_l| <            1000            
                                    pt_lep >              25            
                                 |eta_lep| <             2.4            
                                   pt_alep >              25            
                                |eta_alep| <             2.4            
                                  user cuts:            true            

╍╍╍╍╍╍╍╍╍╍╍╍╍╍╍╍╍╍╍╍╍╍╍╍╍╍╍╍ ResummationDamp ╍╍╍╍╍╍╍╍╍╍╍╍╍╍╍╍╍╍╍╍╍╍╍╍╍╍╍
                                    damping :             on            
                                damping mode:              1            
                                  damp above:        60.2888         GeV
                               damping width:        20.0963         GeV
                          resummation cutoff:             20         MeV

╍╍╍╍╍╍╍╍╍╍╍╍╍╍╍╍╍╍╍╍╍╍╍╍╍╍╍╍ Debug settings ╍╍╍╍╍╍╍╍╍╍╍╍╍╍╍╍╍╍╍╍╍╍╍╍╍╍╍╍
                                 timeprofile:          false            
                                     verbose:          false            
                               cubaverbosity:              2            

╍╍╍╍╍╍╍╍╍╍╍╍╍╍╍╍╍╍╍╍╍╍╍╍╍╍╍╍╍╍╍╍╍╍╍╍╍╍╍╍╍╍╍╍╍╍╍╍╍╍╍╍╍╍╍╍╍╍╍╍╍╍╍╍╍╍╍╍╍╍╍╍

Warning: Histogram `a1_qt` contains non-integrable observable and will be deleted 
Warning: Histogram `a1_qt_vs_y` contains non-integrable observable and will be deleted 
Warning: Histogram `s_biganswer` contains non-integrable observable and will be deleted 
Warning: Histogram `wgt_a1_qt` contains non-integrable observable and will be deleted 

╍╍╍╍╍╍╍╍╍╍╍╍╍╍╍╍╍╍╍╍╍╍╍╍╍ Integration settings ╍╍╍╍╍╍╍╍╍╍╍╍╍╍╍╍╍╍╍╍╍╍╍╍╍
             Random seeds              123456                           
           Parallel cores                   1                           

             Resummation:     cuhre (dm, dpt)         iter =           5
                                   gauss (dy)        nodes =          64
                                                 intervals =           1
            Counter term:      cuhre (dm, dy)         iter =           5
                                  gauss (dpt)        nodes =          20
                                                 intervals =           5
                     V+J:            vegas 7D       ncalls =    10000000

Mellin inverse transform:           gaussian         nodes =          30
                                                 intervals =           1
                               imaginary axis         zmax =           2
  Angular variable costh:     semi-analytical      ncstart =         100
   Angular variables phi:            gaussian    intervals =          20

      Constant boundaries                  q2          low =          80
                                                      high =         100
                                            y          low =          -6
                                                      high =           6
                                        costh          low =          -1
                                                      high =           1
                                       eta(l)          low =         -10
                                                      high =          10

┏━━━━━━━━━━━━━━┰━━━━━━━━━━━━━━┰━━━━━━━━━━━━━━━━━━━━━━━━━━━━━━━━━━┰━━━━━━━━━━━━━━━━━━━━━━━━━━━━━━━━━━┰━━━━━━━━━━━━━━━━━━━━━━━━━━━━━━━━━━┰━━━━━━━━━━━━━━━━━━━━━━━━━━━━━━━━━━┓
┃           qT ┃        pT(l) ┃                      Resummation ┃                     Counter term ┃                              V+J ┃                            TOTAL ┃
┣━━━━━━━━━━━━━━╋━━━━━━━━━━━━━━╋━━━━━━━━━━━━━━━━━━━━━━━━━━━━━━━━━━╋━━━━━━━━━━━━━━━━━━━━━━━━━━━━━━━━━━╋━━━━━━━━━━━━━━━━━━━━━━━━━━━━━━━━━━╋━━━━━━━━━━━━━━━━━━━━━━━━━━━━━━━━━━┫
┃   96 -    98 ┃   25 -    26 ┃ 1.37554 ± 0.00033        (15.8mi) ┃-0.71261 ± 0.00025        (1.59hr) ┃Vegas input parameters:
  ndim 7
  ncomp 1
  nvec 1
  epsrel 0
  epsabs 0
  flags 10
  seed 123456
  mineval 10000000
  maxeval 10000000
  nstart 1000000
  nincrease 1000000
  nbatch 5000
  gridno 0
  statefile ""

Iteration 1:  1000000 integrand evaluations so far
[1] 25.9509 +- 0.757231  	chisq 0 (0 df)

Iteration 2:  3000000 integrand evaluations so far
[1] 25.6211 +- 0.212131  	chisq 0.205871 (1 df)

Iteration 3:  6000000 integrand evaluations so far
[1] 25.5671 +- 0.138466  	chisq 0.318446 (2 df)

Iteration 4:  10000000 integrand evaluations so far
[1] 25.4698 +- 0.102222  	chisq 1.40451 (3 df)
   25.47 ±    0.1        ( 38.7s) ┃   26.13 ±    0.1        (1.86hr) ┃
┃   96 -    98 ┃   26 -    27 ┃  1.4209 ± 0.0011        (4.23mi) ┃-0.72464 ± 0.00049        (23.9mi) ┃Vegas input parameters:
  ndim 7
  ncomp 1
  nvec 1
  epsrel 0
  epsabs 0
  flags 10
  seed 123456
  mineval 10000000
  maxeval 10000000
  nstart 1000000
  nincrease 1000000
  nbatch 5000
  gridno 0
  statefile ""

Iteration 1:  1000000 integrand evaluations so far
[1] 24.9383 +- 0.730938  	chisq 0 (0 df)

Iteration 2:  3000000 integrand evaluations so far
[1] 24.7161 +- 0.206372  	chisq 0.10045 (1 df)

Iteration 3:  6000000 integrand evaluations so far
[1] 24.9188 +- 0.143974  	chisq 1.98156 (2 df)

Iteration 4:  10000000 integrand evaluations so far
[1] 24.8887 +- 0.109726  	chisq 2.08593 (3 df)
   24.89 ±   0.11        ( 39.2s) ┃   25.59 ±   0.11        (28.8mi) ┃
┃   96 -    98 ┃   27 -    28 ┃ 0.95023 ± 0.00029        (14.2mi) ┃-0.48591 ± 0.00041        (  24mi) ┃Vegas input parameters:
  ndim 7
  ncomp 1
  nvec 1
  epsrel 0
  epsabs 0
  flags 10
  seed 123456
  mineval 10000000
  maxeval 10000000
  nstart 1000000
  nincrease 1000000
  nbatch 5000
  gridno 0
  statefile ""

Iteration 1:  1000000 integrand evaluations so far
[1] 24.7709 +- 0.720161  	chisq 0 (0 df)

Iteration 2:  3000000 integrand evaluations so far
[1] 24.2898 +- 0.203814  	chisq 0.485136 (1 df)

Iteration 3:  6000000 integrand evaluations so far
[1] 24.3868 +- 0.126355  	chisq 0.852937 (2 df)

Iteration 4:  10000000 integrand evaluations so far
[1] 24.3635 +- 0.0953596  	chisq 0.93219 (3 df)
  24.363 ±  0.095        ( 40.2s) ┃  24.828 ±  0.095        (38.8mi) ┃
┃   96 -    98 ┃   28 -    29 ┃  1.7174 ± 0.0011        (7.41mi) ┃-0.88065 ± 0.00077        (23.8mi) ┃Vegas input parameters:
  ndim 7
  ncomp 1
  nvec 1
  epsrel 0
  epsabs 0
  flags 10
  seed 123456
  mineval 10000000
  maxeval 10000000
  nstart 1000000
  nincrease 1000000
  nbatch 5000
  gridno 0
  statefile ""

Iteration 1:  1000000 integrand evaluations so far
[1] 23.431 +- 0.699896  	chisq 0 (0 df)

Iteration 2:  3000000 integrand evaluations so far
[1] 24.0732 +- 0.201275  	chisq 0.917796 (1 df)

Iteration 3:  6000000 integrand evaluations so far
[1] 23.9668 +- 0.139732  	chisq 1.45628 (2 df)

Iteration 4:  10000000 integrand evaluations so far
[1] 23.8376 +- 0.102877  	chisq 3.32342 (3 df)
   23.84 ±    0.1        ( 38.3s) ┃   24.67 ±    0.1        (31.8mi) ┃
┃   96 -    98 ┃   29 -    30 ┃ 1.37966 ± 0.00084        (13.8mi) ┃-0.71368 ± 0.00053        (23.7mi) ┃Vegas input parameters:
  ndim 7
  ncomp 1
  nvec 1
  epsrel 0
  epsabs 0
  flags 10
  seed 123456
  mineval 10000000
  maxeval 10000000
  nstart 1000000
  nincrease 1000000
  nbatch 5000
  gridno 0
  statefile ""

Iteration 1:  1000000 integrand evaluations so far
[1] 24.8072 +- 0.720863  	chisq 0 (0 df)

Iteration 2:  3000000 integrand evaluations so far
[1] 23.1009 +- 0.195176  	chisq 6.04597 (1 df)

Iteration 3:  6000000 integrand evaluations so far
[1] 23.2739 +- 0.134873  	chisq 7.5497 (2 df)

Iteration 4:  10000000 integrand evaluations so far
[1] 23.3427 +- 0.100954  	chisq 8.14147 (3 df)
   23.34 ±    0.1        ( 38.5s) ┃   24.01 ±    0.1        (38.2mi) ┃
┃   96 -    98 ┃   30 -    31 ┃ 1.50365 ± 0.00014        (7.51mi) ┃-0.76141 ± 0.00033        (47.8mi) ┃Vegas input parameters:
  ndim 7
  ncomp 1
  nvec 1
  epsrel 0
  epsabs 0
  flags 10
  seed 123456
  mineval 10000000
  maxeval 10000000
  nstart 1000000
  nincrease 1000000
  nbatch 5000
  gridno 0
  statefile ""

Iteration 1:  1000000 integrand evaluations so far
[1] 23.4837 +- 0.69031  	chisq 0 (0 df)

Iteration 2:  3000000 integrand evaluations so far
[1] 22.7988 +- 0.192916  	chisq 1.06763 (1 df)

Iteration 3:  6000000 integrand evaluations so far
[1] 23.028 +- 0.120024  	chisq 3.37048 (2 df)

Iteration 4:  10000000 integrand evaluations so far
[1] 23.0174 +- 0.0915335  	chisq 3.38916 (3 df)
  23.017 ±  0.092        ( 38.3s) ┃   23.76 ±  0.092        (55.9mi) ┃
┃   96 -    98 ┃   31 -    32 ┃  1.3739 ± 0.0012        (7.72mi) ┃-0.69912 ± 0.00051        (  12mi) ┃Vegas input parameters:
  ndim 7
  ncomp 1
  nvec 1
  epsrel 0
  epsabs 0
  flags 10
  seed 123456
  mineval 10000000
  maxeval 10000000
  nstart 1000000
  nincrease 1000000
  nbatch 5000
  gridno 0
  statefile ""

Iteration 1:  1000000 integrand evaluations so far
[1] 22.8702 +- 0.673587  	chisq 0 (0 df)

Iteration 2:  3000000 integrand evaluations so far
[1] 22.5548 +- 0.189275  	chisq 0.238115 (1 df)

Iteration 3:  6000000 integrand evaluations so far
[1] 22.7246 +- 0.12234  	chisq 1.62073 (2 df)

Iteration 4:  10000000 integrand evaluations so far
[1] 22.5741 +- 0.0900801  	chisq 4.92391 (3 df)
  22.574 ±   0.09        ( 38.8s) ┃  23.249 ±   0.09        (20.4mi) ┃
┃   96 -    98 ┃   32 -    33 ┃  1.2162 ± 0.0011        (3.87mi) ┃-0.62678 ± 0.00027        (  12mi) ┃Vegas input parameters:
  ndim 7
  ncomp 1
  nvec 1
  epsrel 0
  epsabs 0
  flags 10
  seed 123456
  mineval 10000000
  maxeval 10000000
  nstart 1000000
  nincrease 1000000
  nbatch 5000
  gridno 0
  statefile ""

Iteration 1:  1000000 integrand evaluations so far
[1] 22.3101 +- 0.661366  	chisq 0 (0 df)

Iteration 2:  3000000 integrand evaluations so far
[1] 22.2898 +- 0.187215  	chisq 0.00102153 (1 df)

Iteration 3:  6000000 integrand evaluations so far
[1] 22.2526 +- 0.123539  	chisq 0.0709834 (2 df)

Iteration 4:  10000000 integrand evaluations so far
[1] 22.2668 +- 0.0942233  	chisq 0.102724 (3 df)
  22.267 ±  0.094        (   39s) ┃  22.856 ±  0.094        (16.5mi) ┃
┃   96 -    98 ┃   33 -    34 ┃ 1.65716 ±  0.001        (6.44mi) ┃-0.84576 ± 0.00042        (12.2mi) ┃Vegas input parameters:
  ndim 7
  ncomp 1
  nvec 1
  epsrel 0
  epsabs 0
  flags 10
  seed 123456
  mineval 10000000
  maxeval 10000000
  nstart 1000000
  nincrease 1000000
  nbatch 5000
  gridno 0
  statefile ""

Iteration 1:  1000000 integrand evaluations so far
[1] 21.7094 +- 0.648114  	chisq 0 (0 df)

Iteration 2:  3000000 integrand evaluations so far
[1] 21.9376 +- 0.221902  	chisq 0.14042 (1 df)

Iteration 3:  6000000 integrand evaluations so far
[1] 21.6755 +- 0.131487  	chisq 2.29082 (2 df)

Iteration 4:  10000000 integrand evaluations so far
[1] 21.6823 +- 0.0917873  	chisq 2.29604 (3 df)
  21.682 ±  0.092        ( 38.9s) ┃  22.494 ±  0.092        (19.3mi) ┃
┃   96 -    98 ┃   34 -    35 ┃ 1.08959 ± 0.00016        (56.5mi) ┃-0.56071 ± 0.0004        (48.2mi) ┃Vegas input parameters:
  ndim 7
  ncomp 1
  nvec 1
  epsrel 0
  epsabs 0
  flags 10
  seed 123456
  mineval 10000000
  maxeval 10000000
  nstart 1000000
  nincrease 1000000
  nbatch 5000
  gridno 0
  statefile ""

Iteration 1:  1000000 integrand evaluations so far
[1] 22.2758 +- 0.652503  	chisq 0 (0 df)

Iteration 2:  3000000 integrand evaluations so far
[1] 21.7633 +- 0.243869  	chisq 0.716979 (1 df)

Iteration 3:  6000000 integrand evaluations so far
[1] 21.5224 +- 0.144128  	chisq 2.21614 (2 df)

Iteration 4:  10000000 integrand evaluations so far
[1] 21.6273 +- 0.0975338  	chisq 3.19294 (3 df)
  21.627 ±  0.098        ( 38.8s) ┃  22.156 ±  0.098        (1.76hr) ┃
┃   96 -    98 ┃   35 -    36 ┃ 1.20931 ± 0.00067        (28.6mi) ┃-0.61655 ± 0.00012        (49.3mi) ┃Vegas input parameters:
  ndim 7
  ncomp 1
  nvec 1
  epsrel 0
  epsabs 0
  flags 10
  seed 123456
  mineval 10000000
  maxeval 10000000
  nstart 1000000
  nincrease 1000000
  nbatch 5000
  gridno 0
  statefile ""

Iteration 1:  1000000 integrand evaluations so far
[1] 21.7308 +- 0.640226  	chisq 0 (0 df)

Iteration 2:  3000000 integrand evaluations so far
[1] 21.1853 +- 0.179169  	chisq 0.787458 (1 df)

Iteration 3:  6000000 integrand evaluations so far
[1] 21.3115 +- 0.11712  	chisq 1.65349 (2 df)

Iteration 4:  10000000 integrand evaluations so far
[1] 21.3293 +- 0.0868501  	chisq 1.705 (3 df)
  21.329 ±  0.087        ( 38.6s) ┃  21.922 ±  0.087        (1.31hr) ┃
┃   96 -    98 ┃   36 -    37 ┃  1.7974 ± 0.0014        ( 3.7mi) ┃-0.92299 ± 0.00071        (12.4mi) ┃Vegas input parameters:
  ndim 7
  ncomp 1
  nvec 1
  epsrel 0
  epsabs 0
  flags 10
  seed 123456
  mineval 10000000
  maxeval 10000000
  nstart 1000000
  nincrease 1000000
  nbatch 5000
  gridno 0
  statefile ""

Iteration 1:  1000000 integrand evaluations so far
[1] 21.4619 +- 0.62906  	chisq 0 (0 df)

Iteration 2:  3000000 integrand evaluations so far
[1] 21.2099 +- 0.178118  	chisq 0.174416 (1 df)

Iteration 3:  6000000 integrand evaluations so far
[1] 21.1766 +- 0.123863  	chisq 0.242246 (2 df)

Iteration 4:  10000000 integrand evaluations so far
[1] 21.0921 +- 0.0915936  	chisq 1.26849 (3 df)
  21.092 ±  0.092        ( 39.3s) ┃  21.966 ±  0.092        (16.7mi) ┃
┃   96 -    98 ┃   37 -    38 ┃  1.3947 ± 0.0013        (14.2mi) ┃-0.72527 ± 0.00015        (48.6mi) ┃Vegas input parameters:
  ndim 7
  ncomp 1
  nvec 1
  epsrel 0
  epsabs 0
  flags 10
  seed 123456
  mineval 10000000
  maxeval 10000000
  nstart 1000000
  nincrease 1000000
  nbatch 5000
  gridno 0
  statefile ""

Iteration 1:  1000000 integrand evaluations so far
[1] 19.3981 +- 0.594775  	chisq 0 (0 df)

Iteration 2:  3000000 integrand evaluations so far
[1] 20.7896 +- 0.175129  	chisq 5.99356 (1 df)

Iteration 3:  6000000 integrand evaluations so far
[1] 20.6843 +- 0.1083  	chisq 6.57883 (2 df)

Iteration 4:  10000000 integrand evaluations so far
[1] 20.6957 +- 0.0798302  	chisq 6.60302 (3 df)
  20.696 ±   0.08        ( 37.9s) ┃  21.365 ±   0.08        (1.06hr) ┃
┃   96 -    98 ┃   38 -    39 ┃   1.403 ± 0.0012        (1.74mi) ┃-0.71047 ± 0.00059        (3.07mi) ┃Vegas input parameters:
  ndim 7
  ncomp 1
  nvec 1
  epsrel 0
  epsabs 0
  flags 10
  seed 123456
  mineval 10000000
  maxeval 10000000
  nstart 1000000
  nincrease 1000000
  nbatch 5000
  gridno 0
  statefile ""

Iteration 1:  1000000 integrand evaluations so far
[1] 19.6986 +- 0.598931  	chisq 0 (0 df)

Iteration 2:  3000000 integrand evaluations so far
[1] 20.5199 +- 0.17301  	chisq 2.05149 (1 df)

Iteration 3:  6000000 integrand evaluations so far
[1] 20.4388 +- 0.10695  	chisq 2.40706 (2 df)

Iteration 4:  10000000 integrand evaluations so far
[1] 20.4581 +- 0.0807306  	chisq 2.48312 (3 df)
  20.458 ±  0.081        ( 39.1s) ┃  21.151 ±  0.081        (5.46mi) ┃
┃   96 -    98 ┃   39 -    40 ┃ 1.11945 ± 0.00057        (  15mi) ┃-0.57796 ± 0.00042        (46.5mi) ┃Vegas input parameters:
  ndim 7
  ncomp 1
  nvec 1
  epsrel 0
  epsabs 0
  flags 10
  seed 123456
  mineval 10000000
  maxeval 10000000
  nstart 1000000
  nincrease 1000000
  nbatch 5000
  gridno 0
  statefile ""

Iteration 1:  1000000 integrand evaluations so far
[1] 20.0762 +- 0.598117  	chisq 0 (0 df)

Iteration 2:  3000000 integrand evaluations so far
[1] 20.3009 +- 0.17053  	chisq 0.153683 (1 df)

Iteration 3:  6000000 integrand evaluations so far
[1] 20.3133 +- 0.1058  	chisq 0.162282 (2 df)

Iteration 4:  10000000 integrand evaluations so far
[1] 20.3013 +- 0.0801766  	chisq 0.19251 (3 df)
  20.301 ±   0.08        ( 37.3s) ┃  20.843 ±   0.08        (1.04hr) ┃
┃   96 -    98 ┃   40 -    41 ┃ 1.63159 ± 0.00075        (7.72mi) ┃-0.83993 ± 0.00022        (23.3mi) ┃Vegas input parameters:
  ndim 7
  ncomp 1
  nvec 1
  epsrel 0
  epsabs 0
  flags 10
  seed 123456
  mineval 10000000
  maxeval 10000000
  nstart 1000000
  nincrease 1000000
  nbatch 5000
  gridno 0
  statefile ""

Iteration 1:  1000000 integrand evaluations so far
[1] 20.6935 +- 0.604438  	chisq 0 (0 df)

Iteration 2:  3000000 integrand evaluations so far
[1] 20.1199 +- 0.169264  	chisq 0.977416 (1 df)

Iteration 3:  6000000 integrand evaluations so far
[1] 20.1818 +- 0.104936  	chisq 1.19518 (2 df)

Iteration 4:  10000000 integrand evaluations so far
[1] 20.1129 +- 0.0809974  	chisq 2.26307 (3 df)
  20.113 ±  0.081        ( 39.5s) ┃  20.905 ±  0.081        (31.7mi) ┃
┃   96 -    98 ┃   41 -    42 ┃ 1.15232 ± 0.0009        ( 7.1mi) ┃-0.598312 ± 6.1e-05        (46.9mi) ┃Vegas input parameters:
  ndim 7
  ncomp 1
  nvec 1
  epsrel 0
  epsabs 0
  flags 10
  seed 123456
  mineval 10000000
  maxeval 10000000
  nstart 1000000
  nincrease 1000000
  nbatch 5000
  gridno 0
  statefile ""

Iteration 1:  1000000 integrand evaluations so far
[1] 19.8252 +- 0.587139  	chisq 0 (0 df)

Iteration 2:  3000000 integrand evaluations so far
[1] 19.5799 +- 0.165559  	chisq 0.189647 (1 df)

Iteration 3:  6000000 integrand evaluations so far
[1] 19.6806 +- 0.102951  	chisq 0.7929 (2 df)

Iteration 4:  10000000 integrand evaluations so far
[1] 19.7701 +- 0.0759319  	chisq 2.451 (3 df)
   19.77 ±  0.076        ( 38.2s) ┃  20.324 ±  0.076        (54.6mi) ┃
┃   96 -    98 ┃   42 -    43 ┃  1.4473 ± 0.0014        (6.94mi) ┃-0.74366 ± 0.00073        (11.9mi) ┃Vegas input parameters:
  ndim 7
  ncomp 1
  nvec 1
  epsrel 0
  epsabs 0
  flags 10
  seed 123456
  mineval 10000000
  maxeval 10000000
  nstart 1000000
  nincrease 1000000
  nbatch 5000
  gridno 0
  statefile ""

Iteration 1:  1000000 integrand evaluations so far
[1] 19.4351 +- 0.577381  	chisq 0 (0 df)

Iteration 2:  3000000 integrand evaluations so far
[1] 19.2761 +- 0.163701  	chisq 0.082534 (1 df)

Iteration 3:  6000000 integrand evaluations so far
[1] 19.4807 +- 0.108216  	chisq 2.85807 (2 df)

Iteration 4:  10000000 integrand evaluations so far
[1] 19.4903 +- 0.0810842  	chisq 2.87618 (3 df)
   19.49 ±  0.081        ( 40.1s) ┃  20.194 ±  0.081        (19.5mi) ┃
┃   96 -    98 ┃   43 -    44 ┃   1.777 ± 0.0016        (4.29mi) ┃ -0.8931 ± 0.00069        ( 6.1mi) ┃Vegas input parameters:
  ndim 7
  ncomp 1
  nvec 1
  epsrel 0
  epsabs 0
  flags 10
  seed 123456
  mineval 10000000
  maxeval 10000000
  nstart 1000000
  nincrease 1000000
  nbatch 5000
  gridno 0
  statefile ""

Iteration 1:  1000000 integrand evaluations so far
[1] 19.3503 +- 0.576023  	chisq 0 (0 df)

Iteration 2:  3000000 integrand evaluations so far
[1] 19.1219 +- 0.162524  	chisq 0.170873 (1 df)

Iteration 3:  6000000 integrand evaluations so far
[1] 19.3452 +- 0.104406  	chisq 3.38644 (2 df)

Iteration 4:  10000000 integrand evaluations so far
[1] 19.3211 +- 0.0789476  	chisq 3.51115 (3 df)
  19.321 ±  0.079        ( 39.2s) ┃  20.205 ±  0.079        (  11mi) ┃
┃   96 -    98 ┃   44 -    45 ┃  1.3528 ± 0.0012        (14.6mi) ┃-0.69843 ± 0.00068        (12.1mi) ┃Vegas input parameters:
  ndim 7
  ncomp 1
  nvec 1
  epsrel 0
  epsabs 0
  flags 10
  seed 123456
  mineval 10000000
  maxeval 10000000
  nstart 1000000
  nincrease 1000000
  nbatch 5000
  gridno 0
  statefile ""

Iteration 1:  1000000 integrand evaluations so far
[1] 19.2651 +- 0.569428  	chisq 0 (0 df)

Iteration 2:  3000000 integrand evaluations so far
[1] 19.459 +- 0.163259  	chisq 0.12632 (1 df)

Iteration 3:  6000000 integrand evaluations so far
[1] 19.2959 +- 0.100467  	chisq 1.73405 (2 df)

Iteration 4:  10000000 integrand evaluations so far
[1] 19.1396 +- 0.0771213  	chisq 7.62416 (3 df)
   19.14 ±  0.077        ( 39.1s) ┃  19.794 ±  0.077        (27.3mi) ┃
┃   96 -    98 ┃   45 -    46 ┃ 1.11556 ± 0.00052        (6.84mi) ┃-0.57701 ± 0.00038        (  12mi) ┃Vegas input parameters:
  ndim 7
  ncomp 1
  nvec 1
  epsrel 0
  epsabs 0
  flags 10
  seed 123456
  mineval 10000000
  maxeval 10000000
  nstart 1000000
  nincrease 1000000
  nbatch 5000
  gridno 0
  statefile ""

Iteration 1:  1000000 integrand evaluations so far
[1] 19.4432 +- 0.571989  	chisq 0 (0 df)

Iteration 2:  3000000 integrand evaluations so far
[1] 19.0181 +- 0.160431  	chisq 0.599467 (1 df)

Iteration 3:  6000000 integrand evaluations so far
[1] 18.9429 +- 0.0991628  	chisq 0.955649 (2 df)

Iteration 4:  10000000 integrand evaluations so far
[1] 19.016 +- 0.0749892  	chisq 2.22726 (3 df)
  19.016 ±  0.075        ( 39.4s) ┃  19.555 ±  0.075        (19.5mi) ┃
┃   96 -    98 ┃   46 -    47 ┃   1.758 ± 0.0011        (14.1mi) ┃-0.90122 ± 0.00064        (24.6mi) ┃Vegas input parameters:
  ndim 7
  ncomp 1
  nvec 1
  epsrel 0
  epsabs 0
  flags 10
  seed 123456
  mineval 10000000
  maxeval 10000000
  nstart 1000000
  nincrease 1000000
  nbatch 5000
  gridno 0
  statefile ""

Iteration 1:  1000000 integrand evaluations so far
[1] 19.149 +- 0.558856  	chisq 0 (0 df)

Iteration 2:  3000000 integrand evaluations so far
[1] 18.6027 +- 0.157528  	chisq 1.03792 (1 df)

Iteration 3:  6000000 integrand evaluations so far
[1] 18.7067 +- 0.0979708  	chisq 1.74804 (2 df)

Iteration 4:  10000000 integrand evaluations so far
[1] 18.7547 +- 0.0754838  	chisq 2.33801 (3 df)
  18.755 ±  0.075        ( 38.5s) ┃  19.611 ±  0.075        (39.3mi) ┃
┃   96 -    98 ┃   47 -    48 ┃ 1.43824 ± 0.0004        (14.9mi) ┃-0.735629 ±  8e-05        (1.59hr) ┃Vegas input parameters:
  ndim 7
  ncomp 1
  nvec 1
  epsrel 0
  epsabs 0
  flags 10
  seed 123456
  mineval 10000000
  maxeval 10000000
  nstart 1000000
  nincrease 1000000
  nbatch 5000
  gridno 0
  statefile ""

Iteration 1:  1000000 integrand evaluations so far
[1] 18.8499 +- 0.552144  	chisq 0 (0 df)

Iteration 2:  3000000 integrand evaluations so far
[1] 18.4161 +- 0.156253  	chisq 0.670793 (1 df)

Iteration 3:  6000000 integrand evaluations so far
[1] 18.4807 +- 0.0968781  	chisq 0.948048 (2 df)

Iteration 4:  10000000 integrand evaluations so far
[1] 18.4936 +- 0.0739748  	chisq 0.990418 (3 df)
  18.494 ±  0.074        (   39s) ┃  19.196 ±  0.074        (1.85hr) ┃
┃   96 -    98 ┃   48 -    49 ┃ 1.66826 ± 0.0002        (16.4mi) ┃-0.85916 ± 0.00029        (2.47hr) ┃Vegas input parameters:
  ndim 7
  ncomp 1
  nvec 1
  epsrel 0
  epsabs 0
  flags 10
  seed 123456
  mineval 10000000
  maxeval 10000000
  nstart 1000000
  nincrease 1000000
  nbatch 5000
  gridno 0
  statefile ""

Iteration 1:  1000000 integrand evaluations so far
[1] 19.0037 +- 0.555266  	chisq 0 (0 df)

Iteration 2:  3000000 integrand evaluations so far
[1] 18.3082 +- 0.154627  	chisq 1.70116 (1 df)

Iteration 3:  6000000 integrand evaluations so far
[1] 18.335 +- 0.0959724  	chisq 1.75002 (2 df)

Iteration 4:  10000000 integrand evaluations so far
[1] 18.298 +- 0.0734888  	chisq 2.10967 (3 df)
  18.298 ±  0.073        ( 39.7s) ┃  19.107 ±  0.073        (2.75hr) ┃
┃   96 -    98 ┃   49 -    50 ┃ 1.42239 ±  0.001        (7.89mi) ┃-0.730441 ± 9.6e-05        (24.1mi) ┃Vegas input parameters:
  ndim 7
  ncomp 1
  nvec 1
  epsrel 0
  epsabs 0
  flags 10
  seed 123456
  mineval 10000000
  maxeval 10000000
  nstart 1000000
  nincrease 1000000
  nbatch 5000
  gridno 0
  statefile ""

Iteration 1:  1000000 integrand evaluations so far
[1] 18.0391 +- 0.534852  	chisq 0 (0 df)

Iteration 2:  3000000 integrand evaluations so far
[1] 18.1428 +- 0.15356  	chisq 0.0409507 (1 df)

Iteration 3:  6000000 integrand evaluations so far
[1] 18.2172 +- 0.0953251  	chisq 0.422874 (2 df)

Iteration 4:  10000000 integrand evaluations so far
[1] 18.2926 +- 0.0704286  	chisq 1.80229 (3 df)
  18.293 ±   0.07        ( 39.5s) ┃  18.985 ±   0.07        (32.6mi) ┃
┃   96 -    98 ┃   50 -    51 ┃ 1.28079 ± 0.00077        (7.16mi) ┃-0.65884 ± 0.00035        (24.1mi) ┃Vegas input parameters:
  ndim 7
  ncomp 1
  nvec 1
  epsrel 0
  epsabs 0
  flags 10
  seed 123456
  mineval 10000000
  maxeval 10000000
  nstart 1000000
  nincrease 1000000
  nbatch 5000
  gridno 0
  statefile ""

Iteration 1:  1000000 integrand evaluations so far
[1] 17.7494 +- 0.528547  	chisq 0 (0 df)

Iteration 2:  3000000 integrand evaluations so far
[1] 18.2427 +- 0.190739  	chisq 1.00136 (1 df)

Iteration 3:  6000000 integrand evaluations so far
[1] 18.1349 +- 0.113034  	chisq 1.49401 (2 df)

Iteration 4:  10000000 integrand evaluations so far
[1] 18.1856 +- 0.0776946  	chisq 1.87537 (3 df)
  18.186 ±  0.078        ( 39.1s) ┃  18.808 ±  0.078        (31.9mi) ┃
┃   96 -    98 ┃   51 -    52 ┃ 1.36256 ± 0.00038        (7.66mi) ┃-0.699832 ± 9.7e-06        (48.9mi) ┃Vegas input parameters:
  ndim 7
  ncomp 1
  nvec 1
  epsrel 0
  epsabs 0
  flags 10
  seed 123456
  mineval 10000000
  maxeval 10000000
  nstart 1000000
  nincrease 1000000
  nbatch 5000
  gridno 0
  statefile ""

Iteration 1:  1000000 integrand evaluations so far
[1] 18.2264 +- 0.535518  	chisq 0 (0 df)

Iteration 2:  3000000 integrand evaluations so far
[1] 17.9293 +- 0.151957  	chisq 0.334734 (1 df)

Iteration 3:  6000000 integrand evaluations so far
[1] 18.0152 +- 0.0944567  	chisq 0.855771 (2 df)

Iteration 4:  10000000 integrand evaluations so far
[1] 18.0348 +- 0.0696638  	chisq 0.949783 (3 df)
  18.035 ±   0.07        ( 38.7s) ┃  18.697 ±   0.07        (57.2mi) ┃
┃   96 -    98 ┃   52 -    53 ┃   1.666 ± 0.0016        (7.04mi) ┃-0.851187 ± 4.9e-05        (24.7mi) ┃Vegas input parameters:
  ndim 7
  ncomp 1
  nvec 1
  epsrel 0
  epsabs 0
  flags 10
  seed 123456
  mineval 10000000
  maxeval 10000000
  nstart 1000000
  nincrease 1000000
  nbatch 5000
  gridno 0
  statefile ""

Iteration 1:  1000000 integrand evaluations so far
[1] 18.2074 +- 0.534257  	chisq 0 (0 df)

Iteration 2:  3000000 integrand evaluations so far
[1] 17.8617 +- 0.150659  	chisq 0.454825 (1 df)

Iteration 3:  6000000 integrand evaluations so far
[1] 17.9283 +- 0.093631  	chisq 0.77285 (2 df)

Iteration 4:  10000000 integrand evaluations so far
[1] 17.9701 +- 0.0717578  	chisq 1.25779 (3 df)
   17.97 ±  0.072        ( 40.4s) ┃  18.785 ±  0.072        (32.4mi) ┃
┃   96 -    98 ┃   53 -    54 ┃ 1.38204 ± 0.00042        (14.8mi) ┃ -0.7107 ± 0.00029        (24.3mi) ┃Vegas input parameters:
  ndim 7
  ncomp 1
  nvec 1
  epsrel 0
  epsabs 0
  flags 10
  seed 123456
  mineval 10000000
  maxeval 10000000
  nstart 1000000
  nincrease 1000000
  nbatch 5000
  gridno 0
  statefile ""

Iteration 1:  1000000 integrand evaluations so far
[1] 17.7628 +- 0.525606  	chisq 0 (0 df)

Iteration 2:  3000000 integrand evaluations so far
[1] 17.9463 +- 0.151072  	chisq 0.132836 (1 df)

Iteration 3:  6000000 integrand evaluations so far
[1] 17.8258 +- 0.0931849  	chisq 1.15956 (2 df)

Iteration 4:  10000000 integrand evaluations so far
[1] 17.8299 +- 0.0685915  	chisq 1.16378 (3 df)
   17.83 ±  0.069        ( 39.3s) ┃  18.501 ±  0.069        (39.8mi) ┃
┃   96 -    98 ┃   54 -    55 ┃ 1.14837 ± 0.00083        (7.47mi) ┃-0.59543 ± 0.00055        (24.4mi) ┃Vegas input parameters:
  ndim 7
  ncomp 1
  nvec 1
  epsrel 0
  epsabs 0
  flags 10
  seed 123456
  mineval 10000000
  maxeval 10000000
  nstart 1000000
  nincrease 1000000
  nbatch 5000
  gridno 0
  statefile ""

Iteration 1:  1000000 integrand evaluations so far
[1] 18.0284 +- 0.533842  	chisq 0 (0 df)

Iteration 2:  3000000 integrand evaluations so far
[1] 17.9449 +- 0.177474  	chisq 0.0275595 (1 df)

Iteration 3:  6000000 integrand evaluations so far
[1] 17.7975 +- 0.106231  	chisq 1.10162 (2 df)

Iteration 4:  10000000 integrand evaluations so far
[1] 17.7251 +- 0.0748589  	chisq 2.02356 (3 df)
  17.725 ±  0.075        ( 39.3s) ┃  18.278 ±  0.075        (32.5mi) ┃
┃   96 -    98 ┃   55 -    56 ┃ 1.15158 ± 0.00074        (7.22mi) ┃-0.59296 ± 0.00024        (49.7mi) ┃Vegas input parameters:
  ndim 7
  ncomp 1
  nvec 1
  epsrel 0
  epsabs 0
  flags 10
  seed 123456
  mineval 10000000
  maxeval 10000000
  nstart 1000000
  nincrease 1000000
  nbatch 5000
  gridno 0
  statefile ""

Iteration 1:  1000000 integrand evaluations so far
[1] 17.6172 +- 0.519426  	chisq 0 (0 df)

Iteration 2:  3000000 integrand evaluations so far
[1] 17.8078 +- 0.148978  	chisq 0.146765 (1 df)

Iteration 3:  6000000 integrand evaluations so far
[1] 17.608 +- 0.0918535  	chisq 3.05043 (2 df)

Iteration 4:  10000000 integrand evaluations so far
[1] 17.5522 +- 0.0686722  	chisq 3.88561 (3 df)
  17.552 ±  0.069        ( 38.9s) ┃  18.111 ±  0.069        (57.6mi) ┃
┃   96 -    98 ┃   56 -    57 ┃ 1.25612 ± 0.00099        (7.29mi) ┃-0.64802 ± 0.00055        ( 6.4mi) ┃Vegas input parameters:
  ndim 7
  ncomp 1
  nvec 1
  epsrel 0
  epsabs 0
  flags 10
  seed 123456
  mineval 10000000
  maxeval 10000000
  nstart 1000000
  nincrease 1000000
  nbatch 5000
  gridno 0
  statefile ""

Iteration 1:  1000000 integrand evaluations so far
[1] 18.0591 +- 0.531849  	chisq 0 (0 df)

Iteration 2:  3000000 integrand evaluations so far
[1] 17.5703 +- 0.147752  	chisq 0.915513 (1 df)

Iteration 3:  6000000 integrand evaluations so far
[1] 17.5607 +- 0.0916028  	chisq 0.922243 (2 df)

Iteration 4:  10000000 integrand evaluations so far
[1] 17.4866 +- 0.0700296  	chisq 2.50079 (3 df)
  17.487 ±   0.07        ( 39.8s) ┃  18.095 ±   0.07        (14.4mi) ┃
┃   96 -    98 ┃   57 -    58 ┃ 1.52419 ± 0.00019        (7.29mi) ┃-0.77314 ± 0.00011        (3.18mi) ┃Vegas input parameters:
  ndim 7
  ncomp 1
  nvec 1
  epsrel 0
  epsabs 0
  flags 10
  seed 123456
  mineval 10000000
  maxeval 10000000
  nstart 1000000
  nincrease 1000000
  nbatch 5000
  gridno 0
  statefile ""

Iteration 1:  1000000 integrand evaluations so far
[1] 17.0502 +- 0.511019  	chisq 0 (0 df)

Iteration 2:  3000000 integrand evaluations so far
[1] 17.461 +- 0.146686  	chisq 0.704289 (1 df)

Iteration 3:  6000000 integrand evaluations so far
[1] 17.3601 +- 0.0908099  	chisq 1.47166 (2 df)

Iteration 4:  10000000 integrand evaluations so far
[1] 17.3587 +- 0.0742358  	chisq 1.47235 (3 df)
  17.359 ±  0.074        ( 39.3s) ┃   18.11 ±  0.074        (11.1mi) ┃
┃   96 -    98 ┃   58 -    59 ┃ 1.41414 ± 8.4e-05        (7.34mi) ┃  -0.722 ± 0.00049        (12.8mi) ┃Vegas input parameters:
  ndim 7
  ncomp 1
  nvec 1
  epsrel 0
  epsabs 0
  flags 10
  seed 123456
  mineval 10000000
  maxeval 10000000
  nstart 1000000
  nincrease 1000000
  nbatch 5000
  gridno 0
  statefile ""

Iteration 1:  1000000 integrand evaluations so far
[1] 17.2317 +- 0.512847  	chisq 0 (0 df)

Iteration 2:  3000000 integrand evaluations so far
[1] 17.4836 +- 0.146833  	chisq 0.262754 (1 df)

Iteration 3:  6000000 integrand evaluations so far
[1] 17.4095 +- 0.100008  	chisq 0.738409 (2 df)

Iteration 4:  10000000 integrand evaluations so far
[1] 17.3599 +- 0.0738046  	chisq 1.27679 (3 df)
   17.36 ±  0.074        ( 39.2s) ┃  18.052 ±  0.074        (20.8mi) ┃
┃   96 -    98 ┃   59 -    60 ┃ 1.10286 ± 0.00094        (1.89mi) ┃-0.56759 ± 0.00043        (13.1mi) ┃Vegas input parameters:
  ndim 7
  ncomp 1
  nvec 1
  epsrel 0
  epsabs 0
  flags 10
  seed 123456
  mineval 10000000
  maxeval 10000000
  nstart 1000000
  nincrease 1000000
  nbatch 5000
  gridno 0
  statefile ""

Iteration 1:  1000000 integrand evaluations so far
[1] 16.7597 +- 0.502116  	chisq 0 (0 df)

Iteration 2:  3000000 integrand evaluations so far
[1] 17.282 +- 0.159506  	chisq 1.20362 (1 df)

Iteration 3:  6000000 integrand evaluations so far
[1] 17.2297 +- 0.0975605  	chisq 1.37553 (2 df)

Iteration 4:  10000000 integrand evaluations so far
[1] 17.2585 +- 0.0704959  	chisq 1.55765 (3 df)
  17.258 ±   0.07        ( 39.4s) ┃  17.794 ±  0.071        (15.7mi) ┃
┃   98 -   100 ┃   25 -    26 ┃ 0.99531 ± 0.00053        (7.73mi) ┃ -0.5114 ± 0.00048        (48.7mi) ┃Vegas input parameters:
  ndim 7
  ncomp 1
  nvec 1
  epsrel 0
  epsabs 0
  flags 10
  seed 123456
  mineval 10000000
  maxeval 10000000
  nstart 1000000
  nincrease 1000000
  nbatch 5000
  gridno 0
  statefile ""

Iteration 1:  1000000 integrand evaluations so far
[1] 22.5418 +- 0.682779  	chisq 0 (0 df)

Iteration 2:  3000000 integrand evaluations so far
[1] 23.7113 +- 0.199208  	chisq 3.20666 (1 df)

Iteration 3:  6000000 integrand evaluations so far
[1] 23.7385 +- 0.129995  	chisq 3.2393 (2 df)

Iteration 4:  10000000 integrand evaluations so far
[1] 23.6229 +- 0.0959584  	chisq 4.97863 (3 df)
  23.623 ±  0.096        ( 39.3s) ┃  24.107 ±  0.096        (57.1mi) ┃
┃   98 -   100 ┃   26 -    27 ┃ 0.99078 ± 0.00077        ( 1.3mi) ┃-0.50371 ± 0.00014        (  12mi) ┃Vegas input parameters:
  ndim 7
  ncomp 1
  nvec 1
  epsrel 0
  epsabs 0
  flags 10
  seed 123456
  mineval 10000000
  maxeval 10000000
  nstart 1000000
  nincrease 1000000
  nbatch 5000
  gridno 0
  statefile ""

Iteration 1:  1000000 integrand evaluations so far
[1] 22.8669 +- 0.681542  	chisq 0 (0 df)

Iteration 2:  3000000 integrand evaluations so far
[1] 23.0587 +- 0.194648  	chisq 0.0862281 (1 df)

Iteration 3:  6000000 integrand evaluations so far
[1] 23.0059 +- 0.126661  	chisq 0.213696 (2 df)

Iteration 4:  10000000 integrand evaluations so far
[1] 22.9292 +- 0.0933574  	chisq 1.01711 (3 df)
  22.929 ±  0.093        ( 38.4s) ┃  23.416 ±  0.093        (  14mi) ┃
┃   98 -   100 ┃   27 -    28 ┃ 0.65947 ± 0.00055        (4.08mi) ┃-0.33785 ± 0.00029        (23.7mi) ┃Vegas input parameters:
  ndim 7
  ncomp 1
  nvec 1
  epsrel 0
  epsabs 0
  flags 10
  seed 123456
  mineval 10000000
  maxeval 10000000
  nstart 1000000
  nincrease 1000000
  nbatch 5000
  gridno 0
  statefile ""

Iteration 1:  1000000 integrand evaluations so far
[1] 23.7667 +- 0.689518  	chisq 0 (0 df)

Iteration 2:  3000000 integrand evaluations so far
[1] 22.2821 +- 0.188703  	chisq 5.01157 (1 df)

Iteration 3:  6000000 integrand evaluations so far
[1] 22.5131 +- 0.117727  	chisq 7.46553 (2 df)

Iteration 4:  10000000 integrand evaluations so far
[1] 22.5103 +- 0.0889888  	chisq 7.46685 (3 df)
   22.51 ±  0.089        ( 38.9s) ┃  22.832 ±  0.089        (28.4mi) ┃
┃   98 -   100 ┃   28 -    29 ┃ 0.93533 ± 0.00038        (4.12mi) ┃ -0.4764 ± 0.00035        (47.4mi) ┃Vegas input parameters:
  ndim 7
  ncomp 1
  nvec 1
  epsrel 0
  epsabs 0
  flags 10
  seed 123456
  mineval 10000000
  maxeval 10000000
  nstart 1000000
  nincrease 1000000
  nbatch 5000
  gridno 0
  statefile ""

Iteration 1:  1000000 integrand evaluations so far
[1] 21.5502 +- 0.646943  	chisq 0 (0 df)

Iteration 2:  3000000 integrand evaluations so far
[1] 22.1148 +- 0.187478  	chisq 0.831557 (1 df)

Iteration 3:  6000000 integrand evaluations so far
[1] 22.1273 +- 0.134775  	chisq 0.840804 (2 df)

Iteration 4:  10000000 integrand evaluations so far
[1] 22.012 +- 0.0996155  	chisq 2.45541 (3 df)
  22.012 ±    0.1        ( 38.9s) ┃  22.471 ±    0.1        (52.2mi) ┃
┃   98 -   100 ┃   29 -    30 ┃ 0.98961 ± 0.0007        (7.02mi) ┃ -0.5113 ± 0.00016        (48.2mi) ┃Vegas input parameters:
  ndim 7
  ncomp 1
  nvec 1
  epsrel 0
  epsabs 0
  flags 10
  seed 123456
  mineval 10000000
  maxeval 10000000
  nstart 1000000
  nincrease 1000000
  nbatch 5000
  gridno 0
  statefile ""

Iteration 1:  1000000 integrand evaluations so far
[1] 22.6494 +- 0.670346  	chisq 0 (0 df)

Iteration 2:  3000000 integrand evaluations so far
[1] 21.6132 +- 0.183441  	chisq 2.58252 (1 df)

Iteration 3:  6000000 integrand evaluations so far
[1] 21.6411 +- 0.124862  	chisq 2.62548 (2 df)

Iteration 4:  10000000 integrand evaluations so far
[1] 21.6346 +- 0.0923101  	chisq 2.6314 (3 df)
  21.635 ±  0.092        ( 39.6s) ┃  22.113 ±  0.092        (55.9mi) ┃
┃   98 -   100 ┃   30 -    31 ┃ 1.03412 ± 0.0005        (14.4mi) ┃-0.52448 ± 0.00016        (47.7mi) ┃Vegas input parameters:
  ndim 7
  ncomp 1
  nvec 1
  epsrel 0
  epsabs 0
  flags 10
  seed 123456
  mineval 10000000
  maxeval 10000000
  nstart 1000000
  nincrease 1000000
  nbatch 5000
  gridno 0
  statefile ""

Iteration 1:  1000000 integrand evaluations so far
[1] 21.6871 +- 0.647116  	chisq 0 (0 df)

Iteration 2:  3000000 integrand evaluations so far
[1] 21.1877 +- 0.180118  	chisq 0.645639 (1 df)

Iteration 3:  6000000 integrand evaluations so far
[1] 21.2398 +- 0.122546  	chisq 0.801516 (2 df)

Iteration 4:  10000000 integrand evaluations so far
[1] 21.2604 +- 0.0952228  	chisq 0.872455 (3 df)
   21.26 ±  0.095        ( 38.9s) ┃   21.77 ±  0.095        (1.04hr) ┃
┃   98 -   100 ┃   31 -    32 ┃ 0.81794 ± 0.00064        ( 2.5mi) ┃-0.41269 ± 0.00014        (48.5mi) ┃Vegas input parameters:
  ndim 7
  ncomp 1
  nvec 1
  epsrel 0
  epsabs 0
  flags 10
  seed 123456
  mineval 10000000
  maxeval 10000000
  nstart 1000000
  nincrease 1000000
  nbatch 5000
  gridno 0
  statefile ""

Iteration 1:  1000000 integrand evaluations so far
[1] 21.7104 +- 0.636699  	chisq 0 (0 df)

Iteration 2:  3000000 integrand evaluations so far
[1] 20.7765 +- 0.177469  	chisq 2.33269 (1 df)

Iteration 3:  6000000 integrand evaluations so far
[1] 20.9355 +- 0.11036  	chisq 3.64173 (2 df)

Iteration 4:  10000000 integrand evaluations so far
[1] 20.9192 +- 0.0847261  	chisq 3.69445 (3 df)
  20.919 ±  0.085        ( 39.8s) ┃  21.324 ±  0.085        (51.7mi) ┃
┃   98 -   100 ┃   32 -    33 ┃  0.7984 ± 0.00013        (28.4mi) ┃-0.41161 ± 0.00037        (  49mi) ┃Vegas input parameters:
  ndim 7
  ncomp 1
  nvec 1
  epsrel 0
  epsabs 0
  flags 10
  seed 123456
  mineval 10000000
  maxeval 10000000
  nstart 1000000
  nincrease 1000000
  nbatch 5000
  gridno 0
  statefile ""

Iteration 1:  1000000 integrand evaluations so far
[1] 20.6375 +- 0.61916  	chisq 0 (0 df)

Iteration 2:  3000000 integrand evaluations so far
[1] 20.627 +- 0.176314  	chisq 0.00031404 (1 df)

Iteration 3:  6000000 integrand evaluations so far
[1] 20.6945 +- 0.109081  	chisq 0.237956 (2 df)

Iteration 4:  10000000 integrand evaluations so far
[1] 20.6736 +- 0.0843245  	chisq 0.329334 (3 df)
  20.674 ±  0.084        ( 38.7s) ┃   21.06 ±  0.084        ( 1.3hr) ┃
┃   98 -   100 ┃   33 -    34 ┃ 1.08952 ± 0.00096        (14.4mi) ┃-0.55438 ± 0.00048        (48.9mi) ┃Vegas input parameters:
  ndim 7
  ncomp 1
  nvec 1
  epsrel 0
  epsabs 0
  flags 10
  seed 123456
  mineval 10000000
  maxeval 10000000
  nstart 1000000
  nincrease 1000000
  nbatch 5000
  gridno 0
  statefile ""

Iteration 1:  1000000 integrand evaluations so far
[1] 20.3148 +- 0.608114  	chisq 0 (0 df)

Iteration 2:  3000000 integrand evaluations so far
[1] 20.3088 +- 0.19907  	chisq 0.000109608 (1 df)

Iteration 3:  6000000 integrand evaluations so far
[1] 20.1548 +- 0.119533  	chisq 0.936072 (2 df)

Iteration 4:  10000000 integrand evaluations so far
[1] 20.1915 +- 0.0845314  	chisq 1.12561 (3 df)
  20.192 ±  0.085        ( 39.7s) ┃  20.727 ±  0.085        (1.07hr) ┃
┃   98 -   100 ┃   34 -    35 ┃ 0.85508 ± 0.00075        (2.45mi) ┃-0.44092 ± 0.00037        (24.4mi) ┃Vegas input parameters:
  ndim 7
  ncomp 1
  nvec 1
  epsrel 0
  epsabs 0
  flags 10
  seed 123456
  mineval 10000000
  maxeval 10000000
  nstart 1000000
  nincrease 1000000
  nbatch 5000
  gridno 0
  statefile ""

Iteration 1:  1000000 integrand evaluations so far
[1] 20.6539 +- 0.611008  	chisq 0 (0 df)

Iteration 2:  3000000 integrand evaluations so far
[1] 19.8311 +- 0.214609  	chisq 2.0686 (1 df)

Iteration 3:  6000000 integrand evaluations so far
[1] 19.7746 +- 0.127522  	chisq 2.17566 (2 df)

Iteration 4:  10000000 integrand evaluations so far
[1] 19.922 +- 0.0894121  	chisq 4.8025 (3 df)
  19.922 ±  0.089        ( 39.4s) ┃  20.336 ±  0.089        (27.5mi) ┃
┃   98 -   100 ┃   35 -    36 ┃ 0.70066 ± 0.00064        (28.1mi) ┃-0.35632 ± 0.00022        (1.56hr) ┃Vegas input parameters:
  ndim 7
  ncomp 1
  nvec 1
  epsrel 0
  epsabs 0
  flags 10
  seed 123456
  mineval 10000000
  maxeval 10000000
  nstart 1000000
  nincrease 1000000
  nbatch 5000
  gridno 0
  statefile ""

Iteration 1:  1000000 integrand evaluations so far
[1] 19.7432 +- 0.590996  	chisq 0 (0 df)

Iteration 2:  3000000 integrand evaluations so far
[1] 19.6684 +- 0.190203  	chisq 0.0178488 (1 df)

Iteration 3:  6000000 integrand evaluations so far
[1] 19.667 +- 0.117111  	chisq 0.0179417 (2 df)

Iteration 4:  10000000 integrand evaluations so far
[1] 19.744 +- 0.0843656  	chisq 0.917219 (3 df)
  19.744 ±  0.084        ( 38.1s) ┃  20.088 ±  0.084        (2.03hr) ┃
┃   98 -   100 ┃   36 -    37 ┃  1.0215 ±  0.001        ( 7.6mi) ┃-0.52273 ± 0.00051        (23.6mi) ┃Vegas input parameters:
  ndim 7
  ncomp 1
  nvec 1
  epsrel 0
  epsabs 0
  flags 10
  seed 123456
  mineval 10000000
  maxeval 10000000
  nstart 1000000
  nincrease 1000000
  nbatch 5000
  gridno 0
  statefile ""

Iteration 1:  1000000 integrand evaluations so far
[1] 19.8524 +- 0.589422  	chisq 0 (0 df)

Iteration 2:  3000000 integrand evaluations so far
[1] 19.5547 +- 0.165953  	chisq 0.277045 (1 df)

Iteration 3:  6000000 integrand evaluations so far
[1] 19.599 +- 0.120664  	chisq 0.427939 (2 df)

Iteration 4:  10000000 integrand evaluations so far
[1] 19.5939 +- 0.0894617  	chisq 0.43186 (3 df)
  19.594 ±  0.089        ( 34.8s) ┃  20.093 ±  0.089        (31.7mi) ┃
┃   98 -   100 ┃   37 -    38 ┃ 1.04061 ± 0.00071        (2.75mi) ┃-0.53543 ± 0.00048        (10.9mi) ┃Vegas input parameters:
  ndim 7
  ncomp 1
  nvec 1
  epsrel 0
  epsabs 0
  flags 10
  seed 123456
  mineval 10000000
  maxeval 10000000
  nstart 1000000
  nincrease 1000000
  nbatch 5000
  gridno 0
  statefile ""

Iteration 1:  1000000 integrand evaluations so far
[1] 19.5069 +- 0.580468  	chisq 0 (0 df)

Iteration 2:  3000000 integrand evaluations so far
[1] 19.4516 +- 0.164778  	chisq 0.00987113 (1 df)

Iteration 3:  6000000 integrand evaluations so far
[1] 19.3376 +- 0.101712  	chisq 0.782118 (2 df)

Iteration 4:  10000000 integrand evaluations so far
[1] 19.3452 +- 0.0780607  	chisq 0.795442 (3 df)
  19.345 ±  0.078        ( 36.9s) ┃   19.85 ±  0.078        (14.3mi) ┃
┃   98 -   100 ┃   38 -    39 ┃ 1.02191 ± 0.00031        (3.87mi) ┃-0.52367 ± 0.00022        (44.5mi) ┃Vegas input parameters:
  ndim 7
  ncomp 1
  nvec 1
  epsrel 0
  epsabs 0
  flags 10
  seed 123456
  mineval 10000000
  maxeval 10000000
  nstart 1000000
  nincrease 1000000
  nbatch 5000
  gridno 0
  statefile ""

Iteration 1:  1000000 integrand evaluations so far
[1] 18.289 +- 0.559111  	chisq 0 (0 df)

Iteration 2:  3000000 integrand evaluations so far
[1] 19.1308 +- 0.161804  	chisq 2.47412 (1 df)

Iteration 3:  6000000 integrand evaluations so far
[1] 19.0298 +- 0.0998359  	chisq 3.10356 (2 df)

Iteration 4:  10000000 integrand evaluations so far
[1] 19.01 +- 0.0818753  	chisq 3.22349 (3 df)
   19.01 ±  0.082        ( 36.4s) ┃  19.508 ±  0.082        (48.9mi) ┃
┃   98 -   100 ┃   39 -    40 ┃ 0.66329 ± 0.00016        (12.2mi) ┃-0.337011 ± 8.6e-05        (42.2mi) ┃Vegas input parameters:
  ndim 7
  ncomp 1
  nvec 1
  epsrel 0
  epsabs 0
  flags 10
  seed 123456
  mineval 10000000
  maxeval 10000000
  nstart 1000000
  nincrease 1000000
  nbatch 5000
  gridno 0
  statefile ""

Iteration 1:  1000000 integrand evaluations so far
[1] 17.6645 +- 0.545347  	chisq 0 (0 df)

Iteration 2:  3000000 integrand evaluations so far
[1] 18.7107 +- 0.15898  	chisq 4.02181 (1 df)

Iteration 3:  6000000 integrand evaluations so far
[1] 18.7423 +- 0.0987542  	chisq 4.08611 (2 df)

Iteration 4:  10000000 integrand evaluations so far
[1] 18.7522 +- 0.0778945  	chisq 4.11284 (3 df)
  18.752 ±  0.078        ( 36.9s) ┃  19.078 ±  0.078        (  55mi) ┃
┃   98 -   100 ┃   40 -    41 ┃ 0.91264 ± 0.00047        (10.2mi) ┃-0.47233 ± 0.00023        (36.8mi) ┃Vegas input parameters:
  ndim 7
  ncomp 1
  nvec 1
  epsrel 0
  epsabs 0
  flags 10
  seed 123456
  mineval 10000000
  maxeval 10000000
  nstart 1000000
  nincrease 1000000
  nbatch 5000
  gridno 0
  statefile ""

Iteration 1:  1000000 integrand evaluations so far
[1] 18.97 +- 0.561854  	chisq 0 (0 df)

Iteration 2:  3000000 integrand evaluations so far
[1] 18.6334 +- 0.158349  	chisq 0.389764 (1 df)

Iteration 3:  6000000 integrand evaluations so far
[1] 18.7225 +- 0.0983684  	chisq 0.905233 (2 df)

Iteration 4:  10000000 integrand evaluations so far
[1] 18.6954 +- 0.0737512  	chisq 1.07839 (3 df)
  18.695 ±  0.074        ( 33.7s) ┃  19.136 ±  0.074        (47.6mi) ┃
┃   98 -   100 ┃   41 -    42 ┃ 0.99324 ± 0.0009        (1.05mi) ┃-0.51008 ± 0.00016        (1.28hr) ┃Vegas input parameters:
  ndim 7
  ncomp 1
  nvec 1
  epsrel 0
  epsabs 0
  flags 10
  seed 123456
  mineval 10000000
  maxeval 10000000
  nstart 1000000
  nincrease 1000000
  nbatch 5000
  gridno 0
  statefile ""

Iteration 1:  1000000 integrand evaluations so far
[1] 18.4169 +- 0.54854  	chisq 0 (0 df)

Iteration 2:  3000000 integrand evaluations so far
[1] 18.3235 +- 0.155673  	chisq 0.0314913 (1 df)

Iteration 3:  6000000 integrand evaluations so far
[1] 18.2426 +- 0.097861  	chisq 0.478059 (2 df)

Iteration 4:  10000000 integrand evaluations so far
[1] 18.2906 +- 0.074718  	chisq 1.05375 (3 df)
  18.291 ±  0.075        ( 26.6s) ┃  18.774 ±  0.075        (1.31hr) ┃
┃   98 -   100 ┃   42 -    43 ┃ 0.74828 ± 0.00015        (  10mi) ┃-0.38727 ± 0.00032        (  33mi) ┃Vegas input parameters:
  ndim 7
  ncomp 1
  nvec 1
  epsrel 0
  epsabs 0
  flags 10
  seed 123456
  mineval 10000000
  maxeval 10000000
  nstart 1000000
  nincrease 1000000
  nbatch 5000
  gridno 0
  statefile ""

Iteration 1:  1000000 integrand evaluations so far
[1] 18.313 +- 0.547805  	chisq 0 (0 df)

Iteration 2:  3000000 integrand evaluations so far
[1] 17.9167 +- 0.15276  	chisq 0.567453 (1 df)

Iteration 3:  6000000 integrand evaluations so far
[1] 18.0653 +- 0.0951767  	chisq 2.11377 (2 df)

Iteration 4:  10000000 integrand evaluations so far
[1] 18.0934 +- 0.0728827  	chisq 2.32464 (3 df)
  18.093 ±  0.073        ( 35.5s) ┃  18.454 ±  0.073        (43.6mi) ┃
┃   98 -   100 ┃   43 -    44 ┃  1.2152 ± 0.0011        (6.58mi) ┃-0.60965 ± 0.00026        (4.19mi) ┃Vegas input parameters:
  ndim 7
  ncomp 1
  nvec 1
  epsrel 0
  epsabs 0
  flags 10
  seed 123456
  mineval 10000000
  maxeval 10000000
  nstart 1000000
  nincrease 1000000
  nbatch 5000
  gridno 0
  statefile ""

Iteration 1:  1000000 integrand evaluations so far
[1] 17.9906 +- 0.53852  	chisq 0 (0 df)

Iteration 2:  3000000 integrand evaluations so far
[1] 17.8926 +- 0.152699  	chisq 0.0360297 (1 df)

Iteration 3:  6000000 integrand evaluations so far
[1] 18.0878 +- 0.102979  	chisq 3.03149 (2 df)

Iteration 4:  10000000 integrand evaluations so far
[1] 17.9945 +- 0.0759338  	chisq 4.83051 (3 df)
  17.994 ±  0.076        ( 32.1s) ┃    18.6 ±  0.076        (11.3mi) ┃
┃   98 -   100 ┃   44 -    45 ┃ 0.93732 ± 0.00047        (9.35mi) ┃-0.48004 ± 0.00031        (17.7mi) ┃Vegas input parameters:
  ndim 7
  ncomp 1
  nvec 1
  epsrel 0
  epsabs 0
  flags 10
  seed 123456
  mineval 10000000
  maxeval 10000000
  nstart 1000000
  nincrease 1000000
  nbatch 5000
  gridno 0
  statefile ""

Iteration 1:  1000000 integrand evaluations so far
[1] 17.3674 +- 0.523847  	chisq 0 (0 df)

Iteration 2:  3000000 integrand evaluations so far
[1] 17.5556 +- 0.150586  	chisq 0.140743 (1 df)

Iteration 3:  6000000 integrand evaluations so far
[1] 17.79 +- 0.0938036  	chisq 4.10067 (2 df)

Iteration 4:  10000000 integrand evaluations so far
[1] 17.7114 +- 0.0688697  	chisq 5.62486 (3 df)
  17.711 ±  0.069        ( 23.7s) ┃  18.169 ±  0.069        (27.5mi) ┃
┃   98 -   100 ┃   45 -    46 ┃ 0.81559 ± 0.00049        (5.74mi) ┃-0.42326 ± 0.00021        (4.17mi) ┃Vegas input parameters:
  ndim 7
  ncomp 1
  nvec 1
  epsrel 0
  epsabs 0
  flags 10
  seed 123456
  mineval 10000000
  maxeval 10000000
  nstart 1000000
  nincrease 1000000
  nbatch 5000
  gridno 0
  statefile ""

Iteration 1:  1000000 integrand evaluations so far
[1] 18.4645 +- 0.539329  	chisq 0 (0 df)

Iteration 2:  3000000 integrand evaluations so far
[1] 17.6343 +- 0.150085  	chisq 2.5685 (1 df)

Iteration 3:  6000000 integrand evaluations so far
[1] 17.527 +- 0.0961065  	chisq 3.43517 (2 df)

Iteration 4:  10000000 integrand evaluations so far
[1] 17.5773 +- 0.0724218  	chisq 4.07013 (3 df)
  17.577 ±  0.072        ( 33.7s) ┃   17.97 ±  0.072        (10.5mi) ┃
┃   98 -   100 ┃   46 -    47 ┃  0.8179 ± 0.00048        (4.54mi) ┃-0.42071 ± 0.00029        (3.89mi) ┃Vegas input parameters:
  ndim 7
  ncomp 1
  nvec 1
  epsrel 0
  epsabs 0
  flags 10
  seed 123456
  mineval 10000000
  maxeval 10000000
  nstart 1000000
  nincrease 1000000
  nbatch 5000
  gridno 0
  statefile ""

Iteration 1:  1000000 integrand evaluations so far
[1] 17.3421 +- 0.520959  	chisq 0 (0 df)

Iteration 2:  3000000 integrand evaluations so far
[1] 17.7279 +- 0.148696  	chisq 0.597166 (1 df)

Iteration 3:  6000000 integrand evaluations so far
[1] 17.4955 +- 0.0955556  	chisq 4.75854 (2 df)

Iteration 4:  10000000 integrand evaluations so far
[1] 17.514 +- 0.0707119  	chisq 4.84129 (3 df)
  17.514 ±  0.071        ( 35.6s) ┃  17.911 ±  0.071        (9.02mi) ┃
┃   98 -   100 ┃   47 -    48 ┃ 1.20368 ± 0.00072        (9.51mi) ┃-0.61477 ± 0.00027        (31.3mi) ┃Vegas input parameters:
  ndim 7
  ncomp 1
  nvec 1
  epsrel 0
  epsabs 0
  flags 10
  seed 123456
  mineval 10000000
  maxeval 10000000
  nstart 1000000
  nincrease 1000000
  nbatch 5000
  gridno 0
  statefile ""

Iteration 1:  1000000 integrand evaluations so far
[1] 18.1099 +- 0.525723  	chisq 0 (0 df)

Iteration 2:  3000000 integrand evaluations so far
[1] 17.3288 +- 0.146483  	chisq 2.39322 (1 df)

Iteration 3:  6000000 integrand evaluations so far
[1] 17.2387 +- 0.0906831  	chisq 3.00744 (2 df)

Iteration 4:  10000000 integrand evaluations so far
[1] 17.2825 +- 0.0701228  	chisq 3.58884 (3 df)
  17.283 ±   0.07        ( 24.2s) ┃  17.871 ±   0.07        (41.3mi) ┃
┃   98 -   100 ┃   48 -    49 ┃0.895894 ± 3.7e-05        (16.3mi) ┃-0.45821 ± 0.00034        (7.86mi) ┃Vegas input parameters:
  ndim 7
  ncomp 1
  nvec 1
  epsrel 0
  epsabs 0
  flags 10
  seed 123456
  mineval 10000000
  maxeval 10000000
  nstart 1000000
  nincrease 1000000
  nbatch 5000
  gridno 0
  statefile ""

Iteration 1:  1000000 integrand evaluations so far
[1] 17.0838 +- 0.507299  	chisq 0 (0 df)

Iteration 2:  3000000 integrand evaluations so far
[1] 16.9547 +- 0.144787  	chisq 0.0705683 (1 df)

Iteration 3:  6000000 integrand evaluations so far
[1] 16.9469 +- 0.0897047  	chisq 0.0752301 (2 df)

Iteration 4:  10000000 integrand evaluations so far
[1] 17.003 +- 0.0662076  	chisq 0.933029 (3 df)
  17.003 ±  0.066        ( 28.4s) ┃  17.441 ±  0.066        (24.6mi) ┃
┃   98 -   100 ┃   49 -    50 ┃ 1.13646 ± 0.00098        (2.31mi) ┃-0.58363 ± 0.00028        (13.4mi) ┃Vegas input parameters:
  ndim 7
  ncomp 1
  nvec 1
  epsrel 0
  epsabs 0
  flags 10
  seed 123456
  mineval 10000000
  maxeval 10000000
  nstart 1000000
  nincrease 1000000
  nbatch 5000
  gridno 0
  statefile ""

Iteration 1:  1000000 integrand evaluations so far
[1] 17.1001 +- 0.506642  	chisq 0 (0 df)

Iteration 2:  3000000 integrand evaluations so far
[1] 17.2022 +- 0.145233  	chisq 0.0442149 (1 df)

Iteration 3:  6000000 integrand evaluations so far
[1] 17.1109 +- 0.0940341  	chisq 0.725436 (2 df)

Iteration 4:  10000000 integrand evaluations so far
[1] 17.079 +- 0.0693308  	chisq 0.976994 (3 df)
  17.079 ±  0.069        ( 36.2s) ┃  17.632 ±  0.069        (16.3mi) ┃
┃   98 -   100 ┃   50 -    51 ┃ 0.85425 ± 0.00062        (2.09mi) ┃-0.43953 ± 0.00033        (1.89mi) ┃Vegas input parameters:
  ndim 7
  ncomp 1
  nvec 1
  epsrel 0
  epsabs 0
  flags 10
  seed 123456
  mineval 10000000
  maxeval 10000000
  nstart 1000000
  nincrease 1000000
  nbatch 5000
  gridno 0
  statefile ""

Iteration 1:  1000000 integrand evaluations so far
[1] 16.3965 +- 0.495463  	chisq 0 (0 df)

Iteration 2:  3000000 integrand evaluations so far
[1] 16.8117 +- 0.142743  	chisq 0.765518 (1 df)

Iteration 3:  6000000 integrand evaluations so far
[1] 16.8863 +- 0.0936865  	chisq 1.24642 (2 df)

Iteration 4:  10000000 integrand evaluations so far
[1] 16.8857 +- 0.0689314  	chisq 1.24653 (3 df)
  16.886 ±  0.069        ( 30.6s) ┃    17.3 ±  0.069        (4.49mi) ┃
┃   98 -   100 ┃   51 -    52 ┃ 0.86867 ± 0.00059        (4.25mi) ┃-0.44624 ± 0.0003        (15.1mi) ┃Vegas input parameters:
  ndim 7
  ncomp 1
  nvec 1
  epsrel 0
  epsabs 0
  flags 10
  seed 123456
  mineval 10000000
  maxeval 10000000
  nstart 1000000
  nincrease 1000000
  nbatch 5000
  gridno 0
  statefile ""

Iteration 1:  1000000 integrand evaluations so far
[1] 16.745 +- 0.496138  	chisq 0 (0 df)

Iteration 2:  3000000 integrand evaluations so far
[1] 16.7815 +- 0.142325  	chisq 0.00589221 (1 df)

Iteration 3:  6000000 integrand evaluations so far
[1] 16.7132 +- 0.0941612  	chisq 0.415665 (2 df)

Iteration 4:  10000000 integrand evaluations so far
[1] 16.6901 +- 0.0696416  	chisq 0.548361 (3 df)
   16.69 ±   0.07        ( 24.9s) ┃  17.113 ±   0.07        (19.7mi) ┃
┃   98 -   100 ┃   52 -    53 ┃ 0.96107 ± 0.00059        ( 40.1s) ┃-0.49363 ± 0.00015        (7.76mi) ┃Vegas input parameters:
  ndim 7
  ncomp 1
  nvec 1
  epsrel 0
  epsabs 0
  flags 10
  seed 123456
  mineval 10000000
  maxeval 10000000
  nstart 1000000
  nincrease 1000000
  nbatch 5000
  gridno 0
  statefile ""

Iteration 1:  1000000 integrand evaluations so far
[1] 16.933 +- 0.498015  	chisq 0 (0 df)

Iteration 2:  3000000 integrand evaluations so far
[1] 16.5021 +- 0.140428  	chisq 0.813209 (1 df)

Iteration 3:  6000000 integrand evaluations so far
[1] 16.5897 +- 0.0874511  	chisq 1.44848 (2 df)

Iteration 4:  10000000 integrand evaluations so far
[1] 16.572 +- 0.0644175  	chisq 1.53866 (3 df)
  16.572 ±  0.064        ( 27.3s) ┃  17.039 ±  0.064        (8.88mi) ┃
┃   98 -   100 ┃   53 -    54 ┃ 1.11015 ± 0.00095        ( 36.3s) ┃-0.56367 ± 0.00041        (3.86mi) ┃Vegas input parameters:
  ndim 7
  ncomp 1
  nvec 1
  epsrel 0
  epsabs 0
  flags 10
  seed 123456
  mineval 10000000
  maxeval 10000000
  nstart 1000000
  nincrease 1000000
  nbatch 5000
  gridno 0
  statefile ""

Iteration 1:  1000000 integrand evaluations so far
[1] 16.4937 +- 0.493422  	chisq 0 (0 df)

Iteration 2:  3000000 integrand evaluations so far
[1] 16.3389 +- 0.139814  	chisq 0.106977 (1 df)

Iteration 3:  6000000 integrand evaluations so far
[1] 16.4301 +- 0.0867668  	chisq 0.798101 (2 df)

Iteration 4:  10000000 integrand evaluations so far
[1] 16.5193 +- 0.0662814  	chisq 3.33646 (3 df)
  16.519 ±  0.066        ( 23.4s) ┃  17.066 ±  0.066        (4.85mi) ┃
┃   98 -   100 ┃   54 -    55 ┃ 0.80763 ± 0.00068        (7.92mi) ┃-0.41852 ± 0.00015        (7.47mi) ┃Vegas input parameters:
  ndim 7
  ncomp 1
  nvec 1
  epsrel 0
  epsabs 0
  flags 10
  seed 123456
  mineval 10000000
  maxeval 10000000
  nstart 1000000
  nincrease 1000000
  nbatch 5000
  gridno 0
  statefile ""

Iteration 1:  1000000 integrand evaluations so far
[1] 16.4646 +- 0.48974  	chisq 0 (0 df)

Iteration 2:  3000000 integrand evaluations so far
[1] 16.3489 +- 0.138711  	chisq 0.060616 (1 df)

Iteration 3:  6000000 integrand evaluations so far
[1] 16.3081 +- 0.0860803  	chisq 0.201479 (2 df)

Iteration 4:  10000000 integrand evaluations so far
[1] 16.3165 +- 0.0633928  	chisq 0.222185 (3 df)
  16.316 ±  0.063        ( 25.8s) ┃  16.706 ±  0.063        (15.8mi) ┃
┃   98 -   100 ┃   55 -    56 ┃ 0.75961 ± 0.0005        (2.11mi) ┃-0.39226 ± 0.00029        (14.8mi) ┃Vegas input parameters:
  ndim 7
  ncomp 1
  nvec 1
  epsrel 0
  epsabs 0
  flags 10
  seed 123456
  mineval 10000000
  maxeval 10000000
  nstart 1000000
  nincrease 1000000
  nbatch 5000
  gridno 0
  statefile ""

Iteration 1:  1000000 integrand evaluations so far
[1] 16.342 +- 0.490752  	chisq 0 (0 df)

Iteration 2:  3000000 integrand evaluations so far
[1] 16.4402 +- 0.138552  	chisq 0.0434617 (1 df)

Iteration 3:  6000000 integrand evaluations so far
[1] 16.2083 +- 0.0853953  	chisq 4.56034 (2 df)

Iteration 4:  10000000 integrand evaluations so far
[1] 16.2407 +- 0.0643603  	chisq 4.89389 (3 df)
  16.241 ±  0.064        ( 24.5s) ┃  16.608 ±  0.064        (17.3mi) ┃
┃   98 -   100 ┃   56 -    57 ┃ 0.77867 ± 0.0001        (3.96mi) ┃-0.39255 ± 0.00015        (1.95mi) ┃Vegas input parameters:
  ndim 7
  ncomp 1
  nvec 1
  epsrel 0
  epsabs 0
  flags 10
  seed 123456
  mineval 10000000
  maxeval 10000000
  nstart 1000000
  nincrease 1000000
  nbatch 5000
  gridno 0
  statefile ""

Iteration 1:  1000000 integrand evaluations so far
[1] 16.3074 +- 0.484277  	chisq 0 (0 df)

Iteration 2:  3000000 integrand evaluations so far
[1] 16.2801 +- 0.13765  	chisq 0.00346279 (1 df)

Iteration 3:  6000000 integrand evaluations so far
[1] 16.1732 +- 0.0873224  	chisq 1.01242 (2 df)

Iteration 4:  10000000 integrand evaluations so far
[1] 16.1253 +- 0.064703  	chisq 1.67833 (3 df)
  16.125 ±  0.065        (   25s) ┃  16.511 ±  0.065        (6.33mi) ┃
┃   98 -   100 ┃   57 -    58 ┃  0.8648 ± 0.00065        (4.01mi) ┃-0.44603 ± 0.00043        (14.9mi) ┃Vegas input parameters:
  ndim 7
  ncomp 1
  nvec 1
  epsrel 0
  epsabs 0
  flags 10
  seed 123456
  mineval 10000000
  maxeval 10000000
  nstart 1000000
  nincrease 1000000
  nbatch 5000
  gridno 0
  statefile ""

Iteration 1:  1000000 integrand evaluations so far
[1] 16.9002 +- 0.498845  	chisq 0 (0 df)

Iteration 2:  3000000 integrand evaluations so far
[1] 16.2244 +- 0.156484  	chisq 2.03562 (1 df)

Iteration 3:  6000000 integrand evaluations so far
[1] 16.116 +- 0.0943907  	chisq 2.79057 (2 df)

Iteration 4:  10000000 integrand evaluations so far
[1] 16.1772 +- 0.0694971  	chisq 3.71065 (3 df)
  16.177 ±  0.069        ( 25.8s) ┃  16.596 ±   0.07        (19.3mi) ┃
┃   98 -   100 ┃   58 -    59 ┃ 1.06119 ± 0.00077        (2.04mi) ┃ -0.5399 ± 0.00053        (7.25mi) ┃Vegas input parameters:
  ndim 7
  ncomp 1
  nvec 1
  epsrel 0
  epsabs 0
  flags 10
  seed 123456
  mineval 10000000
  maxeval 10000000
  nstart 1000000
  nincrease 1000000
  nbatch 5000
  gridno 0
  statefile ""

Iteration 1:  1000000 integrand evaluations so far
[1] 15.5534 +- 0.471809  	chisq 0 (0 df)

Iteration 2:  3000000 integrand evaluations so far
[1] 16.1071 +- 0.136575  	chisq 1.5028 (1 df)

Iteration 3:  6000000 integrand evaluations so far
[1] 15.9764 +- 0.0875998  	chisq 3.05678 (2 df)

Iteration 4:  10000000 integrand evaluations so far
[1] 15.9063 +- 0.0644348  	chisq 4.45182 (3 df)
  15.906 ±  0.064        ( 22.2s) ┃  16.428 ±  0.064        (9.67mi) ┃
┃   98 -   100 ┃   59 -    60 ┃  0.8281 ± 0.0001        (4.09mi) ┃-0.42383 ± 0.00024        (7.24mi) ┃Vegas input parameters:
  ndim 7
  ncomp 1
  nvec 1
  epsrel 0
  epsabs 0
  flags 10
  seed 123456
  mineval 10000000
  maxeval 10000000
  nstart 1000000
  nincrease 1000000
  nbatch 5000
  gridno 0
  statefile ""

Iteration 1:  1000000 integrand evaluations so far
[1] 15.7815 +- 0.471715  	chisq 0 (0 df)

Iteration 2:  3000000 integrand evaluations so far
[1] 15.9383 +- 0.136025  	chisq 0.120421 (1 df)

Iteration 3:  6000000 integrand evaluations so far
[1] 15.955 +- 0.0876465  	chisq 0.146216 (2 df)

Iteration 4:  10000000 integrand evaluations so far
[1] 15.9402 +- 0.0646693  	chisq 0.208726 (3 df)
   15.94 ±  0.065        ( 25.5s) ┃  16.344 ±  0.065        (11.8mi) ┃
┣━━━━━━━━━━━━━━╋━━━━━━━━━━━━━━╋━━━━━━━━━━━━━━━━━━━━━━━━━━━━━━━━━━╋━━━━━━━━━━━━━━━━━━━━━━━━━━━━━━━━━━╋━━━━━━━━━━━━━━━━━━━━━━━━━━━━━━━━━━╋━━━━━━━━━━━━━━━━━━━━━━━━━━━━━━━━━━┫
┃   96 -   100 ┃   25 -    60 ┃ 80.8441 ± 0.0066        (10.4hr) ┃-41.4371 ± 0.0032        (  34hr) ┃ 1.35713 ± 0.00067 ·10⁺⁰³ (41.8mi) ┃ 1.39654 ± 0.00067 ·10⁺⁰³ (45.2hr) ┃
┗━━━━━━━━━━━━━━┻━━━━━━━━━━━━━━┻━━━━━━━━━━━━━━━━━━━━━━━━━━━━━━━━━━┻━━━━━━━━━━━━━━━━━━━━━━━━━━━━━━━━━━┻━━━━━━━━━━━━━━━━━━━━━━━━━━━━━━━━━━┻━━━━━━━━━━━━━━━━━━━━━━━━━━━━━━━━━━┛

╍╍╍╍╍╍╍╍╍╍╍╍╍╍╍╍╍╍╍╍╍╍╍╍╍╍╍╍╍╍╍╍ Summary ╍╍╍╍╍╍╍╍╍╍╍╍╍╍╍╍╍╍╍╍╍╍╍╍╍╍╍╍╍╍╍
      Total cross section                    1.39654 ± 0.00067          pb
         Calculation time                               45.2       hours
              Output file                    outputs/qt_qt96_100_NLL_muR1.0_muF0.5.root            
      Result in text file                    outputs/qt_qt96_100_NLL_muR1.0_muF0.5.txt            

╍╍╍╍╍╍╍╍╍╍╍╍╍╍╍╍╍╍╍╍╍╍╍╍╍╍╍╍╍╍╍╍╍╍╍╍╍╍╍╍╍╍╍╍╍╍╍╍╍╍╍╍╍╍╍╍╍╍╍╍╍╍╍╍╍╍╍╍╍╍╍╍

