
╍╍╍╍╍╍╍╍╍╍╍╍╍╍╍╍╍╍╍╍╍╍╍╍╍╍╍ Process settings ╍╍╍╍╍╍╍╍╍╍╍╍╍╍╍╍╍╍╍╍╍╍╍╍╍╍╍
   proton-proton collisions at sqrt(s) = 13000 GeV 
   Computing NLO+NLL resummed cross section
   W+ ->  nu(p3)+e+(p4) production 

╍╍╍╍╍╍╍╍╍╍╍╍╍╍╍╍╍╍╍╍╍╍╍╍╍╍╍╍╍╍ CKM matrix ╍╍╍╍╍╍╍╍╍╍╍╍╍╍╍╍╍╍╍╍╍╍╍╍╍╍╍╍╍╍
     | Vud Vus Vub |   |   0.97427   0.2253  0.00351 | 
     | Vcd Vcs Vcb | = |    0.2252  0.97344   0.0412 | 
     | Vtd Vts Vtb |   |         0        0        0 | 

╍╍╍╍╍╍╍╍╍╍╍╍╍╍╍╍╍╍╍╍╍╍╍╍╍╍╍╍╍ EW parameters ╍╍╍╍╍╍╍╍╍╍╍╍╍╍╍╍╍╍╍╍╍╍╍╍╍╍╍╍
                                         Gf =  1.1663787e-05      GeV^-2
                                    1/alpha =  132.233229791            
                                 sin(thW)^2 = 0.222897222524            
                                     W mass =         80.385         GeV
                                     Z mass =        91.1876         GeV
                                    W width =          2.091         GeV
                                    Z width =          2.495         GeV

╍╍╍╍╍╍╍╍╍╍╍╍╍╍╍╍╍╍╍╍╍╍╍╍╍╍╍╍╍ QCD settings ╍╍╍╍╍╍╍╍╍╍╍╍╍╍╍╍╍╍╍╍╍╍╍╍╍╍╍╍╍
   Renormalization scale:     dynamic muren =              1      * m_ll
     Factorization scale:     dynamic mufac =              1      * m_ll
       Resummation scale:     dynamic mures =              1      * m_ll
          Strong coupling       alpha_s(MZ) =       0.118001            
                              running order =              2       -loop
         Non-perturbative     form factor g =            0.7       GeV^2

╍╍╍╍╍╍╍╍╍╍╍╍╍╍╍╍╍╍╍╍╍╍╍╍╍╍╍╍╍ PDF settings ╍╍╍╍╍╍╍╍╍╍╍╍╍╍╍╍╍╍╍╍╍╍╍╍╍╍╍╍╍
                                     PDF set:MSHT20nnlo_as118            
                                  PDF member:              0            
  Mellin moments of PDFs:                    Numerical integration            
                         nodes for the quadrature:            200            
                         Intervals for the quadrature:              1            

╍╍╍╍╍╍╍╍╍╍╍╍╍╍╍╍╍╍╍╍╍╍╍╍╍╍╍╍╍╍╍ qT recoil ╍╍╍╍╍╍╍╍╍╍╍╍╍╍╍╍╍╍╍╍╍╍╍╍╍╍╍╍╍╍
  qt-recoil prescription:       Collins-Soper kt1 = p_V(x)/2; kt2 = p_V(y)/2            

╍╍╍╍╍╍╍╍╍╍╍╍╍╍╍╍╍╍╍╍╍╍╍╍╍╍╍╍╍╍╍╍╍ Cuts ╍╍╍╍╍╍╍╍╍╍╍╍╍╍╍╍╍╍╍╍╍╍╍╍╍╍╍╍╍╍╍╍╍
                                  apply cuts:           true            
                                      pt_l >               0            
                                   |eta_l| <            1000            
                                    pt_lep >              25            
                                 |eta_lep| <             2.4            
                                   pt_alep >              25            
                                |eta_alep| <             2.4            
                                  user cuts:            true            

╍╍╍╍╍╍╍╍╍╍╍╍╍╍╍╍╍╍╍╍╍╍╍╍╍╍╍╍ ResummationDamp ╍╍╍╍╍╍╍╍╍╍╍╍╍╍╍╍╍╍╍╍╍╍╍╍╍╍╍
                                    damping :             on            
                                damping mode:              1            
                                  damp above:        60.2888         GeV
                               damping width:        20.0963         GeV
                          resummation cutoff:             20         MeV

╍╍╍╍╍╍╍╍╍╍╍╍╍╍╍╍╍╍╍╍╍╍╍╍╍╍╍╍ Debug settings ╍╍╍╍╍╍╍╍╍╍╍╍╍╍╍╍╍╍╍╍╍╍╍╍╍╍╍╍
                                 timeprofile:          false            
                                     verbose:          false            
                               cubaverbosity:              2            

╍╍╍╍╍╍╍╍╍╍╍╍╍╍╍╍╍╍╍╍╍╍╍╍╍╍╍╍╍╍╍╍╍╍╍╍╍╍╍╍╍╍╍╍╍╍╍╍╍╍╍╍╍╍╍╍╍╍╍╍╍╍╍╍╍╍╍╍╍╍╍╍

Warning: Histogram `a1_qt` contains non-integrable observable and will be deleted 
Warning: Histogram `a1_qt_vs_y` contains non-integrable observable and will be deleted 
Warning: Histogram `s_biganswer` contains non-integrable observable and will be deleted 
Warning: Histogram `wgt_a1_qt` contains non-integrable observable and will be deleted 

╍╍╍╍╍╍╍╍╍╍╍╍╍╍╍╍╍╍╍╍╍╍╍╍╍ Integration settings ╍╍╍╍╍╍╍╍╍╍╍╍╍╍╍╍╍╍╍╍╍╍╍╍╍
             Random seeds              123456                           
           Parallel cores                   1                           

             Resummation:     cuhre (dm, dpt)         iter =           5
                                   gauss (dy)        nodes =          64
                                                 intervals =           1
            Counter term:      cuhre (dm, dy)         iter =           5
                                  gauss (dpt)        nodes =          20
                                                 intervals =           5
                     V+J:            vegas 7D       ncalls =    10000000

Mellin inverse transform:           gaussian         nodes =          30
                                                 intervals =           1
                               imaginary axis         zmax =           2
  Angular variable costh:     semi-analytical      ncstart =         100
   Angular variables phi:            gaussian    intervals =          20

      Constant boundaries                  q2          low =          80
                                                      high =         100
                                            y          low =          -6
                                                      high =           6
                                        costh          low =          -1
                                                      high =           1
                                       eta(l)          low =         -10
                                                      high =          10

┏━━━━━━━━━━━━━━┰━━━━━━━━━━━━━━┰━━━━━━━━━━━━━━━━━━━━━━━━━━━━━━━━━━┰━━━━━━━━━━━━━━━━━━━━━━━━━━━━━━━━━━┰━━━━━━━━━━━━━━━━━━━━━━━━━━━━━━━━━━┰━━━━━━━━━━━━━━━━━━━━━━━━━━━━━━━━━━┓
┃           qT ┃        pT(l) ┃                      Resummation ┃                     Counter term ┃                              V+J ┃                            TOTAL ┃
┣━━━━━━━━━━━━━━╋━━━━━━━━━━━━━━╋━━━━━━━━━━━━━━━━━━━━━━━━━━━━━━━━━━╋━━━━━━━━━━━━━━━━━━━━━━━━━━━━━━━━━━╋━━━━━━━━━━━━━━━━━━━━━━━━━━━━━━━━━━╋━━━━━━━━━━━━━━━━━━━━━━━━━━━━━━━━━━┫
┃   48 -    50 ┃   25 -    26 ┃  440.96 ±   0.25        ( 14.1s) ┃-252.621 ±  0.038        (29.7mi) ┃Vegas input parameters:
  ndim 7
  ncomp 1
  nvec 1
  epsrel 0
  epsabs 0
  flags 10
  seed 123456
  mineval 10000000
  maxeval 10000000
  nstart 1000000
  nincrease 1000000
  nbatch 5000
  gridno 0
  statefile ""

Iteration 1:  1000000 integrand evaluations so far
[1] 328.569 +- 6.52344  	chisq 0 (0 df)

Iteration 2:  3000000 integrand evaluations so far
[1] 320.038 +- 1.9628  	chisq 1.88053 (1 df)

Iteration 3:  6000000 integrand evaluations so far
[1] 320.475 +- 1.20637  	chisq 1.95994 (2 df)

Iteration 4:  10000000 integrand evaluations so far
[1] 321.717 +- 0.876143  	chisq 4.20299 (3 df)
  321.72 ±   0.88        ( 40.4s) ┃  510.06 ±   0.91        (30.6mi) ┃
┃   48 -    50 ┃   26 -    27 ┃  400.94 ±   0.29        (2.34mi) ┃-230.174 ±  0.095        (14.2mi) ┃Vegas input parameters:
  ndim 7
  ncomp 1
  nvec 1
  epsrel 0
  epsabs 0
  flags 10
  seed 123456
  mineval 10000000
  maxeval 10000000
  nstart 1000000
  nincrease 1000000
  nbatch 5000
  gridno 0
  statefile ""

Iteration 1:  1000000 integrand evaluations so far
[1] 292.496 +- 6.08334  	chisq 0 (0 df)

Iteration 2:  3000000 integrand evaluations so far
[1] 292.597 +- 1.73143  	chisq 0.000295853 (1 df)

Iteration 3:  6000000 integrand evaluations so far
[1] 291.227 +- 1.13824  	chisq 1.10295 (2 df)

Iteration 4:  10000000 integrand evaluations so far
[1] 290.663 +- 0.841254  	chisq 1.64287 (3 df)
  290.66 ±   0.84        (   37s) ┃  461.43 ±   0.89        (17.2mi) ┃
┃   48 -    50 ┃   27 -    28 ┃   381.3 ±   0.33        ( 11.1s) ┃ -220.12 ±   0.19        (7.05mi) ┃Vegas input parameters:
  ndim 7
  ncomp 1
  nvec 1
  epsrel 0
  epsabs 0
  flags 10
  seed 123456
  mineval 10000000
  maxeval 10000000
  nstart 1000000
  nincrease 1000000
  nbatch 5000
  gridno 0
  statefile ""

Iteration 1:  1000000 integrand evaluations so far
[1] 281.71 +- 5.92373  	chisq 0 (0 df)

Iteration 2:  3000000 integrand evaluations so far
[1] 269.243 +- 1.63145  	chisq 4.79279 (1 df)

Iteration 3:  6000000 integrand evaluations so far
[1] 269.754 +- 1.01744  	chisq 4.95357 (2 df)

Iteration 4:  10000000 integrand evaluations so far
[1] 269.66 +- 0.752678  	chisq 4.97257 (3 df)
  269.66 ±   0.75        ( 39.1s) ┃  430.84 ±   0.84        (7.89mi) ┃
┃   48 -    50 ┃   28 -    29 ┃  375.87 ±   0.26        (1.27mi) ┃-215.981 ±  0.036        (7.26mi) ┃Vegas input parameters:
  ndim 7
  ncomp 1
  nvec 1
  epsrel 0
  epsabs 0
  flags 10
  seed 123456
  mineval 10000000
  maxeval 10000000
  nstart 1000000
  nincrease 1000000
  nbatch 5000
  gridno 0
  statefile ""

Iteration 1:  1000000 integrand evaluations so far
[1] 240.68 +- 5.34112  	chisq 0 (0 df)

Iteration 2:  3000000 integrand evaluations so far
[1] 249.73 +- 1.56264  	chisq 3.13952 (1 df)

Iteration 3:  6000000 integrand evaluations so far
[1] 250.475 +- 0.993803  	chisq 3.52143 (2 df)

Iteration 4:  10000000 integrand evaluations so far
[1] 251.414 +- 0.759637  	chisq 5.66816 (3 df)
  251.41 ±   0.76        ( 40.5s) ┃  411.31 ±   0.81        (9.21mi) ┃
┃   48 -    50 ┃   29 -    30 ┃ 332.192 ±  0.094        (1.29mi) ┃ -191.02 ±   0.13        (6.93mi) ┃Vegas input parameters:
  ndim 7
  ncomp 1
  nvec 1
  epsrel 0
  epsabs 0
  flags 10
  seed 123456
  mineval 10000000
  maxeval 10000000
  nstart 1000000
  nincrease 1000000
  nbatch 5000
  gridno 0
  statefile ""

Iteration 1:  1000000 integrand evaluations so far
[1] 238.955 +- 5.32502  	chisq 0 (0 df)

Iteration 2:  3000000 integrand evaluations so far
[1] 237.01 +- 1.50747  	chisq 0.144972 (1 df)

Iteration 3:  6000000 integrand evaluations so far
[1] 237.292 +- 0.978394  	chisq 0.205502 (2 df)

Iteration 4:  10000000 integrand evaluations so far
[1] 238.109 +- 0.723991  	chisq 1.74621 (3 df)
  238.11 ±   0.72        ( 40.5s) ┃  379.28 ±   0.74        (8.89mi) ┃
┃   48 -    50 ┃   30 -    31 ┃  354.36 ±   0.22        ( 20.1s) ┃ -203.14 ±    0.1        (3.46mi) ┃Vegas input parameters:
  ndim 7
  ncomp 1
  nvec 1
  epsrel 0
  epsabs 0
  flags 10
  seed 123456
  mineval 10000000
  maxeval 10000000
  nstart 1000000
  nincrease 1000000
  nbatch 5000
  gridno 0
  statefile ""

Iteration 1:  1000000 integrand evaluations so far
[1] 235.031 +- 5.23892  	chisq 0 (0 df)

Iteration 2:  3000000 integrand evaluations so far
[1] 227.378 +- 1.44751  	chisq 2.31052 (1 df)

Iteration 3:  6000000 integrand evaluations so far
[1] 225.181 +- 0.896476  	chisq 6.04898 (2 df)

Iteration 4:  10000000 integrand evaluations so far
[1] 224.652 +- 0.694686  	chisq 6.91933 (3 df)
  224.65 ±   0.69        ( 38.2s) ┃  375.88 ±   0.74        (4.43mi) ┃
┃   48 -    50 ┃   31 -    32 ┃ 308.442 ±  0.094        (4.76mi) ┃-177.225 ±  0.085        (27.3mi) ┃Vegas input parameters:
  ndim 7
  ncomp 1
  nvec 1
  epsrel 0
  epsabs 0
  flags 10
  seed 123456
  mineval 10000000
  maxeval 10000000
  nstart 1000000
  nincrease 1000000
  nbatch 5000
  gridno 0
  statefile ""

Iteration 1:  1000000 integrand evaluations so far
[1] 212.213 +- 4.90922  	chisq 0 (0 df)

Iteration 2:  3000000 integrand evaluations so far
[1] 215.117 +- 1.39435  	chisq 0.38069 (1 df)

Iteration 3:  6000000 integrand evaluations so far
[1] 213.466 +- 0.864128  	chisq 2.65563 (2 df)

Iteration 4:  10000000 integrand evaluations so far
[1] 213.821 +- 0.658778  	chisq 3.05672 (3 df)
  213.82 ±   0.66        ( 39.7s) ┃  345.04 ±   0.67        (32.8mi) ┃
┃   48 -    50 ┃   32 -    33 ┃  323.77 ±   0.31        ( 42.4s) ┃-185.569 ±  0.076        (13.8mi) ┃Vegas input parameters:
  ndim 7
  ncomp 1
  nvec 1
  epsrel 0
  epsabs 0
  flags 10
  seed 123456
  mineval 10000000
  maxeval 10000000
  nstart 1000000
  nincrease 1000000
  nbatch 5000
  gridno 0
  statefile ""

Iteration 1:  1000000 integrand evaluations so far
[1] 205.146 +- 4.79109  	chisq 0 (0 df)

Iteration 2:  3000000 integrand evaluations so far
[1] 205.308 +- 1.34926  	chisq 0.00124618 (1 df)

Iteration 3:  6000000 integrand evaluations so far
[1] 204.701 +- 0.838394  	chisq 0.331446 (2 df)

Iteration 4:  10000000 integrand evaluations so far
[1] 204.892 +- 0.630289  	chisq 0.451875 (3 df)
  204.89 ±   0.63        ( 40.6s) ┃  343.09 ±   0.71        (15.2mi) ┃
┃   48 -    50 ┃   33 -    34 ┃  296.44 ±   0.16        (2.53mi) ┃ -170.69 ±   0.14        (13.4mi) ┃Vegas input parameters:
  ndim 7
  ncomp 1
  nvec 1
  epsrel 0
  epsabs 0
  flags 10
  seed 123456
  mineval 10000000
  maxeval 10000000
  nstart 1000000
  nincrease 1000000
  nbatch 5000
  gridno 0
  statefile ""

Iteration 1:  1000000 integrand evaluations so far
[1] 198.408 +- 4.68705  	chisq 0 (0 df)

Iteration 2:  3000000 integrand evaluations so far
[1] 197.124 +- 1.30417  	chisq 0.081371 (1 df)

Iteration 3:  6000000 integrand evaluations so far
[1] 196.983 +- 0.861639  	chisq 0.102064 (2 df)

Iteration 4:  10000000 integrand evaluations so far
[1] 197.532 +- 0.642815  	chisq 1.01874 (3 df)
  197.53 ±   0.64        ( 39.5s) ┃  323.28 ±   0.68        (16.5mi) ┃
┃   48 -    50 ┃   34 -    35 ┃  318.99 ±   0.23        ( 19.8s) ┃-182.817 ±  0.027        (6.81mi) ┃Vegas input parameters:
  ndim 7
  ncomp 1
  nvec 1
  epsrel 0
  epsabs 0
  flags 10
  seed 123456
  mineval 10000000
  maxeval 10000000
  nstart 1000000
  nincrease 1000000
  nbatch 5000
  gridno 0
  statefile ""

Iteration 1:  1000000 integrand evaluations so far
[1] 188.658 +- 4.5238  	chisq 0 (0 df)

Iteration 2:  3000000 integrand evaluations so far
[1] 188.65 +- 1.2539  	chisq 2.87923e-06 (1 df)

Iteration 3:  6000000 integrand evaluations so far
[1] 188.784 +- 0.795914  	chisq 0.018881 (2 df)

Iteration 4:  10000000 integrand evaluations so far
[1] 189.216 +- 0.617107  	chisq 0.759265 (3 df)
  189.22 ±   0.62        ( 39.3s) ┃  325.39 ±   0.66        (7.79mi) ┃
┃   48 -    50 ┃   35 -    36 ┃  270.83 ±   0.17        ( 41.4s) ┃ -156.33 ±   0.11        ( 14.1s) ┃Vegas input parameters:
  ndim 7
  ncomp 1
  nvec 1
  epsrel 0
  epsabs 0
  flags 10
  seed 123456
  mineval 10000000
  maxeval 10000000
  nstart 1000000
  nincrease 1000000
  nbatch 5000
  gridno 0
  statefile ""

Iteration 1:  1000000 integrand evaluations so far
[1] 182.92 +- 4.46233  	chisq 0 (0 df)

Iteration 2:  3000000 integrand evaluations so far
[1] 182.291 +- 1.22953  	chisq 0.0215359 (1 df)

Iteration 3:  6000000 integrand evaluations so far
[1] 182.304 +- 0.776204  	chisq 0.0217324 (2 df)

Iteration 4:  10000000 integrand evaluations so far
[1] 181.642 +- 0.576173  	chisq 1.64173 (3 df)
  181.64 ±   0.58        ( 39.5s) ┃  296.13 ±   0.61        (1.58mi) ┃
┃   48 -    50 ┃   36 -    37 ┃ 279.982 ±  0.052        (4.65mi) ┃-161.136 ±  0.051        (26.4mi) ┃Vegas input parameters:
  ndim 7
  ncomp 1
  nvec 1
  epsrel 0
  epsabs 0
  flags 10
  seed 123456
  mineval 10000000
  maxeval 10000000
  nstart 1000000
  nincrease 1000000
  nbatch 5000
  gridno 0
  statefile ""

Iteration 1:  1000000 integrand evaluations so far
[1] 168.358 +- 4.21652  	chisq 0 (0 df)

Iteration 2:  3000000 integrand evaluations so far
[1] 175.118 +- 1.31353  	chisq 2.84641 (1 df)

Iteration 3:  6000000 integrand evaluations so far
[1] 174.879 +- 0.798632  	chisq 2.89901 (2 df)

Iteration 4:  10000000 integrand evaluations so far
[1] 175.174 +- 0.57426  	chisq 3.18067 (3 df)
  175.17 ±   0.57        (   40s) ┃  294.02 ±   0.58        (31.8mi) ┃
┃   48 -    50 ┃   37 -    38 ┃  290.44 ±    0.2        ( 6.66s) ┃-166.506 ±   0.03        ( 3.5mi) ┃Vegas input parameters:
  ndim 7
  ncomp 1
  nvec 1
  epsrel 0
  epsabs 0
  flags 10
  seed 123456
  mineval 10000000
  maxeval 10000000
  nstart 1000000
  nincrease 1000000
  nbatch 5000
  gridno 0
  statefile ""

Iteration 1:  1000000 integrand evaluations so far
[1] 171.016 +- 4.22886  	chisq 0 (0 df)

Iteration 2:  3000000 integrand evaluations so far
[1] 170.117 +- 1.17308  	chisq 0.0488947 (1 df)

Iteration 3:  6000000 integrand evaluations so far
[1] 169.88 +- 0.760329  	chisq 0.119262 (2 df)

Iteration 4:  10000000 integrand evaluations so far
[1] 170.014 +- 0.560998  	chisq 0.186673 (3 df)
  170.01 ±   0.56        ( 37.3s) ┃  293.95 ±    0.6        (4.24mi) ┃
┃   48 -    50 ┃   38 -    39 ┃  263.59 ±   0.26        ( 25.7s) ┃  -150.9 ±   0.15        (13.3mi) ┃Vegas input parameters:
  ndim 7
  ncomp 1
  nvec 1
  epsrel 0
  epsabs 0
  flags 10
  seed 123456
  mineval 10000000
  maxeval 10000000
  nstart 1000000
  nincrease 1000000
  nbatch 5000
  gridno 0
  statefile ""

Iteration 1:  1000000 integrand evaluations so far
[1] 165.86 +- 4.12863  	chisq 0 (0 df)

Iteration 2:  3000000 integrand evaluations so far
[1] 164.327 +- 1.1323  	chisq 0.149126 (1 df)

Iteration 3:  6000000 integrand evaluations so far
[1] 165.022 +- 0.741643  	chisq 0.808776 (2 df)

Iteration 4:  10000000 integrand evaluations so far
[1] 165.413 +- 0.547982  	chisq 1.42282 (3 df)
  165.41 ±   0.55        ( 39.5s) ┃   278.1 ±   0.62        (14.4mi) ┃
┃   48 -    50 ┃   39 -    40 ┃ 271.319 ±  0.026        (1.54mi) ┃ -155.19 ±   0.14        (52.1mi) ┃Vegas input parameters:
  ndim 7
  ncomp 1
  nvec 1
  epsrel 0
  epsabs 0
  flags 10
  seed 123456
  mineval 10000000
  maxeval 10000000
  nstart 1000000
  nincrease 1000000
  nbatch 5000
  gridno 0
  statefile ""

Iteration 1:  1000000 integrand evaluations so far
[1] 162.365 +- 4.08683  	chisq 0 (0 df)

Iteration 2:  3000000 integrand evaluations so far
[1] 161.279 +- 1.1131  	chisq 0.0763667 (1 df)

Iteration 3:  6000000 integrand evaluations so far
[1] 160.811 +- 0.687633  	chisq 0.362018 (2 df)

Iteration 4:  10000000 integrand evaluations so far
[1] 160.546 +- 0.506469  	chisq 0.686353 (3 df)
  160.55 ±   0.51        ( 38.6s) ┃  276.68 ±   0.53        (54.3mi) ┃
┃   48 -    50 ┃   40 -    41 ┃  244.01 ±   0.24        ( 49.6s) ┃-139.086 ±  0.082        ( 6.5mi) ┃Vegas input parameters:
  ndim 7
  ncomp 1
  nvec 1
  epsrel 0
  epsabs 0
  flags 10
  seed 123456
  mineval 10000000
  maxeval 10000000
  nstart 1000000
  nincrease 1000000
  nbatch 5000
  gridno 0
  statefile ""

Iteration 1:  1000000 integrand evaluations so far
[1] 155.527 +- 3.94598  	chisq 0 (0 df)

Iteration 2:  3000000 integrand evaluations so far
[1] 155.982 +- 1.07878  	chisq 0.0143677 (1 df)

Iteration 3:  6000000 integrand evaluations so far
[1] 156.093 +- 0.670007  	chisq 0.0316817 (2 df)

Iteration 4:  10000000 integrand evaluations so far
[1] 156.389 +- 0.504335  	chisq 0.48234 (3 df)
  156.39 ±    0.5        ( 39.7s) ┃  261.32 ±   0.56        (7.99mi) ┃
┃   48 -    50 ┃   41 -    42 ┃  275.08 ±   0.24        ( 42.4s) ┃-158.267 ±  0.042        (25.9mi) ┃Vegas input parameters:
  ndim 7
  ncomp 1
  nvec 1
  epsrel 0
  epsabs 0
  flags 10
  seed 123456
  mineval 10000000
  maxeval 10000000
  nstart 1000000
  nincrease 1000000
  nbatch 5000
  gridno 0
  statefile ""

Iteration 1:  1000000 integrand evaluations so far
[1] 145.51 +- 3.79338  	chisq 0 (0 df)

Iteration 2:  3000000 integrand evaluations so far
[1] 151.945 +- 1.05435  	chisq 3.11898 (1 df)

Iteration 3:  6000000 integrand evaluations so far
[1] 152.17 +- 0.657192  	chisq 3.1935 (2 df)

Iteration 4:  10000000 integrand evaluations so far
[1] 152.722 +- 0.515792  	chisq 5.03319 (3 df)
  152.72 ±   0.52        ( 40.1s) ┃  269.54 ±   0.57        (27.3mi) ┃
┃   48 -    50 ┃   42 -    43 ┃   248.2 ±   0.18        ( 41.1s) ┃  -141.9 ±  0.081        (12.9mi) ┃Vegas input parameters:
  ndim 7
  ncomp 1
  nvec 1
  epsrel 0
  epsabs 0
  flags 10
  seed 123456
  mineval 10000000
  maxeval 10000000
  nstart 1000000
  nincrease 1000000
  nbatch 5000
  gridno 0
  statefile ""

Iteration 1:  1000000 integrand evaluations so far
[1] 145.753 +- 3.80799  	chisq 0 (0 df)

Iteration 2:  3000000 integrand evaluations so far
[1] 149.405 +- 1.03693  	chisq 0.993372 (1 df)

Iteration 3:  6000000 integrand evaluations so far
[1] 149.298 +- 0.681531  	chisq 1.01207 (2 df)

Iteration 4:  10000000 integrand evaluations so far
[1] 149.103 +- 0.502964  	chisq 1.19214 (3 df)
   149.1 ±    0.5        ( 39.2s) ┃   255.4 ±   0.54        (14.3mi) ┃
┃   48 -    50 ┃   43 -    44 ┃ 222.957 ±  0.089        (1.31mi) ┃-128.382 ±  0.037        (25.5mi) ┃Vegas input parameters:
  ndim 7
  ncomp 1
  nvec 1
  epsrel 0
  epsabs 0
  flags 10
  seed 123456
  mineval 10000000
  maxeval 10000000
  nstart 1000000
  nincrease 1000000
  nbatch 5000
  gridno 0
  statefile ""

Iteration 1:  1000000 integrand evaluations so far
[1] 145.295 +- 3.79752  	chisq 0 (0 df)

Iteration 2:  3000000 integrand evaluations so far
[1] 145.318 +- 1.0224  	chisq 4.25306e-05 (1 df)

Iteration 3:  6000000 integrand evaluations so far
[1] 144.815 +- 0.634819  	chisq 0.393934 (2 df)

Iteration 4:  10000000 integrand evaluations so far
[1] 144.621 +- 0.474073  	chisq 0.60525 (3 df)
  144.62 ±   0.47        ( 39.1s) ┃   239.2 ±   0.48        (27.5mi) ┃
┃   48 -    50 ┃   44 -    45 ┃  269.38 ±   0.13        ( 9.82s) ┃-153.628 ±  0.055        (3.25mi) ┃Vegas input parameters:
  ndim 7
  ncomp 1
  nvec 1
  epsrel 0
  epsabs 0
  flags 10
  seed 123456
  mineval 10000000
  maxeval 10000000
  nstart 1000000
  nincrease 1000000
  nbatch 5000
  gridno 0
  statefile ""

Iteration 1:  1000000 integrand evaluations so far
[1] 143.543 +- 3.75842  	chisq 0 (0 df)

Iteration 2:  3000000 integrand evaluations so far
[1] 142.43 +- 1.01126  	chisq 0.094464 (1 df)

Iteration 3:  6000000 integrand evaluations so far
[1] 141.612 +- 0.62408  	chisq 1.15206 (2 df)

Iteration 4:  10000000 integrand evaluations so far
[1] 141.979 +- 0.48604  	chisq 2.03367 (3 df)
  141.98 ±   0.49        ( 38.6s) ┃  257.74 ±   0.51        (4.05mi) ┃
┃   48 -    50 ┃   45 -    46 ┃ 208.464 ±  0.058        ( 40.7s) ┃-119.684 ±   0.05        (12.8mi) ┃Vegas input parameters:
  ndim 7
  ncomp 1
  nvec 1
  epsrel 0
  epsabs 0
  flags 10
  seed 123456
  mineval 10000000
  maxeval 10000000
  nstart 1000000
  nincrease 1000000
  nbatch 5000
  gridno 0
  statefile ""

Iteration 1:  1000000 integrand evaluations so far
[1] 139.237 +- 3.67927  	chisq 0 (0 df)

Iteration 2:  3000000 integrand evaluations so far
[1] 138.789 +- 0.989406  	chisq 0.0159671 (1 df)

Iteration 3:  6000000 integrand evaluations so far
[1] 138.651 +- 0.61327  	chisq 0.0475155 (2 df)

Iteration 4:  10000000 integrand evaluations so far
[1] 138.769 +- 0.461544  	chisq 0.132472 (3 df)
  138.77 ±   0.46        ( 40.2s) ┃  227.55 ±   0.47        (14.1mi) ┃
┃   48 -    50 ┃   46 -    47 ┃  229.28 ±   0.18        (1.26mi) ┃ -131.51 ±    0.1        (12.8mi) ┃Vegas input parameters:
  ndim 7
  ncomp 1
  nvec 1
  epsrel 0
  epsabs 0
  flags 10
  seed 123456
  mineval 10000000
  maxeval 10000000
  nstart 1000000
  nincrease 1000000
  nbatch 5000
  gridno 0
  statefile ""

Iteration 1:  1000000 integrand evaluations so far
[1] 136.992 +- 3.66851  	chisq 0 (0 df)

Iteration 2:  3000000 integrand evaluations so far
[1] 136.74 +- 1.09815  	chisq 0.00515242 (1 df)

Iteration 3:  6000000 integrand evaluations so far
[1] 135.814 +- 0.658329  	chisq 1.11635 (2 df)

Iteration 4:  10000000 integrand evaluations so far
[1] 135.922 +- 0.477734  	chisq 1.17373 (3 df)
  135.92 ±   0.48        (   39s) ┃  233.69 ±   0.52        (14.7mi) ┃
┃   48 -    50 ┃   47 -    48 ┃  235.27 ±   0.18        (2.36mi) ┃ -134.05 ±   0.12        (12.7mi) ┃Vegas input parameters:
  ndim 7
  ncomp 1
  nvec 1
  epsrel 0
  epsabs 0
  flags 10
  seed 123456
  mineval 10000000
  maxeval 10000000
  nstart 1000000
  nincrease 1000000
  nbatch 5000
  gridno 0
  statefile ""

Iteration 1:  1000000 integrand evaluations so far
[1] 132.426 +- 3.5813  	chisq 0 (0 df)

Iteration 2:  3000000 integrand evaluations so far
[1] 134.013 +- 0.957449  	chisq 0.211491 (1 df)

Iteration 3:  6000000 integrand evaluations so far
[1] 134.459 +- 0.605645  	chisq 0.573501 (2 df)

Iteration 4:  10000000 integrand evaluations so far
[1] 134.246 +- 0.451812  	chisq 0.852572 (3 df)
  134.25 ±   0.45        ( 39.7s) ┃  235.46 ±    0.5        (15.7mi) ┃
┃   48 -    50 ┃   48 -    49 ┃ 205.415 ±  0.084        ( 40.9s) ┃ -118.55 ±   0.12        ( 49.5s) ┃Vegas input parameters:
  ndim 7
  ncomp 1
  nvec 1
  epsrel 0
  epsabs 0
  flags 10
  seed 123456
  mineval 10000000
  maxeval 10000000
  nstart 1000000
  nincrease 1000000
  nbatch 5000
  gridno 0
  statefile ""

Iteration 1:  1000000 integrand evaluations so far
[1] 130.641 +- 3.54128  	chisq 0 (0 df)

Iteration 2:  3000000 integrand evaluations so far
[1] 133.122 +- 0.945255  	chisq 0.528395 (1 df)

Iteration 3:  6000000 integrand evaluations so far
[1] 132.761 +- 0.589949  	chisq 0.767494 (2 df)

Iteration 4:  10000000 integrand evaluations so far
[1] 132.294 +- 0.43362  	chisq 2.13044 (3 df)
  132.29 ±   0.43        ( 39.8s) ┃  219.16 ±   0.46        (2.17mi) ┃
┃   48 -    50 ┃   49 -    50 ┃  243.11 ±   0.21        (1.24mi) ┃-147.753 ±  0.056        ( 51.3s) ┃Vegas input parameters:
  ndim 7
  ncomp 1
  nvec 1
  epsrel 0
  epsabs 0
  flags 10
  seed 123456
  mineval 10000000
  maxeval 10000000
  nstart 1000000
  nincrease 1000000
  nbatch 5000
  gridno 0
  statefile ""

Iteration 1:  1000000 integrand evaluations so far
[1] 128.611 +- 3.52223  	chisq 0 (0 df)

Iteration 2:  3000000 integrand evaluations so far
[1] 132.357 +- 1.00427  	chisq 1.23159 (1 df)

Iteration 3:  6000000 integrand evaluations so far
[1] 130.954 +- 0.613319  	chisq 4.34342 (2 df)

Iteration 4:  10000000 integrand evaluations so far
[1] 130.975 +- 0.446872  	chisq 4.34582 (3 df)
  130.97 ±   0.45        ( 39.3s) ┃  226.33 ±    0.5        (2.75mi) ┃
┃   48 -    50 ┃   50 -    51 ┃  184.45 ±   0.13        (1.36mi) ┃-105.694 ±  0.087        (12.4mi) ┃Vegas input parameters:
  ndim 7
  ncomp 1
  nvec 1
  epsrel 0
  epsabs 0
  flags 10
  seed 123456
  mineval 10000000
  maxeval 10000000
  nstart 1000000
  nincrease 1000000
  nbatch 5000
  gridno 0
  statefile ""

Iteration 1:  1000000 integrand evaluations so far
[1] 133.618 +- 3.61219  	chisq 0 (0 df)

Iteration 2:  3000000 integrand evaluations so far
[1] 129.247 +- 0.923708  	chisq 1.56693 (1 df)

Iteration 3:  6000000 integrand evaluations so far
[1] 128.728 +- 0.577373  	chisq 2.08381 (2 df)

Iteration 4:  10000000 integrand evaluations so far
[1] 129.043 +- 0.430326  	chisq 2.7508 (3 df)
  129.04 ±   0.43        (   39s) ┃   207.8 ±   0.46        (14.4mi) ┃
┃   48 -    50 ┃   51 -    52 ┃ 204.565 ±  0.046        ( 1.2mi) ┃-117.641 ±  0.008        (6.35mi) ┃Vegas input parameters:
  ndim 7
  ncomp 1
  nvec 1
  epsrel 0
  epsabs 0
  flags 10
  seed 123456
  mineval 10000000
  maxeval 10000000
  nstart 1000000
  nincrease 1000000
  nbatch 5000
  gridno 0
  statefile ""

Iteration 1:  1000000 integrand evaluations so far
[1] 128.744 +- 3.53002  	chisq 0 (0 df)

Iteration 2:  3000000 integrand evaluations so far
[1] 127.985 +- 0.917598  	chisq 0.0495052 (1 df)

Iteration 3:  6000000 integrand evaluations so far
[1] 127.644 +- 0.564537  	chisq 0.272075 (2 df)

Iteration 4:  10000000 integrand evaluations so far
[1] 128.041 +- 0.432203  	chisq 1.46727 (3 df)
  128.04 ±   0.43        ( 39.6s) ┃  214.96 ±   0.43        (8.21mi) ┃
┃   48 -    50 ┃   52 -    53 ┃ 217.037 ±  0.068        (4.59mi) ┃-123.866 ±   0.09        (24.7mi) ┃Vegas input parameters:
  ndim 7
  ncomp 1
  nvec 1
  epsrel 0
  epsabs 0
  flags 10
  seed 123456
  mineval 10000000
  maxeval 10000000
  nstart 1000000
  nincrease 1000000
  nbatch 5000
  gridno 0
  statefile ""

Iteration 1:  1000000 integrand evaluations so far
[1] 123.237 +- 3.46512  	chisq 0 (0 df)

Iteration 2:  3000000 integrand evaluations so far
[1] 125.135 +- 0.894372  	chisq 0.321147 (1 df)

Iteration 3:  6000000 integrand evaluations so far
[1] 124.891 +- 0.598679  	chisq 0.455527 (2 df)

Iteration 4:  10000000 integrand evaluations so far
[1] 125.309 +- 0.45042  	chisq 1.57859 (3 df)
  125.31 ±   0.45        ( 39.8s) ┃  218.48 ±   0.46        (  30mi) ┃
┃   48 -    50 ┃   53 -    54 ┃  187.17 ±   0.13        ( 40.9s) ┃-107.551 ±  0.037        (12.4mi) ┃Vegas input parameters:
  ndim 7
  ncomp 1
  nvec 1
  epsrel 0
  epsabs 0
  flags 10
  seed 123456
  mineval 10000000
  maxeval 10000000
  nstart 1000000
  nincrease 1000000
  nbatch 5000
  gridno 0
  statefile ""

Iteration 1:  1000000 integrand evaluations so far
[1] 120.397 +- 3.39671  	chisq 0 (0 df)

Iteration 2:  3000000 integrand evaluations so far
[1] 125.804 +- 0.909314  	chisq 2.72876 (1 df)

Iteration 3:  6000000 integrand evaluations so far
[1] 124.469 +- 0.560117  	chisq 6.19967 (2 df)

Iteration 4:  10000000 integrand evaluations so far
[1] 124.495 +- 0.417362  	chisq 6.20454 (3 df)
   124.5 ±   0.42        (   40s) ┃  204.11 ±   0.44        (13.8mi) ┃
┃   48 -    50 ┃   54 -    55 ┃  197.94 ±   0.16        (1.37mi) ┃-113.748 ±  0.059        (6.16mi) ┃Vegas input parameters:
  ndim 7
  ncomp 1
  nvec 1
  epsrel 0
  epsabs 0
  flags 10
  seed 123456
  mineval 10000000
  maxeval 10000000
  nstart 1000000
  nincrease 1000000
  nbatch 5000
  gridno 0
  statefile ""

Iteration 1:  1000000 integrand evaluations so far
[1] 121.927 +- 3.45612  	chisq 0 (0 df)

Iteration 2:  3000000 integrand evaluations so far
[1] 121.94 +- 0.886074  	chisq 1.63536e-05 (1 df)

Iteration 3:  6000000 integrand evaluations so far
[1] 122.94 +- 0.5692  	chisq 2.16746 (2 df)

Iteration 4:  10000000 integrand evaluations so far
[1] 123.152 +- 0.428124  	chisq 2.48664 (3 df)
  123.15 ±   0.43        ( 39.3s) ┃  207.34 ±   0.46        (8.18mi) ┃
┃   48 -    50 ┃   55 -    56 ┃ 176.952 ±  0.071        (2.53mi) ┃-100.512 ±  0.033        (6.13mi) ┃Vegas input parameters:
  ndim 7
  ncomp 1
  nvec 1
  epsrel 0
  epsabs 0
  flags 10
  seed 123456
  mineval 10000000
  maxeval 10000000
  nstart 1000000
  nincrease 1000000
  nbatch 5000
  gridno 0
  statefile ""

Iteration 1:  1000000 integrand evaluations so far
[1] 125.34 +- 3.51612  	chisq 0 (0 df)

Iteration 2:  3000000 integrand evaluations so far
[1] 122.159 +- 0.88468  	chisq 0.873722 (1 df)

Iteration 3:  6000000 integrand evaluations so far
[1] 122.634 +- 0.561814  	chisq 1.35778 (2 df)

Iteration 4:  10000000 integrand evaluations so far
[1] 122.347 +- 0.427528  	chisq 1.97898 (3 df)
  122.35 ±   0.43        ( 40.2s) ┃  198.79 ±   0.43        (9.34mi) ┃
┃   48 -    50 ┃   56 -    57 ┃ 192.576 ±  0.043        ( 4.6mi) ┃-110.171 ±  0.097        (24.2mi) ┃Vegas input parameters:
  ndim 7
  ncomp 1
  nvec 1
  epsrel 0
  epsabs 0
  flags 10
  seed 123456
  mineval 10000000
  maxeval 10000000
  nstart 1000000
  nincrease 1000000
  nbatch 5000
  gridno 0
  statefile ""

Iteration 1:  1000000 integrand evaluations so far
[1] 118.941 +- 3.41389  	chisq 0 (0 df)

Iteration 2:  3000000 integrand evaluations so far
[1] 120.952 +- 0.87527  	chisq 0.371477 (1 df)

Iteration 3:  6000000 integrand evaluations so far
[1] 121.498 +- 0.578431  	chisq 1.062 (2 df)

Iteration 4:  10000000 integrand evaluations so far
[1] 120.724 +- 0.426807  	chisq 4.99608 (3 df)
  120.72 ±   0.43        (   40s) ┃  203.13 ±   0.44        (29.4mi) ┃
┃   48 -    50 ┃   57 -    58 ┃ 186.774 ±  0.093        (2.33mi) ┃-106.168 ±  0.098        ( 3.2mi) ┃Vegas input parameters:
  ndim 7
  ncomp 1
  nvec 1
  epsrel 0
  epsabs 0
  flags 10
  seed 123456
  mineval 10000000
  maxeval 10000000
  nstart 1000000
  nincrease 1000000
  nbatch 5000
  gridno 0
  statefile ""

Iteration 1:  1000000 integrand evaluations so far
[1] 117.939 +- 3.42616  	chisq 0 (0 df)

Iteration 2:  3000000 integrand evaluations so far
[1] 119.783 +- 0.869594  	chisq 0.309441 (1 df)

Iteration 3:  6000000 integrand evaluations so far
[1] 119.789 +- 0.536639  	chisq 0.309525 (2 df)

Iteration 4:  10000000 integrand evaluations so far
[1] 118.856 +- 0.398211  	chisq 7.02879 (3 df)
  118.86 ±    0.4        ( 39.2s) ┃  199.46 ±   0.42        (6.19mi) ┃
┃   48 -    50 ┃   58 -    59 ┃   165.5 ±   0.06        (2.43mi) ┃  -94.51 ±  0.013        (24.4mi) ┃Vegas input parameters:
  ndim 7
  ncomp 1
  nvec 1
  epsrel 0
  epsabs 0
  flags 10
  seed 123456
  mineval 10000000
  maxeval 10000000
  nstart 1000000
  nincrease 1000000
  nbatch 5000
  gridno 0
  statefile ""

Iteration 1:  1000000 integrand evaluations so far
[1] 121.857 +- 3.52362  	chisq 0 (0 df)

Iteration 2:  3000000 integrand evaluations so far
[1] 117.941 +- 0.85863  	chisq 1.31297 (1 df)

Iteration 3:  6000000 integrand evaluations so far
[1] 118.74 +- 0.559833  	chisq 2.81791 (2 df)

Iteration 4:  10000000 integrand evaluations so far
[1] 118.051 +- 0.410141  	chisq 6.08358 (3 df)
  118.05 ±   0.41        ( 39.5s) ┃  189.04 ±   0.41        (27.5mi) ┃
┃   48 -    50 ┃   59 -    60 ┃ 181.851 ±  0.088        (2.45mi) ┃-103.754 ±  0.037        (  24mi) ┃Vegas input parameters:
  ndim 7
  ncomp 1
  nvec 1
  epsrel 0
  epsabs 0
  flags 10
  seed 123456
  mineval 10000000
  maxeval 10000000
  nstart 1000000
  nincrease 1000000
  nbatch 5000
  gridno 0
  statefile ""

Iteration 1:  1000000 integrand evaluations so far
[1] 122.635 +- 3.5342  	chisq 0 (0 df)

Iteration 2:  3000000 integrand evaluations so far
[1] 118.795 +- 0.870952  	chisq 1.25717 (1 df)

Iteration 3:  6000000 integrand evaluations so far
[1] 118.586 +- 0.534396  	chisq 1.34912 (2 df)

Iteration 4:  10000000 integrand evaluations so far
[1] 117.532 +- 0.393157  	chisq 9.82339 (3 df)
  117.53 ±   0.39        ( 39.5s) ┃  195.63 ±    0.4        (27.1mi) ┃
┃   50 -    52 ┃   25 -    26 ┃  405.41 ±   0.16        (1.46mi) ┃-231.525 ±   0.03        (37.8mi) ┃Vegas input parameters:
  ndim 7
  ncomp 1
  nvec 1
  epsrel 0
  epsabs 0
  flags 10
  seed 123456
  mineval 10000000
  maxeval 10000000
  nstart 1000000
  nincrease 1000000
  nbatch 5000
  gridno 0
  statefile ""

Iteration 1:  1000000 integrand evaluations so far
[1] 289.32 +- 5.84805  	chisq 0 (0 df)

Iteration 2:  3000000 integrand evaluations so far
[1] 284.151 +- 1.75614  	chisq 0.858837 (1 df)

Iteration 3:  6000000 integrand evaluations so far
[1] 283.129 +- 1.07863  	chisq 1.40268 (2 df)

Iteration 4:  10000000 integrand evaluations so far
[1] 283.124 +- 0.783012  	chisq 1.40272 (3 df)
  283.12 ±   0.78        ( 40.3s) ┃  457.01 ±    0.8        (39.9mi) ┃
┃   50 -    52 ┃   26 -    27 ┃  359.88 ±   0.32        ( 24.3s) ┃ -204.62 ±    0.2        (7.26mi) ┃Vegas input parameters:
  ndim 7
  ncomp 1
  nvec 1
  epsrel 0
  epsabs 0
  flags 10
  seed 123456
  mineval 10000000
  maxeval 10000000
  nstart 1000000
  nincrease 1000000
  nbatch 5000
  gridno 0
  statefile ""

Iteration 1:  1000000 integrand evaluations so far
[1] 266.169 +- 5.58889  	chisq 0 (0 df)

Iteration 2:  3000000 integrand evaluations so far
[1] 261.038 +- 1.57381  	chisq 0.91564 (1 df)

Iteration 3:  6000000 integrand evaluations so far
[1] 261.608 +- 1.01796  	chisq 1.14113 (2 df)

Iteration 4:  10000000 integrand evaluations so far
[1] 261.308 +- 0.752229  	chisq 1.33271 (3 df)
  261.31 ±   0.75        (   40s) ┃  416.57 ±   0.84        (8.34mi) ┃
┃   50 -    52 ┃   27 -    28 ┃ 338.857 ±  0.077        (4.99mi) ┃-193.931 ±  0.057        (14.9mi) ┃Vegas input parameters:
  ndim 7
  ncomp 1
  nvec 1
  epsrel 0
  epsabs 0
  flags 10
  seed 123456
  mineval 10000000
  maxeval 10000000
  nstart 1000000
  nincrease 1000000
  nbatch 5000
  gridno 0
  statefile ""

Iteration 1:  1000000 integrand evaluations so far
[1] 240.784 +- 5.22262  	chisq 0 (0 df)

Iteration 2:  3000000 integrand evaluations so far
[1] 241.166 +- 1.7641  	chisq 0.00603461 (1 df)

Iteration 3:  6000000 integrand evaluations so far
[1] 240.671 +- 1.09474  	chisq 0.133925 (2 df)

Iteration 4:  10000000 integrand evaluations so far
[1] 240.197 +- 0.769502  	chisq 0.503884 (3 df)
   240.2 ±   0.77        ( 40.5s) ┃  385.12 ±   0.78        (20.5mi) ┃
┃   50 -    52 ┃   28 -    29 ┃ 340.359 ±  0.069        (5.04mi) ┃ -194.44 ±   0.19        (7.41mi) ┃Vegas input parameters:
  ndim 7
  ncomp 1
  nvec 1
  epsrel 0
  epsabs 0
  flags 10
  seed 123456
  mineval 10000000
  maxeval 10000000
  nstart 1000000
  nincrease 1000000
  nbatch 5000
  gridno 0
  statefile ""

Iteration 1:  1000000 integrand evaluations so far
[1] 224.162 +- 4.98601  	chisq 0 (0 df)

Iteration 2:  3000000 integrand evaluations so far
[1] 223.547 +- 1.42091  	chisq 0.0165919 (1 df)

Iteration 3:  6000000 integrand evaluations so far
[1] 224.638 +- 0.909431  	chisq 1.01644 (2 df)

Iteration 4:  10000000 integrand evaluations so far
[1] 224.736 +- 0.695803  	chisq 1.04393 (3 df)
  224.74 ±    0.7        ( 40.9s) ┃  370.66 ±   0.72        (13.1mi) ┃
┃   50 -    52 ┃   29 -    30 ┃  293.27 ±   0.27        ( 3.64s) ┃ -165.37 ±   0.13        ( 59.7s) ┃Vegas input parameters:
  ndim 7
  ncomp 1
  nvec 1
  epsrel 0
  epsabs 0
  flags 10
  seed 123456
  mineval 10000000
  maxeval 10000000
  nstart 1000000
  nincrease 1000000
  nbatch 5000
  gridno 0
  statefile ""

Iteration 1:  1000000 integrand evaluations so far
[1] 212.711 +- 4.80106  	chisq 0 (0 df)

Iteration 2:  3000000 integrand evaluations so far
[1] 212.264 +- 1.37472  	chisq 0.00946197 (1 df)

Iteration 3:  6000000 integrand evaluations so far
[1] 212.678 +- 0.906946  	chisq 0.170004 (2 df)

Iteration 4:  10000000 integrand evaluations so far
[1] 212.717 +- 0.669343  	chisq 0.174182 (3 df)
  212.72 ±   0.67        (   41s) ┃  340.62 ±   0.73        (1.74mi) ┃
┃   50 -    52 ┃   30 -    31 ┃  326.57 ±   0.33        ( 44.6s) ┃-186.452 ±  0.019        (14.3mi) ┃Vegas input parameters:
  ndim 7
  ncomp 1
  nvec 1
  epsrel 0
  epsabs 0
  flags 10
  seed 123456
  mineval 10000000
  maxeval 10000000
  nstart 1000000
  nincrease 1000000
  nbatch 5000
  gridno 0
  statefile ""

Iteration 1:  1000000 integrand evaluations so far
[1] 208.487 +- 4.73709  	chisq 0 (0 df)

Iteration 2:  3000000 integrand evaluations so far
[1] 202.878 +- 1.31907  	chisq 1.5199 (1 df)

Iteration 3:  6000000 integrand evaluations so far
[1] 201.902 +- 0.819177  	chisq 2.41069 (2 df)

Iteration 4:  10000000 integrand evaluations so far
[1] 201.388 +- 0.627072  	chisq 3.36174 (3 df)
  201.39 ±   0.63        ( 41.5s) ┃   341.5 ±   0.71        (15.7mi) ┃
┃   50 -    52 ┃   31 -    32 ┃  276.92 ±   0.23        ( 46.5s) ┃-157.764 ±  0.087        (14.1mi) ┃Vegas input parameters:
  ndim 7
  ncomp 1
  nvec 1
  epsrel 0
  epsabs 0
  flags 10
  seed 123456
  mineval 10000000
  maxeval 10000000
  nstart 1000000
  nincrease 1000000
  nbatch 5000
  gridno 0
  statefile ""

Iteration 1:  1000000 integrand evaluations so far
[1] 193.27 +- 4.49224  	chisq 0 (0 df)

Iteration 2:  3000000 integrand evaluations so far
[1] 192.022 +- 1.2717  	chisq 0.0838816 (1 df)

Iteration 3:  6000000 integrand evaluations so far
[1] 191.39 +- 0.788892  	chisq 0.485944 (2 df)

Iteration 4:  10000000 integrand evaluations so far
[1] 191.764 +- 0.611489  	chisq 1.05044 (3 df)
  191.76 ±   0.61        ( 41.6s) ┃  310.92 ±   0.66        (15.5mi) ┃
┃   50 -    52 ┃   32 -    33 ┃  288.42 ±   0.14        (2.65mi) ┃  -164.1 ±   0.16        (3.64mi) ┃Vegas input parameters:
  ndim 7
  ncomp 1
  nvec 1
  epsrel 0
  epsabs 0
  flags 10
  seed 123456
  mineval 10000000
  maxeval 10000000
  nstart 1000000
  nincrease 1000000
  nbatch 5000
  gridno 0
  statefile ""

Iteration 1:  1000000 integrand evaluations so far
[1] 182.669 +- 4.34065  	chisq 0 (0 df)

Iteration 2:  3000000 integrand evaluations so far
[1] 183.316 +- 1.22395  	chisq 0.0241623 (1 df)

Iteration 3:  6000000 integrand evaluations so far
[1] 183.769 +- 0.763077  	chisq 0.248538 (2 df)

Iteration 4:  10000000 integrand evaluations so far
[1] 183.601 +- 0.571094  	chisq 0.358897 (3 df)
   183.6 ±   0.57        ( 41.6s) ┃  307.92 ±   0.61        (6.99mi) ┃
┃   50 -    52 ┃   33 -    34 ┃  263.56 ±    0.1        (4.99mi) ┃ -150.78 ±   0.11        (13.9mi) ┃Vegas input parameters:
  ndim 7
  ncomp 1
  nvec 1
  epsrel 0
  epsabs 0
  flags 10
  seed 123456
  mineval 10000000
  maxeval 10000000
  nstart 1000000
  nincrease 1000000
  nbatch 5000
  gridno 0
  statefile ""

Iteration 1:  1000000 integrand evaluations so far
[1] 175.942 +- 4.2419  	chisq 0 (0 df)

Iteration 2:  3000000 integrand evaluations so far
[1] 178.079 +- 1.20024  	chisq 0.275833 (1 df)

Iteration 3:  6000000 integrand evaluations so far
[1] 177.652 +- 0.808995  	chisq 0.507667 (2 df)

Iteration 4:  10000000 integrand evaluations so far
[1] 177.3 +- 0.623747  	chisq 0.973553 (3 df)
   177.3 ±   0.62        ( 40.8s) ┃  290.08 ±   0.64        (19.6mi) ┃
┃   50 -    52 ┃   34 -    35 ┃  289.42 ±   0.17        ( 20.5s) ┃  -164.9 ±   0.13        (1.95mi) ┃Vegas input parameters:
  ndim 7
  ncomp 1
  nvec 1
  epsrel 0
  epsabs 0
  flags 10
  seed 123456
  mineval 10000000
  maxeval 10000000
  nstart 1000000
  nincrease 1000000
  nbatch 5000
  gridno 0
  statefile ""

Iteration 1:  1000000 integrand evaluations so far
[1] 170.307 +- 4.12139  	chisq 0 (0 df)

Iteration 2:  3000000 integrand evaluations so far
[1] 169.894 +- 1.15111  	chisq 0.0108495 (1 df)

Iteration 3:  6000000 integrand evaluations so far
[1] 170.477 +- 0.730121  	chisq 0.439246 (2 df)

Iteration 4:  10000000 integrand evaluations so far
[1] 170.741 +- 0.57352  	chisq 0.781282 (3 df)
  170.74 ±   0.57        ( 41.1s) ┃  295.26 ±   0.61        (2.97mi) ┃
┃   50 -    52 ┃   35 -    36 ┃  244.62 ±    0.2        ( 1.5mi) ┃ -140.01 ±    0.1        (6.91mi) ┃Vegas input parameters:
  ndim 7
  ncomp 1
  nvec 1
  epsrel 0
  epsabs 0
  flags 10
  seed 123456
  mineval 10000000
  maxeval 10000000
  nstart 1000000
  nincrease 1000000
  nbatch 5000
  gridno 0
  statefile ""

Iteration 1:  1000000 integrand evaluations so far
[1] 165.499 +- 4.07648  	chisq 0 (0 df)

Iteration 2:  3000000 integrand evaluations so far
[1] 163.399 +- 1.12182  	chisq 0.28718 (1 df)

Iteration 3:  6000000 integrand evaluations so far
[1] 164.295 +- 0.700329  	chisq 1.3332 (2 df)

Iteration 4:  10000000 integrand evaluations so far
[1] 164.261 +- 0.542758  	chisq 1.33909 (3 df)
  164.26 ±   0.54        ( 41.2s) ┃  268.87 ±   0.59        ( 9.1mi) ┃
┃   50 -    52 ┃   36 -    37 ┃  249.62 ±   0.14        ( 2.02s) ┃ -140.13 ±   0.12        (6.93mi) ┃Vegas input parameters:
  ndim 7
  ncomp 1
  nvec 1
  epsrel 0
  epsabs 0
  flags 10
  seed 123456
  mineval 10000000
  maxeval 10000000
  nstart 1000000
  nincrease 1000000
  nbatch 5000
  gridno 0
  statefile ""

Iteration 1:  1000000 integrand evaluations so far
[1] 157.471 +- 3.92775  	chisq 0 (0 df)

Iteration 2:  3000000 integrand evaluations so far
[1] 157.545 +- 1.21592  	chisq 0.000393987 (1 df)

Iteration 3:  6000000 integrand evaluations so far
[1] 157.76 +- 0.739889  	chisq 0.0499199 (2 df)

Iteration 4:  10000000 integrand evaluations so far
[1] 158.135 +- 0.536183  	chisq 0.592299 (3 df)
  158.14 ±   0.54        ( 40.9s) ┃  267.62 ±   0.57        (7.64mi) ┃
┃   50 -    52 ┃   37 -    38 ┃  273.77 ±   0.26        ( 52.5s) ┃-155.816 ±  0.018        (27.5mi) ┃Vegas input parameters:
  ndim 7
  ncomp 1
  nvec 1
  epsrel 0
  epsabs 0
  flags 10
  seed 123456
  mineval 10000000
  maxeval 10000000
  nstart 1000000
  nincrease 1000000
  nbatch 5000
  gridno 0
  statefile ""

Iteration 1:  1000000 integrand evaluations so far
[1] 151.038 +- 3.80643  	chisq 0 (0 df)

Iteration 2:  3000000 integrand evaluations so far
[1] 152.942 +- 1.06958  	chisq 0.271794 (1 df)

Iteration 3:  6000000 integrand evaluations so far
[1] 153.004 +- 0.682945  	chisq 0.277429 (2 df)

Iteration 4:  10000000 integrand evaluations so far
[1] 153.443 +- 0.507217  	chisq 1.1973 (3 df)
  153.44 ±   0.51        ( 41.7s) ┃   271.4 ±   0.57        (29.1mi) ┃
┃   50 -    52 ┃   38 -    39 ┃  227.58 ±   0.19        (1.31mi) ┃-129.943 ±  0.083        (6.91mi) ┃Vegas input parameters:
  ndim 7
  ncomp 1
  nvec 1
  epsrel 0
  epsabs 0
  flags 10
  seed 123456
  mineval 10000000
  maxeval 10000000
  nstart 1000000
  nincrease 1000000
  nbatch 5000
  gridno 0
  statefile ""

Iteration 1:  1000000 integrand evaluations so far
[1] 144.269 +- 3.68503  	chisq 0 (0 df)

Iteration 2:  3000000 integrand evaluations so far
[1] 148.05 +- 1.0402  	chisq 1.14412 (1 df)

Iteration 3:  6000000 integrand evaluations so far
[1] 148.412 +- 0.681724  	chisq 1.35671 (2 df)

Iteration 4:  10000000 integrand evaluations so far
[1] 149.172 +- 0.503823  	chisq 4.09362 (3 df)
  149.17 ±    0.5        ( 40.5s) ┃  246.81 ±   0.55        ( 8.9mi) ┃
┃   50 -    52 ┃   39 -    40 ┃  245.27 ±   0.15        ( 51.8s) ┃-139.283 ±   0.05        (54.8mi) ┃Vegas input parameters:
  ndim 7
  ncomp 1
  nvec 1
  epsrel 0
  epsabs 0
  flags 10
  seed 123456
  mineval 10000000
  maxeval 10000000
  nstart 1000000
  nincrease 1000000
  nbatch 5000
  gridno 0
  statefile ""

Iteration 1:  1000000 integrand evaluations so far
[1] 146.897 +- 3.72335  	chisq 0 (0 df)

Iteration 2:  3000000 integrand evaluations so far
[1] 145.274 +- 1.12272  	chisq 0.208934 (1 df)

Iteration 3:  6000000 integrand evaluations so far
[1] 145.431 +- 0.695891  	chisq 0.240505 (2 df)

Iteration 4:  10000000 integrand evaluations so far
[1] 145.063 +- 0.506149  	chisq 0.834114 (3 df)
  145.06 ±   0.51        ( 41.4s) ┃  251.05 ±   0.53        (56.4mi) ┃
┃   50 -    52 ┃   40 -    41 ┃  233.33 ±    0.2        ( 3.64s) ┃-130.815 ±  0.039        (  27mi) ┃Vegas input parameters:
  ndim 7
  ncomp 1
  nvec 1
  epsrel 0
  epsabs 0
  flags 10
  seed 123456
  mineval 10000000
  maxeval 10000000
  nstart 1000000
  nincrease 1000000
  nbatch 5000
  gridno 0
  statefile ""

Iteration 1:  1000000 integrand evaluations so far
[1] 143.603 +- 3.65729  	chisq 0 (0 df)

Iteration 2:  3000000 integrand evaluations so far
[1] 141.64 +- 0.995372  	chisq 0.31112 (1 df)

Iteration 3:  6000000 integrand evaluations so far
[1] 140.927 +- 0.614521  	chisq 1.14126 (2 df)

Iteration 4:  10000000 integrand evaluations so far
[1] 141.482 +- 0.46325  	chisq 3.03646 (3 df)
  141.48 ±   0.46        ( 40.3s) ┃     244 ±    0.5        (27.7mi) ┃
┃   50 -    52 ┃   41 -    42 ┃  223.71 ±   0.15        (1.32mi) ┃ -128.49 ±   0.11        (13.6mi) ┃Vegas input parameters:
  ndim 7
  ncomp 1
  nvec 1
  epsrel 0
  epsabs 0
  flags 10
  seed 123456
  mineval 10000000
  maxeval 10000000
  nstart 1000000
  nincrease 1000000
  nbatch 5000
  gridno 0
  statefile ""

Iteration 1:  1000000 integrand evaluations so far
[1] 131.439 +- 3.45407  	chisq 0 (0 df)

Iteration 2:  3000000 integrand evaluations so far
[1] 135.503 +- 0.964448  	chisq 1.50169 (1 df)

Iteration 3:  6000000 integrand evaluations so far
[1] 136.7 +- 0.600408  	chisq 4.01673 (2 df)

Iteration 4:  10000000 integrand evaluations so far
[1] 137.538 +- 0.47529  	chisq 9.22749 (3 df)
  137.54 ±   0.48        ( 41.6s) ┃  232.75 ±   0.51        (15.6mi) ┃
┃   50 -    52 ┃   42 -    43 ┃  251.42 ±   0.13        ( 43.6s) ┃-142.697 ±  0.084        (13.3mi) ┃Vegas input parameters:
  ndim 7
  ncomp 1
  nvec 1
  epsrel 0
  epsabs 0
  flags 10
  seed 123456
  mineval 10000000
  maxeval 10000000
  nstart 1000000
  nincrease 1000000
  nbatch 5000
  gridno 0
  statefile ""

Iteration 1:  1000000 integrand evaluations so far
[1] 130.257 +- 3.44463  	chisq 0 (0 df)

Iteration 2:  3000000 integrand evaluations so far
[1] 133.429 +- 0.946367  	chisq 0.917459 (1 df)

Iteration 3:  6000000 integrand evaluations so far
[1] 133.928 +- 0.621467  	chisq 1.40669 (2 df)

Iteration 4:  10000000 integrand evaluations so far
[1] 133.775 +- 0.458712  	chisq 1.54103 (3 df)
  133.77 ±   0.46        ( 41.3s) ┃   242.5 ±   0.48        (14.7mi) ┃
┃   50 -    52 ┃   43 -    44 ┃  195.35 ±   0.17        ( 41.4s) ┃-111.351 ±  0.096        (6.62mi) ┃Vegas input parameters:
  ndim 7
  ncomp 1
  nvec 1
  epsrel 0
  epsabs 0
  flags 10
  seed 123456
  mineval 10000000
  maxeval 10000000
  nstart 1000000
  nincrease 1000000
  nbatch 5000
  gridno 0
  statefile ""

Iteration 1:  1000000 integrand evaluations so far
[1] 131.775 +- 3.48776  	chisq 0 (0 df)

Iteration 2:  3000000 integrand evaluations so far
[1] 130.766 +- 0.938487  	chisq 0.0902153 (1 df)

Iteration 3:  6000000 integrand evaluations so far
[1] 130.524 +- 0.581503  	chisq 0.198428 (2 df)

Iteration 4:  10000000 integrand evaluations so far
[1] 130.63 +- 0.446624  	chisq 0.280748 (3 df)
  130.63 ±   0.45        ( 40.2s) ┃  214.63 ±   0.49        (7.98mi) ┃
┃   50 -    52 ┃   44 -    45 ┃  232.53 ±   0.17        ( 43.8s) ┃-132.504 ±  0.084        (26.6mi) ┃Vegas input parameters:
  ndim 7
  ncomp 1
  nvec 1
  epsrel 0
  epsabs 0
  flags 10
  seed 123456
  mineval 10000000
  maxeval 10000000
  nstart 1000000
  nincrease 1000000
  nbatch 5000
  gridno 0
  statefile ""

Iteration 1:  1000000 integrand evaluations so far
[1] 126.933 +- 3.37322  	chisq 0 (0 df)

Iteration 2:  3000000 integrand evaluations so far
[1] 128.359 +- 0.919522  	chisq 0.193198 (1 df)

Iteration 3:  6000000 integrand evaluations so far
[1] 127.688 +- 0.568651  	chisq 1.05621 (2 df)

Iteration 4:  10000000 integrand evaluations so far
[1] 127.804 +- 0.419379  	chisq 1.14771 (3 df)
   127.8 ±   0.42        ( 39.8s) ┃  227.83 ±   0.46        (  28mi) ┃
┃   50 -    52 ┃   45 -    46 ┃  209.52 ±   0.13        (   43s) ┃ -119.04 ±    0.1        (13.3mi) ┃Vegas input parameters:
  ndim 7
  ncomp 1
  nvec 1
  epsrel 0
  epsabs 0
  flags 10
  seed 123456
  mineval 10000000
  maxeval 10000000
  nstart 1000000
  nincrease 1000000
  nbatch 5000
  gridno 0
  statefile ""

Iteration 1:  1000000 integrand evaluations so far
[1] 125.209 +- 3.3656  	chisq 0 (0 df)

Iteration 2:  3000000 integrand evaluations so far
[1] 124.375 +- 0.894867  	chisq 0.0660722 (1 df)

Iteration 3:  6000000 integrand evaluations so far
[1] 124.299 +- 0.555676  	chisq 0.0778175 (2 df)

Iteration 4:  10000000 integrand evaluations so far
[1] 124.726 +- 0.421363  	chisq 1.46674 (3 df)
  124.73 ±   0.42        ( 40.3s) ┃  215.21 ±   0.45        (14.7mi) ┃
┃   50 -    52 ┃   46 -    47 ┃  192.26 ±    0.1        ( 25.2s) ┃-109.925 ±   0.06        (13.1mi) ┃Vegas input parameters:
  ndim 7
  ncomp 1
  nvec 1
  epsrel 0
  epsabs 0
  flags 10
  seed 123456
  mineval 10000000
  maxeval 10000000
  nstart 1000000
  nincrease 1000000
  nbatch 5000
  gridno 0
  statefile ""

Iteration 1:  1000000 integrand evaluations so far
[1] 125.424 +- 3.35097  	chisq 0 (0 df)

Iteration 2:  3000000 integrand evaluations so far
[1] 123.657 +- 0.894547  	chisq 0.299404 (1 df)

Iteration 3:  6000000 integrand evaluations so far
[1] 123.113 +- 0.549948  	chisq 0.894508 (2 df)

Iteration 4:  10000000 integrand evaluations so far
[1] 122.337 +- 0.410135  	chisq 5.3795 (3 df)
  122.34 ±   0.41        ( 41.7s) ┃  204.67 ±   0.43        (14.2mi) ┃
┃   50 -    52 ┃   47 -    48 ┃  210.41 ±   0.17        (1.66mi) ┃-119.781 ±  0.062        (13.1mi) ┃Vegas input parameters:
  ndim 7
  ncomp 1
  nvec 1
  epsrel 0
  epsabs 0
  flags 10
  seed 123456
  mineval 10000000
  maxeval 10000000
  nstart 1000000
  nincrease 1000000
  nbatch 5000
  gridno 0
  statefile ""

Iteration 1:  1000000 integrand evaluations so far
[1] 117.93 +- 3.23781  	chisq 0 (0 df)

Iteration 2:  3000000 integrand evaluations so far
[1] 120.781 +- 0.925617  	chisq 0.844524 (1 df)

Iteration 3:  6000000 integrand evaluations so far
[1] 120.286 +- 0.567922  	chisq 1.30284 (2 df)

Iteration 4:  10000000 integrand evaluations so far
[1] 120.403 +- 0.42059  	chisq 1.39636 (3 df)
   120.4 ±   0.42        ( 41.1s) ┃  211.03 ±   0.46        (15.5mi) ┃
┃   50 -    52 ┃   48 -    49 ┃ 198.635 ±  0.098        (2.55mi) ┃-112.504 ±  0.044        (51.9mi) ┃Vegas input parameters:
  ndim 7
  ncomp 1
  nvec 1
  epsrel 0
  epsabs 0
  flags 10
  seed 123456
  mineval 10000000
  maxeval 10000000
  nstart 1000000
  nincrease 1000000
  nbatch 5000
  gridno 0
  statefile ""

Iteration 1:  1000000 integrand evaluations so far
[1] 118.888 +- 3.23525  	chisq 0 (0 df)

Iteration 2:  3000000 integrand evaluations so far
[1] 119.491 +- 0.872764  	chisq 0.0374707 (1 df)

Iteration 3:  6000000 integrand evaluations so far
[1] 119.226 +- 0.539015  	chisq 0.187508 (2 df)

Iteration 4:  10000000 integrand evaluations so far
[1] 119 +- 0.415422  	chisq 0.618033 (3 df)
     119 ±   0.42        (   40s) ┃  205.13 ±   0.43        (55.1mi) ┃
┃   50 -    52 ┃   49 -    50 ┃  193.59 ±   0.13        (1.22mi) ┃-110.474 ±  0.088        (6.54mi) ┃Vegas input parameters:
  ndim 7
  ncomp 1
  nvec 1
  epsrel 0
  epsabs 0
  flags 10
  seed 123456
  mineval 10000000
  maxeval 10000000
  nstart 1000000
  nincrease 1000000
  nbatch 5000
  gridno 0
  statefile ""

Iteration 1:  1000000 integrand evaluations so far
[1] 115.904 +- 3.20217  	chisq 0 (0 df)

Iteration 2:  3000000 integrand evaluations so far
[1] 118.204 +- 0.85509  	chisq 0.555413 (1 df)

Iteration 3:  6000000 integrand evaluations so far
[1] 117.654 +- 0.549908  	chisq 1.26002 (2 df)

Iteration 4:  10000000 integrand evaluations so far
[1] 117.572 +- 0.404062  	chisq 1.30882 (3 df)
  117.57 ±    0.4        ( 40.1s) ┃  200.69 ±   0.43        (8.43mi) ┃
┃   50 -    52 ┃   50 -    51 ┃   205.6 ±    0.2        (2.37mi) ┃-117.316 ±  0.064        (6.66mi) ┃Vegas input parameters:
  ndim 7
  ncomp 1
  nvec 1
  epsrel 0
  epsabs 0
  flags 10
  seed 123456
  mineval 10000000
  maxeval 10000000
  nstart 1000000
  nincrease 1000000
  nbatch 5000
  gridno 0
  statefile ""

Iteration 1:  1000000 integrand evaluations so far
[1] 113.295 +- 3.16669  	chisq 0 (0 df)

Iteration 2:  3000000 integrand evaluations so far
[1] 118.032 +- 0.850161  	chisq 2.41202 (1 df)

Iteration 3:  6000000 integrand evaluations so far
[1] 116.916 +- 0.532453  	chisq 5.24882 (2 df)

Iteration 4:  10000000 integrand evaluations so far
[1] 116.543 +- 0.392498  	chisq 6.32431 (3 df)
  116.54 ±   0.39        ( 40.1s) ┃  204.83 ±   0.45        ( 9.7mi) ┃
┃   50 -    52 ┃   51 -    52 ┃ 158.879 ±  0.096        (1.28mi) ┃  -90.64 ±  0.079        (12.8mi) ┃Vegas input parameters:
  ndim 7
  ncomp 1
  nvec 1
  epsrel 0
  epsabs 0
  flags 10
  seed 123456
  mineval 10000000
  maxeval 10000000
  nstart 1000000
  nincrease 1000000
  nbatch 5000
  gridno 0
  statefile ""

Iteration 1:  1000000 integrand evaluations so far
[1] 117.195 +- 3.23523  	chisq 0 (0 df)

Iteration 2:  3000000 integrand evaluations so far
[1] 115.385 +- 0.842166  	chisq 0.335614 (1 df)

Iteration 3:  6000000 integrand evaluations so far
[1] 114.733 +- 0.542128  	chisq 1.36124 (2 df)

Iteration 4:  10000000 integrand evaluations so far
[1] 114.56 +- 0.400986  	chisq 1.58624 (3 df)
  114.56 ±    0.4        ( 40.6s) ┃   182.8 ±   0.42        (14.7mi) ┃
┃   50 -    52 ┃   52 -    53 ┃ 194.165 ±  0.091        ( 5.91s) ┃-113.201 ±  0.044        (12.9mi) ┃Vegas input parameters:
  ndim 7
  ncomp 1
  nvec 1
  epsrel 0
  epsabs 0
  flags 10
  seed 123456
  mineval 10000000
  maxeval 10000000
  nstart 1000000
  nincrease 1000000
  nbatch 5000
  gridno 0
  statefile ""

Iteration 1:  1000000 integrand evaluations so far
[1] 113.369 +- 3.17858  	chisq 0 (0 df)

Iteration 2:  3000000 integrand evaluations so far
[1] 113.649 +- 0.831421  	chisq 0.00829885 (1 df)

Iteration 3:  6000000 integrand evaluations so far
[1] 112.821 +- 0.509424  	chisq 1.59626 (2 df)

Iteration 4:  10000000 integrand evaluations so far
[1] 113.195 +- 0.38587  	chisq 2.86573 (3 df)
   113.2 ±   0.39        ( 39.9s) ┃  194.16 ±    0.4        (13.7mi) ┃
┃   50 -    52 ┃   53 -    54 ┃  176.86 ±   0.13        (1.32mi) ┃ -100.35 ±   0.04        (12.5mi) ┃Vegas input parameters:
  ndim 7
  ncomp 1
  nvec 1
  epsrel 0
  epsabs 0
  flags 10
  seed 123456
  mineval 10000000
  maxeval 10000000
  nstart 1000000
  nincrease 1000000
  nbatch 5000
  gridno 0
  statefile ""

Iteration 1:  1000000 integrand evaluations so far
[1] 111.007 +- 3.14691  	chisq 0 (0 df)

Iteration 2:  3000000 integrand evaluations so far
[1] 111.607 +- 0.814769  	chisq 0.038999 (1 df)

Iteration 3:  6000000 integrand evaluations so far
[1] 110.612 +- 0.522041  	chisq 2.56747 (2 df)

Iteration 4:  10000000 integrand evaluations so far
[1] 110.732 +- 0.391204  	chisq 2.68881 (3 df)
  110.73 ±   0.39        ( 37.8s) ┃  187.24 ±   0.41        (14.4mi) ┃
┃   50 -    52 ┃   54 -    55 ┃ 171.015 ±  0.032        (1.26mi) ┃ -97.636 ±  0.086        (3.13mi) ┃Vegas input parameters:
  ndim 7
  ncomp 1
  nvec 1
  epsrel 0
  epsabs 0
  flags 10
  seed 123456
  mineval 10000000
  maxeval 10000000
  nstart 1000000
  nincrease 1000000
  nbatch 5000
  gridno 0
  statefile ""

Iteration 1:  1000000 integrand evaluations so far
[1] 107.673 +- 3.08792  	chisq 0 (0 df)

Iteration 2:  3000000 integrand evaluations so far
[1] 111.488 +- 0.822126  	chisq 1.6427 (1 df)

Iteration 3:  6000000 integrand evaluations so far
[1] 109.949 +- 0.511119  	chisq 7.3572 (2 df)

Iteration 4:  10000000 integrand evaluations so far
[1] 109.83 +- 0.377581  	chisq 7.47566 (3 df)
  109.83 ±   0.38        ( 40.1s) ┃  183.21 ±   0.39        (5.06mi) ┃
┃   50 -    52 ┃   55 -    56 ┃   174.6 ±   0.14        (2.52mi) ┃ -99.636 ±  0.016        (49.3mi) ┃Vegas input parameters:
  ndim 7
  ncomp 1
  nvec 1
  epsrel 0
  epsabs 0
  flags 10
  seed 123456
  mineval 10000000
  maxeval 10000000
  nstart 1000000
  nincrease 1000000
  nbatch 5000
  gridno 0
  statefile ""

Iteration 1:  1000000 integrand evaluations so far
[1] 105.582 +- 3.07092  	chisq 0 (0 df)

Iteration 2:  3000000 integrand evaluations so far
[1] 108.705 +- 0.797029  	chisq 1.109 (1 df)

Iteration 3:  6000000 integrand evaluations so far
[1] 108.252 +- 0.501741  	chisq 1.64458 (2 df)

Iteration 4:  10000000 integrand evaluations so far
[1] 108.69 +- 0.372121  	chisq 3.33972 (3 df)
  108.69 ±   0.37        (   40s) ┃  183.65 ±    0.4        (52.4mi) ┃
┃   50 -    52 ┃   56 -    57 ┃  153.35 ±   0.15        (1.23mi) ┃ -86.599 ±  0.063        (6.09mi) ┃Vegas input parameters:
  ndim 7
  ncomp 1
  nvec 1
  epsrel 0
  epsabs 0
  flags 10
  seed 123456
  mineval 10000000
  maxeval 10000000
  nstart 1000000
  nincrease 1000000
  nbatch 5000
  gridno 0
  statefile ""

Iteration 1:  1000000 integrand evaluations so far
[1] 112.57 +- 3.18967  	chisq 0 (0 df)

Iteration 2:  3000000 integrand evaluations so far
[1] 107.408 +- 0.78568  	chisq 2.78886 (1 df)

Iteration 3:  6000000 integrand evaluations so far
[1] 108.221 +- 0.502278  	chisq 4.60297 (2 df)

Iteration 4:  10000000 integrand evaluations so far
[1] 107.567 +- 0.379246  	chisq 8.55698 (3 df)
  107.57 ±   0.38        ( 39.7s) ┃  174.32 ±   0.41        (7.98mi) ┃
┃   50 -    52 ┃   57 -    58 ┃  171.17 ±   0.17        ( 40.5s) ┃ -97.317 ±  0.057        (24.3mi) ┃Vegas input parameters:
  ndim 7
  ncomp 1
  nvec 1
  epsrel 0
  epsabs 0
  flags 10
  seed 123456
  mineval 10000000
  maxeval 10000000
  nstart 1000000
  nincrease 1000000
  nbatch 5000
  gridno 0
  statefile ""

Iteration 1:  1000000 integrand evaluations so far
[1] 105.311 +- 3.08359  	chisq 0 (0 df)

Iteration 2:  3000000 integrand evaluations so far
[1] 106.981 +- 0.792136  	chisq 0.313832 (1 df)

Iteration 3:  6000000 integrand evaluations so far
[1] 106.917 +- 0.515339  	chisq 0.325106 (2 df)

Iteration 4:  10000000 integrand evaluations so far
[1] 106.724 +- 0.399839  	chisq 0.676028 (3 df)
  106.72 ±    0.4        ( 40.4s) ┃  180.58 ±   0.44        (25.6mi) ┃
┃   50 -    52 ┃   58 -    59 ┃ 162.239 ±  0.028        (4.67mi) ┃ -91.729 ±  0.018        (6.15mi) ┃Vegas input parameters:
  ndim 7
  ncomp 1
  nvec 1
  epsrel 0
  epsabs 0
  flags 10
  seed 123456
  mineval 10000000
  maxeval 10000000
  nstart 1000000
  nincrease 1000000
  nbatch 5000
  gridno 0
  statefile ""

Iteration 1:  1000000 integrand evaluations so far
[1] 103.304 +- 3.06806  	chisq 0 (0 df)

Iteration 2:  3000000 integrand evaluations so far
[1] 105.425 +- 0.782038  	chisq 0.510875 (1 df)

Iteration 3:  6000000 integrand evaluations so far
[1] 105.513 +- 0.494089  	chisq 0.531825 (2 df)

Iteration 4:  10000000 integrand evaluations so far
[1] 105.013 +- 0.365967  	chisq 2.79393 (3 df)
  105.01 ±   0.37        ( 39.9s) ┃  175.52 ±   0.37        (11.5mi) ┃
┃   50 -    52 ┃   59 -    60 ┃  146.67 ±   0.11        (2.27mi) ┃ -83.236 ±  0.062        (12.1mi) ┃Vegas input parameters:
  ndim 7
  ncomp 1
  nvec 1
  epsrel 0
  epsabs 0
  flags 10
  seed 123456
  mineval 10000000
  maxeval 10000000
  nstart 1000000
  nincrease 1000000
  nbatch 5000
  gridno 0
  statefile ""

Iteration 1:  1000000 integrand evaluations so far
[1] 107.544 +- 3.1779  	chisq 0 (0 df)

Iteration 2:  3000000 integrand evaluations so far
[1] 103.942 +- 0.769119  	chisq 1.36449 (1 df)

Iteration 3:  6000000 integrand evaluations so far
[1] 104.561 +- 0.513296  	chisq 2.534 (2 df)

Iteration 4:  10000000 integrand evaluations so far
[1] 104.53 +- 0.387783  	chisq 2.54264 (3 df)
  104.53 ±   0.39        (   40s) ┃  167.97 ±   0.41        (  15mi) ┃
┣━━━━━━━━━━━━━━╋━━━━━━━━━━━━━━╋━━━━━━━━━━━━━━━━━━━━━━━━━━━━━━━━━━╋━━━━━━━━━━━━━━━━━━━━━━━━━━━━━━━━━━╋━━━━━━━━━━━━━━━━━━━━━━━━━━━━━━━━━━╋━━━━━━━━━━━━━━━━━━━━━━━━━━━━━━━━━━┫
┃   48 -    52 ┃   25 -    60 ┃ 17.4642 ± 0.0014 ·10⁺⁰³ (1.81hr) ┃-9.99014 ± 0.00075 ·10⁺⁰³ (17.2hr) ┃ 11.1886 ± 0.0045 ·10⁺⁰³ (46.7mi) ┃ 18.6627 ± 0.0048 ·10⁺⁰³ (19.8hr) ┃
┗━━━━━━━━━━━━━━┻━━━━━━━━━━━━━━┻━━━━━━━━━━━━━━━━━━━━━━━━━━━━━━━━━━┻━━━━━━━━━━━━━━━━━━━━━━━━━━━━━━━━━━┻━━━━━━━━━━━━━━━━━━━━━━━━━━━━━━━━━━┻━━━━━━━━━━━━━━━━━━━━━━━━━━━━━━━━━━┛

╍╍╍╍╍╍╍╍╍╍╍╍╍╍╍╍╍╍╍╍╍╍╍╍╍╍╍╍╍╍╍╍ Summary ╍╍╍╍╍╍╍╍╍╍╍╍╍╍╍╍╍╍╍╍╍╍╍╍╍╍╍╍╍╍╍
      Total cross section                    18.6627 ± 0.0048          pb
         Calculation time                               19.8       hours
              Output file                    outputs/qt_qt48_52_NLL_muR1.0_muF1.0.root            
      Result in text file                    outputs/qt_qt48_52_NLL_muR1.0_muF1.0.txt            

╍╍╍╍╍╍╍╍╍╍╍╍╍╍╍╍╍╍╍╍╍╍╍╍╍╍╍╍╍╍╍╍╍╍╍╍╍╍╍╍╍╍╍╍╍╍╍╍╍╍╍╍╍╍╍╍╍╍╍╍╍╍╍╍╍╍╍╍╍╍╍╍

