
╍╍╍╍╍╍╍╍╍╍╍╍╍╍╍╍╍╍╍╍╍╍╍╍╍╍╍ Process settings ╍╍╍╍╍╍╍╍╍╍╍╍╍╍╍╍╍╍╍╍╍╍╍╍╍╍╍
   proton-proton collisions at sqrt(s) = 13000 GeV 
   Computing NNLO+NNLL resummed cross section
   W+ ->  nu(p3)+e+(p4) production 

╍╍╍╍╍╍╍╍╍╍╍╍╍╍╍╍╍╍╍╍╍╍╍╍╍╍╍╍╍╍ CKM matrix ╍╍╍╍╍╍╍╍╍╍╍╍╍╍╍╍╍╍╍╍╍╍╍╍╍╍╍╍╍╍
     | Vud Vus Vub |   |   0.97427   0.2253  0.00351 | 
     | Vcd Vcs Vcb | = |    0.2252  0.97344   0.0412 | 
     | Vtd Vts Vtb |   |         0        0        0 | 

╍╍╍╍╍╍╍╍╍╍╍╍╍╍╍╍╍╍╍╍╍╍╍╍╍╍╍╍╍ EW parameters ╍╍╍╍╍╍╍╍╍╍╍╍╍╍╍╍╍╍╍╍╍╍╍╍╍╍╍╍
                                         Gf =  1.1663787e-05      GeV^-2
                                    1/alpha =  132.233229791            
                                 sin(thW)^2 = 0.222897222524            
                                     W mass =         80.385         GeV
                                     Z mass =        91.1876         GeV
                                    W width =          2.091         GeV
                                    Z width =          2.495         GeV

╍╍╍╍╍╍╍╍╍╍╍╍╍╍╍╍╍╍╍╍╍╍╍╍╍╍╍╍╍ QCD settings ╍╍╍╍╍╍╍╍╍╍╍╍╍╍╍╍╍╍╍╍╍╍╍╍╍╍╍╍╍
   Renormalization scale:     dynamic muren =              1      * m_ll
     Factorization scale:     dynamic mufac =              2      * m_ll
       Resummation scale:     dynamic mures =              1      * m_ll
          Strong coupling       alpha_s(MZ) =       0.118001            
                              running order =              3       -loop
         Non-perturbative     form factor g =            0.7       GeV^2

╍╍╍╍╍╍╍╍╍╍╍╍╍╍╍╍╍╍╍╍╍╍╍╍╍╍╍╍╍ PDF settings ╍╍╍╍╍╍╍╍╍╍╍╍╍╍╍╍╍╍╍╍╍╍╍╍╍╍╍╍╍
                                     PDF set:MSHT20nnlo_as118            
                                  PDF member:              0            
  Mellin moments of PDFs:                    Numerical integration            
                         nodes for the quadrature:            200            
                         Intervals for the quadrature:              1            

╍╍╍╍╍╍╍╍╍╍╍╍╍╍╍╍╍╍╍╍╍╍╍╍╍╍╍╍╍╍╍ qT recoil ╍╍╍╍╍╍╍╍╍╍╍╍╍╍╍╍╍╍╍╍╍╍╍╍╍╍╍╍╍╍
  qt-recoil prescription:       Collins-Soper kt1 = p_V(x)/2; kt2 = p_V(y)/2            

╍╍╍╍╍╍╍╍╍╍╍╍╍╍╍╍╍╍╍╍╍╍╍╍╍╍╍╍╍╍╍╍╍ Cuts ╍╍╍╍╍╍╍╍╍╍╍╍╍╍╍╍╍╍╍╍╍╍╍╍╍╍╍╍╍╍╍╍╍
                                  apply cuts:           true            
                                      pt_l >               0            
                                   |eta_l| <            1000            
                                    pt_lep >              25            
                                 |eta_lep| <             2.4            
                                   pt_alep >              25            
                                |eta_alep| <             2.4            
                                  user cuts:            true            

╍╍╍╍╍╍╍╍╍╍╍╍╍╍╍╍╍╍╍╍╍╍╍╍╍╍╍╍ ResummationDamp ╍╍╍╍╍╍╍╍╍╍╍╍╍╍╍╍╍╍╍╍╍╍╍╍╍╍╍
                                    damping :             on            
                                damping mode:              1            
                                  damp above:        60.2888         GeV
                               damping width:        20.0963         GeV
                          resummation cutoff:             20         MeV

╍╍╍╍╍╍╍╍╍╍╍╍╍╍╍╍╍╍╍╍╍╍╍╍╍╍╍╍ Debug settings ╍╍╍╍╍╍╍╍╍╍╍╍╍╍╍╍╍╍╍╍╍╍╍╍╍╍╍╍
                                 timeprofile:          false            
                                     verbose:          false            
                               cubaverbosity:              2            

╍╍╍╍╍╍╍╍╍╍╍╍╍╍╍╍╍╍╍╍╍╍╍╍╍╍╍╍╍╍╍╍╍╍╍╍╍╍╍╍╍╍╍╍╍╍╍╍╍╍╍╍╍╍╍╍╍╍╍╍╍╍╍╍╍╍╍╍╍╍╍╍

Warning: Histogram `a1_qt` contains non-integrable observable and will be deleted 
Warning: Histogram `a1_qt_vs_y` contains non-integrable observable and will be deleted 
Warning: Histogram `s_biganswer` contains non-integrable observable and will be deleted 
Warning: Histogram `wgt_a1_qt` contains non-integrable observable and will be deleted 

╍╍╍╍╍╍╍╍╍╍╍╍╍╍╍╍╍╍╍╍╍╍╍╍╍ Integration settings ╍╍╍╍╍╍╍╍╍╍╍╍╍╍╍╍╍╍╍╍╍╍╍╍╍
             Random seeds              123456                           
           Parallel cores                   1                           

             Resummation:     cuhre (dm, dpt)         iter =           5
                                   gauss (dy)        nodes =          64
                                                 intervals =           1
            Counter term:      cuhre (dm, dy)         iter =           5
                                  gauss (dpt)        nodes =          20
                                                 intervals =           5
                V+J Real:               vegas       ncalls =    50000000
             V+J Virtual:               vegas       ncalls =     5000000

Mellin inverse transform:           gaussian         nodes =          30
                                                 intervals =           1
                               imaginary axis         zmax =           2
  Angular variable costh:     semi-analytical      ncstart =         100
   Angular variables phi:            gaussian    intervals =          20

      Constant boundaries                  q2          low =          80
                                                      high =         100
                                            y          low =          -6
                                                      high =           6
                                        costh          low =          -1
                                                      high =           1
                                       eta(l)          low =         -10
                                                      high =          10

┏━━━━━━━━━━━━━━┰━━━━━━━━━━━━━━┰━━━━━━━━━━━━━━━━━━━━━━━━━━━━━━━━━━┰━━━━━━━━━━━━━━━━━━━━━━━━━━━━━━━━━━┰━━━━━━━━━━━━━━━━━━━━━━━━━━━━━━━━━━┰━━━━━━━━━━━━━━━━━━━━━━━━━━━━━━━━━━┰━━━━━━━━━━━━━━━━━━━━━━━━━━━━━━━━━━┓
┃           qT ┃        pT(l) ┃                      Resummation ┃                     Counter term ┃                         V+J Real ┃                      V+J Virtual ┃                            TOTAL ┃
┣━━━━━━━━━━━━━━╋━━━━━━━━━━━━━━╋━━━━━━━━━━━━━━━━━━━━━━━━━━━━━━━━━━╋━━━━━━━━━━━━━━━━━━━━━━━━━━━━━━━━━━╋━━━━━━━━━━━━━━━━━━━━━━━━━━━━━━━━━━╋━━━━━━━━━━━━━━━━━━━━━━━━━━━━━━━━━━╋━━━━━━━━━━━━━━━━━━━━━━━━━━━━━━━━━━┫
┃    0 -     2 ┃   25 -    26 ┃ 1.44531 ± 0.00052 ·10⁺⁰³ (3.84mi) ┃ 2.46966 ± 0.00026 ·10⁺⁰³ ( 1.9hr) ┃Vegas input parameters:
  ndim 10
  ncomp 1
  nvec 1
  epsrel 0
  epsabs 0
  flags 10
  seed 123456
  mineval 50000000
  maxeval 50000000
  nstart 1000000
  nincrease 1000000
  nbatch 5000
  gridno 0
  statefile ""

Iteration 1:  1000000 integrand evaluations so far
[1] -1.70736e+06 +- 1.66492e+06  	chisq 0 (0 df)

Iteration 2:  3000000 integrand evaluations so far
[1] -52289.7 +- 17743.1  	chisq 0.988316 (1 df)

Iteration 3:  6000000 integrand evaluations so far
[1] -50214.7 +- 8096.24  	chisq 1.00559 (2 df)

Iteration 4:  10000000 integrand evaluations so far
[1] -49166.8 +- 2475.75  	chisq 1.02407 (3 df)

Iteration 5:  15000000 integrand evaluations so far
[1] -50087.9 +- 2424.81  	chisq 4.42308 (4 df)

Iteration 6:  21000000 integrand evaluations so far
[1] -49864.4 +- 2243.84  	chisq 4.48218 (5 df)

Iteration 7:  28000000 integrand evaluations so far
[1] -52964.9 +- 1346.61  	chisq 7.46627 (6 df)

Iteration 8:  36000000 integrand evaluations so far
[1] -53099.2 +- 1084.66  	chisq 7.4946 (7 df)

Iteration 9:  45000000 integrand evaluations so far
[1] -53898.9 +- 1004.04  	chisq 11.2924 (8 df)

Iteration 10:  55000000 integrand evaluations so far
[1] -53840.4 +- 821.91  	chisq 11.3027 (9 df)
  -53.84 ±   0.82 ·10⁺⁰³ (7.58mi) ┃Vegas input parameters:
  ndim 8
  ncomp 1
  nvec 1
  epsrel 0
  epsabs 0
  flags 10
  seed 123456
  mineval 5000000
  maxeval 50000000
  nstart 1000000
  nincrease 1000000
  nbatch 5000
  gridno 0
  statefile ""

Iteration 1:  1000000 integrand evaluations so far
[1] 27788.9 +- 9935.35  	chisq 0 (0 df)

Iteration 2:  3000000 integrand evaluations so far
[1] 34963 +- 5949.28  	chisq 0.812861 (1 df)

Iteration 3:  6000000 integrand evaluations so far
[1] 37577.9 +- 3875.7  	chisq 1.1485 (2 df)

Iteration 4:  10000000 integrand evaluations so far
[1] 39024 +- 3756.79  	chisq 3.45265 (3 df)

Iteration 5:  15000000 integrand evaluations so far
[1] 48169.8 +- 1586.38  	chisq 10.6654 (4 df)

Iteration 6:  21000000 integrand evaluations so far
[1] 52899.8 +- 557.736  	chisq 20.8092 (5 df)

Iteration 7:  28000000 integrand evaluations so far
[1] 53414.2 +- 390.237  	chisq 22.4761 (6 df)

Iteration 8:  36000000 integrand evaluations so far
[1] 53785.7 +- 207.199  	chisq 23.7378 (7 df)

Iteration 9:  45000000 integrand evaluations so far
[1] 53758.6 +- 117.142  	chisq 23.7629 (8 df)

Iteration 10:  55000000 integrand evaluations so far
[1] 53917.8 +- 85.8911  	chisq 27.7599 (9 df)
  53.918 ±  0.086 ·10⁺⁰³ (2.99mi) ┃    3.99 ±   0.83 ·10⁺⁰³ (2.14hr) ┃
┃    0 -     2 ┃   26 -    27 ┃  2.2782 ± 0.0017 ·10⁺⁰³ (5.89mi) ┃  4.5574 ± 0.0038 ·10⁺⁰³ (32.3mi) ┃Vegas input parameters:
  ndim 10
  ncomp 1
  nvec 1
  epsrel 0
  epsabs 0
  flags 10
  seed 123456
  mineval 50000000
  maxeval 50000000
  nstart 1000000
  nincrease 1000000
  nbatch 5000
  gridno 0
  statefile ""

Iteration 1:  1000000 integrand evaluations so far
[1] -63705.1 +- 16057.7  	chisq 0 (0 df)

Iteration 2:  3000000 integrand evaluations so far
[1] -69702 +- 7303.41  	chisq 0.175845 (1 df)

Iteration 3:  6000000 integrand evaluations so far
[1] -71493.3 +- 6311.46  	chisq 0.413461 (2 df)

Iteration 4:  10000000 integrand evaluations so far
[1] -80824.9 +- 3243.32  	chisq 3.38384 (3 df)

Iteration 5:  15000000 integrand evaluations so far
[1] -79936 +- 1688.74  	chisq 3.4869 (4 df)

Iteration 6:  21000000 integrand evaluations so far
[1] -81157.4 +- 1504.95  	chisq 6.02887 (5 df)

Iteration 7:  28000000 integrand evaluations so far
[1] -82431.3 +- 1201.45  	chisq 8.00454 (6 df)

Iteration 8:  36000000 integrand evaluations so far
[1] -82466.6 +- 1201.01  	chisq 9.16221 (7 df)

Iteration 9:  45000000 integrand evaluations so far
[1] -82614.8 +- 1143.52  	chisq 9.32523 (8 df)

Iteration 10:  55000000 integrand evaluations so far
[1] -82980.5 +- 882.231  	chisq 9.57797 (9 df)
  -82.98 ±   0.88 ·10⁺⁰³ (7.28mi) ┃Vegas input parameters:
  ndim 8
  ncomp 1
  nvec 1
  epsrel 0
  epsabs 0
  flags 10
  seed 123456
  mineval 5000000
  maxeval 50000000
  nstart 1000000
  nincrease 1000000
  nbatch 5000
  gridno 0
  statefile ""

Iteration 1:  1000000 integrand evaluations so far
[1] 103110 +- 33719.8  	chisq 0 (0 df)

Iteration 2:  3000000 integrand evaluations so far
[1] 67831.3 +- 5083.76  	chisq 1.12003 (1 df)

Iteration 3:  6000000 integrand evaluations so far
[1] 70950.9 +- 4635.39  	chisq 3.35335 (2 df)

Iteration 4:  10000000 integrand evaluations so far
[1] 78214.2 +- 1490.79  	chisq 6.0918 (3 df)

Iteration 5:  15000000 integrand evaluations so far
[1] 81689.4 +- 874.084  	chisq 14.3729 (4 df)

Iteration 6:  21000000 integrand evaluations so far
[1] 81052.1 +- 360.817  	chisq 15.0136 (5 df)

Iteration 7:  28000000 integrand evaluations so far
[1] 81274.5 +- 194.79  	chisq 15.5496 (6 df)

Iteration 8:  36000000 integrand evaluations so far
[1] 81386.3 +- 134.57  	chisq 16.1802 (7 df)

Iteration 9:  45000000 integrand evaluations so far
[1] 81347.8 +- 104.454  	chisq 16.3861 (8 df)

Iteration 10:  55000000 integrand evaluations so far
[1] 81369.1 +- 88.7998  	chisq 16.536 (9 df)
  81.369 ±  0.089 ·10⁺⁰³ (3.19mi) ┃    5.22 ±   0.89 ·10⁺⁰³ (48.6mi) ┃
┃    0 -     2 ┃   27 -    28 ┃  2.7124 ± 0.0014 ·10⁺⁰³ ( 30.1s) ┃  4.0701 ± 0.0023 ·10⁺⁰³ (8.69mi) ┃Vegas input parameters:
  ndim 10
  ncomp 1
  nvec 1
  epsrel 0
  epsabs 0
  flags 10
  seed 123456
  mineval 50000000
  maxeval 50000000
  nstart 1000000
  nincrease 1000000
  nbatch 5000
  gridno 0
  statefile ""

Iteration 1:  1000000 integrand evaluations so far
[1] -109718 +- 49931.5  	chisq 0 (0 df)

Iteration 2:  3000000 integrand evaluations so far
[1] -109377 +- 17788.3  	chisq 5.32529e-05 (1 df)

Iteration 3:  6000000 integrand evaluations so far
[1] -92636.8 +- 4514.63  	chisq 0.946686 (2 df)

Iteration 4:  10000000 integrand evaluations so far
[1] -91963.3 +- 2322.74  	chisq 0.976948 (3 df)

Iteration 5:  15000000 integrand evaluations so far
[1] -93270.9 +- 1871.67  	chisq 1.8807 (4 df)

Iteration 6:  21000000 integrand evaluations so far
[1] -93899.2 +- 1409.19  	chisq 2.14084 (5 df)

Iteration 7:  28000000 integrand evaluations so far
[1] -94712.3 +- 1153.36  	chisq 3.14941 (6 df)

Iteration 8:  36000000 integrand evaluations so far
[1] -94927.9 +- 1022.74  	chisq 3.31293 (7 df)

Iteration 9:  45000000 integrand evaluations so far
[1] -95092.1 +- 927.965  	chisq 3.45874 (8 df)

Iteration 10:  55000000 integrand evaluations so far
[1] -95168.4 +- 845.074  	chisq 3.49839 (9 df)
  -95.17 ±   0.85 ·10⁺⁰³ (7.59mi) ┃Vegas input parameters:
  ndim 8
  ncomp 1
  nvec 1
  epsrel 0
  epsabs 0
  flags 10
  seed 123456
  mineval 5000000
  maxeval 50000000
  nstart 1000000
  nincrease 1000000
  nbatch 5000
  gridno 0
  statefile ""

Iteration 1:  1000000 integrand evaluations so far
[1] 74345.1 +- 24249.7  	chisq 0 (0 df)

Iteration 2:  3000000 integrand evaluations so far
[1] 82642.5 +- 10820.9  	chisq 0.146185 (1 df)

Iteration 3:  6000000 integrand evaluations so far
[1] 83500.8 +- 3682.02  	chisq 0.1533 (2 df)

Iteration 4:  10000000 integrand evaluations so far
[1] 85028.3 +- 1374.92  	chisq 0.353287 (3 df)

Iteration 5:  15000000 integrand evaluations so far
[1] 90136.6 +- 906.793  	chisq 24.7836 (4 df)

Iteration 6:  21000000 integrand evaluations so far
[1] 91368.2 +- 412.575  	chisq 27.1099 (5 df)

Iteration 7:  28000000 integrand evaluations so far
[1] 91691.3 +- 220.38  	chisq 27.9683 (6 df)

Iteration 8:  36000000 integrand evaluations so far
[1] 91984.1 +- 151.275  	chisq 31.3051 (7 df)

Iteration 9:  45000000 integrand evaluations so far
[1] 91910.4 +- 117.006  	chisq 31.8963 (8 df)

Iteration 10:  55000000 integrand evaluations so far
[1] 91962.5 +- 97.0956  	chisq 32.5352 (9 df)
  91.963 ±  0.097 ·10⁺⁰³ (3.35mi) ┃    3.58 ±   0.85 ·10⁺⁰³ (20.1mi) ┃
┃    0 -     2 ┃   28 -    29 ┃ 2.86146 ± 0.00032 ·10⁺⁰³ (1.29mi) ┃  4.4012 ± 0.0014 ·10⁺⁰³ (  34mi) ┃Vegas input parameters:
  ndim 10
  ncomp 1
  nvec 1
  epsrel 0
  epsabs 0
  flags 10
  seed 123456
  mineval 50000000
  maxeval 50000000
  nstart 1000000
  nincrease 1000000
  nbatch 5000
  gridno 0
  statefile ""

Iteration 1:  1000000 integrand evaluations so far
[1] -99629.1 +- 33575.7  	chisq 0 (0 df)

Iteration 2:  3000000 integrand evaluations so far
[1] -90065.9 +- 6612.53  	chisq 0.0843997 (1 df)

Iteration 3:  6000000 integrand evaluations so far
[1] -89410.4 +- 3672.21  	chisq 0.0986064 (2 df)

Iteration 4:  10000000 integrand evaluations so far
[1] -94686.1 +- 2934.41  	chisq 5.80845 (3 df)

Iteration 5:  15000000 integrand evaluations so far
[1] -95952.1 +- 2826.46  	chisq 8.38597 (4 df)

Iteration 6:  21000000 integrand evaluations so far
[1] -95694.6 +- 2559.89  	chisq 8.43216 (5 df)

Iteration 7:  28000000 integrand evaluations so far
[1] -99411.7 +- 2136.72  	chisq 15.3845 (6 df)

Iteration 8:  36000000 integrand evaluations so far
[1] -100191 +- 1661.77  	chisq 15.7206 (7 df)

Iteration 9:  45000000 integrand evaluations so far
[1] -101507 +- 1419.58  	chisq 18.0425 (8 df)

Iteration 10:  55000000 integrand evaluations so far
[1] -101763 +- 1226.22  	chisq 18.1712 (9 df)
  -101.8 ±    1.2 ·10⁺⁰³ (7.28mi) ┃Vegas input parameters:
  ndim 8
  ncomp 1
  nvec 1
  epsrel 0
  epsabs 0
  flags 10
  seed 123456
  mineval 5000000
  maxeval 50000000
  nstart 1000000
  nincrease 1000000
  nbatch 5000
  gridno 0
  statefile ""

Iteration 1:  1000000 integrand evaluations so far
[1] 106883 +- 37376.6  	chisq 0 (0 df)

Iteration 2:  3000000 integrand evaluations so far
[1] 99504 +- 13901.2  	chisq 0.045231 (1 df)

Iteration 3:  6000000 integrand evaluations so far
[1] 95318.1 +- 2974.36  	chisq 0.140254 (2 df)

Iteration 4:  10000000 integrand evaluations so far
[1] 99338.5 +- 1284.45  	chisq 2.38615 (3 df)

Iteration 5:  15000000 integrand evaluations so far
[1] 99726.3 +- 602.836  	chisq 2.50306 (4 df)

Iteration 6:  21000000 integrand evaluations so far
[1] 99540.8 +- 318.15  	chisq 2.63433 (5 df)

Iteration 7:  28000000 integrand evaluations so far
[1] 99502.7 +- 200.522  	chisq 2.6581 (6 df)

Iteration 8:  36000000 integrand evaluations so far
[1] 99456.1 +- 148.017  	chisq 2.77678 (7 df)

Iteration 9:  45000000 integrand evaluations so far
[1] 99448.3 +- 119.216  	chisq 2.78478 (8 df)

Iteration 10:  55000000 integrand evaluations so far
[1] 99511.8 +- 100.807  	chisq 3.77985 (9 df)
   99.51 ±    0.1 ·10⁺⁰³ (3.23mi) ┃       5 ±    1.2 ·10⁺⁰³ (45.8mi) ┃
┃    0 -     2 ┃   29 -    30 ┃ 3.09061 ± 0.00058 ·10⁺⁰³ (1.71mi) ┃  4.7073 ± 0.0045 ·10⁺⁰³ (8.41mi) ┃Vegas input parameters:
  ndim 10
  ncomp 1
  nvec 1
  epsrel 0
  epsabs 0
  flags 10
  seed 123456
  mineval 50000000
  maxeval 50000000
  nstart 1000000
  nincrease 1000000
  nbatch 5000
  gridno 0
  statefile ""

Iteration 1:  1000000 integrand evaluations so far
[1] -170017 +- 96550.5  	chisq 0 (0 df)

Iteration 2:  3000000 integrand evaluations so far
[1] -109525 +- 13051.7  	chisq 0.399848 (1 df)

Iteration 3:  6000000 integrand evaluations so far
[1] -112698 +- 6693.09  	chisq 0.480059 (2 df)

Iteration 4:  10000000 integrand evaluations so far
[1] -113137 +- 3726.58  	chisq 0.486282 (3 df)

Iteration 5:  15000000 integrand evaluations so far
[1] -110988 +- 2761.66  	chisq 1.22397 (4 df)

Iteration 6:  21000000 integrand evaluations so far
[1] -108843 +- 1688.13  	chisq 2.18657 (5 df)

Iteration 7:  28000000 integrand evaluations so far
[1] -109779 +- 1534.51  	chisq 3.95396 (6 df)

Iteration 8:  36000000 integrand evaluations so far
[1] -109822 +- 1352  	chisq 3.95761 (7 df)

Iteration 9:  45000000 integrand evaluations so far
[1] -110570 +- 1245.78  	chisq 5.98237 (8 df)

Iteration 10:  55000000 integrand evaluations so far
[1] -110899 +- 1210.75  	chisq 7.24171 (9 df)
  -110.9 ±    1.2 ·10⁺⁰³ (7.54mi) ┃Vegas input parameters:
  ndim 8
  ncomp 1
  nvec 1
  epsrel 0
  epsabs 0
  flags 10
  seed 123456
  mineval 5000000
  maxeval 50000000
  nstart 1000000
  nincrease 1000000
  nbatch 5000
  gridno 0
  statefile ""

Iteration 1:  1000000 integrand evaluations so far
[1] 129336 +- 35312.3  	chisq 0 (0 df)

Iteration 2:  3000000 integrand evaluations so far
[1] 97685.8 +- 5193.53  	chisq 0.821109 (1 df)

Iteration 3:  6000000 integrand evaluations so far
[1] 102607 +- 2763.66  	chisq 2.07392 (2 df)

Iteration 4:  10000000 integrand evaluations so far
[1] 104170 +- 1040.19  	chisq 2.44631 (3 df)

Iteration 5:  15000000 integrand evaluations so far
[1] 106879 +- 568.628  	chisq 12.1214 (4 df)

Iteration 6:  21000000 integrand evaluations so far
[1] 107334 +- 315.69  	chisq 13.0478 (5 df)

Iteration 7:  28000000 integrand evaluations so far
[1] 107217 +- 208.086  	chisq 13.2941 (6 df)

Iteration 8:  36000000 integrand evaluations so far
[1] 107540 +- 159.192  	chisq 19.1056 (7 df)

Iteration 9:  45000000 integrand evaluations so far
[1] 107485 +- 129.36  	chisq 19.4541 (8 df)

Iteration 10:  55000000 integrand evaluations so far
[1] 107598 +- 109.565  	chisq 22.1654 (9 df)
   107.6 ±   0.11 ·10⁺⁰³ (3.02mi) ┃     4.5 ±    1.2 ·10⁺⁰³ (20.7mi) ┃
┃    0 -     2 ┃   30 -    31 ┃  3.5155 ± 0.0029 ·10⁺⁰³ ( 59.2s) ┃  5.0338 ± 0.0034 ·10⁺⁰³ (4.37mi) ┃Vegas input parameters:
  ndim 10
  ncomp 1
  nvec 1
  epsrel 0
  epsabs 0
  flags 10
  seed 123456
  mineval 50000000
  maxeval 50000000
  nstart 1000000
  nincrease 1000000
  nbatch 5000
  gridno 0
  statefile ""

Iteration 1:  1000000 integrand evaluations so far
[1] -75604.1 +- 18790  	chisq 0 (0 df)

Iteration 2:  3000000 integrand evaluations so far
[1] -100152 +- 9460.82  	chisq 2.28642 (1 df)

Iteration 3:  6000000 integrand evaluations so far
[1] -103617 +- 8657.34  	chisq 3.11129 (2 df)

Iteration 4:  10000000 integrand evaluations so far
[1] -115737 +- 4730.48  	chisq 5.9054 (3 df)

Iteration 5:  15000000 integrand evaluations so far
[1] -116556 +- 3186.38  	chisq 5.96031 (4 df)

Iteration 6:  21000000 integrand evaluations so far
[1] -120678 +- 1977.64  	chisq 8.68211 (5 df)

Iteration 7:  28000000 integrand evaluations so far
[1] -122120 +- 1723.96  	chisq 10.8965 (6 df)

Iteration 8:  36000000 integrand evaluations so far
[1] -121806 +- 1603.08  	chisq 11.1429 (7 df)

Iteration 9:  45000000 integrand evaluations so far
[1] -121734 +- 1504.62  	chisq 11.1598 (8 df)

Iteration 10:  55000000 integrand evaluations so far
[1] -121398 +- 1414.53  	chisq 11.5893 (9 df)
  -121.4 ±    1.4 ·10⁺⁰³ (7.33mi) ┃Vegas input parameters:
  ndim 8
  ncomp 1
  nvec 1
  epsrel 0
  epsabs 0
  flags 10
  seed 123456
  mineval 5000000
  maxeval 50000000
  nstart 1000000
  nincrease 1000000
  nbatch 5000
  gridno 0
  statefile ""

Iteration 1:  1000000 integrand evaluations so far
[1] 78223.2 +- 22825.8  	chisq 0 (0 df)

Iteration 2:  3000000 integrand evaluations so far
[1] 88969.6 +- 7430.23  	chisq 0.247925 (1 df)

Iteration 3:  6000000 integrand evaluations so far
[1] 104859 +- 4270.94  	chisq 7.07733 (2 df)

Iteration 4:  10000000 integrand evaluations so far
[1] 113133 +- 1495.02  	chisq 11.3547 (3 df)

Iteration 5:  15000000 integrand evaluations so far
[1] 113647 +- 1457.18  	chisq 13.7153 (4 df)

Iteration 6:  21000000 integrand evaluations so far
[1] 115369 +- 834.397  	chisq 15.7945 (5 df)

Iteration 7:  28000000 integrand evaluations so far
[1] 116499 +- 358.493  	chisq 18.0438 (6 df)

Iteration 8:  36000000 integrand evaluations so far
[1] 116399 +- 229.89  	chisq 18.175 (7 df)

Iteration 9:  45000000 integrand evaluations so far
[1] 116200 +- 170.012  	chisq 19.8326 (8 df)

Iteration 10:  55000000 integrand evaluations so far
[1] 116329 +- 135.85  	chisq 21.4217 (9 df)
  116.33 ±   0.14 ·10⁺⁰³ (3.28mi) ┃     3.5 ±    1.4 ·10⁺⁰³ (  16mi) ┃
┃    0 -     2 ┃   31 -    32 ┃  3.8188 ± 0.0034 ·10⁺⁰³ ( 19.1s) ┃  5.3888 ± 0.0045 ·10⁺⁰³ (4.74mi) ┃Vegas input parameters:
  ndim 10
  ncomp 1
  nvec 1
  epsrel 0
  epsabs 0
  flags 10
  seed 123456
  mineval 50000000
  maxeval 50000000
  nstart 1000000
  nincrease 1000000
  nbatch 5000
  gridno 0
  statefile ""

Iteration 1:  1000000 integrand evaluations so far
[1] -217578 +- 71568.2  	chisq 0 (0 df)

Iteration 2:  3000000 integrand evaluations so far
[1] -213798 +- 57604.6  	chisq 0.00792113 (1 df)

Iteration 3:  6000000 integrand evaluations so far
[1] -111858 +- 10668.7  	chisq 3.25086 (2 df)

Iteration 4:  10000000 integrand evaluations so far
[1] -128588 +- 4019.91  	chisq 6.11672 (3 df)

Iteration 5:  15000000 integrand evaluations so far
[1] -128748 +- 2549.81  	chisq 6.1194 (4 df)

Iteration 6:  21000000 integrand evaluations so far
[1] -127374 +- 1895.14  	chisq 6.76851 (5 df)

Iteration 7:  28000000 integrand evaluations so far
[1] -128838 +- 1729.31  	chisq 10.3358 (6 df)

Iteration 8:  36000000 integrand evaluations so far
[1] -127826 +- 1419.79  	chisq 11.3864 (7 df)

Iteration 9:  45000000 integrand evaluations so far
[1] -128050 +- 1089.22  	chisq 11.4464 (8 df)

Iteration 10:  55000000 integrand evaluations so far
[1] -128337 +- 896.031  	chisq 11.6619 (9 df)
 -128.34 ±    0.9 ·10⁺⁰³ (7.63mi) ┃Vegas input parameters:
  ndim 8
  ncomp 1
  nvec 1
  epsrel 0
  epsabs 0
  flags 10
  seed 123456
  mineval 5000000
  maxeval 50000000
  nstart 1000000
  nincrease 1000000
  nbatch 5000
  gridno 0
  statefile ""

Iteration 1:  1000000 integrand evaluations so far
[1] 97327.7 +- 18809.5  	chisq 0 (0 df)

Iteration 2:  3000000 integrand evaluations so far
[1] 112808 +- 9365.56  	chisq 0.900603 (1 df)

Iteration 3:  6000000 integrand evaluations so far
[1] 119912 +- 3333.1  	chisq 1.55935 (2 df)

Iteration 4:  10000000 integrand evaluations so far
[1] 124348 +- 1198.82  	chisq 3.59388 (3 df)

Iteration 5:  15000000 integrand evaluations so far
[1] 125822 +- 712.031  	chisq 5.9302 (4 df)

Iteration 6:  21000000 integrand evaluations so far
[1] 126263 +- 393.221  	chisq 6.48204 (5 df)

Iteration 7:  28000000 integrand evaluations so far
[1] 125876 +- 253.693  	chisq 8.14306 (6 df)

Iteration 8:  36000000 integrand evaluations so far
[1] 126179 +- 191.567  	chisq 11.4597 (7 df)

Iteration 9:  45000000 integrand evaluations so far
[1] 126098 +- 153.359  	chisq 11.9569 (8 df)

Iteration 10:  55000000 integrand evaluations so far
[1] 126190 +- 129.071  	chisq 13.2034 (9 df)
  126.19 ±   0.13 ·10⁺⁰³ (3.34mi) ┃    7.06 ±   0.91 ·10⁺⁰³ (  16mi) ┃
┃    0 -     2 ┃   32 -    33 ┃ 4.06144 ± 0.00077 ·10⁺⁰³ ( 59.1s) ┃   5.785 ± 0.0039 ·10⁺⁰³ (10.9mi) ┃Vegas input parameters:
  ndim 10
  ncomp 1
  nvec 1
  epsrel 0
  epsabs 0
  flags 10
  seed 123456
  mineval 50000000
  maxeval 50000000
  nstart 1000000
  nincrease 1000000
  nbatch 5000
  gridno 0
  statefile ""

Iteration 1:  1000000 integrand evaluations so far
[1] -97244.5 +- 32582.3  	chisq 0 (0 df)

Iteration 2:  3000000 integrand evaluations so far
[1] -90437.2 +- 29722  	chisq 0.260033 (1 df)

Iteration 3:  6000000 integrand evaluations so far
[1] -125076 +- 6661.53  	chisq 1.69012 (2 df)

Iteration 4:  10000000 integrand evaluations so far
[1] -130149 +- 6177.57  	chisq 5.83164 (3 df)

Iteration 5:  15000000 integrand evaluations so far
[1] -135357 +- 4926.13  	chisq 7.78341 (4 df)

Iteration 6:  21000000 integrand evaluations so far
[1] -136166 +- 3925.23  	chisq 7.85739 (5 df)

Iteration 7:  28000000 integrand evaluations so far
[1] -139513 +- 3465.46  	chisq 11.1529 (6 df)

Iteration 8:  36000000 integrand evaluations so far
[1] -140538 +- 2978.52  	chisq 11.4879 (7 df)

Iteration 9:  45000000 integrand evaluations so far
[1] -141386 +- 2844.47  	chisq 12.4098 (8 df)

Iteration 10:  55000000 integrand evaluations so far
[1] -141324 +- 2152.17  	chisq 12.411 (9 df)
  -141.3 ±    2.2 ·10⁺⁰³ (7.41mi) ┃Vegas input parameters:
  ndim 8
  ncomp 1
  nvec 1
  epsrel 0
  epsabs 0
  flags 10
  seed 123456
  mineval 5000000
  maxeval 50000000
  nstart 1000000
  nincrease 1000000
  nbatch 5000
  gridno 0
  statefile ""

Iteration 1:  1000000 integrand evaluations so far
[1] 142289 +- 32153.4  	chisq 0 (0 df)

Iteration 2:  3000000 integrand evaluations so far
[1] 117462 +- 5544.97  	chisq 0.614499 (1 df)

Iteration 3:  6000000 integrand evaluations so far
[1] 124467 +- 4962.18  	chisq 8.62736 (2 df)

Iteration 4:  10000000 integrand evaluations so far
[1] 134076 +- 2042.45  	chisq 13.143 (3 df)

Iteration 5:  15000000 integrand evaluations so far
[1] 136955 +- 889.291  	chisq 15.5939 (4 df)

Iteration 6:  21000000 integrand evaluations so far
[1] 136947 +- 425.934  	chisq 15.594 (5 df)

Iteration 7:  28000000 integrand evaluations so far
[1] 136605 +- 267.056  	chisq 16.6565 (6 df)

Iteration 8:  36000000 integrand evaluations so far
[1] 136986 +- 201.069  	chisq 21.3624 (7 df)

Iteration 9:  45000000 integrand evaluations so far
[1] 136971 +- 162.507  	chisq 21.3791 (8 df)

Iteration 10:  55000000 integrand evaluations so far
[1] 137104 +- 144.202  	chisq 24.5169 (9 df)
   137.1 ±   0.14 ·10⁺⁰³ (3.22mi) ┃     5.6 ±    2.2 ·10⁺⁰³ (22.5mi) ┃
┃    0 -     2 ┃   33 -    34 ┃  4.3552 ±  0.004 ·10⁺⁰³ ( 33.5s) ┃  6.2359 ± 0.0026 ·10⁺⁰³ (5.56mi) ┃Vegas input parameters:
  ndim 10
  ncomp 1
  nvec 1
  epsrel 0
  epsabs 0
  flags 10
  seed 123456
  mineval 50000000
  maxeval 50000000
  nstart 1000000
  nincrease 1000000
  nbatch 5000
  gridno 0
  statefile ""

Iteration 1:  1000000 integrand evaluations so far
[1] -72912.2 +- 32738.7  	chisq 0 (0 df)

Iteration 2:  3000000 integrand evaluations so far
[1] -107752 +- 24919.3  	chisq 2.69229 (1 df)

Iteration 3:  6000000 integrand evaluations so far
[1] -136065 +- 17623.4  	chisq 5.27491 (2 df)

Iteration 4:  10000000 integrand evaluations so far
[1] -141656 +- 15864.3  	chisq 5.80555 (3 df)

Iteration 5:  15000000 integrand evaluations so far
[1] -142868 +- 6033.61  	chisq 5.81237 (4 df)

Iteration 6:  21000000 integrand evaluations so far
[1] -149893 +- 2619.02  	chisq 7.48275 (5 df)

Iteration 7:  28000000 integrand evaluations so far
[1] -151590 +- 2021.39  	chisq 8.52093 (6 df)

Iteration 8:  36000000 integrand evaluations so far
[1] -152852 +- 1799.19  	chisq 10.3972 (7 df)

Iteration 9:  45000000 integrand evaluations so far
[1] -152347 +- 1670.4  	chisq 10.9681 (8 df)

Iteration 10:  55000000 integrand evaluations so far
[1] -152430 +- 1668.51  	chisq 12.0624 (9 df)
  -152.4 ±    1.7 ·10⁺⁰³ (7.68mi) ┃Vegas input parameters:
  ndim 8
  ncomp 1
  nvec 1
  epsrel 0
  epsabs 0
  flags 10
  seed 123456
  mineval 5000000
  maxeval 50000000
  nstart 1000000
  nincrease 1000000
  nbatch 5000
  gridno 0
  statefile ""

Iteration 1:  1000000 integrand evaluations so far
[1] 97803.7 +- 27445.5  	chisq 0 (0 df)

Iteration 2:  3000000 integrand evaluations so far
[1] 127240 +- 9804.62  	chisq 1.31865 (1 df)

Iteration 3:  6000000 integrand evaluations so far
[1] 140829 +- 3470.92  	chisq 3.51482 (2 df)

Iteration 4:  10000000 integrand evaluations so far
[1] 146340 +- 1249.73  	chisq 6.41157 (3 df)

Iteration 5:  15000000 integrand evaluations so far
[1] 148638 +- 617.413  	chisq 10.8824 (4 df)

Iteration 6:  21000000 integrand evaluations so far
[1] 149463 +- 387.276  	chisq 13.8293 (5 df)

Iteration 7:  28000000 integrand evaluations so far
[1] 149569 +- 273.633  	chisq 13.9766 (6 df)

Iteration 8:  36000000 integrand evaluations so far
[1] 149712 +- 210.709  	chisq 14.6503 (7 df)

Iteration 9:  45000000 integrand evaluations so far
[1] 149700 +- 172.735  	chisq 14.6605 (8 df)

Iteration 10:  55000000 integrand evaluations so far
[1] 149807 +- 147.666  	chisq 16.0914 (9 df)
  149.81 ±   0.15 ·10⁺⁰³ (3.17mi) ┃       8 ±    1.7 ·10⁺⁰³ (  17mi) ┃
┃    0 -     2 ┃   34 -    35 ┃ 4.94912 ± 0.00049 ·10⁺⁰³ ( 59.4s) ┃  6.7639 ± 0.0033 ·10⁺⁰³ (5.23mi) ┃Vegas input parameters:
  ndim 10
  ncomp 1
  nvec 1
  epsrel 0
  epsabs 0
  flags 10
  seed 123456
  mineval 50000000
  maxeval 50000000
  nstart 1000000
  nincrease 1000000
  nbatch 5000
  gridno 0
  statefile ""

Iteration 1:  1000000 integrand evaluations so far
[1] -124211 +- 30559.4  	chisq 0 (0 df)

Iteration 2:  3000000 integrand evaluations so far
[1] -132478 +- 18044.4  	chisq 0.112347 (1 df)

Iteration 3:  6000000 integrand evaluations so far
[1] -154823 +- 6934.94  	chisq 1.91158 (2 df)

Iteration 4:  10000000 integrand evaluations so far
[1] -157069 +- 5368.63  	chisq 2.17344 (3 df)

Iteration 5:  15000000 integrand evaluations so far
[1] -163381 +- 4441  	chisq 6.55103 (4 df)

Iteration 6:  21000000 integrand evaluations so far
[1] -167497 +- 3124.29  	chisq 8.2518 (5 df)

Iteration 7:  28000000 integrand evaluations so far
[1] -167967 +- 2715.52  	chisq 8.34436 (6 df)

Iteration 8:  36000000 integrand evaluations so far
[1] -168562 +- 1979.04  	chisq 8.44705 (7 df)

Iteration 9:  45000000 integrand evaluations so far
[1] -169496 +- 1611.38  	chisq 9.10766 (8 df)

Iteration 10:  55000000 integrand evaluations so far
[1] -170480 +- 1297.43  	chisq 10.1671 (9 df)
  -170.5 ±    1.3 ·10⁺⁰³ ( 7.7mi) ┃Vegas input parameters:
  ndim 8
  ncomp 1
  nvec 1
  epsrel 0
  epsabs 0
  flags 10
  seed 123456
  mineval 5000000
  maxeval 50000000
  nstart 1000000
  nincrease 1000000
  nbatch 5000
  gridno 0
  statefile ""

Iteration 1:  1000000 integrand evaluations so far
[1] 140133 +- 36005.2  	chisq 0 (0 df)

Iteration 2:  3000000 integrand evaluations so far
[1] 135547 +- 5941.63  	chisq 0.0166771 (1 df)

Iteration 3:  6000000 integrand evaluations so far
[1] 142890 +- 5161.17  	chisq 6.23982 (2 df)

Iteration 4:  10000000 integrand evaluations so far
[1] 155042 +- 3642.55  	chisq 17.2836 (3 df)

Iteration 5:  15000000 integrand evaluations so far
[1] 163986 +- 1490.7  	chisq 24.5259 (4 df)

Iteration 6:  21000000 integrand evaluations so far
[1] 164945 +- 585.169  	chisq 25.0151 (5 df)

Iteration 7:  28000000 integrand evaluations so far
[1] 164828 +- 344.434  	chisq 25.0764 (6 df)

Iteration 8:  36000000 integrand evaluations so far
[1] 164887 +- 250.83  	chisq 25.1401 (7 df)

Iteration 9:  45000000 integrand evaluations so far
[1] 164762 +- 200.18  	chisq 25.8252 (8 df)

Iteration 10:  55000000 integrand evaluations so far
[1] 164842 +- 168.919  	chisq 26.3835 (9 df)
  164.84 ±   0.17 ·10⁺⁰³ (3.27mi) ┃     6.1 ±    1.3 ·10⁺⁰³ (17.2mi) ┃
┃    0 -     2 ┃   35 -    36 ┃  5.6448 ± 0.0014 ·10⁺⁰³ ( 31.9s) ┃  7.4143 ±  0.007 ·10⁺⁰³ (5.08mi) ┃Vegas input parameters:
  ndim 10
  ncomp 1
  nvec 1
  epsrel 0
  epsabs 0
  flags 10
  seed 123456
  mineval 50000000
  maxeval 50000000
  nstart 1000000
  nincrease 1000000
  nbatch 5000
  gridno 0
  statefile ""

Iteration 1:  1000000 integrand evaluations so far
[1] -149071 +- 39740  	chisq 0 (0 df)

Iteration 2:  3000000 integrand evaluations so far
[1] -185943 +- 24202.4  	chisq 1.36838 (1 df)

Iteration 3:  6000000 integrand evaluations so far
[1] -183274 +- 16488.1  	chisq 1.39106 (2 df)

Iteration 4:  10000000 integrand evaluations so far
[1] -171439 +- 8476.49  	chisq 2.09145 (3 df)

Iteration 5:  15000000 integrand evaluations so far
[1] -182266 +- 5562.2  	chisq 4.95696 (4 df)

Iteration 6:  21000000 integrand evaluations so far
[1] -183486 +- 5317.37  	chisq 5.51499 (5 df)

Iteration 7:  28000000 integrand evaluations so far
[1] -187008 +- 4236.63  	chisq 6.71657 (6 df)

Iteration 8:  36000000 integrand evaluations so far
[1] -187513 +- 3615.19  	chisq 6.76887 (7 df)

Iteration 9:  45000000 integrand evaluations so far
[1] -188113 +- 3571.38  	chisq 7.91337 (8 df)

Iteration 10:  55000000 integrand evaluations so far
[1] -187984 +- 3032.73  	chisq 7.91807 (9 df)
    -188 ±      3 ·10⁺⁰³ (7.45mi) ┃Vegas input parameters:
  ndim 8
  ncomp 1
  nvec 1
  epsrel 0
  epsabs 0
  flags 10
  seed 123456
  mineval 5000000
  maxeval 50000000
  nstart 1000000
  nincrease 1000000
  nbatch 5000
  gridno 0
  statefile ""

Iteration 1:  1000000 integrand evaluations so far
[1] 217041 +- 65926.3  	chisq 0 (0 df)

Iteration 2:  3000000 integrand evaluations so far
[1] 179826 +- 14121.7  	chisq 0.333978 (1 df)

Iteration 3:  6000000 integrand evaluations so far
[1] 188565 +- 11134.1  	chisq 1.34622 (2 df)

Iteration 4:  10000000 integrand evaluations so far
[1] 187607 +- 3219.24  	chisq 1.3543 (3 df)

Iteration 5:  15000000 integrand evaluations so far
[1] 186124 +- 1037.75  	chisq 1.591 (4 df)

Iteration 6:  21000000 integrand evaluations so far
[1] 185026 +- 681.753  	chisq 3.56165 (5 df)

Iteration 7:  28000000 integrand evaluations so far
[1] 184175 +- 442.991  	chisq 6.26061 (6 df)

Iteration 8:  36000000 integrand evaluations so far
[1] 184100 +- 304.973  	chisq 6.31408 (7 df)

Iteration 9:  45000000 integrand evaluations so far
[1] 183919 +- 236.958  	chisq 7.20625 (8 df)

Iteration 10:  55000000 integrand evaluations so far
[1] 184000 +- 196.35  	chisq 7.5834 (9 df)
     184 ±    0.2 ·10⁺⁰³ ( 3.1mi) ┃     9.1 ±      3 ·10⁺⁰³ (16.2mi) ┃
┃    0 -     2 ┃   36 -    37 ┃  6.2892 ± 0.0046 ·10⁺⁰³ (   57s) ┃  8.2454 ± 0.0074 ·10⁺⁰³ (2.46mi) ┃Vegas input parameters:
  ndim 10
  ncomp 1
  nvec 1
  epsrel 0
  epsabs 0
  flags 10
  seed 123456
  mineval 50000000
  maxeval 50000000
  nstart 1000000
  nincrease 1000000
  nbatch 5000
  gridno 0
  statefile ""

Iteration 1:  1000000 integrand evaluations so far
[1] -140512 +- 26907.4  	chisq 0 (0 df)

Iteration 2:  3000000 integrand evaluations so far
[1] -195157 +- 15966  	chisq 6.36549 (1 df)

Iteration 3:  6000000 integrand evaluations so far
[1] -210962 +- 12589.5  	chisq 8.95639 (2 df)

Iteration 4:  10000000 integrand evaluations so far
[1] -203675 +- 7289.77  	chisq 9.46046 (3 df)

Iteration 5:  15000000 integrand evaluations so far
[1] -212960 +- 4709.19  	chisq 12.2451 (4 df)

Iteration 6:  21000000 integrand evaluations so far
[1] -213593 +- 3075.24  	chisq 12.2766 (5 df)

Iteration 7:  28000000 integrand evaluations so far
[1] -213664 +- 2410.84  	chisq 12.278 (6 df)

Iteration 8:  36000000 integrand evaluations so far
[1] -214465 +- 2184.82  	chisq 12.8966 (7 df)

Iteration 9:  45000000 integrand evaluations so far
[1] -215588 +- 2081.51  	chisq 15.7554 (8 df)

Iteration 10:  55000000 integrand evaluations so far
[1] -215985 +- 1847.47  	chisq 15.9268 (9 df)
    -216 ±    1.8 ·10⁺⁰³ (7.57mi) ┃Vegas input parameters:
  ndim 8
  ncomp 1
  nvec 1
  epsrel 0
  epsabs 0
  flags 10
  seed 123456
  mineval 5000000
  maxeval 50000000
  nstart 1000000
  nincrease 1000000
  nbatch 5000
  gridno 0
  statefile ""

Iteration 1:  1000000 integrand evaluations so far
[1] 266567 +- 51533.7  	chisq 0 (0 df)

Iteration 2:  3000000 integrand evaluations so far
[1] 198496 +- 5762.44  	chisq 1.76685 (1 df)

Iteration 3:  6000000 integrand evaluations so far
[1] 203122 +- 2165.27  	chisq 2.51711 (2 df)

Iteration 4:  10000000 integrand evaluations so far
[1] 205499 +- 1087.7  	chisq 4.12979 (3 df)

Iteration 5:  15000000 integrand evaluations so far
[1] 206992 +- 695.89  	chisq 7.31909 (4 df)

Iteration 6:  21000000 integrand evaluations so far
[1] 207872 +- 465.546  	chisq 10.2144 (5 df)

Iteration 7:  28000000 integrand evaluations so far
[1] 208104 +- 339.437  	chisq 10.7439 (6 df)

Iteration 8:  36000000 integrand evaluations so far
[1] 208318 +- 269.288  	chisq 11.8124 (7 df)

Iteration 9:  45000000 integrand evaluations so far
[1] 208235 +- 225.94  	chisq 12.1324 (8 df)

Iteration 10:  55000000 integrand evaluations so far
[1] 208444 +- 195.863  	chisq 15.5739 (9 df)
  208.44 ±    0.2 ·10⁺⁰³ ( 3.1mi) ┃       7 ±    1.9 ·10⁺⁰³ (14.1mi) ┃
┃    0 -     2 ┃   37 -    38 ┃  7.3408 ± 0.0069 ·10⁺⁰³ ( 18.2s) ┃  9.4022 ± 0.0076 ·10⁺⁰³ (5.31mi) ┃Vegas input parameters:
  ndim 10
  ncomp 1
  nvec 1
  epsrel 0
  epsabs 0
  flags 10
  seed 123456
  mineval 50000000
  maxeval 50000000
  nstart 1000000
  nincrease 1000000
  nbatch 5000
  gridno 0
  statefile ""

Iteration 1:  1000000 integrand evaluations so far
[1] -120024 +- 24066.5  	chisq 0 (0 df)

Iteration 2:  3000000 integrand evaluations so far
[1] -205957 +- 13065.5  	chisq 18.0773 (1 df)

Iteration 3:  6000000 integrand evaluations so far
[1] -209567 +- 11743.1  	chisq 18.4747 (2 df)

Iteration 4:  10000000 integrand evaluations so far
[1] -233409 +- 7824.21  	chisq 25.8875 (3 df)

Iteration 5:  15000000 integrand evaluations so far
[1] -236487 +- 4381.87  	chisq 26.113 (4 df)

Iteration 6:  21000000 integrand evaluations so far
[1] -242851 +- 3722.39  	chisq 33.6902 (5 df)

Iteration 7:  28000000 integrand evaluations so far
[1] -245744 +- 3380.8  	chisq 37.1393 (6 df)

Iteration 8:  36000000 integrand evaluations so far
[1] -247194 +- 3060.46  	chisq 38.1592 (7 df)

Iteration 9:  45000000 integrand evaluations so far
[1] -248104 +- 2985.8  	chisq 39.9937 (8 df)

Iteration 10:  55000000 integrand evaluations so far
[1] -248901 +- 2626.59  	chisq 40.3089 (9 df)
  -248.9 ±    2.6 ·10⁺⁰³ (7.59mi) ┃Vegas input parameters:
  ndim 8
  ncomp 1
  nvec 1
  epsrel 0
  epsabs 0
  flags 10
  seed 123456
  mineval 5000000
  maxeval 50000000
  nstart 1000000
  nincrease 1000000
  nbatch 5000
  gridno 0
  statefile ""

Iteration 1:  1000000 integrand evaluations so far
[1] 199895 +- 45519.9  	chisq 0 (0 df)

Iteration 2:  3000000 integrand evaluations so far
[1] 237130 +- 30678.4  	chisq 1.22592 (1 df)

Iteration 3:  6000000 integrand evaluations so far
[1] 242455 +- 6900.33  	chisq 1.25766 (2 df)

Iteration 4:  10000000 integrand evaluations so far
[1] 248719 +- 3274.16  	chisq 2.32105 (3 df)

Iteration 5:  15000000 integrand evaluations so far
[1] 246102 +- 1386.1  	chisq 3.0992 (4 df)

Iteration 6:  21000000 integrand evaluations so far
[1] 243758 +- 664.321  	chisq 6.81225 (5 df)

Iteration 7:  28000000 integrand evaluations so far
[1] 244238 +- 450.664  	chisq 7.7792 (6 df)

Iteration 8:  36000000 integrand evaluations so far
[1] 244352 +- 342.711  	chisq 7.92978 (7 df)

Iteration 9:  45000000 integrand evaluations so far
[1] 244294 +- 280.981  	chisq 8.01524 (8 df)

Iteration 10:  55000000 integrand evaluations so far
[1] 244471 +- 239.455  	chisq 9.46559 (9 df)
  244.47 ±   0.24 ·10⁺⁰³ (3.25mi) ┃    12.3 ±    2.6 ·10⁺⁰³ (16.5mi) ┃
┃    0 -     2 ┃   38 -    39 ┃   9.491 ± 0.0051 ·10⁺⁰³ (1.07mi) ┃ 11.0946 ± 0.0029 ·10⁺⁰³ (12.1mi) ┃Vegas input parameters:
  ndim 10
  ncomp 1
  nvec 1
  epsrel 0
  epsabs 0
  flags 10
  seed 123456
  mineval 50000000
  maxeval 50000000
  nstart 1000000
  nincrease 1000000
  nbatch 5000
  gridno 0
  statefile ""

Iteration 1:  1000000 integrand evaluations so far
[1] -504557 +- 156227  	chisq 0 (0 df)

Iteration 2:  3000000 integrand evaluations so far
[1] -346158 +- 44805.2  	chisq 1.12012 (1 df)

Iteration 3:  6000000 integrand evaluations so far
[1] -309567 +- 16778.4  	chisq 1.89586 (2 df)

Iteration 4:  10000000 integrand evaluations so far
[1] -304896 +- 11952.4  	chisq 2.05321 (3 df)

Iteration 5:  15000000 integrand evaluations so far
[1] -311917 +- 10308.6  	chisq 3.40001 (4 df)

Iteration 6:  21000000 integrand evaluations so far
[1] -310298 +- 7786.31  	chisq 3.45743 (5 df)

Iteration 7:  28000000 integrand evaluations so far
[1] -311538 +- 5587.44  	chisq 3.50977 (6 df)

Iteration 8:  36000000 integrand evaluations so far
[1] -314209 +- 4127.52  	chisq 4.01284 (7 df)

Iteration 9:  45000000 integrand evaluations so far
[1] -314796 +- 2996.94  	chisq 4.05548 (8 df)

Iteration 10:  55000000 integrand evaluations so far
[1] -316554 +- 2404.23  	chisq 5.02112 (9 df)
  -316.6 ±    2.4 ·10⁺⁰³ (7.77mi) ┃Vegas input parameters:
  ndim 8
  ncomp 1
  nvec 1
  epsrel 0
  epsabs 0
  flags 10
  seed 123456
  mineval 5000000
  maxeval 50000000
  nstart 1000000
  nincrease 1000000
  nbatch 5000
  gridno 0
  statefile ""

Iteration 1:  1000000 integrand evaluations so far
[1] 215183 +- 34048.8  	chisq 0 (0 df)

Iteration 2:  3000000 integrand evaluations so far
[1] 279047 +- 21194.9  	chisq 5.74372 (1 df)

Iteration 3:  6000000 integrand evaluations so far
[1] 303690 +- 9406.61  	chisq 7.42722 (2 df)

Iteration 4:  10000000 integrand evaluations so far
[1] 311372 +- 2872.73  	chisq 8.1627 (3 df)

Iteration 5:  15000000 integrand evaluations so far
[1] 311388 +- 1715.05  	chisq 8.16274 (4 df)

Iteration 6:  21000000 integrand evaluations so far
[1] 308666 +- 959.772  	chisq 11.8304 (5 df)

Iteration 7:  28000000 integrand evaluations so far
[1] 308112 +- 598.912  	chisq 12.3773 (6 df)

Iteration 8:  36000000 integrand evaluations so far
[1] 308545 +- 443.33  	chisq 13.5376 (7 df)

Iteration 9:  45000000 integrand evaluations so far
[1] 308624 +- 361.758  	chisq 13.6331 (8 df)

Iteration 10:  55000000 integrand evaluations so far
[1] 309082 +- 307.55  	chisq 19.402 (9 df)
  309.08 ±   0.31 ·10⁺⁰³ (3.15mi) ┃    13.1 ±    2.4 ·10⁺⁰³ (24.1mi) ┃
┃    0 -     2 ┃   39 -    40 ┃ 14.5959 ± 0.0033 ·10⁺⁰³ (   58s) ┃ 18.6432 ± 0.0055 ·10⁺⁰³ (11.8mi) ┃Vegas input parameters:
  ndim 10
  ncomp 1
  nvec 1
  epsrel 0
  epsabs 0
  flags 10
  seed 123456
  mineval 50000000
  maxeval 50000000
  nstart 1000000
  nincrease 1000000
  nbatch 5000
  gridno 0
  statefile ""

Iteration 1:  1000000 integrand evaluations so far
[1] -461029 +- 105172  	chisq 0 (0 df)

Iteration 2:  3000000 integrand evaluations so far
[1] -415879 +- 63975.3  	chisq 0.292555 (1 df)

Iteration 3:  6000000 integrand evaluations so far
[1] -475300 +- 35419.8  	chisq 1.53658 (2 df)

Iteration 4:  10000000 integrand evaluations so far
[1] -480806 +- 17446.6  	chisq 1.56849 (3 df)

Iteration 5:  15000000 integrand evaluations so far
[1] -490706 +- 9120.33  	chisq 2.01153 (4 df)

Iteration 6:  21000000 integrand evaluations so far
[1] -496253 +- 5783.52  	chisq 2.63022 (5 df)

Iteration 7:  28000000 integrand evaluations so far
[1] -492743 +- 4334.28  	chisq 3.47062 (6 df)

Iteration 8:  36000000 integrand evaluations so far
[1] -494722 +- 3669.68  	chisq 4.20721 (7 df)

Iteration 9:  45000000 integrand evaluations so far
[1] -498284 +- 3003.74  	chisq 7.06273 (8 df)

Iteration 10:  55000000 integrand evaluations so far
[1] -500371 +- 2551.59  	chisq 8.7953 (9 df)
  -500.4 ±    2.6 ·10⁺⁰³ (8.43mi) ┃Vegas input parameters:
  ndim 8
  ncomp 1
  nvec 1
  epsrel 0
  epsabs 0
  flags 10
  seed 123456
  mineval 5000000
  maxeval 50000000
  nstart 1000000
  nincrease 1000000
  nbatch 5000
  gridno 0
  statefile ""

Iteration 1:  1000000 integrand evaluations so far
[1] 553641 +- 92265.8  	chisq 0 (0 df)

Iteration 2:  3000000 integrand evaluations so far
[1] 557512 +- 58595.8  	chisq 0.00295108 (1 df)

Iteration 3:  6000000 integrand evaluations so far
[1] 492309 +- 11916.7  	chisq 1.2946 (2 df)

Iteration 4:  10000000 integrand evaluations so far
[1] 482400 +- 2962.73  	chisq 2.03168 (3 df)

Iteration 5:  15000000 integrand evaluations so far
[1] 483452 +- 1401.64  	chisq 2.19424 (4 df)

Iteration 6:  21000000 integrand evaluations so far
[1] 484065 +- 909.807  	chisq 2.52443 (5 df)

Iteration 7:  28000000 integrand evaluations so far
[1] 483666 +- 672.212  	chisq 2.94723 (6 df)

Iteration 8:  36000000 integrand evaluations so far
[1] 483644 +- 541.689  	chisq 2.95026 (7 df)

Iteration 9:  45000000 integrand evaluations so far
[1] 483370 +- 457.24  	chisq 3.84289 (8 df)

Iteration 10:  55000000 integrand evaluations so far
[1] 483793 +- 396.982  	chisq 7.32873 (9 df)
  483.79 ±    0.4 ·10⁺⁰³ (3.31mi) ┃    16.7 ±    2.6 ·10⁺⁰³ (24.5mi) ┃
┃    0 -     2 ┃   40 -    41 ┃  13.791 ± 0.0075 ·10⁺⁰³ (1.78mi) ┃  20.475 ±  0.018 ·10⁺⁰³ (9.82mi) ┃Vegas input parameters:
  ndim 10
  ncomp 1
  nvec 1
  epsrel 0
  epsabs 0
  flags 10
  seed 123456
  mineval 50000000
  maxeval 50000000
  nstart 1000000
  nincrease 1000000
  nbatch 5000
  gridno 0
  statefile ""

Iteration 1:  1000000 integrand evaluations so far
[1] -470245 +- 136458  	chisq 0 (0 df)

Iteration 2:  3000000 integrand evaluations so far
[1] -511497 +- 68120.7  	chisq 0.121727 (1 df)

Iteration 3:  6000000 integrand evaluations so far
[1] -506521 +- 32177.8  	chisq 0.128594 (2 df)

Iteration 4:  10000000 integrand evaluations so far
[1] -503295 +- 20127  	chisq 0.145108 (3 df)

Iteration 5:  15000000 integrand evaluations so far
[1] -488327 +- 8957.07  	chisq 0.834758 (4 df)

Iteration 6:  21000000 integrand evaluations so far
[1] -484866 +- 6202.06  	chisq 1.12161 (5 df)

Iteration 7:  28000000 integrand evaluations so far
[1] -482166 +- 4259.25  	chisq 1.4801 (6 df)

Iteration 8:  36000000 integrand evaluations so far
[1] -482865 +- 4205.04  	chisq 2.54379 (7 df)

Iteration 9:  45000000 integrand evaluations so far
[1] -482670 +- 3907.25  	chisq 2.55949 (8 df)

Iteration 10:  55000000 integrand evaluations so far
[1] -483029 +- 3784.53  	chisq 2.69617 (9 df)
    -483 ±    3.8 ·10⁺⁰³ (8.13mi) ┃Vegas input parameters:
  ndim 8
  ncomp 1
  nvec 1
  epsrel 0
  epsabs 0
  flags 10
  seed 123456
  mineval 5000000
  maxeval 50000000
  nstart 1000000
  nincrease 1000000
  nbatch 5000
  gridno 0
  statefile ""

Iteration 1:  1000000 integrand evaluations so far
[1] 474529 +- 76517.8  	chisq 0 (0 df)

Iteration 2:  3000000 integrand evaluations so far
[1] 468469 +- 23877  	chisq 0.00694766 (1 df)

Iteration 3:  6000000 integrand evaluations so far
[1] 457135 +- 8000.7  	chisq 0.260776 (2 df)

Iteration 4:  10000000 integrand evaluations so far
[1] 457656 +- 2649.77  	chisq 0.265536 (3 df)

Iteration 5:  15000000 integrand evaluations so far
[1] 461517 +- 1242.66  	chisq 2.9872 (4 df)

Iteration 6:  21000000 integrand evaluations so far
[1] 461039 +- 806.532  	chisq 3.24336 (5 df)

Iteration 7:  28000000 integrand evaluations so far
[1] 460331 +- 599.528  	chisq 4.96253 (6 df)

Iteration 8:  36000000 integrand evaluations so far
[1] 460687 +- 482.788  	chisq 5.96528 (7 df)

Iteration 9:  45000000 integrand evaluations so far
[1] 460235 +- 407.123  	chisq 9.00215 (8 df)

Iteration 10:  55000000 integrand evaluations so far
[1] 460382 +- 354.427  	chisq 9.54378 (9 df)
  460.38 ±   0.35 ·10⁺⁰³ (3.57mi) ┃    11.6 ±    3.8 ·10⁺⁰³ (23.3mi) ┃
┃    0 -     2 ┃   41 -    42 ┃ 4.98149 ± 0.00076 ·10⁺⁰³ (2.89mi) ┃  1.6973 ± 0.0014 ·10⁺⁰³ (53.3mi) ┃Vegas input parameters:
  ndim 10
  ncomp 1
  nvec 1
  epsrel 0
  epsabs 0
  flags 10
  seed 123456
  mineval 50000000
  maxeval 50000000
  nstart 1000000
  nincrease 1000000
  nbatch 5000
  gridno 0
  statefile ""

Iteration 1:  1000000 integrand evaluations so far
[1] -93241.6 +- 16581.1  	chisq 0 (0 df)

Iteration 2:  3000000 integrand evaluations so far
[1] -121187 +- 12730.7  	chisq 6.91943 (1 df)

Iteration 3:  6000000 integrand evaluations so far
[1] -143610 +- 9071.79  	chisq 13.2224 (2 df)

Iteration 4:  10000000 integrand evaluations so far
[1] -152143 +- 4510.74  	chisq 14.3975 (3 df)

Iteration 5:  15000000 integrand evaluations so far
[1] -149874 +- 2592.28  	chisq 14.7752 (4 df)

Iteration 6:  21000000 integrand evaluations so far
[1] -152263 +- 1942.51  	chisq 16.7123 (5 df)

Iteration 7:  28000000 integrand evaluations so far
[1] -153829 +- 1576.57  	chisq 18.6168 (6 df)

Iteration 8:  36000000 integrand evaluations so far
[1] -152689 +- 1336.22  	chisq 20.4724 (7 df)

Iteration 9:  45000000 integrand evaluations so far
[1] -151975 +- 1201.6  	chisq 21.9671 (8 df)

Iteration 10:  55000000 integrand evaluations so far
[1] -151700 +- 1073.88  	chisq 22.2266 (9 df)
  -151.7 ±    1.1 ·10⁺⁰³ (7.37mi) ┃Vegas input parameters:
  ndim 8
  ncomp 1
  nvec 1
  epsrel 0
  epsabs 0
  flags 10
  seed 123456
  mineval 5000000
  maxeval 50000000
  nstart 1000000
  nincrease 1000000
  nbatch 5000
  gridno 0
  statefile ""

Iteration 1:  1000000 integrand evaluations so far
[1] 139384 +- 29135.7  	chisq 0 (0 df)

Iteration 2:  3000000 integrand evaluations so far
[1] 135325 +- 14649.9  	chisq 0.0259746 (1 df)

Iteration 3:  6000000 integrand evaluations so far
[1] 148912 +- 8105.53  	chisq 1.26559 (2 df)

Iteration 4:  10000000 integrand evaluations so far
[1] 151372 +- 2459.54  	chisq 1.36704 (3 df)

Iteration 5:  15000000 integrand evaluations so far
[1] 151127 +- 890.163  	chisq 1.37849 (4 df)

Iteration 6:  21000000 integrand evaluations so far
[1] 151167 +- 473.783  	chisq 1.38139 (5 df)

Iteration 7:  28000000 integrand evaluations so far
[1] 151176 +- 311.71  	chisq 1.38194 (6 df)

Iteration 8:  36000000 integrand evaluations so far
[1] 151560 +- 238.379  	chisq 5.03185 (7 df)

Iteration 9:  45000000 integrand evaluations so far
[1] 151337 +- 194.741  	chisq 7.64215 (8 df)

Iteration 10:  55000000 integrand evaluations so far
[1] 151422 +- 166.457  	chisq 8.33328 (9 df)
  151.42 ±   0.17 ·10⁺⁰³ (3.06mi) ┃     6.4 ±    1.1 ·10⁺⁰³ (1.11hr) ┃
┃    0 -     2 ┃   42 -    43 ┃ 1.68299 ± 0.00073 ·10⁺⁰³ (5.35mi) ┃  941.35 ±   0.69        (46.9mi) ┃Vegas input parameters:
  ndim 10
  ncomp 1
  nvec 1
  epsrel 0
  epsabs 0
  flags 10
  seed 123456
  mineval 50000000
  maxeval 50000000
  nstart 1000000
  nincrease 1000000
  nbatch 5000
  gridno 0
  statefile ""

Iteration 1:  1000000 integrand evaluations so far
[1] -37287.1 +- 9671.18  	chisq 0 (0 df)

Iteration 2:  3000000 integrand evaluations so far
[1] -46709.1 +- 7468.3  	chisq 2.35129 (1 df)

Iteration 3:  6000000 integrand evaluations so far
[1] -47713.9 +- 6107.15  	chisq 2.40592 (2 df)

Iteration 4:  10000000 integrand evaluations so far
[1] -48996.7 +- 3041.73  	chisq 2.4646 (3 df)

Iteration 5:  15000000 integrand evaluations so far
[1] -49387.2 +- 1447.28  	chisq 2.4859 (4 df)

Iteration 6:  21000000 integrand evaluations so far
[1] -50598.2 +- 1116.66  	chisq 4.2161 (5 df)

Iteration 7:  28000000 integrand evaluations so far
[1] -51707.8 +- 751.175  	chisq 6.01952 (6 df)

Iteration 8:  36000000 integrand evaluations so far
[1] -51761.2 +- 531.809  	chisq 6.02965 (7 df)

Iteration 9:  45000000 integrand evaluations so far
[1] -52042.8 +- 463.866  	chisq 7.20158 (8 df)

Iteration 10:  55000000 integrand evaluations so far
[1] -51800.6 +- 396.166  	chisq 8.20884 (9 df)
   -51.8 ±    0.4 ·10⁺⁰³ (7.35mi) ┃Vegas input parameters:
  ndim 8
  ncomp 1
  nvec 1
  epsrel 0
  epsabs 0
  flags 10
  seed 123456
  mineval 5000000
  maxeval 50000000
  nstart 1000000
  nincrease 1000000
  nbatch 5000
  gridno 0
  statefile ""

Iteration 1:  1000000 integrand evaluations so far
[1] 65489.5 +- 31688.9  	chisq 0 (0 df)

Iteration 2:  3000000 integrand evaluations so far
[1] 33562.3 +- 5737.94  	chisq 1.04951 (1 df)

Iteration 3:  6000000 integrand evaluations so far
[1] 34239.7 +- 5706.83  	chisq 2.33854 (2 df)

Iteration 4:  10000000 integrand evaluations so far
[1] 40476.3 +- 4417.59  	chisq 5.31841 (3 df)

Iteration 5:  15000000 integrand evaluations so far
[1] 50941.3 +- 2212.59  	chisq 12.8095 (4 df)

Iteration 6:  21000000 integrand evaluations so far
[1] 51421.2 +- 545.829  	chisq 12.8596 (5 df)

Iteration 7:  28000000 integrand evaluations so far
[1] 51700.7 +- 209.89  	chisq 13.1672 (6 df)

Iteration 8:  36000000 integrand evaluations so far
[1] 51735.9 +- 122.685  	chisq 13.2099 (7 df)

Iteration 9:  45000000 integrand evaluations so far
[1] 51735.5 +- 87.9022  	chisq 13.21 (8 df)

Iteration 10:  55000000 integrand evaluations so far
[1] 51731.1 +- 69.8319  	chisq 13.2168 (9 df)
  51.731 ±   0.07 ·10⁺⁰³ (2.91mi) ┃    2.55 ±    0.4 ·10⁺⁰³ (1.04hr) ┃
┃    0 -     2 ┃   43 -    44 ┃  848.67 ±   0.13        (7.57mi) ┃   475.6 ±   0.33        (48.5mi) ┃Vegas input parameters:
  ndim 10
  ncomp 1
  nvec 1
  epsrel 0
  epsabs 0
  flags 10
  seed 123456
  mineval 50000000
  maxeval 50000000
  nstart 1000000
  nincrease 1000000
  nbatch 5000
  gridno 0
  statefile ""

Iteration 1:  1000000 integrand evaluations so far
[1] -51281.6 +- 29494.9  	chisq 0 (0 df)

Iteration 2:  3000000 integrand evaluations so far
[1] -17950.7 +- 3364.28  	chisq 1.29386 (1 df)

Iteration 3:  6000000 integrand evaluations so far
[1] -21880 +- 2404.1  	chisq 4.08145 (2 df)

Iteration 4:  10000000 integrand evaluations so far
[1] -25117.1 +- 1081.42  	chisq 6.35429 (3 df)

Iteration 5:  15000000 integrand evaluations so far
[1] -25423.3 +- 665.018  	chisq 6.48326 (4 df)

Iteration 6:  21000000 integrand evaluations so far
[1] -25841.8 +- 539.388  	chisq 7.6407 (5 df)

Iteration 7:  28000000 integrand evaluations so far
[1] -26387.3 +- 375.421  	chisq 9.62485 (6 df)

Iteration 8:  36000000 integrand evaluations so far
[1] -26362 +- 254.405  	chisq 9.63329 (7 df)

Iteration 9:  45000000 integrand evaluations so far
[1] -26324.5 +- 207.382  	chisq 9.69812 (8 df)

Iteration 10:  55000000 integrand evaluations so far
[1] -26293.1 +- 205.727  	chisq 11.1403 (9 df)
  -26.29 ±   0.21 ·10⁺⁰³ (7.03mi) ┃Vegas input parameters:
  ndim 8
  ncomp 1
  nvec 1
  epsrel 0
  epsabs 0
  flags 10
  seed 123456
  mineval 5000000
  maxeval 50000000
  nstart 1000000
  nincrease 1000000
  nbatch 5000
  gridno 0
  statefile ""

Iteration 1:  1000000 integrand evaluations so far
[1] 56632.7 +- 37124.4  	chisq 0 (0 df)

Iteration 2:  3000000 integrand evaluations so far
[1] 7389.2 +- 1642.38  	chisq 1.76291 (1 df)

Iteration 3:  6000000 integrand evaluations so far
[1] 9704.3 +- 1529.15  	chisq 16.6875 (2 df)

Iteration 4:  10000000 integrand evaluations so far
[1] 10023.8 +- 1520.83  	chisq 20.711 (3 df)

Iteration 5:  15000000 integrand evaluations so far
[1] 18092.3 +- 967.765  	chisq 68.0103 (4 df)

Iteration 6:  21000000 integrand evaluations so far
[1] 24799 +- 282.366  	chisq 120.504 (5 df)

Iteration 7:  28000000 integrand evaluations so far
[1] 25517.5 +- 154.838  	chisq 129.765 (6 df)

Iteration 8:  36000000 integrand evaluations so far
[1] 25722.6 +- 86.3768  	chisq 132.311 (7 df)

Iteration 9:  45000000 integrand evaluations so far
[1] 25881.5 +- 56.3911  	chisq 138.209 (8 df)

Iteration 10:  55000000 integrand evaluations so far
[1] 25901 +- 41.4167  	chisq 138.469 (9 df)
  25.901 ±  0.041 ·10⁺⁰³ (3.03mi) ┃     930 ±    210        ( 1.1hr) ┃
┃    0 -     2 ┃   44 -    45 ┃  506.76 ±   0.13        (6.19mi) ┃ 248.673 ±  0.033        (32.8mi) ┃Vegas input parameters:
  ndim 10
  ncomp 1
  nvec 1
  epsrel 0
  epsabs 0
  flags 10
  seed 123456
  mineval 50000000
  maxeval 50000000
  nstart 1000000
  nincrease 1000000
  nbatch 5000
  gridno 0
  statefile ""

Iteration 1:  1000000 integrand evaluations so far
[1] -34344.2 +- 24607.6  	chisq 0 (0 df)

Iteration 2:  3000000 integrand evaluations so far
[1] -38865.5 +- 22152.2  	chisq 0.178043 (1 df)

Iteration 3:  6000000 integrand evaluations so far
[1] -7338.28 +- 1587.04  	chisq 2.21403 (2 df)

Iteration 4:  10000000 integrand evaluations so far
[1] -9354.5 +- 1249.47  	chisq 6.45955 (3 df)

Iteration 5:  15000000 integrand evaluations so far
[1] -12534.1 +- 591.178  	chisq 14.8029 (4 df)

Iteration 6:  21000000 integrand evaluations so far
[1] -12811.8 +- 579.009  	chisq 20.2214 (5 df)

Iteration 7:  28000000 integrand evaluations so far
[1] -13710.4 +- 377.819  	chisq 24.4159 (6 df)

Iteration 8:  36000000 integrand evaluations so far
[1] -14911.7 +- 247.619  	chisq 42.1382 (7 df)

Iteration 9:  45000000 integrand evaluations so far
[1] -15083.4 +- 198.646  	chisq 43.4873 (8 df)

Iteration 10:  55000000 integrand evaluations so far
[1] -15274.9 +- 157.423  	chisq 45.9832 (9 df)
  -15.27 ±   0.16 ·10⁺⁰³ (7.37mi) ┃Vegas input parameters:
  ndim 8
  ncomp 1
  nvec 1
  epsrel 0
  epsabs 0
  flags 10
  seed 123456
  mineval 5000000
  maxeval 50000000
  nstart 1000000
  nincrease 1000000
  nbatch 5000
  gridno 0
  statefile ""

Iteration 1:  1000000 integrand evaluations so far
[1] 4074.52 +- 1839.7  	chisq 0 (0 df)

Iteration 2:  3000000 integrand evaluations so far
[1] 1727.32 +- 695.974  	chisq 1.89969 (1 df)

Iteration 3:  6000000 integrand evaluations so far
[1] 1883.84 +- 688.547  	chisq 4.28189 (2 df)

Iteration 4:  10000000 integrand evaluations so far
[1] 3347 +- 595.962  	chisq 22.2835 (3 df)

Iteration 5:  15000000 integrand evaluations so far
[1] 3821.41 +- 583.791  	chisq 37.9579 (4 df)

Iteration 6:  21000000 integrand evaluations so far
[1] 9568.87 +- 360.926  	chisq 194.852 (5 df)

Iteration 7:  28000000 integrand evaluations so far
[1] 12981.2 +- 196.192  	chisq 321.728 (6 df)

Iteration 8:  36000000 integrand evaluations so far
[1] 14714.5 +- 98.6281  	chisq 426.173 (7 df)

Iteration 9:  45000000 integrand evaluations so far
[1] 15182.2 +- 47.9337  	chisq 455.62 (8 df)

Iteration 10:  55000000 integrand evaluations so far
[1] 15268.4 +- 30.5039  	chisq 461.045 (9 df)
  15.268 ±  0.031 ·10⁺⁰³ (3.17mi) ┃     750 ±    160        (49.5mi) ┃
┃    0 -     2 ┃   45 -    46 ┃ 328.016 ±  0.077        (19.9mi) ┃  133.71 ±   0.13        (   3hr) ┃Vegas input parameters:
  ndim 10
  ncomp 1
  nvec 1
  epsrel 0
  epsabs 0
  flags 10
  seed 123456
  mineval 50000000
  maxeval 50000000
  nstart 1000000
  nincrease 1000000
  nbatch 5000
  gridno 0
  statefile ""

Iteration 1:  1000000 integrand evaluations so far
[1] -36114.9 +- 25373.2  	chisq 0 (0 df)

Iteration 2:  3000000 integrand evaluations so far
[1] -1396.24 +- 354.104  	chisq 1.87267 (1 df)

Iteration 3:  6000000 integrand evaluations so far
[1] -1420.64 +- 353.712  	chisq 4.02061 (2 df)

Iteration 4:  10000000 integrand evaluations so far
[1] -1505.21 +- 352.618  	chisq 13.2788 (3 df)

Iteration 5:  15000000 integrand evaluations so far
[1] -1833.04 +- 343.125  	chisq 29.5499 (4 df)

Iteration 6:  21000000 integrand evaluations so far
[1] -4501.51 +- 282.499  	chisq 217.289 (5 df)

Iteration 7:  28000000 integrand evaluations so far
[1] -4520.63 +- 282.277  	chisq 220.203 (6 df)

Iteration 8:  36000000 integrand evaluations so far
[1] -4995.58 +- 270.761  	chisq 255.623 (7 df)

Iteration 9:  45000000 integrand evaluations so far
[1] -6880.42 +- 212.474  	chisq 381.753 (8 df)

Iteration 10:  55000000 integrand evaluations so far
[1] -7786.7 +- 178.202  	chisq 443.096 (9 df)
   -7.79 ±   0.18 ·10⁺⁰³ (7.31mi) ┃Vegas input parameters:
  ndim 8
  ncomp 1
  nvec 1
  epsrel 0
  epsabs 0
  flags 10
  seed 123456
  mineval 5000000
  maxeval 50000000
  nstart 1000000
  nincrease 1000000
  nbatch 5000
  gridno 0
  statefile ""

Iteration 1:  1000000 integrand evaluations so far
[1] 12669.6 +- 8913.39  	chisq 0 (0 df)

Iteration 2:  3000000 integrand evaluations so far
[1] 638.251 +- 517.702  	chisq 1.82816 (1 df)

Iteration 3:  6000000 integrand evaluations so far
[1] 895.441 +- 307.177  	chisq 2.20906 (2 df)

Iteration 4:  10000000 integrand evaluations so far
[1] 900.302 +- 307.152  	chisq 3.73125 (3 df)

Iteration 5:  15000000 integrand evaluations so far
[1] 1004.19 +- 305.577  	chisq 14.9157 (4 df)

Iteration 6:  21000000 integrand evaluations so far
[1] 2895.8 +- 266.683  	chisq 175.681 (5 df)

Iteration 7:  28000000 integrand evaluations so far
[1] 4322.76 +- 240.66  	chisq 329.909 (6 df)

Iteration 8:  36000000 integrand evaluations so far
[1] 8613.8 +- 111.676  	chisq 735.075 (7 df)

Iteration 9:  45000000 integrand evaluations so far
[1] 9598.03 +- 41.3534  	chisq 825.09 (8 df)

Iteration 10:  55000000 integrand evaluations so far
[1] 9726.21 +- 22.0242  	chisq 838.504 (9 df)
   9.726 ±  0.022 ·10⁺⁰³ (3.52mi) ┃     2.4 ±   0.18 ·10⁺⁰³ (3.51hr) ┃
┃    0 -     2 ┃   46 -    47 ┃ 219.771 ±  0.024        (15.3mi) ┃ 71.0774 ± 0.0076        (6.14hr) ┃Vegas input parameters:
  ndim 10
  ncomp 1
  nvec 1
  epsrel 0
  epsabs 0
  flags 10
  seed 123456
  mineval 50000000
  maxeval 50000000
  nstart 1000000
  nincrease 1000000
  nbatch 5000
  gridno 0
  statefile ""

Iteration 1:  1000000 integrand evaluations so far
[1] -2511.72 +- 1685.78  	chisq 0 (0 df)

Iteration 2:  3000000 integrand evaluations so far
[1] -18.3185 +- 11.5978  	chisq 2.18778 (1 df)

Iteration 3:  6000000 integrand evaluations so far
[1] -18.0852 +- 11.5942  	chisq 2.83731 (2 df)

Iteration 4:  10000000 integrand evaluations so far
[1] -18.0916 +- 11.5942  	chisq 3.96594 (3 df)

Iteration 5:  15000000 integrand evaluations so far
[1] -18.4123 +- 11.5933  	chisq 9.14357 (4 df)

Iteration 6:  21000000 integrand evaluations so far
[1] -18.7211 +- 11.593  	chisq 22.99 (5 df)

Iteration 7:  28000000 integrand evaluations so far
[1] -20.9336 +- 11.5907  	chisq 111.08 (6 df)

Iteration 8:  36000000 integrand evaluations so far
[1] -20.9962 +- 11.5906  	chisq 117.522 (7 df)

Iteration 9:  45000000 integrand evaluations so far
[1] -24.3818 +- 11.5871  	chisq 259.413 (8 df)

Iteration 10:  55000000 integrand evaluations so far
[1] -33.7564 +- 11.5791  	chisq 731.433 (9 df)
     -34 ±     12        (7.11mi) ┃Vegas input parameters:
  ndim 8
  ncomp 1
  nvec 1
  epsrel 0
  epsabs 0
  flags 10
  seed 123456
  mineval 5000000
  maxeval 50000000
  nstart 1000000
  nincrease 1000000
  nbatch 5000
  gridno 0
  statefile ""

Iteration 1:  1000000 integrand evaluations so far
[1] 4989.05 +- 2105.33  	chisq 0 (0 df)

Iteration 2:  3000000 integrand evaluations so far
[1] 208.354 +- 39.7824  	chisq 5.1582 (1 df)

Iteration 3:  6000000 integrand evaluations so far
[1] 224.275 +- 39.6141  	chisq 24.1246 (2 df)

Iteration 4:  10000000 integrand evaluations so far
[1] 229.134 +- 39.5883  	chisq 35.6943 (3 df)

Iteration 5:  15000000 integrand evaluations so far
[1] 234.468 +- 39.5684  	chisq 53.7186 (4 df)

Iteration 6:  21000000 integrand evaluations so far
[1] 256.847 +- 39.4935  	chisq 138.28 (5 df)

Iteration 7:  28000000 integrand evaluations so far
[1] 461.039 +- 38.85  	chisq 965.406 (6 df)

Iteration 8:  36000000 integrand evaluations so far
[1] 2034.13 +- 33.3338  	chisq 7180.1 (7 df)

Iteration 9:  45000000 integrand evaluations so far
[1] 4744.18 +- 20.739  	chisq 17964.3 (8 df)

Iteration 10:  55000000 integrand evaluations so far
[1] 5837.82 +- 12.543  	chisq 22349 (9 df)
   5.838 ±  0.013 ·10⁺⁰³ (3.86mi) ┃   6.095 ±  0.017 ·10⁺⁰³ (6.58hr) ┃
┃    0 -     2 ┃   47 -    48 ┃ 147.316 ±  0.044        (21.6mi) ┃  35.683 ±  0.026        (6.01hr) ┃Vegas input parameters:
  ndim 10
  ncomp 1
  nvec 1
  epsrel 0
  epsabs 0
  flags 10
  seed 123456
  mineval 50000000
  maxeval 50000000
  nstart 1000000
  nincrease 1000000
  nbatch 5000
  gridno 0
  statefile ""

Iteration 1:  1000000 integrand evaluations so far
[1] -889.169 +- 577.723  	chisq 0 (0 df)

Iteration 2:  3000000 integrand evaluations so far
[1] -35.9418 +- 28.7914  	chisq 2.1866 (1 df)

Iteration 3:  6000000 integrand evaluations so far
[1] -41.8149 +- 28.3566  	chisq 3.5745 (2 df)

Iteration 4:  10000000 integrand evaluations so far
[1] -42.6397 +- 28.3487  	chisq 5.09218 (3 df)

Iteration 5:  15000000 integrand evaluations so far
[1] -43.0748 +- 28.3469  	chisq 7.04732 (4 df)

Iteration 6:  21000000 integrand evaluations so far
[1] -43.6443 +- 28.3452  	chisq 10.4021 (5 df)

Iteration 7:  28000000 integrand evaluations so far
[1] -48.5428 +- 28.3343  	chisq 48.9727 (6 df)

Iteration 8:  36000000 integrand evaluations so far
[1] -79.184 +- 28.2039  	chisq 176.359 (7 df)

Iteration 9:  45000000 integrand evaluations so far
[1] -100.969 +- 28.1326  	chisq 294.54 (8 df)

Iteration 10:  55000000 integrand evaluations so far
[1] -199.542 +- 27.7815  	chisq 789.427 (9 df)
    -200 ±     28        (8.19mi) ┃Vegas input parameters:
  ndim 8
  ncomp 1
  nvec 1
  epsrel 0
  epsabs 0
  flags 10
  seed 123456
  mineval 5000000
  maxeval 50000000
  nstart 1000000
  nincrease 1000000
  nbatch 5000
  gridno 0
  statefile ""

Iteration 1:  1000000 integrand evaluations so far
[1] 11536.9 +- 10229.8  	chisq 0 (0 df)

Iteration 2:  3000000 integrand evaluations so far
[1] 22.4163 +- 4.78772  	chisq 1.26695 (1 df)

Iteration 3:  6000000 integrand evaluations so far
[1] 22.4762 +- 4.78758  	chisq 3.97751 (2 df)

Iteration 4:  10000000 integrand evaluations so far
[1] 23.2227 +- 4.78642  	chisq 53.885 (3 df)

Iteration 5:  15000000 integrand evaluations so far
[1] 23.3207 +- 4.78635  	chisq 69.6391 (4 df)

Iteration 6:  21000000 integrand evaluations so far
[1] 23.3348 +- 4.78635  	chisq 74.2348 (5 df)

Iteration 7:  28000000 integrand evaluations so far
[1] 24.9622 +- 4.78541  	chisq 367.464 (6 df)

Iteration 8:  36000000 integrand evaluations so far
[1] 85.2236 +- 4.75147  	chisq 11589.7 (7 df)

Iteration 9:  45000000 integrand evaluations so far
[1] 404.574 +- 4.56682  	chisq 70860.9 (8 df)

Iteration 10:  55000000 integrand evaluations so far
[1] 900.506 +- 4.26499  	chisq 163125 (9 df)
   900.5 ±    4.3        (3.74mi) ┃     884 ±     28        (6.57hr) ┃
┃    0 -     2 ┃   48 -    49 ┃  93.282 ±  0.017        (44.8mi) ┃ 16.1761 ± 0.0094        (  24hr) ┃Vegas input parameters:
  ndim 10
  ncomp 1
  nvec 1
  epsrel 0
  epsabs 0
  flags 10
  seed 123456
  mineval 50000000
  maxeval 50000000
  nstart 1000000
  nincrease 1000000
  nbatch 5000
  gridno 0
  statefile ""

Iteration 1:  1000000 integrand evaluations so far
[1] -651.385 +- 651.385  	chisq 0 (0 df)

Iteration 2:  3000000 integrand evaluations so far
[1] -0.000160277 +- 9.02534e-05  	chisq 1 (1 df)

Iteration 3:  6000000 integrand evaluations so far
[1] -0.000160965 +- 9.02526e-05  	chisq 4.57619 (2 df)

Iteration 4:  10000000 integrand evaluations so far
[1] -0.000160985 +- 9.02526e-05  	chisq 9.96964 (3 df)

Iteration 5:  15000000 integrand evaluations so far
[1] -0.000160985 +- 9.02526e-05  	chisq 12.5401 (4 df)

Iteration 6:  21000000 integrand evaluations so far
[1] -0.000160985 +- 9.02526e-05  	chisq 21.7637 (5 df)

Iteration 7:  28000000 integrand evaluations so far
[1] -0.000160985 +- 9.02526e-05  	chisq 57.4124 (6 df)

Iteration 8:  36000000 integrand evaluations so far
[1] -0.000160985 +- 9.02526e-05  	chisq 57.4433 (7 df)

Iteration 9:  45000000 integrand evaluations so far
[1] -0.000160986 +- 9.02526e-05  	chisq 326.096 (8 df)

Iteration 10:  55000000 integrand evaluations so far
[1] -0.000160987 +- 9.02526e-05  	chisq 619.865 (9 df)
  -0.161 ±   0.09 ·10⁻⁰³ (7.74mi) ┃Vegas input parameters:
  ndim 8
  ncomp 1
  nvec 1
  epsrel 0
  epsabs 0
  flags 10
  seed 123456
  mineval 5000000
  maxeval 50000000
  nstart 1000000
  nincrease 1000000
  nbatch 5000
  gridno 0
  statefile ""

Iteration 1:  1000000 integrand evaluations so far
[1] 0 +- 2.22045e-19  	chisq 0 (0 df)

Iteration 2:  3000000 integrand evaluations so far
[1] 4.89443e-41 +- 2.22045e-19  	chisq 1.66257 (1 df)

Iteration 3:  6000000 integrand evaluations so far
[1] 5.23024e-38 +- 2.22045e-19  	chisq 19.8993 (2 df)

Iteration 4:  10000000 integrand evaluations so far
[1] 5.27528e-38 +- 2.22045e-19  	chisq 24.3259 (3 df)

Iteration 5:  15000000 integrand evaluations so far
[1] 5.35507e-38 +- 2.22045e-19  	chisq 45.1906 (4 df)

Iteration 6:  21000000 integrand evaluations so far
[1] 6.61475e-38 +- 2.22045e-19  	chisq 433.16 (5 df)

Iteration 7:  28000000 integrand evaluations so far
[1] 6.90869e-38 +- 2.22045e-19  	chisq 600.715 (6 df)

Iteration 8:  36000000 integrand evaluations so far
[1] 3.00992e-37 +- 2.22045e-19  	chisq 13031.9 (7 df)

Iteration 9:  45000000 integrand evaluations so far
[1] 7.5378e-37 +- 2.22045e-19  	chisq 37649.3 (8 df)

Iteration 10:  55000000 integrand evaluations so far
[1] 2.35983e-36 +- 2.22045e-19  	chisq 124952 (9 df)
       0 ±   0.22 ·10⁻¹⁸ (4.28mi) ┃ 109.458 ±   0.02        (  25hr) ┃
┃    0 -     2 ┃   49 -    50 ┃  42.746 ±   0.03        (10.2mi) ┃   3.747 ± 0.0037        (18.4hr) ┃Vegas input parameters:
  ndim 10
  ncomp 1
  nvec 1
  epsrel 0
  epsabs 0
  flags 10
  seed 123456
  mineval 50000000
  maxeval 50000000
  nstart 1000000
  nincrease 1000000
  nbatch 5000
  gridno 0
  statefile ""

Iteration 1:  1000000 integrand evaluations so far
[1] -247.603 +- 247.603  	chisq 0 (0 df)

Iteration 2:  3000000 integrand evaluations so far
[1] -0.00019325 +- 0.000178759  	chisq 0.999998 (1 df)

Iteration 3:  6000000 integrand evaluations so far
[1] -0.000121528 +- 5.53312e-05  	chisq 1.17804 (2 df)

Iteration 4:  10000000 integrand evaluations so far
[1] -0.000123459 +- 5.5327e-05  	chisq 9.21704 (3 df)

Iteration 5:  15000000 integrand evaluations so far
[1] -0.000123459 +- 5.5327e-05  	chisq 12.6385 (4 df)

Iteration 6:  21000000 integrand evaluations so far
[1] -0.000123459 +- 5.5327e-05  	chisq 14.3529 (5 df)

Iteration 7:  28000000 integrand evaluations so far
[1] -0.000123459 +- 5.5327e-05  	chisq 21.8911 (6 df)

Iteration 8:  36000000 integrand evaluations so far
[1] -0.000123459 +- 5.5327e-05  	chisq 22.2994 (7 df)

Iteration 9:  45000000 integrand evaluations so far
[1] -0.000123459 +- 5.5327e-05  	chisq 41.3829 (8 df)

Iteration 10:  55000000 integrand evaluations so far
[1] -0.000123459 +- 5.5327e-05  	chisq 126.845 (9 df)
  -0.123 ±  0.055 ·10⁻⁰³ (8.71mi) ┃Vegas input parameters:
  ndim 8
  ncomp 1
  nvec 1
  epsrel 0
  epsabs 0
  flags 10
  seed 123456
  mineval 5000000
  maxeval 50000000
  nstart 1000000
  nincrease 1000000
  nbatch 5000
  gridno 0
  statefile ""

Iteration 1:  1000000 integrand evaluations so far
[1] 0 +- 2.22045e-19  	chisq 0 (0 df)

Iteration 2:  3000000 integrand evaluations so far
[1] 1.27451e-40 +- 2.22045e-19  	chisq 1 (1 df)

Iteration 3:  6000000 integrand evaluations so far
[1] 8.44856e-39 +- 2.22045e-19  	chisq 2.02102 (2 df)

Iteration 4:  10000000 integrand evaluations so far
[1] 1.49544e-38 +- 2.22045e-19  	chisq 5.63038 (3 df)

Iteration 5:  15000000 integrand evaluations so far
[1] 1.57411e-38 +- 2.22045e-19  	chisq 9.88174 (4 df)

Iteration 6:  21000000 integrand evaluations so far
[1] 1.58156e-38 +- 2.22045e-19  	chisq 12.8357 (5 df)

Iteration 7:  28000000 integrand evaluations so far
[1] 1.59383e-38 +- 2.22045e-19  	chisq 17.3521 (6 df)

Iteration 8:  36000000 integrand evaluations so far
[1] 3.17835e-38 +- 2.22045e-19  	chisq 434.275 (7 df)

Iteration 9:  45000000 integrand evaluations so far
[1] 1.80848e-37 +- 2.22045e-19  	chisq 4122.35 (8 df)

Iteration 10:  55000000 integrand evaluations so far
[1] 2.93814e-37 +- 2.22045e-19  	chisq 6897.89 (9 df)
       0 ±   0.22 ·10⁻¹⁸ (4.78mi) ┃  46.493 ±   0.03        (18.8hr) ┃
┃    0 -     2 ┃   50 -    51 ┃ 6.56372 ± 0.00047        (1.29hr) ┃ -8.6429 ± 0.0068        (3.13hr) ┃Vegas input parameters:
  ndim 10
  ncomp 1
  nvec 1
  epsrel 0
  epsabs 0
  flags 10
  seed 123456
  mineval 50000000
  maxeval 50000000
  nstart 1000000
  nincrease 1000000
  nbatch 5000
  gridno 0
  statefile ""

Iteration 1:  1000000 integrand evaluations so far
[1] 0 +- 2.22045e-19  	chisq 0 (0 df)

Iteration 2:  3000000 integrand evaluations so far
[1] 0 +- 1.28198e-19  	chisq 0 (1 df)

Iteration 3:  6000000 integrand evaluations so far
[1] 0 +- 9.06494e-20  	chisq 0 (2 df)

Iteration 4:  10000000 integrand evaluations so far
[1] 0 +- 7.02167e-20  	chisq 0 (3 df)

Iteration 5:  15000000 integrand evaluations so far
[1] -6.1833e-41 +- 7.02167e-20  	chisq 1 (4 df)

Iteration 6:  21000000 integrand evaluations so far
[1] -8.0865e-32 +- 7.02167e-20  	chisq 5.54063 (5 df)

Iteration 7:  28000000 integrand evaluations so far
[1] -8.08724e-32 +- 7.02167e-20  	chisq 6.59176 (6 df)

Iteration 8:  36000000 integrand evaluations so far
[1] -8.08725e-32 +- 7.02167e-20  	chisq 7.72438 (7 df)

Iteration 9:  45000000 integrand evaluations so far
[1] -8.08725e-32 +- 7.02167e-20  	chisq 9.68031 (8 df)

Iteration 10:  55000000 integrand evaluations so far
[1] -8.08725e-32 +- 7.02167e-20  	chisq 16.1341 (9 df)
      -0 ±   0.07 ·10⁻¹⁸ (6.72mi) ┃Vegas input parameters:
  ndim 8
  ncomp 1
  nvec 1
  epsrel 0
  epsabs 0
  flags 10
  seed 123456
  mineval 5000000
  maxeval 50000000
  nstart 1000000
  nincrease 1000000
  nbatch 5000
  gridno 0
  statefile ""

Iteration 1:  1000000 integrand evaluations so far
[1] 0 +- 2.22045e-19  	chisq 0 (0 df)

Iteration 2:  3000000 integrand evaluations so far
[1] 0 +- 1.28198e-19  	chisq 0 (1 df)

Iteration 3:  6000000 integrand evaluations so far
[1] 3.77881e-42 +- 1.28198e-19  	chisq 1.02262 (2 df)

Iteration 4:  10000000 integrand evaluations so far
[1] 3.13179e-38 +- 1.28198e-19  	chisq 4.78073 (3 df)

Iteration 5:  15000000 integrand evaluations so far
[1] 3.18575e-38 +- 1.28198e-19  	chisq 7.05714 (4 df)

Iteration 6:  21000000 integrand evaluations so far
[1] 3.53471e-38 +- 1.28198e-19  	chisq 29.168 (5 df)

Iteration 7:  28000000 integrand evaluations so far
[1] 3.73805e-38 +- 1.28198e-19  	chisq 52.0215 (6 df)

Iteration 8:  36000000 integrand evaluations so far
[1] 1.02242e-37 +- 1.28198e-19  	chisq 728.231 (7 df)

Iteration 9:  45000000 integrand evaluations so far
[1] 8.4489e-37 +- 1.28198e-19  	chisq 8492.9 (8 df)

Iteration 10:  55000000 integrand evaluations so far
[1] 2.4126e-36 +- 1.28198e-19  	chisq 25133.6 (9 df)
       0 ±   0.13 ·10⁻¹⁸ (4.55mi) ┃ -2.0792 ± 0.0068        (4.61hr) ┃
┃    0 -     2 ┃   51 -    52 ┃  6.3581 ± 0.0054 ·10⁻⁰⁶ ( 103hr) ┃