
╍╍╍╍╍╍╍╍╍╍╍╍╍╍╍╍╍╍╍╍╍╍╍╍╍╍╍ Process settings ╍╍╍╍╍╍╍╍╍╍╍╍╍╍╍╍╍╍╍╍╍╍╍╍╍╍╍
   proton-proton collisions at sqrt(s) = 13000 GeV 
   Computing NLO+NLL resummed cross section
   W+ ->  nu(p3)+e+(p4) production 

╍╍╍╍╍╍╍╍╍╍╍╍╍╍╍╍╍╍╍╍╍╍╍╍╍╍╍╍╍╍ CKM matrix ╍╍╍╍╍╍╍╍╍╍╍╍╍╍╍╍╍╍╍╍╍╍╍╍╍╍╍╍╍╍
     | Vud Vus Vub |   |   0.97427   0.2253  0.00351 | 
     | Vcd Vcs Vcb | = |    0.2252  0.97344   0.0412 | 
     | Vtd Vts Vtb |   |         0        0        0 | 

╍╍╍╍╍╍╍╍╍╍╍╍╍╍╍╍╍╍╍╍╍╍╍╍╍╍╍╍╍ EW parameters ╍╍╍╍╍╍╍╍╍╍╍╍╍╍╍╍╍╍╍╍╍╍╍╍╍╍╍╍
                                         Gf =  1.1663787e-05      GeV^-2
                                    1/alpha =  132.233229791            
                                 sin(thW)^2 = 0.222897222524            
                                     W mass =         80.385         GeV
                                     Z mass =        91.1876         GeV
                                    W width =          2.091         GeV
                                    Z width =          2.495         GeV

╍╍╍╍╍╍╍╍╍╍╍╍╍╍╍╍╍╍╍╍╍╍╍╍╍╍╍╍╍ QCD settings ╍╍╍╍╍╍╍╍╍╍╍╍╍╍╍╍╍╍╍╍╍╍╍╍╍╍╍╍╍
   Renormalization scale:     dynamic muren =              1      * m_ll
     Factorization scale:     dynamic mufac =            0.5      * m_ll
       Resummation scale:     dynamic mures =              1      * m_ll
          Strong coupling       alpha_s(MZ) =       0.118001            
                              running order =              2       -loop
         Non-perturbative     form factor g =            0.7       GeV^2

╍╍╍╍╍╍╍╍╍╍╍╍╍╍╍╍╍╍╍╍╍╍╍╍╍╍╍╍╍ PDF settings ╍╍╍╍╍╍╍╍╍╍╍╍╍╍╍╍╍╍╍╍╍╍╍╍╍╍╍╍╍
                                     PDF set:MSHT20nnlo_as118            
                                  PDF member:              0            
  Mellin moments of PDFs:                    Numerical integration            
                         nodes for the quadrature:            200            
                         Intervals for the quadrature:              1            

╍╍╍╍╍╍╍╍╍╍╍╍╍╍╍╍╍╍╍╍╍╍╍╍╍╍╍╍╍╍╍ qT recoil ╍╍╍╍╍╍╍╍╍╍╍╍╍╍╍╍╍╍╍╍╍╍╍╍╍╍╍╍╍╍
  qt-recoil prescription:       Collins-Soper kt1 = p_V(x)/2; kt2 = p_V(y)/2            

╍╍╍╍╍╍╍╍╍╍╍╍╍╍╍╍╍╍╍╍╍╍╍╍╍╍╍╍╍╍╍╍╍ Cuts ╍╍╍╍╍╍╍╍╍╍╍╍╍╍╍╍╍╍╍╍╍╍╍╍╍╍╍╍╍╍╍╍╍
                                  apply cuts:           true            
                                      pt_l >               0            
                                   |eta_l| <            1000            
                                    pt_lep >              25            
                                 |eta_lep| <             2.4            
                                   pt_alep >              25            
                                |eta_alep| <             2.4            
                                  user cuts:            true            

╍╍╍╍╍╍╍╍╍╍╍╍╍╍╍╍╍╍╍╍╍╍╍╍╍╍╍╍ ResummationDamp ╍╍╍╍╍╍╍╍╍╍╍╍╍╍╍╍╍╍╍╍╍╍╍╍╍╍╍
                                    damping :             on            
                                damping mode:              1            
                                  damp above:        60.2888         GeV
                               damping width:        20.0963         GeV
                          resummation cutoff:             20         MeV

╍╍╍╍╍╍╍╍╍╍╍╍╍╍╍╍╍╍╍╍╍╍╍╍╍╍╍╍ Debug settings ╍╍╍╍╍╍╍╍╍╍╍╍╍╍╍╍╍╍╍╍╍╍╍╍╍╍╍╍
                                 timeprofile:          false            
                                     verbose:          false            
                               cubaverbosity:              2            

╍╍╍╍╍╍╍╍╍╍╍╍╍╍╍╍╍╍╍╍╍╍╍╍╍╍╍╍╍╍╍╍╍╍╍╍╍╍╍╍╍╍╍╍╍╍╍╍╍╍╍╍╍╍╍╍╍╍╍╍╍╍╍╍╍╍╍╍╍╍╍╍

Warning: Histogram `a1_qt` contains non-integrable observable and will be deleted 
Warning: Histogram `a1_qt_vs_y` contains non-integrable observable and will be deleted 
Warning: Histogram `s_biganswer` contains non-integrable observable and will be deleted 
Warning: Histogram `wgt_a1_qt` contains non-integrable observable and will be deleted 

╍╍╍╍╍╍╍╍╍╍╍╍╍╍╍╍╍╍╍╍╍╍╍╍╍ Integration settings ╍╍╍╍╍╍╍╍╍╍╍╍╍╍╍╍╍╍╍╍╍╍╍╍╍
             Random seeds              123456                           
           Parallel cores                   1                           

             Resummation:     cuhre (dm, dpt)         iter =           5
                                   gauss (dy)        nodes =          64
                                                 intervals =           1
            Counter term:      cuhre (dm, dy)         iter =           5
                                  gauss (dpt)        nodes =          20
                                                 intervals =           5
                     V+J:            vegas 7D       ncalls =    10000000

Mellin inverse transform:           gaussian         nodes =          30
                                                 intervals =           1
                               imaginary axis         zmax =           2
  Angular variable costh:     semi-analytical      ncstart =         100
   Angular variables phi:            gaussian    intervals =          20

      Constant boundaries                  q2          low =          80
                                                      high =         100
                                            y          low =          -6
                                                      high =           6
                                        costh          low =          -1
                                                      high =           1
                                       eta(l)          low =         -10
                                                      high =          10

┏━━━━━━━━━━━━━━┰━━━━━━━━━━━━━━┰━━━━━━━━━━━━━━━━━━━━━━━━━━━━━━━━━━┰━━━━━━━━━━━━━━━━━━━━━━━━━━━━━━━━━━┰━━━━━━━━━━━━━━━━━━━━━━━━━━━━━━━━━━┰━━━━━━━━━━━━━━━━━━━━━━━━━━━━━━━━━━┓
┃           qT ┃        pT(l) ┃                      Resummation ┃                     Counter term ┃                              V+J ┃                            TOTAL ┃
┣━━━━━━━━━━━━━━╋━━━━━━━━━━━━━━╋━━━━━━━━━━━━━━━━━━━━━━━━━━━━━━━━━━╋━━━━━━━━━━━━━━━━━━━━━━━━━━━━━━━━━━╋━━━━━━━━━━━━━━━━━━━━━━━━━━━━━━━━━━╋━━━━━━━━━━━━━━━━━━━━━━━━━━━━━━━━━━┫
┃   52 -    54 ┃   25 -    26 ┃  343.88 ±   0.25        ( 50.5s) ┃-182.305 ±  0.035        (28.5mi) ┃Vegas input parameters:
  ndim 7
  ncomp 1
  nvec 1
  epsrel 0
  epsabs 0
  flags 10
  seed 123456
  mineval 10000000
  maxeval 10000000
  nstart 1000000
  nincrease 1000000
  nbatch 5000
  gridno 0
  statefile ""

Iteration 1:  1000000 integrand evaluations so far
[1] 230.787 +- 4.78841  	chisq 0 (0 df)

Iteration 2:  3000000 integrand evaluations so far
[1] 228.222 +- 1.44087  	chisq 0.315356 (1 df)

Iteration 3:  6000000 integrand evaluations so far
[1] 226.486 +- 0.884213  	chisq 2.6445 (2 df)

Iteration 4:  10000000 integrand evaluations so far
[1] 227.366 +- 0.655308  	chisq 4.84172 (3 df)
  227.37 ±   0.66        ( 39.4s) ┃  388.94 ±    0.7        (  30mi) ┃
┃   52 -    54 ┃   26 -    27 ┃  338.51 ±   0.11        (2.12mi) ┃-180.133 ±  0.032        (37.5mi) ┃Vegas input parameters:
  ndim 7
  ncomp 1
  nvec 1
  epsrel 0
  epsabs 0
  flags 10
  seed 123456
  mineval 10000000
  maxeval 10000000
  nstart 1000000
  nincrease 1000000
  nbatch 5000
  gridno 0
  statefile ""

Iteration 1:  1000000 integrand evaluations so far
[1] 220.845 +- 4.6464  	chisq 0 (0 df)

Iteration 2:  3000000 integrand evaluations so far
[1] 214.786 +- 1.3038  	chisq 1.8462 (1 df)

Iteration 3:  6000000 integrand evaluations so far
[1] 214.316 +- 0.810706  	chisq 2.05809 (2 df)

Iteration 4:  10000000 integrand evaluations so far
[1] 213.831 +- 0.598965  	chisq 2.84487 (3 df)
  213.83 ±    0.6        (   40s) ┃  372.21 ±   0.61        (40.3mi) ┃
┃   52 -    54 ┃   27 -    28 ┃  295.29 ±   0.27        (3.96mi) ┃ -158.33 ±   0.13        (27.8mi) ┃Vegas input parameters:
  ndim 7
  ncomp 1
  nvec 1
  epsrel 0
  epsabs 0
  flags 10
  seed 123456
  mineval 10000000
  maxeval 10000000
  nstart 1000000
  nincrease 1000000
  nbatch 5000
  gridno 0
  statefile ""

Iteration 1:  1000000 integrand evaluations so far
[1] 200.605 +- 4.37258  	chisq 0 (0 df)

Iteration 2:  3000000 integrand evaluations so far
[1] 202.775 +- 1.47118  	chisq 0.277898 (1 df)

Iteration 3:  6000000 integrand evaluations so far
[1] 201.517 +- 0.884983  	chisq 1.42415 (2 df)

Iteration 4:  10000000 integrand evaluations so far
[1] 201.38 +- 0.622327  	chisq 1.47188 (3 df)
  201.38 ±   0.62        ( 39.9s) ┃  338.34 ±   0.69        (32.4mi) ┃
┃   52 -    54 ┃   28 -    29 ┃  306.08 ±   0.29        ( 39.4s) ┃-164.602 ±  0.048        (6.96mi) ┃Vegas input parameters:
  ndim 7
  ncomp 1
  nvec 1
  epsrel 0
  epsabs 0
  flags 10
  seed 123456
  mineval 10000000
  maxeval 10000000
  nstart 1000000
  nincrease 1000000
  nbatch 5000
  gridno 0
  statefile ""

Iteration 1:  1000000 integrand evaluations so far
[1] 190.185 +- 4.18741  	chisq 0 (0 df)

Iteration 2:  3000000 integrand evaluations so far
[1] 188.421 +- 1.31893  	chisq 0.197132 (1 df)

Iteration 3:  6000000 integrand evaluations so far
[1] 187.719 +- 0.848874  	chisq 0.680165 (2 df)

Iteration 4:  10000000 integrand evaluations so far
[1] 188.087 +- 0.612347  	chisq 1.07182 (3 df)
  188.09 ±   0.61        ( 40.2s) ┃  329.56 ±   0.68        (8.28mi) ┃
┃   52 -    54 ┃   29 -    30 ┃  262.19 ±   0.14        (3.72mi) ┃ -140.45 ±   0.13        (6.95mi) ┃Vegas input parameters:
  ndim 7
  ncomp 1
  nvec 1
  epsrel 0
  epsabs 0
  flags 10
  seed 123456
  mineval 10000000
  maxeval 10000000
  nstart 1000000
  nincrease 1000000
  nbatch 5000
  gridno 0
  statefile ""

Iteration 1:  1000000 integrand evaluations so far
[1] 177.57 +- 4.03079  	chisq 0 (0 df)

Iteration 2:  3000000 integrand evaluations so far
[1] 176.566 +- 1.15194  	chisq 0.0676245 (1 df)

Iteration 3:  6000000 integrand evaluations so far
[1] 177.145 +- 0.752684  	chisq 0.508406 (2 df)

Iteration 4:  10000000 integrand evaluations so far
[1] 177.163 +- 0.583836  	chisq 0.509855 (3 df)
  177.16 ±   0.58        ( 39.8s) ┃   298.9 ±   0.61        (11.3mi) ┃
┃   52 -    54 ┃   30 -    31 ┃ 289.682 ±  0.078        (7.53mi) ┃-154.254 ±  0.042        (27.1mi) ┃Vegas input parameters:
  ndim 7
  ncomp 1
  nvec 1
  epsrel 0
  epsabs 0
  flags 10
  seed 123456
  mineval 10000000
  maxeval 10000000
  nstart 1000000
  nincrease 1000000
  nbatch 5000
  gridno 0
  statefile ""

Iteration 1:  1000000 integrand evaluations so far
[1] 173.306 +- 3.94285  	chisq 0 (0 df)

Iteration 2:  3000000 integrand evaluations so far
[1] 168.124 +- 1.10976  	chisq 1.87603 (1 df)

Iteration 3:  6000000 integrand evaluations so far
[1] 166.692 +- 0.688443  	chisq 4.58392 (2 df)

Iteration 4:  10000000 integrand evaluations so far
[1] 166.897 +- 0.516656  	chisq 4.78739 (3 df)
   166.9 ±   0.52        ( 39.5s) ┃  302.33 ±   0.52        (35.3mi) ┃
┃   52 -    54 ┃   31 -    32 ┃  252.03 ±   0.11        ( 7.3mi) ┃-134.133 ±   0.09        (  27mi) ┃Vegas input parameters:
  ndim 7
  ncomp 1
  nvec 1
  epsrel 0
  epsabs 0
  flags 10
  seed 123456
  mineval 10000000
  maxeval 10000000
  nstart 1000000
  nincrease 1000000
  nbatch 5000
  gridno 0
  statefile ""

Iteration 1:  1000000 integrand evaluations so far
[1] 162.445 +- 3.76604  	chisq 0 (0 df)

Iteration 2:  3000000 integrand evaluations so far
[1] 158.909 +- 1.06715  	chisq 0.958048 (1 df)

Iteration 3:  6000000 integrand evaluations so far
[1] 158.781 +- 0.66481  	chisq 0.981668 (2 df)

Iteration 4:  10000000 integrand evaluations so far
[1] 159.035 +- 0.510755  	chisq 1.33701 (3 df)
  159.03 ±   0.51        ( 39.4s) ┃  276.93 ±   0.53        (34.9mi) ┃
┃   52 -    54 ┃   32 -    33 ┃  256.41 ±   0.22        ( 16.2s) ┃-139.593 ±  0.042        (13.8mi) ┃Vegas input parameters:
  ndim 7
  ncomp 1
  nvec 1
  epsrel 0
  epsabs 0
  flags 10
  seed 123456
  mineval 10000000
  maxeval 10000000
  nstart 1000000
  nincrease 1000000
  nbatch 5000
  gridno 0
  statefile ""

Iteration 1:  1000000 integrand evaluations so far
[1] 152.161 +- 3.61744  	chisq 0 (0 df)

Iteration 2:  3000000 integrand evaluations so far
[1] 154.014 +- 1.03888  	chisq 0.28612 (1 df)

Iteration 3:  6000000 integrand evaluations so far
[1] 153.29 +- 0.644496  	chisq 1.07616 (2 df)

Iteration 4:  10000000 integrand evaluations so far
[1] 153.183 +- 0.48285  	chisq 1.13886 (3 df)
  153.18 ±   0.48        ( 39.7s) ┃     270 ±   0.53        (14.8mi) ┃
┃   52 -    54 ┃   33 -    34 ┃  237.37 ±   0.23        (1.99mi) ┃-126.529 ±  0.038        (  27mi) ┃Vegas input parameters:
  ndim 7
  ncomp 1
  nvec 1
  epsrel 0
  epsabs 0
  flags 10
  seed 123456
  mineval 10000000
  maxeval 10000000
  nstart 1000000
  nincrease 1000000
  nbatch 5000
  gridno 0
  statefile ""

Iteration 1:  1000000 integrand evaluations so far
[1] 143.209 +- 3.51192  	chisq 0 (0 df)

Iteration 2:  3000000 integrand evaluations so far
[1] 147.101 +- 1.0091  	chisq 1.33872 (1 df)

Iteration 3:  6000000 integrand evaluations so far
[1] 146.908 +- 0.626745  	chisq 1.39823 (2 df)

Iteration 4:  10000000 integrand evaluations so far
[1] 147.262 +- 0.475483  	chisq 2.14815 (3 df)
  147.26 ±   0.48        ( 39.4s) ┃  258.11 ±   0.53        (29.7mi) ┃
┃   52 -    54 ┃   34 -    35 ┃  259.17 ±   0.17        ( 17.2s) ┃-137.749 ±  0.068        (52.6mi) ┃Vegas input parameters:
  ndim 7
  ncomp 1
  nvec 1
  epsrel 0
  epsabs 0
  flags 10
  seed 123456
  mineval 10000000
  maxeval 10000000
  nstart 1000000
  nincrease 1000000
  nbatch 5000
  gridno 0
  statefile ""

Iteration 1:  1000000 integrand evaluations so far
[1] 144.657 +- 3.47971  	chisq 0 (0 df)

Iteration 2:  3000000 integrand evaluations so far
[1] 141.512 +- 0.97027  	chisq 0.88568 (1 df)

Iteration 3:  6000000 integrand evaluations so far
[1] 141.474 +- 0.616152  	chisq 0.88818 (2 df)

Iteration 4:  10000000 integrand evaluations so far
[1] 141.763 +- 0.48417  	chisq 1.46031 (3 df)
  141.76 ±   0.48        ( 39.6s) ┃  263.19 ±   0.52        (53.5mi) ┃
┃   52 -    54 ┃   35 -    36 ┃  223.36 ±  0.097        (7.19mi) ┃-119.328 ±  0.076        (13.2mi) ┃Vegas input parameters:
  ndim 7
  ncomp 1
  nvec 1
  epsrel 0
  epsabs 0
  flags 10
  seed 123456
  mineval 10000000
  maxeval 10000000
  nstart 1000000
  nincrease 1000000
  nbatch 5000
  gridno 0
  statefile ""

Iteration 1:  1000000 integrand evaluations so far
[1] 134.958 +- 3.3475  	chisq 0 (0 df)

Iteration 2:  3000000 integrand evaluations so far
[1] 136.221 +- 0.948463  	chisq 0.154694 (1 df)

Iteration 3:  6000000 integrand evaluations so far
[1] 137.035 +- 0.591557  	chisq 1.36226 (2 df)

Iteration 4:  10000000 integrand evaluations so far
[1] 137.02 +- 0.450037  	chisq 1.36379 (3 df)
  137.02 ±   0.45        ( 40.8s) ┃  241.05 ±   0.47        (  21mi) ┃
┃   52 -    54 ┃   36 -    37 ┃  216.11 ±   0.14        (3.87mi) ┃-116.095 ±  0.078        (6.64mi) ┃Vegas input parameters:
  ndim 7
  ncomp 1
  nvec 1
  epsrel 0
  epsabs 0
  flags 10
  seed 123456
  mineval 10000000
  maxeval 10000000
  nstart 1000000
  nincrease 1000000
  nbatch 5000
  gridno 0
  statefile ""

Iteration 1:  1000000 integrand evaluations so far
[1] 132.244 +- 3.31474  	chisq 0 (0 df)

Iteration 2:  3000000 integrand evaluations so far
[1] 130.804 +- 1.06792  	chisq 0.210449 (1 df)

Iteration 3:  6000000 integrand evaluations so far
[1] 131.69 +- 0.647366  	chisq 1.29822 (2 df)

Iteration 4:  10000000 integrand evaluations so far
[1] 131.878 +- 0.457013  	chisq 1.46697 (3 df)
  131.88 ±   0.46        ( 39.8s) ┃   231.9 ±   0.49        (11.2mi) ┃
┃   52 -    54 ┃   37 -    38 ┃  252.39 ±   0.18        ( 2.2mi) ┃-134.313 ±  0.016        (26.2mi) ┃Vegas input parameters:
  ndim 7
  ncomp 1
  nvec 1
  epsrel 0
  epsabs 0
  flags 10
  seed 123456
  mineval 10000000
  maxeval 10000000
  nstart 1000000
  nincrease 1000000
  nbatch 5000
  gridno 0
  statefile ""

Iteration 1:  1000000 integrand evaluations so far
[1] 126.541 +- 3.18816  	chisq 0 (0 df)

Iteration 2:  3000000 integrand evaluations so far
[1] 128.986 +- 0.90731  	chisq 0.639829 (1 df)

Iteration 3:  6000000 integrand evaluations so far
[1] 128.734 +- 0.583943  	chisq 0.770545 (2 df)

Iteration 4:  10000000 integrand evaluations so far
[1] 128.237 +- 0.442703  	chisq 2.47977 (3 df)
  128.24 ±   0.44        (   40s) ┃  246.31 ±   0.48        (29.1mi) ┃
┃   52 -    54 ┃   38 -    39 ┃ 200.899 ±  0.042        ( 18.9s) ┃-107.496 ±  0.079        ( 6.5mi) ┃Vegas input parameters:
  ndim 7
  ncomp 1
  nvec 1
  epsrel 0
  epsabs 0
  flags 10
  seed 123456
  mineval 10000000
  maxeval 10000000
  nstart 1000000
  nincrease 1000000
  nbatch 5000
  gridno 0
  statefile ""

Iteration 1:  1000000 integrand evaluations so far
[1] 121.841 +- 3.11775  	chisq 0 (0 df)

Iteration 2:  3000000 integrand evaluations so far
[1] 124.45 +- 0.877343  	chisq 0.760539 (1 df)

Iteration 3:  6000000 integrand evaluations so far
[1] 124.433 +- 0.546291  	chisq 0.761163 (2 df)

Iteration 4:  10000000 integrand evaluations so far
[1] 124.762 +- 0.422887  	chisq 1.66573 (3 df)
  124.76 ±   0.42        ( 39.3s) ┃  218.17 ±   0.43        (7.48mi) ┃
┃   52 -    54 ┃   39 -    40 ┃ 221.653 ±  0.054        ( 37.2s) ┃-117.724 ±  0.091        (26.2mi) ┃Vegas input parameters:
  ndim 7
  ncomp 1
  nvec 1
  epsrel 0
  epsabs 0
  flags 10
  seed 123456
  mineval 10000000
  maxeval 10000000
  nstart 1000000
  nincrease 1000000
  nbatch 5000
  gridno 0
  statefile ""

Iteration 1:  1000000 integrand evaluations so far
[1] 122.404 +- 3.08851  	chisq 0 (0 df)

Iteration 2:  3000000 integrand evaluations so far
[1] 120.305 +- 0.853899  	chisq 0.500231 (1 df)

Iteration 3:  6000000 integrand evaluations so far
[1] 121.134 +- 0.533141  	chisq 2.04789 (2 df)

Iteration 4:  10000000 integrand evaluations so far
[1] 121.004 +- 0.392172  	chisq 2.17826 (3 df)
     121 ±   0.39        ( 39.5s) ┃  224.93 ±   0.41        (27.5mi) ┃
┃   52 -    54 ┃   40 -    41 ┃  213.13 ±   0.18        (2.24mi) ┃-112.083 ±  0.083        (1.67mi) ┃Vegas input parameters:
  ndim 7
  ncomp 1
  nvec 1
  epsrel 0
  epsabs 0
  flags 10
  seed 123456
  mineval 10000000
  maxeval 10000000
  nstart 1000000
  nincrease 1000000
  nbatch 5000
  gridno 0
  statefile ""

Iteration 1:  1000000 integrand evaluations so far
[1] 117.638 +- 3.0314  	chisq 0 (0 df)

Iteration 2:  3000000 integrand evaluations so far
[1] 118.245 +- 0.962127  	chisq 0.044627 (1 df)

Iteration 3:  6000000 integrand evaluations so far
[1] 117.979 +- 0.583711  	chisq 0.16504 (2 df)

Iteration 4:  10000000 integrand evaluations so far
[1] 118.19 +- 0.414747  	chisq 0.42786 (3 df)
  118.19 ±   0.41        ( 39.8s) ┃  219.24 ±   0.46        (4.57mi) ┃
┃   52 -    54 ┃   41 -    42 ┃  194.98 ±   0.17        (2.14mi) ┃-104.452 ±  0.039        (6.55mi) ┃Vegas input parameters:
  ndim 7
  ncomp 1
  nvec 1
  epsrel 0
  epsabs 0
  flags 10
  seed 123456
  mineval 10000000
  maxeval 10000000
  nstart 1000000
  nincrease 1000000
  nbatch 5000
  gridno 0
  statefile ""

Iteration 1:  1000000 integrand evaluations so far
[1] 116.194 +- 2.99485  	chisq 0 (0 df)

Iteration 2:  3000000 integrand evaluations so far
[1] 114.944 +- 0.818738  	chisq 0.188168 (1 df)

Iteration 3:  6000000 integrand evaluations so far
[1] 114.77 +- 0.509332  	chisq 0.262181 (2 df)

Iteration 4:  10000000 integrand evaluations so far
[1] 115.31 +- 0.399202  	chisq 3.17851 (3 df)
  115.31 ±    0.4        ( 40.2s) ┃  205.84 ±   0.44        (9.36mi) ┃
┃   52 -    54 ┃   42 -    43 ┃  235.58 ±   0.17        ( 58.2s) ┃-125.388 ±  0.011        (13.4mi) ┃Vegas input parameters:
  ndim 7
  ncomp 1
  nvec 1
  epsrel 0
  epsabs 0
  flags 10
  seed 123456
  mineval 10000000
  maxeval 10000000
  nstart 1000000
  nincrease 1000000
  nbatch 5000
  gridno 0
  statefile ""

Iteration 1:  1000000 integrand evaluations so far
[1] 102.968 +- 2.77682  	chisq 0 (0 df)

Iteration 2:  3000000 integrand evaluations so far
[1] 110.777 +- 0.808513  	chisq 8.64078 (1 df)

Iteration 3:  6000000 integrand evaluations so far
[1] 111.669 +- 0.527909  	chisq 10.7638 (2 df)

Iteration 4:  10000000 integrand evaluations so far
[1] 111.571 +- 0.388167  	chisq 10.8386 (3 df)
  111.57 ±   0.39        ( 40.2s) ┃  221.77 ±   0.42        (  15mi) ┃
┃   52 -    54 ┃   43 -    44 ┃  180.26 ±    0.1        (2.13mi) ┃ -95.976 ±  0.051        (25.5mi) ┃Vegas input parameters:
  ndim 7
  ncomp 1
  nvec 1
  epsrel 0
  epsabs 0
  flags 10
  seed 123456
  mineval 10000000
  maxeval 10000000
  nstart 1000000
  nincrease 1000000
  nbatch 5000
  gridno 0
  statefile ""

Iteration 1:  1000000 integrand evaluations so far
[1] 109.049 +- 2.89471  	chisq 0 (0 df)

Iteration 2:  3000000 integrand evaluations so far
[1] 109.505 +- 0.788695  	chisq 0.0268595 (1 df)

Iteration 3:  6000000 integrand evaluations so far
[1] 109.802 +- 0.525108  	chisq 0.281159 (2 df)

Iteration 4:  10000000 integrand evaluations so far
[1] 109.043 +- 0.385705  	chisq 4.81398 (3 df)
  109.04 ±   0.39        ( 39.4s) ┃  193.33 ±    0.4        (28.3mi) ┃
┃   52 -    54 ┃   44 -    45 ┃ 183.717 ±  0.047        (2.12mi) ┃-98.4116 ± 0.0043        (25.5mi) ┃Vegas input parameters:
  ndim 7
  ncomp 1
  nvec 1
  epsrel 0
  epsabs 0
  flags 10
  seed 123456
  mineval 10000000
  maxeval 10000000
  nstart 1000000
  nincrease 1000000
  nbatch 5000
  gridno 0
  statefile ""

Iteration 1:  1000000 integrand evaluations so far
[1] 105.529 +- 2.83032  	chisq 0 (0 df)

Iteration 2:  3000000 integrand evaluations so far
[1] 107.088 +- 0.794097  	chisq 0.329175 (1 df)

Iteration 3:  6000000 integrand evaluations so far
[1] 106.335 +- 0.485996  	chisq 1.76617 (2 df)

Iteration 4:  10000000 integrand evaluations so far
[1] 106.577 +- 0.357177  	chisq 2.30444 (3 df)
  106.58 ±   0.36        ( 39.8s) ┃  191.88 ±   0.36        (28.3mi) ┃
┃   52 -    54 ┃   45 -    46 ┃ 218.799 ±  0.071        ( 35.1s) ┃-115.626 ±  0.016        (25.4mi) ┃Vegas input parameters:
  ndim 7
  ncomp 1
  nvec 1
  epsrel 0
  epsabs 0
  flags 10
  seed 123456
  mineval 10000000
  maxeval 10000000
  nstart 1000000
  nincrease 1000000
  nbatch 5000
  gridno 0
  statefile ""

Iteration 1:  1000000 integrand evaluations so far
[1] 103.919 +- 2.79947  	chisq 0 (0 df)

Iteration 2:  3000000 integrand evaluations so far
[1] 103.95 +- 0.76489  	chisq 0.000131757 (1 df)

Iteration 3:  6000000 integrand evaluations so far
[1] 104.418 +- 0.473385  	chisq 0.606948 (2 df)

Iteration 4:  10000000 integrand evaluations so far
[1] 104.571 +- 0.381396  	chisq 0.905894 (3 df)
  104.57 ±   0.38        ( 39.8s) ┃  207.74 ±   0.39        (26.7mi) ┃
┃   52 -    54 ┃   46 -    47 ┃ 164.356 ±  0.053        (2.14mi) ┃ -87.585 ±  0.077        (6.47mi) ┃Vegas input parameters:
  ndim 7
  ncomp 1
  nvec 1
  epsrel 0
  epsabs 0
  flags 10
  seed 123456
  mineval 10000000
  maxeval 10000000
  nstart 1000000
  nincrease 1000000
  nbatch 5000
  gridno 0
  statefile ""

Iteration 1:  1000000 integrand evaluations so far
[1] 105.606 +- 2.81827  	chisq 0 (0 df)

Iteration 2:  3000000 integrand evaluations so far
[1] 102.686 +- 0.751167  	chisq 1.15595 (1 df)

Iteration 3:  6000000 integrand evaluations so far
[1] 102.885 +- 0.467075  	chisq 1.27079 (2 df)

Iteration 4:  10000000 integrand evaluations so far
[1] 102.646 +- 0.351948  	chisq 1.87627 (3 df)
  102.65 ±   0.35        ( 40.5s) ┃  179.42 ±   0.36        (9.28mi) ┃
┃   52 -    54 ┃   47 -    48 ┃ 184.852 ±  0.085        (1.08mi) ┃ -98.568 ±  0.094        (12.7mi) ┃Vegas input parameters:
  ndim 7
  ncomp 1
  nvec 1
  epsrel 0
  epsabs 0
  flags 10
  seed 123456
  mineval 10000000
  maxeval 10000000
  nstart 1000000
  nincrease 1000000
  nbatch 5000
  gridno 0
  statefile ""

Iteration 1:  1000000 integrand evaluations so far
[1] 98.5298 +- 2.704  	chisq 0 (0 df)

Iteration 2:  3000000 integrand evaluations so far
[1] 98.2823 +- 0.76046  	chisq 0.00909616 (1 df)

Iteration 3:  6000000 integrand evaluations so far
[1] 99.1565 +- 0.481753  	chisq 2.21684 (2 df)

Iteration 4:  10000000 integrand evaluations so far
[1] 99.9327 +- 0.358702  	chisq 8.0412 (3 df)
   99.93 ±   0.36        ( 40.1s) ┃  186.22 ±   0.38        (14.5mi) ┃
┃   52 -    54 ┃   48 -    49 ┃ 189.618 ±  0.083        (2.12mi) ┃-101.031 ±   0.07        (1.65mi) ┃Vegas input parameters:
  ndim 7
  ncomp 1
  nvec 1
  epsrel 0
  epsabs 0
  flags 10
  seed 123456
  mineval 10000000
  maxeval 10000000
  nstart 1000000
  nincrease 1000000
  nbatch 5000
  gridno 0
  statefile ""

Iteration 1:  1000000 integrand evaluations so far
[1] 97.7424 +- 2.69244  	chisq 0 (0 df)

Iteration 2:  3000000 integrand evaluations so far
[1] 99.6774 +- 0.7301  	chisq 0.557483 (1 df)

Iteration 3:  6000000 integrand evaluations so far
[1] 99.1675 +- 0.460925  	chisq 1.36829 (2 df)

Iteration 4:  10000000 integrand evaluations so far
[1] 98.8248 +- 0.345825  	chisq 2.6331 (3 df)
   98.82 ±   0.35        ( 39.5s) ┃  187.41 ±   0.36        (4.43mi) ┃
┃   52 -    54 ┃   49 -    50 ┃ 164.242 ±  0.091        (2.19mi) ┃ -87.267 ±  0.061        (49.7mi) ┃Vegas input parameters:
  ndim 7
  ncomp 1
  nvec 1
  epsrel 0
  epsabs 0
  flags 10
  seed 123456
  mineval 10000000
  maxeval 10000000
  nstart 1000000
  nincrease 1000000
  nbatch 5000
  gridno 0
  statefile ""

Iteration 1:  1000000 integrand evaluations so far
[1] 95.5141 +- 2.64745  	chisq 0 (0 df)

Iteration 2:  3000000 integrand evaluations so far
[1] 98.6057 +- 0.819137  	chisq 1.50803 (1 df)

Iteration 3:  6000000 integrand evaluations so far
[1] 97.1865 +- 0.488765  	chisq 6.16952 (2 df)

Iteration 4:  10000000 integrand evaluations so far
[1] 97.2273 +- 0.354691  	chisq 6.18428 (3 df)
   97.23 ±   0.35        ( 39.9s) ┃   174.2 ±   0.37        (52.6mi) ┃
┃   52 -    54 ┃   50 -    51 ┃  191.35 ±    0.1        ( 58.3s) ┃-101.812 ±  0.046        (3.19mi) ┃Vegas input parameters:
  ndim 7
  ncomp 1
  nvec 1
  epsrel 0
  epsabs 0
  flags 10
  seed 123456
  mineval 10000000
  maxeval 10000000
  nstart 1000000
  nincrease 1000000
  nbatch 5000
  gridno 0
  statefile ""

Iteration 1:  1000000 integrand evaluations so far
[1] 95.7857 +- 2.66558  	chisq 0 (0 df)

Iteration 2:  3000000 integrand evaluations so far
[1] 97.4918 +- 0.712613  	chisq 0.441232 (1 df)

Iteration 3:  6000000 integrand evaluations so far
[1] 96.9807 +- 0.468672  	chisq 1.34787 (2 df)

Iteration 4:  10000000 integrand evaluations so far
[1] 96.3684 +- 0.342828  	chisq 5.01899 (3 df)
   96.37 ±   0.34        (   39s) ┃   185.9 ±   0.36        (4.81mi) ┃
┃   52 -    54 ┃   51 -    52 ┃  160.22 ±   0.15        (   2mi) ┃-85.4739 ± 0.0076        (6.43mi) ┃Vegas input parameters:
  ndim 7
  ncomp 1
  nvec 1
  epsrel 0
  epsabs 0
  flags 10
  seed 123456
  mineval 10000000
  maxeval 10000000
  nstart 1000000
  nincrease 1000000
  nbatch 5000
  gridno 0
  statefile ""

Iteration 1:  1000000 integrand evaluations so far
[1] 94.7931 +- 2.64789  	chisq 0 (0 df)

Iteration 2:  3000000 integrand evaluations so far
[1] 95.306 +- 0.699248  	chisq 0.0403277 (1 df)

Iteration 3:  6000000 integrand evaluations so far
[1] 94.7582 +- 0.454991  	chisq 1.10473 (2 df)

Iteration 4:  10000000 integrand evaluations so far
[1] 94.9994 +- 0.336875  	chisq 1.72697 (3 df)
      95 ±   0.34        ( 39.3s) ┃  169.75 ±   0.37        (9.09mi) ┃
┃   52 -    54 ┃   52 -    53 ┃ 144.972 ±  0.097        (3.86mi) ┃  -77.51 ±  0.042        (12.5mi) ┃Vegas input parameters:
  ndim 7
  ncomp 1
  nvec 1
  epsrel 0
  epsabs 0
  flags 10
  seed 123456
  mineval 10000000
  maxeval 10000000
  nstart 1000000
  nincrease 1000000
  nbatch 5000
  gridno 0
  statefile ""

Iteration 1:  1000000 integrand evaluations so far
[1] 96.0574 +- 2.66807  	chisq 0 (0 df)

Iteration 2:  3000000 integrand evaluations so far
[1] 94.7552 +- 0.704972  	chisq 0.2561 (1 df)

Iteration 3:  6000000 integrand evaluations so far
[1] 94.0619 +- 0.455429  	chisq 1.91582 (2 df)

Iteration 4:  10000000 integrand evaluations so far
[1] 93.7316 +- 0.334284  	chisq 3.05623 (3 df)
   93.73 ±   0.33        ( 39.9s) ┃  161.19 ±   0.35        (17.1mi) ┃
┃   52 -    54 ┃   53 -    54 ┃  186.38 ±   0.13        (1.93mi) ┃  -99.01 ±  0.044        (12.4mi) ┃Vegas input parameters:
  ndim 7
  ncomp 1
  nvec 1
  epsrel 0
  epsabs 0
  flags 10
  seed 123456
  mineval 10000000
  maxeval 10000000
  nstart 1000000
  nincrease 1000000
  nbatch 5000
  gridno 0
  statefile ""

Iteration 1:  1000000 integrand evaluations so far
[1] 91.0676 +- 2.60908  	chisq 0 (0 df)

Iteration 2:  3000000 integrand evaluations so far
[1] 92.7986 +- 0.688279  	chisq 0.473076 (1 df)

Iteration 3:  6000000 integrand evaluations so far
[1] 92.1374 +- 0.425739  	chisq 1.96763 (2 df)

Iteration 4:  10000000 integrand evaluations so far
[1] 92.4849 +- 0.326076  	chisq 3.57861 (3 df)
   92.48 ±   0.33        (   40s) ┃  179.85 ±   0.35        (  15mi) ┃
┃   52 -    54 ┃   54 -    55 ┃ 145.322 ±  0.055        (3.59mi) ┃  -77.18 ±  0.048        (12.4mi) ┃Vegas input parameters:
  ndim 7
  ncomp 1
  nvec 1
  epsrel 0
  epsabs 0
  flags 10
  seed 123456
  mineval 10000000
  maxeval 10000000
  nstart 1000000
  nincrease 1000000
  nbatch 5000
  gridno 0
  statefile ""

Iteration 1:  1000000 integrand evaluations so far
[1] 90.0723 +- 2.59199  	chisq 0 (0 df)

Iteration 2:  3000000 integrand evaluations so far
[1] 91.0893 +- 0.685059  	chisq 0.165537 (1 df)

Iteration 3:  6000000 integrand evaluations so far
[1] 90.5053 +- 0.420022  	chisq 1.33033 (2 df)

Iteration 4:  10000000 integrand evaluations so far
[1] 90.8839 +- 0.317597  	chisq 3.22847 (3 df)
   90.88 ±   0.32        ( 40.5s) ┃  159.03 ±   0.33        (16.7mi) ┃
┃   52 -    54 ┃   55 -    56 ┃  156.33 ±   0.13        (1.09mi) ┃ -83.388 ±  0.018        (6.25mi) ┃Vegas input parameters:
  ndim 7
  ncomp 1
  nvec 1
  epsrel 0
  epsabs 0
  flags 10
  seed 123456
  mineval 10000000
  maxeval 10000000
  nstart 1000000
  nincrease 1000000
  nbatch 5000
  gridno 0
  statefile ""

Iteration 1:  1000000 integrand evaluations so far
[1] 88.6164 +- 2.56125  	chisq 0 (0 df)

Iteration 2:  3000000 integrand evaluations so far
[1] 90.601 +- 0.678536  	chisq 0.645727 (1 df)

Iteration 3:  6000000 integrand evaluations so far
[1] 89.6678 +- 0.425232  	chisq 3.76024 (2 df)

Iteration 4:  10000000 integrand evaluations so far
[1] 89.6173 +- 0.313667  	chisq 3.79121 (3 df)
   89.62 ±   0.31        ( 39.2s) ┃  162.56 ±   0.34        (7.99mi) ┃
┃   52 -    54 ┃   56 -    57 ┃  154.02 ±   0.15        ( 18.9s) ┃ -82.068 ±  0.043        (24.6mi) ┃Vegas input parameters:
  ndim 7
  ncomp 1
  nvec 1
  epsrel 0
  epsabs 0
  flags 10
  seed 123456
  mineval 10000000
  maxeval 10000000
  nstart 1000000
  nincrease 1000000
  nbatch 5000
  gridno 0
  statefile ""

Iteration 1:  1000000 integrand evaluations so far
[1] 86.7182 +- 2.54421  	chisq 0 (0 df)

Iteration 2:  3000000 integrand evaluations so far
[1] 89.3634 +- 0.672105  	chisq 1.162 (1 df)

Iteration 3:  6000000 integrand evaluations so far
[1] 89.2015 +- 0.430776  	chisq 1.26039 (2 df)

Iteration 4:  10000000 integrand evaluations so far
[1] 89.4267 +- 0.326148  	chisq 1.9006 (3 df)
   89.43 ±   0.33        ( 40.3s) ┃  161.37 ±   0.36        (25.6mi) ┃
┃   52 -    54 ┃   57 -    58 ┃ 133.798 ±  0.081        ( 56.4s) ┃ -70.868 ±  0.044        (3.18mi) ┃Vegas input parameters:
  ndim 7
  ncomp 1
  nvec 1
  epsrel 0
  epsabs 0
  flags 10
  seed 123456
  mineval 10000000
  maxeval 10000000
  nstart 1000000
  nincrease 1000000
  nbatch 5000
  gridno 0
  statefile ""

Iteration 1:  1000000 integrand evaluations so far
[1] 92.4294 +- 2.64054  	chisq 0 (0 df)

Iteration 2:  3000000 integrand evaluations so far
[1] 88.2727 +- 0.654315  	chisq 2.64019 (1 df)

Iteration 3:  6000000 integrand evaluations so far
[1] 88.8206 +- 0.43051  	chisq 3.87647 (2 df)

Iteration 4:  10000000 integrand evaluations so far
[1] 88.2848 +- 0.318272  	chisq 7.2918 (3 df)
   88.28 ±   0.32        ( 39.3s) ┃  151.22 ±   0.33        (4.77mi) ┃
┃   52 -    54 ┃   58 -    59 ┃  152.65 ±    0.1        (3.61mi) ┃ -80.901 ±  0.065        (24.4mi) ┃Vegas input parameters:
  ndim 7
  ncomp 1
  nvec 1
  epsrel 0
  epsabs 0
  flags 10
  seed 123456
  mineval 10000000
  maxeval 10000000
  nstart 1000000
  nincrease 1000000
  nbatch 5000
  gridno 0
  statefile ""

Iteration 1:  1000000 integrand evaluations so far
[1] 85.6529 +- 2.54491  	chisq 0 (0 df)

Iteration 2:  3000000 integrand evaluations so far
[1] 87.1293 +- 0.689461  	chisq 0.363226 (1 df)

Iteration 3:  6000000 integrand evaluations so far
[1] 87.1464 +- 0.439218  	chisq 0.364259 (2 df)

Iteration 4:  10000000 integrand evaluations so far
[1] 86.8352 +- 0.321527  	chisq 1.44562 (3 df)
   86.84 ±   0.32        ( 40.2s) ┃  158.59 ±   0.34        (28.6mi) ┃
┃   52 -    54 ┃   59 -    60 ┃ 140.905 ±  0.089        (1.88mi) ┃ -74.577 ±  0.019        (3.05mi) ┃Vegas input parameters:
  ndim 7
  ncomp 1
  nvec 1
  epsrel 0
  epsabs 0
  flags 10
  seed 123456
  mineval 10000000
  maxeval 10000000
  nstart 1000000
  nincrease 1000000
  nbatch 5000
  gridno 0
  statefile ""

Iteration 1:  1000000 integrand evaluations so far
[1] 83.9881 +- 2.5288  	chisq 0 (0 df)

Iteration 2:  3000000 integrand evaluations so far
[1] 86.0959 +- 0.657114  	chisq 0.745083 (1 df)

Iteration 3:  6000000 integrand evaluations so far
[1] 86.481 +- 0.411198  	chisq 1.30958 (2 df)

Iteration 4:  10000000 integrand evaluations so far
[1] 86.0694 +- 0.306708  	chisq 3.56791 (3 df)
   86.07 ±   0.31        ( 39.5s) ┃   152.4 ±   0.32        (5.59mi) ┃
┃   54 -    56 ┃   25 -    26 ┃  288.66 ±   0.23        (1.11mi) ┃ -153.17 ±   0.13        (14.2mi) ┃Vegas input parameters:
  ndim 7
  ncomp 1
  nvec 1
  epsrel 0
  epsabs 0
  flags 10
  seed 123456
  mineval 10000000
  maxeval 10000000
  nstart 1000000
  nincrease 1000000
  nbatch 5000
  gridno 0
  statefile ""

Iteration 1:  1000000 integrand evaluations so far
[1] 200.131 +- 4.28413  	chisq 0 (0 df)

Iteration 2:  3000000 integrand evaluations so far
[1] 199.984 +- 1.22108  	chisq 0.00129167 (1 df)

Iteration 3:  6000000 integrand evaluations so far
[1] 198.763 +- 0.791777  	chisq 1.72541 (2 df)

Iteration 4:  10000000 integrand evaluations so far
[1] 199.246 +- 0.601575  	chisq 2.6042 (3 df)
  199.25 ±    0.6        ( 39.6s) ┃  334.74 ±   0.66        (  16mi) ┃
┃   54 -    56 ┃   26 -    27 ┃  289.89 ±   0.12        (7.35mi) ┃ -154.36 ±   0.14        (7.23mi) ┃Vegas input parameters:
  ndim 7
  ncomp 1
  nvec 1
  epsrel 0
  epsabs 0
  flags 10
  seed 123456
  mineval 10000000
  maxeval 10000000
  nstart 1000000
  nincrease 1000000
  nbatch 5000
  gridno 0
  statefile ""

Iteration 1:  1000000 integrand evaluations so far
[1] 190.983 +- 4.14253  	chisq 0 (0 df)

Iteration 2:  3000000 integrand evaluations so far
[1] 189.568 +- 1.40729  	chisq 0.132045 (1 df)

Iteration 3:  6000000 integrand evaluations so far
[1] 187.838 +- 0.841681  	chisq 2.48513 (2 df)

Iteration 4:  10000000 integrand evaluations so far
[1] 188.054 +- 0.594513  	chisq 2.61753 (3 df)
  188.05 ±   0.59        ( 39.4s) ┃  323.58 ±   0.62        (15.2mi) ┃
┃   54 -    56 ┃   27 -    28 ┃ 274.403 ±  0.061        (1.42mi) ┃ -148.03 ±   0.11        (37.4mi) ┃Vegas input parameters:
  ndim 7
  ncomp 1
  nvec 1
  epsrel 0
  epsabs 0
  flags 10
  seed 123456
  mineval 10000000
  maxeval 10000000
  nstart 1000000
  nincrease 1000000
  nbatch 5000
  gridno 0
  statefile ""

Iteration 1:  1000000 integrand evaluations so far
[1] 184.272 +- 4.02981  	chisq 0 (0 df)

Iteration 2:  3000000 integrand evaluations so far
[1] 178.561 +- 1.13058  	chisq 2.18017 (1 df)

Iteration 3:  6000000 integrand evaluations so far
[1] 179.101 +- 0.748128  	chisq 2.58672 (2 df)

Iteration 4:  10000000 integrand evaluations so far
[1] 179.11 +- 0.554318  	chisq 2.58702 (3 df)
  179.11 ±   0.55        (   40s) ┃  305.48 ±   0.57        (39.5mi) ┃
┃   54 -    56 ┃   28 -    29 ┃  279.59 ±   0.23        ( 10.3s) ┃-144.534 ±  0.049        (13.8mi) ┃Vegas input parameters:
  ndim 7
  ncomp 1
  nvec 1
  epsrel 0
  epsabs 0
  flags 10
  seed 123456
  mineval 10000000
  maxeval 10000000
  nstart 1000000
  nincrease 1000000
  nbatch 5000
  gridno 0
  statefile ""

Iteration 1:  1000000 integrand evaluations so far
[1] 170.681 +- 3.80857  	chisq 0 (0 df)

Iteration 2:  3000000 integrand evaluations so far
[1] 170.043 +- 1.2391  	chisq 0.031429 (1 df)

Iteration 3:  6000000 integrand evaluations so far
[1] 170.192 +- 0.809494  	chisq 0.0566777 (2 df)

Iteration 4:  10000000 integrand evaluations so far
[1] 170.177 +- 0.575844  	chisq 0.0573778 (3 df)
  170.18 ±   0.58        ( 39.6s) ┃  305.23 ±   0.62        (14.6mi) ┃
┃   54 -    56 ┃   29 -    30 ┃   237.2 ±   0.22        ( 38.8s) ┃-127.574 ±  0.057        (27.2mi) ┃Vegas input parameters:
  ndim 7
  ncomp 1
  nvec 1
  epsrel 0
  epsabs 0
  flags 10
  seed 123456
  mineval 10000000
  maxeval 10000000
  nstart 1000000
  nincrease 1000000
  nbatch 5000
  gridno 0
  statefile ""

Iteration 1:  1000000 integrand evaluations so far
[1] 164.534 +- 3.74826  	chisq 0 (0 df)

Iteration 2:  3000000 integrand evaluations so far
[1] 163.279 +- 1.06227  	chisq 0.12184 (1 df)

Iteration 3:  6000000 integrand evaluations so far
[1] 163.538 +- 0.685665  	chisq 0.22342 (2 df)

Iteration 4:  10000000 integrand evaluations so far
[1] 163.549 +- 0.531427  	chisq 0.224037 (3 df)
  163.55 ±   0.53        ( 40.5s) ┃  273.18 ±   0.58        (28.5mi) ┃
┃   54 -    56 ┃   30 -    31 ┃  263.54 ±   0.26        (   1mi) ┃ -140.01 ±   0.11        (14.1mi) ┃Vegas input parameters:
  ndim 7
  ncomp 1
  nvec 1
  epsrel 0
  epsabs 0
  flags 10
  seed 123456
  mineval 10000000
  maxeval 10000000
  nstart 1000000
  nincrease 1000000
  nbatch 5000
  gridno 0
  statefile ""

Iteration 1:  1000000 integrand evaluations so far
[1] 158.952 +- 3.63279  	chisq 0 (0 df)

Iteration 2:  3000000 integrand evaluations so far
[1] 155.238 +- 1.02514  	chisq 1.13555 (1 df)

Iteration 3:  6000000 integrand evaluations so far
[1] 153.856 +- 0.635937  	chisq 4.09239 (2 df)

Iteration 4:  10000000 integrand evaluations so far
[1] 154.165 +- 0.48569  	chisq 4.65833 (3 df)
  154.16 ±   0.49        ( 38.4s) ┃  277.69 ±   0.56        (15.7mi) ┃
┃   54 -    56 ┃   31 -    32 ┃  229.08 ±   0.16        (1.08mi) ┃-121.148 ±  0.029        (27.4mi) ┃Vegas input parameters:
  ndim 7
  ncomp 1
  nvec 1
  epsrel 0
  epsabs 0
  flags 10
  seed 123456
  mineval 10000000
  maxeval 10000000
  nstart 1000000
  nincrease 1000000
  nbatch 5000
  gridno 0
  statefile ""

Iteration 1:  1000000 integrand evaluations so far
[1] 146.561 +- 3.4417  	chisq 0 (0 df)

Iteration 2:  3000000 integrand evaluations so far
[1] 147.457 +- 0.992392  	chisq 0.0740203 (1 df)

Iteration 3:  6000000 integrand evaluations so far
[1] 146.269 +- 0.615891  	chisq 2.40683 (2 df)

Iteration 4:  10000000 integrand evaluations so far
[1] 146.438 +- 0.473328  	chisq 2.59102 (3 df)
  146.44 ±   0.47        ( 39.9s) ┃  254.37 ±    0.5        (29.2mi) ┃
┃   54 -    56 ┃   32 -    33 ┃  237.04 ±   0.21        (7.19mi) ┃-123.555 ±  0.032        (3.77mi) ┃Vegas input parameters:
  ndim 7
  ncomp 1
  nvec 1
  epsrel 0
  epsabs 0
  flags 10
  seed 123456
  mineval 10000000
  maxeval 10000000
  nstart 1000000
  nincrease 1000000
  nbatch 5000
  gridno 0
  statefile ""

Iteration 1:  1000000 integrand evaluations so far
[1] 140.224 +- 3.33465  	chisq 0 (0 df)

Iteration 2:  3000000 integrand evaluations so far
[1] 140.4 +- 0.958761  	chisq 0.00306531 (1 df)

Iteration 3:  6000000 integrand evaluations so far
[1] 140.334 +- 0.611804  	chisq 0.0112889 (2 df)

Iteration 4:  10000000 integrand evaluations so far
[1] 140.358 +- 0.466913  	chisq 0.0151931 (3 df)
  140.36 ±   0.47        ( 38.9s) ┃  253.84 ±   0.51        (11.6mi) ┃
┃   54 -    56 ┃   33 -    34 ┃ 217.568 ±  0.045        (7.73mi) ┃ -115.72 ±    0.1        (26.8mi) ┃Vegas input parameters:
  ndim 7
  ncomp 1
  nvec 1
  epsrel 0
  epsabs 0
  flags 10
  seed 123456
  mineval 10000000
  maxeval 10000000
  nstart 1000000
  nincrease 1000000
  nbatch 5000
  gridno 0
  statefile ""

Iteration 1:  1000000 integrand evaluations so far
[1] 135.431 +- 3.28825  	chisq 0 (0 df)

Iteration 2:  3000000 integrand evaluations so far
[1] 134.087 +- 0.93018  	chisq 0.181804 (1 df)

Iteration 3:  6000000 integrand evaluations so far
[1] 134.494 +- 0.602751  	chisq 0.512791 (2 df)

Iteration 4:  10000000 integrand evaluations so far
[1] 134.175 +- 0.445235  	chisq 1.12991 (3 df)
  134.18 ±   0.45        ( 39.3s) ┃  236.02 ±   0.46        (35.1mi) ┃
┃   54 -    56 ┃   34 -    35 ┃  232.71 ±   0.16        (3.81mi) ┃ -123.71 ±   0.06        (26.5mi) ┃Vegas input parameters:
  ndim 7
  ncomp 1
  nvec 1
  epsrel 0
  epsabs 0
  flags 10
  seed 123456
  mineval 10000000
  maxeval 10000000
  nstart 1000000
  nincrease 1000000
  nbatch 5000
  gridno 0
  statefile ""

Iteration 1:  1000000 integrand evaluations so far
[1] 128.995 +- 3.1673  	chisq 0 (0 df)

Iteration 2:  3000000 integrand evaluations so far
[1] 129.439 +- 0.897642  	chisq 0.0214212 (1 df)

Iteration 3:  6000000 integrand evaluations so far
[1] 129.223 +- 0.567146  	chisq 0.118052 (2 df)

Iteration 4:  10000000 integrand evaluations so far
[1] 129.52 +- 0.448817  	chisq 0.851138 (3 df)
  129.52 ±   0.45        ( 39.8s) ┃  238.52 ±   0.48        (  31mi) ┃
┃   54 -    56 ┃   35 -    36 ┃  205.72 ±  0.097        ( 59.5s) ┃-109.989 ±  0.084        (26.7mi) ┃Vegas input parameters:
  ndim 7
  ncomp 1
  nvec 1
  epsrel 0
  epsabs 0
  flags 10
  seed 123456
  mineval 10000000
  maxeval 10000000
  nstart 1000000
  nincrease 1000000
  nbatch 5000
  gridno 0
  statefile ""

Iteration 1:  1000000 integrand evaluations so far
[1] 125.201 +- 3.10032  	chisq 0 (0 df)

Iteration 2:  3000000 integrand evaluations so far
[1] 124.937 +- 0.964531  	chisq 0.00801008 (1 df)

Iteration 3:  6000000 integrand evaluations so far
[1] 124.576 +- 0.588054  	chisq 0.231453 (2 df)

Iteration 4:  10000000 integrand evaluations so far
[1] 124.798 +- 0.42485  	chisq 0.529563 (3 df)
   124.8 ±   0.42        ( 40.4s) ┃  220.53 ±   0.44        (28.4mi) ┃
┃   54 -    56 ┃   36 -    37 ┃  191.27 ±   0.13        (7.35mi) ┃ -105.53 ±   0.11        ( 15.5s) ┃Vegas input parameters:
  ndim 7
  ncomp 1
  nvec 1
  epsrel 0
  epsabs 0
  flags 10
  seed 123456
  mineval 10000000
  maxeval 10000000
  nstart 1000000
  nincrease 1000000
  nbatch 5000
  gridno 0
  statefile ""

Iteration 1:  1000000 integrand evaluations so far
[1] 118.675 +- 3.01053  	chisq 0 (0 df)

Iteration 2:  3000000 integrand evaluations so far
[1] 120.231 +- 0.95905  	chisq 0.29721 (1 df)

Iteration 3:  6000000 integrand evaluations so far
[1] 120.505 +- 0.582994  	chisq 0.426879 (2 df)

Iteration 4:  10000000 integrand evaluations so far
[1] 120.766 +- 0.43115  	chisq 0.867783 (3 df)
  120.77 ±   0.43        ( 39.8s) ┃   206.5 ±   0.46        (8.27mi) ┃
┃   54 -    56 ┃   37 -    38 ┃ 228.933 ±  0.071        ( 16.9s) ┃ -122.87 ±   0.12        (26.3mi) ┃Vegas input parameters:
  ndim 7
  ncomp 1
  nvec 1
  epsrel 0
  epsabs 0
  flags 10
  seed 123456
  mineval 10000000
  maxeval 10000000
  nstart 1000000
  nincrease 1000000
  nbatch 5000
  gridno 0
  statefile ""

Iteration 1:  1000000 integrand evaluations so far
[1] 115.995 +- 2.94222  	chisq 0 (0 df)

Iteration 2:  3000000 integrand evaluations so far
[1] 116.8 +- 0.834211  	chisq 0.0813111 (1 df)

Iteration 3:  6000000 integrand evaluations so far
[1] 116.657 +- 0.517619  	chisq 0.128597 (2 df)

Iteration 4:  10000000 integrand evaluations so far
[1] 116.976 +- 0.390402  	chisq 1.00475 (3 df)
  116.98 ±   0.39        ( 40.9s) ┃  223.04 ±   0.41        (27.2mi) ┃
┃   54 -    56 ┃   38 -    39 ┃  181.45 ±   0.14        ( 39.8s) ┃ -96.672 ±  0.095        (13.1mi) ┃Vegas input parameters:
  ndim 7
  ncomp 1
  nvec 1
  epsrel 0
  epsabs 0
  flags 10
  seed 123456
  mineval 10000000
  maxeval 10000000
  nstart 1000000
  nincrease 1000000
  nbatch 5000
  gridno 0
  statefile ""

Iteration 1:  1000000 integrand evaluations so far
[1] 113.867 +- 2.9079  	chisq 0 (0 df)

Iteration 2:  3000000 integrand evaluations so far
[1] 114.049 +- 0.815434  	chisq 0.00423667 (1 df)

Iteration 3:  6000000 integrand evaluations so far
[1] 113.796 +- 0.506141  	chisq 0.160007 (2 df)

Iteration 4:  10000000 integrand evaluations so far
[1] 114.173 +- 0.399899  	chisq 1.62993 (3 df)
  114.17 ±    0.4        ( 40.3s) ┃  198.95 ±   0.43        (14.5mi) ┃
┃   54 -    56 ┃   39 -    40 ┃  199.41 ±   0.17        (2.59mi) ┃-105.724 ±  0.097        (13.2mi) ┃Vegas input parameters:
  ndim 7
  ncomp 1
  nvec 1
  epsrel 0
  epsabs 0
  flags 10
  seed 123456
  mineval 10000000
  maxeval 10000000
  nstart 1000000
  nincrease 1000000
  nbatch 5000
  gridno 0
  statefile ""

Iteration 1:  1000000 integrand evaluations so far
[1] 109.46 +- 2.7985  	chisq 0 (0 df)

Iteration 2:  3000000 integrand evaluations so far
[1] 111.082 +- 0.798373  	chisq 0.365965 (1 df)

Iteration 3:  6000000 integrand evaluations so far
[1] 111.041 +- 0.49488  	chisq 0.370381 (2 df)

Iteration 4:  10000000 integrand evaluations so far
[1] 111.015 +- 0.364006  	chisq 0.376025 (3 df)
  111.02 ±   0.36        (   39s) ┃   204.7 ±   0.41        (16.4mi) ┃
┃   54 -    56 ┃   40 -    41 ┃  197.32 ±   0.16        (3.85mi) ┃-103.282 ±  0.068        (3.32mi) ┃Vegas input parameters:
  ndim 7
  ncomp 1
  nvec 1
  epsrel 0
  epsabs 0
  flags 10
  seed 123456
  mineval 10000000
  maxeval 10000000
  nstart 1000000
  nincrease 1000000
  nbatch 5000
  gridno 0
  statefile ""

Iteration 1:  1000000 integrand evaluations so far
[1] 106.154 +- 2.75868  	chisq 0 (0 df)

Iteration 2:  3000000 integrand evaluations so far
[1] 107.202 +- 0.880735  	chisq 0.160622 (1 df)

Iteration 3:  6000000 integrand evaluations so far
[1] 107.245 +- 0.532128  	chisq 0.164305 (2 df)

Iteration 4:  10000000 integrand evaluations so far
[1] 107.872 +- 0.403947  	chisq 3.44327 (3 df)
  107.87 ±    0.4        ( 38.4s) ┃  201.91 ±   0.44        (7.81mi) ┃
┃   54 -    56 ┃   41 -    42 ┃ 177.081 ± 0.0041        (7.16mi) ┃ -93.973 ±  0.018        (51.6mi) ┃Vegas input parameters:
  ndim 7
  ncomp 1
  nvec 1
  epsrel 0
  epsabs 0
  flags 10
  seed 123456
  mineval 10000000
  maxeval 10000000
  nstart 1000000
  nincrease 1000000
  nbatch 5000
  gridno 0
  statefile ""

Iteration 1:  1000000 integrand evaluations so far
[1] 105.193 +- 2.75155  	chisq 0 (0 df)

Iteration 2:  3000000 integrand evaluations so far
[1] 104.262 +- 0.754295  	chisq 0.12383 (1 df)

Iteration 3:  6000000 integrand evaluations so far
[1] 104.698 +- 0.483681  	chisq 0.692994 (2 df)

Iteration 4:  10000000 integrand evaluations so far
[1] 104.655 +- 0.357303  	chisq 0.710633 (3 df)
  104.66 ±   0.36        (   39s) ┃  187.76 ±   0.36        (59.4mi) ┃
┃   54 -    56 ┃   42 -    43 ┃  202.77 ±   0.16        ( 1.9mi) ┃-108.186 ±  0.065        (25.9mi) ┃Vegas input parameters:
  ndim 7
  ncomp 1
  nvec 1
  epsrel 0
  epsabs 0
  flags 10
  seed 123456
  mineval 10000000
  maxeval 10000000
  nstart 1000000
  nincrease 1000000
  nbatch 5000
  gridno 0
  statefile ""

Iteration 1:  1000000 integrand evaluations so far
[1] 99.3921 +- 2.63857  	chisq 0 (0 df)

Iteration 2:  3000000 integrand evaluations so far
[1] 102.914 +- 0.749445  	chisq 1.93833 (1 df)

Iteration 3:  6000000 integrand evaluations so far
[1] 102.619 +- 0.488131  	chisq 2.20728 (2 df)

Iteration 4:  10000000 integrand evaluations so far
[1] 102.21 +- 0.359856  	chisq 3.74565 (3 df)
  102.21 ±   0.36        ( 39.6s) ┃  196.79 ±    0.4        (28.4mi) ┃
┃   54 -    56 ┃   43 -    44 ┃ 181.325 ±  0.025        ( 17.7s) ┃ -95.754 ±  0.066        (12.9mi) ┃Vegas input parameters:
  ndim 7
  ncomp 1
  nvec 1
  epsrel 0
  epsabs 0
  flags 10
  seed 123456
  mineval 10000000
  maxeval 10000000
  nstart 1000000
  nincrease 1000000
  nbatch 5000
  gridno 0
  statefile ""

Iteration 1:  1000000 integrand evaluations so far
[1] 94.1486 +- 2.56132  	chisq 0 (0 df)

Iteration 2:  3000000 integrand evaluations so far
[1] 98.756 +- 0.728781  	chisq 3.52075 (1 df)

Iteration 3:  6000000 integrand evaluations so far
[1] 99.5488 +- 0.462722  	chisq 5.50345 (2 df)

Iteration 4:  10000000 integrand evaluations so far
[1] 99.7856 +- 0.347162  	chisq 6.10298 (3 df)
   99.79 ±   0.35        ( 38.6s) ┃  185.36 ±   0.35        (13.9mi) ┃
┃   54 -    56 ┃   44 -    45 ┃  157.63 ±   0.14        ( 30.9s) ┃ -83.449 ±  0.044        (1.64mi) ┃Vegas input parameters:
  ndim 7
  ncomp 1
  nvec 1
  epsrel 0
  epsabs 0
  flags 10
  seed 123456
  mineval 10000000
  maxeval 10000000
  nstart 1000000
  nincrease 1000000
  nbatch 5000
  gridno 0
  statefile ""

Iteration 1:  1000000 integrand evaluations so far
[1] 97.3517 +- 2.62178  	chisq 0 (0 df)

Iteration 2:  3000000 integrand evaluations so far
[1] 97.5278 +- 0.718332  	chisq 0.00487535 (1 df)

Iteration 3:  6000000 integrand evaluations so far
[1] 97.213 +- 0.444176  	chisq 0.315739 (2 df)

Iteration 4:  10000000 integrand evaluations so far
[1] 97.3898 +- 0.327928  	chisq 0.664202 (3 df)
   97.39 ±   0.33        ( 40.3s) ┃  171.57 ±   0.36        (2.82mi) ┃
┃   54 -    56 ┃   45 -    46 ┃ 195.662 ±  0.077        (1.07mi) ┃-103.512 ±  0.028        (1.78mi) ┃Vegas input parameters:
  ndim 7
  ncomp 1
  nvec 1
  epsrel 0
  epsabs 0
  flags 10
  seed 123456
  mineval 10000000
  maxeval 10000000
  nstart 1000000
  nincrease 1000000
  nbatch 5000
  gridno 0
  statefile ""

Iteration 1:  1000000 integrand evaluations so far
[1] 94.5167 +- 2.55623  	chisq 0 (0 df)

Iteration 2:  3000000 integrand evaluations so far
[1] 96.4018 +- 0.710136  	chisq 0.589356 (1 df)

Iteration 3:  6000000 integrand evaluations so far
[1] 95.2661 +- 0.437441  	chisq 4.711 (2 df)

Iteration 4:  10000000 integrand evaluations so far
[1] 94.9091 +- 0.325209  	chisq 6.20028 (3 df)
   94.91 ±   0.33        ( 38.9s) ┃  187.06 ±   0.34        (3.51mi) ┃
┃   54 -    56 ┃   46 -    47 ┃ 162.989 ±   0.07        (2.11mi) ┃ -86.302 ±  0.063        (12.8mi) ┃Vegas input parameters:
  ndim 7
  ncomp 1
  nvec 1
  epsrel 0
  epsabs 0
  flags 10
  seed 123456
  mineval 10000000
  maxeval 10000000
  nstart 1000000
  nincrease 1000000
  nbatch 5000
  gridno 0
  statefile ""

Iteration 1:  1000000 integrand evaluations so far
[1] 93.5711 +- 2.5416  	chisq 0 (0 df)

Iteration 2:  3000000 integrand evaluations so far
[1] 92.4363 +- 0.688628  	chisq 0.215128 (1 df)

Iteration 3:  6000000 integrand evaluations so far
[1] 92.6584 +- 0.427441  	chisq 0.384237 (2 df)

Iteration 4:  10000000 integrand evaluations so far
[1] 92.8318 +- 0.340862  	chisq 0.836298 (3 df)
   92.83 ±   0.34        ( 39.8s) ┃  169.52 ±   0.35        (15.6mi) ┃
┃   54 -    56 ┃   47 -    48 ┃ 154.162 ±  0.083        (7.23mi) ┃ -82.133 ±  0.048        (12.7mi) ┃Vegas input parameters:
  ndim 7
  ncomp 1
  nvec 1
  epsrel 0
  epsabs 0
  flags 10
  seed 123456
  mineval 10000000
  maxeval 10000000
  nstart 1000000
  nincrease 1000000
  nbatch 5000
  gridno 0
  statefile ""

Iteration 1:  1000000 integrand evaluations so far
[1] 89.8831 +- 2.48807  	chisq 0 (0 df)

Iteration 2:  3000000 integrand evaluations so far
[1] 92.4441 +- 0.782222  	chisq 1.1757 (1 df)

Iteration 3:  6000000 integrand evaluations so far
[1] 91.942 +- 0.473004  	chisq 1.82528 (2 df)

Iteration 4:  10000000 integrand evaluations so far
[1] 91.55 +- 0.336682  	chisq 3.2175 (3 df)
   91.55 ±   0.34        ( 39.9s) ┃  163.58 ±   0.35        (20.6mi) ┃
┃   54 -    56 ┃   48 -    49 ┃  171.82 ±   0.14        ( 16.9s) ┃ -91.513 ±  0.023        (25.4mi) ┃Vegas input parameters:
  ndim 7
  ncomp 1
  nvec 1
  epsrel 0
  epsabs 0
  flags 10
  seed 123456
  mineval 10000000
  maxeval 10000000
  nstart 1000000
  nincrease 1000000
  nbatch 5000
  gridno 0
  statefile ""

Iteration 1:  1000000 integrand evaluations so far
[1] 88.6539 +- 2.46009  	chisq 0 (0 df)

Iteration 2:  3000000 integrand evaluations so far
[1] 88.9681 +- 0.749771  	chisq 0.0179909 (1 df)

Iteration 3:  6000000 integrand evaluations so far
[1] 89.6877 +- 0.458465  	chisq 1.4891 (2 df)

Iteration 4:  10000000 integrand evaluations so far
[1] 89.4971 +- 0.327734  	chisq 1.84268 (3 df)
    89.5 ±   0.33        (   39s) ┃  169.81 ±   0.36        (26.3mi) ┃
┃   54 -    56 ┃   49 -    50 ┃  164.46 ±   0.16        (1.06mi) ┃ -86.755 ±  0.058        (12.6mi) ┃Vegas input parameters:
  ndim 7
  ncomp 1
  nvec 1
  epsrel 0
  epsabs 0
  flags 10
  seed 123456
  mineval 10000000
  maxeval 10000000
  nstart 1000000
  nincrease 1000000
  nbatch 5000
  gridno 0
  statefile ""

Iteration 1:  1000000 integrand evaluations so far
[1] 88.2129 +- 2.45686  	chisq 0 (0 df)

Iteration 2:  3000000 integrand evaluations so far
[1] 88.3654 +- 0.660434  	chisq 0.00414954 (1 df)

Iteration 3:  6000000 integrand evaluations so far
[1] 88.8184 +- 0.428268  	chisq 0.816229 (2 df)

Iteration 4:  10000000 integrand evaluations so far
[1] 88.3095 +- 0.315561  	chisq 3.90525 (3 df)
   88.31 ±   0.32        ( 39.8s) ┃  166.01 ±   0.36        (14.4mi) ┃
┃   54 -    56 ┃   50 -    51 ┃ 145.535 ±  0.087        ( 28.3s) ┃ -77.394 ±  0.062        (6.41mi) ┃Vegas input parameters:
  ndim 7
  ncomp 1
  nvec 1
  epsrel 0
  epsabs 0
  flags 10
  seed 123456
  mineval 10000000
  maxeval 10000000
  nstart 1000000
  nincrease 1000000
  nbatch 5000
  gridno 0
  statefile ""

Iteration 1:  1000000 integrand evaluations so far
[1] 85.0515 +- 2.39753  	chisq 0 (0 df)

Iteration 2:  3000000 integrand evaluations so far
[1] 86.9339 +- 0.652921  	chisq 0.665864 (1 df)

Iteration 3:  6000000 integrand evaluations so far
[1] 86.703 +- 0.402444  	chisq 0.86764 (2 df)

Iteration 4:  10000000 integrand evaluations so far
[1] 86.8474 +- 0.311124  	chisq 1.18771 (3 df)
   86.85 ±   0.31        ( 40.4s) ┃  154.99 ±   0.33        (7.55mi) ┃
┃   54 -    56 ┃   51 -    52 ┃  178.37 ±   0.11        (1.08mi) ┃ -94.243 ±  0.064        (12.3mi) ┃Vegas input parameters:
  ndim 7
  ncomp 1
  nvec 1
  epsrel 0
  epsabs 0
  flags 10
  seed 123456
  mineval 10000000
  maxeval 10000000
  nstart 1000000
  nincrease 1000000
  nbatch 5000
  gridno 0
  statefile ""

Iteration 1:  1000000 integrand evaluations so far
[1] 84.916 +- 2.4045  	chisq 0 (0 df)

Iteration 2:  3000000 integrand evaluations so far
[1] 86.5211 +- 0.650974  	chisq 0.480807 (1 df)

Iteration 3:  6000000 integrand evaluations so far
[1] 86.1484 +- 0.42118  	chisq 1.04442 (2 df)

Iteration 4:  10000000 integrand evaluations so far
[1] 85.9923 +- 0.311275  	chisq 1.34719 (3 df)
   85.99 ±   0.31        ( 39.4s) ┃  170.12 ±   0.34        (14.1mi) ┃
┃   54 -    56 ┃   52 -    53 ┃ 128.985 ±  0.018        (   60s) ┃ -68.394 ±  0.046        (12.3mi) ┃Vegas input parameters:
  ndim 7
  ncomp 1
  nvec 1
  epsrel 0
  epsabs 0
  flags 10
  seed 123456
  mineval 10000000
  maxeval 10000000
  nstart 1000000
  nincrease 1000000
  nbatch 5000
  gridno 0
  statefile ""

Iteration 1:  1000000 integrand evaluations so far
[1] 86.915 +- 2.44792  	chisq 0 (0 df)

Iteration 2:  3000000 integrand evaluations so far
[1] 86.7839 +- 0.655528  	chisq 0.0030933 (1 df)

Iteration 3:  6000000 integrand evaluations so far
[1] 85.7782 +- 0.419468  	chisq 3.98867 (2 df)

Iteration 4:  10000000 integrand evaluations so far
[1] 85.3673 +- 0.312726  	chisq 6.14909 (3 df)
   85.37 ±   0.31        ( 38.9s) ┃  145.96 ±   0.32        (  14mi) ┃
┃   54 -    56 ┃   53 -    54 ┃  137.45 ±    0.1        (1.81mi) ┃ -73.362 ±  0.033        (12.3mi) ┃Vegas input parameters:
  ndim 7
  ncomp 1
  nvec 1
  epsrel 0
  epsabs 0
  flags 10
  seed 123456
  mineval 10000000
  maxeval 10000000
  nstart 1000000
  nincrease 1000000
  nbatch 5000
  gridno 0
  statefile ""

Iteration 1:  1000000 integrand evaluations so far
[1] 84.2163 +- 2.39632  	chisq 0 (0 df)

Iteration 2:  3000000 integrand evaluations so far
[1] 84.193 +- 0.638309  	chisq 0.00010151 (1 df)

Iteration 3:  6000000 integrand evaluations so far
[1] 83.9207 +- 0.407795  	chisq 0.307569 (2 df)

Iteration 4:  10000000 integrand evaluations so far
[1] 83.4228 +- 0.298769  	chisq 3.52642 (3 df)
   83.42 ±    0.3        ( 38.8s) ┃  147.51 ±   0.32        (14.7mi) ┃
┃   54 -    56 ┃   54 -    55 ┃ 167.012 ±  0.053        ( 1.9mi) ┃ -88.349 ±  0.051        (12.4mi) ┃Vegas input parameters:
  ndim 7
  ncomp 1
  nvec 1
  epsrel 0
  epsabs 0
  flags 10
  seed 123456
  mineval 10000000
  maxeval 10000000
  nstart 1000000
  nincrease 1000000
  nbatch 5000
  gridno 0
  statefile ""

Iteration 1:  1000000 integrand evaluations so far
[1] 84.0035 +- 2.39878  	chisq 0 (0 df)

Iteration 2:  3000000 integrand evaluations so far
[1] 82.8792 +- 0.624922  	chisq 0.235683 (1 df)

Iteration 3:  6000000 integrand evaluations so far
[1] 81.9957 +- 0.387525  	chisq 3.4832 (2 df)

Iteration 4:  10000000 integrand evaluations so far
[1] 82.5018 +- 0.299832  	chisq 7.73198 (3 df)
    82.5 ±    0.3        ( 40.1s) ┃  161.16 ±   0.31        (  15mi) ┃
┃   54 -    56 ┃   55 -    56 ┃  124.95 ±    0.1        (1.05mi) ┃-66.2033 ± 0.0066        (12.4mi) ┃Vegas input parameters:
  ndim 7
  ncomp 1
  nvec 1
  epsrel 0
  epsabs 0
  flags 10
  seed 123456
  mineval 10000000
  maxeval 10000000
  nstart 1000000
  nincrease 1000000
  nbatch 5000
  gridno 0
  statefile ""

Iteration 1:  1000000 integrand evaluations so far
[1] 78.656 +- 2.33298  	chisq 0 (0 df)

Iteration 2:  3000000 integrand evaluations so far
[1] 81.6588 +- 0.623996  	chisq 1.78428 (1 df)

Iteration 3:  6000000 integrand evaluations so far
[1] 81.1043 +- 0.388096  	chisq 3.07231 (2 df)

Iteration 4:  10000000 integrand evaluations so far
[1] 81.2026 +- 0.28907  	chisq 3.21643 (3 df)
    81.2 ±   0.29        (   40s) ┃  139.95 ±   0.31        (14.1mi) ┃
┃   54 -    56 ┃   56 -    57 ┃ 142.584 ±  0.044        (2.06mi) ┃ -75.764 ±  0.034        (6.26mi) ┃Vegas input parameters:
  ndim 7
  ncomp 1
  nvec 1
  epsrel 0
  epsabs 0
  flags 10
  seed 123456
  mineval 10000000
  maxeval 10000000
  nstart 1000000
  nincrease 1000000
  nbatch 5000
  gridno 0
  statefile ""

Iteration 1:  1000000 integrand evaluations so far
[1] 80.1485 +- 2.32884  	chisq 0 (0 df)

Iteration 2:  3000000 integrand evaluations so far
[1] 80.1283 +- 0.607339  	chisq 8.06576e-05 (1 df)

Iteration 3:  6000000 integrand evaluations so far
[1] 79.9446 +- 0.381305  	chisq 0.151102 (2 df)

Iteration 4:  10000000 integrand evaluations so far
[1] 80.2272 +- 0.292126  	chisq 1.48062 (3 df)
   80.23 ±   0.29        ( 39.8s) ┃  147.05 ±    0.3        (8.98mi) ┃
┃   54 -    56 ┃   57 -    58 ┃  136.63 ±   0.13        (1.93mi) ┃ -72.588 ±  0.012        (48.6mi) ┃Vegas input parameters:
  ndim 7
  ncomp 1
  nvec 1
  epsrel 0
  epsabs 0
  flags 10
  seed 123456
  mineval 10000000
  maxeval 10000000
  nstart 1000000
  nincrease 1000000
  nbatch 5000
  gridno 0
  statefile ""

Iteration 1:  1000000 integrand evaluations so far
[1] 78.5361 +- 2.33571  	chisq 0 (0 df)

Iteration 2:  3000000 integrand evaluations so far
[1] 79.4968 +- 0.616761  	chisq 0.181882 (1 df)

Iteration 3:  6000000 integrand evaluations so far
[1] 79.855 +- 0.394246  	chisq 0.752205 (2 df)

Iteration 4:  10000000 integrand evaluations so far
[1] 80.0938 +- 0.296042  	chisq 1.59292 (3 df)
   80.09 ±    0.3        ( 39.8s) ┃  144.14 ±   0.32        (51.2mi) ┃
┃   54 -    56 ┃   58 -    59 ┃ 117.355 ±  0.025        (3.76mi) ┃ -61.938 ±  0.048        (23.9mi) ┃Vegas input parameters:
  ndim 7
  ncomp 1
  nvec 1
  epsrel 0
  epsabs 0
  flags 10
  seed 123456
  mineval 10000000
  maxeval 10000000
  nstart 1000000
  nincrease 1000000
  nbatch 5000
  gridno 0
  statefile ""

Iteration 1:  1000000 integrand evaluations so far
[1] 81.3618 +- 2.37273  	chisq 0 (0 df)

Iteration 2:  3000000 integrand evaluations so far
[1] 78.1858 +- 0.597783  	chisq 1.91312 (1 df)

Iteration 3:  6000000 integrand evaluations so far
[1] 78.6015 +- 0.382945  	chisq 2.7334 (2 df)

Iteration 4:  10000000 integrand evaluations so far
[1] 78.6409 +- 0.292366  	chisq 2.75882 (3 df)
   78.64 ±   0.29        (   40s) ┃  134.06 ±    0.3        (28.4mi) ┃
┃   54 -    56 ┃   59 -    60 ┃ 136.311 ±  0.081        ( 56.8s) ┃ -71.951 ±  0.034        ( 6.3mi) ┃Vegas input parameters:
  ndim 7
  ncomp 1
  nvec 1
  epsrel 0
  epsabs 0
  flags 10
  seed 123456
  mineval 10000000
  maxeval 10000000
  nstart 1000000
  nincrease 1000000
  nbatch 5000
  gridno 0
  statefile ""

Iteration 1:  1000000 integrand evaluations so far
[1] 76.9578 +- 2.31802  	chisq 0 (0 df)

Iteration 2:  3000000 integrand evaluations so far
[1] 77.8087 +- 0.622543  	chisq 0.145244 (1 df)

Iteration 3:  6000000 integrand evaluations so far
[1] 77.9386 +- 0.397527  	chisq 0.218687 (2 df)

Iteration 4:  10000000 integrand evaluations so far
[1] 77.7463 +- 0.306116  	chisq 0.793421 (3 df)
   77.75 ±   0.31        ( 40.4s) ┃  142.11 ±   0.32        (7.92mi) ┃
┣━━━━━━━━━━━━━━╋━━━━━━━━━━━━━━╋━━━━━━━━━━━━━━━━━━━━━━━━━━━━━━━━━━╋━━━━━━━━━━━━━━━━━━━━━━━━━━━━━━━━━━╋━━━━━━━━━━━━━━━━━━━━━━━━━━━━━━━━━━╋━━━━━━━━━━━━━━━━━━━━━━━━━━━━━━━━━━┫
┃   52 -    56 ┃   25 -    60 ┃ 14.1874 ± 0.0012 ·10⁺⁰³ (2.76hr) ┃-7.54986 ± 0.00056 ·10⁺⁰³ (  20hr) ┃   8.375 ± 0.0035 ·10⁺⁰³ (46.3mi) ┃ 15.0126 ± 0.0037 ·10⁺⁰³ (23.6hr) ┃
┗━━━━━━━━━━━━━━┻━━━━━━━━━━━━━━┻━━━━━━━━━━━━━━━━━━━━━━━━━━━━━━━━━━┻━━━━━━━━━━━━━━━━━━━━━━━━━━━━━━━━━━┻━━━━━━━━━━━━━━━━━━━━━━━━━━━━━━━━━━┻━━━━━━━━━━━━━━━━━━━━━━━━━━━━━━━━━━┛

╍╍╍╍╍╍╍╍╍╍╍╍╍╍╍╍╍╍╍╍╍╍╍╍╍╍╍╍╍╍╍╍ Summary ╍╍╍╍╍╍╍╍╍╍╍╍╍╍╍╍╍╍╍╍╍╍╍╍╍╍╍╍╍╍╍
      Total cross section                    15.0126 ± 0.0037          pb
         Calculation time                               23.6       hours
              Output file                    outputs/qt_qt52_56_NLL_muR1.0_muF0.5.root            
      Result in text file                    outputs/qt_qt52_56_NLL_muR1.0_muF0.5.txt            

╍╍╍╍╍╍╍╍╍╍╍╍╍╍╍╍╍╍╍╍╍╍╍╍╍╍╍╍╍╍╍╍╍╍╍╍╍╍╍╍╍╍╍╍╍╍╍╍╍╍╍╍╍╍╍╍╍╍╍╍╍╍╍╍╍╍╍╍╍╍╍╍

