
╍╍╍╍╍╍╍╍╍╍╍╍╍╍╍╍╍╍╍╍╍╍╍╍╍╍╍ Process settings ╍╍╍╍╍╍╍╍╍╍╍╍╍╍╍╍╍╍╍╍╍╍╍╍╍╍╍
   proton-proton collisions at sqrt(s) = 13000 GeV 
   Computing NLO+NLL resummed cross section
   W+ ->  nu(p3)+e+(p4) production 

╍╍╍╍╍╍╍╍╍╍╍╍╍╍╍╍╍╍╍╍╍╍╍╍╍╍╍╍╍╍ CKM matrix ╍╍╍╍╍╍╍╍╍╍╍╍╍╍╍╍╍╍╍╍╍╍╍╍╍╍╍╍╍╍
     | Vud Vus Vub |   |   0.97427   0.2253  0.00351 | 
     | Vcd Vcs Vcb | = |    0.2252  0.97344   0.0412 | 
     | Vtd Vts Vtb |   |         0        0        0 | 

╍╍╍╍╍╍╍╍╍╍╍╍╍╍╍╍╍╍╍╍╍╍╍╍╍╍╍╍╍ EW parameters ╍╍╍╍╍╍╍╍╍╍╍╍╍╍╍╍╍╍╍╍╍╍╍╍╍╍╍╍
                                         Gf =  1.1663787e-05      GeV^-2
                                    1/alpha =  132.233229791            
                                 sin(thW)^2 = 0.222897222524            
                                     W mass =         80.385         GeV
                                     Z mass =        91.1876         GeV
                                    W width =          2.091         GeV
                                    Z width =          2.495         GeV

╍╍╍╍╍╍╍╍╍╍╍╍╍╍╍╍╍╍╍╍╍╍╍╍╍╍╍╍╍ QCD settings ╍╍╍╍╍╍╍╍╍╍╍╍╍╍╍╍╍╍╍╍╍╍╍╍╍╍╍╍╍
   Renormalization scale:     dynamic muren =              1      * m_ll
     Factorization scale:     dynamic mufac =            0.5      * m_ll
       Resummation scale:     dynamic mures =              1      * m_ll
          Strong coupling       alpha_s(MZ) =       0.118001            
                              running order =              2       -loop
         Non-perturbative     form factor g =            0.7       GeV^2

╍╍╍╍╍╍╍╍╍╍╍╍╍╍╍╍╍╍╍╍╍╍╍╍╍╍╍╍╍ PDF settings ╍╍╍╍╍╍╍╍╍╍╍╍╍╍╍╍╍╍╍╍╍╍╍╍╍╍╍╍╍
                                     PDF set:MSHT20nnlo_as118            
                                  PDF member:              0            
  Mellin moments of PDFs:                    Numerical integration            
                         nodes for the quadrature:            200            
                         Intervals for the quadrature:              1            

╍╍╍╍╍╍╍╍╍╍╍╍╍╍╍╍╍╍╍╍╍╍╍╍╍╍╍╍╍╍╍ qT recoil ╍╍╍╍╍╍╍╍╍╍╍╍╍╍╍╍╍╍╍╍╍╍╍╍╍╍╍╍╍╍
  qt-recoil prescription:       Collins-Soper kt1 = p_V(x)/2; kt2 = p_V(y)/2            

╍╍╍╍╍╍╍╍╍╍╍╍╍╍╍╍╍╍╍╍╍╍╍╍╍╍╍╍╍╍╍╍╍ Cuts ╍╍╍╍╍╍╍╍╍╍╍╍╍╍╍╍╍╍╍╍╍╍╍╍╍╍╍╍╍╍╍╍╍
                                  apply cuts:           true            
                                      pt_l >               0            
                                   |eta_l| <            1000            
                                    pt_lep >              25            
                                 |eta_lep| <             2.4            
                                   pt_alep >              25            
                                |eta_alep| <             2.4            
                                  user cuts:            true            

╍╍╍╍╍╍╍╍╍╍╍╍╍╍╍╍╍╍╍╍╍╍╍╍╍╍╍╍ ResummationDamp ╍╍╍╍╍╍╍╍╍╍╍╍╍╍╍╍╍╍╍╍╍╍╍╍╍╍╍
                                    damping :             on            
                                damping mode:              1            
                                  damp above:        60.2888         GeV
                               damping width:        20.0963         GeV
                          resummation cutoff:             20         MeV

╍╍╍╍╍╍╍╍╍╍╍╍╍╍╍╍╍╍╍╍╍╍╍╍╍╍╍╍ Debug settings ╍╍╍╍╍╍╍╍╍╍╍╍╍╍╍╍╍╍╍╍╍╍╍╍╍╍╍╍
                                 timeprofile:          false            
                                     verbose:          false            
                               cubaverbosity:              2            

╍╍╍╍╍╍╍╍╍╍╍╍╍╍╍╍╍╍╍╍╍╍╍╍╍╍╍╍╍╍╍╍╍╍╍╍╍╍╍╍╍╍╍╍╍╍╍╍╍╍╍╍╍╍╍╍╍╍╍╍╍╍╍╍╍╍╍╍╍╍╍╍

Warning: Histogram `a1_qt` contains non-integrable observable and will be deleted 
Warning: Histogram `a1_qt_vs_y` contains non-integrable observable and will be deleted 
Warning: Histogram `s_biganswer` contains non-integrable observable and will be deleted 
Warning: Histogram `wgt_a1_qt` contains non-integrable observable and will be deleted 

╍╍╍╍╍╍╍╍╍╍╍╍╍╍╍╍╍╍╍╍╍╍╍╍╍ Integration settings ╍╍╍╍╍╍╍╍╍╍╍╍╍╍╍╍╍╍╍╍╍╍╍╍╍
             Random seeds              123456                           
           Parallel cores                   1                           

             Resummation:     cuhre (dm, dpt)         iter =           5
                                   gauss (dy)        nodes =          64
                                                 intervals =           1
            Counter term:      cuhre (dm, dy)         iter =           5
                                  gauss (dpt)        nodes =          20
                                                 intervals =           5
                     V+J:            vegas 7D       ncalls =    10000000

Mellin inverse transform:           gaussian         nodes =          30
                                                 intervals =           1
                               imaginary axis         zmax =           2
  Angular variable costh:     semi-analytical      ncstart =         100
   Angular variables phi:            gaussian    intervals =          20

      Constant boundaries                  q2          low =          80
                                                      high =         100
                                            y          low =          -6
                                                      high =           6
                                        costh          low =          -1
                                                      high =           1
                                       eta(l)          low =         -10
                                                      high =          10

┏━━━━━━━━━━━━━━┰━━━━━━━━━━━━━━┰━━━━━━━━━━━━━━━━━━━━━━━━━━━━━━━━━━┰━━━━━━━━━━━━━━━━━━━━━━━━━━━━━━━━━━┰━━━━━━━━━━━━━━━━━━━━━━━━━━━━━━━━━━┰━━━━━━━━━━━━━━━━━━━━━━━━━━━━━━━━━━┓
┃           qT ┃        pT(l) ┃                      Resummation ┃                     Counter term ┃                              V+J ┃                            TOTAL ┃
┣━━━━━━━━━━━━━━╋━━━━━━━━━━━━━━╋━━━━━━━━━━━━━━━━━━━━━━━━━━━━━━━━━━╋━━━━━━━━━━━━━━━━━━━━━━━━━━━━━━━━━━╋━━━━━━━━━━━━━━━━━━━━━━━━━━━━━━━━━━╋━━━━━━━━━━━━━━━━━━━━━━━━━━━━━━━━━━┫
┃   72 -    74 ┃   25 -    26 ┃  69.552 ±  0.029        ( 47.9s) ┃-36.3119 ± 0.0066        (  13mi) ┃Vegas input parameters:
  ndim 7
  ncomp 1
  nvec 1
  epsrel 0
  epsabs 0
  flags 10
  seed 123456
  mineval 10000000
  maxeval 10000000
  nstart 1000000
  nincrease 1000000
  nbatch 5000
  gridno 0
  statefile ""

Iteration 1:  1000000 integrand evaluations so far
[1] 72.8325 +- 1.85714  	chisq 0 (0 df)

Iteration 2:  3000000 integrand evaluations so far
[1] 72.7927 +- 0.525194  	chisq 0.000500147 (1 df)

Iteration 3:  6000000 integrand evaluations so far
[1] 73.2051 +- 0.338076  	chisq 1.05331 (2 df)

Iteration 4:  10000000 integrand evaluations so far
[1] 73.1134 +- 0.250465  	chisq 1.21621 (3 df)
   73.11 ±   0.25        ( 39.3s) ┃  106.35 ±   0.25        (14.5mi) ┃
┃   72 -    74 ┃   26 -    27 ┃  71.908 ±  0.013        (8.38mi) ┃-37.5194 ± 0.0071        (26.1mi) ┃Vegas input parameters:
  ndim 7
  ncomp 1
  nvec 1
  epsrel 0
  epsabs 0
  flags 10
  seed 123456
  mineval 10000000
  maxeval 10000000
  nstart 1000000
  nincrease 1000000
  nbatch 5000
  gridno 0
  statefile ""

Iteration 1:  1000000 integrand evaluations so far
[1] 70.3587 +- 1.79906  	chisq 0 (0 df)

Iteration 2:  3000000 integrand evaluations so far
[1] 70.3237 +- 0.509508  	chisq 0.000410828 (1 df)

Iteration 3:  6000000 integrand evaluations so far
[1] 70.2575 +- 0.316503  	chisq 0.027878 (2 df)

Iteration 4:  10000000 integrand evaluations so far
[1] 70.3017 +- 0.241128  	chisq 0.0743276 (3 df)
    70.3 ±   0.24        ( 39.9s) ┃  104.69 ±   0.24        (35.1mi) ┃
┃   72 -    74 ┃   27 -    28 ┃  68.497 ±  0.016        (6.54mi) ┃ -35.816 ±  0.015        (  25mi) ┃Vegas input parameters:
  ndim 7
  ncomp 1
  nvec 1
  epsrel 0
  epsabs 0
  flags 10
  seed 123456
  mineval 10000000
  maxeval 10000000
  nstart 1000000
  nincrease 1000000
  nbatch 5000
  gridno 0
  statefile ""

Iteration 1:  1000000 integrand evaluations so far
[1] 69.9361 +- 1.77876  	chisq 0 (0 df)

Iteration 2:  3000000 integrand evaluations so far
[1] 67.4794 +- 0.493888  	chisq 2.06681 (1 df)

Iteration 3:  6000000 integrand evaluations so far
[1] 67.9065 +- 0.308116  	chisq 3.29092 (2 df)

Iteration 4:  10000000 integrand evaluations so far
[1] 68.1808 +- 0.248216  	chisq 5.54855 (3 df)
   68.18 ±   0.25        ( 39.4s) ┃  100.86 ±   0.25        (32.2mi) ┃
┃   72 -    74 ┃   28 -    29 ┃  58.863 ±  0.032        (7.23mi) ┃ -31.009 ±  0.011        (51.1mi) ┃Vegas input parameters:
  ndim 7
  ncomp 1
  nvec 1
  epsrel 0
  epsabs 0
  flags 10
  seed 123456
  mineval 10000000
  maxeval 10000000
  nstart 1000000
  nincrease 1000000
  nbatch 5000
  gridno 0
  statefile ""

Iteration 1:  1000000 integrand evaluations so far
[1] 65.157 +- 1.68968  	chisq 0 (0 df)

Iteration 2:  3000000 integrand evaluations so far
[1] 65.924 +- 0.487168  	chisq 0.224724 (1 df)

Iteration 3:  6000000 integrand evaluations so far
[1] 66.0237 +- 0.302443  	chisq 0.292921 (2 df)

Iteration 4:  10000000 integrand evaluations so far
[1] 66.134 +- 0.236274  	chisq 0.63362 (3 df)
   66.13 ±   0.24        ( 39.3s) ┃   93.99 ±   0.24        (  59mi) ┃
┃   72 -    74 ┃   29 -    30 ┃  81.157 ±  0.071        (3.69mi) ┃ -42.193 ±  0.035        (25.5mi) ┃Vegas input parameters:
  ndim 7
  ncomp 1
  nvec 1
  epsrel 0
  epsabs 0
  flags 10
  seed 123456
  mineval 10000000
  maxeval 10000000
  nstart 1000000
  nincrease 1000000
  nbatch 5000
  gridno 0
  statefile ""

Iteration 1:  1000000 integrand evaluations so far
[1] 66.0111 +- 1.7152  	chisq 0 (0 df)

Iteration 2:  3000000 integrand evaluations so far
[1] 65.3588 +- 0.480892  	chisq 0.15698 (1 df)

Iteration 3:  6000000 integrand evaluations so far
[1] 64.5296 +- 0.296536  	chisq 4.95416 (2 df)

Iteration 4:  10000000 integrand evaluations so far
[1] 64.5778 +- 0.232915  	chisq 5.02296 (3 df)
   64.58 ±   0.23        ( 39.7s) ┃  103.54 ±   0.25        (29.8mi) ┃
┃   72 -    74 ┃   30 -    31 ┃  54.169 ±  0.027        ( 7.5mi) ┃ -29.119 ±  0.024        (1.64mi) ┃Vegas input parameters:
  ndim 7
  ncomp 1
  nvec 1
  epsrel 0
  epsabs 0
  flags 10
  seed 123456
  mineval 10000000
  maxeval 10000000
  nstart 1000000
  nincrease 1000000
  nbatch 5000
  gridno 0
  statefile ""

Iteration 1:  1000000 integrand evaluations so far
[1] 64.7214 +- 1.67585  	chisq 0 (0 df)

Iteration 2:  3000000 integrand evaluations so far
[1] 63.1963 +- 0.466799  	chisq 0.897779 (1 df)

Iteration 3:  6000000 integrand evaluations so far
[1] 62.9317 +- 0.28982  	chisq 1.42085 (2 df)

Iteration 4:  10000000 integrand evaluations so far
[1] 62.672 +- 0.213121  	chisq 3.16892 (3 df)
   62.67 ±   0.21        ( 39.8s) ┃   87.72 ±   0.22        ( 9.8mi) ┃
┃   72 -    74 ┃   31 -    32 ┃  70.832 ±  0.063        (7.34mi) ┃ -37.192 ±  0.033        (12.5mi) ┃Vegas input parameters:
  ndim 7
  ncomp 1
  nvec 1
  epsrel 0
  epsabs 0
  flags 10
  seed 123456
  mineval 10000000
  maxeval 10000000
  nstart 1000000
  nincrease 1000000
  nbatch 5000
  gridno 0
  statefile ""

Iteration 1:  1000000 integrand evaluations so far
[1] 60.6351 +- 1.58784  	chisq 0 (0 df)

Iteration 2:  3000000 integrand evaluations so far
[1] 60.9317 +- 0.45672  	chisq 0.0380259 (1 df)

Iteration 3:  6000000 integrand evaluations so far
[1] 61.7032 +- 0.321084  	chisq 5.68035 (2 df)

Iteration 4:  10000000 integrand evaluations so far
[1] 61.6574 +- 0.237424  	chisq 5.72528 (3 df)
   61.66 ±   0.24        ( 39.3s) ┃    95.3 ±   0.25        (20.5mi) ┃
┃   72 -    74 ┃   32 -    33 ┃  65.195 ±  0.059        (7.42mi) ┃ -33.918 ±   0.02        (49.5mi) ┃Vegas input parameters:
  ndim 7
  ncomp 1
  nvec 1
  epsrel 0
  epsabs 0
  flags 10
  seed 123456
  mineval 10000000
  maxeval 10000000
  nstart 1000000
  nincrease 1000000
  nbatch 5000
  gridno 0
  statefile ""

Iteration 1:  1000000 integrand evaluations so far
[1] 60.2287 +- 1.57847  	chisq 0 (0 df)

Iteration 2:  3000000 integrand evaluations so far
[1] 60.1358 +- 0.449362  	chisq 0.00376693 (1 df)

Iteration 3:  6000000 integrand evaluations so far
[1] 60.0884 +- 0.279065  	chisq 0.0218448 (2 df)

Iteration 4:  10000000 integrand evaluations so far
[1] 60.3631 +- 0.205992  	chisq 2.15008 (3 df)
   60.36 ±   0.21        ( 39.8s) ┃   91.64 ±   0.22        (57.6mi) ┃
┃   72 -    74 ┃   33 -    34 ┃  70.311 ±   0.03        (7.16mi) ┃ -36.518 ±  0.023        (25.1mi) ┃Vegas input parameters:
  ndim 7
  ncomp 1
  nvec 1
  epsrel 0
  epsabs 0
  flags 10
  seed 123456
  mineval 10000000
  maxeval 10000000
  nstart 1000000
  nincrease 1000000
  nbatch 5000
  gridno 0
  statefile ""

Iteration 1:  1000000 integrand evaluations so far
[1] 59.9845 +- 1.57883  	chisq 0 (0 df)

Iteration 2:  3000000 integrand evaluations so far
[1] 59.6049 +- 0.443171  	chisq 0.0627467 (1 df)

Iteration 3:  6000000 integrand evaluations so far
[1] 59.3679 +- 0.299422  	chisq 0.589297 (2 df)

Iteration 4:  10000000 integrand evaluations so far
[1] 59.4456 +- 0.221395  	chisq 0.73784 (3 df)
   59.45 ±   0.22        ( 39.2s) ┃   93.24 ±   0.22        (32.9mi) ┃
┃   72 -    74 ┃   34 -    35 ┃  58.894 ±   0.05        (28.2mi) ┃ -31.589 ±   0.03        (3.02mi) ┃Vegas input parameters:
  ndim 7
  ncomp 1
  nvec 1
  epsrel 0
  epsabs 0
  flags 10
  seed 123456
  mineval 10000000
  maxeval 10000000
  nstart 1000000
  nincrease 1000000
  nbatch 5000
  gridno 0
  statefile ""

Iteration 1:  1000000 integrand evaluations so far
[1] 60.371 +- 1.57318  	chisq 0 (0 df)

Iteration 2:  3000000 integrand evaluations so far
[1] 58.5296 +- 0.43707  	chisq 1.48471 (1 df)

Iteration 3:  6000000 integrand evaluations so far
[1] 58.5161 +- 0.308753  	chisq 1.48663 (2 df)

Iteration 4:  10000000 integrand evaluations so far
[1] 58.4977 +- 0.228866  	chisq 1.49445 (3 df)
    58.5 ±   0.23        ( 37.4s) ┃    85.8 ±   0.24        (31.8mi) ┃
┃   72 -    74 ┃   35 -    36 ┃  74.868 ±  0.046        (  14mi) ┃ -39.177 ±  0.019        (50.7mi) ┃Vegas input parameters:
  ndim 7
  ncomp 1
  nvec 1
  epsrel 0
  epsabs 0
  flags 10
  seed 123456
  mineval 10000000
  maxeval 10000000
  nstart 1000000
  nincrease 1000000
  nbatch 5000
  gridno 0
  statefile ""

Iteration 1:  1000000 integrand evaluations so far
[1] 58.5224 +- 1.53028  	chisq 0 (0 df)

Iteration 2:  3000000 integrand evaluations so far
[1] 57.8657 +- 0.432694  	chisq 0.20015 (1 df)

Iteration 3:  6000000 integrand evaluations so far
[1] 57.4518 +- 0.267421  	chisq 1.681 (2 df)

Iteration 4:  10000000 integrand evaluations so far
[1] 57.5106 +- 0.197273  	chisq 1.78725 (3 df)
   57.51 ±    0.2        (   38s) ┃    93.2 ±    0.2        (1.09hr) ┃
┃   72 -    74 ┃   36 -    37 ┃  71.996 ±   0.05        (4.23mi) ┃-37.5129 ± 0.0054        (36.4mi) ┃Vegas input parameters:
  ndim 7
  ncomp 1
  nvec 1
  epsrel 0
  epsabs 0
  flags 10
  seed 123456
  mineval 10000000
  maxeval 10000000
  nstart 1000000
  nincrease 1000000
  nbatch 5000
  gridno 0
  statefile ""

Iteration 1:  1000000 integrand evaluations so far
[1] 55.3559 +- 1.46827  	chisq 0 (0 df)

Iteration 2:  3000000 integrand evaluations so far
[1] 56.8157 +- 0.425804  	chisq 1.07933 (1 df)

Iteration 3:  6000000 integrand evaluations so far
[1] 56.7959 +- 0.280846  	chisq 1.08317 (2 df)

Iteration 4:  10000000 integrand evaluations so far
[1] 56.3563 +- 0.206437  	chisq 6.41201 (3 df)
   56.36 ±   0.21        ( 37.7s) ┃   90.84 ±   0.21        (41.3mi) ┃
┃   72 -    74 ┃   37 -    38 ┃  55.531 ±   0.03        (3.84mi) ┃-29.3476 ± 0.0061        (24.7mi) ┃Vegas input parameters:
  ndim 7
  ncomp 1
  nvec 1
  epsrel 0
  epsabs 0
  flags 10
  seed 123456
  mineval 10000000
  maxeval 10000000
  nstart 1000000
  nincrease 1000000
  nbatch 5000
  gridno 0
  statefile ""

Iteration 1:  1000000 integrand evaluations so far
[1] 53.1837 +- 1.43522  	chisq 0 (0 df)

Iteration 2:  3000000 integrand evaluations so far
[1] 55.0508 +- 0.416487  	chisq 1.84795 (1 df)

Iteration 3:  6000000 integrand evaluations so far
[1] 55.3094 +- 0.259399  	chisq 2.47799 (2 df)

Iteration 4:  10000000 integrand evaluations so far
[1] 55.1253 +- 0.190658  	chisq 3.57443 (3 df)
   55.13 ±   0.19        ( 38.7s) ┃   81.31 ±   0.19        (29.2mi) ┃
┃   72 -    74 ┃   38 -    39 ┃  60.947 ±  0.057        (4.05mi) ┃ -32.154 ±  0.015        (25.4mi) ┃Vegas input parameters:
  ndim 7
  ncomp 1
  nvec 1
  epsrel 0
  epsabs 0
  flags 10
  seed 123456
  mineval 10000000
  maxeval 10000000
  nstart 1000000
  nincrease 1000000
  nbatch 5000
  gridno 0
  statefile ""

Iteration 1:  1000000 integrand evaluations so far
[1] 53.2799 +- 1.42927  	chisq 0 (0 df)

Iteration 2:  3000000 integrand evaluations so far
[1] 54.4349 +- 0.412421  	chisq 0.712257 (1 df)

Iteration 3:  6000000 integrand evaluations so far
[1] 54.6804 +- 0.256473  	chisq 1.29039 (2 df)

Iteration 4:  10000000 integrand evaluations so far
[1] 54.766 +- 0.193756  	chisq 1.54935 (3 df)
   54.77 ±   0.19        ( 39.5s) ┃   83.56 ±    0.2        (30.1mi) ┃
┃   72 -    74 ┃   39 -    40 ┃  74.803 ±   0.06        (1.85mi) ┃ -38.629 ±  0.016        ( 1.6mi) ┃Vegas input parameters:
  ndim 7
  ncomp 1
  nvec 1
  epsrel 0
  epsabs 0
  flags 10
  seed 123456
  mineval 10000000
  maxeval 10000000
  nstart 1000000
  nincrease 1000000
  nbatch 5000
  gridno 0
  statefile ""

Iteration 1:  1000000 integrand evaluations so far
[1] 55.5186 +- 1.45907  	chisq 0 (0 df)

Iteration 2:  3000000 integrand evaluations so far
[1] 54.1743 +- 0.409004  	chisq 0.921153 (1 df)

Iteration 3:  6000000 integrand evaluations so far
[1] 54.0887 +- 0.253637  	chisq 0.99236 (2 df)

Iteration 4:  10000000 integrand evaluations so far
[1] 54.051 +- 0.197197  	chisq 1.04817 (3 df)
   54.05 ±    0.2        ( 39.1s) ┃   90.22 ±   0.21        ( 4.1mi) ┃
┃   72 -    74 ┃   40 -    41 ┃   53.95 ±  0.043        ( 30.7s) ┃-28.5091 ± 0.0098        (12.9mi) ┃Vegas input parameters:
  ndim 7
  ncomp 1
  nvec 1
  epsrel 0
  epsabs 0
  flags 10
  seed 123456
  mineval 10000000
  maxeval 10000000
  nstart 1000000
  nincrease 1000000
  nbatch 5000
  gridno 0
  statefile ""

Iteration 1:  1000000 integrand evaluations so far
[1] 57.2421 +- 1.47998  	chisq 0 (0 df)

Iteration 2:  3000000 integrand evaluations so far
[1] 54.2251 +- 0.406812  	chisq 4.49541 (1 df)

Iteration 3:  6000000 integrand evaluations so far
[1] 54.1659 +- 0.252808  	chisq 4.52991 (2 df)

Iteration 4:  10000000 integrand evaluations so far
[1] 53.768 +- 0.185353  	chisq 9.88774 (3 df)
   53.77 ±   0.19        ( 39.4s) ┃   79.21 ±   0.19        (  14mi) ┃
┃   72 -    74 ┃   41 -    42 ┃  56.518 ±  0.052        (7.86mi) ┃ -29.682 ±  0.014        (51.1mi) ┃Vegas input parameters:
  ndim 7
  ncomp 1
  nvec 1
  epsrel 0
  epsabs 0
  flags 10
  seed 123456
  mineval 10000000
  maxeval 10000000
  nstart 1000000
  nincrease 1000000
  nbatch 5000
  gridno 0
  statefile ""

Iteration 1:  1000000 integrand evaluations so far
[1] 51.122 +- 1.37729  	chisq 0 (0 df)

Iteration 2:  3000000 integrand evaluations so far
[1] 52.8747 +- 0.399466  	chisq 1.76805 (1 df)

Iteration 3:  6000000 integrand evaluations so far
[1] 53.1626 +- 0.248681  	chisq 2.6161 (2 df)

Iteration 4:  10000000 integrand evaluations so far
[1] 52.9696 +- 0.182942  	chisq 3.92838 (3 df)
   52.97 ±   0.18        (   39s) ┃   79.81 ±   0.19        (59.6mi) ┃
┃   72 -    74 ┃   42 -    43 ┃ 63.1494 ± 0.0078        (7.17mi) ┃ -32.956 ±   0.02        (13.1mi) ┃Vegas input parameters:
  ndim 7
  ncomp 1
  nvec 1
  epsrel 0
  epsabs 0
  flags 10
  seed 123456
  mineval 10000000
  maxeval 10000000
  nstart 1000000
  nincrease 1000000
  nbatch 5000
  gridno 0
  statefile ""

Iteration 1:  1000000 integrand evaluations so far
[1] 51.4053 +- 1.37282  	chisq 0 (0 df)

Iteration 2:  3000000 integrand evaluations so far
[1] 51.7582 +- 0.39358  	chisq 0.0719926 (1 df)

Iteration 3:  6000000 integrand evaluations so far
[1] 52.2402 +- 0.245661  	chisq 2.52868 (2 df)

Iteration 4:  10000000 integrand evaluations so far
[1] 52.3374 +- 0.180977  	chisq 2.87093 (3 df)
   52.34 ±   0.18        ( 38.5s) ┃   82.53 ±   0.18        (20.9mi) ┃
┃   72 -    74 ┃   43 -    44 ┃  60.985 ±  0.037        (3.68mi) ┃ -31.764 ±   0.03        (6.59mi) ┃Vegas input parameters:
  ndim 7
  ncomp 1
  nvec 1
  epsrel 0
  epsabs 0
  flags 10
  seed 123456
  mineval 10000000
  maxeval 10000000
  nstart 1000000
  nincrease 1000000
  nbatch 5000
  gridno 0
  statefile ""

Iteration 1:  1000000 integrand evaluations so far
[1] 53.0756 +- 1.39438  	chisq 0 (0 df)

Iteration 2:  3000000 integrand evaluations so far
[1] 51.8723 +- 0.392084  	chisq 0.808645 (1 df)

Iteration 3:  6000000 integrand evaluations so far
[1] 51.6922 +- 0.243171  	chisq 1.15143 (2 df)

Iteration 4:  10000000 integrand evaluations so far
[1] 51.668 +- 0.189847  	chisq 1.17684 (3 df)
   51.67 ±   0.19        ( 39.7s) ┃   80.89 ±    0.2        (10.9mi) ┃
┃   72 -    74 ┃   44 -    45 ┃ 53.6249 ± 0.0016        (14.7mi) ┃ -27.905 ± 0.0074        (25.7mi) ┃Vegas input parameters:
  ndim 7
  ncomp 1
  nvec 1
  epsrel 0
  epsabs 0
  flags 10
  seed 123456
  mineval 10000000
  maxeval 10000000
  nstart 1000000
  nincrease 1000000
  nbatch 5000
  gridno 0
  statefile ""

Iteration 1:  1000000 integrand evaluations so far
[1] 51.168 +- 1.36453  	chisq 0 (0 df)

Iteration 2:  3000000 integrand evaluations so far
[1] 51.751 +- 0.4922  	chisq 0.209817 (1 df)

Iteration 3:  6000000 integrand evaluations so far
[1] 51.0522 +- 0.287756  	chisq 3.27145 (2 df)

Iteration 4:  10000000 integrand evaluations so far
[1] 51.2255 +- 0.198225  	chisq 3.96124 (3 df)
   51.23 ±    0.2        (   39s) ┃   76.95 ±    0.2        (41.1mi) ┃
┃   72 -    74 ┃   45 -    46 ┃   55.35 ±  0.038        (7.64mi) ┃ -29.019 ±  0.017        (6.64mi) ┃Vegas input parameters:
  ndim 7
  ncomp 1
  nvec 1
  epsrel 0
  epsabs 0
  flags 10
  seed 123456
  mineval 10000000
  maxeval 10000000
  nstart 1000000
  nincrease 1000000
  nbatch 5000
  gridno 0
  statefile ""

Iteration 1:  1000000 integrand evaluations so far
[1] 49.3866 +- 1.33431  	chisq 0 (0 df)

Iteration 2:  3000000 integrand evaluations so far
[1] 51.4067 +- 0.389306  	chisq 2.50524 (1 df)

Iteration 3:  6000000 integrand evaluations so far
[1] 51.2799 +- 0.255753  	chisq 2.692 (2 df)

Iteration 4:  10000000 integrand evaluations so far
[1] 51.0247 +- 0.188073  	chisq 4.85891 (3 df)
   51.02 ±   0.19        (   40s) ┃   77.36 ±   0.19        (14.9mi) ┃
┃   72 -    74 ┃   46 -    47 ┃  69.415 ±  0.025        (7.43mi) ┃ -36.208 ±  0.028        (13.5mi) ┃Vegas input parameters:
  ndim 7
  ncomp 1
  nvec 1
  epsrel 0
  epsabs 0
  flags 10
  seed 123456
  mineval 10000000
  maxeval 10000000
  nstart 1000000
  nincrease 1000000
  nbatch 5000
  gridno 0
  statefile ""

Iteration 1:  1000000 integrand evaluations so far
[1] 51.7261 +- 1.36034  	chisq 0 (0 df)

Iteration 2:  3000000 integrand evaluations so far
[1] 50.5705 +- 0.382716  	chisq 0.783672 (1 df)

Iteration 3:  6000000 integrand evaluations so far
[1] 50.3579 +- 0.237093  	chisq 1.28457 (2 df)

Iteration 4:  10000000 integrand evaluations so far
[1] 50.5915 +- 0.181024  	chisq 3.61387 (3 df)
   50.59 ±   0.18        ( 39.8s) ┃    83.8 ±   0.18        (21.6mi) ┃
┃   72 -    74 ┃   47 -    48 ┃    53.2 ±  0.015        ( 58.6s) ┃-27.8461 ± 0.0083        (13.7mi) ┃Vegas input parameters:
  ndim 7
  ncomp 1
  nvec 1
  epsrel 0
  epsabs 0
  flags 10
  seed 123456
  mineval 10000000
  maxeval 10000000
  nstart 1000000
  nincrease 1000000
  nbatch 5000
  gridno 0
  statefile ""

Iteration 1:  1000000 integrand evaluations so far
[1] 49.8411 +- 1.3428  	chisq 0 (0 df)

Iteration 2:  3000000 integrand evaluations so far
[1] 49.3399 +- 0.37735  	chisq 0.151224 (1 df)

Iteration 3:  6000000 integrand evaluations so far
[1] 49.4761 +- 0.234862  	chisq 0.36387 (2 df)

Iteration 4:  10000000 integrand evaluations so far
[1] 49.7409 +- 0.181577  	chisq 3.52407 (3 df)
   49.74 ±   0.18        ( 38.7s) ┃   75.09 ±   0.18        (15.3mi) ┃
┃   72 -    74 ┃   48 -    49 ┃  48.095 ±  0.018        (7.57mi) ┃ -25.012 ±  0.024        (6.35mi) ┃Vegas input parameters:
  ndim 7
  ncomp 1
  nvec 1
  epsrel 0
  epsabs 0
  flags 10
  seed 123456
  mineval 10000000
  maxeval 10000000
  nstart 1000000
  nincrease 1000000
  nbatch 5000
  gridno 0
  statefile ""

Iteration 1:  1000000 integrand evaluations so far
[1] 46.5374 +- 1.29525  	chisq 0 (0 df)

Iteration 2:  3000000 integrand evaluations so far
[1] 47.4715 +- 0.369056  	chisq 0.56612 (1 df)

Iteration 3:  6000000 integrand evaluations so far
[1] 47.7037 +- 0.235233  	chisq 1.23296 (2 df)

Iteration 4:  10000000 integrand evaluations so far
[1] 47.66 +- 0.175544  	chisq 1.31099 (3 df)
   47.66 ±   0.18        ( 39.9s) ┃   70.74 ±   0.18        (14.6mi) ┃
┃   72 -    74 ┃   49 -    50 ┃    52.5 ±  0.022        (7.53mi) ┃ -27.662 ±   0.02        (26.1mi) ┃Vegas input parameters:
  ndim 7
  ncomp 1
  nvec 1
  epsrel 0
  epsabs 0
  flags 10
  seed 123456
  mineval 10000000
  maxeval 10000000
  nstart 1000000
  nincrease 1000000
  nbatch 5000
  gridno 0
  statefile ""

Iteration 1:  1000000 integrand evaluations so far
[1] 41.765 +- 1.19854  	chisq 0 (0 df)

Iteration 2:  3000000 integrand evaluations so far
[1] 45.5063 +- 0.362401  	chisq 10.7245 (1 df)

Iteration 3:  6000000 integrand evaluations so far
[1] 45.6261 +- 0.224771  	chisq 10.9019 (2 df)

Iteration 4:  10000000 integrand evaluations so far
[1] 45.4203 +- 0.164998  	chisq 12.7194 (3 df)
   45.42 ±   0.16        ( 38.3s) ┃   70.26 ±   0.17        (34.2mi) ┃
┃   72 -    74 ┃   50 -    51 ┃  65.738 ±  0.014        (3.62mi) ┃ -34.241 ±  0.013        (26.1mi) ┃Vegas input parameters:
  ndim 7
  ncomp 1
  nvec 1
  epsrel 0
  epsabs 0
  flags 10
  seed 123456
  mineval 10000000
  maxeval 10000000
  nstart 1000000
  nincrease 1000000
  nbatch 5000
  gridno 0
  statefile ""

Iteration 1:  1000000 integrand evaluations so far
[1] 42.6474 +- 1.22602  	chisq 0 (0 df)

Iteration 2:  3000000 integrand evaluations so far
[1] 44.2993 +- 0.352256  	chisq 1.97871 (1 df)

Iteration 3:  6000000 integrand evaluations so far
[1] 44.3064 +- 0.219005  	chisq 1.97939 (2 df)

Iteration 4:  10000000 integrand evaluations so far
[1] 44.2845 +- 0.184107  	chisq 2.01357 (3 df)
   44.28 ±   0.18        ( 39.2s) ┃   75.78 ±   0.19        (30.4mi) ┃
┃   72 -    74 ┃   51 -    52 ┃  46.522 ±  0.044        ( 7.5mi) ┃ -24.292 ±  0.015        (50.6mi) ┃Vegas input parameters:
  ndim 7
  ncomp 1
  nvec 1
  epsrel 0
  epsabs 0
  flags 10
  seed 123456
  mineval 10000000
  maxeval 10000000
  nstart 1000000
  nincrease 1000000
  nbatch 5000
  gridno 0
  statefile ""

Iteration 1:  1000000 integrand evaluations so far
[1] 43.8838 +- 1.24141  	chisq 0 (0 df)

Iteration 2:  3000000 integrand evaluations so far
[1] 43.0817 +- 0.400829  	chisq 0.466066 (1 df)

Iteration 3:  6000000 integrand evaluations so far
[1] 42.9685 +- 0.240723  	chisq 0.590707 (2 df)

Iteration 4:  10000000 integrand evaluations so far
[1] 42.8848 +- 0.169832  	chisq 0.831519 (3 df)
   42.88 ±   0.17        ( 38.9s) ┃   65.11 ±   0.18        (58.7mi) ┃
┃   72 -    74 ┃   52 -    53 ┃  47.179 ±  0.034        (3.61mi) ┃ -24.752 ±  0.014        (3.19mi) ┃Vegas input parameters:
  ndim 7
  ncomp 1
  nvec 1
  epsrel 0
  epsabs 0
  flags 10
  seed 123456
  mineval 10000000
  maxeval 10000000
  nstart 1000000
  nincrease 1000000
  nbatch 5000
  gridno 0
  statefile ""

Iteration 1:  1000000 integrand evaluations so far
[1] 42.4871 +- 1.21555  	chisq 0 (0 df)

Iteration 2:  3000000 integrand evaluations so far
[1] 41.366 +- 0.381688  	chisq 0.943713 (1 df)

Iteration 3:  6000000 integrand evaluations so far
[1] 41.6603 +- 0.232162  	chisq 1.88772 (2 df)

Iteration 4:  10000000 integrand evaluations so far
[1] 41.6671 +- 0.167475  	chisq 1.8895 (3 df)
   41.67 ±   0.17        ( 40.3s) ┃   64.09 ±   0.17        (7.47mi) ┃
┃   72 -    74 ┃   53 -    54 ┃  54.003 ±  0.036        (3.76mi) ┃ -28.225 ±  0.015        (6.42mi) ┃Vegas input parameters:
  ndim 7
  ncomp 1
  nvec 1
  epsrel 0
  epsabs 0
  flags 10
  seed 123456
  mineval 10000000
  maxeval 10000000
  nstart 1000000
  nincrease 1000000
  nbatch 5000
  gridno 0
  statefile ""

Iteration 1:  1000000 integrand evaluations so far
[1] 38.7201 +- 1.1536  	chisq 0 (0 df)

Iteration 2:  3000000 integrand evaluations so far
[1] 41.153 +- 0.359636  	chisq 4.92618 (1 df)

Iteration 3:  6000000 integrand evaluations so far
[1] 40.8894 +- 0.219799  	chisq 5.78381 (2 df)

Iteration 4:  10000000 integrand evaluations so far
[1] 40.6672 +- 0.163184  	chisq 8.05945 (3 df)
   40.67 ±   0.16        ( 39.7s) ┃   66.45 ±   0.17        (10.8mi) ┃
┃   72 -    74 ┃   54 -    55 ┃  49.244 ±  0.026        ( 58.9s) ┃ -25.826 ±  0.017        (3.33mi) ┃Vegas input parameters:
  ndim 7
  ncomp 1
  nvec 1
  epsrel 0
  epsabs 0
  flags 10
  seed 123456
  mineval 10000000
  maxeval 10000000
  nstart 1000000
  nincrease 1000000
  nbatch 5000
  gridno 0
  statefile ""

Iteration 1:  1000000 integrand evaluations so far
[1] 40.2422 +- 1.17301  	chisq 0 (0 df)

Iteration 2:  3000000 integrand evaluations so far
[1] 39.9233 +- 0.345865  	chisq 0.0809215 (1 df)

Iteration 3:  6000000 integrand evaluations so far
[1] 40.101 +- 0.214188  	chisq 0.50881 (2 df)

Iteration 4:  10000000 integrand evaluations so far
[1] 39.9085 +- 0.155291  	chisq 2.2113 (3 df)
   39.91 ±   0.16        ( 39.1s) ┃   63.33 ±   0.16        (4.96mi) ┃
┃   72 -    74 ┃   55 -    56 ┃ 48.2551 ± 0.0022        (7.21mi) ┃-25.0218 ± 0.0056        (50.8mi) ┃Vegas input parameters:
  ndim 7
  ncomp 1
  nvec 1
  epsrel 0
  epsabs 0
  flags 10
  seed 123456
  mineval 10000000
  maxeval 10000000
  nstart 1000000
  nincrease 1000000
  nbatch 5000
  gridno 0
  statefile ""

Iteration 1:  1000000 integrand evaluations so far
[1] 37.6047 +- 1.12487  	chisq 0 (0 df)

Iteration 2:  3000000 integrand evaluations so far
[1] 39.1129 +- 0.323905  	chisq 1.96026 (1 df)

Iteration 3:  6000000 integrand evaluations so far
[1] 39.219 +- 0.200663  	chisq 2.13436 (2 df)

Iteration 4:  10000000 integrand evaluations so far
[1] 39.1157 +- 0.151441  	chisq 2.75053 (3 df)
   39.12 ±   0.15        ( 38.7s) ┃   62.35 ±   0.15        (58.7mi) ┃
┃   72 -    74 ┃   56 -    57 ┃  43.511 ±  0.038        (1.93mi) ┃-22.7759 ± 0.0051        (48.8mi) ┃Vegas input parameters:
  ndim 7
  ncomp 1
  nvec 1
  epsrel 0
  epsabs 0
  flags 10
  seed 123456
  mineval 10000000
  maxeval 10000000
  nstart 1000000
  nincrease 1000000
  nbatch 5000
  gridno 0
  statefile ""

Iteration 1:  1000000 integrand evaluations so far
[1] 36.9169 +- 1.11767  	chisq 0 (0 df)

Iteration 2:  3000000 integrand evaluations so far
[1] 38.6089 +- 0.319874  	chisq 2.49606 (1 df)

Iteration 3:  6000000 integrand evaluations so far
[1] 38.6235 +- 0.19792  	chisq 2.49943 (2 df)

Iteration 4:  10000000 integrand evaluations so far
[1] 38.5293 +- 0.152686  	chisq 3.05907 (3 df)
   38.53 ±   0.15        ( 39.6s) ┃   59.26 ±   0.16        (51.4mi) ┃
┃   72 -    74 ┃   57 -    58 ┃  53.329 ±  0.052        (1.12mi) ┃ -27.804 ±  0.024        ( 54.9s) ┃Vegas input parameters:
  ndim 7
  ncomp 1
  nvec 1
  epsrel 0
  epsabs 0
  flags 10
  seed 123456
  mineval 10000000
  maxeval 10000000
  nstart 1000000
  nincrease 1000000
  nbatch 5000
  gridno 0
  statefile ""

Iteration 1:  1000000 integrand evaluations so far
[1] 39.1431 +- 1.15872  	chisq 0 (0 df)

Iteration 2:  3000000 integrand evaluations so far
[1] 37.7812 +- 0.31546  	chisq 1.49207 (1 df)

Iteration 3:  6000000 integrand evaluations so far
[1] 37.4923 +- 0.195032  	chisq 2.84993 (2 df)

Iteration 4:  10000000 integrand evaluations so far
[1] 37.6641 +- 0.143699  	chisq 4.54714 (3 df)
   37.66 ±   0.14        (   39s) ┃   63.19 ±   0.15        (2.69mi) ┃
┃   72 -    74 ┃   58 -    59 ┃  50.368 ±  0.027        (3.68mi) ┃ -26.156 ±  0.025        (  25mi) ┃Vegas input parameters:
  ndim 7
  ncomp 1
  nvec 1
  epsrel 0
  epsabs 0
  flags 10
  seed 123456
  mineval 10000000
  maxeval 10000000
  nstart 1000000
  nincrease 1000000
  nbatch 5000
  gridno 0
  statefile ""

Iteration 1:  1000000 integrand evaluations so far
[1] 37.3051 +- 1.12763  	chisq 0 (0 df)

Iteration 2:  3000000 integrand evaluations so far
[1] 37.3251 +- 0.311306  	chisq 0.000339531 (1 df)

Iteration 3:  6000000 integrand evaluations so far
[1] 37.1779 +- 0.203018  	chisq 0.388973 (2 df)

Iteration 4:  10000000 integrand evaluations so far
[1] 37.2583 +- 0.150821  	chisq 0.738623 (3 df)
   37.26 ±   0.15        ( 38.9s) ┃   61.47 ±   0.16        (29.3mi) ┃
┃   72 -    74 ┃   59 -    60 ┃  38.353 ±  0.026        (3.93mi) ┃ -20.053 ±  0.016        (24.7mi) ┃Vegas input parameters:
  ndim 7
  ncomp 1
  nvec 1
  epsrel 0
  epsabs 0
  flags 10
  seed 123456
  mineval 10000000
  maxeval 10000000
  nstart 1000000
  nincrease 1000000
  nbatch 5000
  gridno 0
  statefile ""

Iteration 1:  1000000 integrand evaluations so far
[1] 36.7925 +- 1.12644  	chisq 0 (0 df)

Iteration 2:  3000000 integrand evaluations so far
[1] 37.0314 +- 0.30974  	chisq 0.0486563 (1 df)

Iteration 3:  6000000 integrand evaluations so far
[1] 36.6762 +- 0.202433  	chisq 2.34438 (2 df)

Iteration 4:  10000000 integrand evaluations so far
[1] 36.5585 +- 0.149137  	chisq 3.08457 (3 df)
   36.56 ±   0.15        ( 39.7s) ┃   54.86 ±   0.15        (29.3mi) ┃
┃   74 -    76 ┃   25 -    26 ┃  47.593 ±  0.019        (7.15mi) ┃ -24.867 ±  0.022        (12.5mi) ┃Vegas input parameters:
  ndim 7
  ncomp 1
  nvec 1
  epsrel 0
  epsabs 0
  flags 10
  seed 123456
  mineval 10000000
  maxeval 10000000
  nstart 1000000
  nincrease 1000000
  nbatch 5000
  gridno 0
  statefile ""

Iteration 1:  1000000 integrand evaluations so far
[1] 68.2568 +- 1.73901  	chisq 0 (0 df)

Iteration 2:  3000000 integrand evaluations so far
[1] 65.6629 +- 0.481252  	chisq 2.40937 (1 df)

Iteration 3:  6000000 integrand evaluations so far
[1] 65.8362 +- 0.299125  	chisq 2.62067 (2 df)

Iteration 4:  10000000 integrand evaluations so far
[1] 65.8116 +- 0.22679  	chisq 2.63662 (3 df)
   65.81 ±   0.23        ( 39.7s) ┃   88.54 ±   0.23        (20.3mi) ┃
┃   74 -    76 ┃   26 -    27 ┃  58.042 ±  0.029        (7.51mi) ┃ -30.181 ±  0.017        (13.2mi) ┃Vegas input parameters:
  ndim 7
  ncomp 1
  nvec 1
  epsrel 0
  epsabs 0
  flags 10
  seed 123456
  mineval 10000000
  maxeval 10000000
  nstart 1000000
  nincrease 1000000
  nbatch 5000
  gridno 0
  statefile ""

Iteration 1:  1000000 integrand evaluations so far
[1] 61.8551 +- 1.62687  	chisq 0 (0 df)

Iteration 2:  3000000 integrand evaluations so far
[1] 63.2451 +- 0.466133  	chisq 0.795233 (1 df)

Iteration 3:  6000000 integrand evaluations so far
[1] 63.5852 +- 0.290223  	chisq 1.66462 (2 df)

Iteration 4:  10000000 integrand evaluations so far
[1] 63.8464 +- 0.224911  	chisq 3.69349 (3 df)
   63.85 ±   0.22        ( 39.9s) ┃   91.71 ±   0.23        (21.4mi) ┃
┃   74 -    76 ┃   27 -    28 ┃  59.721 ±  0.053        ( 32.3s) ┃ -31.237 ±  0.014        (1.72mi) ┃Vegas input parameters:
  ndim 7
  ncomp 1
  nvec 1
  epsrel 0
  epsabs 0
  flags 10
  seed 123456
  mineval 10000000
  maxeval 10000000
  nstart 1000000
  nincrease 1000000
  nbatch 5000
  gridno 0
  statefile ""

Iteration 1:  1000000 integrand evaluations so far
[1] 63.3952 +- 1.63924  	chisq 0 (0 df)

Iteration 2:  3000000 integrand evaluations so far
[1] 61.4804 +- 0.456328  	chisq 1.47916 (1 df)

Iteration 3:  6000000 integrand evaluations so far
[1] 61.9762 +- 0.28494  	chisq 3.41372 (2 df)

Iteration 4:  10000000 integrand evaluations so far
[1] 62.1526 +- 0.229754  	chisq 4.50926 (3 df)
   62.15 ±   0.23        ( 39.5s) ┃   90.64 ±   0.24        (2.92mi) ┃
┃   74 -    76 ┃   28 -    29 ┃  39.843 ±  0.017        (1.91mi) ┃-21.0253 ± 0.0051        (50.1mi) ┃Vegas input parameters:
  ndim 7
  ncomp 1
  nvec 1
  epsrel 0
  epsabs 0
  flags 10
  seed 123456
  mineval 10000000
  maxeval 10000000
  nstart 1000000
  nincrease 1000000
  nbatch 5000
  gridno 0
  statefile ""

Iteration 1:  1000000 integrand evaluations so far
[1] 59.6934 +- 1.5668  	chisq 0 (0 df)

Iteration 2:  3000000 integrand evaluations so far
[1] 59.9327 +- 0.446603  	chisq 0.0253865 (1 df)

Iteration 3:  6000000 integrand evaluations so far
[1] 60.0695 +- 0.288329  	chisq 0.186103 (2 df)

Iteration 4:  10000000 integrand evaluations so far
[1] 60.3041 +- 0.23143  	chisq 2.04856 (3 df)
    60.3 ±   0.23        ( 39.1s) ┃   79.12 ±   0.23        (52.6mi) ┃
┃   74 -    76 ┃   29 -    30 ┃  68.307 ±  0.019        (3.68mi) ┃-35.3934 ± 0.0026        (12.8mi) ┃Vegas input parameters:
  ndim 7
  ncomp 1
  nvec 1
  epsrel 0
  epsabs 0
  flags 10
  seed 123456
  mineval 10000000
  maxeval 10000000
  nstart 1000000
  nincrease 1000000
  nbatch 5000
  gridno 0
  statefile ""

Iteration 1:  1000000 integrand evaluations so far
[1] 59.2455 +- 1.56263  	chisq 0 (0 df)

Iteration 2:  3000000 integrand evaluations so far
[1] 58.3318 +- 0.43847  	chisq 0.371097 (1 df)

Iteration 3:  6000000 integrand evaluations so far
[1] 58.5089 +- 0.272595  	chisq 0.636942 (2 df)

Iteration 4:  10000000 integrand evaluations so far
[1] 58.6813 +- 0.215299  	chisq 1.70018 (3 df)
   58.68 ±   0.22        ( 39.5s) ┃    91.6 ±   0.22        (17.2mi) ┃
┃   74 -    76 ┃   30 -    31 ┃  50.645 ±  0.033        (1.86mi) ┃ -26.454 ±  0.011        (12.1mi) ┃Vegas input parameters:
  ndim 7
  ncomp 1
  nvec 1
  epsrel 0
  epsabs 0
  flags 10
  seed 123456
  mineval 10000000
  maxeval 10000000
  nstart 1000000
  nincrease 1000000
  nbatch 5000
  gridno 0
  statefile ""

Iteration 1:  1000000 integrand evaluations so far
[1] 60.2653 +- 1.56401  	chisq 0 (0 df)

Iteration 2:  3000000 integrand evaluations so far
[1] 57.8675 +- 0.432081  	chisq 2.54474 (1 df)

Iteration 3:  6000000 integrand evaluations so far
[1] 57.7266 +- 0.285455  	chisq 2.73342 (2 df)

Iteration 4:  10000000 integrand evaluations so far
[1] 57.6599 +- 0.213043  	chisq 2.85672 (3 df)
   57.66 ±   0.21        ( 38.2s) ┃   81.85 ±   0.22        (14.6mi) ┃
┃   74 -    76 ┃   31 -    32 ┃  41.187 ± 0.0045        (  28mi) ┃-21.5282 ± 0.0028        (24.7mi) ┃Vegas input parameters:
  ndim 7
  ncomp 1
  nvec 1
  epsrel 0
  epsabs 0
  flags 10
  seed 123456
  mineval 10000000
  maxeval 10000000
  nstart 1000000
  nincrease 1000000
  nbatch 5000
  gridno 0
  statefile ""

Iteration 1:  1000000 integrand evaluations so far
[1] 55.5842 +- 1.47685  	chisq 0 (0 df)

Iteration 2:  3000000 integrand evaluations so far
[1] 56.269 +- 0.501182  	chisq 0.242963 (1 df)

Iteration 3:  6000000 integrand evaluations so far
[1] 55.7689 +- 0.298817  	chisq 1.78743 (2 df)

Iteration 4:  10000000 integrand evaluations so far
[1] 55.7895 +- 0.210184  	chisq 1.79682 (3 df)
   55.79 ±   0.21        ( 34.8s) ┃   75.45 ±   0.21        (53.3mi) ┃
┃   74 -    76 ┃   32 -    33 ┃  62.809 ±  0.057        (7.17mi) ┃ -32.741 ±  0.032        (24.8mi) ┃Vegas input parameters:
  ndim 7
  ncomp 1
  nvec 1
  epsrel 0
  epsabs 0
  flags 10
  seed 123456
  mineval 10000000
  maxeval 10000000
  nstart 1000000
  nincrease 1000000
  nbatch 5000
  gridno 0
  statefile ""

Iteration 1:  1000000 integrand evaluations so far
[1] 54.5303 +- 1.44662  	chisq 0 (0 df)

Iteration 2:  3000000 integrand evaluations so far
[1] 55.3492 +- 0.415677  	chisq 0.349336 (1 df)

Iteration 3:  6000000 integrand evaluations so far
[1] 55.2129 +- 0.286757  	chisq 0.554643 (2 df)

Iteration 4:  10000000 integrand evaluations so far
[1] 55.2844 +- 0.233504  	chisq 0.739189 (3 df)
   55.28 ±   0.23        ( 40.1s) ┃   85.35 ±   0.24        (32.6mi) ┃
┃   74 -    76 ┃   33 -    34 ┃  51.643 ±  0.041        (7.15mi) ┃-26.6966 ± 0.0056        (48.7mi) ┃Vegas input parameters:
  ndim 7
  ncomp 1
  nvec 1
  epsrel 0
  epsabs 0
  flags 10
  seed 123456
  mineval 10000000
  maxeval 10000000
  nstart 1000000
  nincrease 1000000
  nbatch 5000
  gridno 0
  statefile ""

Iteration 1:  1000000 integrand evaluations so far
[1] 55.4566 +- 1.46951  	chisq 0 (0 df)

Iteration 2:  3000000 integrand evaluations so far
[1] 54.5014 +- 0.493627  	chisq 0.476239 (1 df)

Iteration 3:  6000000 integrand evaluations so far
[1] 54.1243 +- 0.297085  	chisq 1.3913 (2 df)

Iteration 4:  10000000 integrand evaluations so far
[1] 54.3967 +- 0.20958  	chisq 3.06495 (3 df)
    54.4 ±   0.21        ( 39.6s) ┃   79.34 ±   0.21        (56.5mi) ┃
┃   74 -    76 ┃   34 -    35 ┃  49.723 ±  0.041        (14.1mi) ┃ -26.203 ±  0.023        (12.3mi) ┃Vegas input parameters:
  ndim 7
  ncomp 1
  nvec 1
  epsrel 0
  epsabs 0
  flags 10
  seed 123456
  mineval 10000000
  maxeval 10000000
  nstart 1000000
  nincrease 1000000
  nbatch 5000
  gridno 0
  statefile ""

Iteration 1:  1000000 integrand evaluations so far
[1] 55.0286 +- 1.44923  	chisq 0 (0 df)

Iteration 2:  3000000 integrand evaluations so far
[1] 53.4643 +- 0.403449  	chisq 1.26295 (1 df)

Iteration 3:  6000000 integrand evaluations so far
[1] 53.3155 +- 0.275423  	chisq 1.51761 (2 df)

Iteration 4:  10000000 integrand evaluations so far
[1] 53.3568 +- 0.203521  	chisq 1.56721 (3 df)
   53.36 ±    0.2        (   40s) ┃   76.88 ±   0.21        (27.1mi) ┃
┃   74 -    76 ┃   35 -    36 ┃  52.685 ±  0.034        (13.9mi) ┃ -27.758 ±  0.025        (25.1mi) ┃Vegas input parameters:
  ndim 7
  ncomp 1
  nvec 1
  epsrel 0
  epsabs 0
  flags 10
  seed 123456
  mineval 10000000
  maxeval 10000000
  nstart 1000000
  nincrease 1000000
  nbatch 5000
  gridno 0
  statefile ""

Iteration 1:  1000000 integrand evaluations so far
[1] 52.8552 +- 1.40902  	chisq 0 (0 df)

Iteration 2:  3000000 integrand evaluations so far
[1] 52.5869 +- 0.397365  	chisq 0.0394134 (1 df)

Iteration 3:  6000000 integrand evaluations so far
[1] 52.2932 +- 0.246138  	chisq 0.925263 (2 df)

Iteration 4:  10000000 integrand evaluations so far
[1] 52.5382 +- 0.185557  	chisq 3.2188 (3 df)
   52.54 ±   0.19        ( 38.3s) ┃   77.47 ±   0.19        (39.6mi) ┃
┃   74 -    76 ┃   36 -    37 ┃  61.015 ±  0.039        (3.53mi) ┃ -31.369 ±  0.019        (1.64mi) ┃Vegas input parameters:
  ndim 7
  ncomp 1
  nvec 1
  epsrel 0
  epsabs 0
  flags 10
  seed 123456
  mineval 10000000
  maxeval 10000000
  nstart 1000000
  nincrease 1000000
  nbatch 5000
  gridno 0
  statefile ""

Iteration 1:  1000000 integrand evaluations so far
[1] 50.6831 +- 1.35961  	chisq 0 (0 df)

Iteration 2:  3000000 integrand evaluations so far
[1] 51.8309 +- 0.456989  	chisq 0.803536 (1 df)

Iteration 3:  6000000 integrand evaluations so far
[1] 51.5687 +- 0.288612  	chisq 1.35125 (2 df)

Iteration 4:  10000000 integrand evaluations so far
[1] 51.5696 +- 0.204138  	chisq 1.35127 (3 df)
   51.57 ±    0.2        ( 38.8s) ┃   81.22 ±   0.21        (5.81mi) ┃
┃   74 -    76 ┃   37 -    38 ┃  48.937 ±  0.038        (7.98mi) ┃ -25.812 ±  0.025        (18.2mi) ┃Vegas input parameters:
  ndim 7
  ncomp 1
  nvec 1
  epsrel 0
  epsabs 0
  flags 10
  seed 123456
  mineval 10000000
  maxeval 10000000
  nstart 1000000
  nincrease 1000000
  nbatch 5000
  gridno 0
  statefile ""

Iteration 1:  1000000 integrand evaluations so far
[1] 49.6059 +- 1.33895  	chisq 0 (0 df)

Iteration 2:  3000000 integrand evaluations so far
[1] 50.5849 +- 0.387166  	chisq 0.583441 (1 df)

Iteration 3:  6000000 integrand evaluations so far
[1] 50.8252 +- 0.240489  	chisq 1.21048 (2 df)

Iteration 4:  10000000 integrand evaluations so far
[1] 50.6825 +- 0.176792  	chisq 1.97666 (3 df)
   50.68 ±   0.18        ( 40.3s) ┃   73.81 ±   0.18        (26.8mi) ┃
┃   74 -    76 ┃   38 -    39 ┃  47.291 ±  0.021        (3.78mi) ┃ -24.992 ±  0.013        (49.8mi) ┃Vegas input parameters:
  ndim 7
  ncomp 1
  nvec 1
  epsrel 0
  epsabs 0
  flags 10
  seed 123456
  mineval 10000000
  maxeval 10000000
  nstart 1000000
  nincrease 1000000
  nbatch 5000
  gridno 0
  statefile ""

Iteration 1:  1000000 integrand evaluations so far
[1] 48.6688 +- 1.32029  	chisq 0 (0 df)

Iteration 2:  3000000 integrand evaluations so far
[1] 49.6901 +- 0.380265  	chisq 0.652433 (1 df)

Iteration 3:  6000000 integrand evaluations so far
[1] 49.8049 +- 0.236508  	chisq 0.801107 (2 df)

Iteration 4:  10000000 integrand evaluations so far
[1] 49.894 +- 0.17893  	chisq 1.13305 (3 df)
   49.89 ±   0.18        ( 39.7s) ┃   72.19 ±   0.18        (54.2mi) ┃
┃   74 -    76 ┃   39 -    40 ┃  60.718 ±   0.02        (3.85mi) ┃ -31.518 ±  0.023        (3.21mi) ┃Vegas input parameters:
  ndim 7
  ncomp 1
  nvec 1
  epsrel 0
  epsabs 0
  flags 10
  seed 123456
  mineval 10000000
  maxeval 10000000
  nstart 1000000
  nincrease 1000000
  nbatch 5000
  gridno 0
  statefile ""

Iteration 1:  1000000 integrand evaluations so far
[1] 48.3939 +- 1.30726  	chisq 0 (0 df)

Iteration 2:  3000000 integrand evaluations so far
[1] 49.0012 +- 0.376522  	chisq 0.23534 (1 df)

Iteration 3:  6000000 integrand evaluations so far
[1] 49.1852 +- 0.234135  	chisq 0.625033 (2 df)

Iteration 4:  10000000 integrand evaluations so far
[1] 49.2329 +- 0.17625  	chisq 0.720884 (3 df)
   49.23 ±   0.18        ( 38.9s) ┃   78.43 ±   0.18        (7.72mi) ┃
┃   74 -    76 ┃   40 -    41 ┃  47.367 ±  0.037        (7.55mi) ┃ -24.758 ±  0.021        (12.8mi) ┃Vegas input parameters:
  ndim 7
  ncomp 1
  nvec 1
  epsrel 0
  epsabs 0
  flags 10
  seed 123456
  mineval 10000000
  maxeval 10000000
  nstart 1000000
  nincrease 1000000
  nbatch 5000
  gridno 0
  statefile ""

Iteration 1:  1000000 integrand evaluations so far
[1] 52.4511 +- 1.3719  	chisq 0 (0 df)

Iteration 2:  3000000 integrand evaluations so far
[1] 49.4979 +- 0.376117  	chisq 5.01038 (1 df)

Iteration 3:  6000000 integrand evaluations so far
[1] 49.1865 +- 0.232642  	chisq 6.12027 (2 df)

Iteration 4:  10000000 integrand evaluations so far
[1] 48.8911 +- 0.175801  	chisq 9.88082 (3 df)
   48.89 ±   0.18        (   40s) ┃    71.5 ±   0.18        (  21mi) ┃
┃   74 -    76 ┃   41 -    42 ┃  43.546 ±  0.011        (3.73mi) ┃-22.8254 ± 0.0085        (25.6mi) ┃Vegas input parameters:
  ndim 7
  ncomp 1
  nvec 1
  epsrel 0
  epsabs 0
  flags 10
  seed 123456
  mineval 10000000
  maxeval 10000000
  nstart 1000000
  nincrease 1000000
  nbatch 5000
  gridno 0
  statefile ""

Iteration 1:  1000000 integrand evaluations so far
[1] 47.9909 +- 1.28986  	chisq 0 (0 df)

Iteration 2:  3000000 integrand evaluations so far
[1] 48.6452 +- 0.369324  	chisq 0.280263 (1 df)

Iteration 3:  6000000 integrand evaluations so far
[1] 48.5197 +- 0.229454  	chisq 0.468383 (2 df)

Iteration 4:  10000000 integrand evaluations so far
[1] 48.454 +- 0.168976  	chisq 0.647529 (3 df)
   48.45 ±   0.17        ( 39.3s) ┃   69.17 ±   0.17        (  30mi) ┃
┃   74 -    76 ┃   42 -    43 ┃  51.096 ±  0.031        (3.71mi) ┃ -26.704 ±  0.018        (6.52mi) ┃Vegas input parameters:
  ndim 7
  ncomp 1
  nvec 1
  epsrel 0
  epsabs 0
  flags 10
  seed 123456
  mineval 10000000
  maxeval 10000000
  nstart 1000000
  nincrease 1000000
  nbatch 5000
  gridno 0
  statefile ""

Iteration 1:  1000000 integrand evaluations so far
[1] 48.4115 +- 1.29528  	chisq 0 (0 df)

Iteration 2:  3000000 integrand evaluations so far
[1] 47.9294 +- 0.36675  	chisq 0.150593 (1 df)

Iteration 3:  6000000 integrand evaluations so far
[1] 48.1536 +- 0.227954  	chisq 0.759796 (2 df)

Iteration 4:  10000000 integrand evaluations so far
[1] 48.0787 +- 0.16782  	chisq 0.99555 (3 df)
   48.08 ±   0.17        ( 39.9s) ┃   72.47 ±   0.17        (10.9mi) ┃
┃   74 -    76 ┃   43 -    44 ┃ 47.7567 ± 0.0051        (3.78mi) ┃ -24.911 ±  0.016        (3.18mi) ┃Vegas input parameters:
  ndim 7
  ncomp 1
  nvec 1
  epsrel 0
  epsabs 0
  flags 10
  seed 123456
  mineval 10000000
  maxeval 10000000
  nstart 1000000
  nincrease 1000000
  nbatch 5000
  gridno 0
  statefile ""

Iteration 1:  1000000 integrand evaluations so far
[1] 47.6402 +- 1.27074  	chisq 0 (0 df)

Iteration 2:  3000000 integrand evaluations so far
[1] 46.9793 +- 0.360186  	chisq 0.294114 (1 df)

Iteration 3:  6000000 integrand evaluations so far
[1] 47.2442 +- 0.224329  	chisq 1.17744 (2 df)

Iteration 4:  10000000 integrand evaluations so far
[1] 47.3648 +- 0.180135  	chisq 1.9917 (3 df)
   47.36 ±   0.18        ( 37.4s) ┃   70.21 ±   0.18        (7.59mi) ┃
┃   74 -    76 ┃   44 -    45 ┃  47.188 ±  0.033        (3.96mi) ┃ -24.316 ±  0.022        (12.1mi) ┃Vegas input parameters:
  ndim 7
  ncomp 1
  nvec 1
  epsrel 0
  epsabs 0
  flags 10
  seed 123456
  mineval 10000000
  maxeval 10000000
  nstart 1000000
  nincrease 1000000
  nbatch 5000
  gridno 0
  statefile ""

Iteration 1:  1000000 integrand evaluations so far
[1] 46.67 +- 1.24985  	chisq 0 (0 df)

Iteration 2:  3000000 integrand evaluations so far
[1] 47.3373 +- 0.427144  	chisq 0.322715 (1 df)

Iteration 3:  6000000 integrand evaluations so far
[1] 46.8684 +- 0.25485  	chisq 2.19399 (2 df)

Iteration 4:  10000000 integrand evaluations so far
[1] 46.9252 +- 0.179422  	chisq 2.29253 (3 df)
   46.93 ±   0.18        ( 37.9s) ┃    69.8 ±   0.18        (16.7mi) ┃
┃   74 -    76 ┃   45 -    46 ┃  42.218 ±  0.023        (7.22mi) ┃ -22.005 ±  0.011        (12.9mi) ┃Vegas input parameters:
  ndim 7
  ncomp 1
  nvec 1
  epsrel 0
  epsabs 0
  flags 10
  seed 123456
  mineval 10000000
  maxeval 10000000
  nstart 1000000
  nincrease 1000000
  nbatch 5000
  gridno 0
  statefile ""

Iteration 1:  1000000 integrand evaluations so far
[1] 47.1573 +- 1.26916  	chisq 0 (0 df)

Iteration 2:  3000000 integrand evaluations so far
[1] 46.9462 +- 0.357047  	chisq 0.0300242 (1 df)

Iteration 3:  6000000 integrand evaluations so far
[1] 46.5533 +- 0.227535  	chisq 2.06915 (2 df)

Iteration 4:  10000000 integrand evaluations so far
[1] 46.3568 +- 0.168786  	chisq 3.72751 (3 df)
   46.36 ±   0.17        ( 38.6s) ┃   66.57 ±   0.17        (20.7mi) ┃
┃   74 -    76 ┃   46 -    47 ┃  49.985 ±  0.042        (  8.5s) ┃ -26.279 ±  0.019        (3.67mi) ┃Vegas input parameters:
  ndim 7
  ncomp 1
  nvec 1
  epsrel 0
  epsabs 0
  flags 10
  seed 123456
  mineval 10000000
  maxeval 10000000
  nstart 1000000
  nincrease 1000000
  nbatch 5000
  gridno 0
  statefile ""

Iteration 1:  1000000 integrand evaluations so far
[1] 44.1733 +- 1.21022  	chisq 0 (0 df)

Iteration 2:  3000000 integrand evaluations so far
[1] 46.2273 +- 0.354078  	chisq 3.15021 (1 df)

Iteration 3:  6000000 integrand evaluations so far
[1] 46.4856 +- 0.232384  	chisq 4.08492 (2 df)

Iteration 4:  10000000 integrand evaluations so far
[1] 46.1437 +- 0.170678  	chisq 8.78429 (3 df)
   46.14 ±   0.17        ( 40.4s) ┃   69.85 ±   0.18        (4.49mi) ┃
┃   74 -    76 ┃   47 -    48 ┃  50.506 ±  0.016        (7.48mi) ┃ -26.311 ±  0.015        (13.5mi) ┃Vegas input parameters:
  ndim 7
  ncomp 1
  nvec 1
  epsrel 0
  epsabs 0
  flags 10
  seed 123456
  mineval 10000000
  maxeval 10000000
  nstart 1000000
  nincrease 1000000
  nbatch 5000
  gridno 0
  statefile ""

Iteration 1:  1000000 integrand evaluations so far
[1] 47.7988 +- 1.26875  	chisq 0 (0 df)

Iteration 2:  3000000 integrand evaluations so far
[1] 46.1696 +- 0.412637  	chisq 1.84396 (1 df)

Iteration 3:  6000000 integrand evaluations so far
[1] 45.6862 +- 0.246753  	chisq 3.98088 (2 df)

Iteration 4:  10000000 integrand evaluations so far
[1] 45.9272 +- 0.189023  	chisq 6.29091 (3 df)
   45.93 ±   0.19        ( 39.7s) ┃   70.12 ±   0.19        (21.6mi) ┃
┃   74 -    76 ┃   48 -    49 ┃  40.555 ±  0.037        (2.08mi) ┃ -21.067 ±  0.018        (3.32mi) ┃Vegas input parameters:
  ndim 7
  ncomp 1
  nvec 1
  epsrel 0
  epsabs 0
  flags 10
  seed 123456
  mineval 10000000
  maxeval 10000000
  nstart 1000000
  nincrease 1000000
  nbatch 5000
  gridno 0
  statefile ""

Iteration 1:  1000000 integrand evaluations so far
[1] 45.5701 +- 1.23298  	chisq 0 (0 df)

Iteration 2:  3000000 integrand evaluations so far
[1] 45.6862 +- 0.350335  	chisq 0.00964169 (1 df)

Iteration 3:  6000000 integrand evaluations so far
[1] 45.4659 +- 0.216629  	chisq 0.649999 (2 df)

Iteration 4:  10000000 integrand evaluations so far
[1] 45.5715 +- 0.163487  	chisq 1.20256 (3 df)
   45.57 ±   0.16        ( 39.3s) ┃   65.06 ±   0.17        (6.06mi) ┃
┃   74 -    76 ┃   49 -    50 ┃  39.921 ±  0.021        (3.66mi) ┃ -20.866 ±  0.013        ( 3.3mi) ┃Vegas input parameters:
  ndim 7
  ncomp 1
  nvec 1
  epsrel 0
  epsabs 0
  flags 10
  seed 123456
  mineval 10000000
  maxeval 10000000
  nstart 1000000
  nincrease 1000000
  nbatch 5000
  gridno 0
  statefile ""

Iteration 1:  1000000 integrand evaluations so far
[1] 43.5522 +- 1.20329  	chisq 0 (0 df)

Iteration 2:  3000000 integrand evaluations so far
[1] 44.924 +- 0.346695  	chisq 1.41737 (1 df)

Iteration 3:  6000000 integrand evaluations so far
[1] 44.8134 +- 0.214686  	chisq 1.58225 (2 df)

Iteration 4:  10000000 integrand evaluations so far
[1] 44.3713 +- 0.157315  	chisq 10.7429 (3 df)
   44.37 ±   0.16        ( 39.9s) ┃   63.43 ±   0.16        (7.63mi) ┃
┃   74 -    76 ┃   50 -    51 ┃  48.492 ±  0.033        ( 3.4mi) ┃ -25.485 ±  0.015        (13.2mi) ┃Vegas input parameters:
  ndim 7
  ncomp 1
  nvec 1
  epsrel 0
  epsabs 0
  flags 10
  seed 123456
  mineval 10000000
  maxeval 10000000
  nstart 1000000
  nincrease 1000000
  nbatch 5000
  gridno 0
  statefile ""

Iteration 1:  1000000 integrand evaluations so far
[1] 38.6378 +- 1.11889  	chisq 0 (0 df)

Iteration 2:  3000000 integrand evaluations so far
[1] 42.2224 +- 0.335484  	chisq 11.2773 (1 df)

Iteration 3:  6000000 integrand evaluations so far
[1] 42.2353 +- 0.208204  	chisq 11.2797 (2 df)

Iteration 4:  10000000 integrand evaluations so far
[1] 42.502 +- 0.164716  	chisq 15.6675 (3 df)
    42.5 ±   0.16        ( 38.6s) ┃   65.51 ±   0.17        (17.3mi) ┃
┃   74 -    76 ┃   51 -    52 ┃  47.857 ±  0.046        (3.62mi) ┃  -24.83 ±  0.014        (  13mi) ┃Vegas input parameters:
  ndim 7
  ncomp 1
  nvec 1
  epsrel 0
  epsabs 0
  flags 10
  seed 123456
  mineval 10000000
  maxeval 10000000
  nstart 1000000
  nincrease 1000000
  nbatch 5000
  gridno 0
  statefile ""

Iteration 1:  1000000 integrand evaluations so far
[1] 40.7049 +- 1.15181  	chisq 0 (0 df)

Iteration 2:  3000000 integrand evaluations so far
[1] 41.0176 +- 0.405999  	chisq 0.0841214 (1 df)

Iteration 3:  6000000 integrand evaluations so far
[1] 40.9322 +- 0.239123  	chisq 0.151775 (2 df)

Iteration 4:  10000000 integrand evaluations so far
[1] 41.0296 +- 0.178104  	chisq 0.524625 (3 df)
   41.03 ±   0.18        ( 39.8s) ┃   64.06 ±   0.18        (17.2mi) ┃
┃   74 -    76 ┃   52 -    53 ┃   36.82 ±  0.025        (3.89mi) ┃-19.2443 ± 0.0096        (51.1mi) ┃Vegas input parameters:
  ndim 7
  ncomp 1
  nvec 1
  epsrel 0
  epsabs 0
  flags 10
  seed 123456
  mineval 10000000
  maxeval 10000000
  nstart 1000000
  nincrease 1000000
  nbatch 5000
  gridno 0
  statefile ""

Iteration 1:  1000000 integrand evaluations so far
[1] 41.5463 +- 1.16455  	chisq 0 (0 df)

Iteration 2:  3000000 integrand evaluations so far
[1] 39.4646 +- 0.32016  	chisq 3.45659 (1 df)

Iteration 3:  6000000 integrand evaluations so far
[1] 39.56 +- 0.199323  	chisq 3.60147 (2 df)

Iteration 4:  10000000 integrand evaluations so far
[1] 39.42 +- 0.146509  	chisq 4.6748 (3 df)
   39.42 ±   0.15        ( 38.9s) ┃      57 ±   0.15        (55.7mi) ┃
┃   74 -    76 ┃   53 -    54 ┃ 40.9146 ± 0.0036        (3.82mi) ┃-21.3901 ±  0.003        (  51mi) ┃Vegas input parameters:
  ndim 7
  ncomp 1
  nvec 1
  epsrel 0
  epsabs 0
  flags 10
  seed 123456
  mineval 10000000
  maxeval 10000000
  nstart 1000000
  nincrease 1000000
  nbatch 5000
  gridno 0
  statefile ""

Iteration 1:  1000000 integrand evaluations so far
[1] 38.1747 +- 1.11332  	chisq 0 (0 df)

Iteration 2:  3000000 integrand evaluations so far
[1] 38.5762 +- 0.358342  	chisq 0.145057 (1 df)

Iteration 3:  6000000 integrand evaluations so far
[1] 38.6548 +- 0.217003  	chisq 0.221116 (2 df)

Iteration 4:  10000000 integrand evaluations so far
[1] 38.5472 +- 0.156138  	chisq 0.730777 (3 df)
   38.55 ±   0.16        ( 38.6s) ┃   58.07 ±   0.16        (55.5mi) ┃
┃   74 -    76 ┃   54 -    55 ┃  41.881 ±  0.027        (3.57mi) ┃ -21.908 ±  0.019        (6.48mi) ┃Vegas input parameters:
  ndim 7
  ncomp 1
  nvec 1
  epsrel 0
  epsabs 0
  flags 10
  seed 123456
  mineval 10000000
  maxeval 10000000
  nstart 1000000
  nincrease 1000000
  nbatch 5000
  gridno 0
  statefile ""

Iteration 1:  1000000 integrand evaluations so far
[1] 36.2376 +- 1.06904  	chisq 0 (0 df)

Iteration 2:  3000000 integrand evaluations so far
[1] 38.4918 +- 0.335769  	chisq 4.93303 (1 df)

Iteration 3:  6000000 integrand evaluations so far
[1] 37.854 +- 0.203126  	chisq 10.6246 (2 df)

Iteration 4:  10000000 integrand evaluations so far
[1] 37.5837 +- 0.146007  	chisq 14.2859 (3 df)
   37.58 ±   0.15        ( 38.3s) ┃   57.56 ±   0.15        (10.7mi) ┃
┃   74 -    76 ┃   55 -    56 ┃  41.995 ±  0.022        (1.94mi) ┃   -21.9 ±  0.013        (12.5mi) ┃Vegas input parameters:
  ndim 7
  ncomp 1
  nvec 1
  epsrel 0
  epsabs 0
  flags 10
  seed 123456
  mineval 10000000
  maxeval 10000000
  nstart 1000000
  nincrease 1000000
  nbatch 5000
  gridno 0
  statefile ""

Iteration 1:  1000000 integrand evaluations so far
[1] 36.6267 +- 1.07879  	chisq 0 (0 df)

Iteration 2:  3000000 integrand evaluations so far
[1] 37.1558 +- 0.319521  	chisq 0.263593 (1 df)

Iteration 3:  6000000 integrand evaluations so far
[1] 36.7795 +- 0.195286  	chisq 2.47757 (2 df)

Iteration 4:  10000000 integrand evaluations so far
[1] 36.7809 +- 0.148815  	chisq 2.47771 (3 df)
   36.78 ±   0.15        ( 39.5s) ┃   56.88 ±   0.15        (15.1mi) ┃
┃   74 -    76 ┃   56 -    57 ┃  36.386 ±  0.013        (7.26mi) ┃ -18.858 ±  0.013        (24.9mi) ┃Vegas input parameters:
  ndim 7
  ncomp 1
  nvec 1
  epsrel 0
  epsabs 0
  flags 10
  seed 123456
  mineval 10000000
  maxeval 10000000
  nstart 1000000
  nincrease 1000000
  nbatch 5000
  gridno 0
  statefile ""

Iteration 1:  1000000 integrand evaluations so far
[1] 34.8647 +- 1.04661  	chisq 0 (0 df)

Iteration 2:  3000000 integrand evaluations so far
[1] 36.3302 +- 0.332976  	chisq 2.18141 (1 df)

Iteration 3:  6000000 integrand evaluations so far
[1] 36.1554 +- 0.201592  	chisq 2.61635 (2 df)

Iteration 4:  10000000 integrand evaluations so far
[1] 36.1188 +- 0.144853  	chisq 2.68435 (3 df)
   36.12 ±   0.14        ( 40.2s) ┃   53.65 ±   0.15        (32.9mi) ┃
┃   74 -    76 ┃   57 -    58 ┃  35.811 ±   0.02        (7.33mi) ┃-18.6486 ± 0.0058        ( 6.6mi) ┃Vegas input parameters:
  ndim 7
  ncomp 1
  nvec 1
  epsrel 0
  epsabs 0
  flags 10
  seed 123456
  mineval 10000000
  maxeval 10000000
  nstart 1000000
  nincrease 1000000
  nbatch 5000
  gridno 0
  statefile ""

Iteration 1:  1000000 integrand evaluations so far
[1] 33.6597 +- 1.02704  	chisq 0 (0 df)

Iteration 2:  3000000 integrand evaluations so far
[1] 35.4978 +- 0.310684  	chisq 3.52547 (1 df)

Iteration 3:  6000000 integrand evaluations so far
[1] 35.4223 +- 0.193101  	chisq 3.62161 (2 df)

Iteration 4:  10000000 integrand evaluations so far
[1] 35.487 +- 0.143177  	chisq 3.87122 (3 df)
   35.49 ±   0.14        ( 37.9s) ┃   52.65 ±   0.14        (14.6mi) ┃
┃   74 -    76 ┃   58 -    59 ┃  45.504 ±  0.024        ( 58.2s) ┃ -23.605 ±  0.021        (3.22mi) ┃Vegas input parameters:
  ndim 7
  ncomp 1
  nvec 1
  epsrel 0
  epsabs 0
  flags 10
  seed 123456
  mineval 10000000
  maxeval 10000000
  nstart 1000000
  nincrease 1000000
  nbatch 5000
  gridno 0
  statefile ""

Iteration 1:  1000000 integrand evaluations so far
[1] 36.9385 +- 1.09154  	chisq 0 (0 df)

Iteration 2:  3000000 integrand evaluations so far
[1] 35.2631 +- 0.297514  	chisq 2.54495 (1 df)

Iteration 3:  6000000 integrand evaluations so far
[1] 34.8033 +- 0.184235  	chisq 6.41905 (2 df)

Iteration 4:  10000000 integrand evaluations so far
[1] 34.7801 +- 0.136161  	chisq 6.45404 (3 df)
   34.78 ±   0.14        (   40s) ┃   56.68 ±   0.14        (4.86mi) ┃
┃   74 -    76 ┃   59 -    60 ┃  36.927 ±  0.033        (1.82mi) ┃ -19.217 ±  0.011        (  13mi) ┃Vegas input parameters:
  ndim 7
  ncomp 1
  nvec 1
  epsrel 0
  epsabs 0
  flags 10
  seed 123456
  mineval 10000000
  maxeval 10000000
  nstart 1000000
  nincrease 1000000
  nbatch 5000
  gridno 0
  statefile ""

Iteration 1:  1000000 integrand evaluations so far
[1] 33.1115 +- 1.01937  	chisq 0 (0 df)

Iteration 2:  3000000 integrand evaluations so far
[1] 33.9334 +- 0.287072  	chisq 0.706245 (1 df)

Iteration 3:  6000000 integrand evaluations so far
[1] 33.8308 +- 0.177535  	chisq 0.913104 (2 df)

Iteration 4:  10000000 integrand evaluations so far
[1] 33.7711 +- 0.130375  	chisq 1.15861 (3 df)
   33.77 ±   0.13        ( 40.1s) ┃   51.48 ±   0.13        (15.5mi) ┃
┣━━━━━━━━━━━━━━╋━━━━━━━━━━━━━━╋━━━━━━━━━━━━━━━━━━━━━━━━━━━━━━━━━━╋━━━━━━━━━━━━━━━━━━━━━━━━━━━━━━━━━━╋━━━━━━━━━━━━━━━━━━━━━━━━━━━━━━━━━━╋━━━━━━━━━━━━━━━━━━━━━━━━━━━━━━━━━━┫
┃   72 -    76 ┃   25 -    60 ┃  3.7437 ± 0.00029 ·10⁺⁰³ (6.79hr) ┃-1.95662 ± 0.00015 ·10⁺⁰³ (23.2hr) ┃   3.513 ± 0.0016 ·10⁺⁰³ (45.7mi) ┃  5.3001 ± 0.0016 ·10⁺⁰³ (30.7hr) ┃
┗━━━━━━━━━━━━━━┻━━━━━━━━━━━━━━┻━━━━━━━━━━━━━━━━━━━━━━━━━━━━━━━━━━┻━━━━━━━━━━━━━━━━━━━━━━━━━━━━━━━━━━┻━━━━━━━━━━━━━━━━━━━━━━━━━━━━━━━━━━┻━━━━━━━━━━━━━━━━━━━━━━━━━━━━━━━━━━┛

╍╍╍╍╍╍╍╍╍╍╍╍╍╍╍╍╍╍╍╍╍╍╍╍╍╍╍╍╍╍╍╍ Summary ╍╍╍╍╍╍╍╍╍╍╍╍╍╍╍╍╍╍╍╍╍╍╍╍╍╍╍╍╍╍╍
      Total cross section                    5.3001 ± 0.0016          pb
         Calculation time                               30.7       hours
              Output file                    outputs/qt_qt72_76_NLL_muR1.0_muF0.5.root            
      Result in text file                    outputs/qt_qt72_76_NLL_muR1.0_muF0.5.txt            

╍╍╍╍╍╍╍╍╍╍╍╍╍╍╍╍╍╍╍╍╍╍╍╍╍╍╍╍╍╍╍╍╍╍╍╍╍╍╍╍╍╍╍╍╍╍╍╍╍╍╍╍╍╍╍╍╍╍╍╍╍╍╍╍╍╍╍╍╍╍╍╍

