
╍╍╍╍╍╍╍╍╍╍╍╍╍╍╍╍╍╍╍╍╍╍╍╍╍╍╍ Process settings ╍╍╍╍╍╍╍╍╍╍╍╍╍╍╍╍╍╍╍╍╍╍╍╍╍╍╍
   proton-proton collisions at sqrt(s) = 13000 GeV 
   Computing NLO+NLL resummed cross section
   W- ->  e^-(p3)+nu~(p4) production 

╍╍╍╍╍╍╍╍╍╍╍╍╍╍╍╍╍╍╍╍╍╍╍╍╍╍╍╍╍╍ CKM matrix ╍╍╍╍╍╍╍╍╍╍╍╍╍╍╍╍╍╍╍╍╍╍╍╍╍╍╍╍╍╍
     | Vud Vus Vub |   |   0.97427   0.2253  0.00351 | 
     | Vcd Vcs Vcb | = |    0.2252  0.97344   0.0412 | 
     | Vtd Vts Vtb |   |         0        0        0 | 

╍╍╍╍╍╍╍╍╍╍╍╍╍╍╍╍╍╍╍╍╍╍╍╍╍╍╍╍╍ EW parameters ╍╍╍╍╍╍╍╍╍╍╍╍╍╍╍╍╍╍╍╍╍╍╍╍╍╍╍╍
                                         Gf =  1.1663787e-05      GeV^-2
                                    1/alpha =  132.233229791            
                                 sin(thW)^2 = 0.222897222524            
                                     W mass =         80.385         GeV
                                     Z mass =        91.1876         GeV
                                    W width =          2.091         GeV
                                    Z width =          2.495         GeV

╍╍╍╍╍╍╍╍╍╍╍╍╍╍╍╍╍╍╍╍╍╍╍╍╍╍╍╍╍ QCD settings ╍╍╍╍╍╍╍╍╍╍╍╍╍╍╍╍╍╍╍╍╍╍╍╍╍╍╍╍╍
   Renormalization scale:     dynamic muren =              1      * m_ll
     Factorization scale:     dynamic mufac =            0.5      * m_ll
       Resummation scale:     dynamic mures =              1      * m_ll
          Strong coupling       alpha_s(MZ) =       0.118001            
                              running order =              2       -loop
         Non-perturbative     form factor g =            0.7       GeV^2

╍╍╍╍╍╍╍╍╍╍╍╍╍╍╍╍╍╍╍╍╍╍╍╍╍╍╍╍╍ PDF settings ╍╍╍╍╍╍╍╍╍╍╍╍╍╍╍╍╍╍╍╍╍╍╍╍╍╍╍╍╍
                                     PDF set:MSHT20nnlo_as118            
                                  PDF member:              0            
  Mellin moments of PDFs:                    Numerical integration            
                         nodes for the quadrature:            200            
                         Intervals for the quadrature:              1            

╍╍╍╍╍╍╍╍╍╍╍╍╍╍╍╍╍╍╍╍╍╍╍╍╍╍╍╍╍╍╍ qT recoil ╍╍╍╍╍╍╍╍╍╍╍╍╍╍╍╍╍╍╍╍╍╍╍╍╍╍╍╍╍╍
  qt-recoil prescription:       Collins-Soper kt1 = p_V(x)/2; kt2 = p_V(y)/2            

╍╍╍╍╍╍╍╍╍╍╍╍╍╍╍╍╍╍╍╍╍╍╍╍╍╍╍╍╍╍╍╍╍ Cuts ╍╍╍╍╍╍╍╍╍╍╍╍╍╍╍╍╍╍╍╍╍╍╍╍╍╍╍╍╍╍╍╍╍
                                  apply cuts:           true            
                                      pt_l >               0            
                                   |eta_l| <            1000            
                                    pt_lep >              25            
                                 |eta_lep| <             2.4            
                                   pt_alep >              25            
                                |eta_alep| <             2.4            
                                  user cuts:            true            

╍╍╍╍╍╍╍╍╍╍╍╍╍╍╍╍╍╍╍╍╍╍╍╍╍╍╍╍ ResummationDamp ╍╍╍╍╍╍╍╍╍╍╍╍╍╍╍╍╍╍╍╍╍╍╍╍╍╍╍
                                    damping :             on            
                                damping mode:              1            
                                  damp above:        60.2888         GeV
                               damping width:        20.0963         GeV
                          resummation cutoff:             20         MeV

╍╍╍╍╍╍╍╍╍╍╍╍╍╍╍╍╍╍╍╍╍╍╍╍╍╍╍╍ Debug settings ╍╍╍╍╍╍╍╍╍╍╍╍╍╍╍╍╍╍╍╍╍╍╍╍╍╍╍╍
                                 timeprofile:          false            
                                     verbose:          false            
                               cubaverbosity:              2            

╍╍╍╍╍╍╍╍╍╍╍╍╍╍╍╍╍╍╍╍╍╍╍╍╍╍╍╍╍╍╍╍╍╍╍╍╍╍╍╍╍╍╍╍╍╍╍╍╍╍╍╍╍╍╍╍╍╍╍╍╍╍╍╍╍╍╍╍╍╍╍╍

Warning: Histogram `a1_qt` contains non-integrable observable and will be deleted 
Warning: Histogram `a1_qt_vs_y` contains non-integrable observable and will be deleted 
Warning: Histogram `s_biganswer` contains non-integrable observable and will be deleted 
Warning: Histogram `wgt_a1_qt` contains non-integrable observable and will be deleted 

╍╍╍╍╍╍╍╍╍╍╍╍╍╍╍╍╍╍╍╍╍╍╍╍╍ Integration settings ╍╍╍╍╍╍╍╍╍╍╍╍╍╍╍╍╍╍╍╍╍╍╍╍╍
             Random seeds              123456                           
           Parallel cores                   1                           

             Resummation:     cuhre (dm, dpt)         iter =           5
                                   gauss (dy)        nodes =          64
                                                 intervals =           1
            Counter term:      cuhre (dm, dy)         iter =           5
                                  gauss (dpt)        nodes =          20
                                                 intervals =           5
                     V+J:            vegas 7D       ncalls =    10000000

Mellin inverse transform:           gaussian         nodes =          30
                                                 intervals =           1
                               imaginary axis         zmax =           2
  Angular variable costh:     semi-analytical      ncstart =         100
   Angular variables phi:            gaussian    intervals =          20

      Constant boundaries                  q2          low =          80
                                                      high =         100
                                            y          low =          -6
                                                      high =           6
                                           qT          low =           0
                                                      high =         100
                                        costh          low =          -1
                                                      high =           1
                                       eta(l)          low =         -10
                                                      high =          10

┏━━━━━━━━━━━━━━┰━━━━━━━━━━━━━━━━━━━━━━━━━━━━━━━━━━┰━━━━━━━━━━━━━━━━━━━━━━━━━━━━━━━━━━┰━━━━━━━━━━━━━━━━━━━━━━━━━━━━━━━━━━┰━━━━━━━━━━━━━━━━━━━━━━━━━━━━━━━━━━┓
┃        pT(l) ┃                      Resummation ┃                     Counter term ┃                              V+J ┃                            TOTAL ┃
┣━━━━━━━━━━━━━━╋━━━━━━━━━━━━━━━━━━━━━━━━━━━━━━━━━━╋━━━━━━━━━━━━━━━━━━━━━━━━━━━━━━━━━━╋━━━━━━━━━━━━━━━━━━━━━━━━━━━━━━━━━━╋━━━━━━━━━━━━━━━━━━━━━━━━━━━━━━━━━━┫
┃   25 -    26 ┃ 35.5142 ± 0.0043 ·10⁺⁰³ (9.03mi) ┃ -59.032 ±  0.057 ·10⁺⁰³ (18.2mi) ┃Vegas input parameters:
  ndim 7
  ncomp 1
  nvec 1
  epsrel 0
  epsabs 0
  flags 10
  seed 123456
  mineval 10000000
  maxeval 10000000
  nstart 1000000
  nincrease 1000000
  nbatch 5000
  gridno 0
  statefile ""

Iteration 1:  1000000 integrand evaluations so far
[1] 62263.7 +- 1486.53  	chisq 0 (0 df)

Iteration 2:  3000000 integrand evaluations so far
[1] 64245.9 +- 356.177  	chisq 1.88638 (1 df)

Iteration 3:  6000000 integrand evaluations so far
[1] 64152.3 +- 210.782  	chisq 1.99256 (2 df)

Iteration 4:  10000000 integrand evaluations so far
[1] 64320.4 +- 151.619  	chisq 3.3095 (3 df)
   64.32 ±   0.15 ·10⁺⁰³ ( 31.2s) ┃    40.8 ±   0.16 ·10⁺⁰³ (27.7mi) ┃
┃   26 -    27 ┃  40.145 ±  0.018 ·10⁺⁰³ (  18mi) ┃ -80.593 ±  0.027 ·10⁺⁰³ (38.5mi) ┃Vegas input parameters:
  ndim 7
  ncomp 1
  nvec 1
  epsrel 0
  epsabs 0
  flags 10
  seed 123456
  mineval 10000000
  maxeval 10000000
  nstart 1000000
  nincrease 1000000
  nbatch 5000
  gridno 0
  statefile ""

Iteration 1:  1000000 integrand evaluations so far
[1] 84289.9 +- 1721.05  	chisq 0 (0 df)

Iteration 2:  3000000 integrand evaluations so far
[1] 84006.8 +- 404.526  	chisq 0.0286358 (1 df)

Iteration 3:  6000000 integrand evaluations so far
[1] 83906.4 +- 240.597  	chisq 0.124029 (2 df)

Iteration 4:  10000000 integrand evaluations so far
[1] 84152.7 +- 173.769  	chisq 2.3152 (3 df)
   84.15 ±   0.17 ·10⁺⁰³ ( 30.9s) ┃    43.7 ±   0.18 ·10⁺⁰³ (  57mi) ┃
┃   27 -    28 ┃  45.077 ±  0.022 ·10⁺⁰³ (9.18mi) ┃ -95.287 ±  0.073 ·10⁺⁰³ (2.72mi) ┃Vegas input parameters:
  ndim 7
  ncomp 1
  nvec 1
  epsrel 0
  epsabs 0
  flags 10
  seed 123456
  mineval 10000000
  maxeval 10000000
  nstart 1000000
  nincrease 1000000
  nbatch 5000
  gridno 0
  statefile ""

Iteration 1:  1000000 integrand evaluations so far
[1] 97453.3 +- 1849.88  	chisq 0 (0 df)

Iteration 2:  3000000 integrand evaluations so far
[1] 97596 +- 439.848  	chisq 0.00630987 (1 df)

Iteration 3:  6000000 integrand evaluations so far
[1] 97401.4 +- 262.41  	chisq 0.310249 (2 df)

Iteration 4:  10000000 integrand evaluations so far
[1] 97590.9 +- 202.714  	chisq 1.60256 (3 df)
   97.59 ±    0.2 ·10⁺⁰³ ( 31.3s) ┃   47.38 ±   0.22 ·10⁺⁰³ (12.4mi) ┃
┃   28 -    29 ┃  50.087 ±  0.023 ·10⁺⁰³ (9.29mi) ┃-107.333 ±  0.035 ·10⁺⁰³ (5.16mi) ┃Vegas input parameters:
  ndim 7
  ncomp 1
  nvec 1
  epsrel 0
  epsabs 0
  flags 10
  seed 123456
  mineval 10000000
  maxeval 10000000
  nstart 1000000
  nincrease 1000000
  nbatch 5000
  gridno 0
  statefile ""

Iteration 1:  1000000 integrand evaluations so far
[1] 106993 +- 1913.12  	chisq 0 (0 df)

Iteration 2:  3000000 integrand evaluations so far
[1] 108740 +- 462.89  	chisq 0.886044 (1 df)

Iteration 3:  6000000 integrand evaluations so far
[1] 108714 +- 277.912  	chisq 0.890885 (2 df)

Iteration 4:  10000000 integrand evaluations so far
[1] 109052 +- 225.795  	chisq 5.2222 (3 df)
  109.05 ±   0.23 ·10⁺⁰³ ( 32.8s) ┃   51.81 ±   0.23 ·10⁺⁰³ (  15mi) ┃
┃   29 -    30 ┃  55.495 ± 0.0094 ·10⁺⁰³ (9.38mi) ┃-118.738 ±  0.015 ·10⁺⁰³ (10.4mi) ┃Vegas input parameters:
  ndim 7
  ncomp 1
  nvec 1
  epsrel 0
  epsabs 0
  flags 10
  seed 123456
  mineval 10000000
  maxeval 10000000
  nstart 1000000
  nincrease 1000000
  nbatch 5000
  gridno 0
  statefile ""

Iteration 1:  1000000 integrand evaluations so far
[1] 116895 +- 1981.77  	chisq 0 (0 df)

Iteration 2:  3000000 integrand evaluations so far
[1] 120006 +- 494.562  	chisq 2.62849 (1 df)

Iteration 3:  6000000 integrand evaluations so far
[1] 119681 +- 298.745  	chisq 3.30845 (2 df)

Iteration 4:  10000000 integrand evaluations so far
[1] 119996 +- 216.63  	chisq 5.64663 (3 df)
     120 ±   0.22 ·10⁺⁰³ (   47s) ┃   56.75 ±   0.22 ·10⁺⁰³ (20.5mi) ┃
┃   30 -    31 ┃  61.303 ±  0.025 ·10⁺⁰³ (9.07mi) ┃-130.426 ±   0.05 ·10⁺⁰³ (5.41mi) ┃Vegas input parameters:
  ndim 7
  ncomp 1
  nvec 1
  epsrel 0
  epsabs 0
  flags 10
  seed 123456
  mineval 10000000
  maxeval 10000000
  nstart 1000000
  nincrease 1000000
  nbatch 5000
  gridno 0
  statefile ""

Iteration 1:  1000000 integrand evaluations so far
[1] 131116 +- 2083.21  	chisq 0 (0 df)

Iteration 2:  3000000 integrand evaluations so far
[1] 131704 +- 524.014  	chisq 0.0851009 (1 df)

Iteration 3:  6000000 integrand evaluations so far
[1] 131615 +- 317.268  	chisq 0.131198 (2 df)

Iteration 4:  10000000 integrand evaluations so far
[1] 131659 +- 230.593  	chisq 0.173158 (3 df)
  131.66 ±   0.23 ·10⁺⁰³ ( 30.7s) ┃   62.54 ±   0.24 ·10⁺⁰³ (  15mi) ┃
┃   31 -    32 ┃  66.903 ±  0.016 ·10⁺⁰³ (8.68mi) ┃ -142.48 ±   0.04 ·10⁺⁰³ (2.56mi) ┃Vegas input parameters:
  ndim 7
  ncomp 1
  nvec 1
  epsrel 0
  epsabs 0
  flags 10
  seed 123456
  mineval 10000000
  maxeval 10000000
  nstart 1000000
  nincrease 1000000
  nbatch 5000
  gridno 0
  statefile ""

Iteration 1:  1000000 integrand evaluations so far
[1] 146892 +- 2183  	chisq 0 (0 df)

Iteration 2:  3000000 integrand evaluations so far
[1] 144417 +- 553.414  	chisq 1.3738 (1 df)

Iteration 3:  6000000 integrand evaluations so far
[1] 144010 +- 336.026  	chisq 2.22994 (2 df)

Iteration 4:  10000000 integrand evaluations so far
[1] 143738 +- 243.811  	chisq 3.61558 (3 df)
  143.74 ±   0.24 ·10⁺⁰³ ( 30.8s) ┃   68.16 ±   0.25 ·10⁺⁰³ (11.8mi) ┃
┃   32 -    33 ┃   72.84 ±  0.015 ·10⁺⁰³ (8.19mi) ┃ -155.92 ±  0.052 ·10⁺⁰³ (2.34mi) ┃Vegas input parameters:
  ndim 7
  ncomp 1
  nvec 1
  epsrel 0
  epsabs 0
  flags 10
  seed 123456
  mineval 10000000
  maxeval 10000000
  nstart 1000000
  nincrease 1000000
  nbatch 5000
  gridno 0
  statefile ""

Iteration 1:  1000000 integrand evaluations so far
[1] 152043 +- 2180.14  	chisq 0 (0 df)

Iteration 2:  3000000 integrand evaluations so far
[1] 155525 +- 574.186  	chisq 2.74056 (1 df)

Iteration 3:  6000000 integrand evaluations so far
[1] 156165 +- 351.311  	chisq 4.7259 (2 df)

Iteration 4:  10000000 integrand evaluations so far
[1] 156174 +- 256.063  	chisq 4.72749 (3 df)
  156.17 ±   0.26 ·10⁺⁰³ ( 30.3s) ┃   73.09 ±   0.26 ·10⁺⁰³ (  11mi) ┃
┃   33 -    34 ┃  78.611 ±  0.028 ·10⁺⁰³ (7.75mi) ┃ -170.53 ±   0.12 ·10⁺⁰³ (2.24mi) ┃Vegas input parameters:
  ndim 7
  ncomp 1
  nvec 1
  epsrel 0
  epsabs 0
  flags 10
  seed 123456
  mineval 10000000
  maxeval 10000000
  nstart 1000000
  nincrease 1000000
  nbatch 5000
  gridno 0
  statefile ""

Iteration 1:  1000000 integrand evaluations so far
[1] 168395 +- 2262.74  	chisq 0 (0 df)

Iteration 2:  3000000 integrand evaluations so far
[1] 170783 +- 603.713  	chisq 1.19903 (1 df)

Iteration 3:  6000000 integrand evaluations so far
[1] 171021 +- 392.919  	chisq 1.46942 (2 df)

Iteration 4:  10000000 integrand evaluations so far
[1] 171006 +- 290.763  	chisq 1.47257 (3 df)
  171.01 ±   0.29 ·10⁺⁰³ ( 28.3s) ┃   79.09 ±   0.31 ·10⁺⁰³ (10.5mi) ┃
┃   34 -    35 ┃  85.092 ±  0.082 ·10⁺⁰³ (2.03mi) ┃-187.263 ±  0.037 ·10⁺⁰³ (4.34mi) ┃Vegas input parameters:
  ndim 7
  ncomp 1
  nvec 1
  epsrel 0
  epsabs 0
  flags 10
  seed 123456
  mineval 10000000
  maxeval 10000000
  nstart 1000000
  nincrease 1000000
  nbatch 5000
  gridno 0
  statefile ""

Iteration 1:  1000000 integrand evaluations so far
[1] 186582 +- 2356.8  	chisq 0 (0 df)

Iteration 2:  3000000 integrand evaluations so far
[1] 187944 +- 636.647  	chisq 0.360019 (1 df)

Iteration 3:  6000000 integrand evaluations so far
[1] 188061 +- 431.35  	chisq 0.422197 (2 df)

Iteration 4:  10000000 integrand evaluations so far
[1] 187841 +- 314.829  	chisq 0.976799 (3 df)
  187.84 ±   0.31 ·10⁺⁰³ ( 27.7s) ┃   85.67 ±   0.33 ·10⁺⁰³ (6.83mi) ┃
┃   35 -    36 ┃  91.393 ±   0.06 ·10⁺⁰³ (3.35mi) ┃ -207.31 ±   0.11 ·10⁺⁰³ ( 2.2mi) ┃Vegas input parameters:
  ndim 7
  ncomp 1
  nvec 1
  epsrel 0
  epsabs 0
  flags 10
  seed 123456
  mineval 10000000
  maxeval 10000000
  nstart 1000000
  nincrease 1000000
  nbatch 5000
  gridno 0
  statefile ""

Iteration 1:  1000000 integrand evaluations so far
[1] 208345 +- 2451.9  	chisq 0 (0 df)

Iteration 2:  3000000 integrand evaluations so far
[1] 207812 +- 668.753  	chisq 0.0509969 (1 df)

Iteration 3:  6000000 integrand evaluations so far
[1] 208034 +- 431.725  	chisq 0.239521 (2 df)

Iteration 4:  10000000 integrand evaluations so far
[1] 207801 +- 319.8  	chisq 0.882046 (3 df)
   207.8 ±   0.32 ·10⁺⁰³ (   27s) ┃   91.89 ±   0.34 ·10⁺⁰³ (6.01mi) ┃
┃   36 -    37 ┃  97.811 ±  0.096 ·10⁺⁰³ (1.89mi) ┃  -232.3 ±   0.13 ·10⁺⁰³ ( 59.8s) ┃Vegas input parameters:
  ndim 7
  ncomp 1
  nvec 1
  epsrel 0
  epsabs 0
  flags 10
  seed 123456
  mineval 10000000
  maxeval 10000000
  nstart 1000000
  nincrease 1000000
  nbatch 5000
  gridno 0
  statefile ""

Iteration 1:  1000000 integrand evaluations so far
[1] 230487 +- 2531.14  	chisq 0 (0 df)

Iteration 2:  3000000 integrand evaluations so far
[1] 232783 +- 706.747  	chisq 0.892323 (1 df)

Iteration 3:  6000000 integrand evaluations so far
[1] 232608 +- 434.077  	chisq 0.990819 (2 df)

Iteration 4:  10000000 integrand evaluations so far
[1] 232421 +- 328.978  	chisq 1.42586 (3 df)
  232.42 ±   0.33 ·10⁺⁰³ ( 28.9s) ┃   97.93 ±   0.37 ·10⁺⁰³ (3.37mi) ┃
┃   37 -    38 ┃ 103.405 ±  0.013 ·10⁺⁰³ (3.39mi) ┃ -265.87 ±   0.16 ·10⁺⁰³ ( 1.1mi) ┃Vegas input parameters:
  ndim 7
  ncomp 1
  nvec 1
  epsrel 0
  epsabs 0
  flags 10
  seed 123456
  mineval 10000000
  maxeval 10000000
  nstart 1000000
  nincrease 1000000
  nbatch 5000
  gridno 0
  statefile ""

Iteration 1:  1000000 integrand evaluations so far
[1] 265972 +- 2658.05  	chisq 0 (0 df)

Iteration 2:  3000000 integrand evaluations so far
[1] 266589 +- 749.523  	chisq 0.0584918 (1 df)

Iteration 3:  6000000 integrand evaluations so far
[1] 266460 +- 467.28  	chisq 0.107108 (2 df)

Iteration 4:  10000000 integrand evaluations so far
[1] 265813 +- 349.425  	chisq 4.46234 (3 df)
  265.81 ±   0.35 ·10⁺⁰³ ( 29.1s) ┃  103.34 ±   0.38 ·10⁺⁰³ (4.97mi) ┃
┃   38 -    39 ┃  107.27 ±    0.1 ·10⁺⁰³ (2.04mi) ┃-315.844 ±  0.031 ·10⁺⁰³ (1.05mi) ┃Vegas input parameters:
  ndim 7
  ncomp 1
  nvec 1
  epsrel 0
  epsabs 0
  flags 10
  seed 123456
  mineval 10000000
  maxeval 10000000
  nstart 1000000
  nincrease 1000000
  nbatch 5000
  gridno 0
  statefile ""

Iteration 1:  1000000 integrand evaluations so far
[1] 315240 +- 2834.9  	chisq 0 (0 df)

Iteration 2:  3000000 integrand evaluations so far
[1] 316367 +- 855.173  	chisq 0.173613 (1 df)

Iteration 3:  6000000 integrand evaluations so far
[1] 315703 +- 524.157  	chisq 1.13672 (2 df)

Iteration 4:  10000000 integrand evaluations so far
[1] 315635 +- 378.923  	chisq 1.17225 (3 df)
  315.64 ±   0.38 ·10⁺⁰³ ( 30.6s) ┃  107.06 ±   0.39 ·10⁺⁰³ ( 3.6mi) ┃
┃   39 -    40 ┃  106.71 ±  0.089 ·10⁺⁰³ (1.79mi) ┃ -397.24 ±   0.16 ·10⁺⁰³ (1.09mi) ┃Vegas input parameters:
  ndim 7
  ncomp 1
  nvec 1
  epsrel 0
  epsabs 0
  flags 10
  seed 123456
  mineval 10000000
  maxeval 10000000
  nstart 1000000
  nincrease 1000000
  nbatch 5000
  gridno 0
  statefile ""

Iteration 1:  1000000 integrand evaluations so far
[1] 400740 +- 3102.46  	chisq 0 (0 df)

Iteration 2:  3000000 integrand evaluations so far
[1] 398505 +- 862.535  	chisq 0.562327 (1 df)

Iteration 3:  6000000 integrand evaluations so far
[1] 397790 +- 544.442  	chisq 1.70377 (2 df)

Iteration 4:  10000000 integrand evaluations so far
[1] 397332 +- 401.826  	chisq 3.26157 (3 df)
  397.33 ±    0.4 ·10⁺⁰³ ( 35.5s) ┃   106.8 ±   0.44 ·10⁺⁰³ (3.47mi) ┃
┃   40 -    41 ┃  98.952 ±   0.06 ·10⁺⁰³ (6.57mi) ┃ -365.77 ±   0.29 ·10⁺⁰³ (1.06mi) ┃Vegas input parameters:
  ndim 7
  ncomp 1
  nvec 1
  epsrel 0
  epsabs 0
  flags 10
  seed 123456
  mineval 10000000
  maxeval 10000000
  nstart 1000000
  nincrease 1000000
  nbatch 5000
  gridno 0
  statefile ""

Iteration 1:  1000000 integrand evaluations so far
[1] 367659 +- 2930.39  	chisq 0 (0 df)

Iteration 2:  3000000 integrand evaluations so far
[1] 366679 +- 804.2  	chisq 0.120795 (1 df)

Iteration 3:  6000000 integrand evaluations so far
[1] 366334 +- 508.169  	chisq 0.42752 (2 df)

Iteration 4:  10000000 integrand evaluations so far
[1] 366279 +- 374.838  	chisq 0.453573 (3 df)
  366.28 ±   0.37 ·10⁺⁰³ (   30s) ┃   99.46 ±   0.48 ·10⁺⁰³ (8.13mi) ┃
┃   41 -    42 ┃  85.143 ±  0.062 ·10⁺⁰³ (2.76mi) ┃ -199.06 ±   0.13 ·10⁺⁰³ (6.29mi) ┃Vegas input parameters:
  ndim 7
  ncomp 1
  nvec 1
  epsrel 0
  epsabs 0
  flags 10
  seed 123456
  mineval 10000000
  maxeval 10000000
  nstart 1000000
  nincrease 1000000
  nbatch 5000
  gridno 0
  statefile ""

Iteration 1:  1000000 integrand evaluations so far
[1] 199756 +- 2188.58  	chisq 0 (0 df)

Iteration 2:  3000000 integrand evaluations so far
[1] 198339 +- 615.459  	chisq 0.455411 (1 df)

Iteration 3:  6000000 integrand evaluations so far
[1] 198364 +- 385.117  	chisq 0.458133 (2 df)

Iteration 4:  10000000 integrand evaluations so far
[1] 198638 +- 283.481  	chisq 1.56149 (3 df)
  198.64 ±   0.28 ·10⁺⁰³ ( 32.3s) ┃   84.72 ±   0.32 ·10⁺⁰³ (9.59mi) ┃
┃   42 -    43 ┃  70.308 ±  0.059 ·10⁺⁰³ (2.57mi) ┃-110.657 ±  0.047 ·10⁺⁰³ (11.9mi) ┃Vegas input parameters:
  ndim 7
  ncomp 1
  nvec 1
  epsrel 0
  epsabs 0
  flags 10
  seed 123456
  mineval 10000000
  maxeval 10000000
  nstart 1000000
  nincrease 1000000
  nbatch 5000
  gridno 0
  statefile ""

Iteration 1:  1000000 integrand evaluations so far
[1] 110563 +- 1641.12  	chisq 0 (0 df)

Iteration 2:  3000000 integrand evaluations so far
[1] 110059 +- 454.775  	chisq 0.102336 (1 df)

Iteration 3:  6000000 integrand evaluations so far
[1] 110393 +- 280.886  	chisq 0.972976 (2 df)

Iteration 4:  10000000 integrand evaluations so far
[1] 110687 +- 208.666  	chisq 3.42261 (3 df)
  110.69 ±   0.21 ·10⁺⁰³ ( 26.8s) ┃   70.34 ±   0.22 ·10⁺⁰³ (14.9mi) ┃
┃   43 -    44 ┃  57.197 ±   0.03 ·10⁺⁰³ (9.79mi) ┃ -71.054 ±  0.024 ·10⁺⁰³ ( 2.9mi) ┃Vegas input parameters:
  ndim 7
  ncomp 1
  nvec 1
  epsrel 0
  epsabs 0
  flags 10
  seed 123456
  mineval 10000000
  maxeval 10000000
  nstart 1000000
  nincrease 1000000
  nbatch 5000
  gridno 0
  statefile ""

Iteration 1:  1000000 integrand evaluations so far
[1] 70171.1 +- 1310.51  	chisq 0 (0 df)

Iteration 2:  3000000 integrand evaluations so far
[1] 71162.2 +- 360.618  	chisq 0.618825 (1 df)

Iteration 3:  6000000 integrand evaluations so far
[1] 71531.5 +- 220.342  	chisq 2.29171 (2 df)

Iteration 4:  10000000 integrand evaluations so far
[1] 71655.7 +- 160.328  	chisq 2.96726 (3 df)
   71.66 ±   0.16 ·10⁺⁰³ ( 28.5s) ┃    57.8 ±   0.16 ·10⁺⁰³ (13.2mi) ┃
┃   44 -    45 ┃  46.656 ±  0.022 ·10⁺⁰³ (9.52mi) ┃ -49.569 ±  0.019 ·10⁺⁰³ (  11mi) ┃Vegas input parameters:
  ndim 7
  ncomp 1
  nvec 1
  epsrel 0
  epsabs 0
  flags 10
  seed 123456
  mineval 10000000
  maxeval 10000000
  nstart 1000000
  nincrease 1000000
  nbatch 5000
  gridno 0
  statefile ""

Iteration 1:  1000000 integrand evaluations so far
[1] 51835.1 +- 1129.28  	chisq 0 (0 df)

Iteration 2:  3000000 integrand evaluations so far
[1] 50583.8 +- 293.254  	chisq 1.3164 (1 df)

Iteration 3:  6000000 integrand evaluations so far
[1] 50305.4 +- 177.453  	chisq 2.73874 (2 df)

Iteration 4:  10000000 integrand evaluations so far
[1] 50457.8 +- 129.058  	chisq 4.30382 (3 df)
   50.46 ±   0.13 ·10⁺⁰³ ( 26.2s) ┃   47.54 ±   0.13 ·10⁺⁰³ (20.9mi) ┃
┃   45 -    46 ┃ 38.3243 ± 0.0065 ·10⁺⁰³ (18.1mi) ┃ -36.463 ±   0.01 ·10⁺⁰³ (5.78mi) ┃Vegas input parameters:
  ndim 7
  ncomp 1
  nvec 1
  epsrel 0
  epsabs 0
  flags 10
  seed 123456
  mineval 10000000
  maxeval 10000000
  nstart 1000000
  nincrease 1000000
  nbatch 5000
  gridno 0
  statefile ""

Iteration 1:  1000000 integrand evaluations so far
[1] 35946.7 +- 928.347  	chisq 0 (0 df)

Iteration 2:  3000000 integrand evaluations so far
[1] 37473.8 +- 245.855  	chisq 2.91016 (1 df)

Iteration 3:  6000000 integrand evaluations so far
[1] 37265.4 +- 144.712  	chisq 4.00974 (2 df)

Iteration 4:  10000000 integrand evaluations so far
[1] 37345.5 +- 105.037  	chisq 4.65752 (3 df)
   37.35 ±   0.11 ·10⁺⁰³ ( 26.6s) ┃   39.21 ±   0.11 ·10⁺⁰³ (24.3mi) ┃
┃   46 -    47 ┃  31.777 ±  0.013 ·10⁺⁰³ (19.9mi) ┃-27.7162 ± 0.0024 ·10⁺⁰³ (21.7mi) ┃Vegas input parameters:
  ndim 7
  ncomp 1
  nvec 1
  epsrel 0
  epsabs 0
  flags 10
  seed 123456
  mineval 10000000
  maxeval 10000000
  nstart 1000000
  nincrease 1000000
  nbatch 5000
  gridno 0
  statefile ""

Iteration 1:  1000000 integrand evaluations so far
[1] 27678.6 +- 809.41  	chisq 0 (0 df)

Iteration 2:  3000000 integrand evaluations so far
[1] 28567.8 +- 208.992  	chisq 1.29305 (1 df)

Iteration 3:  6000000 integrand evaluations so far
[1] 28624.1 +- 122.383  	chisq 1.40356 (2 df)

Iteration 4:  10000000 integrand evaluations so far
[1] 28749.4 +- 91.1178  	chisq 3.75407 (3 df)
  28.749 ±  0.091 ·10⁺⁰³ ( 26.3s) ┃   32.81 ±  0.092 ·10⁺⁰³ (  42mi) ┃
┃   47 -    48 ┃ 26.5302 ± 0.0018 ·10⁺⁰³ (1.05hr) ┃ -21.428 ±  0.019 ·10⁺⁰³ (4.58mi) ┃Vegas input parameters:
  ndim 7
  ncomp 1
  nvec 1
  epsrel 0
  epsabs 0
  flags 10
  seed 123456
  mineval 10000000
  maxeval 10000000
  nstart 1000000
  nincrease 1000000
  nbatch 5000
  gridno 0
  statefile ""

Iteration 1:  1000000 integrand evaluations so far
[1] 22035.8 +- 724.013  	chisq 0 (0 df)

Iteration 2:  3000000 integrand evaluations so far
[1] 22440.2 +- 178.478  	chisq 0.332133 (1 df)

Iteration 3:  6000000 integrand evaluations so far
[1] 22454 +- 103.201  	chisq 0.341233 (2 df)

Iteration 4:  10000000 integrand evaluations so far
[1] 22513.9 +- 73.2278  	chisq 1.01976 (3 df)
  22.514 ±  0.073 ·10⁺⁰³ ( 21.4s) ┃  27.616 ±  0.076 ·10⁺⁰³ (1.13hr) ┃
┃   48 -    49 ┃  22.378 ±  0.012 ·10⁺⁰³ (30.3mi) ┃ -16.772 ±  0.015 ·10⁺⁰³ ( 4.5mi) ┃Vegas input parameters:
  ndim 7
  ncomp 1
  nvec 1
  epsrel 0
  epsabs 0
  flags 10
  seed 123456
  mineval 10000000
  maxeval 10000000
  nstart 1000000
  nincrease 1000000
  nbatch 5000
  gridno 0
  statefile ""

Iteration 1:  1000000 integrand evaluations so far
[1] 19001.6 +- 664.835  	chisq 0 (0 df)

Iteration 2:  3000000 integrand evaluations so far
[1] 17833 +- 152.489  	chisq 3.26087 (1 df)

Iteration 3:  6000000 integrand evaluations so far
[1] 17847.1 +- 87.3721  	chisq 3.2736 (2 df)

Iteration 4:  10000000 integrand evaluations so far
[1] 17952.6 +- 64.0062  	chisq 6.41677 (3 df)
  17.953 ±  0.064 ·10⁺⁰³ ( 21.7s) ┃  23.558 ±  0.067 ·10⁺⁰³ (35.1mi) ┃
┃   49 -    50 ┃ 18.9437 ± 0.0022 ·10⁺⁰³ (15.4mi) ┃-13.0688 ± 0.0052 ·10⁺⁰³ (17.8mi) ┃Vegas input parameters:
  ndim 7
  ncomp 1
  nvec 1
  epsrel 0
  epsabs 0
  flags 10
  seed 123456
  mineval 10000000
  maxeval 10000000
  nstart 1000000
  nincrease 1000000
  nbatch 5000
  gridno 0
  statefile ""

Iteration 1:  1000000 integrand evaluations so far
[1] 13588.2 +- 559.628  	chisq 0 (0 df)

Iteration 2:  3000000 integrand evaluations so far
[1] 14033.4 +- 129.247  	chisq 0.668275 (1 df)

Iteration 3:  6000000 integrand evaluations so far
[1] 14168.8 +- 79.4493  	chisq 2.43463 (2 df)

Iteration 4:  10000000 integrand evaluations so far
[1] 14273.9 +- 55.5459  	chisq 5.85266 (3 df)
  14.274 ±  0.056 ·10⁺⁰³ ( 21.3s) ┃  20.149 ±  0.056 ·10⁺⁰³ (33.6mi) ┃
┃   50 -    51 ┃ 16.1327 ±  0.009 ·10⁺⁰³ (3.95mi) ┃-10.2815 ±  0.004 ·10⁺⁰³ ( 8.7mi) ┃Vegas input parameters:
  ndim 7
  ncomp 1
  nvec 1
  epsrel 0
  epsabs 0
  flags 10
  seed 123456
  mineval 10000000
  maxeval 10000000
  nstart 1000000
  nincrease 1000000
  nbatch 5000
  gridno 0
  statefile ""

Iteration 1:  1000000 integrand evaluations so far
[1] 11614.7 +- 530.472  	chisq 0 (0 df)

Iteration 2:  3000000 integrand evaluations so far
[1] 11479.5 +- 108.834  	chisq 0.0677286 (1 df)

Iteration 3:  6000000 integrand evaluations so far
[1] 11475.8 +- 61.2626  	chisq 0.0694409 (2 df)

Iteration 4:  10000000 integrand evaluations so far
[1] 11483.6 +- 45.1152  	chisq 0.104501 (3 df)
  11.484 ±  0.045 ·10⁺⁰³ ( 21.2s) ┃  17.335 ±  0.046 ·10⁺⁰³ (  13mi) ┃
┃   51 -    52 ┃  13.821 ±  0.007 ·10⁺⁰³ (14.9mi) ┃ -8.4316 ± 0.0031 ·10⁺⁰³ ( 2.2mi) ┃Vegas input parameters:
  ndim 7
  ncomp 1
  nvec 1
  epsrel 0
  epsabs 0
  flags 10
  seed 123456
  mineval 10000000
  maxeval 10000000
  nstart 1000000
  nincrease 1000000
  nbatch 5000
  gridno 0
  statefile ""

Iteration 1:  1000000 integrand evaluations so far
[1] 8628.07 +- 441.008  	chisq 0 (0 df)

Iteration 2:  3000000 integrand evaluations so far
[1] 9544.1 +- 80.0631  	chisq 4.46151 (1 df)

Iteration 3:  6000000 integrand evaluations so far
[1] 9515.45 +- 47.297  	chisq 4.65827 (2 df)

Iteration 4:  10000000 integrand evaluations so far
[1] 9550.59 +- 33.7637  	chisq 5.78402 (3 df)
   9.551 ±  0.034 ·10⁺⁰³ ( 21.3s) ┃   14.94 ±  0.035 ·10⁺⁰³ (17.4mi) ┃
┃   52 -    53 ┃ 11.9195 ± 0.0026 ·10⁺⁰³ (7.72mi) ┃ -7.0432 ± 0.0063 ·10⁺⁰³ (4.32mi) ┃Vegas input parameters:
  ndim 7
  ncomp 1
  nvec 1
  epsrel 0
  epsabs 0
  flags 10
  seed 123456
  mineval 10000000
  maxeval 10000000
  nstart 1000000
  nincrease 1000000
  nbatch 5000
  gridno 0
  statefile ""

Iteration 1:  1000000 integrand evaluations so far
[1] 8073.37 +- 433.605  	chisq 0 (0 df)

Iteration 2:  3000000 integrand evaluations so far
[1] 8227.3 +- 66.5844  	chisq 0.129071 (1 df)

Iteration 3:  6000000 integrand evaluations so far
[1] 8213.81 +- 41.2756  	chisq 0.195704 (2 df)

Iteration 4:  10000000 integrand evaluations so far
[1] 8228.12 +- 30.5366  	chisq 0.461249 (3 df)
   8.228 ±  0.031 ·10⁺⁰³ ( 21.1s) ┃  13.104 ±  0.031 ·10⁺⁰³ (12.4mi) ┃
┃   53 -    54 ┃ 10.3095 ± 0.0075 ·10⁺⁰³ (14.9mi) ┃ -6.0539 ± 0.0017 ·10⁺⁰³ (17.1mi) ┃Vegas input parameters:
  ndim 7
  ncomp 1
  nvec 1
  epsrel 0
  epsabs 0
  flags 10
  seed 123456
  mineval 10000000
  maxeval 10000000
  nstart 1000000
  nincrease 1000000
  nbatch 5000
  gridno 0
  statefile ""

Iteration 1:  1000000 integrand evaluations so far
[1] 7181.84 +- 400.144  	chisq 0 (0 df)

Iteration 2:  3000000 integrand evaluations so far
[1] 7117.81 +- 58.8887  	chisq 0.0261701 (1 df)

Iteration 3:  6000000 integrand evaluations so far
[1] 7155.38 +- 34.7033  	chisq 0.649543 (2 df)

Iteration 4:  10000000 integrand evaluations so far
[1] 7145.97 +- 25.4097  	chisq 0.807801 (3 df)
   7.146 ±  0.025 ·10⁺⁰³ ( 21.2s) ┃  11.402 ±  0.027 ·10⁺⁰³ (32.3mi) ┃
┃   54 -    55 ┃  8.9571 ± 0.0083 ·10⁺⁰³ (15.3mi) ┃ -5.0904 ± 0.0033 ·10⁺⁰³ (1.12mi) ┃Vegas input parameters:
  ndim 7
  ncomp 1
  nvec 1
  epsrel 0
  epsabs 0
  flags 10
  seed 123456
  mineval 10000000
  maxeval 10000000
  nstart 1000000
  nincrease 1000000
  nbatch 5000
  gridno 0
  statefile ""

Iteration 1:  1000000 integrand evaluations so far
[1] 6312.17 +- 374.406  	chisq 0 (0 df)

Iteration 2:  3000000 integrand evaluations so far
[1] 6120.81 +- 53.9905  	chisq 0.266774 (1 df)

Iteration 3:  6000000 integrand evaluations so far
[1] 6182.67 +- 37.3427  	chisq 2.78404 (2 df)

Iteration 4:  10000000 integrand evaluations so far
[1] 6227.17 +- 26.6482  	chisq 5.67703 (3 df)
   6.227 ±  0.027 ·10⁺⁰³ (   21s) ┃  10.094 ±  0.028 ·10⁺⁰³ (16.8mi) ┃
┃   55 -    56 ┃  7.8223 ± 0.0042 ·10⁺⁰³ (14.9mi) ┃ -4.5028 ± 0.0018 ·10⁺⁰³ (16.9mi) ┃Vegas input parameters:
  ndim 7
  ncomp 1
  nvec 1
  epsrel 0
  epsabs 0
  flags 10
  seed 123456
  mineval 10000000
  maxeval 10000000
  nstart 1000000
  nincrease 1000000
  nbatch 5000
  gridno 0
  statefile ""

Iteration 1:  1000000 integrand evaluations so far
[1] 5343.82 +- 338.964  	chisq 0 (0 df)

Iteration 2:  3000000 integrand evaluations so far
[1] 5464.93 +- 52.0022  	chisq 0.13074 (1 df)

Iteration 3:  6000000 integrand evaluations so far
[1] 5516.58 +- 29.5612  	chisq 1.58808 (2 df)

Iteration 4:  10000000 integrand evaluations so far
[1] 5514.68 +- 20.8024  	chisq 1.59626 (3 df)
   5.515 ±  0.021 ·10⁺⁰³ ( 21.2s) ┃   8.834 ±  0.021 ·10⁺⁰³ (32.1mi) ┃
┃   56 -    57 ┃  6.8312 ± 0.0038 ·10⁺⁰³ (15.3mi) ┃ -3.7861 ± 0.0011 ·10⁺⁰³ (4.27mi) ┃Vegas input parameters:
  ndim 7
  ncomp 1
  nvec 1
  epsrel 0
  epsabs 0
  flags 10
  seed 123456
  mineval 10000000
  maxeval 10000000
  nstart 1000000
  nincrease 1000000
  nbatch 5000
  gridno 0
  statefile ""

Iteration 1:  1000000 integrand evaluations so far
[1] 4730.74 +- 319.38  	chisq 0 (0 df)

Iteration 2:  3000000 integrand evaluations so far
[1] 4845.12 +- 43.2123  	chisq 0.130658 (1 df)

Iteration 3:  6000000 integrand evaluations so far
[1] 4870.52 +- 26.7555  	chisq 0.691109 (2 df)

Iteration 4:  10000000 integrand evaluations so far
[1] 4872.3 +- 19.4097  	chisq 0.70036 (3 df)
   4.872 ±  0.019 ·10⁺⁰³ ( 32.9s) ┃   7.917 ±   0.02 ·10⁺⁰³ (20.2mi) ┃
┃   57 -    58 ┃  5.9744 ± 0.0051 ·10⁺⁰³ (14.8mi) ┃ -3.3669 ± 0.0015 ·10⁺⁰³ (4.25mi) ┃Vegas input parameters:
  ndim 7
  ncomp 1
  nvec 1
  epsrel 0
  epsabs 0
  flags 10
  seed 123456
  mineval 10000000
  maxeval 10000000
  nstart 1000000
  nincrease 1000000
  nbatch 5000
  gridno 0
  statefile ""

Iteration 1:  1000000 integrand evaluations so far
[1] 4100.94 +- 297.915  	chisq 0 (0 df)

Iteration 2:  3000000 integrand evaluations so far
[1] 4218 +- 37.3008  	chisq 0.156838 (1 df)

Iteration 3:  6000000 integrand evaluations so far
[1] 4246.47 +- 29.3633  	chisq 1.68872 (2 df)

Iteration 4:  10000000 integrand evaluations so far
[1] 4268.36 +- 21.3219  	chisq 2.86488 (3 df)
   4.268 ±  0.021 ·10⁺⁰³ (   21s) ┃   6.876 ±  0.022 ·10⁺⁰³ (19.4mi) ┃
┃   58 -    59 ┃  5.2445 ± 0.0038 ·10⁺⁰³ (14.7mi) ┃-2.86328 ± 0.00056 ·10⁺⁰³ (4.28mi) ┃Vegas input parameters:
  ndim 7
  ncomp 1
  nvec 1
  epsrel 0
  epsabs 0
  flags 10
  seed 123456
  mineval 10000000
  maxeval 10000000
  nstart 1000000
  nincrease 1000000
  nbatch 5000
  gridno 0
  statefile ""

Iteration 1:  1000000 integrand evaluations so far
[1] 3483.13 +- 273.312  	chisq 0 (0 df)

Iteration 2:  3000000 integrand evaluations so far
[1] 3773.51 +- 35.7341  	chisq 1.14844 (1 df)

Iteration 3:  6000000 integrand evaluations so far
[1] 3813.13 +- 20.8471  	chisq 3.01262 (2 df)

Iteration 4:  10000000 integrand evaluations so far
[1] 3825.64 +- 15.0773  	chisq 3.76664 (3 df)
   3.826 ±  0.015 ·10⁺⁰³ ( 21.4s) ┃   6.207 ±  0.016 ·10⁺⁰³ (19.4mi) ┃
┃   59 -    60 ┃  4.6013 ± 0.0024 ·10⁺⁰³ (  29mi) ┃ -2.4589 ± 0.0014 ·10⁺⁰³ (4.21mi) ┃Vegas input parameters:
  ndim 7
  ncomp 1
  nvec 1
  epsrel 0
  epsabs 0
  flags 10
  seed 123456
  mineval 10000000
  maxeval 10000000
  nstart 1000000
  nincrease 1000000
  nbatch 5000
  gridno 0
  statefile ""

Iteration 1:  1000000 integrand evaluations so far
[1] 3576.38 +- 264.73  	chisq 0 (0 df)

Iteration 2:  3000000 integrand evaluations so far
[1] 3358.25 +- 33.7443  	chisq 0.69013 (1 df)

Iteration 3:  6000000 integrand evaluations so far
[1] 3341.53 +- 19.0566  	chisq 1.05047 (2 df)

Iteration 4:  10000000 integrand evaluations so far
[1] 3378.95 +- 14.524  	chisq 10.2485 (3 df)
   3.379 ±  0.015 ·10⁺⁰³ (   21s) ┃   5.521 ±  0.015 ·10⁺⁰³ (33.5mi) ┃
┣━━━━━━━━━━━━━━╋━━━━━━━━━━━━━━━━━━━━━━━━━━━━━━━━━━╋━━━━━━━━━━━━━━━━━━━━━━━━━━━━━━━━━━╋━━━━━━━━━━━━━━━━━━━━━━━━━━━━━━━━━━╋━━━━━━━━━━━━━━━━━━━━━━━━━━━━━━━━━━┫
┃   25 -    60 ┃ 1.68548 ± 0.00023 ·10⁺⁰⁶ ( 7.1hr) ┃ -3.6316 ± 0.00047 ·10⁺⁰⁶ (4.22hr) ┃  3.6676 ± 0.0012 ·10⁺⁰⁶ (15.9mi) ┃  1.7215 ± 0.0013 ·10⁺⁰⁶ (11.6hr) ┃
┗━━━━━━━━━━━━━━┻━━━━━━━━━━━━━━━━━━━━━━━━━━━━━━━━━━┻━━━━━━━━━━━━━━━━━━━━━━━━━━━━━━━━━━┻━━━━━━━━━━━━━━━━━━━━━━━━━━━━━━━━━━┻━━━━━━━━━━━━━━━━━━━━━━━━━━━━━━━━━━┛

╍╍╍╍╍╍╍╍╍╍╍╍╍╍╍╍╍╍╍╍╍╍╍╍╍╍╍╍╍╍╍╍ Summary ╍╍╍╍╍╍╍╍╍╍╍╍╍╍╍╍╍╍╍╍╍╍╍╍╍╍╍╍╍╍╍
      Total cross section                    1.7215 ± 0.0013          nb
         Calculation time                               11.6       hours
              Output file                    outputs/ptl_NLL_muR1.0_muF0.5.root            
      Result in text file                    outputs/ptl_NLL_muR1.0_muF0.5.txt            

╍╍╍╍╍╍╍╍╍╍╍╍╍╍╍╍╍╍╍╍╍╍╍╍╍╍╍╍╍╍╍╍╍╍╍╍╍╍╍╍╍╍╍╍╍╍╍╍╍╍╍╍╍╍╍╍╍╍╍╍╍╍╍╍╍╍╍╍╍╍╍╍

