
╍╍╍╍╍╍╍╍╍╍╍╍╍╍╍╍╍╍╍╍╍╍╍╍╍╍╍ Process settings ╍╍╍╍╍╍╍╍╍╍╍╍╍╍╍╍╍╍╍╍╍╍╍╍╍╍╍
   proton-proton collisions at sqrt(s) = 13000 GeV 
   Computing NLO+NLL resummed cross section
   W- ->  e^-(p3)+nu~(p4) production 

╍╍╍╍╍╍╍╍╍╍╍╍╍╍╍╍╍╍╍╍╍╍╍╍╍╍╍╍╍╍ CKM matrix ╍╍╍╍╍╍╍╍╍╍╍╍╍╍╍╍╍╍╍╍╍╍╍╍╍╍╍╍╍╍
     | Vud Vus Vub |   |   0.97427   0.2253  0.00351 | 
     | Vcd Vcs Vcb | = |    0.2252  0.97344   0.0412 | 
     | Vtd Vts Vtb |   |         0        0        0 | 

╍╍╍╍╍╍╍╍╍╍╍╍╍╍╍╍╍╍╍╍╍╍╍╍╍╍╍╍╍ EW parameters ╍╍╍╍╍╍╍╍╍╍╍╍╍╍╍╍╍╍╍╍╍╍╍╍╍╍╍╍
                                         Gf =  1.1663787e-05      GeV^-2
                                    1/alpha =  132.233229791            
                                 sin(thW)^2 = 0.222897222524            
                                     W mass =         80.385         GeV
                                     Z mass =        91.1876         GeV
                                    W width =          2.091         GeV
                                    Z width =          2.495         GeV

╍╍╍╍╍╍╍╍╍╍╍╍╍╍╍╍╍╍╍╍╍╍╍╍╍╍╍╍╍ QCD settings ╍╍╍╍╍╍╍╍╍╍╍╍╍╍╍╍╍╍╍╍╍╍╍╍╍╍╍╍╍
   Renormalization scale:     dynamic muren =            0.5      * m_ll
     Factorization scale:     dynamic mufac =              1      * m_ll
       Resummation scale:     dynamic mures =              1      * m_ll
          Strong coupling       alpha_s(MZ) =       0.118001            
                              running order =              2       -loop
         Non-perturbative     form factor g =            0.7       GeV^2

╍╍╍╍╍╍╍╍╍╍╍╍╍╍╍╍╍╍╍╍╍╍╍╍╍╍╍╍╍ PDF settings ╍╍╍╍╍╍╍╍╍╍╍╍╍╍╍╍╍╍╍╍╍╍╍╍╍╍╍╍╍
                                     PDF set:MSHT20nnlo_as118            
                                  PDF member:              0            
  Mellin moments of PDFs:                    Numerical integration            
                         nodes for the quadrature:            200            
                         Intervals for the quadrature:              1            

╍╍╍╍╍╍╍╍╍╍╍╍╍╍╍╍╍╍╍╍╍╍╍╍╍╍╍╍╍╍╍ qT recoil ╍╍╍╍╍╍╍╍╍╍╍╍╍╍╍╍╍╍╍╍╍╍╍╍╍╍╍╍╍╍
  qt-recoil prescription:       Collins-Soper kt1 = p_V(x)/2; kt2 = p_V(y)/2            

╍╍╍╍╍╍╍╍╍╍╍╍╍╍╍╍╍╍╍╍╍╍╍╍╍╍╍╍╍╍╍╍╍ Cuts ╍╍╍╍╍╍╍╍╍╍╍╍╍╍╍╍╍╍╍╍╍╍╍╍╍╍╍╍╍╍╍╍╍
                                  apply cuts:           true            
                                      pt_l >               0            
                                   |eta_l| <            1000            
                                    pt_lep >              25            
                                 |eta_lep| <             2.4            
                                   pt_alep >              25            
                                |eta_alep| <             2.4            
                                  user cuts:            true            

╍╍╍╍╍╍╍╍╍╍╍╍╍╍╍╍╍╍╍╍╍╍╍╍╍╍╍╍ ResummationDamp ╍╍╍╍╍╍╍╍╍╍╍╍╍╍╍╍╍╍╍╍╍╍╍╍╍╍╍
                                    damping :             on            
                                damping mode:              1            
                                  damp above:        60.2888         GeV
                               damping width:        20.0963         GeV
                          resummation cutoff:             20         MeV

╍╍╍╍╍╍╍╍╍╍╍╍╍╍╍╍╍╍╍╍╍╍╍╍╍╍╍╍ Debug settings ╍╍╍╍╍╍╍╍╍╍╍╍╍╍╍╍╍╍╍╍╍╍╍╍╍╍╍╍
                                 timeprofile:          false            
                                     verbose:          false            
                               cubaverbosity:              2            

╍╍╍╍╍╍╍╍╍╍╍╍╍╍╍╍╍╍╍╍╍╍╍╍╍╍╍╍╍╍╍╍╍╍╍╍╍╍╍╍╍╍╍╍╍╍╍╍╍╍╍╍╍╍╍╍╍╍╍╍╍╍╍╍╍╍╍╍╍╍╍╍

Warning: Histogram `a1_qt` contains non-integrable observable and will be deleted 
Warning: Histogram `a1_qt_vs_y` contains non-integrable observable and will be deleted 
Warning: Histogram `s_biganswer` contains non-integrable observable and will be deleted 
Warning: Histogram `wgt_a1_qt` contains non-integrable observable and will be deleted 

╍╍╍╍╍╍╍╍╍╍╍╍╍╍╍╍╍╍╍╍╍╍╍╍╍ Integration settings ╍╍╍╍╍╍╍╍╍╍╍╍╍╍╍╍╍╍╍╍╍╍╍╍╍
             Random seeds              123456                           
           Parallel cores                   1                           

             Resummation:     cuhre (dm, dpt)         iter =           5
                                   gauss (dy)        nodes =          64
                                                 intervals =           1
            Counter term:      cuhre (dm, dy)         iter =           5
                                  gauss (dpt)        nodes =          20
                                                 intervals =           5
                     V+J:            vegas 7D       ncalls =    10000000

Mellin inverse transform:           gaussian         nodes =          30
                                                 intervals =           1
                               imaginary axis         zmax =           2
  Angular variable costh:     semi-analytical      ncstart =         100
   Angular variables phi:            gaussian    intervals =          20

      Constant boundaries                  q2          low =          80
                                                      high =         100
                                            y          low =          -6
                                                      high =           6
                                        costh          low =          -1
                                                      high =           1
                                        pT(l)          low =           0
                                                      high =       13000
                                       eta(l)          low =         -10
                                                      high =          10

┏━━━━━━━━━━━━━━┰━━━━━━━━━━━━━━━━━━━━━━━━━━━━━━━━━━┰━━━━━━━━━━━━━━━━━━━━━━━━━━━━━━━━━━┰━━━━━━━━━━━━━━━━━━━━━━━━━━━━━━━━━━┰━━━━━━━━━━━━━━━━━━━━━━━━━━━━━━━━━━┓
┃           qT ┃                      Resummation ┃                     Counter term ┃                              V+J ┃                            TOTAL ┃
┣━━━━━━━━━━━━━━╋━━━━━━━━━━━━━━━━━━━━━━━━━━━━━━━━━━╋━━━━━━━━━━━━━━━━━━━━━━━━━━━━━━━━━━╋━━━━━━━━━━━━━━━━━━━━━━━━━━━━━━━━━━╋━━━━━━━━━━━━━━━━━━━━━━━━━━━━━━━━━━┫
┃    0 -     2 ┃   88.15 ±  0.088 ·10⁺⁰³ ( 7.74s) ┃-1.98155 ± 0.00018 ·10⁺⁰⁶ (4.02mi) ┃Vegas input parameters:
  ndim 7
  ncomp 1
  nvec 1
  epsrel 0
  epsabs 0
  flags 10
  seed 123456
  mineval 10000000
  maxeval 10000000
  nstart 1000000
  nincrease 1000000
  nbatch 5000
  gridno 0
  statefile ""

Iteration 1:  1000000 integrand evaluations so far
[1] 1.97726e+06 +- 4457.51  	chisq 0 (0 df)

Iteration 2:  3000000 integrand evaluations so far
[1] 1.98124e+06 +- 892.172  	chisq 0.831496 (1 df)

Iteration 3:  6000000 integrand evaluations so far
[1] 1.98118e+06 +- 526.384  	chisq 0.837321 (2 df)

Iteration 4:  10000000 integrand evaluations so far
[1] 1.9807e+06 +- 376.847  	chisq 2.57493 (3 df)
  1.9807 ± 0.00038 ·10⁺⁰⁶ ( 52.9s) ┃    87.3 ±   0.43 ·10⁺⁰³ (5.03mi) ┃
┃    2 -     4 ┃  197.52 ±    0.2 ·10⁺⁰³ ( 3.82s) ┃ -959.55 ±   0.61 ·10⁺⁰³ (2.17mi) ┃Vegas input parameters:
  ndim 7
  ncomp 1
  nvec 1
  epsrel 0
  epsabs 0
  flags 10
  seed 123456
  mineval 10000000
  maxeval 10000000
  nstart 1000000
  nincrease 1000000
  nbatch 5000
  gridno 0
  statefile ""

Iteration 1:  1000000 integrand evaluations so far
[1] 954730 +- 2254.25  	chisq 0 (0 df)

Iteration 2:  3000000 integrand evaluations so far
[1] 958588 +- 432.777  	chisq 3.04224 (1 df)

Iteration 3:  6000000 integrand evaluations so far
[1] 958466 +- 252.983  	chisq 3.16387 (2 df)

Iteration 4:  10000000 integrand evaluations so far
[1] 958319 +- 181.269  	chisq 3.85604 (3 df)
  958.32 ±   0.18 ·10⁺⁰³ ( 53.7s) ┃  196.28 ±   0.67 ·10⁺⁰³ (3.13mi) ┃
┃    4 -     6 ┃  215.94 ±    0.2 ·10⁺⁰³ ( 4.11s) ┃ -462.47 ±   0.27 ·10⁺⁰³ (2.18mi) ┃Vegas input parameters:
  ndim 7
  ncomp 1
  nvec 1
  epsrel 0
  epsabs 0
  flags 10
  seed 123456
  mineval 10000000
  maxeval 10000000
  nstart 1000000
  nincrease 1000000
  nbatch 5000
  gridno 0
  statefile ""

Iteration 1:  1000000 integrand evaluations so far
[1] 459589 +- 1135.93  	chisq 0 (0 df)

Iteration 2:  3000000 integrand evaluations so far
[1] 461689 +- 210.411  	chisq 3.54125 (1 df)

Iteration 3:  6000000 integrand evaluations so far
[1] 461652 +- 122.876  	chisq 3.5895 (2 df)

Iteration 4:  10000000 integrand evaluations so far
[1] 461640 +- 88.7022  	chisq 3.60818 (3 df)
  461.64 ±  0.089 ·10⁺⁰³ ( 52.4s) ┃  215.11 ±   0.35 ·10⁺⁰³ (3.12mi) ┃
┃    6 -     8 ┃  194.28 ±   0.17 ·10⁺⁰³ ( 4.26s) ┃ -283.05 ±   0.16 ·10⁺⁰³ (2.13mi) ┃Vegas input parameters:
  ndim 7
  ncomp 1
  nvec 1
  epsrel 0
  epsabs 0
  flags 10
  seed 123456
  mineval 10000000
  maxeval 10000000
  nstart 1000000
  nincrease 1000000
  nbatch 5000
  gridno 0
  statefile ""

Iteration 1:  1000000 integrand evaluations so far
[1] 281410 +- 720.582  	chisq 0 (0 df)

Iteration 2:  3000000 integrand evaluations so far
[1] 282639 +- 131.374  	chisq 3.00486 (1 df)

Iteration 3:  6000000 integrand evaluations so far
[1] 282574 +- 75.8174  	chisq 3.36908 (2 df)

Iteration 4:  10000000 integrand evaluations so far
[1] 282588 +- 54.4792  	chisq 3.43783 (3 df)
 282.588 ±  0.054 ·10⁺⁰³ ( 52.7s) ┃  193.82 ±   0.23 ·10⁺⁰³ (3.07mi) ┃
┃    8 -    10 ┃  164.44 ±   0.13 ·10⁺⁰³ ( 4.32s) ┃ -193.49 ±    0.1 ·10⁺⁰³ (2.15mi) ┃Vegas input parameters:
  ndim 7
  ncomp 1
  nvec 1
  epsrel 0
  epsabs 0
  flags 10
  seed 123456
  mineval 10000000
  maxeval 10000000
  nstart 1000000
  nincrease 1000000
  nbatch 5000
  gridno 0
  statefile ""

Iteration 1:  1000000 integrand evaluations so far
[1] 192848 +- 508.49  	chisq 0 (0 df)

Iteration 2:  3000000 integrand evaluations so far
[1] 193490 +- 91.5631  	chisq 1.64366 (1 df)

Iteration 3:  6000000 integrand evaluations so far
[1] 193442 +- 53.6794  	chisq 2.0606 (2 df)

Iteration 4:  10000000 integrand evaluations so far
[1] 193461 +- 38.4292  	chisq 2.33664 (3 df)
 193.461 ±  0.038 ·10⁺⁰³ ( 52.4s) ┃  164.41 ±   0.17 ·10⁺⁰³ (3.09mi) ┃
┃   10 -    12 ┃  137.17 ±   0.11 ·10⁺⁰³ ( 4.49s) ┃ -140.77 ±   0.11 ·10⁺⁰³ ( 21.4s) ┃Vegas input parameters:
  ndim 7
  ncomp 1
  nvec 1
  epsrel 0
  epsabs 0
  flags 10
  seed 123456
  mineval 10000000
  maxeval 10000000
  nstart 1000000
  nincrease 1000000
  nbatch 5000
  gridno 0
  statefile ""

Iteration 1:  1000000 integrand evaluations so far
[1] 141151 +- 381.923  	chisq 0 (0 df)

Iteration 2:  3000000 integrand evaluations so far
[1] 141514 +- 68.768  	chisq 0.932489 (1 df)

Iteration 3:  6000000 integrand evaluations so far
[1] 141475 +- 40.1302  	chisq 1.42843 (2 df)

Iteration 4:  10000000 integrand evaluations so far
[1] 141498 +- 28.6388  	chisq 2.11981 (3 df)
 141.498 ±  0.029 ·10⁺⁰³ ( 50.8s) ┃  137.89 ±   0.16 ·10⁺⁰³ (1.28mi) ┃
┃   12 -    14 ┃  114.45 ±   0.11 ·10⁺⁰³ ( 2.56s) ┃  -107.3 ±    0.1 ·10⁺⁰³ ( 34.5s) ┃Vegas input parameters:
  ndim 7
  ncomp 1
  nvec 1
  epsrel 0
  epsabs 0
  flags 10
  seed 123456
  mineval 10000000
  maxeval 10000000
  nstart 1000000
  nincrease 1000000
  nbatch 5000
  gridno 0
  statefile ""

Iteration 1:  1000000 integrand evaluations so far
[1] 107963 +- 298.954  	chisq 0 (0 df)

Iteration 2:  3000000 integrand evaluations so far
[1] 108131 +- 53.7896  	chisq 0.326757 (1 df)

Iteration 3:  6000000 integrand evaluations so far
[1] 108120 +- 31.4947  	chisq 0.388558 (2 df)

Iteration 4:  10000000 integrand evaluations so far
[1] 108136 +- 22.5567  	chisq 0.929337 (3 df)
 108.136 ±  0.023 ·10⁺⁰³ ( 51.7s) ┃  115.29 ±   0.15 ·10⁺⁰³ (1.48mi) ┃
┃   14 -    16 ┃  95.958 ±  0.067 ·10⁺⁰³ ( 2.73s) ┃ -84.205 ±  0.033 ·10⁺⁰³ (2.13mi) ┃Vegas input parameters:
  ndim 7
  ncomp 1
  nvec 1
  epsrel 0
  epsabs 0
  flags 10
  seed 123456
  mineval 10000000
  maxeval 10000000
  nstart 1000000
  nincrease 1000000
  nbatch 5000
  gridno 0
  statefile ""

Iteration 1:  1000000 integrand evaluations so far
[1] 85171.5 +- 240.979  	chisq 0 (0 df)

Iteration 2:  3000000 integrand evaluations so far
[1] 85295.6 +- 43.4545  	chisq 0.274136 (1 df)

Iteration 3:  6000000 integrand evaluations so far
[1] 85284.5 +- 25.5238  	chisq 0.373238 (2 df)

Iteration 4:  10000000 integrand evaluations so far
[1] 85288.9 +- 18.2992  	chisq 0.433301 (3 df)
  85.289 ±  0.018 ·10⁺⁰³ (   51s) ┃  97.041 ±  0.077 ·10⁺⁰³ (3.03mi) ┃
┃   16 -    18 ┃  80.677 ±  0.074 ·10⁺⁰³ ( 957ms) ┃ -67.538 ±  0.024 ·10⁺⁰³ (2.15mi) ┃Vegas input parameters:
  ndim 7
  ncomp 1
  nvec 1
  epsrel 0
  epsabs 0
  flags 10
  seed 123456
  mineval 10000000
  maxeval 10000000
  nstart 1000000
  nincrease 1000000
  nbatch 5000
  gridno 0
  statefile ""

Iteration 1:  1000000 integrand evaluations so far
[1] 68832 +- 198.689  	chisq 0 (0 df)

Iteration 2:  3000000 integrand evaluations so far
[1] 68891.1 +- 36.1481  	chisq 0.0914796 (1 df)

Iteration 3:  6000000 integrand evaluations so far
[1] 68880.2 +- 20.9706  	chisq 0.22681 (2 df)

Iteration 4:  10000000 integrand evaluations so far
[1] 68885.7 +- 15.0639  	chisq 0.368381 (3 df)
  68.886 ±  0.015 ·10⁺⁰³ ( 50.7s) ┃  82.025 ±  0.079 ·10⁺⁰³ (3.01mi) ┃
┃   18 -    20 ┃  68.582 ±  0.033 ·10⁺⁰³ ( 1.49s) ┃  -55.12 ±  0.017 ·10⁺⁰³ (2.11mi) ┃Vegas input parameters:
  ndim 7
  ncomp 1
  nvec 1
  epsrel 0
  epsabs 0
  flags 10
  seed 123456
  mineval 10000000
  maxeval 10000000
  nstart 1000000
  nincrease 1000000
  nbatch 5000
  gridno 0
  statefile ""

Iteration 1:  1000000 integrand evaluations so far
[1] 56571 +- 166.562  	chisq 0 (0 df)

Iteration 2:  3000000 integrand evaluations so far
[1] 56671.9 +- 30.5285  	chisq 0.379213 (1 df)

Iteration 3:  6000000 integrand evaluations so far
[1] 56653.3 +- 17.7262  	chisq 0.934515 (2 df)

Iteration 4:  10000000 integrand evaluations so far
[1] 56656.1 +- 12.6045  	chisq 0.982605 (3 df)
  56.656 ±  0.013 ·10⁺⁰³ ( 50.2s) ┃  70.117 ±  0.039 ·10⁺⁰³ (2.97mi) ┃
┃   20 -    22 ┃  58.514 ±  0.029 ·10⁺⁰³ ( 2.68s) ┃ -45.613 ±  0.012 ·10⁺⁰³ (2.03mi) ┃Vegas input parameters:
  ndim 7
  ncomp 1
  nvec 1
  epsrel 0
  epsabs 0
  flags 10
  seed 123456
  mineval 10000000
  maxeval 10000000
  nstart 1000000
  nincrease 1000000
  nbatch 5000
  gridno 0
  statefile ""

Iteration 1:  1000000 integrand evaluations so far
[1] 47203.6 +- 141.644  	chisq 0 (0 df)

Iteration 2:  3000000 integrand evaluations so far
[1] 47304.5 +- 26.3054  	chisq 0.525475 (1 df)

Iteration 3:  6000000 integrand evaluations so far
[1] 47291.5 +- 15.2072  	chisq 0.890653 (2 df)

Iteration 4:  10000000 integrand evaluations so far
[1] 47288.1 +- 10.9631  	chisq 0.997276 (3 df)
  47.288 ±  0.011 ·10⁺⁰³ ( 51.8s) ┃  60.189 ±  0.033 ·10⁺⁰³ (2.94mi) ┃
┃   22 -    24 ┃  50.154 ±   0.02 ·10⁺⁰³ ( 2.56s) ┃-38.1721 ± 0.0093 ·10⁺⁰³ ( 2.1mi) ┃Vegas input parameters:
  ndim 7
  ncomp 1
  nvec 1
  epsrel 0
  epsabs 0
  flags 10
  seed 123456
  mineval 10000000
  maxeval 10000000
  nstart 1000000
  nincrease 1000000
  nbatch 5000
  gridno 0
  statefile ""

Iteration 1:  1000000 integrand evaluations so far
[1] 39903.2 +- 121.871  	chisq 0 (0 df)

Iteration 2:  3000000 integrand evaluations so far
[1] 39931.5 +- 22.8213  	chisq 0.0559965 (1 df)

Iteration 3:  6000000 integrand evaluations so far
[1] 39932.1 +- 13.1558  	chisq 0.0569434 (2 df)

Iteration 4:  10000000 integrand evaluations so far
[1] 39928 +- 9.55342  	chisq 0.25923 (3 df)
  39.928 ± 0.0096 ·10⁺⁰³ ( 52.3s) ┃   51.91 ±  0.024 ·10⁺⁰³ (3.01mi) ┃
┃   24 -    26 ┃  43.195 ±  0.014 ·10⁺⁰³ ( 2.68s) ┃-32.2436 ± 0.0081 ·10⁺⁰³ (2.11mi) ┃Vegas input parameters:
  ndim 7
  ncomp 1
  nvec 1
  epsrel 0
  epsabs 0
  flags 10
  seed 123456
  mineval 10000000
  maxeval 10000000
  nstart 1000000
  nincrease 1000000
  nbatch 5000
  gridno 0
  statefile ""

Iteration 1:  1000000 integrand evaluations so far
[1] 33998.7 +- 105.735  	chisq 0 (0 df)

Iteration 2:  3000000 integrand evaluations so far
[1] 34048.7 +- 20.0089  	chisq 0.232141 (1 df)

Iteration 3:  6000000 integrand evaluations so far
[1] 34044.1 +- 11.6192  	chisq 0.312083 (2 df)

Iteration 4:  10000000 integrand evaluations so far
[1] 34039 +- 8.39982  	chisq 0.722478 (3 df)
  34.039 ± 0.0084 ·10⁺⁰³ ( 50.2s) ┃   44.99 ±  0.019 ·10⁺⁰³ (2.99mi) ┃
┃   26 -    28 ┃  37.354 ±   0.01 ·10⁺⁰³ ( 2.68s) ┃-27.4486 ± 0.0063 ·10⁺⁰³ (2.13mi) ┃Vegas input parameters:
  ndim 7
  ncomp 1
  nvec 1
  epsrel 0
  epsabs 0
  flags 10
  seed 123456
  mineval 10000000
  maxeval 10000000
  nstart 1000000
  nincrease 1000000
  nbatch 5000
  gridno 0
  statefile ""

Iteration 1:  1000000 integrand evaluations so far
[1] 29203.1 +- 92.4585  	chisq 0 (0 df)

Iteration 2:  3000000 integrand evaluations so far
[1] 29247.2 +- 17.681  	chisq 0.236292 (1 df)

Iteration 3:  6000000 integrand evaluations so far
[1] 29246.5 +- 10.2999  	chisq 0.238789 (2 df)

Iteration 4:  10000000 integrand evaluations so far
[1] 29246.1 +- 7.48873  	chisq 0.241035 (3 df)
 29.2461 ± 0.0075 ·10⁺⁰³ (1.15mi) ┃  39.151 ±  0.014 ·10⁺⁰³ (3.32mi) ┃
┃   28 -    30 ┃ 32.4163 ± 0.0074 ·10⁺⁰³ ( 2.64s) ┃-23.5195 ±  0.006 ·10⁺⁰³ (2.09mi) ┃Vegas input parameters:
  ndim 7
  ncomp 1
  nvec 1
  epsrel 0
  epsabs 0
  flags 10
  seed 123456
  mineval 10000000
  maxeval 10000000
  nstart 1000000
  nincrease 1000000
  nbatch 5000
  gridno 0
  statefile ""

Iteration 1:  1000000 integrand evaluations so far
[1] 25252.9 +- 81.3466  	chisq 0 (0 df)

Iteration 2:  3000000 integrand evaluations so far
[1] 25281.8 +- 15.7386  	chisq 0.131135 (1 df)

Iteration 3:  6000000 integrand evaluations so far
[1] 25287.6 +- 9.21666  	chisq 0.332794 (2 df)

Iteration 4:  10000000 integrand evaluations so far
[1] 25285.1 +- 6.68269  	chisq 0.476092 (3 df)
 25.2852 ± 0.0067 ·10⁺⁰³ (   49s) ┃  34.182 ±  0.012 ·10⁺⁰³ (2.96mi) ┃
┃   30 -    32 ┃ 28.2177 ± 0.0056 ·10⁺⁰³ ( 2.65s) ┃-20.2636 ± 0.0053 ·10⁺⁰³ (2.06mi) ┃Vegas input parameters:
  ndim 7
  ncomp 1
  nvec 1
  epsrel 0
  epsabs 0
  flags 10
  seed 123456
  mineval 10000000
  maxeval 10000000
  nstart 1000000
  nincrease 1000000
  nbatch 5000
  gridno 0
  statefile ""

Iteration 1:  1000000 integrand evaluations so far
[1] 21942.1 +- 71.9186  	chisq 0 (0 df)

Iteration 2:  3000000 integrand evaluations so far
[1] 21963.3 +- 14.1216  	chisq 0.09061 (1 df)

Iteration 3:  6000000 integrand evaluations so far
[1] 21968.5 +- 8.29463  	chisq 0.302712 (2 df)

Iteration 4:  10000000 integrand evaluations so far
[1] 21967.8 +- 6.00437  	chisq 0.321527 (3 df)
 21.9678 ±  0.006 ·10⁺⁰³ (   50s) ┃ 29.9218 ± 0.0098 ·10⁺⁰³ (2.94mi) ┃
┃   32 -    34 ┃ 24.6253 ± 0.0036 ·10⁺⁰³ ( 2.66s) ┃-17.5371 ± 0.0043 ·10⁺⁰³ (2.08mi) ┃Vegas input parameters:
  ndim 7
  ncomp 1
  nvec 1
  epsrel 0
  epsabs 0
  flags 10
  seed 123456
  mineval 10000000
  maxeval 10000000
  nstart 1000000
  nincrease 1000000
  nbatch 5000
  gridno 0
  statefile ""

Iteration 1:  1000000 integrand evaluations so far
[1] 19132.3 +- 63.81  	chisq 0 (0 df)

Iteration 2:  3000000 integrand evaluations so far
[1] 19146.3 +- 12.7152  	chisq 0.0501488 (1 df)

Iteration 3:  6000000 integrand evaluations so far
[1] 19152.8 +- 7.47882  	chisq 0.454568 (2 df)

Iteration 4:  10000000 integrand evaluations so far
[1] 19153.8 +- 5.44686  	chisq 0.491942 (3 df)
 19.1538 ± 0.0054 ·10⁺⁰³ (   48s) ┃  26.242 ± 0.0078 ·10⁺⁰³ (2.93mi) ┃
┃   34 -    36 ┃ 21.5335 ± 0.0016 ·10⁺⁰³ ( 2.58s) ┃-15.2306 ±  0.004 ·10⁺⁰³ (2.05mi) ┃Vegas input parameters:
  ndim 7
  ncomp 1
  nvec 1
  epsrel 0
  epsabs 0
  flags 10
  seed 123456
  mineval 10000000
  maxeval 10000000
  nstart 1000000
  nincrease 1000000
  nbatch 5000
  gridno 0
  statefile ""

Iteration 1:  1000000 integrand evaluations so far
[1] 16723.2 +- 56.7751  	chisq 0 (0 df)

Iteration 2:  3000000 integrand evaluations so far
[1] 16732 +- 11.4868  	chisq 0.0248119 (1 df)

Iteration 3:  6000000 integrand evaluations so far
[1] 16738.3 +- 6.78418  	chisq 0.493327 (2 df)

Iteration 4:  10000000 integrand evaluations so far
[1] 16738.5 +- 4.91802  	chisq 0.494225 (3 df)
 16.7385 ± 0.0049 ·10⁺⁰³ ( 47.2s) ┃ 23.0414 ± 0.0066 ·10⁺⁰³ (2.88mi) ┃
┃   36 -    38 ┃ 18.8483 ± 0.0024 ·10⁺⁰³ ( 2.61s) ┃-13.2563 ± 0.0037 ·10⁺⁰³ ( 2.1mi) ┃Vegas input parameters:
  ndim 7
  ncomp 1
  nvec 1
  epsrel 0
  epsabs 0
  flags 10
  seed 123456
  mineval 10000000
  maxeval 10000000
  nstart 1000000
  nincrease 1000000
  nbatch 5000
  gridno 0
  statefile ""

Iteration 1:  1000000 integrand evaluations so far
[1] 14627 +- 50.6122  	chisq 0 (0 df)

Iteration 2:  3000000 integrand evaluations so far
[1] 14628.9 +- 10.4145  	chisq 0.00155298 (1 df)

Iteration 3:  6000000 integrand evaluations so far
[1] 14629.7 +- 6.15115  	chisq 0.0110348 (2 df)

Iteration 4:  10000000 integrand evaluations so far
[1] 14631.3 +- 4.46878  	chisq 0.150038 (3 df)
 14.6313 ± 0.0045 ·10⁺⁰³ ( 47.2s) ┃ 20.2232 ± 0.0063 ·10⁺⁰³ (2.93mi) ┃
┃   38 -    40 ┃ 16.4617 ± 0.0082 ·10⁺⁰³ ( 2.58s) ┃-11.5262 ± 0.0032 ·10⁺⁰³ (2.03mi) ┃Vegas input parameters:
  ndim 7
  ncomp 1
  nvec 1
  epsrel 0
  epsabs 0
  flags 10
  seed 123456
  mineval 10000000
  maxeval 10000000
  nstart 1000000
  nincrease 1000000
  nbatch 5000
  gridno 0
  statefile ""

Iteration 1:  1000000 integrand evaluations so far
[1] 12724.8 +- 45.005  	chisq 0 (0 df)

Iteration 2:  3000000 integrand evaluations so far
[1] 12738.9 +- 9.44235  	chisq 0.103343 (1 df)

Iteration 3:  6000000 integrand evaluations so far
[1] 12741.1 +- 5.62282  	chisq 0.187569 (2 df)

Iteration 4:  10000000 integrand evaluations so far
[1] 12741.7 +- 4.10725  	chisq 0.208606 (3 df)
 12.7417 ± 0.0041 ·10⁺⁰³ ( 47.8s) ┃ 17.6771 ± 0.0097 ·10⁺⁰³ (2.87mi) ┃
┃   40 -    42 ┃ 14.3068 ± 0.0062 ·10⁺⁰³ ( 2.59s) ┃ -9.9853 ± 0.0028 ·10⁺⁰³ (1.95mi) ┃Vegas input parameters:
  ndim 7
  ncomp 1
  nvec 1
  epsrel 0
  epsabs 0
  flags 10
  seed 123456
  mineval 10000000
  maxeval 10000000
  nstart 1000000
  nincrease 1000000
  nbatch 5000
  gridno 0
  statefile ""

Iteration 1:  1000000 integrand evaluations so far
[1] 11004.1 +- 39.913  	chisq 0 (0 df)

Iteration 2:  3000000 integrand evaluations so far
[1] 11007.3 +- 8.56107  	chisq 0.00688872 (1 df)

Iteration 3:  6000000 integrand evaluations so far
[1] 11003.8 +- 5.11116  	chisq 0.266492 (2 df)

Iteration 4:  10000000 integrand evaluations so far
[1] 11005.7 +- 3.73554  	chisq 0.561505 (3 df)
 11.0057 ± 0.0037 ·10⁺⁰³ ( 46.6s) ┃ 15.3272 ± 0.0078 ·10⁺⁰³ (2.77mi) ┃
┃   42 -    44 ┃  12.534 ±  0.012 ·10⁺⁰³ ( 2.54s) ┃ -8.7259 ± 0.0025 ·10⁺⁰³ (3.68mi) ┃Vegas input parameters:
  ndim 7
  ncomp 1
  nvec 1
  epsrel 0
  epsabs 0
  flags 10
  seed 123456
  mineval 10000000
  maxeval 10000000
  nstart 1000000
  nincrease 1000000
  nbatch 5000
  gridno 0
  statefile ""

Iteration 1:  1000000 integrand evaluations so far
[1] 9589.02 +- 35.5638  	chisq 0 (0 df)

Iteration 2:  3000000 integrand evaluations so far
[1] 9586.99 +- 7.77973  	chisq 0.0034244 (1 df)

Iteration 3:  6000000 integrand evaluations so far
[1] 9583.92 +- 4.64527  	chisq 0.24523 (2 df)

Iteration 4:  10000000 integrand evaluations so far
[1] 9583.66 +- 3.38481  	chisq 0.252056 (3 df)
  9.5837 ± 0.0034 ·10⁺⁰³ ( 43.4s) ┃  13.392 ±  0.012 ·10⁺⁰³ (4.44mi) ┃
┃   44 -    46 ┃ 11.0948 ± 0.0046 ·10⁺⁰³ ( 2.56s) ┃ -7.7104 ± 0.0022 ·10⁺⁰³ (1.94mi) ┃Vegas input parameters:
  ndim 7
  ncomp 1
  nvec 1
  epsrel 0
  epsabs 0
  flags 10
  seed 123456
  mineval 10000000
  maxeval 10000000
  nstart 1000000
  nincrease 1000000
  nbatch 5000
  gridno 0
  statefile ""

Iteration 1:  1000000 integrand evaluations so far
[1] 8462.62 +- 31.9171  	chisq 0 (0 df)

Iteration 2:  3000000 integrand evaluations so far
[1] 8452.28 +- 7.09737  	chisq 0.11041 (1 df)

Iteration 3:  6000000 integrand evaluations so far
[1] 8447.53 +- 4.24347  	chisq 0.808564 (2 df)

Iteration 4:  10000000 integrand evaluations so far
[1] 8446.64 +- 3.09054  	chisq 0.901574 (3 df)
  8.4466 ± 0.0031 ·10⁺⁰³ ( 44.2s) ┃ 11.8311 ± 0.0059 ·10⁺⁰³ (2.72mi) ┃
┃   46 -    48 ┃  9.9075 ± 0.0046 ·10⁺⁰³ ( 4.64s) ┃ -6.8796 ± 0.0031 ·10⁺⁰³ (3.59mi) ┃Vegas input parameters:
  ndim 7
  ncomp 1
  nvec 1
  epsrel 0
  epsabs 0
  flags 10
  seed 123456
  mineval 10000000
  maxeval 10000000
  nstart 1000000
  nincrease 1000000
  nbatch 5000
  gridno 0
  statefile ""

Iteration 1:  1000000 integrand evaluations so far
[1] 7537.89 +- 28.7968  	chisq 0 (0 df)

Iteration 2:  3000000 integrand evaluations so far
[1] 7520.68 +- 6.48395  	chisq 0.375994 (1 df)

Iteration 3:  6000000 integrand evaluations so far
[1] 7517.31 +- 3.90822  	chisq 0.80154 (2 df)

Iteration 4:  10000000 integrand evaluations so far
[1] 7517.67 +- 2.85505  	chisq 0.819382 (3 df)
  7.5177 ± 0.0029 ·10⁺⁰³ ( 43.4s) ┃ 10.5456 ± 0.0062 ·10⁺⁰³ (4.39mi) ┃
┃   48 -    50 ┃  8.9137 ± 0.0053 ·10⁺⁰³ ( 4.72s) ┃ -6.1832 ± 0.0036 ·10⁺⁰³ (3.56mi) ┃Vegas input parameters:
  ndim 7
  ncomp 1
  nvec 1
  epsrel 0
  epsabs 0
  flags 10
  seed 123456
  mineval 10000000
  maxeval 10000000
  nstart 1000000
  nincrease 1000000
  nbatch 5000
  gridno 0
  statefile ""

Iteration 1:  1000000 integrand evaluations so far
[1] 6768.14 +- 26.1049  	chisq 0 (0 df)

Iteration 2:  3000000 integrand evaluations so far
[1] 6753.97 +- 5.93126  	chisq 0.310762 (1 df)

Iteration 3:  6000000 integrand evaluations so far
[1] 6748.02 +- 3.58441  	chisq 1.89515 (2 df)

Iteration 4:  10000000 integrand evaluations so far
[1] 6748.16 +- 2.623  	chisq 1.89824 (3 df)
  6.7482 ± 0.0026 ·10⁺⁰³ ( 43.5s) ┃  9.4786 ±  0.007 ·10⁺⁰³ (4.37mi) ┃
┃   50 -    52 ┃  8.1015 ± 0.0076 ·10⁺⁰³ ( 2.69s) ┃ -5.6215 ± 0.0047 ·10⁺⁰³ (2.16mi) ┃Vegas input parameters:
  ndim 7
  ncomp 1
  nvec 1
  epsrel 0
  epsabs 0
  flags 10
  seed 123456
  mineval 10000000
  maxeval 10000000
  nstart 1000000
  nincrease 1000000
  nbatch 5000
  gridno 0
  statefile ""

Iteration 1:  1000000 integrand evaluations so far
[1] 6125.91 +- 23.7814  	chisq 0 (0 df)

Iteration 2:  3000000 integrand evaluations so far
[1] 6112.5 +- 5.44417  	chisq 0.335648 (1 df)

Iteration 3:  6000000 integrand evaluations so far
[1] 6107.26 +- 3.29502  	chisq 1.79745 (2 df)

Iteration 4:  10000000 integrand evaluations so far
[1] 6108.07 +- 2.41476  	chisq 1.9297 (3 df)
  6.1081 ± 0.0024 ·10⁺⁰³ ( 44.5s) ┃  8.5881 ± 0.0092 ·10⁺⁰³ (2.95mi) ┃
┃   52 -    54 ┃  7.3918 ± 0.0012 ·10⁺⁰³ (  2.7s) ┃ -5.1279 ± 0.0014 ·10⁺⁰³ (2.16mi) ┃Vegas input parameters:
  ndim 7
  ncomp 1
  nvec 1
  epsrel 0
  epsabs 0
  flags 10
  seed 123456
  mineval 10000000
  maxeval 10000000
  nstart 1000000
  nincrease 1000000
  nbatch 5000
  gridno 0
  statefile ""

Iteration 1:  1000000 integrand evaluations so far
[1] 5572.9 +- 21.7315  	chisq 0 (0 df)

Iteration 2:  3000000 integrand evaluations so far
[1] 5567.83 +- 4.99794  	chisq 0.0575063 (1 df)

Iteration 3:  6000000 integrand evaluations so far
[1] 5561.06 +- 3.04417  	chisq 2.97406 (2 df)

Iteration 4:  10000000 integrand evaluations so far
[1] 5560.53 +- 2.22293  	chisq 3.04033 (3 df)
  5.5605 ± 0.0022 ·10⁺⁰³ ( 42.9s) ┃  7.8244 ± 0.0029 ·10⁺⁰³ (2.92mi) ┃
┃   54 -    56 ┃  6.7365 ±  0.005 ·10⁺⁰³ ( 4.87s) ┃ -4.6775 ± 0.0029 ·10⁺⁰³ (3.99mi) ┃Vegas input parameters:
  ndim 7
  ncomp 1
  nvec 1
  epsrel 0
  epsabs 0
  flags 10
  seed 123456
  mineval 10000000
  maxeval 10000000
  nstart 1000000
  nincrease 1000000
  nbatch 5000
  gridno 0
  statefile ""

Iteration 1:  1000000 integrand evaluations so far
[1] 5091.49 +- 19.909  	chisq 0 (0 df)

Iteration 2:  3000000 integrand evaluations so far
[1] 5088.51 +- 4.58849  	chisq 0.0237398 (1 df)

Iteration 3:  6000000 integrand evaluations so far
[1] 5082.56 +- 2.7947  	chisq 2.69441 (2 df)

Iteration 4:  10000000 integrand evaluations so far
[1] 5081.71 +- 2.03995  	chisq 2.89356 (3 df)
  5.0817 ±  0.002 ·10⁺⁰³ ( 42.3s) ┃  7.1407 ± 0.0061 ·10⁺⁰³ (4.78mi) ┃
┃   56 -    58 ┃   6.188 ± 0.0052 ·10⁺⁰³ ( 8.25s) ┃ -4.2981 ± 0.0042 ·10⁺⁰³ (1.96mi) ┃Vegas input parameters:
  ndim 7
  ncomp 1
  nvec 1
  epsrel 0
  epsabs 0
  flags 10
  seed 123456
  mineval 10000000
  maxeval 10000000
  nstart 1000000
  nincrease 1000000
  nbatch 5000
  gridno 0
  statefile ""

Iteration 1:  1000000 integrand evaluations so far
[1] 4672.87 +- 18.2902  	chisq 0 (0 df)

Iteration 2:  3000000 integrand evaluations so far
[1] 4667.48 +- 4.22681  	chisq 0.0916607 (1 df)

Iteration 3:  6000000 integrand evaluations so far
[1] 4662.87 +- 2.56567  	chisq 1.97175 (2 df)

Iteration 4:  10000000 integrand evaluations so far
[1] 4661.58 +- 1.88576  	chisq 2.52797 (3 df)
  4.6616 ± 0.0019 ·10⁺⁰³ ( 42.6s) ┃  6.5515 ± 0.0069 ·10⁺⁰³ (2.81mi) ┃
┃   58 -    60 ┃  5.6685 ± 0.0036 ·10⁺⁰³ ( 4.59s) ┃ -3.9436 ± 0.0036 ·10⁺⁰³ (1.94mi) ┃Vegas input parameters:
  ndim 7
  ncomp 1
  nvec 1
  epsrel 0
  epsabs 0
  flags 10
  seed 123456
  mineval 10000000
  maxeval 10000000
  nstart 1000000
  nincrease 1000000
  nbatch 5000
  gridno 0
  statefile ""

Iteration 1:  1000000 integrand evaluations so far
[1] 4296.57 +- 16.8258  	chisq 0 (0 df)

Iteration 2:  3000000 integrand evaluations so far
[1] 4293.18 +- 3.88634  	chisq 0.0428299 (1 df)

Iteration 3:  6000000 integrand evaluations so far
[1] 4289.31 +- 2.36014  	chisq 1.61239 (2 df)

Iteration 4:  10000000 integrand evaluations so far
[1] 4288.42 +- 1.73264  	chisq 1.92364 (3 df)
  4.2884 ± 0.0017 ·10⁺⁰³ ( 43.6s) ┃  6.0133 ± 0.0053 ·10⁺⁰³ (2.74mi) ┃
┃   60 -    62 ┃  5.2184 ± 0.0028 ·10⁺⁰³ ( 5.04s) ┃ -3.6367 ±  0.003 ·10⁺⁰³ (1.94mi) ┃Vegas input parameters:
  ndim 7
  ncomp 1
  nvec 1
  epsrel 0
  epsabs 0
  flags 10
  seed 123456
  mineval 10000000
  maxeval 10000000
  nstart 1000000
  nincrease 1000000
  nbatch 5000
  gridno 0
  statefile ""

Iteration 1:  1000000 integrand evaluations so far
[1] 3959.95 +- 15.5042  	chisq 0 (0 df)

Iteration 2:  3000000 integrand evaluations so far
[1] 3959.67 +- 3.57696  	chisq 0.000336455 (1 df)

Iteration 3:  6000000 integrand evaluations so far
[1] 3956.99 +- 2.1758  	chisq 0.889077 (2 df)

Iteration 4:  10000000 integrand evaluations so far
[1] 3956.04 +- 1.59713  	chisq 1.30419 (3 df)
   3.956 ± 0.0016 ·10⁺⁰³ ( 43.7s) ┃  5.5378 ± 0.0044 ·10⁺⁰³ (2.75mi) ┃
┃   62 -    64 ┃   4.774 ± 0.0047 ·10⁺⁰³ ( 4.92s) ┃ -3.3321 ±  0.003 ·10⁺⁰³ (1.95mi) ┃Vegas input parameters:
  ndim 7
  ncomp 1
  nvec 1
  epsrel 0
  epsabs 0
  flags 10
  seed 123456
  mineval 10000000
  maxeval 10000000
  nstart 1000000
  nincrease 1000000
  nbatch 5000
  gridno 0
  statefile ""

Iteration 1:  1000000 integrand evaluations so far
[1] 3663.71 +- 14.3232  	chisq 0 (0 df)

Iteration 2:  3000000 integrand evaluations so far
[1] 3661.27 +- 3.29494  	chisq 0.0306708 (1 df)

Iteration 3:  6000000 integrand evaluations so far
[1] 3658.51 +- 2.0019  	chisq 1.14129 (2 df)

Iteration 4:  10000000 integrand evaluations so far
[1] 3657.84 +- 1.47188  	chisq 1.38465 (3 df)
  3.6578 ± 0.0015 ·10⁺⁰³ ( 43.8s) ┃  5.0997 ± 0.0058 ·10⁺⁰³ (2.76mi) ┃
┃   64 -    66 ┃  4.2679 ± 0.0038 ·10⁺⁰³ ( 4.84s) ┃ -2.9841 ± 0.0027 ·10⁺⁰³ (1.95mi) ┃Vegas input parameters:
  ndim 7
  ncomp 1
  nvec 1
  epsrel 0
  epsabs 0
  flags 10
  seed 123456
  mineval 10000000
  maxeval 10000000
  nstart 1000000
  nincrease 1000000
  nbatch 5000
  gridno 0
  statefile ""

Iteration 1:  1000000 integrand evaluations so far
[1] 3396.61 +- 13.251  	chisq 0 (0 df)

Iteration 2:  3000000 integrand evaluations so far
[1] 3392.68 +- 3.04382  	chisq 0.0927418 (1 df)

Iteration 3:  6000000 integrand evaluations so far
[1] 3390.25 +- 1.84449  	chisq 1.10003 (2 df)

Iteration 4:  10000000 integrand evaluations so far
[1] 3389.77 +- 1.35625  	chisq 1.25158 (3 df)
  3.3898 ± 0.0014 ·10⁺⁰³ (1.04mi) ┃  4.6736 ± 0.0049 ·10⁺⁰³ (3.07mi) ┃
┃   66 -    68 ┃  3.7677 ±  0.002 ·10⁺⁰³ ( 4.58s) ┃ -2.6412 ± 0.0013 ·10⁺⁰³ (3.76mi) ┃Vegas input parameters:
  ndim 7
  ncomp 1
  nvec 1
  epsrel 0
  epsabs 0
  flags 10
  seed 123456
  mineval 10000000
  maxeval 10000000
  nstart 1000000
  nincrease 1000000
  nbatch 5000
  gridno 0
  statefile ""

Iteration 1:  1000000 integrand evaluations so far
[1] 3152.51 +- 12.2705  	chisq 0 (0 df)

Iteration 2:  3000000 integrand evaluations so far
[1] 3149.93 +- 2.80681  	chisq 0.0467428 (1 df)

Iteration 3:  6000000 integrand evaluations so far
[1] 3146.91 +- 1.70612  	chisq 1.87463 (2 df)

Iteration 4:  10000000 integrand evaluations so far
[1] 3146.45 +- 1.25624  	chisq 2.03328 (3 df)
  3.1465 ± 0.0013 ·10⁺⁰³ ( 43.4s) ┃  4.2729 ± 0.0027 ·10⁺⁰³ (4.56mi) ┃
┃   68 -    70 ┃  3.2675 ± 0.0024 ·10⁺⁰³ ( 4.96s) ┃  -2.296 ± 0.0011 ·10⁺⁰³ (3.75mi) ┃Vegas input parameters:
  ndim 7
  ncomp 1
  nvec 1
  epsrel 0
  epsabs 0
  flags 10
  seed 123456
  mineval 10000000
  maxeval 10000000
  nstart 1000000
  nincrease 1000000
  nbatch 5000
  gridno 0
  statefile ""

Iteration 1:  1000000 integrand evaluations so far
[1] 2930.3 +- 11.3745  	chisq 0 (0 df)

Iteration 2:  3000000 integrand evaluations so far
[1] 2928.37 +- 2.59564  	chisq 0.030156 (1 df)

Iteration 3:  6000000 integrand evaluations so far
[1] 2925.99 +- 1.57819  	chisq 1.37053 (2 df)

Iteration 4:  10000000 integrand evaluations so far
[1] 2925.37 +- 1.15967  	chisq 1.70876 (3 df)
  2.9254 ± 0.0012 ·10⁺⁰³ ( 43.4s) ┃  3.8969 ± 0.0029 ·10⁺⁰³ (4.56mi) ┃
┃   70 -    72 ┃  2.7889 ± 0.0014 ·10⁺⁰³ ( 4.76s) ┃ -1.9646 ± 0.0019 ·10⁺⁰³ (1.86mi) ┃Vegas input parameters:
  ndim 7
  ncomp 1
  nvec 1
  epsrel 0
  epsabs 0
  flags 10
  seed 123456
  mineval 10000000
  maxeval 10000000
  nstart 1000000
  nincrease 1000000
  nbatch 5000
  gridno 0
  statefile ""

Iteration 1:  1000000 integrand evaluations so far
[1] 2728.52 +- 10.5576  	chisq 0 (0 df)

Iteration 2:  3000000 integrand evaluations so far
[1] 2727.26 +- 2.40301  	chisq 0.0150213 (1 df)

Iteration 3:  6000000 integrand evaluations so far
[1] 2725.42 +- 1.46107  	chisq 0.946668 (2 df)

Iteration 4:  10000000 integrand evaluations so far
[1] 2724.75 +- 1.06585  	chisq 1.39575 (3 df)
  2.7247 ± 0.0011 ·10⁺⁰³ ( 44.4s) ┃  3.5491 ± 0.0026 ·10⁺⁰³ (2.68mi) ┃
┃   72 -    74 ┃ 2.32961 ± 0.0007 ·10⁺⁰³ ( 4.81s) ┃ -1.6455 ± 0.0016 ·10⁺⁰³ (1.83mi) ┃Vegas input parameters:
  ndim 7
  ncomp 1
  nvec 1
  epsrel 0
  epsabs 0
  flags 10
  seed 123456
  mineval 10000000
  maxeval 10000000
  nstart 1000000
  nincrease 1000000
  nbatch 5000
  gridno 0
  statefile ""

Iteration 1:  1000000 integrand evaluations so far
[1] 2545.5 +- 9.81251  	chisq 0 (0 df)

Iteration 2:  3000000 integrand evaluations so far
[1] 2544.2 +- 2.22509  	chisq 0.0184525 (1 df)

Iteration 3:  6000000 integrand evaluations so far
[1] 2542.32 +- 1.36028  	chisq 1.15048 (2 df)

Iteration 4:  10000000 integrand evaluations so far
[1] 2541.2 +- 0.993587  	chisq 2.60529 (3 df)
  2.5412 ± 0.00099 ·10⁺⁰³ ( 44.6s) ┃  3.2253 ±  0.002 ·10⁺⁰³ (2.65mi) ┃
┃   74 -    76 ┃ 1.90737 ± 0.00075 ·10⁺⁰³ ( 4.83s) ┃ -1.3513 ± 0.0003 ·10⁺⁰³ (3.74mi) ┃Vegas input parameters:
  ndim 7
  ncomp 1
  nvec 1
  epsrel 0
  epsabs 0
  flags 10
  seed 123456
  mineval 10000000
  maxeval 10000000
  nstart 1000000
  nincrease 1000000
  nbatch 5000
  gridno 0
  statefile ""

Iteration 1:  1000000 integrand evaluations so far
[1] 2378.78 +- 9.13091  	chisq 0 (0 df)

Iteration 2:  3000000 integrand evaluations so far
[1] 2376.24 +- 2.06444  	chisq 0.0812991 (1 df)

Iteration 3:  6000000 integrand evaluations so far
[1] 2374.29 +- 1.25909  	chisq 1.50574 (2 df)

Iteration 4:  10000000 integrand evaluations so far
[1] 2373.39 +- 0.919897  	chisq 2.6152 (3 df)
 2.37339 ± 0.00092 ·10⁺⁰³ ( 43.9s) ┃  2.9295 ± 0.0012 ·10⁺⁰³ (4.55mi) ┃
┃   76 -    78 ┃   1.536 ± 0.0012 ·10⁺⁰³ ( 4.83s) ┃ -1.0917 ±  0.001 ·10⁺⁰³ (1.89mi) ┃Vegas input parameters:
  ndim 7
  ncomp 1
  nvec 1
  epsrel 0
  epsabs 0
  flags 10
  seed 123456
  mineval 10000000
  maxeval 10000000
  nstart 1000000
  nincrease 1000000
  nbatch 5000
  gridno 0
  statefile ""

Iteration 1:  1000000 integrand evaluations so far
[1] 2223.06 +- 8.49885  	chisq 0 (0 df)

Iteration 2:  3000000 integrand evaluations so far
[1] 2221.29 +- 1.91624  	chisq 0.0456618 (1 df)

Iteration 3:  6000000 integrand evaluations so far
[1] 2220.04 +- 1.17121  	chisq 0.723293 (2 df)

Iteration 4:  10000000 integrand evaluations so far
[1] 2218.93 +- 0.854997  	chisq 2.63871 (3 df)
 2.21893 ± 0.00085 ·10⁺⁰³ ( 43.8s) ┃  2.6632 ± 0.0018 ·10⁺⁰³ ( 2.7mi) ┃
┃   78 -    80 ┃ 1.21823 ± 0.00089 ·10⁺⁰³ ( 7.93s) ┃  -868.9 ±    0.7        (1.86mi) ┃Vegas input parameters:
  ndim 7
  ncomp 1
  nvec 1
  epsrel 0
  epsabs 0
  flags 10
  seed 123456
  mineval 10000000
  maxeval 10000000
  nstart 1000000
  nincrease 1000000
  nbatch 5000
  gridno 0
  statefile ""

Iteration 1:  1000000 integrand evaluations so far
[1] 2080.66 +- 7.92046  	chisq 0 (0 df)

Iteration 2:  3000000 integrand evaluations so far
[1] 2078.63 +- 1.78007  	chisq 0.0688292 (1 df)

Iteration 3:  6000000 integrand evaluations so far
[1] 2077.75 +- 1.08757  	chisq 0.463154 (2 df)

Iteration 4:  10000000 integrand evaluations so far
[1] 2076.74 +- 0.793591  	chisq 2.29382 (3 df)
 2.07674 ± 0.00079 ·10⁺⁰³ ( 44.3s) ┃  2.4261 ± 0.0014 ·10⁺⁰³ (2.73mi) ┃
┃   80 -    82 ┃  952.85 ±    0.2        ( 9.33s) ┃ -681.92 ±   0.45        (3.56mi) ┃Vegas input parameters:
  ndim 7
  ncomp 1
  nvec 1
  epsrel 0
  epsabs 0
  flags 10
  seed 123456
  mineval 10000000
  maxeval 10000000
  nstart 1000000
  nincrease 1000000
  nbatch 5000
  gridno 0
  statefile ""

Iteration 1:  1000000 integrand evaluations so far
[1] 1949.01 +- 7.38774  	chisq 0 (0 df)

Iteration 2:  3000000 integrand evaluations so far
[1] 1947.12 +- 1.65446  	chisq 0.0690142 (1 df)

Iteration 3:  6000000 integrand evaluations so far
[1] 1946.64 +- 1.0105  	chisq 0.19932 (2 df)

Iteration 4:  10000000 integrand evaluations so far
[1] 1945.8 +- 0.737808  	chisq 1.70712 (3 df)
  1.9458 ± 0.00074 ·10⁺⁰³ ( 46.4s) ┃ 2.21672 ± 0.00089 ·10⁺⁰³ (4.49mi) ┃
┃   82 -    84 ┃  724.84 ±   0.15        ( 15.2s) ┃ -521.03 ±   0.23        (3.51mi) ┃Vegas input parameters:
  ndim 7
  ncomp 1
  nvec 1
  epsrel 0
  epsabs 0
  flags 10
  seed 123456
  mineval 10000000
  maxeval 10000000
  nstart 1000000
  nincrease 1000000
  nbatch 5000
  gridno 0
  statefile ""

Iteration 1:  1000000 integrand evaluations so far
[1] 1826.62 +- 6.89341  	chisq 0 (0 df)

Iteration 2:  3000000 integrand evaluations so far
[1] 1826.07 +- 1.5397  	chisq 0.00680343 (1 df)

Iteration 3:  6000000 integrand evaluations so far
[1] 1825.43 +- 0.938882  	chisq 0.275253 (2 df)

Iteration 4:  10000000 integrand evaluations so far
[1] 1824.6 +- 0.684661  	chisq 1.97285 (3 df)
  1.8246 ± 0.00068 ·10⁺⁰³ ( 44.1s) ┃  2.0284 ± 0.00074 ·10⁺⁰³ ( 4.5mi) ┃
┃   84 -    86 ┃   540.7 ±   0.15        ( 13.8s) ┃  -390.2 ±   0.12        (3.42mi) ┃Vegas input parameters:
  ndim 7
  ncomp 1
  nvec 1
  epsrel 0
  epsabs 0
  flags 10
  seed 123456
  mineval 10000000
  maxeval 10000000
  nstart 1000000
  nincrease 1000000
  nbatch 5000
  gridno 0
  statefile ""

Iteration 1:  1000000 integrand evaluations so far
[1] 1713.78 +- 6.43999  	chisq 0 (0 df)

Iteration 2:  3000000 integrand evaluations so far
[1] 1713.84 +- 1.43414  	chisq 8.5355e-05 (1 df)

Iteration 3:  6000000 integrand evaluations so far
[1] 1713.5 +- 0.877271  	chisq 0.089708 (2 df)

Iteration 4:  10000000 integrand evaluations so far
[1] 1712.74 +- 0.640546  	chisq 1.68213 (3 df)
 1.71274 ± 0.00064 ·10⁺⁰³ ( 44.6s) ┃ 1.86324 ± 0.00067 ·10⁺⁰³ (4.39mi) ┃
┃   86 -    88 ┃  396.65 ±    0.1        ( 13.9s) ┃ -287.39 ±   0.11        (3.29mi) ┃Vegas input parameters:
  ndim 7
  ncomp 1
  nvec 1
  epsrel 0
  epsabs 0
  flags 10
  seed 123456
  mineval 10000000
  maxeval 10000000
  nstart 1000000
  nincrease 1000000
  nbatch 5000
  gridno 0
  statefile ""

Iteration 1:  1000000 integrand evaluations so far
[1] 1611.13 +- 6.02484  	chisq 0 (0 df)

Iteration 2:  3000000 integrand evaluations so far
[1] 1610.06 +- 1.33883  	chisq 0.0328829 (1 df)

Iteration 3:  6000000 integrand evaluations so far
[1] 1609.61 +- 0.816985  	chisq 0.213985 (2 df)

Iteration 4:  10000000 integrand evaluations so far
[1] 1608.97 +- 0.595793  	chisq 1.551 (3 df)
 1.60897 ± 0.0006 ·10⁺⁰³ ( 43.3s) ┃ 1.71823 ± 0.00061 ·10⁺⁰³ (4.24mi) ┃
┃   88 -    90 ┃ 286.017 ±  0.076        ( 15.2s) ┃-207.146 ±  0.054        ( 51.1s) ┃Vegas input parameters:
  ndim 7
  ncomp 1
  nvec 1
  epsrel 0
  epsabs 0
  flags 10
  seed 123456
  mineval 10000000
  maxeval 10000000
  nstart 1000000
  nincrease 1000000
  nbatch 5000
  gridno 0
  statefile ""

Iteration 1:  1000000 integrand evaluations so far
[1] 1515.01 +- 5.63951  	chisq 0 (0 df)

Iteration 2:  3000000 integrand evaluations so far
[1] 1513.75 +- 1.25043  	chisq 0.0526011 (1 df)

Iteration 3:  6000000 integrand evaluations so far
[1] 1513.4 +- 0.761158  	chisq 0.174527 (2 df)

Iteration 4:  10000000 integrand evaluations so far
[1] 1512.71 +- 0.554187  	chisq 1.95478 (3 df)
 1.51271 ± 0.00055 ·10⁺⁰³ ( 43.4s) ┃ 1.59158 ± 0.00056 ·10⁺⁰³ (1.83mi) ┃
┃   90 -    92 ┃ 202.847 ±  0.066        ( 14.2s) ┃ -147.57 ±    0.1        ( 49.2s) ┃Vegas input parameters:
  ndim 7
  ncomp 1
  nvec 1
  epsrel 0
  epsabs 0
  flags 10
  seed 123456
  mineval 10000000
  maxeval 10000000
  nstart 1000000
  nincrease 1000000
  nbatch 5000
  gridno 0
  statefile ""

Iteration 1:  1000000 integrand evaluations so far
[1] 1426.55 +- 5.28418  	chisq 0 (0 df)

Iteration 2:  3000000 integrand evaluations so far
[1] 1424.42 +- 1.16918  	chisq 0.171859 (1 df)

Iteration 3:  6000000 integrand evaluations so far
[1] 1423.92 +- 0.710233  	chisq 0.45974 (2 df)

Iteration 4:  10000000 integrand evaluations so far
[1] 1423.22 +- 0.516299  	chisq 2.5024 (3 df)
 1.42322 ± 0.00052 ·10⁺⁰³ ( 43.4s) ┃  1.4785 ± 0.00053 ·10⁺⁰³ (1.78mi) ┃
┃   92 -    94 ┃ 141.548 ±  0.036        ( 13.8s) ┃-104.008 ±  0.039        (3.12mi) ┃Vegas input parameters:
  ndim 7
  ncomp 1
  nvec 1
  epsrel 0
  epsabs 0
  flags 10
  seed 123456
  mineval 10000000
  maxeval 10000000
  nstart 1000000
  nincrease 1000000
  nbatch 5000
  gridno 0
  statefile ""

Iteration 1:  1000000 integrand evaluations so far
[1] 1344.07 +- 4.95459  	chisq 0 (0 df)

Iteration 2:  3000000 integrand evaluations so far
[1] 1341.21 +- 1.08987  	chisq 0.349276 (1 df)

Iteration 3:  6000000 integrand evaluations so far
[1] 1340.74 +- 0.666336  	chisq 0.642243 (2 df)

Iteration 4:  10000000 integrand evaluations so far
[1] 1339.95 +- 0.483695  	chisq 3.6166 (3 df)
 1.33995 ± 0.00048 ·10⁺⁰³ ( 43.4s) ┃ 1.37749 ± 0.00049 ·10⁺⁰³ (4.08mi) ┃
┃   94 -    96 ┃  97.199 ±  0.015        ( 12.6s) ┃ -71.795 ±  0.023        (3.32mi) ┃Vegas input parameters:
  ndim 7
  ncomp 1
  nvec 1
  epsrel 0
  epsabs 0
  flags 10
  seed 123456
  mineval 10000000
  maxeval 10000000
  nstart 1000000
  nincrease 1000000
  nbatch 5000
  gridno 0
  statefile ""

Iteration 1:  1000000 integrand evaluations so far
[1] 1267.29 +- 4.64933  	chisq 0 (0 df)

Iteration 2:  3000000 integrand evaluations so far
[1] 1263.93 +- 1.02036  	chisq 0.548312 (1 df)

Iteration 3:  6000000 integrand evaluations so far
[1] 1263.35 +- 0.616648  	chisq 1.06132 (2 df)

Iteration 4:  10000000 integrand evaluations so far
[1] 1262.65 +- 0.447626  	chisq 3.76273 (3 df)
 1.26265 ± 0.00045 ·10⁺⁰³ ( 42.6s) ┃ 1.28805 ± 0.00045 ·10⁺⁰³ (4.24mi) ┃
┃   96 -    98 ┃   65.74 ±  0.025        ( 14.9s) ┃ -48.819 ±   0.02        (3.26mi) ┃Vegas input parameters:
  ndim 7
  ncomp 1
  nvec 1
  epsrel 0
  epsabs 0
  flags 10
  seed 123456
  mineval 10000000
  maxeval 10000000
  nstart 1000000
  nincrease 1000000
  nbatch 5000
  gridno 0
  statefile ""

Iteration 1:  1000000 integrand evaluations so far
[1] 1194.53 +- 4.36348  	chisq 0 (0 df)

Iteration 2:  3000000 integrand evaluations so far
[1] 1191.52 +- 0.953287  	chisq 0.50008 (1 df)

Iteration 3:  6000000 integrand evaluations so far
[1] 1191.15 +- 0.580755  	chisq 0.735908 (2 df)

Iteration 4:  10000000 integrand evaluations so far
[1] 1190.49 +- 0.425221  	chisq 3.51566 (3 df)
 1.19049 ± 0.00043 ·10⁺⁰³ ( 43.8s) ┃ 1.20741 ± 0.00043 ·10⁺⁰³ (4.24mi) ┃
┃   98 -   100 ┃ 43.7786 ± 0.0036        ( 13.5s) ┃ -32.704 ±  0.019        ( 3.1mi) ┃Vegas input parameters:
  ndim 7
  ncomp 1
  nvec 1
  epsrel 0
  epsabs 0
  flags 10
  seed 123456
  mineval 10000000
  maxeval 10000000
  nstart 1000000
  nincrease 1000000
  nbatch 5000
  gridno 0
  statefile ""

Iteration 1:  1000000 integrand evaluations so far
[1] 1125.78 +- 4.09543  	chisq 0 (0 df)

Iteration 2:  3000000 integrand evaluations so far
[1] 1123.85 +- 0.892847  	chisq 0.233678 (1 df)

Iteration 3:  6000000 integrand evaluations so far
[1] 1123.62 +- 0.543847  	chisq 0.333933 (2 df)

Iteration 4:  10000000 integrand evaluations so far
[1] 1123.14 +- 0.397973  	chisq 2.05003 (3 df)
 1.12314 ± 0.0004 ·10⁺⁰³ ( 43.9s) ┃ 1.13421 ± 0.0004 ·10⁺⁰³ (4.05mi) ┃
┣━━━━━━━━━━━━━━╋━━━━━━━━━━━━━━━━━━━━━━━━━━━━━━━━━━╋━━━━━━━━━━━━━━━━━━━━━━━━━━━━━━━━━━╋━━━━━━━━━━━━━━━━━━━━━━━━━━━━━━━━━━╋━━━━━━━━━━━━━━━━━━━━━━━━━━━━━━━━━━┫
┃    0 -   100 ┃ 1.81386 ± 0.00041 ·10⁺⁰⁶ (4.85mi) ┃-4.66732 ± 0.00073 ·10⁺⁰⁶ (2.01hr) ┃ 4.71115 ± 0.00044 ·10⁺⁰⁶ (39.4mi) ┃ 1.85768 ± 0.00095 ·10⁺⁰⁶ (2.75hr) ┃
┗━━━━━━━━━━━━━━┻━━━━━━━━━━━━━━━━━━━━━━━━━━━━━━━━━━┻━━━━━━━━━━━━━━━━━━━━━━━━━━━━━━━━━━┻━━━━━━━━━━━━━━━━━━━━━━━━━━━━━━━━━━┻━━━━━━━━━━━━━━━━━━━━━━━━━━━━━━━━━━┛

╍╍╍╍╍╍╍╍╍╍╍╍╍╍╍╍╍╍╍╍╍╍╍╍╍╍╍╍╍╍╍╍ Summary ╍╍╍╍╍╍╍╍╍╍╍╍╍╍╍╍╍╍╍╍╍╍╍╍╍╍╍╍╍╍╍
      Total cross section                    1.85768 ± 0.00095          nb
         Calculation time                               2.75       hours
              Output file                    outputs/qt_NLL_muR0.5_muF1.0.root            
      Result in text file                    outputs/qt_NLL_muR0.5_muF1.0.txt            

╍╍╍╍╍╍╍╍╍╍╍╍╍╍╍╍╍╍╍╍╍╍╍╍╍╍╍╍╍╍╍╍╍╍╍╍╍╍╍╍╍╍╍╍╍╍╍╍╍╍╍╍╍╍╍╍╍╍╍╍╍╍╍╍╍╍╍╍╍╍╍╍

