000 (407468.000.000) 2026-05-07 18:20:44 Job submitted from host: <192.168.250.101:9618?addrs=192.168.250.101-9618&alias=hercules.hcms.it&noUDP&sock=schedd_3404051_6d7b>
...
001 (407468.000.000) 2026-05-07 18:21:01 Job executing on host: <192.168.250.103:9618?addrs=192.168.250.103-9618&alias=clipper.hcms.it&noUDP&sock=startd_3676022_e97e>
	SlotName: slot104_1@clipper.hcms.it
	CondorScratchDir = "/var/lib/condor/execute/dir_4193130"
	Cpus = 1
	Disk = 20734
	Memory = 1024
...
006 (407468.000.000) 2026-05-07 18:21:10 Image size of job updated: 52880
	47  -  MemoryUsage of job (MB)
	47652  -  ResidentSetSize of job (KB)
...
006 (407468.000.000) 2026-05-07 18:26:11 Image size of job updated: 52888
	52  -  MemoryUsage of job (MB)
	52728  -  ResidentSetSize of job (KB)
...
006 (407468.000.000) 2026-05-07 18:31:12 Image size of job updated: 52936
	52  -  MemoryUsage of job (MB)
	52728  -  ResidentSetSize of job (KB)
...
006 (407468.000.000) 2026-05-07 18:41:12 Image size of job updated: 52940
	52  -  MemoryUsage of job (MB)
	52728  -  ResidentSetSize of job (KB)
...
006 (407468.000.000) 2026-05-07 20:26:24 Image size of job updated: 361648
	55  -  MemoryUsage of job (MB)
	55788  -  ResidentSetSize of job (KB)
...
006 (407468.000.000) 2026-05-07 23:11:41 Image size of job updated: 361648
	55  -  MemoryUsage of job (MB)
	56024  -  ResidentSetSize of job (KB)
...
006 (407468.000.000) 2026-05-08 04:27:14 Image size of job updated: 361648
	56  -  MemoryUsage of job (MB)
	57180  -  ResidentSetSize of job (KB)
...
006 (407468.000.000) 2026-05-08 04:37:14 Image size of job updated: 361648
	57  -  MemoryUsage of job (MB)
	57424  -  ResidentSetSize of job (KB)
...
006 (407468.000.000) 2026-05-08 06:22:26 Image size of job updated: 363560
	57  -  MemoryUsage of job (MB)
	57424  -  ResidentSetSize of job (KB)
...
006 (407468.000.000) 2026-05-08 06:27:26 Image size of job updated: 363560
	57  -  MemoryUsage of job (MB)
	57608  -  ResidentSetSize of job (KB)
...
006 (407468.000.000) 2026-05-08 07:32:33 Image size of job updated: 363560
	57  -  MemoryUsage of job (MB)
	58068  -  ResidentSetSize of job (KB)
...
006 (407468.000.000) 2026-05-08 09:32:45 Image size of job updated: 363816
	59  -  MemoryUsage of job (MB)
	59460  -  ResidentSetSize of job (KB)
...
006 (407468.000.000) 2026-05-08 12:18:01 Image size of job updated: 364852
	59  -  MemoryUsage of job (MB)
	59460  -  ResidentSetSize of job (KB)
...
006 (407468.000.000) 2026-05-08 19:38:47 Image size of job updated: 364852
	166  -  MemoryUsage of job (MB)
	169812  -  ResidentSetSize of job (KB)
...
006 (407468.000.000) 2026-05-08 20:48:55 Image size of job updated: 365168
	166  -  MemoryUsage of job (MB)
	169812  -  ResidentSetSize of job (KB)
...
006 (407468.000.000) 2026-05-09 03:14:37 Image size of job updated: 366540
	166  -  MemoryUsage of job (MB)
	169812  -  ResidentSetSize of job (KB)
...
006 (407468.000.000) 2026-05-09 10:40:24 Image size of job updated: 366720
	166  -  MemoryUsage of job (MB)
	169812  -  ResidentSetSize of job (KB)
...
006 (407468.000.000) 2026-05-09 13:10:39 Image size of job updated: 366720
	205  -  MemoryUsage of job (MB)
	209020  -  ResidentSetSize of job (KB)
...
006 (407468.000.000) 2026-05-09 13:15:40 Image size of job updated: 367680
	205  -  MemoryUsage of job (MB)
	209020  -  ResidentSetSize of job (KB)
...
006 (407468.000.000) 2026-05-09 13:50:44 Image size of job updated: 368672
	205  -  MemoryUsage of job (MB)
	209020  -  ResidentSetSize of job (KB)
...
006 (407468.000.000) 2026-05-09 16:36:03 Image size of job updated: 368924
	205  -  MemoryUsage of job (MB)
	209020  -  ResidentSetSize of job (KB)
...
006 (407468.000.000) 2026-05-09 19:36:22 Image size of job updated: 368936
	205  -  MemoryUsage of job (MB)
	209020  -  ResidentSetSize of job (KB)
...
006 (407468.000.000) 2026-05-09 20:46:28 Image size of job updated: 369732
	205  -  MemoryUsage of job (MB)
	209020  -  ResidentSetSize of job (KB)
...
005 (407468.000.000) 2026-05-09 21:33:20 Job terminated.
	(1) Normal termination (return value 139)
		Usr 2 01:41:00, Sys 0 01:09:52  -  Run Remote Usage
		Usr 0 00:00:00, Sys 0 00:00:00  -  Run Local Usage
		Usr 2 01:41:00, Sys 0 01:09:52  -  Total Remote Usage
		Usr 0 00:00:00, Sys 0 00:00:00  -  Total Local Usage
	0  -  Run Bytes Sent By Job
	0  -  Run Bytes Received By Job
	0  -  Total Bytes Sent By Job
	0  -  Total Bytes Received By Job
	Partitionable Resources :    Usage  Request Allocated 
	   Cpus                 :     1.00        1         1 
	   Disk (KB)            :     1           1     20734 
	   Memory (MB)          :   205        1024      1024 

	Job terminated of its own accord at 2026-05-09T19:33:20Z with exit-code 139.
...
