000 (407473.000.000) 2026-05-07 18:20:44 Job submitted from host: <192.168.250.101:9618?addrs=192.168.250.101-9618&alias=hercules.hcms.it&noUDP&sock=schedd_3404051_6d7b>
...
001 (407473.000.000) 2026-05-07 18:21:02 Job executing on host: <192.168.250.103:9618?addrs=192.168.250.103-9618&alias=clipper.hcms.it&noUDP&sock=startd_3676022_e97e>
	SlotName: slot109_1@clipper.hcms.it
	CondorScratchDir = "/var/lib/condor/execute/dir_4193166"
	Cpus = 1
	Disk = 20734
	Memory = 1024
...
006 (407473.000.000) 2026-05-07 18:21:10 Image size of job updated: 54968
	52  -  MemoryUsage of job (MB)
	52920  -  ResidentSetSize of job (KB)
...
006 (407473.000.000) 2026-05-07 18:26:10 Image size of job updated: 54968
	52  -  MemoryUsage of job (MB)
	53036  -  ResidentSetSize of job (KB)
...
006 (407473.000.000) 2026-05-07 20:26:22 Image size of job updated: 361020
	54  -  MemoryUsage of job (MB)
	55272  -  ResidentSetSize of job (KB)
...
006 (407473.000.000) 2026-05-07 20:31:23 Image size of job updated: 361020
	55  -  MemoryUsage of job (MB)
	55312  -  ResidentSetSize of job (KB)
...
006 (407473.000.000) 2026-05-07 21:06:26 Image size of job updated: 364252
	55  -  MemoryUsage of job (MB)
	55312  -  ResidentSetSize of job (KB)
...
006 (407473.000.000) 2026-05-07 22:21:35 Image size of job updated: 364252
	55  -  MemoryUsage of job (MB)
	55388  -  ResidentSetSize of job (KB)
...
006 (407473.000.000) 2026-05-07 23:26:41 Image size of job updated: 364252
	55  -  MemoryUsage of job (MB)
	55752  -  ResidentSetSize of job (KB)
...
006 (407473.000.000) 2026-05-08 02:37:01 Image size of job updated: 364752
	55  -  MemoryUsage of job (MB)
	55752  -  ResidentSetSize of job (KB)
...
006 (407473.000.000) 2026-05-08 05:07:16 Image size of job updated: 364872
	55  -  MemoryUsage of job (MB)
	55752  -  ResidentSetSize of job (KB)
...
006 (407473.000.000) 2026-05-08 07:22:28 Image size of job updated: 364872
	55  -  MemoryUsage of job (MB)
	56028  -  ResidentSetSize of job (KB)
...
006 (407473.000.000) 2026-05-08 08:52:37 Image size of job updated: 364872
	55  -  MemoryUsage of job (MB)
	56096  -  ResidentSetSize of job (KB)
...
006 (407473.000.000) 2026-05-08 13:03:05 Image size of job updated: 364872
	56  -  MemoryUsage of job (MB)
	56500  -  ResidentSetSize of job (KB)
...
006 (407473.000.000) 2026-05-09 01:24:23 Image size of job updated: 364872
	56  -  MemoryUsage of job (MB)
	56608  -  ResidentSetSize of job (KB)
...
006 (407473.000.000) 2026-05-09 07:20:02 Image size of job updated: 364872
	56  -  MemoryUsage of job (MB)
	56652  -  ResidentSetSize of job (KB)
...
006 (407473.000.000) 2026-05-09 08:20:06 Image size of job updated: 364872
	244  -  MemoryUsage of job (MB)
	249240  -  ResidentSetSize of job (KB)
...
006 (407473.000.000) 2026-05-09 11:15:24 Image size of job updated: 365256
	244  -  MemoryUsage of job (MB)
	249240  -  ResidentSetSize of job (KB)
...
006 (407473.000.000) 2026-05-09 12:30:33 Image size of job updated: 365256
	244  -  MemoryUsage of job (MB)
	249496  -  ResidentSetSize of job (KB)
...
006 (407473.000.000) 2026-05-09 14:05:43 Image size of job updated: 366396
	244  -  MemoryUsage of job (MB)
	249496  -  ResidentSetSize of job (KB)
...
006 (407473.000.000) 2026-05-09 16:25:58 Image size of job updated: 367592
	244  -  MemoryUsage of job (MB)
	249496  -  ResidentSetSize of job (KB)
...
006 (407473.000.000) 2026-05-09 20:56:25 Image size of job updated: 369388
	244  -  MemoryUsage of job (MB)
	249496  -  ResidentSetSize of job (KB)
...
006 (407473.000.000) 2026-05-09 21:06:27 Image size of job updated: 369884
	244  -  MemoryUsage of job (MB)
	249496  -  ResidentSetSize of job (KB)
...
005 (407473.000.000) 2026-05-09 23:09:31 Job terminated.
	(1) Normal termination (return value 139)
		Usr 2 03:17:27, Sys 0 01:09:11  -  Run Remote Usage
		Usr 0 00:00:00, Sys 0 00:00:00  -  Run Local Usage
		Usr 2 03:17:27, Sys 0 01:09:11  -  Total Remote Usage
		Usr 0 00:00:00, Sys 0 00:00:00  -  Total Local Usage
	0  -  Run Bytes Sent By Job
	0  -  Run Bytes Received By Job
	0  -  Total Bytes Sent By Job
	0  -  Total Bytes Received By Job
	Partitionable Resources :    Usage  Request Allocated 
	   Cpus                 :     1.00        1         1 
	   Disk (KB)            :     1           1     20734 
	   Memory (MB)          :   244        1024      1024 

	Job terminated of its own accord at 2026-05-09T21:09:31Z with exit-code 139.
...
