000 (407259.000.000) 2026-05-07 18:20:39 Job submitted from host: <192.168.250.101:9618?addrs=192.168.250.101-9618&alias=hercules.hcms.it&noUDP&sock=schedd_3404051_6d7b>
...
001 (407259.000.000) 2026-05-07 18:21:01 Job executing on host: <192.168.250.102:9618?addrs=192.168.250.102-9618&alias=empire.hcms.it&noUDP&sock=startd_2716409_3615>
	SlotName: slot5_1@empire.hcms.it
	CondorScratchDir = "/var/lib/condor/execute/dir_3296167"
	Cpus = 1
	Disk = 22792
	Memory = 1024
...
006 (407259.000.000) 2026-05-07 18:21:10 Image size of job updated: 57444
	47  -  MemoryUsage of job (MB)
	47696  -  ResidentSetSize of job (KB)
...
006 (407259.000.000) 2026-05-07 18:41:13 Image size of job updated: 57444
	48  -  MemoryUsage of job (MB)
	49000  -  ResidentSetSize of job (KB)
...
006 (407259.000.000) 2026-05-07 18:46:13 Image size of job updated: 356816
	50  -  MemoryUsage of job (MB)
	50480  -  ResidentSetSize of job (KB)
...
006 (407259.000.000) 2026-05-07 18:56:14 Image size of job updated: 357276
	50  -  MemoryUsage of job (MB)
	50480  -  ResidentSetSize of job (KB)
...
006 (407259.000.000) 2026-05-07 19:01:14 Image size of job updated: 358128
	50  -  MemoryUsage of job (MB)
	50480  -  ResidentSetSize of job (KB)
...
006 (407259.000.000) 2026-05-07 19:31:18 Image size of job updated: 360976
	50  -  MemoryUsage of job (MB)
	50480  -  ResidentSetSize of job (KB)
...
006 (407259.000.000) 2026-05-07 19:36:18 Image size of job updated: 361980
	50  -  MemoryUsage of job (MB)
	50480  -  ResidentSetSize of job (KB)
...
006 (407259.000.000) 2026-05-07 20:06:21 Image size of job updated: 361980
	50  -  MemoryUsage of job (MB)
	50528  -  ResidentSetSize of job (KB)
...
006 (407259.000.000) 2026-05-07 20:16:22 Image size of job updated: 361980
	50  -  MemoryUsage of job (MB)
	50972  -  ResidentSetSize of job (KB)
...
006 (407259.000.000) 2026-05-07 20:21:23 Image size of job updated: 361980
	50  -  MemoryUsage of job (MB)
	51164  -  ResidentSetSize of job (KB)
...
006 (407259.000.000) 2026-05-07 20:36:24 Image size of job updated: 361980
	51  -  MemoryUsage of job (MB)
	51468  -  ResidentSetSize of job (KB)
...
006 (407259.000.000) 2026-05-07 20:46:24 Image size of job updated: 361980
	51  -  MemoryUsage of job (MB)
	51504  -  ResidentSetSize of job (KB)
...
006 (407259.000.000) 2026-05-07 20:51:25 Image size of job updated: 361980
	57  -  MemoryUsage of job (MB)
	57752  -  ResidentSetSize of job (KB)
...
006 (407259.000.000) 2026-05-07 20:56:26 Image size of job updated: 361980
	57  -  MemoryUsage of job (MB)
	58008  -  ResidentSetSize of job (KB)
...
006 (407259.000.000) 2026-05-07 21:26:29 Image size of job updated: 368228
	57  -  MemoryUsage of job (MB)
	58008  -  ResidentSetSize of job (KB)
...
006 (407259.000.000) 2026-05-07 23:06:40 Image size of job updated: 368228
	58  -  MemoryUsage of job (MB)
	58616  -  ResidentSetSize of job (KB)
...
006 (407259.000.000) 2026-05-08 01:51:57 Image size of job updated: 368228
	58  -  MemoryUsage of job (MB)
	58660  -  ResidentSetSize of job (KB)
...
006 (407259.000.000) 2026-05-08 02:47:02 Image size of job updated: 368228
	58  -  MemoryUsage of job (MB)
	59208  -  ResidentSetSize of job (KB)
...
006 (407259.000.000) 2026-05-08 03:57:09 Image size of job updated: 368228
	59  -  MemoryUsage of job (MB)
	60416  -  ResidentSetSize of job (KB)
...
006 (407259.000.000) 2026-05-08 04:57:16 Image size of job updated: 368228
	63  -  MemoryUsage of job (MB)
	63956  -  ResidentSetSize of job (KB)
...
006 (407259.000.000) 2026-05-08 11:57:59 Image size of job updated: 368228
	165  -  MemoryUsage of job (MB)
	168508  -  ResidentSetSize of job (KB)
...
006 (407259.000.000) 2026-05-08 13:23:08 Image size of job updated: 368244
	165  -  MemoryUsage of job (MB)
	168508  -  ResidentSetSize of job (KB)
...
005 (407259.000.000) 2026-05-08 21:12:31 Job terminated.
	(1) Normal termination (return value 139)
		Usr 1 01:26:52, Sys 0 01:11:34  -  Run Remote Usage
		Usr 0 00:00:00, Sys 0 00:00:00  -  Run Local Usage
		Usr 1 01:26:52, Sys 0 01:11:34  -  Total Remote Usage
		Usr 0 00:00:00, Sys 0 00:00:00  -  Total Local Usage
	0  -  Run Bytes Sent By Job
	0  -  Run Bytes Received By Job
	0  -  Total Bytes Sent By Job
	0  -  Total Bytes Received By Job
	Partitionable Resources :    Usage  Request Allocated 
	   Cpus                 :     0.99        1         1 
	   Disk (KB)            :     1           1     22792 
	   Memory (MB)          :   165        1024      1024 

	Job terminated of its own accord at 2026-05-08T19:12:31Z with exit-code 139.
...
