000 (407200.000.000) 2026-05-07 18:20:37 Job submitted from host: <192.168.250.101:9618?addrs=192.168.250.101-9618&alias=hercules.hcms.it&noUDP&sock=schedd_3404051_6d7b>
...
001 (407200.000.000) 2026-05-07 18:20:59 Job executing on host: <192.168.250.22:9618?addrs=192.168.250.22-9618&alias=pccms12.hcms.it&noUDP&sock=startd_3275093_f746>
	SlotName: slot8_1@pccms12.hcms.it
	CondorScratchDir = "/var/lib/condor/execute/dir_3815033"
	Cpus = 1
	Disk = 22134
	Memory = 1024
...
006 (407200.000.000) 2026-05-07 18:21:07 Image size of job updated: 42492
	42  -  MemoryUsage of job (MB)
	42404  -  ResidentSetSize of job (KB)
...
006 (407200.000.000) 2026-05-07 18:26:07 Image size of job updated: 43152
	42  -  MemoryUsage of job (MB)
	42404  -  ResidentSetSize of job (KB)
...
006 (407200.000.000) 2026-05-07 18:36:08 Image size of job updated: 329540
	43  -  MemoryUsage of job (MB)
	43776  -  ResidentSetSize of job (KB)
...
006 (407200.000.000) 2026-05-07 18:56:11 Image size of job updated: 329736
	43  -  MemoryUsage of job (MB)
	43776  -  ResidentSetSize of job (KB)
...
006 (407200.000.000) 2026-05-07 20:21:19 Image size of job updated: 330348
	43  -  MemoryUsage of job (MB)
	43776  -  ResidentSetSize of job (KB)
...
006 (407200.000.000) 2026-05-07 20:41:21 Image size of job updated: 333272
	43  -  MemoryUsage of job (MB)
	43776  -  ResidentSetSize of job (KB)
...
006 (407200.000.000) 2026-05-08 00:01:41 Image size of job updated: 334204
	43  -  MemoryUsage of job (MB)
	43776  -  ResidentSetSize of job (KB)
...
006 (407200.000.000) 2026-05-08 00:16:43 Image size of job updated: 335304
	43  -  MemoryUsage of job (MB)
	43776  -  ResidentSetSize of job (KB)
...
006 (407200.000.000) 2026-05-08 01:31:52 Image size of job updated: 335696
	43  -  MemoryUsage of job (MB)
	43776  -  ResidentSetSize of job (KB)
...
006 (407200.000.000) 2026-05-08 02:06:56 Image size of job updated: 336388
	43  -  MemoryUsage of job (MB)
	43776  -  ResidentSetSize of job (KB)
...
006 (407200.000.000) 2026-05-08 02:21:57 Image size of job updated: 338592
	43  -  MemoryUsage of job (MB)
	43776  -  ResidentSetSize of job (KB)
...
006 (407200.000.000) 2026-05-08 02:26:58 Image size of job updated: 338592
	212  -  MemoryUsage of job (MB)
	216992  -  ResidentSetSize of job (KB)
...
006 (407200.000.000) 2026-05-08 11:32:51 Image size of job updated: 342284
	212  -  MemoryUsage of job (MB)
	216992  -  ResidentSetSize of job (KB)
...
006 (407200.000.000) 2026-05-08 15:03:13 Image size of job updated: 343992
	212  -  MemoryUsage of job (MB)
	216992  -  ResidentSetSize of job (KB)
...
005 (407200.000.000) 2026-05-08 17:11:53 Job terminated.
	(1) Normal termination (return value 139)
		Usr 0 20:08:53, Sys 0 02:27:16  -  Run Remote Usage
		Usr 0 00:00:00, Sys 0 00:00:00  -  Run Local Usage
		Usr 0 20:08:53, Sys 0 02:27:16  -  Total Remote Usage
		Usr 0 00:00:00, Sys 0 00:00:00  -  Total Local Usage
	0  -  Run Bytes Sent By Job
	0  -  Run Bytes Received By Job
	0  -  Total Bytes Sent By Job
	0  -  Total Bytes Received By Job
	Partitionable Resources :    Usage  Request Allocated 
	   Cpus                 :     0.98        1         1 
	   Disk (KB)            :     1           1     22134 
	   Memory (MB)          :   212        1024      1024 

	Job terminated of its own accord at 2026-05-08T15:11:53Z with exit-code 139.
...
