000 (407309.000.000) 2026-05-07 18:20:40 Job submitted from host: <192.168.250.101:9618?addrs=192.168.250.101-9618&alias=hercules.hcms.it&noUDP&sock=schedd_3404051_6d7b>
...
001 (407309.000.000) 2026-05-07 18:21:01 Job executing on host: <192.168.250.102:9618?addrs=192.168.250.102-9618&alias=empire.hcms.it&noUDP&sock=startd_2716409_3615>
	SlotName: slot55_1@empire.hcms.it
	CondorScratchDir = "/var/lib/condor/execute/dir_3296218"
	Cpus = 1
	Disk = 22792
	Memory = 1024
...
006 (407309.000.000) 2026-05-07 18:21:10 Image size of job updated: 52816
	47  -  MemoryUsage of job (MB)
	47732  -  ResidentSetSize of job (KB)
...
006 (407309.000.000) 2026-05-07 18:26:12 Image size of job updated: 52864
	47  -  MemoryUsage of job (MB)
	47756  -  ResidentSetSize of job (KB)
...
006 (407309.000.000) 2026-05-07 18:41:13 Image size of job updated: 52864
	47  -  MemoryUsage of job (MB)
	48040  -  ResidentSetSize of job (KB)
...
006 (407309.000.000) 2026-05-07 18:56:15 Image size of job updated: 52864
	48  -  MemoryUsage of job (MB)
	48180  -  ResidentSetSize of job (KB)
...
006 (407309.000.000) 2026-05-07 19:06:16 Image size of job updated: 52864
	48  -  MemoryUsage of job (MB)
	48264  -  ResidentSetSize of job (KB)
...
006 (407309.000.000) 2026-05-07 19:21:17 Image size of job updated: 52864
	48  -  MemoryUsage of job (MB)
	48392  -  ResidentSetSize of job (KB)
...
006 (407309.000.000) 2026-05-07 19:26:17 Image size of job updated: 358140
	49  -  MemoryUsage of job (MB)
	49524  -  ResidentSetSize of job (KB)
...
006 (407309.000.000) 2026-05-07 19:31:18 Image size of job updated: 358140
	54  -  MemoryUsage of job (MB)
	54600  -  ResidentSetSize of job (KB)
...
006 (407309.000.000) 2026-05-07 20:06:22 Image size of job updated: 359124
	54  -  MemoryUsage of job (MB)
	54600  -  ResidentSetSize of job (KB)
...
006 (407309.000.000) 2026-05-07 22:11:34 Image size of job updated: 362560
	54  -  MemoryUsage of job (MB)
	54600  -  ResidentSetSize of job (KB)
...
006 (407309.000.000) 2026-05-07 23:41:45 Image size of job updated: 362560
	54  -  MemoryUsage of job (MB)
	55160  -  ResidentSetSize of job (KB)
...
006 (407309.000.000) 2026-05-08 00:11:48 Image size of job updated: 362560
	140  -  MemoryUsage of job (MB)
	143244  -  ResidentSetSize of job (KB)
...
006 (407309.000.000) 2026-05-08 01:56:59 Image size of job updated: 366340
	140  -  MemoryUsage of job (MB)
	143244  -  ResidentSetSize of job (KB)
...
006 (407309.000.000) 2026-05-08 07:27:31 Image size of job updated: 368508
	140  -  MemoryUsage of job (MB)
	143244  -  ResidentSetSize of job (KB)
...
005 (407309.000.000) 2026-05-08 20:45:06 Job terminated.
	(1) Normal termination (return value 139)
		Usr 1 01:57:11, Sys 0 00:13:53  -  Run Remote Usage
		Usr 0 00:00:00, Sys 0 00:00:00  -  Run Local Usage
		Usr 1 01:57:11, Sys 0 00:13:53  -  Total Remote Usage
		Usr 0 00:00:00, Sys 0 00:00:00  -  Total Local Usage
	0  -  Run Bytes Sent By Job
	0  -  Run Bytes Received By Job
	0  -  Total Bytes Sent By Job
	0  -  Total Bytes Received By Job
	Partitionable Resources :    Usage  Request Allocated 
	   Cpus                 :     0.99        1         1 
	   Disk (KB)            :     1           1     22792 
	   Memory (MB)          :   140        1024      1024 

	Job terminated of its own accord at 2026-05-08T18:45:06Z with exit-code 139.
...
