000 (407324.000.000) 2026-05-07 18:20:40 Job submitted from host: <192.168.250.101:9618?addrs=192.168.250.101-9618&alias=hercules.hcms.it&noUDP&sock=schedd_3404051_6d7b>
...
001 (407324.000.000) 2026-05-07 18:21:02 Job executing on host: <192.168.250.102:9618?addrs=192.168.250.102-9618&alias=empire.hcms.it&noUDP&sock=startd_2716409_3615>
	SlotName: slot70_1@empire.hcms.it
	CondorScratchDir = "/var/lib/condor/execute/dir_3296233"
	Cpus = 1
	Disk = 22792
	Memory = 1024
...
006 (407324.000.000) 2026-05-07 18:21:10 Image size of job updated: 52844
	51  -  MemoryUsage of job (MB)
	51956  -  ResidentSetSize of job (KB)
...
006 (407324.000.000) 2026-05-07 18:26:10 Image size of job updated: 52852
	52  -  MemoryUsage of job (MB)
	52724  -  ResidentSetSize of job (KB)
...
006 (407324.000.000) 2026-05-07 18:31:11 Image size of job updated: 429948
	121  -  MemoryUsage of job (MB)
	123656  -  ResidentSetSize of job (KB)
...
006 (407324.000.000) 2026-05-08 15:38:24 Image size of job updated: 429948
	257  -  MemoryUsage of job (MB)
	262680  -  ResidentSetSize of job (KB)
...
005 (407324.000.000) 2026-05-08 20:09:46 Job terminated.
	(1) Normal termination (return value 139)
		Usr 1 01:22:36, Sys 0 00:13:29  -  Run Remote Usage
		Usr 0 00:00:00, Sys 0 00:00:00  -  Run Local Usage
		Usr 1 01:22:36, Sys 0 00:13:29  -  Total Remote Usage
		Usr 0 00:00:00, Sys 0 00:00:00  -  Total Local Usage
	0  -  Run Bytes Sent By Job
	0  -  Run Bytes Received By Job
	0  -  Total Bytes Sent By Job
	0  -  Total Bytes Received By Job
	Partitionable Resources :    Usage  Request Allocated 
	   Cpus                 :     0.99        1         1 
	   Disk (KB)            :     1           1     22792 
	   Memory (MB)          :   257        1024      1024 

	Job terminated of its own accord at 2026-05-08T18:09:46Z with exit-code 139.
...
