000 (407417.000.000) 2026-05-07 18:20:43 Job submitted from host: <192.168.250.101:9618?addrs=192.168.250.101-9618&alias=hercules.hcms.it&noUDP&sock=schedd_3404051_6d7b>
...
001 (407417.000.000) 2026-05-07 18:21:01 Job executing on host: <192.168.250.103:9618?addrs=192.168.250.103-9618&alias=clipper.hcms.it&noUDP&sock=startd_3676022_e97e>
	SlotName: slot53_1@clipper.hcms.it
	CondorScratchDir = "/var/lib/condor/execute/dir_4192946"
	Cpus = 1
	Disk = 20734
	Memory = 1024
...
006 (407417.000.000) 2026-05-07 18:21:10 Image size of job updated: 57292
	55  -  MemoryUsage of job (MB)
	55392  -  ResidentSetSize of job (KB)
...
006 (407417.000.000) 2026-05-07 19:26:17 Image size of job updated: 355200
	55  -  MemoryUsage of job (MB)
	55392  -  ResidentSetSize of job (KB)
...
006 (407417.000.000) 2026-05-07 19:41:18 Image size of job updated: 355216
	55  -  MemoryUsage of job (MB)
	55392  -  ResidentSetSize of job (KB)
...
006 (407417.000.000) 2026-05-07 19:51:19 Image size of job updated: 355216
	55  -  MemoryUsage of job (MB)
	55556  -  ResidentSetSize of job (KB)
...
006 (407417.000.000) 2026-05-07 21:31:29 Image size of job updated: 356992
	55  -  MemoryUsage of job (MB)
	55556  -  ResidentSetSize of job (KB)
...
006 (407417.000.000) 2026-05-07 21:51:30 Image size of job updated: 360676
	57  -  MemoryUsage of job (MB)
	57692  -  ResidentSetSize of job (KB)
...
006 (407417.000.000) 2026-05-07 22:36:36 Image size of job updated: 360676
	57  -  MemoryUsage of job (MB)
	57836  -  ResidentSetSize of job (KB)
...
006 (407417.000.000) 2026-05-07 23:16:40 Image size of job updated: 360676
	57  -  MemoryUsage of job (MB)
	57840  -  ResidentSetSize of job (KB)
...
006 (407417.000.000) 2026-05-08 00:21:47 Image size of job updated: 360676
	57  -  MemoryUsage of job (MB)
	58156  -  ResidentSetSize of job (KB)
...
006 (407417.000.000) 2026-05-08 01:56:57 Image size of job updated: 360676
	57  -  MemoryUsage of job (MB)
	58352  -  ResidentSetSize of job (KB)
...
006 (407417.000.000) 2026-05-08 02:37:01 Image size of job updated: 363476
	57  -  MemoryUsage of job (MB)
	58352  -  ResidentSetSize of job (KB)
...
006 (407417.000.000) 2026-05-08 07:47:32 Image size of job updated: 363476
	58  -  MemoryUsage of job (MB)
	58580  -  ResidentSetSize of job (KB)
...
006 (407417.000.000) 2026-05-08 08:52:39 Image size of job updated: 363476
	58  -  MemoryUsage of job (MB)
	58664  -  ResidentSetSize of job (KB)
...
006 (407417.000.000) 2026-05-08 11:07:52 Image size of job updated: 363476
	58  -  MemoryUsage of job (MB)
	58764  -  ResidentSetSize of job (KB)
...
006 (407417.000.000) 2026-05-08 13:03:04 Image size of job updated: 363476
	238  -  MemoryUsage of job (MB)
	243220  -  ResidentSetSize of job (KB)
...
006 (407417.000.000) 2026-05-08 21:08:52 Image size of job updated: 365872
	238  -  MemoryUsage of job (MB)
	243220  -  ResidentSetSize of job (KB)
...
006 (407417.000.000) 2026-05-09 00:39:14 Image size of job updated: 365872
	334  -  MemoryUsage of job (MB)
	341904  -  ResidentSetSize of job (KB)
...
006 (407417.000.000) 2026-05-09 01:14:17 Image size of job updated: 370640
	334  -  MemoryUsage of job (MB)
	341904  -  ResidentSetSize of job (KB)
...
005 (407417.000.000) 2026-05-09 07:45:10 Job terminated.
	(1) Normal termination (return value 139)
		Usr 1 12:43:31, Sys 0 00:23:13  -  Run Remote Usage
		Usr 0 00:00:00, Sys 0 00:00:00  -  Run Local Usage
		Usr 1 12:43:31, Sys 0 00:23:13  -  Total Remote Usage
		Usr 0 00:00:00, Sys 0 00:00:00  -  Total Local Usage
	0  -  Run Bytes Sent By Job
	0  -  Run Bytes Received By Job
	0  -  Total Bytes Sent By Job
	0  -  Total Bytes Received By Job
	Partitionable Resources :    Usage  Request Allocated 
	   Cpus                 :     0.99        1         1 
	   Disk (KB)            :     1           1     20734 
	   Memory (MB)          :   334        1024      1024 

	Job terminated of its own accord at 2026-05-09T05:45:10Z with exit-code 139.
...
