000 (407302.000.000) 2026-05-07 18:20:40 Job submitted from host: <192.168.250.101:9618?addrs=192.168.250.101-9618&alias=hercules.hcms.it&noUDP&sock=schedd_3404051_6d7b>
...
001 (407302.000.000) 2026-05-07 18:21:01 Job executing on host: <192.168.250.102:9618?addrs=192.168.250.102-9618&alias=empire.hcms.it&noUDP&sock=startd_2716409_3615>
	SlotName: slot48_1@empire.hcms.it
	CondorScratchDir = "/var/lib/condor/execute/dir_3296211"
	Cpus = 1
	Disk = 22792
	Memory = 1024
...
006 (407302.000.000) 2026-05-07 18:21:10 Image size of job updated: 52924
	47  -  MemoryUsage of job (MB)
	47816  -  ResidentSetSize of job (KB)
...
006 (407302.000.000) 2026-05-07 18:26:11 Image size of job updated: 52932
	47  -  MemoryUsage of job (MB)
	47840  -  ResidentSetSize of job (KB)
...
006 (407302.000.000) 2026-05-07 18:36:12 Image size of job updated: 52932
	47  -  MemoryUsage of job (MB)
	47896  -  ResidentSetSize of job (KB)
...
006 (407302.000.000) 2026-05-07 18:51:13 Image size of job updated: 52932
	48  -  MemoryUsage of job (MB)
	49072  -  ResidentSetSize of job (KB)
...
006 (407302.000.000) 2026-05-07 18:56:13 Image size of job updated: 362656
	53  -  MemoryUsage of job (MB)
	53608  -  ResidentSetSize of job (KB)
...
006 (407302.000.000) 2026-05-08 00:11:44 Image size of job updated: 362656
	53  -  MemoryUsage of job (MB)
	53676  -  ResidentSetSize of job (KB)
...
006 (407302.000.000) 2026-05-08 06:12:22 Image size of job updated: 362656
	53  -  MemoryUsage of job (MB)
	53720  -  ResidentSetSize of job (KB)
...
006 (407302.000.000) 2026-05-08 07:12:28 Image size of job updated: 362656
	54  -  MemoryUsage of job (MB)
	54684  -  ResidentSetSize of job (KB)
...
006 (407302.000.000) 2026-05-08 07:37:30 Image size of job updated: 364368
	55  -  MemoryUsage of job (MB)
	55456  -  ResidentSetSize of job (KB)
...
006 (407302.000.000) 2026-05-08 08:47:37 Image size of job updated: 368328
	55  -  MemoryUsage of job (MB)
	55456  -  ResidentSetSize of job (KB)
...
006 (407302.000.000) 2026-05-08 12:18:03 Image size of job updated: 368572
	55  -  MemoryUsage of job (MB)
	55456  -  ResidentSetSize of job (KB)
...
006 (407302.000.000) 2026-05-08 21:24:01 Image size of job updated: 368572
	217  -  MemoryUsage of job (MB)
	221908  -  ResidentSetSize of job (KB)
...
005 (407302.000.000) 2026-05-09 03:41:21 Job terminated.
	(1) Normal termination (return value 139)
		Usr 1 07:49:50, Sys 0 01:14:05  -  Run Remote Usage
		Usr 0 00:00:00, Sys 0 00:00:00  -  Run Local Usage
		Usr 1 07:49:50, Sys 0 01:14:05  -  Total Remote Usage
		Usr 0 00:00:00, Sys 0 00:00:00  -  Total Local Usage
	0  -  Run Bytes Sent By Job
	0  -  Run Bytes Received By Job
	0  -  Total Bytes Sent By Job
	0  -  Total Bytes Received By Job
	Partitionable Resources :    Usage  Request Allocated 
	   Cpus                 :     0.99        1         1 
	   Disk (KB)            :     1           1     22792 
	   Memory (MB)          :   217        1024      1024 

	Job terminated of its own accord at 2026-05-09T01:41:21Z with exit-code 139.
...
