000 (407394.000.000) 2026-05-07 18:20:42 Job submitted from host: <192.168.250.101:9618?addrs=192.168.250.101-9618&alias=hercules.hcms.it&noUDP&sock=schedd_3404051_6d7b>
...
001 (407394.000.000) 2026-05-07 18:21:01 Job executing on host: <192.168.250.103:9618?addrs=192.168.250.103-9618&alias=clipper.hcms.it&noUDP&sock=startd_3676022_e97e>
	SlotName: slot30_1@clipper.hcms.it
	CondorScratchDir = "/var/lib/condor/execute/dir_4192923"
	Cpus = 1
	Disk = 20734
	Memory = 1024
...
006 (407394.000.000) 2026-05-07 18:21:10 Image size of job updated: 55480
	54  -  MemoryUsage of job (MB)
	55288  -  ResidentSetSize of job (KB)
...
006 (407394.000.000) 2026-05-07 18:31:11 Image size of job updated: 358440
	55  -  MemoryUsage of job (MB)
	55704  -  ResidentSetSize of job (KB)
...
006 (407394.000.000) 2026-05-07 18:51:12 Image size of job updated: 363084
	55  -  MemoryUsage of job (MB)
	55704  -  ResidentSetSize of job (KB)
...
006 (407394.000.000) 2026-05-07 19:01:14 Image size of job updated: 489340
	186  -  MemoryUsage of job (MB)
	189492  -  ResidentSetSize of job (KB)
...
006 (407394.000.000) 2026-05-07 19:36:17 Image size of job updated: 494076
	187  -  MemoryUsage of job (MB)
	191448  -  ResidentSetSize of job (KB)
...
006 (407394.000.000) 2026-05-09 01:34:21 Image size of job updated: 494076
	241  -  MemoryUsage of job (MB)
	246780  -  ResidentSetSize of job (KB)
...
005 (407394.000.000) 2026-05-09 09:25:50 Job terminated.
	(1) Normal termination (return value 139)
		Usr 1 13:30:26, Sys 0 01:16:34  -  Run Remote Usage
		Usr 0 00:00:00, Sys 0 00:00:00  -  Run Local Usage
		Usr 1 13:30:26, Sys 0 01:16:34  -  Total Remote Usage
		Usr 0 00:00:00, Sys 0 00:00:00  -  Total Local Usage
	0  -  Run Bytes Sent By Job
	0  -  Run Bytes Received By Job
	0  -  Total Bytes Sent By Job
	0  -  Total Bytes Received By Job
	Partitionable Resources :    Usage  Request Allocated 
	   Cpus                 :     0.99        1         1 
	   Disk (KB)            :     1           1     20734 
	   Memory (MB)          :   241        1024      1024 

	Job terminated of its own accord at 2026-05-09T07:25:49Z with exit-code 139.
...
