000 (407379.000.000) 2026-05-07 18:20:42 Job submitted from host: <192.168.250.101:9618?addrs=192.168.250.101-9618&alias=hercules.hcms.it&noUDP&sock=schedd_3404051_6d7b>
...
001 (407379.000.000) 2026-05-07 18:21:01 Job executing on host: <192.168.250.103:9618?addrs=192.168.250.103-9618&alias=clipper.hcms.it&noUDP&sock=startd_3676022_e97e>
	SlotName: slot15_1@clipper.hcms.it
	CondorScratchDir = "/var/lib/condor/execute/dir_4192907"
	Cpus = 1
	Disk = 20734
	Memory = 1024
...
006 (407379.000.000) 2026-05-07 18:21:09 Image size of job updated: 55612
	55  -  MemoryUsage of job (MB)
	55428  -  ResidentSetSize of job (KB)
...
006 (407379.000.000) 2026-05-07 18:26:09 Image size of job updated: 55620
	55  -  MemoryUsage of job (MB)
	55428  -  ResidentSetSize of job (KB)
...
006 (407379.000.000) 2026-05-07 18:41:10 Image size of job updated: 358328
	55  -  MemoryUsage of job (MB)
	55476  -  ResidentSetSize of job (KB)
...
006 (407379.000.000) 2026-05-07 18:46:11 Image size of job updated: 358328
	55  -  MemoryUsage of job (MB)
	55528  -  ResidentSetSize of job (KB)
...
006 (407379.000.000) 2026-05-07 20:11:20 Image size of job updated: 361944
	55  -  MemoryUsage of job (MB)
	55528  -  ResidentSetSize of job (KB)
...
006 (407379.000.000) 2026-05-07 20:16:20 Image size of job updated: 361944
	55  -  MemoryUsage of job (MB)
	56144  -  ResidentSetSize of job (KB)
...
006 (407379.000.000) 2026-05-07 21:21:27 Image size of job updated: 361944
	55  -  MemoryUsage of job (MB)
	56168  -  ResidentSetSize of job (KB)
...
006 (407379.000.000) 2026-05-07 21:56:30 Image size of job updated: 361944
	55  -  MemoryUsage of job (MB)
	56284  -  ResidentSetSize of job (KB)
...
006 (407379.000.000) 2026-05-07 22:01:30 Image size of job updated: 361944
	56  -  MemoryUsage of job (MB)
	56392  -  ResidentSetSize of job (KB)
...
006 (407379.000.000) 2026-05-07 22:36:34 Image size of job updated: 362280
	56  -  MemoryUsage of job (MB)
	56392  -  ResidentSetSize of job (KB)
...
006 (407379.000.000) 2026-05-07 22:41:35 Image size of job updated: 362280
	56  -  MemoryUsage of job (MB)
	56684  -  ResidentSetSize of job (KB)
...
006 (407379.000.000) 2026-05-07 22:46:35 Image size of job updated: 362280
	56  -  MemoryUsage of job (MB)
	56940  -  ResidentSetSize of job (KB)
...
006 (407379.000.000) 2026-05-07 23:06:37 Image size of job updated: 362280
	58  -  MemoryUsage of job (MB)
	59036  -  ResidentSetSize of job (KB)
...
006 (407379.000.000) 2026-05-08 00:16:44 Image size of job updated: 364152
	59  -  MemoryUsage of job (MB)
	59640  -  ResidentSetSize of job (KB)
...
006 (407379.000.000) 2026-05-08 15:13:18 Image size of job updated: 365776
	59  -  MemoryUsage of job (MB)
	59640  -  ResidentSetSize of job (KB)
...
006 (407379.000.000) 2026-05-08 16:43:27 Image size of job updated: 366028
	60  -  MemoryUsage of job (MB)
	60856  -  ResidentSetSize of job (KB)
...
005 (407379.000.000) 2026-05-09 11:28:08 Job terminated.
	(1) Normal termination (return value 139)
		Usr 1 15:30:08, Sys 0 01:18:22  -  Run Remote Usage
		Usr 0 00:00:00, Sys 0 00:00:00  -  Run Local Usage
		Usr 1 15:30:08, Sys 0 01:18:22  -  Total Remote Usage
		Usr 0 00:00:00, Sys 0 00:00:00  -  Total Local Usage
	0  -  Run Bytes Sent By Job
	0  -  Run Bytes Received By Job
	0  -  Total Bytes Sent By Job
	0  -  Total Bytes Received By Job
	Partitionable Resources :    Usage  Request Allocated 
	   Cpus                 :     0.99        1         1 
	   Disk (KB)            :     1           1     20734 
	   Memory (MB)          :    60        1024      1024 

	Job terminated of its own accord at 2026-05-09T09:28:08Z with exit-code 139.
...
