000 (407207.000.000) 2026-05-07 18:20:38 Job submitted from host: <192.168.250.101:9618?addrs=192.168.250.101-9618&alias=hercules.hcms.it&noUDP&sock=schedd_3404051_6d7b>
...
001 (407207.000.000) 2026-05-07 18:20:59 Job executing on host: <192.168.250.22:9618?addrs=192.168.250.22-9618&alias=pccms12.hcms.it&noUDP&sock=startd_3275093_f746>
	SlotName: slot15_1@pccms12.hcms.it
	CondorScratchDir = "/var/lib/condor/execute/dir_3815041"
	Cpus = 1
	Disk = 22134
	Memory = 1024
...
006 (407207.000.000) 2026-05-07 18:21:07 Image size of job updated: 39024
	31  -  MemoryUsage of job (MB)
	31248  -  ResidentSetSize of job (KB)
...
006 (407207.000.000) 2026-05-07 18:26:07 Image size of job updated: 324648
	40  -  MemoryUsage of job (MB)
	40612  -  ResidentSetSize of job (KB)
...
006 (407207.000.000) 2026-05-07 18:31:08 Image size of job updated: 325500
	40  -  MemoryUsage of job (MB)
	40612  -  ResidentSetSize of job (KB)
...
006 (407207.000.000) 2026-05-07 18:36:09 Image size of job updated: 326532
	40  -  MemoryUsage of job (MB)
	40612  -  ResidentSetSize of job (KB)
...
006 (407207.000.000) 2026-05-07 18:46:09 Image size of job updated: 327760
	40  -  MemoryUsage of job (MB)
	40612  -  ResidentSetSize of job (KB)
...
006 (407207.000.000) 2026-05-07 19:06:11 Image size of job updated: 327760
	133  -  MemoryUsage of job (MB)
	135540  -  ResidentSetSize of job (KB)
...
006 (407207.000.000) 2026-05-07 20:11:18 Image size of job updated: 328576
	133  -  MemoryUsage of job (MB)
	135540  -  ResidentSetSize of job (KB)
...
006 (407207.000.000) 2026-05-07 20:51:23 Image size of job updated: 331852
	133  -  MemoryUsage of job (MB)
	135540  -  ResidentSetSize of job (KB)
...
006 (407207.000.000) 2026-05-07 23:01:35 Image size of job updated: 333000
	133  -  MemoryUsage of job (MB)
	135540  -  ResidentSetSize of job (KB)
...
006 (407207.000.000) 2026-05-08 03:52:06 Image size of job updated: 335136
	133  -  MemoryUsage of job (MB)
	135540  -  ResidentSetSize of job (KB)
...
005 (407207.000.000) 2026-05-08 10:33:34 Job terminated.
	(1) Normal termination (return value 139)
		Usr 0 15:40:13, Sys 0 00:23:19  -  Run Remote Usage
		Usr 0 00:00:00, Sys 0 00:00:00  -  Run Local Usage
		Usr 0 15:40:13, Sys 0 00:23:19  -  Total Remote Usage
		Usr 0 00:00:00, Sys 0 00:00:00  -  Total Local Usage
	0  -  Run Bytes Sent By Job
	0  -  Run Bytes Received By Job
	0  -  Total Bytes Sent By Job
	0  -  Total Bytes Received By Job
	Partitionable Resources :    Usage  Request Allocated 
	   Cpus                 :     0.99        1         1 
	   Disk (KB)            :     1           1     22134 
	   Memory (MB)          :   133        1024      1024 

	Job terminated of its own accord at 2026-05-08T08:33:34Z with exit-code 139.
...
