000 (407125.000.000) 2026-05-07 18:20:36 Job submitted from host: <192.168.250.101:9618?addrs=192.168.250.101-9618&alias=hercules.hcms.it&noUDP&sock=schedd_3404051_6d7b>
...
001 (407125.000.000) 2026-05-07 18:20:56 Job executing on host: <192.168.250.21:9618?addrs=192.168.250.21-9618&alias=pccms11.hcms.it&noUDP&sock=startd_3845377_5b11>
	SlotName: slot27_1@pccms11.hcms.it
	CondorScratchDir = "/var/lib/condor/execute/dir_1464964"
	Cpus = 1
	Disk = 7762
	Memory = 1024
...
006 (407125.000.000) 2026-05-07 18:21:05 Image size of job updated: 57488
	54  -  MemoryUsage of job (MB)
	55288  -  ResidentSetSize of job (KB)
...
006 (407125.000.000) 2026-05-07 18:41:07 Image size of job updated: 346832
	56  -  MemoryUsage of job (MB)
	56696  -  ResidentSetSize of job (KB)
...
006 (407125.000.000) 2026-05-07 18:56:08 Image size of job updated: 349624
	56  -  MemoryUsage of job (MB)
	56696  -  ResidentSetSize of job (KB)
...
006 (407125.000.000) 2026-05-07 19:51:13 Image size of job updated: 349624
	57  -  MemoryUsage of job (MB)
	57792  -  ResidentSetSize of job (KB)
...
006 (407125.000.000) 2026-05-07 20:01:14 Image size of job updated: 349820
	57  -  MemoryUsage of job (MB)
	57792  -  ResidentSetSize of job (KB)
...
006 (407125.000.000) 2026-05-07 20:06:15 Image size of job updated: 351496
	57  -  MemoryUsage of job (MB)
	57792  -  ResidentSetSize of job (KB)
...
006 (407125.000.000) 2026-05-07 20:26:17 Image size of job updated: 352368
	57  -  MemoryUsage of job (MB)
	57792  -  ResidentSetSize of job (KB)
...
006 (407125.000.000) 2026-05-07 23:51:37 Image size of job updated: 352368
	58  -  MemoryUsage of job (MB)
	58512  -  ResidentSetSize of job (KB)
...
006 (407125.000.000) 2026-05-07 23:56:38 Image size of job updated: 352368
	58  -  MemoryUsage of job (MB)
	58516  -  ResidentSetSize of job (KB)
...
006 (407125.000.000) 2026-05-08 00:26:41 Image size of job updated: 353792
	58  -  MemoryUsage of job (MB)
	59136  -  ResidentSetSize of job (KB)
...
006 (407125.000.000) 2026-05-08 07:52:30 Image size of job updated: 353792
	60  -  MemoryUsage of job (MB)
	60780  -  ResidentSetSize of job (KB)
...
006 (407125.000.000) 2026-05-08 07:57:30 Image size of job updated: 353792
	60  -  MemoryUsage of job (MB)
	60916  -  ResidentSetSize of job (KB)
...
006 (407125.000.000) 2026-05-08 11:12:50 Image size of job updated: 353792
	62  -  MemoryUsage of job (MB)
	63092  -  ResidentSetSize of job (KB)
...
006 (407125.000.000) 2026-05-08 11:17:51 Image size of job updated: 353792
	62  -  MemoryUsage of job (MB)
	63140  -  ResidentSetSize of job (KB)
...
006 (407125.000.000) 2026-05-09 11:35:21 Image size of job updated: 353792
	64  -  MemoryUsage of job (MB)
	64708  -  ResidentSetSize of job (KB)
...
006 (407125.000.000) 2026-05-09 12:10:25 Image size of job updated: 353792
	64  -  MemoryUsage of job (MB)
	64964  -  ResidentSetSize of job (KB)
...
006 (407125.000.000) 2026-05-09 17:05:54 Image size of job updated: 353792
	64  -  MemoryUsage of job (MB)
	64968  -  ResidentSetSize of job (KB)
...
006 (407125.000.000) 2026-05-09 17:20:56 Image size of job updated: 353792
	64  -  MemoryUsage of job (MB)
	64984  -  ResidentSetSize of job (KB)
...
006 (407125.000.000) 2026-05-09 17:25:56 Image size of job updated: 353792
	64  -  MemoryUsage of job (MB)
	65288  -  ResidentSetSize of job (KB)
...
006 (407125.000.000) 2026-05-09 17:45:58 Image size of job updated: 353792
	74  -  MemoryUsage of job (MB)
	74820  -  ResidentSetSize of job (KB)
...
006 (407125.000.000) 2026-05-09 19:56:12 Image size of job updated: 353792
	76  -  MemoryUsage of job (MB)
	76872  -  ResidentSetSize of job (KB)
...
006 (407125.000.000) 2026-05-09 23:01:30 Image size of job updated: 353792
	78  -  MemoryUsage of job (MB)
	79176  -  ResidentSetSize of job (KB)
...
006 (407125.000.000) 2026-05-10 01:21:45 Image size of job updated: 353792
	80  -  MemoryUsage of job (MB)
	81064  -  ResidentSetSize of job (KB)
...
006 (407125.000.000) 2026-05-10 04:12:04 Image size of job updated: 353792
	80  -  MemoryUsage of job (MB)
	81320  -  ResidentSetSize of job (KB)
...
006 (407125.000.000) 2026-05-10 04:37:06 Image size of job updated: 353792
	80  -  MemoryUsage of job (MB)
	81576  -  ResidentSetSize of job (KB)
...
006 (407125.000.000) 2026-05-10 04:57:08 Image size of job updated: 353792
	80  -  MemoryUsage of job (MB)
	81832  -  ResidentSetSize of job (KB)
...
006 (407125.000.000) 2026-05-10 05:22:11 Image size of job updated: 353792
	83  -  MemoryUsage of job (MB)
	84136  -  ResidentSetSize of job (KB)
...
006 (407125.000.000) 2026-05-10 05:32:11 Image size of job updated: 353792
	85  -  MemoryUsage of job (MB)
	86116  -  ResidentSetSize of job (KB)
...
006 (407125.000.000) 2026-05-10 08:27:31 Image size of job updated: 353792
	87  -  MemoryUsage of job (MB)
	88164  -  ResidentSetSize of job (KB)
...
006 (407125.000.000) 2026-05-10 10:22:43 Image size of job updated: 353792
	88  -  MemoryUsage of job (MB)
	89968  -  ResidentSetSize of job (KB)
...
006 (407125.000.000) 2026-05-10 12:22:55 Image size of job updated: 353792
	91  -  MemoryUsage of job (MB)
	92272  -  ResidentSetSize of job (KB)
...
006 (407125.000.000) 2026-05-10 15:28:13 Image size of job updated: 353792
	92  -  MemoryUsage of job (MB)
	94072  -  ResidentSetSize of job (KB)
...
006 (407125.000.000) 2026-05-10 18:23:32 Image size of job updated: 353792
	95  -  MemoryUsage of job (MB)
	96376  -  ResidentSetSize of job (KB)
...
006 (407125.000.000) 2026-05-10 21:28:52 Image size of job updated: 353792
	97  -  MemoryUsage of job (MB)
	98336  -  ResidentSetSize of job (KB)
...
006 (407125.000.000) 2026-05-11 03:34:31 Image size of job updated: 353792
	97  -  MemoryUsage of job (MB)
	98344  -  ResidentSetSize of job (KB)
...
006 (407125.000.000) 2026-05-11 03:44:32 Image size of job updated: 353792
	99  -  MemoryUsage of job (MB)
	100392  -  ResidentSetSize of job (KB)
...
006 (407125.000.000) 2026-05-11 04:54:40 Image size of job updated: 353792
	100  -  MemoryUsage of job (MB)
	102352  -  ResidentSetSize of job (KB)
...
006 (407125.000.000) 2026-05-11 06:54:53 Image size of job updated: 353792
	102  -  MemoryUsage of job (MB)
	104400  -  ResidentSetSize of job (KB)
...
006 (407125.000.000) 2026-05-11 10:00:11 Image size of job updated: 353792
	104  -  MemoryUsage of job (MB)
	106448  -  ResidentSetSize of job (KB)
...
006 (407125.000.000) 2026-05-11 13:05:28 Image size of job updated: 353792
	106  -  MemoryUsage of job (MB)
	108496  -  ResidentSetSize of job (KB)
...
006 (407125.000.000) 2026-05-11 16:10:47 Image size of job updated: 353792
	108  -  MemoryUsage of job (MB)
	110544  -  ResidentSetSize of job (KB)
...
006 (407125.000.000) 2026-05-11 19:16:05 Image size of job updated: 353792
	110  -  MemoryUsage of job (MB)
	112592  -  ResidentSetSize of job (KB)
...
006 (407125.000.000) 2026-05-11 21:46:20 Image size of job updated: 353792
	112  -  MemoryUsage of job (MB)
	114540  -  ResidentSetSize of job (KB)
...
006 (407125.000.000) 2026-05-11 23:46:33 Image size of job updated: 353792
	114  -  MemoryUsage of job (MB)
	116592  -  ResidentSetSize of job (KB)
...
006 (407125.000.000) 2026-05-12 01:01:42 Image size of job updated: 353792
	115  -  MemoryUsage of job (MB)
	117104  -  ResidentSetSize of job (KB)
...
006 (407125.000.000) 2026-05-12 02:16:49 Image size of job updated: 353792
	117  -  MemoryUsage of job (MB)
	119152  -  ResidentSetSize of job (KB)
...
006 (407125.000.000) 2026-05-12 05:17:09 Image size of job updated: 353792
	119  -  MemoryUsage of job (MB)
	121108  -  ResidentSetSize of job (KB)
...
006 (407125.000.000) 2026-05-12 07:37:23 Image size of job updated: 353792
	121  -  MemoryUsage of job (MB)
	123000  -  ResidentSetSize of job (KB)
...
006 (407125.000.000) 2026-05-12 09:42:37 Image size of job updated: 353792
	122  -  MemoryUsage of job (MB)
	124800  -  ResidentSetSize of job (KB)
...
006 (407125.000.000) 2026-05-12 12:37:58 Image size of job updated: 353792
	125  -  MemoryUsage of job (MB)
	127104  -  ResidentSetSize of job (KB)
...
006 (407125.000.000) 2026-05-12 15:28:15 Image size of job updated: 353792
	126  -  MemoryUsage of job (MB)
	128904  -  ResidentSetSize of job (KB)
...
006 (407125.000.000) 2026-05-12 17:58:31 Image size of job updated: 353792
	129  -  MemoryUsage of job (MB)
	131208  -  ResidentSetSize of job (KB)
...
006 (407125.000.000) 2026-05-12 22:28:57 Image size of job updated: 371728
	129  -  MemoryUsage of job (MB)
	131208  -  ResidentSetSize of job (KB)
...
006 (407125.000.000) 2026-05-12 22:33:57 Image size of job updated: 371944
	129  -  MemoryUsage of job (MB)
	131208  -  ResidentSetSize of job (KB)
...
006 (407125.000.000) 2026-05-12 22:38:58 Image size of job updated: 372684
	129  -  MemoryUsage of job (MB)
	131208  -  ResidentSetSize of job (KB)
...
006 (407125.000.000) 2026-05-12 22:43:59 Image size of job updated: 375112
	129  -  MemoryUsage of job (MB)
	131208  -  ResidentSetSize of job (KB)
...
006 (407125.000.000) 2026-05-12 23:04:00 Image size of job updated: 378648
	129  -  MemoryUsage of job (MB)
	131208  -  ResidentSetSize of job (KB)
...
006 (407125.000.000) 2026-05-12 23:39:04 Image size of job updated: 380336
	129  -  MemoryUsage of job (MB)
	131208  -  ResidentSetSize of job (KB)
...
006 (407125.000.000) 2026-05-13 00:59:11 Image size of job updated: 677016
	662  -  MemoryUsage of job (MB)
	677016  -  ResidentSetSize of job (KB)
...
006 (407125.000.000) 2026-05-13 01:04:12 Image size of job updated: 681260
	662  -  MemoryUsage of job (MB)
	677016  -  ResidentSetSize of job (KB)
...
006 (407125.000.000) 2026-05-13 01:14:13 Image size of job updated: 681728
	662  -  MemoryUsage of job (MB)
	677016  -  ResidentSetSize of job (KB)
...
006 (407125.000.000) 2026-05-13 02:09:18 Image size of job updated: 683632
	662  -  MemoryUsage of job (MB)
	677016  -  ResidentSetSize of job (KB)
...
006 (407125.000.000) 2026-05-13 02:44:23 Image size of job updated: 685840
	662  -  MemoryUsage of job (MB)
	677016  -  ResidentSetSize of job (KB)
...
006 (407125.000.000) 2026-05-13 04:29:36 Image size of job updated: 685840
	665  -  MemoryUsage of job (MB)
	680360  -  ResidentSetSize of job (KB)
...
