000 (407371.000.000) 2026-05-07 18:20:42 Job submitted from host: <192.168.250.101:9618?addrs=192.168.250.101-9618&alias=hercules.hcms.it&noUDP&sock=schedd_3404051_6d7b>
...
001 (407371.000.000) 2026-05-07 18:21:01 Job executing on host: <192.168.250.103:9618?addrs=192.168.250.103-9618&alias=clipper.hcms.it&noUDP&sock=startd_3676022_e97e>
	SlotName: slot7_1@clipper.hcms.it
	CondorScratchDir = "/var/lib/condor/execute/dir_4192899"
	Cpus = 1
	Disk = 20734
	Memory = 1024
...
006 (407371.000.000) 2026-05-07 18:21:10 Image size of job updated: 54740
	52  -  MemoryUsage of job (MB)
	52732  -  ResidentSetSize of job (KB)
...
006 (407371.000.000) 2026-05-07 18:36:11 Image size of job updated: 354188
	52  -  MemoryUsage of job (MB)
	52732  -  ResidentSetSize of job (KB)
...
006 (407371.000.000) 2026-05-07 19:41:17 Image size of job updated: 356668
	53  -  MemoryUsage of job (MB)
	53736  -  ResidentSetSize of job (KB)
...
006 (407371.000.000) 2026-05-07 20:36:23 Image size of job updated: 358856
	53  -  MemoryUsage of job (MB)
	53736  -  ResidentSetSize of job (KB)
...
006 (407371.000.000) 2026-05-07 21:01:25 Image size of job updated: 360640
	53  -  MemoryUsage of job (MB)
	53736  -  ResidentSetSize of job (KB)
...
006 (407371.000.000) 2026-05-07 23:16:39 Image size of job updated: 360640
	53  -  MemoryUsage of job (MB)
	53788  -  ResidentSetSize of job (KB)
...
006 (407371.000.000) 2026-05-07 23:21:39 Image size of job updated: 360640
	53  -  MemoryUsage of job (MB)
	53848  -  ResidentSetSize of job (KB)
...
006 (407371.000.000) 2026-05-08 03:27:04 Image size of job updated: 360640
	333  -  MemoryUsage of job (MB)
	340256  -  ResidentSetSize of job (KB)
...
006 (407371.000.000) 2026-05-08 03:32:05 Image size of job updated: 360640
	333  -  MemoryUsage of job (MB)
	340268  -  ResidentSetSize of job (KB)
...
006 (407371.000.000) 2026-05-08 03:47:06 Image size of job updated: 365272
	333  -  MemoryUsage of job (MB)
	340268  -  ResidentSetSize of job (KB)
...
006 (407371.000.000) 2026-05-08 15:33:22 Image size of job updated: 365752
	333  -  MemoryUsage of job (MB)
	340268  -  ResidentSetSize of job (KB)
...
005 (407371.000.000) 2026-05-08 22:53:21 Job terminated.
	(1) Normal termination (return value 139)
		Usr 1 04:02:07, Sys 0 00:17:14  -  Run Remote Usage
		Usr 0 00:00:00, Sys 0 00:00:00  -  Run Local Usage
		Usr 1 04:02:07, Sys 0 00:17:14  -  Total Remote Usage
		Usr 0 00:00:00, Sys 0 00:00:00  -  Total Local Usage
	0  -  Run Bytes Sent By Job
	0  -  Run Bytes Received By Job
	0  -  Total Bytes Sent By Job
	0  -  Total Bytes Received By Job
	Partitionable Resources :    Usage  Request Allocated 
	   Cpus                 :     0.99        1         1 
	   Disk (KB)            :     1           1     20734 
	   Memory (MB)          :   333        1024      1024 

	Job terminated of its own accord at 2026-05-08T20:53:21Z with exit-code 139.
...
