000 (407343.000.000) 2026-05-07 18:20:41 Job submitted from host: <192.168.250.101:9618?addrs=192.168.250.101-9618&alias=hercules.hcms.it&noUDP&sock=schedd_3404051_6d7b>
...
001 (407343.000.000) 2026-05-07 18:21:01 Job executing on host: <192.168.250.102:9618?addrs=192.168.250.102-9618&alias=empire.hcms.it&noUDP&sock=startd_2716409_3615>
	SlotName: slot89_1@empire.hcms.it
	CondorScratchDir = "/var/lib/condor/execute/dir_3296265"
	Cpus = 1
	Disk = 22792
	Memory = 1024
...
006 (407343.000.000) 2026-05-07 18:21:10 Image size of job updated: 55472
	47  -  MemoryUsage of job (MB)
	47700  -  ResidentSetSize of job (KB)
...
006 (407343.000.000) 2026-05-07 18:26:11 Image size of job updated: 55504
	47  -  MemoryUsage of job (MB)
	47700  -  ResidentSetSize of job (KB)
...
006 (407343.000.000) 2026-05-07 18:41:13 Image size of job updated: 55504
	47  -  MemoryUsage of job (MB)
	47732  -  ResidentSetSize of job (KB)
...
006 (407343.000.000) 2026-05-07 18:56:15 Image size of job updated: 359820
	47  -  MemoryUsage of job (MB)
	47732  -  ResidentSetSize of job (KB)
...
006 (407343.000.000) 2026-05-07 19:26:17 Image size of job updated: 359820
	55  -  MemoryUsage of job (MB)
	55524  -  ResidentSetSize of job (KB)
...
006 (407343.000.000) 2026-05-07 21:26:30 Image size of job updated: 359820
	56  -  MemoryUsage of job (MB)
	56860  -  ResidentSetSize of job (KB)
...
006 (407343.000.000) 2026-05-07 22:31:36 Image size of job updated: 363352
	56  -  MemoryUsage of job (MB)
	56860  -  ResidentSetSize of job (KB)
...
006 (407343.000.000) 2026-05-07 23:56:45 Image size of job updated: 363352
	56  -  MemoryUsage of job (MB)
	57076  -  ResidentSetSize of job (KB)
...
006 (407343.000.000) 2026-05-08 00:26:47 Image size of job updated: 363352
	57  -  MemoryUsage of job (MB)
	58048  -  ResidentSetSize of job (KB)
...
006 (407343.000.000) 2026-05-08 06:47:26 Image size of job updated: 363636
	57  -  MemoryUsage of job (MB)
	58048  -  ResidentSetSize of job (KB)
...
006 (407343.000.000) 2026-05-08 07:37:31 Image size of job updated: 364724
	57  -  MemoryUsage of job (MB)
	58048  -  ResidentSetSize of job (KB)
...
006 (407343.000.000) 2026-05-08 11:27:55 Image size of job updated: 364724
	169  -  MemoryUsage of job (MB)
	172972  -  ResidentSetSize of job (KB)
...
006 (407343.000.000) 2026-05-08 20:08:50 Image size of job updated: 365832
	169  -  MemoryUsage of job (MB)
	172972  -  ResidentSetSize of job (KB)
...
005 (407343.000.000) 2026-05-08 21:22:29 Job terminated.
	(1) Normal termination (return value 139)
		Usr 1 02:30:20, Sys 0 00:17:39  -  Run Remote Usage
		Usr 0 00:00:00, Sys 0 00:00:00  -  Run Local Usage
		Usr 1 02:30:20, Sys 0 00:17:39  -  Total Remote Usage
		Usr 0 00:00:00, Sys 0 00:00:00  -  Total Local Usage
	0  -  Run Bytes Sent By Job
	0  -  Run Bytes Received By Job
	0  -  Total Bytes Sent By Job
	0  -  Total Bytes Received By Job
	Partitionable Resources :    Usage  Request Allocated 
	   Cpus                 :     0.99        1         1 
	   Disk (KB)            :     1           1     22792 
	   Memory (MB)          :   169        1024      1024 

	Job terminated of its own accord at 2026-05-08T19:22:29Z with exit-code 139.
...
