000 (407295.000.000) 2026-05-07 18:20:40 Job submitted from host: <192.168.250.101:9618?addrs=192.168.250.101-9618&alias=hercules.hcms.it&noUDP&sock=schedd_3404051_6d7b>
...
001 (407295.000.000) 2026-05-07 18:21:01 Job executing on host: <192.168.250.102:9618?addrs=192.168.250.102-9618&alias=empire.hcms.it&noUDP&sock=startd_2716409_3615>
	SlotName: slot41_1@empire.hcms.it
	CondorScratchDir = "/var/lib/condor/execute/dir_3296204"
	Cpus = 1
	Disk = 22792
	Memory = 1024
...
006 (407295.000.000) 2026-05-07 18:21:10 Image size of job updated: 52852
	47  -  MemoryUsage of job (MB)
	47684  -  ResidentSetSize of job (KB)
...
006 (407295.000.000) 2026-05-07 18:26:11 Image size of job updated: 52860
	47  -  MemoryUsage of job (MB)
	47684  -  ResidentSetSize of job (KB)
...
006 (407295.000.000) 2026-05-07 18:41:12 Image size of job updated: 52860
	47  -  MemoryUsage of job (MB)
	47700  -  ResidentSetSize of job (KB)
...
006 (407295.000.000) 2026-05-07 18:46:13 Image size of job updated: 52860
	47  -  MemoryUsage of job (MB)
	47708  -  ResidentSetSize of job (KB)
...
006 (407295.000.000) 2026-05-07 18:51:13 Image size of job updated: 52860
	48  -  MemoryUsage of job (MB)
	48932  -  ResidentSetSize of job (KB)
...
006 (407295.000.000) 2026-05-07 18:56:14 Image size of job updated: 354352
	48  -  MemoryUsage of job (MB)
	48932  -  ResidentSetSize of job (KB)
...
006 (407295.000.000) 2026-05-07 19:36:18 Image size of job updated: 359760
	48  -  MemoryUsage of job (MB)
	48932  -  ResidentSetSize of job (KB)
...
006 (407295.000.000) 2026-05-07 20:26:23 Image size of job updated: 360984
	48  -  MemoryUsage of job (MB)
	48932  -  ResidentSetSize of job (KB)
...
006 (407295.000.000) 2026-05-07 21:31:30 Image size of job updated: 360984
	49  -  MemoryUsage of job (MB)
	49596  -  ResidentSetSize of job (KB)
...
006 (407295.000.000) 2026-05-07 21:51:31 Image size of job updated: 361548
	49  -  MemoryUsage of job (MB)
	49596  -  ResidentSetSize of job (KB)
...
006 (407295.000.000) 2026-05-07 22:21:35 Image size of job updated: 361548
	50  -  MemoryUsage of job (MB)
	50816  -  ResidentSetSize of job (KB)
...
006 (407295.000.000) 2026-05-07 23:11:39 Image size of job updated: 361548
	54  -  MemoryUsage of job (MB)
	54436  -  ResidentSetSize of job (KB)
...
006 (407295.000.000) 2026-05-07 23:41:43 Image size of job updated: 363112
	54  -  MemoryUsage of job (MB)
	54436  -  ResidentSetSize of job (KB)
...
006 (407295.000.000) 2026-05-08 04:37:13 Image size of job updated: 363112
	57  -  MemoryUsage of job (MB)
	58272  -  ResidentSetSize of job (KB)
...
006 (407295.000.000) 2026-05-08 15:43:21 Image size of job updated: 363300
	57  -  MemoryUsage of job (MB)
	58272  -  ResidentSetSize of job (KB)
...
005 (407295.000.000) 2026-05-08 17:34:36 Job terminated.
	(1) Normal termination (return value 139)
		Usr 0 22:50:11, Sys 0 00:12:12  -  Run Remote Usage
		Usr 0 00:00:00, Sys 0 00:00:00  -  Run Local Usage
		Usr 0 22:50:11, Sys 0 00:12:12  -  Total Remote Usage
		Usr 0 00:00:00, Sys 0 00:00:00  -  Total Local Usage
	0  -  Run Bytes Sent By Job
	0  -  Run Bytes Received By Job
	0  -  Total Bytes Sent By Job
	0  -  Total Bytes Received By Job
	Partitionable Resources :    Usage  Request Allocated 
	   Cpus                 :     0.99        1         1 
	   Disk (KB)            :     1           1     22792 
	   Memory (MB)          :    57        1024      1024 

	Job terminated of its own accord at 2026-05-08T15:34:36Z with exit-code 139.
...
