000 (407154.000.000) 2026-05-07 18:20:36 Job submitted from host: <192.168.250.101:9618?addrs=192.168.250.101-9618&alias=hercules.hcms.it&noUDP&sock=schedd_3404051_6d7b>
...
001 (407154.000.000) 2026-05-07 18:21:00 Job executing on host: <192.168.250.23:9618?addrs=192.168.250.23-9618&alias=pccms13.hcms.it&noUDP&sock=startd_4182521_18e8>
	SlotName: slot24_1@pccms13.hcms.it
	CondorScratchDir = "/var/lib/condor/execute/dir_537805"
	Cpus = 1
	Disk = 23466
	Memory = 1024
...
006 (407154.000.000) 2026-05-07 18:21:09 Image size of job updated: 38996
	38  -  MemoryUsage of job (MB)
	38904  -  ResidentSetSize of job (KB)
...
006 (407154.000.000) 2026-05-07 18:26:10 Image size of job updated: 39000
	38  -  MemoryUsage of job (MB)
	38904  -  ResidentSetSize of job (KB)
...
006 (407154.000.000) 2026-05-07 18:56:13 Image size of job updated: 326984
	38  -  MemoryUsage of job (MB)
	38904  -  ResidentSetSize of job (KB)
...
006 (407154.000.000) 2026-05-07 19:41:18 Image size of job updated: 329988
	38  -  MemoryUsage of job (MB)
	38904  -  ResidentSetSize of job (KB)
...
006 (407154.000.000) 2026-05-07 20:26:22 Image size of job updated: 330384
	38  -  MemoryUsage of job (MB)
	38904  -  ResidentSetSize of job (KB)
...
006 (407154.000.000) 2026-05-07 20:36:22 Image size of job updated: 330852
	41  -  MemoryUsage of job (MB)
	41644  -  ResidentSetSize of job (KB)
...
006 (407154.000.000) 2026-05-07 21:21:27 Image size of job updated: 331132
	41  -  MemoryUsage of job (MB)
	41644  -  ResidentSetSize of job (KB)
...
006 (407154.000.000) 2026-05-07 21:36:29 Image size of job updated: 335008
	41  -  MemoryUsage of job (MB)
	41644  -  ResidentSetSize of job (KB)
...
006 (407154.000.000) 2026-05-08 00:11:45 Image size of job updated: 335008
	42  -  MemoryUsage of job (MB)
	42060  -  ResidentSetSize of job (KB)
...
006 (407154.000.000) 2026-05-08 00:46:49 Image size of job updated: 335008
	126  -  MemoryUsage of job (MB)
	128928  -  ResidentSetSize of job (KB)
...
006 (407154.000.000) 2026-05-08 03:57:11 Image size of job updated: 335008
	216  -  MemoryUsage of job (MB)
	220256  -  ResidentSetSize of job (KB)
...
006 (407154.000.000) 2026-05-08 23:19:11 Image size of job updated: 337204
	216  -  MemoryUsage of job (MB)
	220256  -  ResidentSetSize of job (KB)
...
006 (407154.000.000) 2026-05-08 23:24:12 Image size of job updated: 346108
	216  -  MemoryUsage of job (MB)
	220256  -  ResidentSetSize of job (KB)
...
006 (407154.000.000) 2026-05-09 00:19:17 Image size of job updated: 347356
	216  -  MemoryUsage of job (MB)
	220256  -  ResidentSetSize of job (KB)
...
006 (407154.000.000) 2026-05-09 00:59:21 Image size of job updated: 351228
	216  -  MemoryUsage of job (MB)
	220256  -  ResidentSetSize of job (KB)
...
005 (407154.000.000) 2026-05-09 20:18:06 Job terminated.
	(1) Normal termination (return value 139)
		Usr 1 22:37:12, Sys 0 02:51:07  -  Run Remote Usage
		Usr 0 00:00:00, Sys 0 00:00:00  -  Run Local Usage
		Usr 1 22:37:12, Sys 0 02:51:07  -  Total Remote Usage
		Usr 0 00:00:00, Sys 0 00:00:00  -  Total Local Usage
	0  -  Run Bytes Sent By Job
	0  -  Run Bytes Received By Job
	0  -  Total Bytes Sent By Job
	0  -  Total Bytes Received By Job
	Partitionable Resources :    Usage  Request Allocated 
	   Cpus                 :     0.99        1         1 
	   Disk (KB)            :     1           1     23466 
	   Memory (MB)          :   216        1024      1024 

	Job terminated of its own accord at 2026-05-09T18:18:06Z with exit-code 139.
...
