000 (407279.000.000) 2026-05-07 18:20:39 Job submitted from host: <192.168.250.101:9618?addrs=192.168.250.101-9618&alias=hercules.hcms.it&noUDP&sock=schedd_3404051_6d7b>
...
001 (407279.000.000) 2026-05-07 18:21:01 Job executing on host: <192.168.250.102:9618?addrs=192.168.250.102-9618&alias=empire.hcms.it&noUDP&sock=startd_2716409_3615>
	SlotName: slot25_1@empire.hcms.it
	CondorScratchDir = "/var/lib/condor/execute/dir_3296180"
	Cpus = 1
	Disk = 22792
	Memory = 1024
...
006 (407279.000.000) 2026-05-07 18:21:10 Image size of job updated: 54800
	47  -  MemoryUsage of job (MB)
	47600  -  ResidentSetSize of job (KB)
...
006 (407279.000.000) 2026-05-07 18:26:11 Image size of job updated: 54800
	47  -  MemoryUsage of job (MB)
	47708  -  ResidentSetSize of job (KB)
...
006 (407279.000.000) 2026-05-07 18:51:13 Image size of job updated: 54800
	48  -  MemoryUsage of job (MB)
	48896  -  ResidentSetSize of job (KB)
...
006 (407279.000.000) 2026-05-07 18:56:14 Image size of job updated: 357264
	48  -  MemoryUsage of job (MB)
	48896  -  ResidentSetSize of job (KB)
...
006 (407279.000.000) 2026-05-07 19:11:15 Image size of job updated: 357732
	48  -  MemoryUsage of job (MB)
	48896  -  ResidentSetSize of job (KB)
...
006 (407279.000.000) 2026-05-07 19:16:16 Image size of job updated: 357732
	49  -  MemoryUsage of job (MB)
	49648  -  ResidentSetSize of job (KB)
...
006 (407279.000.000) 2026-05-07 19:21:16 Image size of job updated: 360116
	49  -  MemoryUsage of job (MB)
	49648  -  ResidentSetSize of job (KB)
...
006 (407279.000.000) 2026-05-07 19:41:18 Image size of job updated: 360116
	53  -  MemoryUsage of job (MB)
	54044  -  ResidentSetSize of job (KB)
...
006 (407279.000.000) 2026-05-07 20:31:23 Image size of job updated: 362200
	53  -  MemoryUsage of job (MB)
	54044  -  ResidentSetSize of job (KB)
...
006 (407279.000.000) 2026-05-07 20:56:25 Image size of job updated: 362200
	54  -  MemoryUsage of job (MB)
	55224  -  ResidentSetSize of job (KB)
...
006 (407279.000.000) 2026-05-08 00:46:50 Image size of job updated: 364700
	54  -  MemoryUsage of job (MB)
	55224  -  ResidentSetSize of job (KB)
...
006 (407279.000.000) 2026-05-08 01:11:52 Image size of job updated: 365688
	58  -  MemoryUsage of job (MB)
	58968  -  ResidentSetSize of job (KB)
...
006 (407279.000.000) 2026-05-08 05:37:18 Image size of job updated: 365688
	120  -  MemoryUsage of job (MB)
	122444  -  ResidentSetSize of job (KB)
...
006 (407279.000.000) 2026-05-08 11:57:59 Image size of job updated: 365688
	162  -  MemoryUsage of job (MB)
	165108  -  ResidentSetSize of job (KB)
...
005 (407279.000.000) 2026-05-08 14:10:13 Job terminated.
	(1) Normal termination (return value 139)
		Usr 0 19:27:35, Sys 0 00:12:06  -  Run Remote Usage
		Usr 0 00:00:00, Sys 0 00:00:00  -  Run Local Usage
		Usr 0 19:27:35, Sys 0 00:12:06  -  Total Remote Usage
		Usr 0 00:00:00, Sys 0 00:00:00  -  Total Local Usage
	0  -  Run Bytes Sent By Job
	0  -  Run Bytes Received By Job
	0  -  Total Bytes Sent By Job
	0  -  Total Bytes Received By Job
	Partitionable Resources :    Usage  Request Allocated 
	   Cpus                 :     0.99        1         1 
	   Disk (KB)            :     1           1     22792 
	   Memory (MB)          :   162        1024      1024 

	Job terminated of its own accord at 2026-05-08T12:10:13Z with exit-code 139.
...
