000 (407240.000.000) 2026-05-07 18:20:38 Job submitted from host: <192.168.250.101:9618?addrs=192.168.250.101-9618&alias=hercules.hcms.it&noUDP&sock=schedd_3404051_6d7b>
...
001 (407240.000.000) 2026-05-07 18:20:59 Job executing on host: <192.168.250.22:9618?addrs=192.168.250.22-9618&alias=pccms12.hcms.it&noUDP&sock=startd_3275093_f746>
	SlotName: slot48_1@pccms12.hcms.it
	CondorScratchDir = "/var/lib/condor/execute/dir_3815105"
	Cpus = 1
	Disk = 22134
	Memory = 1024
...
006 (407240.000.000) 2026-05-07 18:21:08 Image size of job updated: 39148
	39  -  MemoryUsage of job (MB)
	39132  -  ResidentSetSize of job (KB)
...
006 (407240.000.000) 2026-05-07 18:26:09 Image size of job updated: 325132
	39  -  MemoryUsage of job (MB)
	39132  -  ResidentSetSize of job (KB)
...
006 (407240.000.000) 2026-05-07 18:36:10 Image size of job updated: 325696
	39  -  MemoryUsage of job (MB)
	39132  -  ResidentSetSize of job (KB)
...
006 (407240.000.000) 2026-05-07 19:21:14 Image size of job updated: 325696
	39  -  MemoryUsage of job (MB)
	39740  -  ResidentSetSize of job (KB)
...
006 (407240.000.000) 2026-05-07 19:51:17 Image size of job updated: 327784
	39  -  MemoryUsage of job (MB)
	39740  -  ResidentSetSize of job (KB)
...
006 (407240.000.000) 2026-05-07 21:11:25 Image size of job updated: 327852
	39  -  MemoryUsage of job (MB)
	39740  -  ResidentSetSize of job (KB)
...
006 (407240.000.000) 2026-05-07 21:26:26 Image size of job updated: 327852
	41  -  MemoryUsage of job (MB)
	41960  -  ResidentSetSize of job (KB)
...
006 (407240.000.000) 2026-05-07 21:41:28 Image size of job updated: 327852
	43  -  MemoryUsage of job (MB)
	43172  -  ResidentSetSize of job (KB)
...
006 (407240.000.000) 2026-05-07 23:51:40 Image size of job updated: 328220
	43  -  MemoryUsage of job (MB)
	43172  -  ResidentSetSize of job (KB)
...
006 (407240.000.000) 2026-05-08 00:16:44 Image size of job updated: 328312
	43  -  MemoryUsage of job (MB)
	43172  -  ResidentSetSize of job (KB)
...
006 (407240.000.000) 2026-05-08 01:06:49 Image size of job updated: 328740
	43  -  MemoryUsage of job (MB)
	43172  -  ResidentSetSize of job (KB)
...
006 (407240.000.000) 2026-05-08 01:16:49 Image size of job updated: 330704
	43  -  MemoryUsage of job (MB)
	43172  -  ResidentSetSize of job (KB)
...
006 (407240.000.000) 2026-05-08 01:26:50 Image size of job updated: 331064
	43  -  MemoryUsage of job (MB)
	43172  -  ResidentSetSize of job (KB)
...
006 (407240.000.000) 2026-05-08 03:17:01 Image size of job updated: 332228
	43  -  MemoryUsage of job (MB)
	43172  -  ResidentSetSize of job (KB)
...
006 (407240.000.000) 2026-05-08 07:27:27 Image size of job updated: 332228
	44  -  MemoryUsage of job (MB)
	44176  -  ResidentSetSize of job (KB)
...
006 (407240.000.000) 2026-05-08 07:57:30 Image size of job updated: 332348
	44  -  MemoryUsage of job (MB)
	44176  -  ResidentSetSize of job (KB)
...
006 (407240.000.000) 2026-05-08 12:58:01 Image size of job updated: 334512
	44  -  MemoryUsage of job (MB)
	44176  -  ResidentSetSize of job (KB)
...
005 (407240.000.000) 2026-05-08 13:03:23 Job terminated.
	(1) Normal termination (return value 139)
		Usr 0 18:08:15, Sys 0 00:23:42  -  Run Remote Usage
		Usr 0 00:00:00, Sys 0 00:00:00  -  Run Local Usage
		Usr 0 18:08:15, Sys 0 00:23:42  -  Total Remote Usage
		Usr 0 00:00:00, Sys 0 00:00:00  -  Total Local Usage
	0  -  Run Bytes Sent By Job
	0  -  Run Bytes Received By Job
	0  -  Total Bytes Sent By Job
	0  -  Total Bytes Received By Job
	Partitionable Resources :    Usage  Request Allocated 
	   Cpus                 :     0.99        1         1 
	   Disk (KB)            :     1           1     22134 
	   Memory (MB)          :    44        1024      1024 

	Job terminated of its own accord at 2026-05-08T11:03:23Z with exit-code 139.
...
