000 (407152.000.000) 2026-05-07 18:20:36 Job submitted from host: <192.168.250.101:9618?addrs=192.168.250.101-9618&alias=hercules.hcms.it&noUDP&sock=schedd_3404051_6d7b>
...
001 (407152.000.000) 2026-05-07 18:21:00 Job executing on host: <192.168.250.23:9618?addrs=192.168.250.23-9618&alias=pccms13.hcms.it&noUDP&sock=startd_4182521_18e8>
	SlotName: slot22_1@pccms13.hcms.it
	CondorScratchDir = "/var/lib/condor/execute/dir_537803"
	Cpus = 1
	Disk = 23466
	Memory = 1024
...
006 (407152.000.000) 2026-05-07 18:21:08 Image size of job updated: 36352
	31  -  MemoryUsage of job (MB)
	31040  -  ResidentSetSize of job (KB)
...
006 (407152.000.000) 2026-05-07 18:26:08 Image size of job updated: 36352
	33  -  MemoryUsage of job (MB)
	33088  -  ResidentSetSize of job (KB)
...
006 (407152.000.000) 2026-05-07 18:56:12 Image size of job updated: 324628
	33  -  MemoryUsage of job (MB)
	33088  -  ResidentSetSize of job (KB)
...
006 (407152.000.000) 2026-05-07 19:21:14 Image size of job updated: 325384
	33  -  MemoryUsage of job (MB)
	33088  -  ResidentSetSize of job (KB)
...
006 (407152.000.000) 2026-05-07 19:26:15 Image size of job updated: 327252
	33  -  MemoryUsage of job (MB)
	33088  -  ResidentSetSize of job (KB)
...
006 (407152.000.000) 2026-05-07 19:46:17 Image size of job updated: 328968
	33  -  MemoryUsage of job (MB)
	33192  -  ResidentSetSize of job (KB)
...
006 (407152.000.000) 2026-05-07 20:31:22 Image size of job updated: 331696
	33  -  MemoryUsage of job (MB)
	33192  -  ResidentSetSize of job (KB)
...
006 (407152.000.000) 2026-05-07 20:56:23 Image size of job updated: 334348
	33  -  MemoryUsage of job (MB)
	33484  -  ResidentSetSize of job (KB)
...
006 (407152.000.000) 2026-05-07 22:11:32 Image size of job updated: 334348
	34  -  MemoryUsage of job (MB)
	33904  -  ResidentSetSize of job (KB)
...
006 (407152.000.000) 2026-05-08 00:16:44 Image size of job updated: 334348
	37  -  MemoryUsage of job (MB)
	37416  -  ResidentSetSize of job (KB)
...
006 (407152.000.000) 2026-05-08 01:01:49 Image size of job updated: 334348
	37  -  MemoryUsage of job (MB)
	37444  -  ResidentSetSize of job (KB)
...
006 (407152.000.000) 2026-05-08 02:01:55 Image size of job updated: 334348
	37  -  MemoryUsage of job (MB)
	37548  -  ResidentSetSize of job (KB)
...
006 (407152.000.000) 2026-05-08 03:07:02 Image size of job updated: 334348
	37  -  MemoryUsage of job (MB)
	37676  -  ResidentSetSize of job (KB)
...
006 (407152.000.000) 2026-05-08 03:42:05 Image size of job updated: 335116
	37  -  MemoryUsage of job (MB)
	37676  -  ResidentSetSize of job (KB)
...
006 (407152.000.000) 2026-05-08 04:27:10 Image size of job updated: 335116
	37  -  MemoryUsage of job (MB)
	37712  -  ResidentSetSize of job (KB)
...
006 (407152.000.000) 2026-05-08 04:32:11 Image size of job updated: 335116
	38  -  MemoryUsage of job (MB)
	38064  -  ResidentSetSize of job (KB)
...
006 (407152.000.000) 2026-05-08 04:37:12 Image size of job updated: 335116
	40  -  MemoryUsage of job (MB)
	40680  -  ResidentSetSize of job (KB)
...
006 (407152.000.000) 2026-05-08 04:42:12 Image size of job updated: 335116
	40  -  MemoryUsage of job (MB)
	40840  -  ResidentSetSize of job (KB)
...
006 (407152.000.000) 2026-05-08 06:02:20 Image size of job updated: 335116
	41  -  MemoryUsage of job (MB)
	41796  -  ResidentSetSize of job (KB)
...
006 (407152.000.000) 2026-05-08 06:32:23 Image size of job updated: 335116
	42  -  MemoryUsage of job (MB)
	42076  -  ResidentSetSize of job (KB)
...
006 (407152.000.000) 2026-05-08 06:47:24 Image size of job updated: 335116
	42  -  MemoryUsage of job (MB)
	42088  -  ResidentSetSize of job (KB)
...
006 (407152.000.000) 2026-05-08 08:37:35 Image size of job updated: 335116
	42  -  MemoryUsage of job (MB)
	42760  -  ResidentSetSize of job (KB)
...
006 (407152.000.000) 2026-05-08 08:52:37 Image size of job updated: 335116
	42  -  MemoryUsage of job (MB)
	42904  -  ResidentSetSize of job (KB)
...
006 (407152.000.000) 2026-05-08 09:02:38 Image size of job updated: 335116
	42  -  MemoryUsage of job (MB)
	42916  -  ResidentSetSize of job (KB)
...
006 (407152.000.000) 2026-05-08 09:27:40 Image size of job updated: 335116
	43  -  MemoryUsage of job (MB)
	43292  -  ResidentSetSize of job (KB)
...
006 (407152.000.000) 2026-05-08 12:02:56 Image size of job updated: 335116
	43  -  MemoryUsage of job (MB)
	43336  -  ResidentSetSize of job (KB)
...
006 (407152.000.000) 2026-05-08 12:27:59 Image size of job updated: 335116
	44  -  MemoryUsage of job (MB)
	44216  -  ResidentSetSize of job (KB)
...
006 (407152.000.000) 2026-05-08 12:43:01 Image size of job updated: 335116
	44  -  MemoryUsage of job (MB)
	44472  -  ResidentSetSize of job (KB)
...
006 (407152.000.000) 2026-05-08 20:33:48 Image size of job updated: 344472
	45  -  MemoryUsage of job (MB)
	45896  -  ResidentSetSize of job (KB)
...
006 (407152.000.000) 2026-05-08 20:38:48 Image size of job updated: 349540
	45  -  MemoryUsage of job (MB)
	45896  -  ResidentSetSize of job (KB)
...
006 (407152.000.000) 2026-05-08 20:43:49 Image size of job updated: 349540
	49  -  MemoryUsage of job (MB)
	50016  -  ResidentSetSize of job (KB)
...
006 (407152.000.000) 2026-05-08 21:53:57 Image size of job updated: 349540
	143  -  MemoryUsage of job (MB)
	145812  -  ResidentSetSize of job (KB)
...
005 (407152.000.000) 2026-05-09 17:09:57 Job terminated.
	(1) Normal termination (return value 139)
		Usr 1 19:44:31, Sys 0 02:41:15  -  Run Remote Usage
		Usr 0 00:00:00, Sys 0 00:00:00  -  Run Local Usage
		Usr 1 19:44:31, Sys 0 02:41:15  -  Total Remote Usage
		Usr 0 00:00:00, Sys 0 00:00:00  -  Total Local Usage
	0  -  Run Bytes Sent By Job
	0  -  Run Bytes Received By Job
	0  -  Total Bytes Sent By Job
	0  -  Total Bytes Received By Job
	Partitionable Resources :    Usage  Request Allocated 
	   Cpus                 :     0.97        1         1 
	   Disk (KB)            :     1           1     23466 
	   Memory (MB)          :   143        1024      1024 

	Job terminated of its own accord at 2026-05-09T15:09:57Z with exit-code 139.
...
