000 (407457.000.000) 2026-05-07 18:20:44 Job submitted from host: <192.168.250.101:9618?addrs=192.168.250.101-9618&alias=hercules.hcms.it&noUDP&sock=schedd_3404051_6d7b>
...
001 (407457.000.000) 2026-05-07 18:21:01 Job executing on host: <192.168.250.103:9618?addrs=192.168.250.103-9618&alias=clipper.hcms.it&noUDP&sock=startd_3676022_e97e>
	SlotName: slot93_1@clipper.hcms.it
	CondorScratchDir = "/var/lib/condor/execute/dir_4193038"
	Cpus = 1
	Disk = 20734
	Memory = 1024
...
006 (407457.000.000) 2026-05-07 18:21:10 Image size of job updated: 55568
	47  -  MemoryUsage of job (MB)
	47792  -  ResidentSetSize of job (KB)
...
006 (407457.000.000) 2026-05-07 18:26:11 Image size of job updated: 55592
	55  -  MemoryUsage of job (MB)
	55464  -  ResidentSetSize of job (KB)
...
006 (407457.000.000) 2026-05-07 18:31:12 Image size of job updated: 55616
	55  -  MemoryUsage of job (MB)
	55464  -  ResidentSetSize of job (KB)
...
006 (407457.000.000) 2026-05-07 18:36:12 Image size of job updated: 57536
	55  -  MemoryUsage of job (MB)
	55464  -  ResidentSetSize of job (KB)
...
006 (407457.000.000) 2026-05-07 18:41:13 Image size of job updated: 57536
	55  -  MemoryUsage of job (MB)
	55476  -  ResidentSetSize of job (KB)
...
006 (407457.000.000) 2026-05-07 18:46:14 Image size of job updated: 57536
	55  -  MemoryUsage of job (MB)
	55616  -  ResidentSetSize of job (KB)
...
006 (407457.000.000) 2026-05-07 19:41:19 Image size of job updated: 355464
	55  -  MemoryUsage of job (MB)
	55616  -  ResidentSetSize of job (KB)
...
006 (407457.000.000) 2026-05-07 19:46:19 Image size of job updated: 355464
	55  -  MemoryUsage of job (MB)
	56104  -  ResidentSetSize of job (KB)
...
006 (407457.000.000) 2026-05-07 20:46:26 Image size of job updated: 357740
	55  -  MemoryUsage of job (MB)
	56104  -  ResidentSetSize of job (KB)
...
006 (407457.000.000) 2026-05-07 21:21:29 Image size of job updated: 357740
	55  -  MemoryUsage of job (MB)
	56140  -  ResidentSetSize of job (KB)
...
006 (407457.000.000) 2026-05-07 21:26:29 Image size of job updated: 357740
	55  -  MemoryUsage of job (MB)
	56232  -  ResidentSetSize of job (KB)
...
006 (407457.000.000) 2026-05-07 22:56:39 Image size of job updated: 360032
	55  -  MemoryUsage of job (MB)
	56232  -  ResidentSetSize of job (KB)
...
006 (407457.000.000) 2026-05-07 23:01:39 Image size of job updated: 363092
	55  -  MemoryUsage of job (MB)
	56232  -  ResidentSetSize of job (KB)
...
006 (407457.000.000) 2026-05-07 23:41:43 Image size of job updated: 363092
	55  -  MemoryUsage of job (MB)
	56288  -  ResidentSetSize of job (KB)
...
006 (407457.000.000) 2026-05-08 01:31:54 Image size of job updated: 363092
	56  -  MemoryUsage of job (MB)
	56916  -  ResidentSetSize of job (KB)
...
006 (407457.000.000) 2026-05-08 03:32:06 Image size of job updated: 364360
	56  -  MemoryUsage of job (MB)
	56916  -  ResidentSetSize of job (KB)
...
006 (407457.000.000) 2026-05-08 07:07:27 Image size of job updated: 364360
	56  -  MemoryUsage of job (MB)
	56944  -  ResidentSetSize of job (KB)
...
006 (407457.000.000) 2026-05-08 08:42:37 Image size of job updated: 364360
	56  -  MemoryUsage of job (MB)
	56952  -  ResidentSetSize of job (KB)
...
006 (407457.000.000) 2026-05-08 12:28:00 Image size of job updated: 364360
	57  -  MemoryUsage of job (MB)
	57416  -  ResidentSetSize of job (KB)
...
006 (407457.000.000) 2026-05-08 13:13:04 Image size of job updated: 364776
	57  -  MemoryUsage of job (MB)
	57416  -  ResidentSetSize of job (KB)
...
006 (407457.000.000) 2026-05-08 15:23:18 Image size of job updated: 364776
	57  -  MemoryUsage of job (MB)
	58088  -  ResidentSetSize of job (KB)
...
006 (407457.000.000) 2026-05-09 00:09:11 Image size of job updated: 364776
	58  -  MemoryUsage of job (MB)
	58652  -  ResidentSetSize of job (KB)
...
006 (407457.000.000) 2026-05-09 04:49:39 Image size of job updated: 367700
	58  -  MemoryUsage of job (MB)
	58652  -  ResidentSetSize of job (KB)
...
006 (407457.000.000) 2026-05-09 13:50:36 Image size of job updated: 367700
	216  -  MemoryUsage of job (MB)
	221084  -  ResidentSetSize of job (KB)
...
006 (407457.000.000) 2026-05-09 13:55:37 Image size of job updated: 367700
	217  -  MemoryUsage of job (MB)
	222108  -  ResidentSetSize of job (KB)
...
006 (407457.000.000) 2026-05-09 16:45:52 Image size of job updated: 367700
	248  -  MemoryUsage of job (MB)
	253048  -  ResidentSetSize of job (KB)
...
005 (407457.000.000) 2026-05-09 19:49:01 Job terminated.
	(1) Normal termination (return value 139)
		Usr 1 23:49:16, Sys 0 01:17:21  -  Run Remote Usage
		Usr 0 00:00:00, Sys 0 00:00:00  -  Run Local Usage
		Usr 1 23:49:16, Sys 0 01:17:21  -  Total Remote Usage
		Usr 0 00:00:00, Sys 0 00:00:00  -  Total Local Usage
	0  -  Run Bytes Sent By Job
	0  -  Run Bytes Received By Job
	0  -  Total Bytes Sent By Job
	0  -  Total Bytes Received By Job
	Partitionable Resources :    Usage  Request Allocated 
	   Cpus                 :     0.88        1         1 
	   Disk (KB)            :     1           1     20734 
	   Memory (MB)          :   248        1024      1024 

	Job terminated of its own accord at 2026-05-09T17:49:01Z with exit-code 139.
...
