000 (407410.000.000) 2026-05-07 18:20:43 Job submitted from host: <192.168.250.101:9618?addrs=192.168.250.101-9618&alias=hercules.hcms.it&noUDP&sock=schedd_3404051_6d7b>
...
001 (407410.000.000) 2026-05-07 18:21:02 Job executing on host: <192.168.250.103:9618?addrs=192.168.250.103-9618&alias=clipper.hcms.it&noUDP&sock=startd_3676022_e97e>
	SlotName: slot46_1@clipper.hcms.it
	CondorScratchDir = "/var/lib/condor/execute/dir_4192939"
	Cpus = 1
	Disk = 20734
	Memory = 1024
...
006 (407410.000.000) 2026-05-07 18:21:10 Image size of job updated: 57412
	55  -  MemoryUsage of job (MB)
	55476  -  ResidentSetSize of job (KB)
...
006 (407410.000.000) 2026-05-07 18:26:10 Image size of job updated: 57412
	55  -  MemoryUsage of job (MB)
	55500  -  ResidentSetSize of job (KB)
...
006 (407410.000.000) 2026-05-07 19:31:17 Image size of job updated: 356320
	55  -  MemoryUsage of job (MB)
	55624  -  ResidentSetSize of job (KB)
...
006 (407410.000.000) 2026-05-07 20:01:19 Image size of job updated: 356388
	55  -  MemoryUsage of job (MB)
	55624  -  ResidentSetSize of job (KB)
...
006 (407410.000.000) 2026-05-07 20:21:22 Image size of job updated: 356388
	55  -  MemoryUsage of job (MB)
	55980  -  ResidentSetSize of job (KB)
...
006 (407410.000.000) 2026-05-07 21:16:27 Image size of job updated: 358944
	55  -  MemoryUsage of job (MB)
	55980  -  ResidentSetSize of job (KB)
...
006 (407410.000.000) 2026-05-07 21:51:30 Image size of job updated: 358944
	55  -  MemoryUsage of job (MB)
	56140  -  ResidentSetSize of job (KB)
...
006 (407410.000.000) 2026-05-07 21:56:31 Image size of job updated: 358944
	55  -  MemoryUsage of job (MB)
	56144  -  ResidentSetSize of job (KB)
...
006 (407410.000.000) 2026-05-07 22:36:36 Image size of job updated: 358944
	55  -  MemoryUsage of job (MB)
	56220  -  ResidentSetSize of job (KB)
...
006 (407410.000.000) 2026-05-07 22:41:36 Image size of job updated: 358944
	56  -  MemoryUsage of job (MB)
	56344  -  ResidentSetSize of job (KB)
...
006 (407410.000.000) 2026-05-07 22:46:37 Image size of job updated: 358944
	56  -  MemoryUsage of job (MB)
	56380  -  ResidentSetSize of job (KB)
...
006 (407410.000.000) 2026-05-08 00:51:50 Image size of job updated: 358944
	57  -  MemoryUsage of job (MB)
	57920  -  ResidentSetSize of job (KB)
...
006 (407410.000.000) 2026-05-08 01:51:56 Image size of job updated: 358944
	57  -  MemoryUsage of job (MB)
	57948  -  ResidentSetSize of job (KB)
...
006 (407410.000.000) 2026-05-08 02:52:01 Image size of job updated: 359732
	57  -  MemoryUsage of job (MB)
	58000  -  ResidentSetSize of job (KB)
...
006 (407410.000.000) 2026-05-08 02:57:03 Image size of job updated: 359732
	57  -  MemoryUsage of job (MB)
	58052  -  ResidentSetSize of job (KB)
...
006 (407410.000.000) 2026-05-08 03:12:04 Image size of job updated: 359732
	57  -  MemoryUsage of job (MB)
	58068  -  ResidentSetSize of job (KB)
...
006 (407410.000.000) 2026-05-08 04:07:10 Image size of job updated: 360876
	57  -  MemoryUsage of job (MB)
	58068  -  ResidentSetSize of job (KB)
...
006 (407410.000.000) 2026-05-08 04:22:11 Image size of job updated: 360876
	57  -  MemoryUsage of job (MB)
	58112  -  ResidentSetSize of job (KB)
...
006 (407410.000.000) 2026-05-08 04:52:14 Image size of job updated: 360876
	57  -  MemoryUsage of job (MB)
	58228  -  ResidentSetSize of job (KB)
...
006 (407410.000.000) 2026-05-08 05:22:16 Image size of job updated: 360876
	57  -  MemoryUsage of job (MB)
	58328  -  ResidentSetSize of job (KB)
...
006 (407410.000.000) 2026-05-08 05:27:17 Image size of job updated: 360876
	58  -  MemoryUsage of job (MB)
	58376  -  ResidentSetSize of job (KB)
...
006 (407410.000.000) 2026-05-08 07:12:29 Image size of job updated: 363812
	58  -  MemoryUsage of job (MB)
	58768  -  ResidentSetSize of job (KB)
...
006 (407410.000.000) 2026-05-08 10:02:46 Image size of job updated: 363812
	59  -  MemoryUsage of job (MB)
	59800  -  ResidentSetSize of job (KB)
...
006 (407410.000.000) 2026-05-08 13:58:09 Image size of job updated: 367756
	59  -  MemoryUsage of job (MB)
	59800  -  ResidentSetSize of job (KB)
...
006 (407410.000.000) 2026-05-08 15:43:22 Image size of job updated: 367756
	146  -  MemoryUsage of job (MB)
	148608  -  ResidentSetSize of job (KB)
...
006 (407410.000.000) 2026-05-08 15:58:23 Image size of job updated: 367756
	244  -  MemoryUsage of job (MB)
	248836  -  ResidentSetSize of job (KB)
...
006 (407410.000.000) 2026-05-09 11:40:27 Image size of job updated: 368136
	244  -  MemoryUsage of job (MB)
	248836  -  ResidentSetSize of job (KB)
...
005 (407410.000.000) 2026-05-09 15:48:32 Job terminated.
	(1) Normal termination (return value 139)
		Usr 1 19:50:00, Sys 0 01:17:22  -  Run Remote Usage
		Usr 0 00:00:00, Sys 0 00:00:00  -  Run Local Usage
		Usr 1 19:50:00, Sys 0 01:17:22  -  Total Remote Usage
		Usr 0 00:00:00, Sys 0 00:00:00  -  Total Local Usage
	0  -  Run Bytes Sent By Job
	0  -  Run Bytes Received By Job
	0  -  Total Bytes Sent By Job
	0  -  Total Bytes Received By Job
	Partitionable Resources :    Usage  Request Allocated 
	   Cpus                 :     0.98        1         1 
	   Disk (KB)            :     1           1     20734 
	   Memory (MB)          :   244        1024      1024 

	Job terminated of its own accord at 2026-05-09T13:48:32Z with exit-code 139.
...
