000 (407137.000.000) 2026-05-07 18:20:36 Job submitted from host: <192.168.250.101:9618?addrs=192.168.250.101-9618&alias=hercules.hcms.it&noUDP&sock=schedd_3404051_6d7b>
...
001 (407137.000.000) 2026-05-07 18:20:57 Job executing on host: <192.168.250.23:9618?addrs=192.168.250.23-9618&alias=pccms13.hcms.it&noUDP&sock=startd_4182521_18e8>
	SlotName: slot7_1@pccms13.hcms.it
	CondorScratchDir = "/var/lib/condor/execute/dir_537765"
	Cpus = 1
	Disk = 23466
	Memory = 1024
...
006 (407137.000.000) 2026-05-07 18:21:06 Image size of job updated: 43848
	38  -  MemoryUsage of job (MB)
	38688  -  ResidentSetSize of job (KB)
...
006 (407137.000.000) 2026-05-07 18:26:07 Image size of job updated: 44080
	38  -  MemoryUsage of job (MB)
	38688  -  ResidentSetSize of job (KB)
...
006 (407137.000.000) 2026-05-07 18:51:09 Image size of job updated: 44080
	40  -  MemoryUsage of job (MB)
	40152  -  ResidentSetSize of job (KB)
...
006 (407137.000.000) 2026-05-07 18:56:10 Image size of job updated: 332584
	40  -  MemoryUsage of job (MB)
	40152  -  ResidentSetSize of job (KB)
...
006 (407137.000.000) 2026-05-07 19:01:10 Image size of job updated: 333280
	40  -  MemoryUsage of job (MB)
	40152  -  ResidentSetSize of job (KB)
...
006 (407137.000.000) 2026-05-07 20:01:15 Image size of job updated: 333280
	126  -  MemoryUsage of job (MB)
	128664  -  ResidentSetSize of job (KB)
...
006 (407137.000.000) 2026-05-07 20:21:17 Image size of job updated: 334968
	126  -  MemoryUsage of job (MB)
	128664  -  ResidentSetSize of job (KB)
...
006 (407137.000.000) 2026-05-07 21:51:25 Image size of job updated: 335232
	126  -  MemoryUsage of job (MB)
	128664  -  ResidentSetSize of job (KB)
...
006 (407137.000.000) 2026-05-07 22:16:29 Image size of job updated: 338124
	126  -  MemoryUsage of job (MB)
	128664  -  ResidentSetSize of job (KB)
...
006 (407137.000.000) 2026-05-08 00:51:44 Image size of job updated: 338344
	126  -  MemoryUsage of job (MB)
	128664  -  ResidentSetSize of job (KB)
...
006 (407137.000.000) 2026-05-09 00:39:11 Image size of job updated: 345412
	126  -  MemoryUsage of job (MB)
	128664  -  ResidentSetSize of job (KB)
...
006 (407137.000.000) 2026-05-09 00:44:12 Image size of job updated: 352220
	126  -  MemoryUsage of job (MB)
	128664  -  ResidentSetSize of job (KB)
...
006 (407137.000.000) 2026-05-09 07:54:54 Image size of job updated: 355060
	126  -  MemoryUsage of job (MB)
	128664  -  ResidentSetSize of job (KB)
...
006 (407137.000.000) 2026-05-10 04:46:59 Image size of job updated: 357776
	126  -  MemoryUsage of job (MB)
	128664  -  ResidentSetSize of job (KB)
...
006 (407137.000.000) 2026-05-10 04:57:00 Image size of job updated: 359980
	126  -  MemoryUsage of job (MB)
	128664  -  ResidentSetSize of job (KB)
...
005 (407137.000.000) 2026-05-10 04:58:52 Job terminated.
	(1) Normal termination (return value 139)
		Usr 2 07:36:01, Sys 0 02:34:55  -  Run Remote Usage
		Usr 0 00:00:00, Sys 0 00:00:00  -  Run Local Usage
		Usr 2 07:36:01, Sys 0 02:34:55  -  Total Remote Usage
		Usr 0 00:00:00, Sys 0 00:00:00  -  Total Local Usage
	0  -  Run Bytes Sent By Job
	0  -  Run Bytes Received By Job
	0  -  Total Bytes Sent By Job
	0  -  Total Bytes Received By Job
	Partitionable Resources :    Usage  Request Allocated 
	   Cpus                 :     1.00        1         1 
	   Disk (KB)            :     1           1     23466 
	   Memory (MB)          :   126        1024      1024 

	Job terminated of its own accord at 2026-05-10T02:58:52Z with exit-code 139.
...
