000 (407315.000.000) 2026-05-07 18:20:40 Job submitted from host: <192.168.250.101:9618?addrs=192.168.250.101-9618&alias=hercules.hcms.it&noUDP&sock=schedd_3404051_6d7b>
...
001 (407315.000.000) 2026-05-07 18:21:01 Job executing on host: <192.168.250.102:9618?addrs=192.168.250.102-9618&alias=empire.hcms.it&noUDP&sock=startd_2716409_3615>
	SlotName: slot61_1@empire.hcms.it
	CondorScratchDir = "/var/lib/condor/execute/dir_3296225"
	Cpus = 1
	Disk = 22792
	Memory = 1024
...
006 (407315.000.000) 2026-05-07 18:21:10 Image size of job updated: 55572
	55  -  MemoryUsage of job (MB)
	55572  -  ResidentSetSize of job (KB)
...
006 (407315.000.000) 2026-05-07 18:26:11 Image size of job updated: 55620
	55  -  MemoryUsage of job (MB)
	55572  -  ResidentSetSize of job (KB)
...
006 (407315.000.000) 2026-05-07 19:26:16 Image size of job updated: 357000
	55  -  MemoryUsage of job (MB)
	55572  -  ResidentSetSize of job (KB)
...
006 (407315.000.000) 2026-05-07 19:31:17 Image size of job updated: 357000
	55  -  MemoryUsage of job (MB)
	55596  -  ResidentSetSize of job (KB)
...
006 (407315.000.000) 2026-05-07 20:11:21 Image size of job updated: 362204
	58  -  MemoryUsage of job (MB)
	58712  -  ResidentSetSize of job (KB)
...
006 (407315.000.000) 2026-05-07 22:11:32 Image size of job updated: 362204
	258  -  MemoryUsage of job (MB)
	264116  -  ResidentSetSize of job (KB)
...
006 (407315.000.000) 2026-05-08 14:08:09 Image size of job updated: 363404
	258  -  MemoryUsage of job (MB)
	264116  -  ResidentSetSize of job (KB)
...
005 (407315.000.000) 2026-05-08 22:01:40 Job terminated.
	(1) Normal termination (return value 139)
		Usr 1 03:10:43, Sys 0 00:16:16  -  Run Remote Usage
		Usr 0 00:00:00, Sys 0 00:00:00  -  Run Local Usage
		Usr 1 03:10:43, Sys 0 00:16:16  -  Total Remote Usage
		Usr 0 00:00:00, Sys 0 00:00:00  -  Total Local Usage
	0  -  Run Bytes Sent By Job
	0  -  Run Bytes Received By Job
	0  -  Total Bytes Sent By Job
	0  -  Total Bytes Received By Job
	Partitionable Resources :    Usage  Request Allocated 
	   Cpus                 :     0.99        1         1 
	   Disk (KB)            :     1           1     22792 
	   Memory (MB)          :   258        1024      1024 

	Job terminated of its own accord at 2026-05-08T20:01:40Z with exit-code 139.
...
