000 (407429.000.000) 2026-05-07 18:20:43 Job submitted from host: <192.168.250.101:9618?addrs=192.168.250.101-9618&alias=hercules.hcms.it&noUDP&sock=schedd_3404051_6d7b>
...
001 (407429.000.000) 2026-05-07 18:21:02 Job executing on host: <192.168.250.103:9618?addrs=192.168.250.103-9618&alias=clipper.hcms.it&noUDP&sock=startd_3676022_e97e>
	SlotName: slot65_1@clipper.hcms.it
	CondorScratchDir = "/var/lib/condor/execute/dir_4192961"
	Cpus = 1
	Disk = 20734
	Memory = 1024
...
006 (407429.000.000) 2026-05-07 18:21:10 Image size of job updated: 52948
	47  -  MemoryUsage of job (MB)
	47756  -  ResidentSetSize of job (KB)
...
006 (407429.000.000) 2026-05-07 18:31:11 Image size of job updated: 353496
	52  -  MemoryUsage of job (MB)
	52864  -  ResidentSetSize of job (KB)
...
006 (407429.000.000) 2026-05-07 19:31:17 Image size of job updated: 359068
	52  -  MemoryUsage of job (MB)
	52864  -  ResidentSetSize of job (KB)
...
006 (407429.000.000) 2026-05-07 21:01:26 Image size of job updated: 359068
	54  -  MemoryUsage of job (MB)
	54860  -  ResidentSetSize of job (KB)
...
006 (407429.000.000) 2026-05-07 23:36:45 Image size of job updated: 359732
	54  -  MemoryUsage of job (MB)
	55100  -  ResidentSetSize of job (KB)
...
006 (407429.000.000) 2026-05-08 03:22:09 Image size of job updated: 359848
	54  -  MemoryUsage of job (MB)
	55100  -  ResidentSetSize of job (KB)
...
006 (407429.000.000) 2026-05-08 04:07:14 Image size of job updated: 360912
	54  -  MemoryUsage of job (MB)
	55100  -  ResidentSetSize of job (KB)
...
006 (407429.000.000) 2026-05-08 07:22:34 Image size of job updated: 360912
	143  -  MemoryUsage of job (MB)
	145708  -  ResidentSetSize of job (KB)
...
006 (407429.000.000) 2026-05-08 09:57:49 Image size of job updated: 365228
	143  -  MemoryUsage of job (MB)
	145708  -  ResidentSetSize of job (KB)
...
006 (407429.000.000) 2026-05-09 07:30:01 Image size of job updated: 365228
	163  -  MemoryUsage of job (MB)
	166684  -  ResidentSetSize of job (KB)
...
005 (407429.000.000) 2026-05-09 07:46:15 Job terminated.
	(1) Normal termination (return value 139)
		Usr 1 12:47:49, Sys 0 00:20:10  -  Run Remote Usage
		Usr 0 00:00:00, Sys 0 00:00:00  -  Run Local Usage
		Usr 1 12:47:49, Sys 0 00:20:10  -  Total Remote Usage
		Usr 0 00:00:00, Sys 0 00:00:00  -  Total Local Usage
	0  -  Run Bytes Sent By Job
	0  -  Run Bytes Received By Job
	0  -  Total Bytes Sent By Job
	0  -  Total Bytes Received By Job
	Partitionable Resources :    Usage  Request Allocated 
	   Cpus                 :     0.99        1         1 
	   Disk (KB)            :     1           1     20734 
	   Memory (MB)          :   163        1024      1024 

	Job terminated of its own accord at 2026-05-09T05:46:15Z with exit-code 139.
...
