000 (407419.000.000) 2026-05-07 18:20:43 Job submitted from host: <192.168.250.101:9618?addrs=192.168.250.101-9618&alias=hercules.hcms.it&noUDP&sock=schedd_3404051_6d7b>
...
001 (407419.000.000) 2026-05-07 18:21:01 Job executing on host: <192.168.250.103:9618?addrs=192.168.250.103-9618&alias=clipper.hcms.it&noUDP&sock=startd_3676022_e97e>
	SlotName: slot55_1@clipper.hcms.it
	CondorScratchDir = "/var/lib/condor/execute/dir_4192948"
	Cpus = 1
	Disk = 20734
	Memory = 1024
...
006 (407419.000.000) 2026-05-07 18:21:10 Image size of job updated: 57388
	54  -  MemoryUsage of job (MB)
	55272  -  ResidentSetSize of job (KB)
...
006 (407419.000.000) 2026-05-07 19:31:17 Image size of job updated: 359156
	54  -  MemoryUsage of job (MB)
	55272  -  ResidentSetSize of job (KB)
...
006 (407419.000.000) 2026-05-07 19:46:19 Image size of job updated: 359156
	56  -  MemoryUsage of job (MB)
	57268  -  ResidentSetSize of job (KB)
...
006 (407419.000.000) 2026-05-07 22:36:38 Image size of job updated: 359932
	57  -  MemoryUsage of job (MB)
	57376  -  ResidentSetSize of job (KB)
...
006 (407419.000.000) 2026-05-07 23:11:42 Image size of job updated: 361448
	57  -  MemoryUsage of job (MB)
	57376  -  ResidentSetSize of job (KB)
...
006 (407419.000.000) 2026-05-07 23:21:42 Image size of job updated: 361448
	59  -  MemoryUsage of job (MB)
	59420  -  ResidentSetSize of job (KB)
...
006 (407419.000.000) 2026-05-08 06:52:31 Image size of job updated: 364236
	59  -  MemoryUsage of job (MB)
	59420  -  ResidentSetSize of job (KB)
...
006 (407419.000.000) 2026-05-08 17:23:36 Image size of job updated: 365076
	62  -  MemoryUsage of job (MB)
	62824  -  ResidentSetSize of job (KB)
...
005 (407419.000.000) 2026-05-09 08:01:34 Job terminated.
	(1) Normal termination (return value 139)
		Usr 1 12:58:55, Sys 0 00:24:10  -  Run Remote Usage
		Usr 0 00:00:00, Sys 0 00:00:00  -  Run Local Usage
		Usr 1 12:58:55, Sys 0 00:24:10  -  Total Remote Usage
		Usr 0 00:00:00, Sys 0 00:00:00  -  Total Local Usage
	0  -  Run Bytes Sent By Job
	0  -  Run Bytes Received By Job
	0  -  Total Bytes Sent By Job
	0  -  Total Bytes Received By Job
	Partitionable Resources :    Usage  Request Allocated 
	   Cpus                 :     0.99        1         1 
	   Disk (KB)            :     1           1     20734 
	   Memory (MB)          :    62        1024      1024 

	Job terminated of its own accord at 2026-05-09T06:01:34Z with exit-code 139.
...
