000 (407374.000.000) 2026-05-07 18:20:42 Job submitted from host: <192.168.250.101:9618?addrs=192.168.250.101-9618&alias=hercules.hcms.it&noUDP&sock=schedd_3404051_6d7b>
...
001 (407374.000.000) 2026-05-07 18:21:01 Job executing on host: <192.168.250.103:9618?addrs=192.168.250.103-9618&alias=clipper.hcms.it&noUDP&sock=startd_3676022_e97e>
	SlotName: slot10_1@clipper.hcms.it
	CondorScratchDir = "/var/lib/condor/execute/dir_4192902"
	Cpus = 1
	Disk = 20734
	Memory = 1024
...
006 (407374.000.000) 2026-05-07 18:21:10 Image size of job updated: 57476
	55  -  MemoryUsage of job (MB)
	55332  -  ResidentSetSize of job (KB)
...
006 (407374.000.000) 2026-05-07 18:36:11 Image size of job updated: 357620
	55  -  MemoryUsage of job (MB)
	55772  -  ResidentSetSize of job (KB)
...
006 (407374.000.000) 2026-05-07 19:11:15 Image size of job updated: 358556
	55  -  MemoryUsage of job (MB)
	55772  -  ResidentSetSize of job (KB)
...
006 (407374.000.000) 2026-05-07 20:41:24 Image size of job updated: 358556
	55  -  MemoryUsage of job (MB)
	56048  -  ResidentSetSize of job (KB)
...
006 (407374.000.000) 2026-05-07 21:46:31 Image size of job updated: 358632
	56  -  MemoryUsage of job (MB)
	56516  -  ResidentSetSize of job (KB)
...
006 (407374.000.000) 2026-05-07 23:01:37 Image size of job updated: 358632
	64  -  MemoryUsage of job (MB)
	65008  -  ResidentSetSize of job (KB)
...
006 (407374.000.000) 2026-05-07 23:06:39 Image size of job updated: 358632
	64  -  MemoryUsage of job (MB)
	65264  -  ResidentSetSize of job (KB)
...
006 (407374.000.000) 2026-05-08 01:56:57 Image size of job updated: 359028
	64  -  MemoryUsage of job (MB)
	65264  -  ResidentSetSize of job (KB)
...
006 (407374.000.000) 2026-05-08 07:32:31 Image size of job updated: 362644
	64  -  MemoryUsage of job (MB)
	65264  -  ResidentSetSize of job (KB)
...
006 (407374.000.000) 2026-05-08 08:37:38 Image size of job updated: 363996
	64  -  MemoryUsage of job (MB)
	65264  -  ResidentSetSize of job (KB)
...
006 (407374.000.000) 2026-05-08 11:42:57 Image size of job updated: 363996
	323  -  MemoryUsage of job (MB)
	330280  -  ResidentSetSize of job (KB)
...
006 (407374.000.000) 2026-05-08 13:23:07 Image size of job updated: 364208
	323  -  MemoryUsage of job (MB)
	330280  -  ResidentSetSize of job (KB)
...
006 (407374.000.000) 2026-05-08 20:58:54 Image size of job updated: 365712
	323  -  MemoryUsage of job (MB)
	330280  -  ResidentSetSize of job (KB)
...
005 (407374.000.000) 2026-05-09 02:26:09 Job terminated.
	(1) Normal termination (return value 139)
		Usr 1 07:28:31, Sys 0 00:21:43  -  Run Remote Usage
		Usr 0 00:00:00, Sys 0 00:00:00  -  Run Local Usage
		Usr 1 07:28:31, Sys 0 00:21:43  -  Total Remote Usage
		Usr 0 00:00:00, Sys 0 00:00:00  -  Total Local Usage
	0  -  Run Bytes Sent By Job
	0  -  Run Bytes Received By Job
	0  -  Total Bytes Sent By Job
	0  -  Total Bytes Received By Job
	Partitionable Resources :    Usage  Request Allocated 
	   Cpus                 :     0.99        1         1 
	   Disk (KB)            :     1           1     20734 
	   Memory (MB)          :   323        1024      1024 

	Job terminated of its own accord at 2026-05-09T00:26:09Z with exit-code 139.
...
