000 (407265.000.000) 2026-05-07 18:20:39 Job submitted from host: <192.168.250.101:9618?addrs=192.168.250.101-9618&alias=hercules.hcms.it&noUDP&sock=schedd_3404051_6d7b>
...
001 (407265.000.000) 2026-05-07 18:21:00 Job executing on host: <192.168.250.102:9618?addrs=192.168.250.102-9618&alias=empire.hcms.it&noUDP&sock=startd_2716409_3615>
	SlotName: slot11_1@empire.hcms.it
	CondorScratchDir = "/var/lib/condor/execute/dir_3296157"
	Cpus = 1
	Disk = 22792
	Memory = 1024
...
006 (407265.000.000) 2026-05-07 18:21:09 Image size of job updated: 52788
	52  -  MemoryUsage of job (MB)
	52624  -  ResidentSetSize of job (KB)
...
006 (407265.000.000) 2026-05-07 18:26:10 Image size of job updated: 52812
	52  -  MemoryUsage of job (MB)
	52624  -  ResidentSetSize of job (KB)
...
006 (407265.000.000) 2026-05-07 18:56:13 Image size of job updated: 358292
	52  -  MemoryUsage of job (MB)
	52624  -  ResidentSetSize of job (KB)
...
006 (407265.000.000) 2026-05-07 19:21:16 Image size of job updated: 358292
	53  -  MemoryUsage of job (MB)
	53340  -  ResidentSetSize of job (KB)
...
006 (407265.000.000) 2026-05-07 20:21:22 Image size of job updated: 358936
	53  -  MemoryUsage of job (MB)
	53340  -  ResidentSetSize of job (KB)
...
006 (407265.000.000) 2026-05-07 21:16:27 Image size of job updated: 359292
	53  -  MemoryUsage of job (MB)
	53340  -  ResidentSetSize of job (KB)
...
006 (407265.000.000) 2026-05-07 22:01:32 Image size of job updated: 361176
	53  -  MemoryUsage of job (MB)
	53340  -  ResidentSetSize of job (KB)
...
006 (407265.000.000) 2026-05-07 22:31:35 Image size of job updated: 363280
	53  -  MemoryUsage of job (MB)
	53340  -  ResidentSetSize of job (KB)
...
006 (407265.000.000) 2026-05-08 00:21:47 Image size of job updated: 364696
	53  -  MemoryUsage of job (MB)
	53340  -  ResidentSetSize of job (KB)
...
006 (407265.000.000) 2026-05-08 01:21:53 Image size of job updated: 364696
	53  -  MemoryUsage of job (MB)
	53748  -  ResidentSetSize of job (KB)
...
006 (407265.000.000) 2026-05-08 12:53:04 Image size of job updated: 364696
	54  -  MemoryUsage of job (MB)
	54388  -  ResidentSetSize of job (KB)
...
006 (407265.000.000) 2026-05-08 13:43:09 Image size of job updated: 364696
	54  -  MemoryUsage of job (MB)
	54528  -  ResidentSetSize of job (KB)
...
006 (407265.000.000) 2026-05-08 14:23:14 Image size of job updated: 364924
	54  -  MemoryUsage of job (MB)
	54528  -  ResidentSetSize of job (KB)
...
005 (407265.000.000) 2026-05-08 15:46:13 Job terminated.
	(1) Normal termination (return value 139)
		Usr 0 21:03:21, Sys 0 00:11:44  -  Run Remote Usage
		Usr 0 00:00:00, Sys 0 00:00:00  -  Run Local Usage
		Usr 0 21:03:21, Sys 0 00:11:44  -  Total Remote Usage
		Usr 0 00:00:00, Sys 0 00:00:00  -  Total Local Usage
	0  -  Run Bytes Sent By Job
	0  -  Run Bytes Received By Job
	0  -  Total Bytes Sent By Job
	0  -  Total Bytes Received By Job
	Partitionable Resources :    Usage  Request Allocated 
	   Cpus                 :     0.99        1         1 
	   Disk (KB)            :     1           1     22792 
	   Memory (MB)          :    54        1024      1024 

	Job terminated of its own accord at 2026-05-08T13:46:13Z with exit-code 139.
...
