000 (407140.000.000) 2026-05-07 18:20:36 Job submitted from host: <192.168.250.101:9618?addrs=192.168.250.101-9618&alias=hercules.hcms.it&noUDP&sock=schedd_3404051_6d7b>
...
001 (407140.000.000) 2026-05-07 18:20:58 Job executing on host: <192.168.250.23:9618?addrs=192.168.250.23-9618&alias=pccms13.hcms.it&noUDP&sock=startd_4182521_18e8>
	SlotName: slot10_1@pccms13.hcms.it
	CondorScratchDir = "/var/lib/condor/execute/dir_537768"
	Cpus = 1
	Disk = 23466
	Memory = 1024
...
006 (407140.000.000) 2026-05-07 18:21:07 Image size of job updated: 40048
	40  -  MemoryUsage of job (MB)
	39952  -  ResidentSetSize of job (KB)
...
006 (407140.000.000) 2026-05-07 18:56:11 Image size of job updated: 325424
	40  -  MemoryUsage of job (MB)
	39952  -  ResidentSetSize of job (KB)
...
006 (407140.000.000) 2026-05-07 19:11:12 Image size of job updated: 328600
	40  -  MemoryUsage of job (MB)
	39952  -  ResidentSetSize of job (KB)
...
006 (407140.000.000) 2026-05-07 19:31:15 Image size of job updated: 331452
	40  -  MemoryUsage of job (MB)
	39952  -  ResidentSetSize of job (KB)
...
006 (407140.000.000) 2026-05-07 21:11:25 Image size of job updated: 332264
	40  -  MemoryUsage of job (MB)
	39952  -  ResidentSetSize of job (KB)
...
006 (407140.000.000) 2026-05-07 22:21:32 Image size of job updated: 332264
	42  -  MemoryUsage of job (MB)
	42120  -  ResidentSetSize of job (KB)
...
006 (407140.000.000) 2026-05-07 22:36:33 Image size of job updated: 332504
	42  -  MemoryUsage of job (MB)
	42120  -  ResidentSetSize of job (KB)
...
006 (407140.000.000) 2026-05-07 22:56:36 Image size of job updated: 332504
	42  -  MemoryUsage of job (MB)
	42468  -  ResidentSetSize of job (KB)
...
006 (407140.000.000) 2026-05-07 23:26:39 Image size of job updated: 332504
	52  -  MemoryUsage of job (MB)
	52656  -  ResidentSetSize of job (KB)
...
006 (407140.000.000) 2026-05-07 23:31:40 Image size of job updated: 332504
	52  -  MemoryUsage of job (MB)
	53232  -  ResidentSetSize of job (KB)
...
006 (407140.000.000) 2026-05-08 00:56:49 Image size of job updated: 333608
	52  -  MemoryUsage of job (MB)
	53232  -  ResidentSetSize of job (KB)
...
006 (407140.000.000) 2026-05-08 01:31:53 Image size of job updated: 333608
	135  -  MemoryUsage of job (MB)
	138044  -  ResidentSetSize of job (KB)
...
006 (407140.000.000) 2026-05-08 04:22:11 Image size of job updated: 334332
	135  -  MemoryUsage of job (MB)
	138044  -  ResidentSetSize of job (KB)
...
006 (407140.000.000) 2026-05-09 02:14:28 Image size of job updated: 345804
	135  -  MemoryUsage of job (MB)
	138044  -  ResidentSetSize of job (KB)
...
006 (407140.000.000) 2026-05-09 03:24:36 Image size of job updated: 346772
	135  -  MemoryUsage of job (MB)
	138044  -  ResidentSetSize of job (KB)
...
006 (407140.000.000) 2026-05-09 04:49:44 Image size of job updated: 349156
	135  -  MemoryUsage of job (MB)
	138044  -  ResidentSetSize of job (KB)
...
006 (407140.000.000) 2026-05-09 05:39:49 Image size of job updated: 355348
	135  -  MemoryUsage of job (MB)
	138044  -  ResidentSetSize of job (KB)
...
006 (407140.000.000) 2026-05-10 07:42:28 Image size of job updated: 361340
	135  -  MemoryUsage of job (MB)
	138044  -  ResidentSetSize of job (KB)
...
005 (407140.000.000) 2026-05-10 07:51:24 Job terminated.
	(1) Normal termination (return value 139)
		Usr 2 10:16:37, Sys 0 02:41:06  -  Run Remote Usage
		Usr 0 00:00:00, Sys 0 00:00:00  -  Run Local Usage
		Usr 2 10:16:37, Sys 0 02:41:06  -  Total Remote Usage
		Usr 0 00:00:00, Sys 0 00:00:00  -  Total Local Usage
	0  -  Run Bytes Sent By Job
	0  -  Run Bytes Received By Job
	0  -  Total Bytes Sent By Job
	0  -  Total Bytes Received By Job
	Partitionable Resources :    Usage  Request Allocated 
	   Cpus                 :     0.99        1         1 
	   Disk (KB)            :     1           1     23466 
	   Memory (MB)          :   135        1024      1024 

	Job terminated of its own accord at 2026-05-10T05:51:24Z with exit-code 139.
...
