000 (407169.000.000) 2026-05-07 18:20:37 Job submitted from host: <192.168.250.101:9618?addrs=192.168.250.101-9618&alias=hercules.hcms.it&noUDP&sock=schedd_3404051_6d7b>
...
001 (407169.000.000) 2026-05-07 18:21:00 Job executing on host: <192.168.250.23:9618?addrs=192.168.250.23-9618&alias=pccms13.hcms.it&noUDP&sock=startd_4182521_18e8>
	SlotName: slot39_1@pccms13.hcms.it
	CondorScratchDir = "/var/lib/condor/execute/dir_537834"
	Cpus = 1
	Disk = 23466
	Memory = 1024
...
006 (407169.000.000) 2026-05-07 18:21:09 Image size of job updated: 38984
	31  -  MemoryUsage of job (MB)
	31128  -  ResidentSetSize of job (KB)
...
006 (407169.000.000) 2026-05-07 18:26:10 Image size of job updated: 39136
	32  -  MemoryUsage of job (MB)
	32196  -  ResidentSetSize of job (KB)
...
006 (407169.000.000) 2026-05-07 18:31:11 Image size of job updated: 324360
	32  -  MemoryUsage of job (MB)
	32196  -  ResidentSetSize of job (KB)
...
006 (407169.000.000) 2026-05-07 18:36:11 Image size of job updated: 324360
	32  -  MemoryUsage of job (MB)
	32748  -  ResidentSetSize of job (KB)
...
006 (407169.000.000) 2026-05-07 18:41:11 Image size of job updated: 324456
	32  -  MemoryUsage of job (MB)
	32748  -  ResidentSetSize of job (KB)
...
006 (407169.000.000) 2026-05-07 18:46:12 Image size of job updated: 324456
	33  -  MemoryUsage of job (MB)
	33084  -  ResidentSetSize of job (KB)
...
006 (407169.000.000) 2026-05-07 19:01:13 Image size of job updated: 325640
	33  -  MemoryUsage of job (MB)
	33084  -  ResidentSetSize of job (KB)
...
006 (407169.000.000) 2026-05-07 19:21:16 Image size of job updated: 325864
	33  -  MemoryUsage of job (MB)
	33084  -  ResidentSetSize of job (KB)
...
006 (407169.000.000) 2026-05-07 19:31:17 Image size of job updated: 329220
	33  -  MemoryUsage of job (MB)
	33084  -  ResidentSetSize of job (KB)
...
006 (407169.000.000) 2026-05-07 19:36:18 Image size of job updated: 329220
	119  -  MemoryUsage of job (MB)
	121344  -  ResidentSetSize of job (KB)
...
006 (407169.000.000) 2026-05-07 20:01:20 Image size of job updated: 329220
	158  -  MemoryUsage of job (MB)
	161732  -  ResidentSetSize of job (KB)
...
006 (407169.000.000) 2026-05-07 20:46:25 Image size of job updated: 329256
	158  -  MemoryUsage of job (MB)
	161732  -  ResidentSetSize of job (KB)
...
006 (407169.000.000) 2026-05-07 21:01:27 Image size of job updated: 329604
	158  -  MemoryUsage of job (MB)
	161732  -  ResidentSetSize of job (KB)
...
006 (407169.000.000) 2026-05-07 21:56:32 Image size of job updated: 335440
	158  -  MemoryUsage of job (MB)
	161732  -  ResidentSetSize of job (KB)
...
006 (407169.000.000) 2026-05-08 22:08:59 Image size of job updated: 341592
	158  -  MemoryUsage of job (MB)
	161732  -  ResidentSetSize of job (KB)
...
006 (407169.000.000) 2026-05-08 22:24:01 Image size of job updated: 344388
	158  -  MemoryUsage of job (MB)
	161732  -  ResidentSetSize of job (KB)
...
006 (407169.000.000) 2026-05-08 22:34:02 Image size of job updated: 345792
	158  -  MemoryUsage of job (MB)
	161732  -  ResidentSetSize of job (KB)
...
006 (407169.000.000) 2026-05-09 00:19:15 Image size of job updated: 346176
	158  -  MemoryUsage of job (MB)
	161732  -  ResidentSetSize of job (KB)
...
006 (407169.000.000) 2026-05-09 00:59:18 Image size of job updated: 346668
	158  -  MemoryUsage of job (MB)
	161732  -  ResidentSetSize of job (KB)
...
006 (407169.000.000) 2026-05-09 01:19:20 Image size of job updated: 346668
	329  -  MemoryUsage of job (MB)
	336264  -  ResidentSetSize of job (KB)
...
006 (407169.000.000) 2026-05-09 01:44:23 Image size of job updated: 346808
	329  -  MemoryUsage of job (MB)
	336264  -  ResidentSetSize of job (KB)
...
006 (407169.000.000) 2026-05-09 02:14:26 Image size of job updated: 347284
	329  -  MemoryUsage of job (MB)
	336264  -  ResidentSetSize of job (KB)
...
006 (407169.000.000) 2026-05-09 02:59:30 Image size of job updated: 347448
	329  -  MemoryUsage of job (MB)
	336264  -  ResidentSetSize of job (KB)
...
006 (407169.000.000) 2026-05-09 03:54:36 Image size of job updated: 348584
	329  -  MemoryUsage of job (MB)
	336264  -  ResidentSetSize of job (KB)
...
005 (407169.000.000) 2026-05-09 11:32:06 Job terminated.
	(1) Normal termination (return value 139)
		Usr 1 14:03:15, Sys 0 02:42:39  -  Run Remote Usage
		Usr 0 00:00:00, Sys 0 00:00:00  -  Run Local Usage
		Usr 1 14:03:15, Sys 0 02:42:39  -  Total Remote Usage
		Usr 0 00:00:00, Sys 0 00:00:00  -  Total Local Usage
	0  -  Run Bytes Sent By Job
	0  -  Run Bytes Received By Job
	0  -  Total Bytes Sent By Job
	0  -  Total Bytes Received By Job
	Partitionable Resources :    Usage  Request Allocated 
	   Cpus                 :     0.99        1         1 
	   Disk (KB)            :     1           1     23466 
	   Memory (MB)          :   329        1024      1024 

	Job terminated of its own accord at 2026-05-09T09:32:06Z with exit-code 139.
...
