000 (407146.000.000) 2026-05-07 18:20:36 Job submitted from host: <192.168.250.101:9618?addrs=192.168.250.101-9618&alias=hercules.hcms.it&noUDP&sock=schedd_3404051_6d7b>
...
001 (407146.000.000) 2026-05-07 18:20:59 Job executing on host: <192.168.250.23:9618?addrs=192.168.250.23-9618&alias=pccms13.hcms.it&noUDP&sock=startd_4182521_18e8>
	SlotName: slot16_1@pccms13.hcms.it
	CondorScratchDir = "/var/lib/condor/execute/dir_537781"
	Cpus = 1
	Disk = 23466
	Memory = 1024
...
006 (407146.000.000) 2026-05-07 18:21:08 Image size of job updated: 36284
	36  -  MemoryUsage of job (MB)
	36148  -  ResidentSetSize of job (KB)
...
006 (407146.000.000) 2026-05-07 18:51:12 Image size of job updated: 324136
	36  -  MemoryUsage of job (MB)
	36148  -  ResidentSetSize of job (KB)
...
006 (407146.000.000) 2026-05-07 19:11:13 Image size of job updated: 330588
	37  -  MemoryUsage of job (MB)
	37428  -  ResidentSetSize of job (KB)
...
006 (407146.000.000) 2026-05-07 19:31:16 Image size of job updated: 334320
	37  -  MemoryUsage of job (MB)
	37428  -  ResidentSetSize of job (KB)
...
006 (407146.000.000) 2026-05-07 23:26:40 Image size of job updated: 334320
	38  -  MemoryUsage of job (MB)
	38868  -  ResidentSetSize of job (KB)
...
006 (407146.000.000) 2026-05-07 23:31:40 Image size of job updated: 334320
	39  -  MemoryUsage of job (MB)
	38980  -  ResidentSetSize of job (KB)
...
006 (407146.000.000) 2026-05-08 01:46:54 Image size of job updated: 334320
	39  -  MemoryUsage of job (MB)
	39140  -  ResidentSetSize of job (KB)
...
006 (407146.000.000) 2026-05-08 02:16:58 Image size of job updated: 334800
	39  -  MemoryUsage of job (MB)
	39140  -  ResidentSetSize of job (KB)
...
006 (407146.000.000) 2026-05-08 03:12:03 Image size of job updated: 334800
	40  -  MemoryUsage of job (MB)
	40532  -  ResidentSetSize of job (KB)
...
006 (407146.000.000) 2026-05-08 03:52:09 Image size of job updated: 334800
	40  -  MemoryUsage of job (MB)
	40696  -  ResidentSetSize of job (KB)
...
006 (407146.000.000) 2026-05-08 04:17:11 Image size of job updated: 334800
	41  -  MemoryUsage of job (MB)
	41012  -  ResidentSetSize of job (KB)
...
006 (407146.000.000) 2026-05-08 04:57:16 Image size of job updated: 334800
	41  -  MemoryUsage of job (MB)
	41488  -  ResidentSetSize of job (KB)
...
006 (407146.000.000) 2026-05-08 05:02:17 Image size of job updated: 334800
	42  -  MemoryUsage of job (MB)
	42228  -  ResidentSetSize of job (KB)
...
006 (407146.000.000) 2026-05-08 12:33:02 Image size of job updated: 340876
	217  -  MemoryUsage of job (MB)
	221388  -  ResidentSetSize of job (KB)
...
006 (407146.000.000) 2026-05-08 12:38:03 Image size of job updated: 340876
	217  -  MemoryUsage of job (MB)
	221900  -  ResidentSetSize of job (KB)
...
006 (407146.000.000) 2026-05-08 12:43:03 Image size of job updated: 346040
	217  -  MemoryUsage of job (MB)
	221900  -  ResidentSetSize of job (KB)
...
006 (407146.000.000) 2026-05-08 14:33:16 Image size of job updated: 346040
	290  -  MemoryUsage of job (MB)
	296676  -  ResidentSetSize of job (KB)
...
006 (407146.000.000) 2026-05-08 15:08:20 Image size of job updated: 347136
	290  -  MemoryUsage of job (MB)
	296676  -  ResidentSetSize of job (KB)
...
006 (407146.000.000) 2026-05-08 16:08:25 Image size of job updated: 348480
	290  -  MemoryUsage of job (MB)
	296676  -  ResidentSetSize of job (KB)
...
006 (407146.000.000) 2026-05-08 19:03:45 Image size of job updated: 564740
	290  -  MemoryUsage of job (MB)
	296676  -  ResidentSetSize of job (KB)
...
005 (407146.000.000) 2026-05-09 05:08:45 Job terminated.
	(1) Normal termination (return value 139)
		Usr 1 09:52:45, Sys 0 00:38:00  -  Run Remote Usage
		Usr 0 00:00:00, Sys 0 00:00:00  -  Run Local Usage
		Usr 1 09:52:45, Sys 0 00:38:00  -  Total Remote Usage
		Usr 0 00:00:00, Sys 0 00:00:00  -  Total Local Usage
	0  -  Run Bytes Sent By Job
	0  -  Run Bytes Received By Job
	0  -  Total Bytes Sent By Job
	0  -  Total Bytes Received By Job
	Partitionable Resources :    Usage  Request Allocated 
	   Cpus                 :     0.98        1         1 
	   Disk (KB)            :     1           1     23466 
	   Memory (MB)          :   290        1024      1024 

	Job terminated of its own accord at 2026-05-09T03:08:45Z with exit-code 139.
...
