000 (407264.000.000) 2026-05-07 18:20:39 Job submitted from host: <192.168.250.101:9618?addrs=192.168.250.101-9618&alias=hercules.hcms.it&noUDP&sock=schedd_3404051_6d7b>
...
001 (407264.000.000) 2026-05-07 18:21:01 Job executing on host: <192.168.250.102:9618?addrs=192.168.250.102-9618&alias=empire.hcms.it&noUDP&sock=startd_2716409_3615>
	SlotName: slot10_1@empire.hcms.it
	CondorScratchDir = "/var/lib/condor/execute/dir_3296160"
	Cpus = 1
	Disk = 22792
	Memory = 1024
...
006 (407264.000.000) 2026-05-07 18:21:09 Image size of job updated: 52796
	52  -  MemoryUsage of job (MB)
	52712  -  ResidentSetSize of job (KB)
...
006 (407264.000.000) 2026-05-07 18:26:09 Image size of job updated: 52820
	52  -  MemoryUsage of job (MB)
	52712  -  ResidentSetSize of job (KB)
...
006 (407264.000.000) 2026-05-07 18:56:12 Image size of job updated: 361480
	52  -  MemoryUsage of job (MB)
	52712  -  ResidentSetSize of job (KB)
...
006 (407264.000.000) 2026-05-07 19:21:15 Image size of job updated: 361480
	79  -  MemoryUsage of job (MB)
	80324  -  ResidentSetSize of job (KB)
...
006 (407264.000.000) 2026-05-07 19:26:15 Image size of job updated: 361480
	81  -  MemoryUsage of job (MB)
	82372  -  ResidentSetSize of job (KB)
...
006 (407264.000.000) 2026-05-08 01:11:51 Image size of job updated: 364500
	81  -  MemoryUsage of job (MB)
	82372  -  ResidentSetSize of job (KB)
...
006 (407264.000.000) 2026-05-08 11:02:51 Image size of job updated: 364500
	243  -  MemoryUsage of job (MB)
	248328  -  ResidentSetSize of job (KB)
...
006 (407264.000.000) 2026-05-08 14:53:17 Image size of job updated: 365936
	243  -  MemoryUsage of job (MB)
	248328  -  ResidentSetSize of job (KB)
...
005 (407264.000.000) 2026-05-08 16:01:53 Job terminated.
	(1) Normal termination (return value 139)
		Usr 0 21:18:42, Sys 0 00:11:55  -  Run Remote Usage
		Usr 0 00:00:00, Sys 0 00:00:00  -  Run Local Usage
		Usr 0 21:18:42, Sys 0 00:11:55  -  Total Remote Usage
		Usr 0 00:00:00, Sys 0 00:00:00  -  Total Local Usage
	0  -  Run Bytes Sent By Job
	0  -  Run Bytes Received By Job
	0  -  Total Bytes Sent By Job
	0  -  Total Bytes Received By Job
	Partitionable Resources :    Usage  Request Allocated 
	   Cpus                 :     0.99        1         1 
	   Disk (KB)            :     1           1     22792 
	   Memory (MB)          :   243        1024      1024 

	Job terminated of its own accord at 2026-05-08T14:01:53Z with exit-code 139.
...
