000 (407268.000.000) 2026-05-07 18:20:39 Job submitted from host: <192.168.250.101:9618?addrs=192.168.250.101-9618&alias=hercules.hcms.it&noUDP&sock=schedd_3404051_6d7b>
...
001 (407268.000.000) 2026-05-07 18:21:02 Job executing on host: <192.168.250.102:9618?addrs=192.168.250.102-9618&alias=empire.hcms.it&noUDP&sock=startd_2716409_3615>
	SlotName: slot14_1@empire.hcms.it
	CondorScratchDir = "/var/lib/condor/execute/dir_3296162"
	Cpus = 1
	Disk = 22792
	Memory = 1024
...
006 (407268.000.000) 2026-05-07 18:21:10 Image size of job updated: 57488
	47  -  MemoryUsage of job (MB)
	47504  -  ResidentSetSize of job (KB)
...
006 (407268.000.000) 2026-05-07 18:26:10 Image size of job updated: 57488
	47  -  MemoryUsage of job (MB)
	47524  -  ResidentSetSize of job (KB)
...
006 (407268.000.000) 2026-05-07 18:31:10 Image size of job updated: 57488
	47  -  MemoryUsage of job (MB)
	47536  -  ResidentSetSize of job (KB)
...
006 (407268.000.000) 2026-05-07 18:41:12 Image size of job updated: 57488
	47  -  MemoryUsage of job (MB)
	47656  -  ResidentSetSize of job (KB)
...
006 (407268.000.000) 2026-05-07 18:56:14 Image size of job updated: 354696
	55  -  MemoryUsage of job (MB)
	55336  -  ResidentSetSize of job (KB)
...
006 (407268.000.000) 2026-05-07 19:06:14 Image size of job updated: 357060
	55  -  MemoryUsage of job (MB)
	55368  -  ResidentSetSize of job (KB)
...
006 (407268.000.000) 2026-05-07 19:26:16 Image size of job updated: 360364
	55  -  MemoryUsage of job (MB)
	55368  -  ResidentSetSize of job (KB)
...
006 (407268.000.000) 2026-05-07 21:26:30 Image size of job updated: 360364
	57  -  MemoryUsage of job (MB)
	57780  -  ResidentSetSize of job (KB)
...
006 (407268.000.000) 2026-05-07 21:36:31 Image size of job updated: 360364
	57  -  MemoryUsage of job (MB)
	58140  -  ResidentSetSize of job (KB)
...
006 (407268.000.000) 2026-05-07 23:06:40 Image size of job updated: 362624
	57  -  MemoryUsage of job (MB)
	58140  -  ResidentSetSize of job (KB)
...
006 (407268.000.000) 2026-05-08 02:37:02 Image size of job updated: 362624
	58  -  MemoryUsage of job (MB)
	58568  -  ResidentSetSize of job (KB)
...
006 (407268.000.000) 2026-05-08 07:22:32 Image size of job updated: 363892
	58  -  MemoryUsage of job (MB)
	58568  -  ResidentSetSize of job (KB)
...
006 (407268.000.000) 2026-05-08 07:57:36 Image size of job updated: 363892
	58  -  MemoryUsage of job (MB)
	58572  -  ResidentSetSize of job (KB)
...
006 (407268.000.000) 2026-05-08 10:17:48 Image size of job updated: 365444
	58  -  MemoryUsage of job (MB)
	58572  -  ResidentSetSize of job (KB)
...
006 (407268.000.000) 2026-05-08 11:27:57 Image size of job updated: 365444
	58  -  MemoryUsage of job (MB)
	58864  -  ResidentSetSize of job (KB)
...
006 (407268.000.000) 2026-05-08 11:57:59 Image size of job updated: 365444
	58  -  MemoryUsage of job (MB)
	58892  -  ResidentSetSize of job (KB)
...
006 (407268.000.000) 2026-05-08 12:38:04 Image size of job updated: 365444
	58  -  MemoryUsage of job (MB)
	58980  -  ResidentSetSize of job (KB)
...
006 (407268.000.000) 2026-05-08 12:43:04 Image size of job updated: 365444
	58  -  MemoryUsage of job (MB)
	59056  -  ResidentSetSize of job (KB)
...
006 (407268.000.000) 2026-05-08 14:28:14 Image size of job updated: 415328
	134  -  MemoryUsage of job (MB)
	136964  -  ResidentSetSize of job (KB)
...
006 (407268.000.000) 2026-05-08 14:53:18 Image size of job updated: 446800
	142  -  MemoryUsage of job (MB)
	144416  -  ResidentSetSize of job (KB)
...
006 (407268.000.000) 2026-05-08 15:18:20 Image size of job updated: 446800
	265  -  MemoryUsage of job (MB)
	270752  -  ResidentSetSize of job (KB)
...
005 (407268.000.000) 2026-05-08 15:50:09 Job terminated.
	(1) Normal termination (return value 139)
		Usr 0 21:05:16, Sys 0 00:13:30  -  Run Remote Usage
		Usr 0 00:00:00, Sys 0 00:00:00  -  Run Local Usage
		Usr 0 21:05:16, Sys 0 00:13:30  -  Total Remote Usage
		Usr 0 00:00:00, Sys 0 00:00:00  -  Total Local Usage
	0  -  Run Bytes Sent By Job
	0  -  Run Bytes Received By Job
	0  -  Total Bytes Sent By Job
	0  -  Total Bytes Received By Job
	Partitionable Resources :    Usage  Request Allocated 
	   Cpus                 :     0.99        1         1 
	   Disk (KB)            :     1           1     22792 
	   Memory (MB)          :   265        1024      1024 

	Job terminated of its own accord at 2026-05-08T13:50:09Z with exit-code 139.
...
