000 (407448.000.000) 2026-05-07 18:20:43 Job submitted from host: <192.168.250.101:9618?addrs=192.168.250.101-9618&alias=hercules.hcms.it&noUDP&sock=schedd_3404051_6d7b>
...
001 (407448.000.000) 2026-05-07 18:21:01 Job executing on host: <192.168.250.103:9618?addrs=192.168.250.103-9618&alias=clipper.hcms.it&noUDP&sock=startd_3676022_e97e>
	SlotName: slot84_1@clipper.hcms.it
	CondorScratchDir = "/var/lib/condor/execute/dir_4192979"
	Cpus = 1
	Disk = 20734
	Memory = 1024
...
006 (407448.000.000) 2026-05-07 18:21:10 Image size of job updated: 57372
	55  -  MemoryUsage of job (MB)
	55432  -  ResidentSetSize of job (KB)
...
006 (407448.000.000) 2026-05-07 18:36:12 Image size of job updated: 57372
	55  -  MemoryUsage of job (MB)
	55460  -  ResidentSetSize of job (KB)
...
006 (407448.000.000) 2026-05-07 19:31:17 Image size of job updated: 356480
	55  -  MemoryUsage of job (MB)
	55460  -  ResidentSetSize of job (KB)
...
006 (407448.000.000) 2026-05-07 20:26:22 Image size of job updated: 356480
	55  -  MemoryUsage of job (MB)
	55604  -  ResidentSetSize of job (KB)
...
006 (407448.000.000) 2026-05-07 20:51:24 Image size of job updated: 357904
	57  -  MemoryUsage of job (MB)
	57616  -  ResidentSetSize of job (KB)
...
006 (407448.000.000) 2026-05-07 21:21:27 Image size of job updated: 358384
	57  -  MemoryUsage of job (MB)
	57616  -  ResidentSetSize of job (KB)
...
006 (407448.000.000) 2026-05-07 22:11:33 Image size of job updated: 358936
	57  -  MemoryUsage of job (MB)
	57616  -  ResidentSetSize of job (KB)
...
006 (407448.000.000) 2026-05-07 22:46:37 Image size of job updated: 358936
	57  -  MemoryUsage of job (MB)
	57844  -  ResidentSetSize of job (KB)
...
006 (407448.000.000) 2026-05-07 23:41:43 Image size of job updated: 358936
	57  -  MemoryUsage of job (MB)
	58016  -  ResidentSetSize of job (KB)
...
006 (407448.000.000) 2026-05-08 00:11:45 Image size of job updated: 359472
	57  -  MemoryUsage of job (MB)
	58016  -  ResidentSetSize of job (KB)
...
006 (407448.000.000) 2026-05-08 00:41:48 Image size of job updated: 359472
	59  -  MemoryUsage of job (MB)
	60296  -  ResidentSetSize of job (KB)
...
006 (407448.000.000) 2026-05-08 01:16:52 Image size of job updated: 359780
	59  -  MemoryUsage of job (MB)
	60296  -  ResidentSetSize of job (KB)
...
006 (407448.000.000) 2026-05-08 04:57:15 Image size of job updated: 360304
	59  -  MemoryUsage of job (MB)
	60296  -  ResidentSetSize of job (KB)
...
006 (407448.000.000) 2026-05-08 07:07:27 Image size of job updated: 662912
	355  -  MemoryUsage of job (MB)
	362628  -  ResidentSetSize of job (KB)
...
006 (407448.000.000) 2026-05-08 07:37:30 Image size of job updated: 663204
	355  -  MemoryUsage of job (MB)
	362812  -  ResidentSetSize of job (KB)
...
005 (407448.000.000) 2026-05-09 11:24:23 Job terminated.
	(1) Normal termination (return value 139)
		Usr 1 16:16:38, Sys 0 00:27:44  -  Run Remote Usage
		Usr 0 00:00:00, Sys 0 00:00:00  -  Run Local Usage
		Usr 1 16:16:38, Sys 0 00:27:44  -  Total Remote Usage
		Usr 0 00:00:00, Sys 0 00:00:00  -  Total Local Usage
	0  -  Run Bytes Sent By Job
	0  -  Run Bytes Received By Job
	0  -  Total Bytes Sent By Job
	0  -  Total Bytes Received By Job
	Partitionable Resources :    Usage  Request Allocated 
	   Cpus                 :     0.99        1         1 
	   Disk (KB)            :     1           1     20734 
	   Memory (MB)          :   355        1024      1024 

	Job terminated of its own accord at 2026-05-09T09:24:23Z with exit-code 139.
...
