000 (407424.000.000) 2026-05-07 18:20:43 Job submitted from host: <192.168.250.101:9618?addrs=192.168.250.101-9618&alias=hercules.hcms.it&noUDP&sock=schedd_3404051_6d7b>
...
001 (407424.000.000) 2026-05-07 18:21:01 Job executing on host: <192.168.250.103:9618?addrs=192.168.250.103-9618&alias=clipper.hcms.it&noUDP&sock=startd_3676022_e97e>
	SlotName: slot60_1@clipper.hcms.it
	CondorScratchDir = "/var/lib/condor/execute/dir_4192954"
	Cpus = 1
	Disk = 20734
	Memory = 1024
...
006 (407424.000.000) 2026-05-07 18:21:09 Image size of job updated: 57540
	50  -  MemoryUsage of job (MB)
	50960  -  ResidentSetSize of job (KB)
...
006 (407424.000.000) 2026-05-07 18:26:10 Image size of job updated: 57540
	55  -  MemoryUsage of job (MB)
	55428  -  ResidentSetSize of job (KB)
...
006 (407424.000.000) 2026-05-07 18:31:11 Image size of job updated: 57540
	55  -  MemoryUsage of job (MB)
	55524  -  ResidentSetSize of job (KB)
...
006 (407424.000.000) 2026-05-07 18:36:11 Image size of job updated: 57540
	55  -  MemoryUsage of job (MB)
	55592  -  ResidentSetSize of job (KB)
...
006 (407424.000.000) 2026-05-07 18:51:12 Image size of job updated: 57600
	55  -  MemoryUsage of job (MB)
	55592  -  ResidentSetSize of job (KB)
...
006 (407424.000.000) 2026-05-07 19:41:17 Image size of job updated: 358804
	55  -  MemoryUsage of job (MB)
	55592  -  ResidentSetSize of job (KB)
...
006 (407424.000.000) 2026-05-07 20:01:19 Image size of job updated: 358804
	134  -  MemoryUsage of job (MB)
	136864  -  ResidentSetSize of job (KB)
...
006 (407424.000.000) 2026-05-07 22:31:35 Image size of job updated: 358804
	164  -  MemoryUsage of job (MB)
	167184  -  ResidentSetSize of job (KB)
...
006 (407424.000.000) 2026-05-07 23:11:39 Image size of job updated: 367152
	164  -  MemoryUsage of job (MB)
	167184  -  ResidentSetSize of job (KB)
...
006 (407424.000.000) 2026-05-08 03:22:04 Image size of job updated: 367152
	314  -  MemoryUsage of job (MB)
	321448  -  ResidentSetSize of job (KB)
...
006 (407424.000.000) 2026-05-09 00:44:16 Image size of job updated: 367864
	314  -  MemoryUsage of job (MB)
	321448  -  ResidentSetSize of job (KB)
...
005 (407424.000.000) 2026-05-09 14:48:03 Job terminated.
	(1) Normal termination (return value 139)
		Usr 1 18:48:19, Sys 0 01:18:49  -  Run Remote Usage
		Usr 0 00:00:00, Sys 0 00:00:00  -  Run Local Usage
		Usr 1 18:48:19, Sys 0 01:18:49  -  Total Remote Usage
		Usr 0 00:00:00, Sys 0 00:00:00  -  Total Local Usage
	0  -  Run Bytes Sent By Job
	0  -  Run Bytes Received By Job
	0  -  Total Bytes Sent By Job
	0  -  Total Bytes Received By Job
	Partitionable Resources :    Usage  Request Allocated 
	   Cpus                 :     0.99        1         1 
	   Disk (KB)            :     1           1     20734 
	   Memory (MB)          :   314        1024      1024 

	Job terminated of its own accord at 2026-05-09T12:48:03Z with exit-code 139.
...
