000 (407435.000.000) 2026-05-07 18:20:43 Job submitted from host: <192.168.250.101:9618?addrs=192.168.250.101-9618&alias=hercules.hcms.it&noUDP&sock=schedd_3404051_6d7b>
...
001 (407435.000.000) 2026-05-07 18:21:02 Job executing on host: <192.168.250.103:9618?addrs=192.168.250.103-9618&alias=clipper.hcms.it&noUDP&sock=startd_3676022_e97e>
	SlotName: slot71_1@clipper.hcms.it
	CondorScratchDir = "/var/lib/condor/execute/dir_4192967"
	Cpus = 1
	Disk = 20734
	Memory = 1024
...
006 (407435.000.000) 2026-05-07 18:21:10 Image size of job updated: 55520
	55  -  MemoryUsage of job (MB)
	55320  -  ResidentSetSize of job (KB)
...
006 (407435.000.000) 2026-05-07 18:26:10 Image size of job updated: 55672
	55  -  MemoryUsage of job (MB)
	55320  -  ResidentSetSize of job (KB)
...
006 (407435.000.000) 2026-05-07 18:31:10 Image size of job updated: 354004
	55  -  MemoryUsage of job (MB)
	55516  -  ResidentSetSize of job (KB)
...
006 (407435.000.000) 2026-05-07 18:41:11 Image size of job updated: 354004
	55  -  MemoryUsage of job (MB)
	55540  -  ResidentSetSize of job (KB)
...
006 (407435.000.000) 2026-05-07 19:36:16 Image size of job updated: 355456
	55  -  MemoryUsage of job (MB)
	55540  -  ResidentSetSize of job (KB)
...
006 (407435.000.000) 2026-05-07 19:51:18 Image size of job updated: 356276
	55  -  MemoryUsage of job (MB)
	55540  -  ResidentSetSize of job (KB)
...
006 (407435.000.000) 2026-05-07 20:11:20 Image size of job updated: 357448
	55  -  MemoryUsage of job (MB)
	55660  -  ResidentSetSize of job (KB)
...
006 (407435.000.000) 2026-05-07 21:16:26 Image size of job updated: 357448
	55  -  MemoryUsage of job (MB)
	56228  -  ResidentSetSize of job (KB)
...
006 (407435.000.000) 2026-05-07 21:26:28 Image size of job updated: 357448
	291  -  MemoryUsage of job (MB)
	297920  -  ResidentSetSize of job (KB)
...
006 (407435.000.000) 2026-05-07 21:31:28 Image size of job updated: 358504
	291  -  MemoryUsage of job (MB)
	297920  -  ResidentSetSize of job (KB)
...
006 (407435.000.000) 2026-05-08 02:01:57 Image size of job updated: 363480
	291  -  MemoryUsage of job (MB)
	297920  -  ResidentSetSize of job (KB)
...
006 (407435.000.000) 2026-05-08 12:33:03 Image size of job updated: 366372
	291  -  MemoryUsage of job (MB)
	297920  -  ResidentSetSize of job (KB)
...
006 (407435.000.000) 2026-05-08 13:23:08 Image size of job updated: 368204
	291  -  MemoryUsage of job (MB)
	297920  -  ResidentSetSize of job (KB)
...
005 (407435.000.000) 2026-05-09 10:23:48 Job terminated.
	(1) Normal termination (return value 139)
		Usr 1 15:19:46, Sys 0 00:24:30  -  Run Remote Usage
		Usr 0 00:00:00, Sys 0 00:00:00  -  Run Local Usage
		Usr 1 15:19:46, Sys 0 00:24:30  -  Total Remote Usage
		Usr 0 00:00:00, Sys 0 00:00:00  -  Total Local Usage
	0  -  Run Bytes Sent By Job
	0  -  Run Bytes Received By Job
	0  -  Total Bytes Sent By Job
	0  -  Total Bytes Received By Job
	Partitionable Resources :    Usage  Request Allocated 
	   Cpus                 :     0.99        1         1 
	   Disk (KB)            :     1           1     20734 
	   Memory (MB)          :   291        1024      1024 

	Job terminated of its own accord at 2026-05-09T08:23:48Z with exit-code 139.
...
