000 (407392.000.000) 2026-05-07 18:20:42 Job submitted from host: <192.168.250.101:9618?addrs=192.168.250.101-9618&alias=hercules.hcms.it&noUDP&sock=schedd_3404051_6d7b>
...
001 (407392.000.000) 2026-05-07 18:21:01 Job executing on host: <192.168.250.103:9618?addrs=192.168.250.103-9618&alias=clipper.hcms.it&noUDP&sock=startd_3676022_e97e>
	SlotName: slot28_1@clipper.hcms.it
	CondorScratchDir = "/var/lib/condor/execute/dir_4192921"
	Cpus = 1
	Disk = 20734
	Memory = 1024
...
006 (407392.000.000) 2026-05-07 18:21:10 Image size of job updated: 52884
	52  -  MemoryUsage of job (MB)
	52628  -  ResidentSetSize of job (KB)
...
006 (407392.000.000) 2026-05-07 18:26:11 Image size of job updated: 53000
	52  -  MemoryUsage of job (MB)
	52628  -  ResidentSetSize of job (KB)
...
006 (407392.000.000) 2026-05-07 18:31:12 Image size of job updated: 356196
	52  -  MemoryUsage of job (MB)
	52784  -  ResidentSetSize of job (KB)
...
006 (407392.000.000) 2026-05-07 19:01:14 Image size of job updated: 525744
	220  -  MemoryUsage of job (MB)
	224288  -  ResidentSetSize of job (KB)
...
006 (407392.000.000) 2026-05-07 19:36:18 Image size of job updated: 530148
	220  -  MemoryUsage of job (MB)
	224288  -  ResidentSetSize of job (KB)
...
006 (407392.000.000) 2026-05-07 20:11:22 Image size of job updated: 530148
	220  -  MemoryUsage of job (MB)
	224384  -  ResidentSetSize of job (KB)
...
006 (407392.000.000) 2026-05-07 21:01:27 Image size of job updated: 530148
	300  -  MemoryUsage of job (MB)
	306420  -  ResidentSetSize of job (KB)
...
006 (407392.000.000) 2026-05-07 21:06:27 Image size of job updated: 532504
	300  -  MemoryUsage of job (MB)
	306420  -  ResidentSetSize of job (KB)
...
005 (407392.000.000) 2026-05-09 07:27:05 Job terminated.
	(1) Normal termination (return value 139)
		Usr 1 11:34:52, Sys 0 01:14:30  -  Run Remote Usage
		Usr 0 00:00:00, Sys 0 00:00:00  -  Run Local Usage
		Usr 1 11:34:52, Sys 0 01:14:30  -  Total Remote Usage
		Usr 0 00:00:00, Sys 0 00:00:00  -  Total Local Usage
	0  -  Run Bytes Sent By Job
	0  -  Run Bytes Received By Job
	0  -  Total Bytes Sent By Job
	0  -  Total Bytes Received By Job
	Partitionable Resources :    Usage  Request Allocated 
	   Cpus                 :     0.99        1         1 
	   Disk (KB)            :     1           1     20734 
	   Memory (MB)          :   300        1024      1024 

	Job terminated of its own accord at 2026-05-09T05:27:05Z with exit-code 139.
...
