000 (407197.000.000) 2026-05-07 18:20:37 Job submitted from host: <192.168.250.101:9618?addrs=192.168.250.101-9618&alias=hercules.hcms.it&noUDP&sock=schedd_3404051_6d7b>
...
001 (407197.000.000) 2026-05-07 18:20:59 Job executing on host: <192.168.250.22:9618?addrs=192.168.250.22-9618&alias=pccms12.hcms.it&noUDP&sock=startd_3275093_f746>
	SlotName: slot5_1@pccms12.hcms.it
	CondorScratchDir = "/var/lib/condor/execute/dir_3815030"
	Cpus = 1
	Disk = 22134
	Memory = 1024
...
006 (407197.000.000) 2026-05-07 18:21:07 Image size of job updated: 47420
	42  -  MemoryUsage of job (MB)
	42224  -  ResidentSetSize of job (KB)
...
006 (407197.000.000) 2026-05-07 18:26:07 Image size of job updated: 47612
	42  -  MemoryUsage of job (MB)
	42224  -  ResidentSetSize of job (KB)
...
006 (407197.000.000) 2026-05-07 18:31:08 Image size of job updated: 47612
	43  -  MemoryUsage of job (MB)
	43344  -  ResidentSetSize of job (KB)
...
006 (407197.000.000) 2026-05-07 18:36:09 Image size of job updated: 337716
	43  -  MemoryUsage of job (MB)
	43344  -  ResidentSetSize of job (KB)
...
006 (407197.000.000) 2026-05-07 18:41:09 Image size of job updated: 337716
	43  -  MemoryUsage of job (MB)
	43644  -  ResidentSetSize of job (KB)
...
006 (407197.000.000) 2026-05-07 18:56:11 Image size of job updated: 337716
	43  -  MemoryUsage of job (MB)
	43740  -  ResidentSetSize of job (KB)
...
006 (407197.000.000) 2026-05-07 20:41:22 Image size of job updated: 341108
	43  -  MemoryUsage of job (MB)
	43740  -  ResidentSetSize of job (KB)
...
006 (407197.000.000) 2026-05-07 22:06:31 Image size of job updated: 341108
	44  -  MemoryUsage of job (MB)
	44824  -  ResidentSetSize of job (KB)
...
006 (407197.000.000) 2026-05-07 22:31:33 Image size of job updated: 341108
	47  -  MemoryUsage of job (MB)
	48076  -  ResidentSetSize of job (KB)
...
006 (407197.000.000) 2026-05-08 00:11:44 Image size of job updated: 341292
	47  -  MemoryUsage of job (MB)
	48076  -  ResidentSetSize of job (KB)
...
006 (407197.000.000) 2026-05-08 00:31:45 Image size of job updated: 341292
	153  -  MemoryUsage of job (MB)
	156492  -  ResidentSetSize of job (KB)
...
006 (407197.000.000) 2026-05-08 00:36:46 Image size of job updated: 341292
	154  -  MemoryUsage of job (MB)
	157256  -  ResidentSetSize of job (KB)
...
006 (407197.000.000) 2026-05-08 01:01:49 Image size of job updated: 345504
	154  -  MemoryUsage of job (MB)
	157256  -  ResidentSetSize of job (KB)
...
006 (407197.000.000) 2026-05-08 08:47:37 Image size of job updated: 346008
	154  -  MemoryUsage of job (MB)
	157256  -  ResidentSetSize of job (KB)
...
006 (407197.000.000) 2026-05-08 11:07:53 Image size of job updated: 346036
	154  -  MemoryUsage of job (MB)
	157256  -  ResidentSetSize of job (KB)
...
006 (407197.000.000) 2026-05-08 12:58:03 Image size of job updated: 349720
	154  -  MemoryUsage of job (MB)
	157256  -  ResidentSetSize of job (KB)
...
006 (407197.000.000) 2026-05-08 14:18:12 Image size of job updated: 349720
	332  -  MemoryUsage of job (MB)
	339612  -  ResidentSetSize of job (KB)
...
005 (407197.000.000) 2026-05-08 16:30:32 Job terminated.
	(1) Normal termination (return value 139)
		Usr 0 19:31:22, Sys 0 02:25:07  -  Run Remote Usage
		Usr 0 00:00:00, Sys 0 00:00:00  -  Run Local Usage
		Usr 0 19:31:22, Sys 0 02:25:07  -  Total Remote Usage
		Usr 0 00:00:00, Sys 0 00:00:00  -  Total Local Usage
	0  -  Run Bytes Sent By Job
	0  -  Run Bytes Received By Job
	0  -  Total Bytes Sent By Job
	0  -  Total Bytes Received By Job
	Partitionable Resources :    Usage  Request Allocated 
	   Cpus                 :     0.99        1         1 
	   Disk (KB)            :     1           1     22134 
	   Memory (MB)          :   332        1024      1024 

	Job terminated of its own accord at 2026-05-08T14:30:32Z with exit-code 139.
...
