000 (407350.000.000) 2026-05-07 18:20:41 Job submitted from host: <192.168.250.101:9618?addrs=192.168.250.101-9618&alias=hercules.hcms.it&noUDP&sock=schedd_3404051_6d7b>
...
001 (407350.000.000) 2026-05-07 18:21:01 Job executing on host: <192.168.250.102:9618?addrs=192.168.250.102-9618&alias=empire.hcms.it&noUDP&sock=startd_2716409_3615>
	SlotName: slot96_1@empire.hcms.it
	CondorScratchDir = "/var/lib/condor/execute/dir_3296295"
	Cpus = 1
	Disk = 22792
	Memory = 1024
...
006 (407350.000.000) 2026-05-07 18:21:10 Image size of job updated: 57312
	55  -  MemoryUsage of job (MB)
	55404  -  ResidentSetSize of job (KB)
...
006 (407350.000.000) 2026-05-07 18:56:14 Image size of job updated: 358860
	55  -  MemoryUsage of job (MB)
	55404  -  ResidentSetSize of job (KB)
...
006 (407350.000.000) 2026-05-07 19:01:15 Image size of job updated: 359316
	55  -  MemoryUsage of job (MB)
	55404  -  ResidentSetSize of job (KB)
...
006 (407350.000.000) 2026-05-07 20:06:21 Image size of job updated: 359316
	59  -  MemoryUsage of job (MB)
	59760  -  ResidentSetSize of job (KB)
...
006 (407350.000.000) 2026-05-07 20:11:22 Image size of job updated: 359316
	59  -  MemoryUsage of job (MB)
	59832  -  ResidentSetSize of job (KB)
...
006 (407350.000.000) 2026-05-07 20:16:22 Image size of job updated: 359316
	59  -  MemoryUsage of job (MB)
	59860  -  ResidentSetSize of job (KB)
...
006 (407350.000.000) 2026-05-07 20:21:23 Image size of job updated: 359316
	59  -  MemoryUsage of job (MB)
	59900  -  ResidentSetSize of job (KB)
...
006 (407350.000.000) 2026-05-07 20:31:24 Image size of job updated: 361236
	59  -  MemoryUsage of job (MB)
	59900  -  ResidentSetSize of job (KB)
...
006 (407350.000.000) 2026-05-07 20:36:24 Image size of job updated: 362324
	59  -  MemoryUsage of job (MB)
	59900  -  ResidentSetSize of job (KB)
...
006 (407350.000.000) 2026-05-07 20:56:26 Image size of job updated: 363348
	59  -  MemoryUsage of job (MB)
	60104  -  ResidentSetSize of job (KB)
...
006 (407350.000.000) 2026-05-07 22:26:35 Image size of job updated: 363776
	59  -  MemoryUsage of job (MB)
	60104  -  ResidentSetSize of job (KB)
...
006 (407350.000.000) 2026-05-08 00:06:45 Image size of job updated: 363776
	60  -  MemoryUsage of job (MB)
	60424  -  ResidentSetSize of job (KB)
...
006 (407350.000.000) 2026-05-08 02:52:03 Image size of job updated: 366260
	63  -  MemoryUsage of job (MB)
	63984  -  ResidentSetSize of job (KB)
...
006 (407350.000.000) 2026-05-08 03:47:08 Image size of job updated: 368728
	63  -  MemoryUsage of job (MB)
	63984  -  ResidentSetSize of job (KB)
...
006 (407350.000.000) 2026-05-08 10:42:50 Image size of job updated: 368728
	244  -  MemoryUsage of job (MB)
	249300  -  ResidentSetSize of job (KB)
...
006 (407350.000.000) 2026-05-09 01:04:20 Image size of job updated: 371524
	244  -  MemoryUsage of job (MB)
	249300  -  ResidentSetSize of job (KB)
...
005 (407350.000.000) 2026-05-09 06:55:55 Job terminated.
	(1) Normal termination (return value 139)
		Usr 1 10:57:59, Sys 0 01:18:31  -  Run Remote Usage
		Usr 0 00:00:00, Sys 0 00:00:00  -  Run Local Usage
		Usr 1 10:57:59, Sys 0 01:18:31  -  Total Remote Usage
		Usr 0 00:00:00, Sys 0 00:00:00  -  Total Local Usage
	0  -  Run Bytes Sent By Job
	0  -  Run Bytes Received By Job
	0  -  Total Bytes Sent By Job
	0  -  Total Bytes Received By Job
	Partitionable Resources :    Usage  Request Allocated 
	   Cpus                 :     0.99        1         1 
	   Disk (KB)            :     1           1     22792 
	   Memory (MB)          :   244        1024      1024 

	Job terminated of its own accord at 2026-05-09T04:55:55Z with exit-code 139.
...
