000 (407365.000.000) 2026-05-07 18:20:41 Job submitted from host: <192.168.250.101:9618?addrs=192.168.250.101-9618&alias=hercules.hcms.it&noUDP&sock=schedd_3404051_6d7b>
...
001 (407365.000.000) 2026-05-07 18:20:59 Job executing on host: <192.168.250.103:9618?addrs=192.168.250.103-9618&alias=clipper.hcms.it&noUDP&sock=startd_3676022_e97e>
	SlotName: slot1_1@clipper.hcms.it
	CondorScratchDir = "/var/lib/condor/execute/dir_4192893"
	Cpus = 1
	Disk = 20734
	Memory = 1024
...
006 (407365.000.000) 2026-05-07 18:21:07 Image size of job updated: 57876
	55  -  MemoryUsage of job (MB)
	55772  -  ResidentSetSize of job (KB)
...
006 (407365.000.000) 2026-05-07 18:26:07 Image size of job updated: 57876
	55  -  MemoryUsage of job (MB)
	55824  -  ResidentSetSize of job (KB)
...
006 (407365.000.000) 2026-05-07 18:36:08 Image size of job updated: 57952
	55  -  MemoryUsage of job (MB)
	55824  -  ResidentSetSize of job (KB)
...
006 (407365.000.000) 2026-05-07 19:06:11 Image size of job updated: 354680
	55  -  MemoryUsage of job (MB)
	55824  -  ResidentSetSize of job (KB)
...
006 (407365.000.000) 2026-05-07 19:16:12 Image size of job updated: 354680
	57  -  MemoryUsage of job (MB)
	57756  -  ResidentSetSize of job (KB)
...
006 (407365.000.000) 2026-05-07 19:51:15 Image size of job updated: 355800
	57  -  MemoryUsage of job (MB)
	57820  -  ResidentSetSize of job (KB)
...
006 (407365.000.000) 2026-05-07 20:26:18 Image size of job updated: 357992
	57  -  MemoryUsage of job (MB)
	58112  -  ResidentSetSize of job (KB)
...
006 (407365.000.000) 2026-05-07 20:41:19 Image size of job updated: 357992
	57  -  MemoryUsage of job (MB)
	58288  -  ResidentSetSize of job (KB)
...
006 (407365.000.000) 2026-05-07 21:01:22 Image size of job updated: 359756
	57  -  MemoryUsage of job (MB)
	58288  -  ResidentSetSize of job (KB)
...
006 (407365.000.000) 2026-05-07 22:06:28 Image size of job updated: 359956
	57  -  MemoryUsage of job (MB)
	58288  -  ResidentSetSize of job (KB)
...
006 (407365.000.000) 2026-05-07 22:56:33 Image size of job updated: 359956
	57  -  MemoryUsage of job (MB)
	58360  -  ResidentSetSize of job (KB)
...
006 (407365.000.000) 2026-05-07 23:36:38 Image size of job updated: 359956
	58  -  MemoryUsage of job (MB)
	58412  -  ResidentSetSize of job (KB)
...
006 (407365.000.000) 2026-05-08 00:16:41 Image size of job updated: 362848
	58  -  MemoryUsage of job (MB)
	58412  -  ResidentSetSize of job (KB)
...
006 (407365.000.000) 2026-05-08 02:11:54 Image size of job updated: 362848
	58  -  MemoryUsage of job (MB)
	58420  -  ResidentSetSize of job (KB)
...
006 (407365.000.000) 2026-05-08 02:16:55 Image size of job updated: 362848
	58  -  MemoryUsage of job (MB)
	58444  -  ResidentSetSize of job (KB)
...
006 (407365.000.000) 2026-05-08 03:22:02 Image size of job updated: 362848
	58  -  MemoryUsage of job (MB)
	58504  -  ResidentSetSize of job (KB)
...
006 (407365.000.000) 2026-05-08 04:07:07 Image size of job updated: 362848
	59  -  MemoryUsage of job (MB)
	59644  -  ResidentSetSize of job (KB)
...
006 (407365.000.000) 2026-05-08 13:08:02 Image size of job updated: 363324
	59  -  MemoryUsage of job (MB)
	60300  -  ResidentSetSize of job (KB)
...
006 (407365.000.000) 2026-05-08 19:33:41 Image size of job updated: 363532
	59  -  MemoryUsage of job (MB)
	60300  -  ResidentSetSize of job (KB)
...
006 (407365.000.000) 2026-05-08 19:38:41 Image size of job updated: 366144
	59  -  MemoryUsage of job (MB)
	60300  -  ResidentSetSize of job (KB)
...
006 (407365.000.000) 2026-05-09 05:04:38 Image size of job updated: 368668
	60  -  MemoryUsage of job (MB)
	60744  -  ResidentSetSize of job (KB)
...
005 (407365.000.000) 2026-05-09 07:59:08 Job terminated.
	(1) Normal termination (return value 139)
		Usr 1 12:03:47, Sys 0 01:17:20  -  Run Remote Usage
		Usr 0 00:00:00, Sys 0 00:00:00  -  Run Local Usage
		Usr 1 12:03:47, Sys 0 01:17:20  -  Total Remote Usage
		Usr 0 00:00:00, Sys 0 00:00:00  -  Total Local Usage
	0  -  Run Bytes Sent By Job
	0  -  Run Bytes Received By Job
	0  -  Total Bytes Sent By Job
	0  -  Total Bytes Received By Job
	Partitionable Resources :    Usage  Request Allocated 
	   Cpus                 :     0.99        1         1 
	   Disk (KB)            :     1           1     20734 
	   Memory (MB)          :    60        1024      1024 

	Job terminated of its own accord at 2026-05-09T05:59:08Z with exit-code 139.
...
