000 (407395.000.000) 2026-05-07 18:20:42 Job submitted from host: <192.168.250.101:9618?addrs=192.168.250.101-9618&alias=hercules.hcms.it&noUDP&sock=schedd_3404051_6d7b>
...
001 (407395.000.000) 2026-05-07 18:21:01 Job executing on host: <192.168.250.103:9618?addrs=192.168.250.103-9618&alias=clipper.hcms.it&noUDP&sock=startd_3676022_e97e>
	SlotName: slot31_1@clipper.hcms.it
	CondorScratchDir = "/var/lib/condor/execute/dir_4192924"
	Cpus = 1
	Disk = 20734
	Memory = 1024
...
006 (407395.000.000) 2026-05-07 18:21:10 Image size of job updated: 55484
	47  -  MemoryUsage of job (MB)
	47712  -  ResidentSetSize of job (KB)
...
006 (407395.000.000) 2026-05-07 18:26:11 Image size of job updated: 55496
	48  -  MemoryUsage of job (MB)
	48952  -  ResidentSetSize of job (KB)
...
006 (407395.000.000) 2026-05-07 18:31:11 Image size of job updated: 357156
	48  -  MemoryUsage of job (MB)
	48952  -  ResidentSetSize of job (KB)
...
006 (407395.000.000) 2026-05-07 18:56:14 Image size of job updated: 357156
	48  -  MemoryUsage of job (MB)
	49060  -  ResidentSetSize of job (KB)
...
006 (407395.000.000) 2026-05-07 19:01:15 Image size of job updated: 357156
	56  -  MemoryUsage of job (MB)
	56576  -  ResidentSetSize of job (KB)
...
006 (407395.000.000) 2026-05-07 20:16:21 Image size of job updated: 360488
	56  -  MemoryUsage of job (MB)
	56576  -  ResidentSetSize of job (KB)
...
006 (407395.000.000) 2026-05-07 20:31:23 Image size of job updated: 360488
	58  -  MemoryUsage of job (MB)
	58444  -  ResidentSetSize of job (KB)
...
006 (407395.000.000) 2026-05-07 20:46:25 Image size of job updated: 361124
	58  -  MemoryUsage of job (MB)
	58616  -  ResidentSetSize of job (KB)
...
006 (407395.000.000) 2026-05-07 22:26:35 Image size of job updated: 361124
	59  -  MemoryUsage of job (MB)
	60112  -  ResidentSetSize of job (KB)
...
006 (407395.000.000) 2026-05-07 23:36:43 Image size of job updated: 362976
	59  -  MemoryUsage of job (MB)
	60112  -  ResidentSetSize of job (KB)
...
006 (407395.000.000) 2026-05-08 03:52:09 Image size of job updated: 362976
	237  -  MemoryUsage of job (MB)
	242104  -  ResidentSetSize of job (KB)
...
006 (407395.000.000) 2026-05-08 07:22:30 Image size of job updated: 364356
	237  -  MemoryUsage of job (MB)
	242104  -  ResidentSetSize of job (KB)
...
006 (407395.000.000) 2026-05-08 08:32:38 Image size of job updated: 369228
	237  -  MemoryUsage of job (MB)
	242104  -  ResidentSetSize of job (KB)
...
006 (407395.000.000) 2026-05-08 11:17:55 Image size of job updated: 371752
	237  -  MemoryUsage of job (MB)
	242104  -  ResidentSetSize of job (KB)
...
006 (407395.000.000) 2026-05-08 20:23:51 Image size of job updated: 371752
	240  -  MemoryUsage of job (MB)
	245064  -  ResidentSetSize of job (KB)
...
005 (407395.000.000) 2026-05-09 08:51:51 Job terminated.
	(1) Normal termination (return value 139)
		Usr 1 12:55:16, Sys 0 01:18:08  -  Run Remote Usage
		Usr 0 00:00:00, Sys 0 00:00:00  -  Run Local Usage
		Usr 1 12:55:16, Sys 0 01:18:08  -  Total Remote Usage
		Usr 0 00:00:00, Sys 0 00:00:00  -  Total Local Usage
	0  -  Run Bytes Sent By Job
	0  -  Run Bytes Received By Job
	0  -  Total Bytes Sent By Job
	0  -  Total Bytes Received By Job
	Partitionable Resources :    Usage  Request Allocated 
	   Cpus                 :     0.99        1         1 
	   Disk (KB)            :     1           1     20734 
	   Memory (MB)          :   240        1024      1024 

	Job terminated of its own accord at 2026-05-09T06:51:51Z with exit-code 139.
...
