000 (407322.000.000) 2026-05-07 18:20:40 Job submitted from host: <192.168.250.101:9618?addrs=192.168.250.101-9618&alias=hercules.hcms.it&noUDP&sock=schedd_3404051_6d7b>
...
001 (407322.000.000) 2026-05-07 18:21:02 Job executing on host: <192.168.250.102:9618?addrs=192.168.250.102-9618&alias=empire.hcms.it&noUDP&sock=startd_2716409_3615>
	SlotName: slot68_1@empire.hcms.it
	CondorScratchDir = "/var/lib/condor/execute/dir_3296231"
	Cpus = 1
	Disk = 22792
	Memory = 1024
...
006 (407322.000.000) 2026-05-07 18:21:10 Image size of job updated: 55464
	55  -  MemoryUsage of job (MB)
	55444  -  ResidentSetSize of job (KB)
...
006 (407322.000.000) 2026-05-07 18:26:10 Image size of job updated: 55500
	55  -  MemoryUsage of job (MB)
	55464  -  ResidentSetSize of job (KB)
...
006 (407322.000.000) 2026-05-07 18:31:10 Image size of job updated: 55988
	55  -  MemoryUsage of job (MB)
	55860  -  ResidentSetSize of job (KB)
...
006 (407322.000.000) 2026-05-07 19:36:16 Image size of job updated: 353996
	55  -  MemoryUsage of job (MB)
	55860  -  ResidentSetSize of job (KB)
...
006 (407322.000.000) 2026-05-07 20:31:23 Image size of job updated: 360008
	55  -  MemoryUsage of job (MB)
	55860  -  ResidentSetSize of job (KB)
...
006 (407322.000.000) 2026-05-07 20:41:24 Image size of job updated: 360008
	57  -  MemoryUsage of job (MB)
	58076  -  ResidentSetSize of job (KB)
...
006 (407322.000.000) 2026-05-07 23:11:39 Image size of job updated: 361720
	57  -  MemoryUsage of job (MB)
	58076  -  ResidentSetSize of job (KB)
...
006 (407322.000.000) 2026-05-07 23:46:43 Image size of job updated: 361720
	228  -  MemoryUsage of job (MB)
	233460  -  ResidentSetSize of job (KB)
...
006 (407322.000.000) 2026-05-08 00:51:49 Image size of job updated: 364944
	228  -  MemoryUsage of job (MB)
	233460  -  ResidentSetSize of job (KB)
...
006 (407322.000.000) 2026-05-08 03:02:02 Image size of job updated: 364944
	246  -  MemoryUsage of job (MB)
	251272  -  ResidentSetSize of job (KB)
...
006 (407322.000.000) 2026-05-08 08:27:36 Image size of job updated: 364984
	246  -  MemoryUsage of job (MB)
	251272  -  ResidentSetSize of job (KB)
...
006 (407322.000.000) 2026-05-08 13:28:07 Image size of job updated: 369404
	246  -  MemoryUsage of job (MB)
	251272  -  ResidentSetSize of job (KB)
...
006 (407322.000.000) 2026-05-08 18:53:41 Image size of job updated: 369404
	258  -  MemoryUsage of job (MB)
	263696  -  ResidentSetSize of job (KB)
...
006 (407322.000.000) 2026-05-08 18:58:41 Image size of job updated: 369404
	258  -  MemoryUsage of job (MB)
	263952  -  ResidentSetSize of job (KB)
...
006 (407322.000.000) 2026-05-08 21:54:00 Image size of job updated: 373684
	258  -  MemoryUsage of job (MB)
	263952  -  ResidentSetSize of job (KB)
...
005 (407322.000.000) 2026-05-09 04:00:15 Job terminated.
	(1) Normal termination (return value 139)
		Usr 1 08:07:24, Sys 0 01:14:57  -  Run Remote Usage
		Usr 0 00:00:00, Sys 0 00:00:00  -  Run Local Usage
		Usr 1 08:07:24, Sys 0 01:14:57  -  Total Remote Usage
		Usr 0 00:00:00, Sys 0 00:00:00  -  Total Local Usage
	0  -  Run Bytes Sent By Job
	0  -  Run Bytes Received By Job
	0  -  Total Bytes Sent By Job
	0  -  Total Bytes Received By Job
	Partitionable Resources :    Usage  Request Allocated 
	   Cpus                 :     0.99        1         1 
	   Disk (KB)            :     1           1     22792 
	   Memory (MB)          :   258        1024      1024 

	Job terminated of its own accord at 2026-05-09T02:00:15Z with exit-code 139.
...
