000 (407277.000.000) 2026-05-07 18:20:39 Job submitted from host: <192.168.250.101:9618?addrs=192.168.250.101-9618&alias=hercules.hcms.it&noUDP&sock=schedd_3404051_6d7b>
...
001 (407277.000.000) 2026-05-07 18:21:01 Job executing on host: <192.168.250.102:9618?addrs=192.168.250.102-9618&alias=empire.hcms.it&noUDP&sock=startd_2716409_3615>
	SlotName: slot23_1@empire.hcms.it
	CondorScratchDir = "/var/lib/condor/execute/dir_3296177"
	Cpus = 1
	Disk = 22792
	Memory = 1024
...
006 (407277.000.000) 2026-05-07 18:21:10 Image size of job updated: 57484
	54  -  MemoryUsage of job (MB)
	55284  -  ResidentSetSize of job (KB)
...
006 (407277.000.000) 2026-05-07 18:26:11 Image size of job updated: 57484
	55  -  MemoryUsage of job (MB)
	55524  -  ResidentSetSize of job (KB)
...
006 (407277.000.000) 2026-05-07 18:36:11 Image size of job updated: 357460
	55  -  MemoryUsage of job (MB)
	55524  -  ResidentSetSize of job (KB)
...
006 (407277.000.000) 2026-05-07 19:06:14 Image size of job updated: 359780
	55  -  MemoryUsage of job (MB)
	55524  -  ResidentSetSize of job (KB)
...
006 (407277.000.000) 2026-05-07 19:21:16 Image size of job updated: 359780
	55  -  MemoryUsage of job (MB)
	55972  -  ResidentSetSize of job (KB)
...
006 (407277.000.000) 2026-05-07 20:26:23 Image size of job updated: 360192
	55  -  MemoryUsage of job (MB)
	55972  -  ResidentSetSize of job (KB)
...
006 (407277.000.000) 2026-05-07 21:46:32 Image size of job updated: 360192
	132  -  MemoryUsage of job (MB)
	135108  -  ResidentSetSize of job (KB)
...
006 (407277.000.000) 2026-05-07 22:16:35 Image size of job updated: 360304
	132  -  MemoryUsage of job (MB)
	135108  -  ResidentSetSize of job (KB)
...
006 (407277.000.000) 2026-05-07 22:31:36 Image size of job updated: 362880
	132  -  MemoryUsage of job (MB)
	135108  -  ResidentSetSize of job (KB)
...
006 (407277.000.000) 2026-05-08 02:37:02 Image size of job updated: 365244
	132  -  MemoryUsage of job (MB)
	135108  -  ResidentSetSize of job (KB)
...
006 (407277.000.000) 2026-05-08 03:57:10 Image size of job updated: 365244
	139  -  MemoryUsage of job (MB)
	141500  -  ResidentSetSize of job (KB)
...
006 (407277.000.000) 2026-05-08 04:02:10 Image size of job updated: 365244
	139  -  MemoryUsage of job (MB)
	141600  -  ResidentSetSize of job (KB)
...
006 (407277.000.000) 2026-05-08 05:07:17 Image size of job updated: 366428
	139  -  MemoryUsage of job (MB)
	141600  -  ResidentSetSize of job (KB)
...
006 (407277.000.000) 2026-05-08 21:24:01 Image size of job updated: 366428
	348  -  MemoryUsage of job (MB)
	355992  -  ResidentSetSize of job (KB)
...
005 (407277.000.000) 2026-05-09 00:51:05 Job terminated.
	(1) Normal termination (return value 139)
		Usr 1 04:59:56, Sys 0 01:15:07  -  Run Remote Usage
		Usr 0 00:00:00, Sys 0 00:00:00  -  Run Local Usage
		Usr 1 04:59:56, Sys 0 01:15:07  -  Total Remote Usage
		Usr 0 00:00:00, Sys 0 00:00:00  -  Total Local Usage
	0  -  Run Bytes Sent By Job
	0  -  Run Bytes Received By Job
	0  -  Total Bytes Sent By Job
	0  -  Total Bytes Received By Job
	Partitionable Resources :    Usage  Request Allocated 
	   Cpus                 :     0.99        1         1 
	   Disk (KB)            :     1           1     22792 
	   Memory (MB)          :   348        1024      1024 

	Job terminated of its own accord at 2026-05-08T22:51:05Z with exit-code 139.
...
