000 (407325.000.000) 2026-05-07 18:20:40 Job submitted from host: <192.168.250.101:9618?addrs=192.168.250.101-9618&alias=hercules.hcms.it&noUDP&sock=schedd_3404051_6d7b>
...
001 (407325.000.000) 2026-05-07 18:21:01 Job executing on host: <192.168.250.102:9618?addrs=192.168.250.102-9618&alias=empire.hcms.it&noUDP&sock=startd_2716409_3615>
	SlotName: slot71_1@empire.hcms.it
	CondorScratchDir = "/var/lib/condor/execute/dir_3296234"
	Cpus = 1
	Disk = 22792
	Memory = 1024
...
006 (407325.000.000) 2026-05-07 18:21:10 Image size of job updated: 54668
	52  -  MemoryUsage of job (MB)
	52532  -  ResidentSetSize of job (KB)
...
006 (407325.000.000) 2026-05-07 18:31:12 Image size of job updated: 394008
	85  -  MemoryUsage of job (MB)
	86332  -  ResidentSetSize of job (KB)
...
006 (407325.000.000) 2026-05-08 15:43:23 Image size of job updated: 394008
	207  -  MemoryUsage of job (MB)
	210972  -  ResidentSetSize of job (KB)
...
005 (407325.000.000) 2026-05-08 19:30:54 Job terminated.
	(1) Normal termination (return value 139)
		Usr 1 00:43:38, Sys 0 00:13:53  -  Run Remote Usage
		Usr 0 00:00:00, Sys 0 00:00:00  -  Run Local Usage
		Usr 1 00:43:38, Sys 0 00:13:53  -  Total Remote Usage
		Usr 0 00:00:00, Sys 0 00:00:00  -  Total Local Usage
	0  -  Run Bytes Sent By Job
	0  -  Run Bytes Received By Job
	0  -  Total Bytes Sent By Job
	0  -  Total Bytes Received By Job
	Partitionable Resources :    Usage  Request Allocated 
	   Cpus                 :     0.99        1         1 
	   Disk (KB)            :     1           1     22792 
	   Memory (MB)          :   207        1024      1024 

	Job terminated of its own accord at 2026-05-08T17:30:54Z with exit-code 139.
...
