000 (407292.000.000) 2026-05-07 18:20:40 Job submitted from host: <192.168.250.101:9618?addrs=192.168.250.101-9618&alias=hercules.hcms.it&noUDP&sock=schedd_3404051_6d7b>
...
001 (407292.000.000) 2026-05-07 18:21:01 Job executing on host: <192.168.250.102:9618?addrs=192.168.250.102-9618&alias=empire.hcms.it&noUDP&sock=startd_2716409_3615>
	SlotName: slot38_1@empire.hcms.it
	CondorScratchDir = "/var/lib/condor/execute/dir_3296192"
	Cpus = 1
	Disk = 22792
	Memory = 1024
...
006 (407292.000.000) 2026-05-07 18:21:10 Image size of job updated: 57516
	47  -  MemoryUsage of job (MB)
	47512  -  ResidentSetSize of job (KB)
...
006 (407292.000.000) 2026-05-07 18:41:12 Image size of job updated: 57516
	47  -  MemoryUsage of job (MB)
	47768  -  ResidentSetSize of job (KB)
...
006 (407292.000.000) 2026-05-07 18:51:12 Image size of job updated: 57516
	48  -  MemoryUsage of job (MB)
	49140  -  ResidentSetSize of job (KB)
...
006 (407292.000.000) 2026-05-07 18:56:14 Image size of job updated: 358712
	56  -  MemoryUsage of job (MB)
	56896  -  ResidentSetSize of job (KB)
...
006 (407292.000.000) 2026-05-07 19:36:18 Image size of job updated: 358892
	56  -  MemoryUsage of job (MB)
	57044  -  ResidentSetSize of job (KB)
...
006 (407292.000.000) 2026-05-07 20:11:22 Image size of job updated: 366276
	56  -  MemoryUsage of job (MB)
	57044  -  ResidentSetSize of job (KB)
...
006 (407292.000.000) 2026-05-07 20:21:24 Image size of job updated: 366276
	57  -  MemoryUsage of job (MB)
	57808  -  ResidentSetSize of job (KB)
...
006 (407292.000.000) 2026-05-07 22:01:34 Image size of job updated: 366276
	58  -  MemoryUsage of job (MB)
	58728  -  ResidentSetSize of job (KB)
...
006 (407292.000.000) 2026-05-07 23:11:40 Image size of job updated: 366276
	59  -  MemoryUsage of job (MB)
	59476  -  ResidentSetSize of job (KB)
...
006 (407292.000.000) 2026-05-08 02:27:01 Image size of job updated: 366276
	62  -  MemoryUsage of job (MB)
	62892  -  ResidentSetSize of job (KB)
...
006 (407292.000.000) 2026-05-08 02:47:03 Image size of job updated: 366276
	243  -  MemoryUsage of job (MB)
	248520  -  ResidentSetSize of job (KB)
...
006 (407292.000.000) 2026-05-08 08:52:41 Image size of job updated: 366276
	337  -  MemoryUsage of job (MB)
	344840  -  ResidentSetSize of job (KB)
...
006 (407292.000.000) 2026-05-08 08:57:41 Image size of job updated: 366276
	338  -  MemoryUsage of job (MB)
	345096  -  ResidentSetSize of job (KB)
...
006 (407292.000.000) 2026-05-08 12:58:09 Image size of job updated: 366480
	338  -  MemoryUsage of job (MB)
	345096  -  ResidentSetSize of job (KB)
...
006 (407292.000.000) 2026-05-08 13:48:14 Image size of job updated: 368468
	338  -  MemoryUsage of job (MB)
	345096  -  ResidentSetSize of job (KB)
...
006 (407292.000.000) 2026-05-08 17:23:35 Image size of job updated: 370092
	338  -  MemoryUsage of job (MB)
	345096  -  ResidentSetSize of job (KB)
...
006 (407292.000.000) 2026-05-08 19:03:45 Image size of job updated: 605736
	338  -  MemoryUsage of job (MB)
	345096  -  ResidentSetSize of job (KB)
...
006 (407292.000.000) 2026-05-08 19:58:51 Image size of job updated: 605892
	338  -  MemoryUsage of job (MB)
	345096  -  ResidentSetSize of job (KB)
...
006 (407292.000.000) 2026-05-08 20:33:55 Image size of job updated: 607688
	338  -  MemoryUsage of job (MB)
	345096  -  ResidentSetSize of job (KB)
...
005 (407292.000.000) 2026-05-08 22:22:55 Job terminated.
	(1) Normal termination (return value 139)
		Usr 1 02:36:03, Sys 0 01:12:08  -  Run Remote Usage
		Usr 0 00:00:00, Sys 0 00:00:00  -  Run Local Usage
		Usr 1 02:36:03, Sys 0 01:12:08  -  Total Remote Usage
		Usr 0 00:00:00, Sys 0 00:00:00  -  Total Local Usage
	0  -  Run Bytes Sent By Job
	0  -  Run Bytes Received By Job
	0  -  Total Bytes Sent By Job
	0  -  Total Bytes Received By Job
	Partitionable Resources :    Usage  Request Allocated 
	   Cpus                 :     0.99        1         1 
	   Disk (KB)            :     1           1     22792 
	   Memory (MB)          :   338        1024      1024 

	Job terminated of its own accord at 2026-05-08T20:22:55Z with exit-code 139.
...
