000 (407250.000.000) 2026-05-07 18:20:39 Job submitted from host: <192.168.250.101:9618?addrs=192.168.250.101-9618&alias=hercules.hcms.it&noUDP&sock=schedd_3404051_6d7b>
...
001 (407250.000.000) 2026-05-07 18:20:59 Job executing on host: <192.168.250.22:9618?addrs=192.168.250.22-9618&alias=pccms12.hcms.it&noUDP&sock=startd_3275093_f746>
	SlotName: slot58_1@pccms12.hcms.it
	CondorScratchDir = "/var/lib/condor/execute/dir_3815354"
	Cpus = 1
	Disk = 22134
	Memory = 1024
...
006 (407250.000.000) 2026-05-07 18:21:07 Image size of job updated: 42008
	36  -  MemoryUsage of job (MB)
	36760  -  ResidentSetSize of job (KB)
...
006 (407250.000.000) 2026-05-07 18:26:07 Image size of job updated: 42384
	36  -  MemoryUsage of job (MB)
	36760  -  ResidentSetSize of job (KB)
...
006 (407250.000.000) 2026-05-07 18:41:09 Image size of job updated: 331796
	36  -  MemoryUsage of job (MB)
	36760  -  ResidentSetSize of job (KB)
...
006 (407250.000.000) 2026-05-07 18:46:10 Image size of job updated: 331796
	38  -  MemoryUsage of job (MB)
	38060  -  ResidentSetSize of job (KB)
...
006 (407250.000.000) 2026-05-07 19:26:14 Image size of job updated: 331796
	38  -  MemoryUsage of job (MB)
	38320  -  ResidentSetSize of job (KB)
...
006 (407250.000.000) 2026-05-07 19:31:14 Image size of job updated: 331796
	38  -  MemoryUsage of job (MB)
	38668  -  ResidentSetSize of job (KB)
...
006 (407250.000.000) 2026-05-07 19:46:16 Image size of job updated: 332248
	38  -  MemoryUsage of job (MB)
	38668  -  ResidentSetSize of job (KB)
...
006 (407250.000.000) 2026-05-07 19:51:16 Image size of job updated: 332276
	38  -  MemoryUsage of job (MB)
	38668  -  ResidentSetSize of job (KB)
...
006 (407250.000.000) 2026-05-07 20:06:17 Image size of job updated: 332684
	38  -  MemoryUsage of job (MB)
	38668  -  ResidentSetSize of job (KB)
...
006 (407250.000.000) 2026-05-07 20:46:22 Image size of job updated: 334888
	38  -  MemoryUsage of job (MB)
	38668  -  ResidentSetSize of job (KB)
...
006 (407250.000.000) 2026-05-07 22:51:34 Image size of job updated: 334888
	43  -  MemoryUsage of job (MB)
	43272  -  ResidentSetSize of job (KB)
...
006 (407250.000.000) 2026-05-07 23:36:39 Image size of job updated: 334888
	43  -  MemoryUsage of job (MB)
	43960  -  ResidentSetSize of job (KB)
...
006 (407250.000.000) 2026-05-07 23:46:40 Image size of job updated: 337000
	43  -  MemoryUsage of job (MB)
	43960  -  ResidentSetSize of job (KB)
...
006 (407250.000.000) 2026-05-08 00:51:46 Image size of job updated: 337000
	126  -  MemoryUsage of job (MB)
	128868  -  ResidentSetSize of job (KB)
...
006 (407250.000.000) 2026-05-08 00:56:47 Image size of job updated: 337000
	127  -  MemoryUsage of job (MB)
	129072  -  ResidentSetSize of job (KB)
...
006 (407250.000.000) 2026-05-08 04:37:11 Image size of job updated: 337000
	275  -  MemoryUsage of job (MB)
	280972  -  ResidentSetSize of job (KB)
...
006 (407250.000.000) 2026-05-08 04:42:11 Image size of job updated: 337000
	275  -  MemoryUsage of job (MB)
	281228  -  ResidentSetSize of job (KB)
...
006 (407250.000.000) 2026-05-08 05:27:17 Image size of job updated: 337000
	299  -  MemoryUsage of job (MB)
	306076  -  ResidentSetSize of job (KB)
...
006 (407250.000.000) 2026-05-08 05:32:17 Image size of job updated: 337000
	300  -  MemoryUsage of job (MB)
	306268  -  ResidentSetSize of job (KB)
...
006 (407250.000.000) 2026-05-08 08:52:37 Image size of job updated: 338728
	300  -  MemoryUsage of job (MB)
	306268  -  ResidentSetSize of job (KB)
...
006 (407250.000.000) 2026-05-08 10:12:45 Image size of job updated: 339712
	300  -  MemoryUsage of job (MB)
	306268  -  ResidentSetSize of job (KB)
...
005 (407250.000.000) 2026-05-08 12:17:01 Job terminated.
	(1) Normal termination (return value 139)
		Usr 0 17:23:38, Sys 0 00:22:37  -  Run Remote Usage
		Usr 0 00:00:00, Sys 0 00:00:00  -  Run Local Usage
		Usr 0 17:23:38, Sys 0 00:22:37  -  Total Remote Usage
		Usr 0 00:00:00, Sys 0 00:00:00  -  Total Local Usage
	0  -  Run Bytes Sent By Job
	0  -  Run Bytes Received By Job
	0  -  Total Bytes Sent By Job
	0  -  Total Bytes Received By Job
	Partitionable Resources :    Usage  Request Allocated 
	   Cpus                 :     0.99        1         1 
	   Disk (KB)            :     1           1     22134 
	   Memory (MB)          :   300        1024      1024 

	Job terminated of its own accord at 2026-05-08T10:17:01Z with exit-code 139.
...
