000 (407271.000.000) 2026-05-07 18:20:39 Job submitted from host: <192.168.250.101:9618?addrs=192.168.250.101-9618&alias=hercules.hcms.it&noUDP&sock=schedd_3404051_6d7b>
...
001 (407271.000.000) 2026-05-07 18:21:01 Job executing on host: <192.168.250.102:9618?addrs=192.168.250.102-9618&alias=empire.hcms.it&noUDP&sock=startd_2716409_3615>
	SlotName: slot17_1@empire.hcms.it
	CondorScratchDir = "/var/lib/condor/execute/dir_3296171"
	Cpus = 1
	Disk = 22792
	Memory = 1024
...
006 (407271.000.000) 2026-05-07 18:21:10 Image size of job updated: 54764
	52  -  MemoryUsage of job (MB)
	52836  -  ResidentSetSize of job (KB)
...
006 (407271.000.000) 2026-05-07 19:01:15 Image size of job updated: 356680
	52  -  MemoryUsage of job (MB)
	52836  -  ResidentSetSize of job (KB)
...
006 (407271.000.000) 2026-05-07 19:16:17 Image size of job updated: 357004
	52  -  MemoryUsage of job (MB)
	52836  -  ResidentSetSize of job (KB)
...
006 (407271.000.000) 2026-05-07 19:31:18 Image size of job updated: 360060
	52  -  MemoryUsage of job (MB)
	52836  -  ResidentSetSize of job (KB)
...
006 (407271.000.000) 2026-05-07 19:46:19 Image size of job updated: 360116
	52  -  MemoryUsage of job (MB)
	52836  -  ResidentSetSize of job (KB)
...
006 (407271.000.000) 2026-05-07 20:51:25 Image size of job updated: 360116
	333  -  MemoryUsage of job (MB)
	340716  -  ResidentSetSize of job (KB)
...
006 (407271.000.000) 2026-05-07 20:56:26 Image size of job updated: 362332
	333  -  MemoryUsage of job (MB)
	340716  -  ResidentSetSize of job (KB)
...
006 (407271.000.000) 2026-05-07 22:46:37 Image size of job updated: 365216
	333  -  MemoryUsage of job (MB)
	340716  -  ResidentSetSize of job (KB)
...
006 (407271.000.000) 2026-05-08 00:21:47 Image size of job updated: 365876
	333  -  MemoryUsage of job (MB)
	340716  -  ResidentSetSize of job (KB)
...
006 (407271.000.000) 2026-05-08 05:22:18 Image size of job updated: 368416
	333  -  MemoryUsage of job (MB)
	340716  -  ResidentSetSize of job (KB)
...
005 (407271.000.000) 2026-05-09 00:27:12 Job terminated.
	(1) Normal termination (return value 139)
		Usr 1 04:38:05, Sys 0 01:13:24  -  Run Remote Usage
		Usr 0 00:00:00, Sys 0 00:00:00  -  Run Local Usage
		Usr 1 04:38:05, Sys 0 01:13:24  -  Total Remote Usage
		Usr 0 00:00:00, Sys 0 00:00:00  -  Total Local Usage
	0  -  Run Bytes Sent By Job
	0  -  Run Bytes Received By Job
	0  -  Total Bytes Sent By Job
	0  -  Total Bytes Received By Job
	Partitionable Resources :    Usage  Request Allocated 
	   Cpus                 :     0.99        1         1 
	   Disk (KB)            :     1           1     22792 
	   Memory (MB)          :   333        1024      1024 

	Job terminated of its own accord at 2026-05-08T22:27:12Z with exit-code 139.
...
