000 (407398.000.000) 2026-05-07 18:20:42 Job submitted from host: <192.168.250.101:9618?addrs=192.168.250.101-9618&alias=hercules.hcms.it&noUDP&sock=schedd_3404051_6d7b>
...
001 (407398.000.000) 2026-05-07 18:21:01 Job executing on host: <192.168.250.103:9618?addrs=192.168.250.103-9618&alias=clipper.hcms.it&noUDP&sock=startd_3676022_e97e>
	SlotName: slot34_1@clipper.hcms.it
	CondorScratchDir = "/var/lib/condor/execute/dir_4192927"
	Cpus = 1
	Disk = 20734
	Memory = 1024
...
006 (407398.000.000) 2026-05-07 18:21:09 Image size of job updated: 55080
	52  -  MemoryUsage of job (MB)
	53152  -  ResidentSetSize of job (KB)
...
006 (407398.000.000) 2026-05-07 18:31:11 Image size of job updated: 358372
	52  -  MemoryUsage of job (MB)
	53152  -  ResidentSetSize of job (KB)
...
006 (407398.000.000) 2026-05-07 18:51:13 Image size of job updated: 358372
	53  -  MemoryUsage of job (MB)
	54244  -  ResidentSetSize of job (KB)
...
006 (407398.000.000) 2026-05-07 20:16:21 Image size of job updated: 361932
	55  -  MemoryUsage of job (MB)
	55516  -  ResidentSetSize of job (KB)
...
006 (407398.000.000) 2026-05-08 09:32:44 Image size of job updated: 361932
	55  -  MemoryUsage of job (MB)
	55780  -  ResidentSetSize of job (KB)
...
006 (407398.000.000) 2026-05-08 10:32:50 Image size of job updated: 362132
	59  -  MemoryUsage of job (MB)
	59436  -  ResidentSetSize of job (KB)
...
006 (407398.000.000) 2026-05-08 14:38:13 Image size of job updated: 362972
	59  -  MemoryUsage of job (MB)
	59436  -  ResidentSetSize of job (KB)
...
006 (407398.000.000) 2026-05-08 14:43:14 Image size of job updated: 364040
	59  -  MemoryUsage of job (MB)
	59436  -  ResidentSetSize of job (KB)
...
006 (407398.000.000) 2026-05-08 17:53:34 Image size of job updated: 364484
	59  -  MemoryUsage of job (MB)
	59436  -  ResidentSetSize of job (KB)
...
006 (407398.000.000) 2026-05-08 19:28:44 Image size of job updated: 366040
	59  -  MemoryUsage of job (MB)
	59436  -  ResidentSetSize of job (KB)
...
006 (407398.000.000) 2026-05-08 21:18:54 Image size of job updated: 366040
	142  -  MemoryUsage of job (MB)
	144980  -  ResidentSetSize of job (KB)
...
006 (407398.000.000) 2026-05-08 21:23:55 Image size of job updated: 366040
	142  -  MemoryUsage of job (MB)
	145236  -  ResidentSetSize of job (KB)
...
006 (407398.000.000) 2026-05-08 22:59:05 Image size of job updated: 368724
	142  -  MemoryUsage of job (MB)
	145236  -  ResidentSetSize of job (KB)
...
005 (407398.000.000) 2026-05-09 09:29:29 Job terminated.
	(1) Normal termination (return value 139)
		Usr 1 13:35:43, Sys 0 01:15:05  -  Run Remote Usage
		Usr 0 00:00:00, Sys 0 00:00:00  -  Run Local Usage
		Usr 1 13:35:43, Sys 0 01:15:05  -  Total Remote Usage
		Usr 0 00:00:00, Sys 0 00:00:00  -  Total Local Usage
	0  -  Run Bytes Sent By Job
	0  -  Run Bytes Received By Job
	0  -  Total Bytes Sent By Job
	0  -  Total Bytes Received By Job
	Partitionable Resources :    Usage  Request Allocated 
	   Cpus                 :     0.95        1         1 
	   Disk (KB)            :     1           1     20734 
	   Memory (MB)          :   142        1024      1024 

	Job terminated of its own accord at 2026-05-09T07:29:29Z with exit-code 139.
...
