000 (407151.000.000) 2026-05-07 18:20:36 Job submitted from host: <192.168.250.101:9618?addrs=192.168.250.101-9618&alias=hercules.hcms.it&noUDP&sock=schedd_3404051_6d7b>
...
001 (407151.000.000) 2026-05-07 18:20:59 Job executing on host: <192.168.250.23:9618?addrs=192.168.250.23-9618&alias=pccms13.hcms.it&noUDP&sock=startd_4182521_18e8>
	SlotName: slot21_1@pccms13.hcms.it
	CondorScratchDir = "/var/lib/condor/execute/dir_537802"
	Cpus = 1
	Disk = 23466
	Memory = 1024
...
006 (407151.000.000) 2026-05-07 18:21:07 Image size of job updated: 36276
	31  -  MemoryUsage of job (MB)
	31024  -  ResidentSetSize of job (KB)
...
006 (407151.000.000) 2026-05-07 18:36:09 Image size of job updated: 36276
	31  -  MemoryUsage of job (MB)
	31104  -  ResidentSetSize of job (KB)
...
006 (407151.000.000) 2026-05-07 18:51:11 Image size of job updated: 36276
	32  -  MemoryUsage of job (MB)
	32576  -  ResidentSetSize of job (KB)
...
006 (407151.000.000) 2026-05-07 18:56:11 Image size of job updated: 324136
	32  -  MemoryUsage of job (MB)
	32576  -  ResidentSetSize of job (KB)
...
006 (407151.000.000) 2026-05-07 19:11:12 Image size of job updated: 324136
	33  -  MemoryUsage of job (MB)
	33060  -  ResidentSetSize of job (KB)
...
006 (407151.000.000) 2026-05-07 19:16:12 Image size of job updated: 324136
	34  -  MemoryUsage of job (MB)
	34280  -  ResidentSetSize of job (KB)
...
006 (407151.000.000) 2026-05-07 19:21:13 Image size of job updated: 327488
	34  -  MemoryUsage of job (MB)
	34816  -  ResidentSetSize of job (KB)
...
006 (407151.000.000) 2026-05-07 19:31:14 Image size of job updated: 332524
	34  -  MemoryUsage of job (MB)
	34816  -  ResidentSetSize of job (KB)
...
006 (407151.000.000) 2026-05-07 19:36:15 Image size of job updated: 332524
	38  -  MemoryUsage of job (MB)
	38860  -  ResidentSetSize of job (KB)
...
006 (407151.000.000) 2026-05-07 21:06:24 Image size of job updated: 332524
	39  -  MemoryUsage of job (MB)
	38992  -  ResidentSetSize of job (KB)
...
006 (407151.000.000) 2026-05-07 21:21:26 Image size of job updated: 332524
	39  -  MemoryUsage of job (MB)
	39064  -  ResidentSetSize of job (KB)
...
006 (407151.000.000) 2026-05-07 21:41:27 Image size of job updated: 332624
	39  -  MemoryUsage of job (MB)
	39064  -  ResidentSetSize of job (KB)
...
006 (407151.000.000) 2026-05-07 22:01:29 Image size of job updated: 332624
	39  -  MemoryUsage of job (MB)
	39152  -  ResidentSetSize of job (KB)
...
006 (407151.000.000) 2026-05-07 22:56:35 Image size of job updated: 332624
	39  -  MemoryUsage of job (MB)
	39352  -  ResidentSetSize of job (KB)
...
006 (407151.000.000) 2026-05-08 00:26:45 Image size of job updated: 335152
	135  -  MemoryUsage of job (MB)
	137452  -  ResidentSetSize of job (KB)
...
006 (407151.000.000) 2026-05-08 05:22:17 Image size of job updated: 336392
	135  -  MemoryUsage of job (MB)
	137452  -  ResidentSetSize of job (KB)
...
006 (407151.000.000) 2026-05-08 08:47:38 Image size of job updated: 339468
	135  -  MemoryUsage of job (MB)
	137452  -  ResidentSetSize of job (KB)
...
006 (407151.000.000) 2026-05-08 20:53:51 Image size of job updated: 343148
	135  -  MemoryUsage of job (MB)
	137452  -  ResidentSetSize of job (KB)
...
006 (407151.000.000) 2026-05-08 21:08:53 Image size of job updated: 347936
	135  -  MemoryUsage of job (MB)
	137452  -  ResidentSetSize of job (KB)
...
006 (407151.000.000) 2026-05-09 09:05:06 Image size of job updated: 348448
	135  -  MemoryUsage of job (MB)
	137452  -  ResidentSetSize of job (KB)
...
005 (407151.000.000) 2026-05-09 17:29:37 Job terminated.
	(1) Normal termination (return value 139)
		Usr 1 19:59:30, Sys 0 02:41:24  -  Run Remote Usage
		Usr 0 00:00:00, Sys 0 00:00:00  -  Run Local Usage
		Usr 1 19:59:30, Sys 0 02:41:24  -  Total Remote Usage
		Usr 0 00:00:00, Sys 0 00:00:00  -  Total Local Usage
	0  -  Run Bytes Sent By Job
	0  -  Run Bytes Received By Job
	0  -  Total Bytes Sent By Job
	0  -  Total Bytes Received By Job
	Partitionable Resources :    Usage  Request Allocated 
	   Cpus                 :     0.99        1         1 
	   Disk (KB)            :     1           1     23466 
	   Memory (MB)          :   135        1024      1024 

	Job terminated of its own accord at 2026-05-09T15:29:37Z with exit-code 139.
...
