000 (407460.000.000) 2026-05-07 18:20:44 Job submitted from host: <192.168.250.101:9618?addrs=192.168.250.101-9618&alias=hercules.hcms.it&noUDP&sock=schedd_3404051_6d7b>
...
001 (407460.000.000) 2026-05-07 18:21:02 Job executing on host: <192.168.250.103:9618?addrs=192.168.250.103-9618&alias=clipper.hcms.it&noUDP&sock=startd_3676022_e97e>
	SlotName: slot96_1@clipper.hcms.it
	CondorScratchDir = "/var/lib/condor/execute/dir_4193051"
	Cpus = 1
	Disk = 20734
	Memory = 1024
...
006 (407460.000.000) 2026-05-07 18:21:10 Image size of job updated: 54664
	52  -  MemoryUsage of job (MB)
	52588  -  ResidentSetSize of job (KB)
...
006 (407460.000.000) 2026-05-07 18:26:10 Image size of job updated: 54664
	52  -  MemoryUsage of job (MB)
	52624  -  ResidentSetSize of job (KB)
...
006 (407460.000.000) 2026-05-07 19:21:16 Image size of job updated: 356108
	52  -  MemoryUsage of job (MB)
	52624  -  ResidentSetSize of job (KB)
...
006 (407460.000.000) 2026-05-07 19:46:18 Image size of job updated: 356108
	53  -  MemoryUsage of job (MB)
	54020  -  ResidentSetSize of job (KB)
...
006 (407460.000.000) 2026-05-07 20:51:25 Image size of job updated: 359952
	53  -  MemoryUsage of job (MB)
	54020  -  ResidentSetSize of job (KB)
...
006 (407460.000.000) 2026-05-07 21:21:28 Image size of job updated: 359952
	54  -  MemoryUsage of job (MB)
	55248  -  ResidentSetSize of job (KB)
...
006 (407460.000.000) 2026-05-07 23:21:41 Image size of job updated: 359952
	55  -  MemoryUsage of job (MB)
	55404  -  ResidentSetSize of job (KB)
...
006 (407460.000.000) 2026-05-07 23:26:41 Image size of job updated: 359952
	55  -  MemoryUsage of job (MB)
	55416  -  ResidentSetSize of job (KB)
...
006 (407460.000.000) 2026-05-08 02:57:04 Image size of job updated: 361844
	55  -  MemoryUsage of job (MB)
	55416  -  ResidentSetSize of job (KB)
...
006 (407460.000.000) 2026-05-08 03:02:04 Image size of job updated: 361844
	55  -  MemoryUsage of job (MB)
	55448  -  ResidentSetSize of job (KB)
...
006 (407460.000.000) 2026-05-08 06:37:26 Image size of job updated: 361844
	55  -  MemoryUsage of job (MB)
	55536  -  ResidentSetSize of job (KB)
...
006 (407460.000.000) 2026-05-08 09:32:45 Image size of job updated: 361844
	56  -  MemoryUsage of job (MB)
	56380  -  ResidentSetSize of job (KB)
...
006 (407460.000.000) 2026-05-08 12:28:02 Image size of job updated: 361844
	57  -  MemoryUsage of job (MB)
	57664  -  ResidentSetSize of job (KB)
...
006 (407460.000.000) 2026-05-08 14:58:17 Image size of job updated: 365784
	57  -  MemoryUsage of job (MB)
	57664  -  ResidentSetSize of job (KB)
...
006 (407460.000.000) 2026-05-08 16:08:26 Image size of job updated: 365784
	57  -  MemoryUsage of job (MB)
	57772  -  ResidentSetSize of job (KB)
...
006 (407460.000.000) 2026-05-08 16:33:28 Image size of job updated: 365784
	57  -  MemoryUsage of job (MB)
	57780  -  ResidentSetSize of job (KB)
...
006 (407460.000.000) 2026-05-08 21:08:57 Image size of job updated: 365784
	57  -  MemoryUsage of job (MB)
	57840  -  ResidentSetSize of job (KB)
...
006 (407460.000.000) 2026-05-08 22:14:04 Image size of job updated: 365784
	57  -  MemoryUsage of job (MB)
	57892  -  ResidentSetSize of job (KB)
...
006 (407460.000.000) 2026-05-08 23:49:13 Image size of job updated: 365784
	57  -  MemoryUsage of job (MB)
	58324  -  ResidentSetSize of job (KB)
...
006 (407460.000.000) 2026-05-09 00:54:21 Image size of job updated: 365784
	142  -  MemoryUsage of job (MB)
	145088  -  ResidentSetSize of job (KB)
...
006 (407460.000.000) 2026-05-09 00:59:22 Image size of job updated: 365784
	142  -  MemoryUsage of job (MB)
	145344  -  ResidentSetSize of job (KB)
...
006 (407460.000.000) 2026-05-09 03:44:38 Image size of job updated: 369220
	142  -  MemoryUsage of job (MB)
	145344  -  ResidentSetSize of job (KB)
...
005 (407460.000.000) 2026-05-09 09:56:24 Job terminated.
	(1) Normal termination (return value 139)
		Usr 1 14:52:57, Sys 0 00:23:59  -  Run Remote Usage
		Usr 0 00:00:00, Sys 0 00:00:00  -  Run Local Usage
		Usr 1 14:52:57, Sys 0 00:23:59  -  Total Remote Usage
		Usr 0 00:00:00, Sys 0 00:00:00  -  Total Local Usage
	0  -  Run Bytes Sent By Job
	0  -  Run Bytes Received By Job
	0  -  Total Bytes Sent By Job
	0  -  Total Bytes Received By Job
	Partitionable Resources :    Usage  Request Allocated 
	   Cpus                 :     0.99        1         1 
	   Disk (KB)            :     1           1     20734 
	   Memory (MB)          :   142        1024      1024 

	Job terminated of its own accord at 2026-05-09T07:56:24Z with exit-code 139.
...
