000 (407224.000.000) 2026-05-07 18:20:38 Job submitted from host: <192.168.250.101:9618?addrs=192.168.250.101-9618&alias=hercules.hcms.it&noUDP&sock=schedd_3404051_6d7b>
...
001 (407224.000.000) 2026-05-07 18:20:59 Job executing on host: <192.168.250.22:9618?addrs=192.168.250.22-9618&alias=pccms12.hcms.it&noUDP&sock=startd_3275093_f746>
	SlotName: slot32_1@pccms12.hcms.it
	CondorScratchDir = "/var/lib/condor/execute/dir_3815050"
	Cpus = 1
	Disk = 22134
	Memory = 1024
...
006 (407224.000.000) 2026-05-07 18:21:07 Image size of job updated: 41476
	41  -  MemoryUsage of job (MB)
	41252  -  ResidentSetSize of job (KB)
...
006 (407224.000.000) 2026-05-07 18:26:08 Image size of job updated: 495576
	198  -  MemoryUsage of job (MB)
	202000  -  ResidentSetSize of job (KB)
...
006 (407224.000.000) 2026-05-07 18:31:09 Image size of job updated: 495576
	198  -  MemoryUsage of job (MB)
	202024  -  ResidentSetSize of job (KB)
...
006 (407224.000.000) 2026-05-07 18:36:09 Image size of job updated: 496088
	198  -  MemoryUsage of job (MB)
	202024  -  ResidentSetSize of job (KB)
...
006 (407224.000.000) 2026-05-07 18:46:10 Image size of job updated: 496088
	198  -  MemoryUsage of job (MB)
	202044  -  ResidentSetSize of job (KB)
...
006 (407224.000.000) 2026-05-07 18:56:10 Image size of job updated: 496088
	198  -  MemoryUsage of job (MB)
	202064  -  ResidentSetSize of job (KB)
...
005 (407224.000.000) 2026-05-08 12:50:40 Job terminated.
	(1) Normal termination (return value 139)
		Usr 0 17:54:45, Sys 0 00:24:36  -  Run Remote Usage
		Usr 0 00:00:00, Sys 0 00:00:00  -  Run Local Usage
		Usr 0 17:54:45, Sys 0 00:24:36  -  Total Remote Usage
		Usr 0 00:00:00, Sys 0 00:00:00  -  Total Local Usage
	0  -  Run Bytes Sent By Job
	0  -  Run Bytes Received By Job
	0  -  Total Bytes Sent By Job
	0  -  Total Bytes Received By Job
	Partitionable Resources :    Usage  Request Allocated 
	   Cpus                 :     0.99        1         1 
	   Disk (KB)            :     1           1     22134 
	   Memory (MB)          :   198        1024      1024 

	Job terminated of its own accord at 2026-05-08T10:50:40Z with exit-code 139.
...
