000 (407363.000.000) 2026-05-07 18:20:41 Job submitted from host: <192.168.250.101:9618?addrs=192.168.250.101-9618&alias=hercules.hcms.it&noUDP&sock=schedd_3404051_6d7b>
...
001 (407363.000.000) 2026-05-07 18:21:02 Job executing on host: <192.168.250.102:9618?addrs=192.168.250.102-9618&alias=empire.hcms.it&noUDP&sock=startd_2716409_3615>
	SlotName: slot109_1@empire.hcms.it
	CondorScratchDir = "/var/lib/condor/execute/dir_3296452"
	Cpus = 1
	Disk = 22792
	Memory = 1024
...
006 (407363.000.000) 2026-05-07 18:21:10 Image size of job updated: 52964
	52  -  MemoryUsage of job (MB)
	52836  -  ResidentSetSize of job (KB)
...
006 (407363.000.000) 2026-05-07 18:26:10 Image size of job updated: 53068
	52  -  MemoryUsage of job (MB)
	53008  -  ResidentSetSize of job (KB)
...
006 (407363.000.000) 2026-05-07 19:01:13 Image size of job updated: 354116
	52  -  MemoryUsage of job (MB)
	53008  -  ResidentSetSize of job (KB)
...
006 (407363.000.000) 2026-05-07 19:06:13 Image size of job updated: 356776
	52  -  MemoryUsage of job (MB)
	53008  -  ResidentSetSize of job (KB)
...
006 (407363.000.000) 2026-05-07 19:11:14 Image size of job updated: 356776
	52  -  MemoryUsage of job (MB)
	53088  -  ResidentSetSize of job (KB)
...
006 (407363.000.000) 2026-05-07 19:46:18 Image size of job updated: 360296
	52  -  MemoryUsage of job (MB)
	53088  -  ResidentSetSize of job (KB)
...
006 (407363.000.000) 2026-05-07 20:36:24 Image size of job updated: 360296
	52  -  MemoryUsage of job (MB)
	53184  -  ResidentSetSize of job (KB)
...
006 (407363.000.000) 2026-05-07 22:01:32 Image size of job updated: 360296
	53  -  MemoryUsage of job (MB)
	53736  -  ResidentSetSize of job (KB)
...
006 (407363.000.000) 2026-05-08 03:02:03 Image size of job updated: 367116
	53  -  MemoryUsage of job (MB)
	53736  -  ResidentSetSize of job (KB)
...
006 (407363.000.000) 2026-05-08 03:47:09 Image size of job updated: 367116
	53  -  MemoryUsage of job (MB)
	53752  -  ResidentSetSize of job (KB)
...
006 (407363.000.000) 2026-05-08 04:57:16 Image size of job updated: 367116
	53  -  MemoryUsage of job (MB)
	53784  -  ResidentSetSize of job (KB)
...
006 (407363.000.000) 2026-05-08 06:32:26 Image size of job updated: 367116
	53  -  MemoryUsage of job (MB)
	54132  -  ResidentSetSize of job (KB)
...
006 (407363.000.000) 2026-05-08 07:57:34 Image size of job updated: 368096
	56  -  MemoryUsage of job (MB)
	56664  -  ResidentSetSize of job (KB)
...
006 (407363.000.000) 2026-05-08 08:22:37 Image size of job updated: 368096
	245  -  MemoryUsage of job (MB)
	249920  -  ResidentSetSize of job (KB)
...
006 (407363.000.000) 2026-05-08 11:07:55 Image size of job updated: 368216
	245  -  MemoryUsage of job (MB)
	249920  -  ResidentSetSize of job (KB)
...
006 (407363.000.000) 2026-05-08 17:18:34 Image size of job updated: 368216
	348  -  MemoryUsage of job (MB)
	355648  -  ResidentSetSize of job (KB)
...
006 (407363.000.000) 2026-05-08 17:23:34 Image size of job updated: 368216
	348  -  MemoryUsage of job (MB)
	355660  -  ResidentSetSize of job (KB)
...
005 (407363.000.000) 2026-05-09 07:10:31 Job terminated.
	(1) Normal termination (return value 139)
		Usr 1 11:14:11, Sys 0 01:17:02  -  Run Remote Usage
		Usr 0 00:00:00, Sys 0 00:00:00  -  Run Local Usage
		Usr 1 11:14:11, Sys 0 01:17:02  -  Total Remote Usage
		Usr 0 00:00:00, Sys 0 00:00:00  -  Total Local Usage
	0  -  Run Bytes Sent By Job
	0  -  Run Bytes Received By Job
	0  -  Total Bytes Sent By Job
	0  -  Total Bytes Received By Job
	Partitionable Resources :    Usage  Request Allocated 
	   Cpus                 :     0.99        1         1 
	   Disk (KB)            :     1           1     22792 
	   Memory (MB)          :   348        1024      1024 

	Job terminated of its own accord at 2026-05-09T05:10:31Z with exit-code 139.
...
