000 (407311.000.000) 2026-05-07 18:20:40 Job submitted from host: <192.168.250.101:9618?addrs=192.168.250.101-9618&alias=hercules.hcms.it&noUDP&sock=schedd_3404051_6d7b>
...
001 (407311.000.000) 2026-05-07 18:21:01 Job executing on host: <192.168.250.102:9618?addrs=192.168.250.102-9618&alias=empire.hcms.it&noUDP&sock=startd_2716409_3615>
	SlotName: slot57_1@empire.hcms.it
	CondorScratchDir = "/var/lib/condor/execute/dir_3296220"
	Cpus = 1
	Disk = 22792
	Memory = 1024
...
006 (407311.000.000) 2026-05-07 18:21:09 Image size of job updated: 54724
	52  -  MemoryUsage of job (MB)
	52808  -  ResidentSetSize of job (KB)
...
006 (407311.000.000) 2026-05-07 19:21:15 Image size of job updated: 355196
	54  -  MemoryUsage of job (MB)
	54980  -  ResidentSetSize of job (KB)
...
006 (407311.000.000) 2026-05-07 20:01:19 Image size of job updated: 359164
	54  -  MemoryUsage of job (MB)
	54980  -  ResidentSetSize of job (KB)
...
006 (407311.000.000) 2026-05-07 21:56:30 Image size of job updated: 359164
	232  -  MemoryUsage of job (MB)
	236944  -  ResidentSetSize of job (KB)
...
006 (407311.000.000) 2026-05-07 22:01:30 Image size of job updated: 359164
	232  -  MemoryUsage of job (MB)
	236948  -  ResidentSetSize of job (KB)
...
006 (407311.000.000) 2026-05-07 23:56:42 Image size of job updated: 360240
	232  -  MemoryUsage of job (MB)
	236948  -  ResidentSetSize of job (KB)
...
006 (407311.000.000) 2026-05-08 01:06:51 Image size of job updated: 361696
	232  -  MemoryUsage of job (MB)
	236948  -  ResidentSetSize of job (KB)
...
006 (407311.000.000) 2026-05-08 01:56:56 Image size of job updated: 364176
	232  -  MemoryUsage of job (MB)
	236948  -  ResidentSetSize of job (KB)
...
006 (407311.000.000) 2026-05-08 03:27:06 Image size of job updated: 365652
	232  -  MemoryUsage of job (MB)
	236948  -  ResidentSetSize of job (KB)
...
006 (407311.000.000) 2026-05-08 15:08:20 Image size of job updated: 663612
	354  -  MemoryUsage of job (MB)
	361860  -  ResidentSetSize of job (KB)
...
006 (407311.000.000) 2026-05-08 15:48:24 Image size of job updated: 665400
	354  -  MemoryUsage of job (MB)
	361860  -  ResidentSetSize of job (KB)
...
006 (407311.000.000) 2026-05-08 17:03:31 Image size of job updated: 667532
	354  -  MemoryUsage of job (MB)
	361860  -  ResidentSetSize of job (KB)
...
006 (407311.000.000) 2026-05-08 18:38:41 Image size of job updated: 671644
	354  -  MemoryUsage of job (MB)
	361860  -  ResidentSetSize of job (KB)
...
006 (407311.000.000) 2026-05-08 18:48:42 Image size of job updated: 671644
	354  -  MemoryUsage of job (MB)
	362056  -  ResidentSetSize of job (KB)
...
005 (407311.000.000) 2026-05-08 19:47:48 Job terminated.
	(1) Normal termination (return value 139)
		Usr 1 01:00:47, Sys 0 00:13:29  -  Run Remote Usage
		Usr 0 00:00:00, Sys 0 00:00:00  -  Run Local Usage
		Usr 1 01:00:47, Sys 0 00:13:29  -  Total Remote Usage
		Usr 0 00:00:00, Sys 0 00:00:00  -  Total Local Usage
	0  -  Run Bytes Sent By Job
	0  -  Run Bytes Received By Job
	0  -  Total Bytes Sent By Job
	0  -  Total Bytes Received By Job
	Partitionable Resources :    Usage  Request Allocated 
	   Cpus                 :     0.99        1         1 
	   Disk (KB)            :     1           1     22792 
	   Memory (MB)          :   354        1024      1024 

	Job terminated of its own accord at 2026-05-08T17:47:48Z with exit-code 139.
...
