000 (407110.000.000) 2026-05-07 18:20:36 Job submitted from host: <192.168.250.101:9618?addrs=192.168.250.101-9618&alias=hercules.hcms.it&noUDP&sock=schedd_3404051_6d7b>
...
001 (407110.000.000) 2026-05-07 18:20:56 Job executing on host: <192.168.250.21:9618?addrs=192.168.250.21-9618&alias=pccms11.hcms.it&noUDP&sock=startd_3845377_5b11>
	SlotName: slot12_1@pccms11.hcms.it
	CondorScratchDir = "/var/lib/condor/execute/dir_1464784"
	Cpus = 1
	Disk = 7762
	Memory = 1024
...
006 (407110.000.000) 2026-05-07 18:21:05 Image size of job updated: 55448
	55  -  MemoryUsage of job (MB)
	55316  -  ResidentSetSize of job (KB)
...
006 (407110.000.000) 2026-05-07 18:26:06 Image size of job updated: 55740
	55  -  MemoryUsage of job (MB)
	55316  -  ResidentSetSize of job (KB)
...
006 (407110.000.000) 2026-05-07 22:06:30 Image size of job updated: 55740
	55  -  MemoryUsage of job (MB)
	55352  -  ResidentSetSize of job (KB)
...
006 (407110.000.000) 2026-05-07 23:31:40 Image size of job updated: 57400
	55  -  MemoryUsage of job (MB)
	55352  -  ResidentSetSize of job (KB)
...
006 (407110.000.000) 2026-05-08 02:11:55 Image size of job updated: 357240
	59  -  MemoryUsage of job (MB)
	59760  -  ResidentSetSize of job (KB)
...
006 (407110.000.000) 2026-05-08 06:37:22 Image size of job updated: 359056
	60  -  MemoryUsage of job (MB)
	61028  -  ResidentSetSize of job (KB)
...
006 (407110.000.000) 2026-05-08 06:42:23 Image size of job updated: 359540
	61  -  MemoryUsage of job (MB)
	61472  -  ResidentSetSize of job (KB)
...
006 (407110.000.000) 2026-05-08 08:07:31 Image size of job updated: 362928
	61  -  MemoryUsage of job (MB)
	61904  -  ResidentSetSize of job (KB)
...
006 (407110.000.000) 2026-05-08 08:42:35 Image size of job updated: 362928
	61  -  MemoryUsage of job (MB)
	62308  -  ResidentSetSize of job (KB)
...
006 (407110.000.000) 2026-05-08 09:52:43 Image size of job updated: 362928
	62  -  MemoryUsage of job (MB)
	62908  -  ResidentSetSize of job (KB)
...
006 (407110.000.000) 2026-05-08 11:27:52 Image size of job updated: 362928
	62  -  MemoryUsage of job (MB)
	63372  -  ResidentSetSize of job (KB)
...
006 (407110.000.000) 2026-05-08 11:47:54 Image size of job updated: 362928
	62  -  MemoryUsage of job (MB)
	63416  -  ResidentSetSize of job (KB)
...
006 (407110.000.000) 2026-05-08 11:52:54 Image size of job updated: 362928
	62  -  MemoryUsage of job (MB)
	63472  -  ResidentSetSize of job (KB)
...
006 (407110.000.000) 2026-05-08 12:12:55 Image size of job updated: 365024
	62  -  MemoryUsage of job (MB)
	63472  -  ResidentSetSize of job (KB)
...
006 (407110.000.000) 2026-05-08 13:18:04 Image size of job updated: 365024
	65  -  MemoryUsage of job (MB)
	65780  -  ResidentSetSize of job (KB)
...
006 (407110.000.000) 2026-05-08 13:23:04 Image size of job updated: 663192
	359  -  MemoryUsage of job (MB)
	367500  -  ResidentSetSize of job (KB)
...
006 (407110.000.000) 2026-05-08 13:28:05 Image size of job updated: 664988
	361  -  MemoryUsage of job (MB)
	368764  -  ResidentSetSize of job (KB)
...
006 (407110.000.000) 2026-05-08 14:38:12 Image size of job updated: 669164
	361  -  MemoryUsage of job (MB)
	368768  -  ResidentSetSize of job (KB)
...
006 (407110.000.000) 2026-05-08 15:33:18 Image size of job updated: 669164
	362  -  MemoryUsage of job (MB)
	369716  -  ResidentSetSize of job (KB)
...
