000 (407119.000.000) 2026-05-07 18:20:36 Job submitted from host: <192.168.250.101:9618?addrs=192.168.250.101-9618&alias=hercules.hcms.it&noUDP&sock=schedd_3404051_6d7b>
...
001 (407119.000.000) 2026-05-07 18:20:56 Job executing on host: <192.168.250.21:9618?addrs=192.168.250.21-9618&alias=pccms11.hcms.it&noUDP&sock=startd_3845377_5b11>
	SlotName: slot21_1@pccms11.hcms.it
	CondorScratchDir = "/var/lib/condor/execute/dir_1464793"
	Cpus = 1
	Disk = 7762
	Memory = 1024
...
006 (407119.000.000) 2026-05-07 18:21:05 Image size of job updated: 57540
	55  -  MemoryUsage of job (MB)
	55412  -  ResidentSetSize of job (KB)
...
006 (407119.000.000) 2026-05-07 18:36:06 Image size of job updated: 348192
	55  -  MemoryUsage of job (MB)
	55412  -  ResidentSetSize of job (KB)
...
006 (407119.000.000) 2026-05-07 20:06:17 Image size of job updated: 349324
	55  -  MemoryUsage of job (MB)
	55412  -  ResidentSetSize of job (KB)
...
006 (407119.000.000) 2026-05-07 20:26:19 Image size of job updated: 349324
	56  -  MemoryUsage of job (MB)
	56428  -  ResidentSetSize of job (KB)
...
006 (407119.000.000) 2026-05-07 21:11:23 Image size of job updated: 352252
	56  -  MemoryUsage of job (MB)
	56428  -  ResidentSetSize of job (KB)
...
006 (407119.000.000) 2026-05-07 21:36:27 Image size of job updated: 352252
	57  -  MemoryUsage of job (MB)
	58240  -  ResidentSetSize of job (KB)
...
006 (407119.000.000) 2026-05-08 03:52:08 Image size of job updated: 353012
	57  -  MemoryUsage of job (MB)
	58240  -  ResidentSetSize of job (KB)
...
006 (407119.000.000) 2026-05-08 04:12:10 Image size of job updated: 353012
	57  -  MemoryUsage of job (MB)
	58256  -  ResidentSetSize of job (KB)
...
006 (407119.000.000) 2026-05-08 07:22:30 Image size of job updated: 353012
	58  -  MemoryUsage of job (MB)
	58468  -  ResidentSetSize of job (KB)
...
006 (407119.000.000) 2026-05-08 07:42:33 Image size of job updated: 353012
	58  -  MemoryUsage of job (MB)
	58524  -  ResidentSetSize of job (KB)
...
006 (407119.000.000) 2026-05-08 07:47:33 Image size of job updated: 353012
	58  -  MemoryUsage of job (MB)
	58596  -  ResidentSetSize of job (KB)
...
006 (407119.000.000) 2026-05-08 07:52:33 Image size of job updated: 353012
	58  -  MemoryUsage of job (MB)
	58608  -  ResidentSetSize of job (KB)
...
006 (407119.000.000) 2026-05-08 08:02:35 Image size of job updated: 353012
	58  -  MemoryUsage of job (MB)
	58756  -  ResidentSetSize of job (KB)
...
006 (407119.000.000) 2026-05-08 09:27:44 Image size of job updated: 353012
	59  -  MemoryUsage of job (MB)
	59668  -  ResidentSetSize of job (KB)
...
006 (407119.000.000) 2026-05-08 10:22:50 Image size of job updated: 353012
	59  -  MemoryUsage of job (MB)
	59708  -  ResidentSetSize of job (KB)
...
006 (407119.000.000) 2026-05-08 12:03:02 Image size of job updated: 353012
	60  -  MemoryUsage of job (MB)
	60524  -  ResidentSetSize of job (KB)
...
006 (407119.000.000) 2026-05-08 12:08:02 Image size of job updated: 353012
	60  -  MemoryUsage of job (MB)
	60636  -  ResidentSetSize of job (KB)
...
006 (407119.000.000) 2026-05-08 12:48:08 Image size of job updated: 353012
	60  -  MemoryUsage of job (MB)
	60848  -  ResidentSetSize of job (KB)
...
006 (407119.000.000) 2026-05-08 13:13:11 Image size of job updated: 353012
	60  -  MemoryUsage of job (MB)
	61200  -  ResidentSetSize of job (KB)
...
006 (407119.000.000) 2026-05-08 13:28:12 Image size of job updated: 353012
	60  -  MemoryUsage of job (MB)
	61428  -  ResidentSetSize of job (KB)
...
006 (407119.000.000) 2026-05-08 17:58:41 Image size of job updated: 353012
	60  -  MemoryUsage of job (MB)
	61432  -  ResidentSetSize of job (KB)
...
006 (407119.000.000) 2026-05-08 23:19:12 Image size of job updated: 353012
	62  -  MemoryUsage of job (MB)
	62900  -  ResidentSetSize of job (KB)
...
006 (407119.000.000) 2026-05-08 23:39:14 Image size of job updated: 353012
	62  -  MemoryUsage of job (MB)
	63156  -  ResidentSetSize of job (KB)
...
006 (407119.000.000) 2026-05-09 00:44:21 Image size of job updated: 353012
	63  -  MemoryUsage of job (MB)
	63728  -  ResidentSetSize of job (KB)
...
006 (407119.000.000) 2026-05-09 03:34:39 Image size of job updated: 353012
	63  -  MemoryUsage of job (MB)
	63856  -  ResidentSetSize of job (KB)
...
006 (407119.000.000) 2026-05-09 03:59:42 Image size of job updated: 353012
	63  -  MemoryUsage of job (MB)
	64164  -  ResidentSetSize of job (KB)
...
006 (407119.000.000) 2026-05-09 04:09:42 Image size of job updated: 353012
	63  -  MemoryUsage of job (MB)
	64336  -  ResidentSetSize of job (KB)
...
006 (407119.000.000) 2026-05-09 04:14:43 Image size of job updated: 353012
	63  -  MemoryUsage of job (MB)
	64432  -  ResidentSetSize of job (KB)
...
006 (407119.000.000) 2026-05-09 04:19:44 Image size of job updated: 353012
	64  -  MemoryUsage of job (MB)
	64524  -  ResidentSetSize of job (KB)
...
006 (407119.000.000) 2026-05-09 04:34:45 Image size of job updated: 353012
	64  -  MemoryUsage of job (MB)
	64796  -  ResidentSetSize of job (KB)
...
006 (407119.000.000) 2026-05-09 04:44:46 Image size of job updated: 353012
	74  -  MemoryUsage of job (MB)
	75052  -  ResidentSetSize of job (KB)
...
006 (407119.000.000) 2026-05-09 06:09:56 Image size of job updated: 353012
	75  -  MemoryUsage of job (MB)
	75944  -  ResidentSetSize of job (KB)
...
006 (407119.000.000) 2026-05-09 08:50:12 Image size of job updated: 353012
	77  -  MemoryUsage of job (MB)
	77956  -  ResidentSetSize of job (KB)
...
006 (407119.000.000) 2026-05-09 10:45:24 Image size of job updated: 353012
	79  -  MemoryUsage of job (MB)
	80008  -  ResidentSetSize of job (KB)
...
006 (407119.000.000) 2026-05-09 12:35:37 Image size of job updated: 353012
	79  -  MemoryUsage of job (MB)
	80328  -  ResidentSetSize of job (KB)
...
006 (407119.000.000) 2026-05-09 12:40:37 Image size of job updated: 353012
	79  -  MemoryUsage of job (MB)
	80392  -  ResidentSetSize of job (KB)
...
006 (407119.000.000) 2026-05-09 12:45:37 Image size of job updated: 353012
	79  -  MemoryUsage of job (MB)
	80508  -  ResidentSetSize of job (KB)
...
006 (407119.000.000) 2026-05-09 12:50:37 Image size of job updated: 353012
	79  -  MemoryUsage of job (MB)
	80580  -  ResidentSetSize of job (KB)
...
006 (407119.000.000) 2026-05-09 12:55:38 Image size of job updated: 353012
	79  -  MemoryUsage of job (MB)
	80700  -  ResidentSetSize of job (KB)
...
006 (407119.000.000) 2026-05-09 13:00:38 Image size of job updated: 353012
	79  -  MemoryUsage of job (MB)
	80792  -  ResidentSetSize of job (KB)
...
006 (407119.000.000) 2026-05-09 13:10:39 Image size of job updated: 353012
	80  -  MemoryUsage of job (MB)
	80976  -  ResidentSetSize of job (KB)
...
006 (407119.000.000) 2026-05-09 13:15:41 Image size of job updated: 353012
	80  -  MemoryUsage of job (MB)
	81068  -  ResidentSetSize of job (KB)
...
006 (407119.000.000) 2026-05-09 13:20:41 Image size of job updated: 353012
	80  -  MemoryUsage of job (MB)
	81160  -  ResidentSetSize of job (KB)
...
006 (407119.000.000) 2026-05-09 13:25:41 Image size of job updated: 353012
	80  -  MemoryUsage of job (MB)
	81228  -  ResidentSetSize of job (KB)
...
006 (407119.000.000) 2026-05-09 13:30:41 Image size of job updated: 353012
	80  -  MemoryUsage of job (MB)
	81340  -  ResidentSetSize of job (KB)
...
006 (407119.000.000) 2026-05-09 13:35:42 Image size of job updated: 353012
	82  -  MemoryUsage of job (MB)
	83444  -  ResidentSetSize of job (KB)
...
006 (407119.000.000) 2026-05-09 13:55:44 Image size of job updated: 353012
	84  -  MemoryUsage of job (MB)
	85208  -  ResidentSetSize of job (KB)
...
006 (407119.000.000) 2026-05-09 15:30:53 Image size of job updated: 353012
	86  -  MemoryUsage of job (MB)
	87260  -  ResidentSetSize of job (KB)
...
006 (407119.000.000) 2026-05-09 17:46:06 Image size of job updated: 353012
	88  -  MemoryUsage of job (MB)
	89560  -  ResidentSetSize of job (KB)
...
006 (407119.000.000) 2026-05-09 19:36:19 Image size of job updated: 353012
	90  -  MemoryUsage of job (MB)
	91360  -  ResidentSetSize of job (KB)
...
006 (407119.000.000) 2026-05-09 21:31:30 Image size of job updated: 353012
	92  -  MemoryUsage of job (MB)
	93412  -  ResidentSetSize of job (KB)
...
006 (407119.000.000) 2026-05-09 23:21:42 Image size of job updated: 353012
	94  -  MemoryUsage of job (MB)
	95464  -  ResidentSetSize of job (KB)
...
006 (407119.000.000) 2026-05-10 01:41:57 Image size of job updated: 353012
	96  -  MemoryUsage of job (MB)
	97768  -  ResidentSetSize of job (KB)
...
006 (407119.000.000) 2026-05-10 07:42:33 Image size of job updated: 353012
	96  -  MemoryUsage of job (MB)
	97896  -  ResidentSetSize of job (KB)
...
006 (407119.000.000) 2026-05-10 07:47:33 Image size of job updated: 353012
	98  -  MemoryUsage of job (MB)
	99696  -  ResidentSetSize of job (KB)
...
006 (407119.000.000) 2026-05-10 08:17:36 Image size of job updated: 353012
	100  -  MemoryUsage of job (MB)
	101656  -  ResidentSetSize of job (KB)
...
006 (407119.000.000) 2026-05-10 09:37:44 Image size of job updated: 353012
	102  -  MemoryUsage of job (MB)
	103708  -  ResidentSetSize of job (KB)
...
006 (407119.000.000) 2026-05-10 11:27:56 Image size of job updated: 353012
	104  -  MemoryUsage of job (MB)
	105760  -  ResidentSetSize of job (KB)
...
006 (407119.000.000) 2026-05-10 13:18:07 Image size of job updated: 353012
	106  -  MemoryUsage of job (MB)
	107812  -  ResidentSetSize of job (KB)
...
006 (407119.000.000) 2026-05-10 15:38:20 Image size of job updated: 353012
	108  -  MemoryUsage of job (MB)
	110116  -  ResidentSetSize of job (KB)
...
006 (407119.000.000) 2026-05-10 18:38:38 Image size of job updated: 353012
	110  -  MemoryUsage of job (MB)
	112164  -  ResidentSetSize of job (KB)
...
006 (407119.000.000) 2026-05-10 21:38:56 Image size of job updated: 353012
	112  -  MemoryUsage of job (MB)
	114212  -  ResidentSetSize of job (KB)
...
006 (407119.000.000) 2026-05-11 00:09:13 Image size of job updated: 353012
	114  -  MemoryUsage of job (MB)
	116020  -  ResidentSetSize of job (KB)
...
006 (407119.000.000) 2026-05-11 02:04:25 Image size of job updated: 353012
	116  -  MemoryUsage of job (MB)
	118324  -  ResidentSetSize of job (KB)
...
006 (407119.000.000) 2026-05-11 03:54:36 Image size of job updated: 353012
	118  -  MemoryUsage of job (MB)
	120124  -  ResidentSetSize of job (KB)
...
006 (407119.000.000) 2026-05-11 05:49:48 Image size of job updated: 353012
	120  -  MemoryUsage of job (MB)
	122176  -  ResidentSetSize of job (KB)
...
006 (407119.000.000) 2026-05-11 08:05:00 Image size of job updated: 353012
	122  -  MemoryUsage of job (MB)
	124480  -  ResidentSetSize of job (KB)
...
006 (407119.000.000) 2026-05-11 10:40:14 Image size of job updated: 353012
	124  -  MemoryUsage of job (MB)
	126532  -  ResidentSetSize of job (KB)
...
006 (407119.000.000) 2026-05-11 13:40:32 Image size of job updated: 353012
	126  -  MemoryUsage of job (MB)
	128580  -  ResidentSetSize of job (KB)
...
006 (407119.000.000) 2026-05-11 15:35:45 Image size of job updated: 353012
	128  -  MemoryUsage of job (MB)
	130384  -  ResidentSetSize of job (KB)
...
006 (407119.000.000) 2026-05-11 19:11:06 Image size of job updated: 656916
	359  -  MemoryUsage of job (MB)
	367020  -  ResidentSetSize of job (KB)
...
006 (407119.000.000) 2026-05-11 19:16:06 Image size of job updated: 669040
	359  -  MemoryUsage of job (MB)
	367512  -  ResidentSetSize of job (KB)
...
006 (407119.000.000) 2026-05-11 19:46:10 Image size of job updated: 670540
	359  -  MemoryUsage of job (MB)
	367512  -  ResidentSetSize of job (KB)
...
006 (407119.000.000) 2026-05-11 19:51:10 Image size of job updated: 670540
	360  -  MemoryUsage of job (MB)
	368092  -  ResidentSetSize of job (KB)
...
006 (407119.000.000) 2026-05-11 20:01:12 Image size of job updated: 670540
	360  -  MemoryUsage of job (MB)
	368124  -  ResidentSetSize of job (KB)
...
006 (407119.000.000) 2026-05-11 20:16:13 Image size of job updated: 671852
	360  -  MemoryUsage of job (MB)
	368124  -  ResidentSetSize of job (KB)
...
