000 (407216.000.000) 2026-05-07 18:20:38 Job submitted from host: <192.168.250.101:9618?addrs=192.168.250.101-9618&alias=hercules.hcms.it&noUDP&sock=schedd_3404051_6d7b>
...
001 (407216.000.000) 2026-05-07 18:20:59 Job executing on host: <192.168.250.22:9618?addrs=192.168.250.22-9618&alias=pccms12.hcms.it&noUDP&sock=startd_3275093_f746>
	SlotName: slot24_1@pccms12.hcms.it
	CondorScratchDir = "/var/lib/condor/execute/dir_3815026"
	Cpus = 1
	Disk = 22134
	Memory = 1024
...
006 (407216.000.000) 2026-05-07 18:21:07 Image size of job updated: 39596
	31  -  MemoryUsage of job (MB)
	31740  -  ResidentSetSize of job (KB)
...
006 (407216.000.000) 2026-05-07 18:26:07 Image size of job updated: 39860
	33  -  MemoryUsage of job (MB)
	32808  -  ResidentSetSize of job (KB)
...
006 (407216.000.000) 2026-05-07 18:31:07 Image size of job updated: 324492
	33  -  MemoryUsage of job (MB)
	33416  -  ResidentSetSize of job (KB)
...
006 (407216.000.000) 2026-05-07 18:36:08 Image size of job updated: 324516
	33  -  MemoryUsage of job (MB)
	33416  -  ResidentSetSize of job (KB)
...
006 (407216.000.000) 2026-05-07 18:41:08 Image size of job updated: 325340
	33  -  MemoryUsage of job (MB)
	33416  -  ResidentSetSize of job (KB)
...
006 (407216.000.000) 2026-05-07 18:46:08 Image size of job updated: 326324
	33  -  MemoryUsage of job (MB)
	33416  -  ResidentSetSize of job (KB)
...
006 (407216.000.000) 2026-05-07 18:51:09 Image size of job updated: 327376
	33  -  MemoryUsage of job (MB)
	33416  -  ResidentSetSize of job (KB)
...
006 (407216.000.000) 2026-05-07 18:56:10 Image size of job updated: 331824
	33  -  MemoryUsage of job (MB)
	33416  -  ResidentSetSize of job (KB)
...
006 (407216.000.000) 2026-05-07 19:36:13 Image size of job updated: 331824
	35  -  MemoryUsage of job (MB)
	35372  -  ResidentSetSize of job (KB)
...
006 (407216.000.000) 2026-05-07 19:56:16 Image size of job updated: 331824
	36  -  MemoryUsage of job (MB)
	35860  -  ResidentSetSize of job (KB)
...
006 (407216.000.000) 2026-05-07 20:21:18 Image size of job updated: 331824
	36  -  MemoryUsage of job (MB)
	36152  -  ResidentSetSize of job (KB)
...
006 (407216.000.000) 2026-05-07 21:16:23 Image size of job updated: 331824
	41  -  MemoryUsage of job (MB)
	41624  -  ResidentSetSize of job (KB)
...
006 (407216.000.000) 2026-05-07 21:21:24 Image size of job updated: 331824
	42  -  MemoryUsage of job (MB)
	42392  -  ResidentSetSize of job (KB)
...
006 (407216.000.000) 2026-05-07 22:01:28 Image size of job updated: 331824
	42  -  MemoryUsage of job (MB)
	42932  -  ResidentSetSize of job (KB)
...
006 (407216.000.000) 2026-05-07 23:21:37 Image size of job updated: 333724
	42  -  MemoryUsage of job (MB)
	42932  -  ResidentSetSize of job (KB)
...
006 (407216.000.000) 2026-05-08 01:16:49 Image size of job updated: 333724
	43  -  MemoryUsage of job (MB)
	43204  -  ResidentSetSize of job (KB)
...
006 (407216.000.000) 2026-05-08 01:31:50 Image size of job updated: 334292
	43  -  MemoryUsage of job (MB)
	43204  -  ResidentSetSize of job (KB)
...
006 (407216.000.000) 2026-05-08 01:56:53 Image size of job updated: 334292
	43  -  MemoryUsage of job (MB)
	43212  -  ResidentSetSize of job (KB)
...
006 (407216.000.000) 2026-05-08 03:27:03 Image size of job updated: 334292
	43  -  MemoryUsage of job (MB)
	43816  -  ResidentSetSize of job (KB)
...
006 (407216.000.000) 2026-05-08 05:07:12 Image size of job updated: 335348
	43  -  MemoryUsage of job (MB)
	43816  -  ResidentSetSize of job (KB)
...
006 (407216.000.000) 2026-05-08 07:42:28 Image size of job updated: 337280
	43  -  MemoryUsage of job (MB)
	43816  -  ResidentSetSize of job (KB)
...
006 (407216.000.000) 2026-05-08 08:42:34 Image size of job updated: 337280
	43  -  MemoryUsage of job (MB)
	43880  -  ResidentSetSize of job (KB)
...
006 (407216.000.000) 2026-05-08 09:42:40 Image size of job updated: 337280
	44  -  MemoryUsage of job (MB)
	44320  -  ResidentSetSize of job (KB)
...
006 (407216.000.000) 2026-05-08 11:22:50 Image size of job updated: 337280
	45  -  MemoryUsage of job (MB)
	45072  -  ResidentSetSize of job (KB)
...
006 (407216.000.000) 2026-05-08 11:42:52 Image size of job updated: 337280
	45  -  MemoryUsage of job (MB)
	45184  -  ResidentSetSize of job (KB)
...
006 (407216.000.000) 2026-05-08 13:58:06 Image size of job updated: 340732
	45  -  MemoryUsage of job (MB)
	45184  -  ResidentSetSize of job (KB)
...
006 (407216.000.000) 2026-05-08 14:18:09 Image size of job updated: 340732
	45  -  MemoryUsage of job (MB)
	45740  -  ResidentSetSize of job (KB)
...
006 (407216.000.000) 2026-05-08 17:18:27 Image size of job updated: 340732
	221  -  MemoryUsage of job (MB)
	225640  -  ResidentSetSize of job (KB)
...
005 (407216.000.000) 2026-05-08 18:13:12 Job terminated.
	(1) Normal termination (return value 139)
		Usr 0 21:09:45, Sys 0 02:27:12  -  Run Remote Usage
		Usr 0 00:00:00, Sys 0 00:00:00  -  Run Local Usage
		Usr 0 21:09:45, Sys 0 02:27:12  -  Total Remote Usage
		Usr 0 00:00:00, Sys 0 00:00:00  -  Total Local Usage
	0  -  Run Bytes Sent By Job
	0  -  Run Bytes Received By Job
	0  -  Total Bytes Sent By Job
	0  -  Total Bytes Received By Job
	Partitionable Resources :    Usage  Request Allocated 
	   Cpus                 :     0.98        1         1 
	   Disk (KB)            :     1           1     22134 
	   Memory (MB)          :   221        1024      1024 

	Job terminated of its own accord at 2026-05-08T16:13:12Z with exit-code 139.
...
