000 (407161.000.000) 2026-05-07 18:20:37 Job submitted from host: <192.168.250.101:9618?addrs=192.168.250.101-9618&alias=hercules.hcms.it&noUDP&sock=schedd_3404051_6d7b>
...
001 (407161.000.000) 2026-05-07 18:21:00 Job executing on host: <192.168.250.23:9618?addrs=192.168.250.23-9618&alias=pccms13.hcms.it&noUDP&sock=startd_4182521_18e8>
	SlotName: slot31_1@pccms13.hcms.it
	CondorScratchDir = "/var/lib/condor/execute/dir_537812"
	Cpus = 1
	Disk = 23466
	Memory = 1024
...
006 (407161.000.000) 2026-05-07 18:21:09 Image size of job updated: 36336
	34  -  MemoryUsage of job (MB)
	33856  -  ResidentSetSize of job (KB)
...
006 (407161.000.000) 2026-05-07 18:26:10 Image size of job updated: 334224
	40  -  MemoryUsage of job (MB)
	40400  -  ResidentSetSize of job (KB)
...
006 (407161.000.000) 2026-05-07 18:31:10 Image size of job updated: 334224
	40  -  MemoryUsage of job (MB)
	40436  -  ResidentSetSize of job (KB)
...
006 (407161.000.000) 2026-05-07 18:36:10 Image size of job updated: 334224
	40  -  MemoryUsage of job (MB)
	40464  -  ResidentSetSize of job (KB)
...
006 (407161.000.000) 2026-05-07 18:41:11 Image size of job updated: 334536
	40  -  MemoryUsage of job (MB)
	40488  -  ResidentSetSize of job (KB)
...
006 (407161.000.000) 2026-05-07 18:46:12 Image size of job updated: 334536
	40  -  MemoryUsage of job (MB)
	40556  -  ResidentSetSize of job (KB)
...
006 (407161.000.000) 2026-05-07 18:51:12 Image size of job updated: 335340
	45  -  MemoryUsage of job (MB)
	45660  -  ResidentSetSize of job (KB)
...
006 (407161.000.000) 2026-05-07 19:06:14 Image size of job updated: 540216
	241  -  MemoryUsage of job (MB)
	246168  -  ResidentSetSize of job (KB)
...
006 (407161.000.000) 2026-05-07 19:21:16 Image size of job updated: 540460
	241  -  MemoryUsage of job (MB)
	246180  -  ResidentSetSize of job (KB)
...
006 (407161.000.000) 2026-05-07 19:31:17 Image size of job updated: 541644
	241  -  MemoryUsage of job (MB)
	246200  -  ResidentSetSize of job (KB)
...
006 (407161.000.000) 2026-05-07 19:41:17 Image size of job updated: 542316
	241  -  MemoryUsage of job (MB)
	246440  -  ResidentSetSize of job (KB)
...
006 (407161.000.000) 2026-05-07 19:56:19 Image size of job updated: 542316
	318  -  MemoryUsage of job (MB)
	325096  -  ResidentSetSize of job (KB)
...
006 (407161.000.000) 2026-05-07 20:46:24 Image size of job updated: 543772
	318  -  MemoryUsage of job (MB)
	325096  -  ResidentSetSize of job (KB)
...
006 (407161.000.000) 2026-05-07 21:11:27 Image size of job updated: 546588
	318  -  MemoryUsage of job (MB)
	325096  -  ResidentSetSize of job (KB)
...
006 (407161.000.000) 2026-05-07 21:41:30 Image size of job updated: 546756
	318  -  MemoryUsage of job (MB)
	325096  -  ResidentSetSize of job (KB)
...
005 (407161.000.000) 2026-05-08 22:33:10 Job terminated.
	(1) Normal termination (return value 139)
		Usr 1 03:23:23, Sys 0 00:33:02  -  Run Remote Usage
		Usr 0 00:00:00, Sys 0 00:00:00  -  Run Local Usage
		Usr 1 03:23:23, Sys 0 00:33:02  -  Total Remote Usage
		Usr 0 00:00:00, Sys 0 00:00:00  -  Total Local Usage
	0  -  Run Bytes Sent By Job
	0  -  Run Bytes Received By Job
	0  -  Total Bytes Sent By Job
	0  -  Total Bytes Received By Job
	Partitionable Resources :    Usage  Request Allocated 
	   Cpus                 :     0.99        1         1 
	   Disk (KB)            :     1           1     23466 
	   Memory (MB)          :   318        1024      1024 

	Job terminated of its own accord at 2026-05-08T20:33:10Z with exit-code 139.
...
