000 (407249.000.000) 2026-05-07 18:20:39 Job submitted from host: <192.168.250.101:9618?addrs=192.168.250.101-9618&alias=hercules.hcms.it&noUDP&sock=schedd_3404051_6d7b>
...
001 (407249.000.000) 2026-05-07 18:20:59 Job executing on host: <192.168.250.22:9618?addrs=192.168.250.22-9618&alias=pccms12.hcms.it&noUDP&sock=startd_3275093_f746>
	SlotName: slot57_1@pccms12.hcms.it
	CondorScratchDir = "/var/lib/condor/execute/dir_3815280"
	Cpus = 1
	Disk = 22134
	Memory = 1024
...
006 (407249.000.000) 2026-05-07 18:21:08 Image size of job updated: 36300
	31  -  MemoryUsage of job (MB)
	31084  -  ResidentSetSize of job (KB)
...
006 (407249.000.000) 2026-05-07 18:26:09 Image size of job updated: 36468
	31  -  MemoryUsage of job (MB)
	31084  -  ResidentSetSize of job (KB)
...
006 (407249.000.000) 2026-05-07 18:41:11 Image size of job updated: 323876
	32  -  MemoryUsage of job (MB)
	32156  -  ResidentSetSize of job (KB)
...
006 (407249.000.000) 2026-05-07 18:46:11 Image size of job updated: 325576
	33  -  MemoryUsage of job (MB)
	33624  -  ResidentSetSize of job (KB)
...
006 (407249.000.000) 2026-05-07 18:51:11 Image size of job updated: 325640
	33  -  MemoryUsage of job (MB)
	33624  -  ResidentSetSize of job (KB)
...
006 (407249.000.000) 2026-05-07 19:06:12 Image size of job updated: 325844
	33  -  MemoryUsage of job (MB)
	33624  -  ResidentSetSize of job (KB)
...
006 (407249.000.000) 2026-05-07 19:11:13 Image size of job updated: 326972
	33  -  MemoryUsage of job (MB)
	33624  -  ResidentSetSize of job (KB)
...
006 (407249.000.000) 2026-05-07 19:26:15 Image size of job updated: 326972
	34  -  MemoryUsage of job (MB)
	33944  -  ResidentSetSize of job (KB)
...
006 (407249.000.000) 2026-05-07 19:31:16 Image size of job updated: 328048
	34  -  MemoryUsage of job (MB)
	33944  -  ResidentSetSize of job (KB)
...
006 (407249.000.000) 2026-05-07 19:41:16 Image size of job updated: 330868
	34  -  MemoryUsage of job (MB)
	33944  -  ResidentSetSize of job (KB)
...
006 (407249.000.000) 2026-05-07 19:46:17 Image size of job updated: 330868
	34  -  MemoryUsage of job (MB)
	34260  -  ResidentSetSize of job (KB)
...
006 (407249.000.000) 2026-05-07 20:01:18 Image size of job updated: 330868
	318  -  MemoryUsage of job (MB)
	325516  -  ResidentSetSize of job (KB)
...
006 (407249.000.000) 2026-05-07 21:56:30 Image size of job updated: 335040
	318  -  MemoryUsage of job (MB)
	325516  -  ResidentSetSize of job (KB)
...
006 (407249.000.000) 2026-05-07 23:06:37 Image size of job updated: 335040
	324  -  MemoryUsage of job (MB)
	331716  -  ResidentSetSize of job (KB)
...
006 (407249.000.000) 2026-05-07 23:51:40 Image size of job updated: 337244
	324  -  MemoryUsage of job (MB)
	331716  -  ResidentSetSize of job (KB)
...
005 (407249.000.000) 2026-05-08 12:12:50 Job terminated.
	(1) Normal termination (return value 139)
		Usr 0 17:19:56, Sys 0 00:22:18  -  Run Remote Usage
		Usr 0 00:00:00, Sys 0 00:00:00  -  Run Local Usage
		Usr 0 17:19:56, Sys 0 00:22:18  -  Total Remote Usage
		Usr 0 00:00:00, Sys 0 00:00:00  -  Total Local Usage
	0  -  Run Bytes Sent By Job
	0  -  Run Bytes Received By Job
	0  -  Total Bytes Sent By Job
	0  -  Total Bytes Received By Job
	Partitionable Resources :    Usage  Request Allocated 
	   Cpus                 :     0.98        1         1 
	   Disk (KB)            :     1           1     22134 
	   Memory (MB)          :   324        1024      1024 

	Job terminated of its own accord at 2026-05-08T10:12:50Z with exit-code 139.
...
