000 (407306.000.000) 2026-05-07 18:20:40 Job submitted from host: <192.168.250.101:9618?addrs=192.168.250.101-9618&alias=hercules.hcms.it&noUDP&sock=schedd_3404051_6d7b>
...
001 (407306.000.000) 2026-05-07 18:21:01 Job executing on host: <192.168.250.102:9618?addrs=192.168.250.102-9618&alias=empire.hcms.it&noUDP&sock=startd_2716409_3615>
	SlotName: slot52_1@empire.hcms.it
	CondorScratchDir = "/var/lib/condor/execute/dir_3296215"
	Cpus = 1
	Disk = 22792
	Memory = 1024
...
006 (407306.000.000) 2026-05-07 18:21:10 Image size of job updated: 55492
	55  -  MemoryUsage of job (MB)
	55400  -  ResidentSetSize of job (KB)
...
006 (407306.000.000) 2026-05-07 18:26:11 Image size of job updated: 55500
	55  -  MemoryUsage of job (MB)
	55400  -  ResidentSetSize of job (KB)
...
006 (407306.000.000) 2026-05-07 19:01:14 Image size of job updated: 360148
	56  -  MemoryUsage of job (MB)
	56592  -  ResidentSetSize of job (KB)
...
006 (407306.000.000) 2026-05-07 19:46:19 Image size of job updated: 360748
	57  -  MemoryUsage of job (MB)
	58084  -  ResidentSetSize of job (KB)
...
006 (407306.000.000) 2026-05-07 19:51:19 Image size of job updated: 360748
	57  -  MemoryUsage of job (MB)
	58204  -  ResidentSetSize of job (KB)
...
006 (407306.000.000) 2026-05-07 20:26:23 Image size of job updated: 361916
	60  -  MemoryUsage of job (MB)
	61084  -  ResidentSetSize of job (KB)
...
006 (407306.000.000) 2026-05-07 20:41:24 Image size of job updated: 365296
	60  -  MemoryUsage of job (MB)
	61084  -  ResidentSetSize of job (KB)
...
006 (407306.000.000) 2026-05-08 02:16:59 Image size of job updated: 365920
	60  -  MemoryUsage of job (MB)
	61352  -  ResidentSetSize of job (KB)
...
006 (407306.000.000) 2026-05-08 02:37:01 Image size of job updated: 365920
	223  -  MemoryUsage of job (MB)
	227460  -  ResidentSetSize of job (KB)
...
006 (407306.000.000) 2026-05-08 02:42:02 Image size of job updated: 367224
	223  -  MemoryUsage of job (MB)
	227500  -  ResidentSetSize of job (KB)
...
006 (407306.000.000) 2026-05-08 02:57:03 Image size of job updated: 367332
	223  -  MemoryUsage of job (MB)
	227500  -  ResidentSetSize of job (KB)
...
006 (407306.000.000) 2026-05-08 06:12:22 Image size of job updated: 368156
	223  -  MemoryUsage of job (MB)
	227500  -  ResidentSetSize of job (KB)
...
006 (407306.000.000) 2026-05-08 18:33:41 Image size of job updated: 368424
	223  -  MemoryUsage of job (MB)
	227500  -  ResidentSetSize of job (KB)
...
006 (407306.000.000) 2026-05-08 23:04:08 Image size of job updated: 368812
	223  -  MemoryUsage of job (MB)
	227500  -  ResidentSetSize of job (KB)
...
005 (407306.000.000) 2026-05-09 03:20:11 Job terminated.
	(1) Normal termination (return value 139)
		Usr 1 07:30:29, Sys 0 01:12:28  -  Run Remote Usage
		Usr 0 00:00:00, Sys 0 00:00:00  -  Run Local Usage
		Usr 1 07:30:29, Sys 0 01:12:28  -  Total Remote Usage
		Usr 0 00:00:00, Sys 0 00:00:00  -  Total Local Usage
	0  -  Run Bytes Sent By Job
	0  -  Run Bytes Received By Job
	0  -  Total Bytes Sent By Job
	0  -  Total Bytes Received By Job
	Partitionable Resources :    Usage  Request Allocated 
	   Cpus                 :     0.99        1         1 
	   Disk (KB)            :     1           1     22792 
	   Memory (MB)          :   223        1024      1024 

	Job terminated of its own accord at 2026-05-09T01:20:11Z with exit-code 139.
...
