000 (407174.000.000) 2026-05-07 18:20:37 Job submitted from host: <192.168.250.101:9618?addrs=192.168.250.101-9618&alias=hercules.hcms.it&noUDP&sock=schedd_3404051_6d7b>
...
001 (407174.000.000) 2026-05-07 18:21:00 Job executing on host: <192.168.250.23:9618?addrs=192.168.250.23-9618&alias=pccms13.hcms.it&noUDP&sock=startd_4182521_18e8>
	SlotName: slot44_1@pccms13.hcms.it
	CondorScratchDir = "/var/lib/condor/execute/dir_537896"
	Cpus = 1
	Disk = 23466
	Memory = 1024
...
006 (407174.000.000) 2026-05-07 18:21:08 Image size of job updated: 36276
	36  -  MemoryUsage of job (MB)
	36136  -  ResidentSetSize of job (KB)
...
006 (407174.000.000) 2026-05-07 18:26:08 Image size of job updated: 324604
	36  -  MemoryUsage of job (MB)
	36136  -  ResidentSetSize of job (KB)
...
006 (407174.000.000) 2026-05-07 18:31:09 Image size of job updated: 324840
	36  -  MemoryUsage of job (MB)
	36136  -  ResidentSetSize of job (KB)
...
006 (407174.000.000) 2026-05-07 18:41:10 Image size of job updated: 325372
	36  -  MemoryUsage of job (MB)
	36136  -  ResidentSetSize of job (KB)
...
006 (407174.000.000) 2026-05-07 18:56:11 Image size of job updated: 327872
	36  -  MemoryUsage of job (MB)
	36136  -  ResidentSetSize of job (KB)
...
006 (407174.000.000) 2026-05-07 19:21:14 Image size of job updated: 327872
	309  -  MemoryUsage of job (MB)
	315924  -  ResidentSetSize of job (KB)
...
006 (407174.000.000) 2026-05-07 19:26:15 Image size of job updated: 331128
	309  -  MemoryUsage of job (MB)
	315924  -  ResidentSetSize of job (KB)
...
006 (407174.000.000) 2026-05-08 05:12:15 Image size of job updated: 333528
	309  -  MemoryUsage of job (MB)
	315924  -  ResidentSetSize of job (KB)
...
006 (407174.000.000) 2026-05-08 07:47:30 Image size of job updated: 334352
	309  -  MemoryUsage of job (MB)
	315924  -  ResidentSetSize of job (KB)
...
005 (407174.000.000) 2026-05-08 11:16:19 Job terminated.
	(1) Normal termination (return value 139)
		Usr 0 16:19:14, Sys 0 00:25:45  -  Run Remote Usage
		Usr 0 00:00:00, Sys 0 00:00:00  -  Run Local Usage
		Usr 0 16:19:14, Sys 0 00:25:45  -  Total Remote Usage
		Usr 0 00:00:00, Sys 0 00:00:00  -  Total Local Usage
	0  -  Run Bytes Sent By Job
	0  -  Run Bytes Received By Job
	0  -  Total Bytes Sent By Job
	0  -  Total Bytes Received By Job
	Partitionable Resources :    Usage  Request Allocated 
	   Cpus                 :     0.98        1         1 
	   Disk (KB)            :     1           1     23466 
	   Memory (MB)          :   309        1024      1024 

	Job terminated of its own accord at 2026-05-08T09:16:19Z with exit-code 139.
...
