000 (407267.000.000) 2026-05-07 18:20:39 Job submitted from host: <192.168.250.101:9618?addrs=192.168.250.101-9618&alias=hercules.hcms.it&noUDP&sock=schedd_3404051_6d7b>
...
001 (407267.000.000) 2026-05-07 18:21:01 Job executing on host: <192.168.250.102:9618?addrs=192.168.250.102-9618&alias=empire.hcms.it&noUDP&sock=startd_2716409_3615>
	SlotName: slot13_1@empire.hcms.it
	CondorScratchDir = "/var/lib/condor/execute/dir_3296161"
	Cpus = 1
	Disk = 22792
	Memory = 1024
...
006 (407267.000.000) 2026-05-07 18:21:10 Image size of job updated: 57492
	55  -  MemoryUsage of job (MB)
	55328  -  ResidentSetSize of job (KB)
...
006 (407267.000.000) 2026-05-07 19:01:15 Image size of job updated: 358560
	55  -  MemoryUsage of job (MB)
	55328  -  ResidentSetSize of job (KB)
...
006 (407267.000.000) 2026-05-07 19:06:15 Image size of job updated: 358560
	159  -  MemoryUsage of job (MB)
	162808  -  ResidentSetSize of job (KB)
...
006 (407267.000.000) 2026-05-08 00:31:48 Image size of job updated: 358776
	159  -  MemoryUsage of job (MB)
	162808  -  ResidentSetSize of job (KB)
...
006 (407267.000.000) 2026-05-08 03:12:04 Image size of job updated: 366400
	159  -  MemoryUsage of job (MB)
	162808  -  ResidentSetSize of job (KB)
...
005 (407267.000.000) 2026-05-08 18:08:21 Job terminated.
	(1) Normal termination (return value 139)
		Usr 0 23:21:32, Sys 0 00:14:09  -  Run Remote Usage
		Usr 0 00:00:00, Sys 0 00:00:00  -  Run Local Usage
		Usr 0 23:21:32, Sys 0 00:14:09  -  Total Remote Usage
		Usr 0 00:00:00, Sys 0 00:00:00  -  Total Local Usage
	0  -  Run Bytes Sent By Job
	0  -  Run Bytes Received By Job
	0  -  Total Bytes Sent By Job
	0  -  Total Bytes Received By Job
	Partitionable Resources :    Usage  Request Allocated 
	   Cpus                 :     0.99        1         1 
	   Disk (KB)            :     1           1     22792 
	   Memory (MB)          :   159        1024      1024 

	Job terminated of its own accord at 2026-05-08T16:08:21Z with exit-code 139.
...
