000 (407456.000.000) 2026-05-07 18:20:44 Job submitted from host: <192.168.250.101:9618?addrs=192.168.250.101-9618&alias=hercules.hcms.it&noUDP&sock=schedd_3404051_6d7b>
...
001 (407456.000.000) 2026-05-07 18:21:01 Job executing on host: <192.168.250.103:9618?addrs=192.168.250.103-9618&alias=clipper.hcms.it&noUDP&sock=startd_3676022_e97e>
	SlotName: slot92_1@clipper.hcms.it
	CondorScratchDir = "/var/lib/condor/execute/dir_4193027"
	Cpus = 1
	Disk = 20734
	Memory = 1024
...
006 (407456.000.000) 2026-05-07 18:21:10 Image size of job updated: 57564
	47  -  MemoryUsage of job (MB)
	47732  -  ResidentSetSize of job (KB)
...
006 (407456.000.000) 2026-05-07 18:26:11 Image size of job updated: 57564
	55  -  MemoryUsage of job (MB)
	55500  -  ResidentSetSize of job (KB)
...
006 (407456.000.000) 2026-05-07 19:41:18 Image size of job updated: 358160
	55  -  MemoryUsage of job (MB)
	55500  -  ResidentSetSize of job (KB)
...
006 (407456.000.000) 2026-05-07 19:46:19 Image size of job updated: 362300
	55  -  MemoryUsage of job (MB)
	55500  -  ResidentSetSize of job (KB)
...
006 (407456.000.000) 2026-05-07 20:41:25 Image size of job updated: 362300
	336  -  MemoryUsage of job (MB)
	343520  -  ResidentSetSize of job (KB)
...
006 (407456.000.000) 2026-05-07 20:46:25 Image size of job updated: 362528
	336  -  MemoryUsage of job (MB)
	343520  -  ResidentSetSize of job (KB)
...
006 (407456.000.000) 2026-05-08 05:07:15 Image size of job updated: 364320
	336  -  MemoryUsage of job (MB)
	343520  -  ResidentSetSize of job (KB)
...
006 (407456.000.000) 2026-05-09 10:45:20 Image size of job updated: 364344
	336  -  MemoryUsage of job (MB)
	343520  -  ResidentSetSize of job (KB)
...
006 (407456.000.000) 2026-05-09 13:50:39 Image size of job updated: 365468
	336  -  MemoryUsage of job (MB)
	343520  -  ResidentSetSize of job (KB)
...
006 (407456.000.000) 2026-05-09 18:06:02 Image size of job updated: 365708
	336  -  MemoryUsage of job (MB)
	343520  -  ResidentSetSize of job (KB)
...
005 (407456.000.000) 2026-05-09 19:56:13 Job terminated.
	(1) Normal termination (return value 139)
		Usr 1 23:56:57, Sys 0 01:16:49  -  Run Remote Usage
		Usr 0 00:00:00, Sys 0 00:00:00  -  Run Local Usage
		Usr 1 23:56:57, Sys 0 01:16:49  -  Total Remote Usage
		Usr 0 00:00:00, Sys 0 00:00:00  -  Total Local Usage
	0  -  Run Bytes Sent By Job
	0  -  Run Bytes Received By Job
	0  -  Total Bytes Sent By Job
	0  -  Total Bytes Received By Job
	Partitionable Resources :    Usage  Request Allocated 
	   Cpus                 :     1.43        1         1 
	   Disk (KB)            :     1           1     20734 
	   Memory (MB)          :   336        1024      1024 

	Job terminated of its own accord at 2026-05-09T17:56:13Z with exit-code 139.
...
