000 (407181.000.000) 2026-05-07 18:20:37 Job submitted from host: <192.168.250.101:9618?addrs=192.168.250.101-9618&alias=hercules.hcms.it&noUDP&sock=schedd_3404051_6d7b>
...
001 (407181.000.000) 2026-05-07 18:21:00 Job executing on host: <192.168.250.23:9618?addrs=192.168.250.23-9618&alias=pccms13.hcms.it&noUDP&sock=startd_4182521_18e8>
	SlotName: slot51_1@pccms13.hcms.it
	CondorScratchDir = "/var/lib/condor/execute/dir_538096"
	Cpus = 1
	Disk = 23466
	Memory = 1024
...
006 (407181.000.000) 2026-05-07 18:21:08 Image size of job updated: 36280
	36  -  MemoryUsage of job (MB)
	36028  -  ResidentSetSize of job (KB)
...
006 (407181.000.000) 2026-05-07 18:26:08 Image size of job updated: 36348
	36  -  MemoryUsage of job (MB)
	36028  -  ResidentSetSize of job (KB)
...
006 (407181.000.000) 2026-05-07 18:31:09 Image size of job updated: 324128
	36  -  MemoryUsage of job (MB)
	36028  -  ResidentSetSize of job (KB)
...
006 (407181.000.000) 2026-05-07 18:36:10 Image size of job updated: 325440
	36  -  MemoryUsage of job (MB)
	36028  -  ResidentSetSize of job (KB)
...
006 (407181.000.000) 2026-05-07 18:41:10 Image size of job updated: 325976
	36  -  MemoryUsage of job (MB)
	36028  -  ResidentSetSize of job (KB)
...
006 (407181.000.000) 2026-05-07 19:06:12 Image size of job updated: 326616
	36  -  MemoryUsage of job (MB)
	36028  -  ResidentSetSize of job (KB)
...
006 (407181.000.000) 2026-05-07 19:36:15 Image size of job updated: 327556
	36  -  MemoryUsage of job (MB)
	36028  -  ResidentSetSize of job (KB)
...
006 (407181.000.000) 2026-05-07 20:21:20 Image size of job updated: 329320
	36  -  MemoryUsage of job (MB)
	36028  -  ResidentSetSize of job (KB)
...
006 (407181.000.000) 2026-05-07 20:41:21 Image size of job updated: 329320
	37  -  MemoryUsage of job (MB)
	36960  -  ResidentSetSize of job (KB)
...
006 (407181.000.000) 2026-05-07 20:46:22 Image size of job updated: 331004
	37  -  MemoryUsage of job (MB)
	36960  -  ResidentSetSize of job (KB)
...
006 (407181.000.000) 2026-05-07 21:36:27 Image size of job updated: 331004
	37  -  MemoryUsage of job (MB)
	37572  -  ResidentSetSize of job (KB)
...
006 (407181.000.000) 2026-05-07 22:31:33 Image size of job updated: 333352
	37  -  MemoryUsage of job (MB)
	37572  -  ResidentSetSize of job (KB)
...
006 (407181.000.000) 2026-05-08 00:06:42 Image size of job updated: 333352
	37  -  MemoryUsage of job (MB)
	37576  -  ResidentSetSize of job (KB)
...
006 (407181.000.000) 2026-05-08 01:11:50 Image size of job updated: 333352
	38  -  MemoryUsage of job (MB)
	38168  -  ResidentSetSize of job (KB)
...
006 (407181.000.000) 2026-05-08 02:21:58 Image size of job updated: 333352
	124  -  MemoryUsage of job (MB)
	126524  -  ResidentSetSize of job (KB)
...
006 (407181.000.000) 2026-05-08 08:32:34 Image size of job updated: 333352
	239  -  MemoryUsage of job (MB)
	244116  -  ResidentSetSize of job (KB)
...
006 (407181.000.000) 2026-05-08 08:37:34 Image size of job updated: 334276
	239  -  MemoryUsage of job (MB)
	244116  -  ResidentSetSize of job (KB)
...
006 (407181.000.000) 2026-05-08 09:17:38 Image size of job updated: 334528
	239  -  MemoryUsage of job (MB)
	244116  -  ResidentSetSize of job (KB)
...
006 (407181.000.000) 2026-05-08 11:37:52 Image size of job updated: 337596
	239  -  MemoryUsage of job (MB)
	244116  -  ResidentSetSize of job (KB)
...
006 (407181.000.000) 2026-05-08 13:08:00 Image size of job updated: 338240
	239  -  MemoryUsage of job (MB)
	244116  -  ResidentSetSize of job (KB)
...
006 (407181.000.000) 2026-05-08 13:18:02 Image size of job updated: 339228
	239  -  MemoryUsage of job (MB)
	244116  -  ResidentSetSize of job (KB)
...
006 (407181.000.000) 2026-05-08 13:38:04 Image size of job updated: 339756
	239  -  MemoryUsage of job (MB)
	244116  -  ResidentSetSize of job (KB)
...
006 (407181.000.000) 2026-05-08 14:48:10 Image size of job updated: 340632
	239  -  MemoryUsage of job (MB)
	244116  -  ResidentSetSize of job (KB)
...
005 (407181.000.000) 2026-05-08 19:44:45 Job terminated.
	(1) Normal termination (return value 139)
		Usr 0 22:39:51, Sys 0 02:30:16  -  Run Remote Usage
		Usr 0 00:00:00, Sys 0 00:00:00  -  Run Local Usage
		Usr 0 22:39:51, Sys 0 02:30:16  -  Total Remote Usage
		Usr 0 00:00:00, Sys 0 00:00:00  -  Total Local Usage
	0  -  Run Bytes Sent By Job
	0  -  Run Bytes Received By Job
	0  -  Total Bytes Sent By Job
	0  -  Total Bytes Received By Job
	Partitionable Resources :    Usage  Request Allocated 
	   Cpus                 :     0.93        1         1 
	   Disk (KB)            :     1           1     23466 
	   Memory (MB)          :   239        1024      1024 

	Job terminated of its own accord at 2026-05-08T17:44:45Z with exit-code 139.
...
