000 (407191.000.000) 2026-05-07 18:20:37 Job submitted from host: <192.168.250.101:9618?addrs=192.168.250.101-9618&alias=hercules.hcms.it&noUDP&sock=schedd_3404051_6d7b>
...
001 (407191.000.000) 2026-05-07 18:21:00 Job executing on host: <192.168.250.23:9618?addrs=192.168.250.23-9618&alias=pccms13.hcms.it&noUDP&sock=startd_4182521_18e8>
	SlotName: slot61_1@pccms13.hcms.it
	CondorScratchDir = "/var/lib/condor/execute/dir_538395"
	Cpus = 1
	Disk = 23466
	Memory = 1024
...
006 (407191.000.000) 2026-05-07 18:21:09 Image size of job updated: 36488
	36  -  MemoryUsage of job (MB)
	36156  -  ResidentSetSize of job (KB)
...
006 (407191.000.000) 2026-05-07 18:31:11 Image size of job updated: 325372
	36  -  MemoryUsage of job (MB)
	36156  -  ResidentSetSize of job (KB)
...
006 (407191.000.000) 2026-05-07 18:36:11 Image size of job updated: 325516
	36  -  MemoryUsage of job (MB)
	36156  -  ResidentSetSize of job (KB)
...
006 (407191.000.000) 2026-05-07 18:51:12 Image size of job updated: 325900
	36  -  MemoryUsage of job (MB)
	36156  -  ResidentSetSize of job (KB)
...
006 (407191.000.000) 2026-05-07 19:11:14 Image size of job updated: 329976
	36  -  MemoryUsage of job (MB)
	36156  -  ResidentSetSize of job (KB)
...
006 (407191.000.000) 2026-05-07 20:11:21 Image size of job updated: 332484
	36  -  MemoryUsage of job (MB)
	36156  -  ResidentSetSize of job (KB)
...
006 (407191.000.000) 2026-05-07 22:26:34 Image size of job updated: 332484
	39  -  MemoryUsage of job (MB)
	39824  -  ResidentSetSize of job (KB)
...
006 (407191.000.000) 2026-05-08 01:26:52 Image size of job updated: 332484
	52  -  MemoryUsage of job (MB)
	52592  -  ResidentSetSize of job (KB)
...
006 (407191.000.000) 2026-05-08 01:31:52 Image size of job updated: 332484
	52  -  MemoryUsage of job (MB)
	52908  -  ResidentSetSize of job (KB)
...
006 (407191.000.000) 2026-05-08 06:37:23 Image size of job updated: 334292
	52  -  MemoryUsage of job (MB)
	52908  -  ResidentSetSize of job (KB)
...
005 (407191.000.000) 2026-05-08 08:47:27 Job terminated.
	(1) Normal termination (return value 139)
		Usr 0 13:56:56, Sys 0 00:22:20  -  Run Remote Usage
		Usr 0 00:00:00, Sys 0 00:00:00  -  Run Local Usage
		Usr 0 13:56:56, Sys 0 00:22:20  -  Total Remote Usage
		Usr 0 00:00:00, Sys 0 00:00:00  -  Total Local Usage
	0  -  Run Bytes Sent By Job
	0  -  Run Bytes Received By Job
	0  -  Total Bytes Sent By Job
	0  -  Total Bytes Received By Job
	Partitionable Resources :    Usage  Request Allocated 
	   Cpus                 :     0.99        1         1 
	   Disk (KB)            :     1           1     23466 
	   Memory (MB)          :    52        1024      1024 

	Job terminated of its own accord at 2026-05-08T06:47:27Z with exit-code 139.
...
