000 (407237.000.000) 2026-05-07 18:20:38 Job submitted from host: <192.168.250.101:9618?addrs=192.168.250.101-9618&alias=hercules.hcms.it&noUDP&sock=schedd_3404051_6d7b>
...
001 (407237.000.000) 2026-05-07 18:20:59 Job executing on host: <192.168.250.22:9618?addrs=192.168.250.22-9618&alias=pccms12.hcms.it&noUDP&sock=startd_3275093_f746>
	SlotName: slot45_1@pccms12.hcms.it
	CondorScratchDir = "/var/lib/condor/execute/dir_3815088"
	Cpus = 1
	Disk = 22134
	Memory = 1024
...
006 (407237.000.000) 2026-05-07 18:21:08 Image size of job updated: 38992
	38  -  MemoryUsage of job (MB)
	38804  -  ResidentSetSize of job (KB)
...
006 (407237.000.000) 2026-05-07 18:26:09 Image size of job updated: 325668
	38  -  MemoryUsage of job (MB)
	38804  -  ResidentSetSize of job (KB)
...
006 (407237.000.000) 2026-05-07 18:51:11 Image size of job updated: 327660
	38  -  MemoryUsage of job (MB)
	38804  -  ResidentSetSize of job (KB)
...
006 (407237.000.000) 2026-05-07 19:06:13 Image size of job updated: 327660
	39  -  MemoryUsage of job (MB)
	39296  -  ResidentSetSize of job (KB)
...
006 (407237.000.000) 2026-05-07 20:01:18 Image size of job updated: 329840
	39  -  MemoryUsage of job (MB)
	39296  -  ResidentSetSize of job (KB)
...
006 (407237.000.000) 2026-05-07 21:01:25 Image size of job updated: 330408
	39  -  MemoryUsage of job (MB)
	39296  -  ResidentSetSize of job (KB)
...
006 (407237.000.000) 2026-05-07 21:16:27 Image size of job updated: 330720
	39  -  MemoryUsage of job (MB)
	39296  -  ResidentSetSize of job (KB)
...
006 (407237.000.000) 2026-05-07 21:21:27 Image size of job updated: 336280
	44  -  MemoryUsage of job (MB)
	44360  -  ResidentSetSize of job (KB)
...
006 (407237.000.000) 2026-05-08 01:06:49 Image size of job updated: 336280
	49  -  MemoryUsage of job (MB)
	49584  -  ResidentSetSize of job (KB)
...
006 (407237.000.000) 2026-05-08 02:31:58 Image size of job updated: 341968
	49  -  MemoryUsage of job (MB)
	49584  -  ResidentSetSize of job (KB)
...
006 (407237.000.000) 2026-05-08 05:02:14 Image size of job updated: 341968
	49  -  MemoryUsage of job (MB)
	49640  -  ResidentSetSize of job (KB)
...
006 (407237.000.000) 2026-05-08 06:52:24 Image size of job updated: 341968
	49  -  MemoryUsage of job (MB)
	49740  -  ResidentSetSize of job (KB)
...
006 (407237.000.000) 2026-05-08 09:07:38 Image size of job updated: 341968
	120  -  MemoryUsage of job (MB)
	122148  -  ResidentSetSize of job (KB)
...
006 (407237.000.000) 2026-05-08 10:17:46 Image size of job updated: 341968
	121  -  MemoryUsage of job (MB)
	123536  -  ResidentSetSize of job (KB)
...
005 (407237.000.000) 2026-05-08 13:30:19 Job terminated.
	(1) Normal termination (return value 139)
		Usr 0 18:34:32, Sys 0 00:24:18  -  Run Remote Usage
		Usr 0 00:00:00, Sys 0 00:00:00  -  Run Local Usage
		Usr 0 18:34:32, Sys 0 00:24:18  -  Total Remote Usage
		Usr 0 00:00:00, Sys 0 00:00:00  -  Total Local Usage
	0  -  Run Bytes Sent By Job
	0  -  Run Bytes Received By Job
	0  -  Total Bytes Sent By Job
	0  -  Total Bytes Received By Job
	Partitionable Resources :    Usage  Request Allocated 
	   Cpus                 :     0.99        1         1 
	   Disk (KB)            :     1           1     22134 
	   Memory (MB)          :   121        1024      1024 

	Job terminated of its own accord at 2026-05-08T11:30:19Z with exit-code 139.
...
