000 (407150.000.000) 2026-05-07 18:20:36 Job submitted from host: <192.168.250.101:9618?addrs=192.168.250.101-9618&alias=hercules.hcms.it&noUDP&sock=schedd_3404051_6d7b>
...
001 (407150.000.000) 2026-05-07 18:20:59 Job executing on host: <192.168.250.23:9618?addrs=192.168.250.23-9618&alias=pccms13.hcms.it&noUDP&sock=startd_4182521_18e8>
	SlotName: slot20_1@pccms13.hcms.it
	CondorScratchDir = "/var/lib/condor/execute/dir_537785"
	Cpus = 1
	Disk = 23466
	Memory = 1024
...
006 (407150.000.000) 2026-05-07 18:21:07 Image size of job updated: 49280
	46  -  MemoryUsage of job (MB)
	47100  -  ResidentSetSize of job (KB)
...
006 (407150.000.000) 2026-05-07 18:51:10 Image size of job updated: 332608
	46  -  MemoryUsage of job (MB)
	47100  -  ResidentSetSize of job (KB)
...
006 (407150.000.000) 2026-05-07 19:11:12 Image size of job updated: 334216
	46  -  MemoryUsage of job (MB)
	47100  -  ResidentSetSize of job (KB)
...
006 (407150.000.000) 2026-05-07 19:46:16 Image size of job updated: 334440
	46  -  MemoryUsage of job (MB)
	47100  -  ResidentSetSize of job (KB)
...
006 (407150.000.000) 2026-05-07 20:06:17 Image size of job updated: 334440
	48  -  MemoryUsage of job (MB)
	48268  -  ResidentSetSize of job (KB)
...
006 (407150.000.000) 2026-05-07 20:36:21 Image size of job updated: 334748
	48  -  MemoryUsage of job (MB)
	48268  -  ResidentSetSize of job (KB)
...
006 (407150.000.000) 2026-05-07 23:31:39 Image size of job updated: 335332
	48  -  MemoryUsage of job (MB)
	48292  -  ResidentSetSize of job (KB)
...
006 (407150.000.000) 2026-05-07 23:36:40 Image size of job updated: 335332
	48  -  MemoryUsage of job (MB)
	48420  -  ResidentSetSize of job (KB)
...
006 (407150.000.000) 2026-05-07 23:41:40 Image size of job updated: 335332
	48  -  MemoryUsage of job (MB)
	48452  -  ResidentSetSize of job (KB)
...
006 (407150.000.000) 2026-05-08 02:16:56 Image size of job updated: 335332
	48  -  MemoryUsage of job (MB)
	48484  -  ResidentSetSize of job (KB)
...
006 (407150.000.000) 2026-05-08 04:02:07 Image size of job updated: 336420
	50  -  MemoryUsage of job (MB)
	50484  -  ResidentSetSize of job (KB)
...
006 (407150.000.000) 2026-05-08 05:02:13 Image size of job updated: 341332
	50  -  MemoryUsage of job (MB)
	51064  -  ResidentSetSize of job (KB)
...
006 (407150.000.000) 2026-05-08 07:47:30 Image size of job updated: 341332
	51  -  MemoryUsage of job (MB)
	51220  -  ResidentSetSize of job (KB)
...
006 (407150.000.000) 2026-05-08 07:52:30 Image size of job updated: 341332
	51  -  MemoryUsage of job (MB)
	51288  -  ResidentSetSize of job (KB)
...
006 (407150.000.000) 2026-05-08 07:57:31 Image size of job updated: 341332
	51  -  MemoryUsage of job (MB)
	52188  -  ResidentSetSize of job (KB)
...
006 (407150.000.000) 2026-05-08 08:12:33 Image size of job updated: 341332
	52  -  MemoryUsage of job (MB)
	52300  -  ResidentSetSize of job (KB)
...
006 (407150.000.000) 2026-05-08 08:27:34 Image size of job updated: 341332
	52  -  MemoryUsage of job (MB)
	52368  -  ResidentSetSize of job (KB)
...
006 (407150.000.000) 2026-05-08 09:52:44 Image size of job updated: 341332
	52  -  MemoryUsage of job (MB)
	52380  -  ResidentSetSize of job (KB)
...
006 (407150.000.000) 2026-05-08 09:57:44 Image size of job updated: 341332
	53  -  MemoryUsage of job (MB)
	53368  -  ResidentSetSize of job (KB)
...
006 (407150.000.000) 2026-05-08 10:02:44 Image size of job updated: 341332
	53  -  MemoryUsage of job (MB)
	53552  -  ResidentSetSize of job (KB)
...
006 (407150.000.000) 2026-05-08 16:18:24 Image size of job updated: 349316
	53  -  MemoryUsage of job (MB)
	53900  -  ResidentSetSize of job (KB)
...
006 (407150.000.000) 2026-05-08 16:58:28 Image size of job updated: 350428
	53  -  MemoryUsage of job (MB)
	53900  -  ResidentSetSize of job (KB)
...
006 (407150.000.000) 2026-05-08 18:03:35 Image size of job updated: 356084
	53  -  MemoryUsage of job (MB)
	53900  -  ResidentSetSize of job (KB)
...
006 (407150.000.000) 2026-05-09 00:04:13 Image size of job updated: 356084
	54  -  MemoryUsage of job (MB)
	54276  -  ResidentSetSize of job (KB)
...
005 (407150.000.000) 2026-05-09 09:33:30 Job terminated.
	(1) Normal termination (return value 139)
		Usr 1 14:00:11, Sys 0 00:50:05  -  Run Remote Usage
		Usr 0 00:00:00, Sys 0 00:00:00  -  Run Local Usage
		Usr 1 14:00:11, Sys 0 00:50:05  -  Total Remote Usage
		Usr 0 00:00:00, Sys 0 00:00:00  -  Total Local Usage
	0  -  Run Bytes Sent By Job
	0  -  Run Bytes Received By Job
	0  -  Total Bytes Sent By Job
	0  -  Total Bytes Received By Job
	Partitionable Resources :    Usage  Request Allocated 
	   Cpus                 :     0.99        1         1 
	   Disk (KB)            :     1           1     23466 
	   Memory (MB)          :    54        1024      1024 

	Job terminated of its own accord at 2026-05-09T07:33:30Z with exit-code 139.
...
