000 (407235.000.000) 2026-05-07 18:20:38 Job submitted from host: <192.168.250.101:9618?addrs=192.168.250.101-9618&alias=hercules.hcms.it&noUDP&sock=schedd_3404051_6d7b>
...
001 (407235.000.000) 2026-05-07 18:21:00 Job executing on host: <192.168.250.22:9618?addrs=192.168.250.22-9618&alias=pccms12.hcms.it&noUDP&sock=startd_3275093_f746>
	SlotName: slot43_1@pccms12.hcms.it
	CondorScratchDir = "/var/lib/condor/execute/dir_3815087"
	Cpus = 1
	Disk = 22134
	Memory = 1024
...
006 (407235.000.000) 2026-05-07 18:21:08 Image size of job updated: 36276
	31  -  MemoryUsage of job (MB)
	31004  -  ResidentSetSize of job (KB)
...
006 (407235.000.000) 2026-05-07 18:26:08 Image size of job updated: 325112
	31  -  MemoryUsage of job (MB)
	31016  -  ResidentSetSize of job (KB)
...
006 (407235.000.000) 2026-05-07 18:36:09 Image size of job updated: 325672
	31  -  MemoryUsage of job (MB)
	31044  -  ResidentSetSize of job (KB)
...
006 (407235.000.000) 2026-05-07 18:51:11 Image size of job updated: 325672
	31  -  MemoryUsage of job (MB)
	31064  -  ResidentSetSize of job (KB)
...
006 (407235.000.000) 2026-05-07 19:06:12 Image size of job updated: 325672
	31  -  MemoryUsage of job (MB)
	31088  -  ResidentSetSize of job (KB)
...
006 (407235.000.000) 2026-05-07 19:21:13 Image size of job updated: 325672
	31  -  MemoryUsage of job (MB)
	31108  -  ResidentSetSize of job (KB)
...
006 (407235.000.000) 2026-05-07 19:51:17 Image size of job updated: 325672
	32  -  MemoryUsage of job (MB)
	32108  -  ResidentSetSize of job (KB)
...
006 (407235.000.000) 2026-05-07 19:56:17 Image size of job updated: 325672
	32  -  MemoryUsage of job (MB)
	32396  -  ResidentSetSize of job (KB)
...
006 (407235.000.000) 2026-05-07 20:01:19 Image size of job updated: 325672
	33  -  MemoryUsage of job (MB)
	33220  -  ResidentSetSize of job (KB)
...
006 (407235.000.000) 2026-05-07 20:06:19 Image size of job updated: 333776
	34  -  MemoryUsage of job (MB)
	34156  -  ResidentSetSize of job (KB)
...
006 (407235.000.000) 2026-05-07 20:36:23 Image size of job updated: 333776
	34  -  MemoryUsage of job (MB)
	34676  -  ResidentSetSize of job (KB)
...
006 (407235.000.000) 2026-05-07 21:01:25 Image size of job updated: 333776
	35  -  MemoryUsage of job (MB)
	35748  -  ResidentSetSize of job (KB)
...
006 (407235.000.000) 2026-05-07 21:16:27 Image size of job updated: 333776
	39  -  MemoryUsage of job (MB)
	39792  -  ResidentSetSize of job (KB)
...
006 (407235.000.000) 2026-05-07 23:06:39 Image size of job updated: 333776
	40  -  MemoryUsage of job (MB)
	40240  -  ResidentSetSize of job (KB)
...
006 (407235.000.000) 2026-05-08 00:21:46 Image size of job updated: 333776
	118  -  MemoryUsage of job (MB)
	120224  -  ResidentSetSize of job (KB)
...
006 (407235.000.000) 2026-05-08 00:26:47 Image size of job updated: 336536
	118  -  MemoryUsage of job (MB)
	120224  -  ResidentSetSize of job (KB)
...
006 (407235.000.000) 2026-05-08 07:42:32 Image size of job updated: 336536
	308  -  MemoryUsage of job (MB)
	315304  -  ResidentSetSize of job (KB)
...
006 (407235.000.000) 2026-05-08 07:47:32 Image size of job updated: 336536
	309  -  MemoryUsage of job (MB)
	315560  -  ResidentSetSize of job (KB)
...
005 (407235.000.000) 2026-05-08 11:59:42 Job terminated.
	(1) Normal termination (return value 139)
		Usr 0 17:07:11, Sys 0 00:22:03  -  Run Remote Usage
		Usr 0 00:00:00, Sys 0 00:00:00  -  Run Local Usage
		Usr 0 17:07:11, Sys 0 00:22:03  -  Total Remote Usage
		Usr 0 00:00:00, Sys 0 00:00:00  -  Total Local Usage
	0  -  Run Bytes Sent By Job
	0  -  Run Bytes Received By Job
	0  -  Total Bytes Sent By Job
	0  -  Total Bytes Received By Job
	Partitionable Resources :    Usage  Request Allocated 
	   Cpus                 :     0.99        1         1 
	   Disk (KB)            :     1           1     22134 
	   Memory (MB)          :   309        1024      1024 

	Job terminated of its own accord at 2026-05-08T09:59:42Z with exit-code 139.
...
