000 (407370.000.000) 2026-05-07 18:20:42 Job submitted from host: <192.168.250.101:9618?addrs=192.168.250.101-9618&alias=hercules.hcms.it&noUDP&sock=schedd_3404051_6d7b>
...
001 (407370.000.000) 2026-05-07 18:21:01 Job executing on host: <192.168.250.103:9618?addrs=192.168.250.103-9618&alias=clipper.hcms.it&noUDP&sock=startd_3676022_e97e>
	SlotName: slot6_1@clipper.hcms.it
	CondorScratchDir = "/var/lib/condor/execute/dir_4192898"
	Cpus = 1
	Disk = 20734
	Memory = 1024
...
006 (407370.000.000) 2026-05-07 18:21:10 Image size of job updated: 52780
	52  -  MemoryUsage of job (MB)
	52624  -  ResidentSetSize of job (KB)
...
006 (407370.000.000) 2026-05-07 18:26:11 Image size of job updated: 52788
	52  -  MemoryUsage of job (MB)
	52624  -  ResidentSetSize of job (KB)
...
006 (407370.000.000) 2026-05-07 18:36:12 Image size of job updated: 354232
	52  -  MemoryUsage of job (MB)
	53076  -  ResidentSetSize of job (KB)
...
006 (407370.000.000) 2026-05-07 19:11:16 Image size of job updated: 356200
	52  -  MemoryUsage of job (MB)
	53076  -  ResidentSetSize of job (KB)
...
006 (407370.000.000) 2026-05-07 21:01:26 Image size of job updated: 356200
	54  -  MemoryUsage of job (MB)
	55020  -  ResidentSetSize of job (KB)
...
006 (407370.000.000) 2026-05-07 21:31:29 Image size of job updated: 358932
	54  -  MemoryUsage of job (MB)
	55020  -  ResidentSetSize of job (KB)
...
006 (407370.000.000) 2026-05-07 22:46:37 Image size of job updated: 358932
	54  -  MemoryUsage of job (MB)
	55276  -  ResidentSetSize of job (KB)
...
006 (407370.000.000) 2026-05-07 23:16:39 Image size of job updated: 363136
	54  -  MemoryUsage of job (MB)
	55276  -  ResidentSetSize of job (KB)
...
006 (407370.000.000) 2026-05-08 00:36:49 Image size of job updated: 363136
	55  -  MemoryUsage of job (MB)
	55404  -  ResidentSetSize of job (KB)
...
006 (407370.000.000) 2026-05-08 01:16:53 Image size of job updated: 363136
	55  -  MemoryUsage of job (MB)
	55412  -  ResidentSetSize of job (KB)
...
006 (407370.000.000) 2026-05-08 02:32:00 Image size of job updated: 363136
	55  -  MemoryUsage of job (MB)
	55472  -  ResidentSetSize of job (KB)
...
006 (407370.000.000) 2026-05-08 03:27:05 Image size of job updated: 363136
	55  -  MemoryUsage of job (MB)
	55832  -  ResidentSetSize of job (KB)
...
006 (407370.000.000) 2026-05-08 05:47:22 Image size of job updated: 363136
	130  -  MemoryUsage of job (MB)
	132860  -  ResidentSetSize of job (KB)
...
006 (407370.000.000) 2026-05-08 05:52:22 Image size of job updated: 363136
	130  -  MemoryUsage of job (MB)
	132952  -  ResidentSetSize of job (KB)
...
006 (407370.000.000) 2026-05-08 11:02:55 Image size of job updated: 363232
	130  -  MemoryUsage of job (MB)
	132952  -  ResidentSetSize of job (KB)
...
006 (407370.000.000) 2026-05-08 19:08:44 Image size of job updated: 365368
	130  -  MemoryUsage of job (MB)
	132952  -  ResidentSetSize of job (KB)
...
006 (407370.000.000) 2026-05-08 19:18:46 Image size of job updated: 365368
	238  -  MemoryUsage of job (MB)
	243456  -  ResidentSetSize of job (KB)
...
006 (407370.000.000) 2026-05-08 23:06:23 Image size of job updated: 367412
	238  -  MemoryUsage of job (MB)
	243456  -  ResidentSetSize of job (KB)
...
005 (407370.000.000) 2026-05-08 23:06:23 Job terminated.
	(1) Normal termination (return value 139)
		Usr 1 04:14:34, Sys 0 00:17:38  -  Run Remote Usage
		Usr 0 00:00:00, Sys 0 00:00:00  -  Run Local Usage
		Usr 1 04:14:34, Sys 0 00:17:38  -  Total Remote Usage
		Usr 0 00:00:00, Sys 0 00:00:00  -  Total Local Usage
	0  -  Run Bytes Sent By Job
	0  -  Run Bytes Received By Job
	0  -  Total Bytes Sent By Job
	0  -  Total Bytes Received By Job
	Partitionable Resources :    Usage  Request Allocated 
	   Cpus                 :     0.99        1         1 
	   Disk (KB)            :     1           1     20734 
	   Memory (MB)          :   238        1024      1024 

	Job terminated of its own accord at 2026-05-08T21:06:23Z with exit-code 139.
...
