000 (407366.000.000) 2026-05-07 18:20:42 Job submitted from host: <192.168.250.101:9618?addrs=192.168.250.101-9618&alias=hercules.hcms.it&noUDP&sock=schedd_3404051_6d7b>
...
001 (407366.000.000) 2026-05-07 18:20:59 Job executing on host: <192.168.250.103:9618?addrs=192.168.250.103-9618&alias=clipper.hcms.it&noUDP&sock=startd_3676022_e97e>
	SlotName: slot2_1@clipper.hcms.it
	CondorScratchDir = "/var/lib/condor/execute/dir_4192894"
	Cpus = 1
	Disk = 20734
	Memory = 1024
...
006 (407366.000.000) 2026-05-07 18:21:07 Image size of job updated: 60676
	47  -  MemoryUsage of job (MB)
	47696  -  ResidentSetSize of job (KB)
...
006 (407366.000.000) 2026-05-07 18:26:07 Image size of job updated: 60676
	54  -  MemoryUsage of job (MB)
	55292  -  ResidentSetSize of job (KB)
...
006 (407366.000.000) 2026-05-07 18:31:08 Image size of job updated: 60676
	55  -  MemoryUsage of job (MB)
	55484  -  ResidentSetSize of job (KB)
...
006 (407366.000.000) 2026-05-07 19:06:12 Image size of job updated: 354968
	55  -  MemoryUsage of job (MB)
	55484  -  ResidentSetSize of job (KB)
...
006 (407366.000.000) 2026-05-07 19:11:12 Image size of job updated: 354968
	57  -  MemoryUsage of job (MB)
	57508  -  ResidentSetSize of job (KB)
...
006 (407366.000.000) 2026-05-07 19:16:12 Image size of job updated: 354968
	57  -  MemoryUsage of job (MB)
	57744  -  ResidentSetSize of job (KB)
...
006 (407366.000.000) 2026-05-07 19:51:16 Image size of job updated: 359512
	57  -  MemoryUsage of job (MB)
	57744  -  ResidentSetSize of job (KB)
...
006 (407366.000.000) 2026-05-07 20:26:20 Image size of job updated: 360032
	57  -  MemoryUsage of job (MB)
	57744  -  ResidentSetSize of job (KB)
...
006 (407366.000.000) 2026-05-07 20:41:21 Image size of job updated: 361476
	58  -  MemoryUsage of job (MB)
	59168  -  ResidentSetSize of job (KB)
...
006 (407366.000.000) 2026-05-08 00:26:45 Image size of job updated: 363384
	58  -  MemoryUsage of job (MB)
	59168  -  ResidentSetSize of job (KB)
...
006 (407366.000.000) 2026-05-08 03:02:02 Image size of job updated: 363384
	61  -  MemoryUsage of job (MB)
	61948  -  ResidentSetSize of job (KB)
...
006 (407366.000.000) 2026-05-08 03:47:06 Image size of job updated: 363684
	61  -  MemoryUsage of job (MB)
	61948  -  ResidentSetSize of job (KB)
...
006 (407366.000.000) 2026-05-08 04:57:13 Image size of job updated: 364924
	61  -  MemoryUsage of job (MB)
	61948  -  ResidentSetSize of job (KB)
...
006 (407366.000.000) 2026-05-08 11:12:52 Image size of job updated: 365988
	61  -  MemoryUsage of job (MB)
	61948  -  ResidentSetSize of job (KB)
...
006 (407366.000.000) 2026-05-08 17:38:29 Image size of job updated: 366068
	63  -  MemoryUsage of job (MB)
	63820  -  ResidentSetSize of job (KB)
...
006 (407366.000.000) 2026-05-08 19:03:39 Image size of job updated: 661456
	346  -  MemoryUsage of job (MB)
	353692  -  ResidentSetSize of job (KB)
...
006 (407366.000.000) 2026-05-08 19:08:40 Image size of job updated: 661456
	346  -  MemoryUsage of job (MB)
	353944  -  ResidentSetSize of job (KB)
...
006 (407366.000.000) 2026-05-08 19:23:41 Image size of job updated: 661456
	347  -  MemoryUsage of job (MB)
	355040  -  ResidentSetSize of job (KB)
...
006 (407366.000.000) 2026-05-08 19:28:42 Image size of job updated: 663328
	347  -  MemoryUsage of job (MB)
	355040  -  ResidentSetSize of job (KB)
...
006 (407366.000.000) 2026-05-08 19:43:44 Image size of job updated: 663328
	354  -  MemoryUsage of job (MB)
	361500  -  ResidentSetSize of job (KB)
...
006 (407366.000.000) 2026-05-08 19:48:44 Image size of job updated: 663328
	354  -  MemoryUsage of job (MB)
	361508  -  ResidentSetSize of job (KB)
...
006 (407366.000.000) 2026-05-08 20:23:47 Image size of job updated: 663600
	354  -  MemoryUsage of job (MB)
	361868  -  ResidentSetSize of job (KB)
...
006 (407366.000.000) 2026-05-08 21:23:54 Image size of job updated: 668116
	360  -  MemoryUsage of job (MB)
	368364  -  ResidentSetSize of job (KB)
...
005 (407366.000.000) 2026-05-09 05:48:55 Job terminated.
	(1) Normal termination (return value 139)
		Usr 1 09:54:07, Sys 0 01:17:36  -  Run Remote Usage
		Usr 0 00:00:00, Sys 0 00:00:00  -  Run Local Usage
		Usr 1 09:54:07, Sys 0 01:17:36  -  Total Remote Usage
		Usr 0 00:00:00, Sys 0 00:00:00  -  Total Local Usage
	0  -  Run Bytes Sent By Job
	0  -  Run Bytes Received By Job
	0  -  Total Bytes Sent By Job
	0  -  Total Bytes Received By Job
	Partitionable Resources :    Usage  Request Allocated 
	   Cpus                 :     0.99        1         1 
	   Disk (KB)            :     1           1     20734 
	   Memory (MB)          :   360        1024      1024 

	Job terminated of its own accord at 2026-05-09T03:48:55Z with exit-code 139.
...
