000 (407381.000.000) 2026-05-07 18:20:42 Job submitted from host: <192.168.250.101:9618?addrs=192.168.250.101-9618&alias=hercules.hcms.it&noUDP&sock=schedd_3404051_6d7b>
...
001 (407381.000.000) 2026-05-07 18:21:02 Job executing on host: <192.168.250.103:9618?addrs=192.168.250.103-9618&alias=clipper.hcms.it&noUDP&sock=startd_3676022_e97e>
	SlotName: slot17_1@clipper.hcms.it
	CondorScratchDir = "/var/lib/condor/execute/dir_4192910"
	Cpus = 1
	Disk = 20734
	Memory = 1024
...
006 (407381.000.000) 2026-05-07 18:21:10 Image size of job updated: 55500
	55  -  MemoryUsage of job (MB)
	55312  -  ResidentSetSize of job (KB)
...
006 (407381.000.000) 2026-05-07 18:26:10 Image size of job updated: 55516
	55  -  MemoryUsage of job (MB)
	55312  -  ResidentSetSize of job (KB)
...
006 (407381.000.000) 2026-05-07 18:41:11 Image size of job updated: 357920
	57  -  MemoryUsage of job (MB)
	57544  -  ResidentSetSize of job (KB)
...
006 (407381.000.000) 2026-05-07 19:26:16 Image size of job updated: 358516
	57  -  MemoryUsage of job (MB)
	57544  -  ResidentSetSize of job (KB)
...
006 (407381.000.000) 2026-05-07 20:11:20 Image size of job updated: 360444
	57  -  MemoryUsage of job (MB)
	57544  -  ResidentSetSize of job (KB)
...
006 (407381.000.000) 2026-05-08 01:01:50 Image size of job updated: 553248
	247  -  MemoryUsage of job (MB)
	252284  -  ResidentSetSize of job (KB)
...
006 (407381.000.000) 2026-05-08 01:21:52 Image size of job updated: 553248
	247  -  MemoryUsage of job (MB)
	252328  -  ResidentSetSize of job (KB)
...
006 (407381.000.000) 2026-05-08 01:26:52 Image size of job updated: 553248
	247  -  MemoryUsage of job (MB)
	252380  -  ResidentSetSize of job (KB)
...
006 (407381.000.000) 2026-05-08 03:17:05 Image size of job updated: 553248
	247  -  MemoryUsage of job (MB)
	252544  -  ResidentSetSize of job (KB)
...
006 (407381.000.000) 2026-05-08 04:12:10 Image size of job updated: 553932
	247  -  MemoryUsage of job (MB)
	252544  -  ResidentSetSize of job (KB)
...
006 (407381.000.000) 2026-05-08 04:47:14 Image size of job updated: 553932
	248  -  MemoryUsage of job (MB)
	253648  -  ResidentSetSize of job (KB)
...
006 (407381.000.000) 2026-05-08 06:52:26 Image size of job updated: 554804
	248  -  MemoryUsage of job (MB)
	253648  -  ResidentSetSize of job (KB)
...
005 (407381.000.000) 2026-05-09 11:34:14 Job terminated.
	(1) Normal termination (return value 139)
		Usr 1 15:35:02, Sys 0 01:19:41  -  Run Remote Usage
		Usr 0 00:00:00, Sys 0 00:00:00  -  Run Local Usage
		Usr 1 15:35:02, Sys 0 01:19:41  -  Total Remote Usage
		Usr 0 00:00:00, Sys 0 00:00:00  -  Total Local Usage
	0  -  Run Bytes Sent By Job
	0  -  Run Bytes Received By Job
	0  -  Total Bytes Sent By Job
	0  -  Total Bytes Received By Job
	Partitionable Resources :    Usage  Request Allocated 
	   Cpus                 :     0.99        1         1 
	   Disk (KB)            :     1           1     20734 
	   Memory (MB)          :   248        1024      1024 

	Job terminated of its own accord at 2026-05-09T09:34:14Z with exit-code 139.
...
