000 (407386.000.000) 2026-05-07 18:20:42 Job submitted from host: <192.168.250.101:9618?addrs=192.168.250.101-9618&alias=hercules.hcms.it&noUDP&sock=schedd_3404051_6d7b>
...
001 (407386.000.000) 2026-05-07 18:21:01 Job executing on host: <192.168.250.103:9618?addrs=192.168.250.103-9618&alias=clipper.hcms.it&noUDP&sock=startd_3676022_e97e>
	SlotName: slot22_1@clipper.hcms.it
	CondorScratchDir = "/var/lib/condor/execute/dir_4192914"
	Cpus = 1
	Disk = 20734
	Memory = 1024
...
006 (407386.000.000) 2026-05-07 18:21:10 Image size of job updated: 52884
	47  -  MemoryUsage of job (MB)
	47812  -  ResidentSetSize of job (KB)
...
006 (407386.000.000) 2026-05-07 18:26:11 Image size of job updated: 354064
	47  -  MemoryUsage of job (MB)
	47812  -  ResidentSetSize of job (KB)
...
006 (407386.000.000) 2026-05-07 18:46:14 Image size of job updated: 356012
	47  -  MemoryUsage of job (MB)
	47892  -  ResidentSetSize of job (KB)
...
006 (407386.000.000) 2026-05-07 19:01:15 Image size of job updated: 356012
	47  -  MemoryUsage of job (MB)
	47908  -  ResidentSetSize of job (KB)
...
006 (407386.000.000) 2026-05-07 19:11:15 Image size of job updated: 356012
	49  -  MemoryUsage of job (MB)
	49172  -  ResidentSetSize of job (KB)
...
006 (407386.000.000) 2026-05-07 19:41:19 Image size of job updated: 359080
	49  -  MemoryUsage of job (MB)
	49172  -  ResidentSetSize of job (KB)
...
006 (407386.000.000) 2026-05-07 19:56:20 Image size of job updated: 359080
	49  -  MemoryUsage of job (MB)
	50104  -  ResidentSetSize of job (KB)
...
006 (407386.000.000) 2026-05-07 20:01:20 Image size of job updated: 359080
	51  -  MemoryUsage of job (MB)
	51384  -  ResidentSetSize of job (KB)
...
006 (407386.000.000) 2026-05-07 21:11:28 Image size of job updated: 359080
	54  -  MemoryUsage of job (MB)
	54300  -  ResidentSetSize of job (KB)
...
006 (407386.000.000) 2026-05-07 21:16:29 Image size of job updated: 361656
	54  -  MemoryUsage of job (MB)
	54300  -  ResidentSetSize of job (KB)
...
006 (407386.000.000) 2026-05-07 22:51:38 Image size of job updated: 361656
	54  -  MemoryUsage of job (MB)
	54340  -  ResidentSetSize of job (KB)
...
006 (407386.000.000) 2026-05-08 01:31:54 Image size of job updated: 363956
	54  -  MemoryUsage of job (MB)
	54340  -  ResidentSetSize of job (KB)
...
006 (407386.000.000) 2026-05-08 02:01:57 Image size of job updated: 363956
	55  -  MemoryUsage of job (MB)
	56240  -  ResidentSetSize of job (KB)
...
006 (407386.000.000) 2026-05-08 02:32:01 Image size of job updated: 363956
	55  -  MemoryUsage of job (MB)
	56268  -  ResidentSetSize of job (KB)
...
006 (407386.000.000) 2026-05-08 07:52:34 Image size of job updated: 363956
	221  -  MemoryUsage of job (MB)
	225960  -  ResidentSetSize of job (KB)
...
006 (407386.000.000) 2026-05-08 07:57:34 Image size of job updated: 363956
	221  -  MemoryUsage of job (MB)
	226216  -  ResidentSetSize of job (KB)
...
006 (407386.000.000) 2026-05-08 10:12:48 Image size of job updated: 369264
	221  -  MemoryUsage of job (MB)
	226216  -  ResidentSetSize of job (KB)
...
005 (407386.000.000) 2026-05-08 20:33:37 Job terminated.
	(1) Normal termination (return value 139)
		Usr 1 01:44:58, Sys 0 00:15:49  -  Run Remote Usage
		Usr 0 00:00:00, Sys 0 00:00:00  -  Run Local Usage
		Usr 1 01:44:58, Sys 0 00:15:49  -  Total Remote Usage
		Usr 0 00:00:00, Sys 0 00:00:00  -  Total Local Usage
	0  -  Run Bytes Sent By Job
	0  -  Run Bytes Received By Job
	0  -  Total Bytes Sent By Job
	0  -  Total Bytes Received By Job
	Partitionable Resources :    Usage  Request Allocated 
	   Cpus                 :     0.99        1         1 
	   Disk (KB)            :     1           1     20734 
	   Memory (MB)          :   221        1024      1024 

	Job terminated of its own accord at 2026-05-08T18:33:37Z with exit-code 139.
...
