000 (407303.000.000) 2026-05-07 18:20:40 Job submitted from host: <192.168.250.101:9618?addrs=192.168.250.101-9618&alias=hercules.hcms.it&noUDP&sock=schedd_3404051_6d7b>
...
001 (407303.000.000) 2026-05-07 18:21:01 Job executing on host: <192.168.250.102:9618?addrs=192.168.250.102-9618&alias=empire.hcms.it&noUDP&sock=startd_2716409_3615>
	SlotName: slot49_1@empire.hcms.it
	CondorScratchDir = "/var/lib/condor/execute/dir_3296212"
	Cpus = 1
	Disk = 22792
	Memory = 1024
...
006 (407303.000.000) 2026-05-07 18:21:10 Image size of job updated: 54724
	52  -  MemoryUsage of job (MB)
	52556  -  ResidentSetSize of job (KB)
...
006 (407303.000.000) 2026-05-07 18:56:14 Image size of job updated: 359352
	56  -  MemoryUsage of job (MB)
	56644  -  ResidentSetSize of job (KB)
...
006 (407303.000.000) 2026-05-07 20:36:23 Image size of job updated: 361496
	57  -  MemoryUsage of job (MB)
	57604  -  ResidentSetSize of job (KB)
...
006 (407303.000.000) 2026-05-07 20:51:24 Image size of job updated: 364276
	57  -  MemoryUsage of job (MB)
	57604  -  ResidentSetSize of job (KB)
...
006 (407303.000.000) 2026-05-07 23:01:38 Image size of job updated: 366628
	57  -  MemoryUsage of job (MB)
	57604  -  ResidentSetSize of job (KB)
...
006 (407303.000.000) 2026-05-07 23:11:39 Image size of job updated: 366628
	57  -  MemoryUsage of job (MB)
	57628  -  ResidentSetSize of job (KB)
...
006 (407303.000.000) 2026-05-08 06:12:22 Image size of job updated: 367140
	57  -  MemoryUsage of job (MB)
	57628  -  ResidentSetSize of job (KB)
...
006 (407303.000.000) 2026-05-08 08:57:39 Image size of job updated: 368988
	69  -  MemoryUsage of job (MB)
	69656  -  ResidentSetSize of job (KB)
...
005 (407303.000.000) 2026-05-09 01:24:44 Job terminated.
	(1) Normal termination (return value 139)
		Usr 1 05:37:25, Sys 0 01:10:59  -  Run Remote Usage
		Usr 0 00:00:00, Sys 0 00:00:00  -  Run Local Usage
		Usr 1 05:37:25, Sys 0 01:10:59  -  Total Remote Usage
		Usr 0 00:00:00, Sys 0 00:00:00  -  Total Local Usage
	0  -  Run Bytes Sent By Job
	0  -  Run Bytes Received By Job
	0  -  Total Bytes Sent By Job
	0  -  Total Bytes Received By Job
	Partitionable Resources :    Usage  Request Allocated 
	   Cpus                 :     0.99        1         1 
	   Disk (KB)            :     1           1     22792 
	   Memory (MB)          :    69        1024      1024 

	Job terminated of its own accord at 2026-05-08T23:24:44Z with exit-code 139.
...
