000 (407214.000.000) 2026-05-07 18:20:38 Job submitted from host: <192.168.250.101:9618?addrs=192.168.250.101-9618&alias=hercules.hcms.it&noUDP&sock=schedd_3404051_6d7b>
...
001 (407214.000.000) 2026-05-07 18:20:59 Job executing on host: <192.168.250.22:9618?addrs=192.168.250.22-9618&alias=pccms12.hcms.it&noUDP&sock=startd_3275093_f746>
	SlotName: slot22_1@pccms12.hcms.it
	CondorScratchDir = "/var/lib/condor/execute/dir_3815024"
	Cpus = 1
	Disk = 22134
	Memory = 1024
...
006 (407214.000.000) 2026-05-07 18:21:07 Image size of job updated: 40332
	40  -  MemoryUsage of job (MB)
	40324  -  ResidentSetSize of job (KB)
...
006 (407214.000.000) 2026-05-07 18:26:07 Image size of job updated: 40440
	40  -  MemoryUsage of job (MB)
	40324  -  ResidentSetSize of job (KB)
...
006 (407214.000.000) 2026-05-07 18:31:07 Image size of job updated: 324744
	40  -  MemoryUsage of job (MB)
	40324  -  ResidentSetSize of job (KB)
...
006 (407214.000.000) 2026-05-07 18:36:08 Image size of job updated: 325508
	40  -  MemoryUsage of job (MB)
	40324  -  ResidentSetSize of job (KB)
...
006 (407214.000.000) 2026-05-07 18:41:08 Image size of job updated: 326484
	40  -  MemoryUsage of job (MB)
	40324  -  ResidentSetSize of job (KB)
...
006 (407214.000.000) 2026-05-07 18:46:08 Image size of job updated: 328784
	40  -  MemoryUsage of job (MB)
	40324  -  ResidentSetSize of job (KB)
...
006 (407214.000.000) 2026-05-07 18:51:09 Image size of job updated: 328784
	40  -  MemoryUsage of job (MB)
	40876  -  ResidentSetSize of job (KB)
...
006 (407214.000.000) 2026-05-07 19:21:12 Image size of job updated: 332008
	40  -  MemoryUsage of job (MB)
	40876  -  ResidentSetSize of job (KB)
...
006 (407214.000.000) 2026-05-07 21:36:26 Image size of job updated: 332008
	42  -  MemoryUsage of job (MB)
	42220  -  ResidentSetSize of job (KB)
...
006 (407214.000.000) 2026-05-07 21:41:27 Image size of job updated: 332008
	42  -  MemoryUsage of job (MB)
	42476  -  ResidentSetSize of job (KB)
...
006 (407214.000.000) 2026-05-07 23:26:37 Image size of job updated: 334072
	42  -  MemoryUsage of job (MB)
	42476  -  ResidentSetSize of job (KB)
...
006 (407214.000.000) 2026-05-08 01:56:51 Image size of job updated: 334072
	42  -  MemoryUsage of job (MB)
	42740  -  ResidentSetSize of job (KB)
...
006 (407214.000.000) 2026-05-08 03:27:01 Image size of job updated: 334072
	43  -  MemoryUsage of job (MB)
	43340  -  ResidentSetSize of job (KB)
...
006 (407214.000.000) 2026-05-08 06:02:17 Image size of job updated: 334072
	43  -  MemoryUsage of job (MB)
	43420  -  ResidentSetSize of job (KB)
...
006 (407214.000.000) 2026-05-08 07:12:23 Image size of job updated: 334072
	43  -  MemoryUsage of job (MB)
	43436  -  ResidentSetSize of job (KB)
...
006 (407214.000.000) 2026-05-08 07:22:25 Image size of job updated: 340660
	43  -  MemoryUsage of job (MB)
	43436  -  ResidentSetSize of job (KB)
...
006 (407214.000.000) 2026-05-08 08:07:29 Image size of job updated: 340660
	134  -  MemoryUsage of job (MB)
	137192  -  ResidentSetSize of job (KB)
...
006 (407214.000.000) 2026-05-08 17:03:25 Image size of job updated: 340660
	292  -  MemoryUsage of job (MB)
	298628  -  ResidentSetSize of job (KB)
...
005 (407214.000.000) 2026-05-08 18:40:26 Job terminated.
	(1) Normal termination (return value 139)
		Usr 0 21:36:41, Sys 0 02:27:19  -  Run Remote Usage
		Usr 0 00:00:00, Sys 0 00:00:00  -  Run Local Usage
		Usr 0 21:36:41, Sys 0 02:27:19  -  Total Remote Usage
		Usr 0 00:00:00, Sys 0 00:00:00  -  Total Local Usage
	0  -  Run Bytes Sent By Job
	0  -  Run Bytes Received By Job
	0  -  Total Bytes Sent By Job
	0  -  Total Bytes Received By Job
	Partitionable Resources :    Usage  Request Allocated 
	   Cpus                 :     0.98        1         1 
	   Disk (KB)            :     1           1     22134 
	   Memory (MB)          :   292        1024      1024 

	Job terminated of its own accord at 2026-05-08T16:40:26Z with exit-code 139.
...
