000 (407396.000.000) 2026-05-07 18:20:42 Job submitted from host: <192.168.250.101:9618?addrs=192.168.250.101-9618&alias=hercules.hcms.it&noUDP&sock=schedd_3404051_6d7b>
...
001 (407396.000.000) 2026-05-07 18:21:01 Job executing on host: <192.168.250.103:9618?addrs=192.168.250.103-9618&alias=clipper.hcms.it&noUDP&sock=startd_3676022_e97e>
	SlotName: slot32_1@clipper.hcms.it
	CondorScratchDir = "/var/lib/condor/execute/dir_4192925"
	Cpus = 1
	Disk = 20734
	Memory = 1024
...
006 (407396.000.000) 2026-05-07 18:21:09 Image size of job updated: 57520
	47  -  MemoryUsage of job (MB)
	47728  -  ResidentSetSize of job (KB)
...
006 (407396.000.000) 2026-05-07 18:26:09 Image size of job updated: 57520
	48  -  MemoryUsage of job (MB)
	48952  -  ResidentSetSize of job (KB)
...
006 (407396.000.000) 2026-05-07 18:31:10 Image size of job updated: 359280
	56  -  MemoryUsage of job (MB)
	56344  -  ResidentSetSize of job (KB)
...
006 (407396.000.000) 2026-05-07 19:01:14 Image size of job updated: 359280
	56  -  MemoryUsage of job (MB)
	56404  -  ResidentSetSize of job (KB)
...
006 (407396.000.000) 2026-05-07 20:46:26 Image size of job updated: 361624
	56  -  MemoryUsage of job (MB)
	56404  -  ResidentSetSize of job (KB)
...
006 (407396.000.000) 2026-05-07 21:51:32 Image size of job updated: 361624
	56  -  MemoryUsage of job (MB)
	56508  -  ResidentSetSize of job (KB)
...
006 (407396.000.000) 2026-05-08 01:26:54 Image size of job updated: 361624
	56  -  MemoryUsage of job (MB)
	56628  -  ResidentSetSize of job (KB)
...
006 (407396.000.000) 2026-05-08 01:56:57 Image size of job updated: 361624
	56  -  MemoryUsage of job (MB)
	56636  -  ResidentSetSize of job (KB)
...
006 (407396.000.000) 2026-05-08 02:37:02 Image size of job updated: 361624
	56  -  MemoryUsage of job (MB)
	56784  -  ResidentSetSize of job (KB)
...
006 (407396.000.000) 2026-05-08 04:42:14 Image size of job updated: 361624
	56  -  MemoryUsage of job (MB)
	56924  -  ResidentSetSize of job (KB)
...
006 (407396.000.000) 2026-05-08 07:42:32 Image size of job updated: 361624
	58  -  MemoryUsage of job (MB)
	58440  -  ResidentSetSize of job (KB)
...
006 (407396.000.000) 2026-05-08 10:22:50 Image size of job updated: 361820
	58  -  MemoryUsage of job (MB)
	58440  -  ResidentSetSize of job (KB)
...
006 (407396.000.000) 2026-05-08 15:58:24 Image size of job updated: 365776
	58  -  MemoryUsage of job (MB)
	58440  -  ResidentSetSize of job (KB)
...
006 (407396.000.000) 2026-05-08 19:13:43 Image size of job updated: 365776
	58  -  MemoryUsage of job (MB)
	58604  -  ResidentSetSize of job (KB)
...
006 (407396.000.000) 2026-05-08 20:18:49 Image size of job updated: 365776
	59  -  MemoryUsage of job (MB)
	60196  -  ResidentSetSize of job (KB)
...
006 (407396.000.000) 2026-05-09 04:29:40 Image size of job updated: 365776
	59  -  MemoryUsage of job (MB)
	60200  -  ResidentSetSize of job (KB)
...
005 (407396.000.000) 2026-05-09 09:10:17 Job terminated.
	(1) Normal termination (return value 139)
		Usr 1 13:13:56, Sys 0 01:17:50  -  Run Remote Usage
		Usr 0 00:00:00, Sys 0 00:00:00  -  Run Local Usage
		Usr 1 13:13:56, Sys 0 01:17:50  -  Total Remote Usage
		Usr 0 00:00:00, Sys 0 00:00:00  -  Total Local Usage
	0  -  Run Bytes Sent By Job
	0  -  Run Bytes Received By Job
	0  -  Total Bytes Sent By Job
	0  -  Total Bytes Received By Job
	Partitionable Resources :    Usage  Request Allocated 
	   Cpus                 :     0.99        1         1 
	   Disk (KB)            :     1           1     20734 
	   Memory (MB)          :    59        1024      1024 

	Job terminated of its own accord at 2026-05-09T07:10:17Z with exit-code 139.
...
