000 (407109.000.000) 2026-05-07 18:20:35 Job submitted from host: <192.168.250.101:9618?addrs=192.168.250.101-9618&alias=hercules.hcms.it&noUDP&sock=schedd_3404051_6d7b>
...
001 (407109.000.000) 2026-05-07 18:20:56 Job executing on host: <192.168.250.21:9618?addrs=192.168.250.21-9618&alias=pccms11.hcms.it&noUDP&sock=startd_3845377_5b11>
	SlotName: slot11_1@pccms11.hcms.it
	CondorScratchDir = "/var/lib/condor/execute/dir_1464783"
	Cpus = 1
	Disk = 7762
	Memory = 1024
...
006 (407109.000.000) 2026-05-07 18:21:05 Image size of job updated: 57468
	55  -  MemoryUsage of job (MB)
	55416  -  ResidentSetSize of job (KB)
...
006 (407109.000.000) 2026-05-07 20:26:19 Image size of job updated: 235848
	229  -  MemoryUsage of job (MB)
	234360  -  ResidentSetSize of job (KB)
...
006 (407109.000.000) 2026-05-07 20:31:20 Image size of job updated: 351252
	229  -  MemoryUsage of job (MB)
	234396  -  ResidentSetSize of job (KB)
...
006 (407109.000.000) 2026-05-07 23:56:40 Image size of job updated: 352696
	229  -  MemoryUsage of job (MB)
	234396  -  ResidentSetSize of job (KB)
...
006 (407109.000.000) 2026-05-08 09:47:40 Image size of job updated: 352952
	229  -  MemoryUsage of job (MB)
	234396  -  ResidentSetSize of job (KB)
...
006 (407109.000.000) 2026-05-08 16:18:20 Image size of job updated: 352952
	291  -  MemoryUsage of job (MB)
	297212  -  ResidentSetSize of job (KB)
...
006 (407109.000.000) 2026-05-08 16:23:20 Image size of job updated: 358108
	291  -  MemoryUsage of job (MB)
	297212  -  ResidentSetSize of job (KB)
...
006 (407109.000.000) 2026-05-08 22:53:59 Image size of job updated: 360132
	291  -  MemoryUsage of job (MB)
	297212  -  ResidentSetSize of job (KB)
...
006 (407109.000.000) 2026-05-09 23:51:36 Image size of job updated: 363640
	291  -  MemoryUsage of job (MB)
	297212  -  ResidentSetSize of job (KB)
...
006 (407109.000.000) 2026-05-09 23:56:38 Image size of job updated: 363708
	291  -  MemoryUsage of job (MB)
	297212  -  ResidentSetSize of job (KB)
...
006 (407109.000.000) 2026-05-10 18:38:35 Image size of job updated: 688824
	382  -  MemoryUsage of job (MB)
	391100  -  ResidentSetSize of job (KB)
...
006 (407109.000.000) 2026-05-10 18:43:35 Image size of job updated: 691440
	383  -  MemoryUsage of job (MB)
	391388  -  ResidentSetSize of job (KB)
...
006 (407109.000.000) 2026-05-10 23:14:01 Image size of job updated: 691440
	385  -  MemoryUsage of job (MB)
	393228  -  ResidentSetSize of job (KB)
...
006 (407109.000.000) 2026-05-10 23:19:02 Image size of job updated: 692836
	385  -  MemoryUsage of job (MB)
	393504  -  ResidentSetSize of job (KB)
...
