000 (407206.000.000) 2026-05-07 18:20:38 Job submitted from host: <192.168.250.101:9618?addrs=192.168.250.101-9618&alias=hercules.hcms.it&noUDP&sock=schedd_3404051_6d7b>
...
001 (407206.000.000) 2026-05-07 18:20:59 Job executing on host: <192.168.250.22:9618?addrs=192.168.250.22-9618&alias=pccms12.hcms.it&noUDP&sock=startd_3275093_f746>
	SlotName: slot14_1@pccms12.hcms.it
	CondorScratchDir = "/var/lib/condor/execute/dir_3815040"
	Cpus = 1
	Disk = 22134
	Memory = 1024
...
006 (407206.000.000) 2026-05-07 18:21:07 Image size of job updated: 39392
	34  -  MemoryUsage of job (MB)
	34208  -  ResidentSetSize of job (KB)
...
006 (407206.000.000) 2026-05-07 18:26:07 Image size of job updated: 327584
	34  -  MemoryUsage of job (MB)
	34208  -  ResidentSetSize of job (KB)
...
006 (407206.000.000) 2026-05-07 18:31:08 Image size of job updated: 329668
	35  -  MemoryUsage of job (MB)
	35384  -  ResidentSetSize of job (KB)
...
006 (407206.000.000) 2026-05-07 18:46:10 Image size of job updated: 329668
	35  -  MemoryUsage of job (MB)
	35436  -  ResidentSetSize of job (KB)
...
006 (407206.000.000) 2026-05-07 19:16:12 Image size of job updated: 329668
	36  -  MemoryUsage of job (MB)
	36488  -  ResidentSetSize of job (KB)
...
006 (407206.000.000) 2026-05-07 19:21:13 Image size of job updated: 330408
	36  -  MemoryUsage of job (MB)
	36668  -  ResidentSetSize of job (KB)
...
006 (407206.000.000) 2026-05-07 19:36:15 Image size of job updated: 330408
	36  -  MemoryUsage of job (MB)
	36688  -  ResidentSetSize of job (KB)
...
006 (407206.000.000) 2026-05-07 19:51:16 Image size of job updated: 330408
	36  -  MemoryUsage of job (MB)
	36816  -  ResidentSetSize of job (KB)
...
006 (407206.000.000) 2026-05-07 20:01:17 Image size of job updated: 330408
	38  -  MemoryUsage of job (MB)
	38064  -  ResidentSetSize of job (KB)
...
006 (407206.000.000) 2026-05-07 20:06:17 Image size of job updated: 331376
	38  -  MemoryUsage of job (MB)
	38064  -  ResidentSetSize of job (KB)
...
006 (407206.000.000) 2026-05-07 20:16:19 Image size of job updated: 337080
	38  -  MemoryUsage of job (MB)
	38064  -  ResidentSetSize of job (KB)
...
006 (407206.000.000) 2026-05-08 01:16:48 Image size of job updated: 337080
	38  -  MemoryUsage of job (MB)
	38360  -  ResidentSetSize of job (KB)
...
006 (407206.000.000) 2026-05-08 03:52:03 Image size of job updated: 337080
	39  -  MemoryUsage of job (MB)
	39904  -  ResidentSetSize of job (KB)
...
006 (407206.000.000) 2026-05-08 03:57:04 Image size of job updated: 337080
	41  -  MemoryUsage of job (MB)
	41440  -  ResidentSetSize of job (KB)
...
006 (407206.000.000) 2026-05-08 04:07:05 Image size of job updated: 337080
	42  -  MemoryUsage of job (MB)
	42924  -  ResidentSetSize of job (KB)
...
006 (407206.000.000) 2026-05-08 05:27:14 Image size of job updated: 337080
	43  -  MemoryUsage of job (MB)
	43304  -  ResidentSetSize of job (KB)
...
005 (407206.000.000) 2026-05-08 09:53:20 Job terminated.
	(1) Normal termination (return value 139)
		Usr 0 15:02:15, Sys 0 00:21:39  -  Run Remote Usage
		Usr 0 00:00:00, Sys 0 00:00:00  -  Run Local Usage
		Usr 0 15:02:15, Sys 0 00:21:39  -  Total Remote Usage
		Usr 0 00:00:00, Sys 0 00:00:00  -  Total Local Usage
	0  -  Run Bytes Sent By Job
	0  -  Run Bytes Received By Job
	0  -  Total Bytes Sent By Job
	0  -  Total Bytes Received By Job
	Partitionable Resources :    Usage  Request Allocated 
	   Cpus                 :     0.99        1         1 
	   Disk (KB)            :     1           1     22134 
	   Memory (MB)          :    43        1024      1024 

	Job terminated of its own accord at 2026-05-08T07:53:20Z with exit-code 139.
...
