000 (407278.000.000) 2026-05-07 18:20:39 Job submitted from host: <192.168.250.101:9618?addrs=192.168.250.101-9618&alias=hercules.hcms.it&noUDP&sock=schedd_3404051_6d7b>
...
001 (407278.000.000) 2026-05-07 18:21:01 Job executing on host: <192.168.250.102:9618?addrs=192.168.250.102-9618&alias=empire.hcms.it&noUDP&sock=startd_2716409_3615>
	SlotName: slot24_1@empire.hcms.it
	CondorScratchDir = "/var/lib/condor/execute/dir_3296178"
	Cpus = 1
	Disk = 22792
	Memory = 1024
...
006 (407278.000.000) 2026-05-07 18:21:10 Image size of job updated: 53040
	52  -  MemoryUsage of job (MB)
	52860  -  ResidentSetSize of job (KB)
...
006 (407278.000.000) 2026-05-07 18:26:11 Image size of job updated: 53072
	52  -  MemoryUsage of job (MB)
	52860  -  ResidentSetSize of job (KB)
...
006 (407278.000.000) 2026-05-07 18:31:12 Image size of job updated: 53084
	52  -  MemoryUsage of job (MB)
	52860  -  ResidentSetSize of job (KB)
...
006 (407278.000.000) 2026-05-07 19:06:15 Image size of job updated: 359696
	52  -  MemoryUsage of job (MB)
	52860  -  ResidentSetSize of job (KB)
...
006 (407278.000.000) 2026-05-07 19:21:17 Image size of job updated: 359696
	53  -  MemoryUsage of job (MB)
	53908  -  ResidentSetSize of job (KB)
...
006 (407278.000.000) 2026-05-07 19:51:20 Image size of job updated: 359696
	53  -  MemoryUsage of job (MB)
	54076  -  ResidentSetSize of job (KB)
...
006 (407278.000.000) 2026-05-07 22:06:34 Image size of job updated: 359696
	53  -  MemoryUsage of job (MB)
	54124  -  ResidentSetSize of job (KB)
...
006 (407278.000.000) 2026-05-07 22:21:36 Image size of job updated: 362160
	53  -  MemoryUsage of job (MB)
	54124  -  ResidentSetSize of job (KB)
...
006 (407278.000.000) 2026-05-07 22:56:39 Image size of job updated: 362876
	53  -  MemoryUsage of job (MB)
	54124  -  ResidentSetSize of job (KB)
...
006 (407278.000.000) 2026-05-08 00:31:48 Image size of job updated: 365076
	53  -  MemoryUsage of job (MB)
	54124  -  ResidentSetSize of job (KB)
...
006 (407278.000.000) 2026-05-08 01:36:56 Image size of job updated: 365076
	54  -  MemoryUsage of job (MB)
	54428  -  ResidentSetSize of job (KB)
...
006 (407278.000.000) 2026-05-08 02:17:00 Image size of job updated: 365076
	170  -  MemoryUsage of job (MB)
	173088  -  ResidentSetSize of job (KB)
...
006 (407278.000.000) 2026-05-08 02:22:00 Image size of job updated: 366192
	170  -  MemoryUsage of job (MB)
	173088  -  ResidentSetSize of job (KB)
...
006 (407278.000.000) 2026-05-08 18:23:38 Image size of job updated: 366208
	170  -  MemoryUsage of job (MB)
	173088  -  ResidentSetSize of job (KB)
...
006 (407278.000.000) 2026-05-08 21:59:01 Image size of job updated: 366208
	327  -  MemoryUsage of job (MB)
	334144  -  ResidentSetSize of job (KB)
...
005 (407278.000.000) 2026-05-09 01:26:40 Job terminated.
	(1) Normal termination (return value 139)
		Usr 1 05:37:03, Sys 0 01:13:18  -  Run Remote Usage
		Usr 0 00:00:00, Sys 0 00:00:00  -  Run Local Usage
		Usr 1 05:37:03, Sys 0 01:13:18  -  Total Remote Usage
		Usr 0 00:00:00, Sys 0 00:00:00  -  Total Local Usage
	0  -  Run Bytes Sent By Job
	0  -  Run Bytes Received By Job
	0  -  Total Bytes Sent By Job
	0  -  Total Bytes Received By Job
	Partitionable Resources :    Usage  Request Allocated 
	   Cpus                 :     0.99        1         1 
	   Disk (KB)            :     1           1     22792 
	   Memory (MB)          :   327        1024      1024 

	Job terminated of its own accord at 2026-05-08T23:26:40Z with exit-code 139.
...
