000 (407255.000.000) 2026-05-07 18:20:39 Job submitted from host: <192.168.250.101:9618?addrs=192.168.250.101-9618&alias=hercules.hcms.it&noUDP&sock=schedd_3404051_6d7b>
...
001 (407255.000.000) 2026-05-07 18:20:59 Job executing on host: <192.168.250.102:9618?addrs=192.168.250.102-9618&alias=empire.hcms.it&noUDP&sock=startd_2716409_3615>
	SlotName: slot1_1@empire.hcms.it
	CondorScratchDir = "/var/lib/condor/execute/dir_3296156"
	Cpus = 1
	Disk = 22792
	Memory = 1024
...
006 (407255.000.000) 2026-05-07 18:21:07 Image size of job updated: 59216
	55  -  MemoryUsage of job (MB)
	55668  -  ResidentSetSize of job (KB)
...
006 (407255.000.000) 2026-05-07 18:41:09 Image size of job updated: 356576
	55  -  MemoryUsage of job (MB)
	55668  -  ResidentSetSize of job (KB)
...
006 (407255.000.000) 2026-05-07 18:51:10 Image size of job updated: 358780
	55  -  MemoryUsage of job (MB)
	55668  -  ResidentSetSize of job (KB)
...
006 (407255.000.000) 2026-05-07 19:06:11 Image size of job updated: 358932
	57  -  MemoryUsage of job (MB)
	58280  -  ResidentSetSize of job (KB)
...
006 (407255.000.000) 2026-05-07 19:16:12 Image size of job updated: 359668
	57  -  MemoryUsage of job (MB)
	58280  -  ResidentSetSize of job (KB)
...
006 (407255.000.000) 2026-05-07 19:46:16 Image size of job updated: 361232
	57  -  MemoryUsage of job (MB)
	58280  -  ResidentSetSize of job (KB)
...
006 (407255.000.000) 2026-05-07 20:06:18 Image size of job updated: 361852
	57  -  MemoryUsage of job (MB)
	58280  -  ResidentSetSize of job (KB)
...
006 (407255.000.000) 2026-05-07 20:21:20 Image size of job updated: 368220
	57  -  MemoryUsage of job (MB)
	58280  -  ResidentSetSize of job (KB)
...
006 (407255.000.000) 2026-05-07 21:36:28 Image size of job updated: 368220
	59  -  MemoryUsage of job (MB)
	59784  -  ResidentSetSize of job (KB)
...
006 (407255.000.000) 2026-05-08 08:37:36 Image size of job updated: 368220
	59  -  MemoryUsage of job (MB)
	60304  -  ResidentSetSize of job (KB)
...
005 (407255.000.000) 2026-05-08 14:36:34 Job terminated.
	(1) Normal termination (return value 139)
		Usr 0 19:52:38, Sys 0 00:13:20  -  Run Remote Usage
		Usr 0 00:00:00, Sys 0 00:00:00  -  Run Local Usage
		Usr 0 19:52:38, Sys 0 00:13:20  -  Total Remote Usage
		Usr 0 00:00:00, Sys 0 00:00:00  -  Total Local Usage
	0  -  Run Bytes Sent By Job
	0  -  Run Bytes Received By Job
	0  -  Total Bytes Sent By Job
	0  -  Total Bytes Received By Job
	Partitionable Resources :    Usage  Request Allocated 
	   Cpus                 :     0.99        1         1 
	   Disk (KB)            :     1           1     22792 
	   Memory (MB)          :    59        1024      1024 

	Job terminated of its own accord at 2026-05-08T12:36:34Z with exit-code 139.
...
