000 (407442.000.000) 2026-05-07 18:20:43 Job submitted from host: <192.168.250.101:9618?addrs=192.168.250.101-9618&alias=hercules.hcms.it&noUDP&sock=schedd_3404051_6d7b>
...
001 (407442.000.000) 2026-05-07 18:21:02 Job executing on host: <192.168.250.103:9618?addrs=192.168.250.103-9618&alias=clipper.hcms.it&noUDP&sock=startd_3676022_e97e>
	SlotName: slot78_1@clipper.hcms.it
	CondorScratchDir = "/var/lib/condor/execute/dir_4192973"
	Cpus = 1
	Disk = 20734
	Memory = 1024
...
006 (407442.000.000) 2026-05-07 18:21:10 Image size of job updated: 57520
	55  -  MemoryUsage of job (MB)
	55620  -  ResidentSetSize of job (KB)
...
006 (407442.000.000) 2026-05-07 18:36:11 Image size of job updated: 354464
	55  -  MemoryUsage of job (MB)
	55900  -  ResidentSetSize of job (KB)
...
006 (407442.000.000) 2026-05-07 19:51:18 Image size of job updated: 360104
	55  -  MemoryUsage of job (MB)
	55900  -  ResidentSetSize of job (KB)
...
006 (407442.000.000) 2026-05-07 19:56:19 Image size of job updated: 360104
	56  -  MemoryUsage of job (MB)
	56700  -  ResidentSetSize of job (KB)
...
006 (407442.000.000) 2026-05-07 20:16:22 Image size of job updated: 360104
	57  -  MemoryUsage of job (MB)
	58056  -  ResidentSetSize of job (KB)
...
006 (407442.000.000) 2026-05-07 20:46:24 Image size of job updated: 360104
	58  -  MemoryUsage of job (MB)
	58792  -  ResidentSetSize of job (KB)
...
006 (407442.000.000) 2026-05-07 20:56:25 Image size of job updated: 360104
	58  -  MemoryUsage of job (MB)
	58944  -  ResidentSetSize of job (KB)
...
006 (407442.000.000) 2026-05-07 22:01:32 Image size of job updated: 360420
	58  -  MemoryUsage of job (MB)
	58944  -  ResidentSetSize of job (KB)
...
006 (407442.000.000) 2026-05-07 22:11:33 Image size of job updated: 360420
	58  -  MemoryUsage of job (MB)
	59008  -  ResidentSetSize of job (KB)
...
006 (407442.000.000) 2026-05-07 22:16:33 Image size of job updated: 360420
	58  -  MemoryUsage of job (MB)
	59024  -  ResidentSetSize of job (KB)
...
006 (407442.000.000) 2026-05-07 22:21:33 Image size of job updated: 360420
	58  -  MemoryUsage of job (MB)
	59056  -  ResidentSetSize of job (KB)
...
006 (407442.000.000) 2026-05-07 23:16:39 Image size of job updated: 360820
	58  -  MemoryUsage of job (MB)
	59056  -  ResidentSetSize of job (KB)
...
006 (407442.000.000) 2026-05-08 00:01:43 Image size of job updated: 360820
	58  -  MemoryUsage of job (MB)
	59304  -  ResidentSetSize of job (KB)
...
006 (407442.000.000) 2026-05-08 00:11:45 Image size of job updated: 360820
	58  -  MemoryUsage of job (MB)
	59360  -  ResidentSetSize of job (KB)
...
006 (407442.000.000) 2026-05-08 01:16:53 Image size of job updated: 360820
	141  -  MemoryUsage of job (MB)
	144064  -  ResidentSetSize of job (KB)
...
006 (407442.000.000) 2026-05-08 06:52:26 Image size of job updated: 361060
	141  -  MemoryUsage of job (MB)
	144064  -  ResidentSetSize of job (KB)
...
006 (407442.000.000) 2026-05-08 07:22:30 Image size of job updated: 362044
	141  -  MemoryUsage of job (MB)
	144064  -  ResidentSetSize of job (KB)
...
006 (407442.000.000) 2026-05-08 07:42:31 Image size of job updated: 362044
	351  -  MemoryUsage of job (MB)
	358432  -  ResidentSetSize of job (KB)
...
006 (407442.000.000) 2026-05-08 12:02:57 Image size of job updated: 363912
	351  -  MemoryUsage of job (MB)
	358432  -  ResidentSetSize of job (KB)
...
006 (407442.000.000) 2026-05-08 19:48:46 Image size of job updated: 366244
	351  -  MemoryUsage of job (MB)
	358432  -  ResidentSetSize of job (KB)
...
006 (407442.000.000) 2026-05-09 03:09:32 Image size of job updated: 367864
	351  -  MemoryUsage of job (MB)
	358432  -  ResidentSetSize of job (KB)
...
006 (407442.000.000) 2026-05-09 16:05:53 Image size of job updated: 367896
	351  -  MemoryUsage of job (MB)
	358432  -  ResidentSetSize of job (KB)
...
005 (407442.000.000) 2026-05-09 19:35:27 Job terminated.
	(1) Normal termination (return value 139)
		Usr 1 23:39:34, Sys 0 01:13:37  -  Run Remote Usage
		Usr 0 00:00:00, Sys 0 00:00:00  -  Run Local Usage
		Usr 1 23:39:34, Sys 0 01:13:37  -  Total Remote Usage
		Usr 0 00:00:00, Sys 0 00:00:00  -  Total Local Usage
	0  -  Run Bytes Sent By Job
	0  -  Run Bytes Received By Job
	0  -  Total Bytes Sent By Job
	0  -  Total Bytes Received By Job
	Partitionable Resources :    Usage  Request Allocated 
	   Cpus                 :     0.99        1         1 
	   Disk (KB)            :     1           1     20734 
	   Memory (MB)          :   351        1024      1024 

	Job terminated of its own accord at 2026-05-09T17:35:27Z with exit-code 139.
...
