000 (407186.000.000) 2026-05-07 18:20:37 Job submitted from host: <192.168.250.101:9618?addrs=192.168.250.101-9618&alias=hercules.hcms.it&noUDP&sock=schedd_3404051_6d7b>
...
001 (407186.000.000) 2026-05-07 18:21:00 Job executing on host: <192.168.250.23:9618?addrs=192.168.250.23-9618&alias=pccms13.hcms.it&noUDP&sock=startd_4182521_18e8>
	SlotName: slot56_1@pccms13.hcms.it
	CondorScratchDir = "/var/lib/condor/execute/dir_538178"
	Cpus = 1
	Disk = 23466
	Memory = 1024
...
006 (407186.000.000) 2026-05-07 18:21:08 Image size of job updated: 47320
	47  -  MemoryUsage of job (MB)
	47144  -  ResidentSetSize of job (KB)
...
006 (407186.000.000) 2026-05-07 18:26:08 Image size of job updated: 47604
	47  -  MemoryUsage of job (MB)
	47144  -  ResidentSetSize of job (KB)
...
006 (407186.000.000) 2026-05-07 18:31:09 Image size of job updated: 333008
	47  -  MemoryUsage of job (MB)
	47144  -  ResidentSetSize of job (KB)
...
006 (407186.000.000) 2026-05-07 18:36:10 Image size of job updated: 333516
	47  -  MemoryUsage of job (MB)
	47144  -  ResidentSetSize of job (KB)
...
006 (407186.000.000) 2026-05-07 18:41:10 Image size of job updated: 334496
	47  -  MemoryUsage of job (MB)
	47520  -  ResidentSetSize of job (KB)
...
006 (407186.000.000) 2026-05-07 19:06:13 Image size of job updated: 335180
	47  -  MemoryUsage of job (MB)
	47520  -  ResidentSetSize of job (KB)
...
006 (407186.000.000) 2026-05-07 19:16:14 Image size of job updated: 335280
	47  -  MemoryUsage of job (MB)
	47520  -  ResidentSetSize of job (KB)
...
006 (407186.000.000) 2026-05-07 19:56:18 Image size of job updated: 336296
	47  -  MemoryUsage of job (MB)
	47520  -  ResidentSetSize of job (KB)
...
006 (407186.000.000) 2026-05-07 20:16:20 Image size of job updated: 337636
	47  -  MemoryUsage of job (MB)
	48032  -  ResidentSetSize of job (KB)
...
006 (407186.000.000) 2026-05-07 21:56:30 Image size of job updated: 337760
	47  -  MemoryUsage of job (MB)
	48032  -  ResidentSetSize of job (KB)
...
006 (407186.000.000) 2026-05-07 22:31:34 Image size of job updated: 341532
	47  -  MemoryUsage of job (MB)
	48032  -  ResidentSetSize of job (KB)
...
006 (407186.000.000) 2026-05-07 23:51:41 Image size of job updated: 341532
	47  -  MemoryUsage of job (MB)
	48072  -  ResidentSetSize of job (KB)
...
006 (407186.000.000) 2026-05-08 01:21:50 Image size of job updated: 341532
	48  -  MemoryUsage of job (MB)
	48404  -  ResidentSetSize of job (KB)
...
006 (407186.000.000) 2026-05-08 01:41:52 Image size of job updated: 341532
	48  -  MemoryUsage of job (MB)
	48424  -  ResidentSetSize of job (KB)
...
006 (407186.000.000) 2026-05-08 02:06:55 Image size of job updated: 341532
	48  -  MemoryUsage of job (MB)
	48600  -  ResidentSetSize of job (KB)
...
006 (407186.000.000) 2026-05-08 03:07:01 Image size of job updated: 341532
	50  -  MemoryUsage of job (MB)
	50256  -  ResidentSetSize of job (KB)
...
006 (407186.000.000) 2026-05-08 03:27:03 Image size of job updated: 341532
	52  -  MemoryUsage of job (MB)
	52828  -  ResidentSetSize of job (KB)
...
006 (407186.000.000) 2026-05-08 03:32:04 Image size of job updated: 341532
	52  -  MemoryUsage of job (MB)
	52872  -  ResidentSetSize of job (KB)
...
006 (407186.000.000) 2026-05-08 03:42:04 Image size of job updated: 341532
	52  -  MemoryUsage of job (MB)
	52884  -  ResidentSetSize of job (KB)
...
006 (407186.000.000) 2026-05-08 04:07:08 Image size of job updated: 341532
	52  -  MemoryUsage of job (MB)
	53020  -  ResidentSetSize of job (KB)
...
006 (407186.000.000) 2026-05-08 05:52:18 Image size of job updated: 341532
	54  -  MemoryUsage of job (MB)
	54996  -  ResidentSetSize of job (KB)
...
006 (407186.000.000) 2026-05-08 05:57:18 Image size of job updated: 341532
	54  -  MemoryUsage of job (MB)
	55084  -  ResidentSetSize of job (KB)
...
006 (407186.000.000) 2026-05-08 07:12:28 Image size of job updated: 341532
	54  -  MemoryUsage of job (MB)
	55116  -  ResidentSetSize of job (KB)
...
006 (407186.000.000) 2026-05-08 09:17:42 Image size of job updated: 342284
	54  -  MemoryUsage of job (MB)
	55116  -  ResidentSetSize of job (KB)
...
006 (407186.000.000) 2026-05-08 09:32:43 Image size of job updated: 347896
	54  -  MemoryUsage of job (MB)
	55116  -  ResidentSetSize of job (KB)
...
006 (407186.000.000) 2026-05-08 09:52:46 Image size of job updated: 349004
	54  -  MemoryUsage of job (MB)
	55116  -  ResidentSetSize of job (KB)
...
006 (407186.000.000) 2026-05-08 10:22:48 Image size of job updated: 349004
	55  -  MemoryUsage of job (MB)
	55716  -  ResidentSetSize of job (KB)
...
006 (407186.000.000) 2026-05-08 11:12:53 Image size of job updated: 349004
	55  -  MemoryUsage of job (MB)
	55920  -  ResidentSetSize of job (KB)
...
006 (407186.000.000) 2026-05-08 12:33:02 Image size of job updated: 349004
	235  -  MemoryUsage of job (MB)
	240608  -  ResidentSetSize of job (KB)
...
006 (407186.000.000) 2026-05-08 12:38:02 Image size of job updated: 349004
	236  -  MemoryUsage of job (MB)
	240864  -  ResidentSetSize of job (KB)
...
006 (407186.000.000) 2026-05-08 14:28:14 Image size of job updated: 349004
	243  -  MemoryUsage of job (MB)
	248680  -  ResidentSetSize of job (KB)
...
006 (407186.000.000) 2026-05-08 14:33:14 Image size of job updated: 349004
	244  -  MemoryUsage of job (MB)
	248936  -  ResidentSetSize of job (KB)
...
005 (407186.000.000) 2026-05-08 20:59:01 Job terminated.
	(1) Normal termination (return value 139)
		Usr 0 23:50:29, Sys 0 02:33:36  -  Run Remote Usage
		Usr 0 00:00:00, Sys 0 00:00:00  -  Run Local Usage
		Usr 0 23:50:29, Sys 0 02:33:36  -  Total Remote Usage
		Usr 0 00:00:00, Sys 0 00:00:00  -  Total Local Usage
	0  -  Run Bytes Sent By Job
	0  -  Run Bytes Received By Job
	0  -  Total Bytes Sent By Job
	0  -  Total Bytes Received By Job
	Partitionable Resources :    Usage  Request Allocated 
	   Cpus                 :     0.98        1         1 
	   Disk (KB)            :     1           1     23466 
	   Memory (MB)          :   244        1024      1024 

	Job terminated of its own accord at 2026-05-08T18:59:01Z with exit-code 139.
...
