000 (407143.000.000) 2026-05-07 18:20:36 Job submitted from host: <192.168.250.101:9618?addrs=192.168.250.101-9618&alias=hercules.hcms.it&noUDP&sock=schedd_3404051_6d7b>
...
001 (407143.000.000) 2026-05-07 18:20:59 Job executing on host: <192.168.250.23:9618?addrs=192.168.250.23-9618&alias=pccms13.hcms.it&noUDP&sock=startd_4182521_18e8>
	SlotName: slot13_1@pccms13.hcms.it
	CondorScratchDir = "/var/lib/condor/execute/dir_537773"
	Cpus = 1
	Disk = 23466
	Memory = 1024
...
006 (407143.000.000) 2026-05-07 18:21:07 Image size of job updated: 36624
	31  -  MemoryUsage of job (MB)
	31136  -  ResidentSetSize of job (KB)
...
006 (407143.000.000) 2026-05-07 18:26:07 Image size of job updated: 36660
	31  -  MemoryUsage of job (MB)
	31136  -  ResidentSetSize of job (KB)
...
006 (407143.000.000) 2026-05-07 18:36:08 Image size of job updated: 36660
	31  -  MemoryUsage of job (MB)
	31180  -  ResidentSetSize of job (KB)
...
006 (407143.000.000) 2026-05-07 18:51:10 Image size of job updated: 36660
	32  -  MemoryUsage of job (MB)
	32656  -  ResidentSetSize of job (KB)
...
006 (407143.000.000) 2026-05-07 18:56:10 Image size of job updated: 324056
	32  -  MemoryUsage of job (MB)
	32656  -  ResidentSetSize of job (KB)
...
006 (407143.000.000) 2026-05-07 19:01:11 Image size of job updated: 325516
	32  -  MemoryUsage of job (MB)
	32656  -  ResidentSetSize of job (KB)
...
006 (407143.000.000) 2026-05-07 19:06:12 Image size of job updated: 325516
	50  -  MemoryUsage of job (MB)
	50280  -  ResidentSetSize of job (KB)
...
006 (407143.000.000) 2026-05-07 19:11:12 Image size of job updated: 326016
	50  -  MemoryUsage of job (MB)
	50280  -  ResidentSetSize of job (KB)
...
006 (407143.000.000) 2026-05-07 19:21:14 Image size of job updated: 329412
	50  -  MemoryUsage of job (MB)
	50280  -  ResidentSetSize of job (KB)
...
006 (407143.000.000) 2026-05-07 20:16:19 Image size of job updated: 329620
	50  -  MemoryUsage of job (MB)
	50280  -  ResidentSetSize of job (KB)
...
006 (407143.000.000) 2026-05-07 20:21:19 Image size of job updated: 330700
	50  -  MemoryUsage of job (MB)
	50280  -  ResidentSetSize of job (KB)
...
006 (407143.000.000) 2026-05-07 20:26:20 Image size of job updated: 331940
	50  -  MemoryUsage of job (MB)
	50280  -  ResidentSetSize of job (KB)
...
006 (407143.000.000) 2026-05-07 20:41:21 Image size of job updated: 333036
	50  -  MemoryUsage of job (MB)
	50280  -  ResidentSetSize of job (KB)
...
006 (407143.000.000) 2026-05-07 21:56:29 Image size of job updated: 334524
	50  -  MemoryUsage of job (MB)
	50280  -  ResidentSetSize of job (KB)
...
006 (407143.000.000) 2026-05-08 01:41:53 Image size of job updated: 335244
	50  -  MemoryUsage of job (MB)
	50280  -  ResidentSetSize of job (KB)
...
006 (407143.000.000) 2026-05-08 06:32:24 Image size of job updated: 336780
	50  -  MemoryUsage of job (MB)
	50280  -  ResidentSetSize of job (KB)
...
006 (407143.000.000) 2026-05-09 01:59:24 Image size of job updated: 336780
	50  -  MemoryUsage of job (MB)
	50304  -  ResidentSetSize of job (KB)
...
006 (407143.000.000) 2026-05-09 02:04:24 Image size of job updated: 336780
	50  -  MemoryUsage of job (MB)
	50364  -  ResidentSetSize of job (KB)
...
006 (407143.000.000) 2026-05-09 02:09:24 Image size of job updated: 336780
	50  -  MemoryUsage of job (MB)
	50404  -  ResidentSetSize of job (KB)
...
006 (407143.000.000) 2026-05-09 02:14:25 Image size of job updated: 336780
	50  -  MemoryUsage of job (MB)
	50484  -  ResidentSetSize of job (KB)
...
006 (407143.000.000) 2026-05-09 02:24:25 Image size of job updated: 341748
	50  -  MemoryUsage of job (MB)
	50484  -  ResidentSetSize of job (KB)
...
006 (407143.000.000) 2026-05-09 02:29:26 Image size of job updated: 344904
	50  -  MemoryUsage of job (MB)
	50484  -  ResidentSetSize of job (KB)
...
006 (407143.000.000) 2026-05-09 02:34:27 Image size of job updated: 349036
	50  -  MemoryUsage of job (MB)
	50484  -  ResidentSetSize of job (KB)
...
006 (407143.000.000) 2026-05-09 02:49:29 Image size of job updated: 351172
	50  -  MemoryUsage of job (MB)
	50484  -  ResidentSetSize of job (KB)
...
006 (407143.000.000) 2026-05-09 03:49:34 Image size of job updated: 351172
	51  -  MemoryUsage of job (MB)
	51968  -  ResidentSetSize of job (KB)
...
006 (407143.000.000) 2026-05-09 04:09:36 Image size of job updated: 352188
	51  -  MemoryUsage of job (MB)
	51968  -  ResidentSetSize of job (KB)
...
006 (407143.000.000) 2026-05-09 04:34:39 Image size of job updated: 352188
	52  -  MemoryUsage of job (MB)
	52676  -  ResidentSetSize of job (KB)
...
006 (407143.000.000) 2026-05-09 05:24:44 Image size of job updated: 352656
	52  -  MemoryUsage of job (MB)
	52676  -  ResidentSetSize of job (KB)
...
006 (407143.000.000) 2026-05-09 06:34:52 Image size of job updated: 353212
	52  -  MemoryUsage of job (MB)
	52676  -  ResidentSetSize of job (KB)
...
006 (407143.000.000) 2026-05-09 07:19:56 Image size of job updated: 353212
	52  -  MemoryUsage of job (MB)
	53060  -  ResidentSetSize of job (KB)
...
006 (407143.000.000) 2026-05-09 07:39:59 Image size of job updated: 354960
	52  -  MemoryUsage of job (MB)
	53060  -  ResidentSetSize of job (KB)
...
006 (407143.000.000) 2026-05-09 09:20:08 Image size of job updated: 356012
	52  -  MemoryUsage of job (MB)
	53060  -  ResidentSetSize of job (KB)
...
006 (407143.000.000) 2026-05-10 07:47:27 Image size of job updated: 356012
	53  -  MemoryUsage of job (MB)
	53708  -  ResidentSetSize of job (KB)
...
006 (407143.000.000) 2026-05-10 07:52:27 Image size of job updated: 356012
	58  -  MemoryUsage of job (MB)
	58428  -  ResidentSetSize of job (KB)
...
006 (407143.000.000) 2026-05-10 07:57:29 Image size of job updated: 357976
	60  -  MemoryUsage of job (MB)
	60560  -  ResidentSetSize of job (KB)
...
006 (407143.000.000) 2026-05-10 08:02:29 Image size of job updated: 361176
	60  -  MemoryUsage of job (MB)
	60560  -  ResidentSetSize of job (KB)
...
005 (407143.000.000) 2026-05-10 08:05:36 Job terminated.
	(1) Normal termination (return value 139)
		Usr 2 10:40:33, Sys 0 02:35:42  -  Run Remote Usage
		Usr 0 00:00:00, Sys 0 00:00:00  -  Run Local Usage
		Usr 2 10:40:33, Sys 0 02:35:42  -  Total Remote Usage
		Usr 0 00:00:00, Sys 0 00:00:00  -  Total Local Usage
	0  -  Run Bytes Sent By Job
	0  -  Run Bytes Received By Job
	0  -  Total Bytes Sent By Job
	0  -  Total Bytes Received By Job
	Partitionable Resources :    Usage  Request Allocated 
	   Cpus                 :     0.98        1         1 
	   Disk (KB)            :     1           1     23466 
	   Memory (MB)          :    60        1024      1024 

	Job terminated of its own accord at 2026-05-10T06:05:36Z with exit-code 139.
...
