000 (407339.000.000) 2026-05-07 18:20:41 Job submitted from host: <192.168.250.101:9618?addrs=192.168.250.101-9618&alias=hercules.hcms.it&noUDP&sock=schedd_3404051_6d7b>
...
001 (407339.000.000) 2026-05-07 18:21:01 Job executing on host: <192.168.250.102:9618?addrs=192.168.250.102-9618&alias=empire.hcms.it&noUDP&sock=startd_2716409_3615>
	SlotName: slot85_1@empire.hcms.it
	CondorScratchDir = "/var/lib/condor/execute/dir_3296261"
	Cpus = 1
	Disk = 22792
	Memory = 1024
...
006 (407339.000.000) 2026-05-07 18:21:10 Image size of job updated: 52872
	52  -  MemoryUsage of job (MB)
	52664  -  ResidentSetSize of job (KB)
...
006 (407339.000.000) 2026-05-07 18:26:11 Image size of job updated: 52896
	52  -  MemoryUsage of job (MB)
	52664  -  ResidentSetSize of job (KB)
...
006 (407339.000.000) 2026-05-07 18:51:14 Image size of job updated: 356680
	52  -  MemoryUsage of job (MB)
	52664  -  ResidentSetSize of job (KB)
...
006 (407339.000.000) 2026-05-07 19:26:17 Image size of job updated: 359484
	52  -  MemoryUsage of job (MB)
	52664  -  ResidentSetSize of job (KB)
...
006 (407339.000.000) 2026-05-07 23:01:39 Image size of job updated: 359696
	52  -  MemoryUsage of job (MB)
	52664  -  ResidentSetSize of job (KB)
...
006 (407339.000.000) 2026-05-08 01:06:52 Image size of job updated: 359696
	53  -  MemoryUsage of job (MB)
	54236  -  ResidentSetSize of job (KB)
...
006 (407339.000.000) 2026-05-08 01:11:52 Image size of job updated: 359696
	55  -  MemoryUsage of job (MB)
	55516  -  ResidentSetSize of job (KB)
...
006 (407339.000.000) 2026-05-08 01:21:53 Image size of job updated: 362688
	55  -  MemoryUsage of job (MB)
	55516  -  ResidentSetSize of job (KB)
...
006 (407339.000.000) 2026-05-08 02:06:57 Image size of job updated: 363764
	55  -  MemoryUsage of job (MB)
	56092  -  ResidentSetSize of job (KB)
...
006 (407339.000.000) 2026-05-08 04:47:14 Image size of job updated: 363764
	55  -  MemoryUsage of job (MB)
	56300  -  ResidentSetSize of job (KB)
...
006 (407339.000.000) 2026-05-08 08:07:35 Image size of job updated: 365648
	57  -  MemoryUsage of job (MB)
	58160  -  ResidentSetSize of job (KB)
...
006 (407339.000.000) 2026-05-08 08:22:36 Image size of job updated: 365648
	320  -  MemoryUsage of job (MB)
	326692  -  ResidentSetSize of job (KB)
...
006 (407339.000.000) 2026-05-08 13:38:09 Image size of job updated: 369252
	320  -  MemoryUsage of job (MB)
	326692  -  ResidentSetSize of job (KB)
...
005 (407339.000.000) 2026-05-08 20:19:21 Job terminated.
	(1) Normal termination (return value 139)
		Usr 1 01:30:17, Sys 0 00:15:06  -  Run Remote Usage
		Usr 0 00:00:00, Sys 0 00:00:00  -  Run Local Usage
		Usr 1 01:30:17, Sys 0 00:15:06  -  Total Remote Usage
		Usr 0 00:00:00, Sys 0 00:00:00  -  Total Local Usage
	0  -  Run Bytes Sent By Job
	0  -  Run Bytes Received By Job
	0  -  Total Bytes Sent By Job
	0  -  Total Bytes Received By Job
	Partitionable Resources :    Usage  Request Allocated 
	   Cpus                 :     0.99        1         1 
	   Disk (KB)            :     1           1     22792 
	   Memory (MB)          :   320        1024      1024 

	Job terminated of its own accord at 2026-05-08T18:19:21Z with exit-code 139.
...
