000 (407422.000.000) 2026-05-07 18:20:43 Job submitted from host: <192.168.250.101:9618?addrs=192.168.250.101-9618&alias=hercules.hcms.it&noUDP&sock=schedd_3404051_6d7b>
...
001 (407422.000.000) 2026-05-07 18:21:01 Job executing on host: <192.168.250.103:9618?addrs=192.168.250.103-9618&alias=clipper.hcms.it&noUDP&sock=startd_3676022_e97e>
	SlotName: slot58_1@clipper.hcms.it
	CondorScratchDir = "/var/lib/condor/execute/dir_4192956"
	Cpus = 1
	Disk = 20734
	Memory = 1024
...
006 (407422.000.000) 2026-05-07 18:21:10 Image size of job updated: 52864
	52  -  MemoryUsage of job (MB)
	52764  -  ResidentSetSize of job (KB)
...
006 (407422.000.000) 2026-05-07 18:26:11 Image size of job updated: 52904
	52  -  MemoryUsage of job (MB)
	52764  -  ResidentSetSize of job (KB)
...
006 (407422.000.000) 2026-05-07 18:31:12 Image size of job updated: 52944
	52  -  MemoryUsage of job (MB)
	52872  -  ResidentSetSize of job (KB)
...
006 (407422.000.000) 2026-05-07 19:36:18 Image size of job updated: 358844
	52  -  MemoryUsage of job (MB)
	52872  -  ResidentSetSize of job (KB)
...
006 (407422.000.000) 2026-05-07 19:56:20 Image size of job updated: 358844
	54  -  MemoryUsage of job (MB)
	54856  -  ResidentSetSize of job (KB)
...
006 (407422.000.000) 2026-05-07 20:06:21 Image size of job updated: 358844
	54  -  MemoryUsage of job (MB)
	54884  -  ResidentSetSize of job (KB)
...
006 (407422.000.000) 2026-05-07 21:56:32 Image size of job updated: 360304
	54  -  MemoryUsage of job (MB)
	54884  -  ResidentSetSize of job (KB)
...
006 (407422.000.000) 2026-05-07 22:16:33 Image size of job updated: 364740
	56  -  MemoryUsage of job (MB)
	57248  -  ResidentSetSize of job (KB)
...
006 (407422.000.000) 2026-05-08 00:01:44 Image size of job updated: 364740
	164  -  MemoryUsage of job (MB)
	167052  -  ResidentSetSize of job (KB)
...
006 (407422.000.000) 2026-05-08 01:56:56 Image size of job updated: 365252
	164  -  MemoryUsage of job (MB)
	167052  -  ResidentSetSize of job (KB)
...
006 (407422.000.000) 2026-05-08 20:58:56 Image size of job updated: 365252
	243  -  MemoryUsage of job (MB)
	247888  -  ResidentSetSize of job (KB)
...
006 (407422.000.000) 2026-05-09 01:34:25 Image size of job updated: 366204
	243  -  MemoryUsage of job (MB)
	247888  -  ResidentSetSize of job (KB)
...
006 (407422.000.000) 2026-05-09 12:35:32 Image size of job updated: 367552
	243  -  MemoryUsage of job (MB)
	247888  -  ResidentSetSize of job (KB)
...
005 (407422.000.000) 2026-05-09 13:23:09 Job terminated.
	(1) Normal termination (return value 139)
		Usr 1 17:27:42, Sys 0 01:15:18  -  Run Remote Usage
		Usr 0 00:00:00, Sys 0 00:00:00  -  Run Local Usage
		Usr 1 17:27:42, Sys 0 01:15:18  -  Total Remote Usage
		Usr 0 00:00:00, Sys 0 00:00:00  -  Total Local Usage
	0  -  Run Bytes Sent By Job
	0  -  Run Bytes Received By Job
	0  -  Total Bytes Sent By Job
	0  -  Total Bytes Received By Job
	Partitionable Resources :    Usage  Request Allocated 
	   Cpus                 :     0.99        1         1 
	   Disk (KB)            :     1           1     20734 
	   Memory (MB)          :   243        1024      1024 

	Job terminated of its own accord at 2026-05-09T11:23:09Z with exit-code 139.
...
