000 (407469.000.000) 2026-05-07 18:20:44 Job submitted from host: <192.168.250.101:9618?addrs=192.168.250.101-9618&alias=hercules.hcms.it&noUDP&sock=schedd_3404051_6d7b>
...
001 (407469.000.000) 2026-05-07 18:21:01 Job executing on host: <192.168.250.103:9618?addrs=192.168.250.103-9618&alias=clipper.hcms.it&noUDP&sock=startd_3676022_e97e>
	SlotName: slot105_1@clipper.hcms.it
	CondorScratchDir = "/var/lib/condor/execute/dir_4193146"
	Cpus = 1
	Disk = 20734
	Memory = 1024
...
006 (407469.000.000) 2026-05-07 18:21:10 Image size of job updated: 55548
	55  -  MemoryUsage of job (MB)
	55364  -  ResidentSetSize of job (KB)
...
006 (407469.000.000) 2026-05-07 18:26:11 Image size of job updated: 55568
	55  -  MemoryUsage of job (MB)
	55364  -  ResidentSetSize of job (KB)
...
006 (407469.000.000) 2026-05-07 18:31:11 Image size of job updated: 55816
	55  -  MemoryUsage of job (MB)
	55504  -  ResidentSetSize of job (KB)
...
006 (407469.000.000) 2026-05-07 18:36:11 Image size of job updated: 55816
	55  -  MemoryUsage of job (MB)
	55576  -  ResidentSetSize of job (KB)
...
006 (407469.000.000) 2026-05-07 18:41:12 Image size of job updated: 55888
	55  -  MemoryUsage of job (MB)
	55576  -  ResidentSetSize of job (KB)
...
006 (407469.000.000) 2026-05-07 20:31:23 Image size of job updated: 359084
	57  -  MemoryUsage of job (MB)
	57624  -  ResidentSetSize of job (KB)
...
006 (407469.000.000) 2026-05-07 21:06:26 Image size of job updated: 359516
	57  -  MemoryUsage of job (MB)
	58164  -  ResidentSetSize of job (KB)
...
006 (407469.000.000) 2026-05-07 22:26:35 Image size of job updated: 359516
	57  -  MemoryUsage of job (MB)
	58272  -  ResidentSetSize of job (KB)
...
006 (407469.000.000) 2026-05-07 23:31:42 Image size of job updated: 360068
	57  -  MemoryUsage of job (MB)
	58272  -  ResidentSetSize of job (KB)
...
006 (407469.000.000) 2026-05-08 00:26:47 Image size of job updated: 360992
	57  -  MemoryUsage of job (MB)
	58272  -  ResidentSetSize of job (KB)
...
006 (407469.000.000) 2026-05-08 00:31:49 Image size of job updated: 360992
	57  -  MemoryUsage of job (MB)
	58352  -  ResidentSetSize of job (KB)
...
006 (407469.000.000) 2026-05-08 02:57:03 Image size of job updated: 360992
	58  -  MemoryUsage of job (MB)
	58400  -  ResidentSetSize of job (KB)
...
006 (407469.000.000) 2026-05-08 06:02:22 Image size of job updated: 360992
	58  -  MemoryUsage of job (MB)
	58624  -  ResidentSetSize of job (KB)
...
006 (407469.000.000) 2026-05-08 07:02:28 Image size of job updated: 364596
	60  -  MemoryUsage of job (MB)
	61120  -  ResidentSetSize of job (KB)
...
006 (407469.000.000) 2026-05-08 10:22:48 Image size of job updated: 364596
	245  -  MemoryUsage of job (MB)
	250740  -  ResidentSetSize of job (KB)
...
006 (407469.000.000) 2026-05-08 11:07:54 Image size of job updated: 364708
	245  -  MemoryUsage of job (MB)
	250740  -  ResidentSetSize of job (KB)
...
006 (407469.000.000) 2026-05-08 17:38:35 Image size of job updated: 369376
	245  -  MemoryUsage of job (MB)
	250740  -  ResidentSetSize of job (KB)
...
006 (407469.000.000) 2026-05-08 23:04:10 Image size of job updated: 369376
	351  -  MemoryUsage of job (MB)
	358520  -  ResidentSetSize of job (KB)
...
006 (407469.000.000) 2026-05-09 21:56:29 Image size of job updated: 370764
	351  -  MemoryUsage of job (MB)
	358520  -  ResidentSetSize of job (KB)
...
005 (407469.000.000) 2026-05-09 23:19:03 Job terminated.
	(1) Normal termination (return value 139)
		Usr 2 03:22:39, Sys 0 01:13:19  -  Run Remote Usage
		Usr 0 00:00:00, Sys 0 00:00:00  -  Run Local Usage
		Usr 2 03:22:39, Sys 0 01:13:19  -  Total Remote Usage
		Usr 0 00:00:00, Sys 0 00:00:00  -  Total Local Usage
	0  -  Run Bytes Sent By Job
	0  -  Run Bytes Received By Job
	0  -  Total Bytes Sent By Job
	0  -  Total Bytes Received By Job
	Partitionable Resources :    Usage  Request Allocated 
	   Cpus                 :     0.60        1         1 
	   Disk (KB)            :     1           1     20734 
	   Memory (MB)          :   351        1024      1024 

	Job terminated of its own accord at 2026-05-09T21:19:03Z with exit-code 139.
...
