000 (407377.000.000) 2026-05-07 18:20:42 Job submitted from host: <192.168.250.101:9618?addrs=192.168.250.101-9618&alias=hercules.hcms.it&noUDP&sock=schedd_3404051_6d7b>
...
001 (407377.000.000) 2026-05-07 18:21:01 Job executing on host: <192.168.250.103:9618?addrs=192.168.250.103-9618&alias=clipper.hcms.it&noUDP&sock=startd_3676022_e97e>
	SlotName: slot13_1@clipper.hcms.it
	CondorScratchDir = "/var/lib/condor/execute/dir_4192905"
	Cpus = 1
	Disk = 20734
	Memory = 1024
...
006 (407377.000.000) 2026-05-07 18:21:10 Image size of job updated: 52812
	49  -  MemoryUsage of job (MB)
	49792  -  ResidentSetSize of job (KB)
...
006 (407377.000.000) 2026-05-07 18:26:11 Image size of job updated: 52816
	50  -  MemoryUsage of job (MB)
	51072  -  ResidentSetSize of job (KB)
...
006 (407377.000.000) 2026-05-07 18:41:13 Image size of job updated: 356368
	52  -  MemoryUsage of job (MB)
	52708  -  ResidentSetSize of job (KB)
...
006 (407377.000.000) 2026-05-07 19:26:17 Image size of job updated: 356368
	52  -  MemoryUsage of job (MB)
	52924  -  ResidentSetSize of job (KB)
...
006 (407377.000.000) 2026-05-07 20:06:21 Image size of job updated: 356368
	53  -  MemoryUsage of job (MB)
	54056  -  ResidentSetSize of job (KB)
...
006 (407377.000.000) 2026-05-07 21:06:27 Image size of job updated: 358076
	53  -  MemoryUsage of job (MB)
	54056  -  ResidentSetSize of job (KB)
...
006 (407377.000.000) 2026-05-07 21:11:28 Image size of job updated: 359224
	53  -  MemoryUsage of job (MB)
	54056  -  ResidentSetSize of job (KB)
...
006 (407377.000.000) 2026-05-07 22:51:38 Image size of job updated: 359224
	53  -  MemoryUsage of job (MB)
	54064  -  ResidentSetSize of job (KB)
...
006 (407377.000.000) 2026-05-07 22:56:38 Image size of job updated: 359224
	53  -  MemoryUsage of job (MB)
	54268  -  ResidentSetSize of job (KB)
...
006 (407377.000.000) 2026-05-08 00:56:51 Image size of job updated: 359224
	54  -  MemoryUsage of job (MB)
	54360  -  ResidentSetSize of job (KB)
...
006 (407377.000.000) 2026-05-08 01:16:53 Image size of job updated: 359224
	54  -  MemoryUsage of job (MB)
	54656  -  ResidentSetSize of job (KB)
...
006 (407377.000.000) 2026-05-08 02:47:02 Image size of job updated: 361192
	55  -  MemoryUsage of job (MB)
	55592  -  ResidentSetSize of job (KB)
...
006 (407377.000.000) 2026-05-08 03:17:06 Image size of job updated: 361192
	143  -  MemoryUsage of job (MB)
	145680  -  ResidentSetSize of job (KB)
...
006 (407377.000.000) 2026-05-08 05:52:21 Image size of job updated: 361392
	143  -  MemoryUsage of job (MB)
	145680  -  ResidentSetSize of job (KB)
...
006 (407377.000.000) 2026-05-08 07:57:35 Image size of job updated: 364024
	143  -  MemoryUsage of job (MB)
	145680  -  ResidentSetSize of job (KB)
...
006 (407377.000.000) 2026-05-08 13:58:10 Image size of job updated: 365836
	143  -  MemoryUsage of job (MB)
	145680  -  ResidentSetSize of job (KB)
...
006 (407377.000.000) 2026-05-08 14:28:14 Image size of job updated: 365836
	240  -  MemoryUsage of job (MB)
	245640  -  ResidentSetSize of job (KB)
...
005 (407377.000.000) 2026-05-09 09:07:44 Job terminated.
	(1) Normal termination (return value 139)
		Usr 1 13:12:56, Sys 0 01:16:20  -  Run Remote Usage
		Usr 0 00:00:00, Sys 0 00:00:00  -  Run Local Usage
		Usr 1 13:12:56, Sys 0 01:16:20  -  Total Remote Usage
		Usr 0 00:00:00, Sys 0 00:00:00  -  Total Local Usage
	0  -  Run Bytes Sent By Job
	0  -  Run Bytes Received By Job
	0  -  Total Bytes Sent By Job
	0  -  Total Bytes Received By Job
	Partitionable Resources :    Usage  Request Allocated 
	   Cpus                 :     1.36        1         1 
	   Disk (KB)            :     1           1     20734 
	   Memory (MB)          :   240        1024      1024 

	Job terminated of its own accord at 2026-05-09T07:07:44Z with exit-code 139.
...
