000 (407158.000.000) 2026-05-07 18:20:37 Job submitted from host: <192.168.250.101:9618?addrs=192.168.250.101-9618&alias=hercules.hcms.it&noUDP&sock=schedd_3404051_6d7b>
...
001 (407158.000.000) 2026-05-07 18:21:00 Job executing on host: <192.168.250.23:9618?addrs=192.168.250.23-9618&alias=pccms13.hcms.it&noUDP&sock=startd_4182521_18e8>
	SlotName: slot28_1@pccms13.hcms.it
	CondorScratchDir = "/var/lib/condor/execute/dir_537809"
	Cpus = 1
	Disk = 23466
	Memory = 1024
...
006 (407158.000.000) 2026-05-07 18:21:08 Image size of job updated: 36572
	36  -  MemoryUsage of job (MB)
	36352  -  ResidentSetSize of job (KB)
...
006 (407158.000.000) 2026-05-07 18:26:08 Image size of job updated: 36668
	36  -  MemoryUsage of job (MB)
	36352  -  ResidentSetSize of job (KB)
...
006 (407158.000.000) 2026-05-07 18:56:11 Image size of job updated: 323852
	36  -  MemoryUsage of job (MB)
	36352  -  ResidentSetSize of job (KB)
...
006 (407158.000.000) 2026-05-07 19:01:11 Image size of job updated: 323860
	36  -  MemoryUsage of job (MB)
	36352  -  ResidentSetSize of job (KB)
...
006 (407158.000.000) 2026-05-07 19:21:13 Image size of job updated: 325200
	36  -  MemoryUsage of job (MB)
	36352  -  ResidentSetSize of job (KB)
...
006 (407158.000.000) 2026-05-07 19:36:14 Image size of job updated: 325260
	36  -  MemoryUsage of job (MB)
	36352  -  ResidentSetSize of job (KB)
...
006 (407158.000.000) 2026-05-07 19:41:15 Image size of job updated: 325460
	36  -  MemoryUsage of job (MB)
	36352  -  ResidentSetSize of job (KB)
...
006 (407158.000.000) 2026-05-07 19:46:16 Image size of job updated: 326096
	36  -  MemoryUsage of job (MB)
	36352  -  ResidentSetSize of job (KB)
...
006 (407158.000.000) 2026-05-07 20:36:21 Image size of job updated: 330184
	36  -  MemoryUsage of job (MB)
	36352  -  ResidentSetSize of job (KB)
...
006 (407158.000.000) 2026-05-07 20:51:23 Image size of job updated: 330184
	37  -  MemoryUsage of job (MB)
	37620  -  ResidentSetSize of job (KB)
...
006 (407158.000.000) 2026-05-07 21:06:24 Image size of job updated: 331388
	37  -  MemoryUsage of job (MB)
	37620  -  ResidentSetSize of job (KB)
...
006 (407158.000.000) 2026-05-07 21:41:27 Image size of job updated: 331388
	39  -  MemoryUsage of job (MB)
	39644  -  ResidentSetSize of job (KB)
...
006 (407158.000.000) 2026-05-07 21:46:27 Image size of job updated: 331524
	39  -  MemoryUsage of job (MB)
	39644  -  ResidentSetSize of job (KB)
...
006 (407158.000.000) 2026-05-07 22:11:29 Image size of job updated: 332312
	39  -  MemoryUsage of job (MB)
	39644  -  ResidentSetSize of job (KB)
...
006 (407158.000.000) 2026-05-08 03:22:03 Image size of job updated: 332312
	41  -  MemoryUsage of job (MB)
	41300  -  ResidentSetSize of job (KB)
...
006 (407158.000.000) 2026-05-08 04:07:08 Image size of job updated: 332772
	41  -  MemoryUsage of job (MB)
	41300  -  ResidentSetSize of job (KB)
...
006 (407158.000.000) 2026-05-08 06:42:23 Image size of job updated: 333964
	41  -  MemoryUsage of job (MB)
	41300  -  ResidentSetSize of job (KB)
...
006 (407158.000.000) 2026-05-08 07:22:27 Image size of job updated: 333964
	213  -  MemoryUsage of job (MB)
	218012  -  ResidentSetSize of job (KB)
...
006 (407158.000.000) 2026-05-08 23:29:05 Image size of job updated: 339484
	213  -  MemoryUsage of job (MB)
	218012  -  ResidentSetSize of job (KB)
...
006 (407158.000.000) 2026-05-08 23:34:06 Image size of job updated: 343960
	213  -  MemoryUsage of job (MB)
	218012  -  ResidentSetSize of job (KB)
...
006 (407158.000.000) 2026-05-08 23:39:06 Image size of job updated: 344252
	213  -  MemoryUsage of job (MB)
	218012  -  ResidentSetSize of job (KB)
...
006 (407158.000.000) 2026-05-08 23:54:07 Image size of job updated: 348424
	213  -  MemoryUsage of job (MB)
	218012  -  ResidentSetSize of job (KB)
...
006 (407158.000.000) 2026-05-09 02:09:22 Image size of job updated: 349116
	213  -  MemoryUsage of job (MB)
	218012  -  ResidentSetSize of job (KB)
...
006 (407158.000.000) 2026-05-09 06:59:53 Image size of job updated: 349708
	213  -  MemoryUsage of job (MB)
	218012  -  ResidentSetSize of job (KB)
...
005 (407158.000.000) 2026-05-09 20:26:38 Job terminated.
	(1) Normal termination (return value 139)
		Usr 1 23:00:03, Sys 0 02:40:49  -  Run Remote Usage
		Usr 0 00:00:00, Sys 0 00:00:00  -  Run Local Usage
		Usr 1 23:00:03, Sys 0 02:40:49  -  Total Remote Usage
		Usr 0 00:00:00, Sys 0 00:00:00  -  Total Local Usage
	0  -  Run Bytes Sent By Job
	0  -  Run Bytes Received By Job
	0  -  Total Bytes Sent By Job
	0  -  Total Bytes Received By Job
	Partitionable Resources :    Usage  Request Allocated 
	   Cpus                 :     0.99        1         1 
	   Disk (KB)            :     1           1     23466 
	   Memory (MB)          :   213        1024      1024 

	Job terminated of its own accord at 2026-05-09T18:26:38Z with exit-code 139.
...
