000 (407130.000.000) 2026-05-07 18:20:36 Job submitted from host: <192.168.250.101:9618?addrs=192.168.250.101-9618&alias=hercules.hcms.it&noUDP&sock=schedd_3404051_6d7b>
...
001 (407130.000.000) 2026-05-07 18:20:56 Job executing on host: <192.168.250.21:9618?addrs=192.168.250.21-9618&alias=pccms11.hcms.it&noUDP&sock=startd_3845377_5b11>
	SlotName: slot32_1@pccms11.hcms.it
	CondorScratchDir = "/var/lib/condor/execute/dir_1465154"
	Cpus = 1
	Disk = 7762
	Memory = 1024
...
006 (407130.000.000) 2026-05-07 18:21:05 Image size of job updated: 54768
	47  -  MemoryUsage of job (MB)
	47772  -  ResidentSetSize of job (KB)
...
006 (407130.000.000) 2026-05-07 18:41:07 Image size of job updated: 54768
	47  -  MemoryUsage of job (MB)
	47900  -  ResidentSetSize of job (KB)
...
006 (407130.000.000) 2026-05-07 18:56:09 Image size of job updated: 346908
	47  -  MemoryUsage of job (MB)
	47900  -  ResidentSetSize of job (KB)
...
006 (407130.000.000) 2026-05-07 19:01:10 Image size of job updated: 347556
	47  -  MemoryUsage of job (MB)
	47900  -  ResidentSetSize of job (KB)
...
006 (407130.000.000) 2026-05-07 19:06:10 Image size of job updated: 348656
	47  -  MemoryUsage of job (MB)
	47900  -  ResidentSetSize of job (KB)
...
006 (407130.000.000) 2026-05-07 19:11:10 Image size of job updated: 348656
	49  -  MemoryUsage of job (MB)
	50160  -  ResidentSetSize of job (KB)
...
006 (407130.000.000) 2026-05-07 19:16:11 Image size of job updated: 348656
	50  -  MemoryUsage of job (MB)
	50508  -  ResidentSetSize of job (KB)
...
006 (407130.000.000) 2026-05-07 19:31:12 Image size of job updated: 349648
	50  -  MemoryUsage of job (MB)
	50508  -  ResidentSetSize of job (KB)
...
006 (407130.000.000) 2026-05-07 20:41:19 Image size of job updated: 349648
	50  -  MemoryUsage of job (MB)
	50512  -  ResidentSetSize of job (KB)
...
006 (407130.000.000) 2026-05-07 21:06:22 Image size of job updated: 349648
	50  -  MemoryUsage of job (MB)
	50548  -  ResidentSetSize of job (KB)
...
006 (407130.000.000) 2026-05-07 21:16:22 Image size of job updated: 349648
	50  -  MemoryUsage of job (MB)
	50560  -  ResidentSetSize of job (KB)
...
006 (407130.000.000) 2026-05-07 21:31:24 Image size of job updated: 350888
	50  -  MemoryUsage of job (MB)
	50560  -  ResidentSetSize of job (KB)
...
006 (407130.000.000) 2026-05-07 21:56:27 Image size of job updated: 351044
	50  -  MemoryUsage of job (MB)
	50560  -  ResidentSetSize of job (KB)
...
006 (407130.000.000) 2026-05-07 22:56:34 Image size of job updated: 351044
	50  -  MemoryUsage of job (MB)
	50816  -  ResidentSetSize of job (KB)
...
006 (407130.000.000) 2026-05-07 23:46:39 Image size of job updated: 351652
	50  -  MemoryUsage of job (MB)
	50816  -  ResidentSetSize of job (KB)
...
006 (407130.000.000) 2026-05-08 00:26:42 Image size of job updated: 351652
	55  -  MemoryUsage of job (MB)
	55456  -  ResidentSetSize of job (KB)
...
006 (407130.000.000) 2026-05-08 00:31:42 Image size of job updated: 351652
	55  -  MemoryUsage of job (MB)
	55644  -  ResidentSetSize of job (KB)
...
006 (407130.000.000) 2026-05-08 05:17:14 Image size of job updated: 352376
	55  -  MemoryUsage of job (MB)
	55644  -  ResidentSetSize of job (KB)
...
006 (407130.000.000) 2026-05-08 05:22:14 Image size of job updated: 352376
	55  -  MemoryUsage of job (MB)
	55800  -  ResidentSetSize of job (KB)
...
006 (407130.000.000) 2026-05-08 05:47:16 Image size of job updated: 352376
	55  -  MemoryUsage of job (MB)
	55848  -  ResidentSetSize of job (KB)
...
006 (407130.000.000) 2026-05-08 09:32:39 Image size of job updated: 352376
	55  -  MemoryUsage of job (MB)
	56112  -  ResidentSetSize of job (KB)
...
006 (407130.000.000) 2026-05-08 11:57:55 Image size of job updated: 352376
	62  -  MemoryUsage of job (MB)
	62524  -  ResidentSetSize of job (KB)
...
006 (407130.000.000) 2026-05-08 12:02:55 Image size of job updated: 352376
	62  -  MemoryUsage of job (MB)
	62616  -  ResidentSetSize of job (KB)
...
006 (407130.000.000) 2026-05-08 12:37:59 Image size of job updated: 352376
	62  -  MemoryUsage of job (MB)
	63104  -  ResidentSetSize of job (KB)
...
006 (407130.000.000) 2026-05-08 15:03:15 Image size of job updated: 352376
	62  -  MemoryUsage of job (MB)
	63108  -  ResidentSetSize of job (KB)
...
006 (407130.000.000) 2026-05-08 15:23:17 Image size of job updated: 352376
	62  -  MemoryUsage of job (MB)
	63364  -  ResidentSetSize of job (KB)
...
006 (407130.000.000) 2026-05-08 15:48:19 Image size of job updated: 352376
	63  -  MemoryUsage of job (MB)
	63620  -  ResidentSetSize of job (KB)
...
006 (407130.000.000) 2026-05-08 16:08:21 Image size of job updated: 352376
	63  -  MemoryUsage of job (MB)
	63876  -  ResidentSetSize of job (KB)
...
006 (407130.000.000) 2026-05-08 16:33:23 Image size of job updated: 352376
	63  -  MemoryUsage of job (MB)
	64132  -  ResidentSetSize of job (KB)
...
006 (407130.000.000) 2026-05-08 16:53:25 Image size of job updated: 352376
	63  -  MemoryUsage of job (MB)
	64388  -  ResidentSetSize of job (KB)
...
006 (407130.000.000) 2026-05-08 16:58:26 Image size of job updated: 352376
	63  -  MemoryUsage of job (MB)
	64448  -  ResidentSetSize of job (KB)
...
006 (407130.000.000) 2026-05-08 17:03:27 Image size of job updated: 352376
	63  -  MemoryUsage of job (MB)
	64484  -  ResidentSetSize of job (KB)
...
006 (407130.000.000) 2026-05-08 17:13:27 Image size of job updated: 364520
	63  -  MemoryUsage of job (MB)
	64484  -  ResidentSetSize of job (KB)
...
006 (407130.000.000) 2026-05-08 17:58:33 Image size of job updated: 364712
	63  -  MemoryUsage of job (MB)
	64484  -  ResidentSetSize of job (KB)
...
006 (407130.000.000) 2026-05-08 18:03:33 Image size of job updated: 364796
	63  -  MemoryUsage of job (MB)
	64484  -  ResidentSetSize of job (KB)
...
006 (407130.000.000) 2026-05-08 18:53:38 Image size of job updated: 364856
	63  -  MemoryUsage of job (MB)
	64484  -  ResidentSetSize of job (KB)
...
006 (407130.000.000) 2026-05-08 19:13:40 Image size of job updated: 666720
	361  -  MemoryUsage of job (MB)
	368724  -  ResidentSetSize of job (KB)
...
006 (407130.000.000) 2026-05-08 19:28:41 Image size of job updated: 669144
	361  -  MemoryUsage of job (MB)
	368768  -  ResidentSetSize of job (KB)
...
006 (407130.000.000) 2026-05-08 19:48:44 Image size of job updated: 669144
	361  -  MemoryUsage of job (MB)
	368792  -  ResidentSetSize of job (KB)
...
006 (407130.000.000) 2026-05-08 20:08:46 Image size of job updated: 669524
	361  -  MemoryUsage of job (MB)
	368840  -  ResidentSetSize of job (KB)
...
006 (407130.000.000) 2026-05-08 20:28:48 Image size of job updated: 669524
	361  -  MemoryUsage of job (MB)
	368868  -  ResidentSetSize of job (KB)
...
006 (407130.000.000) 2026-05-08 21:13:52 Image size of job updated: 674140
	361  -  MemoryUsage of job (MB)
	368904  -  ResidentSetSize of job (KB)
...
006 (407130.000.000) 2026-05-08 22:03:59 Image size of job updated: 674140
	361  -  MemoryUsage of job (MB)
	368996  -  ResidentSetSize of job (KB)
...
006 (407130.000.000) 2026-05-08 23:54:10 Image size of job updated: 674140
	361  -  MemoryUsage of job (MB)
	369168  -  ResidentSetSize of job (KB)
...
005 (407130.000.000) 2026-05-09 17:25:22 Job terminated.
	(1) Normal termination (return value 139)
		Usr 1 22:28:50, Sys 0 00:25:43  -  Run Remote Usage
		Usr 0 00:00:00, Sys 0 00:00:00  -  Run Local Usage
		Usr 1 22:28:50, Sys 0 00:25:43  -  Total Remote Usage
		Usr 0 00:00:00, Sys 0 00:00:00  -  Total Local Usage
	0  -  Run Bytes Sent By Job
	0  -  Run Bytes Received By Job
	0  -  Total Bytes Sent By Job
	0  -  Total Bytes Received By Job
	Partitionable Resources :    Usage  Request Allocated 
	   Cpus                 :     1.00        1         1 
	   Disk (KB)            :     1           1      7762 
	   Memory (MB)          :   361        1024      1024 

	Job terminated of its own accord at 2026-05-09T15:25:22Z with exit-code 139.
...
