000 (407248.000.000) 2026-05-07 18:20:39 Job submitted from host: <192.168.250.101:9618?addrs=192.168.250.101-9618&alias=hercules.hcms.it&noUDP&sock=schedd_3404051_6d7b>
...
001 (407248.000.000) 2026-05-07 18:20:59 Job executing on host: <192.168.250.22:9618?addrs=192.168.250.22-9618&alias=pccms12.hcms.it&noUDP&sock=startd_3275093_f746>
	SlotName: slot56_1@pccms12.hcms.it
	CondorScratchDir = "/var/lib/condor/execute/dir_3815252"
	Cpus = 1
	Disk = 22134
	Memory = 1024
...
006 (407248.000.000) 2026-05-07 18:21:07 Image size of job updated: 36572
	31  -  MemoryUsage of job (MB)
	31064  -  ResidentSetSize of job (KB)
...
006 (407248.000.000) 2026-05-07 18:26:07 Image size of job updated: 36848
	32  -  MemoryUsage of job (MB)
	32296  -  ResidentSetSize of job (KB)
...
006 (407248.000.000) 2026-05-07 18:31:08 Image size of job updated: 328644
	32  -  MemoryUsage of job (MB)
	32296  -  ResidentSetSize of job (KB)
...
006 (407248.000.000) 2026-05-07 18:41:08 Image size of job updated: 328644
	32  -  MemoryUsage of job (MB)
	32352  -  ResidentSetSize of job (KB)
...
006 (407248.000.000) 2026-05-07 19:01:11 Image size of job updated: 328644
	32  -  MemoryUsage of job (MB)
	32396  -  ResidentSetSize of job (KB)
...
006 (407248.000.000) 2026-05-07 19:06:12 Image size of job updated: 328644
	32  -  MemoryUsage of job (MB)
	32548  -  ResidentSetSize of job (KB)
...
006 (407248.000.000) 2026-05-07 19:26:13 Image size of job updated: 328644
	32  -  MemoryUsage of job (MB)
	32704  -  ResidentSetSize of job (KB)
...
006 (407248.000.000) 2026-05-07 19:31:13 Image size of job updated: 328644
	37  -  MemoryUsage of job (MB)
	37168  -  ResidentSetSize of job (KB)
...
006 (407248.000.000) 2026-05-07 20:11:19 Image size of job updated: 328644
	38  -  MemoryUsage of job (MB)
	37964  -  ResidentSetSize of job (KB)
...
006 (407248.000.000) 2026-05-07 20:26:20 Image size of job updated: 335648
	38  -  MemoryUsage of job (MB)
	37964  -  ResidentSetSize of job (KB)
...
006 (407248.000.000) 2026-05-07 20:46:22 Image size of job updated: 335648
	38  -  MemoryUsage of job (MB)
	38388  -  ResidentSetSize of job (KB)
...
006 (407248.000.000) 2026-05-08 00:06:43 Image size of job updated: 340212
	38  -  MemoryUsage of job (MB)
	38388  -  ResidentSetSize of job (KB)
...
006 (407248.000.000) 2026-05-08 01:41:52 Image size of job updated: 340212
	39  -  MemoryUsage of job (MB)
	39344  -  ResidentSetSize of job (KB)
...
006 (407248.000.000) 2026-05-08 04:57:13 Image size of job updated: 340212
	41  -  MemoryUsage of job (MB)
	41276  -  ResidentSetSize of job (KB)
...
006 (407248.000.000) 2026-05-08 05:42:19 Image size of job updated: 340212
	43  -  MemoryUsage of job (MB)
	43652  -  ResidentSetSize of job (KB)
...
006 (407248.000.000) 2026-05-08 06:07:21 Image size of job updated: 340212
	43  -  MemoryUsage of job (MB)
	43788  -  ResidentSetSize of job (KB)
...
006 (407248.000.000) 2026-05-08 07:57:32 Image size of job updated: 340212
	287  -  MemoryUsage of job (MB)
	293824  -  ResidentSetSize of job (KB)
...
006 (407248.000.000) 2026-05-08 08:27:35 Image size of job updated: 562552
	526  -  MemoryUsage of job (MB)
	537652  -  ResidentSetSize of job (KB)
...
006 (407248.000.000) 2026-05-08 08:42:37 Image size of job updated: 564704
	526  -  MemoryUsage of job (MB)
	537652  -  ResidentSetSize of job (KB)
...
006 (407248.000.000) 2026-05-08 09:02:39 Image size of job updated: 564704
	543  -  MemoryUsage of job (MB)
	555476  -  ResidentSetSize of job (KB)
...
006 (407248.000.000) 2026-05-08 09:22:40 Image size of job updated: 565392
	543  -  MemoryUsage of job (MB)
	555476  -  ResidentSetSize of job (KB)
...
006 (407248.000.000) 2026-05-08 10:27:47 Image size of job updated: 565484
	543  -  MemoryUsage of job (MB)
	555476  -  ResidentSetSize of job (KB)
...
005 (407248.000.000) 2026-05-08 22:17:30 Job terminated.
	(1) Normal termination (return value 139)
		Usr 1 01:12:02, Sys 0 02:26:55  -  Run Remote Usage
		Usr 0 00:00:00, Sys 0 00:00:00  -  Run Local Usage
		Usr 1 01:12:02, Sys 0 02:26:55  -  Total Remote Usage
		Usr 0 00:00:00, Sys 0 00:00:00  -  Total Local Usage
	0  -  Run Bytes Sent By Job
	0  -  Run Bytes Received By Job
	0  -  Total Bytes Sent By Job
	0  -  Total Bytes Received By Job
	Partitionable Resources :    Usage  Request Allocated 
	   Cpus                 :     0.99        1         1 
	   Disk (KB)            :     1           1     22134 
	   Memory (MB)          :   543        1024      1024 

	Job terminated of its own accord at 2026-05-08T20:17:30Z with exit-code 139.
...
