000 (407247.000.000) 2026-05-07 18:20:39 Job submitted from host: <192.168.250.101:9618?addrs=192.168.250.101-9618&alias=hercules.hcms.it&noUDP&sock=schedd_3404051_6d7b>
...
001 (407247.000.000) 2026-05-07 18:20:59 Job executing on host: <192.168.250.22:9618?addrs=192.168.250.22-9618&alias=pccms12.hcms.it&noUDP&sock=startd_3275093_f746>
	SlotName: slot55_1@pccms12.hcms.it
	CondorScratchDir = "/var/lib/condor/execute/dir_3815194"
	Cpus = 1
	Disk = 22134
	Memory = 1024
...
006 (407247.000.000) 2026-05-07 18:21:08 Image size of job updated: 38984
	38  -  MemoryUsage of job (MB)
	38728  -  ResidentSetSize of job (KB)
...
006 (407247.000.000) 2026-05-07 18:26:09 Image size of job updated: 39156
	38  -  MemoryUsage of job (MB)
	38728  -  ResidentSetSize of job (KB)
...
006 (407247.000.000) 2026-05-07 18:31:10 Image size of job updated: 324764
	38  -  MemoryUsage of job (MB)
	38728  -  ResidentSetSize of job (KB)
...
006 (407247.000.000) 2026-05-07 18:46:11 Image size of job updated: 329184
	38  -  MemoryUsage of job (MB)
	38728  -  ResidentSetSize of job (KB)
...
006 (407247.000.000) 2026-05-07 20:36:22 Image size of job updated: 331776
	38  -  MemoryUsage of job (MB)
	38728  -  ResidentSetSize of job (KB)
...
006 (407247.000.000) 2026-05-07 23:26:40 Image size of job updated: 331776
	39  -  MemoryUsage of job (MB)
	39748  -  ResidentSetSize of job (KB)
...
006 (407247.000.000) 2026-05-07 23:51:42 Image size of job updated: 332096
	39  -  MemoryUsage of job (MB)
	39748  -  ResidentSetSize of job (KB)
...
006 (407247.000.000) 2026-05-07 23:56:42 Image size of job updated: 332096
	39  -  MemoryUsage of job (MB)
	39800  -  ResidentSetSize of job (KB)
...
006 (407247.000.000) 2026-05-08 00:06:44 Image size of job updated: 336720
	39  -  MemoryUsage of job (MB)
	39892  -  ResidentSetSize of job (KB)
...
006 (407247.000.000) 2026-05-08 01:06:50 Image size of job updated: 337888
	39  -  MemoryUsage of job (MB)
	39892  -  ResidentSetSize of job (KB)
...
006 (407247.000.000) 2026-05-08 01:11:51 Image size of job updated: 337888
	45  -  MemoryUsage of job (MB)
	46000  -  ResidentSetSize of job (KB)
...
006 (407247.000.000) 2026-05-08 02:11:56 Image size of job updated: 337888
	46  -  MemoryUsage of job (MB)
	46116  -  ResidentSetSize of job (KB)
...
006 (407247.000.000) 2026-05-08 05:07:15 Image size of job updated: 337888
	265  -  MemoryUsage of job (MB)
	270760  -  ResidentSetSize of job (KB)
...
006 (407247.000.000) 2026-05-08 07:32:30 Image size of job updated: 340024
	265  -  MemoryUsage of job (MB)
	270760  -  ResidentSetSize of job (KB)
...
006 (407247.000.000) 2026-05-08 17:13:29 Image size of job updated: 343872
	265  -  MemoryUsage of job (MB)
	270760  -  ResidentSetSize of job (KB)
...
005 (407247.000.000) 2026-05-08 22:14:56 Job terminated.
	(1) Normal termination (return value 139)
		Usr 1 01:09:44, Sys 0 02:27:51  -  Run Remote Usage
		Usr 0 00:00:00, Sys 0 00:00:00  -  Run Local Usage
		Usr 1 01:09:44, Sys 0 02:27:51  -  Total Remote Usage
		Usr 0 00:00:00, Sys 0 00:00:00  -  Total Local Usage
	0  -  Run Bytes Sent By Job
	0  -  Run Bytes Received By Job
	0  -  Total Bytes Sent By Job
	0  -  Total Bytes Received By Job
	Partitionable Resources :    Usage  Request Allocated 
	   Cpus                 :     0.99        1         1 
	   Disk (KB)            :     1           1     22134 
	   Memory (MB)          :   265        1024      1024 

	Job terminated of its own accord at 2026-05-08T20:14:56Z with exit-code 139.
...
