000 (407462.000.000) 2026-05-07 18:20:44 Job submitted from host: <192.168.250.101:9618?addrs=192.168.250.101-9618&alias=hercules.hcms.it&noUDP&sock=schedd_3404051_6d7b>
...
001 (407462.000.000) 2026-05-07 18:21:02 Job executing on host: <192.168.250.103:9618?addrs=192.168.250.103-9618&alias=clipper.hcms.it&noUDP&sock=startd_3676022_e97e>
	SlotName: slot98_1@clipper.hcms.it
	CondorScratchDir = "/var/lib/condor/execute/dir_4193060"
	Cpus = 1
	Disk = 20734
	Memory = 1024
...
006 (407462.000.000) 2026-05-07 18:21:10 Image size of job updated: 57468
	47  -  MemoryUsage of job (MB)
	47716  -  ResidentSetSize of job (KB)
...
006 (407462.000.000) 2026-05-07 18:26:10 Image size of job updated: 57468
	55  -  MemoryUsage of job (MB)
	55476  -  ResidentSetSize of job (KB)
...
006 (407462.000.000) 2026-05-07 19:26:17 Image size of job updated: 354748
	55  -  MemoryUsage of job (MB)
	55476  -  ResidentSetSize of job (KB)
...
006 (407462.000.000) 2026-05-07 20:36:23 Image size of job updated: 356984
	55  -  MemoryUsage of job (MB)
	55476  -  ResidentSetSize of job (KB)
...
006 (407462.000.000) 2026-05-07 21:06:27 Image size of job updated: 359012
	55  -  MemoryUsage of job (MB)
	55476  -  ResidentSetSize of job (KB)
...
006 (407462.000.000) 2026-05-07 21:11:27 Image size of job updated: 359012
	56  -  MemoryUsage of job (MB)
	56680  -  ResidentSetSize of job (KB)
...
006 (407462.000.000) 2026-05-07 21:16:27 Image size of job updated: 359012
	56  -  MemoryUsage of job (MB)
	56688  -  ResidentSetSize of job (KB)
...
006 (407462.000.000) 2026-05-08 00:11:45 Image size of job updated: 359012
	56  -  MemoryUsage of job (MB)
	56880  -  ResidentSetSize of job (KB)
...
006 (407462.000.000) 2026-05-08 00:41:48 Image size of job updated: 359012
	56  -  MemoryUsage of job (MB)
	56956  -  ResidentSetSize of job (KB)
...
006 (407462.000.000) 2026-05-08 00:46:48 Image size of job updated: 359012
	56  -  MemoryUsage of job (MB)
	57044  -  ResidentSetSize of job (KB)
...
006 (407462.000.000) 2026-05-08 02:47:01 Image size of job updated: 359012
	57  -  MemoryUsage of job (MB)
	57588  -  ResidentSetSize of job (KB)
...
006 (407462.000.000) 2026-05-08 03:02:03 Image size of job updated: 359012
	57  -  MemoryUsage of job (MB)
	57652  -  ResidentSetSize of job (KB)
...
006 (407462.000.000) 2026-05-08 04:02:11 Image size of job updated: 359012
	57  -  MemoryUsage of job (MB)
	57712  -  ResidentSetSize of job (KB)
...
006 (407462.000.000) 2026-05-08 05:37:22 Image size of job updated: 359012
	59  -  MemoryUsage of job (MB)
	60016  -  ResidentSetSize of job (KB)
...
006 (407462.000.000) 2026-05-08 06:32:28 Image size of job updated: 360176
	59  -  MemoryUsage of job (MB)
	60016  -  ResidentSetSize of job (KB)
...
006 (407462.000.000) 2026-05-08 08:42:40 Image size of job updated: 362396
	59  -  MemoryUsage of job (MB)
	60016  -  ResidentSetSize of job (KB)
...
006 (407462.000.000) 2026-05-09 00:44:20 Image size of job updated: 362396
	241  -  MemoryUsage of job (MB)
	245924  -  ResidentSetSize of job (KB)
...
006 (407462.000.000) 2026-05-09 11:15:25 Image size of job updated: 362768
	241  -  MemoryUsage of job (MB)
	245924  -  ResidentSetSize of job (KB)
...
006 (407462.000.000) 2026-05-09 12:05:30 Image size of job updated: 364404
	241  -  MemoryUsage of job (MB)
	245924  -  ResidentSetSize of job (KB)
...
005 (407462.000.000) 2026-05-09 16:25:39 Job terminated.
	(1) Normal termination (return value 139)
		Usr 1 21:14:52, Sys 0 00:28:55  -  Run Remote Usage
		Usr 0 00:00:00, Sys 0 00:00:00  -  Run Local Usage
		Usr 1 21:14:52, Sys 0 00:28:55  -  Total Remote Usage
		Usr 0 00:00:00, Sys 0 00:00:00  -  Total Local Usage
	0  -  Run Bytes Sent By Job
	0  -  Run Bytes Received By Job
	0  -  Total Bytes Sent By Job
	0  -  Total Bytes Received By Job
	Partitionable Resources :    Usage  Request Allocated 
	   Cpus                 :     0.99        1         1 
	   Disk (KB)            :     1           1     20734 
	   Memory (MB)          :   241        1024      1024 

	Job terminated of its own accord at 2026-05-09T14:25:39Z with exit-code 139.
...
