000 (407445.000.000) 2026-05-07 18:20:43 Job submitted from host: <192.168.250.101:9618?addrs=192.168.250.101-9618&alias=hercules.hcms.it&noUDP&sock=schedd_3404051_6d7b>
...
001 (407445.000.000) 2026-05-07 18:21:02 Job executing on host: <192.168.250.103:9618?addrs=192.168.250.103-9618&alias=clipper.hcms.it&noUDP&sock=startd_3676022_e97e>
	SlotName: slot81_1@clipper.hcms.it
	CondorScratchDir = "/var/lib/condor/execute/dir_4192977"
	Cpus = 1
	Disk = 20734
	Memory = 1024
...
006 (407445.000.000) 2026-05-07 18:21:10 Image size of job updated: 54772
	52  -  MemoryUsage of job (MB)
	52732  -  ResidentSetSize of job (KB)
...
006 (407445.000.000) 2026-05-07 18:26:10 Image size of job updated: 54772
	52  -  MemoryUsage of job (MB)
	52808  -  ResidentSetSize of job (KB)
...
006 (407445.000.000) 2026-05-07 19:21:15 Image size of job updated: 354336
	52  -  MemoryUsage of job (MB)
	52808  -  ResidentSetSize of job (KB)
...
006 (407445.000.000) 2026-05-07 20:16:21 Image size of job updated: 356844
	52  -  MemoryUsage of job (MB)
	52808  -  ResidentSetSize of job (KB)
...
006 (407445.000.000) 2026-05-07 20:41:23 Image size of job updated: 357036
	53  -  MemoryUsage of job (MB)
	53664  -  ResidentSetSize of job (KB)
...
006 (407445.000.000) 2026-05-07 21:11:26 Image size of job updated: 361796
	53  -  MemoryUsage of job (MB)
	53664  -  ResidentSetSize of job (KB)
...
006 (407445.000.000) 2026-05-08 05:27:18 Image size of job updated: 361796
	53  -  MemoryUsage of job (MB)
	53684  -  ResidentSetSize of job (KB)
...
006 (407445.000.000) 2026-05-08 07:32:29 Image size of job updated: 361796
	53  -  MemoryUsage of job (MB)
	53832  -  ResidentSetSize of job (KB)
...
006 (407445.000.000) 2026-05-08 08:52:38 Image size of job updated: 361796
	53  -  MemoryUsage of job (MB)
	54072  -  ResidentSetSize of job (KB)
...
006 (407445.000.000) 2026-05-08 11:37:57 Image size of job updated: 361796
	54  -  MemoryUsage of job (MB)
	55108  -  ResidentSetSize of job (KB)
...
005 (407445.000.000) 2026-05-09 08:57:11 Job terminated.
	(1) Normal termination (return value 139)
		Usr 1 13:56:06, Sys 0 00:22:09  -  Run Remote Usage
		Usr 0 00:00:00, Sys 0 00:00:00  -  Run Local Usage
		Usr 1 13:56:06, Sys 0 00:22:09  -  Total Remote Usage
		Usr 0 00:00:00, Sys 0 00:00:00  -  Total Local Usage
	0  -  Run Bytes Sent By Job
	0  -  Run Bytes Received By Job
	0  -  Total Bytes Sent By Job
	0  -  Total Bytes Received By Job
	Partitionable Resources :    Usage  Request Allocated 
	   Cpus                 :     0.99        1         1 
	   Disk (KB)            :     1           1     20734 
	   Memory (MB)          :    54        1024      1024 

	Job terminated of its own accord at 2026-05-09T06:57:11Z with exit-code 139.
...
