000 (407285.000.000) 2026-05-07 18:20:40 Job submitted from host: <192.168.250.101:9618?addrs=192.168.250.101-9618&alias=hercules.hcms.it&noUDP&sock=schedd_3404051_6d7b>
...
001 (407285.000.000) 2026-05-07 18:21:01 Job executing on host: <192.168.250.102:9618?addrs=192.168.250.102-9618&alias=empire.hcms.it&noUDP&sock=startd_2716409_3615>
	SlotName: slot31_1@empire.hcms.it
	CondorScratchDir = "/var/lib/condor/execute/dir_3296185"
	Cpus = 1
	Disk = 22792
	Memory = 1024
...
006 (407285.000.000) 2026-05-07 18:21:09 Image size of job updated: 57384
	47  -  MemoryUsage of job (MB)
	47552  -  ResidentSetSize of job (KB)
...
006 (407285.000.000) 2026-05-07 18:36:10 Image size of job updated: 57384
	47  -  MemoryUsage of job (MB)
	47616  -  ResidentSetSize of job (KB)
...
006 (407285.000.000) 2026-05-07 18:51:12 Image size of job updated: 57384
	49  -  MemoryUsage of job (MB)
	49160  -  ResidentSetSize of job (KB)
...
006 (407285.000.000) 2026-05-07 18:56:12 Image size of job updated: 355676
	49  -  MemoryUsage of job (MB)
	49160  -  ResidentSetSize of job (KB)
...
006 (407285.000.000) 2026-05-07 19:11:14 Image size of job updated: 355816
	57  -  MemoryUsage of job (MB)
	57672  -  ResidentSetSize of job (KB)
...
006 (407285.000.000) 2026-05-07 19:21:15 Image size of job updated: 360652
	57  -  MemoryUsage of job (MB)
	57672  -  ResidentSetSize of job (KB)
...
006 (407285.000.000) 2026-05-07 20:56:25 Image size of job updated: 360652
	254  -  MemoryUsage of job (MB)
	260044  -  ResidentSetSize of job (KB)
...
006 (407285.000.000) 2026-05-07 21:01:26 Image size of job updated: 360652
	255  -  MemoryUsage of job (MB)
	260556  -  ResidentSetSize of job (KB)
...
006 (407285.000.000) 2026-05-07 21:46:31 Image size of job updated: 360712
	255  -  MemoryUsage of job (MB)
	260556  -  ResidentSetSize of job (KB)
...
006 (407285.000.000) 2026-05-08 00:41:49 Image size of job updated: 360712
	350  -  MemoryUsage of job (MB)
	358088  -  ResidentSetSize of job (KB)
...
006 (407285.000.000) 2026-05-08 02:11:59 Image size of job updated: 361836
	350  -  MemoryUsage of job (MB)
	358088  -  ResidentSetSize of job (KB)
...
006 (407285.000.000) 2026-05-08 07:17:31 Image size of job updated: 363648
	350  -  MemoryUsage of job (MB)
	358088  -  ResidentSetSize of job (KB)
...
005 (407285.000.000) 2026-05-08 15:24:51 Job terminated.
	(1) Normal termination (return value 139)
		Usr 0 20:39:17, Sys 0 00:14:20  -  Run Remote Usage
		Usr 0 00:00:00, Sys 0 00:00:00  -  Run Local Usage
		Usr 0 20:39:17, Sys 0 00:14:20  -  Total Remote Usage
		Usr 0 00:00:00, Sys 0 00:00:00  -  Total Local Usage
	0  -  Run Bytes Sent By Job
	0  -  Run Bytes Received By Job
	0  -  Total Bytes Sent By Job
	0  -  Total Bytes Received By Job
	Partitionable Resources :    Usage  Request Allocated 
	   Cpus                 :     0.99        1         1 
	   Disk (KB)            :     1           1     22792 
	   Memory (MB)          :   350        1024      1024 

	Job terminated of its own accord at 2026-05-08T13:24:51Z with exit-code 139.
...
