000 (407471.000.000) 2026-05-07 18:20:44 Job submitted from host: <192.168.250.101:9618?addrs=192.168.250.101-9618&alias=hercules.hcms.it&noUDP&sock=schedd_3404051_6d7b>
...
001 (407471.000.000) 2026-05-07 18:21:01 Job executing on host: <192.168.250.103:9618?addrs=192.168.250.103-9618&alias=clipper.hcms.it&noUDP&sock=startd_3676022_e97e>
	SlotName: slot107_1@clipper.hcms.it
	CondorScratchDir = "/var/lib/condor/execute/dir_4193160"
	Cpus = 1
	Disk = 20734
	Memory = 1024
...
006 (407471.000.000) 2026-05-07 18:21:10 Image size of job updated: 57468
	55  -  MemoryUsage of job (MB)
	55432  -  ResidentSetSize of job (KB)
...
006 (407471.000.000) 2026-05-07 18:26:11 Image size of job updated: 57468
	55  -  MemoryUsage of job (MB)
	55472  -  ResidentSetSize of job (KB)
...
006 (407471.000.000) 2026-05-07 20:31:23 Image size of job updated: 358060
	55  -  MemoryUsage of job (MB)
	55472  -  ResidentSetSize of job (KB)
...
006 (407471.000.000) 2026-05-07 20:36:24 Image size of job updated: 358060
	57  -  MemoryUsage of job (MB)
	57808  -  ResidentSetSize of job (KB)
...
006 (407471.000.000) 2026-05-07 21:11:28 Image size of job updated: 358392
	57  -  MemoryUsage of job (MB)
	58196  -  ResidentSetSize of job (KB)
...
006 (407471.000.000) 2026-05-07 23:36:42 Image size of job updated: 358748
	59  -  MemoryUsage of job (MB)
	60352  -  ResidentSetSize of job (KB)
...
006 (407471.000.000) 2026-05-08 01:16:52 Image size of job updated: 359604
	59  -  MemoryUsage of job (MB)
	60352  -  ResidentSetSize of job (KB)
...
006 (407471.000.000) 2026-05-08 03:52:09 Image size of job updated: 360188
	59  -  MemoryUsage of job (MB)
	60352  -  ResidentSetSize of job (KB)
...
006 (407471.000.000) 2026-05-08 05:32:20 Image size of job updated: 362952
	59  -  MemoryUsage of job (MB)
	60352  -  ResidentSetSize of job (KB)
...
006 (407471.000.000) 2026-05-08 05:37:20 Image size of job updated: 363560
	59  -  MemoryUsage of job (MB)
	60352  -  ResidentSetSize of job (KB)
...
006 (407471.000.000) 2026-05-08 07:27:31 Image size of job updated: 363560
	95  -  MemoryUsage of job (MB)
	96696  -  ResidentSetSize of job (KB)
...
006 (407471.000.000) 2026-05-08 07:32:31 Image size of job updated: 363820
	95  -  MemoryUsage of job (MB)
	96700  -  ResidentSetSize of job (KB)
...
006 (407471.000.000) 2026-05-08 13:13:07 Image size of job updated: 365372
	95  -  MemoryUsage of job (MB)
	96700  -  ResidentSetSize of job (KB)
...
006 (407471.000.000) 2026-05-09 10:40:22 Image size of job updated: 365476
	95  -  MemoryUsage of job (MB)
	96700  -  ResidentSetSize of job (KB)
...
006 (407471.000.000) 2026-05-09 11:35:28 Image size of job updated: 366872
	95  -  MemoryUsage of job (MB)
	96700  -  ResidentSetSize of job (KB)
...
006 (407471.000.000) 2026-05-09 13:20:38 Image size of job updated: 369760
	95  -  MemoryUsage of job (MB)
	96700  -  ResidentSetSize of job (KB)
...
006 (407471.000.000) 2026-05-09 21:26:27 Image size of job updated: 371272
	95  -  MemoryUsage of job (MB)
	96700  -  ResidentSetSize of job (KB)
...
005 (407471.000.000) 2026-05-09 22:09:38 Job terminated.
	(1) Normal termination (return value 139)
		Usr 2 02:11:03, Sys 0 01:15:33  -  Run Remote Usage
		Usr 0 00:00:00, Sys 0 00:00:00  -  Run Local Usage
		Usr 2 02:11:03, Sys 0 01:15:33  -  Total Remote Usage
		Usr 0 00:00:00, Sys 0 00:00:00  -  Total Local Usage
	0  -  Run Bytes Sent By Job
	0  -  Run Bytes Received By Job
	0  -  Total Bytes Sent By Job
	0  -  Total Bytes Received By Job
	Partitionable Resources :    Usage  Request Allocated 
	   Cpus                 :     0.99        1         1 
	   Disk (KB)            :     1           1     20734 
	   Memory (MB)          :    95        1024      1024 

	Job terminated of its own accord at 2026-05-09T20:09:38Z with exit-code 139.
...
