000 (407115.000.000) 2026-05-07 18:20:36 Job submitted from host: <192.168.250.101:9618?addrs=192.168.250.101-9618&alias=hercules.hcms.it&noUDP&sock=schedd_3404051_6d7b>
...
001 (407115.000.000) 2026-05-07 18:20:56 Job executing on host: <192.168.250.21:9618?addrs=192.168.250.21-9618&alias=pccms11.hcms.it&noUDP&sock=startd_3845377_5b11>
	SlotName: slot17_1@pccms11.hcms.it
	CondorScratchDir = "/var/lib/condor/execute/dir_1464789"
	Cpus = 1
	Disk = 7762
	Memory = 1024
...
006 (407115.000.000) 2026-05-07 18:21:05 Image size of job updated: 54732
	47  -  MemoryUsage of job (MB)
	47452  -  ResidentSetSize of job (KB)
...
006 (407115.000.000) 2026-05-07 18:26:06 Image size of job updated: 54732
	47  -  MemoryUsage of job (MB)
	47472  -  ResidentSetSize of job (KB)
...
006 (407115.000.000) 2026-05-07 18:41:07 Image size of job updated: 346216
	47  -  MemoryUsage of job (MB)
	47500  -  ResidentSetSize of job (KB)
...
006 (407115.000.000) 2026-05-07 18:46:08 Image size of job updated: 346216
	48  -  MemoryUsage of job (MB)
	48484  -  ResidentSetSize of job (KB)
...
006 (407115.000.000) 2026-05-07 19:26:12 Image size of job updated: 346796
	48  -  MemoryUsage of job (MB)
	48484  -  ResidentSetSize of job (KB)
...
006 (407115.000.000) 2026-05-07 19:36:15 Image size of job updated: 346796
	49  -  MemoryUsage of job (MB)
	49856  -  ResidentSetSize of job (KB)
...
006 (407115.000.000) 2026-05-07 19:41:15 Image size of job updated: 347696
	49  -  MemoryUsage of job (MB)
	49856  -  ResidentSetSize of job (KB)
...
006 (407115.000.000) 2026-05-07 19:46:15 Image size of job updated: 349508
	49  -  MemoryUsage of job (MB)
	49856  -  ResidentSetSize of job (KB)
...
006 (407115.000.000) 2026-05-07 20:31:20 Image size of job updated: 350996
	49  -  MemoryUsage of job (MB)
	49856  -  ResidentSetSize of job (KB)
...
006 (407115.000.000) 2026-05-07 21:11:23 Image size of job updated: 350996
	53  -  MemoryUsage of job (MB)
	53536  -  ResidentSetSize of job (KB)
...
006 (407115.000.000) 2026-05-07 21:36:27 Image size of job updated: 350996
	53  -  MemoryUsage of job (MB)
	53648  -  ResidentSetSize of job (KB)
...
006 (407115.000.000) 2026-05-08 06:17:20 Image size of job updated: 350996
	55  -  MemoryUsage of job (MB)
	55408  -  ResidentSetSize of job (KB)
...
006 (407115.000.000) 2026-05-08 06:27:21 Image size of job updated: 350996
	55  -  MemoryUsage of job (MB)
	55620  -  ResidentSetSize of job (KB)
...
006 (407115.000.000) 2026-05-08 07:32:27 Image size of job updated: 350996
	55  -  MemoryUsage of job (MB)
	55736  -  ResidentSetSize of job (KB)
...
006 (407115.000.000) 2026-05-08 08:02:30 Image size of job updated: 350996
	56  -  MemoryUsage of job (MB)
	56640  -  ResidentSetSize of job (KB)
...
006 (407115.000.000) 2026-05-08 10:12:45 Image size of job updated: 350996
	56  -  MemoryUsage of job (MB)
	56668  -  ResidentSetSize of job (KB)
...
006 (407115.000.000) 2026-05-08 11:02:51 Image size of job updated: 350996
	57  -  MemoryUsage of job (MB)
	58340  -  ResidentSetSize of job (KB)
...
006 (407115.000.000) 2026-05-08 11:07:52 Image size of job updated: 350996
	57  -  MemoryUsage of job (MB)
	58344  -  ResidentSetSize of job (KB)
...
006 (407115.000.000) 2026-05-08 11:17:53 Image size of job updated: 350996
	58  -  MemoryUsage of job (MB)
	58408  -  ResidentSetSize of job (KB)
...
006 (407115.000.000) 2026-05-08 18:48:38 Image size of job updated: 350996
	62  -  MemoryUsage of job (MB)
	62712  -  ResidentSetSize of job (KB)
...
006 (407115.000.000) 2026-05-08 19:08:39 Image size of job updated: 350996
	62  -  MemoryUsage of job (MB)
	62968  -  ResidentSetSize of job (KB)
...
006 (407115.000.000) 2026-05-08 19:53:44 Image size of job updated: 350996
	62  -  MemoryUsage of job (MB)
	63476  -  ResidentSetSize of job (KB)
...
006 (407115.000.000) 2026-05-08 22:08:58 Image size of job updated: 350996
	63  -  MemoryUsage of job (MB)
	63652  -  ResidentSetSize of job (KB)
...
006 (407115.000.000) 2026-05-08 22:18:58 Image size of job updated: 350996
	63  -  MemoryUsage of job (MB)
	63836  -  ResidentSetSize of job (KB)
...
006 (407115.000.000) 2026-05-08 22:29:00 Image size of job updated: 350996
	63  -  MemoryUsage of job (MB)
	64020  -  ResidentSetSize of job (KB)
...
006 (407115.000.000) 2026-05-08 22:34:00 Image size of job updated: 350996
	63  -  MemoryUsage of job (MB)
	64112  -  ResidentSetSize of job (KB)
...
006 (407115.000.000) 2026-05-08 22:49:02 Image size of job updated: 350996
	63  -  MemoryUsage of job (MB)
	64132  -  ResidentSetSize of job (KB)
...
006 (407115.000.000) 2026-05-08 22:54:02 Image size of job updated: 350996
	63  -  MemoryUsage of job (MB)
	64476  -  ResidentSetSize of job (KB)
...
006 (407115.000.000) 2026-05-08 22:59:03 Image size of job updated: 350996
	64  -  MemoryUsage of job (MB)
	64568  -  ResidentSetSize of job (KB)
...
006 (407115.000.000) 2026-05-08 23:09:04 Image size of job updated: 350996
	64  -  MemoryUsage of job (MB)
	64752  -  ResidentSetSize of job (KB)
...
006 (407115.000.000) 2026-05-08 23:19:05 Image size of job updated: 350996
	74  -  MemoryUsage of job (MB)
	75124  -  ResidentSetSize of job (KB)
...
006 (407115.000.000) 2026-05-08 23:24:06 Image size of job updated: 350996
	74  -  MemoryUsage of job (MB)
	75216  -  ResidentSetSize of job (KB)
...
006 (407115.000.000) 2026-05-08 23:39:06 Image size of job updated: 350996
	74  -  MemoryUsage of job (MB)
	75488  -  ResidentSetSize of job (KB)
...
006 (407115.000.000) 2026-05-08 23:54:08 Image size of job updated: 350996
	74  -  MemoryUsage of job (MB)
	75764  -  ResidentSetSize of job (KB)
...
006 (407115.000.000) 2026-05-08 23:59:09 Image size of job updated: 350996
	76  -  MemoryUsage of job (MB)
	77596  -  ResidentSetSize of job (KB)
...
006 (407115.000.000) 2026-05-09 01:49:21 Image size of job updated: 350996
	76  -  MemoryUsage of job (MB)
	77664  -  ResidentSetSize of job (KB)
...
006 (407115.000.000) 2026-05-09 03:59:33 Image size of job updated: 350996
	79  -  MemoryUsage of job (MB)
	79968  -  ResidentSetSize of job (KB)
...
006 (407115.000.000) 2026-05-09 06:19:46 Image size of job updated: 350996
	79  -  MemoryUsage of job (MB)
	80284  -  ResidentSetSize of job (KB)
...
006 (407115.000.000) 2026-05-09 06:24:46 Image size of job updated: 350996
	79  -  MemoryUsage of job (MB)
	80376  -  ResidentSetSize of job (KB)
...
006 (407115.000.000) 2026-05-09 06:29:46 Image size of job updated: 350996
	79  -  MemoryUsage of job (MB)
	80472  -  ResidentSetSize of job (KB)
...
006 (407115.000.000) 2026-05-09 06:34:47 Image size of job updated: 350996
	79  -  MemoryUsage of job (MB)
	80568  -  ResidentSetSize of job (KB)
...
006 (407115.000.000) 2026-05-09 06:39:48 Image size of job updated: 350996
	79  -  MemoryUsage of job (MB)
	80668  -  ResidentSetSize of job (KB)
...
006 (407115.000.000) 2026-05-09 06:44:48 Image size of job updated: 350996
	79  -  MemoryUsage of job (MB)
	80736  -  ResidentSetSize of job (KB)
...
006 (407115.000.000) 2026-05-09 06:49:48 Image size of job updated: 350996
	79  -  MemoryUsage of job (MB)
	80848  -  ResidentSetSize of job (KB)
...
006 (407115.000.000) 2026-05-09 06:54:48 Image size of job updated: 350996
	80  -  MemoryUsage of job (MB)
	80944  -  ResidentSetSize of job (KB)
...
006 (407115.000.000) 2026-05-09 06:59:49 Image size of job updated: 350996
	80  -  MemoryUsage of job (MB)
	81024  -  ResidentSetSize of job (KB)
...
006 (407115.000.000) 2026-05-09 07:04:50 Image size of job updated: 350996
	80  -  MemoryUsage of job (MB)
	81128  -  ResidentSetSize of job (KB)
...
006 (407115.000.000) 2026-05-09 07:09:50 Image size of job updated: 350996
	80  -  MemoryUsage of job (MB)
	81224  -  ResidentSetSize of job (KB)
...
006 (407115.000.000) 2026-05-09 07:14:50 Image size of job updated: 350996
	80  -  MemoryUsage of job (MB)
	81316  -  ResidentSetSize of job (KB)
...
006 (407115.000.000) 2026-05-09 07:19:50 Image size of job updated: 350996
	82  -  MemoryUsage of job (MB)
	83168  -  ResidentSetSize of job (KB)
...
006 (407115.000.000) 2026-05-09 07:34:52 Image size of job updated: 350996
	84  -  MemoryUsage of job (MB)
	85148  -  ResidentSetSize of job (KB)
...
006 (407115.000.000) 2026-05-09 10:05:09 Image size of job updated: 350996
	86  -  MemoryUsage of job (MB)
	87452  -  ResidentSetSize of job (KB)
...
006 (407115.000.000) 2026-05-09 13:05:29 Image size of job updated: 350996
	88  -  MemoryUsage of job (MB)
	89500  -  ResidentSetSize of job (KB)
...
006 (407115.000.000) 2026-05-09 15:50:45 Image size of job updated: 350996
	90  -  MemoryUsage of job (MB)
	91556  -  ResidentSetSize of job (KB)
...
006 (407115.000.000) 2026-05-09 17:45:57 Image size of job updated: 350996
	92  -  MemoryUsage of job (MB)
	93356  -  ResidentSetSize of job (KB)
...
006 (407115.000.000) 2026-05-09 19:01:04 Image size of job updated: 350996
	92  -  MemoryUsage of job (MB)
	93468  -  ResidentSetSize of job (KB)
...
006 (407115.000.000) 2026-05-09 19:56:09 Image size of job updated: 350996
	94  -  MemoryUsage of job (MB)
	95772  -  ResidentSetSize of job (KB)
...
006 (407115.000.000) 2026-05-09 22:36:24 Image size of job updated: 350996
	96  -  MemoryUsage of job (MB)
	97572  -  ResidentSetSize of job (KB)
...
006 (407115.000.000) 2026-05-10 02:11:48 Image size of job updated: 350996
	96  -  MemoryUsage of job (MB)
	97716  -  ResidentSetSize of job (KB)
...
006 (407115.000.000) 2026-05-10 02:16:48 Image size of job updated: 350996
	96  -  MemoryUsage of job (MB)
	97812  -  ResidentSetSize of job (KB)
...
006 (407115.000.000) 2026-05-10 02:21:48 Image size of job updated: 350996
	98  -  MemoryUsage of job (MB)
	99644  -  ResidentSetSize of job (KB)
...
006 (407115.000.000) 2026-05-10 03:06:53 Image size of job updated: 350996
	100  -  MemoryUsage of job (MB)
	101604  -  ResidentSetSize of job (KB)
...
006 (407115.000.000) 2026-05-10 04:11:59 Image size of job updated: 350996
	102  -  MemoryUsage of job (MB)
	103656  -  ResidentSetSize of job (KB)
...
006 (407115.000.000) 2026-05-10 06:02:10 Image size of job updated: 350996
	104  -  MemoryUsage of job (MB)
	105708  -  ResidentSetSize of job (KB)
...
006 (407115.000.000) 2026-05-10 08:22:25 Image size of job updated: 350996
	106  -  MemoryUsage of job (MB)
	108012  -  ResidentSetSize of job (KB)
...
006 (407115.000.000) 2026-05-10 11:27:43 Image size of job updated: 350996
	108  -  MemoryUsage of job (MB)
	110060  -  ResidentSetSize of job (KB)
...
006 (407115.000.000) 2026-05-10 14:28:01 Image size of job updated: 350996
	110  -  MemoryUsage of job (MB)
	112108  -  ResidentSetSize of job (KB)
...
006 (407115.000.000) 2026-05-10 17:28:19 Image size of job updated: 350996
	112  -  MemoryUsage of job (MB)
	114156  -  ResidentSetSize of job (KB)
...
006 (407115.000.000) 2026-05-10 19:43:34 Image size of job updated: 350996
	114  -  MemoryUsage of job (MB)
	115972  -  ResidentSetSize of job (KB)
...
006 (407115.000.000) 2026-05-10 21:28:45 Image size of job updated: 350996
	114  -  MemoryUsage of job (MB)
	115976  -  ResidentSetSize of job (KB)
...
006 (407115.000.000) 2026-05-10 21:33:46 Image size of job updated: 350996
	116  -  MemoryUsage of job (MB)
	118280  -  ResidentSetSize of job (KB)
...
006 (407115.000.000) 2026-05-10 23:39:01 Image size of job updated: 350996
	118  -  MemoryUsage of job (MB)
	120332  -  ResidentSetSize of job (KB)
...
006 (407115.000.000) 2026-05-11 02:39:22 Image size of job updated: 350996
	120  -  MemoryUsage of job (MB)
	122380  -  ResidentSetSize of job (KB)
...
006 (407115.000.000) 2026-05-11 05:39:39 Image size of job updated: 350996
	122  -  MemoryUsage of job (MB)
	124428  -  ResidentSetSize of job (KB)
...
006 (407115.000.000) 2026-05-11 08:44:56 Image size of job updated: 350996
	124  -  MemoryUsage of job (MB)
	126476  -  ResidentSetSize of job (KB)
...
006 (407115.000.000) 2026-05-11 11:45:17 Image size of job updated: 350996
	126  -  MemoryUsage of job (MB)
	128524  -  ResidentSetSize of job (KB)
...
006 (407115.000.000) 2026-05-11 14:45:35 Image size of job updated: 350996
	128  -  MemoryUsage of job (MB)
	130572  -  ResidentSetSize of job (KB)
...
006 (407115.000.000) 2026-05-11 20:16:08 Image size of job updated: 362080
	128  -  MemoryUsage of job (MB)
	130572  -  ResidentSetSize of job (KB)
...
006 (407115.000.000) 2026-05-11 20:21:08 Image size of job updated: 362476
	128  -  MemoryUsage of job (MB)
	130572  -  ResidentSetSize of job (KB)
...
006 (407115.000.000) 2026-05-11 20:31:09 Image size of job updated: 364828
	128  -  MemoryUsage of job (MB)
	130572  -  ResidentSetSize of job (KB)
...
006 (407115.000.000) 2026-05-11 21:36:16 Image size of job updated: 366632
	128  -  MemoryUsage of job (MB)
	130572  -  ResidentSetSize of job (KB)
...
006 (407115.000.000) 2026-05-13 13:55:28 Image size of job updated: 366632
	147  -  MemoryUsage of job (MB)
	149880  -  ResidentSetSize of job (KB)
...
005 (407115.000.000) 2026-05-13 13:55:29 Job terminated.
	(1) Normal termination (return value 134)
		Usr 5 18:08:37, Sys 0 00:55:00  -  Run Remote Usage
		Usr 0 00:00:00, Sys 0 00:00:00  -  Run Local Usage
		Usr 5 18:08:37, Sys 0 00:55:00  -  Total Remote Usage
		Usr 0 00:00:00, Sys 0 00:00:00  -  Total Local Usage
	0  -  Run Bytes Sent By Job
	0  -  Run Bytes Received By Job
	0  -  Total Bytes Sent By Job
	0  -  Total Bytes Received By Job
	Partitionable Resources :    Usage  Request Allocated 
	   Cpus                 :     1.00        1         1 
	   Disk (KB)            :     1           1      7762 
	   Memory (MB)          :   147        1024      1024 

	Job terminated of its own accord at 2026-05-13T11:55:29Z with exit-code 134.
...
