000 (407380.000.000) 2026-05-07 18:20:42 Job submitted from host: <192.168.250.101:9618?addrs=192.168.250.101-9618&alias=hercules.hcms.it&noUDP&sock=schedd_3404051_6d7b>
...
001 (407380.000.000) 2026-05-07 18:21:01 Job executing on host: <192.168.250.103:9618?addrs=192.168.250.103-9618&alias=clipper.hcms.it&noUDP&sock=startd_3676022_e97e>
	SlotName: slot16_1@clipper.hcms.it
	CondorScratchDir = "/var/lib/condor/execute/dir_4192909"
	Cpus = 1
	Disk = 20734
	Memory = 1024
...
006 (407380.000.000) 2026-05-07 18:21:10 Image size of job updated: 55480
	55  -  MemoryUsage of job (MB)
	55436  -  ResidentSetSize of job (KB)
...
006 (407380.000.000) 2026-05-07 18:26:11 Image size of job updated: 55500
	55  -  MemoryUsage of job (MB)
	55436  -  ResidentSetSize of job (KB)
...
006 (407380.000.000) 2026-05-07 18:41:13 Image size of job updated: 362520
	58  -  MemoryUsage of job (MB)
	58756  -  ResidentSetSize of job (KB)
...
006 (407380.000.000) 2026-05-07 21:51:31 Image size of job updated: 362520
	221  -  MemoryUsage of job (MB)
	225608  -  ResidentSetSize of job (KB)
...
006 (407380.000.000) 2026-05-07 21:56:32 Image size of job updated: 362520
	221  -  MemoryUsage of job (MB)
	225864  -  ResidentSetSize of job (KB)
...
006 (407380.000.000) 2026-05-08 00:16:46 Image size of job updated: 364440
	221  -  MemoryUsage of job (MB)
	225864  -  ResidentSetSize of job (KB)
...
006 (407380.000.000) 2026-05-08 08:02:35 Image size of job updated: 365396
	221  -  MemoryUsage of job (MB)
	225864  -  ResidentSetSize of job (KB)
...
006 (407380.000.000) 2026-05-08 12:28:03 Image size of job updated: 365396
	242  -  MemoryUsage of job (MB)
	247272  -  ResidentSetSize of job (KB)
...
006 (407380.000.000) 2026-05-08 14:23:15 Image size of job updated: 365592
	242  -  MemoryUsage of job (MB)
	247272  -  ResidentSetSize of job (KB)
...
006 (407380.000.000) 2026-05-08 17:28:32 Image size of job updated: 366600
	242  -  MemoryUsage of job (MB)
	247272  -  ResidentSetSize of job (KB)
...
005 (407380.000.000) 2026-05-09 11:56:02 Job terminated.
	(1) Normal termination (return value 139)
		Usr 1 15:56:39, Sys 0 01:19:52  -  Run Remote Usage
		Usr 0 00:00:00, Sys 0 00:00:00  -  Run Local Usage
		Usr 1 15:56:39, Sys 0 01:19:52  -  Total Remote Usage
		Usr 0 00:00:00, Sys 0 00:00:00  -  Total Local Usage
	0  -  Run Bytes Sent By Job
	0  -  Run Bytes Received By Job
	0  -  Total Bytes Sent By Job
	0  -  Total Bytes Received By Job
	Partitionable Resources :    Usage  Request Allocated 
	   Cpus                 :     0.99        1         1 
	   Disk (KB)            :     1           1     20734 
	   Memory (MB)          :   242        1024      1024 

	Job terminated of its own accord at 2026-05-09T09:56:02Z with exit-code 139.
...
