000 (407433.000.000) 2026-05-07 18:20:43 Job submitted from host: <192.168.250.101:9618?addrs=192.168.250.101-9618&alias=hercules.hcms.it&noUDP&sock=schedd_3404051_6d7b>
...
001 (407433.000.000) 2026-05-07 18:21:01 Job executing on host: <192.168.250.103:9618?addrs=192.168.250.103-9618&alias=clipper.hcms.it&noUDP&sock=startd_3676022_e97e>
	SlotName: slot69_1@clipper.hcms.it
	CondorScratchDir = "/var/lib/condor/execute/dir_4192965"
	Cpus = 1
	Disk = 20734
	Memory = 1024
...
006 (407433.000.000) 2026-05-07 18:21:10 Image size of job updated: 55508
	47  -  MemoryUsage of job (MB)
	47732  -  ResidentSetSize of job (KB)
...
006 (407433.000.000) 2026-05-07 18:26:11 Image size of job updated: 55520
	47  -  MemoryUsage of job (MB)
	47732  -  ResidentSetSize of job (KB)
...
006 (407433.000.000) 2026-05-07 18:31:11 Image size of job updated: 354476
	55  -  MemoryUsage of job (MB)
	55348  -  ResidentSetSize of job (KB)
...
006 (407433.000.000) 2026-05-07 18:36:11 Image size of job updated: 354476
	55  -  MemoryUsage of job (MB)
	55392  -  ResidentSetSize of job (KB)
...
006 (407433.000.000) 2026-05-07 18:41:12 Image size of job updated: 354476
	55  -  MemoryUsage of job (MB)
	55576  -  ResidentSetSize of job (KB)
...
006 (407433.000.000) 2026-05-07 19:36:17 Image size of job updated: 358224
	55  -  MemoryUsage of job (MB)
	55576  -  ResidentSetSize of job (KB)
...
006 (407433.000.000) 2026-05-07 19:51:18 Image size of job updated: 358396
	57  -  MemoryUsage of job (MB)
	57524  -  ResidentSetSize of job (KB)
...
006 (407433.000.000) 2026-05-07 21:21:27 Image size of job updated: 358396
	57  -  MemoryUsage of job (MB)
	57616  -  ResidentSetSize of job (KB)
...
006 (407433.000.000) 2026-05-07 22:16:34 Image size of job updated: 358728
	57  -  MemoryUsage of job (MB)
	57616  -  ResidentSetSize of job (KB)
...
006 (407433.000.000) 2026-05-07 22:51:38 Image size of job updated: 359468
	57  -  MemoryUsage of job (MB)
	58344  -  ResidentSetSize of job (KB)
...
006 (407433.000.000) 2026-05-08 02:52:01 Image size of job updated: 359816
	57  -  MemoryUsage of job (MB)
	58344  -  ResidentSetSize of job (KB)
...
006 (407433.000.000) 2026-05-08 04:52:15 Image size of job updated: 359956
	57  -  MemoryUsage of job (MB)
	58344  -  ResidentSetSize of job (KB)
...
006 (407433.000.000) 2026-05-08 05:32:18 Image size of job updated: 359956
	58  -  MemoryUsage of job (MB)
	58384  -  ResidentSetSize of job (KB)
...
006 (407433.000.000) 2026-05-08 07:07:29 Image size of job updated: 361780
	58  -  MemoryUsage of job (MB)
	58384  -  ResidentSetSize of job (KB)
...
006 (407433.000.000) 2026-05-08 09:42:44 Image size of job updated: 362004
	58  -  MemoryUsage of job (MB)
	58892  -  ResidentSetSize of job (KB)
...
006 (407433.000.000) 2026-05-08 13:08:06 Image size of job updated: 362004
	139  -  MemoryUsage of job (MB)
	141900  -  ResidentSetSize of job (KB)
...
006 (407433.000.000) 2026-05-09 10:10:18 Image size of job updated: 362424
	139  -  MemoryUsage of job (MB)
	141900  -  ResidentSetSize of job (KB)
...
006 (407433.000.000) 2026-05-09 11:10:05 Image size of job updated: 363460
	139  -  MemoryUsage of job (MB)
	141900  -  ResidentSetSize of job (KB)
...
005 (407433.000.000) 2026-05-09 11:10:05 Job terminated.
	(1) Normal termination (return value 139)
		Usr 1 16:05:17, Sys 0 00:24:47  -  Run Remote Usage
		Usr 0 00:00:00, Sys 0 00:00:00  -  Run Local Usage
		Usr 1 16:05:17, Sys 0 00:24:47  -  Total Remote Usage
		Usr 0 00:00:00, Sys 0 00:00:00  -  Total Local Usage
	0  -  Run Bytes Sent By Job
	0  -  Run Bytes Received By Job
	0  -  Total Bytes Sent By Job
	0  -  Total Bytes Received By Job
	Partitionable Resources :    Usage  Request Allocated 
	   Cpus                 :     0.99        1         1 
	   Disk (KB)            :     1           1     20734 
	   Memory (MB)          :   139        1024      1024 

	Job terminated of its own accord at 2026-05-09T09:10:05Z with exit-code 139.
...
