000 (407171.000.000) 2026-05-07 18:20:37 Job submitted from host: <192.168.250.101:9618?addrs=192.168.250.101-9618&alias=hercules.hcms.it&noUDP&sock=schedd_3404051_6d7b>
...
001 (407171.000.000) 2026-05-07 18:21:00 Job executing on host: <192.168.250.23:9618?addrs=192.168.250.23-9618&alias=pccms13.hcms.it&noUDP&sock=startd_4182521_18e8>
	SlotName: slot41_1@pccms13.hcms.it
	CondorScratchDir = "/var/lib/condor/execute/dir_537862"
	Cpus = 1
	Disk = 23466
	Memory = 1024
...
006 (407171.000.000) 2026-05-07 18:21:09 Image size of job updated: 38996
	38  -  MemoryUsage of job (MB)
	38908  -  ResidentSetSize of job (KB)
...
006 (407171.000.000) 2026-05-07 18:26:10 Image size of job updated: 39204
	38  -  MemoryUsage of job (MB)
	38908  -  ResidentSetSize of job (KB)
...
006 (407171.000.000) 2026-05-07 18:31:10 Image size of job updated: 325484
	38  -  MemoryUsage of job (MB)
	38908  -  ResidentSetSize of job (KB)
...
006 (407171.000.000) 2026-05-07 19:11:14 Image size of job updated: 326608
	38  -  MemoryUsage of job (MB)
	38908  -  ResidentSetSize of job (KB)
...
006 (407171.000.000) 2026-05-07 19:36:17 Image size of job updated: 326608
	307  -  MemoryUsage of job (MB)
	314148  -  ResidentSetSize of job (KB)
...
006 (407171.000.000) 2026-05-07 19:41:17 Image size of job updated: 326608
	308  -  MemoryUsage of job (MB)
	314404  -  ResidentSetSize of job (KB)
...
006 (407171.000.000) 2026-05-07 19:51:19 Image size of job updated: 329108
	308  -  MemoryUsage of job (MB)
	314404  -  ResidentSetSize of job (KB)
...
006 (407171.000.000) 2026-05-07 21:01:25 Image size of job updated: 329372
	308  -  MemoryUsage of job (MB)
	314404  -  ResidentSetSize of job (KB)
...
006 (407171.000.000) 2026-05-07 21:26:27 Image size of job updated: 329960
	308  -  MemoryUsage of job (MB)
	314404  -  ResidentSetSize of job (KB)
...
006 (407171.000.000) 2026-05-07 21:51:29 Image size of job updated: 330304
	308  -  MemoryUsage of job (MB)
	314404  -  ResidentSetSize of job (KB)
...
006 (407171.000.000) 2026-05-07 22:31:33 Image size of job updated: 332084
	308  -  MemoryUsage of job (MB)
	314404  -  ResidentSetSize of job (KB)
...
006 (407171.000.000) 2026-05-07 23:46:41 Image size of job updated: 333184
	308  -  MemoryUsage of job (MB)
	314404  -  ResidentSetSize of job (KB)
...
006 (407171.000.000) 2026-05-08 22:14:04 Image size of job updated: 339208
	308  -  MemoryUsage of job (MB)
	314404  -  ResidentSetSize of job (KB)
...
006 (407171.000.000) 2026-05-08 22:24:05 Image size of job updated: 342664
	308  -  MemoryUsage of job (MB)
	314404  -  ResidentSetSize of job (KB)
...
006 (407171.000.000) 2026-05-08 22:34:06 Image size of job updated: 342720
	308  -  MemoryUsage of job (MB)
	314404  -  ResidentSetSize of job (KB)
...
006 (407171.000.000) 2026-05-08 22:44:06 Image size of job updated: 349412
	308  -  MemoryUsage of job (MB)
	314404  -  ResidentSetSize of job (KB)
...
006 (407171.000.000) 2026-05-09 03:24:37 Image size of job updated: 349456
	308  -  MemoryUsage of job (MB)
	314404  -  ResidentSetSize of job (KB)
...
006 (407171.000.000) 2026-05-09 03:44:39 Image size of job updated: 349876
	308  -  MemoryUsage of job (MB)
	314404  -  ResidentSetSize of job (KB)
...
006 (407171.000.000) 2026-05-09 07:30:02 Image size of job updated: 352360
	308  -  MemoryUsage of job (MB)
	314404  -  ResidentSetSize of job (KB)
...
005 (407171.000.000) 2026-05-09 11:34:44 Job terminated.
	(1) Normal termination (return value 139)
		Usr 1 14:10:31, Sys 0 02:42:09  -  Run Remote Usage
		Usr 0 00:00:00, Sys 0 00:00:00  -  Run Local Usage
		Usr 1 14:10:31, Sys 0 02:42:09  -  Total Remote Usage
		Usr 0 00:00:00, Sys 0 00:00:00  -  Total Local Usage
	0  -  Run Bytes Sent By Job
	0  -  Run Bytes Received By Job
	0  -  Total Bytes Sent By Job
	0  -  Total Bytes Received By Job
	Partitionable Resources :    Usage  Request Allocated 
	   Cpus                 :     0.99        1         1 
	   Disk (KB)            :     1           1     23466 
	   Memory (MB)          :   308        1024      1024 

	Job terminated of its own accord at 2026-05-09T09:34:44Z with exit-code 139.
...
