000 (407297.000.000) 2026-05-07 18:20:40 Job submitted from host: <192.168.250.101:9618?addrs=192.168.250.101-9618&alias=hercules.hcms.it&noUDP&sock=schedd_3404051_6d7b>
...
001 (407297.000.000) 2026-05-07 18:21:01 Job executing on host: <192.168.250.102:9618?addrs=192.168.250.102-9618&alias=empire.hcms.it&noUDP&sock=startd_2716409_3615>
	SlotName: slot43_1@empire.hcms.it
	CondorScratchDir = "/var/lib/condor/execute/dir_3296205"
	Cpus = 1
	Disk = 22792
	Memory = 1024
...
006 (407297.000.000) 2026-05-07 18:21:10 Image size of job updated: 57336
	49  -  MemoryUsage of job (MB)
	49824  -  ResidentSetSize of job (KB)
...
006 (407297.000.000) 2026-05-07 18:26:11 Image size of job updated: 57336
	50  -  MemoryUsage of job (MB)
	50592  -  ResidentSetSize of job (KB)
...
006 (407297.000.000) 2026-05-07 18:56:13 Image size of job updated: 356452
	50  -  MemoryUsage of job (MB)
	50592  -  ResidentSetSize of job (KB)
...
006 (407297.000.000) 2026-05-07 19:36:17 Image size of job updated: 360264
	50  -  MemoryUsage of job (MB)
	50592  -  ResidentSetSize of job (KB)
...
006 (407297.000.000) 2026-05-07 20:16:22 Image size of job updated: 360480
	58  -  MemoryUsage of job (MB)
	58984  -  ResidentSetSize of job (KB)
...
006 (407297.000.000) 2026-05-07 22:26:34 Image size of job updated: 361228
	58  -  MemoryUsage of job (MB)
	58984  -  ResidentSetSize of job (KB)
...
006 (407297.000.000) 2026-05-08 02:01:54 Image size of job updated: 361228
	128  -  MemoryUsage of job (MB)
	130860  -  ResidentSetSize of job (KB)
...
006 (407297.000.000) 2026-05-08 02:06:55 Image size of job updated: 361228
	128  -  MemoryUsage of job (MB)
	130952  -  ResidentSetSize of job (KB)
...
006 (407297.000.000) 2026-05-08 05:52:20 Image size of job updated: 363708
	128  -  MemoryUsage of job (MB)
	130952  -  ResidentSetSize of job (KB)
...
006 (407297.000.000) 2026-05-08 05:57:20 Image size of job updated: 363708
	140  -  MemoryUsage of job (MB)
	142660  -  ResidentSetSize of job (KB)
...
006 (407297.000.000) 2026-05-08 06:02:21 Image size of job updated: 364184
	140  -  MemoryUsage of job (MB)
	142852  -  ResidentSetSize of job (KB)
...
006 (407297.000.000) 2026-05-08 09:22:41 Image size of job updated: 364184
	215  -  MemoryUsage of job (MB)
	219508  -  ResidentSetSize of job (KB)
...
006 (407297.000.000) 2026-05-08 09:27:41 Image size of job updated: 364184
	215  -  MemoryUsage of job (MB)
	219764  -  ResidentSetSize of job (KB)
...
005 (407297.000.000) 2026-05-08 18:24:37 Job terminated.
	(1) Normal termination (return value 139)
		Usr 0 23:37:13, Sys 0 00:14:32  -  Run Remote Usage
		Usr 0 00:00:00, Sys 0 00:00:00  -  Run Local Usage
		Usr 0 23:37:13, Sys 0 00:14:32  -  Total Remote Usage
		Usr 0 00:00:00, Sys 0 00:00:00  -  Total Local Usage
	0  -  Run Bytes Sent By Job
	0  -  Run Bytes Received By Job
	0  -  Total Bytes Sent By Job
	0  -  Total Bytes Received By Job
	Partitionable Resources :    Usage  Request Allocated 
	   Cpus                 :     0.99        1         1 
	   Disk (KB)            :     1           1     22792 
	   Memory (MB)          :   215        1024      1024 

	Job terminated of its own accord at 2026-05-08T16:24:37Z with exit-code 139.
...
