000 (407337.000.000) 2026-05-07 18:20:41 Job submitted from host: <192.168.250.101:9618?addrs=192.168.250.101-9618&alias=hercules.hcms.it&noUDP&sock=schedd_3404051_6d7b>
...
001 (407337.000.000) 2026-05-07 18:21:02 Job executing on host: <192.168.250.102:9618?addrs=192.168.250.102-9618&alias=empire.hcms.it&noUDP&sock=startd_2716409_3615>
	SlotName: slot83_1@empire.hcms.it
	CondorScratchDir = "/var/lib/condor/execute/dir_3296259"
	Cpus = 1
	Disk = 22792
	Memory = 1024
...
006 (407337.000.000) 2026-05-07 18:21:10 Image size of job updated: 57420
	55  -  MemoryUsage of job (MB)
	55344  -  ResidentSetSize of job (KB)
...
006 (407337.000.000) 2026-05-07 18:36:12 Image size of job updated: 357380
	55  -  MemoryUsage of job (MB)
	55344  -  ResidentSetSize of job (KB)
...
006 (407337.000.000) 2026-05-07 19:26:17 Image size of job updated: 362524
	60  -  MemoryUsage of job (MB)
	61404  -  ResidentSetSize of job (KB)
...
006 (407337.000.000) 2026-05-07 20:06:20 Image size of job updated: 365280
	60  -  MemoryUsage of job (MB)
	61404  -  ResidentSetSize of job (KB)
...
006 (407337.000.000) 2026-05-07 23:56:44 Image size of job updated: 365280
	319  -  MemoryUsage of job (MB)
	326284  -  ResidentSetSize of job (KB)
...
006 (407337.000.000) 2026-05-08 07:37:32 Image size of job updated: 365296
	319  -  MemoryUsage of job (MB)
	326284  -  ResidentSetSize of job (KB)
...
006 (407337.000.000) 2026-05-08 08:27:37 Image size of job updated: 367088
	319  -  MemoryUsage of job (MB)
	326284  -  ResidentSetSize of job (KB)
...
006 (407337.000.000) 2026-05-08 10:37:51 Image size of job updated: 367952
	319  -  MemoryUsage of job (MB)
	326284  -  ResidentSetSize of job (KB)
...
006 (407337.000.000) 2026-05-09 01:59:27 Image size of job updated: 369908
	319  -  MemoryUsage of job (MB)
	326284  -  ResidentSetSize of job (KB)
...
005 (407337.000.000) 2026-05-09 05:49:06 Job terminated.
	(1) Normal termination (return value 139)
		Usr 1 09:53:09, Sys 0 01:17:23  -  Run Remote Usage
		Usr 0 00:00:00, Sys 0 00:00:00  -  Run Local Usage
		Usr 1 09:53:09, Sys 0 01:17:23  -  Total Remote Usage
		Usr 0 00:00:00, Sys 0 00:00:00  -  Total Local Usage
	0  -  Run Bytes Sent By Job
	0  -  Run Bytes Received By Job
	0  -  Total Bytes Sent By Job
	0  -  Total Bytes Received By Job
	Partitionable Resources :    Usage  Request Allocated 
	   Cpus                 :     0.99        1         1 
	   Disk (KB)            :     1           1     22792 
	   Memory (MB)          :   319        1024      1024 

	Job terminated of its own accord at 2026-05-09T03:49:06Z with exit-code 139.
...
