000 (407251.000.000) 2026-05-07 18:20:39 Job submitted from host: <192.168.250.101:9618?addrs=192.168.250.101-9618&alias=hercules.hcms.it&noUDP&sock=schedd_3404051_6d7b>
...
001 (407251.000.000) 2026-05-07 18:20:59 Job executing on host: <192.168.250.22:9618?addrs=192.168.250.22-9618&alias=pccms12.hcms.it&noUDP&sock=startd_3275093_f746>
	SlotName: slot59_1@pccms12.hcms.it
	CondorScratchDir = "/var/lib/condor/execute/dir_3815362"
	Cpus = 1
	Disk = 22134
	Memory = 1024
...
006 (407251.000.000) 2026-05-07 18:21:08 Image size of job updated: 36700
	31  -  MemoryUsage of job (MB)
	31440  -  ResidentSetSize of job (KB)
...
006 (407251.000.000) 2026-05-07 18:26:09 Image size of job updated: 36972
	31  -  MemoryUsage of job (MB)
	31440  -  ResidentSetSize of job (KB)
...
006 (407251.000.000) 2026-05-07 18:41:10 Image size of job updated: 325052
	31  -  MemoryUsage of job (MB)
	31452  -  ResidentSetSize of job (KB)
...
006 (407251.000.000) 2026-05-07 18:46:11 Image size of job updated: 326092
	32  -  MemoryUsage of job (MB)
	32688  -  ResidentSetSize of job (KB)
...
006 (407251.000.000) 2026-05-07 18:51:11 Image size of job updated: 327420
	32  -  MemoryUsage of job (MB)
	32688  -  ResidentSetSize of job (KB)
...
006 (407251.000.000) 2026-05-07 19:11:13 Image size of job updated: 327420
	33  -  MemoryUsage of job (MB)
	33464  -  ResidentSetSize of job (KB)
...
006 (407251.000.000) 2026-05-07 20:06:19 Image size of job updated: 327420
	33  -  MemoryUsage of job (MB)
	33656  -  ResidentSetSize of job (KB)
...
006 (407251.000.000) 2026-05-07 20:11:20 Image size of job updated: 328120
	34  -  MemoryUsage of job (MB)
	34680  -  ResidentSetSize of job (KB)
...
006 (407251.000.000) 2026-05-07 20:36:22 Image size of job updated: 328148
	35  -  MemoryUsage of job (MB)
	34960  -  ResidentSetSize of job (KB)
...
006 (407251.000.000) 2026-05-07 20:51:24 Image size of job updated: 328148
	35  -  MemoryUsage of job (MB)
	34964  -  ResidentSetSize of job (KB)
...
006 (407251.000.000) 2026-05-07 21:21:27 Image size of job updated: 328148
	35  -  MemoryUsage of job (MB)
	35072  -  ResidentSetSize of job (KB)
...
006 (407251.000.000) 2026-05-07 21:51:30 Image size of job updated: 329224
	35  -  MemoryUsage of job (MB)
	35072  -  ResidentSetSize of job (KB)
...
006 (407251.000.000) 2026-05-07 22:01:30 Image size of job updated: 329224
	36  -  MemoryUsage of job (MB)
	36268  -  ResidentSetSize of job (KB)
...
006 (407251.000.000) 2026-05-07 22:31:34 Image size of job updated: 329908
	36  -  MemoryUsage of job (MB)
	36268  -  ResidentSetSize of job (KB)
...
006 (407251.000.000) 2026-05-07 22:36:34 Image size of job updated: 329908
	37  -  MemoryUsage of job (MB)
	37160  -  ResidentSetSize of job (KB)
...
006 (407251.000.000) 2026-05-07 23:16:39 Image size of job updated: 330696
	41  -  MemoryUsage of job (MB)
	41376  -  ResidentSetSize of job (KB)
...
006 (407251.000.000) 2026-05-08 01:01:50 Image size of job updated: 336612
	41  -  MemoryUsage of job (MB)
	41376  -  ResidentSetSize of job (KB)
...
006 (407251.000.000) 2026-05-08 02:42:00 Image size of job updated: 336612
	114  -  MemoryUsage of job (MB)
	115796  -  ResidentSetSize of job (KB)
...
006 (407251.000.000) 2026-05-08 02:47:01 Image size of job updated: 336612
	115  -  MemoryUsage of job (MB)
	117332  -  ResidentSetSize of job (KB)
...
006 (407251.000.000) 2026-05-08 04:27:12 Image size of job updated: 336612
	141  -  MemoryUsage of job (MB)
	143864  -  ResidentSetSize of job (KB)
...
006 (407251.000.000) 2026-05-08 04:32:13 Image size of job updated: 336612
	141  -  MemoryUsage of job (MB)
	144376  -  ResidentSetSize of job (KB)
...
006 (407251.000.000) 2026-05-08 10:57:51 Image size of job updated: 336612
	205  -  MemoryUsage of job (MB)
	209676  -  ResidentSetSize of job (KB)
...
006 (407251.000.000) 2026-05-08 11:02:51 Image size of job updated: 338032
	205  -  MemoryUsage of job (MB)
	209676  -  ResidentSetSize of job (KB)
...
005 (407251.000.000) 2026-05-08 12:22:27 Job terminated.
	(1) Normal termination (return value 139)
		Usr 0 17:29:25, Sys 0 00:22:15  -  Run Remote Usage
		Usr 0 00:00:00, Sys 0 00:00:00  -  Run Local Usage
		Usr 0 17:29:25, Sys 0 00:22:15  -  Total Remote Usage
		Usr 0 00:00:00, Sys 0 00:00:00  -  Total Local Usage
	0  -  Run Bytes Sent By Job
	0  -  Run Bytes Received By Job
	0  -  Total Bytes Sent By Job
	0  -  Total Bytes Received By Job
	Partitionable Resources :    Usage  Request Allocated 
	   Cpus                 :     0.99        1         1 
	   Disk (KB)            :     1           1     22134 
	   Memory (MB)          :   205        1024      1024 

	Job terminated of its own accord at 2026-05-08T10:22:27Z with exit-code 139.
...
