000 (407222.000.000) 2026-05-07 18:20:38 Job submitted from host: <192.168.250.101:9618?addrs=192.168.250.101-9618&alias=hercules.hcms.it&noUDP&sock=schedd_3404051_6d7b>
...
001 (407222.000.000) 2026-05-07 18:20:59 Job executing on host: <192.168.250.22:9618?addrs=192.168.250.22-9618&alias=pccms12.hcms.it&noUDP&sock=startd_3275093_f746>
	SlotName: slot30_1@pccms12.hcms.it
	CondorScratchDir = "/var/lib/condor/execute/dir_3815048"
	Cpus = 1
	Disk = 22134
	Memory = 1024
...
006 (407222.000.000) 2026-05-07 18:21:08 Image size of job updated: 55920
	55  -  MemoryUsage of job (MB)
	55668  -  ResidentSetSize of job (KB)
...
006 (407222.000.000) 2026-05-07 18:26:09 Image size of job updated: 457020
	160  -  MemoryUsage of job (MB)
	163820  -  ResidentSetSize of job (KB)
...
006 (407222.000.000) 2026-05-07 18:31:10 Image size of job updated: 458960
	161  -  MemoryUsage of job (MB)
	163848  -  ResidentSetSize of job (KB)
...
006 (407222.000.000) 2026-05-07 18:46:11 Image size of job updated: 458960
	161  -  MemoryUsage of job (MB)
	163876  -  ResidentSetSize of job (KB)
...
006 (407222.000.000) 2026-05-07 18:56:11 Image size of job updated: 458960
	161  -  MemoryUsage of job (MB)
	164096  -  ResidentSetSize of job (KB)
...
005 (407222.000.000) 2026-05-08 12:15:18 Job terminated.
	(1) Normal termination (return value 139)
		Usr 0 17:20:08, Sys 0 00:24:08  -  Run Remote Usage
		Usr 0 00:00:00, Sys 0 00:00:00  -  Run Local Usage
		Usr 0 17:20:08, Sys 0 00:24:08  -  Total Remote Usage
		Usr 0 00:00:00, Sys 0 00:00:00  -  Total Local Usage
	0  -  Run Bytes Sent By Job
	0  -  Run Bytes Received By Job
	0  -  Total Bytes Sent By Job
	0  -  Total Bytes Received By Job
	Partitionable Resources :    Usage  Request Allocated 
	   Cpus                 :     0.99        1         1 
	   Disk (KB)            :     1           1     22134 
	   Memory (MB)          :   161        1024      1024 

	Job terminated of its own accord at 2026-05-08T10:15:18Z with exit-code 139.
...
