000 (407399.000.000) 2026-05-07 18:20:42 Job submitted from host: <192.168.250.101:9618?addrs=192.168.250.101-9618&alias=hercules.hcms.it&noUDP&sock=schedd_3404051_6d7b>
...
001 (407399.000.000) 2026-05-07 18:21:01 Job executing on host: <192.168.250.103:9618?addrs=192.168.250.103-9618&alias=clipper.hcms.it&noUDP&sock=startd_3676022_e97e>
	SlotName: slot35_1@clipper.hcms.it
	CondorScratchDir = "/var/lib/condor/execute/dir_4192928"
	Cpus = 1
	Disk = 20734
	Memory = 1024
...
006 (407399.000.000) 2026-05-07 18:21:10 Image size of job updated: 52840
	52  -  MemoryUsage of job (MB)
	52680  -  ResidentSetSize of job (KB)
...
006 (407399.000.000) 2026-05-07 18:26:11 Image size of job updated: 52904
	52  -  MemoryUsage of job (MB)
	52680  -  ResidentSetSize of job (KB)
...
006 (407399.000.000) 2026-05-07 19:16:17 Image size of job updated: 356428
	54  -  MemoryUsage of job (MB)
	55048  -  ResidentSetSize of job (KB)
...
006 (407399.000.000) 2026-05-07 19:36:19 Image size of job updated: 356684
	54  -  MemoryUsage of job (MB)
	55048  -  ResidentSetSize of job (KB)
...
006 (407399.000.000) 2026-05-07 20:21:24 Image size of job updated: 358772
	54  -  MemoryUsage of job (MB)
	55048  -  ResidentSetSize of job (KB)
...
006 (407399.000.000) 2026-05-08 02:01:58 Image size of job updated: 359360
	54  -  MemoryUsage of job (MB)
	55048  -  ResidentSetSize of job (KB)
...
006 (407399.000.000) 2026-05-08 02:06:58 Image size of job updated: 359360
	54  -  MemoryUsage of job (MB)
	55084  -  ResidentSetSize of job (KB)
...
006 (407399.000.000) 2026-05-08 03:42:08 Image size of job updated: 360848
	54  -  MemoryUsage of job (MB)
	55084  -  ResidentSetSize of job (KB)
...
006 (407399.000.000) 2026-05-08 05:47:21 Image size of job updated: 360848
	55  -  MemoryUsage of job (MB)
	55360  -  ResidentSetSize of job (KB)
...
006 (407399.000.000) 2026-05-08 06:47:27 Image size of job updated: 365496
	55  -  MemoryUsage of job (MB)
	55360  -  ResidentSetSize of job (KB)
...
006 (407399.000.000) 2026-05-08 07:17:30 Image size of job updated: 365496
	55  -  MemoryUsage of job (MB)
	55504  -  ResidentSetSize of job (KB)
...
006 (407399.000.000) 2026-05-08 08:27:37 Image size of job updated: 657628
	348  -  MemoryUsage of job (MB)
	355888  -  ResidentSetSize of job (KB)
...
006 (407399.000.000) 2026-05-08 08:57:41 Image size of job updated: 659372
	348  -  MemoryUsage of job (MB)
	355888  -  ResidentSetSize of job (KB)
...
006 (407399.000.000) 2026-05-08 11:12:55 Image size of job updated: 659372
	348  -  MemoryUsage of job (MB)
	355964  -  ResidentSetSize of job (KB)
...
006 (407399.000.000) 2026-05-08 11:47:58 Image size of job updated: 663280
	348  -  MemoryUsage of job (MB)
	355964  -  ResidentSetSize of job (KB)
...
006 (407399.000.000) 2026-05-08 12:13:02 Image size of job updated: 663696
	349  -  MemoryUsage of job (MB)
	356400  -  ResidentSetSize of job (KB)
...
005 (407399.000.000) 2026-05-09 04:33:34 Job terminated.
	(1) Normal termination (return value 139)
		Usr 1 09:39:02, Sys 0 00:17:55  -  Run Remote Usage
		Usr 0 00:00:00, Sys 0 00:00:00  -  Run Local Usage
		Usr 1 09:39:02, Sys 0 00:17:55  -  Total Remote Usage
		Usr 0 00:00:00, Sys 0 00:00:00  -  Total Local Usage
	0  -  Run Bytes Sent By Job
	0  -  Run Bytes Received By Job
	0  -  Total Bytes Sent By Job
	0  -  Total Bytes Received By Job
	Partitionable Resources :    Usage  Request Allocated 
	   Cpus                 :     0.99        1         1 
	   Disk (KB)            :     1           1     20734 
	   Memory (MB)          :   349        1024      1024 

	Job terminated of its own accord at 2026-05-09T02:33:34Z with exit-code 139.
...
