000 (407420.000.000) 2026-05-07 18:20:43 Job submitted from host: <192.168.250.101:9618?addrs=192.168.250.101-9618&alias=hercules.hcms.it&noUDP&sock=schedd_3404051_6d7b>
...
001 (407420.000.000) 2026-05-07 18:21:01 Job executing on host: <192.168.250.103:9618?addrs=192.168.250.103-9618&alias=clipper.hcms.it&noUDP&sock=startd_3676022_e97e>
	SlotName: slot56_1@clipper.hcms.it
	CondorScratchDir = "/var/lib/condor/execute/dir_4192952"
	Cpus = 1
	Disk = 20734
	Memory = 1024
...
006 (407420.000.000) 2026-05-07 18:21:09 Image size of job updated: 55684
	55  -  MemoryUsage of job (MB)
	55516  -  ResidentSetSize of job (KB)
...
006 (407420.000.000) 2026-05-07 18:26:09 Image size of job updated: 55772
	55  -  MemoryUsage of job (MB)
	55516  -  ResidentSetSize of job (KB)
...
006 (407420.000.000) 2026-05-07 18:31:10 Image size of job updated: 55888
	55  -  MemoryUsage of job (MB)
	55536  -  ResidentSetSize of job (KB)
...
006 (407420.000.000) 2026-05-07 19:26:15 Image size of job updated: 356948
	55  -  MemoryUsage of job (MB)
	55536  -  ResidentSetSize of job (KB)
...
006 (407420.000.000) 2026-05-07 19:41:17 Image size of job updated: 356948
	56  -  MemoryUsage of job (MB)
	56904  -  ResidentSetSize of job (KB)
...
006 (407420.000.000) 2026-05-07 19:51:18 Image size of job updated: 356948
	56  -  MemoryUsage of job (MB)
	57032  -  ResidentSetSize of job (KB)
...
006 (407420.000.000) 2026-05-07 21:36:29 Image size of job updated: 360344
	56  -  MemoryUsage of job (MB)
	57032  -  ResidentSetSize of job (KB)
...
006 (407420.000.000) 2026-05-08 01:56:54 Image size of job updated: 360344
	56  -  MemoryUsage of job (MB)
	57312  -  ResidentSetSize of job (KB)
...
006 (407420.000.000) 2026-05-08 02:36:59 Image size of job updated: 360708
	56  -  MemoryUsage of job (MB)
	57312  -  ResidentSetSize of job (KB)
...
006 (407420.000.000) 2026-05-08 03:02:01 Image size of job updated: 360708
	57  -  MemoryUsage of job (MB)
	57924  -  ResidentSetSize of job (KB)
...
006 (407420.000.000) 2026-05-08 03:27:05 Image size of job updated: 360784
	57  -  MemoryUsage of job (MB)
	57924  -  ResidentSetSize of job (KB)
...
006 (407420.000.000) 2026-05-08 03:57:08 Image size of job updated: 360784
	57  -  MemoryUsage of job (MB)
	58144  -  ResidentSetSize of job (KB)
...
006 (407420.000.000) 2026-05-08 06:07:22 Image size of job updated: 360784
	57  -  MemoryUsage of job (MB)
	58188  -  ResidentSetSize of job (KB)
...
006 (407420.000.000) 2026-05-08 08:12:34 Image size of job updated: 363128
	57  -  MemoryUsage of job (MB)
	58188  -  ResidentSetSize of job (KB)
...
006 (407420.000.000) 2026-05-08 10:37:50 Image size of job updated: 363128
	57  -  MemoryUsage of job (MB)
	58284  -  ResidentSetSize of job (KB)
...
006 (407420.000.000) 2026-05-08 15:13:17 Image size of job updated: 656664
	351  -  MemoryUsage of job (MB)
	358788  -  ResidentSetSize of job (KB)
...
006 (407420.000.000) 2026-05-08 15:43:21 Image size of job updated: 657964
	351  -  MemoryUsage of job (MB)
	358788  -  ResidentSetSize of job (KB)
...
006 (407420.000.000) 2026-05-08 15:53:22 Image size of job updated: 657964
	351  -  MemoryUsage of job (MB)
	358804  -  ResidentSetSize of job (KB)
...
006 (407420.000.000) 2026-05-08 16:28:26 Image size of job updated: 659904
	351  -  MemoryUsage of job (MB)
	358804  -  ResidentSetSize of job (KB)
...
006 (407420.000.000) 2026-05-08 17:58:34 Image size of job updated: 662964
	351  -  MemoryUsage of job (MB)
	358804  -  ResidentSetSize of job (KB)
...
006 (407420.000.000) 2026-05-08 18:03:35 Image size of job updated: 662964
	351  -  MemoryUsage of job (MB)
	358844  -  ResidentSetSize of job (KB)
...
006 (407420.000.000) 2026-05-08 18:08:36 Image size of job updated: 662964
	351  -  MemoryUsage of job (MB)
	358908  -  ResidentSetSize of job (KB)
...
006 (407420.000.000) 2026-05-08 18:53:40 Image size of job updated: 662964
	351  -  MemoryUsage of job (MB)
	358996  -  ResidentSetSize of job (KB)
...
005 (407420.000.000) 2026-05-09 06:21:36 Job terminated.
	(1) Normal termination (return value 139)
		Usr 1 11:19:48, Sys 0 00:23:52  -  Run Remote Usage
		Usr 0 00:00:00, Sys 0 00:00:00  -  Run Local Usage
		Usr 1 11:19:48, Sys 0 00:23:52  -  Total Remote Usage
		Usr 0 00:00:00, Sys 0 00:00:00  -  Total Local Usage
	0  -  Run Bytes Sent By Job
	0  -  Run Bytes Received By Job
	0  -  Total Bytes Sent By Job
	0  -  Total Bytes Received By Job
	Partitionable Resources :    Usage  Request Allocated 
	   Cpus                 :     0.99        1         1 
	   Disk (KB)            :     1           1     20734 
	   Memory (MB)          :   351        1024      1024 

	Job terminated of its own accord at 2026-05-09T04:21:36Z with exit-code 139.
...
