000 (407178.000.000) 2026-05-07 18:20:37 Job submitted from host: <192.168.250.101:9618?addrs=192.168.250.101-9618&alias=hercules.hcms.it&noUDP&sock=schedd_3404051_6d7b>
...
001 (407178.000.000) 2026-05-07 18:21:00 Job executing on host: <192.168.250.23:9618?addrs=192.168.250.23-9618&alias=pccms13.hcms.it&noUDP&sock=startd_4182521_18e8>
	SlotName: slot48_1@pccms13.hcms.it
	CondorScratchDir = "/var/lib/condor/execute/dir_538050"
	Cpus = 1
	Disk = 23466
	Memory = 1024
...
006 (407178.000.000) 2026-05-07 18:21:09 Image size of job updated: 39076
	38  -  MemoryUsage of job (MB)
	38824  -  ResidentSetSize of job (KB)
...
006 (407178.000.000) 2026-05-07 18:26:10 Image size of job updated: 324660
	38  -  MemoryUsage of job (MB)
	38824  -  ResidentSetSize of job (KB)
...
006 (407178.000.000) 2026-05-07 18:31:11 Image size of job updated: 325120
	38  -  MemoryUsage of job (MB)
	38824  -  ResidentSetSize of job (KB)
...
006 (407178.000.000) 2026-05-07 18:41:11 Image size of job updated: 325312
	38  -  MemoryUsage of job (MB)
	38824  -  ResidentSetSize of job (KB)
...
006 (407178.000.000) 2026-05-07 18:46:12 Image size of job updated: 326988
	38  -  MemoryUsage of job (MB)
	38824  -  ResidentSetSize of job (KB)
...
006 (407178.000.000) 2026-05-07 19:56:20 Image size of job updated: 326988
	39  -  MemoryUsage of job (MB)
	39748  -  ResidentSetSize of job (KB)
...
006 (407178.000.000) 2026-05-07 20:41:24 Image size of job updated: 330160
	39  -  MemoryUsage of job (MB)
	39748  -  ResidentSetSize of job (KB)
...
006 (407178.000.000) 2026-05-07 21:11:27 Image size of job updated: 330160
	233  -  MemoryUsage of job (MB)
	238328  -  ResidentSetSize of job (KB)
...
006 (407178.000.000) 2026-05-07 21:31:29 Image size of job updated: 330204
	233  -  MemoryUsage of job (MB)
	238328  -  ResidentSetSize of job (KB)
...
006 (407178.000.000) 2026-05-07 21:46:31 Image size of job updated: 330252
	233  -  MemoryUsage of job (MB)
	238328  -  ResidentSetSize of job (KB)
...
006 (407178.000.000) 2026-05-07 21:56:32 Image size of job updated: 332012
	233  -  MemoryUsage of job (MB)
	238328  -  ResidentSetSize of job (KB)
...
006 (407178.000.000) 2026-05-07 22:06:33 Image size of job updated: 335244
	233  -  MemoryUsage of job (MB)
	238328  -  ResidentSetSize of job (KB)
...
006 (407178.000.000) 2026-05-08 07:02:29 Image size of job updated: 335244
	300  -  MemoryUsage of job (MB)
	306868  -  ResidentSetSize of job (KB)
...
006 (407178.000.000) 2026-05-08 07:07:29 Image size of job updated: 529684
	301  -  MemoryUsage of job (MB)
	307636  -  ResidentSetSize of job (KB)
...
006 (407178.000.000) 2026-05-08 07:22:31 Image size of job updated: 530700
	301  -  MemoryUsage of job (MB)
	307636  -  ResidentSetSize of job (KB)
...
006 (407178.000.000) 2026-05-08 07:42:33 Image size of job updated: 531328
	301  -  MemoryUsage of job (MB)
	307636  -  ResidentSetSize of job (KB)
...
005 (407178.000.000) 2026-05-08 12:29:09 Job terminated.
	(1) Normal termination (return value 139)
		Usr 0 17:28:10, Sys 0 00:29:30  -  Run Remote Usage
		Usr 0 00:00:00, Sys 0 00:00:00  -  Run Local Usage
		Usr 0 17:28:10, Sys 0 00:29:30  -  Total Remote Usage
		Usr 0 00:00:00, Sys 0 00:00:00  -  Total Local Usage
	0  -  Run Bytes Sent By Job
	0  -  Run Bytes Received By Job
	0  -  Total Bytes Sent By Job
	0  -  Total Bytes Received By Job
	Partitionable Resources :    Usage  Request Allocated 
	   Cpus                 :     0.99        1         1 
	   Disk (KB)            :     1           1     23466 
	   Memory (MB)          :   301        1024      1024 

	Job terminated of its own accord at 2026-05-08T10:29:09Z with exit-code 139.
...
