000 (407124.000.000) 2026-05-07 18:20:36 Job submitted from host: <192.168.250.101:9618?addrs=192.168.250.101-9618&alias=hercules.hcms.it&noUDP&sock=schedd_3404051_6d7b>
...
001 (407124.000.000) 2026-05-07 18:20:56 Job executing on host: <192.168.250.21:9618?addrs=192.168.250.21-9618&alias=pccms11.hcms.it&noUDP&sock=startd_3845377_5b11>
	SlotName: slot26_1@pccms11.hcms.it
	CondorScratchDir = "/var/lib/condor/execute/dir_1464907"
	Cpus = 1
	Disk = 7762
	Memory = 1024
...
006 (407124.000.000) 2026-05-07 18:21:05 Image size of job updated: 57348
	54  -  MemoryUsage of job (MB)
	55232  -  ResidentSetSize of job (KB)
...
006 (407124.000.000) 2026-05-07 18:41:07 Image size of job updated: 350808
	55  -  MemoryUsage of job (MB)
	55408  -  ResidentSetSize of job (KB)
...
006 (407124.000.000) 2026-05-07 20:01:14 Image size of job updated: 351008
	55  -  MemoryUsage of job (MB)
	55408  -  ResidentSetSize of job (KB)
...
006 (407124.000.000) 2026-05-07 20:51:18 Image size of job updated: 352636
	55  -  MemoryUsage of job (MB)
	55408  -  ResidentSetSize of job (KB)
...
006 (407124.000.000) 2026-05-07 21:31:22 Image size of job updated: 353144
	55  -  MemoryUsage of job (MB)
	55408  -  ResidentSetSize of job (KB)
...
006 (407124.000.000) 2026-05-07 22:16:27 Image size of job updated: 353144
	58  -  MemoryUsage of job (MB)
	58848  -  ResidentSetSize of job (KB)
...
006 (407124.000.000) 2026-05-08 00:46:40 Image size of job updated: 353144
	58  -  MemoryUsage of job (MB)
	58900  -  ResidentSetSize of job (KB)
...
006 (407124.000.000) 2026-05-08 07:22:18 Image size of job updated: 353144
	58  -  MemoryUsage of job (MB)
	58908  -  ResidentSetSize of job (KB)
...
006 (407124.000.000) 2026-05-08 07:42:20 Image size of job updated: 353144
	58  -  MemoryUsage of job (MB)
	58928  -  ResidentSetSize of job (KB)
...
006 (407124.000.000) 2026-05-08 12:32:49 Image size of job updated: 353144
	58  -  MemoryUsage of job (MB)
	58940  -  ResidentSetSize of job (KB)
...
006 (407124.000.000) 2026-05-08 13:22:54 Image size of job updated: 353144
	58  -  MemoryUsage of job (MB)
	59056  -  ResidentSetSize of job (KB)
...
006 (407124.000.000) 2026-05-08 14:13:00 Image size of job updated: 353144
	58  -  MemoryUsage of job (MB)
	59288  -  ResidentSetSize of job (KB)
...
006 (407124.000.000) 2026-05-08 14:18:00 Image size of job updated: 353144
	59  -  MemoryUsage of job (MB)
	59412  -  ResidentSetSize of job (KB)
...
006 (407124.000.000) 2026-05-08 14:23:00 Image size of job updated: 353144
	59  -  MemoryUsage of job (MB)
	59452  -  ResidentSetSize of job (KB)
...
006 (407124.000.000) 2026-05-08 18:18:26 Image size of job updated: 353144
	59  -  MemoryUsage of job (MB)
	59916  -  ResidentSetSize of job (KB)
...
006 (407124.000.000) 2026-05-08 18:23:27 Image size of job updated: 353144
	59  -  MemoryUsage of job (MB)
	60096  -  ResidentSetSize of job (KB)
...
006 (407124.000.000) 2026-05-08 18:28:27 Image size of job updated: 353144
	59  -  MemoryUsage of job (MB)
	60216  -  ResidentSetSize of job (KB)
...
006 (407124.000.000) 2026-05-08 18:43:29 Image size of job updated: 353144
	60  -  MemoryUsage of job (MB)
	61252  -  ResidentSetSize of job (KB)
...
006 (407124.000.000) 2026-05-08 18:48:29 Image size of job updated: 353144
	60  -  MemoryUsage of job (MB)
	61376  -  ResidentSetSize of job (KB)
...
006 (407124.000.000) 2026-05-08 19:33:33 Image size of job updated: 353144
	61  -  MemoryUsage of job (MB)
	62204  -  ResidentSetSize of job (KB)
...
006 (407124.000.000) 2026-05-08 19:38:34 Image size of job updated: 353144
	61  -  MemoryUsage of job (MB)
	62228  -  ResidentSetSize of job (KB)
...
006 (407124.000.000) 2026-05-08 19:48:34 Image size of job updated: 353144
	61  -  MemoryUsage of job (MB)
	62364  -  ResidentSetSize of job (KB)
...
006 (407124.000.000) 2026-05-08 23:18:56 Image size of job updated: 353144
	61  -  MemoryUsage of job (MB)
	62404  -  ResidentSetSize of job (KB)
...
006 (407124.000.000) 2026-05-09 05:59:37 Image size of job updated: 353144
	64  -  MemoryUsage of job (MB)
	64864  -  ResidentSetSize of job (KB)
...
006 (407124.000.000) 2026-05-09 06:29:40 Image size of job updated: 353144
	64  -  MemoryUsage of job (MB)
	65120  -  ResidentSetSize of job (KB)
...
006 (407124.000.000) 2026-05-09 11:40:12 Image size of job updated: 353144
	64  -  MemoryUsage of job (MB)
	65224  -  ResidentSetSize of job (KB)
...
006 (407124.000.000) 2026-05-09 12:05:14 Image size of job updated: 353144
	74  -  MemoryUsage of job (MB)
	75640  -  ResidentSetSize of job (KB)
...
006 (407124.000.000) 2026-05-09 12:25:16 Image size of job updated: 353144
	75  -  MemoryUsage of job (MB)
	75896  -  ResidentSetSize of job (KB)
...
006 (407124.000.000) 2026-05-09 12:50:18 Image size of job updated: 353144
	75  -  MemoryUsage of job (MB)
	76152  -  ResidentSetSize of job (KB)
...
006 (407124.000.000) 2026-05-09 14:25:28 Image size of job updated: 353144
	76  -  MemoryUsage of job (MB)
	77104  -  ResidentSetSize of job (KB)
...
006 (407124.000.000) 2026-05-09 17:10:45 Image size of job updated: 353144
	78  -  MemoryUsage of job (MB)
	79068  -  ResidentSetSize of job (KB)
...
006 (407124.000.000) 2026-05-09 19:05:56 Image size of job updated: 353144
	80  -  MemoryUsage of job (MB)
	81120  -  ResidentSetSize of job (KB)
...
006 (407124.000.000) 2026-05-09 21:01:09 Image size of job updated: 353144
	80  -  MemoryUsage of job (MB)
	81404  -  ResidentSetSize of job (KB)
...
006 (407124.000.000) 2026-05-09 21:06:10 Image size of job updated: 353144
	80  -  MemoryUsage of job (MB)
	81464  -  ResidentSetSize of job (KB)
...
006 (407124.000.000) 2026-05-09 21:11:10 Image size of job updated: 353144
	80  -  MemoryUsage of job (MB)
	81572  -  ResidentSetSize of job (KB)
...
006 (407124.000.000) 2026-05-09 21:16:10 Image size of job updated: 353144
	80  -  MemoryUsage of job (MB)
	81680  -  ResidentSetSize of job (KB)
...
006 (407124.000.000) 2026-05-09 21:21:11 Image size of job updated: 353144
	80  -  MemoryUsage of job (MB)
	81768  -  ResidentSetSize of job (KB)
...
006 (407124.000.000) 2026-05-09 21:26:12 Image size of job updated: 353144
	80  -  MemoryUsage of job (MB)
	81860  -  ResidentSetSize of job (KB)
...
006 (407124.000.000) 2026-05-09 21:31:12 Image size of job updated: 353144
	81  -  MemoryUsage of job (MB)
	81944  -  ResidentSetSize of job (KB)
...
006 (407124.000.000) 2026-05-09 21:36:12 Image size of job updated: 353144
	82  -  MemoryUsage of job (MB)
	83768  -  ResidentSetSize of job (KB)
...
006 (407124.000.000) 2026-05-09 22:11:16 Image size of job updated: 353144
	84  -  MemoryUsage of job (MB)
	85748  -  ResidentSetSize of job (KB)
...
006 (407124.000.000) 2026-05-10 00:21:29 Image size of job updated: 353144
	86  -  MemoryUsage of job (MB)
	88052  -  ResidentSetSize of job (KB)
...
006 (407124.000.000) 2026-05-10 02:16:41 Image size of job updated: 353144
	88  -  MemoryUsage of job (MB)
	89852  -  ResidentSetSize of job (KB)
...
006 (407124.000.000) 2026-05-10 04:41:55 Image size of job updated: 353144
	90  -  MemoryUsage of job (MB)
	92156  -  ResidentSetSize of job (KB)
...
006 (407124.000.000) 2026-05-10 07:32:12 Image size of job updated: 353144
	92  -  MemoryUsage of job (MB)
	93956  -  ResidentSetSize of job (KB)
...
006 (407124.000.000) 2026-05-10 09:22:23 Image size of job updated: 353144
	94  -  MemoryUsage of job (MB)
	96008  -  ResidentSetSize of job (KB)
...
006 (407124.000.000) 2026-05-10 11:17:34 Image size of job updated: 353144
	96  -  MemoryUsage of job (MB)
	98060  -  ResidentSetSize of job (KB)
...
006 (407124.000.000) 2026-05-10 15:02:56 Image size of job updated: 353144
	97  -  MemoryUsage of job (MB)
	98388  -  ResidentSetSize of job (KB)
...
006 (407124.000.000) 2026-05-10 15:07:57 Image size of job updated: 353144
	98  -  MemoryUsage of job (MB)
	100240  -  ResidentSetSize of job (KB)
...
006 (407124.000.000) 2026-05-10 15:33:00 Image size of job updated: 353144
	100  -  MemoryUsage of job (MB)
	102200  -  ResidentSetSize of job (KB)
...
006 (407124.000.000) 2026-05-10 17:03:09 Image size of job updated: 353144
	102  -  MemoryUsage of job (MB)
	104252  -  ResidentSetSize of job (KB)
...
006 (407124.000.000) 2026-05-10 19:08:22 Image size of job updated: 353144
	105  -  MemoryUsage of job (MB)
	106556  -  ResidentSetSize of job (KB)
...
006 (407124.000.000) 2026-05-10 22:18:42 Image size of job updated: 353144
	107  -  MemoryUsage of job (MB)
	108604  -  ResidentSetSize of job (KB)
...
006 (407124.000.000) 2026-05-11 01:28:58 Image size of job updated: 353144
	109  -  MemoryUsage of job (MB)
	110660  -  ResidentSetSize of job (KB)
...
006 (407124.000.000) 2026-05-11 03:49:12 Image size of job updated: 353144
	110  -  MemoryUsage of job (MB)
	112460  -  ResidentSetSize of job (KB)
...
006 (407124.000.000) 2026-05-11 05:44:24 Image size of job updated: 353144
	112  -  MemoryUsage of job (MB)
	114512  -  ResidentSetSize of job (KB)
...
006 (407124.000.000) 2026-05-11 07:39:36 Image size of job updated: 353144
	115  -  MemoryUsage of job (MB)
	116816  -  ResidentSetSize of job (KB)
...
006 (407124.000.000) 2026-05-11 09:29:48 Image size of job updated: 353144
	117  -  MemoryUsage of job (MB)
	118868  -  ResidentSetSize of job (KB)
...
006 (407124.000.000) 2026-05-11 11:25:00 Image size of job updated: 353144
	118  -  MemoryUsage of job (MB)
	120668  -  ResidentSetSize of job (KB)
...
006 (407124.000.000) 2026-05-11 13:20:12 Image size of job updated: 353144
	120  -  MemoryUsage of job (MB)
	122720  -  ResidentSetSize of job (KB)
...
006 (407124.000.000) 2026-05-11 16:05:29 Image size of job updated: 353144
	123  -  MemoryUsage of job (MB)
	125024  -  ResidentSetSize of job (KB)
...
006 (407124.000.000) 2026-05-11 19:20:49 Image size of job updated: 353144
	125  -  MemoryUsage of job (MB)
	127072  -  ResidentSetSize of job (KB)
...
006 (407124.000.000) 2026-05-11 21:46:04 Image size of job updated: 353144
	127  -  MemoryUsage of job (MB)
	129128  -  ResidentSetSize of job (KB)
...
006 (407124.000.000) 2026-05-12 00:01:18 Image size of job updated: 353144
	128  -  MemoryUsage of job (MB)
	130928  -  ResidentSetSize of job (KB)
...
006 (407124.000.000) 2026-05-12 04:16:43 Image size of job updated: 370476
	258  -  MemoryUsage of job (MB)
	263944  -  ResidentSetSize of job (KB)
...
006 (407124.000.000) 2026-05-12 04:21:44 Image size of job updated: 370748
	258  -  MemoryUsage of job (MB)
	263944  -  ResidentSetSize of job (KB)
...
006 (407124.000.000) 2026-05-12 04:26:45 Image size of job updated: 377284
	258  -  MemoryUsage of job (MB)
	263944  -  ResidentSetSize of job (KB)
...
006 (407124.000.000) 2026-05-12 05:26:50 Image size of job updated: 377284
	330  -  MemoryUsage of job (MB)
	337832  -  ResidentSetSize of job (KB)
...
006 (407124.000.000) 2026-05-12 06:52:00 Image size of job updated: 378336
	330  -  MemoryUsage of job (MB)
	337832  -  ResidentSetSize of job (KB)
...
006 (407124.000.000) 2026-05-12 07:02:01 Image size of job updated: 670080
	364  -  MemoryUsage of job (MB)
	372448  -  ResidentSetSize of job (KB)
...
006 (407124.000.000) 2026-05-12 07:07:02 Image size of job updated: 672452
	367  -  MemoryUsage of job (MB)
	374984  -  ResidentSetSize of job (KB)
...
006 (407124.000.000) 2026-05-12 07:12:02 Image size of job updated: 675488
	368  -  MemoryUsage of job (MB)
	376436  -  ResidentSetSize of job (KB)
...
006 (407124.000.000) 2026-05-12 07:17:02 Image size of job updated: 676060
	368  -  MemoryUsage of job (MB)
	376436  -  ResidentSetSize of job (KB)
...
006 (407124.000.000) 2026-05-12 07:27:03 Image size of job updated: 676284
	368  -  MemoryUsage of job (MB)
	376436  -  ResidentSetSize of job (KB)
...
006 (407124.000.000) 2026-05-12 07:47:05 Image size of job updated: 676588
	368  -  MemoryUsage of job (MB)
	376512  -  ResidentSetSize of job (KB)
...
006 (407124.000.000) 2026-05-12 08:02:07 Image size of job updated: 676820
	368  -  MemoryUsage of job (MB)
	376512  -  ResidentSetSize of job (KB)
...
006 (407124.000.000) 2026-05-12 08:17:09 Image size of job updated: 678028
	368  -  MemoryUsage of job (MB)
	376512  -  ResidentSetSize of job (KB)
...
005 (407124.000.000) 2026-05-14 08:09:04 Job terminated.
	(1) Normal termination (return value 134)
		Usr 6 10:34:08, Sys 0 02:41:22  -  Run Remote Usage
		Usr 0 00:00:00, Sys 0 00:00:00  -  Run Local Usage
		Usr 6 10:34:08, Sys 0 02:41:22  -  Total Remote Usage
		Usr 0 00:00:00, Sys 0 00:00:00  -  Total Local Usage
	0  -  Run Bytes Sent By Job
	0  -  Run Bytes Received By Job
	0  -  Total Bytes Sent By Job
	0  -  Total Bytes Received By Job
	Partitionable Resources :    Usage  Request Allocated 
	   Cpus                 :     1.00        1         1 
	   Disk (KB)            :     1           1      7762 
	   Memory (MB)          :   368        1024      1024 

	Job terminated of its own accord at 2026-05-14T06:09:04Z with exit-code 134.
...
