000 (407145.000.000) 2026-05-07 18:20:36 Job submitted from host: <192.168.250.101:9618?addrs=192.168.250.101-9618&alias=hercules.hcms.it&noUDP&sock=schedd_3404051_6d7b>
...
001 (407145.000.000) 2026-05-07 18:20:59 Job executing on host: <192.168.250.23:9618?addrs=192.168.250.23-9618&alias=pccms13.hcms.it&noUDP&sock=startd_4182521_18e8>
	SlotName: slot15_1@pccms13.hcms.it
	CondorScratchDir = "/var/lib/condor/execute/dir_537780"
	Cpus = 1
	Disk = 23466
	Memory = 1024
...
006 (407145.000.000) 2026-05-07 18:21:07 Image size of job updated: 36480
	36  -  MemoryUsage of job (MB)
	36316  -  ResidentSetSize of job (KB)
...
006 (407145.000.000) 2026-05-07 18:26:07 Image size of job updated: 36680
	36  -  MemoryUsage of job (MB)
	36316  -  ResidentSetSize of job (KB)
...
006 (407145.000.000) 2026-05-07 18:51:10 Image size of job updated: 330700
	36  -  MemoryUsage of job (MB)
	36316  -  ResidentSetSize of job (KB)
...
006 (407145.000.000) 2026-05-07 19:11:12 Image size of job updated: 330700
	138  -  MemoryUsage of job (MB)
	140924  -  ResidentSetSize of job (KB)
...
006 (407145.000.000) 2026-05-07 19:31:14 Image size of job updated: 331652
	138  -  MemoryUsage of job (MB)
	140924  -  ResidentSetSize of job (KB)
...
006 (407145.000.000) 2026-05-08 04:27:09 Image size of job updated: 331980
	138  -  MemoryUsage of job (MB)
	140924  -  ResidentSetSize of job (KB)
...
006 (407145.000.000) 2026-05-08 13:53:09 Image size of job updated: 337052
	138  -  MemoryUsage of job (MB)
	140924  -  ResidentSetSize of job (KB)
...
006 (407145.000.000) 2026-05-08 14:03:11 Image size of job updated: 339092
	138  -  MemoryUsage of job (MB)
	140924  -  ResidentSetSize of job (KB)
...
006 (407145.000.000) 2026-05-08 14:13:11 Image size of job updated: 341868
	138  -  MemoryUsage of job (MB)
	140924  -  ResidentSetSize of job (KB)
...
006 (407145.000.000) 2026-05-09 06:25:52 Image size of job updated: 342408
	138  -  MemoryUsage of job (MB)
	140924  -  ResidentSetSize of job (KB)
...
005 (407145.000.000) 2026-05-09 06:25:52 Job terminated.
	(1) Normal termination (return value 139)
		Usr 1 11:08:35, Sys 0 00:38:42  -  Run Remote Usage
		Usr 0 00:00:00, Sys 0 00:00:00  -  Run Local Usage
		Usr 1 11:08:35, Sys 0 00:38:42  -  Total Remote Usage
		Usr 0 00:00:00, Sys 0 00:00:00  -  Total Local Usage
	0  -  Run Bytes Sent By Job
	0  -  Run Bytes Received By Job
	0  -  Total Bytes Sent By Job
	0  -  Total Bytes Received By Job
	Partitionable Resources :    Usage  Request Allocated 
	   Cpus                 :     0.99        1         1 
	   Disk (KB)            :     1           1     23466 
	   Memory (MB)          :   138        1024      1024 

	Job terminated of its own accord at 2026-05-09T04:25:52Z with exit-code 139.
...
