000 (407132.000.000) 2026-05-07 18:20:36 Job submitted from host: <192.168.250.101:9618?addrs=192.168.250.101-9618&alias=hercules.hcms.it&noUDP&sock=schedd_3404051_6d7b>
...
001 (407132.000.000) 2026-05-07 18:20:59 Job executing on host: <192.168.250.23:9618?addrs=192.168.250.23-9618&alias=pccms13.hcms.it&noUDP&sock=startd_4182521_18e8>
	SlotName: slot2_1@pccms13.hcms.it
	CondorScratchDir = "/var/lib/condor/execute/dir_537775"
	Cpus = 1
	Disk = 23466
	Memory = 1024
...
006 (407132.000.000) 2026-05-07 18:21:08 Image size of job updated: 47156
	39  -  MemoryUsage of job (MB)
	39124  -  ResidentSetSize of job (KB)
...
006 (407132.000.000) 2026-05-07 18:26:09 Image size of job updated: 47156
	39  -  MemoryUsage of job (MB)
	39148  -  ResidentSetSize of job (KB)
...
006 (407132.000.000) 2026-05-07 18:36:09 Image size of job updated: 47156
	39  -  MemoryUsage of job (MB)
	39280  -  ResidentSetSize of job (KB)
...
006 (407132.000.000) 2026-05-07 18:51:10 Image size of job updated: 333760
	39  -  MemoryUsage of job (MB)
	39280  -  ResidentSetSize of job (KB)
...
006 (407132.000.000) 2026-05-07 19:21:14 Image size of job updated: 334324
	42  -  MemoryUsage of job (MB)
	42644  -  ResidentSetSize of job (KB)
...
006 (407132.000.000) 2026-05-07 19:26:14 Image size of job updated: 335700
	42  -  MemoryUsage of job (MB)
	42644  -  ResidentSetSize of job (KB)
...
006 (407132.000.000) 2026-05-07 19:31:15 Image size of job updated: 335700
	42  -  MemoryUsage of job (MB)
	42856  -  ResidentSetSize of job (KB)
...
006 (407132.000.000) 2026-05-07 20:01:18 Image size of job updated: 336008
	42  -  MemoryUsage of job (MB)
	42856  -  ResidentSetSize of job (KB)
...
006 (407132.000.000) 2026-05-07 20:36:21 Image size of job updated: 336008
	50  -  MemoryUsage of job (MB)
	50420  -  ResidentSetSize of job (KB)
...
006 (407132.000.000) 2026-05-07 20:51:23 Image size of job updated: 336136
	50  -  MemoryUsage of job (MB)
	50420  -  ResidentSetSize of job (KB)
...
006 (407132.000.000) 2026-05-07 21:26:26 Image size of job updated: 338616
	50  -  MemoryUsage of job (MB)
	50420  -  ResidentSetSize of job (KB)
...
006 (407132.000.000) 2026-05-07 22:06:30 Image size of job updated: 338616
	50  -  MemoryUsage of job (MB)
	50552  -  ResidentSetSize of job (KB)
...
006 (407132.000.000) 2026-05-08 02:51:59 Image size of job updated: 341828
	50  -  MemoryUsage of job (MB)
	50552  -  ResidentSetSize of job (KB)
...
006 (407132.000.000) 2026-05-08 06:37:22 Image size of job updated: 341828
	51  -  MemoryUsage of job (MB)
	51604  -  ResidentSetSize of job (KB)
...
006 (407132.000.000) 2026-05-08 06:42:22 Image size of job updated: 341828
	51  -  MemoryUsage of job (MB)
	51764  -  ResidentSetSize of job (KB)
...
006 (407132.000.000) 2026-05-08 06:57:24 Image size of job updated: 341828
	51  -  MemoryUsage of job (MB)
	51784  -  ResidentSetSize of job (KB)
...
006 (407132.000.000) 2026-05-08 07:12:26 Image size of job updated: 341828
	51  -  MemoryUsage of job (MB)
	51992  -  ResidentSetSize of job (KB)
...
006 (407132.000.000) 2026-05-08 07:32:27 Image size of job updated: 341828
	51  -  MemoryUsage of job (MB)
	52000  -  ResidentSetSize of job (KB)
...
006 (407132.000.000) 2026-05-08 07:42:28 Image size of job updated: 341828
	51  -  MemoryUsage of job (MB)
	52068  -  ResidentSetSize of job (KB)
...
006 (407132.000.000) 2026-05-08 07:47:29 Image size of job updated: 341828
	52  -  MemoryUsage of job (MB)
	52312  -  ResidentSetSize of job (KB)
...
006 (407132.000.000) 2026-05-08 07:52:29 Image size of job updated: 341828
	52  -  MemoryUsage of job (MB)
	52896  -  ResidentSetSize of job (KB)
...
006 (407132.000.000) 2026-05-08 07:57:30 Image size of job updated: 341828
	52  -  MemoryUsage of job (MB)
	52916  -  ResidentSetSize of job (KB)
...
006 (407132.000.000) 2026-05-08 08:12:31 Image size of job updated: 341828
	52  -  MemoryUsage of job (MB)
	52964  -  ResidentSetSize of job (KB)
...
006 (407132.000.000) 2026-05-08 08:47:35 Image size of job updated: 341828
	52  -  MemoryUsage of job (MB)
	53008  -  ResidentSetSize of job (KB)
...
006 (407132.000.000) 2026-05-08 14:53:14 Image size of job updated: 341828
	53  -  MemoryUsage of job (MB)
	53996  -  ResidentSetSize of job (KB)
...
006 (407132.000.000) 2026-05-08 15:13:16 Image size of job updated: 341828
	53  -  MemoryUsage of job (MB)
	54252  -  ResidentSetSize of job (KB)
...
006 (407132.000.000) 2026-05-08 15:33:18 Image size of job updated: 341828
	54  -  MemoryUsage of job (MB)
	54508  -  ResidentSetSize of job (KB)
...
006 (407132.000.000) 2026-05-08 15:53:21 Image size of job updated: 341828
	54  -  MemoryUsage of job (MB)
	54764  -  ResidentSetSize of job (KB)
...
006 (407132.000.000) 2026-05-08 16:18:22 Image size of job updated: 341828
	54  -  MemoryUsage of job (MB)
	55020  -  ResidentSetSize of job (KB)
...
006 (407132.000.000) 2026-05-08 16:28:24 Image size of job updated: 341828
	56  -  MemoryUsage of job (MB)
	57068  -  ResidentSetSize of job (KB)
...
006 (407132.000.000) 2026-05-08 19:03:39 Image size of job updated: 341828
	56  -  MemoryUsage of job (MB)
	57220  -  ResidentSetSize of job (KB)
...
006 (407132.000.000) 2026-05-08 19:13:41 Image size of job updated: 341828
	56  -  MemoryUsage of job (MB)
	57224  -  ResidentSetSize of job (KB)
...
006 (407132.000.000) 2026-05-08 19:38:43 Image size of job updated: 341828
	57  -  MemoryUsage of job (MB)
	57484  -  ResidentSetSize of job (KB)
...
006 (407132.000.000) 2026-05-08 19:53:45 Image size of job updated: 341828
	57  -  MemoryUsage of job (MB)
	57692  -  ResidentSetSize of job (KB)
...
006 (407132.000.000) 2026-05-08 20:13:47 Image size of job updated: 341828
	57  -  MemoryUsage of job (MB)
	57948  -  ResidentSetSize of job (KB)
...
006 (407132.000.000) 2026-05-08 20:33:49 Image size of job updated: 352480
	57  -  MemoryUsage of job (MB)
	57948  -  ResidentSetSize of job (KB)
...
006 (407132.000.000) 2026-05-08 21:13:53 Image size of job updated: 358336
	57  -  MemoryUsage of job (MB)
	57948  -  ResidentSetSize of job (KB)
...
006 (407132.000.000) 2026-05-08 23:39:09 Image size of job updated: 359088
	57  -  MemoryUsage of job (MB)
	57948  -  ResidentSetSize of job (KB)
...
006 (407132.000.000) 2026-05-09 16:35:58 Image size of job updated: 359088
	60  -  MemoryUsage of job (MB)
	60720  -  ResidentSetSize of job (KB)
...
006 (407132.000.000) 2026-05-09 21:29:50 Image size of job updated: 366024
	60  -  MemoryUsage of job (MB)
	60720  -  ResidentSetSize of job (KB)
...
005 (407132.000.000) 2026-05-09 21:29:50 Job terminated.
	(1) Normal termination (return value 139)
		Usr 2 02:01:11, Sys 0 00:39:54  -  Run Remote Usage
		Usr 0 00:00:00, Sys 0 00:00:00  -  Run Local Usage
		Usr 2 02:01:11, Sys 0 00:39:54  -  Total Remote Usage
		Usr 0 00:00:00, Sys 0 00:00:00  -  Total Local Usage
	0  -  Run Bytes Sent By Job
	0  -  Run Bytes Received By Job
	0  -  Total Bytes Sent By Job
	0  -  Total Bytes Received By Job
	Partitionable Resources :    Usage  Request Allocated 
	   Cpus                 :     1.01        1         1 
	   Disk (KB)            :     1           1     23466 
	   Memory (MB)          :    60        1024      1024 

	Job terminated of its own accord at 2026-05-09T19:29:50Z with exit-code 139.
...
