000 (407238.000.000) 2026-05-07 18:20:38 Job submitted from host: <192.168.250.101:9618?addrs=192.168.250.101-9618&alias=hercules.hcms.it&noUDP&sock=schedd_3404051_6d7b>
...
001 (407238.000.000) 2026-05-07 18:20:59 Job executing on host: <192.168.250.22:9618?addrs=192.168.250.22-9618&alias=pccms12.hcms.it&noUDP&sock=startd_3275093_f746>
	SlotName: slot46_1@pccms12.hcms.it
	CondorScratchDir = "/var/lib/condor/execute/dir_3815103"
	Cpus = 1
	Disk = 22134
	Memory = 1024
...
006 (407238.000.000) 2026-05-07 18:21:08 Image size of job updated: 39116
	39  -  MemoryUsage of job (MB)
	38948  -  ResidentSetSize of job (KB)
...
006 (407238.000.000) 2026-05-07 18:26:09 Image size of job updated: 323708
	39  -  MemoryUsage of job (MB)
	38948  -  ResidentSetSize of job (KB)
...
006 (407238.000.000) 2026-05-07 18:36:09 Image size of job updated: 327528
	39  -  MemoryUsage of job (MB)
	38948  -  ResidentSetSize of job (KB)
...
006 (407238.000.000) 2026-05-07 20:16:20 Image size of job updated: 328384
	39  -  MemoryUsage of job (MB)
	38948  -  ResidentSetSize of job (KB)
...
006 (407238.000.000) 2026-05-07 21:11:26 Image size of job updated: 329308
	43  -  MemoryUsage of job (MB)
	43404  -  ResidentSetSize of job (KB)
...
006 (407238.000.000) 2026-05-07 21:26:28 Image size of job updated: 329308
	43  -  MemoryUsage of job (MB)
	43732  -  ResidentSetSize of job (KB)
...
006 (407238.000.000) 2026-05-07 21:36:29 Image size of job updated: 329636
	43  -  MemoryUsage of job (MB)
	43732  -  ResidentSetSize of job (KB)
...
006 (407238.000.000) 2026-05-07 23:31:42 Image size of job updated: 332276
	43  -  MemoryUsage of job (MB)
	44028  -  ResidentSetSize of job (KB)
...
006 (407238.000.000) 2026-05-08 01:16:52 Image size of job updated: 332756
	43  -  MemoryUsage of job (MB)
	44028  -  ResidentSetSize of job (KB)
...
006 (407238.000.000) 2026-05-08 01:36:55 Image size of job updated: 332756
	129  -  MemoryUsage of job (MB)
	131540  -  ResidentSetSize of job (KB)
...
006 (407238.000.000) 2026-05-08 01:46:56 Image size of job updated: 335028
	129  -  MemoryUsage of job (MB)
	131540  -  ResidentSetSize of job (KB)
...
006 (407238.000.000) 2026-05-08 12:58:07 Image size of job updated: 335892
	129  -  MemoryUsage of job (MB)
	131540  -  ResidentSetSize of job (KB)
...
005 (407238.000.000) 2026-05-08 13:29:48 Job terminated.
	(1) Normal termination (return value 139)
		Usr 0 18:33:48, Sys 0 00:24:30  -  Run Remote Usage
		Usr 0 00:00:00, Sys 0 00:00:00  -  Run Local Usage
		Usr 0 18:33:48, Sys 0 00:24:30  -  Total Remote Usage
		Usr 0 00:00:00, Sys 0 00:00:00  -  Total Local Usage
	0  -  Run Bytes Sent By Job
	0  -  Run Bytes Received By Job
	0  -  Total Bytes Sent By Job
	0  -  Total Bytes Received By Job
	Partitionable Resources :    Usage  Request Allocated 
	   Cpus                 :     0.99        1         1 
	   Disk (KB)            :     1           1     22134 
	   Memory (MB)          :   129        1024      1024 

	Job terminated of its own accord at 2026-05-08T11:29:48Z with exit-code 139.
...
