000 (407260.000.000) 2026-05-07 18:20:39 Job submitted from host: <192.168.250.101:9618?addrs=192.168.250.101-9618&alias=hercules.hcms.it&noUDP&sock=schedd_3404051_6d7b>
...
001 (407260.000.000) 2026-05-07 18:21:01 Job executing on host: <192.168.250.102:9618?addrs=192.168.250.102-9618&alias=empire.hcms.it&noUDP&sock=startd_2716409_3615>
	SlotName: slot6_1@empire.hcms.it
	CondorScratchDir = "/var/lib/condor/execute/dir_3296168"
	Cpus = 1
	Disk = 22792
	Memory = 1024
...
006 (407260.000.000) 2026-05-07 18:21:10 Image size of job updated: 55532
	54  -  MemoryUsage of job (MB)
	55276  -  ResidentSetSize of job (KB)
...
006 (407260.000.000) 2026-05-07 18:26:11 Image size of job updated: 55548
	54  -  MemoryUsage of job (MB)
	55276  -  ResidentSetSize of job (KB)
...
006 (407260.000.000) 2026-05-07 18:46:13 Image size of job updated: 356672
	54  -  MemoryUsage of job (MB)
	55276  -  ResidentSetSize of job (KB)
...
006 (407260.000.000) 2026-05-07 19:01:15 Image size of job updated: 358364
	54  -  MemoryUsage of job (MB)
	55276  -  ResidentSetSize of job (KB)
...
006 (407260.000.000) 2026-05-07 19:36:18 Image size of job updated: 362332
	58  -  MemoryUsage of job (MB)
	58540  -  ResidentSetSize of job (KB)
...
006 (407260.000.000) 2026-05-07 21:11:28 Image size of job updated: 367912
	58  -  MemoryUsage of job (MB)
	58540  -  ResidentSetSize of job (KB)
...
006 (407260.000.000) 2026-05-07 22:26:35 Image size of job updated: 367912
	238  -  MemoryUsage of job (MB)
	243692  -  ResidentSetSize of job (KB)
...
005 (407260.000.000) 2026-05-08 21:46:43 Job terminated.
	(1) Normal termination (return value 139)
		Usr 1 01:57:55, Sys 0 01:14:29  -  Run Remote Usage
		Usr 0 00:00:00, Sys 0 00:00:00  -  Run Local Usage
		Usr 1 01:57:55, Sys 0 01:14:29  -  Total Remote Usage
		Usr 0 00:00:00, Sys 0 00:00:00  -  Total Local Usage
	0  -  Run Bytes Sent By Job
	0  -  Run Bytes Received By Job
	0  -  Total Bytes Sent By Job
	0  -  Total Bytes Received By Job
	Partitionable Resources :    Usage  Request Allocated 
	   Cpus                 :     0.99        1         1 
	   Disk (KB)            :     1           1     22792 
	   Memory (MB)          :   238        1024      1024 

	Job terminated of its own accord at 2026-05-08T19:46:43Z with exit-code 139.
...
