000 (407242.000.000) 2026-05-07 18:20:38 Job submitted from host: <192.168.250.101:9618?addrs=192.168.250.101-9618&alias=hercules.hcms.it&noUDP&sock=schedd_3404051_6d7b>
...
001 (407242.000.000) 2026-05-07 18:20:59 Job executing on host: <192.168.250.22:9618?addrs=192.168.250.22-9618&alias=pccms12.hcms.it&noUDP&sock=startd_3275093_f746>
	SlotName: slot50_1@pccms12.hcms.it
	CondorScratchDir = "/var/lib/condor/execute/dir_3815120"
	Cpus = 1
	Disk = 22134
	Memory = 1024
...
006 (407242.000.000) 2026-05-07 18:21:08 Image size of job updated: 36324
	36  -  MemoryUsage of job (MB)
	36076  -  ResidentSetSize of job (KB)
...
006 (407242.000.000) 2026-05-07 18:26:09 Image size of job updated: 36556
	36  -  MemoryUsage of job (MB)
	36076  -  ResidentSetSize of job (KB)
...
006 (407242.000.000) 2026-05-07 18:31:09 Image size of job updated: 323488
	36  -  MemoryUsage of job (MB)
	36076  -  ResidentSetSize of job (KB)
...
006 (407242.000.000) 2026-05-07 18:46:11 Image size of job updated: 326404
	36  -  MemoryUsage of job (MB)
	36076  -  ResidentSetSize of job (KB)
...
006 (407242.000.000) 2026-05-07 19:31:15 Image size of job updated: 327548
	36  -  MemoryUsage of job (MB)
	36076  -  ResidentSetSize of job (KB)
...
006 (407242.000.000) 2026-05-07 19:36:16 Image size of job updated: 327548
	124  -  MemoryUsage of job (MB)
	126660  -  ResidentSetSize of job (KB)
...
006 (407242.000.000) 2026-05-07 19:56:18 Image size of job updated: 328192
	124  -  MemoryUsage of job (MB)
	126660  -  ResidentSetSize of job (KB)
...
006 (407242.000.000) 2026-05-07 20:11:19 Image size of job updated: 329712
	124  -  MemoryUsage of job (MB)
	126660  -  ResidentSetSize of job (KB)
...
006 (407242.000.000) 2026-05-07 20:36:22 Image size of job updated: 330860
	124  -  MemoryUsage of job (MB)
	126660  -  ResidentSetSize of job (KB)
...
006 (407242.000.000) 2026-05-07 21:36:28 Image size of job updated: 334664
	124  -  MemoryUsage of job (MB)
	126660  -  ResidentSetSize of job (KB)
...
006 (407242.000.000) 2026-05-07 23:16:38 Image size of job updated: 339808
	124  -  MemoryUsage of job (MB)
	126660  -  ResidentSetSize of job (KB)
...
006 (407242.000.000) 2026-05-08 06:37:23 Image size of job updated: 339940
	124  -  MemoryUsage of job (MB)
	126660  -  ResidentSetSize of job (KB)
...
006 (407242.000.000) 2026-05-08 14:23:10 Image size of job updated: 340784
	124  -  MemoryUsage of job (MB)
	126660  -  ResidentSetSize of job (KB)
...
006 (407242.000.000) 2026-05-08 14:58:14 Image size of job updated: 340784
	291  -  MemoryUsage of job (MB)
	297084  -  ResidentSetSize of job (KB)
...
006 (407242.000.000) 2026-05-08 15:03:14 Image size of job updated: 340784
	291  -  MemoryUsage of job (MB)
	297340  -  ResidentSetSize of job (KB)
...
005 (407242.000.000) 2026-05-08 21:08:45 Job terminated.
	(1) Normal termination (return value 139)
		Usr 1 00:03:56, Sys 0 02:27:00  -  Run Remote Usage
		Usr 0 00:00:00, Sys 0 00:00:00  -  Run Local Usage
		Usr 1 00:03:56, Sys 0 02:27:00  -  Total Remote Usage
		Usr 0 00:00:00, Sys 0 00:00:00  -  Total Local Usage
	0  -  Run Bytes Sent By Job
	0  -  Run Bytes Received By Job
	0  -  Total Bytes Sent By Job
	0  -  Total Bytes Received By Job
	Partitionable Resources :    Usage  Request Allocated 
	   Cpus                 :     0.97        1         1 
	   Disk (KB)            :     1           1     22134 
	   Memory (MB)          :   291        1024      1024 

	Job terminated of its own accord at 2026-05-08T19:08:45Z with exit-code 139.
...
