000 (407293.000.000) 2026-05-07 18:20:40 Job submitted from host: <192.168.250.101:9618?addrs=192.168.250.101-9618&alias=hercules.hcms.it&noUDP&sock=schedd_3404051_6d7b>
...
001 (407293.000.000) 2026-05-07 18:21:01 Job executing on host: <192.168.250.102:9618?addrs=192.168.250.102-9618&alias=empire.hcms.it&noUDP&sock=startd_2716409_3615>
	SlotName: slot39_1@empire.hcms.it
	CondorScratchDir = "/var/lib/condor/execute/dir_3296202"
	Cpus = 1
	Disk = 22792
	Memory = 1024
...
006 (407293.000.000) 2026-05-07 18:21:10 Image size of job updated: 53144
	52  -  MemoryUsage of job (MB)
	53036  -  ResidentSetSize of job (KB)
...
006 (407293.000.000) 2026-05-07 18:26:11 Image size of job updated: 53156
	52  -  MemoryUsage of job (MB)
	53036  -  ResidentSetSize of job (KB)
...
006 (407293.000.000) 2026-05-07 18:56:14 Image size of job updated: 356652
	52  -  MemoryUsage of job (MB)
	53036  -  ResidentSetSize of job (KB)
...
006 (407293.000.000) 2026-05-07 19:01:15 Image size of job updated: 623904
	314  -  MemoryUsage of job (MB)
	321320  -  ResidentSetSize of job (KB)
...
006 (407293.000.000) 2026-05-07 19:26:17 Image size of job updated: 626640
	314  -  MemoryUsage of job (MB)
	321320  -  ResidentSetSize of job (KB)
...
006 (407293.000.000) 2026-05-07 19:41:19 Image size of job updated: 628844
	317  -  MemoryUsage of job (MB)
	323752  -  ResidentSetSize of job (KB)
...
006 (407293.000.000) 2026-05-07 19:56:20 Image size of job updated: 630684
	317  -  MemoryUsage of job (MB)
	323752  -  ResidentSetSize of job (KB)
...
006 (407293.000.000) 2026-05-07 20:01:20 Image size of job updated: 630684
	317  -  MemoryUsage of job (MB)
	323964  -  ResidentSetSize of job (KB)
...
006 (407293.000.000) 2026-05-07 20:21:23 Image size of job updated: 632996
	317  -  MemoryUsage of job (MB)
	323964  -  ResidentSetSize of job (KB)
...
006 (407293.000.000) 2026-05-07 20:26:24 Image size of job updated: 632996
	317  -  MemoryUsage of job (MB)
	324080  -  ResidentSetSize of job (KB)
...
006 (407293.000.000) 2026-05-07 21:11:28 Image size of job updated: 633220
	317  -  MemoryUsage of job (MB)
	324080  -  ResidentSetSize of job (KB)
...
006 (407293.000.000) 2026-05-07 21:31:31 Image size of job updated: 633220
	318  -  MemoryUsage of job (MB)
	325076  -  ResidentSetSize of job (KB)
...
006 (407293.000.000) 2026-05-07 21:56:33 Image size of job updated: 634148
	318  -  MemoryUsage of job (MB)
	325076  -  ResidentSetSize of job (KB)
...
005 (407293.000.000) 2026-05-08 21:08:16 Job terminated.
	(1) Normal termination (return value 139)
		Usr 1 01:21:47, Sys 0 01:12:23  -  Run Remote Usage
		Usr 0 00:00:00, Sys 0 00:00:00  -  Run Local Usage
		Usr 1 01:21:47, Sys 0 01:12:23  -  Total Remote Usage
		Usr 0 00:00:00, Sys 0 00:00:00  -  Total Local Usage
	0  -  Run Bytes Sent By Job
	0  -  Run Bytes Received By Job
	0  -  Total Bytes Sent By Job
	0  -  Total Bytes Received By Job
	Partitionable Resources :    Usage  Request Allocated 
	   Cpus                 :     0.99        1         1 
	   Disk (KB)            :     1           1     22792 
	   Memory (MB)          :   318        1024      1024 

	Job terminated of its own accord at 2026-05-08T19:08:16Z with exit-code 139.
...
