000 (407464.000.000) 2026-05-07 18:20:44 Job submitted from host: <192.168.250.101:9618?addrs=192.168.250.101-9618&alias=hercules.hcms.it&noUDP&sock=schedd_3404051_6d7b>
...
001 (407464.000.000) 2026-05-07 18:21:02 Job executing on host: <192.168.250.103:9618?addrs=192.168.250.103-9618&alias=clipper.hcms.it&noUDP&sock=startd_3676022_e97e>
	SlotName: slot100_1@clipper.hcms.it
	CondorScratchDir = "/var/lib/condor/execute/dir_4193083"
	Cpus = 1
	Disk = 20734
	Memory = 1024
...
006 (407464.000.000) 2026-05-07 18:21:10 Image size of job updated: 57500
	55  -  MemoryUsage of job (MB)
	55436  -  ResidentSetSize of job (KB)
...
006 (407464.000.000) 2026-05-07 19:26:16 Image size of job updated: 356716
	55  -  MemoryUsage of job (MB)
	55624  -  ResidentSetSize of job (KB)
...
006 (407464.000.000) 2026-05-07 20:36:24 Image size of job updated: 356716
	56  -  MemoryUsage of job (MB)
	57012  -  ResidentSetSize of job (KB)
...
006 (407464.000.000) 2026-05-07 21:11:27 Image size of job updated: 360860
	56  -  MemoryUsage of job (MB)
	57012  -  ResidentSetSize of job (KB)
...
006 (407464.000.000) 2026-05-07 21:51:30 Image size of job updated: 360860
	56  -  MemoryUsage of job (MB)
	57080  -  ResidentSetSize of job (KB)
...
006 (407464.000.000) 2026-05-07 23:41:42 Image size of job updated: 360860
	56  -  MemoryUsage of job (MB)
	57232  -  ResidentSetSize of job (KB)
...
006 (407464.000.000) 2026-05-08 00:01:44 Image size of job updated: 360860
	57  -  MemoryUsage of job (MB)
	58244  -  ResidentSetSize of job (KB)
...
006 (407464.000.000) 2026-05-08 06:37:26 Image size of job updated: 361932
	57  -  MemoryUsage of job (MB)
	58360  -  ResidentSetSize of job (KB)
...
006 (407464.000.000) 2026-05-08 09:47:45 Image size of job updated: 361932
	58  -  MemoryUsage of job (MB)
	58416  -  ResidentSetSize of job (KB)
...
006 (407464.000.000) 2026-05-08 16:13:26 Image size of job updated: 361932
	58  -  MemoryUsage of job (MB)
	58476  -  ResidentSetSize of job (KB)
...
006 (407464.000.000) 2026-05-08 18:58:43 Image size of job updated: 365172
	58  -  MemoryUsage of job (MB)
	58476  -  ResidentSetSize of job (KB)
...
006 (407464.000.000) 2026-05-08 19:28:45 Image size of job updated: 365172
	58  -  MemoryUsage of job (MB)
	59192  -  ResidentSetSize of job (KB)
...
006 (407464.000.000) 2026-05-09 02:04:26 Image size of job updated: 365172
	139  -  MemoryUsage of job (MB)
	141332  -  ResidentSetSize of job (KB)
...
006 (407464.000.000) 2026-05-09 10:35:20 Image size of job updated: 365356
	139  -  MemoryUsage of job (MB)
	141332  -  ResidentSetSize of job (KB)
...
005 (407464.000.000) 2026-05-09 16:50:08 Job terminated.
	(1) Normal termination (return value 139)
		Usr 1 21:38:08, Sys 0 00:29:59  -  Run Remote Usage
		Usr 0 00:00:00, Sys 0 00:00:00  -  Run Local Usage
		Usr 1 21:38:08, Sys 0 00:29:59  -  Total Remote Usage
		Usr 0 00:00:00, Sys 0 00:00:00  -  Total Local Usage
	0  -  Run Bytes Sent By Job
	0  -  Run Bytes Received By Job
	0  -  Total Bytes Sent By Job
	0  -  Total Bytes Received By Job
	Partitionable Resources :    Usage  Request Allocated 
	   Cpus                 :     1.00        1         1 
	   Disk (KB)            :     1           1     20734 
	   Memory (MB)          :   139        1024      1024 

	Job terminated of its own accord at 2026-05-09T14:50:08Z with exit-code 139.
...
