000 (407458.000.000) 2026-05-07 18:20:44 Job submitted from host: <192.168.250.101:9618?addrs=192.168.250.101-9618&alias=hercules.hcms.it&noUDP&sock=schedd_3404051_6d7b>
...
001 (407458.000.000) 2026-05-07 18:21:01 Job executing on host: <192.168.250.103:9618?addrs=192.168.250.103-9618&alias=clipper.hcms.it&noUDP&sock=startd_3676022_e97e>
	SlotName: slot94_1@clipper.hcms.it
	CondorScratchDir = "/var/lib/condor/execute/dir_4193057"
	Cpus = 1
	Disk = 20734
	Memory = 1024
...
006 (407458.000.000) 2026-05-07 18:21:10 Image size of job updated: 53092
	52  -  MemoryUsage of job (MB)
	52836  -  ResidentSetSize of job (KB)
...
006 (407458.000.000) 2026-05-07 18:26:11 Image size of job updated: 53120
	52  -  MemoryUsage of job (MB)
	53104  -  ResidentSetSize of job (KB)
...
006 (407458.000.000) 2026-05-07 18:31:11 Image size of job updated: 53276
	52  -  MemoryUsage of job (MB)
	53104  -  ResidentSetSize of job (KB)
...
006 (407458.000.000) 2026-05-07 19:41:18 Image size of job updated: 356672
	52  -  MemoryUsage of job (MB)
	53104  -  ResidentSetSize of job (KB)
...
006 (407458.000.000) 2026-05-07 19:46:19 Image size of job updated: 356672
	52  -  MemoryUsage of job (MB)
	53148  -  ResidentSetSize of job (KB)
...
006 (407458.000.000) 2026-05-07 20:41:24 Image size of job updated: 358168
	52  -  MemoryUsage of job (MB)
	53148  -  ResidentSetSize of job (KB)
...
006 (407458.000.000) 2026-05-07 20:46:24 Image size of job updated: 358168
	54  -  MemoryUsage of job (MB)
	55232  -  ResidentSetSize of job (KB)
...
006 (407458.000.000) 2026-05-07 21:16:28 Image size of job updated: 358976
	54  -  MemoryUsage of job (MB)
	55232  -  ResidentSetSize of job (KB)
...
006 (407458.000.000) 2026-05-07 21:21:28 Image size of job updated: 358976
	55  -  MemoryUsage of job (MB)
	55452  -  ResidentSetSize of job (KB)
...
006 (407458.000.000) 2026-05-07 23:26:41 Image size of job updated: 359428
	55  -  MemoryUsage of job (MB)
	55452  -  ResidentSetSize of job (KB)
...
006 (407458.000.000) 2026-05-07 23:31:41 Image size of job updated: 359428
	55  -  MemoryUsage of job (MB)
	55584  -  ResidentSetSize of job (KB)
...
006 (407458.000.000) 2026-05-08 00:41:48 Image size of job updated: 359428
	55  -  MemoryUsage of job (MB)
	55836  -  ResidentSetSize of job (KB)
...
006 (407458.000.000) 2026-05-08 01:26:53 Image size of job updated: 361380
	55  -  MemoryUsage of job (MB)
	55836  -  ResidentSetSize of job (KB)
...
006 (407458.000.000) 2026-05-08 02:06:57 Image size of job updated: 361380
	55  -  MemoryUsage of job (MB)
	55884  -  ResidentSetSize of job (KB)
...
006 (407458.000.000) 2026-05-08 05:42:19 Image size of job updated: 362460
	59  -  MemoryUsage of job (MB)
	59428  -  ResidentSetSize of job (KB)
...
006 (407458.000.000) 2026-05-08 08:37:37 Image size of job updated: 363012
	59  -  MemoryUsage of job (MB)
	59428  -  ResidentSetSize of job (KB)
...
006 (407458.000.000) 2026-05-08 09:52:44 Image size of job updated: 363012
	165  -  MemoryUsage of job (MB)
	168688  -  ResidentSetSize of job (KB)
...
006 (407458.000.000) 2026-05-08 14:13:10 Image size of job updated: 367748
	165  -  MemoryUsage of job (MB)
	168688  -  ResidentSetSize of job (KB)
...
006 (407458.000.000) 2026-05-09 04:44:42 Image size of job updated: 369408
	165  -  MemoryUsage of job (MB)
	168688  -  ResidentSetSize of job (KB)
...
006 (407458.000.000) 2026-05-09 17:46:04 Image size of job updated: 369492
	165  -  MemoryUsage of job (MB)
	168688  -  ResidentSetSize of job (KB)
...
006 (407458.000.000) 2026-05-09 18:11:05 Image size of job updated: 369508
	165  -  MemoryUsage of job (MB)
	168688  -  ResidentSetSize of job (KB)
...
006 (407458.000.000) 2026-05-09 20:01:18 Image size of job updated: 369960
	165  -  MemoryUsage of job (MB)
	168688  -  ResidentSetSize of job (KB)
...
005 (407458.000.000) 2026-05-09 20:01:34 Job terminated.
	(1) Normal termination (return value 139)
		Usr 2 00:07:23, Sys 0 01:11:49  -  Run Remote Usage
		Usr 0 00:00:00, Sys 0 00:00:00  -  Run Local Usage
		Usr 2 00:07:23, Sys 0 01:11:49  -  Total Remote Usage
		Usr 0 00:00:00, Sys 0 00:00:00  -  Total Local Usage
	0  -  Run Bytes Sent By Job
	0  -  Run Bytes Received By Job
	0  -  Total Bytes Sent By Job
	0  -  Total Bytes Received By Job
	Partitionable Resources :    Usage  Request Allocated 
	   Cpus                 :     1.00        1         1 
	   Disk (KB)            :     1           1     20734 
	   Memory (MB)          :   165        1024      1024 

	Job terminated of its own accord at 2026-05-09T18:01:34Z with exit-code 139.
...
