000 (407230.000.000) 2026-05-07 18:20:38 Job submitted from host: <192.168.250.101:9618?addrs=192.168.250.101-9618&alias=hercules.hcms.it&noUDP&sock=schedd_3404051_6d7b>
...
001 (407230.000.000) 2026-05-07 18:20:59 Job executing on host: <192.168.250.22:9618?addrs=192.168.250.22-9618&alias=pccms12.hcms.it&noUDP&sock=startd_3275093_f746>
	SlotName: slot38_1@pccms12.hcms.it
	CondorScratchDir = "/var/lib/condor/execute/dir_3815058"
	Cpus = 1
	Disk = 22134
	Memory = 1024
...
006 (407230.000.000) 2026-05-07 18:21:08 Image size of job updated: 39052
	31  -  MemoryUsage of job (MB)
	31028  -  ResidentSetSize of job (KB)
...
006 (407230.000.000) 2026-05-07 18:26:09 Image size of job updated: 39188
	32  -  MemoryUsage of job (MB)
	32264  -  ResidentSetSize of job (KB)
...
006 (407230.000.000) 2026-05-07 18:31:10 Image size of job updated: 326716
	32  -  MemoryUsage of job (MB)
	32264  -  ResidentSetSize of job (KB)
...
006 (407230.000.000) 2026-05-07 18:36:10 Image size of job updated: 326716
	32  -  MemoryUsage of job (MB)
	32328  -  ResidentSetSize of job (KB)
...
006 (407230.000.000) 2026-05-07 18:41:11 Image size of job updated: 327600
	32  -  MemoryUsage of job (MB)
	32328  -  ResidentSetSize of job (KB)
...
006 (407230.000.000) 2026-05-07 18:46:12 Image size of job updated: 327600
	32  -  MemoryUsage of job (MB)
	32616  -  ResidentSetSize of job (KB)
...
006 (407230.000.000) 2026-05-07 18:51:12 Image size of job updated: 327600
	33  -  MemoryUsage of job (MB)
	32952  -  ResidentSetSize of job (KB)
...
006 (407230.000.000) 2026-05-07 20:16:21 Image size of job updated: 328072
	33  -  MemoryUsage of job (MB)
	32988  -  ResidentSetSize of job (KB)
...
006 (407230.000.000) 2026-05-07 20:26:23 Image size of job updated: 328072
	33  -  MemoryUsage of job (MB)
	33444  -  ResidentSetSize of job (KB)
...
006 (407230.000.000) 2026-05-07 20:31:23 Image size of job updated: 329228
	33  -  MemoryUsage of job (MB)
	33444  -  ResidentSetSize of job (KB)
...
006 (407230.000.000) 2026-05-07 22:31:34 Image size of job updated: 329228
	33  -  MemoryUsage of job (MB)
	33768  -  ResidentSetSize of job (KB)
...
006 (407230.000.000) 2026-05-07 22:41:36 Image size of job updated: 329228
	35  -  MemoryUsage of job (MB)
	35368  -  ResidentSetSize of job (KB)
...
006 (407230.000.000) 2026-05-08 00:11:45 Image size of job updated: 329228
	41  -  MemoryUsage of job (MB)
	41956  -  ResidentSetSize of job (KB)
...
006 (407230.000.000) 2026-05-08 00:46:50 Image size of job updated: 330444
	41  -  MemoryUsage of job (MB)
	41956  -  ResidentSetSize of job (KB)
...
006 (407230.000.000) 2026-05-08 00:51:51 Image size of job updated: 330444
	48  -  MemoryUsage of job (MB)
	48956  -  ResidentSetSize of job (KB)
...
006 (407230.000.000) 2026-05-08 01:16:52 Image size of job updated: 331052
	48  -  MemoryUsage of job (MB)
	48956  -  ResidentSetSize of job (KB)
...
006 (407230.000.000) 2026-05-08 01:41:56 Image size of job updated: 332612
	48  -  MemoryUsage of job (MB)
	48956  -  ResidentSetSize of job (KB)
...
006 (407230.000.000) 2026-05-08 03:02:03 Image size of job updated: 332612
	197  -  MemoryUsage of job (MB)
	201092  -  ResidentSetSize of job (KB)
...
006 (407230.000.000) 2026-05-08 06:27:25 Image size of job updated: 338084
	197  -  MemoryUsage of job (MB)
	201092  -  ResidentSetSize of job (KB)
...
005 (407230.000.000) 2026-05-08 19:12:33 Job terminated.
	(1) Normal termination (return value 139)
		Usr 0 22:09:15, Sys 0 02:27:27  -  Run Remote Usage
		Usr 0 00:00:00, Sys 0 00:00:00  -  Run Local Usage
		Usr 0 22:09:15, Sys 0 02:27:27  -  Total Remote Usage
		Usr 0 00:00:00, Sys 0 00:00:00  -  Total Local Usage
	0  -  Run Bytes Sent By Job
	0  -  Run Bytes Received By Job
	0  -  Total Bytes Sent By Job
	0  -  Total Bytes Received By Job
	Partitionable Resources :    Usage  Request Allocated 
	   Cpus                 :     0.99        1         1 
	   Disk (KB)            :     1           1     22134 
	   Memory (MB)          :   197        1024      1024 

	Job terminated of its own accord at 2026-05-08T17:12:33Z with exit-code 139.
...
