000 (407443.000.000) 2026-05-07 18:20:43 Job submitted from host: <192.168.250.101:9618?addrs=192.168.250.101-9618&alias=hercules.hcms.it&noUDP&sock=schedd_3404051_6d7b>
...
001 (407443.000.000) 2026-05-07 18:21:02 Job executing on host: <192.168.250.103:9618?addrs=192.168.250.103-9618&alias=clipper.hcms.it&noUDP&sock=startd_3676022_e97e>
	SlotName: slot79_1@clipper.hcms.it
	CondorScratchDir = "/var/lib/condor/execute/dir_4192974"
	Cpus = 1
	Disk = 20734
	Memory = 1024
...
006 (407443.000.000) 2026-05-07 18:21:10 Image size of job updated: 54960
	52  -  MemoryUsage of job (MB)
	52944  -  ResidentSetSize of job (KB)
...
006 (407443.000.000) 2026-05-07 18:36:12 Image size of job updated: 358164
	52  -  MemoryUsage of job (MB)
	52996  -  ResidentSetSize of job (KB)
...
006 (407443.000.000) 2026-05-07 18:41:12 Image size of job updated: 358164
	52  -  MemoryUsage of job (MB)
	53032  -  ResidentSetSize of job (KB)
...
006 (407443.000.000) 2026-05-07 18:46:12 Image size of job updated: 358164
	52  -  MemoryUsage of job (MB)
	53188  -  ResidentSetSize of job (KB)
...
006 (407443.000.000) 2026-05-07 20:16:22 Image size of job updated: 358952
	52  -  MemoryUsage of job (MB)
	53188  -  ResidentSetSize of job (KB)
...
006 (407443.000.000) 2026-05-07 20:21:22 Image size of job updated: 358952
	53  -  MemoryUsage of job (MB)
	53256  -  ResidentSetSize of job (KB)
...
006 (407443.000.000) 2026-05-07 20:26:23 Image size of job updated: 358952
	53  -  MemoryUsage of job (MB)
	53284  -  ResidentSetSize of job (KB)
...
006 (407443.000.000) 2026-05-07 20:46:25 Image size of job updated: 358952
	53  -  MemoryUsage of job (MB)
	53908  -  ResidentSetSize of job (KB)
...
006 (407443.000.000) 2026-05-07 20:56:25 Image size of job updated: 358952
	53  -  MemoryUsage of job (MB)
	54008  -  ResidentSetSize of job (KB)
...
006 (407443.000.000) 2026-05-07 21:06:27 Image size of job updated: 358952
	53  -  MemoryUsage of job (MB)
	54076  -  ResidentSetSize of job (KB)
...
006 (407443.000.000) 2026-05-07 22:21:35 Image size of job updated: 358952
	53  -  MemoryUsage of job (MB)
	54120  -  ResidentSetSize of job (KB)
...
006 (407443.000.000) 2026-05-07 23:21:42 Image size of job updated: 358952
	54  -  MemoryUsage of job (MB)
	54608  -  ResidentSetSize of job (KB)
...
006 (407443.000.000) 2026-05-08 02:27:01 Image size of job updated: 359520
	54  -  MemoryUsage of job (MB)
	54608  -  ResidentSetSize of job (KB)
...
006 (407443.000.000) 2026-05-08 02:32:01 Image size of job updated: 359520
	55  -  MemoryUsage of job (MB)
	55308  -  ResidentSetSize of job (KB)
...
006 (407443.000.000) 2026-05-08 02:37:02 Image size of job updated: 359520
	55  -  MemoryUsage of job (MB)
	55312  -  ResidentSetSize of job (KB)
...
006 (407443.000.000) 2026-05-08 03:07:05 Image size of job updated: 359520
	55  -  MemoryUsage of job (MB)
	55408  -  ResidentSetSize of job (KB)
...
006 (407443.000.000) 2026-05-08 05:07:19 Image size of job updated: 362632
	55  -  MemoryUsage of job (MB)
	55408  -  ResidentSetSize of job (KB)
...
006 (407443.000.000) 2026-05-08 07:32:33 Image size of job updated: 362632
	55  -  MemoryUsage of job (MB)
	55460  -  ResidentSetSize of job (KB)
...
006 (407443.000.000) 2026-05-08 07:37:34 Image size of job updated: 362632
	55  -  MemoryUsage of job (MB)
	55576  -  ResidentSetSize of job (KB)
...
006 (407443.000.000) 2026-05-08 08:12:37 Image size of job updated: 362632
	55  -  MemoryUsage of job (MB)
	55664  -  ResidentSetSize of job (KB)
...
006 (407443.000.000) 2026-05-08 09:02:42 Image size of job updated: 362632
	55  -  MemoryUsage of job (MB)
	55912  -  ResidentSetSize of job (KB)
...
006 (407443.000.000) 2026-05-08 17:13:33 Image size of job updated: 362632
	55  -  MemoryUsage of job (MB)
	55916  -  ResidentSetSize of job (KB)
...
006 (407443.000.000) 2026-05-08 18:13:39 Image size of job updated: 364728
	55  -  MemoryUsage of job (MB)
	55916  -  ResidentSetSize of job (KB)
...
006 (407443.000.000) 2026-05-08 18:18:40 Image size of job updated: 364728
	56  -  MemoryUsage of job (MB)
	56428  -  ResidentSetSize of job (KB)
...
006 (407443.000.000) 2026-05-08 20:23:52 Image size of job updated: 364728
	56  -  MemoryUsage of job (MB)
	56532  -  ResidentSetSize of job (KB)
...
006 (407443.000.000) 2026-05-08 23:44:14 Image size of job updated: 364728
	56  -  MemoryUsage of job (MB)
	56552  -  ResidentSetSize of job (KB)
...
006 (407443.000.000) 2026-05-09 00:39:19 Image size of job updated: 364728
	56  -  MemoryUsage of job (MB)
	56672  -  ResidentSetSize of job (KB)
...
006 (407443.000.000) 2026-05-09 06:04:53 Image size of job updated: 364728
	57  -  MemoryUsage of job (MB)
	58120  -  ResidentSetSize of job (KB)
...
006 (407443.000.000) 2026-05-09 13:00:33 Image size of job updated: 364764
	57  -  MemoryUsage of job (MB)
	58120  -  ResidentSetSize of job (KB)
...
006 (407443.000.000) 2026-05-09 13:25:35 Image size of job updated: 365516
	57  -  MemoryUsage of job (MB)
	58120  -  ResidentSetSize of job (KB)
...
006 (407443.000.000) 2026-05-09 15:00:45 Image size of job updated: 368516
	57  -  MemoryUsage of job (MB)
	58120  -  ResidentSetSize of job (KB)
...
006 (407443.000.000) 2026-05-09 17:20:59 Image size of job updated: 369748
	59  -  MemoryUsage of job (MB)
	60320  -  ResidentSetSize of job (KB)
...
005 (407443.000.000) 2026-05-09 20:04:31 Job terminated.
	(1) Normal termination (return value 139)
		Usr 2 00:11:58, Sys 0 01:10:06  -  Run Remote Usage
		Usr 0 00:00:00, Sys 0 00:00:00  -  Run Local Usage
		Usr 2 00:11:58, Sys 0 01:10:06  -  Total Remote Usage
		Usr 0 00:00:00, Sys 0 00:00:00  -  Total Local Usage
	0  -  Run Bytes Sent By Job
	0  -  Run Bytes Received By Job
	0  -  Total Bytes Sent By Job
	0  -  Total Bytes Received By Job
	Partitionable Resources :    Usage  Request Allocated 
	   Cpus                 :     0.99        1         1 
	   Disk (KB)            :     1           1     20734 
	   Memory (MB)          :    59        1024      1024 

	Job terminated of its own accord at 2026-05-09T18:04:31Z with exit-code 139.
...
