000 (407104.000.000) 2026-05-07 18:20:35 Job submitted from host: <192.168.250.101:9618?addrs=192.168.250.101-9618&alias=hercules.hcms.it&noUDP&sock=schedd_3404051_6d7b>
...
001 (407104.000.000) 2026-05-07 18:20:56 Job executing on host: <192.168.250.21:9618?addrs=192.168.250.21-9618&alias=pccms11.hcms.it&noUDP&sock=startd_3845377_5b11>
	SlotName: slot6_1@pccms11.hcms.it
	CondorScratchDir = "/var/lib/condor/execute/dir_1464778"
	Cpus = 1
	Disk = 7762
	Memory = 1024
...
006 (407104.000.000) 2026-05-07 18:21:05 Image size of job updated: 57432
	55  -  MemoryUsage of job (MB)
	55344  -  ResidentSetSize of job (KB)
...
006 (407104.000.000) 2026-05-07 19:21:12 Image size of job updated: 346196
	55  -  MemoryUsage of job (MB)
	55344  -  ResidentSetSize of job (KB)
...
006 (407104.000.000) 2026-05-07 20:26:18 Image size of job updated: 350080
	55  -  MemoryUsage of job (MB)
	55344  -  ResidentSetSize of job (KB)
...
006 (407104.000.000) 2026-05-07 21:16:22 Image size of job updated: 352812
	55  -  MemoryUsage of job (MB)
	55344  -  ResidentSetSize of job (KB)
...
006 (407104.000.000) 2026-05-07 21:26:24 Image size of job updated: 352812
	59  -  MemoryUsage of job (MB)
	60096  -  ResidentSetSize of job (KB)
...
006 (407104.000.000) 2026-05-08 01:31:50 Image size of job updated: 352812
	61  -  MemoryUsage of job (MB)
	62056  -  ResidentSetSize of job (KB)
...
006 (407104.000.000) 2026-05-08 02:31:56 Image size of job updated: 352812
	61  -  MemoryUsage of job (MB)
	62244  -  ResidentSetSize of job (KB)
...
006 (407104.000.000) 2026-05-08 04:12:06 Image size of job updated: 352836
	61  -  MemoryUsage of job (MB)
	62244  -  ResidentSetSize of job (KB)
...
006 (407104.000.000) 2026-05-08 21:38:54 Image size of job updated: 352836
	65  -  MemoryUsage of job (MB)
	66092  -  ResidentSetSize of job (KB)
...
006 (407104.000.000) 2026-05-08 21:43:54 Image size of job updated: 352836
	65  -  MemoryUsage of job (MB)
	66164  -  ResidentSetSize of job (KB)
...
006 (407104.000.000) 2026-05-08 22:44:00 Image size of job updated: 352836
	65  -  MemoryUsage of job (MB)
	66212  -  ResidentSetSize of job (KB)
...
006 (407104.000.000) 2026-05-08 23:04:03 Image size of job updated: 352836
	65  -  MemoryUsage of job (MB)
	66220  -  ResidentSetSize of job (KB)
...
006 (407104.000.000) 2026-05-09 03:49:33 Image size of job updated: 352836
	65  -  MemoryUsage of job (MB)
	66228  -  ResidentSetSize of job (KB)
...
006 (407104.000.000) 2026-05-09 08:34:59 Image size of job updated: 352836
	65  -  MemoryUsage of job (MB)
	66400  -  ResidentSetSize of job (KB)
...
006 (407104.000.000) 2026-05-09 09:00:02 Image size of job updated: 352836
	65  -  MemoryUsage of job (MB)
	66452  -  ResidentSetSize of job (KB)
...
006 (407104.000.000) 2026-05-09 09:35:06 Image size of job updated: 352836
	65  -  MemoryUsage of job (MB)
	66484  -  ResidentSetSize of job (KB)
...
006 (407104.000.000) 2026-05-09 09:45:07 Image size of job updated: 352836
	69  -  MemoryUsage of job (MB)
	70580  -  ResidentSetSize of job (KB)
...
006 (407104.000.000) 2026-05-09 09:55:08 Image size of job updated: 352836
	70  -  MemoryUsage of job (MB)
	70676  -  ResidentSetSize of job (KB)
...
006 (407104.000.000) 2026-05-09 10:05:09 Image size of job updated: 352836
	70  -  MemoryUsage of job (MB)
	70764  -  ResidentSetSize of job (KB)
...
006 (407104.000.000) 2026-05-09 10:20:11 Image size of job updated: 352836
	70  -  MemoryUsage of job (MB)
	70796  -  ResidentSetSize of job (KB)
...
006 (407104.000.000) 2026-05-09 10:35:12 Image size of job updated: 352836
	71  -  MemoryUsage of job (MB)
	72652  -  ResidentSetSize of job (KB)
...
006 (407104.000.000) 2026-05-09 10:50:14 Image size of job updated: 352836
	72  -  MemoryUsage of job (MB)
	72748  -  ResidentSetSize of job (KB)
...
006 (407104.000.000) 2026-05-09 11:15:18 Image size of job updated: 352836
	72  -  MemoryUsage of job (MB)
	72820  -  ResidentSetSize of job (KB)
...
006 (407104.000.000) 2026-05-09 12:40:26 Image size of job updated: 352836
	72  -  MemoryUsage of job (MB)
	72864  -  ResidentSetSize of job (KB)
...
006 (407104.000.000) 2026-05-10 11:02:42 Image size of job updated: 352836
	89  -  MemoryUsage of job (MB)
	90492  -  ResidentSetSize of job (KB)
...
006 (407104.000.000) 2026-05-10 12:07:48 Image size of job updated: 352836
	89  -  MemoryUsage of job (MB)
	90988  -  ResidentSetSize of job (KB)
...
006 (407104.000.000) 2026-05-12 15:48:06 Image size of job updated: 352836
	89  -  MemoryUsage of job (MB)
	91124  -  ResidentSetSize of job (KB)
...
006 (407104.000.000) 2026-05-12 17:58:20 Image size of job updated: 352836
	90  -  MemoryUsage of job (MB)
	91172  -  ResidentSetSize of job (KB)
...
006 (407104.000.000) 2026-05-12 18:03:21 Image size of job updated: 352836
	90  -  MemoryUsage of job (MB)
	91260  -  ResidentSetSize of job (KB)
...
006 (407104.000.000) 2026-05-12 18:08:21 Image size of job updated: 352836
	90  -  MemoryUsage of job (MB)
	91344  -  ResidentSetSize of job (KB)
...
006 (407104.000.000) 2026-05-12 18:13:21 Image size of job updated: 352836
	90  -  MemoryUsage of job (MB)
	91420  -  ResidentSetSize of job (KB)
...
006 (407104.000.000) 2026-05-12 18:18:22 Image size of job updated: 352836
	90  -  MemoryUsage of job (MB)
	91520  -  ResidentSetSize of job (KB)
...
006 (407104.000.000) 2026-05-12 18:23:22 Image size of job updated: 352836
	90  -  MemoryUsage of job (MB)
	91616  -  ResidentSetSize of job (KB)
...
006 (407104.000.000) 2026-05-12 18:28:22 Image size of job updated: 352836
	90  -  MemoryUsage of job (MB)
	91704  -  ResidentSetSize of job (KB)
...
006 (407104.000.000) 2026-05-12 18:33:23 Image size of job updated: 352836
	90  -  MemoryUsage of job (MB)
	91820  -  ResidentSetSize of job (KB)
...
006 (407104.000.000) 2026-05-12 18:38:24 Image size of job updated: 352836
	90  -  MemoryUsage of job (MB)
	91860  -  ResidentSetSize of job (KB)
...
006 (407104.000.000) 2026-05-12 18:43:24 Image size of job updated: 352836
	91  -  MemoryUsage of job (MB)
	93092  -  ResidentSetSize of job (KB)
...
006 (407104.000.000) 2026-05-12 20:33:35 Image size of job updated: 352836
	93  -  MemoryUsage of job (MB)
	95140  -  ResidentSetSize of job (KB)
...
006 (407104.000.000) 2026-05-12 22:38:48 Image size of job updated: 352836
	95  -  MemoryUsage of job (MB)
	97028  -  ResidentSetSize of job (KB)
...
006 (407104.000.000) 2026-05-13 00:59:02 Image size of job updated: 352836
	98  -  MemoryUsage of job (MB)
	99332  -  ResidentSetSize of job (KB)
...
006 (407104.000.000) 2026-05-13 03:14:17 Image size of job updated: 352836
	99  -  MemoryUsage of job (MB)
	101132  -  ResidentSetSize of job (KB)
...
006 (407104.000.000) 2026-05-13 05:09:30 Image size of job updated: 352836
	102  -  MemoryUsage of job (MB)
	103436  -  ResidentSetSize of job (KB)
...
006 (407104.000.000) 2026-05-13 07:34:45 Image size of job updated: 352836
	103  -  MemoryUsage of job (MB)
	105236  -  ResidentSetSize of job (KB)
...
006 (407104.000.000) 2026-05-13 10:10:01 Image size of job updated: 352836
	105  -  MemoryUsage of job (MB)
	107288  -  ResidentSetSize of job (KB)
...
006 (407104.000.000) 2026-05-13 12:05:12 Image size of job updated: 352836
	106  -  MemoryUsage of job (MB)
	107612  -  ResidentSetSize of job (KB)
...
006 (407104.000.000) 2026-05-13 12:10:13 Image size of job updated: 352836
	106  -  MemoryUsage of job (MB)
	107688  -  ResidentSetSize of job (KB)
...
006 (407104.000.000) 2026-05-13 12:15:14 Image size of job updated: 352836
	106  -  MemoryUsage of job (MB)
	107788  -  ResidentSetSize of job (KB)
...
006 (407104.000.000) 2026-05-13 12:20:14 Image size of job updated: 352836
	106  -  MemoryUsage of job (MB)
	107876  -  ResidentSetSize of job (KB)
...
006 (407104.000.000) 2026-05-13 12:25:15 Image size of job updated: 352836
	106  -  MemoryUsage of job (MB)
	107988  -  ResidentSetSize of job (KB)
...
006 (407104.000.000) 2026-05-13 12:30:16 Image size of job updated: 352836
	108  -  MemoryUsage of job (MB)
	109796  -  ResidentSetSize of job (KB)
...
006 (407104.000.000) 2026-05-13 13:00:19 Image size of job updated: 352836
	108  -  MemoryUsage of job (MB)
	110272  -  ResidentSetSize of job (KB)
...
006 (407104.000.000) 2026-05-13 15:20:33 Image size of job updated: 352836
	110  -  MemoryUsage of job (MB)
	112100  -  ResidentSetSize of job (KB)
...
006 (407104.000.000) 2026-05-13 17:30:47 Image size of job updated: 352836
	112  -  MemoryUsage of job (MB)
	113900  -  ResidentSetSize of job (KB)
...
006 (407104.000.000) 2026-05-13 19:00:56 Image size of job updated: 352836
	112  -  MemoryUsage of job (MB)
	114132  -  ResidentSetSize of job (KB)
...
006 (407104.000.000) 2026-05-13 19:20:58 Image size of job updated: 352836
	114  -  MemoryUsage of job (MB)
	116108  -  ResidentSetSize of job (KB)
...
006 (407104.000.000) 2026-05-13 21:11:11 Image size of job updated: 352836
	116  -  MemoryUsage of job (MB)
	118160  -  ResidentSetSize of job (KB)
...
006 (407104.000.000) 2026-05-13 23:01:24 Image size of job updated: 352836
	118  -  MemoryUsage of job (MB)
	120212  -  ResidentSetSize of job (KB)
...
006 (407104.000.000) 2026-05-14 00:51:36 Image size of job updated: 352836
	120  -  MemoryUsage of job (MB)
	122516  -  ResidentSetSize of job (KB)
...
006 (407104.000.000) 2026-05-14 02:46:46 Image size of job updated: 352836
	122  -  MemoryUsage of job (MB)
	124160  -  ResidentSetSize of job (KB)
...
006 (407104.000.000) 2026-05-14 04:36:59 Image size of job updated: 352836
	124  -  MemoryUsage of job (MB)
	126212  -  ResidentSetSize of job (KB)
...
006 (407104.000.000) 2026-05-14 06:27:10 Image size of job updated: 352836
	126  -  MemoryUsage of job (MB)
	128516  -  ResidentSetSize of job (KB)
...
006 (407104.000.000) 2026-05-14 08:17:21 Image size of job updated: 352836
	128  -  MemoryUsage of job (MB)
	130568  -  ResidentSetSize of job (KB)
...
006 (407104.000.000) 2026-05-14 10:12:31 Image size of job updated: 352836
	130  -  MemoryUsage of job (MB)
	132620  -  ResidentSetSize of job (KB)
...
006 (407104.000.000) 2026-05-14 12:02:42 Image size of job updated: 352836
	132  -  MemoryUsage of job (MB)
	134420  -  ResidentSetSize of job (KB)
...
006 (407104.000.000) 2026-05-14 13:52:55 Image size of job updated: 352836
	134  -  MemoryUsage of job (MB)
	136472  -  ResidentSetSize of job (KB)
...
006 (407104.000.000) 2026-05-14 15:08:03 Image size of job updated: 352836
	134  -  MemoryUsage of job (MB)
	136708  -  ResidentSetSize of job (KB)
...
006 (407104.000.000) 2026-05-14 15:43:07 Image size of job updated: 352836
	136  -  MemoryUsage of job (MB)
	138908  -  ResidentSetSize of job (KB)
...
006 (407104.000.000) 2026-05-14 19:18:28 Image size of job updated: 352836
	136  -  MemoryUsage of job (MB)
	138960  -  ResidentSetSize of job (KB)
...
006 (407104.000.000) 2026-05-14 19:23:29 Image size of job updated: 352836
	136  -  MemoryUsage of job (MB)
	139032  -  ResidentSetSize of job (KB)
...
006 (407104.000.000) 2026-05-14 19:28:30 Image size of job updated: 352836
	138  -  MemoryUsage of job (MB)
	140900  -  ResidentSetSize of job (KB)
...
006 (407104.000.000) 2026-05-14 19:58:33 Image size of job updated: 352836
	140  -  MemoryUsage of job (MB)
	142876  -  ResidentSetSize of job (KB)
...
006 (407104.000.000) 2026-05-14 21:18:40 Image size of job updated: 352836
	142  -  MemoryUsage of job (MB)
	144928  -  ResidentSetSize of job (KB)
...
006 (407104.000.000) 2026-05-14 23:08:51 Image size of job updated: 352836
	144  -  MemoryUsage of job (MB)
	147232  -  ResidentSetSize of job (KB)
...
006 (407104.000.000) 2026-05-15 00:59:02 Image size of job updated: 352836
	146  -  MemoryUsage of job (MB)
	149032  -  ResidentSetSize of job (KB)
...
006 (407104.000.000) 2026-05-15 02:49:13 Image size of job updated: 352836
	148  -  MemoryUsage of job (MB)
	151156  -  ResidentSetSize of job (KB)
...
006 (407104.000.000) 2026-05-15 04:39:23 Image size of job updated: 352836
	150  -  MemoryUsage of job (MB)
	153204  -  ResidentSetSize of job (KB)
...
006 (407104.000.000) 2026-05-15 06:34:35 Image size of job updated: 352836
	152  -  MemoryUsage of job (MB)
	155252  -  ResidentSetSize of job (KB)
...
006 (407104.000.000) 2026-05-15 08:19:45 Image size of job updated: 352836
	154  -  MemoryUsage of job (MB)
	157300  -  ResidentSetSize of job (KB)
...
006 (407104.000.000) 2026-05-15 10:14:56 Image size of job updated: 352836
	156  -  MemoryUsage of job (MB)
	159364  -  ResidentSetSize of job (KB)
...
