000 (407459.000.000) 2026-05-07 18:20:44 Job submitted from host: <192.168.250.101:9618?addrs=192.168.250.101-9618&alias=hercules.hcms.it&noUDP&sock=schedd_3404051_6d7b>
...
001 (407459.000.000) 2026-05-07 18:21:02 Job executing on host: <192.168.250.103:9618?addrs=192.168.250.103-9618&alias=clipper.hcms.it&noUDP&sock=startd_3676022_e97e>
	SlotName: slot95_1@clipper.hcms.it
	CondorScratchDir = "/var/lib/condor/execute/dir_4193058"
	Cpus = 1
	Disk = 20734
	Memory = 1024
...
006 (407459.000.000) 2026-05-07 18:21:10 Image size of job updated: 54748
	47  -  MemoryUsage of job (MB)
	47476  -  ResidentSetSize of job (KB)
...
006 (407459.000.000) 2026-05-07 18:26:10 Image size of job updated: 54748
	52  -  MemoryUsage of job (MB)
	52620  -  ResidentSetSize of job (KB)
...
006 (407459.000.000) 2026-05-07 19:21:16 Image size of job updated: 354644
	52  -  MemoryUsage of job (MB)
	52620  -  ResidentSetSize of job (KB)
...
006 (407459.000.000) 2026-05-07 19:51:18 Image size of job updated: 356340
	52  -  MemoryUsage of job (MB)
	52920  -  ResidentSetSize of job (KB)
...
006 (407459.000.000) 2026-05-07 20:21:22 Image size of job updated: 357316
	52  -  MemoryUsage of job (MB)
	52920  -  ResidentSetSize of job (KB)
...
006 (407459.000.000) 2026-05-07 22:36:35 Image size of job updated: 357664
	52  -  MemoryUsage of job (MB)
	52920  -  ResidentSetSize of job (KB)
...
006 (407459.000.000) 2026-05-07 23:16:39 Image size of job updated: 357664
	53  -  MemoryUsage of job (MB)
	53712  -  ResidentSetSize of job (KB)
...
006 (407459.000.000) 2026-05-07 23:31:41 Image size of job updated: 357664
	53  -  MemoryUsage of job (MB)
	54116  -  ResidentSetSize of job (KB)
...
006 (407459.000.000) 2026-05-08 02:57:03 Image size of job updated: 357692
	53  -  MemoryUsage of job (MB)
	54116  -  ResidentSetSize of job (KB)
...
006 (407459.000.000) 2026-05-08 04:02:10 Image size of job updated: 359196
	53  -  MemoryUsage of job (MB)
	54116  -  ResidentSetSize of job (KB)
...
006 (407459.000.000) 2026-05-08 06:42:25 Image size of job updated: 360508
	53  -  MemoryUsage of job (MB)
	54116  -  ResidentSetSize of job (KB)
...
006 (407459.000.000) 2026-05-08 07:17:29 Image size of job updated: 360508
	257  -  MemoryUsage of job (MB)
	262164  -  ResidentSetSize of job (KB)
...
006 (407459.000.000) 2026-05-08 07:22:30 Image size of job updated: 360508
	257  -  MemoryUsage of job (MB)
	262420  -  ResidentSetSize of job (KB)
...
006 (407459.000.000) 2026-05-08 15:08:18 Image size of job updated: 364176
	257  -  MemoryUsage of job (MB)
	262420  -  ResidentSetSize of job (KB)
...
005 (407459.000.000) 2026-05-09 10:16:43 Job terminated.
	(1) Normal termination (return value 139)
		Usr 1 15:13:41, Sys 0 00:23:41  -  Run Remote Usage
		Usr 0 00:00:00, Sys 0 00:00:00  -  Run Local Usage
		Usr 1 15:13:41, Sys 0 00:23:41  -  Total Remote Usage
		Usr 0 00:00:00, Sys 0 00:00:00  -  Total Local Usage
	0  -  Run Bytes Sent By Job
	0  -  Run Bytes Received By Job
	0  -  Total Bytes Sent By Job
	0  -  Total Bytes Received By Job
	Partitionable Resources :    Usage  Request Allocated 
	   Cpus                 :     0.99        1         1 
	   Disk (KB)            :     1           1     20734 
	   Memory (MB)          :   257        1024      1024 

	Job terminated of its own accord at 2026-05-09T08:16:43Z with exit-code 139.
...
