000 (407352.000.000) 2026-05-07 18:20:41 Job submitted from host: <192.168.250.101:9618?addrs=192.168.250.101-9618&alias=hercules.hcms.it&noUDP&sock=schedd_3404051_6d7b>
...
001 (407352.000.000) 2026-05-07 18:21:01 Job executing on host: <192.168.250.102:9618?addrs=192.168.250.102-9618&alias=empire.hcms.it&noUDP&sock=startd_2716409_3615>
	SlotName: slot98_1@empire.hcms.it
	CondorScratchDir = "/var/lib/condor/execute/dir_3296310"
	Cpus = 1
	Disk = 22792
	Memory = 1024
...
006 (407352.000.000) 2026-05-07 18:21:10 Image size of job updated: 57600
	55  -  MemoryUsage of job (MB)
	55560  -  ResidentSetSize of job (KB)
...
006 (407352.000.000) 2026-05-07 18:56:13 Image size of job updated: 356572
	55  -  MemoryUsage of job (MB)
	55560  -  ResidentSetSize of job (KB)
...
006 (407352.000.000) 2026-05-07 20:06:21 Image size of job updated: 357380
	55  -  MemoryUsage of job (MB)
	55560  -  ResidentSetSize of job (KB)
...
006 (407352.000.000) 2026-05-07 20:11:22 Image size of job updated: 357380
	55  -  MemoryUsage of job (MB)
	55600  -  ResidentSetSize of job (KB)
...
006 (407352.000.000) 2026-05-07 20:16:22 Image size of job updated: 357380
	55  -  MemoryUsage of job (MB)
	55692  -  ResidentSetSize of job (KB)
...
006 (407352.000.000) 2026-05-07 21:01:27 Image size of job updated: 358260
	55  -  MemoryUsage of job (MB)
	55700  -  ResidentSetSize of job (KB)
...
006 (407352.000.000) 2026-05-07 22:26:35 Image size of job updated: 362588
	55  -  MemoryUsage of job (MB)
	55700  -  ResidentSetSize of job (KB)
...
006 (407352.000.000) 2026-05-07 22:51:38 Image size of job updated: 362588
	55  -  MemoryUsage of job (MB)
	55800  -  ResidentSetSize of job (KB)
...
006 (407352.000.000) 2026-05-07 23:46:44 Image size of job updated: 362588
	55  -  MemoryUsage of job (MB)
	55956  -  ResidentSetSize of job (KB)
...
006 (407352.000.000) 2026-05-08 00:01:45 Image size of job updated: 362588
	55  -  MemoryUsage of job (MB)
	56016  -  ResidentSetSize of job (KB)
...
006 (407352.000.000) 2026-05-08 00:21:47 Image size of job updated: 362588
	55  -  MemoryUsage of job (MB)
	56260  -  ResidentSetSize of job (KB)
...
006 (407352.000.000) 2026-05-08 03:12:05 Image size of job updated: 362588
	56  -  MemoryUsage of job (MB)
	56848  -  ResidentSetSize of job (KB)
...
006 (407352.000.000) 2026-05-08 11:37:56 Image size of job updated: 362588
	56  -  MemoryUsage of job (MB)
	57008  -  ResidentSetSize of job (KB)
...
006 (407352.000.000) 2026-05-08 12:28:01 Image size of job updated: 362588
	56  -  MemoryUsage of job (MB)
	57132  -  ResidentSetSize of job (KB)
...
006 (407352.000.000) 2026-05-08 12:43:02 Image size of job updated: 364416
	56  -  MemoryUsage of job (MB)
	57132  -  ResidentSetSize of job (KB)
...
006 (407352.000.000) 2026-05-08 14:33:13 Image size of job updated: 364416
	56  -  MemoryUsage of job (MB)
	57176  -  ResidentSetSize of job (KB)
...
006 (407352.000.000) 2026-05-08 16:18:25 Image size of job updated: 364416
	59  -  MemoryUsage of job (MB)
	60192  -  ResidentSetSize of job (KB)
...
006 (407352.000.000) 2026-05-09 04:54:43 Image size of job updated: 364416
	59  -  MemoryUsage of job (MB)
	60364  -  ResidentSetSize of job (KB)
...
005 (407352.000.000) 2026-05-09 08:11:27 Job terminated.
	(1) Normal termination (return value 139)
		Usr 1 12:11:49, Sys 0 01:19:42  -  Run Remote Usage
		Usr 0 00:00:00, Sys 0 00:00:00  -  Run Local Usage
		Usr 1 12:11:49, Sys 0 01:19:42  -  Total Remote Usage
		Usr 0 00:00:00, Sys 0 00:00:00  -  Total Local Usage
	0  -  Run Bytes Sent By Job
	0  -  Run Bytes Received By Job
	0  -  Total Bytes Sent By Job
	0  -  Total Bytes Received By Job
	Partitionable Resources :    Usage  Request Allocated 
	   Cpus                 :     0.99        1         1 
	   Disk (KB)            :     1           1     22792 
	   Memory (MB)          :    59        1024      1024 

	Job terminated of its own accord at 2026-05-09T06:11:27Z with exit-code 139.
...
