000 (407127.000.000) 2026-05-07 18:20:36 Job submitted from host: <192.168.250.101:9618?addrs=192.168.250.101-9618&alias=hercules.hcms.it&noUDP&sock=schedd_3404051_6d7b>
...
001 (407127.000.000) 2026-05-07 18:20:56 Job executing on host: <192.168.250.21:9618?addrs=192.168.250.21-9618&alias=pccms11.hcms.it&noUDP&sock=startd_3845377_5b11>
	SlotName: slot29_1@pccms11.hcms.it
	CondorScratchDir = "/var/lib/condor/execute/dir_1465030"
	Cpus = 1
	Disk = 7762
	Memory = 1024
...
006 (407127.000.000) 2026-05-07 18:21:05 Image size of job updated: 57460
	54  -  MemoryUsage of job (MB)
	55236  -  ResidentSetSize of job (KB)
...
006 (407127.000.000) 2026-05-07 18:46:07 Image size of job updated: 346888
	54  -  MemoryUsage of job (MB)
	55236  -  ResidentSetSize of job (KB)
...
006 (407127.000.000) 2026-05-07 19:01:09 Image size of job updated: 480872
	190  -  MemoryUsage of job (MB)
	193660  -  ResidentSetSize of job (KB)
...
006 (407127.000.000) 2026-05-07 19:41:13 Image size of job updated: 484204
	190  -  MemoryUsage of job (MB)
	193660  -  ResidentSetSize of job (KB)
...
006 (407127.000.000) 2026-05-07 19:46:13 Image size of job updated: 485752
	190  -  MemoryUsage of job (MB)
	193660  -  ResidentSetSize of job (KB)
...
006 (407127.000.000) 2026-05-07 19:56:15 Image size of job updated: 487184
	190  -  MemoryUsage of job (MB)
	193660  -  ResidentSetSize of job (KB)
...
006 (407127.000.000) 2026-05-07 20:06:16 Image size of job updated: 487336
	190  -  MemoryUsage of job (MB)
	193660  -  ResidentSetSize of job (KB)
...
006 (407127.000.000) 2026-05-07 20:21:17 Image size of job updated: 487724
	190  -  MemoryUsage of job (MB)
	193660  -  ResidentSetSize of job (KB)
...
006 (407127.000.000) 2026-05-07 20:41:20 Image size of job updated: 489228
	190  -  MemoryUsage of job (MB)
	193660  -  ResidentSetSize of job (KB)
...
006 (407127.000.000) 2026-05-07 21:16:24 Image size of job updated: 489228
	191  -  MemoryUsage of job (MB)
	195268  -  ResidentSetSize of job (KB)
...
006 (407127.000.000) 2026-05-07 21:41:26 Image size of job updated: 489228
	192  -  MemoryUsage of job (MB)
	196528  -  ResidentSetSize of job (KB)
...
006 (407127.000.000) 2026-05-12 08:27:07 Image size of job updated: 669140
	362  -  MemoryUsage of job (MB)
	370348  -  ResidentSetSize of job (KB)
...
006 (407127.000.000) 2026-05-12 08:32:07 Image size of job updated: 672360
	362  -  MemoryUsage of job (MB)
	370348  -  ResidentSetSize of job (KB)
...
006 (407127.000.000) 2026-05-12 09:02:10 Image size of job updated: 672584
	362  -  MemoryUsage of job (MB)
	370348  -  ResidentSetSize of job (KB)
...
006 (407127.000.000) 2026-05-12 09:07:10 Image size of job updated: 672584
	363  -  MemoryUsage of job (MB)
	370736  -  ResidentSetSize of job (KB)
...
006 (407127.000.000) 2026-05-12 09:12:10 Image size of job updated: 672584
	363  -  MemoryUsage of job (MB)
	371124  -  ResidentSetSize of job (KB)
...
006 (407127.000.000) 2026-05-12 09:17:11 Image size of job updated: 672956
	363  -  MemoryUsage of job (MB)
	371124  -  ResidentSetSize of job (KB)
...
006 (407127.000.000) 2026-05-12 09:37:13 Image size of job updated: 673308
	363  -  MemoryUsage of job (MB)
	371124  -  ResidentSetSize of job (KB)
...
006 (407127.000.000) 2026-05-12 09:57:15 Image size of job updated: 675440
	363  -  MemoryUsage of job (MB)
	371124  -  ResidentSetSize of job (KB)
...
