000 (407129.000.000) 2026-05-07 18:20:36 Job submitted from host: <192.168.250.101:9618?addrs=192.168.250.101-9618&alias=hercules.hcms.it&noUDP&sock=schedd_3404051_6d7b>
...
001 (407129.000.000) 2026-05-07 18:20:56 Job executing on host: <192.168.250.21:9618?addrs=192.168.250.21-9618&alias=pccms11.hcms.it&noUDP&sock=startd_3845377_5b11>
	SlotName: slot31_1@pccms11.hcms.it
	CondorScratchDir = "/var/lib/condor/execute/dir_1465065"
	Cpus = 1
	Disk = 7762
	Memory = 1024
...
006 (407129.000.000) 2026-05-07 18:21:05 Image size of job updated: 52920
	47  -  MemoryUsage of job (MB)
	47564  -  ResidentSetSize of job (KB)
...
006 (407129.000.000) 2026-05-07 18:36:07 Image size of job updated: 52920
	47  -  MemoryUsage of job (MB)
	47728  -  ResidentSetSize of job (KB)
...
006 (407129.000.000) 2026-05-07 18:51:08 Image size of job updated: 343700
	47  -  MemoryUsage of job (MB)
	47796  -  ResidentSetSize of job (KB)
...
006 (407129.000.000) 2026-05-07 18:56:09 Image size of job updated: 346832
	47  -  MemoryUsage of job (MB)
	47796  -  ResidentSetSize of job (KB)
...
006 (407129.000.000) 2026-05-07 19:06:10 Image size of job updated: 346832
	50  -  MemoryUsage of job (MB)
	50708  -  ResidentSetSize of job (KB)
...
006 (407129.000.000) 2026-05-07 19:21:11 Image size of job updated: 348444
	50  -  MemoryUsage of job (MB)
	50708  -  ResidentSetSize of job (KB)
...
006 (407129.000.000) 2026-05-07 19:31:12 Image size of job updated: 348488
	50  -  MemoryUsage of job (MB)
	50708  -  ResidentSetSize of job (KB)
...
006 (407129.000.000) 2026-05-07 19:41:13 Image size of job updated: 350844
	50  -  MemoryUsage of job (MB)
	50708  -  ResidentSetSize of job (KB)
...
006 (407129.000.000) 2026-05-07 19:46:13 Image size of job updated: 350844
	50  -  MemoryUsage of job (MB)
	50960  -  ResidentSetSize of job (KB)
...
006 (407129.000.000) 2026-05-07 19:56:14 Image size of job updated: 350844
	130  -  MemoryUsage of job (MB)
	132564  -  ResidentSetSize of job (KB)
...
006 (407129.000.000) 2026-05-07 20:01:14 Image size of job updated: 350844
	130  -  MemoryUsage of job (MB)
	132680  -  ResidentSetSize of job (KB)
...
006 (407129.000.000) 2026-05-07 21:11:21 Image size of job updated: 351100
	130  -  MemoryUsage of job (MB)
	132680  -  ResidentSetSize of job (KB)
...
006 (407129.000.000) 2026-05-08 17:48:31 Image size of job updated: 366944
	130  -  MemoryUsage of job (MB)
	132680  -  ResidentSetSize of job (KB)
...
006 (407129.000.000) 2026-05-08 17:53:32 Image size of job updated: 367268
	130  -  MemoryUsage of job (MB)
	132680  -  ResidentSetSize of job (KB)
...
006 (407129.000.000) 2026-05-08 19:03:39 Image size of job updated: 367308
	130  -  MemoryUsage of job (MB)
	132680  -  ResidentSetSize of job (KB)
...
006 (407129.000.000) 2026-05-08 20:18:45 Image size of job updated: 369156
	130  -  MemoryUsage of job (MB)
	132680  -  ResidentSetSize of job (KB)
...
006 (407129.000.000) 2026-05-09 01:39:19 Image size of job updated: 666508
	361  -  MemoryUsage of job (MB)
	369576  -  ResidentSetSize of job (KB)
...
006 (407129.000.000) 2026-05-09 01:59:21 Image size of job updated: 666508
	362  -  MemoryUsage of job (MB)
	369832  -  ResidentSetSize of job (KB)
...
005 (407129.000.000) 2026-05-09 16:53:48 Job terminated.
	(1) Normal termination (return value 139)
		Usr 1 21:57:46, Sys 0 00:25:26  -  Run Remote Usage
		Usr 0 00:00:00, Sys 0 00:00:00  -  Run Local Usage
		Usr 1 21:57:46, Sys 0 00:25:26  -  Total Remote Usage
		Usr 0 00:00:00, Sys 0 00:00:00  -  Total Local Usage
	0  -  Run Bytes Sent By Job
	0  -  Run Bytes Received By Job
	0  -  Total Bytes Sent By Job
	0  -  Total Bytes Received By Job
	Partitionable Resources :    Usage  Request Allocated 
	   Cpus                 :     1.00        1         1 
	   Disk (KB)            :     1           1      7762 
	   Memory (MB)          :   362        1024      1024 

	Job terminated of its own accord at 2026-05-09T14:53:48Z with exit-code 139.
...
