000 (407263.000.000) 2026-05-07 18:20:39 Job submitted from host: <192.168.250.101:9618?addrs=192.168.250.101-9618&alias=hercules.hcms.it&noUDP&sock=schedd_3404051_6d7b>
...
001 (407263.000.000) 2026-05-07 18:21:01 Job executing on host: <192.168.250.102:9618?addrs=192.168.250.102-9618&alias=empire.hcms.it&noUDP&sock=startd_2716409_3615>
	SlotName: slot9_1@empire.hcms.it
	CondorScratchDir = "/var/lib/condor/execute/dir_3296159"
	Cpus = 1
	Disk = 22792
	Memory = 1024
...
006 (407263.000.000) 2026-05-07 18:21:10 Image size of job updated: 55024
	52  -  MemoryUsage of job (MB)
	52800  -  ResidentSetSize of job (KB)
...
006 (407263.000.000) 2026-05-07 18:46:13 Image size of job updated: 357228
	52  -  MemoryUsage of job (MB)
	52800  -  ResidentSetSize of job (KB)
...
006 (407263.000.000) 2026-05-07 19:01:15 Image size of job updated: 357656
	52  -  MemoryUsage of job (MB)
	52800  -  ResidentSetSize of job (KB)
...
006 (407263.000.000) 2026-05-07 19:36:18 Image size of job updated: 358548
	52  -  MemoryUsage of job (MB)
	52800  -  ResidentSetSize of job (KB)
...
006 (407263.000.000) 2026-05-07 19:56:20 Image size of job updated: 358548
	53  -  MemoryUsage of job (MB)
	54076  -  ResidentSetSize of job (KB)
...
006 (407263.000.000) 2026-05-07 20:11:22 Image size of job updated: 361356
	53  -  MemoryUsage of job (MB)
	54076  -  ResidentSetSize of job (KB)
...
006 (407263.000.000) 2026-05-07 20:26:23 Image size of job updated: 362268
	53  -  MemoryUsage of job (MB)
	54076  -  ResidentSetSize of job (KB)
...
006 (407263.000.000) 2026-05-07 20:51:26 Image size of job updated: 365728
	53  -  MemoryUsage of job (MB)
	54076  -  ResidentSetSize of job (KB)
...
006 (407263.000.000) 2026-05-08 00:06:45 Image size of job updated: 365728
	54  -  MemoryUsage of job (MB)
	54388  -  ResidentSetSize of job (KB)
...
006 (407263.000.000) 2026-05-08 00:21:47 Image size of job updated: 365728
	56  -  MemoryUsage of job (MB)
	56616  -  ResidentSetSize of job (KB)
...
006 (407263.000.000) 2026-05-08 01:51:56 Image size of job updated: 365728
	181  -  MemoryUsage of job (MB)
	184364  -  ResidentSetSize of job (KB)
...
006 (407263.000.000) 2026-05-08 07:47:32 Image size of job updated: 370084
	181  -  MemoryUsage of job (MB)
	184364  -  ResidentSetSize of job (KB)
...
005 (407263.000.000) 2026-05-08 20:59:51 Job terminated.
	(1) Normal termination (return value 139)
		Usr 1 01:15:59, Sys 0 01:09:47  -  Run Remote Usage
		Usr 0 00:00:00, Sys 0 00:00:00  -  Run Local Usage
		Usr 1 01:15:59, Sys 0 01:09:47  -  Total Remote Usage
		Usr 0 00:00:00, Sys 0 00:00:00  -  Total Local Usage
	0  -  Run Bytes Sent By Job
	0  -  Run Bytes Received By Job
	0  -  Total Bytes Sent By Job
	0  -  Total Bytes Received By Job
	Partitionable Resources :    Usage  Request Allocated 
	   Cpus                 :     0.99        1         1 
	   Disk (KB)            :     1           1     22792 
	   Memory (MB)          :   181        1024      1024 

	Job terminated of its own accord at 2026-05-08T18:59:51Z with exit-code 139.
...
