000 (407449.000.000) 2026-05-07 18:20:43 Job submitted from host: <192.168.250.101:9618?addrs=192.168.250.101-9618&alias=hercules.hcms.it&noUDP&sock=schedd_3404051_6d7b>
...
001 (407449.000.000) 2026-05-07 18:21:02 Job executing on host: <192.168.250.103:9618?addrs=192.168.250.103-9618&alias=clipper.hcms.it&noUDP&sock=startd_3676022_e97e>
	SlotName: slot85_1@clipper.hcms.it
	CondorScratchDir = "/var/lib/condor/execute/dir_4192980"
	Cpus = 1
	Disk = 20734
	Memory = 1024
...
006 (407449.000.000) 2026-05-07 18:21:10 Image size of job updated: 55556
	47  -  MemoryUsage of job (MB)
	47684  -  ResidentSetSize of job (KB)
...
006 (407449.000.000) 2026-05-07 18:26:10 Image size of job updated: 55608
	55  -  MemoryUsage of job (MB)
	55544  -  ResidentSetSize of job (KB)
...
006 (407449.000.000) 2026-05-07 18:31:11 Image size of job updated: 55640
	55  -  MemoryUsage of job (MB)
	55544  -  ResidentSetSize of job (KB)
...
006 (407449.000.000) 2026-05-07 19:26:18 Image size of job updated: 248892
	244  -  MemoryUsage of job (MB)
	248892  -  ResidentSetSize of job (KB)
...
006 (407449.000.000) 2026-05-07 19:31:18 Image size of job updated: 358512
	244  -  MemoryUsage of job (MB)
	248892  -  ResidentSetSize of job (KB)
...
006 (407449.000.000) 2026-05-08 03:32:08 Image size of job updated: 363188
	244  -  MemoryUsage of job (MB)
	248892  -  ResidentSetSize of job (KB)
...
006 (407449.000.000) 2026-05-08 12:28:01 Image size of job updated: 363188
	244  -  MemoryUsage of job (MB)
	249092  -  ResidentSetSize of job (KB)
...
006 (407449.000.000) 2026-05-08 21:44:00 Image size of job updated: 363188
	334  -  MemoryUsage of job (MB)
	341628  -  ResidentSetSize of job (KB)
...
006 (407449.000.000) 2026-05-08 21:54:00 Image size of job updated: 365688
	334  -  MemoryUsage of job (MB)
	341628  -  ResidentSetSize of job (KB)
...
005 (407449.000.000) 2026-05-09 12:26:29 Job terminated.
	(1) Normal termination (return value 139)
		Usr 1 17:17:23, Sys 0 00:28:38  -  Run Remote Usage
		Usr 0 00:00:00, Sys 0 00:00:00  -  Run Local Usage
		Usr 1 17:17:23, Sys 0 00:28:38  -  Total Remote Usage
		Usr 0 00:00:00, Sys 0 00:00:00  -  Total Local Usage
	0  -  Run Bytes Sent By Job
	0  -  Run Bytes Received By Job
	0  -  Total Bytes Sent By Job
	0  -  Total Bytes Received By Job
	Partitionable Resources :    Usage  Request Allocated 
	   Cpus                 :     0.99        1         1 
	   Disk (KB)            :     1           1     20734 
	   Memory (MB)          :   334        1024      1024 

	Job terminated of its own accord at 2026-05-09T10:26:29Z with exit-code 139.
...
