000 (407389.000.000) 2026-05-07 18:20:42 Job submitted from host: <192.168.250.101:9618?addrs=192.168.250.101-9618&alias=hercules.hcms.it&noUDP&sock=schedd_3404051_6d7b>
...
001 (407389.000.000) 2026-05-07 18:21:01 Job executing on host: <192.168.250.103:9618?addrs=192.168.250.103-9618&alias=clipper.hcms.it&noUDP&sock=startd_3676022_e97e>
	SlotName: slot25_1@clipper.hcms.it
	CondorScratchDir = "/var/lib/condor/execute/dir_4192918"
	Cpus = 1
	Disk = 20734
	Memory = 1024
...
006 (407389.000.000) 2026-05-07 18:21:10 Image size of job updated: 55508
	55  -  MemoryUsage of job (MB)
	55308  -  ResidentSetSize of job (KB)
...
006 (407389.000.000) 2026-05-07 18:26:11 Image size of job updated: 354316
	55  -  MemoryUsage of job (MB)
	55620  -  ResidentSetSize of job (KB)
...
006 (407389.000.000) 2026-05-07 18:41:13 Image size of job updated: 355208
	55  -  MemoryUsage of job (MB)
	55620  -  ResidentSetSize of job (KB)
...
006 (407389.000.000) 2026-05-07 18:46:14 Image size of job updated: 355208
	55  -  MemoryUsage of job (MB)
	55724  -  ResidentSetSize of job (KB)
...
006 (407389.000.000) 2026-05-07 19:46:21 Image size of job updated: 355540
	55  -  MemoryUsage of job (MB)
	55724  -  ResidentSetSize of job (KB)
...
006 (407389.000.000) 2026-05-07 19:56:22 Image size of job updated: 356204
	55  -  MemoryUsage of job (MB)
	56220  -  ResidentSetSize of job (KB)
...
006 (407389.000.000) 2026-05-07 20:01:22 Image size of job updated: 356204
	163  -  MemoryUsage of job (MB)
	166732  -  ResidentSetSize of job (KB)
...
006 (407389.000.000) 2026-05-07 20:06:23 Image size of job updated: 357464
	163  -  MemoryUsage of job (MB)
	166732  -  ResidentSetSize of job (KB)
...
006 (407389.000.000) 2026-05-07 22:16:37 Image size of job updated: 359108
	163  -  MemoryUsage of job (MB)
	166732  -  ResidentSetSize of job (KB)
...
006 (407389.000.000) 2026-05-08 05:22:21 Image size of job updated: 359108
	166  -  MemoryUsage of job (MB)
	169608  -  ResidentSetSize of job (KB)
...
006 (407389.000.000) 2026-05-08 05:27:21 Image size of job updated: 359684
	166  -  MemoryUsage of job (MB)
	169608  -  ResidentSetSize of job (KB)
...
006 (407389.000.000) 2026-05-08 06:12:26 Image size of job updated: 359920
	166  -  MemoryUsage of job (MB)
	169608  -  ResidentSetSize of job (KB)
...
006 (407389.000.000) 2026-05-08 16:23:28 Image size of job updated: 361584
	166  -  MemoryUsage of job (MB)
	169608  -  ResidentSetSize of job (KB)
...
006 (407389.000.000) 2026-05-08 19:03:44 Image size of job updated: 364576
	166  -  MemoryUsage of job (MB)
	169608  -  ResidentSetSize of job (KB)
...
006 (407389.000.000) 2026-05-08 19:33:46 Image size of job updated: 364624
	166  -  MemoryUsage of job (MB)
	169608  -  ResidentSetSize of job (KB)
...
006 (407389.000.000) 2026-05-08 21:44:01 Image size of job updated: 365336
	166  -  MemoryUsage of job (MB)
	169608  -  ResidentSetSize of job (KB)
...
005 (407389.000.000) 2026-05-08 22:30:56 Job terminated.
	(1) Normal termination (return value 139)
		Usr 1 03:37:30, Sys 0 00:19:26  -  Run Remote Usage
		Usr 0 00:00:00, Sys 0 00:00:00  -  Run Local Usage
		Usr 1 03:37:30, Sys 0 00:19:26  -  Total Remote Usage
		Usr 0 00:00:00, Sys 0 00:00:00  -  Total Local Usage
	0  -  Run Bytes Sent By Job
	0  -  Run Bytes Received By Job
	0  -  Total Bytes Sent By Job
	0  -  Total Bytes Received By Job
	Partitionable Resources :    Usage  Request Allocated 
	   Cpus                 :     0.99        1         1 
	   Disk (KB)            :     1           1     20734 
	   Memory (MB)          :   166        1024      1024 

	Job terminated of its own accord at 2026-05-08T20:30:56Z with exit-code 139.
...
