000 (407179.000.000) 2026-05-07 18:20:37 Job submitted from host: <192.168.250.101:9618?addrs=192.168.250.101-9618&alias=hercules.hcms.it&noUDP&sock=schedd_3404051_6d7b>
...
001 (407179.000.000) 2026-05-07 18:21:00 Job executing on host: <192.168.250.23:9618?addrs=192.168.250.23-9618&alias=pccms13.hcms.it&noUDP&sock=startd_4182521_18e8>
	SlotName: slot49_1@pccms13.hcms.it
	CondorScratchDir = "/var/lib/condor/execute/dir_538054"
	Cpus = 1
	Disk = 23466
	Memory = 1024
...
006 (407179.000.000) 2026-05-07 18:21:08 Image size of job updated: 39240
	39  -  MemoryUsage of job (MB)
	38980  -  ResidentSetSize of job (KB)
...
006 (407179.000.000) 2026-05-07 18:26:08 Image size of job updated: 324760
	39  -  MemoryUsage of job (MB)
	39844  -  ResidentSetSize of job (KB)
...
006 (407179.000.000) 2026-05-07 18:31:09 Image size of job updated: 324824
	39  -  MemoryUsage of job (MB)
	39844  -  ResidentSetSize of job (KB)
...
006 (407179.000.000) 2026-05-07 18:41:09 Image size of job updated: 325328
	39  -  MemoryUsage of job (MB)
	39844  -  ResidentSetSize of job (KB)
...
006 (407179.000.000) 2026-05-07 18:46:10 Image size of job updated: 326056
	40  -  MemoryUsage of job (MB)
	40320  -  ResidentSetSize of job (KB)
...
006 (407179.000.000) 2026-05-07 19:01:12 Image size of job updated: 330212
	40  -  MemoryUsage of job (MB)
	40320  -  ResidentSetSize of job (KB)
...
006 (407179.000.000) 2026-05-07 19:56:18 Image size of job updated: 330212
	41  -  MemoryUsage of job (MB)
	41680  -  ResidentSetSize of job (KB)
...
006 (407179.000.000) 2026-05-07 21:46:28 Image size of job updated: 330212
	41  -  MemoryUsage of job (MB)
	41972  -  ResidentSetSize of job (KB)
...
006 (407179.000.000) 2026-05-08 01:56:53 Image size of job updated: 330212
	42  -  MemoryUsage of job (MB)
	42084  -  ResidentSetSize of job (KB)
...
006 (407179.000.000) 2026-05-08 04:57:12 Image size of job updated: 330212
	43  -  MemoryUsage of job (MB)
	43892  -  ResidentSetSize of job (KB)
...
006 (407179.000.000) 2026-05-08 05:17:14 Image size of job updated: 330212
	322  -  MemoryUsage of job (MB)
	328756  -  ResidentSetSize of job (KB)
...
006 (407179.000.000) 2026-05-08 05:22:15 Image size of job updated: 330620
	322  -  MemoryUsage of job (MB)
	329012  -  ResidentSetSize of job (KB)
...
006 (407179.000.000) 2026-05-08 07:52:31 Image size of job updated: 333772
	322  -  MemoryUsage of job (MB)
	329012  -  ResidentSetSize of job (KB)
...
006 (407179.000.000) 2026-05-08 07:57:32 Image size of job updated: 334252
	322  -  MemoryUsage of job (MB)
	329012  -  ResidentSetSize of job (KB)
...
006 (407179.000.000) 2026-05-08 08:02:32 Image size of job updated: 336400
	322  -  MemoryUsage of job (MB)
	329012  -  ResidentSetSize of job (KB)
...
006 (407179.000.000) 2026-05-08 08:42:37 Image size of job updated: 337000
	322  -  MemoryUsage of job (MB)
	329012  -  ResidentSetSize of job (KB)
...
005 (407179.000.000) 2026-05-08 12:01:21 Job terminated.
	(1) Normal termination (return value 139)
		Usr 0 17:03:00, Sys 0 00:28:45  -  Run Remote Usage
		Usr 0 00:00:00, Sys 0 00:00:00  -  Run Local Usage
		Usr 0 17:03:00, Sys 0 00:28:45  -  Total Remote Usage
		Usr 0 00:00:00, Sys 0 00:00:00  -  Total Local Usage
	0  -  Run Bytes Sent By Job
	0  -  Run Bytes Received By Job
	0  -  Total Bytes Sent By Job
	0  -  Total Bytes Received By Job
	Partitionable Resources :    Usage  Request Allocated 
	   Cpus                 :     0.99        1         1 
	   Disk (KB)            :     1           1     23466 
	   Memory (MB)          :   322        1024      1024 

	Job terminated of its own accord at 2026-05-08T10:01:21Z with exit-code 139.
...
