000 (407453.000.000) 2026-05-07 18:20:44 Job submitted from host: <192.168.250.101:9618?addrs=192.168.250.101-9618&alias=hercules.hcms.it&noUDP&sock=schedd_3404051_6d7b>
...
001 (407453.000.000) 2026-05-07 18:21:01 Job executing on host: <192.168.250.103:9618?addrs=192.168.250.103-9618&alias=clipper.hcms.it&noUDP&sock=startd_3676022_e97e>
	SlotName: slot89_1@clipper.hcms.it
	CondorScratchDir = "/var/lib/condor/execute/dir_4192987"
	Cpus = 1
	Disk = 20734
	Memory = 1024
...
006 (407453.000.000) 2026-05-07 18:21:10 Image size of job updated: 54804
	52  -  MemoryUsage of job (MB)
	52716  -  ResidentSetSize of job (KB)
...
006 (407453.000.000) 2026-05-07 18:26:11 Image size of job updated: 54804
	52  -  MemoryUsage of job (MB)
	52852  -  ResidentSetSize of job (KB)
...
006 (407453.000.000) 2026-05-07 19:31:18 Image size of job updated: 354468
	52  -  MemoryUsage of job (MB)
	52852  -  ResidentSetSize of job (KB)
...
006 (407453.000.000) 2026-05-07 19:36:19 Image size of job updated: 357824
	52  -  MemoryUsage of job (MB)
	52852  -  ResidentSetSize of job (KB)
...
006 (407453.000.000) 2026-05-07 20:31:24 Image size of job updated: 359864
	52  -  MemoryUsage of job (MB)
	52852  -  ResidentSetSize of job (KB)
...
006 (407453.000.000) 2026-05-07 20:36:25 Image size of job updated: 359864
	54  -  MemoryUsage of job (MB)
	55004  -  ResidentSetSize of job (KB)
...
006 (407453.000.000) 2026-05-07 21:46:32 Image size of job updated: 359908
	54  -  MemoryUsage of job (MB)
	55004  -  ResidentSetSize of job (KB)
...
006 (407453.000.000) 2026-05-07 23:21:41 Image size of job updated: 359908
	55  -  MemoryUsage of job (MB)
	55348  -  ResidentSetSize of job (KB)
...
006 (407453.000.000) 2026-05-08 00:31:48 Image size of job updated: 359908
	57  -  MemoryUsage of job (MB)
	57384  -  ResidentSetSize of job (KB)
...
006 (407453.000.000) 2026-05-08 01:01:51 Image size of job updated: 360036
	57  -  MemoryUsage of job (MB)
	57384  -  ResidentSetSize of job (KB)
...
006 (407453.000.000) 2026-05-08 01:06:52 Image size of job updated: 360036
	57  -  MemoryUsage of job (MB)
	57600  -  ResidentSetSize of job (KB)
...
006 (407453.000.000) 2026-05-08 01:41:56 Image size of job updated: 366452
	58  -  MemoryUsage of job (MB)
	58880  -  ResidentSetSize of job (KB)
...
006 (407453.000.000) 2026-05-08 02:47:04 Image size of job updated: 366452
	58  -  MemoryUsage of job (MB)
	59344  -  ResidentSetSize of job (KB)
...
006 (407453.000.000) 2026-05-08 13:48:12 Image size of job updated: 366452
	59  -  MemoryUsage of job (MB)
	59620  -  ResidentSetSize of job (KB)
...
006 (407453.000.000) 2026-05-08 15:28:22 Image size of job updated: 366452
	345  -  MemoryUsage of job (MB)
	353040  -  ResidentSetSize of job (KB)
...
006 (407453.000.000) 2026-05-08 18:58:43 Image size of job updated: 366996
	345  -  MemoryUsage of job (MB)
	353040  -  ResidentSetSize of job (KB)
...
006 (407453.000.000) 2026-05-08 21:23:58 Image size of job updated: 367060
	345  -  MemoryUsage of job (MB)
	353040  -  ResidentSetSize of job (KB)
...
006 (407453.000.000) 2026-05-09 02:29:30 Image size of job updated: 367956
	345  -  MemoryUsage of job (MB)
	353040  -  ResidentSetSize of job (KB)
...
006 (407453.000.000) 2026-05-09 12:00:31 Image size of job updated: 368072
	345  -  MemoryUsage of job (MB)
	353040  -  ResidentSetSize of job (KB)
...
006 (407453.000.000) 2026-05-09 15:40:54 Image size of job updated: 368736
	345  -  MemoryUsage of job (MB)
	353040  -  ResidentSetSize of job (KB)
...
006 (407453.000.000) 2026-05-09 18:08:55 Image size of job updated: 370936
	345  -  MemoryUsage of job (MB)
	353040  -  ResidentSetSize of job (KB)
...
005 (407453.000.000) 2026-05-09 18:08:55 Job terminated.
	(1) Normal termination (return value 139)
		Usr 1 22:13:52, Sys 0 01:13:15  -  Run Remote Usage
		Usr 0 00:00:00, Sys 0 00:00:00  -  Run Local Usage
		Usr 1 22:13:52, Sys 0 01:13:15  -  Total Remote Usage
		Usr 0 00:00:00, Sys 0 00:00:00  -  Total Local Usage
	0  -  Run Bytes Sent By Job
	0  -  Run Bytes Received By Job
	0  -  Total Bytes Sent By Job
	0  -  Total Bytes Received By Job
	Partitionable Resources :    Usage  Request Allocated 
	   Cpus                 :     0.98        1         1 
	   Disk (KB)            :     1           1     20734 
	   Memory (MB)          :   345        1024      1024 

	Job terminated of its own accord at 2026-05-09T16:08:55Z with exit-code 139.
...
