000 (407402.000.000) 2026-05-07 18:20:42 Job submitted from host: <192.168.250.101:9618?addrs=192.168.250.101-9618&alias=hercules.hcms.it&noUDP&sock=schedd_3404051_6d7b>
...
001 (407402.000.000) 2026-05-07 18:21:02 Job executing on host: <192.168.250.103:9618?addrs=192.168.250.103-9618&alias=clipper.hcms.it&noUDP&sock=startd_3676022_e97e>
	SlotName: slot38_1@clipper.hcms.it
	CondorScratchDir = "/var/lib/condor/execute/dir_4192931"
	Cpus = 1
	Disk = 20734
	Memory = 1024
...
006 (407402.000.000) 2026-05-07 18:21:10 Image size of job updated: 57540
	55  -  MemoryUsage of job (MB)
	55512  -  ResidentSetSize of job (KB)
...
006 (407402.000.000) 2026-05-07 18:26:10 Image size of job updated: 57540
	55  -  MemoryUsage of job (MB)
	55752  -  ResidentSetSize of job (KB)
...
006 (407402.000.000) 2026-05-07 19:21:16 Image size of job updated: 356804
	55  -  MemoryUsage of job (MB)
	56028  -  ResidentSetSize of job (KB)
...
006 (407402.000.000) 2026-05-07 21:06:25 Image size of job updated: 358952
	55  -  MemoryUsage of job (MB)
	56028  -  ResidentSetSize of job (KB)
...
006 (407402.000.000) 2026-05-07 21:36:29 Image size of job updated: 358952
	56  -  MemoryUsage of job (MB)
	57344  -  ResidentSetSize of job (KB)
...
006 (407402.000.000) 2026-05-07 21:41:29 Image size of job updated: 358952
	57  -  MemoryUsage of job (MB)
	58112  -  ResidentSetSize of job (KB)
...
006 (407402.000.000) 2026-05-08 00:16:44 Image size of job updated: 358952
	57  -  MemoryUsage of job (MB)
	58280  -  ResidentSetSize of job (KB)
...
006 (407402.000.000) 2026-05-08 02:31:57 Image size of job updated: 359080
	57  -  MemoryUsage of job (MB)
	58280  -  ResidentSetSize of job (KB)
...
006 (407402.000.000) 2026-05-08 06:02:17 Image size of job updated: 359672
	57  -  MemoryUsage of job (MB)
	58280  -  ResidentSetSize of job (KB)
...
006 (407402.000.000) 2026-05-08 06:17:19 Image size of job updated: 359904
	57  -  MemoryUsage of job (MB)
	58280  -  ResidentSetSize of job (KB)
...
006 (407402.000.000) 2026-05-08 06:32:21 Image size of job updated: 359904
	57  -  MemoryUsage of job (MB)
	58320  -  ResidentSetSize of job (KB)
...
006 (407402.000.000) 2026-05-08 07:12:25 Image size of job updated: 361800
	57  -  MemoryUsage of job (MB)
	58320  -  ResidentSetSize of job (KB)
...
006 (407402.000.000) 2026-05-08 07:37:27 Image size of job updated: 361800
	59  -  MemoryUsage of job (MB)
	59864  -  ResidentSetSize of job (KB)
...
006 (407402.000.000) 2026-05-08 07:52:29 Image size of job updated: 367876
	59  -  MemoryUsage of job (MB)
	59864  -  ResidentSetSize of job (KB)
...
006 (407402.000.000) 2026-05-08 08:12:31 Image size of job updated: 367876
	64  -  MemoryUsage of job (MB)
	65132  -  ResidentSetSize of job (KB)
...
006 (407402.000.000) 2026-05-09 03:09:29 Image size of job updated: 367876
	166  -  MemoryUsage of job (MB)
	169676  -  ResidentSetSize of job (KB)
...
005 (407402.000.000) 2026-05-09 07:09:52 Job terminated.
	(1) Normal termination (return value 139)
		Usr 1 12:09:29, Sys 0 00:22:13  -  Run Remote Usage
		Usr 0 00:00:00, Sys 0 00:00:00  -  Run Local Usage
		Usr 1 12:09:29, Sys 0 00:22:13  -  Total Remote Usage
		Usr 0 00:00:00, Sys 0 00:00:00  -  Total Local Usage
	0  -  Run Bytes Sent By Job
	0  -  Run Bytes Received By Job
	0  -  Total Bytes Sent By Job
	0  -  Total Bytes Received By Job
	Partitionable Resources :    Usage  Request Allocated 
	   Cpus                 :     0.99        1         1 
	   Disk (KB)            :     1           1     20734 
	   Memory (MB)          :   166        1024      1024 

	Job terminated of its own accord at 2026-05-09T05:09:52Z with exit-code 139.
...
