000 (407335.000.000) 2026-05-07 18:20:41 Job submitted from host: <192.168.250.101:9618?addrs=192.168.250.101-9618&alias=hercules.hcms.it&noUDP&sock=schedd_3404051_6d7b>
...
001 (407335.000.000) 2026-05-07 18:21:02 Job executing on host: <192.168.250.102:9618?addrs=192.168.250.102-9618&alias=empire.hcms.it&noUDP&sock=startd_2716409_3615>
	SlotName: slot81_1@empire.hcms.it
	CondorScratchDir = "/var/lib/condor/execute/dir_3296257"
	Cpus = 1
	Disk = 22792
	Memory = 1024
...
006 (407335.000.000) 2026-05-07 18:21:10 Image size of job updated: 57596
	55  -  MemoryUsage of job (MB)
	55364  -  ResidentSetSize of job (KB)
...
006 (407335.000.000) 2026-05-07 18:36:11 Image size of job updated: 356896
	55  -  MemoryUsage of job (MB)
	55788  -  ResidentSetSize of job (KB)
...
006 (407335.000.000) 2026-05-07 19:16:15 Image size of job updated: 361548
	55  -  MemoryUsage of job (MB)
	55788  -  ResidentSetSize of job (KB)
...
006 (407335.000.000) 2026-05-07 20:16:20 Image size of job updated: 363748
	55  -  MemoryUsage of job (MB)
	55788  -  ResidentSetSize of job (KB)
...
006 (407335.000.000) 2026-05-07 22:26:33 Image size of job updated: 363748
	56  -  MemoryUsage of job (MB)
	56368  -  ResidentSetSize of job (KB)
...
006 (407335.000.000) 2026-05-07 23:01:37 Image size of job updated: 363748
	218  -  MemoryUsage of job (MB)
	223160  -  ResidentSetSize of job (KB)
...
006 (407335.000.000) 2026-05-07 23:06:38 Image size of job updated: 363748
	219  -  MemoryUsage of job (MB)
	223416  -  ResidentSetSize of job (KB)
...
006 (407335.000.000) 2026-05-08 01:01:51 Image size of job updated: 537412
	229  -  MemoryUsage of job (MB)
	233708  -  ResidentSetSize of job (KB)
...
006 (407335.000.000) 2026-05-08 01:26:52 Image size of job updated: 539464
	229  -  MemoryUsage of job (MB)
	233708  -  ResidentSetSize of job (KB)
...
006 (407335.000.000) 2026-05-08 04:32:12 Image size of job updated: 539464
	229  -  MemoryUsage of job (MB)
	234424  -  ResidentSetSize of job (KB)
...
006 (407335.000.000) 2026-05-08 05:37:18 Image size of job updated: 539464
	290  -  MemoryUsage of job (MB)
	296500  -  ResidentSetSize of job (KB)
...
005 (407335.000.000) 2026-05-09 04:58:40 Job terminated.
	(1) Normal termination (return value 139)
		Usr 1 09:03:20, Sys 0 01:17:10  -  Run Remote Usage
		Usr 0 00:00:00, Sys 0 00:00:00  -  Run Local Usage
		Usr 1 09:03:20, Sys 0 01:17:10  -  Total Remote Usage
		Usr 0 00:00:00, Sys 0 00:00:00  -  Total Local Usage
	0  -  Run Bytes Sent By Job
	0  -  Run Bytes Received By Job
	0  -  Total Bytes Sent By Job
	0  -  Total Bytes Received By Job
	Partitionable Resources :    Usage  Request Allocated 
	   Cpus                 :     0.99        1         1 
	   Disk (KB)            :     1           1     22792 
	   Memory (MB)          :   290        1024      1024 

	Job terminated of its own accord at 2026-05-09T02:58:40Z with exit-code 139.
...
