000 (407116.000.000) 2026-05-07 18:20:36 Job submitted from host: <192.168.250.101:9618?addrs=192.168.250.101-9618&alias=hercules.hcms.it&noUDP&sock=schedd_3404051_6d7b>
...
001 (407116.000.000) 2026-05-07 18:20:56 Job executing on host: <192.168.250.21:9618?addrs=192.168.250.21-9618&alias=pccms11.hcms.it&noUDP&sock=startd_3845377_5b11>
	SlotName: slot18_1@pccms11.hcms.it
	CondorScratchDir = "/var/lib/condor/execute/dir_1464790"
	Cpus = 1
	Disk = 7762
	Memory = 1024
...
006 (407116.000.000) 2026-05-07 18:21:05 Image size of job updated: 54600
	52  -  MemoryUsage of job (MB)
	52700  -  ResidentSetSize of job (KB)
...
006 (407116.000.000) 2026-05-07 18:41:08 Image size of job updated: 346536
	52  -  MemoryUsage of job (MB)
	52700  -  ResidentSetSize of job (KB)
...
006 (407116.000.000) 2026-05-07 18:46:08 Image size of job updated: 346556
	52  -  MemoryUsage of job (MB)
	52700  -  ResidentSetSize of job (KB)
...
006 (407116.000.000) 2026-05-07 19:31:13 Image size of job updated: 348948
	52  -  MemoryUsage of job (MB)
	52700  -  ResidentSetSize of job (KB)
...
006 (407116.000.000) 2026-05-07 19:46:14 Image size of job updated: 349812
	138  -  MemoryUsage of job (MB)
	140800  -  ResidentSetSize of job (KB)
...
006 (407116.000.000) 2026-05-07 19:51:15 Image size of job updated: 350716
	138  -  MemoryUsage of job (MB)
	140832  -  ResidentSetSize of job (KB)
...
006 (407116.000.000) 2026-05-07 22:51:34 Image size of job updated: 350968
	138  -  MemoryUsage of job (MB)
	140832  -  ResidentSetSize of job (KB)
...
006 (407116.000.000) 2026-05-07 23:31:38 Image size of job updated: 351800
	138  -  MemoryUsage of job (MB)
	140832  -  ResidentSetSize of job (KB)
...
006 (407116.000.000) 2026-05-11 20:36:00 Image size of job updated: 364428
	138  -  MemoryUsage of job (MB)
	140832  -  ResidentSetSize of job (KB)
...
006 (407116.000.000) 2026-05-11 21:51:08 Image size of job updated: 364492
	138  -  MemoryUsage of job (MB)
	140832  -  ResidentSetSize of job (KB)
...
006 (407116.000.000) 2026-05-11 22:41:13 Image size of job updated: 365264
	138  -  MemoryUsage of job (MB)
	140832  -  ResidentSetSize of job (KB)
...
006 (407116.000.000) 2026-05-13 11:54:54 Image size of job updated: 390832
	138  -  MemoryUsage of job (MB)
	140832  -  ResidentSetSize of job (KB)
...
006 (407116.000.000) 2026-05-13 11:58:18 Image size of job updated: 392948
	138  -  MemoryUsage of job (MB)
	140832  -  ResidentSetSize of job (KB)
...
005 (407116.000.000) 2026-05-13 11:58:18 Job terminated.
	(1) Normal termination (return value 139)
		Usr 5 16:12:55, Sys 0 00:54:15  -  Run Remote Usage
		Usr 0 00:00:00, Sys 0 00:00:00  -  Run Local Usage
		Usr 5 16:12:55, Sys 0 00:54:15  -  Total Remote Usage
		Usr 0 00:00:00, Sys 0 00:00:00  -  Total Local Usage
	0  -  Run Bytes Sent By Job
	0  -  Run Bytes Received By Job
	0  -  Total Bytes Sent By Job
	0  -  Total Bytes Received By Job
	Partitionable Resources :    Usage  Request Allocated 
	   Cpus                 :     1.00        1         1 
	   Disk (KB)            :     1           1      7762 
	   Memory (MB)          :   138        1024      1024 

	Job terminated of its own accord at 2026-05-13T09:58:18Z with exit-code 139.
...
