000 (407336.000.000) 2026-05-07 18:20:41 Job submitted from host: <192.168.250.101:9618?addrs=192.168.250.101-9618&alias=hercules.hcms.it&noUDP&sock=schedd_3404051_6d7b>
...
001 (407336.000.000) 2026-05-07 18:21:02 Job executing on host: <192.168.250.102:9618?addrs=192.168.250.102-9618&alias=empire.hcms.it&noUDP&sock=startd_2716409_3615>
	SlotName: slot82_1@empire.hcms.it
	CondorScratchDir = "/var/lib/condor/execute/dir_3296258"
	Cpus = 1
	Disk = 22792
	Memory = 1024
...
006 (407336.000.000) 2026-05-07 18:21:10 Image size of job updated: 57632
	47  -  MemoryUsage of job (MB)
	47568  -  ResidentSetSize of job (KB)
...
006 (407336.000.000) 2026-05-07 18:26:10 Image size of job updated: 57632
	47  -  MemoryUsage of job (MB)
	47588  -  ResidentSetSize of job (KB)
...
006 (407336.000.000) 2026-05-07 18:31:11 Image size of job updated: 57632
	48  -  MemoryUsage of job (MB)
	48808  -  ResidentSetSize of job (KB)
...
006 (407336.000.000) 2026-05-07 18:36:12 Image size of job updated: 358292
	58  -  MemoryUsage of job (MB)
	59124  -  ResidentSetSize of job (KB)
...
006 (407336.000.000) 2026-05-07 20:06:19 Image size of job updated: 364892
	58  -  MemoryUsage of job (MB)
	59124  -  ResidentSetSize of job (KB)
...
006 (407336.000.000) 2026-05-08 05:02:15 Image size of job updated: 364892
	60  -  MemoryUsage of job (MB)
	60536  -  ResidentSetSize of job (KB)
...
006 (407336.000.000) 2026-05-08 11:17:55 Image size of job updated: 366144
	60  -  MemoryUsage of job (MB)
	60536  -  ResidentSetSize of job (KB)
...
006 (407336.000.000) 2026-05-08 12:43:03 Image size of job updated: 366144
	144  -  MemoryUsage of job (MB)
	146892  -  ResidentSetSize of job (KB)
...
006 (407336.000.000) 2026-05-08 12:48:03 Image size of job updated: 366144
	144  -  MemoryUsage of job (MB)
	147144  -  ResidentSetSize of job (KB)
...
006 (407336.000.000) 2026-05-08 17:18:32 Image size of job updated: 366732
	144  -  MemoryUsage of job (MB)
	147144  -  ResidentSetSize of job (KB)
...
006 (407336.000.000) 2026-05-08 22:04:00 Image size of job updated: 369860
	144  -  MemoryUsage of job (MB)
	147144  -  ResidentSetSize of job (KB)
...
005 (407336.000.000) 2026-05-09 06:55:56 Job terminated.
	(1) Normal termination (return value 139)
		Usr 1 10:59:08, Sys 0 01:17:38  -  Run Remote Usage
		Usr 0 00:00:00, Sys 0 00:00:00  -  Run Local Usage
		Usr 1 10:59:08, Sys 0 01:17:38  -  Total Remote Usage
		Usr 0 00:00:00, Sys 0 00:00:00  -  Total Local Usage
	0  -  Run Bytes Sent By Job
	0  -  Run Bytes Received By Job
	0  -  Total Bytes Sent By Job
	0  -  Total Bytes Received By Job
	Partitionable Resources :    Usage  Request Allocated 
	   Cpus                 :     0.99        1         1 
	   Disk (KB)            :     1           1     22792 
	   Memory (MB)          :   144        1024      1024 

	Job terminated of its own accord at 2026-05-09T04:55:56Z with exit-code 139.
...
