000 (407362.000.000) 2026-05-07 18:20:41 Job submitted from host: <192.168.250.101:9618?addrs=192.168.250.101-9618&alias=hercules.hcms.it&noUDP&sock=schedd_3404051_6d7b>
...
001 (407362.000.000) 2026-05-07 18:21:02 Job executing on host: <192.168.250.102:9618?addrs=192.168.250.102-9618&alias=empire.hcms.it&noUDP&sock=startd_2716409_3615>
	SlotName: slot108_1@empire.hcms.it
	CondorScratchDir = "/var/lib/condor/execute/dir_3296447"
	Cpus = 1
	Disk = 22792
	Memory = 1024
...
006 (407362.000.000) 2026-05-07 18:21:10 Image size of job updated: 54684
	52  -  MemoryUsage of job (MB)
	52748  -  ResidentSetSize of job (KB)
...
006 (407362.000.000) 2026-05-07 19:06:15 Image size of job updated: 357236
	52  -  MemoryUsage of job (MB)
	52748  -  ResidentSetSize of job (KB)
...
006 (407362.000.000) 2026-05-07 20:21:23 Image size of job updated: 362656
	52  -  MemoryUsage of job (MB)
	52748  -  ResidentSetSize of job (KB)
...
006 (407362.000.000) 2026-05-07 20:31:24 Image size of job updated: 362656
	52  -  MemoryUsage of job (MB)
	52872  -  ResidentSetSize of job (KB)
...
006 (407362.000.000) 2026-05-07 22:31:36 Image size of job updated: 362656
	56  -  MemoryUsage of job (MB)
	56796  -  ResidentSetSize of job (KB)
...
006 (407362.000.000) 2026-05-07 22:36:36 Image size of job updated: 366044
	56  -  MemoryUsage of job (MB)
	56796  -  ResidentSetSize of job (KB)
...
006 (407362.000.000) 2026-05-08 08:17:36 Image size of job updated: 366044
	107  -  MemoryUsage of job (MB)
	109276  -  ResidentSetSize of job (KB)
...
006 (407362.000.000) 2026-05-08 08:22:37 Image size of job updated: 366044
	107  -  MemoryUsage of job (MB)
	109532  -  ResidentSetSize of job (KB)
...
006 (407362.000.000) 2026-05-08 10:07:48 Image size of job updated: 366044
	258  -  MemoryUsage of job (MB)
	264064  -  ResidentSetSize of job (KB)
...
006 (407362.000.000) 2026-05-08 13:13:06 Image size of job updated: 366204
	258  -  MemoryUsage of job (MB)
	264064  -  ResidentSetSize of job (KB)
...
006 (407362.000.000) 2026-05-08 14:03:11 Image size of job updated: 367508
	258  -  MemoryUsage of job (MB)
	264064  -  ResidentSetSize of job (KB)
...
006 (407362.000.000) 2026-05-08 14:38:15 Image size of job updated: 369728
	258  -  MemoryUsage of job (MB)
	264064  -  ResidentSetSize of job (KB)
...
005 (407362.000.000) 2026-05-09 05:04:10 Job terminated.
	(1) Normal termination (return value 139)
		Usr 1 09:09:31, Sys 0 01:16:29  -  Run Remote Usage
		Usr 0 00:00:00, Sys 0 00:00:00  -  Run Local Usage
		Usr 1 09:09:31, Sys 0 01:16:29  -  Total Remote Usage
		Usr 0 00:00:00, Sys 0 00:00:00  -  Total Local Usage
	0  -  Run Bytes Sent By Job
	0  -  Run Bytes Received By Job
	0  -  Total Bytes Sent By Job
	0  -  Total Bytes Received By Job
	Partitionable Resources :    Usage  Request Allocated 
	   Cpus                 :     0.99        1         1 
	   Disk (KB)            :     1           1     22792 
	   Memory (MB)          :   258        1024      1024 

	Job terminated of its own accord at 2026-05-09T03:04:10Z with exit-code 139.
...
