000 (407258.000.000) 2026-05-07 18:20:39 Job submitted from host: <192.168.250.101:9618?addrs=192.168.250.101-9618&alias=hercules.hcms.it&noUDP&sock=schedd_3404051_6d7b>
...
001 (407258.000.000) 2026-05-07 18:21:01 Job executing on host: <192.168.250.102:9618?addrs=192.168.250.102-9618&alias=empire.hcms.it&noUDP&sock=startd_2716409_3615>
	SlotName: slot4_1@empire.hcms.it
	CondorScratchDir = "/var/lib/condor/execute/dir_3296166"
	Cpus = 1
	Disk = 22792
	Memory = 1024
...
006 (407258.000.000) 2026-05-07 18:21:10 Image size of job updated: 54796
	52  -  MemoryUsage of job (MB)
	52636  -  ResidentSetSize of job (KB)
...
006 (407258.000.000) 2026-05-07 18:46:13 Image size of job updated: 357012
	52  -  MemoryUsage of job (MB)
	52636  -  ResidentSetSize of job (KB)
...
006 (407258.000.000) 2026-05-07 18:56:14 Image size of job updated: 359256
	52  -  MemoryUsage of job (MB)
	52636  -  ResidentSetSize of job (KB)
...
006 (407258.000.000) 2026-05-07 19:56:20 Image size of job updated: 359256
	52  -  MemoryUsage of job (MB)
	53056  -  ResidentSetSize of job (KB)
...
006 (407258.000.000) 2026-05-07 20:11:22 Image size of job updated: 359536
	52  -  MemoryUsage of job (MB)
	53056  -  ResidentSetSize of job (KB)
...
006 (407258.000.000) 2026-05-07 21:06:27 Image size of job updated: 363080
	52  -  MemoryUsage of job (MB)
	53056  -  ResidentSetSize of job (KB)
...
006 (407258.000.000) 2026-05-07 21:16:28 Image size of job updated: 363080
	53  -  MemoryUsage of job (MB)
	53676  -  ResidentSetSize of job (KB)
...
006 (407258.000.000) 2026-05-08 01:31:55 Image size of job updated: 363080
	162  -  MemoryUsage of job (MB)
	165324  -  ResidentSetSize of job (KB)
...
006 (407258.000.000) 2026-05-08 04:22:14 Image size of job updated: 363080
	307  -  MemoryUsage of job (MB)
	313964  -  ResidentSetSize of job (KB)
...
006 (407258.000.000) 2026-05-08 07:27:33 Image size of job updated: 363080
	334  -  MemoryUsage of job (MB)
	341832  -  ResidentSetSize of job (KB)
...
006 (407258.000.000) 2026-05-08 07:32:33 Image size of job updated: 363080
	335  -  MemoryUsage of job (MB)
	342088  -  ResidentSetSize of job (KB)
...
006 (407258.000.000) 2026-05-08 14:08:13 Image size of job updated: 363476
	335  -  MemoryUsage of job (MB)
	342088  -  ResidentSetSize of job (KB)
...
006 (407258.000.000) 2026-05-08 17:08:32 Image size of job updated: 365380
	335  -  MemoryUsage of job (MB)
	342088  -  ResidentSetSize of job (KB)
...
006 (407258.000.000) 2026-05-08 18:53:43 Image size of job updated: 366244
	335  -  MemoryUsage of job (MB)
	342088  -  ResidentSetSize of job (KB)
...
006 (407258.000.000) 2026-05-08 20:58:56 Image size of job updated: 366472
	335  -  MemoryUsage of job (MB)
	342088  -  ResidentSetSize of job (KB)
...
005 (407258.000.000) 2026-05-08 20:59:55 Job terminated.
	(1) Normal termination (return value 139)
		Usr 1 01:13:09, Sys 0 01:12:54  -  Run Remote Usage
		Usr 0 00:00:00, Sys 0 00:00:00  -  Run Local Usage
		Usr 1 01:13:09, Sys 0 01:12:54  -  Total Remote Usage
		Usr 0 00:00:00, Sys 0 00:00:00  -  Total Local Usage
	0  -  Run Bytes Sent By Job
	0  -  Run Bytes Received By Job
	0  -  Total Bytes Sent By Job
	0  -  Total Bytes Received By Job
	Partitionable Resources :    Usage  Request Allocated 
	   Cpus                 :     0.99        1         1 
	   Disk (KB)            :     1           1     22792 
	   Memory (MB)          :   335        1024      1024 

	Job terminated of its own accord at 2026-05-08T18:59:55Z with exit-code 139.
...
