000 (407393.000.000) 2026-05-07 18:20:42 Job submitted from host: <192.168.250.101:9618?addrs=192.168.250.101-9618&alias=hercules.hcms.it&noUDP&sock=schedd_3404051_6d7b>
...
001 (407393.000.000) 2026-05-07 18:21:01 Job executing on host: <192.168.250.103:9618?addrs=192.168.250.103-9618&alias=clipper.hcms.it&noUDP&sock=startd_3676022_e97e>
	SlotName: slot29_1@clipper.hcms.it
	CondorScratchDir = "/var/lib/condor/execute/dir_4192922"
	Cpus = 1
	Disk = 20734
	Memory = 1024
...
006 (407393.000.000) 2026-05-07 18:21:10 Image size of job updated: 54828
	52  -  MemoryUsage of job (MB)
	52588  -  ResidentSetSize of job (KB)
...
006 (407393.000.000) 2026-05-07 18:31:11 Image size of job updated: 357024
	52  -  MemoryUsage of job (MB)
	52588  -  ResidentSetSize of job (KB)
...
006 (407393.000.000) 2026-05-07 19:01:14 Image size of job updated: 357024
	52  -  MemoryUsage of job (MB)
	52912  -  ResidentSetSize of job (KB)
...
006 (407393.000.000) 2026-05-07 20:06:21 Image size of job updated: 357024
	141  -  MemoryUsage of job (MB)
	144104  -  ResidentSetSize of job (KB)
...
006 (407393.000.000) 2026-05-07 20:11:21 Image size of job updated: 357072
	141  -  MemoryUsage of job (MB)
	144104  -  ResidentSetSize of job (KB)
...
006 (407393.000.000) 2026-05-07 20:26:23 Image size of job updated: 357760
	141  -  MemoryUsage of job (MB)
	144104  -  ResidentSetSize of job (KB)
...
006 (407393.000.000) 2026-05-07 21:01:26 Image size of job updated: 357788
	141  -  MemoryUsage of job (MB)
	144104  -  ResidentSetSize of job (KB)
...
006 (407393.000.000) 2026-05-07 23:16:40 Image size of job updated: 358140
	141  -  MemoryUsage of job (MB)
	144104  -  ResidentSetSize of job (KB)
...
006 (407393.000.000) 2026-05-08 02:01:56 Image size of job updated: 358976
	141  -  MemoryUsage of job (MB)
	144104  -  ResidentSetSize of job (KB)
...
006 (407393.000.000) 2026-05-08 02:06:57 Image size of job updated: 359076
	141  -  MemoryUsage of job (MB)
	144104  -  ResidentSetSize of job (KB)
...
006 (407393.000.000) 2026-05-08 03:17:05 Image size of job updated: 363576
	141  -  MemoryUsage of job (MB)
	144104  -  ResidentSetSize of job (KB)
...
006 (407393.000.000) 2026-05-08 04:57:15 Image size of job updated: 363780
	141  -  MemoryUsage of job (MB)
	144104  -  ResidentSetSize of job (KB)
...
006 (407393.000.000) 2026-05-08 06:42:25 Image size of job updated: 364968
	141  -  MemoryUsage of job (MB)
	144104  -  ResidentSetSize of job (KB)
...
006 (407393.000.000) 2026-05-08 08:42:39 Image size of job updated: 365888
	141  -  MemoryUsage of job (MB)
	144104  -  ResidentSetSize of job (KB)
...
006 (407393.000.000) 2026-05-08 14:08:13 Image size of job updated: 366376
	141  -  MemoryUsage of job (MB)
	144104  -  ResidentSetSize of job (KB)
...
006 (407393.000.000) 2026-05-09 03:04:33 Image size of job updated: 366376
	262  -  MemoryUsage of job (MB)
	267460  -  ResidentSetSize of job (KB)
...
005 (407393.000.000) 2026-05-09 06:52:22 Job terminated.
	(1) Normal termination (return value 139)
		Usr 1 11:01:26, Sys 0 01:13:18  -  Run Remote Usage
		Usr 0 00:00:00, Sys 0 00:00:00  -  Run Local Usage
		Usr 1 11:01:26, Sys 0 01:13:18  -  Total Remote Usage
		Usr 0 00:00:00, Sys 0 00:00:00  -  Total Local Usage
	0  -  Run Bytes Sent By Job
	0  -  Run Bytes Received By Job
	0  -  Total Bytes Sent By Job
	0  -  Total Bytes Received By Job
	Partitionable Resources :    Usage  Request Allocated 
	   Cpus                 :     0.99        1         1 
	   Disk (KB)            :     1           1     20734 
	   Memory (MB)          :   262        1024      1024 

	Job terminated of its own accord at 2026-05-09T04:52:22Z with exit-code 139.
...
