000 (407403.000.000) 2026-05-07 18:20:42 Job submitted from host: <192.168.250.101:9618?addrs=192.168.250.101-9618&alias=hercules.hcms.it&noUDP&sock=schedd_3404051_6d7b>
...
001 (407403.000.000) 2026-05-07 18:21:01 Job executing on host: <192.168.250.103:9618?addrs=192.168.250.103-9618&alias=clipper.hcms.it&noUDP&sock=startd_3676022_e97e>
	SlotName: slot39_1@clipper.hcms.it
	CondorScratchDir = "/var/lib/condor/execute/dir_4192934"
	Cpus = 1
	Disk = 20734
	Memory = 1024
...
006 (407403.000.000) 2026-05-07 18:21:10 Image size of job updated: 57384
	55  -  MemoryUsage of job (MB)
	55448  -  ResidentSetSize of job (KB)
...
006 (407403.000.000) 2026-05-07 19:21:18 Image size of job updated: 355508
	55  -  MemoryUsage of job (MB)
	55448  -  ResidentSetSize of job (KB)
...
006 (407403.000.000) 2026-05-07 19:41:20 Image size of job updated: 355836
	55  -  MemoryUsage of job (MB)
	55448  -  ResidentSetSize of job (KB)
...
006 (407403.000.000) 2026-05-07 19:56:22 Image size of job updated: 355836
	56  -  MemoryUsage of job (MB)
	56408  -  ResidentSetSize of job (KB)
...
006 (407403.000.000) 2026-05-07 20:36:26 Image size of job updated: 357436
	56  -  MemoryUsage of job (MB)
	56408  -  ResidentSetSize of job (KB)
...
006 (407403.000.000) 2026-05-07 21:06:28 Image size of job updated: 357988
	56  -  MemoryUsage of job (MB)
	56408  -  ResidentSetSize of job (KB)
...
006 (407403.000.000) 2026-05-07 23:31:43 Image size of job updated: 358416
	56  -  MemoryUsage of job (MB)
	56408  -  ResidentSetSize of job (KB)
...
006 (407403.000.000) 2026-05-07 23:36:43 Image size of job updated: 358416
	57  -  MemoryUsage of job (MB)
	57512  -  ResidentSetSize of job (KB)
...
006 (407403.000.000) 2026-05-08 00:16:48 Image size of job updated: 358416
	57  -  MemoryUsage of job (MB)
	57848  -  ResidentSetSize of job (KB)
...
006 (407403.000.000) 2026-05-08 00:46:51 Image size of job updated: 361564
	57  -  MemoryUsage of job (MB)
	57848  -  ResidentSetSize of job (KB)
...
006 (407403.000.000) 2026-05-08 04:27:16 Image size of job updated: 361564
	57  -  MemoryUsage of job (MB)
	58252  -  ResidentSetSize of job (KB)
...
006 (407403.000.000) 2026-05-08 13:08:09 Image size of job updated: 361564
	207  -  MemoryUsage of job (MB)
	211124  -  ResidentSetSize of job (KB)
...
006 (407403.000.000) 2026-05-08 15:33:23 Image size of job updated: 362124
	207  -  MemoryUsage of job (MB)
	211124  -  ResidentSetSize of job (KB)
...
006 (407403.000.000) 2026-05-08 19:43:49 Image size of job updated: 362280
	207  -  MemoryUsage of job (MB)
	211124  -  ResidentSetSize of job (KB)
...
006 (407403.000.000) 2026-05-08 22:24:05 Image size of job updated: 367216
	207  -  MemoryUsage of job (MB)
	211124  -  ResidentSetSize of job (KB)
...
005 (407403.000.000) 2026-05-09 06:20:11 Job terminated.
	(1) Normal termination (return value 139)
		Usr 1 11:20:21, Sys 0 00:22:00  -  Run Remote Usage
		Usr 0 00:00:00, Sys 0 00:00:00  -  Run Local Usage
		Usr 1 11:20:21, Sys 0 00:22:00  -  Total Remote Usage
		Usr 0 00:00:00, Sys 0 00:00:00  -  Total Local Usage
	0  -  Run Bytes Sent By Job
	0  -  Run Bytes Received By Job
	0  -  Total Bytes Sent By Job
	0  -  Total Bytes Received By Job
	Partitionable Resources :    Usage  Request Allocated 
	   Cpus                 :     0.99        1         1 
	   Disk (KB)            :     1           1     20734 
	   Memory (MB)          :   207        1024      1024 

	Job terminated of its own accord at 2026-05-09T04:20:11Z with exit-code 139.
...
