000 (407438.000.000) 2026-05-07 18:20:43 Job submitted from host: <192.168.250.101:9618?addrs=192.168.250.101-9618&alias=hercules.hcms.it&noUDP&sock=schedd_3404051_6d7b>
...
001 (407438.000.000) 2026-05-07 18:21:02 Job executing on host: <192.168.250.103:9618?addrs=192.168.250.103-9618&alias=clipper.hcms.it&noUDP&sock=startd_3676022_e97e>
	SlotName: slot74_1@clipper.hcms.it
	CondorScratchDir = "/var/lib/condor/execute/dir_4192970"
	Cpus = 1
	Disk = 20734
	Memory = 1024
...
006 (407438.000.000) 2026-05-07 18:21:10 Image size of job updated: 54804
	47  -  MemoryUsage of job (MB)
	47848  -  ResidentSetSize of job (KB)
...
006 (407438.000.000) 2026-05-07 18:31:11 Image size of job updated: 54804
	48  -  MemoryUsage of job (MB)
	49104  -  ResidentSetSize of job (KB)
...
006 (407438.000.000) 2026-05-07 18:36:12 Image size of job updated: 359388
	49  -  MemoryUsage of job (MB)
	49812  -  ResidentSetSize of job (KB)
...
006 (407438.000.000) 2026-05-07 18:41:12 Image size of job updated: 359388
	52  -  MemoryUsage of job (MB)
	53036  -  ResidentSetSize of job (KB)
...
006 (407438.000.000) 2026-05-07 20:31:24 Image size of job updated: 359388
	52  -  MemoryUsage of job (MB)
	53208  -  ResidentSetSize of job (KB)
...
006 (407438.000.000) 2026-05-07 21:36:30 Image size of job updated: 359388
	55  -  MemoryUsage of job (MB)
	55316  -  ResidentSetSize of job (KB)
...
006 (407438.000.000) 2026-05-07 21:46:30 Image size of job updated: 359388
	55  -  MemoryUsage of job (MB)
	55320  -  ResidentSetSize of job (KB)
...
006 (407438.000.000) 2026-05-07 21:51:31 Image size of job updated: 359388
	55  -  MemoryUsage of job (MB)
	55392  -  ResidentSetSize of job (KB)
...
006 (407438.000.000) 2026-05-07 22:51:37 Image size of job updated: 359388
	55  -  MemoryUsage of job (MB)
	55568  -  ResidentSetSize of job (KB)
...
006 (407438.000.000) 2026-05-07 23:31:41 Image size of job updated: 362416
	55  -  MemoryUsage of job (MB)
	55568  -  ResidentSetSize of job (KB)
...
006 (407438.000.000) 2026-05-08 02:11:59 Image size of job updated: 362416
	58  -  MemoryUsage of job (MB)
	58804  -  ResidentSetSize of job (KB)
...
006 (407438.000.000) 2026-05-08 06:52:28 Image size of job updated: 362528
	58  -  MemoryUsage of job (MB)
	58804  -  ResidentSetSize of job (KB)
...
006 (407438.000.000) 2026-05-08 14:13:15 Image size of job updated: 364836
	58  -  MemoryUsage of job (MB)
	58804  -  ResidentSetSize of job (KB)
...
006 (407438.000.000) 2026-05-08 18:58:44 Image size of job updated: 366748
	58  -  MemoryUsage of job (MB)
	58804  -  ResidentSetSize of job (KB)
...
006 (407438.000.000) 2026-05-08 19:13:46 Image size of job updated: 366748
	146  -  MemoryUsage of job (MB)
	148640  -  ResidentSetSize of job (KB)
...
006 (407438.000.000) 2026-05-08 20:43:55 Image size of job updated: 366748
	332  -  MemoryUsage of job (MB)
	338972  -  ResidentSetSize of job (KB)
...
006 (407438.000.000) 2026-05-09 14:20:43 Image size of job updated: 368088
	332  -  MemoryUsage of job (MB)
	338972  -  ResidentSetSize of job (KB)
...
006 (407438.000.000) 2026-05-09 17:16:01 Image size of job updated: 368304
	332  -  MemoryUsage of job (MB)
	338972  -  ResidentSetSize of job (KB)
...
006 (407438.000.000) 2026-05-09 17:41:04 Image size of job updated: 368448
	332  -  MemoryUsage of job (MB)
	338972  -  ResidentSetSize of job (KB)
...
005 (407438.000.000) 2026-05-09 18:06:12 Job terminated.
	(1) Normal termination (return value 139)
		Usr 1 22:12:38, Sys 0 01:11:50  -  Run Remote Usage
		Usr 0 00:00:00, Sys 0 00:00:00  -  Run Local Usage
		Usr 1 22:12:38, Sys 0 01:11:50  -  Total Remote Usage
		Usr 0 00:00:00, Sys 0 00:00:00  -  Total Local Usage
	0  -  Run Bytes Sent By Job
	0  -  Run Bytes Received By Job
	0  -  Total Bytes Sent By Job
	0  -  Total Bytes Received By Job
	Partitionable Resources :    Usage  Request Allocated 
	   Cpus                 :     0.98        1         1 
	   Disk (KB)            :     1           1     20734 
	   Memory (MB)          :   332        1024      1024 

	Job terminated of its own accord at 2026-05-09T16:06:12Z with exit-code 139.
...
