000 (407317.000.000) 2026-05-07 18:20:40 Job submitted from host: <192.168.250.101:9618?addrs=192.168.250.101-9618&alias=hercules.hcms.it&noUDP&sock=schedd_3404051_6d7b>
...
001 (407317.000.000) 2026-05-07 18:21:01 Job executing on host: <192.168.250.102:9618?addrs=192.168.250.102-9618&alias=empire.hcms.it&noUDP&sock=startd_2716409_3615>
	SlotName: slot63_1@empire.hcms.it
	CondorScratchDir = "/var/lib/condor/execute/dir_3296224"
	Cpus = 1
	Disk = 22792
	Memory = 1024
...
006 (407317.000.000) 2026-05-07 18:21:10 Image size of job updated: 54836
	52  -  MemoryUsage of job (MB)
	52664  -  ResidentSetSize of job (KB)
...
006 (407317.000.000) 2026-05-07 19:36:19 Image size of job updated: 359904
	53  -  MemoryUsage of job (MB)
	53624  -  ResidentSetSize of job (KB)
...
006 (407317.000.000) 2026-05-07 19:51:20 Image size of job updated: 359904
	53  -  MemoryUsage of job (MB)
	53664  -  ResidentSetSize of job (KB)
...
006 (407317.000.000) 2026-05-07 20:36:24 Image size of job updated: 359904
	53  -  MemoryUsage of job (MB)
	53688  -  ResidentSetSize of job (KB)
...
006 (407317.000.000) 2026-05-07 21:46:31 Image size of job updated: 360664
	53  -  MemoryUsage of job (MB)
	53688  -  ResidentSetSize of job (KB)
...
006 (407317.000.000) 2026-05-07 21:56:31 Image size of job updated: 366004
	53  -  MemoryUsage of job (MB)
	53688  -  ResidentSetSize of job (KB)
...
006 (407317.000.000) 2026-05-07 23:01:38 Image size of job updated: 366004
	53  -  MemoryUsage of job (MB)
	53864  -  ResidentSetSize of job (KB)
...
006 (407317.000.000) 2026-05-07 23:41:42 Image size of job updated: 366004
	54  -  MemoryUsage of job (MB)
	54292  -  ResidentSetSize of job (KB)
...
006 (407317.000.000) 2026-05-08 01:46:54 Image size of job updated: 366004
	54  -  MemoryUsage of job (MB)
	54640  -  ResidentSetSize of job (KB)
...
006 (407317.000.000) 2026-05-08 03:57:08 Image size of job updated: 366004
	54  -  MemoryUsage of job (MB)
	55040  -  ResidentSetSize of job (KB)
...
006 (407317.000.000) 2026-05-08 10:32:48 Image size of job updated: 366004
	56  -  MemoryUsage of job (MB)
	56768  -  ResidentSetSize of job (KB)
...
006 (407317.000.000) 2026-05-08 13:18:06 Image size of job updated: 367580
	56  -  MemoryUsage of job (MB)
	56768  -  ResidentSetSize of job (KB)
...
006 (407317.000.000) 2026-05-08 15:23:18 Image size of job updated: 367580
	62  -  MemoryUsage of job (MB)
	63488  -  ResidentSetSize of job (KB)
...
006 (407317.000.000) 2026-05-08 15:28:19 Image size of job updated: 367580
	63  -  MemoryUsage of job (MB)
	63744  -  ResidentSetSize of job (KB)
...
006 (407317.000.000) 2026-05-08 16:38:26 Image size of job updated: 368404
	63  -  MemoryUsage of job (MB)
	63744  -  ResidentSetSize of job (KB)
...
005 (407317.000.000) 2026-05-09 01:48:15 Job terminated.
	(1) Normal termination (return value 139)
		Usr 1 05:56:30, Sys 0 01:15:22  -  Run Remote Usage
		Usr 0 00:00:00, Sys 0 00:00:00  -  Run Local Usage
		Usr 1 05:56:30, Sys 0 01:15:22  -  Total Remote Usage
		Usr 0 00:00:00, Sys 0 00:00:00  -  Total Local Usage
	0  -  Run Bytes Sent By Job
	0  -  Run Bytes Received By Job
	0  -  Total Bytes Sent By Job
	0  -  Total Bytes Received By Job
	Partitionable Resources :    Usage  Request Allocated 
	   Cpus                 :     0.99        1         1 
	   Disk (KB)            :     1           1     22792 
	   Memory (MB)          :    63        1024      1024 

	Job terminated of its own accord at 2026-05-08T23:48:15Z with exit-code 139.
...
