000 (407421.000.000) 2026-05-07 18:20:43 Job submitted from host: <192.168.250.101:9618?addrs=192.168.250.101-9618&alias=hercules.hcms.it&noUDP&sock=schedd_3404051_6d7b>
...
001 (407421.000.000) 2026-05-07 18:21:02 Job executing on host: <192.168.250.103:9618?addrs=192.168.250.103-9618&alias=clipper.hcms.it&noUDP&sock=startd_3676022_e97e>
	SlotName: slot57_1@clipper.hcms.it
	CondorScratchDir = "/var/lib/condor/execute/dir_4192953"
	Cpus = 1
	Disk = 20734
	Memory = 1024
...
006 (407421.000.000) 2026-05-07 18:21:10 Image size of job updated: 52872
	52  -  MemoryUsage of job (MB)
	52808  -  ResidentSetSize of job (KB)
...
006 (407421.000.000) 2026-05-07 18:26:10 Image size of job updated: 52920
	52  -  MemoryUsage of job (MB)
	52896  -  ResidentSetSize of job (KB)
...
006 (407421.000.000) 2026-05-07 18:31:10 Image size of job updated: 52960
	52  -  MemoryUsage of job (MB)
	52896  -  ResidentSetSize of job (KB)
...
006 (407421.000.000) 2026-05-07 18:36:11 Image size of job updated: 53140
	52  -  MemoryUsage of job (MB)
	52896  -  ResidentSetSize of job (KB)
...
006 (407421.000.000) 2026-05-07 19:36:17 Image size of job updated: 362292
	52  -  MemoryUsage of job (MB)
	52896  -  ResidentSetSize of job (KB)
...
006 (407421.000.000) 2026-05-07 20:01:20 Image size of job updated: 362292
	52  -  MemoryUsage of job (MB)
	52932  -  ResidentSetSize of job (KB)
...
006 (407421.000.000) 2026-05-07 21:56:31 Image size of job updated: 362292
	55  -  MemoryUsage of job (MB)
	55636  -  ResidentSetSize of job (KB)
...
006 (407421.000.000) 2026-05-08 01:16:53 Image size of job updated: 362292
	55  -  MemoryUsage of job (MB)
	56208  -  ResidentSetSize of job (KB)
...
006 (407421.000.000) 2026-05-08 01:21:53 Image size of job updated: 362292
	56  -  MemoryUsage of job (MB)
	56464  -  ResidentSetSize of job (KB)
...
006 (407421.000.000) 2026-05-08 01:31:54 Image size of job updated: 366092
	56  -  MemoryUsage of job (MB)
	56464  -  ResidentSetSize of job (KB)
...
006 (407421.000.000) 2026-05-08 06:12:24 Image size of job updated: 366092
	58  -  MemoryUsage of job (MB)
	58392  -  ResidentSetSize of job (KB)
...
006 (407421.000.000) 2026-05-08 12:53:07 Image size of job updated: 366092
	247  -  MemoryUsage of job (MB)
	252524  -  ResidentSetSize of job (KB)
...
006 (407421.000.000) 2026-05-08 22:29:06 Image size of job updated: 366524
	247  -  MemoryUsage of job (MB)
	252524  -  ResidentSetSize of job (KB)
...
006 (407421.000.000) 2026-05-09 09:30:15 Image size of job updated: 366792
	247  -  MemoryUsage of job (MB)
	252524  -  ResidentSetSize of job (KB)
...
006 (407421.000.000) 2026-05-09 13:05:39 Image size of job updated: 367400
	247  -  MemoryUsage of job (MB)
	252524  -  ResidentSetSize of job (KB)
...
005 (407421.000.000) 2026-05-09 13:51:11 Job terminated.
	(1) Normal termination (return value 139)
		Usr 1 17:54:59, Sys 0 01:15:58  -  Run Remote Usage
		Usr 0 00:00:00, Sys 0 00:00:00  -  Run Local Usage
		Usr 1 17:54:59, Sys 0 01:15:58  -  Total Remote Usage
		Usr 0 00:00:00, Sys 0 00:00:00  -  Total Local Usage
	0  -  Run Bytes Sent By Job
	0  -  Run Bytes Received By Job
	0  -  Total Bytes Sent By Job
	0  -  Total Bytes Received By Job
	Partitionable Resources :    Usage  Request Allocated 
	   Cpus                 :     0.99        1         1 
	   Disk (KB)            :     1           1     20734 
	   Memory (MB)          :   247        1024      1024 

	Job terminated of its own accord at 2026-05-09T11:51:11Z with exit-code 139.
...
