000 (407256.000.000) 2026-05-07 18:20:39 Job submitted from host: <192.168.250.101:9618?addrs=192.168.250.101-9618&alias=hercules.hcms.it&noUDP&sock=schedd_3404051_6d7b>
...
001 (407256.000.000) 2026-05-07 18:20:59 Job executing on host: <192.168.250.102:9618?addrs=192.168.250.102-9618&alias=empire.hcms.it&noUDP&sock=startd_2716409_3615>
	SlotName: slot2_1@empire.hcms.it
	CondorScratchDir = "/var/lib/condor/execute/dir_3296148"
	Cpus = 1
	Disk = 22792
	Memory = 1024
...
006 (407256.000.000) 2026-05-07 18:21:07 Image size of job updated: 54896
	47  -  MemoryUsage of job (MB)
	47748  -  ResidentSetSize of job (KB)
...
006 (407256.000.000) 2026-05-07 18:26:07 Image size of job updated: 54896
	47  -  MemoryUsage of job (MB)
	47872  -  ResidentSetSize of job (KB)
...
006 (407256.000.000) 2026-05-07 18:41:08 Image size of job updated: 54896
	49  -  MemoryUsage of job (MB)
	49404  -  ResidentSetSize of job (KB)
...
006 (407256.000.000) 2026-05-07 18:46:08 Image size of job updated: 356892
	49  -  MemoryUsage of job (MB)
	49404  -  ResidentSetSize of job (KB)
...
006 (407256.000.000) 2026-05-07 18:56:10 Image size of job updated: 357268
	49  -  MemoryUsage of job (MB)
	49876  -  ResidentSetSize of job (KB)
...
006 (407256.000.000) 2026-05-07 19:01:10 Image size of job updated: 359516
	49  -  MemoryUsage of job (MB)
	49876  -  ResidentSetSize of job (KB)
...
006 (407256.000.000) 2026-05-07 19:56:16 Image size of job updated: 359516
	53  -  MemoryUsage of job (MB)
	53736  -  ResidentSetSize of job (KB)
...
006 (407256.000.000) 2026-05-07 21:51:27 Image size of job updated: 359996
	53  -  MemoryUsage of job (MB)
	53736  -  ResidentSetSize of job (KB)
...
006 (407256.000.000) 2026-05-07 22:36:32 Image size of job updated: 360272
	53  -  MemoryUsage of job (MB)
	53736  -  ResidentSetSize of job (KB)
...
006 (407256.000.000) 2026-05-07 23:16:36 Image size of job updated: 364164
	53  -  MemoryUsage of job (MB)
	53736  -  ResidentSetSize of job (KB)
...
006 (407256.000.000) 2026-05-08 00:11:42 Image size of job updated: 364368
	53  -  MemoryUsage of job (MB)
	53736  -  ResidentSetSize of job (KB)
...
006 (407256.000.000) 2026-05-08 00:26:44 Image size of job updated: 364368
	54  -  MemoryUsage of job (MB)
	54340  -  ResidentSetSize of job (KB)
...
006 (407256.000.000) 2026-05-08 01:01:48 Image size of job updated: 433436
	128  -  MemoryUsage of job (MB)
	130316  -  ResidentSetSize of job (KB)
...
006 (407256.000.000) 2026-05-08 01:36:51 Image size of job updated: 434892
	128  -  MemoryUsage of job (MB)
	130316  -  ResidentSetSize of job (KB)
...
006 (407256.000.000) 2026-05-08 01:41:51 Image size of job updated: 436624
	128  -  MemoryUsage of job (MB)
	130316  -  ResidentSetSize of job (KB)
...
006 (407256.000.000) 2026-05-08 01:56:53 Image size of job updated: 439604
	128  -  MemoryUsage of job (MB)
	130316  -  ResidentSetSize of job (KB)
...
006 (407256.000.000) 2026-05-08 03:12:02 Image size of job updated: 439604
	128  -  MemoryUsage of job (MB)
	130688  -  ResidentSetSize of job (KB)
...
006 (407256.000.000) 2026-05-08 03:22:02 Image size of job updated: 439604
	133  -  MemoryUsage of job (MB)
	135688  -  ResidentSetSize of job (KB)
...
006 (407256.000.000) 2026-05-08 05:37:16 Image size of job updated: 441048
	133  -  MemoryUsage of job (MB)
	135688  -  ResidentSetSize of job (KB)
...
006 (407256.000.000) 2026-05-08 16:23:23 Image size of job updated: 441048
	144  -  MemoryUsage of job (MB)
	147084  -  ResidentSetSize of job (KB)
...
005 (407256.000.000) 2026-05-08 21:17:06 Job terminated.
	(1) Normal termination (return value 139)
		Usr 1 01:30:19, Sys 0 01:12:47  -  Run Remote Usage
		Usr 0 00:00:00, Sys 0 00:00:00  -  Run Local Usage
		Usr 1 01:30:19, Sys 0 01:12:47  -  Total Remote Usage
		Usr 0 00:00:00, Sys 0 00:00:00  -  Total Local Usage
	0  -  Run Bytes Sent By Job
	0  -  Run Bytes Received By Job
	0  -  Total Bytes Sent By Job
	0  -  Total Bytes Received By Job
	Partitionable Resources :    Usage  Request Allocated 
	   Cpus                 :     0.99        1         1 
	   Disk (KB)            :     1           1     22792 
	   Memory (MB)          :   144        1024      1024 

	Job terminated of its own accord at 2026-05-08T19:17:06Z with exit-code 139.
...
