000 (407358.000.000) 2026-05-07 18:20:41 Job submitted from host: <192.168.250.101:9618?addrs=192.168.250.101-9618&alias=hercules.hcms.it&noUDP&sock=schedd_3404051_6d7b>
...
001 (407358.000.000) 2026-05-07 18:21:02 Job executing on host: <192.168.250.102:9618?addrs=192.168.250.102-9618&alias=empire.hcms.it&noUDP&sock=startd_2716409_3615>
	SlotName: slot104_1@empire.hcms.it
	CondorScratchDir = "/var/lib/condor/execute/dir_3296414"
	Cpus = 1
	Disk = 22792
	Memory = 1024
...
006 (407358.000.000) 2026-05-07 18:21:10 Image size of job updated: 55484
	47  -  MemoryUsage of job (MB)
	47580  -  ResidentSetSize of job (KB)
...
006 (407358.000.000) 2026-05-07 18:26:10 Image size of job updated: 55748
	55  -  MemoryUsage of job (MB)
	55432  -  ResidentSetSize of job (KB)
...
006 (407358.000.000) 2026-05-07 19:01:14 Image size of job updated: 357340
	55  -  MemoryUsage of job (MB)
	55432  -  ResidentSetSize of job (KB)
...
006 (407358.000.000) 2026-05-07 19:36:17 Image size of job updated: 359896
	55  -  MemoryUsage of job (MB)
	55432  -  ResidentSetSize of job (KB)
...
006 (407358.000.000) 2026-05-07 20:06:20 Image size of job updated: 360992
	55  -  MemoryUsage of job (MB)
	55432  -  ResidentSetSize of job (KB)
...
006 (407358.000.000) 2026-05-07 21:36:29 Image size of job updated: 362764
	61  -  MemoryUsage of job (MB)
	61520  -  ResidentSetSize of job (KB)
...
006 (407358.000.000) 2026-05-08 01:31:53 Image size of job updated: 362764
	167  -  MemoryUsage of job (MB)
	170148  -  ResidentSetSize of job (KB)
...
006 (407358.000.000) 2026-05-08 01:36:54 Image size of job updated: 362764
	167  -  MemoryUsage of job (MB)
	170716  -  ResidentSetSize of job (KB)
...
006 (407358.000.000) 2026-05-08 04:17:11 Image size of job updated: 364624
	167  -  MemoryUsage of job (MB)
	170716  -  ResidentSetSize of job (KB)
...
006 (407358.000.000) 2026-05-08 20:49:56 Image size of job updated: 365164
	167  -  MemoryUsage of job (MB)
	170716  -  ResidentSetSize of job (KB)
...
005 (407358.000.000) 2026-05-08 20:49:56 Job terminated.
	(1) Normal termination (return value 139)
		Usr 1 01:57:13, Sys 0 00:18:31  -  Run Remote Usage
		Usr 0 00:00:00, Sys 0 00:00:00  -  Run Local Usage
		Usr 1 01:57:13, Sys 0 00:18:31  -  Total Remote Usage
		Usr 0 00:00:00, Sys 0 00:00:00  -  Total Local Usage
	0  -  Run Bytes Sent By Job
	0  -  Run Bytes Received By Job
	0  -  Total Bytes Sent By Job
	0  -  Total Bytes Received By Job
	Partitionable Resources :    Usage  Request Allocated 
	   Cpus                 :     0.99        1         1 
	   Disk (KB)            :     1           1     22792 
	   Memory (MB)          :   167        1024      1024 

	Job terminated of its own accord at 2026-05-08T18:49:56Z with exit-code 139.
...
