000 (405125.000.000) 2026-05-06 18:28:42 Job submitted from host: <192.168.250.101:9618?addrs=192.168.250.101-9618&alias=hercules.hcms.it&noUDP&sock=schedd_3404051_6d7b>
...
009 (405125.000.000) 2026-05-06 18:31:57 Job was aborted.
	via condor_rm (by user abulla)
...
000 (405158.000.000) 2026-05-06 18:36:02 Job submitted from host: <192.168.250.101:9618?addrs=192.168.250.101-9618&alias=hercules.hcms.it&noUDP&sock=schedd_3404051_6d7b>
...
009 (405158.000.000) 2026-05-06 18:47:49 Job was aborted.
	via condor_rm (by user abulla)
...
000 (405194.000.000) 2026-05-06 18:48:53 Job submitted from host: <192.168.250.101:9618?addrs=192.168.250.101-9618&alias=hercules.hcms.it&noUDP&sock=schedd_3404051_6d7b>
...
009 (405194.000.000) 2026-05-06 18:49:51 Job was aborted.
	via condor_rm (by user abulla)
...
000 (405227.000.000) 2026-05-06 18:50:48 Job submitted from host: <192.168.250.101:9618?addrs=192.168.250.101-9618&alias=hercules.hcms.it&noUDP&sock=schedd_3404051_6d7b>
...
001 (405227.000.000) 2026-05-06 18:51:08 Job executing on host: <192.168.250.112:9618?addrs=192.168.250.112-9618&alias=hercules02.hcms.it&noUDP&sock=startd_1261146_d63b>
	SlotName: slot30_1@hercules02.hcms.it
	CondorScratchDir = "/var/lib/condor/execute/dir_1306636"
	Cpus = 1
	Disk = 29523
	Memory = 2048
...
006 (405227.000.000) 2026-05-06 18:51:17 Image size of job updated: 1
	0  -  MemoryUsage of job (MB)
	0  -  ResidentSetSize of job (KB)
...
004 (405227.000.000) 2026-05-06 19:03:29 Job was evicted.
	(0) CPU times
		Usr 0 00:00:00, Sys 0 00:00:00  -  Run Remote Usage
		Usr 0 00:00:00, Sys 0 00:00:00  -  Run Local Usage
	0  -  Run Bytes Sent By Job
	0  -  Run Bytes Received By Job
	Partitionable Resources :    Usage  Request Allocated 
	   Cpus                 :     0.99        1         1 
	   Disk (KB)            :     1           1     29523 
	   Memory (MB)          :     0        2048      2048 
...
009 (405227.000.000) 2026-05-06 19:03:29 Job was aborted.
	via condor_rm (by user abulla)
...
000 (405326.000.000) 2026-05-06 19:10:17 Job submitted from host: <192.168.250.101:9618?addrs=192.168.250.101-9618&alias=hercules.hcms.it&noUDP&sock=schedd_3404051_6d7b>
...
001 (405326.000.000) 2026-05-06 19:10:38 Job executing on host: <192.168.250.102:9618?addrs=192.168.250.102-9618&alias=empire.hcms.it&noUDP&sock=startd_2716409_3615>
	SlotName: slot30_1@empire.hcms.it
	CondorScratchDir = "/var/lib/condor/execute/dir_2772899"
	Cpus = 1
	Disk = 22792
	Memory = 2048
...
006 (405326.000.000) 2026-05-06 19:10:39 Image size of job updated: 524
	1  -  MemoryUsage of job (MB)
	192  -  ResidentSetSize of job (KB)
...
005 (405326.000.000) 2026-05-06 19:10:41 Job terminated.
	(1) Normal termination (return value 127)
		Usr 0 00:00:00, Sys 0 00:00:00  -  Run Remote Usage
		Usr 0 00:00:00, Sys 0 00:00:00  -  Run Local Usage
		Usr 0 00:00:00, Sys 0 00:00:00  -  Total Remote Usage
		Usr 0 00:00:00, Sys 0 00:00:00  -  Total Local Usage
	0  -  Run Bytes Sent By Job
	0  -  Run Bytes Received By Job
	0  -  Total Bytes Sent By Job
	0  -  Total Bytes Received By Job
	Partitionable Resources :    Usage  Request Allocated 
	   Cpus                 :                 1         1 
	   Disk (KB)            :        1        1     22792 
	   Memory (MB)          :        1     2048      2048 

	Job terminated of its own accord at 2026-05-06T17:10:39Z with exit-code 127.
...
000 (405491.000.000) 2026-05-06 19:12:50 Job submitted from host: <192.168.250.101:9618?addrs=192.168.250.101-9618&alias=hercules.hcms.it&noUDP&sock=schedd_3404051_6d7b>
...
001 (405491.000.000) 2026-05-06 19:13:00 Job executing on host: <192.168.250.102:9618?addrs=192.168.250.102-9618&alias=empire.hcms.it&noUDP&sock=startd_2716409_3615>
	SlotName: slot96_1@empire.hcms.it
	CondorScratchDir = "/var/lib/condor/execute/dir_2774277"
	Cpus = 1
	Disk = 22792
	Memory = 2048
...
006 (405491.000.000) 2026-05-06 19:13:00 Image size of job updated: 1
	0  -  MemoryUsage of job (MB)
	0  -  ResidentSetSize of job (KB)
...
005 (405491.000.000) 2026-05-06 19:13:01 Job terminated.
	(1) Normal termination (return value 127)
		Usr 0 00:00:00, Sys 0 00:00:00  -  Run Remote Usage
		Usr 0 00:00:00, Sys 0 00:00:00  -  Run Local Usage
		Usr 0 00:00:00, Sys 0 00:00:00  -  Total Remote Usage
		Usr 0 00:00:00, Sys 0 00:00:00  -  Total Local Usage
	0  -  Run Bytes Sent By Job
	0  -  Run Bytes Received By Job
	0  -  Total Bytes Sent By Job
	0  -  Total Bytes Received By Job
	Partitionable Resources :    Usage  Request Allocated 
	   Cpus                 :                 1         1 
	   Disk (KB)            :        1        1     22792 
	   Memory (MB)          :        0     2048      2048 

	Job terminated of its own accord at 2026-05-06T17:13:00Z with exit-code 127.
...
000 (405590.000.000) 2026-05-06 19:22:27 Job submitted from host: <192.168.250.101:9618?addrs=192.168.250.101-9618&alias=hercules.hcms.it&noUDP&sock=schedd_3404051_6d7b>
...
001 (405590.000.000) 2026-05-06 19:22:42 Job executing on host: <192.168.250.112:9618?addrs=192.168.250.112-9618&alias=hercules02.hcms.it&noUDP&sock=startd_1261146_d63b>
	SlotName: slot30_1@hercules02.hcms.it
	CondorScratchDir = "/var/lib/condor/execute/dir_1356586"
	Cpus = 1
	Disk = 29523
	Memory = 2048
...
006 (405590.000.000) 2026-05-06 19:22:51 Image size of job updated: 1
	0  -  MemoryUsage of job (MB)
	0  -  ResidentSetSize of job (KB)
...
004 (405590.000.000) 2026-05-07 12:26:14 Job was evicted.
	(0) CPU times
		Usr 0 00:00:00, Sys 0 00:00:00  -  Run Remote Usage
		Usr 0 00:00:00, Sys 0 00:00:00  -  Run Local Usage
	0  -  Run Bytes Sent By Job
	0  -  Run Bytes Received By Job
	Partitionable Resources :    Usage  Request Allocated 
	   Cpus                 :     1.00        1         1 
	   Disk (KB)            :     1           1     29523 
	   Memory (MB)          :     0        2048      2048 
...
009 (405590.000.000) 2026-05-07 12:26:14 Job was aborted.
	via condor_rm (by user abulla)
...
