
╍╍╍╍╍╍╍╍╍╍╍╍╍╍╍╍╍╍╍╍╍╍╍╍╍╍╍ Process settings ╍╍╍╍╍╍╍╍╍╍╍╍╍╍╍╍╍╍╍╍╍╍╍╍╍╍╍
   proton-proton collisions at sqrt(s) = 13000 GeV 
   Computing NLO+NLL resummed cross section
   W+ ->  nu(p3)+e+(p4) production 

╍╍╍╍╍╍╍╍╍╍╍╍╍╍╍╍╍╍╍╍╍╍╍╍╍╍╍╍╍╍ CKM matrix ╍╍╍╍╍╍╍╍╍╍╍╍╍╍╍╍╍╍╍╍╍╍╍╍╍╍╍╍╍╍
     | Vud Vus Vub |   |   0.97427   0.2253  0.00351 | 
     | Vcd Vcs Vcb | = |    0.2252  0.97344   0.0412 | 
     | Vtd Vts Vtb |   |         0        0        0 | 

╍╍╍╍╍╍╍╍╍╍╍╍╍╍╍╍╍╍╍╍╍╍╍╍╍╍╍╍╍ EW parameters ╍╍╍╍╍╍╍╍╍╍╍╍╍╍╍╍╍╍╍╍╍╍╍╍╍╍╍╍
                                         Gf =  1.1663787e-05      GeV^-2
                                    1/alpha =  132.233229791            
                                 sin(thW)^2 = 0.222897222524            
                                     W mass =         80.385         GeV
                                     Z mass =        91.1876         GeV
                                    W width =          2.091         GeV
                                    Z width =          2.495         GeV

╍╍╍╍╍╍╍╍╍╍╍╍╍╍╍╍╍╍╍╍╍╍╍╍╍╍╍╍╍ QCD settings ╍╍╍╍╍╍╍╍╍╍╍╍╍╍╍╍╍╍╍╍╍╍╍╍╍╍╍╍╍
   Renormalization scale:     dynamic muren =              1      * m_ll
     Factorization scale:     dynamic mufac =            0.5      * m_ll
       Resummation scale:     dynamic mures =              1      * m_ll
          Strong coupling       alpha_s(MZ) =       0.118001            
                              running order =              2       -loop
         Non-perturbative     form factor g =            0.7       GeV^2

╍╍╍╍╍╍╍╍╍╍╍╍╍╍╍╍╍╍╍╍╍╍╍╍╍╍╍╍╍ PDF settings ╍╍╍╍╍╍╍╍╍╍╍╍╍╍╍╍╍╍╍╍╍╍╍╍╍╍╍╍╍
                                     PDF set:MSHT20nnlo_as118            
                                  PDF member:              0            
  Mellin moments of PDFs:                    Numerical integration            
                         nodes for the quadrature:            200            
                         Intervals for the quadrature:              1            

╍╍╍╍╍╍╍╍╍╍╍╍╍╍╍╍╍╍╍╍╍╍╍╍╍╍╍╍╍╍╍ qT recoil ╍╍╍╍╍╍╍╍╍╍╍╍╍╍╍╍╍╍╍╍╍╍╍╍╍╍╍╍╍╍
  qt-recoil prescription:       Collins-Soper kt1 = p_V(x)/2; kt2 = p_V(y)/2            

╍╍╍╍╍╍╍╍╍╍╍╍╍╍╍╍╍╍╍╍╍╍╍╍╍╍╍╍╍╍╍╍╍ Cuts ╍╍╍╍╍╍╍╍╍╍╍╍╍╍╍╍╍╍╍╍╍╍╍╍╍╍╍╍╍╍╍╍╍
                                  apply cuts:           true            
                                      pt_l >               0            
                                   |eta_l| <            1000            
                                    pt_lep >              25            
                                 |eta_lep| <             2.4            
                                   pt_alep >              25            
                                |eta_alep| <             2.4            
                                  user cuts:            true            

╍╍╍╍╍╍╍╍╍╍╍╍╍╍╍╍╍╍╍╍╍╍╍╍╍╍╍╍ ResummationDamp ╍╍╍╍╍╍╍╍╍╍╍╍╍╍╍╍╍╍╍╍╍╍╍╍╍╍╍
                                    damping :             on            
                                damping mode:              1            
                                  damp above:        60.2888         GeV
                               damping width:        20.0963         GeV
                          resummation cutoff:             20         MeV

╍╍╍╍╍╍╍╍╍╍╍╍╍╍╍╍╍╍╍╍╍╍╍╍╍╍╍╍ Debug settings ╍╍╍╍╍╍╍╍╍╍╍╍╍╍╍╍╍╍╍╍╍╍╍╍╍╍╍╍
                                 timeprofile:          false            
                                     verbose:          false            
                               cubaverbosity:              2            

╍╍╍╍╍╍╍╍╍╍╍╍╍╍╍╍╍╍╍╍╍╍╍╍╍╍╍╍╍╍╍╍╍╍╍╍╍╍╍╍╍╍╍╍╍╍╍╍╍╍╍╍╍╍╍╍╍╍╍╍╍╍╍╍╍╍╍╍╍╍╍╍

Warning: Histogram `a1_qt` contains non-integrable observable and will be deleted 
Warning: Histogram `a1_qt_vs_y` contains non-integrable observable and will be deleted 
Warning: Histogram `s_biganswer` contains non-integrable observable and will be deleted 
Warning: Histogram `wgt_a1_qt` contains non-integrable observable and will be deleted 

╍╍╍╍╍╍╍╍╍╍╍╍╍╍╍╍╍╍╍╍╍╍╍╍╍ Integration settings ╍╍╍╍╍╍╍╍╍╍╍╍╍╍╍╍╍╍╍╍╍╍╍╍╍
             Random seeds              123456                           
           Parallel cores                   1                           

             Resummation:     cuhre (dm, dpt)         iter =           5
                                   gauss (dy)        nodes =          64
                                                 intervals =           1
            Counter term:      cuhre (dm, dy)         iter =           5
                                  gauss (dpt)        nodes =          20
                                                 intervals =           5
                     V+J:            vegas 7D       ncalls =    10000000

Mellin inverse transform:           gaussian         nodes =          30
                                                 intervals =           1
                               imaginary axis         zmax =           2
  Angular variable costh:     semi-analytical      ncstart =         100
   Angular variables phi:            gaussian    intervals =          20

      Constant boundaries                  q2          low =          80
                                                      high =         100
                                            y          low =          -6
                                                      high =           6
                                           qT          low =           0
                                                      high =         100
                                        costh          low =          -1
                                                      high =           1
                                        pT(l)          low =           0
                                                      high =       13000

┏━━━━━━━━━━━━━━┰━━━━━━━━━━━━━━━━━━━━━━━━━━━━━━━━━━┰━━━━━━━━━━━━━━━━━━━━━━━━━━━━━━━━━━┰━━━━━━━━━━━━━━━━━━━━━━━━━━━━━━━━━━┰━━━━━━━━━━━━━━━━━━━━━━━━━━━━━━━━━━┓
┃       eta(l) ┃                      Resummation ┃                     Counter term ┃                              V+J ┃                            TOTAL ┃
┣━━━━━━━━━━━━━━╋━━━━━━━━━━━━━━━━━━━━━━━━━━━━━━━━━━╋━━━━━━━━━━━━━━━━━━━━━━━━━━━━━━━━━━╋━━━━━━━━━━━━━━━━━━━━━━━━━━━━━━━━━━╋━━━━━━━━━━━━━━━━━━━━━━━━━━━━━━━━━━┫
┃ -2.4 -  -2.3 ┃  21.092 ±  0.017 ·10⁺⁰³ ( 23.8s) ┃       0 ±      0        ( 232ms) ┃Vegas input parameters:
  ndim 7
  ncomp 1
  nvec 1
  epsrel 0
  epsabs 0
  flags 10
  seed 123456
  mineval 10000000
  maxeval 10000000
  nstart 1000000
  nincrease 1000000
  nbatch 5000
  gridno 0
  statefile ""

Iteration 1:  1000000 integrand evaluations so far
[1] 45421.6 +- 1076.92  	chisq 0 (0 df)

Iteration 2:  3000000 integrand evaluations so far
[1] 44951.5 +- 151.764  	chisq 0.194474 (1 df)

Iteration 3:  6000000 integrand evaluations so far
[1] 45062.9 +- 107.544  	chisq 1.27762 (2 df)

Iteration 4:  10000000 integrand evaluations so far
[1] 45081 +- 91.4886  	chisq 1.38002 (3 df)
  45.081 ±  0.091 ·10⁺⁰³ (   32s) ┃  66.173 ±  0.093 ·10⁺⁰³ ( 56.1s) ┃
┃ -2.3 -  -2.2 ┃  24.497 ±  0.018 ·10⁺⁰³ ( 1.1mi) ┃       0 ±      0        ( 232ms) ┃Vegas input parameters:
  ndim 7
  ncomp 1
  nvec 1
  epsrel 0
  epsabs 0
  flags 10
  seed 123456
  mineval 10000000
  maxeval 10000000
  nstart 1000000
  nincrease 1000000
  nbatch 5000
  gridno 0
  statefile ""

Iteration 1:  1000000 integrand evaluations so far
[1] 48290.8 +- 1111.04  	chisq 0 (0 df)

Iteration 2:  3000000 integrand evaluations so far
[1] 48952.1 +- 172.159  	chisq 0.362998 (1 df)

Iteration 3:  6000000 integrand evaluations so far
[1] 49054.4 +- 104.396  	chisq 0.921266 (2 df)

Iteration 4:  10000000 integrand evaluations so far
[1] 48932.8 +- 75.8531  	chisq 3.79907 (3 df)
  48.933 ±  0.076 ·10⁺⁰³ (   32s) ┃   73.43 ±  0.078 ·10⁺⁰³ (1.64mi) ┃
┃ -2.2 -  -2.1 ┃  25.596 ±  0.021 ·10⁺⁰³ (1.04mi) ┃       0 ±      0        ( 233ms) ┃Vegas input parameters:
  ndim 7
  ncomp 1
  nvec 1
  epsrel 0
  epsabs 0
  flags 10
  seed 123456
  mineval 10000000
  maxeval 10000000
  nstart 1000000
  nincrease 1000000
  nbatch 5000
  gridno 0
  statefile ""

Iteration 1:  1000000 integrand evaluations so far
[1] 52105.5 +- 1167.18  	chisq 0 (0 df)

Iteration 2:  3000000 integrand evaluations so far
[1] 53053 +- 187.826  	chisq 0.676469 (1 df)

Iteration 3:  6000000 integrand evaluations so far
[1] 53147.7 +- 129.309  	chisq 1.15935 (2 df)

Iteration 4:  10000000 integrand evaluations so far
[1] 53063.5 +- 94.6841  	chisq 2.07351 (3 df)
  53.063 ±  0.095 ·10⁺⁰³ ( 32.3s) ┃   78.66 ±  0.097 ·10⁺⁰³ (1.58mi) ┃
┃ -2.1 -    -2 ┃  25.623 ±  0.018 ·10⁺⁰³ ( 17.2s) ┃       0 ±      0        ( 236ms) ┃Vegas input parameters:
  ndim 7
  ncomp 1
  nvec 1
  epsrel 0
  epsabs 0
  flags 10
  seed 123456
  mineval 10000000
  maxeval 10000000
  nstart 1000000
  nincrease 1000000
  nbatch 5000
  gridno 0
  statefile ""

Iteration 1:  1000000 integrand evaluations so far
[1] 56365.3 +- 1226.95  	chisq 0 (0 df)

Iteration 2:  3000000 integrand evaluations so far
[1] 57414.8 +- 206.419  	chisq 0.75298 (1 df)

Iteration 3:  6000000 integrand evaluations so far
[1] 57345.1 +- 125.709  	chisq 0.9342 (2 df)

Iteration 4:  10000000 integrand evaluations so far
[1] 57137.2 +- 91.4578  	chisq 6.74693 (3 df)
  57.137 ±  0.091 ·10⁺⁰³ ( 32.5s) ┃   82.76 ±  0.093 ·10⁺⁰³ ( 49.9s) ┃
┃   -2 -  -1.9 ┃  28.166 ±  0.014 ·10⁺⁰³ ( 35.2s) ┃       0 ±      0        ( 235ms) ┃Vegas input parameters:
  ndim 7
  ncomp 1
  nvec 1
  epsrel 0
  epsabs 0
  flags 10
  seed 123456
  mineval 10000000
  maxeval 10000000
  nstart 1000000
  nincrease 1000000
  nbatch 5000
  gridno 0
  statefile ""

Iteration 1:  1000000 integrand evaluations so far
[1] 63068.2 +- 1314.94  	chisq 0 (0 df)

Iteration 2:  3000000 integrand evaluations so far
[1] 61473.9 +- 219.354  	chisq 1.51215 (1 df)

Iteration 3:  6000000 integrand evaluations so far
[1] 61395.3 +- 134.916  	chisq 1.71857 (2 df)

Iteration 4:  10000000 integrand evaluations so far
[1] 61201.1 +- 98.6743  	chisq 6.17647 (3 df)
  61.201 ±  0.099 ·10⁺⁰³ (   32s) ┃  89.367 ±    0.1 ·10⁺⁰³ (1.12mi) ┃
┃ -1.9 -  -1.8 ┃   31.75 ±  0.025 ·10⁺⁰³ (1.14mi) ┃       0 ±      0        ( 239ms) ┃Vegas input parameters:
  ndim 7
  ncomp 1
  nvec 1
  epsrel 0
  epsabs 0
  flags 10
  seed 123456
  mineval 10000000
  maxeval 10000000
  nstart 1000000
  nincrease 1000000
  nbatch 5000
  gridno 0
  statefile ""

Iteration 1:  1000000 integrand evaluations so far
[1] 63477.2 +- 1320.16  	chisq 0 (0 df)

Iteration 2:  3000000 integrand evaluations so far
[1] 65763.9 +- 237.62  	chisq 3.1007 (1 df)

Iteration 3:  6000000 integrand evaluations so far
[1] 65579.4 +- 145.571  	chisq 4.06588 (2 df)

Iteration 4:  10000000 integrand evaluations so far
[1] 65412.2 +- 106.944  	chisq 6.93114 (3 df)
   65.41 ±   0.11 ·10⁺⁰³ ( 32.6s) ┃   97.16 ±   0.11 ·10⁺⁰³ (1.69mi) ┃
┃ -1.8 -  -1.7 ┃  33.802 ±  0.029 ·10⁺⁰³ ( 34.8s) ┃       0 ±      0        ( 232ms) ┃Vegas input parameters:
  ndim 7
  ncomp 1
  nvec 1
  epsrel 0
  epsabs 0
  flags 10
  seed 123456
  mineval 10000000
  maxeval 10000000
  nstart 1000000
  nincrease 1000000
  nbatch 5000
  gridno 0
  statefile ""

Iteration 1:  1000000 integrand evaluations so far
[1] 70873 +- 1412.08  	chisq 0 (0 df)

Iteration 2:  3000000 integrand evaluations so far
[1] 69499.8 +- 251.418  	chisq 0.976641 (1 df)

Iteration 3:  6000000 integrand evaluations so far
[1] 69484.3 +- 153.962  	chisq 0.982742 (2 df)

Iteration 4:  10000000 integrand evaluations so far
[1] 69502.4 +- 152.016  	chisq 1.53123 (3 df)
    69.5 ±   0.15 ·10⁺⁰³ ( 31.6s) ┃   103.3 ±   0.15 ·10⁺⁰³ (1.11mi) ┃
┃ -1.7 -  -1.6 ┃  34.101 ±  0.029 ·10⁺⁰³ ( 19.4s) ┃       0 ±      0        ( 232ms) ┃Vegas input parameters:
  ndim 7
  ncomp 1
  nvec 1
  epsrel 0
  epsabs 0
  flags 10
  seed 123456
  mineval 10000000
  maxeval 10000000
  nstart 1000000
  nincrease 1000000
  nbatch 5000
  gridno 0
  statefile ""

Iteration 1:  1000000 integrand evaluations so far
[1] 75658.6 +- 1478.11  	chisq 0 (0 df)

Iteration 2:  3000000 integrand evaluations so far
[1] 73809.7 +- 272.276  	chisq 1.61971 (1 df)

Iteration 3:  6000000 integrand evaluations so far
[1] 73713.8 +- 167.666  	chisq 1.81954 (2 df)

Iteration 4:  10000000 integrand evaluations so far
[1] 73552.6 +- 123.495  	chisq 3.8386 (3 df)
   73.55 ±   0.12 ·10⁺⁰³ ( 31.5s) ┃  107.65 ±   0.13 ·10⁺⁰³ ( 51.1s) ┃
┃ -1.6 -  -1.5 ┃  36.121 ±  0.032 ·10⁺⁰³ (1.18mi) ┃       0 ±      0        ( 238ms) ┃Vegas input parameters:
  ndim 7
  ncomp 1
  nvec 1
  epsrel 0
  epsabs 0
  flags 10
  seed 123456
  mineval 10000000
  maxeval 10000000
  nstart 1000000
  nincrease 1000000
  nbatch 5000
  gridno 0
  statefile ""

Iteration 1:  1000000 integrand evaluations so far
[1] 78086.5 +- 1505.32  	chisq 0 (0 df)

Iteration 2:  3000000 integrand evaluations so far
[1] 77755.9 +- 288.775  	chisq 0.0500549 (1 df)

Iteration 3:  6000000 integrand evaluations so far
[1] 77704 +- 179.075  	chisq 0.102639 (2 df)

Iteration 4:  10000000 integrand evaluations so far
[1] 77521.5 +- 132.157  	chisq 2.38312 (3 df)
   77.52 ±   0.13 ·10⁺⁰³ ( 31.6s) ┃  113.64 ±   0.14 ·10⁺⁰³ (1.71mi) ┃
┃ -1.5 -  -1.4 ┃  38.289 ±  0.037 ·10⁺⁰³ (1.18mi) ┃ -80.174 ±  0.034 ·10⁺⁰³ (16.5mi) ┃Vegas input parameters:
  ndim 7
  ncomp 1
  nvec 1
  epsrel 0
  epsabs 0
  flags 10
  seed 123456
  mineval 10000000
  maxeval 10000000
  nstart 1000000
  nincrease 1000000
  nbatch 5000
  gridno 0
  statefile ""

Iteration 1:  1000000 integrand evaluations so far
[1] 79684.2 +- 1532  	chisq 0 (0 df)

Iteration 2:  3000000 integrand evaluations so far
[1] 81607.8 +- 305.45  	chisq 1.64191 (1 df)

Iteration 3:  6000000 integrand evaluations so far
[1] 81550 +- 189.345  	chisq 1.70003 (2 df)

Iteration 4:  10000000 integrand evaluations so far
[1] 81556.5 +- 180.717  	chisq 1.71334 (3 df)
   81.56 ±   0.18 ·10⁺⁰³ ( 31.2s) ┃   39.67 ±   0.19 ·10⁺⁰³ (18.2mi) ┃
┃ -1.4 -  -1.3 ┃  41.022 ±  0.025 ·10⁺⁰³ ( 17.5s) ┃  -83.95 ±  0.065 ·10⁺⁰³ (8.58mi) ┃Vegas input parameters:
  ndim 7
  ncomp 1
  nvec 1
  epsrel 0
  epsabs 0
  flags 10
  seed 123456
  mineval 10000000
  maxeval 10000000
  nstart 1000000
  nincrease 1000000
  nbatch 5000
  gridno 0
  statefile ""

Iteration 1:  1000000 integrand evaluations so far
[1] 86611.3 +- 1610.76  	chisq 0 (0 df)

Iteration 2:  3000000 integrand evaluations so far
[1] 85544.6 +- 323.588  	chisq 0.456988 (1 df)

Iteration 3:  6000000 integrand evaluations so far
[1] 85469.9 +- 202.66  	chisq 0.544601 (2 df)

Iteration 4:  10000000 integrand evaluations so far
[1] 85477.1 +- 193.216  	chisq 0.558225 (3 df)
   85.48 ±   0.19 ·10⁺⁰³ ( 32.7s) ┃   42.55 ±   0.21 ·10⁺⁰³ (9.42mi) ┃
┃ -1.3 -  -1.2 ┃  41.976 ±  0.035 ·10⁺⁰³ ( 23.7s) ┃ -87.614 ±  0.013 ·10⁺⁰³ (4.32mi) ┃Vegas input parameters:
  ndim 7
  ncomp 1
  nvec 1
  epsrel 0
  epsabs 0
  flags 10
  seed 123456
  mineval 10000000
  maxeval 10000000
  nstart 1000000
  nincrease 1000000
  nbatch 5000
  gridno 0
  statefile ""

Iteration 1:  1000000 integrand evaluations so far
[1] 89285.4 +- 1646.1  	chisq 0 (0 df)

Iteration 2:  3000000 integrand evaluations so far
[1] 89144.6 +- 342.462  	chisq 0.00764186 (1 df)

Iteration 3:  6000000 integrand evaluations so far
[1] 89110.4 +- 211.456  	chisq 0.0237641 (2 df)

Iteration 4:  10000000 integrand evaluations so far
[1] 88908.6 +- 155.598  	chisq 2.00968 (3 df)
   88.91 ±   0.16 ·10⁺⁰³ ( 31.1s) ┃   43.27 ±   0.16 ·10⁺⁰³ (5.23mi) ┃
┃ -1.2 -  -1.1 ┃  43.119 ±  0.025 ·10⁺⁰³ ( 37.8s) ┃ -91.122 ±  0.064 ·10⁺⁰³ (2.36mi) ┃Vegas input parameters:
  ndim 7
  ncomp 1
  nvec 1
  epsrel 0
  epsabs 0
  flags 10
  seed 123456
  mineval 10000000
  maxeval 10000000
  nstart 1000000
  nincrease 1000000
  nbatch 5000
  gridno 0
  statefile ""

Iteration 1:  1000000 integrand evaluations so far
[1] 92066.1 +- 1682.05  	chisq 0 (0 df)

Iteration 2:  3000000 integrand evaluations so far
[1] 92634.5 +- 359.121  	chisq 0.119632 (1 df)

Iteration 3:  6000000 integrand evaluations so far
[1] 92683.2 +- 223.125  	chisq 0.149504 (2 df)

Iteration 4:  10000000 integrand evaluations so far
[1] 92392.7 +- 164.296  	chisq 3.85068 (3 df)
   92.39 ±   0.16 ·10⁺⁰³ ( 31.7s) ┃   44.39 ±   0.18 ·10⁺⁰³ (3.52mi) ┃
┃ -1.1 -    -1 ┃  44.971 ±  0.012 ·10⁺⁰³ ( 23.7s) ┃ -94.409 ±  0.065 ·10⁺⁰³ (2.35mi) ┃Vegas input parameters:
  ndim 7
  ncomp 1
  nvec 1
  epsrel 0
  epsabs 0
  flags 10
  seed 123456
  mineval 10000000
  maxeval 10000000
  nstart 1000000
  nincrease 1000000
  nbatch 5000
  gridno 0
  statefile ""

Iteration 1:  1000000 integrand evaluations so far
[1] 97331.1 +- 1738.15  	chisq 0 (0 df)

Iteration 2:  3000000 integrand evaluations so far
[1] 96105.5 +- 376.158  	chisq 0.521616 (1 df)

Iteration 3:  6000000 integrand evaluations so far
[1] 96126.6 +- 232.869  	chisq 0.526716 (2 df)

Iteration 4:  10000000 integrand evaluations so far
[1] 95866.4 +- 171.522  	chisq 3.25532 (3 df)
   95.87 ±   0.17 ·10⁺⁰³ ( 31.9s) ┃   46.43 ±   0.18 ·10⁺⁰³ (3.28mi) ┃
┃   -1 -  -0.9 ┃  46.128 ±  0.028 ·10⁺⁰³ ( 11.4s) ┃ -97.632 ±  0.069 ·10⁺⁰³ (2.29mi) ┃Vegas input parameters:
  ndim 7
  ncomp 1
  nvec 1
  epsrel 0
  epsabs 0
  flags 10
  seed 123456
  mineval 10000000
  maxeval 10000000
  nstart 1000000
  nincrease 1000000
  nbatch 5000
  gridno 0
  statefile ""

Iteration 1:  1000000 integrand evaluations so far
[1] 97547.7 +- 1740.21  	chisq 0 (0 df)

Iteration 2:  3000000 integrand evaluations so far
[1] 98804.5 +- 388.258  	chisq 0.548969 (1 df)

Iteration 3:  6000000 integrand evaluations so far
[1] 98972.9 +- 240.461  	chisq 0.854034 (2 df)

Iteration 4:  10000000 integrand evaluations so far
[1] 98865.8 +- 177.507  	chisq 1.28966 (3 df)
   98.87 ±   0.18 ·10⁺⁰³ ( 33.1s) ┃   47.36 ±   0.19 ·10⁺⁰³ (3.03mi) ┃
┃ -0.9 -  -0.8 ┃  48.062 ±  0.045 ·10⁺⁰³ ( 24.2s) ┃-100.602 ±  0.073 ·10⁺⁰³ (2.37mi) ┃Vegas input parameters:
  ndim 7
  ncomp 1
  nvec 1
  epsrel 0
  epsabs 0
  flags 10
  seed 123456
  mineval 10000000
  maxeval 10000000
  nstart 1000000
  nincrease 1000000
  nbatch 5000
  gridno 0
  statefile ""

Iteration 1:  1000000 integrand evaluations so far
[1] 100300 +- 1788.29  	chisq 0 (0 df)

Iteration 2:  3000000 integrand evaluations so far
[1] 101962 +- 405.412  	chisq 0.909978 (1 df)

Iteration 3:  6000000 integrand evaluations so far
[1] 102157 +- 251.547  	chisq 1.28602 (2 df)

Iteration 4:  10000000 integrand evaluations so far
[1] 101885 +- 185.538  	chisq 3.83507 (3 df)
  101.89 ±   0.19 ·10⁺⁰³ ( 31.7s) ┃   49.35 ±    0.2 ·10⁺⁰³ ( 3.3mi) ┃
┃ -0.8 -  -0.7 ┃  48.621 ±  0.048 ·10⁺⁰³ ( 20.1s) ┃-103.406 ±  0.075 ·10⁺⁰³ (2.37mi) ┃Vegas input parameters:
  ndim 7
  ncomp 1
  nvec 1
  epsrel 0
  epsabs 0
  flags 10
  seed 123456
  mineval 10000000
  maxeval 10000000
  nstart 1000000
  nincrease 1000000
  nbatch 5000
  gridno 0
  statefile ""

Iteration 1:  1000000 integrand evaluations so far
[1] 103438 +- 1810.28  	chisq 0 (0 df)

Iteration 2:  3000000 integrand evaluations so far
[1] 104618 +- 415.633  	chisq 0.448716 (1 df)

Iteration 3:  6000000 integrand evaluations so far
[1] 104822 +- 258.242  	chisq 0.841556 (2 df)

Iteration 4:  10000000 integrand evaluations so far
[1] 104589 +- 191.425  	chisq 2.65473 (3 df)
  104.59 ±   0.19 ·10⁺⁰³ ( 50.4s) ┃    49.8 ±   0.21 ·10⁺⁰³ (3.54mi) ┃
┃ -0.7 -  -0.6 ┃  49.496 ±   0.02 ·10⁺⁰³ ( 39.3s) ┃ -105.88 ±  0.074 ·10⁺⁰³ (2.38mi) ┃Vegas input parameters:
  ndim 7
  ncomp 1
  nvec 1
  epsrel 0
  epsabs 0
  flags 10
  seed 123456
  mineval 10000000
  maxeval 10000000
  nstart 1000000
  nincrease 1000000
  nbatch 5000
  gridno 0
  statefile ""

Iteration 1:  1000000 integrand evaluations so far
[1] 104975 +- 1831.73  	chisq 0 (0 df)

Iteration 2:  3000000 integrand evaluations so far
[1] 107310 +- 436.668  	chisq 1.72244 (1 df)

Iteration 3:  6000000 integrand evaluations so far
[1] 107452 +- 269.119  	chisq 1.89481 (2 df)

Iteration 4:  10000000 integrand evaluations so far
[1] 107089 +- 197.814  	chisq 5.85425 (3 df)
  107.09 ±    0.2 ·10⁺⁰³ ( 30.7s) ┃   50.71 ±   0.21 ·10⁺⁰³ (3.55mi) ┃
┃ -0.6 -  -0.5 ┃  50.474 ±  0.039 ·10⁺⁰³ ( 37.3s) ┃-108.281 ±  0.075 ·10⁺⁰³ (1.17mi) ┃Vegas input parameters:
  ndim 7
  ncomp 1
  nvec 1
  epsrel 0
  epsabs 0
  flags 10
  seed 123456
  mineval 10000000
  maxeval 10000000
  nstart 1000000
  nincrease 1000000
  nbatch 5000
  gridno 0
  statefile ""

Iteration 1:  1000000 integrand evaluations so far
[1] 108866 +- 1872.87  	chisq 0 (0 df)

Iteration 2:  3000000 integrand evaluations so far
[1] 109825 +- 447.66  	chisq 0.27801 (1 df)

Iteration 3:  6000000 integrand evaluations so far
[1] 109737 +- 278.994  	chisq 0.341084 (2 df)

Iteration 4:  10000000 integrand evaluations so far
[1] 109409 +- 204.741  	chisq 3.336 (3 df)
  109.41 ±    0.2 ·10⁺⁰³ ( 31.8s) ┃    51.6 ±   0.22 ·10⁺⁰³ (2.32mi) ┃
┃ -0.5 -  -0.4 ┃  51.224 ±  0.028 ·10⁺⁰³ ( 19.6s) ┃-110.278 ±  0.078 ·10⁺⁰³ (2.32mi) ┃Vegas input parameters:
  ndim 7
  ncomp 1
  nvec 1
  epsrel 0
  epsabs 0
  flags 10
  seed 123456
  mineval 10000000
  maxeval 10000000
  nstart 1000000
  nincrease 1000000
  nbatch 5000
  gridno 0
  statefile ""

Iteration 1:  1000000 integrand evaluations so far
[1] 107109 +- 1875.73  	chisq 0 (0 df)

Iteration 2:  3000000 integrand evaluations so far
[1] 111403 +- 459.504  	chisq 5.57572 (1 df)

Iteration 3:  6000000 integrand evaluations so far
[1] 111555 +- 287.278  	chisq 5.75417 (2 df)

Iteration 4:  10000000 integrand evaluations so far
[1] 111290 +- 210.526  	chisq 7.5908 (3 df)
  111.29 ±   0.21 ·10⁺⁰³ ( 30.9s) ┃   52.24 ±   0.23 ·10⁺⁰³ (3.16mi) ┃
┃ -0.4 -  -0.3 ┃  52.013 ±  0.044 ·10⁺⁰³ ( 39.6s) ┃-111.812 ±  0.085 ·10⁺⁰³ (2.37mi) ┃Vegas input parameters:
  ndim 7
  ncomp 1
  nvec 1
  epsrel 0
  epsabs 0
  flags 10
  seed 123456
  mineval 10000000
  maxeval 10000000
  nstart 1000000
  nincrease 1000000
  nbatch 5000
  gridno 0
  statefile ""

Iteration 1:  1000000 integrand evaluations so far
[1] 114749 +- 1944.12  	chisq 0 (0 df)

Iteration 2:  3000000 integrand evaluations so far
[1] 113416 +- 472.487  	chisq 0.498994 (1 df)

Iteration 3:  6000000 integrand evaluations so far
[1] 113251 +- 294.152  	chisq 0.699172 (2 df)

Iteration 4:  10000000 integrand evaluations so far
[1] 112927 +- 215.274  	chisq 3.31182 (3 df)
  112.93 ±   0.22 ·10⁺⁰³ ( 31.7s) ┃   53.13 ±   0.24 ·10⁺⁰³ (3.56mi) ┃
┃ -0.3 -  -0.2 ┃  51.289 ±  0.013 ·10⁺⁰³ (1.11mi) ┃ -112.45 ±   0.11 ·10⁺⁰³ (1.17mi) ┃Vegas input parameters:
  ndim 7
  ncomp 1
  nvec 1
  epsrel 0
  epsabs 0
  flags 10
  seed 123456
  mineval 10000000
  maxeval 10000000
  nstart 1000000
  nincrease 1000000
  nbatch 5000
  gridno 0
  statefile ""

Iteration 1:  1000000 integrand evaluations so far
[1] 113489 +- 1937.43  	chisq 0 (0 df)

Iteration 2:  3000000 integrand evaluations so far
[1] 114169 +- 471.189  	chisq 0.130871 (1 df)

Iteration 3:  6000000 integrand evaluations so far
[1] 114009 +- 294.044  	chisq 0.318873 (2 df)

Iteration 4:  10000000 integrand evaluations so far
[1] 113700 +- 216.281  	chisq 2.72429 (3 df)
   113.7 ±   0.22 ·10⁺⁰³ ( 31.9s) ┃   52.53 ±   0.24 ·10⁺⁰³ (2.82mi) ┃
┃ -0.2 -  -0.1 ┃  52.013 ±  0.025 ·10⁺⁰³ (1.18mi) ┃-112.659 ±  0.037 ·10⁺⁰³ (2.26mi) ┃Vegas input parameters:
  ndim 7
  ncomp 1
  nvec 1
  epsrel 0
  epsabs 0
  flags 10
  seed 123456
  mineval 10000000
  maxeval 10000000
  nstart 1000000
  nincrease 1000000
  nbatch 5000
  gridno 0
  statefile ""

Iteration 1:  1000000 integrand evaluations so far
[1] 113022 +- 1923.59  	chisq 0 (0 df)

Iteration 2:  3000000 integrand evaluations so far
[1] 114418 +- 478.455  	chisq 0.56098 (1 df)

Iteration 3:  6000000 integrand evaluations so far
[1] 114162 +- 298.418  	chisq 1.02992 (2 df)

Iteration 4:  10000000 integrand evaluations so far
[1] 114025 +- 248.839  	chisq 1.71745 (3 df)
  114.03 ±   0.25 ·10⁺⁰³ ( 31.7s) ┃   53.38 ±   0.25 ·10⁺⁰³ (3.97mi) ┃
┃ -0.1 -     0 ┃  51.702 ±  0.031 ·10⁺⁰³ (1.17mi) ┃-112.663 ±  0.014 ·10⁺⁰³ (4.52mi) ┃Vegas input parameters:
  ndim 7
  ncomp 1
  nvec 1
  epsrel 0
  epsabs 0
  flags 10
  seed 123456
  mineval 10000000
  maxeval 10000000
  nstart 1000000
  nincrease 1000000
  nbatch 5000
  gridno 0
  statefile ""

Iteration 1:  1000000 integrand evaluations so far
[1] 117485 +- 1971.9  	chisq 0 (0 df)

Iteration 2:  3000000 integrand evaluations so far
[1] 114532 +- 476.158  	chisq 2.38181 (1 df)

Iteration 3:  6000000 integrand evaluations so far
[1] 114276 +- 298.529  	chisq 2.86061 (2 df)

Iteration 4:  10000000 integrand evaluations so far
[1] 114027 +- 220.135  	chisq 4.37881 (3 df)
  114.03 ±   0.22 ·10⁺⁰³ ( 31.2s) ┃   53.07 ±   0.22 ·10⁺⁰³ (6.21mi) ┃
┃    0 -   0.1 ┃  51.702 ±  0.031 ·10⁺⁰³ (1.14mi) ┃-112.663 ±  0.014 ·10⁺⁰³ (4.46mi) ┃Vegas input parameters:
  ndim 7
  ncomp 1
  nvec 1
  epsrel 0
  epsabs 0
  flags 10
  seed 123456
  mineval 10000000
  maxeval 10000000
  nstart 1000000
  nincrease 1000000
  nbatch 5000
  gridno 0
  statefile ""

Iteration 1:  1000000 integrand evaluations so far
[1] 117825 +- 1979.85  	chisq 0 (0 df)

Iteration 2:  3000000 integrand evaluations so far
[1] 114564 +- 478.064  	chisq 2.88099 (1 df)

Iteration 3:  6000000 integrand evaluations so far
[1] 114287 +- 299.337  	chisq 3.43334 (2 df)

Iteration 4:  10000000 integrand evaluations so far
[1] 114202 +- 245.511  	chisq 3.68422 (3 df)
   114.2 ±   0.25 ·10⁺⁰³ ( 31.6s) ┃   53.24 ±   0.25 ·10⁺⁰³ (6.13mi) ┃
┃  0.1 -   0.2 ┃  52.013 ±  0.025 ·10⁺⁰³ (1.18mi) ┃-112.659 ±  0.037 ·10⁺⁰³ (2.23mi) ┃Vegas input parameters:
  ndim 7
  ncomp 1
  nvec 1
  epsrel 0
  epsabs 0
  flags 10
  seed 123456
  mineval 10000000
  maxeval 10000000
  nstart 1000000
  nincrease 1000000
  nbatch 5000
  gridno 0
  statefile ""

Iteration 1:  1000000 integrand evaluations so far
[1] 113391 +- 1937.29  	chisq 0 (0 df)

Iteration 2:  3000000 integrand evaluations so far
[1] 114364 +- 478.068  	chisq 0.268595 (1 df)

Iteration 3:  6000000 integrand evaluations so far
[1] 114264 +- 298.791  	chisq 0.340207 (2 df)

Iteration 4:  10000000 integrand evaluations so far
[1] 113952 +- 219.776  	chisq 2.7116 (3 df)
  113.95 ±   0.22 ·10⁺⁰³ ( 31.8s) ┃   53.31 ±   0.22 ·10⁺⁰³ (3.94mi) ┃
┃  0.2 -   0.3 ┃   51.29 ±  0.013 ·10⁺⁰³ (1.13mi) ┃ -112.45 ±   0.11 ·10⁺⁰³ ( 1.2mi) ┃Vegas input parameters:
  ndim 7
  ncomp 1
  nvec 1
  epsrel 0
  epsabs 0
  flags 10
  seed 123456
  mineval 10000000
  maxeval 10000000
  nstart 1000000
  nincrease 1000000
  nbatch 5000
  gridno 0
  statefile ""

Iteration 1:  1000000 integrand evaluations so far
[1] 114672 +- 1954.11  	chisq 0 (0 df)

Iteration 2:  3000000 integrand evaluations so far
[1] 114130 +- 470.38  	chisq 0.0815852 (1 df)

Iteration 3:  6000000 integrand evaluations so far
[1] 114029 +- 294.491  	chisq 0.157581 (2 df)

Iteration 4:  10000000 integrand evaluations so far
[1] 113715 +- 217.095  	chisq 2.64307 (3 df)
  113.72 ±   0.22 ·10⁺⁰³ ( 31.4s) ┃   52.55 ±   0.24 ·10⁺⁰³ (2.85mi) ┃
┃  0.3 -   0.4 ┃  52.013 ±  0.043 ·10⁺⁰³ ( 39.1s) ┃-111.812 ±  0.085 ·10⁺⁰³ (2.28mi) ┃Vegas input parameters:
  ndim 7
  ncomp 1
  nvec 1
  epsrel 0
  epsabs 0
  flags 10
  seed 123456
  mineval 10000000
  maxeval 10000000
  nstart 1000000
  nincrease 1000000
  nbatch 5000
  gridno 0
  statefile ""

Iteration 1:  1000000 integrand evaluations so far
[1] 110339 +- 1898.14  	chisq 0 (0 df)

Iteration 2:  3000000 integrand evaluations so far
[1] 112913 +- 466.564  	chisq 1.95595 (1 df)

Iteration 3:  6000000 integrand evaluations so far
[1] 113091 +- 291.526  	chisq 2.19661 (2 df)

Iteration 4:  10000000 integrand evaluations so far
[1] 112800 +- 214.423  	chisq 4.36729 (3 df)
   112.8 ±   0.21 ·10⁺⁰³ ( 31.4s) ┃      53 ±   0.23 ·10⁺⁰³ (3.45mi) ┃
┃  0.4 -   0.5 ┃  51.224 ±  0.028 ·10⁺⁰³ ( 19.6s) ┃-110.278 ±  0.078 ·10⁺⁰³ (2.39mi) ┃Vegas input parameters:
  ndim 7
  ncomp 1
  nvec 1
  epsrel 0
  epsabs 0
  flags 10
  seed 123456
  mineval 10000000
  maxeval 10000000
  nstart 1000000
  nincrease 1000000
  nbatch 5000
  gridno 0
  statefile ""

Iteration 1:  1000000 integrand evaluations so far
[1] 112411 +- 1934.33  	chisq 0 (0 df)

Iteration 2:  3000000 integrand evaluations so far
[1] 111154 +- 453.783  	chisq 0.447226 (1 df)

Iteration 3:  6000000 integrand evaluations so far
[1] 111549 +- 283.221  	chisq 1.68786 (2 df)

Iteration 4:  10000000 integrand evaluations so far
[1] 111261 +- 208.444  	chisq 3.92915 (3 df)
  111.26 ±   0.21 ·10⁺⁰³ (   31s) ┃   52.21 ±   0.22 ·10⁺⁰³ (3.24mi) ┃
┃  0.5 -   0.6 ┃  50.474 ±  0.039 ·10⁺⁰³ ( 39.8s) ┃-108.281 ±  0.075 ·10⁺⁰³ (1.19mi) ┃Vegas input parameters:
  ndim 7
  ncomp 1
  nvec 1
  epsrel 0
  epsabs 0
  flags 10
  seed 123456
  mineval 10000000
  maxeval 10000000
  nstart 1000000
  nincrease 1000000
  nbatch 5000
  gridno 0
  statefile ""

Iteration 1:  1000000 integrand evaluations so far
[1] 108351 +- 1886.86  	chisq 0 (0 df)

Iteration 2:  3000000 integrand evaluations so far
[1] 109443 +- 444.07  	chisq 0.354862 (1 df)

Iteration 3:  6000000 integrand evaluations so far
[1] 109506 +- 276.491  	chisq 0.387422 (2 df)

Iteration 4:  10000000 integrand evaluations so far
[1] 109274 +- 203.656  	chisq 1.92588 (3 df)
  109.27 ±    0.2 ·10⁺⁰³ ( 31.6s) ┃   51.47 ±   0.22 ·10⁺⁰³ (2.38mi) ┃
┃  0.6 -   0.7 ┃  49.496 ±   0.02 ·10⁺⁰³ ( 38.2s) ┃ -105.88 ±  0.074 ·10⁺⁰³ (2.35mi) ┃Vegas input parameters:
  ndim 7
  ncomp 1
  nvec 1
  epsrel 0
  epsabs 0
  flags 10
  seed 123456
  mineval 10000000
  maxeval 10000000
  nstart 1000000
  nincrease 1000000
  nbatch 5000
  gridno 0
  statefile ""

Iteration 1:  1000000 integrand evaluations so far
[1] 107937 +- 1871.97  	chisq 0 (0 df)

Iteration 2:  3000000 integrand evaluations so far
[1] 106864 +- 427.345  	chisq 0.346993 (1 df)

Iteration 3:  6000000 integrand evaluations so far
[1] 107147 +- 266.538  	chisq 1.06369 (2 df)

Iteration 4:  10000000 integrand evaluations so far
[1] 106917 +- 198.147  	chisq 2.71742 (3 df)
  106.92 ±    0.2 ·10⁺⁰³ ( 32.5s) ┃   50.53 ±   0.21 ·10⁺⁰³ (3.53mi) ┃
┃  0.7 -   0.8 ┃  48.621 ±  0.048 ·10⁺⁰³ (   20s) ┃-103.406 ±  0.075 ·10⁺⁰³ (2.27mi) ┃Vegas input parameters:
  ndim 7
  ncomp 1
  nvec 1
  epsrel 0
  epsabs 0
  flags 10
  seed 123456
  mineval 10000000
  maxeval 10000000
  nstart 1000000
  nincrease 1000000
  nbatch 5000
  gridno 0
  statefile ""

Iteration 1:  1000000 integrand evaluations so far
[1] 103175 +- 1828.07  	chisq 0 (0 df)

Iteration 2:  3000000 integrand evaluations so far
[1] 103954 +- 415.746  	chisq 0.191593 (1 df)

Iteration 3:  6000000 integrand evaluations so far
[1] 104486 +- 259.023  	chisq 2.86641 (2 df)

Iteration 4:  10000000 integrand evaluations so far
[1] 104366 +- 190.74  	chisq 3.33723 (3 df)
  104.37 ±   0.19 ·10⁺⁰³ ( 31.1s) ┃   49.58 ±   0.21 ·10⁺⁰³ (3.12mi) ┃
┃  0.8 -   0.9 ┃  48.062 ±  0.045 ·10⁺⁰³ ( 23.5s) ┃-100.602 ±  0.073 ·10⁺⁰³ ( 2.3mi) ┃Vegas input parameters:
  ndim 7
  ncomp 1
  nvec 1
  epsrel 0
  epsabs 0
  flags 10
  seed 123456
  mineval 10000000
  maxeval 10000000
  nstart 1000000
  nincrease 1000000
  nbatch 5000
  gridno 0
  statefile ""

Iteration 1:  1000000 integrand evaluations so far
[1] 102284 +- 1805.1  	chisq 0 (0 df)

Iteration 2:  3000000 integrand evaluations so far
[1] 101294 +- 402.766  	chisq 0.316566 (1 df)

Iteration 3:  6000000 integrand evaluations so far
[1] 101787 +- 312.299  	chisq 4.07926 (2 df)

Iteration 4:  10000000 integrand evaluations so far
[1] 101765 +- 242.633  	chisq 4.0914 (3 df)
  101.77 ±   0.24 ·10⁺⁰³ ( 31.5s) ┃   49.23 ±   0.26 ·10⁺⁰³ (3.22mi) ┃
┃  0.9 -     1 ┃  46.128 ±  0.029 ·10⁺⁰³ ( 11.8s) ┃ -97.632 ±  0.069 ·10⁺⁰³ (2.34mi) ┃Vegas input parameters:
  ndim 7
  ncomp 1
  nvec 1
  epsrel 0
  epsabs 0
  flags 10
  seed 123456
  mineval 10000000
  maxeval 10000000
  nstart 1000000
  nincrease 1000000
  nbatch 5000
  gridno 0
  statefile ""

Iteration 1:  1000000 integrand evaluations so far
[1] 96698 +- 1754.56  	chisq 0 (0 df)

Iteration 2:  3000000 integrand evaluations so far
[1] 98208 +- 389.972  	chisq 0.779188 (1 df)

Iteration 3:  6000000 integrand evaluations so far
[1] 98718.8 +- 241.553  	chisq 3.5625 (2 df)

Iteration 4:  10000000 integrand evaluations so far
[1] 98610.9 +- 181.76  	chisq 4.02249 (3 df)
   98.61 ±   0.18 ·10⁺⁰³ (   48s) ┃   47.11 ±    0.2 ·10⁺⁰³ (3.33mi) ┃
┃    1 -   1.1 ┃  44.971 ±  0.012 ·10⁺⁰³ ( 22.6s) ┃ -94.409 ±  0.065 ·10⁺⁰³ (2.31mi) ┃Vegas input parameters:
  ndim 7
  ncomp 1
  nvec 1
  epsrel 0
  epsabs 0
  flags 10
  seed 123456
  mineval 10000000
  maxeval 10000000
  nstart 1000000
  nincrease 1000000
  nbatch 5000
  gridno 0
  statefile ""

Iteration 1:  1000000 integrand evaluations so far
[1] 93245.4 +- 1713.8  	chisq 0 (0 df)

Iteration 2:  3000000 integrand evaluations so far
[1] 94811 +- 370.122  	chisq 0.875388 (1 df)

Iteration 3:  6000000 integrand evaluations so far
[1] 95449.4 +- 229.721  	chisq 5.71465 (2 df)

Iteration 4:  10000000 integrand evaluations so far
[1] 95411 +- 171.733  	chisq 5.77807 (3 df)
   95.41 ±   0.17 ·10⁺⁰³ ( 31.6s) ┃   45.97 ±   0.18 ·10⁺⁰³ (3.22mi) ┃
┃  1.1 -   1.2 ┃  43.119 ±  0.026 ·10⁺⁰³ ( 37.3s) ┃ -91.122 ±  0.064 ·10⁺⁰³ (2.32mi) ┃Vegas input parameters:
  ndim 7
  ncomp 1
  nvec 1
  epsrel 0
  epsabs 0
  flags 10
  seed 123456
  mineval 10000000
  maxeval 10000000
  nstart 1000000
  nincrease 1000000
  nbatch 5000
  gridno 0
  statefile ""

Iteration 1:  1000000 integrand evaluations so far
[1] 93692.3 +- 1713.68  	chisq 0 (0 df)

Iteration 2:  3000000 integrand evaluations so far
[1] 91761.2 +- 352.878  	chisq 1.32612 (1 df)

Iteration 3:  6000000 integrand evaluations so far
[1] 92147.4 +- 218.824  	chisq 3.27214 (2 df)

Iteration 4:  10000000 integrand evaluations so far
[1] 92149.1 +- 164.87  	chisq 3.27228 (3 df)
   92.15 ±   0.16 ·10⁺⁰³ ( 31.6s) ┃   44.15 ±   0.18 ·10⁺⁰³ (3.47mi) ┃
┃  1.2 -   1.3 ┃  41.976 ±  0.035 ·10⁺⁰³ ( 22.6s) ┃ -87.614 ±  0.013 ·10⁺⁰³ (4.28mi) ┃Vegas input parameters:
  ndim 7
  ncomp 1
  nvec 1
  epsrel 0
  epsabs 0
  flags 10
  seed 123456
  mineval 10000000
  maxeval 10000000
  nstart 1000000
  nincrease 1000000
  nbatch 5000
  gridno 0
  statefile ""

Iteration 1:  1000000 integrand evaluations so far
[1] 88001.9 +- 1642.1  	chisq 0 (0 df)

Iteration 2:  3000000 integrand evaluations so far
[1] 88120.2 +- 336.641  	chisq 0.00541877 (1 df)

Iteration 3:  6000000 integrand evaluations so far
[1] 88506.8 +- 208.286  	chisq 2.14302 (2 df)

Iteration 4:  10000000 integrand evaluations so far
[1] 88508.8 +- 152.882  	chisq 2.14321 (3 df)
   88.51 ±   0.15 ·10⁺⁰³ ( 31.6s) ┃   42.87 ±   0.16 ·10⁺⁰³ (5.18mi) ┃
┃  1.3 -   1.4 ┃  41.022 ±  0.025 ·10⁺⁰³ ( 17.7s) ┃  -83.95 ±  0.065 ·10⁺⁰³ ( 8.4mi) ┃Vegas input parameters:
  ndim 7
  ncomp 1
  nvec 1
  epsrel 0
  epsabs 0
  flags 10
  seed 123456
  mineval 10000000
  maxeval 10000000
  nstart 1000000
  nincrease 1000000
  nbatch 5000
  gridno 0
  statefile ""

Iteration 1:  1000000 integrand evaluations so far
[1] 85266.6 +- 1607.07  	chisq 0 (0 df)

Iteration 2:  3000000 integrand evaluations so far
[1] 84366 +- 317.14  	chisq 0.326744 (1 df)

Iteration 3:  6000000 integrand evaluations so far
[1] 84938.4 +- 198.646  	chisq 5.68731 (2 df)

Iteration 4:  10000000 integrand evaluations so far
[1] 84888.7 +- 146.139  	chisq 5.8236 (3 df)
   84.89 ±   0.15 ·10⁺⁰³ ( 31.2s) ┃   41.96 ±   0.16 ·10⁺⁰³ (9.21mi) ┃
┃  1.4 -   1.5 ┃  38.289 ±  0.036 ·10⁺⁰³ (1.06mi) ┃ -80.174 ±  0.034 ·10⁺⁰³ (14.9mi) ┃Vegas input parameters:
  ndim 7
  ncomp 1
  nvec 1
  epsrel 0
  epsabs 0
  flags 10
  seed 123456
  mineval 10000000
  maxeval 10000000
  nstart 1000000
  nincrease 1000000
  nbatch 5000
  gridno 0
  statefile ""

Iteration 1:  1000000 integrand evaluations so far
[1] 81088.6 +- 1559.74  	chisq 0 (0 df)

Iteration 2:  3000000 integrand evaluations so far
[1] 80905.6 +- 301.763  	chisq 0.0142979 (1 df)

Iteration 3:  6000000 integrand evaluations so far
[1] 81250.2 +- 188.276  	chisq 2.15038 (2 df)

Iteration 4:  10000000 integrand evaluations so far
[1] 81246.7 +- 139.901  	chisq 2.15117 (3 df)
   81.25 ±   0.14 ·10⁺⁰³ ( 30.6s) ┃   39.36 ±   0.15 ·10⁺⁰³ (16.5mi) ┃
┃  1.5 -   1.6 ┃  36.122 ±  0.033 ·10⁺⁰³ (1.02mi) ┃       0 ±      0        ( 239ms) ┃Vegas input parameters:
  ndim 7
  ncomp 1
  nvec 1
  epsrel 0
  epsabs 0
  flags 10
  seed 123456
  mineval 10000000
  maxeval 10000000
  nstart 1000000
  nincrease 1000000
  nbatch 5000
  gridno 0
  statefile ""

Iteration 1:  1000000 integrand evaluations so far
[1] 77632.3 +- 1515.62  	chisq 0 (0 df)

Iteration 2:  3000000 integrand evaluations so far
[1] 77015.2 +- 286.463  	chisq 0.171964 (1 df)

Iteration 3:  6000000 integrand evaluations so far
[1] 77431.3 +- 178.122  	chisq 3.61218 (2 df)

Iteration 4:  10000000 integrand evaluations so far
[1] 77368.7 +- 131.101  	chisq 3.88145 (3 df)
   77.37 ±   0.13 ·10⁺⁰³ ( 31.1s) ┃  113.49 ±   0.14 ·10⁺⁰³ (1.54mi) ┃
┃  1.6 -   1.7 ┃  34.101 ±  0.029 ·10⁺⁰³ ( 16.4s) ┃       0 ±      0        ( 176ms) ┃Vegas input parameters:
  ndim 7
  ncomp 1
  nvec 1
  epsrel 0
  epsabs 0
  flags 10
  seed 123456
  mineval 10000000
  maxeval 10000000
  nstart 1000000
  nincrease 1000000
  nbatch 5000
  gridno 0
  statefile ""

Iteration 1:  1000000 integrand evaluations so far
[1] 70847.3 +- 1434.19  	chisq 0 (0 df)

Iteration 2:  3000000 integrand evaluations so far
[1] 73053.9 +- 268.825  	chisq 2.45326 (1 df)

Iteration 3:  6000000 integrand evaluations so far
[1] 73408.6 +- 165.25  	chisq 5.25214 (2 df)

Iteration 4:  10000000 integrand evaluations so far
[1] 73388.1 +- 121.867  	chisq 5.28607 (3 df)
   73.39 ±   0.12 ·10⁺⁰³ ( 47.3s) ┃  107.49 ±   0.13 ·10⁺⁰³ (1.06mi) ┃
┃  1.7 -   1.8 ┃  33.802 ±  0.029 ·10⁺⁰³ ( 33.7s) ┃       0 ±      0        ( 230ms) ┃Vegas input parameters:
  ndim 7
  ncomp 1
  nvec 1
  epsrel 0
  epsabs 0
  flags 10
  seed 123456
  mineval 10000000
  maxeval 10000000
  nstart 1000000
  nincrease 1000000
  nbatch 5000
  gridno 0
  statefile ""

Iteration 1:  1000000 integrand evaluations so far
[1] 68111.3 +- 1393.76  	chisq 0 (0 df)

Iteration 2:  3000000 integrand evaluations so far
[1] 68865.5 +- 247.359  	chisq 0.302398 (1 df)

Iteration 3:  6000000 integrand evaluations so far
[1] 69284.9 +- 152.966  	chisq 4.95708 (2 df)

Iteration 4:  10000000 integrand evaluations so far
[1] 69302.7 +- 112.79  	chisq 4.98671 (3 df)
    69.3 ±   0.11 ·10⁺⁰³ ( 31.6s) ┃   103.1 ±   0.12 ·10⁺⁰³ (1.09mi) ┃
┃  1.8 -   1.9 ┃   31.75 ±  0.025 ·10⁺⁰³ (1.03mi) ┃       0 ±      0        ( 184ms) ┃Vegas input parameters:
  ndim 7
  ncomp 1
  nvec 1
  epsrel 0
  epsabs 0
  flags 10
  seed 123456
  mineval 10000000
  maxeval 10000000
  nstart 1000000
  nincrease 1000000
  nbatch 5000
  gridno 0
  statefile ""

Iteration 1:  1000000 integrand evaluations so far
[1] 65844.6 +- 1374.39  	chisq 0 (0 df)

Iteration 2:  3000000 integrand evaluations so far
[1] 65050.1 +- 231.161  	chisq 0.343893 (1 df)

Iteration 3:  6000000 integrand evaluations so far
[1] 65210.4 +- 142.527  	chisq 1.11983 (2 df)

Iteration 4:  10000000 integrand evaluations so far
[1] 65261.8 +- 104.906  	chisq 1.40383 (3 df)
   65.26 ±    0.1 ·10⁺⁰³ ( 30.7s) ┃   97.01 ±   0.11 ·10⁺⁰³ (1.55mi) ┃
┃  1.9 -     2 ┃  28.166 ±  0.014 ·10⁺⁰³ ( 33.1s) ┃       0 ±      0        ( 194ms) ┃Vegas input parameters:
  ndim 7
  ncomp 1
  nvec 1
  epsrel 0
  epsabs 0
  flags 10
  seed 123456
  mineval 10000000
  maxeval 10000000
  nstart 1000000
  nincrease 1000000
  nbatch 5000
  gridno 0
  statefile ""

Iteration 1:  1000000 integrand evaluations so far
[1] 61522 +- 1301  	chisq 0 (0 df)

Iteration 2:  3000000 integrand evaluations so far
[1] 60911.1 +- 214.53  	chisq 0.226614 (1 df)

Iteration 3:  6000000 integrand evaluations so far
[1] 61043.6 +- 131.151  	chisq 0.835287 (2 df)

Iteration 4:  10000000 integrand evaluations so far
[1] 61074.4 +- 97.7739  	chisq 0.959293 (3 df)
  61.074 ±  0.098 ·10⁺⁰³ (   31s) ┃   89.24 ±  0.099 ·10⁺⁰³ (1.07mi) ┃
┃    2 -   2.1 ┃  25.623 ±  0.018 ·10⁺⁰³ ( 15.4s) ┃       0 ±      0        ( 230ms) ┃Vegas input parameters:
  ndim 7
  ncomp 1
  nvec 1
  epsrel 0
  epsabs 0
  flags 10
  seed 123456
  mineval 10000000
  maxeval 10000000
  nstart 1000000
  nincrease 1000000
  nbatch 5000
  gridno 0
  statefile ""

Iteration 1:  1000000 integrand evaluations so far
[1] 57171.1 +- 1245.21  	chisq 0 (0 df)

Iteration 2:  3000000 integrand evaluations so far
[1] 57073.3 +- 200.305  	chisq 0.0063289 (1 df)

Iteration 3:  6000000 integrand evaluations so far
[1] 57116.8 +- 122.24  	chisq 0.081373 (2 df)

Iteration 4:  10000000 integrand evaluations so far
[1] 57067.8 +- 89.9784  	chisq 0.432148 (3 df)
  57.068 ±   0.09 ·10⁺⁰³ ( 30.8s) ┃  82.691 ±  0.092 ·10⁺⁰³ ( 46.4s) ┃
┃  2.1 -   2.2 ┃  25.596 ±  0.021 ·10⁺⁰³ (   55s) ┃       0 ±      0        ( 176ms) ┃Vegas input parameters:
  ndim 7
  ncomp 1
  nvec 1
  epsrel 0
  epsabs 0
  flags 10
  seed 123456
  mineval 10000000
  maxeval 10000000
  nstart 1000000
  nincrease 1000000
  nbatch 5000
  gridno 0
  statefile ""

Iteration 1:  1000000 integrand evaluations so far
[1] 51820.5 +- 1177.92  	chisq 0 (0 df)

Iteration 2:  3000000 integrand evaluations so far
[1] 53115.7 +- 185.207  	chisq 1.23979 (1 df)

Iteration 3:  6000000 integrand evaluations so far
[1] 53036.2 +- 113.852  	chisq 1.53646 (2 df)

Iteration 4:  10000000 integrand evaluations so far
[1] 53055.3 +- 84.4809  	chisq 1.59939 (3 df)
  53.055 ±  0.084 ·10⁺⁰³ ( 30.8s) ┃  78.651 ±  0.087 ·10⁺⁰³ (1.43mi) ┃
┃  2.2 -   2.3 ┃  24.497 ±  0.018 ·10⁺⁰³ ( 57.5s) ┃       0 ±      0        ( 149ms) ┃Vegas input parameters:
  ndim 7
  ncomp 1
  nvec 1
  epsrel 0
  epsabs 0
  flags 10
  seed 123456
  mineval 10000000
  maxeval 10000000
  nstart 1000000
  nincrease 1000000
  nbatch 5000
  gridno 0
  statefile ""

Iteration 1:  1000000 integrand evaluations so far
[1] 49292.1 +- 1143.24  	chisq 0 (0 df)

Iteration 2:  3000000 integrand evaluations so far
[1] 49067.9 +- 168.551  	chisq 0.0392947 (1 df)

Iteration 3:  6000000 integrand evaluations so far
[1] 49003.9 +- 102.541  	chisq 0.268704 (2 df)

Iteration 4:  10000000 integrand evaluations so far
[1] 48989.2 +- 76.7988  	chisq 0.315492 (3 df)
  48.989 ±  0.077 ·10⁺⁰³ ( 30.1s) ┃  73.486 ±  0.079 ·10⁺⁰³ (1.46mi) ┃
┃  2.3 -   2.4 ┃  21.092 ±  0.018 ·10⁺⁰³ ( 19.6s) ┃       0 ±      0        ( 195ms) ┃Vegas input parameters:
  ndim 7
  ncomp 1
  nvec 1
  epsrel 0
  epsabs 0
  flags 10
  seed 123456
  mineval 10000000
  maxeval 10000000
  nstart 1000000
  nincrease 1000000
  nbatch 5000
  gridno 0
  statefile ""

Iteration 1:  1000000 integrand evaluations so far
[1] 43878.5 +- 1059.75  	chisq 0 (0 df)

Iteration 2:  3000000 integrand evaluations so far
[1] 44842.6 +- 154.067  	chisq 0.8455 (1 df)

Iteration 3:  6000000 integrand evaluations so far
[1] 44939.6 +- 93.5269  	chisq 1.47275 (2 df)

Iteration 4:  10000000 integrand evaluations so far
[1] 44923.7 +- 67.9948  	chisq 1.53382 (3 df)
  44.924 ±  0.068 ·10⁺⁰³ ( 30.4s) ┃  66.016 ±   0.07 ·10⁺⁰³ ( 50.1s) ┃
┣━━━━━━━━━━━━━━╋━━━━━━━━━━━━━━━━━━━━━━━━━━━━━━━━━━╋━━━━━━━━━━━━━━━━━━━━━━━━━━━━━━━━━━╋━━━━━━━━━━━━━━━━━━━━━━━━━━━━━━━━━━╋━━━━━━━━━━━━━━━━━━━━━━━━━━━━━━━━━━┫
┃ -2.4 -   2.4 ┃ 1.94229 ± 0.0002 ·10⁺⁰⁶ (31.5mi) ┃-3.02587 ± 0.00037 ·10⁺⁰⁶ (1.88hr) ┃  4.1629 ± 0.0012 ·10⁺⁰⁶ (26.1mi) ┃  3.0793 ± 0.0012 ·10⁺⁰⁶ (2.84hr) ┃
┗━━━━━━━━━━━━━━┻━━━━━━━━━━━━━━━━━━━━━━━━━━━━━━━━━━┻━━━━━━━━━━━━━━━━━━━━━━━━━━━━━━━━━━┻━━━━━━━━━━━━━━━━━━━━━━━━━━━━━━━━━━┻━━━━━━━━━━━━━━━━━━━━━━━━━━━━━━━━━━┛

╍╍╍╍╍╍╍╍╍╍╍╍╍╍╍╍╍╍╍╍╍╍╍╍╍╍╍╍╍╍╍╍ Summary ╍╍╍╍╍╍╍╍╍╍╍╍╍╍╍╍╍╍╍╍╍╍╍╍╍╍╍╍╍╍╍
      Total cross section                    3.0793 ± 0.0012          nb
         Calculation time                               2.84       hours
              Output file                    outputs/etal_NLL_muR1.0_muF0.5.root            
      Result in text file                    outputs/etal_NLL_muR1.0_muF0.5.txt            

╍╍╍╍╍╍╍╍╍╍╍╍╍╍╍╍╍╍╍╍╍╍╍╍╍╍╍╍╍╍╍╍╍╍╍╍╍╍╍╍╍╍╍╍╍╍╍╍╍╍╍╍╍╍╍╍╍╍╍╍╍╍╍╍╍╍╍╍╍╍╍╍

