
╍╍╍╍╍╍╍╍╍╍╍╍╍╍╍╍╍╍╍╍╍╍╍╍╍╍╍ Process settings ╍╍╍╍╍╍╍╍╍╍╍╍╍╍╍╍╍╍╍╍╍╍╍╍╍╍╍
   proton-proton collisions at sqrt(s) = 13000 GeV 
   Computing NLO+NLL resummed cross section
   W+ ->  nu(p3)+e+(p4) production 

╍╍╍╍╍╍╍╍╍╍╍╍╍╍╍╍╍╍╍╍╍╍╍╍╍╍╍╍╍╍ CKM matrix ╍╍╍╍╍╍╍╍╍╍╍╍╍╍╍╍╍╍╍╍╍╍╍╍╍╍╍╍╍╍
     | Vud Vus Vub |   |   0.97427   0.2253  0.00351 | 
     | Vcd Vcs Vcb | = |    0.2252  0.97344   0.0412 | 
     | Vtd Vts Vtb |   |         0        0        0 | 

╍╍╍╍╍╍╍╍╍╍╍╍╍╍╍╍╍╍╍╍╍╍╍╍╍╍╍╍╍ EW parameters ╍╍╍╍╍╍╍╍╍╍╍╍╍╍╍╍╍╍╍╍╍╍╍╍╍╍╍╍
                                         Gf =  1.1663787e-05      GeV^-2
                                    1/alpha =  132.233229791            
                                 sin(thW)^2 = 0.222897222524            
                                     W mass =         80.385         GeV
                                     Z mass =        91.1876         GeV
                                    W width =          2.091         GeV
                                    Z width =          2.495         GeV

╍╍╍╍╍╍╍╍╍╍╍╍╍╍╍╍╍╍╍╍╍╍╍╍╍╍╍╍╍ QCD settings ╍╍╍╍╍╍╍╍╍╍╍╍╍╍╍╍╍╍╍╍╍╍╍╍╍╍╍╍╍
   Renormalization scale:     dynamic muren =              2      * m_ll
     Factorization scale:     dynamic mufac =              1      * m_ll
       Resummation scale:     dynamic mures =              1      * m_ll
          Strong coupling       alpha_s(MZ) =       0.118001            
                              running order =              2       -loop
         Non-perturbative     form factor g =            0.7       GeV^2

╍╍╍╍╍╍╍╍╍╍╍╍╍╍╍╍╍╍╍╍╍╍╍╍╍╍╍╍╍ PDF settings ╍╍╍╍╍╍╍╍╍╍╍╍╍╍╍╍╍╍╍╍╍╍╍╍╍╍╍╍╍
                                     PDF set:MSHT20nnlo_as118            
                                  PDF member:              0            
  Mellin moments of PDFs:                    Numerical integration            
                         nodes for the quadrature:            200            
                         Intervals for the quadrature:              1            

╍╍╍╍╍╍╍╍╍╍╍╍╍╍╍╍╍╍╍╍╍╍╍╍╍╍╍╍╍╍╍ qT recoil ╍╍╍╍╍╍╍╍╍╍╍╍╍╍╍╍╍╍╍╍╍╍╍╍╍╍╍╍╍╍
  qt-recoil prescription:       Collins-Soper kt1 = p_V(x)/2; kt2 = p_V(y)/2            

╍╍╍╍╍╍╍╍╍╍╍╍╍╍╍╍╍╍╍╍╍╍╍╍╍╍╍╍╍╍╍╍╍ Cuts ╍╍╍╍╍╍╍╍╍╍╍╍╍╍╍╍╍╍╍╍╍╍╍╍╍╍╍╍╍╍╍╍╍
                                  apply cuts:           true            
                                      pt_l >               0            
                                   |eta_l| <            1000            
                                    pt_lep >              25            
                                 |eta_lep| <             2.4            
                                   pt_alep >              25            
                                |eta_alep| <             2.4            
                                  user cuts:            true            

╍╍╍╍╍╍╍╍╍╍╍╍╍╍╍╍╍╍╍╍╍╍╍╍╍╍╍╍ ResummationDamp ╍╍╍╍╍╍╍╍╍╍╍╍╍╍╍╍╍╍╍╍╍╍╍╍╍╍╍
                                    damping :             on            
                                damping mode:              1            
                                  damp above:        60.2888         GeV
                               damping width:        20.0963         GeV
                          resummation cutoff:             20         MeV

╍╍╍╍╍╍╍╍╍╍╍╍╍╍╍╍╍╍╍╍╍╍╍╍╍╍╍╍ Debug settings ╍╍╍╍╍╍╍╍╍╍╍╍╍╍╍╍╍╍╍╍╍╍╍╍╍╍╍╍
                                 timeprofile:          false            
                                     verbose:          false            
                               cubaverbosity:              2            

╍╍╍╍╍╍╍╍╍╍╍╍╍╍╍╍╍╍╍╍╍╍╍╍╍╍╍╍╍╍╍╍╍╍╍╍╍╍╍╍╍╍╍╍╍╍╍╍╍╍╍╍╍╍╍╍╍╍╍╍╍╍╍╍╍╍╍╍╍╍╍╍

Warning: Histogram `a1_qt` contains non-integrable observable and will be deleted 
Warning: Histogram `a1_qt_vs_y` contains non-integrable observable and will be deleted 
Warning: Histogram `s_biganswer` contains non-integrable observable and will be deleted 
Warning: Histogram `wgt_a1_qt` contains non-integrable observable and will be deleted 

╍╍╍╍╍╍╍╍╍╍╍╍╍╍╍╍╍╍╍╍╍╍╍╍╍ Integration settings ╍╍╍╍╍╍╍╍╍╍╍╍╍╍╍╍╍╍╍╍╍╍╍╍╍
             Random seeds              123456                           
           Parallel cores                   1                           

             Resummation:     cuhre (dm, dpt)         iter =           5
                                   gauss (dy)        nodes =          64
                                                 intervals =           1
            Counter term:      cuhre (dm, dy)         iter =           5
                                  gauss (dpt)        nodes =          20
                                                 intervals =           5
                     V+J:            vegas 7D       ncalls =    10000000

Mellin inverse transform:           gaussian         nodes =          30
                                                 intervals =           1
                               imaginary axis         zmax =           2
  Angular variable costh:     semi-analytical      ncstart =         100
   Angular variables phi:            gaussian    intervals =          20

      Constant boundaries                  q2          low =          80
                                                      high =         100
                                            y          low =          -6
                                                      high =           6
                                           qT          low =           0
                                                      high =         100
                                        costh          low =          -1
                                                      high =           1
                                        pT(l)          low =           0
                                                      high =       13000

┏━━━━━━━━━━━━━━┰━━━━━━━━━━━━━━━━━━━━━━━━━━━━━━━━━━┰━━━━━━━━━━━━━━━━━━━━━━━━━━━━━━━━━━┰━━━━━━━━━━━━━━━━━━━━━━━━━━━━━━━━━━┰━━━━━━━━━━━━━━━━━━━━━━━━━━━━━━━━━━┓
┃       eta(l) ┃                      Resummation ┃                     Counter term ┃                              V+J ┃                            TOTAL ┃
┣━━━━━━━━━━━━━━╋━━━━━━━━━━━━━━━━━━━━━━━━━━━━━━━━━━╋━━━━━━━━━━━━━━━━━━━━━━━━━━━━━━━━━━╋━━━━━━━━━━━━━━━━━━━━━━━━━━━━━━━━━━╋━━━━━━━━━━━━━━━━━━━━━━━━━━━━━━━━━━┫
┃ -2.4 -  -2.3 ┃ 21.1767 ± 0.0079 ·10⁺⁰³ ( 13.8s) ┃       0 ±      0        ( 231ms) ┃Vegas input parameters:
  ndim 7
  ncomp 1
  nvec 1
  epsrel 0
  epsabs 0
  flags 10
  seed 123456
  mineval 10000000
  maxeval 10000000
  nstart 1000000
  nincrease 1000000
  nbatch 5000
  gridno 0
  statefile ""

Iteration 1:  1000000 integrand evaluations so far
[1] 46455.9 +- 1108.6  	chisq 0 (0 df)

Iteration 2:  3000000 integrand evaluations so far
[1] 45949.5 +- 155.044  	chisq 0.212815 (1 df)

Iteration 3:  6000000 integrand evaluations so far
[1] 46082.2 +- 108.873  	chisq 1.65687 (2 df)

Iteration 4:  10000000 integrand evaluations so far
[1] 46111.4 +- 103.746  	chisq 2.44179 (3 df)
   46.11 ±    0.1 ·10⁺⁰³ ( 32.2s) ┃   67.29 ±    0.1 ·10⁺⁰³ ( 46.2s) ┃
┃ -2.3 -  -2.2 ┃  24.596 ±  0.019 ·10⁺⁰³ (   49s) ┃       0 ±      0        ( 232ms) ┃Vegas input parameters:
  ndim 7
  ncomp 1
  nvec 1
  epsrel 0
  epsabs 0
  flags 10
  seed 123456
  mineval 10000000
  maxeval 10000000
  nstart 1000000
  nincrease 1000000
  nbatch 5000
  gridno 0
  statefile ""

Iteration 1:  1000000 integrand evaluations so far
[1] 49357.2 +- 1143.62  	chisq 0 (0 df)

Iteration 2:  3000000 integrand evaluations so far
[1] 50098.2 +- 176.336  	chisq 0.430053 (1 df)

Iteration 3:  6000000 integrand evaluations so far
[1] 50208.3 +- 123.784  	chisq 1.19799 (2 df)

Iteration 4:  10000000 integrand evaluations so far
[1] 50152.1 +- 91.5473  	chisq 1.65334 (3 df)
  50.152 ±  0.092 ·10⁺⁰³ ( 33.2s) ┃  74.748 ±  0.093 ·10⁺⁰³ (1.37mi) ┃
┃ -2.2 -  -2.1 ┃   25.87 ±  0.017 ·10⁺⁰³ ( 13.5s) ┃       0 ±      0        ( 232ms) ┃Vegas input parameters:
  ndim 7
  ncomp 1
  nvec 1
  epsrel 0
  epsabs 0
  flags 10
  seed 123456
  mineval 10000000
  maxeval 10000000
  nstart 1000000
  nincrease 1000000
  nbatch 5000
  gridno 0
  statefile ""

Iteration 1:  1000000 integrand evaluations so far
[1] 53342.9 +- 1202.93  	chisq 0 (0 df)

Iteration 2:  3000000 integrand evaluations so far
[1] 54346 +- 192.457  	chisq 0.71352 (1 df)

Iteration 3:  6000000 integrand evaluations so far
[1] 54425.7 +- 132.419  	chisq 1.03989 (2 df)

Iteration 4:  10000000 integrand evaluations so far
[1] 54346.4 +- 97.0244  	chisq 1.81537 (3 df)
  54.346 ±  0.097 ·10⁺⁰³ ( 33.1s) ┃  80.217 ±  0.099 ·10⁺⁰³ ( 46.8s) ┃
┃ -2.1 -    -2 ┃  25.569 ±  0.018 ·10⁺⁰³ (1.66mi) ┃       0 ±      0        ( 230ms) ┃Vegas input parameters:
  ndim 7
  ncomp 1
  nvec 1
  epsrel 0
  epsabs 0
  flags 10
  seed 123456
  mineval 10000000
  maxeval 10000000
  nstart 1000000
  nincrease 1000000
  nbatch 5000
  gridno 0
  statefile ""

Iteration 1:  1000000 integrand evaluations so far
[1] 57727.7 +- 1265.3  	chisq 0 (0 df)

Iteration 2:  3000000 integrand evaluations so far
[1] 58740.4 +- 209.438  	chisq 0.658653 (1 df)

Iteration 3:  6000000 integrand evaluations so far
[1] 58649.6 +- 127.45  	chisq 0.957687 (2 df)

Iteration 4:  10000000 integrand evaluations so far
[1] 58483.5 +- 92.9481  	chisq 4.5823 (3 df)
  58.484 ±  0.093 ·10⁺⁰³ ( 33.7s) ┃  84.053 ±  0.095 ·10⁺⁰³ (2.23mi) ┃
┃   -2 -  -1.9 ┃  28.287 ±  0.013 ·10⁺⁰³ ( 25.5s) ┃       0 ±      0        ( 233ms) ┃Vegas input parameters:
  ndim 7
  ncomp 1
  nvec 1
  epsrel 0
  epsabs 0
  flags 10
  seed 123456
  mineval 10000000
  maxeval 10000000
  nstart 1000000
  nincrease 1000000
  nbatch 5000
  gridno 0
  statefile ""

Iteration 1:  1000000 integrand evaluations so far
[1] 64634.7 +- 1356.53  	chisq 0 (0 df)

Iteration 2:  3000000 integrand evaluations so far
[1] 62993.1 +- 225.085  	chisq 1.50587 (1 df)

Iteration 3:  6000000 integrand evaluations so far
[1] 62930.1 +- 138.278  	chisq 1.63177 (2 df)

Iteration 4:  10000000 integrand evaluations so far
[1] 62735.4 +- 101.145  	chisq 5.8954 (3 df)
   62.74 ±    0.1 ·10⁺⁰³ ( 31.8s) ┃   91.02 ±    0.1 ·10⁺⁰³ ( 57.5s) ┃
┃ -1.9 -  -1.8 ┃  31.881 ±  0.026 ·10⁺⁰³ ( 49.7s) ┃       0 ±      0        ( 238ms) ┃Vegas input parameters:
  ndim 7
  ncomp 1
  nvec 1
  epsrel 0
  epsabs 0
  flags 10
  seed 123456
  mineval 10000000
  maxeval 10000000
  nstart 1000000
  nincrease 1000000
  nbatch 5000
  gridno 0
  statefile ""

Iteration 1:  1000000 integrand evaluations so far
[1] 65039 +- 1362.03  	chisq 0 (0 df)

Iteration 2:  3000000 integrand evaluations so far
[1] 67404.8 +- 243.102  	chisq 3.11626 (1 df)

Iteration 3:  6000000 integrand evaluations so far
[1] 67192.3 +- 148.694  	chisq 4.33662 (2 df)

Iteration 4:  10000000 integrand evaluations so far
[1] 67206.2 +- 146.728  	chisq 4.66694 (3 df)
   67.21 ±   0.15 ·10⁺⁰³ ( 33.7s) ┃   99.09 ±   0.15 ·10⁺⁰³ (1.39mi) ┃
┃ -1.8 -  -1.7 ┃ 33.8574 ± 0.0037 ·10⁺⁰³ (1.57mi) ┃       0 ±      0        ( 230ms) ┃Vegas input parameters:
  ndim 7
  ncomp 1
  nvec 1
  epsrel 0
  epsabs 0
  flags 10
  seed 123456
  mineval 10000000
  maxeval 10000000
  nstart 1000000
  nincrease 1000000
  nbatch 5000
  gridno 0
  statefile ""

Iteration 1:  1000000 integrand evaluations so far
[1] 72713.7 +- 1458.06  	chisq 0 (0 df)

Iteration 2:  3000000 integrand evaluations so far
[1] 71338.1 +- 258.074  	chisq 0.918975 (1 df)

Iteration 3:  6000000 integrand evaluations so far
[1] 71307.3 +- 157.959  	chisq 0.94167 (2 df)

Iteration 4:  10000000 integrand evaluations so far
[1] 71325 +- 155.973  	chisq 1.44349 (3 df)
   71.33 ±   0.16 ·10⁺⁰³ ( 31.6s) ┃  105.18 ±   0.16 ·10⁺⁰³ ( 2.1mi) ┃
┃ -1.7 -  -1.6 ┃  34.251 ±  0.023 ·10⁺⁰³ ( 13.8s) ┃       0 ±      0        ( 231ms) ┃Vegas input parameters:
  ndim 7
  ncomp 1
  nvec 1
  epsrel 0
  epsabs 0
  flags 10
  seed 123456
  mineval 10000000
  maxeval 10000000
  nstart 1000000
  nincrease 1000000
  nbatch 5000
  gridno 0
  statefile ""

Iteration 1:  1000000 integrand evaluations so far
[1] 77645.6 +- 1527.01  	chisq 0 (0 df)

Iteration 2:  3000000 integrand evaluations so far
[1] 75738 +- 279.566  	chisq 1.61468 (1 df)

Iteration 3:  6000000 integrand evaluations so far
[1] 75594.5 +- 172.155  	chisq 2.03954 (2 df)

Iteration 4:  10000000 integrand evaluations so far
[1] 75440.2 +- 126.576  	chisq 3.78829 (3 df)
   75.44 ±   0.13 ·10⁺⁰³ ( 43.8s) ┃  109.69 ±   0.13 ·10⁺⁰³ ( 57.8s) ┃
┃ -1.6 -  -1.5 ┃  36.286 ±  0.032 ·10⁺⁰³ ( 49.1s) ┃       0 ±      0        ( 230ms) ┃Vegas input parameters:
  ndim 7
  ncomp 1
  nvec 1
  epsrel 0
  epsabs 0
  flags 10
  seed 123456
  mineval 10000000
  maxeval 10000000
  nstart 1000000
  nincrease 1000000
  nbatch 5000
  gridno 0
  statefile ""

Iteration 1:  1000000 integrand evaluations so far
[1] 80107.9 +- 1555  	chisq 0 (0 df)

Iteration 2:  3000000 integrand evaluations so far
[1] 79819.5 +- 296.332  	chisq 0.0356973 (1 df)

Iteration 3:  6000000 integrand evaluations so far
[1] 79810.2 +- 183.937  	chisq 0.0372928 (2 df)

Iteration 4:  10000000 integrand evaluations so far
[1] 79599.7 +- 141.877  	chisq 3.27062 (3 df)
    79.6 ±   0.14 ·10⁺⁰³ ( 32.4s) ┃  115.89 ±   0.15 ·10⁺⁰³ (1.36mi) ┃
┃ -1.5 -  -1.4 ┃  38.458 ±  0.037 ·10⁺⁰³ ( 50.6s) ┃ -82.313 ±  0.035 ·10⁺⁰³ (16.6mi) ┃Vegas input parameters:
  ndim 7
  ncomp 1
  nvec 1
  epsrel 0
  epsabs 0
  flags 10
  seed 123456
  mineval 10000000
  maxeval 10000000
  nstart 1000000
  nincrease 1000000
  nbatch 5000
  gridno 0
  statefile ""

Iteration 1:  1000000 integrand evaluations so far
[1] 81778.2 +- 1583.02  	chisq 0 (0 df)

Iteration 2:  3000000 integrand evaluations so far
[1] 83744.4 +- 313.587  	chisq 1.60563 (1 df)

Iteration 3:  6000000 integrand evaluations so far
[1] 83746.8 +- 194.195  	chisq 1.60573 (2 df)

Iteration 4:  10000000 integrand evaluations so far
[1] 83761.4 +- 184.862  	chisq 1.66589 (3 df)
   83.76 ±   0.18 ·10⁺⁰³ ( 32.4s) ┃   39.91 ±   0.19 ·10⁺⁰³ (17.9mi) ┃
┃ -1.4 -  -1.3 ┃ 41.1106 ± 0.0019 ·10⁺⁰³ (1.61mi) ┃ -86.213 ±  0.068 ·10⁺⁰³ ( 8.5mi) ┃Vegas input parameters:
  ndim 7
  ncomp 1
  nvec 1
  epsrel 0
  epsabs 0
  flags 10
  seed 123456
  mineval 10000000
  maxeval 10000000
  nstart 1000000
  nincrease 1000000
  nbatch 5000
  gridno 0
  statefile ""

Iteration 1:  1000000 integrand evaluations so far
[1] 88920.2 +- 1665.35  	chisq 0 (0 df)

Iteration 2:  3000000 integrand evaluations so far
[1] 87805.2 +- 332.708  	chisq 0.466932 (1 df)

Iteration 3:  6000000 integrand evaluations so far
[1] 87745.4 +- 208.167  	chisq 0.519971 (2 df)

Iteration 4:  10000000 integrand evaluations so far
[1] 87755.1 +- 198.487  	chisq 0.543596 (3 df)
   87.76 ±    0.2 ·10⁺⁰³ (   47s) ┃   42.65 ±   0.21 ·10⁺⁰³ (10.9mi) ┃
┃ -1.3 -  -1.2 ┃   42.15 ±  0.011 ·10⁺⁰³ ( 16.4s) ┃ -89.997 ±  0.013 ·10⁺⁰³ (4.39mi) ┃Vegas input parameters:
  ndim 7
  ncomp 1
  nvec 1
  epsrel 0
  epsabs 0
  flags 10
  seed 123456
  mineval 10000000
  maxeval 10000000
  nstart 1000000
  nincrease 1000000
  nbatch 5000
  gridno 0
  statefile ""

Iteration 1:  1000000 integrand evaluations so far
[1] 91709 +- 1702.2  	chisq 0 (0 df)

Iteration 2:  3000000 integrand evaluations so far
[1] 91471.1 +- 352.023  	chisq 0.0203998 (1 df)

Iteration 3:  6000000 integrand evaluations so far
[1] 91529.1 +- 217.563  	chisq 0.0642476 (2 df)

Iteration 4:  10000000 integrand evaluations so far
[1] 91366 +- 160.167  	chisq 1.29092 (3 df)
   91.37 ±   0.16 ·10⁺⁰³ ( 33.2s) ┃   43.52 ±   0.16 ·10⁺⁰³ (5.22mi) ┃
┃ -1.2 -  -1.1 ┃  43.305 ±  0.026 ·10⁺⁰³ ( 28.1s) ┃  -93.62 ±  0.072 ·10⁺⁰³ (2.35mi) ┃Vegas input parameters:
  ndim 7
  ncomp 1
  nvec 1
  epsrel 0
  epsabs 0
  flags 10
  seed 123456
  mineval 10000000
  maxeval 10000000
  nstart 1000000
  nincrease 1000000
  nbatch 5000
  gridno 0
  statefile ""

Iteration 1:  1000000 integrand evaluations so far
[1] 94572 +- 1739.56  	chisq 0 (0 df)

Iteration 2:  3000000 integrand evaluations so far
[1] 95141 +- 369.036  	chisq 0.112029 (1 df)

Iteration 3:  6000000 integrand evaluations so far
[1] 95210.8 +- 229.48  	chisq 0.170453 (2 df)

Iteration 4:  10000000 integrand evaluations so far
[1] 94931.9 +- 168.816  	chisq 3.39107 (3 df)
   94.93 ±   0.17 ·10⁺⁰³ ( 32.9s) ┃   44.62 ±   0.19 ·10⁺⁰³ (3.36mi) ┃
┃ -1.1 -    -1 ┃  45.152 ±  0.028 ·10⁺⁰³ ( 16.7s) ┃ -97.016 ±  0.073 ·10⁺⁰³ (2.36mi) ┃Vegas input parameters:
  ndim 7
  ncomp 1
  nvec 1
  epsrel 0
  epsabs 0
  flags 10
  seed 123456
  mineval 10000000
  maxeval 10000000
  nstart 1000000
  nincrease 1000000
  nbatch 5000
  gridno 0
  statefile ""

Iteration 1:  1000000 integrand evaluations so far
[1] 100005 +- 1798.13  	chisq 0 (0 df)

Iteration 2:  3000000 integrand evaluations so far
[1] 98717.4 +- 386.645  	chisq 0.53739 (1 df)

Iteration 3:  6000000 integrand evaluations so far
[1] 98733.2 +- 239.412  	chisq 0.540101 (2 df)

Iteration 4:  10000000 integrand evaluations so far
[1] 98473.4 +- 176.163  	chisq 3.10825 (3 df)
   98.47 ±   0.18 ·10⁺⁰³ ( 33.2s) ┃   46.61 ±   0.19 ·10⁺⁰³ (3.19mi) ┃
┃   -1 -  -0.9 ┃  46.495 ±  0.041 ·10⁺⁰³ ( 47.5s) ┃-100.345 ±  0.078 ·10⁺⁰³ (2.36mi) ┃Vegas input parameters:
  ndim 7
  ncomp 1
  nvec 1
  epsrel 0
  epsabs 0
  flags 10
  seed 123456
  mineval 10000000
  maxeval 10000000
  nstart 1000000
  nincrease 1000000
  nbatch 5000
  gridno 0
  statefile ""

Iteration 1:  1000000 integrand evaluations so far
[1] 100221 +- 1800.08  	chisq 0 (0 df)

Iteration 2:  3000000 integrand evaluations so far
[1] 101613 +- 399.308  	chisq 0.628348 (1 df)

Iteration 3:  6000000 integrand evaluations so far
[1] 101734 +- 247.472  	chisq 0.777514 (2 df)

Iteration 4:  10000000 integrand evaluations so far
[1] 101648 +- 183.298  	chisq 1.04318 (3 df)
  101.65 ±   0.18 ·10⁺⁰³ ( 32.2s) ┃    47.8 ±    0.2 ·10⁺⁰³ (3.69mi) ┃
┃ -0.9 -  -0.8 ┃  48.264 ±  0.046 ·10⁺⁰³ ( 16.8s) ┃-103.414 ±  0.083 ·10⁺⁰³ (2.37mi) ┃Vegas input parameters:
  ndim 7
  ncomp 1
  nvec 1
  epsrel 0
  epsabs 0
  flags 10
  seed 123456
  mineval 10000000
  maxeval 10000000
  nstart 1000000
  nincrease 1000000
  nbatch 5000
  gridno 0
  statefile ""

Iteration 1:  1000000 integrand evaluations so far
[1] 103093 +- 1850.46  	chisq 0 (0 df)

Iteration 2:  3000000 integrand evaluations so far
[1] 104760 +- 416.295  	chisq 0.855036 (1 df)

Iteration 3:  6000000 integrand evaluations so far
[1] 104919 +- 257.763  	chisq 1.09094 (2 df)

Iteration 4:  10000000 integrand evaluations so far
[1] 104661 +- 189.794  	chisq 3.283 (3 df)
  104.66 ±   0.19 ·10⁺⁰³ ( 32.5s) ┃   49.51 ±   0.21 ·10⁺⁰³ (3.19mi) ┃
┃ -0.8 -  -0.7 ┃  48.832 ±  0.032 ·10⁺⁰³ ( 14.1s) ┃-106.313 ±  0.084 ·10⁺⁰³ (2.34mi) ┃Vegas input parameters:
  ndim 7
  ncomp 1
  nvec 1
  epsrel 0
  epsabs 0
  flags 10
  seed 123456
  mineval 10000000
  maxeval 10000000
  nstart 1000000
  nincrease 1000000
  nbatch 5000
  gridno 0
  statefile ""

Iteration 1:  1000000 integrand evaluations so far
[1] 106304 +- 1873.27  	chisq 0 (0 df)

Iteration 2:  3000000 integrand evaluations so far
[1] 107557 +- 427.381  	chisq 0.472522 (1 df)

Iteration 3:  6000000 integrand evaluations so far
[1] 107877 +- 265.199  	chisq 1.38076 (2 df)

Iteration 4:  10000000 integrand evaluations so far
[1] 107546 +- 196.038  	chisq 4.81455 (3 df)
  107.55 ±    0.2 ·10⁺⁰³ ( 31.6s) ┃   50.07 ±   0.22 ·10⁺⁰³ ( 3.1mi) ┃
┃ -0.7 -  -0.6 ┃  49.711 ±  0.027 ·10⁺⁰³ ( 27.6s) ┃-108.871 ±  0.084 ·10⁺⁰³ (2.34mi) ┃Vegas input parameters:
  ndim 7
  ncomp 1
  nvec 1
  epsrel 0
  epsabs 0
  flags 10
  seed 123456
  mineval 10000000
  maxeval 10000000
  nstart 1000000
  nincrease 1000000
  nbatch 5000
  gridno 0
  statefile ""

Iteration 1:  1000000 integrand evaluations so far
[1] 107922 +- 1895.75  	chisq 0 (0 df)

Iteration 2:  3000000 integrand evaluations so far
[1] 110270 +- 448.994  	chisq 1.62587 (1 df)

Iteration 3:  6000000 integrand evaluations so far
[1] 110521 +- 277.365  	chisq 2.13065 (2 df)

Iteration 4:  10000000 integrand evaluations so far
[1] 110126 +- 203.572  	chisq 6.52943 (3 df)
  110.13 ±    0.2 ·10⁺⁰³ ( 32.5s) ┃   50.97 ±   0.22 ·10⁺⁰³ (3.34mi) ┃
┃ -0.6 -  -0.5 ┃    50.7 ±  0.021 ·10⁺⁰³ ( 27.9s) ┃-111.353 ±  0.085 ·10⁺⁰³ (1.17mi) ┃Vegas input parameters:
  ndim 7
  ncomp 1
  nvec 1
  epsrel 0
  epsabs 0
  flags 10
  seed 123456
  mineval 10000000
  maxeval 10000000
  nstart 1000000
  nincrease 1000000
  nbatch 5000
  gridno 0
  statefile ""

Iteration 1:  1000000 integrand evaluations so far
[1] 111928 +- 1938.6  	chisq 0 (0 df)

Iteration 2:  3000000 integrand evaluations so far
[1] 112975 +- 460.732  	chisq 0.309636 (1 df)

Iteration 3:  6000000 integrand evaluations so far
[1] 112882 +- 286.968  	chisq 0.377154 (2 df)

Iteration 4:  10000000 integrand evaluations so far
[1] 112563 +- 210.548  	chisq 3.05717 (3 df)
  112.56 ±   0.21 ·10⁺⁰³ ( 31.4s) ┃   51.91 ±   0.23 ·10⁺⁰³ (2.16mi) ┃
┃ -0.5 -  -0.4 ┃  51.457 ±  0.036 ·10⁺⁰³ ( 13.8s) ┃ -113.42 ±  0.088 ·10⁺⁰³ (2.34mi) ┃Vegas input parameters:
  ndim 7
  ncomp 1
  nvec 1
  epsrel 0
  epsabs 0
  flags 10
  seed 123456
  mineval 10000000
  maxeval 10000000
  nstart 1000000
  nincrease 1000000
  nbatch 5000
  gridno 0
  statefile ""

Iteration 1:  1000000 integrand evaluations so far
[1] 110152 +- 1942.07  	chisq 0 (0 df)

Iteration 2:  3000000 integrand evaluations so far
[1] 114600 +- 472.56  	chisq 5.57618 (1 df)

Iteration 3:  6000000 integrand evaluations so far
[1] 114796 +- 295.487  	chisq 5.85993 (2 df)

Iteration 4:  10000000 integrand evaluations so far
[1] 114476 +- 216.618  	chisq 8.40335 (3 df)
  114.48 ±   0.22 ·10⁺⁰³ ( 43.2s) ┃   52.51 ±   0.24 ·10⁺⁰³ (3.29mi) ┃
┃ -0.4 -  -0.3 ┃  52.256 ±   0.04 ·10⁺⁰³ ( 28.3s) ┃-115.008 ±  0.096 ·10⁺⁰³ ( 2.4mi) ┃Vegas input parameters:
  ndim 7
  ncomp 1
  nvec 1
  epsrel 0
  epsabs 0
  flags 10
  seed 123456
  mineval 10000000
  maxeval 10000000
  nstart 1000000
  nincrease 1000000
  nbatch 5000
  gridno 0
  statefile ""

Iteration 1:  1000000 integrand evaluations so far
[1] 118006 +- 2013.08  	chisq 0 (0 df)

Iteration 2:  3000000 integrand evaluations so far
[1] 116769 +- 486.483  	chisq 0.400452 (1 df)

Iteration 3:  6000000 integrand evaluations so far
[1] 116485 +- 301.539  	chisq 0.954838 (2 df)

Iteration 4:  10000000 integrand evaluations so far
[1] 116156 +- 220.527  	chisq 3.52148 (3 df)
  116.16 ±   0.22 ·10⁺⁰³ ( 31.9s) ┃    53.4 ±   0.24 ·10⁺⁰³ ( 3.4mi) ┃
┃ -0.3 -  -0.2 ┃  51.527 ±  0.013 ·10⁺⁰³ (   47s) ┃-115.692 ±   0.09 ·10⁺⁰³ (2.34mi) ┃Vegas input parameters:
  ndim 7
  ncomp 1
  nvec 1
  epsrel 0
  epsabs 0
  flags 10
  seed 123456
  mineval 10000000
  maxeval 10000000
  nstart 1000000
  nincrease 1000000
  nbatch 5000
  gridno 0
  statefile ""

Iteration 1:  1000000 integrand evaluations so far
[1] 116785 +- 2006.97  	chisq 0 (0 df)

Iteration 2:  3000000 integrand evaluations so far
[1] 117412 +- 484.716  	chisq 0.103815 (1 df)

Iteration 3:  6000000 integrand evaluations so far
[1] 117290 +- 302.396  	chisq 0.208868 (2 df)

Iteration 4:  10000000 integrand evaluations so far
[1] 116969 +- 222.416  	chisq 2.65344 (3 df)
  116.97 ±   0.22 ·10⁺⁰³ ( 33.4s) ┃    52.8 ±   0.24 ·10⁺⁰³ (3.68mi) ┃
┃ -0.2 -  -0.1 ┃  52.259 ±  0.025 ·10⁺⁰³ ( 50.1s) ┃ -115.89 ±  0.038 ·10⁺⁰³ (2.26mi) ┃Vegas input parameters:
  ndim 7
  ncomp 1
  nvec 1
  epsrel 0
  epsabs 0
  flags 10
  seed 123456
  mineval 10000000
  maxeval 10000000
  nstart 1000000
  nincrease 1000000
  nbatch 5000
  gridno 0
  statefile ""

Iteration 1:  1000000 integrand evaluations so far
[1] 116209 +- 1991.08  	chisq 0 (0 df)

Iteration 2:  3000000 integrand evaluations so far
[1] 117681 +- 492.222  	chisq 0.582646 (1 df)

Iteration 3:  6000000 integrand evaluations so far
[1] 117465 +- 306.869  	chisq 0.898603 (2 df)

Iteration 4:  10000000 integrand evaluations so far
[1] 117328 +- 254.647  	chisq 1.53571 (3 df)
  117.33 ±   0.25 ·10⁺⁰³ ( 33.5s) ┃    53.7 ±   0.26 ·10⁺⁰³ (3.65mi) ┃
┃ -0.1 -     0 ┃  51.945 ±  0.032 ·10⁺⁰³ ( 48.9s) ┃-115.896 ±  0.015 ·10⁺⁰³ (4.49mi) ┃Vegas input parameters:
  ndim 7
  ncomp 1
  nvec 1
  epsrel 0
  epsabs 0
  flags 10
  seed 123456
  mineval 10000000
  maxeval 10000000
  nstart 1000000
  nincrease 1000000
  nbatch 5000
  gridno 0
  statefile ""

Iteration 1:  1000000 integrand evaluations so far
[1] 120858 +- 2042.11  	chisq 0 (0 df)

Iteration 2:  3000000 integrand evaluations so far
[1] 117806 +- 489.912  	chisq 2.36984 (1 df)

Iteration 3:  6000000 integrand evaluations so far
[1] 117544 +- 307.011  	chisq 2.84099 (2 df)

Iteration 4:  10000000 integrand evaluations so far
[1] 117290 +- 226.487  	chisq 4.33757 (3 df)
  117.29 ±   0.23 ·10⁺⁰³ ( 31.4s) ┃   53.34 ±   0.23 ·10⁺⁰³ (5.82mi) ┃
┃    0 -   0.1 ┃  51.945 ±  0.032 ·10⁺⁰³ ( 48.8s) ┃-115.896 ±  0.015 ·10⁺⁰³ (4.45mi) ┃Vegas input parameters:
  ndim 7
  ncomp 1
  nvec 1
  epsrel 0
  epsabs 0
  flags 10
  seed 123456
  mineval 10000000
  maxeval 10000000
  nstart 1000000
  nincrease 1000000
  nbatch 5000
  gridno 0
  statefile ""

Iteration 1:  1000000 integrand evaluations so far
[1] 121274 +- 2050.86  	chisq 0 (0 df)

Iteration 2:  3000000 integrand evaluations so far
[1] 117968 +- 492.449  	chisq 2.75675 (1 df)

Iteration 3:  6000000 integrand evaluations so far
[1] 117577 +- 307.664  	chisq 3.79396 (2 df)

Iteration 4:  10000000 integrand evaluations so far
[1] 117449 +- 251.131  	chisq 4.31194 (3 df)
  117.45 ±   0.25 ·10⁺⁰³ ( 31.4s) ┃    53.5 ±   0.25 ·10⁺⁰³ (5.79mi) ┃
┃  0.1 -   0.2 ┃  52.259 ±  0.026 ·10⁺⁰³ ( 51.3s) ┃-115.891 ±  0.038 ·10⁺⁰³ (2.25mi) ┃Vegas input parameters:
  ndim 7
  ncomp 1
  nvec 1
  epsrel 0
  epsabs 0
  flags 10
  seed 123456
  mineval 10000000
  maxeval 10000000
  nstart 1000000
  nincrease 1000000
  nbatch 5000
  gridno 0
  statefile ""

Iteration 1:  1000000 integrand evaluations so far
[1] 116715 +- 2007.2  	chisq 0 (0 df)

Iteration 2:  3000000 integrand evaluations so far
[1] 117598 +- 490.751  	chisq 0.205997 (1 df)

Iteration 3:  6000000 integrand evaluations so far
[1] 117559 +- 306.696  	chisq 0.216697 (2 df)

Iteration 4:  10000000 integrand evaluations so far
[1] 117217 +- 225.524  	chisq 2.91611 (3 df)
  117.22 ±   0.23 ·10⁺⁰³ ( 32.3s) ┃   53.59 ±   0.23 ·10⁺⁰³ (3.64mi) ┃
┃  0.2 -   0.3 ┃  51.528 ±  0.013 ·10⁺⁰³ ( 47.9s) ┃-115.692 ±   0.09 ·10⁺⁰³ ( 2.4mi) ┃Vegas input parameters:
  ndim 7
  ncomp 1
  nvec 1
  epsrel 0
  epsabs 0
  flags 10
  seed 123456
  mineval 10000000
  maxeval 10000000
  nstart 1000000
  nincrease 1000000
  nbatch 5000
  gridno 0
  statefile ""

Iteration 1:  1000000 integrand evaluations so far
[1] 117955 +- 2023.39  	chisq 0 (0 df)

Iteration 2:  3000000 integrand evaluations so far
[1] 117328 +- 482.917  	chisq 0.102028 (1 df)

Iteration 3:  6000000 integrand evaluations so far
[1] 117297 +- 302.27  	chisq 0.10845 (2 df)

Iteration 4:  10000000 integrand evaluations so far
[1] 116999 +- 222.89  	chisq 2.24463 (3 df)
     117 ±   0.22 ·10⁺⁰³ ( 31.9s) ┃   52.84 ±   0.24 ·10⁺⁰³ (3.73mi) ┃
┃  0.3 -   0.4 ┃  52.255 ±  0.039 ·10⁺⁰³ ( 26.7s) ┃-115.008 ±  0.096 ·10⁺⁰³ (2.36mi) ┃Vegas input parameters:
  ndim 7
  ncomp 1
  nvec 1
  epsrel 0
  epsabs 0
  flags 10
  seed 123456
  mineval 10000000
  maxeval 10000000
  nstart 1000000
  nincrease 1000000
  nbatch 5000
  gridno 0
  statefile ""

Iteration 1:  1000000 integrand evaluations so far
[1] 113444 +- 1964.65  	chisq 0 (0 df)

Iteration 2:  3000000 integrand evaluations so far
[1] 116169 +- 479.43  	chisq 2.04572 (1 df)

Iteration 3:  6000000 integrand evaluations so far
[1] 116392 +- 299.475  	chisq 2.4007 (2 df)

Iteration 4:  10000000 integrand evaluations so far
[1] 116043 +- 220.204  	chisq 5.35966 (3 df)
  116.04 ±   0.22 ·10⁺⁰³ (   32s) ┃   53.29 ±   0.24 ·10⁺⁰³ (3.33mi) ┃
┃  0.4 -   0.5 ┃  51.457 ±  0.036 ·10⁺⁰³ ( 13.7s) ┃ -113.42 ±  0.088 ·10⁺⁰³ (2.36mi) ┃Vegas input parameters:
  ndim 7
  ncomp 1
  nvec 1
  epsrel 0
  epsabs 0
  flags 10
  seed 123456
  mineval 10000000
  maxeval 10000000
  nstart 1000000
  nincrease 1000000
  nbatch 5000
  gridno 0
  statefile ""

Iteration 1:  1000000 integrand evaluations so far
[1] 115640 +- 2002.41  	chisq 0 (0 df)

Iteration 2:  3000000 integrand evaluations so far
[1] 114313 +- 466.914  	chisq 0.464139 (1 df)

Iteration 3:  6000000 integrand evaluations so far
[1] 114766 +- 291.433  	chisq 2.00608 (2 df)

Iteration 4:  10000000 integrand evaluations so far
[1] 114508 +- 214.536  	chisq 3.71963 (3 df)
  114.51 ±   0.21 ·10⁺⁰³ ( 31.8s) ┃   52.54 ±   0.23 ·10⁺⁰³ (3.12mi) ┃
┃  0.5 -   0.6 ┃  50.701 ±  0.021 ·10⁺⁰³ ( 28.1s) ┃-111.353 ±  0.085 ·10⁺⁰³ (1.12mi) ┃Vegas input parameters:
  ndim 7
  ncomp 1
  nvec 1
  epsrel 0
  epsabs 0
  flags 10
  seed 123456
  mineval 10000000
  maxeval 10000000
  nstart 1000000
  nincrease 1000000
  nbatch 5000
  gridno 0
  statefile ""

Iteration 1:  1000000 integrand evaluations so far
[1] 111370 +- 1952.23  	chisq 0 (0 df)

Iteration 2:  3000000 integrand evaluations so far
[1] 112595 +- 456.898  	chisq 0.41678 (1 df)

Iteration 3:  6000000 integrand evaluations so far
[1] 112654 +- 284.305  	chisq 0.443639 (2 df)

Iteration 4:  10000000 integrand evaluations so far
[1] 112423 +- 209.378  	chisq 1.88582 (3 df)
  112.42 ±   0.21 ·10⁺⁰³ ( 31.5s) ┃   51.77 ±   0.23 ·10⁺⁰³ (2.11mi) ┃
┃  0.6 -   0.7 ┃  49.711 ±  0.027 ·10⁺⁰³ ( 26.3s) ┃-108.871 ±  0.084 ·10⁺⁰³ (2.35mi) ┃Vegas input parameters:
  ndim 7
  ncomp 1
  nvec 1
  epsrel 0
  epsabs 0
  flags 10
  seed 123456
  mineval 10000000
  maxeval 10000000
  nstart 1000000
  nincrease 1000000
  nbatch 5000
  gridno 0
  statefile ""

Iteration 1:  1000000 integrand evaluations so far
[1] 110996 +- 1936.95  	chisq 0 (0 df)

Iteration 2:  3000000 integrand evaluations so far
[1] 109946 +- 439.576  	chisq 0.31004 (1 df)

Iteration 3:  6000000 integrand evaluations so far
[1] 110172 +- 273.812  	chisq 0.741069 (2 df)

Iteration 4:  10000000 integrand evaluations so far
[1] 109956 +- 203.686  	chisq 2.12439 (3 df)
  109.96 ±    0.2 ·10⁺⁰³ ( 32.7s) ┃    50.8 ±   0.22 ·10⁺⁰³ (3.34mi) ┃
┃  0.7 -   0.8 ┃  48.832 ±  0.032 ·10⁺⁰³ ( 14.2s) ┃-106.313 ±  0.084 ·10⁺⁰³ (2.33mi) ┃Vegas input parameters:
  ndim 7
  ncomp 1
  nvec 1
  epsrel 0
  epsabs 0
  flags 10
  seed 123456
  mineval 10000000
  maxeval 10000000
  nstart 1000000
  nincrease 1000000
  nbatch 5000
  gridno 0
  statefile ""

Iteration 1:  1000000 integrand evaluations so far
[1] 106111 +- 1892.37  	chisq 0 (0 df)

Iteration 2:  3000000 integrand evaluations so far
[1] 106741 +- 425.143  	chisq 0.117061 (1 df)

Iteration 3:  6000000 integrand evaluations so far
[1] 107377 +- 264.405  	chisq 3.75601 (2 df)

Iteration 4:  10000000 integrand evaluations so far
[1] 107233 +- 194.69  	chisq 4.39849 (3 df)
  107.23 ±   0.19 ·10⁺⁰³ ( 32.5s) ┃   49.75 ±   0.21 ·10⁺⁰³ (3.11mi) ┃
┃  0.8 -   0.9 ┃  48.264 ±  0.046 ·10⁺⁰³ ( 16.8s) ┃-103.414 ±  0.083 ·10⁺⁰³ (2.34mi) ┃Vegas input parameters:
  ndim 7
  ncomp 1
  nvec 1
  epsrel 0
  epsabs 0
  flags 10
  seed 123456
  mineval 10000000
  maxeval 10000000
  nstart 1000000
  nincrease 1000000
  nbatch 5000
  gridno 0
  statefile ""

Iteration 1:  1000000 integrand evaluations so far
[1] 105134 +- 1867.01  	chisq 0 (0 df)

Iteration 2:  3000000 integrand evaluations so far
[1] 104117 +- 413.871  	chisq 0.311876 (1 df)

Iteration 3:  6000000 integrand evaluations so far
[1] 104618 +- 321.855  	chisq 4.02719 (2 df)

Iteration 4:  10000000 integrand evaluations so far
[1] 104627 +- 251.696  	chisq 4.02922 (3 df)
  104.63 ±   0.25 ·10⁺⁰³ ( 33.9s) ┃   49.48 ±   0.27 ·10⁺⁰³ (3.18mi) ┃
┃  0.9 -     1 ┃  46.495 ±  0.041 ·10⁺⁰³ ( 48.3s) ┃-100.345 ±  0.078 ·10⁺⁰³ (2.32mi) ┃Vegas input parameters:
  ndim 7
  ncomp 1
  nvec 1
  epsrel 0
  epsabs 0
  flags 10
  seed 123456
  mineval 10000000
  maxeval 10000000
  nstart 1000000
  nincrease 1000000
  nbatch 5000
  gridno 0
  statefile ""

Iteration 1:  1000000 integrand evaluations so far
[1] 99407 +- 1814.98  	chisq 0 (0 df)

Iteration 2:  3000000 integrand evaluations so far
[1] 100929 +- 401.842  	chisq 0.739795 (1 df)

Iteration 3:  6000000 integrand evaluations so far
[1] 101471 +- 248.525  	chisq 3.67936 (2 df)

Iteration 4:  10000000 integrand evaluations so far
[1] 101402 +- 187.1  	chisq 3.85466 (3 df)
   101.4 ±   0.19 ·10⁺⁰³ ( 32.2s) ┃   47.55 ±   0.21 ·10⁺⁰³ (3.66mi) ┃
┃    1 -   1.1 ┃  45.152 ±  0.028 ·10⁺⁰³ ( 16.3s) ┃ -97.016 ±  0.073 ·10⁺⁰³ ( 2.2mi) ┃Vegas input parameters:
  ndim 7
  ncomp 1
  nvec 1
  epsrel 0
  epsabs 0
  flags 10
  seed 123456
  mineval 10000000
  maxeval 10000000
  nstart 1000000
  nincrease 1000000
  nbatch 5000
  gridno 0
  statefile ""

Iteration 1:  1000000 integrand evaluations so far
[1] 95864.2 +- 1773.19  	chisq 0 (0 df)

Iteration 2:  3000000 integrand evaluations so far
[1] 97256.3 +- 378.682  	chisq 0.645812 (1 df)

Iteration 3:  6000000 integrand evaluations so far
[1] 98005.5 +- 234.077  	chisq 6.97926 (2 df)

Iteration 4:  10000000 integrand evaluations so far
[1] 97960.2 +- 175.552  	chisq 7.06469 (3 df)
   97.96 ±   0.18 ·10⁺⁰³ ( 32.6s) ┃    46.1 ±   0.19 ·10⁺⁰³ (3.01mi) ┃
┃  1.1 -   1.2 ┃  43.305 ±  0.027 ·10⁺⁰³ ( 26.8s) ┃  -93.62 ±  0.072 ·10⁺⁰³ (2.28mi) ┃Vegas input parameters:
  ndim 7
  ncomp 1
  nvec 1
  epsrel 0
  epsabs 0
  flags 10
  seed 123456
  mineval 10000000
  maxeval 10000000
  nstart 1000000
  nincrease 1000000
  nbatch 5000
  gridno 0
  statefile ""

Iteration 1:  1000000 integrand evaluations so far
[1] 96304.3 +- 1772.34  	chisq 0 (0 df)

Iteration 2:  3000000 integrand evaluations so far
[1] 94247 +- 361.92  	chisq 1.40606 (1 df)

Iteration 3:  6000000 integrand evaluations so far
[1] 94592.9 +- 224.065  	chisq 2.88705 (2 df)

Iteration 4:  10000000 integrand evaluations so far
[1] 94615.4 +- 168.663  	chisq 2.91041 (3 df)
   94.62 ±   0.17 ·10⁺⁰³ ( 34.1s) ┃    44.3 ±   0.19 ·10⁺⁰³ (3.29mi) ┃
┃  1.2 -   1.3 ┃   42.15 ±  0.011 ·10⁺⁰³ (   17s) ┃ -89.997 ±  0.013 ·10⁺⁰³ (4.24mi) ┃Vegas input parameters:
  ndim 7
  ncomp 1
  nvec 1
  epsrel 0
  epsabs 0
  flags 10
  seed 123456
  mineval 10000000
  maxeval 10000000
  nstart 1000000
  nincrease 1000000
  nbatch 5000
  gridno 0
  statefile ""

Iteration 1:  1000000 integrand evaluations so far
[1] 90398.7 +- 1697.68  	chisq 0 (0 df)

Iteration 2:  3000000 integrand evaluations so far
[1] 90477.3 +- 345.703  	chisq 0.00223437 (1 df)

Iteration 3:  6000000 integrand evaluations so far
[1] 90940.9 +- 214.005  	chisq 2.91785 (2 df)

Iteration 4:  10000000 integrand evaluations so far
[1] 90946.9 +- 157.09  	chisq 2.91958 (3 df)
   90.95 ±   0.16 ·10⁺⁰³ ( 34.1s) ┃    43.1 ±   0.16 ·10⁺⁰³ (5.09mi) ┃
┃  1.3 -   1.4 ┃ 41.1106 ± 0.0017 ·10⁺⁰³ (1.63mi) ┃ -86.213 ±  0.068 ·10⁺⁰³ (7.88mi) ┃Vegas input parameters:
  ndim 7
  ncomp 1
  nvec 1
  epsrel 0
  epsabs 0
  flags 10
  seed 123456
  mineval 10000000
  maxeval 10000000
  nstart 1000000
  nincrease 1000000
  nbatch 5000
  gridno 0
  statefile ""

Iteration 1:  1000000 integrand evaluations so far
[1] 87556 +- 1660.6  	chisq 0 (0 df)

Iteration 2:  3000000 integrand evaluations so far
[1] 86624.1 +- 325.64  	chisq 0.327495 (1 df)

Iteration 3:  6000000 integrand evaluations so far
[1] 87166.9 +- 202.91  	chisq 4.87014 (2 df)

Iteration 4:  10000000 integrand evaluations so far
[1] 87219 +- 156.695  	chisq 5.03293 (3 df)
   87.22 ±   0.16 ·10⁺⁰³ (   31s) ┃   42.12 ±   0.17 ·10⁺⁰³ (  10mi) ┃
┃  1.4 -   1.5 ┃  38.458 ±  0.037 ·10⁺⁰³ ( 49.1s) ┃ -82.313 ±  0.035 ·10⁺⁰³ (15.3mi) ┃Vegas input parameters:
  ndim 7
  ncomp 1
  nvec 1
  epsrel 0
  epsabs 0
  flags 10
  seed 123456
  mineval 10000000
  maxeval 10000000
  nstart 1000000
  nincrease 1000000
  nbatch 5000
  gridno 0
  statefile ""

Iteration 1:  1000000 integrand evaluations so far
[1] 83277.8 +- 1611.86  	chisq 0 (0 df)

Iteration 2:  3000000 integrand evaluations so far
[1] 83109.2 +- 310.649  	chisq 0.0113691 (1 df)

Iteration 3:  6000000 integrand evaluations so far
[1] 83419.1 +- 193.739  	chisq 1.63981 (2 df)

Iteration 4:  10000000 integrand evaluations so far
[1] 83376.4 +- 143.232  	chisq 1.7467 (3 df)
   83.38 ±   0.14 ·10⁺⁰³ ( 32.3s) ┃   39.52 ±   0.15 ·10⁺⁰³ (16.7mi) ┃
┃  1.5 -   1.6 ┃  36.287 ±  0.032 ·10⁺⁰³ ( 45.3s) ┃       0 ±      0        ( 185ms) ┃Vegas input parameters:
  ndim 7
  ncomp 1
  nvec 1
  epsrel 0
  epsabs 0
  flags 10
  seed 123456
  mineval 10000000
  maxeval 10000000
  nstart 1000000
  nincrease 1000000
  nbatch 5000
  gridno 0
  statefile ""

Iteration 1:  1000000 integrand evaluations so far
[1] 79704.6 +- 1565.91  	chisq 0 (0 df)

Iteration 2:  3000000 integrand evaluations so far
[1] 78977.2 +- 293.062  	chisq 0.223652 (1 df)

Iteration 3:  6000000 integrand evaluations so far
[1] 79466.9 +- 182.525  	chisq 4.78556 (2 df)

Iteration 4:  10000000 integrand evaluations so far
[1] 79471 +- 139.989  	chisq 4.78679 (3 df)
   79.47 ±   0.14 ·10⁺⁰³ ( 31.7s) ┃  115.76 ±   0.14 ·10⁺⁰³ (1.29mi) ┃
┃  1.6 -   1.7 ┃  34.251 ±  0.023 ·10⁺⁰³ ( 13.8s) ┃       0 ±      0        ( 231ms) ┃Vegas input parameters:
  ndim 7
  ncomp 1
  nvec 1
  epsrel 0
  epsabs 0
  flags 10
  seed 123456
  mineval 10000000
  maxeval 10000000
  nstart 1000000
  nincrease 1000000
  nbatch 5000
  gridno 0
  statefile ""

Iteration 1:  1000000 integrand evaluations so far
[1] 72631.9 +- 1479.92  	chisq 0 (0 df)

Iteration 2:  3000000 integrand evaluations so far
[1] 74958.1 +- 275.78  	chisq 2.5595 (1 df)

Iteration 3:  6000000 integrand evaluations so far
[1] 75336.7 +- 169.728  	chisq 5.59356 (2 df)

Iteration 4:  10000000 integrand evaluations so far
[1] 75311.4 +- 125.436  	chisq 5.64259 (3 df)
   75.31 ±   0.13 ·10⁺⁰³ (   32s) ┃  109.56 ±   0.13 ·10⁺⁰³ ( 46.1s) ┃
┃  1.7 -   1.8 ┃ 33.8574 ± 0.0039 ·10⁺⁰³ (1.53mi) ┃       0 ±      0        ( 228ms) ┃Vegas input parameters:
  ndim 7
  ncomp 1
  nvec 1
  epsrel 0
  epsabs 0
  flags 10
  seed 123456
  mineval 10000000
  maxeval 10000000
  nstart 1000000
  nincrease 1000000
  nbatch 5000
  gridno 0
  statefile ""

Iteration 1:  1000000 integrand evaluations so far
[1] 69873.3 +- 1438.55  	chisq 0 (0 df)

Iteration 2:  3000000 integrand evaluations so far
[1] 70661.9 +- 253.966  	chisq 0.310112 (1 df)

Iteration 3:  6000000 integrand evaluations so far
[1] 71055.6 +- 156.948  	chisq 4.19858 (2 df)

Iteration 4:  10000000 integrand evaluations so far
[1] 71050.3 +- 115.481  	chisq 4.20104 (3 df)
   71.05 ±   0.12 ·10⁺⁰³ ( 31.3s) ┃  104.91 ±   0.12 ·10⁺⁰³ (2.05mi) ┃
┃  1.8 -   1.9 ┃  31.881 ±  0.026 ·10⁺⁰³ ( 41.8s) ┃       0 ±      0        ( 198ms) ┃Vegas input parameters:
  ndim 7
  ncomp 1
  nvec 1
  epsrel 0
  epsabs 0
  flags 10
  seed 123456
  mineval 10000000
  maxeval 10000000
  nstart 1000000
  nincrease 1000000
  nbatch 5000
  gridno 0
  statefile ""

Iteration 1:  1000000 integrand evaluations so far
[1] 67534.9 +- 1418.09  	chisq 0 (0 df)

Iteration 2:  3000000 integrand evaluations so far
[1] 66688.9 +- 236.795  	chisq 0.36607 (1 df)

Iteration 3:  6000000 integrand evaluations so far
[1] 66860.6 +- 145.635  	chisq 1.21133 (2 df)

Iteration 4:  10000000 integrand evaluations so far
[1] 66891.3 +- 107.656  	chisq 1.3091 (3 df)
   66.89 ±   0.11 ·10⁺⁰³ ( 30.2s) ┃   98.77 ±   0.11 ·10⁺⁰³ ( 1.2mi) ┃
┃  1.9 -     2 ┃  28.286 ±  0.013 ·10⁺⁰³ ( 21.6s) ┃       0 ±      0        ( 165ms) ┃Vegas input parameters:
  ndim 7
  ncomp 1
  nvec 1
  epsrel 0
  epsabs 0
  flags 10
  seed 123456
  mineval 10000000
  maxeval 10000000
  nstart 1000000
  nincrease 1000000
  nbatch 5000
  gridno 0
  statefile ""

Iteration 1:  1000000 integrand evaluations so far
[1] 63002.5 +- 1340.8  	chisq 0 (0 df)

Iteration 2:  3000000 integrand evaluations so far
[1] 62367 +- 219.456  	chisq 0.230805 (1 df)

Iteration 3:  6000000 integrand evaluations so far
[1] 62554.5 +- 134.304  	chisq 1.39754 (2 df)

Iteration 4:  10000000 integrand evaluations so far
[1] 62579.5 +- 99.9251  	chisq 1.47538 (3 df)
   62.58 ±    0.1 ·10⁺⁰³ (   31s) ┃   90.87 ±    0.1 ·10⁺⁰³ ( 52.8s) ┃
┃    2 -   2.1 ┃   25.57 ±  0.018 ·10⁺⁰³ (1.43mi) ┃       0 ±      0        ( 222ms) ┃Vegas input parameters:
  ndim 7
  ncomp 1
  nvec 1
  epsrel 0
  epsabs 0
  flags 10
  seed 123456
  mineval 10000000
  maxeval 10000000
  nstart 1000000
  nincrease 1000000
  nbatch 5000
  gridno 0
  statefile ""

Iteration 1:  1000000 integrand evaluations so far
[1] 58547.2 +- 1282.97  	chisq 0 (0 df)

Iteration 2:  3000000 integrand evaluations so far
[1] 58490.6 +- 204.85  	chisq 0.00199757 (1 df)

Iteration 3:  6000000 integrand evaluations so far
[1] 58514.4 +- 124.731  	chisq 0.0235219 (2 df)

Iteration 4:  10000000 integrand evaluations so far
[1] 58441.6 +- 91.6758  	chisq 0.76392 (3 df)
  58.442 ±  0.092 ·10⁺⁰³ ( 31.6s) ┃  84.011 ±  0.094 ·10⁺⁰³ (1.96mi) ┃
┃  2.1 -   2.2 ┃   25.87 ±  0.017 ·10⁺⁰³ ( 10.7s) ┃       0 ±      0        ( 223ms) ┃Vegas input parameters:
  ndim 7
  ncomp 1
  nvec 1
  epsrel 0
  epsabs 0
  flags 10
  seed 123456
  mineval 10000000
  maxeval 10000000
  nstart 1000000
  nincrease 1000000
  nbatch 5000
  gridno 0
  statefile ""

Iteration 1:  1000000 integrand evaluations so far
[1] 53014.8 +- 1212.76  	chisq 0 (0 df)

Iteration 2:  3000000 integrand evaluations so far
[1] 54310.4 +- 189.32  	chisq 1.16976 (1 df)

Iteration 3:  6000000 integrand evaluations so far
[1] 54243.5 +- 115.662  	chisq 1.36882 (2 df)

Iteration 4:  10000000 integrand evaluations so far
[1] 54323.2 +- 86.9766  	chisq 2.46166 (3 df)
  54.323 ±  0.087 ·10⁺⁰³ ( 31.6s) ┃  80.193 ±  0.089 ·10⁺⁰³ ( 42.5s) ┃
┃  2.2 -   2.3 ┃  24.596 ±  0.019 ·10⁺⁰³ ( 41.9s) ┃       0 ±      0        ( 232ms) ┃Vegas input parameters:
  ndim 7
  ncomp 1
  nvec 1
  epsrel 0
  epsabs 0
  flags 10
  seed 123456
  mineval 10000000
  maxeval 10000000
  nstart 1000000
  nincrease 1000000
  nbatch 5000
  gridno 0
  statefile ""

Iteration 1:  1000000 integrand evaluations so far
[1] 50423.9 +- 1176.91  	chisq 0 (0 df)

Iteration 2:  3000000 integrand evaluations so far
[1] 50192.2 +- 172.159  	chisq 0.0396149 (1 df)

Iteration 3:  6000000 integrand evaluations so far
[1] 50111.5 +- 104.337  	chisq 0.386939 (2 df)

Iteration 4:  10000000 integrand evaluations so far
[1] 50150.7 +- 81.2238  	chisq 0.745031 (3 df)
  50.151 ±  0.081 ·10⁺⁰³ ( 31.4s) ┃  74.747 ±  0.083 ·10⁺⁰³ (1.23mi) ┃
┃  2.3 -   2.4 ┃ 21.1774 ± 0.0079 ·10⁺⁰³ ( 10.6s) ┃       0 ±      0        ( 224ms) ┃Vegas input parameters:
  ndim 7
  ncomp 1
  nvec 1
  epsrel 0
  epsabs 0
  flags 10
  seed 123456
  mineval 10000000
  maxeval 10000000
  nstart 1000000
  nincrease 1000000
  nbatch 5000
  gridno 0
  statefile ""

Iteration 1:  1000000 integrand evaluations so far
[1] 44851.9 +- 1090.11  	chisq 0 (0 df)

Iteration 2:  3000000 integrand evaluations so far
[1] 45871.1 +- 157.563  	chisq 0.892776 (1 df)

Iteration 3:  6000000 integrand evaluations so far
[1] 45948.4 +- 95.5261  	chisq 1.2737 (2 df)

Iteration 4:  10000000 integrand evaluations so far
[1] 45982 +- 73.6858  	chisq 1.57857 (3 df)
  45.982 ±  0.074 ·10⁺⁰³ ( 50.5s) ┃  67.159 ±  0.074 ·10⁺⁰³ (1.02mi) ┃
┣━━━━━━━━━━━━━━╋━━━━━━━━━━━━━━━━━━━━━━━━━━━━━━━━━━╋━━━━━━━━━━━━━━━━━━━━━━━━━━━━━━━━━━╋━━━━━━━━━━━━━━━━━━━━━━━━━━━━━━━━━━╋━━━━━━━━━━━━━━━━━━━━━━━━━━━━━━━━━━┫
┃ -2.4 -   2.4 ┃  1.9508 ± 0.00019 ·10⁺⁰⁶ (30.5mi) ┃-3.11072 ± 0.00039 ·10⁺⁰⁶ (1.91hr) ┃  4.2766 ± 0.0012 ·10⁺⁰⁶ (26.8mi) ┃  3.1167 ± 0.0013 ·10⁺⁰⁶ (2.87hr) ┃
┗━━━━━━━━━━━━━━┻━━━━━━━━━━━━━━━━━━━━━━━━━━━━━━━━━━┻━━━━━━━━━━━━━━━━━━━━━━━━━━━━━━━━━━┻━━━━━━━━━━━━━━━━━━━━━━━━━━━━━━━━━━┻━━━━━━━━━━━━━━━━━━━━━━━━━━━━━━━━━━┛

╍╍╍╍╍╍╍╍╍╍╍╍╍╍╍╍╍╍╍╍╍╍╍╍╍╍╍╍╍╍╍╍ Summary ╍╍╍╍╍╍╍╍╍╍╍╍╍╍╍╍╍╍╍╍╍╍╍╍╍╍╍╍╍╍╍
      Total cross section                    3.1167 ± 0.0013          nb
         Calculation time                               2.87       hours
              Output file                    outputs/etal_NLL_muR2.0_muF1.0.root            
      Result in text file                    outputs/etal_NLL_muR2.0_muF1.0.txt            

╍╍╍╍╍╍╍╍╍╍╍╍╍╍╍╍╍╍╍╍╍╍╍╍╍╍╍╍╍╍╍╍╍╍╍╍╍╍╍╍╍╍╍╍╍╍╍╍╍╍╍╍╍╍╍╍╍╍╍╍╍╍╍╍╍╍╍╍╍╍╍╍

