
╍╍╍╍╍╍╍╍╍╍╍╍╍╍╍╍╍╍╍╍╍╍╍╍╍╍╍ Process settings ╍╍╍╍╍╍╍╍╍╍╍╍╍╍╍╍╍╍╍╍╍╍╍╍╍╍╍
   proton-proton collisions at sqrt(s) = 13000 GeV 
   Computing NNLO+NNLL resummed cross section
   W+ ->  nu(p3)+e+(p4) production 

╍╍╍╍╍╍╍╍╍╍╍╍╍╍╍╍╍╍╍╍╍╍╍╍╍╍╍╍╍╍ CKM matrix ╍╍╍╍╍╍╍╍╍╍╍╍╍╍╍╍╍╍╍╍╍╍╍╍╍╍╍╍╍╍
     | Vud Vus Vub |   |   0.97427   0.2253  0.00351 | 
     | Vcd Vcs Vcb | = |    0.2252  0.97344   0.0412 | 
     | Vtd Vts Vtb |   |         0        0        0 | 

╍╍╍╍╍╍╍╍╍╍╍╍╍╍╍╍╍╍╍╍╍╍╍╍╍╍╍╍╍ EW parameters ╍╍╍╍╍╍╍╍╍╍╍╍╍╍╍╍╍╍╍╍╍╍╍╍╍╍╍╍
                                         Gf =  1.1663787e-05      GeV^-2
                                    1/alpha =  132.233229791            
                                 sin(thW)^2 = 0.222897222524            
                                     W mass =         80.385         GeV
                                     Z mass =        91.1876         GeV
                                    W width =          2.091         GeV
                                    Z width =          2.495         GeV

╍╍╍╍╍╍╍╍╍╍╍╍╍╍╍╍╍╍╍╍╍╍╍╍╍╍╍╍╍ QCD settings ╍╍╍╍╍╍╍╍╍╍╍╍╍╍╍╍╍╍╍╍╍╍╍╍╍╍╍╍╍
   Renormalization scale:     dynamic muren =              1      * m_ll
     Factorization scale:     dynamic mufac =              1      * m_ll
       Resummation scale:     dynamic mures =              1      * m_ll
          Strong coupling       alpha_s(MZ) =       0.118001            
                              running order =              3       -loop
         Non-perturbative     form factor g =            0.7       GeV^2

╍╍╍╍╍╍╍╍╍╍╍╍╍╍╍╍╍╍╍╍╍╍╍╍╍╍╍╍╍ PDF settings ╍╍╍╍╍╍╍╍╍╍╍╍╍╍╍╍╍╍╍╍╍╍╍╍╍╍╍╍╍
                                     PDF set:MSHT20nnlo_as118            
                                  PDF member:              0            
  Mellin moments of PDFs:                    Numerical integration            
                         nodes for the quadrature:            200            
                         Intervals for the quadrature:              1            

╍╍╍╍╍╍╍╍╍╍╍╍╍╍╍╍╍╍╍╍╍╍╍╍╍╍╍╍╍╍╍ qT recoil ╍╍╍╍╍╍╍╍╍╍╍╍╍╍╍╍╍╍╍╍╍╍╍╍╍╍╍╍╍╍
  qt-recoil prescription:       Collins-Soper kt1 = p_V(x)/2; kt2 = p_V(y)/2            

╍╍╍╍╍╍╍╍╍╍╍╍╍╍╍╍╍╍╍╍╍╍╍╍╍╍╍╍╍╍╍╍╍ Cuts ╍╍╍╍╍╍╍╍╍╍╍╍╍╍╍╍╍╍╍╍╍╍╍╍╍╍╍╍╍╍╍╍╍
                                  apply cuts:           true            
                                      pt_l >               0            
                                   |eta_l| <            1000            
                                    pt_lep >              25            
                                 |eta_lep| <             2.4            
                                   pt_alep >              25            
                                |eta_alep| <             2.4            
                                  user cuts:            true            

╍╍╍╍╍╍╍╍╍╍╍╍╍╍╍╍╍╍╍╍╍╍╍╍╍╍╍╍ ResummationDamp ╍╍╍╍╍╍╍╍╍╍╍╍╍╍╍╍╍╍╍╍╍╍╍╍╍╍╍
                                    damping :             on            
                                damping mode:              1            
                                  damp above:        60.2888         GeV
                               damping width:        20.0963         GeV
                          resummation cutoff:             20         MeV

╍╍╍╍╍╍╍╍╍╍╍╍╍╍╍╍╍╍╍╍╍╍╍╍╍╍╍╍ Debug settings ╍╍╍╍╍╍╍╍╍╍╍╍╍╍╍╍╍╍╍╍╍╍╍╍╍╍╍╍
                                 timeprofile:          false            
                                     verbose:          false            
                               cubaverbosity:              2            

╍╍╍╍╍╍╍╍╍╍╍╍╍╍╍╍╍╍╍╍╍╍╍╍╍╍╍╍╍╍╍╍╍╍╍╍╍╍╍╍╍╍╍╍╍╍╍╍╍╍╍╍╍╍╍╍╍╍╍╍╍╍╍╍╍╍╍╍╍╍╍╍

Warning: Histogram `a1_qt` contains non-integrable observable and will be deleted 
Warning: Histogram `a1_qt_vs_y` contains non-integrable observable and will be deleted 
Warning: Histogram `s_biganswer` contains non-integrable observable and will be deleted 
Warning: Histogram `wgt_a1_qt` contains non-integrable observable and will be deleted 

╍╍╍╍╍╍╍╍╍╍╍╍╍╍╍╍╍╍╍╍╍╍╍╍╍ Integration settings ╍╍╍╍╍╍╍╍╍╍╍╍╍╍╍╍╍╍╍╍╍╍╍╍╍
             Random seeds              123456                           
           Parallel cores                   1                           

             Resummation:     cuhre (dm, dpt)         iter =           5
                                   gauss (dy)        nodes =          64
                                                 intervals =           1
            Counter term:      cuhre (dm, dy)         iter =           5
                                  gauss (dpt)        nodes =          20
                                                 intervals =           5
                V+J Real:               vegas       ncalls =    50000000
             V+J Virtual:               vegas       ncalls =     5000000

Mellin inverse transform:           gaussian         nodes =          30
                                                 intervals =           1
                               imaginary axis         zmax =           2
  Angular variable costh:     semi-analytical      ncstart =         100
   Angular variables phi:            gaussian    intervals =          20

      Constant boundaries                  q2          low =          80
                                                      high =         100
                                            y          low =          -6
                                                      high =           6
                                           qT          low =           0
                                                      high =         100
                                        costh          low =          -1
                                                      high =           1
                                       eta(l)          low =         -10
                                                      high =          10

┏━━━━━━━━━━━━━━┰━━━━━━━━━━━━━━━━━━━━━━━━━━━━━━━━━━┰━━━━━━━━━━━━━━━━━━━━━━━━━━━━━━━━━━┰━━━━━━━━━━━━━━━━━━━━━━━━━━━━━━━━━━┰━━━━━━━━━━━━━━━━━━━━━━━━━━━━━━━━━━┰━━━━━━━━━━━━━━━━━━━━━━━━━━━━━━━━━━┓
┃        pT(l) ┃                      Resummation ┃                     Counter term ┃                         V+J Real ┃                      V+J Virtual ┃                            TOTAL ┃
┣━━━━━━━━━━━━━━╋━━━━━━━━━━━━━━━━━━━━━━━━━━━━━━━━━━╋━━━━━━━━━━━━━━━━━━━━━━━━━━━━━━━━━━╋━━━━━━━━━━━━━━━━━━━━━━━━━━━━━━━━━━╋━━━━━━━━━━━━━━━━━━━━━━━━━━━━━━━━━━╋━━━━━━━━━━━━━━━━━━━━━━━━━━━━━━━━━━┫
┃   25 -    26 ┃  41.132 ±  0.038 ·10⁺⁰³ (7.31mi) ┃ -45.892 ±   0.04 ·10⁺⁰³ (2.44mi) ┃Vegas input parameters:
  ndim 10
  ncomp 1
  nvec 1
  epsrel 0
  epsabs 0
  flags 10
  seed 123456
  mineval 50000000
  maxeval 50000000
  nstart 1000000
  nincrease 1000000
  nbatch 5000
  gridno 0
  statefile ""

Iteration 1:  1000000 integrand evaluations so far
[1] -1.62076e+06 +- 1.51271e+06  	chisq 0 (0 df)

Iteration 2:  3000000 integrand evaluations so far
[1] -194951 +- 93784.2  	chisq 0.891842 (1 df)

Iteration 3:  6000000 integrand evaluations so far
[1] -81898.6 +- 14176.7  	chisq 2.37893 (2 df)

Iteration 4:  10000000 integrand evaluations so far
[1] -74830.1 +- 5923.36  	chisq 2.68011 (3 df)

Iteration 5:  15000000 integrand evaluations so far
[1] -74131.7 +- 5124.6  	chisq 2.73539 (4 df)

Iteration 6:  21000000 integrand evaluations so far
[1] -80553.4 +- 3647.45  	chisq 5.91791 (5 df)

Iteration 7:  28000000 integrand evaluations so far
[1] -81059.5 +- 2525.69  	chisq 5.95491 (6 df)

Iteration 8:  36000000 integrand evaluations so far
[1] -82045.2 +- 2016.08  	chisq 6.3747 (7 df)

Iteration 9:  45000000 integrand evaluations so far
[1] -81737 +- 1835.54  	chisq 6.51136 (8 df)

Iteration 10:  55000000 integrand evaluations so far
[1] -82356.5 +- 1507.31  	chisq 6.86113 (9 df)
   -82.4 ±    1.5 ·10⁺⁰³ (4.37mi) ┃Vegas input parameters:
  ndim 8
  ncomp 1
  nvec 1
  epsrel 0
  epsabs 0
  flags 10
  seed 123456
  mineval 5000000
  maxeval 50000000
  nstart 1000000
  nincrease 1000000
  nbatch 5000
  gridno 0
  statefile ""

Iteration 1:  1000000 integrand evaluations so far
[1] 105857 +- 11612.4  	chisq 0 (0 df)

Iteration 2:  3000000 integrand evaluations so far
[1] 125048 +- 3090.78  	chisq 2.93945 (1 df)

Iteration 3:  6000000 integrand evaluations so far
[1] 130770 +- 1039.27  	chisq 6.80377 (2 df)

Iteration 4:  10000000 integrand evaluations so far
[1] 131617 +- 593.396  	chisq 7.789 (3 df)

Iteration 5:  15000000 integrand evaluations so far
[1] 130966 +- 382.881  	chisq 9.85576 (4 df)

Iteration 6:  21000000 integrand evaluations so far
[1] 130996 +- 287.317  	chisq 9.87053 (5 df)

Iteration 7:  28000000 integrand evaluations so far
[1] 131450 +- 230.149  	chisq 16.8263 (6 df)

Iteration 8:  36000000 integrand evaluations so far
[1] 131355 +- 189.744  	chisq 17.3587 (7 df)

Iteration 9:  45000000 integrand evaluations so far
[1] 131359 +- 162.629  	chisq 17.3606 (8 df)

Iteration 10:  55000000 integrand evaluations so far
[1] 131535 +- 143.272  	chisq 22.6133 (9 df)
  131.54 ±   0.14 ·10⁺⁰³ (1.67mi) ┃    44.4 ±    1.5 ·10⁺⁰³ (15.8mi) ┃
┃   26 -    27 ┃   46.58 ±  0.021 ·10⁺⁰³ (  28mi) ┃ -51.791 ±  0.033 ·10⁺⁰³ (1.36mi) ┃Vegas input parameters:
  ndim 10
  ncomp 1
  nvec 1
  epsrel 0
  epsabs 0
  flags 10
  seed 123456
  mineval 50000000
  maxeval 50000000
  nstart 1000000
  nincrease 1000000
  nbatch 5000
  gridno 0
  statefile ""

Iteration 1:  1000000 integrand evaluations so far
[1] -175370 +- 81084.3  	chisq 0 (0 df)

Iteration 2:  3000000 integrand evaluations so far
[1] -120863 +- 19718.3  	chisq 0.480297 (1 df)

Iteration 3:  6000000 integrand evaluations so far
[1] -106739 +- 16722  	chisq 2.30737 (2 df)

Iteration 4:  10000000 integrand evaluations so far
[1] -117519 +- 8775.01  	chisq 2.88087 (3 df)

Iteration 5:  15000000 integrand evaluations so far
[1] -119957 +- 8076.56  	chisq 3.38598 (4 df)

Iteration 6:  21000000 integrand evaluations so far
[1] -119699 +- 5073.6  	chisq 3.38767 (5 df)

Iteration 7:  28000000 integrand evaluations so far
[1] -112106 +- 2943.85  	chisq 6.76348 (6 df)

Iteration 8:  36000000 integrand evaluations so far
[1] -114570 +- 1889.41  	chisq 7.95403 (7 df)

Iteration 9:  45000000 integrand evaluations so far
[1] -114691 +- 1685.31  	chisq 7.97413 (8 df)

Iteration 10:  55000000 integrand evaluations so far
[1] -116026 +- 1447.97  	chisq 10.3702 (9 df)
    -116 ±    1.4 ·10⁺⁰³ (4.34mi) ┃Vegas input parameters:
  ndim 8
  ncomp 1
  nvec 1
  epsrel 0
  epsabs 0
  flags 10
  seed 123456
  mineval 5000000
  maxeval 50000000
  nstart 1000000
  nincrease 1000000
  nbatch 5000
  gridno 0
  statefile ""

Iteration 1:  1000000 integrand evaluations so far
[1] 188986 +- 35161.3  	chisq 0 (0 df)

Iteration 2:  3000000 integrand evaluations so far
[1] 166967 +- 4622.17  	chisq 0.399049 (1 df)

Iteration 3:  6000000 integrand evaluations so far
[1] 172485 +- 1456.42  	chisq 1.98142 (2 df)

Iteration 4:  10000000 integrand evaluations so far
[1] 171449 +- 653.842  	chisq 2.61587 (3 df)

Iteration 5:  15000000 integrand evaluations so far
[1] 171718 +- 421.045  	chisq 2.90509 (4 df)

Iteration 6:  21000000 integrand evaluations so far
[1] 171805 +- 325.828  	chisq 3.01307 (5 df)

Iteration 7:  28000000 integrand evaluations so far
[1] 172100 +- 264.228  	chisq 5.40567 (6 df)

Iteration 8:  36000000 integrand evaluations so far
[1] 171994 +- 219.916  	chisq 5.93364 (7 df)

Iteration 9:  45000000 integrand evaluations so far
[1] 171830 +- 188.79  	chisq 8.03366 (8 df)

Iteration 10:  55000000 integrand evaluations so far
[1] 171887 +- 166.349  	chisq 8.4301 (9 df)
  171.89 ±   0.17 ·10⁺⁰³ (1.77mi) ┃    50.7 ±    1.5 ·10⁺⁰³ (35.5mi) ┃
┃   27 -    28 ┃   52.39 ±  0.024 ·10⁺⁰³ (14.6mi) ┃ -61.066 ±  0.051 ·10⁺⁰³ (1.32mi) ┃Vegas input parameters:
  ndim 10
  ncomp 1
  nvec 1
  epsrel 0
  epsabs 0
  flags 10
  seed 123456
  mineval 50000000
  maxeval 50000000
  nstart 1000000
  nincrease 1000000
  nbatch 5000
  gridno 0
  statefile ""

Iteration 1:  1000000 integrand evaluations so far
[1] -35123.8 +- 91231.9  	chisq 0 (0 df)

Iteration 2:  3000000 integrand evaluations so far
[1] -76748.9 +- 16645.1  	chisq 0.215338 (1 df)

Iteration 3:  6000000 integrand evaluations so far
[1] -86378.3 +- 15535.3  	chisq 2.81169 (2 df)

Iteration 4:  10000000 integrand evaluations so far
[1] -122358 +- 5679.57  	chisq 9.00317 (3 df)

Iteration 5:  15000000 integrand evaluations so far
[1] -127403 +- 3819.23  	chisq 10.4431 (4 df)

Iteration 6:  21000000 integrand evaluations so far
[1] -128645 +- 3252.9  	chisq 10.8286 (5 df)

Iteration 7:  28000000 integrand evaluations so far
[1] -130476 +- 3052.6  	chisq 13.4821 (6 df)

Iteration 8:  36000000 integrand evaluations so far
[1] -130577 +- 3051.75  	chisq 15.4611 (7 df)

Iteration 9:  45000000 integrand evaluations so far
[1] -129139 +- 2975.04  	chisq 19.9322 (8 df)

Iteration 10:  55000000 integrand evaluations so far
[1] -129736 +- 2769.27  	chisq 20.234 (9 df)
  -129.7 ±    2.8 ·10⁺⁰³ (4.44mi) ┃Vegas input parameters:
  ndim 8
  ncomp 1
  nvec 1
  epsrel 0
  epsabs 0
  flags 10
  seed 123456
  mineval 5000000
  maxeval 50000000
  nstart 1000000
  nincrease 1000000
  nbatch 5000
  gridno 0
  statefile ""

Iteration 1:  1000000 integrand evaluations so far
[1] 169130 +- 24467.4  	chisq 0 (0 df)

Iteration 2:  3000000 integrand evaluations so far
[1] 192345 +- 3508.44  	chisq 0.919167 (1 df)

Iteration 3:  6000000 integrand evaluations so far
[1] 198513 +- 1339.93  	chisq 4.53715 (2 df)

Iteration 4:  10000000 integrand evaluations so far
[1] 198856 +- 647.637  	chisq 4.62267 (3 df)

Iteration 5:  15000000 integrand evaluations so far
[1] 198966 +- 429.166  	chisq 4.67425 (4 df)

Iteration 6:  21000000 integrand evaluations so far
[1] 199296 +- 354.926  	chisq 6.54837 (5 df)

Iteration 7:  28000000 integrand evaluations so far
[1] 199581 +- 295.61  	chisq 8.64516 (6 df)

Iteration 8:  36000000 integrand evaluations so far
[1] 199421 +- 245.113  	chisq 9.58132 (7 df)

Iteration 9:  45000000 integrand evaluations so far
[1] 199397 +- 209.942  	chisq 9.6165 (8 df)

Iteration 10:  55000000 integrand evaluations so far
[1] 199527 +- 185.035  	chisq 11.3196 (9 df)
  199.53 ±   0.19 ·10⁺⁰³ (1.84mi) ┃    61.1 ±    2.8 ·10⁺⁰³ (22.2mi) ┃
┃   28 -    29 ┃  58.289 ±  0.028 ·10⁺⁰³ (14.9mi) ┃ -69.784 ±   0.02 ·10⁺⁰³ ( 5.3mi) ┃Vegas input parameters:
  ndim 10
  ncomp 1
  nvec 1
  epsrel 0
  epsabs 0
  flags 10
  seed 123456
  mineval 50000000
  maxeval 50000000
  nstart 1000000
  nincrease 1000000
  nbatch 5000
  gridno 0
  statefile ""

Iteration 1:  1000000 integrand evaluations so far
[1] -168255 +- 34115.7  	chisq 0 (0 df)

Iteration 2:  3000000 integrand evaluations so far
[1] -162298 +- 22416.8  	chisq 0.0536562 (1 df)

Iteration 3:  6000000 integrand evaluations so far
[1] -164887 +- 8874.96  	chisq 0.0694749 (2 df)

Iteration 4:  10000000 integrand evaluations so far
[1] -146150 +- 4962.1  	chisq 6.55372 (3 df)

Iteration 5:  15000000 integrand evaluations so far
[1] -149254 +- 2846.6  	chisq 7.13714 (4 df)

Iteration 6:  21000000 integrand evaluations so far
[1] -150468 +- 2511.53  	chisq 7.95701 (5 df)

Iteration 7:  28000000 integrand evaluations so far
[1] -151747 +- 2238.69  	chisq 9.21993 (6 df)

Iteration 8:  36000000 integrand evaluations so far
[1] -152325 +- 2037.88  	chisq 9.60821 (7 df)

Iteration 9:  45000000 integrand evaluations so far
[1] -151198 +- 1692.57  	chisq 10.5942 (8 df)

Iteration 10:  55000000 integrand evaluations so far
[1] -149935 +- 1451.29  	chisq 12.6948 (9 df)
  -149.9 ±    1.5 ·10⁺⁰³ (4.63mi) ┃Vegas input parameters:
  ndim 8
  ncomp 1
  nvec 1
  epsrel 0
  epsabs 0
  flags 10
  seed 123456
  mineval 5000000
  maxeval 50000000
  nstart 1000000
  nincrease 1000000
  nbatch 5000
  gridno 0
  statefile ""

Iteration 1:  1000000 integrand evaluations so far
[1] 219450 +- 37289.1  	chisq 0 (0 df)

Iteration 2:  3000000 integrand evaluations so far
[1] 228380 +- 7512.32  	chisq 0.0597782 (1 df)

Iteration 3:  6000000 integrand evaluations so far
[1] 222328 +- 1787.53  	chisq 0.74773 (2 df)

Iteration 4:  10000000 integrand evaluations so far
[1] 221983 +- 787.71  	chisq 0.793881 (3 df)

Iteration 5:  15000000 integrand evaluations so far
[1] 222670 +- 502.874  	chisq 2.07534 (4 df)

Iteration 6:  21000000 integrand evaluations so far
[1] 223086 +- 384.141  	chisq 3.71698 (5 df)

Iteration 7:  28000000 integrand evaluations so far
[1] 223326 +- 309.914  	chisq 4.8424 (6 df)

Iteration 8:  36000000 integrand evaluations so far
[1] 223297 +- 258.506  	chisq 4.87169 (7 df)

Iteration 9:  45000000 integrand evaluations so far
[1] 223261 +- 222.505  	chisq 4.94654 (8 df)

Iteration 10:  55000000 integrand evaluations so far
[1] 223297 +- 196.562  	chisq 5.06384 (9 df)
   223.3 ±    0.2 ·10⁺⁰³ (1.87mi) ┃    61.9 ±    1.5 ·10⁺⁰³ (26.7mi) ┃
┃   29 -    30 ┃  64.558 ±  0.015 ·10⁺⁰³ (14.9mi) ┃ -78.338 ±  0.068 ·10⁺⁰³ (1.36mi) ┃Vegas input parameters:
  ndim 10
  ncomp 1
  nvec 1
  epsrel 0
  epsabs 0
  flags 10
  seed 123456
  mineval 50000000
  maxeval 50000000
  nstart 1000000
  nincrease 1000000
  nbatch 5000
  gridno 0
  statefile ""

Iteration 1:  1000000 integrand evaluations so far
[1] -210464 +- 87403.4  	chisq 0 (0 df)

Iteration 2:  3000000 integrand evaluations so far
[1] -143232 +- 17199.5  	chisq 0.615515 (1 df)

Iteration 3:  6000000 integrand evaluations so far
[1] -141594 +- 13896.6  	chisq 0.641643 (2 df)

Iteration 4:  10000000 integrand evaluations so far
[1] -150395 +- 10990.5  	chisq 1.71266 (3 df)

Iteration 5:  15000000 integrand evaluations so far
[1] -157272 +- 6088.13  	chisq 2.27745 (4 df)

Iteration 6:  21000000 integrand evaluations so far
[1] -158141 +- 4173.05  	chisq 2.31587 (5 df)

Iteration 7:  28000000 integrand evaluations so far
[1] -165449 +- 3113.32  	chisq 9.23302 (6 df)

Iteration 8:  36000000 integrand evaluations so far
[1] -166748 +- 2930.39  	chisq 10.7589 (7 df)

Iteration 9:  45000000 integrand evaluations so far
[1] -167639 +- 2747.47  	chisq 11.5225 (8 df)

Iteration 10:  55000000 integrand evaluations so far
[1] -167730 +- 2746.08  	chisq 12.6159 (9 df)
  -167.7 ±    2.7 ·10⁺⁰³ (4.59mi) ┃Vegas input parameters:
  ndim 8
  ncomp 1
  nvec 1
  epsrel 0
  epsabs 0
  flags 10
  seed 123456
  mineval 5000000
  maxeval 50000000
  nstart 1000000
  nincrease 1000000
  nbatch 5000
  gridno 0
  statefile ""

Iteration 1:  1000000 integrand evaluations so far
[1] 267117 +- 34710.4  	chisq 0 (0 df)

Iteration 2:  3000000 integrand evaluations so far
[1] 245623 +- 5093.32  	chisq 0.391877 (1 df)

Iteration 3:  6000000 integrand evaluations so far
[1] 247745 +- 1670.62  	chisq 0.586253 (2 df)

Iteration 4:  10000000 integrand evaluations so far
[1] 246879 +- 799.577  	chisq 0.934308 (3 df)

Iteration 5:  15000000 integrand evaluations so far
[1] 245508 +- 518.031  	chisq 6.00503 (4 df)

Iteration 6:  21000000 integrand evaluations so far
[1] 245919 +- 394.004  	chisq 7.50158 (5 df)

Iteration 7:  28000000 integrand evaluations so far
[1] 246067 +- 320.228  	chisq 7.91545 (6 df)

Iteration 8:  36000000 integrand evaluations so far
[1] 245971 +- 269.512  	chisq 8.22315 (7 df)

Iteration 9:  45000000 integrand evaluations so far
[1] 245905 +- 234.141  	chisq 8.46484 (8 df)

Iteration 10:  55000000 integrand evaluations so far
[1] 246072 +- 207.561  	chisq 10.8256 (9 df)
  246.07 ±   0.21 ·10⁺⁰³ (1.91mi) ┃    64.6 ±    2.8 ·10⁺⁰³ (22.8mi) ┃
┃   30 -    31 ┃  71.262 ±   0.03 ·10⁺⁰³ (14.7mi) ┃ -86.883 ±  0.042 ·10⁺⁰³ (1.44mi) ┃Vegas input parameters:
  ndim 10
  ncomp 1
  nvec 1
  epsrel 0
  epsabs 0
  flags 10
  seed 123456
  mineval 50000000
  maxeval 50000000
  nstart 1000000
  nincrease 1000000
  nbatch 5000
  gridno 0
  statefile ""

Iteration 1:  1000000 integrand evaluations so far
[1] -124973 +- 25181.1  	chisq 0 (0 df)

Iteration 2:  3000000 integrand evaluations so far
[1] -135390 +- 18373.4  	chisq 0.366005 (1 df)

Iteration 3:  6000000 integrand evaluations so far
[1] -148900 +- 16773.7  	chisq 3.61241 (2 df)

Iteration 4:  10000000 integrand evaluations so far
[1] -155699 +- 13460.1  	chisq 4.07378 (3 df)

Iteration 5:  15000000 integrand evaluations so far
[1] -177714 +- 6400.72  	chisq 7.53071 (4 df)

Iteration 6:  21000000 integrand evaluations so far
[1] -178537 +- 5886.88  	chisq 7.6379 (5 df)

Iteration 7:  28000000 integrand evaluations so far
[1] -180834 +- 5369.34  	chisq 8.54323 (6 df)

Iteration 8:  36000000 integrand evaluations so far
[1] -183064 +- 3901.14  	chisq 8.90867 (7 df)

Iteration 9:  45000000 integrand evaluations so far
[1] -180411 +- 2438.49  	chisq 9.66793 (8 df)

Iteration 10:  55000000 integrand evaluations so far
[1] -178817 +- 2063.35  	chisq 11.1713 (9 df)
  -178.8 ±    2.1 ·10⁺⁰³ (4.71mi) ┃Vegas input parameters:
  ndim 8
  ncomp 1
  nvec 1
  epsrel 0
  epsabs 0
  flags 10
  seed 123456
  mineval 5000000
  maxeval 50000000
  nstart 1000000
  nincrease 1000000
  nbatch 5000
  gridno 0
  statefile ""

Iteration 1:  1000000 integrand evaluations so far
[1] 236958 +- 24217  	chisq 0 (0 df)

Iteration 2:  3000000 integrand evaluations so far
[1] 271900 +- 4583.17  	chisq 2.15915 (1 df)

Iteration 3:  6000000 integrand evaluations so far
[1] 270207 +- 1629.66  	chisq 2.31525 (2 df)

Iteration 4:  10000000 integrand evaluations so far
[1] 269886 +- 810.224  	chisq 2.3669 (3 df)

Iteration 5:  15000000 integrand evaluations so far
[1] 268973 +- 535.262  	chisq 4.61973 (4 df)

Iteration 6:  21000000 integrand evaluations so far
[1] 269722 +- 425.081  	chisq 9.91889 (5 df)

Iteration 7:  28000000 integrand evaluations so far
[1] 269698 +- 349.526  	chisq 9.92836 (6 df)

Iteration 8:  36000000 integrand evaluations so far
[1] 269397 +- 293.284  	chisq 12.4321 (7 df)

Iteration 9:  45000000 integrand evaluations so far
[1] 269442 +- 253.585  	chisq 12.526 (8 df)

Iteration 10:  55000000 integrand evaluations so far
[1] 269618 +- 224.659  	chisq 14.7437 (9 df)
  269.62 ±   0.22 ·10⁺⁰³ (1.89mi) ┃    75.2 ±    2.1 ·10⁺⁰³ (22.8mi) ┃
┃   31 -    32 ┃  77.789 ±  0.017 ·10⁺⁰³ (13.6mi) ┃ -95.655 ±  0.077 ·10⁺⁰³ (1.41mi) ┃Vegas input parameters:
  ndim 10
  ncomp 1
  nvec 1
  epsrel 0
  epsabs 0
  flags 10
  seed 123456
  mineval 50000000
  maxeval 50000000
  nstart 1000000
  nincrease 1000000
  nbatch 5000
  gridno 0
  statefile ""

Iteration 1:  1000000 integrand evaluations so far
[1] -273449 +- 66731.7  	chisq 0 (0 df)

Iteration 2:  3000000 integrand evaluations so far
[1] -228549 +- 15707.4  	chisq 0.479269 (1 df)

Iteration 3:  6000000 integrand evaluations so far
[1] -187637 +- 7398.37  	chisq 9.19736 (2 df)

Iteration 4:  10000000 integrand evaluations so far
[1] -194480 +- 5626.33  	chisq 11.2259 (3 df)

Iteration 5:  15000000 integrand evaluations so far
[1] -201380 +- 3930.58  	chisq 14.1638 (4 df)

Iteration 6:  21000000 integrand evaluations so far
[1] -198765 +- 2966.46  	chisq 15.1924 (5 df)

Iteration 7:  28000000 integrand evaluations so far
[1] -198656 +- 2698.33  	chisq 15.2002 (6 df)

Iteration 8:  36000000 integrand evaluations so far
[1] -198788 +- 2416.59  	chisq 15.2124 (7 df)

Iteration 9:  45000000 integrand evaluations so far
[1] -198316 +- 2238.77  	chisq 15.4811 (8 df)

Iteration 10:  55000000 integrand evaluations so far
[1] -198177 +- 2131.59  	chisq 15.5227 (9 df)
  -198.2 ±    2.1 ·10⁺⁰³ (4.68mi) ┃Vegas input parameters:
  ndim 8
  ncomp 1
  nvec 1
  epsrel 0
  epsabs 0
  flags 10
  seed 123456
  mineval 5000000
  maxeval 50000000
  nstart 1000000
  nincrease 1000000
  nbatch 5000
  gridno 0
  statefile ""

Iteration 1:  1000000 integrand evaluations so far
[1] 272385 +- 22900.7  	chisq 0 (0 df)

Iteration 2:  3000000 integrand evaluations so far
[1] 298058 +- 4511.69  	chisq 1.30746 (1 df)

Iteration 3:  6000000 integrand evaluations so far
[1] 292799 +- 1430.32  	chisq 2.81777 (2 df)

Iteration 4:  10000000 integrand evaluations so far
[1] 294293 +- 795.957  	chisq 4.39703 (3 df)

Iteration 5:  15000000 integrand evaluations so far
[1] 294459 +- 555.333  	chisq 4.48249 (4 df)

Iteration 6:  21000000 integrand evaluations so far
[1] 294747 +- 434.794  	chisq 5.17656 (5 df)

Iteration 7:  28000000 integrand evaluations so far
[1] 294766 +- 358.818  	chisq 5.18241 (6 df)

Iteration 8:  36000000 integrand evaluations so far
[1] 294735 +- 304.189  	chisq 5.20811 (7 df)

Iteration 9:  45000000 integrand evaluations so far
[1] 294885 +- 265.051  	chisq 6.216 (8 df)

Iteration 10:  55000000 integrand evaluations so far
[1] 294903 +- 235.358  	chisq 6.23766 (9 df)
   294.9 ±   0.24 ·10⁺⁰³ (1.84mi) ┃    78.9 ±    2.1 ·10⁺⁰³ (21.6mi) ┃
┃   32 -    33 ┃    84.8 ±  0.016 ·10⁺⁰³ (11.8mi) ┃-105.145 ±  0.059 ·10⁺⁰³ ( 37.5s) ┃Vegas input parameters:
  ndim 10
  ncomp 1
  nvec 1
  epsrel 0
  epsabs 0
  flags 10
  seed 123456
  mineval 50000000
  maxeval 50000000
  nstart 1000000
  nincrease 1000000
  nbatch 5000
  gridno 0
  statefile ""

Iteration 1:  1000000 integrand evaluations so far
[1] -150053 +- 33096  	chisq 0 (0 df)

Iteration 2:  3000000 integrand evaluations so far
[1] -196296 +- 11176.6  	chisq 2.20367 (1 df)

Iteration 3:  6000000 integrand evaluations so far
[1] -197763 +- 8488.38  	chisq 2.24435 (2 df)

Iteration 4:  10000000 integrand evaluations so far
[1] -206633 +- 7350.38  	chisq 6.60967 (3 df)

Iteration 5:  15000000 integrand evaluations so far
[1] -205181 +- 5078.67  	chisq 6.68437 (4 df)

Iteration 6:  21000000 integrand evaluations so far
[1] -204729 +- 3975.63  	chisq 6.70481 (5 df)

Iteration 7:  28000000 integrand evaluations so far
[1] -205883 +- 3372.21  	chisq 7.00531 (6 df)

Iteration 8:  36000000 integrand evaluations so far
[1] -209315 +- 2840.88  	chisq 10.5724 (7 df)

Iteration 9:  45000000 integrand evaluations so far
[1] -210361 +- 2204.85  	chisq 10.9135 (8 df)

Iteration 10:  55000000 integrand evaluations so far
[1] -210673 +- 2184.96  	chisq 12.0237 (9 df)
  -210.7 ±    2.2 ·10⁺⁰³ (4.38mi) ┃Vegas input parameters:
  ndim 8
  ncomp 1
  nvec 1
  epsrel 0
  epsabs 0
  flags 10
  seed 123456
  mineval 5000000
  maxeval 50000000
  nstart 1000000
  nincrease 1000000
  nbatch 5000
  gridno 0
  statefile ""

Iteration 1:  1000000 integrand evaluations so far
[1] 362379 +- 40318  	chisq 0 (0 df)

Iteration 2:  3000000 integrand evaluations so far
[1] 316116 +- 4232.7  	chisq 1.33134 (1 df)

Iteration 3:  6000000 integrand evaluations so far
[1] 320840 +- 1765.28  	chisq 2.83954 (2 df)

Iteration 4:  10000000 integrand evaluations so far
[1] 320030 +- 943.833  	chisq 3.13487 (3 df)

Iteration 5:  15000000 integrand evaluations so far
[1] 320438 +- 624.419  	chisq 3.4677 (4 df)

Iteration 6:  21000000 integrand evaluations so far
[1] 320948 +- 511.915  	chisq 5.50078 (5 df)

Iteration 7:  28000000 integrand evaluations so far
[1] 320949 +- 423.472  	chisq 5.5008 (6 df)

Iteration 8:  36000000 integrand evaluations so far
[1] 321269 +- 357.172  	chisq 7.48512 (7 df)

Iteration 9:  45000000 integrand evaluations so far
[1] 321458 +- 306.601  	chisq 8.54401 (8 df)

Iteration 10:  55000000 integrand evaluations so far
[1] 321594 +- 267.435  	chisq 9.37182 (9 df)
  321.59 ±   0.27 ·10⁺⁰³ (1.73mi) ┃    90.6 ±    2.2 ·10⁺⁰³ (18.6mi) ┃
┃   33 -    34 ┃  91.736 ±  0.032 ·10⁺⁰³ (  10mi) ┃-115.145 ±  0.036 ·10⁺⁰³ (2.22mi) ┃Vegas input parameters:
  ndim 10
  ncomp 1
  nvec 1
  epsrel 0
  epsabs 0
  flags 10
  seed 123456
  mineval 50000000
  maxeval 50000000
  nstart 1000000
  nincrease 1000000
  nbatch 5000
  gridno 0
  statefile ""

Iteration 1:  1000000 integrand evaluations so far
[1] -179940 +- 39398.5  	chisq 0 (0 df)

Iteration 2:  3000000 integrand evaluations so far
[1] -223718 +- 24053.3  	chisq 1.96835 (1 df)

Iteration 3:  6000000 integrand evaluations so far
[1] -217651 +- 8998.44  	chisq 2.04234 (2 df)

Iteration 4:  10000000 integrand evaluations so far
[1] -216772 +- 8845.05  	chisq 2.32422 (3 df)

Iteration 5:  15000000 integrand evaluations so far
[1] -223458 +- 6705.43  	chisq 3.66769 (4 df)

Iteration 6:  21000000 integrand evaluations so far
[1] -230563 +- 5007.23  	chisq 6.20523 (5 df)

Iteration 7:  28000000 integrand evaluations so far
[1] -233210 +- 3914.11  	chisq 6.92389 (6 df)

Iteration 8:  36000000 integrand evaluations so far
[1] -230516 +- 2878.16  	chisq 7.95576 (7 df)

Iteration 9:  45000000 integrand evaluations so far
[1] -231503 +- 2516.95  	chisq 8.45587 (8 df)

Iteration 10:  55000000 integrand evaluations so far
[1] -230534 +- 2250.66  	chisq 9.19519 (9 df)
  -230.5 ±    2.3 ·10⁺⁰³ (4.31mi) ┃Vegas input parameters:
  ndim 8
  ncomp 1
  nvec 1
  epsrel 0
  epsabs 0
  flags 10
  seed 123456
  mineval 5000000
  maxeval 50000000
  nstart 1000000
  nincrease 1000000
  nbatch 5000
  gridno 0
  statefile ""

Iteration 1:  1000000 integrand evaluations so far
[1] 319502 +- 30919.6  	chisq 0 (0 df)

Iteration 2:  3000000 integrand evaluations so far
[1] 353428 +- 6593.21  	chisq 1.26129 (1 df)

Iteration 3:  6000000 integrand evaluations so far
[1] 349718 +- 1902.93  	chisq 1.60663 (2 df)

Iteration 4:  10000000 integrand evaluations so far
[1] 351899 +- 994.397  	chisq 3.41222 (3 df)

Iteration 5:  15000000 integrand evaluations so far
[1] 351341 +- 660.764  	chisq 3.97536 (4 df)

Iteration 6:  21000000 integrand evaluations so far
[1] 351644 +- 500.723  	chisq 4.47055 (5 df)

Iteration 7:  28000000 integrand evaluations so far
[1] 351851 +- 408.861  	chisq 4.98207 (6 df)

Iteration 8:  36000000 integrand evaluations so far
[1] 351903 +- 347.014  	chisq 5.03971 (7 df)

Iteration 9:  45000000 integrand evaluations so far
[1] 352013 +- 301.738  	chisq 5.45099 (8 df)

Iteration 10:  55000000 integrand evaluations so far
[1] 352156 +- 267.768  	chisq 6.50913 (9 df)
  352.16 ±   0.27 ·10⁺⁰³ (1.74mi) ┃    98.2 ±    2.3 ·10⁺⁰³ (18.3mi) ┃
┃   34 -    35 ┃  99.545 ±  0.088 ·10⁺⁰³ (2.76mi) ┃ -125.82 ±   0.12 ·10⁺⁰³ (   32s) ┃Vegas input parameters:
  ndim 10
  ncomp 1
  nvec 1
  epsrel 0
  epsabs 0
  flags 10
  seed 123456
  mineval 50000000
  maxeval 50000000
  nstart 1000000
  nincrease 1000000
  nbatch 5000
  gridno 0
  statefile ""

Iteration 1:  1000000 integrand evaluations so far
[1] -199497 +- 30112.5  	chisq 0 (0 df)

Iteration 2:  3000000 integrand evaluations so far
[1] -234790 +- 16977.4  	chisq 2.01378 (1 df)

Iteration 3:  6000000 integrand evaluations so far
[1] -239356 +- 16246.6  	chisq 2.87246 (2 df)

Iteration 4:  10000000 integrand evaluations so far
[1] -240679 +- 16196  	chisq 3.93791 (3 df)

Iteration 5:  15000000 integrand evaluations so far
[1] -247793 +- 14389.5  	chisq 4.85388 (4 df)

Iteration 6:  21000000 integrand evaluations so far
[1] -243974 +- 12608.5  	chisq 5.15715 (5 df)

Iteration 7:  28000000 integrand evaluations so far
[1] -245187 +- 9589.57  	chisq 5.17911 (6 df)

Iteration 8:  36000000 integrand evaluations so far
[1] -247736 +- 6797.57  	chisq 5.32107 (7 df)

Iteration 9:  45000000 integrand evaluations so far
[1] -244702 +- 5491.66  	chisq 5.89454 (8 df)

Iteration 10:  55000000 integrand evaluations so far
[1] -243683 +- 5361.32  	chisq 6.62885 (9 df)
  -243.7 ±    5.4 ·10⁺⁰³ (4.41mi) ┃Vegas input parameters:
  ndim 8
  ncomp 1
  nvec 1
  epsrel 0
  epsabs 0
  flags 10
  seed 123456
  mineval 5000000
  maxeval 50000000
  nstart 1000000
  nincrease 1000000
  nbatch 5000
  gridno 0
  statefile ""

Iteration 1:  1000000 integrand evaluations so far
[1] 351959 +- 36633.2  	chisq 0 (0 df)

Iteration 2:  3000000 integrand evaluations so far
[1] 385004 +- 5191.02  	chisq 0.830359 (1 df)

Iteration 3:  6000000 integrand evaluations so far
[1] 384541 +- 1796.84  	chisq 0.839384 (2 df)

Iteration 4:  10000000 integrand evaluations so far
[1] 385964 +- 983.252  	chisq 1.73443 (3 df)

Iteration 5:  15000000 integrand evaluations so far
[1] 386405 +- 679.764  	chisq 2.11956 (4 df)

Iteration 6:  21000000 integrand evaluations so far
[1] 386950 +- 551.137  	chisq 3.99353 (5 df)

Iteration 7:  28000000 integrand evaluations so far
[1] 386937 +- 457.025  	chisq 3.99527 (6 df)

Iteration 8:  36000000 integrand evaluations so far
[1] 386778 +- 384.073  	chisq 4.4059 (7 df)

Iteration 9:  45000000 integrand evaluations so far
[1] 386820 +- 331.37  	chisq 4.45341 (8 df)

Iteration 10:  55000000 integrand evaluations so far
[1] 387034 +- 292.441  	chisq 6.33832 (9 df)
  387.03 ±   0.29 ·10⁺⁰³ (1.77mi) ┃   117.1 ±    5.4 ·10⁺⁰³ (9.46mi) ┃
┃   35 -    36 ┃ 107.238 ±  0.067 ·10⁺⁰³ (5.22mi) ┃ -137.89 ±   0.13 ·10⁺⁰³ (1.09mi) ┃Vegas input parameters:
  ndim 10
  ncomp 1
  nvec 1
  epsrel 0
  epsabs 0
  flags 10
  seed 123456
  mineval 50000000
  maxeval 50000000
  nstart 1000000
  nincrease 1000000
  nbatch 5000
  gridno 0
  statefile ""

Iteration 1:  1000000 integrand evaluations so far
[1] -233444 +- 47190.6  	chisq 0 (0 df)

Iteration 2:  3000000 integrand evaluations so far
[1] -224898 +- 27922.9  	chisq 0.0504583 (1 df)

Iteration 3:  6000000 integrand evaluations so far
[1] -277491 +- 11248.3  	chisq 4.28521 (2 df)

Iteration 4:  10000000 integrand evaluations so far
[1] -280034 +- 7287.85  	chisq 4.37332 (3 df)

Iteration 5:  15000000 integrand evaluations so far
[1] -284751 +- 4438.27  	chisq 5.03922 (4 df)

Iteration 6:  21000000 integrand evaluations so far
[1] -291667 +- 3189.82  	chisq 10.0609 (5 df)

Iteration 7:  28000000 integrand evaluations so far
[1] -293121 +- 2914.04  	chisq 11.3175 (6 df)

Iteration 8:  36000000 integrand evaluations so far
[1] -290568 +- 2502.88  	chisq 14.245 (7 df)

Iteration 9:  45000000 integrand evaluations so far
[1] -290125 +- 2193.24  	chisq 14.3799 (8 df)

Iteration 10:  55000000 integrand evaluations so far
[1] -290828 +- 2146.41  	chisq 16.8141 (9 df)
  -290.8 ±    2.1 ·10⁺⁰³ (4.28mi) ┃Vegas input parameters:
  ndim 8
  ncomp 1
  nvec 1
  epsrel 0
  epsabs 0
  flags 10
  seed 123456
  mineval 5000000
  maxeval 50000000
  nstart 1000000
  nincrease 1000000
  nbatch 5000
  gridno 0
  statefile ""

Iteration 1:  1000000 integrand evaluations so far
[1] 467388 +- 63586.8  	chisq 0 (0 df)

Iteration 2:  3000000 integrand evaluations so far
[1] 466055 +- 18569.3  	chisq 0.000480369 (1 df)

Iteration 3:  6000000 integrand evaluations so far
[1] 427399 +- 3472.96  	chisq 4.49118 (2 df)

Iteration 4:  10000000 integrand evaluations so far
[1] 428774 +- 1386.39  	chisq 4.67758 (3 df)

Iteration 5:  15000000 integrand evaluations so far
[1] 427737 +- 849.52  	chisq 5.57221 (4 df)

Iteration 6:  21000000 integrand evaluations so far
[1] 428479 +- 618.551  	chisq 7.19192 (5 df)

Iteration 7:  28000000 integrand evaluations so far
[1] 428692 +- 491.067  	chisq 7.51278 (6 df)

Iteration 8:  36000000 integrand evaluations so far
[1] 428860 +- 415.228  	chisq 7.92331 (7 df)

Iteration 9:  45000000 integrand evaluations so far
[1] 428839 +- 359.822  	chisq 7.93306 (8 df)

Iteration 10:  55000000 integrand evaluations so far
[1] 429087 +- 317.616  	chisq 10.0908 (9 df)
  429.09 ±   0.32 ·10⁺⁰³ (1.67mi) ┃   107.6 ±    2.2 ·10⁺⁰³ (12.3mi) ┃
┃   36 -    37 ┃   115.2 ±    0.1 ·10⁺⁰³ (2.76mi) ┃ -151.35 ±  0.037 ·10⁺⁰³ (1.05mi) ┃Vegas input parameters:
  ndim 10
  ncomp 1
  nvec 1
  epsrel 0
  epsabs 0
  flags 10
  seed 123456
  mineval 50000000
  maxeval 50000000
  nstart 1000000
  nincrease 1000000
  nbatch 5000
  gridno 0
  statefile ""

Iteration 1:  1000000 integrand evaluations so far
[1] -294832 +- 33224.5  	chisq 0 (0 df)

Iteration 2:  3000000 integrand evaluations so far
[1] -317384 +- 25344.9  	chisq 1.10205 (1 df)

Iteration 3:  6000000 integrand evaluations so far
[1] -328019 +- 14128.2  	chisq 1.35746 (2 df)

Iteration 4:  10000000 integrand evaluations so far
[1] -336246 +- 9245.44  	chisq 1.95052 (3 df)

Iteration 5:  15000000 integrand evaluations so far
[1] -336906 +- 6240.12  	chisq 1.95988 (4 df)

Iteration 6:  21000000 integrand evaluations so far
[1] -335760 +- 4918.47  	chisq 2.04895 (5 df)

Iteration 7:  28000000 integrand evaluations so far
[1] -337010 +- 4653.37  	chisq 2.66529 (6 df)

Iteration 8:  36000000 integrand evaluations so far
[1] -331259 +- 4065.67  	chisq 9.12034 (7 df)

Iteration 9:  45000000 integrand evaluations so far
[1] -334746 +- 3756.78  	chisq 14.1512 (8 df)

Iteration 10:  55000000 integrand evaluations so far
[1] -332087 +- 3153.02  	chisq 15.8454 (9 df)
  -332.1 ±    3.2 ·10⁺⁰³ (4.28mi) ┃Vegas input parameters:
  ndim 8
  ncomp 1
  nvec 1
  epsrel 0
  epsabs 0
  flags 10
  seed 123456
  mineval 5000000
  maxeval 50000000
  nstart 1000000
  nincrease 1000000
  nbatch 5000
  gridno 0
  statefile ""

Iteration 1:  1000000 integrand evaluations so far
[1] 550140 +- 52060.3  	chisq 0 (0 df)

Iteration 2:  3000000 integrand evaluations so far
[1] 484434 +- 7103.45  	chisq 1.62315 (1 df)

Iteration 3:  6000000 integrand evaluations so far
[1] 482122 +- 2224.06  	chisq 1.74058 (2 df)

Iteration 4:  10000000 integrand evaluations so far
[1] 482150 +- 1186.6  	chisq 1.7408 (3 df)

Iteration 5:  15000000 integrand evaluations so far
[1] 481436 +- 835.826  	chisq 2.45945 (4 df)

Iteration 6:  21000000 integrand evaluations so far
[1] 481448 +- 679.885  	chisq 2.46002 (5 df)

Iteration 7:  28000000 integrand evaluations so far
[1] 482000 +- 559.477  	chisq 4.50297 (6 df)

Iteration 8:  36000000 integrand evaluations so far
[1] 482044 +- 471.548  	chisq 4.52422 (7 df)

Iteration 9:  45000000 integrand evaluations so far
[1] 482061 +- 405.178  	chisq 4.52937 (8 df)

Iteration 10:  55000000 integrand evaluations so far
[1] 481957 +- 354.262  	chisq 4.81041 (9 df)
  481.96 ±   0.35 ·10⁺⁰³ (1.69mi) ┃   113.7 ±    3.2 ·10⁺⁰³ (9.78mi) ┃
┃   37 -    38 ┃  122.35 ±  0.014 ·10⁺⁰³ (5.17mi) ┃-166.483 ±  0.059 ·10⁺⁰³ (2.24mi) ┃Vegas input parameters:
  ndim 10
  ncomp 1
  nvec 1
  epsrel 0
  epsabs 0
  flags 10
  seed 123456
  mineval 50000000
  maxeval 50000000
  nstart 1000000
  nincrease 1000000
  nbatch 5000
  gridno 0
  statefile ""

Iteration 1:  1000000 integrand evaluations so far
[1] -221258 +- 28688  	chisq 0 (0 df)

Iteration 2:  3000000 integrand evaluations so far
[1] -294395 +- 21353.4  	chisq 14.5736 (1 df)

Iteration 3:  6000000 integrand evaluations so far
[1] -313362 +- 19680.1  	chisq 19.813 (2 df)

Iteration 4:  10000000 integrand evaluations so far
[1] -376476 +- 11024.4  	chisq 34.801 (3 df)

Iteration 5:  15000000 integrand evaluations so far
[1] -383367 +- 6859.79  	chisq 35.4385 (4 df)

Iteration 6:  21000000 integrand evaluations so far
[1] -387422 +- 4994.94  	chisq 36.1825 (5 df)

Iteration 7:  28000000 integrand evaluations so far
[1] -383986 +- 3954.66  	chisq 37.4506 (6 df)

Iteration 8:  36000000 integrand evaluations so far
[1] -384104 +- 3615.56  	chisq 37.456 (7 df)

Iteration 9:  45000000 integrand evaluations so far
[1] -385506 +- 3418.14  	chisq 38.8726 (8 df)

Iteration 10:  55000000 integrand evaluations so far
[1] -383665 +- 2943.48  	chisq 39.996 (9 df)
  -383.7 ±    2.9 ·10⁺⁰³ (4.43mi) ┃Vegas input parameters:
  ndim 8
  ncomp 1
  nvec 1
  epsrel 0
  epsabs 0
  flags 10
  seed 123456
  mineval 5000000
  maxeval 50000000
  nstart 1000000
  nincrease 1000000
  nbatch 5000
  gridno 0
  statefile ""

Iteration 1:  1000000 integrand evaluations so far
[1] 514985 +- 47854.6  	chisq 0 (0 df)

Iteration 2:  3000000 integrand evaluations so far
[1] 555690 +- 7030.4  	chisq 0.73947 (1 df)

Iteration 3:  6000000 integrand evaluations so far
[1] 552394 +- 2448.7  	chisq 0.989647 (2 df)

Iteration 4:  10000000 integrand evaluations so far
[1] 550885 +- 1312.37  	chisq 1.5222 (3 df)

Iteration 5:  15000000 integrand evaluations so far
[1] 551735 +- 893.473  	chisq 2.30371 (4 df)

Iteration 6:  21000000 integrand evaluations so far
[1] 551984 +- 682.913  	chisq 2.4905 (5 df)

Iteration 7:  28000000 integrand evaluations so far
[1] 552328 +- 556.167  	chisq 3.24558 (6 df)

Iteration 8:  36000000 integrand evaluations so far
[1] 552344 +- 472.39  	chisq 3.24866 (7 df)

Iteration 9:  45000000 integrand evaluations so far
[1] 552435 +- 411.536  	chisq 3.40206 (8 df)

Iteration 10:  55000000 integrand evaluations so far
[1] 552413 +- 365.21  	chisq 3.41575 (9 df)
  552.41 ±   0.37 ·10⁺⁰³ (1.85mi) ┃   124.6 ±      3 ·10⁺⁰³ (13.7mi) ┃
┃   38 -    39 ┃  127.54 ±    0.1 ·10⁺⁰³ (2.62mi) ┃-180.653 ±  0.022 ·10⁺⁰³ ( 36.7s) ┃Vegas input parameters:
  ndim 10
  ncomp 1
  nvec 1
  epsrel 0
  epsabs 0
  flags 10
  seed 123456
  mineval 50000000
  maxeval 50000000
  nstart 1000000
  nincrease 1000000
  nbatch 5000
  gridno 0
  statefile ""

Iteration 1:  1000000 integrand evaluations so far
[1] -647203 +- 138069  	chisq 0 (0 df)

Iteration 2:  3000000 integrand evaluations so far
[1] -646827 +- 99161.6  	chisq 1.53193e-05 (1 df)

Iteration 3:  6000000 integrand evaluations so far
[1] -494484 +- 26424  	chisq 2.54068 (2 df)

Iteration 4:  10000000 integrand evaluations so far
[1] -457755 +- 14285.9  	chisq 5.27062 (3 df)

Iteration 5:  15000000 integrand evaluations so far
[1] -458656 +- 14263.4  	chisq 6.53662 (4 df)

Iteration 6:  21000000 integrand evaluations so far
[1] -459020 +- 11878.4  	chisq 6.53875 (5 df)

Iteration 7:  28000000 integrand evaluations so far
[1] -476019 +- 7735.71  	chisq 10.0954 (6 df)

Iteration 8:  36000000 integrand evaluations so far
[1] -476519 +- 5224.45  	chisq 10.1031 (7 df)

Iteration 9:  45000000 integrand evaluations so far
[1] -474855 +- 4333.65  	chisq 10.4283 (8 df)

Iteration 10:  55000000 integrand evaluations so far
[1] -476318 +- 3372.6  	chisq 10.7173 (9 df)
  -476.3 ±    3.4 ·10⁺⁰³ (4.79mi) ┃Vegas input parameters:
  ndim 8
  ncomp 1
  nvec 1
  epsrel 0
  epsabs 0
  flags 10
  seed 123456
  mineval 5000000
  maxeval 50000000
  nstart 1000000
  nincrease 1000000
  nbatch 5000
  gridno 0
  statefile ""

Iteration 1:  1000000 integrand evaluations so far
[1] 543723 +- 35865.7  	chisq 0 (0 df)

Iteration 2:  3000000 integrand evaluations so far
[1] 648125 +- 6653.46  	chisq 8.77543 (1 df)

Iteration 3:  6000000 integrand evaluations so far
[1] 651380 +- 2546.24  	chisq 9.05579 (2 df)

Iteration 4:  10000000 integrand evaluations so far
[1] 654214 +- 1429.54  	chisq 10.8646 (3 df)

Iteration 5:  15000000 integrand evaluations so far
[1] 655533 +- 995.572  	chisq 12.5196 (4 df)

Iteration 6:  21000000 integrand evaluations so far
[1] 656840 +- 765.246  	chisq 16.729 (5 df)

Iteration 7:  28000000 integrand evaluations so far
[1] 657073 +- 622.977  	chisq 17.0037 (6 df)

Iteration 8:  36000000 integrand evaluations so far
[1] 656890 +- 528.794  	chisq 17.3131 (7 df)

Iteration 9:  45000000 integrand evaluations so far
[1] 657264 +- 461.425  	chisq 19.4107 (8 df)

Iteration 10:  55000000 integrand evaluations so far
[1] 657180 +- 409.533  	chisq 19.5654 (9 df)
  657.18 ±   0.41 ·10⁺⁰³ (1.89mi) ┃   127.7 ±    3.4 ·10⁺⁰³ (9.91mi) ┃
┃   39 -    40 ┃ 127.284 ±  0.088 ·10⁺⁰³ (5.15mi) ┃-173.994 ±  0.095 ·10⁺⁰³ (2.27mi) ┃Vegas input parameters:
  ndim 10
  ncomp 1
  nvec 1
  epsrel 0
  epsabs 0
  flags 10
  seed 123456
  mineval 50000000
  maxeval 50000000
  nstart 1000000
  nincrease 1000000
  nbatch 5000
  gridno 0
  statefile ""

Iteration 1:  1000000 integrand evaluations so far
[1] -579276 +- 98236.1  	chisq 0 (0 df)

Iteration 2:  3000000 integrand evaluations so far
[1] -675301 +- 37615.8  	chisq 1.11966 (1 df)

Iteration 3:  6000000 integrand evaluations so far
[1] -665663 +- 35848.1  	chisq 1.83504 (2 df)

Iteration 4:  10000000 integrand evaluations so far
[1] -663621 +- 34988.8  	chisq 1.90354 (3 df)

Iteration 5:  15000000 integrand evaluations so far
[1] -642669 +- 20279.3  	chisq 2.44351 (4 df)

Iteration 6:  21000000 integrand evaluations so far
[1] -658149 +- 16946.9  	chisq 4.37531 (5 df)

Iteration 7:  28000000 integrand evaluations so far
[1] -649206 +- 14603.2  	chisq 5.45704 (6 df)

Iteration 8:  36000000 integrand evaluations so far
[1] -667703 +- 8532.61  	chisq 7.89308 (7 df)

Iteration 9:  45000000 integrand evaluations so far
[1] -655300 +- 6989.89  	chisq 14.3169 (8 df)

Iteration 10:  55000000 integrand evaluations so far
[1] -655808 +- 5534.8  	chisq 14.3311 (9 df)
  -655.8 ±    5.5 ·10⁺⁰³ (5.01mi) ┃Vegas input parameters:
  ndim 8
  ncomp 1
  nvec 1
  epsrel 0
  epsabs 0
  flags 10
  seed 123456
  mineval 5000000
  maxeval 50000000
  nstart 1000000
  nincrease 1000000
  nbatch 5000
  gridno 0
  statefile ""

Iteration 1:  1000000 integrand evaluations so far
[1] 884677 +- 88593.1  	chisq 0 (0 df)

Iteration 2:  3000000 integrand evaluations so far
[1] 814231 +- 9562.64  	chisq 0.639752 (1 df)

Iteration 3:  6000000 integrand evaluations so far
[1] 821711 +- 3382.61  	chisq 1.33928 (2 df)

Iteration 4:  10000000 integrand evaluations so far
[1] 824669 +- 1773.6  	chisq 2.39391 (3 df)

Iteration 5:  15000000 integrand evaluations so far
[1] 825001 +- 1180.89  	chisq 2.45679 (4 df)

Iteration 6:  21000000 integrand evaluations so far
[1] 824899 +- 896.992  	chisq 2.47449 (5 df)

Iteration 7:  28000000 integrand evaluations so far
[1] 825241 +- 727.801  	chisq 2.89899 (6 df)

Iteration 8:  36000000 integrand evaluations so far
[1] 825663 +- 615.443  	chisq 4.07963 (7 df)

Iteration 9:  45000000 integrand evaluations so far
[1] 825854 +- 534.224  	chisq 4.47228 (8 df)

Iteration 10:  55000000 integrand evaluations so far
[1] 825827 +- 473.084  	chisq 4.48418 (9 df)
  825.83 ±   0.47 ·10⁺⁰³ (2.01mi) ┃   123.3 ±    5.6 ·10⁺⁰³ (14.4mi) ┃
┃   40 -    41 ┃ 117.957 ±  0.069 ·10⁺⁰³ (9.81mi) ┃-154.282 ±  0.094 ·10⁺⁰³ (3.86mi) ┃Vegas input parameters:
  ndim 10
  ncomp 1
  nvec 1
  epsrel 0
  epsabs 0
  flags 10
  seed 123456
  mineval 50000000
  maxeval 50000000
  nstart 1000000
  nincrease 1000000
  nbatch 5000
  gridno 0
  statefile ""

Iteration 1:  1000000 integrand evaluations so far
[1] -734669 +- 159768  	chisq 0 (0 df)

Iteration 2:  3000000 integrand evaluations so far
[1] -663860 +- 67697.2  	chisq 0.239409 (1 df)

Iteration 3:  6000000 integrand evaluations so far
[1] -590464 +- 23625.7  	chisq 1.57787 (2 df)

Iteration 4:  10000000 integrand evaluations so far
[1] -585926 +- 22162.4  	chisq 1.88528 (3 df)

Iteration 5:  15000000 integrand evaluations so far
[1] -588676 +- 22051.4  	chisq 3.42663 (4 df)

Iteration 6:  21000000 integrand evaluations so far
[1] -578289 +- 18577.6  	chisq 4.19107 (5 df)

Iteration 7:  28000000 integrand evaluations so far
[1] -608362 +- 11848.5  	chisq 8.60825 (6 df)

Iteration 8:  36000000 integrand evaluations so far
[1] -610026 +- 7095.11  	chisq 8.63902 (7 df)

Iteration 9:  45000000 integrand evaluations so far
[1] -611258 +- 6888.37  	chisq 9.16413 (8 df)

Iteration 10:  55000000 integrand evaluations so far
[1] -609706 +- 5604.3  	chisq 9.31428 (9 df)
  -609.7 ±    5.6 ·10⁺⁰³ (4.76mi) ┃Vegas input parameters:
  ndim 8
  ncomp 1
  nvec 1
  epsrel 0
  epsabs 0
  flags 10
  seed 123456
  mineval 5000000
  maxeval 50000000
  nstart 1000000
  nincrease 1000000
  nbatch 5000
  gridno 0
  statefile ""

Iteration 1:  1000000 integrand evaluations so far
[1] 770458 +- 74537.8  	chisq 0 (0 df)

Iteration 2:  3000000 integrand evaluations so far
[1] 762185 +- 9640.23  	chisq 0.0125305 (1 df)

Iteration 3:  6000000 integrand evaluations so far
[1] 763985 +- 3463.19  	chisq 0.0525571 (2 df)

Iteration 4:  10000000 integrand evaluations so far
[1] 766725 +- 1762.93  	chisq 0.897761 (3 df)

Iteration 5:  15000000 integrand evaluations so far
[1] 763051 +- 1126.01  	chisq 8.23576 (4 df)

Iteration 6:  21000000 integrand evaluations so far
[1] 762057 +- 841.335  	chisq 9.99869 (5 df)

Iteration 7:  28000000 integrand evaluations so far
[1] 761959 +- 676.699  	chisq 10.0375 (6 df)

Iteration 8:  36000000 integrand evaluations so far
[1] 762332 +- 569.125  	chisq 11.0784 (7 df)

Iteration 9:  45000000 integrand evaluations so far
[1] 762412 +- 492.871  	chisq 11.1579 (8 df)

Iteration 10:  55000000 integrand evaluations so far
[1] 762714 +- 435.924  	chisq 12.8823 (9 df)
  762.71 ±   0.44 ·10⁺⁰³ (2.27mi) ┃   116.7 ±    5.6 ·10⁺⁰³ (20.7mi) ┃
┃   41 -    42 ┃ 100.791 ±  0.074 ·10⁺⁰³ (3.59mi) ┃-144.416 ±  0.093 ·10⁺⁰³ (3.36mi) ┃Vegas input parameters:
  ndim 10
  ncomp 1
  nvec 1
  epsrel 0
  epsabs 0
  flags 10
  seed 123456
  mineval 50000000
  maxeval 50000000
  nstart 1000000
  nincrease 1000000
  nbatch 5000
  gridno 0
  statefile ""

Iteration 1:  1000000 integrand evaluations so far
[1] -164171 +- 75115.4  	chisq 0 (0 df)

Iteration 2:  3000000 integrand evaluations so far
[1] -269916 +- 20280.3  	chisq 2.13764 (1 df)

Iteration 3:  6000000 integrand evaluations so far
[1] -265286 +- 19612.7  	chisq 2.94237 (2 df)

Iteration 4:  10000000 integrand evaluations so far
[1] -268907 +- 14287.2  	chisq 3.01497 (3 df)

Iteration 5:  15000000 integrand evaluations so far
[1] -275540 +- 7308.4  	chisq 3.30696 (4 df)

Iteration 6:  21000000 integrand evaluations so far
[1] -266496 +- 4531.73  	chisq 5.79528 (5 df)

Iteration 7:  28000000 integrand evaluations so far
[1] -266069 +- 4475.22  	chisq 6.1528 (6 df)

Iteration 8:  36000000 integrand evaluations so far
[1] -266403 +- 3738.19  	chisq 6.17125 (7 df)

Iteration 9:  45000000 integrand evaluations so far
[1] -272136 +- 2706.39  	chisq 11.1132 (8 df)

Iteration 10:  55000000 integrand evaluations so far
[1] -272302 +- 2323.25  	chisq 11.1276 (9 df)
  -272.3 ±    2.3 ·10⁺⁰³ (4.45mi) ┃Vegas input parameters:
  ndim 8
  ncomp 1
  nvec 1
  epsrel 0
  epsabs 0
  flags 10
  seed 123456
  mineval 5000000
  maxeval 50000000
  nstart 1000000
  nincrease 1000000
  nbatch 5000
  gridno 0
  statefile ""

Iteration 1:  1000000 integrand evaluations so far
[1] 405788 +- 30762.2  	chisq 0 (0 df)

Iteration 2:  3000000 integrand evaluations so far
[1] 421705 +- 6104.91  	chisq 0.27869 (1 df)

Iteration 3:  6000000 integrand evaluations so far
[1] 418428 +- 1857.45  	chisq 0.596275 (2 df)

Iteration 4:  10000000 integrand evaluations so far
[1] 418440 +- 1014.09  	chisq 0.596343 (3 df)

Iteration 5:  15000000 integrand evaluations so far
[1] 418613 +- 693.51  	chisq 0.650726 (4 df)

Iteration 6:  21000000 integrand evaluations so far
[1] 418689 +- 531.521  	chisq 0.680179 (5 df)

Iteration 7:  28000000 integrand evaluations so far
[1] 418273 +- 432.637  	chisq 2.50125 (6 df)

Iteration 8:  36000000 integrand evaluations so far
[1] 418320 +- 366.547  	chisq 2.54357 (7 df)

Iteration 9:  45000000 integrand evaluations so far
[1] 418297 +- 318.737  	chisq 2.55985 (8 df)

Iteration 10:  55000000 integrand evaluations so far
[1] 418492 +- 282.988  	chisq 4.32299 (9 df)
  418.49 ±   0.28 ·10⁺⁰³ (1.85mi) ┃   102.6 ±    2.3 ·10⁺⁰³ (13.2mi) ┃
┃   42 -    43 ┃   82.34 ±   0.02 ·10⁺⁰³ (13.8mi) ┃-107.302 ±  0.063 ·10⁺⁰³ (12.5mi) ┃Vegas input parameters:
  ndim 10
  ncomp 1
  nvec 1
  epsrel 0
  epsabs 0
  flags 10
  seed 123456
  mineval 50000000
  maxeval 50000000
  nstart 1000000
  nincrease 1000000
  nbatch 5000
  gridno 0
  statefile ""

Iteration 1:  1000000 integrand evaluations so far
[1] -84453.1 +- 47122.3  	chisq 0 (0 df)

Iteration 2:  3000000 integrand evaluations so far
[1] -142498 +- 21168  	chisq 1.90087 (1 df)

Iteration 3:  6000000 integrand evaluations so far
[1] -131981 +- 6674.86  	chisq 2.17494 (2 df)

Iteration 4:  10000000 integrand evaluations so far
[1] -128121 +- 5470.36  	chisq 3.19333 (3 df)

Iteration 5:  15000000 integrand evaluations so far
[1] -127743 +- 4072.23  	chisq 3.20408 (4 df)

Iteration 6:  21000000 integrand evaluations so far
[1] -126068 +- 3006.2  	chisq 3.57567 (5 df)

Iteration 7:  28000000 integrand evaluations so far
[1] -122783 +- 2587.78  	chisq 8.18572 (6 df)

Iteration 8:  36000000 integrand evaluations so far
[1] -122119 +- 2355.3  	chisq 8.56919 (7 df)

Iteration 9:  45000000 integrand evaluations so far
[1] -123487 +- 1952.83  	chisq 9.64814 (8 df)

Iteration 10:  55000000 integrand evaluations so far
[1] -124370 +- 1708.33  	chisq 10.5184 (9 df)
  -124.4 ±    1.7 ·10⁺⁰³ (3.81mi) ┃Vegas input parameters:
  ndim 8
  ncomp 1
  nvec 1
  epsrel 0
  epsabs 0
  flags 10
  seed 123456
  mineval 5000000
  maxeval 50000000
  nstart 1000000
  nincrease 1000000
  nbatch 5000
  gridno 0
  statefile ""

Iteration 1:  1000000 integrand evaluations so far
[1] 251337 +- 32971.5  	chisq 0 (0 df)

Iteration 2:  3000000 integrand evaluations so far
[1] 230594 +- 3414.23  	chisq 0.400079 (1 df)

Iteration 3:  6000000 integrand evaluations so far
[1] 235149 +- 1269.21  	chisq 2.46598 (2 df)

Iteration 4:  10000000 integrand evaluations so far
[1] 232729 +- 681.169  	chisq 7.5754 (3 df)

Iteration 5:  15000000 integrand evaluations so far
[1] 233228 +- 458.766  	chisq 8.55858 (4 df)

Iteration 6:  21000000 integrand evaluations so far
[1] 232947 +- 347.682  	chisq 9.43638 (5 df)

Iteration 7:  28000000 integrand evaluations so far
[1] 233075 +- 283.161  	chisq 9.83491 (6 df)

Iteration 8:  36000000 integrand evaluations so far
[1] 233010 +- 240.226  	chisq 10.0215 (7 df)

Iteration 9:  45000000 integrand evaluations so far
[1] 233058 +- 211.093  	chisq 10.1954 (8 df)

Iteration 10:  55000000 integrand evaluations so far
[1] 233061 +- 187.803  	chisq 10.1964 (9 df)
  233.06 ±   0.19 ·10⁺⁰³ ( 1.5mi) ┃    83.7 ±    1.7 ·10⁺⁰³ (31.6mi) ┃
┃   43 -    44 ┃  66.473 ±  0.031 ·10⁺⁰³ (12.6mi) ┃ -79.224 ±   0.04 ·10⁺⁰³ (5.85mi) ┃Vegas input parameters:
  ndim 10
  ncomp 1
  nvec 1
  epsrel 0
  epsabs 0
  flags 10
  seed 123456
  mineval 50000000
  maxeval 50000000
  nstart 1000000
  nincrease 1000000
  nbatch 5000
  gridno 0
  statefile ""

Iteration 1:  1000000 integrand evaluations so far
[1] -96724.9 +- 28235.1  	chisq 0 (0 df)

Iteration 2:  3000000 integrand evaluations so far
[1] -59156.8 +- 9846.15  	chisq 2.01543 (1 df)

Iteration 3:  6000000 integrand evaluations so far
[1] -65025.7 +- 5617.25  	chisq 2.54215 (2 df)

Iteration 4:  10000000 integrand evaluations so far
[1] -70080.8 +- 3795.96  	chisq 4.03266 (3 df)

Iteration 5:  15000000 integrand evaluations so far
[1] -69568.5 +- 2852.76  	chisq 4.07451 (4 df)

Iteration 6:  21000000 integrand evaluations so far
[1] -69570.6 +- 1981.69  	chisq 4.07451 (5 df)

Iteration 7:  28000000 integrand evaluations so far
[1] -68548.2 +- 1720.14  	chisq 5.15417 (6 df)

Iteration 8:  36000000 integrand evaluations so far
[1] -69826.1 +- 1506.94  	chisq 7.52774 (7 df)

Iteration 9:  45000000 integrand evaluations so far
[1] -69585.4 +- 1484.73  	chisq 8.40015 (8 df)

Iteration 10:  55000000 integrand evaluations so far
[1] -69455.8 +- 1479.36  	chisq 9.45552 (9 df)
   -69.5 ±    1.5 ·10⁺⁰³ (3.49mi) ┃Vegas input parameters:
  ndim 8
  ncomp 1
  nvec 1
  epsrel 0
  epsabs 0
  flags 10
  seed 123456
  mineval 5000000
  maxeval 50000000
  nstart 1000000
  nincrease 1000000
  nbatch 5000
  gridno 0
  statefile ""

Iteration 1:  1000000 integrand evaluations so far
[1] 179337 +- 35209.1  	chisq 0 (0 df)

Iteration 2:  3000000 integrand evaluations so far
[1] 149367 +- 2956.23  	chisq 0.729682 (1 df)

Iteration 3:  6000000 integrand evaluations so far
[1] 149907 +- 862.796  	chisq 0.766108 (2 df)

Iteration 4:  10000000 integrand evaluations so far
[1] 150308 +- 463.529  	chisq 1.06992 (3 df)

Iteration 5:  15000000 integrand evaluations so far
[1] 149957 +- 317.76  	chisq 2.1537 (4 df)

Iteration 6:  21000000 integrand evaluations so far
[1] 149790 +- 245.423  	chisq 2.83225 (5 df)

Iteration 7:  28000000 integrand evaluations so far
[1] 149692 +- 201.4  	chisq 3.32603 (6 df)

Iteration 8:  36000000 integrand evaluations so far
[1] 149570 +- 172.151  	chisq 4.67808 (7 df)

Iteration 9:  45000000 integrand evaluations so far
[1] 149460 +- 150.284  	chisq 6.41327 (8 df)

Iteration 10:  55000000 integrand evaluations so far
[1] 149465 +- 133.838  	chisq 6.41842 (9 df)
  149.46 ±   0.13 ·10⁺⁰³ (1.26mi) ┃    67.3 ±    1.5 ·10⁺⁰³ (23.2mi) ┃
┃   44 -    45 ┃  53.807 ±  0.022 ·10⁺⁰³ (11.3mi) ┃ -59.684 ±  0.028 ·10⁺⁰³ (1.47mi) ┃Vegas input parameters:
  ndim 10
  ncomp 1
  nvec 1
  epsrel 0
  epsabs 0
  flags 10
  seed 123456
  mineval 50000000
  maxeval 50000000
  nstart 1000000
  nincrease 1000000
  nbatch 5000
  gridno 0
  statefile ""

Iteration 1:  1000000 integrand evaluations so far
[1] -66794.5 +- 23376  	chisq 0 (0 df)

Iteration 2:  3000000 integrand evaluations so far
[1] -57306.3 +- 12731.4  	chisq 0.234226 (1 df)

Iteration 3:  6000000 integrand evaluations so far
[1] -61340.3 +- 10343  	chisq 0.529505 (2 df)

Iteration 4:  10000000 integrand evaluations so far
[1] -56072.8 +- 6047.19  	chisq 0.923583 (3 df)

Iteration 5:  15000000 integrand evaluations so far
[1] -52581.2 +- 4410.97  	chisq 1.63601 (4 df)

Iteration 6:  21000000 integrand evaluations so far
[1] -50230.7 +- 2807.86  	chisq 2.11342 (5 df)

Iteration 7:  28000000 integrand evaluations so far
[1] -47246.5 +- 2184  	chisq 4.97314 (6 df)

Iteration 8:  36000000 integrand evaluations so far
[1] -44941.9 +- 1942.2  	chisq 10.2964 (7 df)

Iteration 9:  45000000 integrand evaluations so far
[1] -45235.5 +- 1869.93  	chisq 10.6093 (8 df)

Iteration 10:  55000000 integrand evaluations so far
[1] -44766.7 +- 1607.55  	chisq 10.8502 (9 df)
   -44.8 ±    1.6 ·10⁺⁰³ (2.88mi) ┃Vegas input parameters:
  ndim 8
  ncomp 1
  nvec 1
  epsrel 0
  epsabs 0
  flags 10
  seed 123456
  mineval 5000000
  maxeval 50000000
  nstart 1000000
  nincrease 1000000
  nbatch 5000
  gridno 0
  statefile ""

Iteration 1:  1000000 integrand evaluations so far
[1] 90179 +- 4517.08  	chisq 0 (0 df)

Iteration 2:  3000000 integrand evaluations so far
[1] 104533 +- 1759.17  	chisq 11.9033 (1 df)

Iteration 3:  6000000 integrand evaluations so far
[1] 104430 +- 580.507  	chisq 11.9072 (2 df)

Iteration 4:  10000000 integrand evaluations so far
[1] 104062 +- 337.198  	chisq 12.5135 (3 df)

Iteration 5:  15000000 integrand evaluations so far
[1] 104086 +- 238.661  	chisq 12.5242 (4 df)

Iteration 6:  21000000 integrand evaluations so far
[1] 104158 +- 186.17  	chisq 12.7564 (5 df)

Iteration 7:  28000000 integrand evaluations so far
[1] 104111 +- 153.26  	chisq 12.9587 (6 df)

Iteration 8:  36000000 integrand evaluations so far
[1] 104166 +- 131.933  	chisq 13.4604 (7 df)

Iteration 9:  45000000 integrand evaluations so far
[1] 104074 +- 115.375  	chisq 15.5182 (8 df)

Iteration 10:  55000000 integrand evaluations so far
[1] 104116 +- 102.707  	chisq 16.1563 (9 df)
  104.12 ±    0.1 ·10⁺⁰³ (1.06mi) ┃    53.5 ±    1.6 ·10⁺⁰³ (16.7mi) ┃
┃   45 -    46 ┃ 43.9174 ± 0.0074 ·10⁺⁰³ (20.2mi) ┃ -46.878 ±  0.016 ·10⁺⁰³ (10.1mi) ┃Vegas input parameters:
  ndim 10
  ncomp 1
  nvec 1
  epsrel 0
  epsabs 0
  flags 10
  seed 123456
  mineval 50000000
  maxeval 50000000
  nstart 1000000
  nincrease 1000000
  nbatch 5000
  gridno 0
  statefile ""

Iteration 1:  1000000 integrand evaluations so far
[1] -37869.8 +- 24794.4  	chisq 0 (0 df)

Iteration 2:  3000000 integrand evaluations so far
[1] -22846.2 +- 5871.93  	chisq 0.388962 (1 df)

Iteration 3:  6000000 integrand evaluations so far
[1] -30006.5 +- 3352.43  	chisq 2.59494 (2 df)

Iteration 4:  10000000 integrand evaluations so far
[1] -27180.6 +- 2473.72  	chisq 4.15476 (3 df)

Iteration 5:  15000000 integrand evaluations so far
[1] -28000.7 +- 2084.76  	chisq 4.53409 (4 df)

Iteration 6:  21000000 integrand evaluations so far
[1] -28930.8 +- 1652.32  	chisq 5.06942 (5 df)

Iteration 7:  28000000 integrand evaluations so far
[1] -28248 +- 1339.4  	chisq 5.56739 (6 df)

Iteration 8:  36000000 integrand evaluations so far
[1] -29000.4 +- 1246.66  	chisq 7.92753 (7 df)

Iteration 9:  45000000 integrand evaluations so far
[1] -28660.5 +- 1209.19  	chisq 9.18328 (8 df)

Iteration 10:  55000000 integrand evaluations so far
[1] -28909.2 +- 1134.43  	chisq 9.53635 (9 df)
   -28.9 ±    1.1 ·10⁺⁰³ ( 2.7mi) ┃Vegas input parameters:
  ndim 8
  ncomp 1
  nvec 1
  epsrel 0
  epsabs 0
  flags 10
  seed 123456
  mineval 5000000
  maxeval 50000000
  nstart 1000000
  nincrease 1000000
  nbatch 5000
  gridno 0
  statefile ""

Iteration 1:  1000000 integrand evaluations so far
[1] 85909.7 +- 10344  	chisq 0 (0 df)

Iteration 2:  3000000 integrand evaluations so far
[1] 77034.6 +- 1042.57  	chisq 0.743707 (1 df)

Iteration 3:  6000000 integrand evaluations so far
[1] 76231.8 +- 395.528  	chisq 1.43631 (2 df)

Iteration 4:  10000000 integrand evaluations so far
[1] 76456.5 +- 251.126  	chisq 1.97672 (3 df)

Iteration 5:  15000000 integrand evaluations so far
[1] 76453.5 +- 183.72  	chisq 1.97703 (4 df)

Iteration 6:  21000000 integrand evaluations so far
[1] 76371.5 +- 144.856  	chisq 2.50362 (5 df)

Iteration 7:  28000000 integrand evaluations so far
[1] 76406.1 +- 120.184  	chisq 2.6867 (6 df)

Iteration 8:  36000000 integrand evaluations so far
[1] 76484.2 +- 103.072  	chisq 4.28491 (7 df)

Iteration 9:  45000000 integrand evaluations so far
[1] 76447.2 +- 90.4612  	chisq 4.84617 (8 df)

Iteration 10:  55000000 integrand evaluations so far
[1] 76485.6 +- 80.8385  	chisq 5.73831 (9 df)
  76.486 ±  0.081 ·10⁺⁰³ (1.01mi) ┃    44.6 ±    1.1 ·10⁺⁰³ (34.1mi) ┃
┃   46 -    47 ┃  36.212 ±  0.013 ·10⁺⁰³ (19.9mi) ┃-37.3122 ± 0.0091 ·10⁺⁰³ (  10mi) ┃Vegas input parameters:
  ndim 10
  ncomp 1
  nvec 1
  epsrel 0
  epsabs 0
  flags 10
  seed 123456
  mineval 50000000
  maxeval 50000000
  nstart 1000000
  nincrease 1000000
  nbatch 5000
  gridno 0
  statefile ""

Iteration 1:  1000000 integrand evaluations so far
[1] 9593.96 +- 17123.1  	chisq 0 (0 df)

Iteration 2:  3000000 integrand evaluations so far
[1] -12585.2 +- 7009.87  	chisq 2.01555 (1 df)

Iteration 3:  6000000 integrand evaluations so far
[1] -18782.7 +- 5117.84  	chisq 3.68941 (2 df)

Iteration 4:  10000000 integrand evaluations so far
[1] -20878.5 +- 3192.65  	chisq 3.96395 (3 df)

Iteration 5:  15000000 integrand evaluations so far
[1] -20305.8 +- 2528.66  	chisq 4.05027 (4 df)

Iteration 6:  21000000 integrand evaluations so far
[1] -19617 +- 2086.87  	chisq 4.28295 (5 df)

Iteration 7:  28000000 integrand evaluations so far
[1] -19955.4 +- 1470.94  	chisq 4.33519 (6 df)

Iteration 8:  36000000 integrand evaluations so far
[1] -19391 +- 1415.14  	chisq 6.31277 (7 df)

Iteration 9:  45000000 integrand evaluations so far
[1] -20124.5 +- 1140.22  	chisq 7.07863 (8 df)

Iteration 10:  55000000 integrand evaluations so far
[1] -19808.1 +- 938.688  	chisq 7.31752 (9 df)
  -19.81 ±   0.94 ·10⁺⁰³ ( 3.1mi) ┃Vegas input parameters:
  ndim 8
  ncomp 1
  nvec 1
  epsrel 0
  epsabs 0
  flags 10
  seed 123456
  mineval 5000000
  maxeval 50000000
  nstart 1000000
  nincrease 1000000
  nbatch 5000
  gridno 0
  statefile ""

Iteration 1:  1000000 integrand evaluations so far
[1] 55465.3 +- 3516.31  	chisq 0 (0 df)

Iteration 2:  3000000 integrand evaluations so far
[1] 58614.1 +- 854.014  	chisq 0.852191 (1 df)

Iteration 3:  6000000 integrand evaluations so far
[1] 58561.9 +- 334.213  	chisq 0.856604 (2 df)

Iteration 4:  10000000 integrand evaluations so far
[1] 58311 +- 205.125  	chisq 1.76101 (3 df)

Iteration 5:  15000000 integrand evaluations so far
[1] 58322.7 +- 148.881  	chisq 1.76784 (4 df)

Iteration 6:  21000000 integrand evaluations so far
[1] 58308.2 +- 117.767  	chisq 1.79296 (5 df)

Iteration 7:  28000000 integrand evaluations so far
[1] 58317.6 +- 97.8821  	chisq 1.81358 (6 df)

Iteration 8:  36000000 integrand evaluations so far
[1] 58284.6 +- 83.8271  	chisq 2.23927 (7 df)

Iteration 9:  45000000 integrand evaluations so far
[1] 58237.1 +- 73.5177  	chisq 3.63386 (8 df)

Iteration 10:  55000000 integrand evaluations so far
[1] 58237.1 +- 65.6634  	chisq 3.63386 (9 df)
  58.237 ±  0.066 ·10⁺⁰³ (1.01mi) ┃   37.33 ±   0.94 ·10⁺⁰³ (  34mi) ┃
┃   47 -    48 ┃ 30.0863 ± 0.0047 ·10⁺⁰³ (19.3mi) ┃ -30.071 ±  0.013 ·10⁺⁰³ (9.81mi) ┃Vegas input parameters:
  ndim 10
  ncomp 1
  nvec 1
  epsrel 0
  epsabs 0
  flags 10
  seed 123456
  mineval 50000000
  maxeval 50000000
  nstart 1000000
  nincrease 1000000
  nbatch 5000
  gridno 0
  statefile ""

Iteration 1:  1000000 integrand evaluations so far
[1] -30938.6 +- 14965.6  	chisq 0 (0 df)

Iteration 2:  3000000 integrand evaluations so far
[1] -26592.6 +- 7437.38  	chisq 0.111993 (1 df)

Iteration 3:  6000000 integrand evaluations so far
[1] -17968.4 +- 2458.21  	chisq 1.62151 (2 df)

Iteration 4:  10000000 integrand evaluations so far
[1] -18407.3 +- 2208.71  	chisq 1.78697 (3 df)

Iteration 5:  15000000 integrand evaluations so far
[1] -16846.8 +- 1988.35  	chisq 4.41977 (4 df)

Iteration 6:  21000000 integrand evaluations so far
[1] -16735 +- 1735.35  	chisq 4.43304 (5 df)

Iteration 7:  28000000 integrand evaluations so far
[1] -15103.1 +- 1338.5  	chisq 6.61625 (6 df)

Iteration 8:  36000000 integrand evaluations so far
[1] -14910.2 +- 910.427  	chisq 6.65489 (7 df)

Iteration 9:  45000000 integrand evaluations so far
[1] -15003.2 +- 857.052  	chisq 6.74651 (8 df)

Iteration 10:  55000000 integrand evaluations so far
[1] -14918 +- 827.468  	chisq 6.89208 (9 df)
  -14.92 ±   0.83 ·10⁺⁰³ ( 2.6mi) ┃Vegas input parameters:
  ndim 8
  ncomp 1
  nvec 1
  epsrel 0
  epsabs 0
  flags 10
  seed 123456
  mineval 5000000
  maxeval 50000000
  nstart 1000000
  nincrease 1000000
  nbatch 5000
  gridno 0
  statefile ""

Iteration 1:  1000000 integrand evaluations so far
[1] 49933.8 +- 9896.81  	chisq 0 (0 df)

Iteration 2:  3000000 integrand evaluations so far
[1] 46898.6 +- 1227.2  	chisq 0.0955229 (1 df)

Iteration 3:  6000000 integrand evaluations so far
[1] 45657.4 +- 356.321  	chisq 1.21259 (2 df)

Iteration 4:  10000000 integrand evaluations so far
[1] 45307.7 +- 186.051  	chisq 2.53718 (3 df)

Iteration 5:  15000000 integrand evaluations so far
[1] 45343.6 +- 129.355  	chisq 2.60953 (4 df)

Iteration 6:  21000000 integrand evaluations so far
[1] 45316.3 +- 100.383  	chisq 2.72153 (5 df)

Iteration 7:  28000000 integrand evaluations so far
[1] 45297.6 +- 82.5117  	chisq 2.82847 (6 df)

Iteration 8:  36000000 integrand evaluations so far
[1] 45277.9 +- 70.1679  	chisq 3.03499 (7 df)

Iteration 9:  45000000 integrand evaluations so far
[1] 45251.9 +- 61.4218  	chisq 3.62342 (8 df)

Iteration 10:  55000000 integrand evaluations so far
[1] 45275.7 +- 54.7335  	chisq 4.35364 (9 df)
  45.276 ±  0.055 ·10⁺⁰³ ( 57.2s) ┃   30.37 ±   0.83 ·10⁺⁰³ (32.6mi) ┃
┃   48 -    49 ┃  25.257 ±  0.014 ·10⁺⁰³ (37.8mi) ┃ -24.592 ±  0.011 ·10⁺⁰³ (9.64mi) ┃Vegas input parameters:
  ndim 10
  ncomp 1
  nvec 1
  epsrel 0
  epsabs 0
  flags 10
  seed 123456
  mineval 50000000
  maxeval 50000000
  nstart 1000000
  nincrease 1000000
  nbatch 5000
  gridno 0
  statefile ""

Iteration 1:  1000000 integrand evaluations so far
[1] -10116.3 +- 4503.29  	chisq 0 (0 df)

Iteration 2:  3000000 integrand evaluations so far
[1] -10891.1 +- 3092.55  	chisq 0.056022 (1 df)

Iteration 3:  6000000 integrand evaluations so far
[1] -8262.53 +- 1826.26  	chisq 1.16534 (2 df)

Iteration 4:  10000000 integrand evaluations so far
[1] -7744.81 +- 1266.22  	chisq 1.3201 (3 df)

Iteration 5:  15000000 integrand evaluations so far
[1] -8572.59 +- 1090  	chisq 2.97035 (4 df)

Iteration 6:  21000000 integrand evaluations so far
[1] -7975.48 +- 804.91  	chisq 3.63034 (5 df)

Iteration 7:  28000000 integrand evaluations so far
[1] -8941.51 +- 682.711  	chisq 8.76388 (6 df)

Iteration 8:  36000000 integrand evaluations so far
[1] -8824.19 +- 674.447  	chisq 9.99106 (7 df)

Iteration 9:  45000000 integrand evaluations so far
[1] -9000.41 +- 642.938  	chisq 10.7392 (8 df)

Iteration 10:  55000000 integrand evaluations so far
[1] -8958.13 +- 621.698  	chisq 10.8057 (9 df)
   -8.96 ±   0.62 ·10⁺⁰³ (2.51mi) ┃Vegas input parameters:
  ndim 8
  ncomp 1
  nvec 1
  epsrel 0
  epsabs 0
  flags 10
  seed 123456
  mineval 5000000
  maxeval 50000000
  nstart 1000000
  nincrease 1000000
  nbatch 5000
  gridno 0
  statefile ""

Iteration 1:  1000000 integrand evaluations so far
[1] 34309.3 +- 3930.19  	chisq 0 (0 df)

Iteration 2:  3000000 integrand evaluations so far
[1] 34965.1 +- 746.819  	chisq 0.0288909 (1 df)

Iteration 3:  6000000 integrand evaluations so far
[1] 35897.6 +- 284.115  	chisq 1.85167 (2 df)

Iteration 4:  10000000 integrand evaluations so far
[1] 35724.9 +- 157.799  	chisq 2.38599 (3 df)

Iteration 5:  15000000 integrand evaluations so far
[1] 35649.9 +- 108.913  	chisq 2.8173 (4 df)

Iteration 6:  21000000 integrand evaluations so far
[1] 35652.4 +- 83.7899  	chisq 2.81861 (5 df)

Iteration 7:  28000000 integrand evaluations so far
[1] 35614.2 +- 68.8312  	chisq 3.45977 (6 df)

Iteration 8:  36000000 integrand evaluations so far
[1] 35605.7 +- 58.7339  	chisq 3.51588 (7 df)

Iteration 9:  45000000 integrand evaluations so far
[1] 35589.1 +- 51.3426  	chisq 3.85315 (8 df)

Iteration 10:  55000000 integrand evaluations so far
[1] 35620.2 +- 45.9773  	chisq 5.70511 (9 df)
   35.62 ±  0.046 ·10⁺⁰³ ( 55.6s) ┃   27.33 ±   0.62 ·10⁺⁰³ (50.9mi) ┃
┃   49 -    50 ┃ 21.2879 ± 0.0038 ·10⁺⁰³ (19.6mi) ┃ -20.225 ±  0.017 ·10⁺⁰³ (2.51mi) ┃Vegas input parameters:
  ndim 10
  ncomp 1
  nvec 1
  epsrel 0
  epsabs 0
  flags 10
  seed 123456
  mineval 50000000
  maxeval 50000000
  nstart 1000000
  nincrease 1000000
  nbatch 5000
  gridno 0
  statefile ""

Iteration 1:  1000000 integrand evaluations so far
[1] -11221.4 +- 5543.31  	chisq 0 (0 df)

Iteration 2:  3000000 integrand evaluations so far
[1] -6302.12 +- 1933.33  	chisq 0.89657 (1 df)

Iteration 3:  6000000 integrand evaluations so far
[1] -5393.94 +- 1731.91  	chisq 2.01382 (2 df)

Iteration 4:  10000000 integrand evaluations so far
[1] -4634.71 +- 1401.28  	chisq 2.57025 (3 df)

Iteration 5:  15000000 integrand evaluations so far
[1] -4046.27 +- 1296.74  	chisq 3.79796 (4 df)

Iteration 6:  21000000 integrand evaluations so far
[1] -3951.96 +- 1291.25  	chisq 4.42318 (5 df)

Iteration 7:  28000000 integrand evaluations so far
[1] -3750.01 +- 1282.01  	chisq 6.13853 (6 df)

Iteration 8:  36000000 integrand evaluations so far
[1] -4110.95 +- 1190.72  	chisq 6.71568 (7 df)

Iteration 9:  45000000 integrand evaluations so far
[1] -4060.11 +- 1170.16  	chisq 6.76894 (8 df)

Iteration 10:  55000000 integrand evaluations so far
[1] -4296.48 +- 1142.11  	chisq 7.63008 (9 df)
    -4.3 ±    1.1 ·10⁺⁰³ (2.44mi) ┃Vegas input parameters:
  ndim 8
  ncomp 1
  nvec 1
  epsrel 0
  epsabs 0
  flags 10
  seed 123456
  mineval 5000000
  maxeval 50000000
  nstart 1000000
  nincrease 1000000
  nbatch 5000
  gridno 0
  statefile ""

Iteration 1:  1000000 integrand evaluations so far
[1] 28481.1 +- 2459.54  	chisq 0 (0 df)

Iteration 2:  3000000 integrand evaluations so far
[1] 27910 +- 388.88  	chisq 0.0553047 (1 df)

Iteration 3:  6000000 integrand evaluations so far
[1] 28051.9 +- 165.947  	chisq 0.218128 (2 df)

Iteration 4:  10000000 integrand evaluations so far
[1] 28088 +- 108.377  	chisq 0.300672 (3 df)

Iteration 5:  15000000 integrand evaluations so far
[1] 28036.4 +- 80.6545  	chisq 0.809533 (4 df)

Iteration 6:  21000000 integrand evaluations so far
[1] 27972.4 +- 64.8383  	chisq 2.59068 (5 df)

Iteration 7:  28000000 integrand evaluations so far
[1] 27960.2 +- 54.8372  	chisq 2.71443 (6 df)

Iteration 8:  36000000 integrand evaluations so far
[1] 27964.7 +- 47.5673  	chisq 2.74141 (7 df)

Iteration 9:  45000000 integrand evaluations so far
[1] 27943 +- 42.0609  	chisq 3.69597 (8 df)

Iteration 10:  55000000 integrand evaluations so far
[1] 27957.7 +- 37.7188  	chisq 4.32135 (9 df)
  27.958 ±  0.038 ·10⁺⁰³ ( 53.1s) ┃    24.7 ±    1.1 ·10⁺⁰³ (25.5mi) ┃
┃   50 -    51 ┃  18.057 ±  0.015 ·10⁺⁰³ (4.97mi) ┃-16.8669 ± 0.0079 ·10⁺⁰³ (4.68mi) ┃Vegas input parameters:
  ndim 10
  ncomp 1
  nvec 1
  epsrel 0
  epsabs 0
  flags 10
  seed 123456
  mineval 50000000
  maxeval 50000000
  nstart 1000000
  nincrease 1000000
  nbatch 5000
  gridno 0
  statefile ""

Iteration 1:  1000000 integrand evaluations so far
[1] -65.5174 +- 5770.11  	chisq 0 (0 df)

Iteration 2:  3000000 integrand evaluations so far
[1] -2663.48 +- 2969.77  	chisq 0.275773 (1 df)

Iteration 3:  6000000 integrand evaluations so far
[1] -2268.35 +- 2944.67  	chisq 1.32737 (2 df)

Iteration 4:  10000000 integrand evaluations so far
[1] -1030.29 +- 2257.89  	chisq 1.75636 (3 df)

Iteration 5:  15000000 integrand evaluations so far
[1] -917.67 +- 1596.92  	chisq 1.76134 (4 df)

Iteration 6:  21000000 integrand evaluations so far
[1] -2213.07 +- 1291.4  	chisq 3.66297 (5 df)

Iteration 7:  28000000 integrand evaluations so far
[1] -2303.34 +- 840.172  	chisq 3.67145 (6 df)

Iteration 8:  36000000 integrand evaluations so far
[1] -2886.97 +- 676.232  	chisq 5.04165 (7 df)

Iteration 9:  45000000 integrand evaluations so far
[1] -2848.67 +- 664.771  	chisq 5.1371 (8 df)

Iteration 10:  55000000 integrand evaluations so far
[1] -2942.54 +- 659.906  	chisq 6.50405 (9 df)
   -2.94 ±   0.66 ·10⁺⁰³ (2.39mi) ┃Vegas input parameters:
  ndim 8
  ncomp 1
  nvec 1
  epsrel 0
  epsabs 0
  flags 10
  seed 123456
  mineval 5000000
  maxeval 50000000
  nstart 1000000
  nincrease 1000000
  nbatch 5000
  gridno 0
  statefile ""

Iteration 1:  1000000 integrand evaluations so far
[1] 20983.1 +- 1114.08  	chisq 0 (0 df)

Iteration 2:  3000000 integrand evaluations so far
[1] 21943.8 +- 241.782  	chisq 0.780487 (1 df)

Iteration 3:  6000000 integrand evaluations so far
[1] 22090.6 +- 124.327  	chisq 1.28118 (2 df)

Iteration 4:  10000000 integrand evaluations so far
[1] 22088.8 +- 83.6844  	chisq 1.28153 (3 df)

Iteration 5:  15000000 integrand evaluations so far
[1] 22143.9 +- 65.7077  	chisq 2.40967 (4 df)

Iteration 6:  21000000 integrand evaluations so far
[1] 22157.5 +- 54.0673  	chisq 2.54249 (5 df)

Iteration 7:  28000000 integrand evaluations so far
[1] 22187.2 +- 45.7119  	chisq 3.60378 (6 df)

Iteration 8:  36000000 integrand evaluations so far
[1] 22184.9 +- 39.6513  	chisq 3.61462 (7 df)

Iteration 9:  45000000 integrand evaluations so far
[1] 22176 +- 34.9226  	chisq 3.84004 (8 df)

Iteration 10:  55000000 integrand evaluations so far
[1] 22191 +- 31.2916  	chisq 4.77511 (9 df)
  22.191 ±  0.031 ·10⁺⁰³ ( 51.7s) ┃   20.44 ±   0.66 ·10⁺⁰³ (12.9mi) ┃
┃   51 -    52 ┃ 15.4155 ±  0.008 ·10⁺⁰³ (18.2mi) ┃-14.1718 ± 0.0051 ·10⁺⁰³ (2.36mi) ┃Vegas input parameters:
  ndim 10
  ncomp 1
  nvec 1
  epsrel 0
  epsabs 0
  flags 10
  seed 123456
  mineval 50000000
  maxeval 50000000
  nstart 1000000
  nincrease 1000000
  nbatch 5000
  gridno 0
  statefile ""

Iteration 1:  1000000 integrand evaluations so far
[1] -3108.12 +- 2612.96  	chisq 0 (0 df)

Iteration 2:  3000000 integrand evaluations so far
[1] -5338.66 +- 1597.86  	chisq 1.16398 (1 df)

Iteration 3:  6000000 integrand evaluations so far
[1] -3614.48 +- 1268.17  	chisq 4.31014 (2 df)

Iteration 4:  10000000 integrand evaluations so far
[1] -3590.29 +- 1056.46  	chisq 4.31133 (3 df)

Iteration 5:  15000000 integrand evaluations so far
[1] -3320.43 +- 961.137  	chisq 4.68999 (4 df)

Iteration 6:  21000000 integrand evaluations so far
[1] -3028.71 +- 747.041  	chisq 4.92268 (5 df)

Iteration 7:  28000000 integrand evaluations so far
[1] -1783.31 +- 588.795  	chisq 12.2599 (6 df)

Iteration 8:  36000000 integrand evaluations so far
[1] -1929.88 +- 577.668  	chisq 13.9151 (7 df)

Iteration 9:  45000000 integrand evaluations so far
[1] -1962.18 +- 576.159  	chisq 14.5144 (8 df)

Iteration 10:  55000000 integrand evaluations so far
[1] -2082.72 +- 536.186  	chisq 14.8412 (9 df)
   -2.08 ±   0.54 ·10⁺⁰³ (2.37mi) ┃Vegas input parameters:
  ndim 8
  ncomp 1
  nvec 1
  epsrel 0
  epsabs 0
  flags 10
  seed 123456
  mineval 5000000
  maxeval 50000000
  nstart 1000000
  nincrease 1000000
  nbatch 5000
  gridno 0
  statefile ""

Iteration 1:  1000000 integrand evaluations so far
[1] 17755.7 +- 954.315  	chisq 0 (0 df)

Iteration 2:  3000000 integrand evaluations so far
[1] 18152.4 +- 193.426  	chisq 0.180187 (1 df)

Iteration 3:  6000000 integrand evaluations so far
[1] 18264.8 +- 106.556  	chisq 0.664775 (2 df)

Iteration 4:  10000000 integrand evaluations so far
[1] 18284.8 +- 73.0791  	chisq 0.731203 (3 df)

Iteration 5:  15000000 integrand evaluations so far
[1] 18317.6 +- 55.8444  	chisq 1.21792 (4 df)

Iteration 6:  21000000 integrand evaluations so far
[1] 18301.4 +- 45.8691  	chisq 1.47866 (5 df)

Iteration 7:  28000000 integrand evaluations so far
[1] 18299.9 +- 38.9467  	chisq 1.48226 (6 df)

Iteration 8:  36000000 integrand evaluations so far
[1] 18272.8 +- 33.7486  	chisq 3.43401 (7 df)

Iteration 9:  45000000 integrand evaluations so far
[1] 18280.4 +- 29.8187  	chisq 3.66742 (8 df)

Iteration 10:  55000000 integrand evaluations so far
[1] 18279.2 +- 26.7293  	chisq 3.67555 (9 df)
  18.279 ±  0.027 ·10⁺⁰³ ( 50.5s) ┃   17.44 ±   0.54 ·10⁺⁰³ (23.8mi) ┃
┃   52 -    53 ┃ 13.2547 ± 0.0018 ·10⁺⁰³ (9.49mi) ┃ -11.962 ±  0.011 ·10⁺⁰³ (4.63mi) ┃Vegas input parameters:
  ndim 10
  ncomp 1
  nvec 1
  epsrel 0
  epsabs 0
  flags 10
  seed 123456
  mineval 50000000
  maxeval 50000000
  nstart 1000000
  nincrease 1000000
  nbatch 5000
  gridno 0
  statefile ""

Iteration 1:  1000000 integrand evaluations so far
[1] 9079.45 +- 11492.2  	chisq 0 (0 df)

Iteration 2:  3000000 integrand evaluations so far
[1] -6938.11 +- 4027.91  	chisq 2.21466 (1 df)

Iteration 3:  6000000 integrand evaluations so far
[1] -3756.44 +- 1486.88  	chisq 2.93705 (2 df)

Iteration 4:  10000000 integrand evaluations so far
[1] -3131.93 +- 1423.65  	chisq 5.0563 (3 df)

Iteration 5:  15000000 integrand evaluations so far
[1] -3121.92 +- 1098.56  	chisq 5.05642 (4 df)

Iteration 6:  21000000 integrand evaluations so far
[1] -3155.38 +- 901.761  	chisq 5.05927 (5 df)

Iteration 7:  28000000 integrand evaluations so far
[1] -2860.5 +- 736.05  	chisq 5.37967 (6 df)

Iteration 8:  36000000 integrand evaluations so far
[1] -2572.33 +- 679.94  	chisq 6.42488 (7 df)

Iteration 9:  45000000 integrand evaluations so far
[1] -2654.59 +- 662.809  	chisq 6.71912 (8 df)

Iteration 10:  55000000 integrand evaluations so far
[1] -2141.7 +- 580.313  	chisq 9.28423 (9 df)
   -2.14 ±   0.58 ·10⁺⁰³ (2.32mi) ┃Vegas input parameters:
  ndim 8
  ncomp 1
  nvec 1
  epsrel 0
  epsabs 0
  flags 10
  seed 123456
  mineval 5000000
  maxeval 50000000
  nstart 1000000
  nincrease 1000000
  nbatch 5000
  gridno 0
  statefile ""

Iteration 1:  1000000 integrand evaluations so far
[1] 15646.4 +- 831.208  	chisq 0 (0 df)

Iteration 2:  3000000 integrand evaluations so far
[1] 15391.6 +- 169.989  	chisq 0.0980589 (1 df)

Iteration 3:  6000000 integrand evaluations so far
[1] 15469.3 +- 89.2266  	chisq 0.386144 (2 df)

Iteration 4:  10000000 integrand evaluations so far
[1] 15457 +- 61.1657  	chisq 0.421746 (3 df)

Iteration 5:  15000000 integrand evaluations so far
[1] 15535.2 +- 49.5414  	chisq 5.17123 (4 df)

Iteration 6:  21000000 integrand evaluations so far
[1] 15542.1 +- 41.1814  	chisq 5.23391 (5 df)

Iteration 7:  28000000 integrand evaluations so far
[1] 15539 +- 35.7864  	chisq 5.25641 (6 df)

Iteration 8:  36000000 integrand evaluations so far
[1] 15509.5 +- 31.0949  	chisq 8.04181 (7 df)

Iteration 9:  45000000 integrand evaluations so far
[1] 15508 +- 27.3201  	chisq 8.0518 (8 df)

Iteration 10:  55000000 integrand evaluations so far
[1] 15503.1 +- 24.3  	chisq 8.20671 (9 df)
  15.503 ±  0.024 ·10⁺⁰³ (   50s) ┃   14.65 ±   0.58 ·10⁺⁰³ (17.3mi) ┃
┃   53 -    54 ┃ 11.4343 ± 0.0085 ·10⁺⁰³ (18.3mi) ┃-10.3436 ± 0.0033 ·10⁺⁰³ (18.1mi) ┃Vegas input parameters:
  ndim 10
  ncomp 1
  nvec 1
  epsrel 0
  epsabs 0
  flags 10
  seed 123456
  mineval 50000000
  maxeval 50000000
  nstart 1000000
  nincrease 1000000
  nbatch 5000
  gridno 0
  statefile ""

Iteration 1:  1000000 integrand evaluations so far
[1] -15450.6 +- 11358.7  	chisq 0 (0 df)

Iteration 2:  3000000 integrand evaluations so far
[1] -4724.85 +- 3253.5  	chisq 0.971358 (1 df)

Iteration 3:  6000000 integrand evaluations so far
[1] -2078.78 +- 2857.99  	chisq 3.86805 (2 df)

Iteration 4:  10000000 integrand evaluations so far
[1] -2677.55 +- 2112.75  	chisq 3.96483 (3 df)

Iteration 5:  15000000 integrand evaluations so far
[1] -3119.99 +- 1034.41  	chisq 4.02251 (4 df)

Iteration 6:  21000000 integrand evaluations so far
[1] -1378.6 +- 707.052  	chisq 9.34181 (5 df)

Iteration 7:  28000000 integrand evaluations so far
[1] -1606.57 +- 632.332  	chisq 9.86113 (6 df)

Iteration 8:  36000000 integrand evaluations so far
[1] -1438.51 +- 531.105  	chisq 10.101 (7 df)

Iteration 9:  45000000 integrand evaluations so far
[1] -1205.35 +- 494.683  	chisq 11.556 (8 df)

Iteration 10:  55000000 integrand evaluations so far
[1] -1335.81 +- 400.34  	chisq 11.7576 (9 df)
   -1.34 ±    0.4 ·10⁺⁰³ (2.29mi) ┃Vegas input parameters:
  ndim 8
  ncomp 1
  nvec 1
  epsrel 0
  epsabs 0
  flags 10
  seed 123456
  mineval 5000000
  maxeval 50000000
  nstart 1000000
  nincrease 1000000
  nbatch 5000
  gridno 0
  statefile ""

Iteration 1:  1000000 integrand evaluations so far
[1] 12946.4 +- 643.367  	chisq 0 (0 df)

Iteration 2:  3000000 integrand evaluations so far
[1] 13347.6 +- 140.154  	chisq 0.408283 (1 df)

Iteration 3:  6000000 integrand evaluations so far
[1] 13307.6 +- 82.0642  	chisq 0.532358 (2 df)

Iteration 4:  10000000 integrand evaluations so far
[1] 13318.5 +- 57.5297  	chisq 0.567293 (3 df)

Iteration 5:  15000000 integrand evaluations so far
[1] 13358.7 +- 43.8362  	chisq 1.72753 (4 df)

Iteration 6:  21000000 integrand evaluations so far
[1] 13335.4 +- 35.8495  	chisq 2.57548 (5 df)

Iteration 7:  28000000 integrand evaluations so far
[1] 13308 +- 30.5943  	chisq 4.72807 (6 df)

Iteration 8:  36000000 integrand evaluations so far
[1] 13283.5 +- 26.5962  	chisq 7.36046 (7 df)

Iteration 9:  45000000 integrand evaluations so far
[1] 13286.7 +- 23.5568  	chisq 7.427 (8 df)

Iteration 10:  55000000 integrand evaluations so far
[1] 13291.1 +- 21.1703  	chisq 7.60987 (9 df)
  13.291 ±  0.021 ·10⁺⁰³ ( 49.4s) ┃   13.05 ±    0.4 ·10⁺⁰³ (39.5mi) ┃
┃   54 -    55 ┃  9.9139 ± 0.0035 ·10⁺⁰³ (36.6mi) ┃ -8.7412 ± 0.0037 ·10⁺⁰³ (1.18mi) ┃Vegas input parameters:
  ndim 10
  ncomp 1
  nvec 1
  epsrel 0
  epsabs 0
  flags 10
  seed 123456
  mineval 50000000
  maxeval 50000000
  nstart 1000000
  nincrease 1000000
  nbatch 5000
  gridno 0
  statefile ""

Iteration 1:  1000000 integrand evaluations so far
[1] 2201.87 +- 1697.07  	chisq 0 (0 df)

Iteration 2:  3000000 integrand evaluations so far
[1] -664.696 +- 1257.68  	chisq 6.32923 (1 df)

Iteration 3:  6000000 integrand evaluations so far
[1] -530.697 +- 1249.66  	chisq 7.22182 (2 df)

Iteration 4:  10000000 integrand evaluations so far
[1] 55.0748 +- 826.466  	chisq 7.61236 (3 df)

Iteration 5:  15000000 integrand evaluations so far
[1] -85.292 +- 755.399  	chisq 7.78762 (4 df)

Iteration 6:  21000000 integrand evaluations so far
[1] -642.175 +- 638.179  	chisq 9.68605 (5 df)

Iteration 7:  28000000 integrand evaluations so far
[1] -782.33 +- 488.047  	chisq 9.80223 (6 df)

Iteration 8:  36000000 integrand evaluations so far
[1] -816.677 +- 486.796  	chisq 10.7693 (7 df)

Iteration 9:  45000000 integrand evaluations so far
[1] -792.895 +- 481.08  	chisq 10.8716 (8 df)

Iteration 10:  55000000 integrand evaluations so far
[1] -773.691 +- 438.998  	chisq 10.8811 (9 df)
    -770 ±    440        (2.25mi) ┃Vegas input parameters:
  ndim 8
  ncomp 1
  nvec 1
  epsrel 0
  epsabs 0
  flags 10
  seed 123456
  mineval 5000000
  maxeval 50000000
  nstart 1000000
  nincrease 1000000
  nbatch 5000
  gridno 0
  statefile ""

Iteration 1:  1000000 integrand evaluations so far
[1] 10417.4 +- 559.471  	chisq 0 (0 df)

Iteration 2:  3000000 integrand evaluations so far
[1] 11576.3 +- 126.498  	chisq 4.52164 (1 df)

Iteration 3:  6000000 integrand evaluations so far
[1] 11575.6 +- 73.2763  	chisq 4.52168 (2 df)

Iteration 4:  10000000 integrand evaluations so far
[1] 11579 +- 51.3127  	chisq 4.52593 (3 df)

Iteration 5:  15000000 integrand evaluations so far
[1] 11584 +- 39.2914  	chisq 4.54819 (4 df)

Iteration 6:  21000000 integrand evaluations so far
[1] 11553.8 +- 31.9025  	chisq 6.27435 (5 df)

Iteration 7:  28000000 integrand evaluations so far
[1] 11541.3 +- 27.0453  	chisq 6.82474 (6 df)

Iteration 8:  36000000 integrand evaluations so far
[1] 11539.8 +- 23.6526  	chisq 6.83698 (7 df)

Iteration 9:  45000000 integrand evaluations so far
[1] 11537.9 +- 20.9841  	chisq 6.86695 (8 df)

Iteration 10:  55000000 integrand evaluations so far
[1] 11536.7 +- 18.8542  	chisq 6.88518 (9 df)
  11.537 ±  0.019 ·10⁺⁰³ ( 48.8s) ┃   11.94 ±   0.44 ·10⁺⁰³ (40.9mi) ┃
┃   55 -    56 ┃  8.6365 ± 0.0048 ·10⁺⁰³ (18.2mi) ┃ -7.7592 ± 0.0036 ·10⁺⁰³ (  18mi) ┃Vegas input parameters:
  ndim 10
  ncomp 1
  nvec 1
  epsrel 0
  epsabs 0
  flags 10
  seed 123456
  mineval 50000000
  maxeval 50000000
  nstart 1000000
  nincrease 1000000
  nbatch 5000
  gridno 0
  statefile ""

Iteration 1:  1000000 integrand evaluations so far
[1] -1153.32 +- 1781.96  	chisq 0 (0 df)

Iteration 2:  3000000 integrand evaluations so far
[1] 19.0746 +- 928.791  	chisq 0.594333 (1 df)

Iteration 3:  6000000 integrand evaluations so far
[1] -846.709 +- 816.885  	chisq 4.43141 (2 df)

Iteration 4:  10000000 integrand evaluations so far
[1] -918.032 +- 597.447  	chisq 4.44781 (3 df)

Iteration 5:  15000000 integrand evaluations so far
[1] -722.956 +- 514.347  	chisq 4.8597 (4 df)

Iteration 6:  21000000 integrand evaluations so far
[1] -1210.77 +- 442.256  	chisq 8.31029 (5 df)

Iteration 7:  28000000 integrand evaluations so far
[1] -1261.26 +- 403.538  	chisq 8.38814 (6 df)

Iteration 8:  36000000 integrand evaluations so far
[1] -1110.07 +- 320.48  	chisq 8.76825 (7 df)

Iteration 9:  45000000 integrand evaluations so far
[1] -1075.98 +- 319.653  	chisq 10.966 (8 df)

Iteration 10:  55000000 integrand evaluations so far
[1] -1070.92 +- 319.611  	chisq 11.9068 (9 df)
   -1.07 ±   0.32 ·10⁺⁰³ (2.24mi) ┃Vegas input parameters:
  ndim 8
  ncomp 1
  nvec 1
  epsrel 0
  epsabs 0
  flags 10
  seed 123456
  mineval 5000000
  maxeval 50000000
  nstart 1000000
  nincrease 1000000
  nbatch 5000
  gridno 0
  statefile ""

Iteration 1:  1000000 integrand evaluations so far
[1] 9894.77 +- 518.209  	chisq 0 (0 df)

Iteration 2:  3000000 integrand evaluations so far
[1] 9939.24 +- 109.549  	chisq 0.00770775 (1 df)

Iteration 3:  6000000 integrand evaluations so far
[1] 9987.31 +- 66.0866  	chisq 0.310458 (2 df)

Iteration 4:  10000000 integrand evaluations so far
[1] 10050.6 +- 46.9394  	chisq 2.16032 (3 df)

Iteration 5:  15000000 integrand evaluations so far
[1] 10046.1 +- 35.6739  	chisq 2.18238 (4 df)

Iteration 6:  21000000 integrand evaluations so far
[1] 10050 +- 29.8118  	chisq 2.22304 (5 df)

Iteration 7:  28000000 integrand evaluations so far
[1] 10073.6 +- 25.3934  	chisq 4.51096 (6 df)

Iteration 8:  36000000 integrand evaluations so far
[1] 10040.1 +- 21.7731  	chisq 11.1031 (7 df)

Iteration 9:  45000000 integrand evaluations so far
[1] 10051.7 +- 19.3643  	chisq 12.4562 (8 df)

Iteration 10:  55000000 integrand evaluations so far
[1] 10053.9 +- 17.3777  	chisq 12.5238 (9 df)
  10.054 ±  0.017 ·10⁺⁰³ ( 46.3s) ┃    9.86 ±   0.32 ·10⁺⁰³ (39.1mi) ┃
┃   56 -    57 ┃  7.5279 ± 0.0042 ·10⁺⁰³ (18.5mi) ┃ -6.5402 ± 0.0029 ·10⁺⁰³ (4.52mi) ┃Vegas input parameters:
  ndim 10
  ncomp 1
  nvec 1
  epsrel 0
  epsabs 0
  flags 10
  seed 123456
  mineval 50000000
  maxeval 50000000
  nstart 1000000
  nincrease 1000000
  nbatch 5000
  gridno 0
  statefile ""

Iteration 1:  1000000 integrand evaluations so far
[1] 2770.36 +- 2310.75  	chisq 0 (0 df)

Iteration 2:  3000000 integrand evaluations so far
[1] -1751.08 +- 851.119  	chisq 4.4296 (1 df)

Iteration 3:  6000000 integrand evaluations so far
[1] -1552.25 +- 694.641  	chisq 4.59304 (2 df)

Iteration 4:  10000000 integrand evaluations so far
[1] -1063.41 +- 532.414  	chisq 5.7935 (3 df)

Iteration 5:  15000000 integrand evaluations so far
[1] -967.035 +- 513.18  	chisq 6.25531 (4 df)

Iteration 6:  21000000 integrand evaluations so far
[1] -808.341 +- 497.107  	chisq 7.80618 (5 df)

Iteration 7:  28000000 integrand evaluations so far
[1] -738.834 +- 461.523  	chisq 7.94781 (6 df)

Iteration 8:  36000000 integrand evaluations so far
[1] -668.492 +- 443.462  	chisq 8.25054 (7 df)

Iteration 9:  45000000 integrand evaluations so far
[1] -552.079 +- 409.171  	chisq 8.71405 (8 df)

Iteration 10:  55000000 integrand evaluations so far
[1] -565.427 +- 364.488  	chisq 8.7192 (9 df)
    -570 ±    360        (2.26mi) ┃Vegas input parameters:
  ndim 8
  ncomp 1
  nvec 1
  epsrel 0
  epsabs 0
  flags 10
  seed 123456
  mineval 5000000
  maxeval 50000000
  nstart 1000000
  nincrease 1000000
  nbatch 5000
  gridno 0
  statefile ""

Iteration 1:  1000000 integrand evaluations so far
[1] 8756.6 +- 483.291  	chisq 0 (0 df)

Iteration 2:  3000000 integrand evaluations so far
[1] 8816 +- 102.541  	chisq 0.015819 (1 df)

Iteration 3:  6000000 integrand evaluations so far
[1] 8825.82 +- 63.4915  	chisq 0.0306835 (2 df)

Iteration 4:  10000000 integrand evaluations so far
[1] 8803.15 +- 44.3482  	chisq 0.279644 (3 df)

Iteration 5:  15000000 integrand evaluations so far
[1] 8815.51 +- 33.108  	chisq 0.45534 (4 df)

Iteration 6:  21000000 integrand evaluations so far
[1] 8803.51 +- 26.5751  	chisq 0.825074 (5 df)

Iteration 7:  28000000 integrand evaluations so far
[1] 8795.86 +- 22.6948  	chisq 1.13108 (6 df)

Iteration 8:  36000000 integrand evaluations so far
[1] 8805.84 +- 19.7929  	chisq 1.93917 (7 df)

Iteration 9:  45000000 integrand evaluations so far
[1] 8821.41 +- 17.4436  	chisq 4.71094 (8 df)

Iteration 10:  55000000 integrand evaluations so far
[1] 8808.86 +- 15.5475  	chisq 7.2277 (9 df)
   8.809 ±  0.016 ·10⁺⁰³ ( 47.5s) ┃    9.23 ±   0.36 ·10⁺⁰³ (26.1mi) ┃
┃   57 -    58 ┃  6.5721 ± 0.0058 ·10⁺⁰³ (  18mi) ┃ -5.8308 ± 0.0027 ·10⁺⁰³ (4.55mi) ┃Vegas input parameters:
  ndim 10
  ncomp 1
  nvec 1
  epsrel 0
  epsabs 0
  flags 10
  seed 123456
  mineval 50000000
  maxeval 50000000
  nstart 1000000
  nincrease 1000000
  nbatch 5000
  gridno 0
  statefile ""

Iteration 1:  1000000 integrand evaluations so far
[1] -7501.82 +- 3611.46  	chisq 0 (0 df)

Iteration 2:  3000000 integrand evaluations so far
[1] -8145.99 +- 3457.39  	chisq 0.381017 (1 df)

Iteration 3:  6000000 integrand evaluations so far
[1] -2791.27 +- 2621.49  	chisq 6.02382 (2 df)

Iteration 4:  10000000 integrand evaluations so far
[1] 106.552 +- 767.351  	chisq 7.36026 (3 df)

Iteration 5:  15000000 integrand evaluations so far
[1] -427.991 +- 575.6  	chisq 8.46987 (4 df)

Iteration 6:  21000000 integrand evaluations so far
[1] -227.535 +- 546.297  	chisq 9.69218 (5 df)

Iteration 7:  28000000 integrand evaluations so far
[1] -93.9156 +- 461.831  	chisq 9.90185 (6 df)

Iteration 8:  36000000 integrand evaluations so far
[1] -64.408 +- 460.61  	chisq 10.6751 (7 df)

Iteration 9:  45000000 integrand evaluations so far
[1] -58.0833 +- 441.179  	chisq 10.6774 (8 df)

Iteration 10:  55000000 integrand evaluations so far
[1] -107.551 +- 387.213  	chisq 10.7321 (9 df)
    -110 ±    390        (2.25mi) ┃Vegas input parameters:
  ndim 8
  ncomp 1
  nvec 1
  epsrel 0
  epsabs 0
  flags 10
  seed 123456
  mineval 5000000
  maxeval 50000000
  nstart 1000000
  nincrease 1000000
  nbatch 5000
  gridno 0
  statefile ""

Iteration 1:  1000000 integrand evaluations so far
[1] 7768.94 +- 408.082  	chisq 0 (0 df)

Iteration 2:  3000000 integrand evaluations so far
[1] 7974.51 +- 92.2062  	chisq 0.267407 (1 df)

Iteration 3:  6000000 integrand evaluations so far
[1] 7820.5 +- 50.7597  	chisq 4.27014 (2 df)

Iteration 4:  10000000 integrand evaluations so far
[1] 7823.98 +- 35.7203  	chisq 4.27945 (3 df)

Iteration 5:  15000000 integrand evaluations so far
[1] 7824.78 +- 30.1218  	chisq 4.2812 (4 df)

Iteration 6:  21000000 integrand evaluations so far
[1] 7815.39 +- 25.5443  	chisq 4.62755 (5 df)

Iteration 7:  28000000 integrand evaluations so far
[1] 7806.24 +- 21.4216  	chisq 5.05985 (6 df)

Iteration 8:  36000000 integrand evaluations so far
[1] 7776.54 +- 18.2545  	chisq 12.0783 (7 df)

Iteration 9:  45000000 integrand evaluations so far
[1] 7774.48 +- 15.9611  	chisq 12.1325 (8 df)

Iteration 10:  55000000 integrand evaluations so far
[1] 7756.93 +- 14.1806  	chisq 17.8731 (9 df)
   7.757 ±  0.014 ·10⁺⁰³ ( 46.7s) ┃    8.39 ±   0.39 ·10⁺⁰³ (25.6mi) ┃
┃   58 -    59 ┃  5.7597 ± 0.0043 ·10⁺⁰³ (17.9mi) ┃ -4.9677 ± 0.0017 ·10⁺⁰³ (4.53mi) ┃Vegas input parameters:
  ndim 10
  ncomp 1
  nvec 1
  epsrel 0
  epsabs 0
  flags 10
  seed 123456
  mineval 50000000
  maxeval 50000000
  nstart 1000000
  nincrease 1000000
  nbatch 5000
  gridno 0
  statefile ""

Iteration 1:  1000000 integrand evaluations so far
[1] 1998.42 +- 3860.97  	chisq 0 (0 df)

Iteration 2:  3000000 integrand evaluations so far
[1] -269.319 +- 718.049  	chisq 0.35734 (1 df)

Iteration 3:  6000000 integrand evaluations so far
[1] -655.894 +- 564.979  	chisq 1.11826 (2 df)

Iteration 4:  10000000 integrand evaluations so far
[1] -723.755 +- 560.111  	chisq 1.95905 (3 df)

Iteration 5:  15000000 integrand evaluations so far
[1] -779.914 +- 557.58  	chisq 3.07411 (4 df)

Iteration 6:  21000000 integrand evaluations so far
[1] -879.469 +- 547.761  	chisq 3.98728 (5 df)

Iteration 7:  28000000 integrand evaluations so far
[1] -730.59 +- 499.09  	chisq 4.4223 (6 df)

Iteration 8:  36000000 integrand evaluations so far
[1] -904.962 +- 423.029  	chisq 4.85582 (7 df)

Iteration 9:  45000000 integrand evaluations so far
[1] -797.651 +- 406.354  	chisq 5.68853 (8 df)

Iteration 10:  55000000 integrand evaluations so far
[1] -704.26 +- 349.07  	chisq 5.89007 (9 df)
    -700 ±    350        (2.23mi) ┃Vegas input parameters:
  ndim 8
  ncomp 1
  nvec 1
  epsrel 0
  epsabs 0
  flags 10
  seed 123456
  mineval 5000000
  maxeval 50000000
  nstart 1000000
  nincrease 1000000
  nbatch 5000
  gridno 0
  statefile ""

Iteration 1:  1000000 integrand evaluations so far
[1] 6856.39 +- 371.305  	chisq 0 (0 df)

Iteration 2:  3000000 integrand evaluations so far
[1] 6781.06 +- 82.1767  	chisq 0.0432791 (1 df)

Iteration 3:  6000000 integrand evaluations so far
[1] 6733.04 +- 51.2501  	chisq 0.602033 (2 df)

Iteration 4:  10000000 integrand evaluations so far
[1] 6745.84 +- 35.937  	chisq 0.724621 (3 df)

Iteration 5:  15000000 integrand evaluations so far
[1] 6787.3 +- 29.8517  	chisq 5.01828 (4 df)

Iteration 6:  21000000 integrand evaluations so far
[1] 6822.86 +- 24.6591  	chisq 9.4872 (5 df)

Iteration 7:  28000000 integrand evaluations so far
[1] 6848.21 +- 20.2367  	chisq 12.7241 (6 df)

Iteration 8:  36000000 integrand evaluations so far
[1] 6836.94 +- 17.1254  	chisq 13.8177 (7 df)

Iteration 9:  45000000 integrand evaluations so far
[1] 6848.26 +- 14.8598  	chisq 15.588 (8 df)

Iteration 10:  55000000 integrand evaluations so far
[1] 6834.58 +- 13.1563  	chisq 19.5094 (9 df)
   6.835 ±  0.013 ·10⁺⁰³ ( 46.2s) ┃    6.92 ±   0.35 ·10⁺⁰³ (25.5mi) ┃
┃   59 -    60 ┃  5.0448 ± 0.0027 ·10⁺⁰³ (35.6mi) ┃ -4.2746 ± 0.0027 ·10⁺⁰³ ( 4.6mi) ┃Vegas input parameters:
  ndim 10
  ncomp 1
  nvec 1
  epsrel 0
  epsabs 0
  flags 10
  seed 123456
  mineval 50000000
  maxeval 50000000
  nstart 1000000
  nincrease 1000000
  nbatch 5000
  gridno 0
  statefile ""

Iteration 1:  1000000 integrand evaluations so far
[1] -3744.29 +- 4036.13  	chisq 0 (0 df)

Iteration 2:  3000000 integrand evaluations so far
[1] -1156.72 +- 1856.13  	chisq 0.52125 (1 df)

Iteration 3:  6000000 integrand evaluations so far
[1] -1494.86 +- 1144.37  	chisq 0.574787 (2 df)

Iteration 4:  10000000 integrand evaluations so far
[1] -655.282 +- 1012.32  	chisq 3.04974 (3 df)

Iteration 5:  15000000 integrand evaluations so far
[1] 196.321 +- 797.409  	chisq 4.91444 (4 df)

Iteration 6:  21000000 integrand evaluations so far
[1] -299.427 +- 451.434  	chisq 5.48326 (5 df)

Iteration 7:  28000000 integrand evaluations so far
[1] -156.838 +- 421.618  	chisq 6.2643 (6 df)

Iteration 8:  36000000 integrand evaluations so far
[1] -233.534 +- 410.874  	chisq 6.92196 (7 df)

Iteration 9:  45000000 integrand evaluations so far
[1] -59.6419 +- 400.537  	chisq 10.5272 (8 df)

Iteration 10:  55000000 integrand evaluations so far
[1] -533.212 +- 333.072  	chisq 15.0585 (9 df)
    -530 ±    330        (2.21mi) ┃Vegas input parameters:
  ndim 8
  ncomp 1
  nvec 1
  epsrel 0
  epsabs 0
  flags 10
  seed 123456
  mineval 5000000
  maxeval 50000000
  nstart 1000000
  nincrease 1000000
  nbatch 5000
  gridno 0
  statefile ""

Iteration 1:  1000000 integrand evaluations so far
[1] 5539.06 +- 323.889  	chisq 0 (0 df)

Iteration 2:  3000000 integrand evaluations so far
[1] 6124.83 +- 75.7867  	chisq 3.46032 (1 df)

Iteration 3:  6000000 integrand evaluations so far
[1] 6037.53 +- 42.7005  	chisq 5.40428 (2 df)

Iteration 4:  10000000 integrand evaluations so far
[1] 6081.83 +- 30.3356  	chisq 7.57773 (3 df)

Iteration 5:  15000000 integrand evaluations so far
[1] 6088.52 +- 26.1579  	chisq 7.76703 (4 df)

Iteration 6:  21000000 integrand evaluations so far
[1] 6079.4 +- 22.045  	chisq 8.18648 (5 df)

Iteration 7:  28000000 integrand evaluations so far
[1] 6067.51 +- 18.2759  	chisq 9.11559 (6 df)

Iteration 8:  36000000 integrand evaluations so far
[1] 6062.26 +- 15.6868  	chisq 9.42931 (7 df)

Iteration 9:  45000000 integrand evaluations so far
[1] 6068.9 +- 13.682  	chisq 10.1788 (8 df)

Iteration 10:  55000000 integrand evaluations so far
[1] 6061.59 +- 12.1005  	chisq 11.4909 (9 df)
   6.062 ±  0.012 ·10⁺⁰³ ( 46.7s) ┃     6.3 ±   0.33 ·10⁺⁰³ (43.2mi) ┃
┣━━━━━━━━━━━━━━╋━━━━━━━━━━━━━━━━━━━━━━━━━━━━━━━━━━╋━━━━━━━━━━━━━━━━━━━━━━━━━━━━━━━━━━╋━━━━━━━━━━━━━━━━━━━━━━━━━━━━━━━━━━╋━━━━━━━━━━━━━━━━━━━━━━━━━━━━━━━━━━╋━━━━━━━━━━━━━━━━━━━━━━━━━━━━━━━━━━┫
┃   25 -    60 ┃ 1.96744 ± 0.00025 ·10⁺⁰⁶ (8.62hr) ┃-2.44133 ± 0.0003 ·10⁺⁰⁶ (2.69hr) ┃  -5.056 ±  0.014 ·10⁺⁰⁶ (2.05hr) ┃  7.5758 ± 0.0013 ·10⁺⁰⁶ (47.9mi) ┃   2.046 ±  0.014 ·10⁺⁰⁶ (14.2hr) ┃
┗━━━━━━━━━━━━━━┻━━━━━━━━━━━━━━━━━━━━━━━━━━━━━━━━━━┻━━━━━━━━━━━━━━━━━━━━━━━━━━━━━━━━━━┻━━━━━━━━━━━━━━━━━━━━━━━━━━━━━━━━━━┻━━━━━━━━━━━━━━━━━━━━━━━━━━━━━━━━━━┻━━━━━━━━━━━━━━━━━━━━━━━━━━━━━━━━━━┛

╍╍╍╍╍╍╍╍╍╍╍╍╍╍╍╍╍╍╍╍╍╍╍╍╍╍╍╍╍╍╍╍ Summary ╍╍╍╍╍╍╍╍╍╍╍╍╍╍╍╍╍╍╍╍╍╍╍╍╍╍╍╍╍╍╍
      Total cross section                     2.046 ± 0.014          nb
         Calculation time                               14.2       hours
              Output file                    outputs/ptl_NNLL_muR1.0_muF1.0.root            
      Result in text file                    outputs/ptl_NNLL_muR1.0_muF1.0.txt            

╍╍╍╍╍╍╍╍╍╍╍╍╍╍╍╍╍╍╍╍╍╍╍╍╍╍╍╍╍╍╍╍╍╍╍╍╍╍╍╍╍╍╍╍╍╍╍╍╍╍╍╍╍╍╍╍╍╍╍╍╍╍╍╍╍╍╍╍╍╍╍╍

