
╍╍╍╍╍╍╍╍╍╍╍╍╍╍╍╍╍╍╍╍╍╍╍╍╍╍╍ Process settings ╍╍╍╍╍╍╍╍╍╍╍╍╍╍╍╍╍╍╍╍╍╍╍╍╍╍╍
   proton-proton collisions at sqrt(s) = 13000 GeV 
   Computing NLO+NLL resummed cross section
   W+ ->  nu(p3)+e+(p4) production 

╍╍╍╍╍╍╍╍╍╍╍╍╍╍╍╍╍╍╍╍╍╍╍╍╍╍╍╍╍╍ CKM matrix ╍╍╍╍╍╍╍╍╍╍╍╍╍╍╍╍╍╍╍╍╍╍╍╍╍╍╍╍╍╍
     | Vud Vus Vub |   |   0.97427   0.2253  0.00351 | 
     | Vcd Vcs Vcb | = |    0.2252  0.97344   0.0412 | 
     | Vtd Vts Vtb |   |         0        0        0 | 

╍╍╍╍╍╍╍╍╍╍╍╍╍╍╍╍╍╍╍╍╍╍╍╍╍╍╍╍╍ EW parameters ╍╍╍╍╍╍╍╍╍╍╍╍╍╍╍╍╍╍╍╍╍╍╍╍╍╍╍╍
                                         Gf =  1.1663787e-05      GeV^-2
                                    1/alpha =  132.233229791            
                                 sin(thW)^2 = 0.222897222524            
                                     W mass =         80.385         GeV
                                     Z mass =        91.1876         GeV
                                    W width =          2.091         GeV
                                    Z width =          2.495         GeV

╍╍╍╍╍╍╍╍╍╍╍╍╍╍╍╍╍╍╍╍╍╍╍╍╍╍╍╍╍ QCD settings ╍╍╍╍╍╍╍╍╍╍╍╍╍╍╍╍╍╍╍╍╍╍╍╍╍╍╍╍╍
   Renormalization scale:     dynamic muren =              1      * m_ll
     Factorization scale:     dynamic mufac =            0.5      * m_ll
       Resummation scale:     dynamic mures =              1      * m_ll
          Strong coupling       alpha_s(MZ) =       0.118001            
                              running order =              2       -loop
         Non-perturbative     form factor g =            0.7       GeV^2

╍╍╍╍╍╍╍╍╍╍╍╍╍╍╍╍╍╍╍╍╍╍╍╍╍╍╍╍╍ PDF settings ╍╍╍╍╍╍╍╍╍╍╍╍╍╍╍╍╍╍╍╍╍╍╍╍╍╍╍╍╍
                                     PDF set:MSHT20nnlo_as118            
                                  PDF member:              0            
  Mellin moments of PDFs:                    Numerical integration            
                         nodes for the quadrature:            200            
                         Intervals for the quadrature:              1            

╍╍╍╍╍╍╍╍╍╍╍╍╍╍╍╍╍╍╍╍╍╍╍╍╍╍╍╍╍╍╍ qT recoil ╍╍╍╍╍╍╍╍╍╍╍╍╍╍╍╍╍╍╍╍╍╍╍╍╍╍╍╍╍╍
  qt-recoil prescription:       Collins-Soper kt1 = p_V(x)/2; kt2 = p_V(y)/2            

╍╍╍╍╍╍╍╍╍╍╍╍╍╍╍╍╍╍╍╍╍╍╍╍╍╍╍╍╍╍╍╍╍ Cuts ╍╍╍╍╍╍╍╍╍╍╍╍╍╍╍╍╍╍╍╍╍╍╍╍╍╍╍╍╍╍╍╍╍
                                  apply cuts:           true            
                                      pt_l >               0            
                                   |eta_l| <            1000            
                                    pt_lep >              25            
                                 |eta_lep| <             2.4            
                                   pt_alep >              25            
                                |eta_alep| <             2.4            
                                  user cuts:            true            

╍╍╍╍╍╍╍╍╍╍╍╍╍╍╍╍╍╍╍╍╍╍╍╍╍╍╍╍ ResummationDamp ╍╍╍╍╍╍╍╍╍╍╍╍╍╍╍╍╍╍╍╍╍╍╍╍╍╍╍
                                    damping :             on            
                                damping mode:              1            
                                  damp above:        60.2888         GeV
                               damping width:        20.0963         GeV
                          resummation cutoff:             20         MeV

╍╍╍╍╍╍╍╍╍╍╍╍╍╍╍╍╍╍╍╍╍╍╍╍╍╍╍╍ Debug settings ╍╍╍╍╍╍╍╍╍╍╍╍╍╍╍╍╍╍╍╍╍╍╍╍╍╍╍╍
                                 timeprofile:          false            
                                     verbose:          false            
                               cubaverbosity:              2            

╍╍╍╍╍╍╍╍╍╍╍╍╍╍╍╍╍╍╍╍╍╍╍╍╍╍╍╍╍╍╍╍╍╍╍╍╍╍╍╍╍╍╍╍╍╍╍╍╍╍╍╍╍╍╍╍╍╍╍╍╍╍╍╍╍╍╍╍╍╍╍╍

Warning: Histogram `a1_qt` contains non-integrable observable and will be deleted 
Warning: Histogram `a1_qt_vs_y` contains non-integrable observable and will be deleted 
Warning: Histogram `s_biganswer` contains non-integrable observable and will be deleted 
Warning: Histogram `wgt_a1_qt` contains non-integrable observable and will be deleted 

╍╍╍╍╍╍╍╍╍╍╍╍╍╍╍╍╍╍╍╍╍╍╍╍╍ Integration settings ╍╍╍╍╍╍╍╍╍╍╍╍╍╍╍╍╍╍╍╍╍╍╍╍╍
             Random seeds              123456                           
           Parallel cores                   1                           

             Resummation:     cuhre (dm, dpt)         iter =           5
                                   gauss (dy)        nodes =          64
                                                 intervals =           1
            Counter term:      cuhre (dm, dy)         iter =           5
                                  gauss (dpt)        nodes =          20
                                                 intervals =           5
                     V+J:            vegas 7D       ncalls =    10000000

Mellin inverse transform:           gaussian         nodes =          30
                                                 intervals =           1
                               imaginary axis         zmax =           2
  Angular variable costh:     semi-analytical      ncstart =         100
   Angular variables phi:            gaussian    intervals =          20

      Constant boundaries                  q2          low =          80
                                                      high =         100
                                            y          low =          -6
                                                      high =           6
                                           qT          low =           0
                                                      high =         100
                                        costh          low =          -1
                                                      high =           1
                                       eta(l)          low =         -10
                                                      high =          10

┏━━━━━━━━━━━━━━┰━━━━━━━━━━━━━━━━━━━━━━━━━━━━━━━━━━┰━━━━━━━━━━━━━━━━━━━━━━━━━━━━━━━━━━┰━━━━━━━━━━━━━━━━━━━━━━━━━━━━━━━━━━┰━━━━━━━━━━━━━━━━━━━━━━━━━━━━━━━━━━┓
┃        pT(l) ┃                      Resummation ┃                     Counter term ┃                              V+J ┃                            TOTAL ┃
┣━━━━━━━━━━━━━━╋━━━━━━━━━━━━━━━━━━━━━━━━━━━━━━━━━━╋━━━━━━━━━━━━━━━━━━━━━━━━━━━━━━━━━━╋━━━━━━━━━━━━━━━━━━━━━━━━━━━━━━━━━━╋━━━━━━━━━━━━━━━━━━━━━━━━━━━━━━━━━━┫
┃   25 -    26 ┃  40.262 ±  0.037 ·10⁺⁰³ (4.63mi) ┃ -65.768 ±  0.021 ·10⁺⁰³ (36.6mi) ┃Vegas input parameters:
  ndim 7
  ncomp 1
  nvec 1
  epsrel 0
  epsabs 0
  flags 10
  seed 123456
  mineval 10000000
  maxeval 10000000
  nstart 1000000
  nincrease 1000000
  nbatch 5000
  gridno 0
  statefile ""

Iteration 1:  1000000 integrand evaluations so far
[1] 70258.8 +- 1654.14  	chisq 0 (0 df)

Iteration 2:  3000000 integrand evaluations so far
[1] 72634.3 +- 415.9  	chisq 2.20166 (1 df)

Iteration 3:  6000000 integrand evaluations so far
[1] 72387.7 +- 245.328  	chisq 2.74114 (2 df)

Iteration 4:  10000000 integrand evaluations so far
[1] 72622.4 +- 213.332  	chisq 6.49574 (3 df)
   72.62 ±   0.21 ·10⁺⁰³ ( 32.2s) ┃   47.12 ±   0.22 ·10⁺⁰³ (41.8mi) ┃
┃   26 -    27 ┃  45.482 ±   0.02 ·10⁺⁰³ (17.9mi) ┃ -89.581 ±  0.025 ·10⁺⁰³ (38.7mi) ┃Vegas input parameters:
  ndim 7
  ncomp 1
  nvec 1
  epsrel 0
  epsabs 0
  flags 10
  seed 123456
  mineval 10000000
  maxeval 10000000
  nstart 1000000
  nincrease 1000000
  nbatch 5000
  gridno 0
  statefile ""

Iteration 1:  1000000 integrand evaluations so far
[1] 96828 +- 1943.81  	chisq 0 (0 df)

Iteration 2:  3000000 integrand evaluations so far
[1] 94560.6 +- 467.579  	chisq 1.44429 (1 df)

Iteration 3:  6000000 integrand evaluations so far
[1] 94526.4 +- 278.662  	chisq 1.45258 (2 df)

Iteration 4:  10000000 integrand evaluations so far
[1] 94677.5 +- 221.458  	chisq 2.25051 (3 df)
   94.68 ±   0.22 ·10⁺⁰³ ( 31.3s) ┃   50.58 ±   0.22 ·10⁺⁰³ (57.1mi) ┃
┃   27 -    28 ┃  51.053 ±  0.024 ·10⁺⁰³ ( 9.1mi) ┃-105.846 ±  0.087 ·10⁺⁰³ (2.74mi) ┃Vegas input parameters:
  ndim 7
  ncomp 1
  nvec 1
  epsrel 0
  epsabs 0
  flags 10
  seed 123456
  mineval 10000000
  maxeval 10000000
  nstart 1000000
  nincrease 1000000
  nbatch 5000
  gridno 0
  statefile ""

Iteration 1:  1000000 integrand evaluations so far
[1] 105749 +- 2011.7  	chisq 0 (0 df)

Iteration 2:  3000000 integrand evaluations so far
[1] 109020 +- 497.784  	chisq 2.81694 (1 df)

Iteration 3:  6000000 integrand evaluations so far
[1] 109372 +- 300.402  	chisq 3.59995 (2 df)

Iteration 4:  10000000 integrand evaluations so far
[1] 109440 +- 215.86  	chisq 3.70641 (3 df)
  109.44 ±   0.22 ·10⁺⁰³ ( 31.9s) ┃   54.65 ±   0.23 ·10⁺⁰³ (12.4mi) ┃
┃   28 -    29 ┃  56.706 ±  0.028 ·10⁺⁰³ (9.25mi) ┃-119.255 ±  0.037 ·10⁺⁰³ (5.26mi) ┃Vegas input parameters:
  ndim 7
  ncomp 1
  nvec 1
  epsrel 0
  epsabs 0
  flags 10
  seed 123456
  mineval 10000000
  maxeval 10000000
  nstart 1000000
  nincrease 1000000
  nbatch 5000
  gridno 0
  statefile ""

Iteration 1:  1000000 integrand evaluations so far
[1] 121703 +- 2162.06  	chisq 0 (0 df)

Iteration 2:  3000000 integrand evaluations so far
[1] 122172 +- 525.293  	chisq 0.0500062 (1 df)

Iteration 3:  6000000 integrand evaluations so far
[1] 122311 +- 319.288  	chisq 0.161274 (2 df)

Iteration 4:  10000000 integrand evaluations so far
[1] 122459 +- 229.991  	chisq 0.607625 (3 df)
  122.46 ±   0.23 ·10⁺⁰³ ( 32.2s) ┃   59.91 ±   0.23 ·10⁺⁰³ (  15mi) ┃
┃   29 -    30 ┃  62.725 ±  0.013 ·10⁺⁰³ (9.08mi) ┃-131.971 ±  0.027 ·10⁺⁰³ (10.3mi) ┃Vegas input parameters:
  ndim 7
  ncomp 1
  nvec 1
  epsrel 0
  epsabs 0
  flags 10
  seed 123456
  mineval 10000000
  maxeval 10000000
  nstart 1000000
  nincrease 1000000
  nbatch 5000
  gridno 0
  statefile ""

Iteration 1:  1000000 integrand evaluations so far
[1] 134302 +- 2228.29  	chisq 0 (0 df)

Iteration 2:  3000000 integrand evaluations so far
[1] 134750 +- 560.278  	chisq 0.043141 (1 df)

Iteration 3:  6000000 integrand evaluations so far
[1] 134626 +- 338.295  	chisq 0.120978 (2 df)

Iteration 4:  10000000 integrand evaluations so far
[1] 134889 +- 245.448  	chisq 1.39654 (3 df)
  134.89 ±   0.25 ·10⁺⁰³ ( 31.3s) ┃   65.64 ±   0.25 ·10⁺⁰³ (19.9mi) ┃
┃   30 -    31 ┃  69.147 ±   0.03 ·10⁺⁰³ (8.46mi) ┃-145.068 ±  0.054 ·10⁺⁰³ (5.09mi) ┃Vegas input parameters:
  ndim 7
  ncomp 1
  nvec 1
  epsrel 0
  epsabs 0
  flags 10
  seed 123456
  mineval 10000000
  maxeval 10000000
  nstart 1000000
  nincrease 1000000
  nbatch 5000
  gridno 0
  statefile ""

Iteration 1:  1000000 integrand evaluations so far
[1] 143420 +- 2289.69  	chisq 0 (0 df)

Iteration 2:  3000000 integrand evaluations so far
[1] 147430 +- 592.029  	chisq 3.28628 (1 df)

Iteration 3:  6000000 integrand evaluations so far
[1] 147449 +- 368.158  	chisq 3.28801 (2 df)

Iteration 4:  10000000 integrand evaluations so far
[1] 147445 +- 266.507  	chisq 3.28833 (3 df)
  147.44 ±   0.27 ·10⁺⁰³ ( 30.8s) ┃   71.52 ±   0.27 ·10⁺⁰³ (14.1mi) ┃
┃   31 -    32 ┃  75.387 ±  0.018 ·10⁺⁰³ (7.82mi) ┃-158.623 ±  0.034 ·10⁺⁰³ (2.24mi) ┃Vegas input parameters:
  ndim 7
  ncomp 1
  nvec 1
  epsrel 0
  epsabs 0
  flags 10
  seed 123456
  mineval 10000000
  maxeval 10000000
  nstart 1000000
  nincrease 1000000
  nbatch 5000
  gridno 0
  statefile ""

Iteration 1:  1000000 integrand evaluations so far
[1] 157988 +- 2368.62  	chisq 0 (0 df)

Iteration 2:  3000000 integrand evaluations so far
[1] 161029 +- 621.598  	chisq 1.76994 (1 df)

Iteration 3:  6000000 integrand evaluations so far
[1] 160729 +- 403.255  	chisq 2.17252 (2 df)

Iteration 4:  10000000 integrand evaluations so far
[1] 160843 +- 294.04  	chisq 2.34499 (3 df)
  160.84 ±   0.29 ·10⁺⁰³ ( 31.3s) ┃   77.61 ±    0.3 ·10⁺⁰³ (10.6mi) ┃
┃   32 -    33 ┃  82.109 ±  0.016 ·10⁺⁰³ (7.24mi) ┃-173.774 ±  0.066 ·10⁺⁰³ (2.34mi) ┃Vegas input parameters:
  ndim 7
  ncomp 1
  nvec 1
  epsrel 0
  epsabs 0
  flags 10
  seed 123456
  mineval 10000000
  maxeval 10000000
  nstart 1000000
  nincrease 1000000
  nbatch 5000
  gridno 0
  statefile ""

Iteration 1:  1000000 integrand evaluations so far
[1] 175053 +- 2471.62  	chisq 0 (0 df)

Iteration 2:  3000000 integrand evaluations so far
[1] 175393 +- 651.335  	chisq 0.0203834 (1 df)

Iteration 3:  6000000 integrand evaluations so far
[1] 174841 +- 397.31  	chisq 1.16536 (2 df)

Iteration 4:  10000000 integrand evaluations so far
[1] 175114 +- 289.854  	chisq 2.17588 (3 df)
  175.11 ±   0.29 ·10⁺⁰³ ( 28.5s) ┃   83.45 ±    0.3 ·10⁺⁰³ (10.1mi) ┃
┃   33 -    34 ┃  88.713 ±  0.031 ·10⁺⁰³ (6.65mi) ┃  -190.3 ±   0.11 ·10⁺⁰³ (2.14mi) ┃Vegas input parameters:
  ndim 7
  ncomp 1
  nvec 1
  epsrel 0
  epsabs 0
  flags 10
  seed 123456
  mineval 10000000
  maxeval 10000000
  nstart 1000000
  nincrease 1000000
  nbatch 5000
  gridno 0
  statefile ""

Iteration 1:  1000000 integrand evaluations so far
[1] 192586 +- 2552.39  	chisq 0 (0 df)

Iteration 2:  3000000 integrand evaluations so far
[1] 192679 +- 682.8  	chisq 0.00143091 (1 df)

Iteration 3:  6000000 integrand evaluations so far
[1] 192168 +- 493.667  	chisq 1.17268 (2 df)

Iteration 4:  10000000 integrand evaluations so far
[1] 191797 +- 361.702  	chisq 2.39617 (3 df)
   191.8 ±   0.36 ·10⁺⁰³ ( 28.7s) ┃   90.21 ±   0.38 ·10⁺⁰³ (9.27mi) ┃
┃   34 -    35 ┃   96.13 ±  0.085 ·10⁺⁰³ (1.85mi) ┃ -209.26 ±   0.16 ·10⁺⁰³ ( 2.2mi) ┃Vegas input parameters:
  ndim 7
  ncomp 1
  nvec 1
  epsrel 0
  epsabs 0
  flags 10
  seed 123456
  mineval 10000000
  maxeval 10000000
  nstart 1000000
  nincrease 1000000
  nbatch 5000
  gridno 0
  statefile ""

Iteration 1:  1000000 integrand evaluations so far
[1] 207438 +- 2616.96  	chisq 0 (0 df)

Iteration 2:  3000000 integrand evaluations so far
[1] 211264 +- 711.675  	chisq 2.30874 (1 df)

Iteration 3:  6000000 integrand evaluations so far
[1] 210526 +- 437.822  	chisq 4.04029 (2 df)

Iteration 4:  10000000 integrand evaluations so far
[1] 210411 +- 320.107  	chisq 4.18912 (3 df)
  210.41 ±   0.32 ·10⁺⁰³ ( 30.1s) ┃   97.28 ±   0.37 ·10⁺⁰³ (4.55mi) ┃
┃   35 -    36 ┃ 103.363 ±  0.064 ·10⁺⁰³ (3.36mi) ┃ -232.12 ±   0.11 ·10⁺⁰³ (2.25mi) ┃Vegas input parameters:
  ndim 7
  ncomp 1
  nvec 1
  epsrel 0
  epsabs 0
  flags 10
  seed 123456
  mineval 10000000
  maxeval 10000000
  nstart 1000000
  nincrease 1000000
  nbatch 5000
  gridno 0
  statefile ""

Iteration 1:  1000000 integrand evaluations so far
[1] 235208 +- 2748.46  	chisq 0 (0 df)

Iteration 2:  3000000 integrand evaluations so far
[1] 234286 +- 827.317  	chisq 0.123614 (1 df)

Iteration 3:  6000000 integrand evaluations so far
[1] 233064 +- 501.591  	chisq 3.57792 (2 df)

Iteration 4:  10000000 integrand evaluations so far
[1] 233438 +- 360.741  	chisq 4.72978 (3 df)
  233.44 ±   0.36 ·10⁺⁰³ ( 28.1s) ┃  104.68 ±   0.38 ·10⁺⁰³ (6.08mi) ┃
┃   36 -    37 ┃   110.8 ±    0.1 ·10⁺⁰³ (1.91mi) ┃ -260.63 ±   0.14 ·10⁺⁰³ (1.18mi) ┃Vegas input parameters:
  ndim 7
  ncomp 1
  nvec 1
  epsrel 0
  epsabs 0
  flags 10
  seed 123456
  mineval 10000000
  maxeval 10000000
  nstart 1000000
  nincrease 1000000
  nbatch 5000
  gridno 0
  statefile ""

Iteration 1:  1000000 integrand evaluations so far
[1] 257850 +- 2822.04  	chisq 0 (0 df)

Iteration 2:  3000000 integrand evaluations so far
[1] 261488 +- 789.907  	chisq 1.80325 (1 df)

Iteration 3:  6000000 integrand evaluations so far
[1] 261466 +- 486.064  	chisq 1.80452 (2 df)

Iteration 4:  10000000 integrand evaluations so far
[1] 261458 +- 363.107  	chisq 1.80505 (3 df)
  261.46 ±   0.36 ·10⁺⁰³ ( 28.1s) ┃  111.62 ±    0.4 ·10⁺⁰³ (3.56mi) ┃
┃   37 -    38 ┃  117.35 ±  0.014 ·10⁺⁰³ (3.35mi) ┃ -299.06 ±   0.18 ·10⁺⁰³ (1.14mi) ┃Vegas input parameters:
  ndim 7
  ncomp 1
  nvec 1
  epsrel 0
  epsabs 0
  flags 10
  seed 123456
  mineval 10000000
  maxeval 10000000
  nstart 1000000
  nincrease 1000000
  nbatch 5000
  gridno 0
  statefile ""

Iteration 1:  1000000 integrand evaluations so far
[1] 299487 +- 2985.66  	chisq 0 (0 df)

Iteration 2:  3000000 integrand evaluations so far
[1] 299892 +- 839.199  	chisq 0.0199522 (1 df)

Iteration 3:  6000000 integrand evaluations so far
[1] 299983 +- 535.51  	chisq 0.0399189 (2 df)

Iteration 4:  10000000 integrand evaluations so far
[1] 299989 +- 397.713  	chisq 0.0401867 (3 df)
  299.99 ±    0.4 ·10⁺⁰³ ( 29.1s) ┃  118.28 ±   0.44 ·10⁺⁰³ (4.98mi) ┃
┃   38 -    39 ┃  121.96 ±   0.11 ·10⁺⁰³ (1.86mi) ┃ -356.44 ±   0.04 ·10⁺⁰³ ( 1.2mi) ┃Vegas input parameters:
  ndim 7
  ncomp 1
  nvec 1
  epsrel 0
  epsabs 0
  flags 10
  seed 123456
  mineval 10000000
  maxeval 10000000
  nstart 1000000
  nincrease 1000000
  nbatch 5000
  gridno 0
  statefile ""

Iteration 1:  1000000 integrand evaluations so far
[1] 356499 +- 3185.5  	chisq 0 (0 df)

Iteration 2:  3000000 integrand evaluations so far
[1] 356731 +- 903.627  	chisq 0.00576711 (1 df)

Iteration 3:  6000000 integrand evaluations so far
[1] 357001 +- 560.884  	chisq 0.150571 (2 df)

Iteration 4:  10000000 integrand evaluations so far
[1] 357018 +- 417.515  	chisq 0.15277 (3 df)
  357.02 ±   0.42 ·10⁺⁰³ ( 28.3s) ┃  122.54 ±   0.43 ·10⁺⁰³ (3.53mi) ┃
┃   39 -    40 ┃  121.52 ±   0.12 ·10⁺⁰³ (1.84mi) ┃ -450.22 ±   0.21 ·10⁺⁰³ (1.12mi) ┃Vegas input parameters:
  ndim 7
  ncomp 1
  nvec 1
  epsrel 0
  epsabs 0
  flags 10
  seed 123456
  mineval 10000000
  maxeval 10000000
  nstart 1000000
  nincrease 1000000
  nbatch 5000
  gridno 0
  statefile ""

Iteration 1:  1000000 integrand evaluations so far
[1] 455901 +- 3504.64  	chisq 0 (0 df)

Iteration 2:  3000000 integrand evaluations so far
[1] 450594 +- 973.494  	chisq 2.48474 (1 df)

Iteration 3:  6000000 integrand evaluations so far
[1] 450474 +- 619.763  	chisq 2.51026 (2 df)

Iteration 4:  10000000 integrand evaluations so far
[1] 450409 +- 459.039  	chisq 2.53427 (3 df)
  450.41 ±   0.46 ·10⁺⁰³ ( 29.6s) ┃  121.71 ±   0.52 ·10⁺⁰³ (3.45mi) ┃
┃   40 -    41 ┃ 112.684 ±  0.069 ·10⁺⁰³ (6.49mi) ┃ -415.79 ±   0.39 ·10⁺⁰³ (1.01mi) ┃Vegas input parameters:
  ndim 7
  ncomp 1
  nvec 1
  epsrel 0
  epsabs 0
  flags 10
  seed 123456
  mineval 10000000
  maxeval 10000000
  nstart 1000000
  nincrease 1000000
  nbatch 5000
  gridno 0
  statefile ""

Iteration 1:  1000000 integrand evaluations so far
[1] 420546 +- 3326.13  	chisq 0 (0 df)

Iteration 2:  3000000 integrand evaluations so far
[1] 417301 +- 910.096  	chisq 1.02876 (1 df)

Iteration 3:  6000000 integrand evaluations so far
[1] 417242 +- 568.04  	chisq 1.03579 (2 df)

Iteration 4:  10000000 integrand evaluations so far
[1] 416908 +- 425.92  	chisq 1.82522 (3 df)
  416.91 ±   0.43 ·10⁺⁰³ ( 29.1s) ┃   113.8 ±   0.58 ·10⁺⁰³ (7.99mi) ┃
┃   41 -    42 ┃  96.759 ±  0.071 ·10⁺⁰³ (2.53mi) ┃ -226.21 ±   0.17 ·10⁺⁰³ (6.58mi) ┃Vegas input parameters:
  ndim 7
  ncomp 1
  nvec 1
  epsrel 0
  epsabs 0
  flags 10
  seed 123456
  mineval 10000000
  maxeval 10000000
  nstart 1000000
  nincrease 1000000
  nbatch 5000
  gridno 0
  statefile ""

Iteration 1:  1000000 integrand evaluations so far
[1] 228766 +- 2491.25  	chisq 0 (0 df)

Iteration 2:  3000000 integrand evaluations so far
[1] 228089 +- 698.523  	chisq 0.0800287 (1 df)

Iteration 3:  6000000 integrand evaluations so far
[1] 227497 +- 428.419  	chisq 1.23111 (2 df)

Iteration 4:  10000000 integrand evaluations so far
[1] 227447 +- 317.57  	chisq 1.26221 (3 df)
  227.45 ±   0.32 ·10⁺⁰³ ( 27.3s) ┃   97.99 ±   0.37 ·10⁺⁰³ (9.57mi) ┃
┃   42 -    43 ┃  79.665 ±  0.071 ·10⁺⁰³ (2.45mi) ┃-125.579 ±  0.061 ·10⁺⁰³ (12.2mi) ┃Vegas input parameters:
  ndim 7
  ncomp 1
  nvec 1
  epsrel 0
  epsabs 0
  flags 10
  seed 123456
  mineval 10000000
  maxeval 10000000
  nstart 1000000
  nincrease 1000000
  nbatch 5000
  gridno 0
  statefile ""

Iteration 1:  1000000 integrand evaluations so far
[1] 126118 +- 1860.2  	chisq 0 (0 df)

Iteration 2:  3000000 integrand evaluations so far
[1] 126604 +- 523.539  	chisq 0.0742634 (1 df)

Iteration 3:  6000000 integrand evaluations so far
[1] 126402 +- 318.354  	chisq 0.312039 (2 df)

Iteration 4:  10000000 integrand evaluations so far
[1] 126839 +- 235.317  	chisq 4.47902 (3 df)
  126.84 ±   0.24 ·10⁺⁰³ ( 26.9s) ┃   80.93 ±   0.25 ·10⁺⁰³ (15.1mi) ┃
┃   43 -    44 ┃  64.642 ±  0.032 ·10⁺⁰³ (10.1mi) ┃  -80.53 ±  0.029 ·10⁺⁰³ (3.06mi) ┃Vegas input parameters:
  ndim 7
  ncomp 1
  nvec 1
  epsrel 0
  epsabs 0
  flags 10
  seed 123456
  mineval 10000000
  maxeval 10000000
  nstart 1000000
  nincrease 1000000
  nbatch 5000
  gridno 0
  statefile ""

Iteration 1:  1000000 integrand evaluations so far
[1] 75674.1 +- 1433.38  	chisq 0 (0 df)

Iteration 2:  3000000 integrand evaluations so far
[1] 81133 +- 406.945  	chisq 15.7756 (1 df)

Iteration 3:  6000000 integrand evaluations so far
[1] 81078.5 +- 244.404  	chisq 15.8037 (2 df)

Iteration 4:  10000000 integrand evaluations so far
[1] 81529.4 +- 182.612  	chisq 23.5094 (3 df)
   81.53 ±   0.18 ·10⁺⁰³ ( 49.7s) ┃   65.64 ±   0.19 ·10⁺⁰³ (13.9mi) ┃
┃   44 -    45 ┃  52.606 ±  0.023 ·10⁺⁰³ (9.46mi) ┃  -56.12 ±  0.022 ·10⁺⁰³ (11.5mi) ┃Vegas input parameters:
  ndim 7
  ncomp 1
  nvec 1
  epsrel 0
  epsabs 0
  flags 10
  seed 123456
  mineval 10000000
  maxeval 10000000
  nstart 1000000
  nincrease 1000000
  nbatch 5000
  gridno 0
  statefile ""

Iteration 1:  1000000 integrand evaluations so far
[1] 57739 +- 1250.38  	chisq 0 (0 df)

Iteration 2:  3000000 integrand evaluations so far
[1] 57751.4 +- 332.099  	chisq 0.000106532 (1 df)

Iteration 3:  6000000 integrand evaluations so far
[1] 57551.4 +- 200.782  	chisq 0.57218 (2 df)

Iteration 4:  10000000 integrand evaluations so far
[1] 57505.8 +- 150.184  	chisq 0.68887 (3 df)
   57.51 ±   0.15 ·10⁺⁰³ ( 27.2s) ┃   53.99 ±   0.15 ·10⁺⁰³ (21.4mi) ┃
┃   45 -    46 ┃ 43.1286 ± 0.0076 ·10⁺⁰³ (18.3mi) ┃ -41.234 ±  0.013 ·10⁺⁰³ (5.44mi) ┃Vegas input parameters:
  ndim 7
  ncomp 1
  nvec 1
  epsrel 0
  epsabs 0
  flags 10
  seed 123456
  mineval 10000000
  maxeval 10000000
  nstart 1000000
  nincrease 1000000
  nbatch 5000
  gridno 0
  statefile ""

Iteration 1:  1000000 integrand evaluations so far
[1] 43025.1 +- 1072.79  	chisq 0 (0 df)

Iteration 2:  3000000 integrand evaluations so far
[1] 43003.5 +- 277.072  	chisq 0.000437351 (1 df)

Iteration 3:  6000000 integrand evaluations so far
[1] 42641.8 +- 163.035  	chisq 2.60731 (2 df)

Iteration 4:  10000000 integrand evaluations so far
[1] 42596.2 +- 116.55  	chisq 2.76688 (3 df)
    42.6 ±   0.12 ·10⁺⁰³ ( 26.7s) ┃   44.49 ±   0.12 ·10⁺⁰³ (24.2mi) ┃
┃   46 -    47 ┃  35.696 ±  0.014 ·10⁺⁰³ (18.2mi) ┃-31.3082 ± 0.0042 ·10⁺⁰³ (  22mi) ┃Vegas input parameters:
  ndim 7
  ncomp 1
  nvec 1
  epsrel 0
  epsabs 0
  flags 10
  seed 123456
  mineval 10000000
  maxeval 10000000
  nstart 1000000
  nincrease 1000000
  nbatch 5000
  gridno 0
  statefile ""

Iteration 1:  1000000 integrand evaluations so far
[1] 31097.8 +- 905.482  	chisq 0 (0 df)

Iteration 2:  3000000 integrand evaluations so far
[1] 32706.8 +- 234.862  	chisq 3.38535 (1 df)

Iteration 3:  6000000 integrand evaluations so far
[1] 32635.9 +- 136.955  	chisq 3.52349 (2 df)

Iteration 4:  10000000 integrand evaluations so far
[1] 32648.9 +- 97.4129  	chisq 3.54165 (3 df)
  32.649 ±  0.097 ·10⁺⁰³ ( 22.7s) ┃  37.037 ±  0.098 ·10⁺⁰³ (40.6mi) ┃
┃   47 -    48 ┃ 29.7552 ± 0.0035 ·10⁺⁰³ (16.2mi) ┃-24.1837 ± 0.0081 ·10⁺⁰³ (  10mi) ┃Vegas input parameters:
  ndim 7
  ncomp 1
  nvec 1
  epsrel 0
  epsabs 0
  flags 10
  seed 123456
  mineval 10000000
  maxeval 10000000
  nstart 1000000
  nincrease 1000000
  nbatch 5000
  gridno 0
  statefile ""

Iteration 1:  1000000 integrand evaluations so far
[1] 23569.6 +- 776.491  	chisq 0 (0 df)

Iteration 2:  3000000 integrand evaluations so far
[1] 25595 +- 200.997  	chisq 7.29242 (1 df)

Iteration 3:  6000000 integrand evaluations so far
[1] 25413.5 +- 115.337  	chisq 8.50787 (2 df)

Iteration 4:  10000000 integrand evaluations so far
[1] 25497.9 +- 87.0963  	chisq 9.75397 (3 df)
  25.498 ±  0.087 ·10⁺⁰³ ( 22.9s) ┃  31.069 ±  0.088 ·10⁺⁰³ (26.7mi) ┃
┃   48 -    49 ┃  25.055 ±  0.013 ·10⁺⁰³ (30.1mi) ┃-18.8932 ± 0.0078 ·10⁺⁰³ (9.42mi) ┃Vegas input parameters:
  ndim 7
  ncomp 1
  nvec 1
  epsrel 0
  epsabs 0
  flags 10
  seed 123456
  mineval 10000000
  maxeval 10000000
  nstart 1000000
  nincrease 1000000
  nbatch 5000
  gridno 0
  statefile ""

Iteration 1:  1000000 integrand evaluations so far
[1] 20674 +- 730.67  	chisq 0 (0 df)

Iteration 2:  3000000 integrand evaluations so far
[1] 20287.2 +- 169.414  	chisq 0.296175 (1 df)

Iteration 3:  6000000 integrand evaluations so far
[1] 20195.2 +- 97.0701  	chisq 0.734732 (2 df)

Iteration 4:  10000000 integrand evaluations so far
[1] 20222.3 +- 78.4883  	chisq 0.959002 (3 df)
  20.222 ±  0.078 ·10⁺⁰³ ( 21.1s) ┃  26.384 ±   0.08 ·10⁺⁰³ (39.8mi) ┃
┃   49 -    50 ┃ 21.1765 ± 0.0031 ·10⁺⁰³ (15.4mi) ┃-14.6764 ± 0.0066 ·10⁺⁰³ (18.8mi) ┃Vegas input parameters:
  ndim 7
  ncomp 1
  nvec 1
  epsrel 0
  epsabs 0
  flags 10
  seed 123456
  mineval 10000000
  maxeval 10000000
  nstart 1000000
  nincrease 1000000
  nbatch 5000
  gridno 0
  statefile ""

Iteration 1:  1000000 integrand evaluations so far
[1] 16454.7 +- 644.528  	chisq 0 (0 df)

Iteration 2:  3000000 integrand evaluations so far
[1] 15973.1 +- 142.673  	chisq 0.58728 (1 df)

Iteration 3:  6000000 integrand evaluations so far
[1] 16013.5 +- 81.4803  	chisq 0.706699 (2 df)

Iteration 4:  10000000 integrand evaluations so far
[1] 15973.7 +- 56.7726  	chisq 1.17055 (3 df)
  15.974 ±  0.057 ·10⁺⁰³ ( 21.3s) ┃  22.474 ±  0.057 ·10⁺⁰³ (34.5mi) ┃
┃   50 -    51 ┃  18.009 ±  0.011 ·10⁺⁰³ (3.97mi) ┃ -11.512 ± 0.0054 ·10⁺⁰³ (9.07mi) ┃Vegas input parameters:
  ndim 7
  ncomp 1
  nvec 1
  epsrel 0
  epsabs 0
  flags 10
  seed 123456
  mineval 10000000
  maxeval 10000000
  nstart 1000000
  nincrease 1000000
  nbatch 5000
  gridno 0
  statefile ""

Iteration 1:  1000000 integrand evaluations so far
[1] 12610.2 +- 567.405  	chisq 0 (0 df)

Iteration 2:  3000000 integrand evaluations so far
[1] 12722.1 +- 113.042  	chisq 0.0404991 (1 df)

Iteration 3:  6000000 integrand evaluations so far
[1] 12851.8 +- 68.0311  	chisq 2.10456 (2 df)

Iteration 4:  10000000 integrand evaluations so far
[1] 12806.5 +- 49.2748  	chisq 3.03664 (3 df)
  12.807 ±  0.049 ·10⁺⁰³ ( 21.2s) ┃  19.303 ±  0.051 ·10⁺⁰³ (13.4mi) ┃
┃   51 -    52 ┃  15.409 ± 0.0078 ·10⁺⁰³ (14.7mi) ┃ -9.4182 ± 0.0037 ·10⁺⁰³ (2.32mi) ┃Vegas input parameters:
  ndim 7
  ncomp 1
  nvec 1
  epsrel 0
  epsabs 0
  flags 10
  seed 123456
  mineval 10000000
  maxeval 10000000
  nstart 1000000
  nincrease 1000000
  nbatch 5000
  gridno 0
  statefile ""

Iteration 1:  1000000 integrand evaluations so far
[1] 10624.4 +- 517.745  	chisq 0 (0 df)

Iteration 2:  3000000 integrand evaluations so far
[1] 10557.3 +- 87.8757  	chisq 0.0173098 (1 df)

Iteration 3:  6000000 integrand evaluations so far
[1] 10646.5 +- 53.0324  	chisq 1.63943 (2 df)

Iteration 4:  10000000 integrand evaluations so far
[1] 10678.1 +- 45.8877  	chisq 3.0522 (3 df)
  10.678 ±  0.046 ·10⁺⁰³ ( 21.4s) ┃  16.669 ±  0.047 ·10⁺⁰³ (17.3mi) ┃
┃   52 -    53 ┃ 13.2762 ± 0.0018 ·10⁺⁰³ (7.72mi) ┃ -7.8551 ± 0.0072 ·10⁺⁰³ (4.55mi) ┃Vegas input parameters:
  ndim 7
  ncomp 1
  nvec 1
  epsrel 0
  epsabs 0
  flags 10
  seed 123456
  mineval 10000000
  maxeval 10000000
  nstart 1000000
  nincrease 1000000
  nbatch 5000
  gridno 0
  statefile ""

Iteration 1:  1000000 integrand evaluations so far
[1] 9434.64 +- 485.503  	chisq 0 (0 df)

Iteration 2:  3000000 integrand evaluations so far
[1] 9037.67 +- 80.9959  	chisq 0.687674 (1 df)

Iteration 3:  6000000 integrand evaluations so far
[1] 9084.68 +- 73.2968  	chisq 2.54797 (2 df)

Iteration 4:  10000000 integrand evaluations so far
[1] 9064.54 +- 51.684  	chisq 2.69817 (3 df)
   9.065 ±  0.052 ·10⁺⁰³ ( 21.4s) ┃  14.486 ±  0.052 ·10⁺⁰³ (12.6mi) ┃
┃   53 -    54 ┃ 11.4738 ± 0.0086 ·10⁺⁰³ (  15mi) ┃ -6.7483 ± 0.0021 ·10⁺⁰³ (17.8mi) ┃Vegas input parameters:
  ndim 7
  ncomp 1
  nvec 1
  epsrel 0
  epsabs 0
  flags 10
  seed 123456
  mineval 10000000
  maxeval 10000000
  nstart 1000000
  nincrease 1000000
  nbatch 5000
  gridno 0
  statefile ""

Iteration 1:  1000000 integrand evaluations so far
[1] 8730.44 +- 470.865  	chisq 0 (0 df)

Iteration 2:  3000000 integrand evaluations so far
[1] 7861.08 +- 62.6688  	chisq 3.47034 (1 df)

Iteration 3:  6000000 integrand evaluations so far
[1] 7887.32 +- 39.6321  	chisq 3.76251 (2 df)

Iteration 4:  10000000 integrand evaluations so far
[1] 7905.26 +- 36.4311  	chisq 5.08439 (3 df)
   7.905 ±  0.036 ·10⁺⁰³ ( 21.2s) ┃  12.631 ±  0.038 ·10⁺⁰³ (33.1mi) ┃
┃   54 -    55 ┃  9.9649 ± 0.0035 ·10⁺⁰³ (29.6mi) ┃ -5.6664 ± 0.0042 ·10⁺⁰³ (1.18mi) ┃Vegas input parameters:
  ndim 7
  ncomp 1
  nvec 1
  epsrel 0
  epsabs 0
  flags 10
  seed 123456
  mineval 10000000
  maxeval 10000000
  nstart 1000000
  nincrease 1000000
  nbatch 5000
  gridno 0
  statefile ""

Iteration 1:  1000000 integrand evaluations so far
[1] 6631.54 +- 389.717  	chisq 0 (0 df)

Iteration 2:  3000000 integrand evaluations so far
[1] 6868.11 +- 55.6091  	chisq 0.376145 (1 df)

Iteration 3:  6000000 integrand evaluations so far
[1] 6887.55 +- 52.6934  	chisq 1.57239 (2 df)

Iteration 4:  10000000 integrand evaluations so far
[1] 6928.76 +- 40.7678  	chisq 3.09639 (3 df)
   6.929 ±  0.041 ·10⁺⁰³ ( 21.4s) ┃  11.227 ±  0.041 ·10⁺⁰³ (31.1mi) ┃
┃   55 -    56 ┃  8.6947 ± 0.0048 ·10⁺⁰³ (14.7mi) ┃ -5.0117 ± 0.0022 ·10⁺⁰³ (17.8mi) ┃Vegas input parameters:
  ndim 7
  ncomp 1
  nvec 1
  epsrel 0
  epsabs 0
  flags 10
  seed 123456
  mineval 10000000
  maxeval 10000000
  nstart 1000000
  nincrease 1000000
  nbatch 5000
  gridno 0
  statefile ""

Iteration 1:  1000000 integrand evaluations so far
[1] 6552.27 +- 396.42  	chisq 0 (0 df)

Iteration 2:  3000000 integrand evaluations so far
[1] 6031.71 +- 48.8633  	chisq 1.75099 (1 df)

Iteration 3:  6000000 integrand evaluations so far
[1] 6051.23 +- 46.3172  	chisq 3.32273 (2 df)

Iteration 4:  10000000 integrand evaluations so far
[1] 6064.94 +- 38.1733  	chisq 3.59591 (3 df)
   6.065 ±  0.038 ·10⁺⁰³ ( 21.6s) ┃   9.748 ±  0.039 ·10⁺⁰³ (32.9mi) ┃
┃   56 -    57 ┃  7.5898 ± 0.0042 ·10⁺⁰³ (15.5mi) ┃ -4.2083 ± 0.0018 ·10⁺⁰³ (4.55mi) ┃Vegas input parameters:
  ndim 7
  ncomp 1
  nvec 1
  epsrel 0
  epsabs 0
  flags 10
  seed 123456
  mineval 10000000
  maxeval 10000000
  nstart 1000000
  nincrease 1000000
  nbatch 5000
  gridno 0
  statefile ""

Iteration 1:  1000000 integrand evaluations so far
[1] 4881.79 +- 335.52  	chisq 0 (0 df)

Iteration 2:  3000000 integrand evaluations so far
[1] 5231.93 +- 44.0989  	chisq 1.10816 (1 df)

Iteration 3:  6000000 integrand evaluations so far
[1] 5253.31 +- 42.0388  	chisq 3.68466 (2 df)

Iteration 4:  10000000 integrand evaluations so far
[1] 5273.79 +- 32.3832  	chisq 4.26819 (3 df)
   5.274 ±  0.032 ·10⁺⁰³ ( 21.2s) ┃   8.655 ±  0.033 ·10⁺⁰³ (20.4mi) ┃
┃   57 -    58 ┃  6.6354 ± 0.0058 ·10⁺⁰³ (14.8mi) ┃ -3.7407 ± 0.0017 ·10⁺⁰³ (4.48mi) ┃Vegas input parameters:
  ndim 7
  ncomp 1
  nvec 1
  epsrel 0
  epsabs 0
  flags 10
  seed 123456
  mineval 10000000
  maxeval 10000000
  nstart 1000000
  nincrease 1000000
  nbatch 5000
  gridno 0
  statefile ""

Iteration 1:  1000000 integrand evaluations so far
[1] 4303.42 +- 302.325  	chisq 0 (0 df)

Iteration 2:  3000000 integrand evaluations so far
[1] 4621.19 +- 40.2829  	chisq 1.12474 (1 df)

Iteration 3:  6000000 integrand evaluations so far
[1] 4657.38 +- 24.6878  	chisq 2.41715 (2 df)

Iteration 4:  10000000 integrand evaluations so far
[1] 4683.81 +- 17.7208  	chisq 4.78196 (3 df)
   4.684 ±  0.018 ·10⁺⁰³ ( 21.2s) ┃   7.579 ±  0.019 ·10⁺⁰³ (19.6mi) ┃
┃   58 -    59 ┃   5.823 ± 0.0043 ·10⁺⁰³ (14.8mi) ┃ -3.1823 ± 0.0011 ·10⁺⁰³ (4.51mi) ┃Vegas input parameters:
  ndim 7
  ncomp 1
  nvec 1
  epsrel 0
  epsabs 0
  flags 10
  seed 123456
  mineval 10000000
  maxeval 10000000
  nstart 1000000
  nincrease 1000000
  nbatch 5000
  gridno 0
  statefile ""

Iteration 1:  1000000 integrand evaluations so far
[1] 3491.32 +- 271.454  	chisq 0 (0 df)

Iteration 2:  3000000 integrand evaluations so far
[1] 4111.55 +- 37.9309  	chisq 5.32451 (1 df)

Iteration 3:  6000000 integrand evaluations so far
[1] 4166.62 +- 21.6463  	chisq 8.45087 (2 df)

Iteration 4:  10000000 integrand evaluations so far
[1] 4176.9 +- 17.8478  	chisq 9.15454 (3 df)
   4.177 ±  0.018 ·10⁺⁰³ ( 21.4s) ┃   6.818 ±  0.018 ·10⁺⁰³ (19.7mi) ┃
┃   59 -    60 ┃   5.107 ± 0.0027 ·10⁺⁰³ (  29mi) ┃ -2.7295 ± 0.0017 ·10⁺⁰³ (4.46mi) ┃Vegas input parameters:
  ndim 7
  ncomp 1
  nvec 1
  epsrel 0
  epsabs 0
  flags 10
  seed 123456
  mineval 10000000
  maxeval 10000000
  nstart 1000000
  nincrease 1000000
  nbatch 5000
  gridno 0
  statefile ""

Iteration 1:  1000000 integrand evaluations so far
[1] 3508.66 +- 271.567  	chisq 0 (0 df)

Iteration 2:  3000000 integrand evaluations so far
[1] 3708.11 +- 35.3045  	chisq 0.548671 (1 df)

Iteration 3:  6000000 integrand evaluations so far
[1] 3693.56 +- 20.1902  	chisq 0.80082 (2 df)

Iteration 4:  10000000 integrand evaluations so far
[1] 3714.03 +- 17.2467  	chisq 4.60111 (3 df)
   3.714 ±  0.017 ·10⁺⁰³ ( 20.9s) ┃   6.092 ±  0.018 ·10⁺⁰³ (33.8mi) ┃
┣━━━━━━━━━━━━━━╋━━━━━━━━━━━━━━━━━━━━━━━━━━━━━━━━━━╋━━━━━━━━━━━━━━━━━━━━━━━━━━━━━━━━━━╋━━━━━━━━━━━━━━━━━━━━━━━━━━━━━━━━━━╋━━━━━━━━━━━━━━━━━━━━━━━━━━━━━━━━━━┫
┃   25 -    60 ┃ 1.90585 ± 0.00026 ·10⁺⁰⁶ (6.38hr) ┃-4.08251 ± 0.0006 ·10⁺⁰⁶ (4.76hr) ┃  4.1405 ± 0.0014 ·10⁺⁰⁶ (15.7mi) ┃  1.9638 ± 0.0016 ·10⁺⁰⁶ (11.4hr) ┃
┗━━━━━━━━━━━━━━┻━━━━━━━━━━━━━━━━━━━━━━━━━━━━━━━━━━┻━━━━━━━━━━━━━━━━━━━━━━━━━━━━━━━━━━┻━━━━━━━━━━━━━━━━━━━━━━━━━━━━━━━━━━┻━━━━━━━━━━━━━━━━━━━━━━━━━━━━━━━━━━┛

╍╍╍╍╍╍╍╍╍╍╍╍╍╍╍╍╍╍╍╍╍╍╍╍╍╍╍╍╍╍╍╍ Summary ╍╍╍╍╍╍╍╍╍╍╍╍╍╍╍╍╍╍╍╍╍╍╍╍╍╍╍╍╍╍╍
      Total cross section                    1.9638 ± 0.0016          nb
         Calculation time                               11.4       hours
              Output file                    outputs/ptl_NLL_muR1.0_muF0.5.root            
      Result in text file                    outputs/ptl_NLL_muR1.0_muF0.5.txt            

╍╍╍╍╍╍╍╍╍╍╍╍╍╍╍╍╍╍╍╍╍╍╍╍╍╍╍╍╍╍╍╍╍╍╍╍╍╍╍╍╍╍╍╍╍╍╍╍╍╍╍╍╍╍╍╍╍╍╍╍╍╍╍╍╍╍╍╍╍╍╍╍

