000 (405257.000.000) 2026-05-06 18:56:03 Job submitted from host: <192.168.250.101:9618?addrs=192.168.250.101-9618&alias=hercules.hcms.it&noUDP&sock=schedd_3404051_6d7b>
...
001 (405257.000.000) 2026-05-06 18:56:23 Job executing on host: <192.168.250.112:9618?addrs=192.168.250.112-9618&alias=hercules02.hcms.it&noUDP&sock=startd_1261146_d63b>
	SlotName: slot60_1@hercules02.hcms.it
	CondorScratchDir = "/var/lib/condor/execute/dir_1316880"
	Cpus = 1
	Disk = 29523
	Memory = 2048
...
006 (405257.000.000) 2026-05-06 18:56:32 Image size of job updated: 1
	0  -  MemoryUsage of job (MB)
	0  -  ResidentSetSize of job (KB)
...
004 (405257.000.000) 2026-05-06 19:03:28 Job was evicted.
	(0) CPU times
		Usr 0 00:00:00, Sys 0 00:00:00  -  Run Remote Usage
		Usr 0 00:00:00, Sys 0 00:00:00  -  Run Local Usage
	0  -  Run Bytes Sent By Job
	0  -  Run Bytes Received By Job
	Partitionable Resources :    Usage  Request Allocated 
	   Cpus                 :     1.13        1         1 
	   Disk (KB)            :     1           1     29523 
	   Memory (MB)          :     0        2048      2048 
...
009 (405257.000.000) 2026-05-06 19:03:28 Job was aborted.
	via condor_rm (by user abulla)
...
000 (405356.000.000) 2026-05-06 19:10:23 Job submitted from host: <192.168.250.101:9618?addrs=192.168.250.101-9618&alias=hercules.hcms.it&noUDP&sock=schedd_3404051_6d7b>
...
001 (405356.000.000) 2026-05-06 19:10:38 Job executing on host: <192.168.250.102:9618?addrs=192.168.250.102-9618&alias=empire.hcms.it&noUDP&sock=startd_2716409_3615>
	SlotName: slot60_1@empire.hcms.it
	CondorScratchDir = "/var/lib/condor/execute/dir_2772921"
	Cpus = 1
	Disk = 22792
	Memory = 2048
...
006 (405356.000.000) 2026-05-06 19:10:39 Image size of job updated: 692
	1  -  MemoryUsage of job (MB)
	220  -  ResidentSetSize of job (KB)
...
005 (405356.000.000) 2026-05-06 19:10:39 Job terminated.
	(1) Normal termination (return value 127)
		Usr 0 00:00:00, Sys 0 00:00:00  -  Run Remote Usage
		Usr 0 00:00:00, Sys 0 00:00:00  -  Run Local Usage
		Usr 0 00:00:00, Sys 0 00:00:00  -  Total Remote Usage
		Usr 0 00:00:00, Sys 0 00:00:00  -  Total Local Usage
	0  -  Run Bytes Sent By Job
	0  -  Run Bytes Received By Job
	0  -  Total Bytes Sent By Job
	0  -  Total Bytes Received By Job
	Partitionable Resources :    Usage  Request Allocated 
	   Cpus                 :                 1         1 
	   Disk (KB)            :        1        1     22792 
	   Memory (MB)          :        1     2048      2048 

	Job terminated of its own accord at 2026-05-06T17:10:39Z with exit-code 127.
...
000 (405455.000.000) 2026-05-06 19:12:45 Job submitted from host: <192.168.250.101:9618?addrs=192.168.250.101-9618&alias=hercules.hcms.it&noUDP&sock=schedd_3404051_6d7b>
...
001 (405455.000.000) 2026-05-06 19:13:00 Job executing on host: <192.168.250.102:9618?addrs=192.168.250.102-9618&alias=empire.hcms.it&noUDP&sock=startd_2716409_3615>
	SlotName: slot60_1@empire.hcms.it
	CondorScratchDir = "/var/lib/condor/execute/dir_2774178"
	Cpus = 1
	Disk = 22792
	Memory = 2048
...
006 (405455.000.000) 2026-05-06 19:13:00 Image size of job updated: 1
	0  -  MemoryUsage of job (MB)
	0  -  ResidentSetSize of job (KB)
...
005 (405455.000.000) 2026-05-06 19:13:00 Job terminated.
	(1) Normal termination (return value 127)
		Usr 0 00:00:00, Sys 0 00:00:00  -  Run Remote Usage
		Usr 0 00:00:00, Sys 0 00:00:00  -  Run Local Usage
		Usr 0 00:00:00, Sys 0 00:00:00  -  Total Remote Usage
		Usr 0 00:00:00, Sys 0 00:00:00  -  Total Local Usage
	0  -  Run Bytes Sent By Job
	0  -  Run Bytes Received By Job
	0  -  Total Bytes Sent By Job
	0  -  Total Bytes Received By Job
	Partitionable Resources :    Usage  Request Allocated 
	   Cpus                 :                 1         1 
	   Disk (KB)            :        1        1     22792 
	   Memory (MB)          :        0     2048      2048 

	Job terminated of its own accord at 2026-05-06T17:13:00Z with exit-code 127.
...
000 (405653.000.000) 2026-05-06 19:23:04 Job submitted from host: <192.168.250.101:9618?addrs=192.168.250.101-9618&alias=hercules.hcms.it&noUDP&sock=schedd_3404051_6d7b>
...
001 (405653.000.000) 2026-05-06 19:23:24 Job executing on host: <192.168.250.112:9618?addrs=192.168.250.112-9618&alias=hercules02.hcms.it&noUDP&sock=startd_1261146_d63b>
	SlotName: slot93_1@hercules02.hcms.it
	CondorScratchDir = "/var/lib/condor/execute/dir_1357014"
	Cpus = 1
	Disk = 29523
	Memory = 2048
...
006 (405653.000.000) 2026-05-06 19:23:33 Image size of job updated: 53028
	52  -  MemoryUsage of job (MB)
	52828  -  ResidentSetSize of job (KB)
...
006 (405653.000.000) 2026-05-06 19:28:34 Image size of job updated: 325140
	52  -  MemoryUsage of job (MB)
	52992  -  ResidentSetSize of job (KB)
...
006 (405653.000.000) 2026-05-06 19:33:34 Image size of job updated: 329580
	53  -  MemoryUsage of job (MB)
	53692  -  ResidentSetSize of job (KB)
...
006 (405653.000.000) 2026-05-06 19:38:34 Image size of job updated: 329636
	53  -  MemoryUsage of job (MB)
	53692  -  ResidentSetSize of job (KB)
...
006 (405653.000.000) 2026-05-06 20:33:40 Image size of job updated: 329636
	53  -  MemoryUsage of job (MB)
	54012  -  ResidentSetSize of job (KB)
...
006 (405653.000.000) 2026-05-06 21:13:44 Image size of job updated: 329664
	53  -  MemoryUsage of job (MB)
	54012  -  ResidentSetSize of job (KB)
...
006 (405653.000.000) 2026-05-06 21:28:46 Image size of job updated: 330212
	53  -  MemoryUsage of job (MB)
	54012  -  ResidentSetSize of job (KB)
...
006 (405653.000.000) 2026-05-06 22:13:40 Image size of job updated: 331720
	53  -  MemoryUsage of job (MB)
	54012  -  ResidentSetSize of job (KB)
...
005 (405653.000.000) 2026-05-06 22:13:40 Job terminated.
	(1) Normal termination (return value 139)
		Usr 0 02:40:09, Sys 0 00:08:45  -  Run Remote Usage
		Usr 0 00:00:00, Sys 0 00:00:00  -  Run Local Usage
		Usr 0 02:40:09, Sys 0 00:08:45  -  Total Remote Usage
		Usr 0 00:00:00, Sys 0 00:00:00  -  Total Local Usage
	0  -  Run Bytes Sent By Job
	0  -  Run Bytes Received By Job
	0  -  Total Bytes Sent By Job
	0  -  Total Bytes Received By Job
	Partitionable Resources :    Usage  Request Allocated 
	   Cpus                 :     0.99        1         1 
	   Disk (KB)            :     1           1     29523 
	   Memory (MB)          :    53        2048      2048 

	Job terminated of its own accord at 2026-05-06T20:13:40Z with exit-code 139.
...
