000 (405258.000.000) 2026-05-06 18:56:03 Job submitted from host: <192.168.250.101:9618?addrs=192.168.250.101-9618&alias=hercules.hcms.it&noUDP&sock=schedd_3404051_6d7b>
...
000 (405291.000.000) 2026-05-06 18:56:56 Job submitted from host: <192.168.250.101:9618?addrs=192.168.250.101-9618&alias=hercules.hcms.it&noUDP&sock=schedd_3404051_6d7b>
...
001 (405291.000.000) 2026-05-06 18:57:17 Job executing on host: <192.168.250.112:9618?addrs=192.168.250.112-9618&alias=hercules02.hcms.it&noUDP&sock=startd_1261146_d63b>
	SlotName: slot94_1@hercules02.hcms.it
	CondorScratchDir = "/var/lib/condor/execute/dir_1321395"
	Cpus = 1
	Disk = 29523
	Memory = 2048
...
006 (405291.000.000) 2026-05-06 18:57:25 Image size of job updated: 1
	0  -  MemoryUsage of job (MB)
	0  -  ResidentSetSize of job (KB)
...
004 (405291.000.000) 2026-05-06 19:03:29 Job was evicted.
	(0) CPU times
		Usr 0 00:00:00, Sys 0 00:00:00  -  Run Remote Usage
		Usr 0 00:00:00, Sys 0 00:00:00  -  Run Local Usage
	0  -  Run Bytes Sent By Job
	0  -  Run Bytes Received By Job
	Partitionable Resources :    Usage  Request Allocated 
	   Cpus                 :     0.99        1         1 
	   Disk (KB)            :     1           1     29523 
	   Memory (MB)          :     0        2048      2048 
...
009 (405291.000.000) 2026-05-06 19:03:29 Job was aborted.
	via condor_rm (by user abulla)
...
000 (405390.000.000) 2026-05-06 19:10:30 Job submitted from host: <192.168.250.101:9618?addrs=192.168.250.101-9618&alias=hercules.hcms.it&noUDP&sock=schedd_3404051_6d7b>
...
001 (405390.000.000) 2026-05-06 19:10:38 Job executing on host: <192.168.250.102:9618?addrs=192.168.250.102-9618&alias=empire.hcms.it&noUDP&sock=startd_2716409_3615>
	SlotName: slot94_1@empire.hcms.it
	CondorScratchDir = "/var/lib/condor/execute/dir_2772955"
	Cpus = 1
	Disk = 22792
	Memory = 2048
...
006 (405390.000.000) 2026-05-06 19:10:39 Image size of job updated: 516
	1  -  MemoryUsage of job (MB)
	4  -  ResidentSetSize of job (KB)
...
005 (405390.000.000) 2026-05-06 19:10:40 Job terminated.
	(1) Normal termination (return value 127)
		Usr 0 00:00:00, Sys 0 00:00:00  -  Run Remote Usage
		Usr 0 00:00:00, Sys 0 00:00:00  -  Run Local Usage
		Usr 0 00:00:00, Sys 0 00:00:00  -  Total Remote Usage
		Usr 0 00:00:00, Sys 0 00:00:00  -  Total Local Usage
	0  -  Run Bytes Sent By Job
	0  -  Run Bytes Received By Job
	0  -  Total Bytes Sent By Job
	0  -  Total Bytes Received By Job
	Partitionable Resources :    Usage  Request Allocated 
	   Cpus                 :                 1         1 
	   Disk (KB)            :        1        1     22792 
	   Memory (MB)          :        1     2048      2048 

	Job terminated of its own accord at 2026-05-06T17:10:39Z with exit-code 127.
...
000 (405423.000.000) 2026-05-06 19:12:38 Job submitted from host: <192.168.250.101:9618?addrs=192.168.250.101-9618&alias=hercules.hcms.it&noUDP&sock=schedd_3404051_6d7b>
...
001 (405423.000.000) 2026-05-06 19:13:00 Job executing on host: <192.168.250.102:9618?addrs=192.168.250.102-9618&alias=empire.hcms.it&noUDP&sock=startd_2716409_3615>
	SlotName: slot28_1@empire.hcms.it
	CondorScratchDir = "/var/lib/condor/execute/dir_2774211"
	Cpus = 1
	Disk = 22792
	Memory = 2048
...
006 (405423.000.000) 2026-05-06 19:13:00 Image size of job updated: 1
	0  -  MemoryUsage of job (MB)
	0  -  ResidentSetSize of job (KB)
...
005 (405423.000.000) 2026-05-06 19:13:01 Job terminated.
	(1) Normal termination (return value 127)
		Usr 0 00:00:00, Sys 0 00:00:00  -  Run Remote Usage
		Usr 0 00:00:00, Sys 0 00:00:00  -  Run Local Usage
		Usr 0 00:00:00, Sys 0 00:00:00  -  Total Remote Usage
		Usr 0 00:00:00, Sys 0 00:00:00  -  Total Local Usage
	0  -  Run Bytes Sent By Job
	0  -  Run Bytes Received By Job
	0  -  Total Bytes Sent By Job
	0  -  Total Bytes Received By Job
	Partitionable Resources :    Usage  Request Allocated 
	   Cpus                 :                 1         1 
	   Disk (KB)            :        1        1     22792 
	   Memory (MB)          :        0     2048      2048 

	Job terminated of its own accord at 2026-05-06T17:13:00Z with exit-code 127.
...
000 (405522.000.000) 2026-05-06 19:18:40 Job submitted from host: <192.168.250.101:9618?addrs=192.168.250.101-9618&alias=hercules.hcms.it&noUDP&sock=schedd_3404051_6d7b>
...
001 (405522.000.000) 2026-05-06 19:18:42 Job executing on host: <192.168.250.102:9618?addrs=192.168.250.102-9618&alias=empire.hcms.it&noUDP&sock=startd_2716409_3615>
	SlotName: slot1_1@empire.hcms.it
	CondorScratchDir = "/var/lib/condor/execute/dir_2776619"
	Cpus = 1
	Disk = 22792
	Memory = 2048
...
006 (405522.000.000) 2026-05-06 19:18:42 Image size of job updated: 1
	0  -  MemoryUsage of job (MB)
	0  -  ResidentSetSize of job (KB)
...
005 (405522.000.000) 2026-05-06 19:18:42 Job terminated.
	(1) Normal termination (return value 127)
		Usr 0 00:00:00, Sys 0 00:00:00  -  Run Remote Usage
		Usr 0 00:00:00, Sys 0 00:00:00  -  Run Local Usage
		Usr 0 00:00:00, Sys 0 00:00:00  -  Total Remote Usage
		Usr 0 00:00:00, Sys 0 00:00:00  -  Total Local Usage
	0  -  Run Bytes Sent By Job
	0  -  Run Bytes Received By Job
	0  -  Total Bytes Sent By Job
	0  -  Total Bytes Received By Job
	Partitionable Resources :    Usage  Request Allocated 
	   Cpus                 :                 1         1 
	   Disk (KB)            :        1        1     22792 
	   Memory (MB)          :        0     2048      2048 

	Job terminated of its own accord at 2026-05-06T17:18:42Z with exit-code 127.
...
000 (405555.000.000) 2026-05-06 19:20:07 Job submitted from host: <192.168.250.101:9618?addrs=192.168.250.101-9618&alias=hercules.hcms.it&noUDP&sock=schedd_3404051_6d7b>
...
001 (405555.000.000) 2026-05-06 19:20:21 Job executing on host: <192.168.250.102:9618?addrs=192.168.250.102-9618&alias=empire.hcms.it&noUDP&sock=startd_2716409_3615>
	SlotName: slot28_1@empire.hcms.it
	CondorScratchDir = "/var/lib/condor/execute/dir_2777246"
	Cpus = 1
	Disk = 22792
	Memory = 2048
...
006 (405555.000.000) 2026-05-06 19:20:30 Image size of job updated: 1
	0  -  MemoryUsage of job (MB)
	0  -  ResidentSetSize of job (KB)
...
006 (405555.000.000) 2026-05-06 19:20:58 Image size of job updated: 42756
	2  -  MemoryUsage of job (MB)
	1240  -  ResidentSetSize of job (KB)
...
005 (405555.000.000) 2026-05-06 19:20:58 Job terminated.
	(1) Normal termination (return value 127)
		Usr 0 00:00:01, Sys 0 00:00:01  -  Run Remote Usage
		Usr 0 00:00:00, Sys 0 00:00:00  -  Run Local Usage
		Usr 0 00:00:01, Sys 0 00:00:01  -  Total Remote Usage
		Usr 0 00:00:00, Sys 0 00:00:00  -  Total Local Usage
	0  -  Run Bytes Sent By Job
	0  -  Run Bytes Received By Job
	0  -  Total Bytes Sent By Job
	0  -  Total Bytes Received By Job
	Partitionable Resources :    Usage  Request Allocated 
	   Cpus                 :                 1         1 
	   Disk (KB)            :        1        1     22792 
	   Memory (MB)          :        2     2048      2048 

	Job terminated of its own accord at 2026-05-06T17:20:58Z with exit-code 127.
...
000 (405621.000.000) 2026-05-06 19:22:37 Job submitted from host: <192.168.250.101:9618?addrs=192.168.250.101-9618&alias=hercules.hcms.it&noUDP&sock=schedd_3404051_6d7b>
...
001 (405621.000.000) 2026-05-06 19:22:40 Job executing on host: <192.168.250.112:9618?addrs=192.168.250.112-9618&alias=hercules02.hcms.it&noUDP&sock=startd_1261146_d63b>
	SlotName: slot61_1@hercules02.hcms.it
	CondorScratchDir = "/var/lib/condor/execute/dir_1356548"
	Cpus = 1
	Disk = 29523
	Memory = 2048
...
006 (405621.000.000) 2026-05-06 19:22:49 Image size of job updated: 1
	0  -  MemoryUsage of job (MB)
	0  -  ResidentSetSize of job (KB)
...
005 (405621.000.000) 2026-05-07 01:10:19 Job terminated.
	(1) Normal termination (return value 139)
		Usr 0 00:00:00, Sys 0 00:00:00  -  Run Remote Usage
		Usr 0 00:00:00, Sys 0 00:00:00  -  Run Local Usage
		Usr 0 00:00:00, Sys 0 00:00:00  -  Total Remote Usage
		Usr 0 00:00:00, Sys 0 00:00:00  -  Total Local Usage
	0  -  Run Bytes Sent By Job
	0  -  Run Bytes Received By Job
	0  -  Total Bytes Sent By Job
	0  -  Total Bytes Received By Job
	Partitionable Resources :    Usage  Request Allocated 
	   Cpus                 :     0.99        1         1 
	   Disk (KB)            :     1           1     29523 
	   Memory (MB)          :     0        2048      2048 

	Job terminated of its own accord at 2026-05-06T23:10:19Z with exit-code 139.
...
