000 (405259.000.000) 2026-05-06 18:56:03 Job submitted from host: <192.168.250.101:9618?addrs=192.168.250.101-9618&alias=hercules.hcms.it&noUDP&sock=schedd_3404051_6d7b>
...
000 (405292.000.000) 2026-05-06 18:56:56 Job submitted from host: <192.168.250.101:9618?addrs=192.168.250.101-9618&alias=hercules.hcms.it&noUDP&sock=schedd_3404051_6d7b>
...
009 (405292.000.000) 2026-05-06 19:03:26 Job was aborted.
	via condor_rm (by user abulla)
...
000 (405391.000.000) 2026-05-06 19:10:30 Job submitted from host: <192.168.250.101:9618?addrs=192.168.250.101-9618&alias=hercules.hcms.it&noUDP&sock=schedd_3404051_6d7b>
...
001 (405391.000.000) 2026-05-06 19:10:38 Job executing on host: <192.168.250.102:9618?addrs=192.168.250.102-9618&alias=empire.hcms.it&noUDP&sock=startd_2716409_3615>
	SlotName: slot95_1@empire.hcms.it
	CondorScratchDir = "/var/lib/condor/execute/dir_2772956"
	Cpus = 1
	Disk = 22792
	Memory = 2048
...
006 (405391.000.000) 2026-05-06 19:10:39 Image size of job updated: 516
	1  -  MemoryUsage of job (MB)
	196  -  ResidentSetSize of job (KB)
...
005 (405391.000.000) 2026-05-06 19:10:41 Job terminated.
	(1) Normal termination (return value 127)
		Usr 0 00:00:00, Sys 0 00:00:00  -  Run Remote Usage
		Usr 0 00:00:00, Sys 0 00:00:00  -  Run Local Usage
		Usr 0 00:00:00, Sys 0 00:00:00  -  Total Remote Usage
		Usr 0 00:00:00, Sys 0 00:00:00  -  Total Local Usage
	0  -  Run Bytes Sent By Job
	0  -  Run Bytes Received By Job
	0  -  Total Bytes Sent By Job
	0  -  Total Bytes Received By Job
	Partitionable Resources :    Usage  Request Allocated 
	   Cpus                 :                 1         1 
	   Disk (KB)            :        1        1     22792 
	   Memory (MB)          :        1     2048      2048 

	Job terminated of its own accord at 2026-05-06T17:10:39Z with exit-code 127.
...
000 (405424.000.000) 2026-05-06 19:12:38 Job submitted from host: <192.168.250.101:9618?addrs=192.168.250.101-9618&alias=hercules.hcms.it&noUDP&sock=schedd_3404051_6d7b>
...
001 (405424.000.000) 2026-05-06 19:13:00 Job executing on host: <192.168.250.102:9618?addrs=192.168.250.102-9618&alias=empire.hcms.it&noUDP&sock=startd_2716409_3615>
	SlotName: slot29_1@empire.hcms.it
	CondorScratchDir = "/var/lib/condor/execute/dir_2774212"
	Cpus = 1
	Disk = 22792
	Memory = 2048
...
006 (405424.000.000) 2026-05-06 19:13:00 Image size of job updated: 1
	0  -  MemoryUsage of job (MB)
	0  -  ResidentSetSize of job (KB)
...
005 (405424.000.000) 2026-05-06 19:13:01 Job terminated.
	(1) Normal termination (return value 127)
		Usr 0 00:00:00, Sys 0 00:00:00  -  Run Remote Usage
		Usr 0 00:00:00, Sys 0 00:00:00  -  Run Local Usage
		Usr 0 00:00:00, Sys 0 00:00:00  -  Total Remote Usage
		Usr 0 00:00:00, Sys 0 00:00:00  -  Total Local Usage
	0  -  Run Bytes Sent By Job
	0  -  Run Bytes Received By Job
	0  -  Total Bytes Sent By Job
	0  -  Total Bytes Received By Job
	Partitionable Resources :    Usage  Request Allocated 
	   Cpus                 :                 1         1 
	   Disk (KB)            :        1        1     22792 
	   Memory (MB)          :        0     2048      2048 

	Job terminated of its own accord at 2026-05-06T17:13:00Z with exit-code 127.
...
000 (405523.000.000) 2026-05-06 19:18:40 Job submitted from host: <192.168.250.101:9618?addrs=192.168.250.101-9618&alias=hercules.hcms.it&noUDP&sock=schedd_3404051_6d7b>
...
001 (405523.000.000) 2026-05-06 19:18:42 Job executing on host: <192.168.250.102:9618?addrs=192.168.250.102-9618&alias=empire.hcms.it&noUDP&sock=startd_2716409_3615>
	SlotName: slot3_1@empire.hcms.it
	CondorScratchDir = "/var/lib/condor/execute/dir_2776622"
	Cpus = 1
	Disk = 22792
	Memory = 2048
...
006 (405523.000.000) 2026-05-06 19:18:42 Image size of job updated: 1
	0  -  MemoryUsage of job (MB)
	0  -  ResidentSetSize of job (KB)
...
005 (405523.000.000) 2026-05-06 19:18:42 Job terminated.
	(1) Normal termination (return value 127)
		Usr 0 00:00:00, Sys 0 00:00:00  -  Run Remote Usage
		Usr 0 00:00:00, Sys 0 00:00:00  -  Run Local Usage
		Usr 0 00:00:00, Sys 0 00:00:00  -  Total Remote Usage
		Usr 0 00:00:00, Sys 0 00:00:00  -  Total Local Usage
	0  -  Run Bytes Sent By Job
	0  -  Run Bytes Received By Job
	0  -  Total Bytes Sent By Job
	0  -  Total Bytes Received By Job
	Partitionable Resources :    Usage  Request Allocated 
	   Cpus                 :                 1         1 
	   Disk (KB)            :        1        1     22792 
	   Memory (MB)          :        0     2048      2048 

	Job terminated of its own accord at 2026-05-06T17:18:42Z with exit-code 127.
...
000 (405556.000.000) 2026-05-06 19:20:07 Job submitted from host: <192.168.250.101:9618?addrs=192.168.250.101-9618&alias=hercules.hcms.it&noUDP&sock=schedd_3404051_6d7b>
...
001 (405556.000.000) 2026-05-06 19:20:21 Job executing on host: <192.168.250.102:9618?addrs=192.168.250.102-9618&alias=empire.hcms.it&noUDP&sock=startd_2716409_3615>
	SlotName: slot29_1@empire.hcms.it
	CondorScratchDir = "/var/lib/condor/execute/dir_2777247"
	Cpus = 1
	Disk = 22792
	Memory = 2048
...
006 (405556.000.000) 2026-05-06 19:20:30 Image size of job updated: 1
	0  -  MemoryUsage of job (MB)
	0  -  ResidentSetSize of job (KB)
...
006 (405556.000.000) 2026-05-06 19:20:58 Image size of job updated: 42892
	2  -  MemoryUsage of job (MB)
	1304  -  ResidentSetSize of job (KB)
...
005 (405556.000.000) 2026-05-06 19:20:58 Job terminated.
	(1) Normal termination (return value 127)
		Usr 0 00:00:01, Sys 0 00:00:01  -  Run Remote Usage
		Usr 0 00:00:00, Sys 0 00:00:00  -  Run Local Usage
		Usr 0 00:00:01, Sys 0 00:00:01  -  Total Remote Usage
		Usr 0 00:00:00, Sys 0 00:00:00  -  Total Local Usage
	0  -  Run Bytes Sent By Job
	0  -  Run Bytes Received By Job
	0  -  Total Bytes Sent By Job
	0  -  Total Bytes Received By Job
	Partitionable Resources :    Usage  Request Allocated 
	   Cpus                 :                 1         1 
	   Disk (KB)            :        1        1     22792 
	   Memory (MB)          :        2     2048      2048 

	Job terminated of its own accord at 2026-05-06T17:20:58Z with exit-code 127.
...
000 (405622.000.000) 2026-05-06 19:22:37 Job submitted from host: <192.168.250.101:9618?addrs=192.168.250.101-9618&alias=hercules.hcms.it&noUDP&sock=schedd_3404051_6d7b>
...
001 (405622.000.000) 2026-05-06 19:22:42 Job executing on host: <192.168.250.112:9618?addrs=192.168.250.112-9618&alias=hercules02.hcms.it&noUDP&sock=startd_1261146_d63b>
	SlotName: slot62_1@hercules02.hcms.it
	CondorScratchDir = "/var/lib/condor/execute/dir_1356549"
	Cpus = 1
	Disk = 29523
	Memory = 2048
...
006 (405622.000.000) 2026-05-06 19:22:51 Image size of job updated: 1
	0  -  MemoryUsage of job (MB)
	0  -  ResidentSetSize of job (KB)
...
005 (405622.000.000) 2026-05-07 01:30:16 Job terminated.
	(1) Normal termination (return value 139)
		Usr 0 00:00:00, Sys 0 00:00:00  -  Run Remote Usage
		Usr 0 00:00:00, Sys 0 00:00:00  -  Run Local Usage
		Usr 0 00:00:00, Sys 0 00:00:00  -  Total Remote Usage
		Usr 0 00:00:00, Sys 0 00:00:00  -  Total Local Usage
	0  -  Run Bytes Sent By Job
	0  -  Run Bytes Received By Job
	0  -  Total Bytes Sent By Job
	0  -  Total Bytes Received By Job
	Partitionable Resources :    Usage  Request Allocated 
	   Cpus                 :     0.99        1         1 
	   Disk (KB)            :     1           1     29523 
	   Memory (MB)          :     0        2048      2048 

	Job terminated of its own accord at 2026-05-06T23:30:16Z with exit-code 139.
...
