000 (405245.000.000) 2026-05-06 18:56:02 Job submitted from host: <192.168.250.101:9618?addrs=192.168.250.101-9618&alias=hercules.hcms.it&noUDP&sock=schedd_3404051_6d7b>
...
000 (405278.000.000) 2026-05-06 18:56:55 Job submitted from host: <192.168.250.101:9618?addrs=192.168.250.101-9618&alias=hercules.hcms.it&noUDP&sock=schedd_3404051_6d7b>
...
001 (405278.000.000) 2026-05-06 18:57:17 Job executing on host: <192.168.250.112:9618?addrs=192.168.250.112-9618&alias=hercules02.hcms.it&noUDP&sock=startd_1261146_d63b>
	SlotName: slot81_1@hercules02.hcms.it
	CondorScratchDir = "/var/lib/condor/execute/dir_1321383"
	Cpus = 1
	Disk = 29523
	Memory = 2048
...
006 (405278.000.000) 2026-05-06 18:57:25 Image size of job updated: 1
	0  -  MemoryUsage of job (MB)
	0  -  ResidentSetSize of job (KB)
...
004 (405278.000.000) 2026-05-06 19:03:26 Job was evicted.
	(0) CPU times
		Usr 0 00:00:00, Sys 0 00:00:00  -  Run Remote Usage
		Usr 0 00:00:00, Sys 0 00:00:00  -  Run Local Usage
	0  -  Run Bytes Sent By Job
	0  -  Run Bytes Received By Job
	Partitionable Resources :    Usage  Request Allocated 
	   Cpus                 :     0.99        1         1 
	   Disk (KB)            :     1           1     29523 
	   Memory (MB)          :     0        2048      2048 
...
009 (405278.000.000) 2026-05-06 19:03:26 Job was aborted.
	via condor_rm (by user abulla)
...
000 (405377.000.000) 2026-05-06 19:10:29 Job submitted from host: <192.168.250.101:9618?addrs=192.168.250.101-9618&alias=hercules.hcms.it&noUDP&sock=schedd_3404051_6d7b>
...
001 (405377.000.000) 2026-05-06 19:10:38 Job executing on host: <192.168.250.102:9618?addrs=192.168.250.102-9618&alias=empire.hcms.it&noUDP&sock=startd_2716409_3615>
	SlotName: slot81_1@empire.hcms.it
	CondorScratchDir = "/var/lib/condor/execute/dir_2772943"
	Cpus = 1
	Disk = 22792
	Memory = 2048
...
006 (405377.000.000) 2026-05-06 19:10:39 Image size of job updated: 772
	1  -  MemoryUsage of job (MB)
	20  -  ResidentSetSize of job (KB)
...
005 (405377.000.000) 2026-05-06 19:10:41 Job terminated.
	(1) Normal termination (return value 127)
		Usr 0 00:00:00, Sys 0 00:00:00  -  Run Remote Usage
		Usr 0 00:00:00, Sys 0 00:00:00  -  Run Local Usage
		Usr 0 00:00:00, Sys 0 00:00:00  -  Total Remote Usage
		Usr 0 00:00:00, Sys 0 00:00:00  -  Total Local Usage
	0  -  Run Bytes Sent By Job
	0  -  Run Bytes Received By Job
	0  -  Total Bytes Sent By Job
	0  -  Total Bytes Received By Job
	Partitionable Resources :    Usage  Request Allocated 
	   Cpus                 :                 1         1 
	   Disk (KB)            :        1        1     22792 
	   Memory (MB)          :        1     2048      2048 

	Job terminated of its own accord at 2026-05-06T17:10:39Z with exit-code 127.
...
000 (405410.000.000) 2026-05-06 19:12:38 Job submitted from host: <192.168.250.101:9618?addrs=192.168.250.101-9618&alias=hercules.hcms.it&noUDP&sock=schedd_3404051_6d7b>
...
001 (405410.000.000) 2026-05-06 19:13:00 Job executing on host: <192.168.250.102:9618?addrs=192.168.250.102-9618&alias=empire.hcms.it&noUDP&sock=startd_2716409_3615>
	SlotName: slot15_1@empire.hcms.it
	CondorScratchDir = "/var/lib/condor/execute/dir_2774197"
	Cpus = 1
	Disk = 22792
	Memory = 2048
...
006 (405410.000.000) 2026-05-06 19:13:00 Image size of job updated: 1
	0  -  MemoryUsage of job (MB)
	0  -  ResidentSetSize of job (KB)
...
005 (405410.000.000) 2026-05-06 19:13:00 Job terminated.
	(1) Normal termination (return value 127)
		Usr 0 00:00:00, Sys 0 00:00:00  -  Run Remote Usage
		Usr 0 00:00:00, Sys 0 00:00:00  -  Run Local Usage
		Usr 0 00:00:00, Sys 0 00:00:00  -  Total Remote Usage
		Usr 0 00:00:00, Sys 0 00:00:00  -  Total Local Usage
	0  -  Run Bytes Sent By Job
	0  -  Run Bytes Received By Job
	0  -  Total Bytes Sent By Job
	0  -  Total Bytes Received By Job
	Partitionable Resources :    Usage  Request Allocated 
	   Cpus                 :                 1         1 
	   Disk (KB)            :        1        1     22792 
	   Memory (MB)          :        0     2048      2048 

	Job terminated of its own accord at 2026-05-06T17:13:00Z with exit-code 127.
...
000 (405509.000.000) 2026-05-06 19:18:40 Job submitted from host: <192.168.250.101:9618?addrs=192.168.250.101-9618&alias=hercules.hcms.it&noUDP&sock=schedd_3404051_6d7b>
...
001 (405509.000.000) 2026-05-06 19:18:41 Job executing on host: <192.168.250.102:9618?addrs=192.168.250.102-9618&alias=empire.hcms.it&noUDP&sock=startd_2716409_3615>
	SlotName: slot1_1@empire.hcms.it
	CondorScratchDir = "/var/lib/condor/execute/dir_2776550"
	Cpus = 1
	Disk = 22792
	Memory = 2048
...
006 (405509.000.000) 2026-05-06 19:18:41 Image size of job updated: 1
	0  -  MemoryUsage of job (MB)
	0  -  ResidentSetSize of job (KB)
...
005 (405509.000.000) 2026-05-06 19:18:41 Job terminated.
	(1) Normal termination (return value 127)
		Usr 0 00:00:00, Sys 0 00:00:00  -  Run Remote Usage
		Usr 0 00:00:00, Sys 0 00:00:00  -  Run Local Usage
		Usr 0 00:00:00, Sys 0 00:00:00  -  Total Remote Usage
		Usr 0 00:00:00, Sys 0 00:00:00  -  Total Local Usage
	0  -  Run Bytes Sent By Job
	0  -  Run Bytes Received By Job
	0  -  Total Bytes Sent By Job
	0  -  Total Bytes Received By Job
	Partitionable Resources :    Usage  Request Allocated 
	   Cpus                 :                 1         1 
	   Disk (KB)            :        1        1     22792 
	   Memory (MB)          :        0     2048      2048 

	Job terminated of its own accord at 2026-05-06T17:18:41Z with exit-code 127.
...
000 (405542.000.000) 2026-05-06 19:20:07 Job submitted from host: <192.168.250.101:9618?addrs=192.168.250.101-9618&alias=hercules.hcms.it&noUDP&sock=schedd_3404051_6d7b>
...
001 (405542.000.000) 2026-05-06 19:20:21 Job executing on host: <192.168.250.102:9618?addrs=192.168.250.102-9618&alias=empire.hcms.it&noUDP&sock=startd_2716409_3615>
	SlotName: slot15_1@empire.hcms.it
	CondorScratchDir = "/var/lib/condor/execute/dir_2777232"
	Cpus = 1
	Disk = 22792
	Memory = 2048
...
006 (405542.000.000) 2026-05-06 19:20:30 Image size of job updated: 1
	0  -  MemoryUsage of job (MB)
	0  -  ResidentSetSize of job (KB)
...
006 (405542.000.000) 2026-05-06 19:20:58 Image size of job updated: 42076
	1  -  MemoryUsage of job (MB)
	776  -  ResidentSetSize of job (KB)
...
005 (405542.000.000) 2026-05-06 19:20:58 Job terminated.
	(1) Normal termination (return value 127)
		Usr 0 00:00:01, Sys 0 00:00:01  -  Run Remote Usage
		Usr 0 00:00:00, Sys 0 00:00:00  -  Run Local Usage
		Usr 0 00:00:01, Sys 0 00:00:01  -  Total Remote Usage
		Usr 0 00:00:00, Sys 0 00:00:00  -  Total Local Usage
	0  -  Run Bytes Sent By Job
	0  -  Run Bytes Received By Job
	0  -  Total Bytes Sent By Job
	0  -  Total Bytes Received By Job
	Partitionable Resources :    Usage  Request Allocated 
	   Cpus                 :                 1         1 
	   Disk (KB)            :        1        1     22792 
	   Memory (MB)          :        1     2048      2048 

	Job terminated of its own accord at 2026-05-06T17:20:58Z with exit-code 127.
...
000 (405608.000.000) 2026-05-06 19:22:37 Job submitted from host: <192.168.250.101:9618?addrs=192.168.250.101-9618&alias=hercules.hcms.it&noUDP&sock=schedd_3404051_6d7b>
...
001 (405608.000.000) 2026-05-06 19:22:42 Job executing on host: <192.168.250.112:9618?addrs=192.168.250.112-9618&alias=hercules02.hcms.it&noUDP&sock=startd_1261146_d63b>
	SlotName: slot48_1@hercules02.hcms.it
	CondorScratchDir = "/var/lib/condor/execute/dir_1356603"
	Cpus = 1
	Disk = 29523
	Memory = 2048
...
006 (405608.000.000) 2026-05-06 19:22:51 Image size of job updated: 1
	0  -  MemoryUsage of job (MB)
	0  -  ResidentSetSize of job (KB)
...
005 (405608.000.000) 2026-05-07 06:37:53 Job terminated.
	(1) Normal termination (return value 139)
		Usr 0 00:00:00, Sys 0 00:00:00  -  Run Remote Usage
		Usr 0 00:00:00, Sys 0 00:00:00  -  Run Local Usage
		Usr 0 00:00:00, Sys 0 00:00:00  -  Total Remote Usage
		Usr 0 00:00:00, Sys 0 00:00:00  -  Total Local Usage
	0  -  Run Bytes Sent By Job
	0  -  Run Bytes Received By Job
	0  -  Total Bytes Sent By Job
	0  -  Total Bytes Received By Job
	Partitionable Resources :    Usage  Request Allocated 
	   Cpus                 :     0.99        1         1 
	   Disk (KB)            :     1           1     29523 
	   Memory (MB)          :     0        2048      2048 

	Job terminated of its own accord at 2026-05-07T04:37:53Z with exit-code 139.
...
