000 (405247.000.000) 2026-05-06 18:56:02 Job submitted from host: <192.168.250.101:9618?addrs=192.168.250.101-9618&alias=hercules.hcms.it&noUDP&sock=schedd_3404051_6d7b>
...
000 (405280.000.000) 2026-05-06 18:56:56 Job submitted from host: <192.168.250.101:9618?addrs=192.168.250.101-9618&alias=hercules.hcms.it&noUDP&sock=schedd_3404051_6d7b>
...
001 (405280.000.000) 2026-05-06 18:57:17 Job executing on host: <192.168.250.112:9618?addrs=192.168.250.112-9618&alias=hercules02.hcms.it&noUDP&sock=startd_1261146_d63b>
	SlotName: slot83_1@hercules02.hcms.it
	CondorScratchDir = "/var/lib/condor/execute/dir_1321385"
	Cpus = 1
	Disk = 29523
	Memory = 2048
...
006 (405280.000.000) 2026-05-06 18:57:25 Image size of job updated: 1
	0  -  MemoryUsage of job (MB)
	0  -  ResidentSetSize of job (KB)
...
004 (405280.000.000) 2026-05-06 19:03:30 Job was evicted.
	(0) CPU times
		Usr 0 00:00:00, Sys 0 00:00:00  -  Run Remote Usage
		Usr 0 00:00:00, Sys 0 00:00:00  -  Run Local Usage
	0  -  Run Bytes Sent By Job
	0  -  Run Bytes Received By Job
	Partitionable Resources :    Usage  Request Allocated 
	   Cpus                 :     0.99        1         1 
	   Disk (KB)            :     1           1     29523 
	   Memory (MB)          :     0        2048      2048 
...
009 (405280.000.000) 2026-05-06 19:03:30 Job was aborted.
	via condor_rm (by user abulla)
...
000 (405379.000.000) 2026-05-06 19:10:30 Job submitted from host: <192.168.250.101:9618?addrs=192.168.250.101-9618&alias=hercules.hcms.it&noUDP&sock=schedd_3404051_6d7b>
...
001 (405379.000.000) 2026-05-06 19:10:38 Job executing on host: <192.168.250.102:9618?addrs=192.168.250.102-9618&alias=empire.hcms.it&noUDP&sock=startd_2716409_3615>
	SlotName: slot83_1@empire.hcms.it
	CondorScratchDir = "/var/lib/condor/execute/dir_2772946"
	Cpus = 1
	Disk = 22792
	Memory = 2048
...
006 (405379.000.000) 2026-05-06 19:10:39 Image size of job updated: 552
	1  -  MemoryUsage of job (MB)
	184  -  ResidentSetSize of job (KB)
...
005 (405379.000.000) 2026-05-06 19:10:41 Job terminated.
	(1) Normal termination (return value 127)
		Usr 0 00:00:00, Sys 0 00:00:00  -  Run Remote Usage
		Usr 0 00:00:00, Sys 0 00:00:00  -  Run Local Usage
		Usr 0 00:00:00, Sys 0 00:00:00  -  Total Remote Usage
		Usr 0 00:00:00, Sys 0 00:00:00  -  Total Local Usage
	0  -  Run Bytes Sent By Job
	0  -  Run Bytes Received By Job
	0  -  Total Bytes Sent By Job
	0  -  Total Bytes Received By Job
	Partitionable Resources :    Usage  Request Allocated 
	   Cpus                 :                 1         1 
	   Disk (KB)            :        1        1     22792 
	   Memory (MB)          :        1     2048      2048 

	Job terminated of its own accord at 2026-05-06T17:10:39Z with exit-code 127.
...
000 (405412.000.000) 2026-05-06 19:12:38 Job submitted from host: <192.168.250.101:9618?addrs=192.168.250.101-9618&alias=hercules.hcms.it&noUDP&sock=schedd_3404051_6d7b>
...
001 (405412.000.000) 2026-05-06 19:13:00 Job executing on host: <192.168.250.102:9618?addrs=192.168.250.102-9618&alias=empire.hcms.it&noUDP&sock=startd_2716409_3615>
	SlotName: slot17_1@empire.hcms.it
	CondorScratchDir = "/var/lib/condor/execute/dir_2774198"
	Cpus = 1
	Disk = 22792
	Memory = 2048
...
006 (405412.000.000) 2026-05-06 19:13:00 Image size of job updated: 1
	0  -  MemoryUsage of job (MB)
	0  -  ResidentSetSize of job (KB)
...
005 (405412.000.000) 2026-05-06 19:13:01 Job terminated.
	(1) Normal termination (return value 127)
		Usr 0 00:00:00, Sys 0 00:00:00  -  Run Remote Usage
		Usr 0 00:00:00, Sys 0 00:00:00  -  Run Local Usage
		Usr 0 00:00:00, Sys 0 00:00:00  -  Total Remote Usage
		Usr 0 00:00:00, Sys 0 00:00:00  -  Total Local Usage
	0  -  Run Bytes Sent By Job
	0  -  Run Bytes Received By Job
	0  -  Total Bytes Sent By Job
	0  -  Total Bytes Received By Job
	Partitionable Resources :    Usage  Request Allocated 
	   Cpus                 :                 1         1 
	   Disk (KB)            :        1        1     22792 
	   Memory (MB)          :        0     2048      2048 

	Job terminated of its own accord at 2026-05-06T17:13:00Z with exit-code 127.
...
000 (405511.000.000) 2026-05-06 19:18:40 Job submitted from host: <192.168.250.101:9618?addrs=192.168.250.101-9618&alias=hercules.hcms.it&noUDP&sock=schedd_3404051_6d7b>
...
001 (405511.000.000) 2026-05-06 19:18:41 Job executing on host: <192.168.250.102:9618?addrs=192.168.250.102-9618&alias=empire.hcms.it&noUDP&sock=startd_2716409_3615>
	SlotName: slot3_1@empire.hcms.it
	CondorScratchDir = "/var/lib/condor/execute/dir_2776562"
	Cpus = 1
	Disk = 22792
	Memory = 2048
...
006 (405511.000.000) 2026-05-06 19:18:41 Image size of job updated: 1
	0  -  MemoryUsage of job (MB)
	0  -  ResidentSetSize of job (KB)
...
005 (405511.000.000) 2026-05-06 19:18:41 Job terminated.
	(1) Normal termination (return value 127)
		Usr 0 00:00:00, Sys 0 00:00:00  -  Run Remote Usage
		Usr 0 00:00:00, Sys 0 00:00:00  -  Run Local Usage
		Usr 0 00:00:00, Sys 0 00:00:00  -  Total Remote Usage
		Usr 0 00:00:00, Sys 0 00:00:00  -  Total Local Usage
	0  -  Run Bytes Sent By Job
	0  -  Run Bytes Received By Job
	0  -  Total Bytes Sent By Job
	0  -  Total Bytes Received By Job
	Partitionable Resources :    Usage  Request Allocated 
	   Cpus                 :                 1         1 
	   Disk (KB)            :        1        1     22792 
	   Memory (MB)          :        0     2048      2048 

	Job terminated of its own accord at 2026-05-06T17:18:41Z with exit-code 127.
...
000 (405544.000.000) 2026-05-06 19:20:07 Job submitted from host: <192.168.250.101:9618?addrs=192.168.250.101-9618&alias=hercules.hcms.it&noUDP&sock=schedd_3404051_6d7b>
...
001 (405544.000.000) 2026-05-06 19:20:21 Job executing on host: <192.168.250.102:9618?addrs=192.168.250.102-9618&alias=empire.hcms.it&noUDP&sock=startd_2716409_3615>
	SlotName: slot17_1@empire.hcms.it
	CondorScratchDir = "/var/lib/condor/execute/dir_2777235"
	Cpus = 1
	Disk = 22792
	Memory = 2048
...
006 (405544.000.000) 2026-05-06 19:20:30 Image size of job updated: 1
	0  -  MemoryUsage of job (MB)
	0  -  ResidentSetSize of job (KB)
...
006 (405544.000.000) 2026-05-06 19:20:58 Image size of job updated: 42232
	1  -  MemoryUsage of job (MB)
	476  -  ResidentSetSize of job (KB)
...
005 (405544.000.000) 2026-05-06 19:20:58 Job terminated.
	(1) Normal termination (return value 127)
		Usr 0 00:00:01, Sys 0 00:00:01  -  Run Remote Usage
		Usr 0 00:00:00, Sys 0 00:00:00  -  Run Local Usage
		Usr 0 00:00:01, Sys 0 00:00:01  -  Total Remote Usage
		Usr 0 00:00:00, Sys 0 00:00:00  -  Total Local Usage
	0  -  Run Bytes Sent By Job
	0  -  Run Bytes Received By Job
	0  -  Total Bytes Sent By Job
	0  -  Total Bytes Received By Job
	Partitionable Resources :    Usage  Request Allocated 
	   Cpus                 :                 1         1 
	   Disk (KB)            :        1        1     22792 
	   Memory (MB)          :        1     2048      2048 

	Job terminated of its own accord at 2026-05-06T17:20:58Z with exit-code 127.
...
000 (405610.000.000) 2026-05-06 19:22:37 Job submitted from host: <192.168.250.101:9618?addrs=192.168.250.101-9618&alias=hercules.hcms.it&noUDP&sock=schedd_3404051_6d7b>
...
001 (405610.000.000) 2026-05-06 19:22:42 Job executing on host: <192.168.250.112:9618?addrs=192.168.250.112-9618&alias=hercules02.hcms.it&noUDP&sock=startd_1261146_d63b>
	SlotName: slot50_1@hercules02.hcms.it
	CondorScratchDir = "/var/lib/condor/execute/dir_1356605"
	Cpus = 1
	Disk = 29523
	Memory = 2048
...
006 (405610.000.000) 2026-05-06 19:22:51 Image size of job updated: 1
	0  -  MemoryUsage of job (MB)
	0  -  ResidentSetSize of job (KB)
...
005 (405610.000.000) 2026-05-07 09:07:41 Job terminated.
	(1) Normal termination (return value 139)
		Usr 0 00:00:00, Sys 0 00:00:00  -  Run Remote Usage
		Usr 0 00:00:00, Sys 0 00:00:00  -  Run Local Usage
		Usr 0 00:00:00, Sys 0 00:00:00  -  Total Remote Usage
		Usr 0 00:00:00, Sys 0 00:00:00  -  Total Local Usage
	0  -  Run Bytes Sent By Job
	0  -  Run Bytes Received By Job
	0  -  Total Bytes Sent By Job
	0  -  Total Bytes Received By Job
	Partitionable Resources :    Usage  Request Allocated 
	   Cpus                 :     0.99        1         1 
	   Disk (KB)            :     1           1     29523 
	   Memory (MB)          :     0        2048      2048 

	Job terminated of its own accord at 2026-05-07T07:07:41Z with exit-code 139.
...
