000 (407643.000.000) 2026-05-07 18:21:18 Job submitted from host: <192.168.250.101:9618?addrs=192.168.250.101-9618&alias=hercules.hcms.it&noUDP&sock=schedd_3404051_6d7b>
...
001 (407643.000.000) 2026-05-08 14:10:53 Job executing on host: <192.168.250.102:9618?addrs=192.168.250.102-9618&alias=empire.hcms.it&noUDP&sock=startd_2716409_3615>
	SlotName: slot25_1@empire.hcms.it
	CondorScratchDir = "/var/lib/condor/execute/dir_1954537"
	Cpus = 1
	Disk = 22792
	Memory = 1024
...
006 (407643.000.000) 2026-05-08 14:11:02 Image size of job updated: 57568
	55  -  MemoryUsage of job (MB)
	55572  -  ResidentSetSize of job (KB)
...
006 (407643.000.000) 2026-05-08 14:46:05 Image size of job updated: 357840
	55  -  MemoryUsage of job (MB)
	55572  -  ResidentSetSize of job (KB)
...
006 (407643.000.000) 2026-05-08 17:41:21 Image size of job updated: 358972
	55  -  MemoryUsage of job (MB)
	55572  -  ResidentSetSize of job (KB)
...
006 (407643.000.000) 2026-05-08 19:36:33 Image size of job updated: 358972
	56  -  MemoryUsage of job (MB)
	56684  -  ResidentSetSize of job (KB)
...
006 (407643.000.000) 2026-05-08 20:31:39 Image size of job updated: 359144
	56  -  MemoryUsage of job (MB)
	56684  -  ResidentSetSize of job (KB)
...
006 (407643.000.000) 2026-05-08 20:36:40 Image size of job updated: 359144
	56  -  MemoryUsage of job (MB)
	56708  -  ResidentSetSize of job (KB)
...
006 (407643.000.000) 2026-05-08 20:56:42 Image size of job updated: 359172
	56  -  MemoryUsage of job (MB)
	56708  -  ResidentSetSize of job (KB)
...
006 (407643.000.000) 2026-05-08 21:01:42 Image size of job updated: 360152
	56  -  MemoryUsage of job (MB)
	56708  -  ResidentSetSize of job (KB)
...
006 (407643.000.000) 2026-05-08 22:41:53 Image size of job updated: 360152
	56  -  MemoryUsage of job (MB)
	56752  -  ResidentSetSize of job (KB)
...
006 (407643.000.000) 2026-05-08 23:11:56 Image size of job updated: 360712
	56  -  MemoryUsage of job (MB)
	56752  -  ResidentSetSize of job (KB)
...
006 (407643.000.000) 2026-05-08 23:52:00 Image size of job updated: 360712
	56  -  MemoryUsage of job (MB)
	56920  -  ResidentSetSize of job (KB)
...
006 (407643.000.000) 2026-05-09 00:42:06 Image size of job updated: 361076
	56  -  MemoryUsage of job (MB)
	56920  -  ResidentSetSize of job (KB)
...
006 (407643.000.000) 2026-05-09 01:12:09 Image size of job updated: 361076
	58  -  MemoryUsage of job (MB)
	58888  -  ResidentSetSize of job (KB)
...
006 (407643.000.000) 2026-05-09 03:42:24 Image size of job updated: 364548
	64  -  MemoryUsage of job (MB)
	65424  -  ResidentSetSize of job (KB)
...
006 (407643.000.000) 2026-05-09 09:38:01 Image size of job updated: 364592
	64  -  MemoryUsage of job (MB)
	65424  -  ResidentSetSize of job (KB)
...
005 (407643.000.000) 2026-05-09 10:51:39 Job terminated.
	(1) Normal termination (return value 139)
		Usr 0 20:17:40, Sys 0 00:13:03  -  Run Remote Usage
		Usr 0 00:00:00, Sys 0 00:00:00  -  Run Local Usage
		Usr 0 20:17:40, Sys 0 00:13:03  -  Total Remote Usage
		Usr 0 00:00:00, Sys 0 00:00:00  -  Total Local Usage
	0  -  Run Bytes Sent By Job
	0  -  Run Bytes Received By Job
	0  -  Total Bytes Sent By Job
	0  -  Total Bytes Received By Job
	Partitionable Resources :    Usage  Request Allocated 
	   Cpus                 :     0.99        1         1 
	   Disk (KB)            :     1           1     22792 
	   Memory (MB)          :    64        1024      1024 

	Job terminated of its own accord at 2026-05-09T08:51:39Z with exit-code 139.
...
