000 (407665.000.000) 2026-05-07 18:21:18 Job submitted from host: <192.168.250.101:9618?addrs=192.168.250.101-9618&alias=hercules.hcms.it&noUDP&sock=schedd_3404051_6d7b>
...
001 (407665.000.000) 2026-05-08 17:31:58 Job executing on host: <192.168.250.102:9618?addrs=192.168.250.102-9618&alias=empire.hcms.it&noUDP&sock=startd_2716409_3615>
	SlotName: slot42_1@empire.hcms.it
	CondorScratchDir = "/var/lib/condor/execute/dir_2441909"
	Cpus = 1
	Disk = 22792
	Memory = 1024
...
006 (407665.000.000) 2026-05-08 17:32:07 Image size of job updated: 55820
	55  -  MemoryUsage of job (MB)
	55408  -  ResidentSetSize of job (KB)
...
006 (407665.000.000) 2026-05-08 18:07:11 Image size of job updated: 357084
	55  -  MemoryUsage of job (MB)
	55408  -  ResidentSetSize of job (KB)
...
006 (407665.000.000) 2026-05-08 18:12:12 Image size of job updated: 358148
	55  -  MemoryUsage of job (MB)
	55996  -  ResidentSetSize of job (KB)
...
006 (407665.000.000) 2026-05-08 18:37:15 Image size of job updated: 360656
	55  -  MemoryUsage of job (MB)
	55996  -  ResidentSetSize of job (KB)
...
006 (407665.000.000) 2026-05-08 19:32:19 Image size of job updated: 360656
	56  -  MemoryUsage of job (MB)
	56572  -  ResidentSetSize of job (KB)
...
006 (407665.000.000) 2026-05-08 19:37:20 Image size of job updated: 360656
	58  -  MemoryUsage of job (MB)
	58492  -  ResidentSetSize of job (KB)
...
006 (407665.000.000) 2026-05-08 21:42:33 Image size of job updated: 362668
	58  -  MemoryUsage of job (MB)
	58492  -  ResidentSetSize of job (KB)
...
006 (407665.000.000) 2026-05-09 01:22:56 Image size of job updated: 362668
	300  -  MemoryUsage of job (MB)
	306636  -  ResidentSetSize of job (KB)
...
006 (407665.000.000) 2026-05-09 03:18:08 Image size of job updated: 367144
	300  -  MemoryUsage of job (MB)
	306636  -  ResidentSetSize of job (KB)
...
005 (407665.000.000) 2026-05-09 18:28:21 Job terminated.
	(1) Normal termination (return value 139)
		Usr 0 23:32:39, Sys 0 01:13:06  -  Run Remote Usage
		Usr 0 00:00:00, Sys 0 00:00:00  -  Run Local Usage
		Usr 0 23:32:39, Sys 0 01:13:06  -  Total Remote Usage
		Usr 0 00:00:00, Sys 0 00:00:00  -  Total Local Usage
	0  -  Run Bytes Sent By Job
	0  -  Run Bytes Received By Job
	0  -  Total Bytes Sent By Job
	0  -  Total Bytes Received By Job
	Partitionable Resources :    Usage  Request Allocated 
	   Cpus                 :     0.99        1         1 
	   Disk (KB)            :     1           1     22792 
	   Memory (MB)          :   300        1024      1024 

	Job terminated of its own accord at 2026-05-09T16:28:21Z with exit-code 139.
...
