000 (407761.000.000) 2026-05-07 18:21:21 Job submitted from host: <192.168.250.101:9618?addrs=192.168.250.101-9618&alias=hercules.hcms.it&noUDP&sock=schedd_3404051_6d7b>
...
001 (407761.000.000) 2026-05-08 21:55:04 Job executing on host: <192.168.250.102:9618?addrs=192.168.250.102-9618&alias=empire.hcms.it&noUDP&sock=startd_2716409_3615>
	SlotName: slot90_1@empire.hcms.it
	CondorScratchDir = "/var/lib/condor/execute/dir_3126921"
	Cpus = 1
	Disk = 22792
	Memory = 1024
...
006 (407761.000.000) 2026-05-08 21:55:13 Image size of job updated: 55368
	48  -  MemoryUsage of job (MB)
	48300  -  ResidentSetSize of job (KB)
...
006 (407761.000.000) 2026-05-08 22:00:14 Image size of job updated: 357656
	48  -  MemoryUsage of job (MB)
	48300  -  ResidentSetSize of job (KB)
...
006 (407761.000.000) 2026-05-08 22:15:16 Image size of job updated: 358480
	49  -  MemoryUsage of job (MB)
	50176  -  ResidentSetSize of job (KB)
...
006 (407761.000.000) 2026-05-08 22:20:17 Image size of job updated: 364180
	50  -  MemoryUsage of job (MB)
	50964  -  ResidentSetSize of job (KB)
...
006 (407761.000.000) 2026-05-09 00:50:32 Image size of job updated: 364180
	51  -  MemoryUsage of job (MB)
	51664  -  ResidentSetSize of job (KB)
...
006 (407761.000.000) 2026-05-09 01:05:34 Image size of job updated: 364180
	55  -  MemoryUsage of job (MB)
	55408  -  ResidentSetSize of job (KB)
...
006 (407761.000.000) 2026-05-09 02:35:42 Image size of job updated: 366060
	55  -  MemoryUsage of job (MB)
	55884  -  ResidentSetSize of job (KB)
...
006 (407761.000.000) 2026-05-09 11:31:36 Image size of job updated: 366060
	55  -  MemoryUsage of job (MB)
	55896  -  ResidentSetSize of job (KB)
...
006 (407761.000.000) 2026-05-09 15:06:56 Image size of job updated: 366060
	55  -  MemoryUsage of job (MB)
	56220  -  ResidentSetSize of job (KB)
...
006 (407761.000.000) 2026-05-09 21:22:36 Image size of job updated: 366060
	55  -  MemoryUsage of job (MB)
	56288  -  ResidentSetSize of job (KB)
...
005 (407761.000.000) 2026-05-09 21:28:35 Job terminated.
	(1) Normal termination (return value 139)
		Usr 0 23:08:23, Sys 0 00:14:49  -  Run Remote Usage
		Usr 0 00:00:00, Sys 0 00:00:00  -  Run Local Usage
		Usr 0 23:08:23, Sys 0 00:14:49  -  Total Remote Usage
		Usr 0 00:00:00, Sys 0 00:00:00  -  Total Local Usage
	0  -  Run Bytes Sent By Job
	0  -  Run Bytes Received By Job
	0  -  Total Bytes Sent By Job
	0  -  Total Bytes Received By Job
	Partitionable Resources :    Usage  Request Allocated 
	   Cpus                 :     0.99        1         1 
	   Disk (KB)            :     1           1     22792 
	   Memory (MB)          :    55        1024      1024 

	Job terminated of its own accord at 2026-05-09T19:28:35Z with exit-code 139.
...
