000 (407578.000.000) 2026-05-07 18:21:16 Job submitted from host: <192.168.250.101:9618?addrs=192.168.250.101-9618&alias=hercules.hcms.it&noUDP&sock=schedd_3404051_6d7b>
...
001 (407578.000.000) 2026-05-08 05:46:49 Job executing on host: <192.168.250.112:9618?addrs=192.168.250.112-9618&alias=hercules02.hcms.it&noUDP&sock=startd_1261146_d63b>
	SlotName: slot80_1@hercules02.hcms.it
	CondorScratchDir = "/var/lib/condor/execute/dir_1330306"
	Cpus = 1
	Disk = 29523
	Memory = 1024
...
006 (407578.000.000) 2026-05-08 05:46:57 Image size of job updated: 53312
	47  -  MemoryUsage of job (MB)
	47700  -  ResidentSetSize of job (KB)
...
006 (407578.000.000) 2026-05-08 05:56:58 Image size of job updated: 356860
	50  -  MemoryUsage of job (MB)
	50288  -  ResidentSetSize of job (KB)
...
006 (407578.000.000) 2026-05-08 06:01:58 Image size of job updated: 356860
	55  -  MemoryUsage of job (MB)
	55740  -  ResidentSetSize of job (KB)
...
006 (407578.000.000) 2026-05-08 07:37:08 Image size of job updated: 357512
	55  -  MemoryUsage of job (MB)
	55740  -  ResidentSetSize of job (KB)
...
006 (407578.000.000) 2026-05-08 08:22:12 Image size of job updated: 357640
	55  -  MemoryUsage of job (MB)
	55740  -  ResidentSetSize of job (KB)
...
006 (407578.000.000) 2026-05-08 08:47:15 Image size of job updated: 357708
	55  -  MemoryUsage of job (MB)
	55740  -  ResidentSetSize of job (KB)
...
006 (407578.000.000) 2026-05-08 09:47:21 Image size of job updated: 359036
	55  -  MemoryUsage of job (MB)
	55740  -  ResidentSetSize of job (KB)
...
006 (407578.000.000) 2026-05-08 10:07:23 Image size of job updated: 359036
	58  -  MemoryUsage of job (MB)
	59100  -  ResidentSetSize of job (KB)
...
006 (407578.000.000) 2026-05-08 13:27:43 Image size of job updated: 359104
	58  -  MemoryUsage of job (MB)
	59100  -  ResidentSetSize of job (KB)
...
006 (407578.000.000) 2026-05-08 14:12:48 Image size of job updated: 360208
	58  -  MemoryUsage of job (MB)
	59100  -  ResidentSetSize of job (KB)
...
006 (407578.000.000) 2026-05-08 14:37:51 Image size of job updated: 361420
	58  -  MemoryUsage of job (MB)
	59100  -  ResidentSetSize of job (KB)
...
006 (407578.000.000) 2026-05-08 15:42:58 Image size of job updated: 365012
	58  -  MemoryUsage of job (MB)
	59100  -  ResidentSetSize of job (KB)
...
006 (407578.000.000) 2026-05-08 16:38:03 Image size of job updated: 365012
	145  -  MemoryUsage of job (MB)
	148056  -  ResidentSetSize of job (KB)
...
006 (407578.000.000) 2026-05-08 17:28:08 Image size of job updated: 365012
	236  -  MemoryUsage of job (MB)
	241384  -  ResidentSetSize of job (KB)
...
006 (407578.000.000) 2026-05-08 19:08:18 Image size of job updated: 365784
	236  -  MemoryUsage of job (MB)
	241384  -  ResidentSetSize of job (KB)
...
005 (407578.000.000) 2026-05-08 20:54:35 Job terminated.
	(1) Normal termination (return value 139)
		Usr 0 13:28:11, Sys 0 01:31:11  -  Run Remote Usage
		Usr 0 00:00:00, Sys 0 00:00:00  -  Run Local Usage
		Usr 0 13:28:11, Sys 0 01:31:11  -  Total Remote Usage
		Usr 0 00:00:00, Sys 0 00:00:00  -  Total Local Usage
	0  -  Run Bytes Sent By Job
	0  -  Run Bytes Received By Job
	0  -  Total Bytes Sent By Job
	0  -  Total Bytes Received By Job
	Partitionable Resources :    Usage  Request Allocated 
	   Cpus                 :     0.99        1         1 
	   Disk (KB)            :     1           1     29523 
	   Memory (MB)          :   236        1024      1024 

	Job terminated of its own accord at 2026-05-08T18:54:35Z with exit-code 139.
...
