000 (407588.000.000) 2026-05-07 18:21:17 Job submitted from host: <192.168.250.101:9618?addrs=192.168.250.101-9618&alias=hercules.hcms.it&noUDP&sock=schedd_3404051_6d7b>
...
001 (407588.000.000) 2026-05-08 09:45:51 Job executing on host: <192.168.250.22:9618?addrs=192.168.250.22-9618&alias=pccms12.hcms.it&noUDP&sock=startd_3275093_f746>
	SlotName: slot12_1@pccms12.hcms.it
	CondorScratchDir = "/var/lib/condor/execute/dir_951253"
	Cpus = 1
	Disk = 22134
	Memory = 1024
...
006 (407588.000.000) 2026-05-08 09:45:59 Image size of job updated: 53212
	52  -  MemoryUsage of job (MB)
	52944  -  ResidentSetSize of job (KB)
...
006 (407588.000.000) 2026-05-08 09:55:59 Image size of job updated: 341376
	52  -  MemoryUsage of job (MB)
	52944  -  ResidentSetSize of job (KB)
...
006 (407588.000.000) 2026-05-08 10:06:00 Image size of job updated: 342668
	52  -  MemoryUsage of job (MB)
	52944  -  ResidentSetSize of job (KB)
...
006 (407588.000.000) 2026-05-08 10:16:01 Image size of job updated: 343064
	53  -  MemoryUsage of job (MB)
	53928  -  ResidentSetSize of job (KB)
...
006 (407588.000.000) 2026-05-08 10:41:04 Image size of job updated: 347220
	53  -  MemoryUsage of job (MB)
	53928  -  ResidentSetSize of job (KB)
...
006 (407588.000.000) 2026-05-08 13:56:24 Image size of job updated: 347220
	56  -  MemoryUsage of job (MB)
	56880  -  ResidentSetSize of job (KB)
...
006 (407588.000.000) 2026-05-08 14:01:24 Image size of job updated: 347220
	56  -  MemoryUsage of job (MB)
	57016  -  ResidentSetSize of job (KB)
...
006 (407588.000.000) 2026-05-08 18:41:54 Image size of job updated: 348292
	56  -  MemoryUsage of job (MB)
	57016  -  ResidentSetSize of job (KB)
...
006 (407588.000.000) 2026-05-08 19:16:58 Image size of job updated: 348292
	103  -  MemoryUsage of job (MB)
	104964  -  ResidentSetSize of job (KB)
...
006 (407588.000.000) 2026-05-08 19:21:58 Image size of job updated: 348292
	104  -  MemoryUsage of job (MB)
	105476  -  ResidentSetSize of job (KB)
...
006 (407588.000.000) 2026-05-08 20:17:03 Image size of job updated: 348292
	142  -  MemoryUsage of job (MB)
	144556  -  ResidentSetSize of job (KB)
...
006 (407588.000.000) 2026-05-09 03:57:52 Image size of job updated: 348532
	142  -  MemoryUsage of job (MB)
	144556  -  ResidentSetSize of job (KB)
...
006 (407588.000.000) 2026-05-09 05:23:00 Image size of job updated: 348532
	222  -  MemoryUsage of job (MB)
	226496  -  ResidentSetSize of job (KB)
...
006 (407588.000.000) 2026-05-09 06:18:07 Image size of job updated: 349244
	222  -  MemoryUsage of job (MB)
	226496  -  ResidentSetSize of job (KB)
...
006 (407588.000.000) 2026-05-09 06:38:09 Image size of job updated: 351004
	222  -  MemoryUsage of job (MB)
	226496  -  ResidentSetSize of job (KB)
...
006 (407588.000.000) 2026-05-09 06:43:09 Image size of job updated: 351176
	222  -  MemoryUsage of job (MB)
	226496  -  ResidentSetSize of job (KB)
...
006 (407588.000.000) 2026-05-09 07:03:11 Image size of job updated: 642268
	342  -  MemoryUsage of job (MB)
	349892  -  ResidentSetSize of job (KB)
...
006 (407588.000.000) 2026-05-09 07:28:14 Image size of job updated: 642268
	344  -  MemoryUsage of job (MB)
	351552  -  ResidentSetSize of job (KB)
...
006 (407588.000.000) 2026-05-09 07:33:15 Image size of job updated: 644280
	344  -  MemoryUsage of job (MB)
	351552  -  ResidentSetSize of job (KB)
...
006 (407588.000.000) 2026-05-09 07:53:16 Image size of job updated: 648852
	344  -  MemoryUsage of job (MB)
	351552  -  ResidentSetSize of job (KB)
...
006 (407588.000.000) 2026-05-09 08:03:17 Image size of job updated: 652232
	344  -  MemoryUsage of job (MB)
	351552  -  ResidentSetSize of job (KB)
...
005 (407588.000.000) 2026-05-09 09:15:48 Job terminated.
	(1) Normal termination (return value 139)
		Usr 0 20:53:10, Sys 0 02:23:49  -  Run Remote Usage
		Usr 0 00:00:00, Sys 0 00:00:00  -  Run Local Usage
		Usr 0 20:53:10, Sys 0 02:23:49  -  Total Remote Usage
		Usr 0 00:00:00, Sys 0 00:00:00  -  Total Local Usage
	0  -  Run Bytes Sent By Job
	0  -  Run Bytes Received By Job
	0  -  Total Bytes Sent By Job
	0  -  Total Bytes Received By Job
	Partitionable Resources :    Usage  Request Allocated 
	   Cpus                 :     0.99        1         1 
	   Disk (KB)            :     1           1     22134 
	   Memory (MB)          :   344        1024      1024 

	Job terminated of its own accord at 2026-05-09T07:15:48Z with exit-code 139.
...
