000 (407673.000.000) 2026-05-07 18:21:19 Job submitted from host: <192.168.250.101:9618?addrs=192.168.250.101-9618&alias=hercules.hcms.it&noUDP&sock=schedd_3404051_6d7b>
...
001 (407673.000.000) 2026-05-08 18:08:59 Job executing on host: <192.168.250.102:9618?addrs=192.168.250.102-9618&alias=empire.hcms.it&noUDP&sock=startd_2716409_3615>
	SlotName: slot13_1@empire.hcms.it
	CondorScratchDir = "/var/lib/condor/execute/dir_2534331"
	Cpus = 1
	Disk = 22792
	Memory = 1024
...
006 (407673.000.000) 2026-05-08 18:09:07 Image size of job updated: 57392
	47  -  MemoryUsage of job (MB)
	47544  -  ResidentSetSize of job (KB)
...
006 (407673.000.000) 2026-05-08 18:14:07 Image size of job updated: 57432
	47  -  MemoryUsage of job (MB)
	47544  -  ResidentSetSize of job (KB)
...
006 (407673.000.000) 2026-05-08 18:24:08 Image size of job updated: 57432
	47  -  MemoryUsage of job (MB)
	47784  -  ResidentSetSize of job (KB)
...
006 (407673.000.000) 2026-05-08 18:39:10 Image size of job updated: 355184
	55  -  MemoryUsage of job (MB)
	56084  -  ResidentSetSize of job (KB)
...
006 (407673.000.000) 2026-05-08 19:24:14 Image size of job updated: 363456
	55  -  MemoryUsage of job (MB)
	56084  -  ResidentSetSize of job (KB)
...
006 (407673.000.000) 2026-05-08 23:24:40 Image size of job updated: 363456
	56  -  MemoryUsage of job (MB)
	56360  -  ResidentSetSize of job (KB)
...
006 (407673.000.000) 2026-05-09 02:34:57 Image size of job updated: 363456
	56  -  MemoryUsage of job (MB)
	56384  -  ResidentSetSize of job (KB)
...
006 (407673.000.000) 2026-05-09 02:39:58 Image size of job updated: 363456
	56  -  MemoryUsage of job (MB)
	56544  -  ResidentSetSize of job (KB)
...
006 (407673.000.000) 2026-05-09 02:55:00 Image size of job updated: 363456
	56  -  MemoryUsage of job (MB)
	56680  -  ResidentSetSize of job (KB)
...
006 (407673.000.000) 2026-05-09 03:55:06 Image size of job updated: 363456
	56  -  MemoryUsage of job (MB)
	57072  -  ResidentSetSize of job (KB)
...
006 (407673.000.000) 2026-05-09 08:35:33 Image size of job updated: 363456
	56  -  MemoryUsage of job (MB)
	57248  -  ResidentSetSize of job (KB)
...
006 (407673.000.000) 2026-05-09 12:41:00 Image size of job updated: 363456
	57  -  MemoryUsage of job (MB)
	57516  -  ResidentSetSize of job (KB)
...
006 (407673.000.000) 2026-05-09 14:21:10 Image size of job updated: 363456
	59  -  MemoryUsage of job (MB)
	59820  -  ResidentSetSize of job (KB)
...
005 (407673.000.000) 2026-05-09 16:22:02 Job terminated.
	(1) Normal termination (return value 139)
		Usr 0 21:49:12, Sys 0 00:13:37  -  Run Remote Usage
		Usr 0 00:00:00, Sys 0 00:00:00  -  Run Local Usage
		Usr 0 21:49:12, Sys 0 00:13:37  -  Total Remote Usage
		Usr 0 00:00:00, Sys 0 00:00:00  -  Total Local Usage
	0  -  Run Bytes Sent By Job
	0  -  Run Bytes Received By Job
	0  -  Total Bytes Sent By Job
	0  -  Total Bytes Received By Job
	Partitionable Resources :    Usage  Request Allocated 
	   Cpus                 :     0.99        1         1 
	   Disk (KB)            :     1           1     22792 
	   Memory (MB)          :    59        1024      1024 

	Job terminated of its own accord at 2026-05-09T14:22:02Z with exit-code 139.
...
