000 (407501.000.000) 2026-05-07 18:21:14 Job submitted from host: <192.168.250.101:9618?addrs=192.168.250.101-9618&alias=hercules.hcms.it&noUDP&sock=schedd_3404051_6d7b>
...
001 (407501.000.000) 2026-05-07 18:21:19 Job executing on host: <192.168.250.112:9618?addrs=192.168.250.112-9618&alias=hercules02.hcms.it&noUDP&sock=startd_1261146_d63b>
	SlotName: slot27_1@hercules02.hcms.it
	CondorScratchDir = "/var/lib/condor/execute/dir_3900933"
	Cpus = 1
	Disk = 29523
	Memory = 1024
...
006 (407501.000.000) 2026-05-07 18:21:27 Image size of job updated: 55612
	55  -  MemoryUsage of job (MB)
	55488  -  ResidentSetSize of job (KB)
...
006 (407501.000.000) 2026-05-07 18:36:28 Image size of job updated: 353164
	55  -  MemoryUsage of job (MB)
	55488  -  ResidentSetSize of job (KB)
...
006 (407501.000.000) 2026-05-07 18:46:29 Image size of job updated: 358176
	55  -  MemoryUsage of job (MB)
	55488  -  ResidentSetSize of job (KB)
...
006 (407501.000.000) 2026-05-07 18:51:30 Image size of job updated: 358592
	55  -  MemoryUsage of job (MB)
	55488  -  ResidentSetSize of job (KB)
...
006 (407501.000.000) 2026-05-07 19:11:33 Image size of job updated: 359196
	55  -  MemoryUsage of job (MB)
	55488  -  ResidentSetSize of job (KB)
...
006 (407501.000.000) 2026-05-07 19:21:33 Image size of job updated: 360712
	55  -  MemoryUsage of job (MB)
	55488  -  ResidentSetSize of job (KB)
...
006 (407501.000.000) 2026-05-07 19:31:35 Image size of job updated: 360712
	140  -  MemoryUsage of job (MB)
	143108  -  ResidentSetSize of job (KB)
...
006 (407501.000.000) 2026-05-07 19:36:35 Image size of job updated: 360712
	141  -  MemoryUsage of job (MB)
	143620  -  ResidentSetSize of job (KB)
...
006 (407501.000.000) 2026-05-07 19:46:37 Image size of job updated: 361788
	141  -  MemoryUsage of job (MB)
	143620  -  ResidentSetSize of job (KB)
...
006 (407501.000.000) 2026-05-07 20:36:42 Image size of job updated: 364560
	141  -  MemoryUsage of job (MB)
	143620  -  ResidentSetSize of job (KB)
...
006 (407501.000.000) 2026-05-10 15:08:43 Image size of job updated: 603684
	289  -  MemoryUsage of job (MB)
	295256  -  ResidentSetSize of job (KB)
...
006 (407501.000.000) 2026-05-10 15:13:43 Image size of job updated: 607676
	289  -  MemoryUsage of job (MB)
	295256  -  ResidentSetSize of job (KB)
...
006 (407501.000.000) 2026-05-10 15:18:43 Image size of job updated: 607900
	289  -  MemoryUsage of job (MB)
	295256  -  ResidentSetSize of job (KB)
...
006 (407501.000.000) 2026-05-10 15:28:44 Image size of job updated: 607900
	291  -  MemoryUsage of job (MB)
	297236  -  ResidentSetSize of job (KB)
...
006 (407501.000.000) 2026-05-10 15:33:44 Image size of job updated: 608164
	291  -  MemoryUsage of job (MB)
	297236  -  ResidentSetSize of job (KB)
...
006 (407501.000.000) 2026-05-10 15:48:46 Image size of job updated: 608320
	291  -  MemoryUsage of job (MB)
	297236  -  ResidentSetSize of job (KB)
...
006 (407501.000.000) 2026-05-10 15:53:46 Image size of job updated: 609268
	291  -  MemoryUsage of job (MB)
	297236  -  ResidentSetSize of job (KB)
...
006 (407501.000.000) 2026-05-10 16:48:51 Image size of job updated: 609372
	291  -  MemoryUsage of job (MB)
	297236  -  ResidentSetSize of job (KB)
...
006 (407501.000.000) 2026-05-10 16:58:52 Image size of job updated: 609372
	293  -  MemoryUsage of job (MB)
	299584  -  ResidentSetSize of job (KB)
...
005 (407501.000.000) 2026-05-11 18:37:24 Job terminated.
	(1) Normal termination (return value 139)
		Usr 3 21:40:33, Sys 0 01:57:49  -  Run Remote Usage
		Usr 0 00:00:00, Sys 0 00:00:00  -  Run Local Usage
		Usr 3 21:40:33, Sys 0 01:57:49  -  Total Remote Usage
		Usr 0 00:00:00, Sys 0 00:00:00  -  Total Local Usage
	0  -  Run Bytes Sent By Job
	0  -  Run Bytes Received By Job
	0  -  Total Bytes Sent By Job
	0  -  Total Bytes Received By Job
	Partitionable Resources :    Usage  Request Allocated 
	   Cpus                 :     0.98        1         1 
	   Disk (KB)            :     1           1     29523 
	   Memory (MB)          :   293        1024      1024 

	Job terminated of its own accord at 2026-05-11T16:37:24Z with exit-code 139.
...
