000 (407812.000.000) 2026-05-07 18:21:22 Job submitted from host: <192.168.250.101:9618?addrs=192.168.250.101-9618&alias=hercules.hcms.it&noUDP&sock=schedd_3404051_6d7b>
...
001 (407812.000.000) 2026-05-09 02:37:11 Job executing on host: <192.168.250.102:9618?addrs=192.168.250.102-9618&alias=empire.hcms.it&noUDP&sock=startd_2716409_3615>
	SlotName: slot79_1@empire.hcms.it
	CondorScratchDir = "/var/lib/condor/execute/dir_3825852"
	Cpus = 1
	Disk = 22792
	Memory = 1024
...
006 (407812.000.000) 2026-05-09 02:37:20 Image size of job updated: 54076
	53  -  MemoryUsage of job (MB)
	53356  -  ResidentSetSize of job (KB)
...
006 (407812.000.000) 2026-05-09 02:52:22 Image size of job updated: 358108
	53  -  MemoryUsage of job (MB)
	53356  -  ResidentSetSize of job (KB)
...
006 (407812.000.000) 2026-05-09 02:57:23 Image size of job updated: 358108
	54  -  MemoryUsage of job (MB)
	54324  -  ResidentSetSize of job (KB)
...
006 (407812.000.000) 2026-05-09 03:07:23 Image size of job updated: 358108
	54  -  MemoryUsage of job (MB)
	54332  -  ResidentSetSize of job (KB)
...
006 (407812.000.000) 2026-05-09 04:07:29 Image size of job updated: 358748
	54  -  MemoryUsage of job (MB)
	54340  -  ResidentSetSize of job (KB)
...
006 (407812.000.000) 2026-05-09 04:27:31 Image size of job updated: 358748
	54  -  MemoryUsage of job (MB)
	54520  -  ResidentSetSize of job (KB)
...
006 (407812.000.000) 2026-05-09 05:07:35 Image size of job updated: 358748
	54  -  MemoryUsage of job (MB)
	54600  -  ResidentSetSize of job (KB)
...
006 (407812.000.000) 2026-05-09 06:07:41 Image size of job updated: 360772
	54  -  MemoryUsage of job (MB)
	54600  -  ResidentSetSize of job (KB)
...
006 (407812.000.000) 2026-05-09 07:17:48 Image size of job updated: 361584
	54  -  MemoryUsage of job (MB)
	54600  -  ResidentSetSize of job (KB)
...
006 (407812.000.000) 2026-05-09 09:08:01 Image size of job updated: 361584
	54  -  MemoryUsage of job (MB)
	54744  -  ResidentSetSize of job (KB)
...
006 (407812.000.000) 2026-05-09 10:08:07 Image size of job updated: 362964
	54  -  MemoryUsage of job (MB)
	54744  -  ResidentSetSize of job (KB)
...
006 (407812.000.000) 2026-05-09 10:28:09 Image size of job updated: 362964
	54  -  MemoryUsage of job (MB)
	55060  -  ResidentSetSize of job (KB)
...
006 (407812.000.000) 2026-05-09 12:18:22 Image size of job updated: 362964
	54  -  MemoryUsage of job (MB)
	55212  -  ResidentSetSize of job (KB)
...
006 (407812.000.000) 2026-05-09 14:03:32 Image size of job updated: 364060
	54  -  MemoryUsage of job (MB)
	55212  -  ResidentSetSize of job (KB)
...
006 (407812.000.000) 2026-05-09 19:19:03 Image size of job updated: 364060
	61  -  MemoryUsage of job (MB)
	62224  -  ResidentSetSize of job (KB)
...
006 (407812.000.000) 2026-05-09 19:24:03 Image size of job updated: 364060
	62  -  MemoryUsage of job (MB)
	62736  -  ResidentSetSize of job (KB)
...
006 (407812.000.000) 2026-05-09 20:09:08 Image size of job updated: 364564
	62  -  MemoryUsage of job (MB)
	62736  -  ResidentSetSize of job (KB)
...
006 (407812.000.000) 2026-05-09 21:44:18 Image size of job updated: 365708
	62  -  MemoryUsage of job (MB)
	62736  -  ResidentSetSize of job (KB)
...
006 (407812.000.000) 2026-05-10 02:49:51 Image size of job updated: 367948
	62  -  MemoryUsage of job (MB)
	62736  -  ResidentSetSize of job (KB)
...
006 (407812.000.000) 2026-05-10 04:25:00 Image size of job updated: 368808
	62  -  MemoryUsage of job (MB)
	62736  -  ResidentSetSize of job (KB)
...
006 (407812.000.000) 2026-05-10 07:50:22 Image size of job updated: 368964
	62  -  MemoryUsage of job (MB)
	62736  -  ResidentSetSize of job (KB)
...
006 (407812.000.000) 2026-05-10 09:40:35 Image size of job updated: 369064
	62  -  MemoryUsage of job (MB)
	62736  -  ResidentSetSize of job (KB)
...
006 (407812.000.000) 2026-05-10 10:25:39 Image size of job updated: 369384
	62  -  MemoryUsage of job (MB)
	62736  -  ResidentSetSize of job (KB)
...
006 (407812.000.000) 2026-05-10 12:10:49 Image size of job updated: 370652
	62  -  MemoryUsage of job (MB)
	62736  -  ResidentSetSize of job (KB)
...
006 (407812.000.000) 2026-05-10 12:20:50 Image size of job updated: 374660
	62  -  MemoryUsage of job (MB)
	62736  -  ResidentSetSize of job (KB)
...
006 (407812.000.000) 2026-05-10 12:43:59 Image size of job updated: 375032
	62  -  MemoryUsage of job (MB)
	62736  -  ResidentSetSize of job (KB)
...
005 (407812.000.000) 2026-05-10 12:43:59 Job terminated.
	(1) Normal termination (return value 139)
		Usr 1 08:58:54, Sys 0 00:55:41  -  Run Remote Usage
		Usr 0 00:00:00, Sys 0 00:00:00  -  Run Local Usage
		Usr 1 08:58:54, Sys 0 00:55:41  -  Total Remote Usage
		Usr 0 00:00:00, Sys 0 00:00:00  -  Total Local Usage
	0  -  Run Bytes Sent By Job
	0  -  Run Bytes Received By Job
	0  -  Total Bytes Sent By Job
	0  -  Total Bytes Received By Job
	Partitionable Resources :    Usage  Request Allocated 
	   Cpus                 :     0.98        1         1 
	   Disk (KB)            :     1           1     22792 
	   Memory (MB)          :    62        1024      1024 

	Job terminated of its own accord at 2026-05-10T10:43:59Z with exit-code 139.
...
