000 (407516.000.000) 2026-05-07 18:21:15 Job submitted from host: <192.168.250.101:9618?addrs=192.168.250.101-9618&alias=hercules.hcms.it&noUDP&sock=schedd_3404051_6d7b>
...
001 (407516.000.000) 2026-05-07 18:21:19 Job executing on host: <192.168.250.112:9618?addrs=192.168.250.112-9618&alias=hercules02.hcms.it&noUDP&sock=startd_1261146_d63b>
	SlotName: slot42_1@hercules02.hcms.it
	CondorScratchDir = "/var/lib/condor/execute/dir_3900943"
	Cpus = 1
	Disk = 29523
	Memory = 1024
...
006 (407516.000.000) 2026-05-07 18:21:27 Image size of job updated: 55492
	47  -  MemoryUsage of job (MB)
	47632  -  ResidentSetSize of job (KB)
...
006 (407516.000.000) 2026-05-07 18:41:28 Image size of job updated: 55492
	48  -  MemoryUsage of job (MB)
	48836  -  ResidentSetSize of job (KB)
...
006 (407516.000.000) 2026-05-07 18:46:28 Image size of job updated: 357372
	48  -  MemoryUsage of job (MB)
	48836  -  ResidentSetSize of job (KB)
...
006 (407516.000.000) 2026-05-07 19:16:32 Image size of job updated: 357372
	49  -  MemoryUsage of job (MB)
	49176  -  ResidentSetSize of job (KB)
...
006 (407516.000.000) 2026-05-07 19:26:34 Image size of job updated: 357380
	49  -  MemoryUsage of job (MB)
	49176  -  ResidentSetSize of job (KB)
...
006 (407516.000.000) 2026-05-07 19:31:34 Image size of job updated: 357680
	49  -  MemoryUsage of job (MB)
	49176  -  ResidentSetSize of job (KB)
...
006 (407516.000.000) 2026-05-07 19:36:34 Image size of job updated: 357680
	49  -  MemoryUsage of job (MB)
	49832  -  ResidentSetSize of job (KB)
...
006 (407516.000.000) 2026-05-07 19:41:35 Image size of job updated: 357680
	49  -  MemoryUsage of job (MB)
	50172  -  ResidentSetSize of job (KB)
...
006 (407516.000.000) 2026-05-07 19:46:36 Image size of job updated: 359564
	50  -  MemoryUsage of job (MB)
	50380  -  ResidentSetSize of job (KB)
...
006 (407516.000.000) 2026-05-07 20:21:39 Image size of job updated: 361980
	50  -  MemoryUsage of job (MB)
	50380  -  ResidentSetSize of job (KB)
...
006 (407516.000.000) 2026-05-07 20:36:41 Image size of job updated: 361980
	56  -  MemoryUsage of job (MB)
	56784  -  ResidentSetSize of job (KB)
...
006 (407516.000.000) 2026-05-07 21:46:48 Image size of job updated: 361980
	56  -  MemoryUsage of job (MB)
	57168  -  ResidentSetSize of job (KB)
...
006 (407516.000.000) 2026-05-07 22:01:49 Image size of job updated: 361980
	57  -  MemoryUsage of job (MB)
	57396  -  ResidentSetSize of job (KB)
...
006 (407516.000.000) 2026-05-07 22:21:51 Image size of job updated: 361980
	58  -  MemoryUsage of job (MB)
	58652  -  ResidentSetSize of job (KB)
...
006 (407516.000.000) 2026-05-08 02:12:14 Image size of job updated: 361980
	58  -  MemoryUsage of job (MB)
	58876  -  ResidentSetSize of job (KB)
...
006 (407516.000.000) 2026-05-08 05:52:36 Image size of job updated: 361980
	58  -  MemoryUsage of job (MB)
	58976  -  ResidentSetSize of job (KB)
...
006 (407516.000.000) 2026-05-08 06:22:39 Image size of job updated: 361980
	58  -  MemoryUsage of job (MB)
	59304  -  ResidentSetSize of job (KB)
...
006 (407516.000.000) 2026-05-08 06:27:39 Image size of job updated: 361980
	59  -  MemoryUsage of job (MB)
	59472  -  ResidentSetSize of job (KB)
...
006 (407516.000.000) 2026-05-08 07:12:45 Image size of job updated: 361980
	59  -  MemoryUsage of job (MB)
	59496  -  ResidentSetSize of job (KB)
...
006 (407516.000.000) 2026-05-08 11:33:11 Image size of job updated: 361980
	62  -  MemoryUsage of job (MB)
	63460  -  ResidentSetSize of job (KB)
...
006 (407516.000.000) 2026-05-08 11:48:12 Image size of job updated: 361980
	63  -  MemoryUsage of job (MB)
	63728  -  ResidentSetSize of job (KB)
...
006 (407516.000.000) 2026-05-08 11:53:13 Image size of job updated: 361980
	65  -  MemoryUsage of job (MB)
	65596  -  ResidentSetSize of job (KB)
...
006 (407516.000.000) 2026-05-08 13:48:26 Image size of job updated: 361980
	65  -  MemoryUsage of job (MB)
	65872  -  ResidentSetSize of job (KB)
...
006 (407516.000.000) 2026-05-08 13:58:27 Image size of job updated: 361980
	65  -  MemoryUsage of job (MB)
	66072  -  ResidentSetSize of job (KB)
...
006 (407516.000.000) 2026-05-08 14:03:27 Image size of job updated: 361980
	65  -  MemoryUsage of job (MB)
	66160  -  ResidentSetSize of job (KB)
...
006 (407516.000.000) 2026-05-08 14:18:29 Image size of job updated: 361980
	65  -  MemoryUsage of job (MB)
	66428  -  ResidentSetSize of job (KB)
...
006 (407516.000.000) 2026-05-08 14:28:31 Image size of job updated: 361980
	66  -  MemoryUsage of job (MB)
	66596  -  ResidentSetSize of job (KB)
...
006 (407516.000.000) 2026-05-08 14:33:31 Image size of job updated: 361980
	66  -  MemoryUsage of job (MB)
	66664  -  ResidentSetSize of job (KB)
...
006 (407516.000.000) 2026-05-08 14:38:32 Image size of job updated: 361980
	66  -  MemoryUsage of job (MB)
	66784  -  ResidentSetSize of job (KB)
...
006 (407516.000.000) 2026-05-08 14:43:33 Image size of job updated: 361980
	66  -  MemoryUsage of job (MB)
	66824  -  ResidentSetSize of job (KB)
...
006 (407516.000.000) 2026-05-08 14:48:33 Image size of job updated: 361980
	66  -  MemoryUsage of job (MB)
	66960  -  ResidentSetSize of job (KB)
...
006 (407516.000.000) 2026-05-08 14:53:33 Image size of job updated: 361980
	66  -  MemoryUsage of job (MB)
	67044  -  ResidentSetSize of job (KB)
...
006 (407516.000.000) 2026-05-08 14:58:35 Image size of job updated: 361980
	66  -  MemoryUsage of job (MB)
	67076  -  ResidentSetSize of job (KB)
...
006 (407516.000.000) 2026-05-08 15:03:35 Image size of job updated: 361980
	66  -  MemoryUsage of job (MB)
	67244  -  ResidentSetSize of job (KB)
...
006 (407516.000.000) 2026-05-08 15:08:35 Image size of job updated: 361980
	66  -  MemoryUsage of job (MB)
	67336  -  ResidentSetSize of job (KB)
...
006 (407516.000.000) 2026-05-08 15:13:36 Image size of job updated: 361980
	66  -  MemoryUsage of job (MB)
	67420  -  ResidentSetSize of job (KB)
...
006 (407516.000.000) 2026-05-08 15:18:37 Image size of job updated: 361980
	66  -  MemoryUsage of job (MB)
	67508  -  ResidentSetSize of job (KB)
...
006 (407516.000.000) 2026-05-08 15:23:37 Image size of job updated: 371700
	66  -  MemoryUsage of job (MB)
	67508  -  ResidentSetSize of job (KB)
...
006 (407516.000.000) 2026-05-08 15:28:38 Image size of job updated: 378364
	67  -  MemoryUsage of job (MB)
	67704  -  ResidentSetSize of job (KB)
...
006 (407516.000.000) 2026-05-09 12:30:44 Image size of job updated: 378364
	67  -  MemoryUsage of job (MB)
	67744  -  ResidentSetSize of job (KB)
...
006 (407516.000.000) 2026-05-09 12:35:45 Image size of job updated: 378364
	67  -  MemoryUsage of job (MB)
	67928  -  ResidentSetSize of job (KB)
...
006 (407516.000.000) 2026-05-09 12:40:46 Image size of job updated: 378364
	67  -  MemoryUsage of job (MB)
	68064  -  ResidentSetSize of job (KB)
...
006 (407516.000.000) 2026-05-09 12:45:46 Image size of job updated: 378364
	67  -  MemoryUsage of job (MB)
	68372  -  ResidentSetSize of job (KB)
...
006 (407516.000.000) 2026-05-09 13:00:48 Image size of job updated: 378364
	68  -  MemoryUsage of job (MB)
	68704  -  ResidentSetSize of job (KB)
...
006 (407516.000.000) 2026-05-09 13:10:49 Image size of job updated: 378364
	68  -  MemoryUsage of job (MB)
	68732  -  ResidentSetSize of job (KB)
...
006 (407516.000.000) 2026-05-09 13:15:50 Image size of job updated: 378364
	68  -  MemoryUsage of job (MB)
	68828  -  ResidentSetSize of job (KB)
...
006 (407516.000.000) 2026-05-09 13:20:50 Image size of job updated: 378364
	69  -  MemoryUsage of job (MB)
	69868  -  ResidentSetSize of job (KB)
...
006 (407516.000.000) 2026-05-09 13:25:51 Image size of job updated: 384012
	69  -  MemoryUsage of job (MB)
	69868  -  ResidentSetSize of job (KB)
...
005 (407516.000.000) 2026-05-09 13:34:10 Job terminated.
	(1) Normal termination (return value 139)
		Usr 1 17:11:33, Sys 0 01:42:09  -  Run Remote Usage
		Usr 0 00:00:00, Sys 0 00:00:00  -  Run Local Usage
		Usr 1 17:11:33, Sys 0 01:42:09  -  Total Remote Usage
		Usr 0 00:00:00, Sys 0 00:00:00  -  Total Local Usage
	0  -  Run Bytes Sent By Job
	0  -  Run Bytes Received By Job
	0  -  Total Bytes Sent By Job
	0  -  Total Bytes Received By Job
	Partitionable Resources :    Usage  Request Allocated 
	   Cpus                 :     0.99        1         1 
	   Disk (KB)            :     1           1     29523 
	   Memory (MB)          :    69        1024      1024 

	Job terminated of its own accord at 2026-05-09T11:34:10Z with exit-code 139.
...
