000 (407537.000.000) 2026-05-07 18:21:15 Job submitted from host: <192.168.250.101:9618?addrs=192.168.250.101-9618&alias=hercules.hcms.it&noUDP&sock=schedd_3404051_6d7b>
...
001 (407537.000.000) 2026-05-07 18:21:19 Job executing on host: <192.168.250.112:9618?addrs=192.168.250.112-9618&alias=hercules02.hcms.it&noUDP&sock=startd_1261146_d63b>
	SlotName: slot63_1@hercules02.hcms.it
	CondorScratchDir = "/var/lib/condor/execute/dir_3900961"
	Cpus = 1
	Disk = 29523
	Memory = 1024
...
006 (407537.000.000) 2026-05-07 18:21:27 Image size of job updated: 55480
	47  -  MemoryUsage of job (MB)
	47484  -  ResidentSetSize of job (KB)
...
006 (407537.000.000) 2026-05-07 18:26:27 Image size of job updated: 382728
	74  -  MemoryUsage of job (MB)
	75768  -  ResidentSetSize of job (KB)
...
006 (407537.000.000) 2026-05-07 18:31:27 Image size of job updated: 383420
	75  -  MemoryUsage of job (MB)
	75908  -  ResidentSetSize of job (KB)
...
006 (407537.000.000) 2026-05-07 18:41:28 Image size of job updated: 383952
	75  -  MemoryUsage of job (MB)
	75908  -  ResidentSetSize of job (KB)
...
006 (407537.000.000) 2026-05-07 18:51:29 Image size of job updated: 383952
	75  -  MemoryUsage of job (MB)
	75920  -  ResidentSetSize of job (KB)
...
005 (407537.000.000) 2026-05-08 13:49:01 Job terminated.
	(1) Normal termination (return value 139)
		Usr 0 18:55:55, Sys 0 00:24:13  -  Run Remote Usage
		Usr 0 00:00:00, Sys 0 00:00:00  -  Run Local Usage
		Usr 0 18:55:55, Sys 0 00:24:13  -  Total Remote Usage
		Usr 0 00:00:00, Sys 0 00:00:00  -  Total Local Usage
	0  -  Run Bytes Sent By Job
	0  -  Run Bytes Received By Job
	0  -  Total Bytes Sent By Job
	0  -  Total Bytes Received By Job
	Partitionable Resources :    Usage  Request Allocated 
	   Cpus                 :     1.19        1         1 
	   Disk (KB)            :     1           1     29523 
	   Memory (MB)          :    75        1024      1024 

	Job terminated of its own accord at 2026-05-08T11:49:01Z with exit-code 139.
...
