000 (407579.000.000) 2026-05-07 18:21:16 Job submitted from host: <192.168.250.101:9618?addrs=192.168.250.101-9618&alias=hercules.hcms.it&noUDP&sock=schedd_3404051_6d7b>
...
001 (407579.000.000) 2026-05-08 05:59:49 Job executing on host: <192.168.250.112:9618?addrs=192.168.250.112-9618&alias=hercules02.hcms.it&noUDP&sock=startd_1261146_d63b>
	SlotName: slot79_1@hercules02.hcms.it
	CondorScratchDir = "/var/lib/condor/execute/dir_1346100"
	Cpus = 1
	Disk = 29523
	Memory = 1024
...
006 (407579.000.000) 2026-05-08 05:59:57 Image size of job updated: 53068
	47  -  MemoryUsage of job (MB)
	47804  -  ResidentSetSize of job (KB)
...
006 (407579.000.000) 2026-05-08 06:04:57 Image size of job updated: 353180
	47  -  MemoryUsage of job (MB)
	48088  -  ResidentSetSize of job (KB)
...
006 (407579.000.000) 2026-05-08 06:09:58 Image size of job updated: 354024
	48  -  MemoryUsage of job (MB)
	48336  -  ResidentSetSize of job (KB)
...
006 (407579.000.000) 2026-05-08 06:14:59 Image size of job updated: 355136
	48  -  MemoryUsage of job (MB)
	48600  -  ResidentSetSize of job (KB)
...
006 (407579.000.000) 2026-05-08 07:15:06 Image size of job updated: 359464
	49  -  MemoryUsage of job (MB)
	49252  -  ResidentSetSize of job (KB)
...
006 (407579.000.000) 2026-05-08 10:40:27 Image size of job updated: 359464
	49  -  MemoryUsage of job (MB)
	49588  -  ResidentSetSize of job (KB)
...
006 (407579.000.000) 2026-05-08 11:05:29 Image size of job updated: 359464
	53  -  MemoryUsage of job (MB)
	53832  -  ResidentSetSize of job (KB)
...
006 (407579.000.000) 2026-05-08 14:20:50 Image size of job updated: 359464
	55  -  MemoryUsage of job (MB)
	55480  -  ResidentSetSize of job (KB)
...
006 (407579.000.000) 2026-05-08 14:55:54 Image size of job updated: 361800
	55  -  MemoryUsage of job (MB)
	55480  -  ResidentSetSize of job (KB)
...
005 (407579.000.000) 2026-05-08 16:07:18 Job terminated.
	(1) Normal termination (return value 139)
		Usr 0 09:49:22, Sys 0 00:14:08  -  Run Remote Usage
		Usr 0 00:00:00, Sys 0 00:00:00  -  Run Local Usage
		Usr 0 09:49:22, Sys 0 00:14:08  -  Total Remote Usage
		Usr 0 00:00:00, Sys 0 00:00:00  -  Total Local Usage
	0  -  Run Bytes Sent By Job
	0  -  Run Bytes Received By Job
	0  -  Total Bytes Sent By Job
	0  -  Total Bytes Received By Job
	Partitionable Resources :    Usage  Request Allocated 
	   Cpus                 :     0.99        1         1 
	   Disk (KB)            :     1           1     29523 
	   Memory (MB)          :    55        1024      1024 

	Job terminated of its own accord at 2026-05-08T14:07:18Z with exit-code 139.
...
