000 (407557.000.000) 2026-05-07 18:21:16 Job submitted from host: <192.168.250.101:9618?addrs=192.168.250.101-9618&alias=hercules.hcms.it&noUDP&sock=schedd_3404051_6d7b>
...
001 (407557.000.000) 2026-05-07 18:21:38 Job executing on host: <192.168.250.112:9618?addrs=192.168.250.112-9618&alias=hercules02.hcms.it&noUDP&sock=startd_1261146_d63b>
	SlotName: slot83_1@hercules02.hcms.it
	CondorScratchDir = "/var/lib/condor/execute/dir_3917145"
	Cpus = 1
	Disk = 29523
	Memory = 1024
...
006 (407557.000.000) 2026-05-07 18:21:46 Image size of job updated: 55248
	48  -  MemoryUsage of job (MB)
	48160  -  ResidentSetSize of job (KB)
...
006 (407557.000.000) 2026-05-07 18:26:46 Image size of job updated: 55248
	48  -  MemoryUsage of job (MB)
	48952  -  ResidentSetSize of job (KB)
...
006 (407557.000.000) 2026-05-07 18:31:46 Image size of job updated: 354708
	49  -  MemoryUsage of job (MB)
	49256  -  ResidentSetSize of job (KB)
...
006 (407557.000.000) 2026-05-07 18:46:48 Image size of job updated: 358084
	49  -  MemoryUsage of job (MB)
	49256  -  ResidentSetSize of job (KB)
...
006 (407557.000.000) 2026-05-07 19:16:51 Image size of job updated: 358084
	49  -  MemoryUsage of job (MB)
	49276  -  ResidentSetSize of job (KB)
...
006 (407557.000.000) 2026-05-07 19:21:51 Image size of job updated: 358084
	49  -  MemoryUsage of job (MB)
	49560  -  ResidentSetSize of job (KB)
...
006 (407557.000.000) 2026-05-07 19:26:53 Image size of job updated: 358588
	49  -  MemoryUsage of job (MB)
	49560  -  ResidentSetSize of job (KB)
...
006 (407557.000.000) 2026-05-07 19:51:55 Image size of job updated: 358588
	49  -  MemoryUsage of job (MB)
	49660  -  ResidentSetSize of job (KB)
...
006 (407557.000.000) 2026-05-07 20:21:58 Image size of job updated: 358588
	49  -  MemoryUsage of job (MB)
	50124  -  ResidentSetSize of job (KB)
...
006 (407557.000.000) 2026-05-07 20:37:00 Image size of job updated: 358588
	50  -  MemoryUsage of job (MB)
	50256  -  ResidentSetSize of job (KB)
...
006 (407557.000.000) 2026-05-07 20:52:02 Image size of job updated: 358588
	54  -  MemoryUsage of job (MB)
	54392  -  ResidentSetSize of job (KB)
...
006 (407557.000.000) 2026-05-07 21:32:05 Image size of job updated: 359736
	54  -  MemoryUsage of job (MB)
	54392  -  ResidentSetSize of job (KB)
...
006 (407557.000.000) 2026-05-07 21:42:07 Image size of job updated: 360100
	54  -  MemoryUsage of job (MB)
	54392  -  ResidentSetSize of job (KB)
...
006 (407557.000.000) 2026-05-07 21:47:07 Image size of job updated: 361384
	54  -  MemoryUsage of job (MB)
	54392  -  ResidentSetSize of job (KB)
...
006 (407557.000.000) 2026-05-07 22:47:13 Image size of job updated: 361384
	163  -  MemoryUsage of job (MB)
	166024  -  ResidentSetSize of job (KB)
...
006 (407557.000.000) 2026-05-08 04:37:50 Image size of job updated: 362200
	163  -  MemoryUsage of job (MB)
	166024  -  ResidentSetSize of job (KB)
...
006 (407557.000.000) 2026-05-08 05:12:53 Image size of job updated: 363908
	163  -  MemoryUsage of job (MB)
	166024  -  ResidentSetSize of job (KB)
...
005 (407557.000.000) 2026-05-08 10:59:38 Job terminated.
	(1) Normal termination (return value 139)
		Usr 0 14:59:19, Sys 0 01:32:06  -  Run Remote Usage
		Usr 0 00:00:00, Sys 0 00:00:00  -  Run Local Usage
		Usr 0 14:59:19, Sys 0 01:32:06  -  Total Remote Usage
		Usr 0 00:00:00, Sys 0 00:00:00  -  Total Local Usage
	0  -  Run Bytes Sent By Job
	0  -  Run Bytes Received By Job
	0  -  Total Bytes Sent By Job
	0  -  Total Bytes Received By Job
	Partitionable Resources :    Usage  Request Allocated 
	   Cpus                 :     1.29        1         1 
	   Disk (KB)            :     1           1     29523 
	   Memory (MB)          :   163        1024      1024 

	Job terminated of its own accord at 2026-05-08T08:59:38Z with exit-code 139.
...
