000 (407710.000.000) 2026-05-07 18:21:20 Job submitted from host: <192.168.250.101:9618?addrs=192.168.250.101-9618&alias=hercules.hcms.it&noUDP&sock=schedd_3404051_6d7b>
...
001 (407710.000.000) 2026-05-08 20:12:00 Job executing on host: <192.168.250.23:9618?addrs=192.168.250.23-9618&alias=pccms13.hcms.it&noUDP&sock=startd_4182521_18e8>
	SlotName: slot53_1@pccms13.hcms.it
	CondorScratchDir = "/var/lib/condor/execute/dir_2122252"
	Cpus = 1
	Disk = 23466
	Memory = 1024
...
006 (407710.000.000) 2026-05-08 20:12:09 Image size of job updated: 39688
	39  -  MemoryUsage of job (MB)
	39120  -  ResidentSetSize of job (KB)
...
006 (407710.000.000) 2026-05-08 20:22:10 Image size of job updated: 41448
	40  -  MemoryUsage of job (MB)
	40688  -  ResidentSetSize of job (KB)
...
006 (407710.000.000) 2026-05-08 20:27:10 Image size of job updated: 332156
	40  -  MemoryUsage of job (MB)
	40688  -  ResidentSetSize of job (KB)
...
006 (407710.000.000) 2026-05-08 21:02:14 Image size of job updated: 340240
	116  -  MemoryUsage of job (MB)
	118692  -  ResidentSetSize of job (KB)
...
006 (407710.000.000) 2026-05-08 21:07:15 Image size of job updated: 340240
	117  -  MemoryUsage of job (MB)
	118948  -  ResidentSetSize of job (KB)
...
006 (407710.000.000) 2026-05-09 11:23:46 Image size of job updated: 340880
	117  -  MemoryUsage of job (MB)
	118948  -  ResidentSetSize of job (KB)
...
006 (407710.000.000) 2026-05-09 16:34:15 Image size of job updated: 344860
	117  -  MemoryUsage of job (MB)
	118948  -  ResidentSetSize of job (KB)
...
005 (407710.000.000) 2026-05-10 02:23:09 Job terminated.
	(1) Normal termination (return value 139)
		Usr 1 03:41:39, Sys 0 02:16:47  -  Run Remote Usage
		Usr 0 00:00:00, Sys 0 00:00:00  -  Run Local Usage
		Usr 1 03:41:39, Sys 0 02:16:47  -  Total Remote Usage
		Usr 0 00:00:00, Sys 0 00:00:00  -  Total Local Usage
	0  -  Run Bytes Sent By Job
	0  -  Run Bytes Received By Job
	0  -  Total Bytes Sent By Job
	0  -  Total Bytes Received By Job
	Partitionable Resources :    Usage  Request Allocated 
	   Cpus                 :     0.99        1         1 
	   Disk (KB)            :     1           1     23466 
	   Memory (MB)          :   117        1024      1024 

	Job terminated of its own accord at 2026-05-10T00:23:09Z with exit-code 139.
...
