000 (407546.000.000) 2026-05-07 18:21:15 Job submitted from host: <192.168.250.101:9618?addrs=192.168.250.101-9618&alias=hercules.hcms.it&noUDP&sock=schedd_3404051_6d7b>
...
001 (407546.000.000) 2026-05-07 18:21:19 Job executing on host: <192.168.250.112:9618?addrs=192.168.250.112-9618&alias=hercules02.hcms.it&noUDP&sock=startd_1261146_d63b>
	SlotName: slot72_1@hercules02.hcms.it
	CondorScratchDir = "/var/lib/condor/execute/dir_3900970"
	Cpus = 1
	Disk = 29523
	Memory = 1024
...
006 (407546.000.000) 2026-05-07 18:21:27 Image size of job updated: 57408
	55  -  MemoryUsage of job (MB)
	55404  -  ResidentSetSize of job (KB)
...
006 (407546.000.000) 2026-05-07 18:26:27 Image size of job updated: 352816
	55  -  MemoryUsage of job (MB)
	55404  -  ResidentSetSize of job (KB)
...
006 (407546.000.000) 2026-05-07 18:36:28 Image size of job updated: 355936
	55  -  MemoryUsage of job (MB)
	55404  -  ResidentSetSize of job (KB)
...
006 (407546.000.000) 2026-05-07 18:41:28 Image size of job updated: 359564
	55  -  MemoryUsage of job (MB)
	55404  -  ResidentSetSize of job (KB)
...
006 (407546.000.000) 2026-05-07 19:16:32 Image size of job updated: 361176
	55  -  MemoryUsage of job (MB)
	55404  -  ResidentSetSize of job (KB)
...
006 (407546.000.000) 2026-05-07 20:21:38 Image size of job updated: 361176
	55  -  MemoryUsage of job (MB)
	56104  -  ResidentSetSize of job (KB)
...
006 (407546.000.000) 2026-05-07 21:56:48 Image size of job updated: 361176
	57  -  MemoryUsage of job (MB)
	57792  -  ResidentSetSize of job (KB)
...
006 (407546.000.000) 2026-05-07 22:16:50 Image size of job updated: 361176
	58  -  MemoryUsage of job (MB)
	58620  -  ResidentSetSize of job (KB)
...
006 (407546.000.000) 2026-05-08 02:27:17 Image size of job updated: 361176
	58  -  MemoryUsage of job (MB)
	58856  -  ResidentSetSize of job (KB)
...
006 (407546.000.000) 2026-05-08 02:32:17 Image size of job updated: 361176
	58  -  MemoryUsage of job (MB)
	59020  -  ResidentSetSize of job (KB)
...
006 (407546.000.000) 2026-05-08 03:12:22 Image size of job updated: 361176
	59  -  MemoryUsage of job (MB)
	59416  -  ResidentSetSize of job (KB)
...
006 (407546.000.000) 2026-05-08 06:42:43 Image size of job updated: 361176
	59  -  MemoryUsage of job (MB)
	59532  -  ResidentSetSize of job (KB)
...
006 (407546.000.000) 2026-05-08 06:47:44 Image size of job updated: 361176
	59  -  MemoryUsage of job (MB)
	59600  -  ResidentSetSize of job (KB)
...
006 (407546.000.000) 2026-05-08 07:22:48 Image size of job updated: 361176
	59  -  MemoryUsage of job (MB)
	59852  -  ResidentSetSize of job (KB)
...
006 (407546.000.000) 2026-05-08 08:02:52 Image size of job updated: 361176
	59  -  MemoryUsage of job (MB)
	59972  -  ResidentSetSize of job (KB)
...
006 (407546.000.000) 2026-05-08 08:32:55 Image size of job updated: 361176
	59  -  MemoryUsage of job (MB)
	60100  -  ResidentSetSize of job (KB)
...
006 (407546.000.000) 2026-05-08 12:33:20 Image size of job updated: 366832
	60  -  MemoryUsage of job (MB)
	61136  -  ResidentSetSize of job (KB)
...
006 (407546.000.000) 2026-05-08 12:38:22 Image size of job updated: 366832
	61  -  MemoryUsage of job (MB)
	62420  -  ResidentSetSize of job (KB)
...
006 (407546.000.000) 2026-05-08 12:43:22 Image size of job updated: 374088
	131  -  MemoryUsage of job (MB)
	134112  -  ResidentSetSize of job (KB)
...
006 (407546.000.000) 2026-05-08 12:48:22 Image size of job updated: 374088
	132  -  MemoryUsage of job (MB)
	134208  -  ResidentSetSize of job (KB)
...
006 (407546.000.000) 2026-05-08 12:58:24 Image size of job updated: 374224
	132  -  MemoryUsage of job (MB)
	134208  -  ResidentSetSize of job (KB)
...
006 (407546.000.000) 2026-05-08 13:03:24 Image size of job updated: 376040
	132  -  MemoryUsage of job (MB)
	134208  -  ResidentSetSize of job (KB)
...
006 (407546.000.000) 2026-05-08 14:23:32 Image size of job updated: 652080
	333  -  MemoryUsage of job (MB)
	340392  -  ResidentSetSize of job (KB)
...
006 (407546.000.000) 2026-05-08 14:38:34 Image size of job updated: 652212
	334  -  MemoryUsage of job (MB)
	341176  -  ResidentSetSize of job (KB)
...
006 (407546.000.000) 2026-05-08 14:43:34 Image size of job updated: 652212
	334  -  MemoryUsage of job (MB)
	341436  -  ResidentSetSize of job (KB)
...
006 (407546.000.000) 2026-05-08 14:48:35 Image size of job updated: 652212
	334  -  MemoryUsage of job (MB)
	341768  -  ResidentSetSize of job (KB)
...
006 (407546.000.000) 2026-05-08 14:53:36 Image size of job updated: 654100
	334  -  MemoryUsage of job (MB)
	341768  -  ResidentSetSize of job (KB)
...
006 (407546.000.000) 2026-05-08 14:58:36 Image size of job updated: 654100
	335  -  MemoryUsage of job (MB)
	342168  -  ResidentSetSize of job (KB)
...
005 (407546.000.000) 2026-05-08 21:34:19 Job terminated.
	(1) Normal termination (return value 139)
		Usr 1 01:18:50, Sys 0 01:40:53  -  Run Remote Usage
		Usr 0 00:00:00, Sys 0 00:00:00  -  Run Local Usage
		Usr 1 01:18:50, Sys 0 01:40:53  -  Total Remote Usage
		Usr 0 00:00:00, Sys 0 00:00:00  -  Total Local Usage
	0  -  Run Bytes Sent By Job
	0  -  Run Bytes Received By Job
	0  -  Total Bytes Sent By Job
	0  -  Total Bytes Received By Job
	Partitionable Resources :    Usage  Request Allocated 
	   Cpus                 :     0.99        1         1 
	   Disk (KB)            :     1           1     29523 
	   Memory (MB)          :   335        1024      1024 

	Job terminated of its own accord at 2026-05-08T19:34:19Z with exit-code 139.
...
