000 (407570.000.000) 2026-05-07 18:21:16 Job submitted from host: <192.168.250.101:9618?addrs=192.168.250.101-9618&alias=hercules.hcms.it&noUDP&sock=schedd_3404051_6d7b>
...
001 (407570.000.000) 2026-05-08 03:52:46 Job executing on host: <192.168.250.112:9618?addrs=192.168.250.112-9618&alias=hercules02.hcms.it&noUDP&sock=startd_1261146_d63b>
	SlotName: slot91_1@hercules02.hcms.it
	CondorScratchDir = "/var/lib/condor/execute/dir_1169396"
	Cpus = 1
	Disk = 29523
	Memory = 1024
...
006 (407570.000.000) 2026-05-08 03:52:54 Image size of job updated: 56016
	48  -  MemoryUsage of job (MB)
	48172  -  ResidentSetSize of job (KB)
...
006 (407570.000.000) 2026-05-08 04:02:55 Image size of job updated: 356220
	48  -  MemoryUsage of job (MB)
	48172  -  ResidentSetSize of job (KB)
...
006 (407570.000.000) 2026-05-08 04:12:55 Image size of job updated: 356984
	48  -  MemoryUsage of job (MB)
	48544  -  ResidentSetSize of job (KB)
...
006 (407570.000.000) 2026-05-08 04:22:57 Image size of job updated: 356984
	55  -  MemoryUsage of job (MB)
	55968  -  ResidentSetSize of job (KB)
...
006 (407570.000.000) 2026-05-08 05:18:02 Image size of job updated: 357964
	55  -  MemoryUsage of job (MB)
	55968  -  ResidentSetSize of job (KB)
...
006 (407570.000.000) 2026-05-08 06:03:07 Image size of job updated: 357964
	57  -  MemoryUsage of job (MB)
	57900  -  ResidentSetSize of job (KB)
...
006 (407570.000.000) 2026-05-08 06:38:11 Image size of job updated: 357964
	57  -  MemoryUsage of job (MB)
	57932  -  ResidentSetSize of job (KB)
...
006 (407570.000.000) 2026-05-08 06:48:12 Image size of job updated: 357964
	57  -  MemoryUsage of job (MB)
	58064  -  ResidentSetSize of job (KB)
...
006 (407570.000.000) 2026-05-08 06:53:12 Image size of job updated: 358848
	59  -  MemoryUsage of job (MB)
	59600  -  ResidentSetSize of job (KB)
...
006 (407570.000.000) 2026-05-08 07:33:16 Image size of job updated: 360996
	59  -  MemoryUsage of job (MB)
	59600  -  ResidentSetSize of job (KB)
...
006 (407570.000.000) 2026-05-08 09:48:32 Image size of job updated: 361640
	59  -  MemoryUsage of job (MB)
	59600  -  ResidentSetSize of job (KB)
...
006 (407570.000.000) 2026-05-08 12:18:47 Image size of job updated: 362004
	59  -  MemoryUsage of job (MB)
	59600  -  ResidentSetSize of job (KB)
...
005 (407570.000.000) 2026-05-08 13:40:19 Job terminated.
	(1) Normal termination (return value 139)
		Usr 0 09:28:18, Sys 0 00:15:41  -  Run Remote Usage
		Usr 0 00:00:00, Sys 0 00:00:00  -  Run Local Usage
		Usr 0 09:28:18, Sys 0 00:15:41  -  Total Remote Usage
		Usr 0 00:00:00, Sys 0 00:00:00  -  Total Local Usage
	0  -  Run Bytes Sent By Job
	0  -  Run Bytes Received By Job
	0  -  Total Bytes Sent By Job
	0  -  Total Bytes Received By Job
	Partitionable Resources :    Usage  Request Allocated 
	   Cpus                 :     1.00        1         1 
	   Disk (KB)            :     1           1     29523 
	   Memory (MB)          :    59        1024      1024 

	Job terminated of its own accord at 2026-05-08T11:40:19Z with exit-code 139.
...
