000 (407845.000.000) 2026-05-07 18:21:23 Job submitted from host: <192.168.250.101:9618?addrs=192.168.250.101-9618&alias=hercules.hcms.it&noUDP&sock=schedd_3404051_6d7b>
...
001 (407845.000.000) 2026-05-09 04:44:12 Job executing on host: <192.168.250.112:9618?addrs=192.168.250.112-9618&alias=hercules02.hcms.it&noUDP&sock=startd_1261146_d63b>
	SlotName: slot87_1@hercules02.hcms.it
	CondorScratchDir = "/var/lib/condor/execute/dir_3881069"
	Cpus = 1
	Disk = 29523
	Memory = 1024
...
006 (407845.000.000) 2026-05-09 04:44:21 Image size of job updated: 57836
	55  -  MemoryUsage of job (MB)
	55804  -  ResidentSetSize of job (KB)
...
006 (407845.000.000) 2026-05-09 06:04:28 Image size of job updated: 356200
	56  -  MemoryUsage of job (MB)
	57276  -  ResidentSetSize of job (KB)
...
006 (407845.000.000) 2026-05-09 06:24:31 Image size of job updated: 356988
	56  -  MemoryUsage of job (MB)
	57276  -  ResidentSetSize of job (KB)
...
006 (407845.000.000) 2026-05-09 07:09:35 Image size of job updated: 359604
	56  -  MemoryUsage of job (MB)
	57276  -  ResidentSetSize of job (KB)
...
006 (407845.000.000) 2026-05-09 07:49:39 Image size of job updated: 359604
	57  -  MemoryUsage of job (MB)
	58012  -  ResidentSetSize of job (KB)
...
006 (407845.000.000) 2026-05-09 09:44:50 Image size of job updated: 359604
	350  -  MemoryUsage of job (MB)
	357416  -  ResidentSetSize of job (KB)
...
006 (407845.000.000) 2026-05-09 11:50:06 Image size of job updated: 359844
	350  -  MemoryUsage of job (MB)
	357416  -  ResidentSetSize of job (KB)
...
006 (407845.000.000) 2026-05-09 12:10:08 Image size of job updated: 360648
	350  -  MemoryUsage of job (MB)
	357416  -  ResidentSetSize of job (KB)
...
006 (407845.000.000) 2026-05-09 13:00:12 Image size of job updated: 661916
	350  -  MemoryUsage of job (MB)
	357416  -  ResidentSetSize of job (KB)
...
006 (407845.000.000) 2026-05-09 13:05:12 Image size of job updated: 663860
	350  -  MemoryUsage of job (MB)
	357416  -  ResidentSetSize of job (KB)
...
006 (407845.000.000) 2026-05-09 13:40:15 Image size of job updated: 663860
	355  -  MemoryUsage of job (MB)
	362524  -  ResidentSetSize of job (KB)
...
006 (407845.000.000) 2026-05-09 14:35:21 Image size of job updated: 666128
	356  -  MemoryUsage of job (MB)
	364040  -  ResidentSetSize of job (KB)
...
005 (407845.000.000) 2026-05-10 10:49:00 Job terminated.
	(1) Normal termination (return value 139)
		Usr 1 04:25:17, Sys 0 01:30:50  -  Run Remote Usage
		Usr 0 00:00:00, Sys 0 00:00:00  -  Run Local Usage
		Usr 1 04:25:17, Sys 0 01:30:50  -  Total Remote Usage
		Usr 0 00:00:00, Sys 0 00:00:00  -  Total Local Usage
	0  -  Run Bytes Sent By Job
	0  -  Run Bytes Received By Job
	0  -  Total Bytes Sent By Job
	0  -  Total Bytes Received By Job
	Partitionable Resources :    Usage  Request Allocated 
	   Cpus                 :     0.99        1         1 
	   Disk (KB)            :     1           1     29523 
	   Memory (MB)          :   356        1024      1024 

	Job terminated of its own accord at 2026-05-10T08:49:00Z with exit-code 139.
...
