000 (407591.000.000) 2026-05-07 18:21:17 Job submitted from host: <192.168.250.101:9618?addrs=192.168.250.101-9618&alias=hercules.hcms.it&noUDP&sock=schedd_3404051_6d7b>
...
001 (407591.000.000) 2026-05-08 10:30:53 Job executing on host: <192.168.250.22:9618?addrs=192.168.250.22-9618&alias=pccms12.hcms.it&noUDP&sock=startd_3275093_f746>
	SlotName: slot16_1@pccms12.hcms.it
	CondorScratchDir = "/var/lib/condor/execute/dir_1016911"
	Cpus = 1
	Disk = 22134
	Memory = 1024
...
006 (407591.000.000) 2026-05-08 10:31:01 Image size of job updated: 39592
	31  -  MemoryUsage of job (MB)
	31332  -  ResidentSetSize of job (KB)
...
006 (407591.000.000) 2026-05-08 10:36:01 Image size of job updated: 39592
	32  -  MemoryUsage of job (MB)
	32448  -  ResidentSetSize of job (KB)
...
006 (407591.000.000) 2026-05-08 10:41:02 Image size of job updated: 328760
	33  -  MemoryUsage of job (MB)
	33048  -  ResidentSetSize of job (KB)
...
006 (407591.000.000) 2026-05-08 10:46:03 Image size of job updated: 328812
	33  -  MemoryUsage of job (MB)
	33048  -  ResidentSetSize of job (KB)
...
006 (407591.000.000) 2026-05-08 10:51:03 Image size of job updated: 330112
	33  -  MemoryUsage of job (MB)
	33048  -  ResidentSetSize of job (KB)
...
006 (407591.000.000) 2026-05-08 11:01:04 Image size of job updated: 331420
	39  -  MemoryUsage of job (MB)
	39172  -  ResidentSetSize of job (KB)
...
006 (407591.000.000) 2026-05-08 11:51:10 Image size of job updated: 334504
	39  -  MemoryUsage of job (MB)
	39172  -  ResidentSetSize of job (KB)
...
006 (407591.000.000) 2026-05-08 12:11:11 Image size of job updated: 334504
	39  -  MemoryUsage of job (MB)
	39324  -  ResidentSetSize of job (KB)
...
006 (407591.000.000) 2026-05-08 13:46:21 Image size of job updated: 334504
	39  -  MemoryUsage of job (MB)
	39680  -  ResidentSetSize of job (KB)
...
006 (407591.000.000) 2026-05-08 15:36:31 Image size of job updated: 334504
	40  -  MemoryUsage of job (MB)
	40012  -  ResidentSetSize of job (KB)
...
006 (407591.000.000) 2026-05-08 17:01:41 Image size of job updated: 339808
	40  -  MemoryUsage of job (MB)
	40012  -  ResidentSetSize of job (KB)
...
006 (407591.000.000) 2026-05-08 17:26:44 Image size of job updated: 339808
	41  -  MemoryUsage of job (MB)
	41072  -  ResidentSetSize of job (KB)
...
006 (407591.000.000) 2026-05-08 23:12:20 Image size of job updated: 339808
	53  -  MemoryUsage of job (MB)
	54140  -  ResidentSetSize of job (KB)
...
006 (407591.000.000) 2026-05-09 02:12:38 Image size of job updated: 339808
	201  -  MemoryUsage of job (MB)
	204828  -  ResidentSetSize of job (KB)
...
006 (407591.000.000) 2026-05-09 02:17:39 Image size of job updated: 339808
	201  -  MemoryUsage of job (MB)
	205084  -  ResidentSetSize of job (KB)
...
006 (407591.000.000) 2026-05-09 07:23:13 Image size of job updated: 340436
	201  -  MemoryUsage of job (MB)
	205084  -  ResidentSetSize of job (KB)
...
005 (407591.000.000) 2026-05-09 09:59:08 Job terminated.
	(1) Normal termination (return value 139)
		Usr 0 20:49:20, Sys 0 02:25:15  -  Run Remote Usage
		Usr 0 00:00:00, Sys 0 00:00:00  -  Run Local Usage
		Usr 0 20:49:20, Sys 0 02:25:15  -  Total Remote Usage
		Usr 0 00:00:00, Sys 0 00:00:00  -  Total Local Usage
	0  -  Run Bytes Sent By Job
	0  -  Run Bytes Received By Job
	0  -  Total Bytes Sent By Job
	0  -  Total Bytes Received By Job
	Partitionable Resources :    Usage  Request Allocated 
	   Cpus                 :     0.99        1         1 
	   Disk (KB)            :     1           1     22134 
	   Memory (MB)          :   201        1024      1024 

	Job terminated of its own accord at 2026-05-09T07:59:08Z with exit-code 139.
...
