000 (407739.000.000) 2026-05-07 18:21:21 Job submitted from host: <192.168.250.101:9618?addrs=192.168.250.101-9618&alias=hercules.hcms.it&noUDP&sock=schedd_3404051_6d7b>
...
001 (407739.000.000) 2026-05-08 21:09:02 Job executing on host: <192.168.250.102:9618?addrs=192.168.250.102-9618&alias=empire.hcms.it&noUDP&sock=startd_2716409_3615>
	SlotName: slot39_1@empire.hcms.it
	CondorScratchDir = "/var/lib/condor/execute/dir_3002099"
	Cpus = 1
	Disk = 22792
	Memory = 1024
...
006 (407739.000.000) 2026-05-08 21:09:11 Image size of job updated: 57300
	55  -  MemoryUsage of job (MB)
	55392  -  ResidentSetSize of job (KB)
...
006 (407739.000.000) 2026-05-08 21:14:12 Image size of job updated: 57300
	55  -  MemoryUsage of job (MB)
	55676  -  ResidentSetSize of job (KB)
...
006 (407739.000.000) 2026-05-08 21:19:13 Image size of job updated: 59312
	57  -  MemoryUsage of job (MB)
	57488  -  ResidentSetSize of job (KB)
...
006 (407739.000.000) 2026-05-08 21:54:17 Image size of job updated: 357676
	57  -  MemoryUsage of job (MB)
	57488  -  ResidentSetSize of job (KB)
...
006 (407739.000.000) 2026-05-08 21:59:17 Image size of job updated: 360396
	59  -  MemoryUsage of job (MB)
	59764  -  ResidentSetSize of job (KB)
...
006 (407739.000.000) 2026-05-08 22:39:22 Image size of job updated: 362312
	59  -  MemoryUsage of job (MB)
	59764  -  ResidentSetSize of job (KB)
...
006 (407739.000.000) 2026-05-08 22:44:22 Image size of job updated: 364440
	59  -  MemoryUsage of job (MB)
	59764  -  ResidentSetSize of job (KB)
...
006 (407739.000.000) 2026-05-08 23:19:26 Image size of job updated: 364440
	59  -  MemoryUsage of job (MB)
	60176  -  ResidentSetSize of job (KB)
...
006 (407739.000.000) 2026-05-09 00:59:36 Image size of job updated: 365832
	59  -  MemoryUsage of job (MB)
	60176  -  ResidentSetSize of job (KB)
...
006 (407739.000.000) 2026-05-09 03:14:50 Image size of job updated: 365832
	193  -  MemoryUsage of job (MB)
	197104  -  ResidentSetSize of job (KB)
...
006 (407739.000.000) 2026-05-09 03:19:51 Image size of job updated: 365832
	193  -  MemoryUsage of job (MB)
	197360  -  ResidentSetSize of job (KB)
...
006 (407739.000.000) 2026-05-09 06:10:08 Image size of job updated: 365832
	266  -  MemoryUsage of job (MB)
	272056  -  ResidentSetSize of job (KB)
...
006 (407739.000.000) 2026-05-09 06:15:08 Image size of job updated: 365832
	268  -  MemoryUsage of job (MB)
	274080  -  ResidentSetSize of job (KB)
...
006 (407739.000.000) 2026-05-09 14:21:00 Image size of job updated: 366192
	268  -  MemoryUsage of job (MB)
	274080  -  ResidentSetSize of job (KB)
...
006 (407739.000.000) 2026-05-09 21:16:46 Image size of job updated: 367536
	268  -  MemoryUsage of job (MB)
	274080  -  ResidentSetSize of job (KB)
...
006 (407739.000.000) 2026-05-09 22:56:57 Image size of job updated: 368168
	268  -  MemoryUsage of job (MB)
	274080  -  ResidentSetSize of job (KB)
...
006 (407739.000.000) 2026-05-10 01:07:11 Image size of job updated: 368816
	268  -  MemoryUsage of job (MB)
	274080  -  ResidentSetSize of job (KB)
...
006 (407739.000.000) 2026-05-10 01:57:15 Image size of job updated: 369108
	268  -  MemoryUsage of job (MB)
	274080  -  ResidentSetSize of job (KB)
...
006 (407739.000.000) 2026-05-10 03:42:25 Image size of job updated: 369108
	320  -  MemoryUsage of job (MB)
	326876  -  ResidentSetSize of job (KB)
...
005 (407739.000.000) 2026-05-10 03:43:43 Job terminated.
	(1) Normal termination (return value 139)
		Usr 1 05:11:21, Sys 0 01:10:23  -  Run Remote Usage
		Usr 0 00:00:00, Sys 0 00:00:00  -  Run Local Usage
		Usr 1 05:11:21, Sys 0 01:10:23  -  Total Remote Usage
		Usr 0 00:00:00, Sys 0 00:00:00  -  Total Local Usage
	0  -  Run Bytes Sent By Job
	0  -  Run Bytes Received By Job
	0  -  Total Bytes Sent By Job
	0  -  Total Bytes Received By Job
	Partitionable Resources :    Usage  Request Allocated 
	   Cpus                 :     0.98        1         1 
	   Disk (KB)            :     1           1     22792 
	   Memory (MB)          :   320        1024      1024 

	Job terminated of its own accord at 2026-05-10T01:43:43Z with exit-code 139.
...
