000 (407621.000.000) 2026-05-07 18:21:17 Job submitted from host: <192.168.250.101:9618?addrs=192.168.250.101-9618&alias=hercules.hcms.it&noUDP&sock=schedd_3404051_6d7b>
...
001 (407621.000.000) 2026-05-08 12:34:54 Job executing on host: <192.168.250.112:9618?addrs=192.168.250.112-9618&alias=hercules02.hcms.it&noUDP&sock=startd_1261146_d63b>
	SlotName: slot62_1@hercules02.hcms.it
	CondorScratchDir = "/var/lib/condor/execute/dir_2005617"
	Cpus = 1
	Disk = 29523
	Memory = 1024
...
006 (407621.000.000) 2026-05-08 12:35:02 Image size of job updated: 56072
	47  -  MemoryUsage of job (MB)
	47928  -  ResidentSetSize of job (KB)
...
006 (407621.000.000) 2026-05-08 12:40:02 Image size of job updated: 356916
	49  -  MemoryUsage of job (MB)
	49624  -  ResidentSetSize of job (KB)
...
006 (407621.000.000) 2026-05-08 12:50:04 Image size of job updated: 356916
	56  -  MemoryUsage of job (MB)
	56976  -  ResidentSetSize of job (KB)
...
006 (407621.000.000) 2026-05-08 13:20:08 Image size of job updated: 363428
	56  -  MemoryUsage of job (MB)
	56976  -  ResidentSetSize of job (KB)
...
006 (407621.000.000) 2026-05-08 17:30:33 Image size of job updated: 363428
	56  -  MemoryUsage of job (MB)
	57280  -  ResidentSetSize of job (KB)
...
006 (407621.000.000) 2026-05-08 19:05:44 Image size of job updated: 364396
	56  -  MemoryUsage of job (MB)
	57280  -  ResidentSetSize of job (KB)
...
006 (407621.000.000) 2026-05-08 19:25:46 Image size of job updated: 364396
	61  -  MemoryUsage of job (MB)
	61756  -  ResidentSetSize of job (KB)
...
006 (407621.000.000) 2026-05-08 23:16:10 Image size of job updated: 364396
	160  -  MemoryUsage of job (MB)
	163176  -  ResidentSetSize of job (KB)
...
005 (407621.000.000) 2026-05-09 06:30:52 Job terminated.
	(1) Normal termination (return value 139)
		Usr 0 16:14:24, Sys 0 01:32:24  -  Run Remote Usage
		Usr 0 00:00:00, Sys 0 00:00:00  -  Run Local Usage
		Usr 0 16:14:24, Sys 0 01:32:24  -  Total Remote Usage
		Usr 0 00:00:00, Sys 0 00:00:00  -  Total Local Usage
	0  -  Run Bytes Sent By Job
	0  -  Run Bytes Received By Job
	0  -  Total Bytes Sent By Job
	0  -  Total Bytes Received By Job
	Partitionable Resources :    Usage  Request Allocated 
	   Cpus                 :     0.99        1         1 
	   Disk (KB)            :     1           1     29523 
	   Memory (MB)          :   160        1024      1024 

	Job terminated of its own accord at 2026-05-09T04:30:52Z with exit-code 139.
...
