000 (407543.000.000) 2026-05-07 18:21:15 Job submitted from host: <192.168.250.101:9618?addrs=192.168.250.101-9618&alias=hercules.hcms.it&noUDP&sock=schedd_3404051_6d7b>
...
001 (407543.000.000) 2026-05-07 18:21:19 Job executing on host: <192.168.250.112:9618?addrs=192.168.250.112-9618&alias=hercules02.hcms.it&noUDP&sock=startd_1261146_d63b>
	SlotName: slot69_1@hercules02.hcms.it
	CondorScratchDir = "/var/lib/condor/execute/dir_3900967"
	Cpus = 1
	Disk = 29523
	Memory = 1024
...
006 (407543.000.000) 2026-05-07 18:21:27 Image size of job updated: 54788
	47  -  MemoryUsage of job (MB)
	47840  -  ResidentSetSize of job (KB)
...
006 (407543.000.000) 2026-05-07 18:26:27 Image size of job updated: 357576
	48  -  MemoryUsage of job (MB)
	48988  -  ResidentSetSize of job (KB)
...
006 (407543.000.000) 2026-05-07 18:31:27 Image size of job updated: 357576
	49  -  MemoryUsage of job (MB)
	49168  -  ResidentSetSize of job (KB)
...
006 (407543.000.000) 2026-05-07 18:36:28 Image size of job updated: 358624
	49  -  MemoryUsage of job (MB)
	49228  -  ResidentSetSize of job (KB)
...
006 (407543.000.000) 2026-05-07 18:51:29 Image size of job updated: 359908
	49  -  MemoryUsage of job (MB)
	49384  -  ResidentSetSize of job (KB)
...
006 (407543.000.000) 2026-05-07 19:01:30 Image size of job updated: 359908
	49  -  MemoryUsage of job (MB)
	49432  -  ResidentSetSize of job (KB)
...
006 (407543.000.000) 2026-05-07 19:06:31 Image size of job updated: 359908
	49  -  MemoryUsage of job (MB)
	49464  -  ResidentSetSize of job (KB)
...
006 (407543.000.000) 2026-05-07 19:36:33 Image size of job updated: 359908
	50  -  MemoryUsage of job (MB)
	50404  -  ResidentSetSize of job (KB)
...
006 (407543.000.000) 2026-05-07 19:46:35 Image size of job updated: 359908
	51  -  MemoryUsage of job (MB)
	51836  -  ResidentSetSize of job (KB)
...
006 (407543.000.000) 2026-05-07 19:51:35 Image size of job updated: 361364
	51  -  MemoryUsage of job (MB)
	51836  -  ResidentSetSize of job (KB)
...
006 (407543.000.000) 2026-05-07 19:56:36 Image size of job updated: 361364
	51  -  MemoryUsage of job (MB)
	51872  -  ResidentSetSize of job (KB)
...
006 (407543.000.000) 2026-05-07 20:31:39 Image size of job updated: 361364
	51  -  MemoryUsage of job (MB)
	51956  -  ResidentSetSize of job (KB)
...
006 (407543.000.000) 2026-05-07 21:11:43 Image size of job updated: 361364
	51  -  MemoryUsage of job (MB)
	52112  -  ResidentSetSize of job (KB)
...
006 (407543.000.000) 2026-05-07 21:16:43 Image size of job updated: 361492
	51  -  MemoryUsage of job (MB)
	52112  -  ResidentSetSize of job (KB)
...
006 (407543.000.000) 2026-05-07 21:21:44 Image size of job updated: 361492
	57  -  MemoryUsage of job (MB)
	57956  -  ResidentSetSize of job (KB)
...
006 (407543.000.000) 2026-05-07 21:56:48 Image size of job updated: 364164
	57  -  MemoryUsage of job (MB)
	57956  -  ResidentSetSize of job (KB)
...
006 (407543.000.000) 2026-05-07 22:06:48 Image size of job updated: 367700
	57  -  MemoryUsage of job (MB)
	57956  -  ResidentSetSize of job (KB)
...
006 (407543.000.000) 2026-05-08 09:32:58 Image size of job updated: 367700
	57  -  MemoryUsage of job (MB)
	57980  -  ResidentSetSize of job (KB)
...
006 (407543.000.000) 2026-05-08 11:33:12 Image size of job updated: 368060
	57  -  MemoryUsage of job (MB)
	57980  -  ResidentSetSize of job (KB)
...
006 (407543.000.000) 2026-05-08 11:48:14 Image size of job updated: 368060
	57  -  MemoryUsage of job (MB)
	58096  -  ResidentSetSize of job (KB)
...
006 (407543.000.000) 2026-05-08 11:53:15 Image size of job updated: 368060
	57  -  MemoryUsage of job (MB)
	58340  -  ResidentSetSize of job (KB)
...
006 (407543.000.000) 2026-05-08 11:58:15 Image size of job updated: 372260
	58  -  MemoryUsage of job (MB)
	58636  -  ResidentSetSize of job (KB)
...
006 (407543.000.000) 2026-05-08 12:03:15 Image size of job updated: 372260
	58  -  MemoryUsage of job (MB)
	58796  -  ResidentSetSize of job (KB)
...
006 (407543.000.000) 2026-05-08 12:28:19 Image size of job updated: 372260
	58  -  MemoryUsage of job (MB)
	58824  -  ResidentSetSize of job (KB)
...
006 (407543.000.000) 2026-05-08 13:43:26 Image size of job updated: 372260
	58  -  MemoryUsage of job (MB)
	58884  -  ResidentSetSize of job (KB)
...
006 (407543.000.000) 2026-05-08 14:43:32 Image size of job updated: 372260
	58  -  MemoryUsage of job (MB)
	59036  -  ResidentSetSize of job (KB)
...
006 (407543.000.000) 2026-05-08 14:53:33 Image size of job updated: 372260
	58  -  MemoryUsage of job (MB)
	59344  -  ResidentSetSize of job (KB)
...
006 (407543.000.000) 2026-05-08 16:28:42 Image size of job updated: 372260
	59  -  MemoryUsage of job (MB)
	59708  -  ResidentSetSize of job (KB)
...
006 (407543.000.000) 2026-05-08 16:33:43 Image size of job updated: 372548
	59  -  MemoryUsage of job (MB)
	59708  -  ResidentSetSize of job (KB)
...
006 (407543.000.000) 2026-05-08 17:18:47 Image size of job updated: 372548
	59  -  MemoryUsage of job (MB)
	59968  -  ResidentSetSize of job (KB)
...
006 (407543.000.000) 2026-05-08 18:58:57 Image size of job updated: 372548
	59  -  MemoryUsage of job (MB)
	60248  -  ResidentSetSize of job (KB)
...
005 (407543.000.000) 2026-05-08 20:11:39 Job terminated.
	(1) Normal termination (return value 139)
		Usr 1 00:01:13, Sys 0 01:36:28  -  Run Remote Usage
		Usr 0 00:00:00, Sys 0 00:00:00  -  Run Local Usage
		Usr 1 00:01:13, Sys 0 01:36:28  -  Total Remote Usage
		Usr 0 00:00:00, Sys 0 00:00:00  -  Total Local Usage
	0  -  Run Bytes Sent By Job
	0  -  Run Bytes Received By Job
	0  -  Total Bytes Sent By Job
	0  -  Total Bytes Received By Job
	Partitionable Resources :    Usage  Request Allocated 
	   Cpus                 :     0.99        1         1 
	   Disk (KB)            :     1           1     29523 
	   Memory (MB)          :    59        1024      1024 

	Job terminated of its own accord at 2026-05-08T18:11:39Z with exit-code 139.
...
