000 (407474.000.000) 2026-05-07 18:21:13 Job submitted from host: <192.168.250.101:9618?addrs=192.168.250.101-9618&alias=hercules.hcms.it&noUDP&sock=schedd_3404051_6d7b>
...
001 (407474.000.000) 2026-05-07 18:21:16 Job executing on host: <192.168.250.103:9618?addrs=192.168.250.103-9618&alias=clipper.hcms.it&noUDP&sock=startd_3676022_e97e>
	SlotName: slot110_1@clipper.hcms.it
	CondorScratchDir = "/var/lib/condor/execute/dir_18026"
	Cpus = 1
	Disk = 20734
	Memory = 1024
...
006 (407474.000.000) 2026-05-07 18:21:24 Image size of job updated: 54824
	52  -  MemoryUsage of job (MB)
	52828  -  ResidentSetSize of job (KB)
...
006 (407474.000.000) 2026-05-07 19:26:32 Image size of job updated: 355308
	52  -  MemoryUsage of job (MB)
	52828  -  ResidentSetSize of job (KB)
...
006 (407474.000.000) 2026-05-07 20:46:41 Image size of job updated: 359632
	52  -  MemoryUsage of job (MB)
	52828  -  ResidentSetSize of job (KB)
...
006 (407474.000.000) 2026-05-07 21:31:45 Image size of job updated: 359632
	162  -  MemoryUsage of job (MB)
	165160  -  ResidentSetSize of job (KB)
...
006 (407474.000.000) 2026-05-07 21:51:47 Image size of job updated: 359772
	162  -  MemoryUsage of job (MB)
	165160  -  ResidentSetSize of job (KB)
...
006 (407474.000.000) 2026-05-08 02:37:17 Image size of job updated: 364228
	162  -  MemoryUsage of job (MB)
	165160  -  ResidentSetSize of job (KB)
...
006 (407474.000.000) 2026-05-08 06:02:37 Image size of job updated: 364468
	162  -  MemoryUsage of job (MB)
	165160  -  ResidentSetSize of job (KB)
...
006 (407474.000.000) 2026-05-12 02:17:14 Image size of job updated: 364468
	162  -  MemoryUsage of job (MB)
	165176  -  ResidentSetSize of job (KB)
...
006 (407474.000.000) 2026-05-12 03:22:19 Image size of job updated: 364468
	164  -  MemoryUsage of job (MB)
	167224  -  ResidentSetSize of job (KB)
...
006 (407474.000.000) 2026-05-12 04:32:25 Image size of job updated: 364468
	166  -  MemoryUsage of job (MB)
	169272  -  ResidentSetSize of job (KB)
...
006 (407474.000.000) 2026-05-12 05:42:33 Image size of job updated: 364468
	168  -  MemoryUsage of job (MB)
	171320  -  ResidentSetSize of job (KB)
...
006 (407474.000.000) 2026-05-12 06:47:38 Image size of job updated: 364468
	170  -  MemoryUsage of job (MB)
	173368  -  ResidentSetSize of job (KB)
...
006 (407474.000.000) 2026-05-12 07:57:46 Image size of job updated: 364468
	172  -  MemoryUsage of job (MB)
	175416  -  ResidentSetSize of job (KB)
...
006 (407474.000.000) 2026-05-12 09:02:54 Image size of job updated: 364468
	174  -  MemoryUsage of job (MB)
	177464  -  ResidentSetSize of job (KB)
...
006 (407474.000.000) 2026-05-12 10:13:01 Image size of job updated: 364468
	176  -  MemoryUsage of job (MB)
	179512  -  ResidentSetSize of job (KB)
...
006 (407474.000.000) 2026-05-12 11:18:08 Image size of job updated: 364468
	178  -  MemoryUsage of job (MB)
	181560  -  ResidentSetSize of job (KB)
...
006 (407474.000.000) 2026-05-12 12:28:15 Image size of job updated: 364468
	180  -  MemoryUsage of job (MB)
	183608  -  ResidentSetSize of job (KB)
...
006 (407474.000.000) 2026-05-12 12:58:18 Image size of job updated: 364468
	180  -  MemoryUsage of job (MB)
	183616  -  ResidentSetSize of job (KB)
...
006 (407474.000.000) 2026-05-12 13:33:22 Image size of job updated: 364468
	182  -  MemoryUsage of job (MB)
	185664  -  ResidentSetSize of job (KB)
...
006 (407474.000.000) 2026-05-12 14:43:29 Image size of job updated: 364468
	184  -  MemoryUsage of job (MB)
	187712  -  ResidentSetSize of job (KB)
...
006 (407474.000.000) 2026-05-12 15:53:36 Image size of job updated: 364468
	186  -  MemoryUsage of job (MB)
	189760  -  ResidentSetSize of job (KB)
...
006 (407474.000.000) 2026-05-12 16:58:42 Image size of job updated: 364468
	188  -  MemoryUsage of job (MB)
	191808  -  ResidentSetSize of job (KB)
...
006 (407474.000.000) 2026-05-12 18:08:49 Image size of job updated: 364468
	190  -  MemoryUsage of job (MB)
	193856  -  ResidentSetSize of job (KB)
...
006 (407474.000.000) 2026-05-12 19:13:56 Image size of job updated: 364468
	192  -  MemoryUsage of job (MB)
	195904  -  ResidentSetSize of job (KB)
...
006 (407474.000.000) 2026-05-12 20:24:03 Image size of job updated: 364468
	194  -  MemoryUsage of job (MB)
	197952  -  ResidentSetSize of job (KB)
...
006 (407474.000.000) 2026-05-12 21:29:10 Image size of job updated: 364468
	196  -  MemoryUsage of job (MB)
	200000  -  ResidentSetSize of job (KB)
...
006 (407474.000.000) 2026-05-12 22:39:17 Image size of job updated: 364468
	198  -  MemoryUsage of job (MB)
	202304  -  ResidentSetSize of job (KB)
...
006 (407474.000.000) 2026-05-12 23:44:23 Image size of job updated: 364468
	200  -  MemoryUsage of job (MB)
	204352  -  ResidentSetSize of job (KB)
...
006 (407474.000.000) 2026-05-13 00:54:31 Image size of job updated: 364468
	202  -  MemoryUsage of job (MB)
	206400  -  ResidentSetSize of job (KB)
...
006 (407474.000.000) 2026-05-13 01:59:37 Image size of job updated: 364468
	204  -  MemoryUsage of job (MB)
	208200  -  ResidentSetSize of job (KB)
...
006 (407474.000.000) 2026-05-13 04:14:51 Image size of job updated: 364468
	204  -  MemoryUsage of job (MB)
	208456  -  ResidentSetSize of job (KB)
...
006 (407474.000.000) 2026-05-13 04:19:51 Image size of job updated: 364468
	206  -  MemoryUsage of job (MB)
	210504  -  ResidentSetSize of job (KB)
...
006 (407474.000.000) 2026-05-13 05:24:57 Image size of job updated: 364468
	208  -  MemoryUsage of job (MB)
	212412  -  ResidentSetSize of job (KB)
...
006 (407474.000.000) 2026-05-13 05:29:59 Image size of job updated: 364468
	210  -  MemoryUsage of job (MB)
	214460  -  ResidentSetSize of job (KB)
...
006 (407474.000.000) 2026-05-13 06:35:05 Image size of job updated: 364468
	212  -  MemoryUsage of job (MB)
	216508  -  ResidentSetSize of job (KB)
...
006 (407474.000.000) 2026-05-13 07:45:13 Image size of job updated: 364468
	214  -  MemoryUsage of job (MB)
	218556  -  ResidentSetSize of job (KB)
...
006 (407474.000.000) 2026-05-13 08:50:19 Image size of job updated: 364468
	216  -  MemoryUsage of job (MB)
	220604  -  ResidentSetSize of job (KB)
...
006 (407474.000.000) 2026-05-13 10:00:27 Image size of job updated: 364468
	218  -  MemoryUsage of job (MB)
	222908  -  ResidentSetSize of job (KB)
...
006 (407474.000.000) 2026-05-13 11:05:34 Image size of job updated: 364468
	220  -  MemoryUsage of job (MB)
	224956  -  ResidentSetSize of job (KB)
...
006 (407474.000.000) 2026-05-13 12:15:41 Image size of job updated: 364468
	222  -  MemoryUsage of job (MB)
	227004  -  ResidentSetSize of job (KB)
...
