000 (407571.000.000) 2026-05-07 18:21:16 Job submitted from host: <192.168.250.101:9618?addrs=192.168.250.101-9618&alias=hercules.hcms.it&noUDP&sock=schedd_3404051_6d7b>
...
001 (407571.000.000) 2026-05-08 03:55:46 Job executing on host: <192.168.250.112:9618?addrs=192.168.250.112-9618&alias=hercules02.hcms.it&noUDP&sock=startd_1261146_d63b>
	SlotName: slot90_1@hercules02.hcms.it
	CondorScratchDir = "/var/lib/condor/execute/dir_1174367"
	Cpus = 1
	Disk = 29523
	Memory = 1024
...
006 (407571.000.000) 2026-05-08 03:55:55 Image size of job updated: 53140
	52  -  MemoryUsage of job (MB)
	52884  -  ResidentSetSize of job (KB)
...
006 (407571.000.000) 2026-05-08 04:05:57 Image size of job updated: 355832
	52  -  MemoryUsage of job (MB)
	52884  -  ResidentSetSize of job (KB)
...
006 (407571.000.000) 2026-05-08 04:20:58 Image size of job updated: 355832
	120  -  MemoryUsage of job (MB)
	122572  -  ResidentSetSize of job (KB)
...
006 (407571.000.000) 2026-05-08 04:25:58 Image size of job updated: 356944
	120  -  MemoryUsage of job (MB)
	122828  -  ResidentSetSize of job (KB)
...
006 (407571.000.000) 2026-05-08 04:35:59 Image size of job updated: 358628
	120  -  MemoryUsage of job (MB)
	122828  -  ResidentSetSize of job (KB)
...
006 (407571.000.000) 2026-05-08 09:06:27 Image size of job updated: 360024
	120  -  MemoryUsage of job (MB)
	122828  -  ResidentSetSize of job (KB)
...
006 (407571.000.000) 2026-05-08 11:31:43 Image size of job updated: 361208
	120  -  MemoryUsage of job (MB)
	122828  -  ResidentSetSize of job (KB)
...
006 (407571.000.000) 2026-05-08 15:27:08 Image size of job updated: 361900
	120  -  MemoryUsage of job (MB)
	122828  -  ResidentSetSize of job (KB)
...
006 (407571.000.000) 2026-05-08 16:32:15 Image size of job updated: 363168
	120  -  MemoryUsage of job (MB)
	122828  -  ResidentSetSize of job (KB)
...
006 (407571.000.000) 2026-05-08 17:12:19 Image size of job updated: 363168
	169  -  MemoryUsage of job (MB)
	172240  -  ResidentSetSize of job (KB)
...
006 (407571.000.000) 2026-05-08 17:17:19 Image size of job updated: 364756
	169  -  MemoryUsage of job (MB)
	172240  -  ResidentSetSize of job (KB)
...
005 (407571.000.000) 2026-05-08 18:13:17 Job terminated.
	(1) Normal termination (return value 139)
		Usr 0 12:39:05, Sys 0 01:30:40  -  Run Remote Usage
		Usr 0 00:00:00, Sys 0 00:00:00  -  Run Local Usage
		Usr 0 12:39:05, Sys 0 01:30:40  -  Total Remote Usage
		Usr 0 00:00:00, Sys 0 00:00:00  -  Total Local Usage
	0  -  Run Bytes Sent By Job
	0  -  Run Bytes Received By Job
	0  -  Total Bytes Sent By Job
	0  -  Total Bytes Received By Job
	Partitionable Resources :    Usage  Request Allocated 
	   Cpus                 :     0.99        1         1 
	   Disk (KB)            :     1           1     29523 
	   Memory (MB)          :   169        1024      1024 

	Job terminated of its own accord at 2026-05-08T16:13:17Z with exit-code 139.
...
