000 (407499.000.000) 2026-05-07 18:21:14 Job submitted from host: <192.168.250.101:9618?addrs=192.168.250.101-9618&alias=hercules.hcms.it&noUDP&sock=schedd_3404051_6d7b>
...
001 (407499.000.000) 2026-05-07 18:21:19 Job executing on host: <192.168.250.112:9618?addrs=192.168.250.112-9618&alias=hercules02.hcms.it&noUDP&sock=startd_1261146_d63b>
	SlotName: slot25_1@hercules02.hcms.it
	CondorScratchDir = "/var/lib/condor/execute/dir_3900931"
	Cpus = 1
	Disk = 29523
	Memory = 1024
...
006 (407499.000.000) 2026-05-07 18:21:27 Image size of job updated: 57508
	55  -  MemoryUsage of job (MB)
	55412  -  ResidentSetSize of job (KB)
...
006 (407499.000.000) 2026-05-07 18:36:28 Image size of job updated: 353968
	55  -  MemoryUsage of job (MB)
	55588  -  ResidentSetSize of job (KB)
...
006 (407499.000.000) 2026-05-07 18:46:28 Image size of job updated: 353968
	145  -  MemoryUsage of job (MB)
	147484  -  ResidentSetSize of job (KB)
...
006 (407499.000.000) 2026-05-07 18:51:29 Image size of job updated: 355400
	145  -  MemoryUsage of job (MB)
	147484  -  ResidentSetSize of job (KB)
...
006 (407499.000.000) 2026-05-07 19:11:32 Image size of job updated: 357228
	145  -  MemoryUsage of job (MB)
	147484  -  ResidentSetSize of job (KB)
...
006 (407499.000.000) 2026-05-07 19:31:33 Image size of job updated: 358968
	145  -  MemoryUsage of job (MB)
	147484  -  ResidentSetSize of job (KB)
...
006 (407499.000.000) 2026-05-07 19:41:34 Image size of job updated: 360452
	145  -  MemoryUsage of job (MB)
	147484  -  ResidentSetSize of job (KB)
...
006 (407499.000.000) 2026-05-07 23:06:55 Image size of job updated: 360652
	145  -  MemoryUsage of job (MB)
	147484  -  ResidentSetSize of job (KB)
...
006 (407499.000.000) 2026-05-08 02:52:18 Image size of job updated: 360932
	145  -  MemoryUsage of job (MB)
	147484  -  ResidentSetSize of job (KB)
...
006 (407499.000.000) 2026-05-08 05:17:32 Image size of job updated: 361772
	145  -  MemoryUsage of job (MB)
	147484  -  ResidentSetSize of job (KB)
...
006 (407499.000.000) 2026-05-10 14:58:29 Image size of job updated: 381820
	145  -  MemoryUsage of job (MB)
	147484  -  ResidentSetSize of job (KB)
...
006 (407499.000.000) 2026-05-10 15:03:29 Image size of job updated: 384224
	145  -  MemoryUsage of job (MB)
	147484  -  ResidentSetSize of job (KB)
...
006 (407499.000.000) 2026-05-10 15:08:29 Image size of job updated: 385824
	145  -  MemoryUsage of job (MB)
	147484  -  ResidentSetSize of job (KB)
...
006 (407499.000.000) 2026-05-10 15:13:30 Image size of job updated: 386984
	145  -  MemoryUsage of job (MB)
	147484  -  ResidentSetSize of job (KB)
...
006 (407499.000.000) 2026-05-10 18:18:47 Image size of job updated: 387100
	145  -  MemoryUsage of job (MB)
	147484  -  ResidentSetSize of job (KB)
...
006 (407499.000.000) 2026-05-11 17:56:10 Image size of job updated: 396384
	145  -  MemoryUsage of job (MB)
	147484  -  ResidentSetSize of job (KB)
...
006 (407499.000.000) 2026-05-11 18:01:10 Image size of job updated: 399644
	145  -  MemoryUsage of job (MB)
	147484  -  ResidentSetSize of job (KB)
...
006 (407499.000.000) 2026-05-11 18:06:11 Image size of job updated: 400784
	145  -  MemoryUsage of job (MB)
	147484  -  ResidentSetSize of job (KB)
...
005 (407499.000.000) 2026-05-11 18:13:11 Job terminated.
	(1) Normal termination (return value 139)
		Usr 3 21:17:37, Sys 0 01:56:43  -  Run Remote Usage
		Usr 0 00:00:00, Sys 0 00:00:00  -  Run Local Usage
		Usr 3 21:17:37, Sys 0 01:56:43  -  Total Remote Usage
		Usr 0 00:00:00, Sys 0 00:00:00  -  Total Local Usage
	0  -  Run Bytes Sent By Job
	0  -  Run Bytes Received By Job
	0  -  Total Bytes Sent By Job
	0  -  Total Bytes Received By Job
	Partitionable Resources :    Usage  Request Allocated 
	   Cpus                 :     0.99        1         1 
	   Disk (KB)            :     1           1     29523 
	   Memory (MB)          :   145        1024      1024 

	Job terminated of its own accord at 2026-05-11T16:13:11Z with exit-code 139.
...
