000 (407553.000.000) 2026-05-07 18:21:16 Job submitted from host: <192.168.250.101:9618?addrs=192.168.250.101-9618&alias=hercules.hcms.it&noUDP&sock=schedd_3404051_6d7b>
...
001 (407553.000.000) 2026-05-07 18:21:19 Job executing on host: <192.168.250.112:9618?addrs=192.168.250.112-9618&alias=hercules02.hcms.it&noUDP&sock=startd_1261146_d63b>
	SlotName: slot79_1@hercules02.hcms.it
	CondorScratchDir = "/var/lib/condor/execute/dir_3900977"
	Cpus = 1
	Disk = 29523
	Memory = 1024
...
006 (407553.000.000) 2026-05-07 18:21:27 Image size of job updated: 55524
	55  -  MemoryUsage of job (MB)
	55408  -  ResidentSetSize of job (KB)
...
006 (407553.000.000) 2026-05-07 18:26:27 Image size of job updated: 355396
	55  -  MemoryUsage of job (MB)
	55636  -  ResidentSetSize of job (KB)
...
006 (407553.000.000) 2026-05-07 18:41:28 Image size of job updated: 359872
	55  -  MemoryUsage of job (MB)
	55636  -  ResidentSetSize of job (KB)
...
006 (407553.000.000) 2026-05-07 18:51:29 Image size of job updated: 362504
	55  -  MemoryUsage of job (MB)
	55636  -  ResidentSetSize of job (KB)
...
006 (407553.000.000) 2026-05-07 19:01:30 Image size of job updated: 559624
	246  -  MemoryUsage of job (MB)
	251884  -  ResidentSetSize of job (KB)
...
006 (407553.000.000) 2026-05-07 19:11:32 Image size of job updated: 559624
	256  -  MemoryUsage of job (MB)
	261408  -  ResidentSetSize of job (KB)
...
006 (407553.000.000) 2026-05-07 19:36:33 Image size of job updated: 562580
	256  -  MemoryUsage of job (MB)
	261408  -  ResidentSetSize of job (KB)
...
006 (407553.000.000) 2026-05-07 20:41:40 Image size of job updated: 563248
	256  -  MemoryUsage of job (MB)
	261408  -  ResidentSetSize of job (KB)
...
006 (407553.000.000) 2026-05-07 20:56:42 Image size of job updated: 565872
	256  -  MemoryUsage of job (MB)
	261408  -  ResidentSetSize of job (KB)
...
005 (407553.000.000) 2026-05-08 05:59:17 Job terminated.
	(1) Normal termination (return value 139)
		Usr 0 11:15:24, Sys 0 00:18:07  -  Run Remote Usage
		Usr 0 00:00:00, Sys 0 00:00:00  -  Run Local Usage
		Usr 0 11:15:24, Sys 0 00:18:07  -  Total Remote Usage
		Usr 0 00:00:00, Sys 0 00:00:00  -  Total Local Usage
	0  -  Run Bytes Sent By Job
	0  -  Run Bytes Received By Job
	0  -  Total Bytes Sent By Job
	0  -  Total Bytes Received By Job
	Partitionable Resources :    Usage  Request Allocated 
	   Cpus                 :     0.99        1         1 
	   Disk (KB)            :     1           1     29523 
	   Memory (MB)          :   256        1024      1024 

	Job terminated of its own accord at 2026-05-08T03:59:17Z with exit-code 139.
...
