000 (407580.000.000) 2026-05-07 18:21:16 Job submitted from host: <192.168.250.101:9618?addrs=192.168.250.101-9618&alias=hercules.hcms.it&noUDP&sock=schedd_3404051_6d7b>
...
001 (407580.000.000) 2026-05-08 05:59:49 Job executing on host: <192.168.250.112:9618?addrs=192.168.250.112-9618&alias=hercules02.hcms.it&noUDP&sock=startd_1261146_d63b>
	SlotName: slot81_1@hercules02.hcms.it
	CondorScratchDir = "/var/lib/condor/execute/dir_1346099"
	Cpus = 1
	Disk = 29523
	Memory = 1024
...
006 (407580.000.000) 2026-05-08 05:59:57 Image size of job updated: 53436
	47  -  MemoryUsage of job (MB)
	47980  -  ResidentSetSize of job (KB)
...
006 (407580.000.000) 2026-05-08 06:04:57 Image size of job updated: 354004
	47  -  MemoryUsage of job (MB)
	47980  -  ResidentSetSize of job (KB)
...
006 (407580.000.000) 2026-05-08 06:09:58 Image size of job updated: 354376
	49  -  MemoryUsage of job (MB)
	49852  -  ResidentSetSize of job (KB)
...
006 (407580.000.000) 2026-05-08 06:14:59 Image size of job updated: 356016
	49  -  MemoryUsage of job (MB)
	49872  -  ResidentSetSize of job (KB)
...
006 (407580.000.000) 2026-05-08 06:19:59 Image size of job updated: 356480
	49  -  MemoryUsage of job (MB)
	49892  -  ResidentSetSize of job (KB)
...
006 (407580.000.000) 2026-05-08 06:30:01 Image size of job updated: 356480
	49  -  MemoryUsage of job (MB)
	49916  -  ResidentSetSize of job (KB)
...
006 (407580.000.000) 2026-05-08 06:40:01 Image size of job updated: 356480
	49  -  MemoryUsage of job (MB)
	49948  -  ResidentSetSize of job (KB)
...
006 (407580.000.000) 2026-05-08 06:50:02 Image size of job updated: 357204
	49  -  MemoryUsage of job (MB)
	49960  -  ResidentSetSize of job (KB)
...
006 (407580.000.000) 2026-05-08 07:00:03 Image size of job updated: 357204
	49  -  MemoryUsage of job (MB)
	50088  -  ResidentSetSize of job (KB)
...
006 (407580.000.000) 2026-05-08 07:10:04 Image size of job updated: 357204
	50  -  MemoryUsage of job (MB)
	50212  -  ResidentSetSize of job (KB)
...
006 (407580.000.000) 2026-05-08 07:25:06 Image size of job updated: 360840
	52  -  MemoryUsage of job (MB)
	52836  -  ResidentSetSize of job (KB)
...
006 (407580.000.000) 2026-05-08 10:30:24 Image size of job updated: 360840
	54  -  MemoryUsage of job (MB)
	54400  -  ResidentSetSize of job (KB)
...
006 (407580.000.000) 2026-05-08 10:35:25 Image size of job updated: 360840
	55  -  MemoryUsage of job (MB)
	55932  -  ResidentSetSize of job (KB)
...
006 (407580.000.000) 2026-05-08 10:45:26 Image size of job updated: 360840
	55  -  MemoryUsage of job (MB)
	56084  -  ResidentSetSize of job (KB)
...
006 (407580.000.000) 2026-05-08 11:10:28 Image size of job updated: 360840
	56  -  MemoryUsage of job (MB)
	56364  -  ResidentSetSize of job (KB)
...
006 (407580.000.000) 2026-05-08 11:50:32 Image size of job updated: 360840
	164  -  MemoryUsage of job (MB)
	167748  -  ResidentSetSize of job (KB)
...
006 (407580.000.000) 2026-05-08 12:30:36 Image size of job updated: 365936
	164  -  MemoryUsage of job (MB)
	167748  -  ResidentSetSize of job (KB)
...
005 (407580.000.000) 2026-05-08 16:11:10 Job terminated.
	(1) Normal termination (return value 139)
		Usr 0 09:52:49, Sys 0 00:14:27  -  Run Remote Usage
		Usr 0 00:00:00, Sys 0 00:00:00  -  Run Local Usage
		Usr 0 09:52:49, Sys 0 00:14:27  -  Total Remote Usage
		Usr 0 00:00:00, Sys 0 00:00:00  -  Total Local Usage
	0  -  Run Bytes Sent By Job
	0  -  Run Bytes Received By Job
	0  -  Total Bytes Sent By Job
	0  -  Total Bytes Received By Job
	Partitionable Resources :    Usage  Request Allocated 
	   Cpus                 :     0.99        1         1 
	   Disk (KB)            :     1           1     29523 
	   Memory (MB)          :   164        1024      1024 

	Job terminated of its own accord at 2026-05-08T14:11:10Z with exit-code 139.
...
