000 (407813.000.000) 2026-05-07 18:21:23 Job submitted from host: <192.168.250.101:9618?addrs=192.168.250.101-9618&alias=hercules.hcms.it&noUDP&sock=schedd_3404051_6d7b>
...
001 (407813.000.000) 2026-05-09 02:41:12 Job executing on host: <192.168.250.112:9618?addrs=192.168.250.112-9618&alias=hercules02.hcms.it&noUDP&sock=startd_1261146_d63b>
	SlotName: slot30_1@hercules02.hcms.it
	CondorScratchDir = "/var/lib/condor/execute/dir_3675393"
	Cpus = 1
	Disk = 29523
	Memory = 1024
...
006 (407813.000.000) 2026-05-09 02:41:20 Image size of job updated: 53072
	52  -  MemoryUsage of job (MB)
	52748  -  ResidentSetSize of job (KB)
...
006 (407813.000.000) 2026-05-09 02:51:21 Image size of job updated: 357092
	52  -  MemoryUsage of job (MB)
	52748  -  ResidentSetSize of job (KB)
...
006 (407813.000.000) 2026-05-09 02:56:22 Image size of job updated: 357092
	53  -  MemoryUsage of job (MB)
	54172  -  ResidentSetSize of job (KB)
...
006 (407813.000.000) 2026-05-09 03:46:27 Image size of job updated: 359332
	54  -  MemoryUsage of job (MB)
	55216  -  ResidentSetSize of job (KB)
...
006 (407813.000.000) 2026-05-09 07:26:48 Image size of job updated: 359332
	55  -  MemoryUsage of job (MB)
	55564  -  ResidentSetSize of job (KB)
...
006 (407813.000.000) 2026-05-09 09:57:02 Image size of job updated: 361756
	55  -  MemoryUsage of job (MB)
	55564  -  ResidentSetSize of job (KB)
...
006 (407813.000.000) 2026-05-09 12:47:18 Image size of job updated: 363536
	55  -  MemoryUsage of job (MB)
	55564  -  ResidentSetSize of job (KB)
...
006 (407813.000.000) 2026-05-09 13:17:21 Image size of job updated: 363536
	55  -  MemoryUsage of job (MB)
	55992  -  ResidentSetSize of job (KB)
...
006 (407813.000.000) 2026-05-09 15:42:36 Image size of job updated: 363536
	55  -  MemoryUsage of job (MB)
	56180  -  ResidentSetSize of job (KB)
...
006 (407813.000.000) 2026-05-09 15:52:37 Image size of job updated: 363716
	55  -  MemoryUsage of job (MB)
	56180  -  ResidentSetSize of job (KB)
...
006 (407813.000.000) 2026-05-09 16:37:42 Image size of job updated: 363716
	134  -  MemoryUsage of job (MB)
	136636  -  ResidentSetSize of job (KB)
...
006 (407813.000.000) 2026-05-09 18:02:51 Image size of job updated: 365480
	134  -  MemoryUsage of job (MB)
	136636  -  ResidentSetSize of job (KB)
...
006 (407813.000.000) 2026-05-10 01:03:39 Image size of job updated: 668504
	352  -  MemoryUsage of job (MB)
	360000  -  ResidentSetSize of job (KB)
...
006 (407813.000.000) 2026-05-10 01:08:39 Image size of job updated: 670364
	352  -  MemoryUsage of job (MB)
	360000  -  ResidentSetSize of job (KB)
...
006 (407813.000.000) 2026-05-10 01:13:39 Image size of job updated: 670364
	355  -  MemoryUsage of job (MB)
	363120  -  ResidentSetSize of job (KB)
...
006 (407813.000.000) 2026-05-10 01:58:44 Image size of job updated: 670364
	355  -  MemoryUsage of job (MB)
	363124  -  ResidentSetSize of job (KB)
...
006 (407813.000.000) 2026-05-10 02:48:49 Image size of job updated: 670692
	355  -  MemoryUsage of job (MB)
	363124  -  ResidentSetSize of job (KB)
...
006 (407813.000.000) 2026-05-10 03:08:51 Image size of job updated: 670696
	356  -  MemoryUsage of job (MB)
	363924  -  ResidentSetSize of job (KB)
...
006 (407813.000.000) 2026-05-10 03:43:55 Image size of job updated: 670696
	357  -  MemoryUsage of job (MB)
	364924  -  ResidentSetSize of job (KB)
...
006 (407813.000.000) 2026-05-10 04:29:00 Image size of job updated: 671156
	357  -  MemoryUsage of job (MB)
	364924  -  ResidentSetSize of job (KB)
...
006 (407813.000.000) 2026-05-10 04:34:00 Image size of job updated: 671156
	361  -  MemoryUsage of job (MB)
	368892  -  ResidentSetSize of job (KB)
...
006 (407813.000.000) 2026-05-10 05:14:04 Image size of job updated: 672032
	361  -  MemoryUsage of job (MB)
	368892  -  ResidentSetSize of job (KB)
...
005 (407813.000.000) 2026-05-10 05:44:21 Job terminated.
	(1) Normal termination (return value 139)
		Usr 1 01:26:38, Sys 0 01:28:25  -  Run Remote Usage
		Usr 0 00:00:00, Sys 0 00:00:00  -  Run Local Usage
		Usr 1 01:26:38, Sys 0 01:28:25  -  Total Remote Usage
		Usr 0 00:00:00, Sys 0 00:00:00  -  Total Local Usage
	0  -  Run Bytes Sent By Job
	0  -  Run Bytes Received By Job
	0  -  Total Bytes Sent By Job
	0  -  Total Bytes Received By Job
	Partitionable Resources :    Usage  Request Allocated 
	   Cpus                 :     1.00        1         1 
	   Disk (KB)            :     1           1     29523 
	   Memory (MB)          :   361        1024      1024 

	Job terminated of its own accord at 2026-05-10T03:44:21Z with exit-code 139.
...
