000 (407703.000.000) 2026-05-07 18:21:19 Job submitted from host: <192.168.250.101:9618?addrs=192.168.250.101-9618&alias=hercules.hcms.it&noUDP&sock=schedd_3404051_6d7b>
...
001 (407703.000.000) 2026-05-08 19:59:01 Job executing on host: <192.168.250.112:9618?addrs=192.168.250.112-9618&alias=hercules02.hcms.it&noUDP&sock=startd_1261146_d63b>
	SlotName: slot77_1@hercules02.hcms.it
	CondorScratchDir = "/var/lib/condor/execute/dir_3051938"
	Cpus = 1
	Disk = 29523
	Memory = 1024
...
006 (407703.000.000) 2026-05-08 19:59:09 Image size of job updated: 55632
	47  -  MemoryUsage of job (MB)
	47680  -  ResidentSetSize of job (KB)
...
006 (407703.000.000) 2026-05-08 20:04:09 Image size of job updated: 55632
	48  -  MemoryUsage of job (MB)
	48736  -  ResidentSetSize of job (KB)
...
006 (407703.000.000) 2026-05-08 20:09:09 Image size of job updated: 356596
	48  -  MemoryUsage of job (MB)
	48736  -  ResidentSetSize of job (KB)
...
006 (407703.000.000) 2026-05-08 20:19:11 Image size of job updated: 356596
	48  -  MemoryUsage of job (MB)
	48840  -  ResidentSetSize of job (KB)
...
006 (407703.000.000) 2026-05-08 20:24:11 Image size of job updated: 356596
	50  -  MemoryUsage of job (MB)
	50204  -  ResidentSetSize of job (KB)
...
006 (407703.000.000) 2026-05-08 20:49:14 Image size of job updated: 360364
	50  -  MemoryUsage of job (MB)
	51124  -  ResidentSetSize of job (KB)
...
006 (407703.000.000) 2026-05-08 20:54:14 Image size of job updated: 360796
	50  -  MemoryUsage of job (MB)
	51124  -  ResidentSetSize of job (KB)
...
006 (407703.000.000) 2026-05-08 22:19:23 Image size of job updated: 360796
	57  -  MemoryUsage of job (MB)
	58056  -  ResidentSetSize of job (KB)
...
006 (407703.000.000) 2026-05-08 22:34:25 Image size of job updated: 360796
	58  -  MemoryUsage of job (MB)
	58808  -  ResidentSetSize of job (KB)
...
006 (407703.000.000) 2026-05-08 23:14:29 Image size of job updated: 362052
	58  -  MemoryUsage of job (MB)
	58808  -  ResidentSetSize of job (KB)
...
006 (407703.000.000) 2026-05-09 01:39:44 Image size of job updated: 363000
	58  -  MemoryUsage of job (MB)
	58808  -  ResidentSetSize of job (KB)
...
006 (407703.000.000) 2026-05-09 04:55:04 Image size of job updated: 363000
	160  -  MemoryUsage of job (MB)
	163268  -  ResidentSetSize of job (KB)
...
005 (407703.000.000) 2026-05-09 12:05:53 Job terminated.
	(1) Normal termination (return value 139)
		Usr 0 15:42:56, Sys 0 00:18:06  -  Run Remote Usage
		Usr 0 00:00:00, Sys 0 00:00:00  -  Run Local Usage
		Usr 0 15:42:56, Sys 0 00:18:06  -  Total Remote Usage
		Usr 0 00:00:00, Sys 0 00:00:00  -  Total Local Usage
	0  -  Run Bytes Sent By Job
	0  -  Run Bytes Received By Job
	0  -  Total Bytes Sent By Job
	0  -  Total Bytes Received By Job
	Partitionable Resources :    Usage  Request Allocated 
	   Cpus                 :     0.99        1         1 
	   Disk (KB)            :     1           1     29523 
	   Memory (MB)          :   160        1024      1024 

	Job terminated of its own accord at 2026-05-09T10:05:53Z with exit-code 139.
...
