000 (407607.000.000) 2026-05-07 18:21:17 Job submitted from host: <192.168.250.101:9618?addrs=192.168.250.101-9618&alias=hercules.hcms.it&noUDP&sock=schedd_3404051_6d7b>
...
001 (407607.000.000) 2026-05-08 12:01:53 Job executing on host: <192.168.250.23:9618?addrs=192.168.250.23-9618&alias=pccms13.hcms.it&noUDP&sock=startd_4182521_18e8>
	SlotName: slot49_1@pccms13.hcms.it
	CondorScratchDir = "/var/lib/condor/execute/dir_1689730"
	Cpus = 1
	Disk = 23466
	Memory = 1024
...
006 (407607.000.000) 2026-05-08 12:02:03 Image size of job updated: 39660
	39  -  MemoryUsage of job (MB)
	39276  -  ResidentSetSize of job (KB)
...
006 (407607.000.000) 2026-05-08 12:12:03 Image size of job updated: 325552
	39  -  MemoryUsage of job (MB)
	39276  -  ResidentSetSize of job (KB)
...
006 (407607.000.000) 2026-05-08 12:37:06 Image size of job updated: 326884
	39  -  MemoryUsage of job (MB)
	39276  -  ResidentSetSize of job (KB)
...
006 (407607.000.000) 2026-05-08 13:07:08 Image size of job updated: 326884
	39  -  MemoryUsage of job (MB)
	39308  -  ResidentSetSize of job (KB)
...
006 (407607.000.000) 2026-05-08 13:32:11 Image size of job updated: 330484
	39  -  MemoryUsage of job (MB)
	39308  -  ResidentSetSize of job (KB)
...
006 (407607.000.000) 2026-05-08 14:02:14 Image size of job updated: 331116
	39  -  MemoryUsage of job (MB)
	39308  -  ResidentSetSize of job (KB)
...
006 (407607.000.000) 2026-05-08 15:17:21 Image size of job updated: 331456
	39  -  MemoryUsage of job (MB)
	39308  -  ResidentSetSize of job (KB)
...
006 (407607.000.000) 2026-05-08 16:02:26 Image size of job updated: 332152
	39  -  MemoryUsage of job (MB)
	39412  -  ResidentSetSize of job (KB)
...
006 (407607.000.000) 2026-05-08 16:37:29 Image size of job updated: 332152
	39  -  MemoryUsage of job (MB)
	39864  -  ResidentSetSize of job (KB)
...
006 (407607.000.000) 2026-05-08 17:57:39 Image size of job updated: 332152
	40  -  MemoryUsage of job (MB)
	40680  -  ResidentSetSize of job (KB)
...
006 (407607.000.000) 2026-05-08 19:02:46 Image size of job updated: 332152
	42  -  MemoryUsage of job (MB)
	42284  -  ResidentSetSize of job (KB)
...
006 (407607.000.000) 2026-05-08 19:07:46 Image size of job updated: 335776
	48  -  MemoryUsage of job (MB)
	48584  -  ResidentSetSize of job (KB)
...
006 (407607.000.000) 2026-05-08 19:32:49 Image size of job updated: 339644
	48  -  MemoryUsage of job (MB)
	48692  -  ResidentSetSize of job (KB)
...
006 (407607.000.000) 2026-05-08 19:47:50 Image size of job updated: 339840
	49  -  MemoryUsage of job (MB)
	49256  -  ResidentSetSize of job (KB)
...
006 (407607.000.000) 2026-05-08 20:52:56 Image size of job updated: 339972
	49  -  MemoryUsage of job (MB)
	49256  -  ResidentSetSize of job (KB)
...
006 (407607.000.000) 2026-05-08 22:13:05 Image size of job updated: 345976
	49  -  MemoryUsage of job (MB)
	49256  -  ResidentSetSize of job (KB)
...
006 (407607.000.000) 2026-05-08 22:28:07 Image size of job updated: 345976
	49  -  MemoryUsage of job (MB)
	49572  -  ResidentSetSize of job (KB)
...
006 (407607.000.000) 2026-05-08 23:08:11 Image size of job updated: 345976
	49  -  MemoryUsage of job (MB)
	49920  -  ResidentSetSize of job (KB)
...
006 (407607.000.000) 2026-05-08 23:18:12 Image size of job updated: 345976
	333  -  MemoryUsage of job (MB)
	340400  -  ResidentSetSize of job (KB)
...
005 (407607.000.000) 2026-05-09 12:47:38 Job terminated.
	(1) Normal termination (return value 139)
		Usr 0 22:04:00, Sys 0 02:27:21  -  Run Remote Usage
		Usr 0 00:00:00, Sys 0 00:00:00  -  Run Local Usage
		Usr 0 22:04:00, Sys 0 02:27:21  -  Total Remote Usage
		Usr 0 00:00:00, Sys 0 00:00:00  -  Total Local Usage
	0  -  Run Bytes Sent By Job
	0  -  Run Bytes Received By Job
	0  -  Total Bytes Sent By Job
	0  -  Total Bytes Received By Job
	Partitionable Resources :    Usage  Request Allocated 
	   Cpus                 :     0.99        1         1 
	   Disk (KB)            :     1           1     23466 
	   Memory (MB)          :   333        1024      1024 

	Job terminated of its own accord at 2026-05-09T10:47:38Z with exit-code 139.
...
