000 (407707.000.000) 2026-05-07 18:21:20 Job submitted from host: <192.168.250.101:9618?addrs=192.168.250.101-9618&alias=hercules.hcms.it&noUDP&sock=schedd_3404051_6d7b>
...
001 (407707.000.000) 2026-05-08 20:09:00 Job executing on host: <192.168.250.102:9618?addrs=192.168.250.102-9618&alias=empire.hcms.it&noUDP&sock=startd_2716409_3615>
	SlotName: slot32_1@empire.hcms.it
	CondorScratchDir = "/var/lib/condor/execute/dir_2835069"
	Cpus = 1
	Disk = 22792
	Memory = 1024
...
006 (407707.000.000) 2026-05-08 20:09:09 Image size of job updated: 52940
	52  -  MemoryUsage of job (MB)
	52888  -  ResidentSetSize of job (KB)
...
006 (407707.000.000) 2026-05-08 20:14:09 Image size of job updated: 52996
	52  -  MemoryUsage of job (MB)
	52888  -  ResidentSetSize of job (KB)
...
006 (407707.000.000) 2026-05-08 20:24:10 Image size of job updated: 365648
	52  -  MemoryUsage of job (MB)
	53212  -  ResidentSetSize of job (KB)
...
006 (407707.000.000) 2026-05-08 21:14:15 Image size of job updated: 365648
	54  -  MemoryUsage of job (MB)
	54412  -  ResidentSetSize of job (KB)
...
006 (407707.000.000) 2026-05-08 21:49:19 Image size of job updated: 365648
	54  -  MemoryUsage of job (MB)
	54436  -  ResidentSetSize of job (KB)
...
006 (407707.000.000) 2026-05-09 01:24:41 Image size of job updated: 365648
	54  -  MemoryUsage of job (MB)
	54468  -  ResidentSetSize of job (KB)
...
006 (407707.000.000) 2026-05-09 01:29:41 Image size of job updated: 365648
	54  -  MemoryUsage of job (MB)
	54668  -  ResidentSetSize of job (KB)
...
006 (407707.000.000) 2026-05-09 02:29:47 Image size of job updated: 365648
	54  -  MemoryUsage of job (MB)
	54752  -  ResidentSetSize of job (KB)
...
006 (407707.000.000) 2026-05-09 04:30:00 Image size of job updated: 365648
	55  -  MemoryUsage of job (MB)
	55528  -  ResidentSetSize of job (KB)
...
006 (407707.000.000) 2026-05-09 14:10:59 Image size of job updated: 365648
	55  -  MemoryUsage of job (MB)
	55608  -  ResidentSetSize of job (KB)
...
006 (407707.000.000) 2026-05-09 15:46:10 Image size of job updated: 365648
	55  -  MemoryUsage of job (MB)
	55804  -  ResidentSetSize of job (KB)
...
006 (407707.000.000) 2026-05-09 18:01:24 Image size of job updated: 365744
	55  -  MemoryUsage of job (MB)
	56072  -  ResidentSetSize of job (KB)
...
006 (407707.000.000) 2026-05-09 20:06:36 Image size of job updated: 365744
	56  -  MemoryUsage of job (MB)
	56468  -  ResidentSetSize of job (KB)
...
006 (407707.000.000) 2026-05-09 22:01:47 Image size of job updated: 365744
	56  -  MemoryUsage of job (MB)
	56624  -  ResidentSetSize of job (KB)
...
006 (407707.000.000) 2026-05-09 22:26:49 Image size of job updated: 365744
	57  -  MemoryUsage of job (MB)
	57536  -  ResidentSetSize of job (KB)
...
006 (407707.000.000) 2026-05-09 22:46:51 Image size of job updated: 367760
	57  -  MemoryUsage of job (MB)
	57536  -  ResidentSetSize of job (KB)
...
006 (407707.000.000) 2026-05-10 00:27:01 Image size of job updated: 367760
	58  -  MemoryUsage of job (MB)
	58792  -  ResidentSetSize of job (KB)
...
005 (407707.000.000) 2026-05-10 01:35:46 Job terminated.
	(1) Normal termination (return value 139)
		Usr 1 04:08:03, Sys 0 01:06:51  -  Run Remote Usage
		Usr 0 00:00:00, Sys 0 00:00:00  -  Run Local Usage
		Usr 1 04:08:03, Sys 0 01:06:51  -  Total Remote Usage
		Usr 0 00:00:00, Sys 0 00:00:00  -  Total Local Usage
	0  -  Run Bytes Sent By Job
	0  -  Run Bytes Received By Job
	0  -  Total Bytes Sent By Job
	0  -  Total Bytes Received By Job
	Partitionable Resources :    Usage  Request Allocated 
	   Cpus                 :     0.99        1         1 
	   Disk (KB)            :     1           1     22792 
	   Memory (MB)          :    58        1024      1024 

	Job terminated of its own accord at 2026-05-09T23:35:46Z with exit-code 139.
...
