000 (407716.000.000) 2026-05-07 18:21:20 Job submitted from host: <192.168.250.101:9618?addrs=192.168.250.101-9618&alias=hercules.hcms.it&noUDP&sock=schedd_3404051_6d7b>
...
001 (407716.000.000) 2026-05-08 20:26:02 Job executing on host: <192.168.250.112:9618?addrs=192.168.250.112-9618&alias=hercules02.hcms.it&noUDP&sock=startd_1261146_d63b>
	SlotName: slot67_1@hercules02.hcms.it
	CondorScratchDir = "/var/lib/condor/execute/dir_3103659"
	Cpus = 1
	Disk = 29523
	Memory = 1024
...
006 (407716.000.000) 2026-05-08 20:26:10 Image size of job updated: 53100
	47  -  MemoryUsage of job (MB)
	47824  -  ResidentSetSize of job (KB)
...
006 (407716.000.000) 2026-05-08 20:31:10 Image size of job updated: 53468
	47  -  MemoryUsage of job (MB)
	47824  -  ResidentSetSize of job (KB)
...
006 (407716.000.000) 2026-05-08 20:46:12 Image size of job updated: 354956
	48  -  MemoryUsage of job (MB)
	48584  -  ResidentSetSize of job (KB)
...
006 (407716.000.000) 2026-05-08 21:06:13 Image size of job updated: 356188
	48  -  MemoryUsage of job (MB)
	48624  -  ResidentSetSize of job (KB)
...
006 (407716.000.000) 2026-05-08 21:26:16 Image size of job updated: 356188
	53  -  MemoryUsage of job (MB)
	53764  -  ResidentSetSize of job (KB)
...
006 (407716.000.000) 2026-05-08 23:56:31 Image size of job updated: 358760
	53  -  MemoryUsage of job (MB)
	53764  -  ResidentSetSize of job (KB)
...
006 (407716.000.000) 2026-05-09 03:31:54 Image size of job updated: 359956
	53  -  MemoryUsage of job (MB)
	53764  -  ResidentSetSize of job (KB)
...
006 (407716.000.000) 2026-05-09 05:07:04 Image size of job updated: 359956
	53  -  MemoryUsage of job (MB)
	53908  -  ResidentSetSize of job (KB)
...
006 (407716.000.000) 2026-05-09 06:52:14 Image size of job updated: 359956
	53  -  MemoryUsage of job (MB)
	54144  -  ResidentSetSize of job (KB)
...
006 (407716.000.000) 2026-05-09 08:17:22 Image size of job updated: 359956
	54  -  MemoryUsage of job (MB)
	54428  -  ResidentSetSize of job (KB)
...
006 (407716.000.000) 2026-05-09 08:52:26 Image size of job updated: 359956
	54  -  MemoryUsage of job (MB)
	54568  -  ResidentSetSize of job (KB)
...
006 (407716.000.000) 2026-05-09 11:02:39 Image size of job updated: 359956
	55  -  MemoryUsage of job (MB)
	55848  -  ResidentSetSize of job (KB)
...
005 (407716.000.000) 2026-05-09 11:41:23 Job terminated.
	(1) Normal termination (return value 139)
		Usr 0 14:53:36, Sys 0 00:16:25  -  Run Remote Usage
		Usr 0 00:00:00, Sys 0 00:00:00  -  Run Local Usage
		Usr 0 14:53:36, Sys 0 00:16:25  -  Total Remote Usage
		Usr 0 00:00:00, Sys 0 00:00:00  -  Total Local Usage
	0  -  Run Bytes Sent By Job
	0  -  Run Bytes Received By Job
	0  -  Total Bytes Sent By Job
	0  -  Total Bytes Received By Job
	Partitionable Resources :    Usage  Request Allocated 
	   Cpus                 :     0.99        1         1 
	   Disk (KB)            :     1           1     29523 
	   Memory (MB)          :    55        1024      1024 

	Job terminated of its own accord at 2026-05-09T09:41:23Z with exit-code 139.
...
