000 (407835.000.000) 2026-05-07 18:21:23 Job submitted from host: <192.168.250.101:9618?addrs=192.168.250.101-9618&alias=hercules.hcms.it&noUDP&sock=schedd_3404051_6d7b>
...
001 (407835.000.000) 2026-05-09 04:01:11 Job executing on host: <192.168.250.102:9618?addrs=192.168.250.102-9618&alias=empire.hcms.it&noUDP&sock=startd_2716409_3615>
	SlotName: slot93_1@empire.hcms.it
	CondorScratchDir = "/var/lib/condor/execute/dir_4011213"
	Cpus = 1
	Disk = 22792
	Memory = 1024
...
006 (407835.000.000) 2026-05-09 04:01:20 Image size of job updated: 53132
	52  -  MemoryUsage of job (MB)
	52884  -  ResidentSetSize of job (KB)
...
006 (407835.000.000) 2026-05-09 04:06:21 Image size of job updated: 53180
	52  -  MemoryUsage of job (MB)
	52884  -  ResidentSetSize of job (KB)
...
006 (407835.000.000) 2026-05-09 05:01:26 Image size of job updated: 242276
	237  -  MemoryUsage of job (MB)
	242032  -  ResidentSetSize of job (KB)
...
006 (407835.000.000) 2026-05-09 05:06:26 Image size of job updated: 354688
	237  -  MemoryUsage of job (MB)
	242032  -  ResidentSetSize of job (KB)
...
006 (407835.000.000) 2026-05-09 05:31:29 Image size of job updated: 357600
	237  -  MemoryUsage of job (MB)
	242032  -  ResidentSetSize of job (KB)
...
006 (407835.000.000) 2026-05-09 08:01:45 Image size of job updated: 359724
	237  -  MemoryUsage of job (MB)
	242032  -  ResidentSetSize of job (KB)
...
006 (407835.000.000) 2026-05-09 08:31:48 Image size of job updated: 360360
	237  -  MemoryUsage of job (MB)
	242032  -  ResidentSetSize of job (KB)
...
006 (407835.000.000) 2026-05-09 11:07:04 Image size of job updated: 360856
	237  -  MemoryUsage of job (MB)
	242032  -  ResidentSetSize of job (KB)
...
006 (407835.000.000) 2026-05-09 18:02:46 Image size of job updated: 361796
	237  -  MemoryUsage of job (MB)
	242032  -  ResidentSetSize of job (KB)
...
006 (407835.000.000) 2026-05-09 21:48:08 Image size of job updated: 362676
	237  -  MemoryUsage of job (MB)
	242032  -  ResidentSetSize of job (KB)
...
006 (407835.000.000) 2026-05-09 23:18:18 Image size of job updated: 362756
	237  -  MemoryUsage of job (MB)
	242032  -  ResidentSetSize of job (KB)
...
006 (407835.000.000) 2026-05-09 23:28:19 Image size of job updated: 363696
	237  -  MemoryUsage of job (MB)
	242032  -  ResidentSetSize of job (KB)
...
006 (407835.000.000) 2026-05-10 03:53:44 Image size of job updated: 363960
	237  -  MemoryUsage of job (MB)
	242032  -  ResidentSetSize of job (KB)
...
006 (407835.000.000) 2026-05-10 06:29:00 Image size of job updated: 364892
	237  -  MemoryUsage of job (MB)
	242032  -  ResidentSetSize of job (KB)
...
006 (407835.000.000) 2026-05-10 06:34:01 Image size of job updated: 366276
	237  -  MemoryUsage of job (MB)
	242032  -  ResidentSetSize of job (KB)
...
006 (407835.000.000) 2026-05-10 06:59:04 Image size of job updated: 366496
	237  -  MemoryUsage of job (MB)
	242032  -  ResidentSetSize of job (KB)
...
006 (407835.000.000) 2026-05-10 08:24:13 Image size of job updated: 367396
	237  -  MemoryUsage of job (MB)
	242032  -  ResidentSetSize of job (KB)
...
006 (407835.000.000) 2026-05-10 08:44:09 Image size of job updated: 367732
	237  -  MemoryUsage of job (MB)
	242032  -  ResidentSetSize of job (KB)
...
005 (407835.000.000) 2026-05-10 08:44:09 Job terminated.
	(1) Normal termination (return value 139)
		Usr 1 04:14:06, Sys 0 00:17:31  -  Run Remote Usage
		Usr 0 00:00:00, Sys 0 00:00:00  -  Run Local Usage
		Usr 1 04:14:06, Sys 0 00:17:31  -  Total Remote Usage
		Usr 0 00:00:00, Sys 0 00:00:00  -  Total Local Usage
	0  -  Run Bytes Sent By Job
	0  -  Run Bytes Received By Job
	0  -  Total Bytes Sent By Job
	0  -  Total Bytes Received By Job
	Partitionable Resources :    Usage  Request Allocated 
	   Cpus                 :     1.00        1         1 
	   Disk (KB)            :     1           1     22792 
	   Memory (MB)          :   237        1024      1024 

	Job terminated of its own accord at 2026-05-10T06:44:09Z with exit-code 139.
...
