000 (407821.000.000) 2026-05-07 18:21:23 Job submitted from host: <192.168.250.101:9618?addrs=192.168.250.101-9618&alias=hercules.hcms.it&noUDP&sock=schedd_3404051_6d7b>
...
001 (407821.000.000) 2026-05-09 03:21:11 Job executing on host: <192.168.250.102:9618?addrs=192.168.250.102-9618&alias=empire.hcms.it&noUDP&sock=startd_2716409_3615>
	SlotName: slot52_1@empire.hcms.it
	CondorScratchDir = "/var/lib/condor/execute/dir_3927204"
	Cpus = 1
	Disk = 22792
	Memory = 1024
...
006 (407821.000.000) 2026-05-09 03:21:20 Image size of job updated: 54848
	47  -  MemoryUsage of job (MB)
	47604  -  ResidentSetSize of job (KB)
...
006 (407821.000.000) 2026-05-09 03:26:21 Image size of job updated: 54868
	47  -  MemoryUsage of job (MB)
	47664  -  ResidentSetSize of job (KB)
...
006 (407821.000.000) 2026-05-09 03:31:21 Image size of job updated: 54868
	47  -  MemoryUsage of job (MB)
	47860  -  ResidentSetSize of job (KB)
...
006 (407821.000.000) 2026-05-09 04:01:24 Image size of job updated: 54868
	48  -  MemoryUsage of job (MB)
	48180  -  ResidentSetSize of job (KB)
...
006 (407821.000.000) 2026-05-09 04:06:24 Image size of job updated: 54868
	48  -  MemoryUsage of job (MB)
	48228  -  ResidentSetSize of job (KB)
...
006 (407821.000.000) 2026-05-09 04:21:26 Image size of job updated: 54868
	48  -  MemoryUsage of job (MB)
	48380  -  ResidentSetSize of job (KB)
...
006 (407821.000.000) 2026-05-09 04:26:27 Image size of job updated: 356576
	49  -  MemoryUsage of job (MB)
	49692  -  ResidentSetSize of job (KB)
...
006 (407821.000.000) 2026-05-09 04:51:29 Image size of job updated: 356576
	49  -  MemoryUsage of job (MB)
	50104  -  ResidentSetSize of job (KB)
...
006 (407821.000.000) 2026-05-09 05:16:32 Image size of job updated: 356576
	50  -  MemoryUsage of job (MB)
	50976  -  ResidentSetSize of job (KB)
...
006 (407821.000.000) 2026-05-09 05:21:33 Image size of job updated: 357916
	50  -  MemoryUsage of job (MB)
	50976  -  ResidentSetSize of job (KB)
...
006 (407821.000.000) 2026-05-09 06:16:38 Image size of job updated: 363468
	50  -  MemoryUsage of job (MB)
	50976  -  ResidentSetSize of job (KB)
...
006 (407821.000.000) 2026-05-09 07:21:45 Image size of job updated: 363468
	51  -  MemoryUsage of job (MB)
	51320  -  ResidentSetSize of job (KB)
...
006 (407821.000.000) 2026-05-09 07:26:45 Image size of job updated: 363468
	52  -  MemoryUsage of job (MB)
	52460  -  ResidentSetSize of job (KB)
...
006 (407821.000.000) 2026-05-09 08:16:49 Image size of job updated: 363468
	54  -  MemoryUsage of job (MB)
	55060  -  ResidentSetSize of job (KB)
...
006 (407821.000.000) 2026-05-09 09:41:59 Image size of job updated: 363468
	54  -  MemoryUsage of job (MB)
	55252  -  ResidentSetSize of job (KB)
...
006 (407821.000.000) 2026-05-09 11:47:12 Image size of job updated: 363468
	55  -  MemoryUsage of job (MB)
	55404  -  ResidentSetSize of job (KB)
...
006 (407821.000.000) 2026-05-09 12:47:18 Image size of job updated: 363468
	55  -  MemoryUsage of job (MB)
	55428  -  ResidentSetSize of job (KB)
...
006 (407821.000.000) 2026-05-09 14:17:27 Image size of job updated: 364196
	55  -  MemoryUsage of job (MB)
	55428  -  ResidentSetSize of job (KB)
...
006 (407821.000.000) 2026-05-09 16:52:43 Image size of job updated: 364196
	55  -  MemoryUsage of job (MB)
	55460  -  ResidentSetSize of job (KB)
...
006 (407821.000.000) 2026-05-09 17:52:48 Image size of job updated: 364196
	55  -  MemoryUsage of job (MB)
	55584  -  ResidentSetSize of job (KB)
...
006 (407821.000.000) 2026-05-09 21:43:13 Image size of job updated: 364196
	55  -  MemoryUsage of job (MB)
	55708  -  ResidentSetSize of job (KB)
...
006 (407821.000.000) 2026-05-09 22:13:16 Image size of job updated: 365028
	55  -  MemoryUsage of job (MB)
	55708  -  ResidentSetSize of job (KB)
...
006 (407821.000.000) 2026-05-09 23:38:26 Image size of job updated: 365264
	55  -  MemoryUsage of job (MB)
	55708  -  ResidentSetSize of job (KB)
...
006 (407821.000.000) 2026-05-10 00:28:32 Image size of job updated: 365264
	57  -  MemoryUsage of job (MB)
	57776  -  ResidentSetSize of job (KB)
...
006 (407821.000.000) 2026-05-10 01:38:40 Image size of job updated: 365956
	60  -  MemoryUsage of job (MB)
	60424  -  ResidentSetSize of job (KB)
...
005 (407821.000.000) 2026-05-10 07:56:23 Job terminated.
	(1) Normal termination (return value 139)
		Usr 1 04:07:05, Sys 0 00:16:40  -  Run Remote Usage
		Usr 0 00:00:00, Sys 0 00:00:00  -  Run Local Usage
		Usr 1 04:07:05, Sys 0 00:16:40  -  Total Remote Usage
		Usr 0 00:00:00, Sys 0 00:00:00  -  Total Local Usage
	0  -  Run Bytes Sent By Job
	0  -  Run Bytes Received By Job
	0  -  Total Bytes Sent By Job
	0  -  Total Bytes Received By Job
	Partitionable Resources :    Usage  Request Allocated 
	   Cpus                 :     1.00        1         1 
	   Disk (KB)            :     1           1     22792 
	   Memory (MB)          :    60        1024      1024 

	Job terminated of its own accord at 2026-05-10T05:56:23Z with exit-code 139.
...
