000 (407605.000.000) 2026-05-07 18:21:17 Job submitted from host: <192.168.250.101:9618?addrs=192.168.250.101-9618&alias=hercules.hcms.it&noUDP&sock=schedd_3404051_6d7b>
...
001 (407605.000.000) 2026-05-08 11:54:53 Job executing on host: <192.168.250.112:9618?addrs=192.168.250.112-9618&alias=hercules02.hcms.it&noUDP&sock=startd_1261146_d63b>
	SlotName: slot89_1@hercules02.hcms.it
	CondorScratchDir = "/var/lib/condor/execute/dir_1929083"
	Cpus = 1
	Disk = 29523
	Memory = 1024
...
006 (407605.000.000) 2026-05-08 11:55:02 Image size of job updated: 55744
	55  -  MemoryUsage of job (MB)
	55532  -  ResidentSetSize of job (KB)
...
006 (407605.000.000) 2026-05-08 12:00:03 Image size of job updated: 356328
	55  -  MemoryUsage of job (MB)
	55532  -  ResidentSetSize of job (KB)
...
006 (407605.000.000) 2026-05-08 12:15:04 Image size of job updated: 356572
	55  -  MemoryUsage of job (MB)
	55532  -  ResidentSetSize of job (KB)
...
006 (407605.000.000) 2026-05-08 12:25:04 Image size of job updated: 356572
	56  -  MemoryUsage of job (MB)
	56712  -  ResidentSetSize of job (KB)
...
006 (407605.000.000) 2026-05-08 12:35:06 Image size of job updated: 357536
	56  -  MemoryUsage of job (MB)
	56712  -  ResidentSetSize of job (KB)
...
006 (407605.000.000) 2026-05-08 13:00:08 Image size of job updated: 359916
	57  -  MemoryUsage of job (MB)
	58156  -  ResidentSetSize of job (KB)
...
006 (407605.000.000) 2026-05-08 13:20:10 Image size of job updated: 360104
	57  -  MemoryUsage of job (MB)
	58156  -  ResidentSetSize of job (KB)
...
006 (407605.000.000) 2026-05-08 14:10:15 Image size of job updated: 360388
	350  -  MemoryUsage of job (MB)
	357900  -  ResidentSetSize of job (KB)
...
006 (407605.000.000) 2026-05-08 14:25:17 Image size of job updated: 362780
	350  -  MemoryUsage of job (MB)
	357900  -  ResidentSetSize of job (KB)
...
006 (407605.000.000) 2026-05-08 16:05:27 Image size of job updated: 363220
	350  -  MemoryUsage of job (MB)
	357900  -  ResidentSetSize of job (KB)
...
006 (407605.000.000) 2026-05-08 17:10:34 Image size of job updated: 363724
	350  -  MemoryUsage of job (MB)
	357900  -  ResidentSetSize of job (KB)
...
006 (407605.000.000) 2026-05-08 18:30:41 Image size of job updated: 365220
	350  -  MemoryUsage of job (MB)
	357900  -  ResidentSetSize of job (KB)
...
005 (407605.000.000) 2026-05-09 04:03:20 Job terminated.
	(1) Normal termination (return value 139)
		Usr 0 14:28:00, Sys 0 01:31:58  -  Run Remote Usage
		Usr 0 00:00:00, Sys 0 00:00:00  -  Run Local Usage
		Usr 0 14:28:00, Sys 0 01:31:58  -  Total Remote Usage
		Usr 0 00:00:00, Sys 0 00:00:00  -  Total Local Usage
	0  -  Run Bytes Sent By Job
	0  -  Run Bytes Received By Job
	0  -  Total Bytes Sent By Job
	0  -  Total Bytes Received By Job
	Partitionable Resources :    Usage  Request Allocated 
	   Cpus                 :     0.99        1         1 
	   Disk (KB)            :     1           1     29523 
	   Memory (MB)          :   350        1024      1024 

	Job terminated of its own accord at 2026-05-09T02:03:20Z with exit-code 139.
...
