000 (407745.000.000) 2026-05-07 18:21:21 Job submitted from host: <192.168.250.101:9618?addrs=192.168.250.101-9618&alias=hercules.hcms.it&noUDP&sock=schedd_3404051_6d7b>
...
001 (407745.000.000) 2026-05-08 21:21:03 Job executing on host: <192.168.250.22:9618?addrs=192.168.250.22-9618&alias=pccms12.hcms.it&noUDP&sock=startd_3275093_f746>
	SlotName: slot49_1@pccms12.hcms.it
	CondorScratchDir = "/var/lib/condor/execute/dir_1913360"
	Cpus = 1
	Disk = 22134
	Memory = 1024
...
006 (407745.000.000) 2026-05-08 21:21:11 Image size of job updated: 37448
	37  -  MemoryUsage of job (MB)
	37144  -  ResidentSetSize of job (KB)
...
006 (407745.000.000) 2026-05-08 21:36:13 Image size of job updated: 326324
	39  -  MemoryUsage of job (MB)
	39932  -  ResidentSetSize of job (KB)
...
006 (407745.000.000) 2026-05-08 22:06:16 Image size of job updated: 329028
	39  -  MemoryUsage of job (MB)
	39932  -  ResidentSetSize of job (KB)
...
006 (407745.000.000) 2026-05-09 04:11:54 Image size of job updated: 329200
	39  -  MemoryUsage of job (MB)
	39932  -  ResidentSetSize of job (KB)
...
006 (407745.000.000) 2026-05-09 04:36:57 Image size of job updated: 329572
	39  -  MemoryUsage of job (MB)
	39932  -  ResidentSetSize of job (KB)
...
006 (407745.000.000) 2026-05-09 06:37:09 Image size of job updated: 330544
	39  -  MemoryUsage of job (MB)
	39932  -  ResidentSetSize of job (KB)
...
006 (407745.000.000) 2026-05-09 06:42:10 Image size of job updated: 333200
	39  -  MemoryUsage of job (MB)
	39932  -  ResidentSetSize of job (KB)
...
006 (407745.000.000) 2026-05-09 09:42:30 Image size of job updated: 333200
	40  -  MemoryUsage of job (MB)
	40328  -  ResidentSetSize of job (KB)
...
006 (407745.000.000) 2026-05-09 09:47:30 Image size of job updated: 333200
	40  -  MemoryUsage of job (MB)
	40760  -  ResidentSetSize of job (KB)
...
006 (407745.000.000) 2026-05-09 10:52:38 Image size of job updated: 336120
	40  -  MemoryUsage of job (MB)
	40760  -  ResidentSetSize of job (KB)
...
006 (407745.000.000) 2026-05-09 15:53:10 Image size of job updated: 336120
	42  -  MemoryUsage of job (MB)
	42388  -  ResidentSetSize of job (KB)
...
006 (407745.000.000) 2026-05-09 19:38:33 Image size of job updated: 339280
	42  -  MemoryUsage of job (MB)
	42388  -  ResidentSetSize of job (KB)
...
006 (407745.000.000) 2026-05-09 19:53:34 Image size of job updated: 340412
	42  -  MemoryUsage of job (MB)
	42388  -  ResidentSetSize of job (KB)
...
006 (407745.000.000) 2026-05-09 21:43:45 Image size of job updated: 342960
	42  -  MemoryUsage of job (MB)
	42388  -  ResidentSetSize of job (KB)
...
006 (407745.000.000) 2026-05-09 22:43:51 Image size of job updated: 342960
	127  -  MemoryUsage of job (MB)
	129700  -  ResidentSetSize of job (KB)
...
005 (407745.000.000) 2026-05-09 22:43:51 Job terminated.
	(1) Normal termination (return value 139)
		Usr 1 00:44:34, Sys 0 00:27:11  -  Run Remote Usage
		Usr 0 00:00:00, Sys 0 00:00:00  -  Run Local Usage
		Usr 1 00:44:34, Sys 0 00:27:11  -  Total Remote Usage
		Usr 0 00:00:00, Sys 0 00:00:00  -  Total Local Usage
	0  -  Run Bytes Sent By Job
	0  -  Run Bytes Received By Job
	0  -  Total Bytes Sent By Job
	0  -  Total Bytes Received By Job
	Partitionable Resources :    Usage  Request Allocated 
	   Cpus                 :     0.99        1         1 
	   Disk (KB)            :     1           1     22134 
	   Memory (MB)          :   127        1024      1024 

	Job terminated of its own accord at 2026-05-09T20:43:51Z with exit-code 139.
...
