000 (407590.000.000) 2026-05-07 18:21:17 Job submitted from host: <192.168.250.101:9618?addrs=192.168.250.101-9618&alias=hercules.hcms.it&noUDP&sock=schedd_3404051_6d7b>
...
001 (407590.000.000) 2026-05-08 09:53:51 Job executing on host: <192.168.250.22:9618?addrs=192.168.250.22-9618&alias=pccms12.hcms.it&noUDP&sock=startd_3275093_f746>
	SlotName: slot14_1@pccms12.hcms.it
	CondorScratchDir = "/var/lib/condor/execute/dir_960643"
	Cpus = 1
	Disk = 22134
	Memory = 1024
...
006 (407590.000.000) 2026-05-08 09:54:00 Image size of job updated: 50108
	49  -  MemoryUsage of job (MB)
	49764  -  ResidentSetSize of job (KB)
...
006 (407590.000.000) 2026-05-08 10:04:01 Image size of job updated: 334016
	49  -  MemoryUsage of job (MB)
	49764  -  ResidentSetSize of job (KB)
...
006 (407590.000.000) 2026-05-08 10:09:01 Image size of job updated: 336812
	49  -  MemoryUsage of job (MB)
	49764  -  ResidentSetSize of job (KB)
...
006 (407590.000.000) 2026-05-08 10:39:05 Image size of job updated: 340028
	49  -  MemoryUsage of job (MB)
	49764  -  ResidentSetSize of job (KB)
...
006 (407590.000.000) 2026-05-08 11:14:08 Image size of job updated: 340356
	49  -  MemoryUsage of job (MB)
	49764  -  ResidentSetSize of job (KB)
...
006 (407590.000.000) 2026-05-08 13:09:20 Image size of job updated: 340356
	49  -  MemoryUsage of job (MB)
	50044  -  ResidentSetSize of job (KB)
...
006 (407590.000.000) 2026-05-08 14:39:30 Image size of job updated: 340356
	224  -  MemoryUsage of job (MB)
	229128  -  ResidentSetSize of job (KB)
...
006 (407590.000.000) 2026-05-08 16:04:39 Image size of job updated: 341392
	224  -  MemoryUsage of job (MB)
	229128  -  ResidentSetSize of job (KB)
...
006 (407590.000.000) 2026-05-08 18:55:00 Image size of job updated: 341620
	224  -  MemoryUsage of job (MB)
	229128  -  ResidentSetSize of job (KB)
...
006 (407590.000.000) 2026-05-08 20:05:07 Image size of job updated: 345008
	224  -  MemoryUsage of job (MB)
	229128  -  ResidentSetSize of job (KB)
...
005 (407590.000.000) 2026-05-09 10:13:20 Job terminated.
	(1) Normal termination (return value 139)
		Usr 0 21:39:21, Sys 0 02:26:02  -  Run Remote Usage
		Usr 0 00:00:00, Sys 0 00:00:00  -  Run Local Usage
		Usr 0 21:39:21, Sys 0 02:26:02  -  Total Remote Usage
		Usr 0 00:00:00, Sys 0 00:00:00  -  Total Local Usage
	0  -  Run Bytes Sent By Job
	0  -  Run Bytes Received By Job
	0  -  Total Bytes Sent By Job
	0  -  Total Bytes Received By Job
	Partitionable Resources :    Usage  Request Allocated 
	   Cpus                 :     0.99        1         1 
	   Disk (KB)            :     1           1     22134 
	   Memory (MB)          :   224        1024      1024 

	Job terminated of its own accord at 2026-05-09T08:13:20Z with exit-code 139.
...
