000 (407694.000.000) 2026-05-07 18:21:19 Job submitted from host: <192.168.250.101:9618?addrs=192.168.250.101-9618&alias=hercules.hcms.it&noUDP&sock=schedd_3404051_6d7b>
...
001 (407694.000.000) 2026-05-08 19:31:00 Job executing on host: <192.168.250.112:9618?addrs=192.168.250.112-9618&alias=hercules02.hcms.it&noUDP&sock=startd_1261146_d63b>
	SlotName: slot51_1@hercules02.hcms.it
	CondorScratchDir = "/var/lib/condor/execute/dir_3001143"
	Cpus = 1
	Disk = 29523
	Memory = 1024
...
006 (407694.000.000) 2026-05-08 19:31:08 Image size of job updated: 65120
	64  -  MemoryUsage of job (MB)
	64712  -  ResidentSetSize of job (KB)
...
006 (407694.000.000) 2026-05-08 19:36:08 Image size of job updated: 66828
	64  -  MemoryUsage of job (MB)
	64764  -  ResidentSetSize of job (KB)
...
006 (407694.000.000) 2026-05-08 20:16:13 Image size of job updated: 364948
	64  -  MemoryUsage of job (MB)
	64764  -  ResidentSetSize of job (KB)
...
006 (407694.000.000) 2026-05-08 20:21:13 Image size of job updated: 364948
	64  -  MemoryUsage of job (MB)
	65360  -  ResidentSetSize of job (KB)
...
006 (407694.000.000) 2026-05-08 20:51:16 Image size of job updated: 368452
	64  -  MemoryUsage of job (MB)
	65360  -  ResidentSetSize of job (KB)
...
006 (407694.000.000) 2026-05-08 20:56:16 Image size of job updated: 368452
	65  -  MemoryUsage of job (MB)
	66552  -  ResidentSetSize of job (KB)
...
006 (407694.000.000) 2026-05-09 10:42:43 Image size of job updated: 368452
	158  -  MemoryUsage of job (MB)
	161328  -  ResidentSetSize of job (KB)
...
006 (407694.000.000) 2026-05-09 10:47:44 Image size of job updated: 368452
	161  -  MemoryUsage of job (MB)
	164400  -  ResidentSetSize of job (KB)
...
005 (407694.000.000) 2026-05-09 15:18:07 Job terminated.
	(1) Normal termination (return value 139)
		Usr 0 18:07:13, Sys 0 01:33:12  -  Run Remote Usage
		Usr 0 00:00:00, Sys 0 00:00:00  -  Run Local Usage
		Usr 0 18:07:13, Sys 0 01:33:12  -  Total Remote Usage
		Usr 0 00:00:00, Sys 0 00:00:00  -  Total Local Usage
	0  -  Run Bytes Sent By Job
	0  -  Run Bytes Received By Job
	0  -  Total Bytes Sent By Job
	0  -  Total Bytes Received By Job
	Partitionable Resources :    Usage  Request Allocated 
	   Cpus                 :     0.99        1         1 
	   Disk (KB)            :     1           1     29523 
	   Memory (MB)          :   161        1024      1024 

	Job terminated of its own accord at 2026-05-09T13:18:07Z with exit-code 139.
...
