000 (407737.000.000) 2026-05-07 18:21:21 Job submitted from host: <192.168.250.101:9618?addrs=192.168.250.101-9618&alias=hercules.hcms.it&noUDP&sock=schedd_3404051_6d7b>
...
001 (407737.000.000) 2026-05-08 21:08:03 Job executing on host: <192.168.250.102:9618?addrs=192.168.250.102-9618&alias=empire.hcms.it&noUDP&sock=startd_2716409_3615>
	SlotName: slot3_1@empire.hcms.it
	CondorScratchDir = "/var/lib/condor/execute/dir_2999383"
	Cpus = 1
	Disk = 22792
	Memory = 1024
...
006 (407737.000.000) 2026-05-08 21:08:11 Image size of job updated: 54796
	52  -  MemoryUsage of job (MB)
	52760  -  ResidentSetSize of job (KB)
...
006 (407737.000.000) 2026-05-08 21:48:15 Image size of job updated: 360292
	52  -  MemoryUsage of job (MB)
	52760  -  ResidentSetSize of job (KB)
...
006 (407737.000.000) 2026-05-08 22:33:20 Image size of job updated: 362216
	52  -  MemoryUsage of job (MB)
	52760  -  ResidentSetSize of job (KB)
...
006 (407737.000.000) 2026-05-08 23:13:24 Image size of job updated: 362216
	56  -  MemoryUsage of job (MB)
	56696  -  ResidentSetSize of job (KB)
...
006 (407737.000.000) 2026-05-08 23:38:27 Image size of job updated: 362216
	56  -  MemoryUsage of job (MB)
	57264  -  ResidentSetSize of job (KB)
...
006 (407737.000.000) 2026-05-09 00:38:33 Image size of job updated: 362216
	106  -  MemoryUsage of job (MB)
	107860  -  ResidentSetSize of job (KB)
...
006 (407737.000.000) 2026-05-09 03:08:50 Image size of job updated: 365820
	106  -  MemoryUsage of job (MB)
	107860  -  ResidentSetSize of job (KB)
...
006 (407737.000.000) 2026-05-09 08:29:25 Image size of job updated: 666068
	348  -  MemoryUsage of job (MB)
	356352  -  ResidentSetSize of job (KB)
...
006 (407737.000.000) 2026-05-09 08:34:25 Image size of job updated: 666068
	350  -  MemoryUsage of job (MB)
	357664  -  ResidentSetSize of job (KB)
...
006 (407737.000.000) 2026-05-09 08:39:26 Image size of job updated: 667996
	350  -  MemoryUsage of job (MB)
	357664  -  ResidentSetSize of job (KB)
...
006 (407737.000.000) 2026-05-09 08:44:27 Image size of job updated: 667996
	354  -  MemoryUsage of job (MB)
	361588  -  ResidentSetSize of job (KB)
...
006 (407737.000.000) 2026-05-09 09:19:31 Image size of job updated: 668596
	354  -  MemoryUsage of job (MB)
	361588  -  ResidentSetSize of job (KB)
...
006 (407737.000.000) 2026-05-09 09:59:34 Image size of job updated: 669452
	354  -  MemoryUsage of job (MB)
	361636  -  ResidentSetSize of job (KB)
...
006 (407737.000.000) 2026-05-09 10:04:35 Image size of job updated: 669452
	354  -  MemoryUsage of job (MB)
	361852  -  ResidentSetSize of job (KB)
...
006 (407737.000.000) 2026-05-09 10:24:37 Image size of job updated: 670316
	354  -  MemoryUsage of job (MB)
	361852  -  ResidentSetSize of job (KB)
...
006 (407737.000.000) 2026-05-09 11:04:42 Image size of job updated: 670700
	354  -  MemoryUsage of job (MB)
	361852  -  ResidentSetSize of job (KB)
...
006 (407737.000.000) 2026-05-09 12:24:50 Image size of job updated: 670700
	354  -  MemoryUsage of job (MB)
	362004  -  ResidentSetSize of job (KB)
...
005 (407737.000.000) 2026-05-10 02:26:10 Job terminated.
	(1) Normal termination (return value 139)
		Usr 1 03:56:12, Sys 0 01:09:33  -  Run Remote Usage
		Usr 0 00:00:00, Sys 0 00:00:00  -  Run Local Usage
		Usr 1 03:56:12, Sys 0 01:09:33  -  Total Remote Usage
		Usr 0 00:00:00, Sys 0 00:00:00  -  Total Local Usage
	0  -  Run Bytes Sent By Job
	0  -  Run Bytes Received By Job
	0  -  Total Bytes Sent By Job
	0  -  Total Bytes Received By Job
	Partitionable Resources :    Usage  Request Allocated 
	   Cpus                 :     0.99        1         1 
	   Disk (KB)            :     1           1     22792 
	   Memory (MB)          :   354        1024      1024 

	Job terminated of its own accord at 2026-05-10T00:26:10Z with exit-code 139.
...
