000 (407611.000.000) 2026-05-07 18:21:17 Job submitted from host: <192.168.250.101:9618?addrs=192.168.250.101-9618&alias=hercules.hcms.it&noUDP&sock=schedd_3404051_6d7b>
...
001 (407611.000.000) 2026-05-08 12:15:53 Job executing on host: <192.168.250.22:9618?addrs=192.168.250.22-9618&alias=pccms12.hcms.it&noUDP&sock=startd_3275093_f746>
	SlotName: slot30_1@pccms12.hcms.it
	CondorScratchDir = "/var/lib/condor/execute/dir_1143145"
	Cpus = 1
	Disk = 22134
	Memory = 1024
...
006 (407611.000.000) 2026-05-08 12:16:02 Image size of job updated: 37436
	31  -  MemoryUsage of job (MB)
	31528  -  ResidentSetSize of job (KB)
...
006 (407611.000.000) 2026-05-08 12:21:03 Image size of job updated: 325936
	33  -  MemoryUsage of job (MB)
	33044  -  ResidentSetSize of job (KB)
...
006 (407611.000.000) 2026-05-08 12:31:04 Image size of job updated: 328212
	34  -  MemoryUsage of job (MB)
	34504  -  ResidentSetSize of job (KB)
...
006 (407611.000.000) 2026-05-08 12:46:05 Image size of job updated: 329824
	34  -  MemoryUsage of job (MB)
	34688  -  ResidentSetSize of job (KB)
...
006 (407611.000.000) 2026-05-08 13:01:07 Image size of job updated: 329824
	35  -  MemoryUsage of job (MB)
	35156  -  ResidentSetSize of job (KB)
...
006 (407611.000.000) 2026-05-08 13:46:12 Image size of job updated: 330000
	35  -  MemoryUsage of job (MB)
	35800  -  ResidentSetSize of job (KB)
...
006 (407611.000.000) 2026-05-08 13:51:12 Image size of job updated: 330000
	216  -  MemoryUsage of job (MB)
	220248  -  ResidentSetSize of job (KB)
...
006 (407611.000.000) 2026-05-08 13:56:12 Image size of job updated: 331096
	216  -  MemoryUsage of job (MB)
	220248  -  ResidentSetSize of job (KB)
...
006 (407611.000.000) 2026-05-08 15:41:23 Image size of job updated: 332220
	216  -  MemoryUsage of job (MB)
	220248  -  ResidentSetSize of job (KB)
...
006 (407611.000.000) 2026-05-08 18:46:44 Image size of job updated: 334828
	216  -  MemoryUsage of job (MB)
	220248  -  ResidentSetSize of job (KB)
...
006 (407611.000.000) 2026-05-08 19:01:45 Image size of job updated: 631760
	333  -  MemoryUsage of job (MB)
	340376  -  ResidentSetSize of job (KB)
...
006 (407611.000.000) 2026-05-08 19:06:45 Image size of job updated: 631760
	334  -  MemoryUsage of job (MB)
	341440  -  ResidentSetSize of job (KB)
...
006 (407611.000.000) 2026-05-08 19:11:45 Image size of job updated: 633572
	334  -  MemoryUsage of job (MB)
	341440  -  ResidentSetSize of job (KB)
...
006 (407611.000.000) 2026-05-08 19:36:49 Image size of job updated: 640452
	334  -  MemoryUsage of job (MB)
	341440  -  ResidentSetSize of job (KB)
...
006 (407611.000.000) 2026-05-08 20:51:55 Image size of job updated: 640452
	334  -  MemoryUsage of job (MB)
	341560  -  ResidentSetSize of job (KB)
...
006 (407611.000.000) 2026-05-08 21:32:00 Image size of job updated: 640452
	334  -  MemoryUsage of job (MB)
	341616  -  ResidentSetSize of job (KB)
...
006 (407611.000.000) 2026-05-08 22:17:04 Image size of job updated: 640452
	335  -  MemoryUsage of job (MB)
	342176  -  ResidentSetSize of job (KB)
...
006 (407611.000.000) 2026-05-09 00:22:18 Image size of job updated: 640452
	421  -  MemoryUsage of job (MB)
	430996  -  ResidentSetSize of job (KB)
...
006 (407611.000.000) 2026-05-09 00:27:18 Image size of job updated: 640452
	422  -  MemoryUsage of job (MB)
	431252  -  ResidentSetSize of job (KB)
...
005 (407611.000.000) 2026-05-09 05:59:39 Job terminated.
	(1) Normal termination (return value 139)
		Usr 0 17:12:23, Sys 0 00:21:56  -  Run Remote Usage
		Usr 0 00:00:00, Sys 0 00:00:00  -  Run Local Usage
		Usr 0 17:12:23, Sys 0 00:21:56  -  Total Remote Usage
		Usr 0 00:00:00, Sys 0 00:00:00  -  Total Local Usage
	0  -  Run Bytes Sent By Job
	0  -  Run Bytes Received By Job
	0  -  Total Bytes Sent By Job
	0  -  Total Bytes Received By Job
	Partitionable Resources :    Usage  Request Allocated 
	   Cpus                 :     0.99        1         1 
	   Disk (KB)            :     1           1     22134 
	   Memory (MB)          :   422        1024      1024 

	Job terminated of its own accord at 2026-05-09T03:59:39Z with exit-code 139.
...
