000 (407637.000.000) 2026-05-07 18:21:18 Job submitted from host: <192.168.250.101:9618?addrs=192.168.250.101-9618&alias=hercules.hcms.it&noUDP&sock=schedd_3404051_6d7b>
...
001 (407637.000.000) 2026-05-08 13:49:53 Job executing on host: <192.168.250.112:9618?addrs=192.168.250.112-9618&alias=hercules02.hcms.it&noUDP&sock=startd_1261146_d63b>
	SlotName: slot63_1@hercules02.hcms.it
	CondorScratchDir = "/var/lib/condor/execute/dir_2183190"
	Cpus = 1
	Disk = 29523
	Memory = 1024
...
006 (407637.000.000) 2026-05-08 13:50:03 Image size of job updated: 56692
	55  -  MemoryUsage of job (MB)
	55880  -  ResidentSetSize of job (KB)
...
006 (407637.000.000) 2026-05-08 14:05:04 Image size of job updated: 356468
	57  -  MemoryUsage of job (MB)
	57536  -  ResidentSetSize of job (KB)
...
006 (407637.000.000) 2026-05-08 14:15:05 Image size of job updated: 356568
	57  -  MemoryUsage of job (MB)
	57536  -  ResidentSetSize of job (KB)
...
006 (407637.000.000) 2026-05-08 15:05:10 Image size of job updated: 360520
	57  -  MemoryUsage of job (MB)
	57536  -  ResidentSetSize of job (KB)
...
006 (407637.000.000) 2026-05-08 15:40:13 Image size of job updated: 366168
	57  -  MemoryUsage of job (MB)
	57536  -  ResidentSetSize of job (KB)
...
006 (407637.000.000) 2026-05-08 16:25:18 Image size of job updated: 366168
	58  -  MemoryUsage of job (MB)
	59092  -  ResidentSetSize of job (KB)
...
006 (407637.000.000) 2026-05-09 03:56:30 Image size of job updated: 366168
	59  -  MemoryUsage of job (MB)
	59860  -  ResidentSetSize of job (KB)
...
006 (407637.000.000) 2026-05-09 07:01:50 Image size of job updated: 660272
	348  -  MemoryUsage of job (MB)
	356284  -  ResidentSetSize of job (KB)
...
006 (407637.000.000) 2026-05-09 07:21:53 Image size of job updated: 664332
	356  -  MemoryUsage of job (MB)
	363944  -  ResidentSetSize of job (KB)
...
006 (407637.000.000) 2026-05-09 07:47:30 Image size of job updated: 664696
	356  -  MemoryUsage of job (MB)
	363944  -  ResidentSetSize of job (KB)
...
005 (407637.000.000) 2026-05-09 07:47:30 Job terminated.
	(1) Normal termination (return value 139)
		Usr 0 16:16:09, Sys 0 01:32:21  -  Run Remote Usage
		Usr 0 00:00:00, Sys 0 00:00:00  -  Run Local Usage
		Usr 0 16:16:09, Sys 0 01:32:21  -  Total Remote Usage
		Usr 0 00:00:00, Sys 0 00:00:00  -  Total Local Usage
	0  -  Run Bytes Sent By Job
	0  -  Run Bytes Received By Job
	0  -  Total Bytes Sent By Job
	0  -  Total Bytes Received By Job
	Partitionable Resources :    Usage  Request Allocated 
	   Cpus                 :     0.99        1         1 
	   Disk (KB)            :     1           1     29523 
	   Memory (MB)          :   356        1024      1024 

	Job terminated of its own accord at 2026-05-09T05:47:30Z with exit-code 139.
...
