000 (407480.000.000) 2026-05-07 18:21:14 Job submitted from host: <192.168.250.101:9618?addrs=192.168.250.101-9618&alias=hercules.hcms.it&noUDP&sock=schedd_3404051_6d7b>
...
001 (407480.000.000) 2026-05-07 18:21:19 Job executing on host: <192.168.250.112:9618?addrs=192.168.250.112-9618&alias=hercules02.hcms.it&noUDP&sock=startd_1261146_d63b>
	SlotName: slot6_1@hercules02.hcms.it
	CondorScratchDir = "/var/lib/condor/execute/dir_3900914"
	Cpus = 1
	Disk = 29523
	Memory = 1024
...
006 (407480.000.000) 2026-05-07 18:21:27 Image size of job updated: 57524
	47  -  MemoryUsage of job (MB)
	47828  -  ResidentSetSize of job (KB)
...
006 (407480.000.000) 2026-05-07 18:41:29 Image size of job updated: 57524
	48  -  MemoryUsage of job (MB)
	48180  -  ResidentSetSize of job (KB)
...
006 (407480.000.000) 2026-05-07 18:46:29 Image size of job updated: 57524
	48  -  MemoryUsage of job (MB)
	48240  -  ResidentSetSize of job (KB)
...
006 (407480.000.000) 2026-05-07 19:01:31 Image size of job updated: 355512
	48  -  MemoryUsage of job (MB)
	48240  -  ResidentSetSize of job (KB)
...
006 (407480.000.000) 2026-05-07 19:46:36 Image size of job updated: 355512
	48  -  MemoryUsage of job (MB)
	48368  -  ResidentSetSize of job (KB)
...
006 (407480.000.000) 2026-05-07 19:56:37 Image size of job updated: 355760
	48  -  MemoryUsage of job (MB)
	48368  -  ResidentSetSize of job (KB)
...
006 (407480.000.000) 2026-05-07 20:21:39 Image size of job updated: 358580
	48  -  MemoryUsage of job (MB)
	48532  -  ResidentSetSize of job (KB)
...
006 (407480.000.000) 2026-05-07 20:26:39 Image size of job updated: 358580
	49  -  MemoryUsage of job (MB)
	49476  -  ResidentSetSize of job (KB)
...
006 (407480.000.000) 2026-05-07 22:16:51 Image size of job updated: 358580
	56  -  MemoryUsage of job (MB)
	56340  -  ResidentSetSize of job (KB)
...
006 (407480.000.000) 2026-05-07 23:11:56 Image size of job updated: 358580
	56  -  MemoryUsage of job (MB)
	56552  -  ResidentSetSize of job (KB)
...
006 (407480.000.000) 2026-05-07 23:46:59 Image size of job updated: 358580
	56  -  MemoryUsage of job (MB)
	56692  -  ResidentSetSize of job (KB)
...
006 (407480.000.000) 2026-05-08 03:02:21 Image size of job updated: 358580
	56  -  MemoryUsage of job (MB)
	56752  -  ResidentSetSize of job (KB)
...
006 (407480.000.000) 2026-05-08 03:17:22 Image size of job updated: 358580
	56  -  MemoryUsage of job (MB)
	56852  -  ResidentSetSize of job (KB)
...
006 (407480.000.000) 2026-05-08 04:22:29 Image size of job updated: 358768
	57  -  MemoryUsage of job (MB)
	57908  -  ResidentSetSize of job (KB)
...
006 (407480.000.000) 2026-05-08 04:32:30 Image size of job updated: 358768
	57  -  MemoryUsage of job (MB)
	57956  -  ResidentSetSize of job (KB)
...
006 (407480.000.000) 2026-05-08 04:37:31 Image size of job updated: 358768
	57  -  MemoryUsage of job (MB)
	57996  -  ResidentSetSize of job (KB)
...
006 (407480.000.000) 2026-05-08 04:42:31 Image size of job updated: 358768
	57  -  MemoryUsage of job (MB)
	58124  -  ResidentSetSize of job (KB)
...
006 (407480.000.000) 2026-05-08 04:52:32 Image size of job updated: 358768
	58  -  MemoryUsage of job (MB)
	58560  -  ResidentSetSize of job (KB)
...
006 (407480.000.000) 2026-05-08 05:17:34 Image size of job updated: 358768
	58  -  MemoryUsage of job (MB)
	58884  -  ResidentSetSize of job (KB)
...
006 (407480.000.000) 2026-05-08 06:12:40 Image size of job updated: 358768
	59  -  MemoryUsage of job (MB)
	59864  -  ResidentSetSize of job (KB)
...
006 (407480.000.000) 2026-05-08 07:42:50 Image size of job updated: 358768
	61  -  MemoryUsage of job (MB)
	61944  -  ResidentSetSize of job (KB)
...
006 (407480.000.000) 2026-05-08 07:52:51 Image size of job updated: 358768
	61  -  MemoryUsage of job (MB)
	62156  -  ResidentSetSize of job (KB)
...
006 (407480.000.000) 2026-05-08 10:18:06 Image size of job updated: 358768
	61  -  MemoryUsage of job (MB)
	62344  -  ResidentSetSize of job (KB)
...
006 (407480.000.000) 2026-05-08 11:03:12 Image size of job updated: 358768
	65  -  MemoryUsage of job (MB)
	65896  -  ResidentSetSize of job (KB)
...
006 (407480.000.000) 2026-05-08 11:13:13 Image size of job updated: 358768
	65  -  MemoryUsage of job (MB)
	65960  -  ResidentSetSize of job (KB)
...
006 (407480.000.000) 2026-05-08 11:18:14 Image size of job updated: 358768
	65  -  MemoryUsage of job (MB)
	66052  -  ResidentSetSize of job (KB)
...
006 (407480.000.000) 2026-05-08 17:23:51 Image size of job updated: 358768
	69  -  MemoryUsage of job (MB)
	70504  -  ResidentSetSize of job (KB)
...
006 (407480.000.000) 2026-05-08 17:43:52 Image size of job updated: 358768
	71  -  MemoryUsage of job (MB)
	72408  -  ResidentSetSize of job (KB)
...
006 (407480.000.000) 2026-05-08 23:49:29 Image size of job updated: 358768
	71  -  MemoryUsage of job (MB)
	72664  -  ResidentSetSize of job (KB)
...
006 (407480.000.000) 2026-05-09 00:09:31 Image size of job updated: 358768
	72  -  MemoryUsage of job (MB)
	72780  -  ResidentSetSize of job (KB)
...
006 (407480.000.000) 2026-05-09 00:19:33 Image size of job updated: 358768
	72  -  MemoryUsage of job (MB)
	72832  -  ResidentSetSize of job (KB)
...
006 (407480.000.000) 2026-05-09 00:24:33 Image size of job updated: 358768
	72  -  MemoryUsage of job (MB)
	72868  -  ResidentSetSize of job (KB)
...
006 (407480.000.000) 2026-05-09 00:29:33 Image size of job updated: 358768
	72  -  MemoryUsage of job (MB)
	72888  -  ResidentSetSize of job (KB)
...
006 (407480.000.000) 2026-05-09 00:34:35 Image size of job updated: 358768
	72  -  MemoryUsage of job (MB)
	72916  -  ResidentSetSize of job (KB)
...
006 (407480.000.000) 2026-05-09 00:49:36 Image size of job updated: 358768
	72  -  MemoryUsage of job (MB)
	72996  -  ResidentSetSize of job (KB)
...
006 (407480.000.000) 2026-05-09 00:54:37 Image size of job updated: 358768
	72  -  MemoryUsage of job (MB)
	73040  -  ResidentSetSize of job (KB)
...
006 (407480.000.000) 2026-05-09 05:30:06 Image size of job updated: 358768
	89  -  MemoryUsage of job (MB)
	90544  -  ResidentSetSize of job (KB)
...
006 (407480.000.000) 2026-05-09 07:00:17 Image size of job updated: 358768
	89  -  MemoryUsage of job (MB)
	90896  -  ResidentSetSize of job (KB)
...
006 (407480.000.000) 2026-05-09 13:00:55 Image size of job updated: 358768
	89  -  MemoryUsage of job (MB)
	90928  -  ResidentSetSize of job (KB)
...
006 (407480.000.000) 2026-05-10 07:37:51 Image size of job updated: 358768
	90  -  MemoryUsage of job (MB)
	92008  -  ResidentSetSize of job (KB)
...
006 (407480.000.000) 2026-05-10 08:52:58 Image size of job updated: 358768
	90  -  MemoryUsage of job (MB)
	92012  -  ResidentSetSize of job (KB)
...
006 (407480.000.000) 2026-05-10 08:57:58 Image size of job updated: 358768
	91  -  MemoryUsage of job (MB)
	92412  -  ResidentSetSize of job (KB)
...
006 (407480.000.000) 2026-05-10 09:07:59 Image size of job updated: 358768
	91  -  MemoryUsage of job (MB)
	92684  -  ResidentSetSize of job (KB)
...
006 (407480.000.000) 2026-05-10 09:18:00 Image size of job updated: 358768
	91  -  MemoryUsage of job (MB)
	92784  -  ResidentSetSize of job (KB)
...
006 (407480.000.000) 2026-05-10 09:23:01 Image size of job updated: 358768
	91  -  MemoryUsage of job (MB)
	92948  -  ResidentSetSize of job (KB)
...
006 (407480.000.000) 2026-05-10 09:33:02 Image size of job updated: 358768
	92  -  MemoryUsage of job (MB)
	93460  -  ResidentSetSize of job (KB)
...
006 (407480.000.000) 2026-05-10 09:43:03 Image size of job updated: 358768
	92  -  MemoryUsage of job (MB)
	93564  -  ResidentSetSize of job (KB)
...
006 (407480.000.000) 2026-05-10 09:48:03 Image size of job updated: 358768
	92  -  MemoryUsage of job (MB)
	93604  -  ResidentSetSize of job (KB)
...
006 (407480.000.000) 2026-05-10 09:53:04 Image size of job updated: 358768
	92  -  MemoryUsage of job (MB)
	94008  -  ResidentSetSize of job (KB)
...
006 (407480.000.000) 2026-05-10 10:03:04 Image size of job updated: 358768
	94  -  MemoryUsage of job (MB)
	96248  -  ResidentSetSize of job (KB)
...
006 (407480.000.000) 2026-05-10 11:18:11 Image size of job updated: 358768
	96  -  MemoryUsage of job (MB)
	98164  -  ResidentSetSize of job (KB)
...
006 (407480.000.000) 2026-05-10 12:28:19 Image size of job updated: 358768
	98  -  MemoryUsage of job (MB)
	100216  -  ResidentSetSize of job (KB)
...
006 (407480.000.000) 2026-05-10 13:43:25 Image size of job updated: 358768
	101  -  MemoryUsage of job (MB)
	102520  -  ResidentSetSize of job (KB)
...
006 (407480.000.000) 2026-05-10 14:53:33 Image size of job updated: 358768
	102  -  MemoryUsage of job (MB)
	104320  -  ResidentSetSize of job (KB)
...
006 (407480.000.000) 2026-05-10 16:08:41 Image size of job updated: 358768
	104  -  MemoryUsage of job (MB)
	106120  -  ResidentSetSize of job (KB)
...
006 (407480.000.000) 2026-05-10 17:18:48 Image size of job updated: 358768
	106  -  MemoryUsage of job (MB)
	108424  -  ResidentSetSize of job (KB)
...
006 (407480.000.000) 2026-05-10 18:33:55 Image size of job updated: 358768
	107  -  MemoryUsage of job (MB)
	108684  -  ResidentSetSize of job (KB)
...
006 (407480.000.000) 2026-05-10 18:43:56 Image size of job updated: 358768
	109  -  MemoryUsage of job (MB)
	110988  -  ResidentSetSize of job (KB)
...
006 (407480.000.000) 2026-05-10 19:54:03 Image size of job updated: 358768
	111  -  MemoryUsage of job (MB)
	112796  -  ResidentSetSize of job (KB)
...
006 (407480.000.000) 2026-05-10 21:09:12 Image size of job updated: 358768
	113  -  MemoryUsage of job (MB)
	114844  -  ResidentSetSize of job (KB)
...
006 (407480.000.000) 2026-05-10 22:19:19 Image size of job updated: 358768
	115  -  MemoryUsage of job (MB)
	116892  -  ResidentSetSize of job (KB)
...
006 (407480.000.000) 2026-05-11 00:04:30 Image size of job updated: 358768
	117  -  MemoryUsage of job (MB)
	118940  -  ResidentSetSize of job (KB)
...
006 (407480.000.000) 2026-05-11 01:39:39 Image size of job updated: 358768
	119  -  MemoryUsage of job (MB)
	121012  -  ResidentSetSize of job (KB)
...
006 (407480.000.000) 2026-05-11 02:54:46 Image size of job updated: 358768
	121  -  MemoryUsage of job (MB)
	123064  -  ResidentSetSize of job (KB)
...
006 (407480.000.000) 2026-05-11 04:09:53 Image size of job updated: 358768
	123  -  MemoryUsage of job (MB)
	125116  -  ResidentSetSize of job (KB)
...
006 (407480.000.000) 2026-05-11 06:05:05 Image size of job updated: 358768
	125  -  MemoryUsage of job (MB)
	127168  -  ResidentSetSize of job (KB)
...
006 (407480.000.000) 2026-05-11 07:05:11 Image size of job updated: 358768
	125  -  MemoryUsage of job (MB)
	127172  -  ResidentSetSize of job (KB)
...
006 (407480.000.000) 2026-05-11 07:25:13 Image size of job updated: 358768
	127  -  MemoryUsage of job (MB)
	129288  -  ResidentSetSize of job (KB)
...
006 (407480.000.000) 2026-05-11 08:35:20 Image size of job updated: 358768
	129  -  MemoryUsage of job (MB)
	131272  -  ResidentSetSize of job (KB)
...
006 (407480.000.000) 2026-05-11 09:45:28 Image size of job updated: 358768
	131  -  MemoryUsage of job (MB)
	133320  -  ResidentSetSize of job (KB)
...
006 (407480.000.000) 2026-05-11 10:55:35 Image size of job updated: 358768
	133  -  MemoryUsage of job (MB)
	135624  -  ResidentSetSize of job (KB)
...
006 (407480.000.000) 2026-05-11 12:05:43 Image size of job updated: 358768
	135  -  MemoryUsage of job (MB)
	137672  -  ResidentSetSize of job (KB)
...
006 (407480.000.000) 2026-05-11 13:20:52 Image size of job updated: 358768
	137  -  MemoryUsage of job (MB)
	139480  -  ResidentSetSize of job (KB)
...
006 (407480.000.000) 2026-05-11 15:36:05 Image size of job updated: 358768
	137  -  MemoryUsage of job (MB)
	139740  -  ResidentSetSize of job (KB)
...
006 (407480.000.000) 2026-05-11 15:41:06 Image size of job updated: 358768
	139  -  MemoryUsage of job (MB)
	141788  -  ResidentSetSize of job (KB)
...
006 (407480.000.000) 2026-05-11 16:01:07 Image size of job updated: 358768
	141  -  MemoryUsage of job (MB)
	143400  -  ResidentSetSize of job (KB)
...
006 (407480.000.000) 2026-05-11 17:21:15 Image size of job updated: 358768
	143  -  MemoryUsage of job (MB)
	145704  -  ResidentSetSize of job (KB)
...
006 (407480.000.000) 2026-05-11 19:06:26 Image size of job updated: 358768
	145  -  MemoryUsage of job (MB)
	147756  -  ResidentSetSize of job (KB)
...
006 (407480.000.000) 2026-05-11 20:51:36 Image size of job updated: 358768
	147  -  MemoryUsage of job (MB)
	149556  -  ResidentSetSize of job (KB)
...
006 (407480.000.000) 2026-05-11 21:41:42 Image size of job updated: 358768
	147  -  MemoryUsage of job (MB)
	149804  -  ResidentSetSize of job (KB)
...
006 (407480.000.000) 2026-05-11 22:16:45 Image size of job updated: 358768
	147  -  MemoryUsage of job (MB)
	149812  -  ResidentSetSize of job (KB)
...
006 (407480.000.000) 2026-05-11 22:26:46 Image size of job updated: 358768
	149  -  MemoryUsage of job (MB)
	151616  -  ResidentSetSize of job (KB)
...
006 (407480.000.000) 2026-05-11 23:51:55 Image size of job updated: 358768
	151  -  MemoryUsage of job (MB)
	153668  -  ResidentSetSize of job (KB)
...
006 (407480.000.000) 2026-05-12 01:37:05 Image size of job updated: 358768
	153  -  MemoryUsage of job (MB)
	155720  -  ResidentSetSize of job (KB)
...
006 (407480.000.000) 2026-05-12 03:12:16 Image size of job updated: 358768
	155  -  MemoryUsage of job (MB)
	158020  -  ResidentSetSize of job (KB)
...
006 (407480.000.000) 2026-05-12 04:37:23 Image size of job updated: 358768
	157  -  MemoryUsage of job (MB)
	160072  -  ResidentSetSize of job (KB)
...
006 (407480.000.000) 2026-05-12 05:47:30 Image size of job updated: 358768
	159  -  MemoryUsage of job (MB)
	162140  -  ResidentSetSize of job (KB)
...
006 (407480.000.000) 2026-05-12 06:52:36 Image size of job updated: 358768
	161  -  MemoryUsage of job (MB)
	164420  -  ResidentSetSize of job (KB)
...
006 (407480.000.000) 2026-05-12 08:02:44 Image size of job updated: 358768
	163  -  MemoryUsage of job (MB)
	166480  -  ResidentSetSize of job (KB)
...
006 (407480.000.000) 2026-05-12 09:12:51 Image size of job updated: 358768
	165  -  MemoryUsage of job (MB)
	168520  -  ResidentSetSize of job (KB)
...
006 (407480.000.000) 2026-05-12 10:17:57 Image size of job updated: 358768
	167  -  MemoryUsage of job (MB)
	170564  -  ResidentSetSize of job (KB)
...
006 (407480.000.000) 2026-05-12 11:28:05 Image size of job updated: 358768
	169  -  MemoryUsage of job (MB)
	172408  -  ResidentSetSize of job (KB)
...
006 (407480.000.000) 2026-05-12 12:18:10 Image size of job updated: 358768
	169  -  MemoryUsage of job (MB)
	172632  -  ResidentSetSize of job (KB)
...
006 (407480.000.000) 2026-05-12 12:38:13 Image size of job updated: 358768
	171  -  MemoryUsage of job (MB)
	174184  -  ResidentSetSize of job (KB)
...
006 (407480.000.000) 2026-05-12 13:53:20 Image size of job updated: 358768
	171  -  MemoryUsage of job (MB)
	174436  -  ResidentSetSize of job (KB)
...
006 (407480.000.000) 2026-05-12 14:23:23 Image size of job updated: 358768
	173  -  MemoryUsage of job (MB)
	176484  -  ResidentSetSize of job (KB)
...
006 (407480.000.000) 2026-05-12 16:13:35 Image size of job updated: 358768
	175  -  MemoryUsage of job (MB)
	178544  -  ResidentSetSize of job (KB)
...
006 (407480.000.000) 2026-05-12 18:08:46 Image size of job updated: 358768
	177  -  MemoryUsage of job (MB)
	180412  -  ResidentSetSize of job (KB)
...
006 (407480.000.000) 2026-05-12 20:03:57 Image size of job updated: 358768
	179  -  MemoryUsage of job (MB)
	182640  -  ResidentSetSize of job (KB)
...
006 (407480.000.000) 2026-05-12 21:54:08 Image size of job updated: 358768
	181  -  MemoryUsage of job (MB)
	184684  -  ResidentSetSize of job (KB)
...
006 (407480.000.000) 2026-05-12 23:49:19 Image size of job updated: 358768
	183  -  MemoryUsage of job (MB)
	186724  -  ResidentSetSize of job (KB)
...
006 (407480.000.000) 2026-05-13 01:44:31 Image size of job updated: 358768
	185  -  MemoryUsage of job (MB)
	188796  -  ResidentSetSize of job (KB)
...
006 (407480.000.000) 2026-05-13 03:34:44 Image size of job updated: 358768
	187  -  MemoryUsage of job (MB)
	190844  -  ResidentSetSize of job (KB)
...
006 (407480.000.000) 2026-05-13 05:09:53 Image size of job updated: 358768
	189  -  MemoryUsage of job (MB)
	192900  -  ResidentSetSize of job (KB)
...
006 (407480.000.000) 2026-05-13 06:25:01 Image size of job updated: 358768
	191  -  MemoryUsage of job (MB)
	194952  -  ResidentSetSize of job (KB)
...
006 (407480.000.000) 2026-05-13 07:40:07 Image size of job updated: 358768
	193  -  MemoryUsage of job (MB)
	196752  -  ResidentSetSize of job (KB)
...
006 (407480.000.000) 2026-05-13 08:25:13 Image size of job updated: 358768
	193  -  MemoryUsage of job (MB)
	196996  -  ResidentSetSize of job (KB)
...
006 (407480.000.000) 2026-05-13 08:50:15 Image size of job updated: 358768
	195  -  MemoryUsage of job (MB)
	199300  -  ResidentSetSize of job (KB)
...
006 (407480.000.000) 2026-05-13 10:00:22 Image size of job updated: 358768
	197  -  MemoryUsage of job (MB)
	201352  -  ResidentSetSize of job (KB)
...
006 (407480.000.000) 2026-05-13 11:15:29 Image size of job updated: 358768
	199  -  MemoryUsage of job (MB)
	203152  -  ResidentSetSize of job (KB)
...
006 (407480.000.000) 2026-05-13 12:25:35 Image size of job updated: 358768
	201  -  MemoryUsage of job (MB)
	205212  -  ResidentSetSize of job (KB)
...
