000 (407561.000.000) 2026-05-07 18:21:16 Job submitted from host: <192.168.250.101:9618?addrs=192.168.250.101-9618&alias=hercules.hcms.it&noUDP&sock=schedd_3404051_6d7b>
...
001 (407561.000.000) 2026-05-07 18:21:38 Job executing on host: <192.168.250.112:9618?addrs=192.168.250.112-9618&alias=hercules02.hcms.it&noUDP&sock=startd_1261146_d63b>
	SlotName: slot87_1@hercules02.hcms.it
	CondorScratchDir = "/var/lib/condor/execute/dir_3917157"
	Cpus = 1
	Disk = 29523
	Memory = 1024
...
006 (407561.000.000) 2026-05-07 18:21:46 Image size of job updated: 57544
	55  -  MemoryUsage of job (MB)
	55352  -  ResidentSetSize of job (KB)
...
006 (407561.000.000) 2026-05-07 18:31:46 Image size of job updated: 355840
	55  -  MemoryUsage of job (MB)
	55352  -  ResidentSetSize of job (KB)
...
006 (407561.000.000) 2026-05-07 18:56:50 Image size of job updated: 359844
	55  -  MemoryUsage of job (MB)
	55352  -  ResidentSetSize of job (KB)
...
006 (407561.000.000) 2026-05-07 20:06:56 Image size of job updated: 360460
	55  -  MemoryUsage of job (MB)
	55352  -  ResidentSetSize of job (KB)
...
006 (407561.000.000) 2026-05-07 20:37:00 Image size of job updated: 360996
	55  -  MemoryUsage of job (MB)
	55352  -  ResidentSetSize of job (KB)
...
006 (407561.000.000) 2026-05-07 21:27:05 Image size of job updated: 360996
	57  -  MemoryUsage of job (MB)
	57852  -  ResidentSetSize of job (KB)
...
006 (407561.000.000) 2026-05-07 22:07:09 Image size of job updated: 360996
	57  -  MemoryUsage of job (MB)
	58320  -  ResidentSetSize of job (KB)
...
006 (407561.000.000) 2026-05-07 22:17:11 Image size of job updated: 360996
	58  -  MemoryUsage of job (MB)
	59024  -  ResidentSetSize of job (KB)
...
006 (407561.000.000) 2026-05-08 00:32:24 Image size of job updated: 360996
	161  -  MemoryUsage of job (MB)
	164524  -  ResidentSetSize of job (KB)
...
006 (407561.000.000) 2026-05-08 03:52:44 Image size of job updated: 361672
	161  -  MemoryUsage of job (MB)
	164524  -  ResidentSetSize of job (KB)
...
006 (407561.000.000) 2026-05-08 04:02:46 Image size of job updated: 362172
	161  -  MemoryUsage of job (MB)
	164524  -  ResidentSetSize of job (KB)
...
006 (407561.000.000) 2026-05-08 07:33:07 Image size of job updated: 363140
	161  -  MemoryUsage of job (MB)
	164524  -  ResidentSetSize of job (KB)
...
006 (407561.000.000) 2026-05-08 11:31:52 Image size of job updated: 369476
	161  -  MemoryUsage of job (MB)
	164524  -  ResidentSetSize of job (KB)
...
005 (407561.000.000) 2026-05-08 11:31:52 Job terminated.
	(1) Normal termination (return value 139)
		Usr 0 15:28:56, Sys 0 01:34:27  -  Run Remote Usage
		Usr 0 00:00:00, Sys 0 00:00:00  -  Run Local Usage
		Usr 0 15:28:56, Sys 0 01:34:27  -  Total Remote Usage
		Usr 0 00:00:00, Sys 0 00:00:00  -  Total Local Usage
	0  -  Run Bytes Sent By Job
	0  -  Run Bytes Received By Job
	0  -  Total Bytes Sent By Job
	0  -  Total Bytes Received By Job
	Partitionable Resources :    Usage  Request Allocated 
	   Cpus                 :     0.99        1         1 
	   Disk (KB)            :     1           1     29523 
	   Memory (MB)          :   161        1024      1024 

	Job terminated of its own accord at 2026-05-08T09:31:52Z with exit-code 139.
...
