000 (407495.000.000) 2026-05-07 18:21:14 Job submitted from host: <192.168.250.101:9618?addrs=192.168.250.101-9618&alias=hercules.hcms.it&noUDP&sock=schedd_3404051_6d7b>
...
001 (407495.000.000) 2026-05-07 18:21:19 Job executing on host: <192.168.250.112:9618?addrs=192.168.250.112-9618&alias=hercules02.hcms.it&noUDP&sock=startd_1261146_d63b>
	SlotName: slot21_1@hercules02.hcms.it
	CondorScratchDir = "/var/lib/condor/execute/dir_3900925"
	Cpus = 1
	Disk = 29523
	Memory = 1024
...
006 (407495.000.000) 2026-05-07 18:21:27 Image size of job updated: 55612
	55  -  MemoryUsage of job (MB)
	55520  -  ResidentSetSize of job (KB)
...
006 (407495.000.000) 2026-05-07 18:36:28 Image size of job updated: 355452
	55  -  MemoryUsage of job (MB)
	55520  -  ResidentSetSize of job (KB)
...
006 (407495.000.000) 2026-05-07 19:01:31 Image size of job updated: 358708
	55  -  MemoryUsage of job (MB)
	55520  -  ResidentSetSize of job (KB)
...
006 (407495.000.000) 2026-05-07 19:11:32 Image size of job updated: 360616
	55  -  MemoryUsage of job (MB)
	55520  -  ResidentSetSize of job (KB)
...
006 (407495.000.000) 2026-05-07 19:31:34 Image size of job updated: 360616
	205  -  MemoryUsage of job (MB)
	209756  -  ResidentSetSize of job (KB)
...
006 (407495.000.000) 2026-05-08 00:52:06 Image size of job updated: 360648
	205  -  MemoryUsage of job (MB)
	209756  -  ResidentSetSize of job (KB)
...
006 (407495.000.000) 2026-05-10 10:08:03 Image size of job updated: 372656
	205  -  MemoryUsage of job (MB)
	209756  -  ResidentSetSize of job (KB)
...
006 (407495.000.000) 2026-05-10 10:13:03 Image size of job updated: 376704
	205  -  MemoryUsage of job (MB)
	209756  -  ResidentSetSize of job (KB)
...
006 (407495.000.000) 2026-05-10 11:08:09 Image size of job updated: 377232
	205  -  MemoryUsage of job (MB)
	209756  -  ResidentSetSize of job (KB)
...
006 (407495.000.000) 2026-05-10 12:33:18 Image size of job updated: 377456
	205  -  MemoryUsage of job (MB)
	209756  -  ResidentSetSize of job (KB)
...
006 (407495.000.000) 2026-05-11 06:40:05 Image size of job updated: 400468
	205  -  MemoryUsage of job (MB)
	209756  -  ResidentSetSize of job (KB)
...
005 (407495.000.000) 2026-05-11 06:40:05 Job terminated.
	(1) Normal termination (return value 139)
		Usr 3 10:54:56, Sys 0 00:51:24  -  Run Remote Usage
		Usr 0 00:00:00, Sys 0 00:00:00  -  Run Local Usage
		Usr 3 10:54:56, Sys 0 00:51:24  -  Total Remote Usage
		Usr 0 00:00:00, Sys 0 00:00:00  -  Total Local Usage
	0  -  Run Bytes Sent By Job
	0  -  Run Bytes Received By Job
	0  -  Total Bytes Sent By Job
	0  -  Total Bytes Received By Job
	Partitionable Resources :    Usage  Request Allocated 
	   Cpus                 :     0.99        1         1 
	   Disk (KB)            :     1           1     29523 
	   Memory (MB)          :   205        1024      1024 

	Job terminated of its own accord at 2026-05-11T04:40:05Z with exit-code 139.
...
