000 (407683.000.000) 2026-05-07 18:21:19 Job submitted from host: <192.168.250.101:9618?addrs=192.168.250.101-9618&alias=hercules.hcms.it&noUDP&sock=schedd_3404051_6d7b>
...
001 (407683.000.000) 2026-05-08 18:40:59 Job executing on host: <192.168.250.22:9618?addrs=192.168.250.22-9618&alias=pccms12.hcms.it&noUDP&sock=startd_3275093_f746>
	SlotName: slot34_1@pccms12.hcms.it
	CondorScratchDir = "/var/lib/condor/execute/dir_1708635"
	Cpus = 1
	Disk = 22134
	Memory = 1024
...
006 (407683.000.000) 2026-05-08 18:41:07 Image size of job updated: 37084
	31  -  MemoryUsage of job (MB)
	31720  -  ResidentSetSize of job (KB)
...
006 (407683.000.000) 2026-05-08 18:46:07 Image size of job updated: 37084
	33  -  MemoryUsage of job (MB)
	33052  -  ResidentSetSize of job (KB)
...
006 (407683.000.000) 2026-05-08 18:51:08 Image size of job updated: 37144
	35  -  MemoryUsage of job (MB)
	35128  -  ResidentSetSize of job (KB)
...
006 (407683.000.000) 2026-05-08 19:01:09 Image size of job updated: 37144
	35  -  MemoryUsage of job (MB)
	35216  -  ResidentSetSize of job (KB)
...
006 (407683.000.000) 2026-05-08 19:16:11 Image size of job updated: 124060
	122  -  MemoryUsage of job (MB)
	124060  -  ResidentSetSize of job (KB)
...
006 (407683.000.000) 2026-05-08 19:21:11 Image size of job updated: 330740
	122  -  MemoryUsage of job (MB)
	124060  -  ResidentSetSize of job (KB)
...
006 (407683.000.000) 2026-05-08 20:06:16 Image size of job updated: 331152
	122  -  MemoryUsage of job (MB)
	124060  -  ResidentSetSize of job (KB)
...
006 (407683.000.000) 2026-05-08 20:46:20 Image size of job updated: 332720
	122  -  MemoryUsage of job (MB)
	124060  -  ResidentSetSize of job (KB)
...
006 (407683.000.000) 2026-05-08 21:01:21 Image size of job updated: 338320
	122  -  MemoryUsage of job (MB)
	124060  -  ResidentSetSize of job (KB)
...
006 (407683.000.000) 2026-05-09 05:52:16 Image size of job updated: 340852
	122  -  MemoryUsage of job (MB)
	124060  -  ResidentSetSize of job (KB)
...
006 (407683.000.000) 2026-05-09 14:38:13 Image size of job updated: 341956
	122  -  MemoryUsage of job (MB)
	124060  -  ResidentSetSize of job (KB)
...
006 (407683.000.000) 2026-05-09 15:08:16 Image size of job updated: 632328
	333  -  MemoryUsage of job (MB)
	340404  -  ResidentSetSize of job (KB)
...
006 (407683.000.000) 2026-05-09 15:13:16 Image size of job updated: 634188
	333  -  MemoryUsage of job (MB)
	340404  -  ResidentSetSize of job (KB)
...
006 (407683.000.000) 2026-05-09 15:38:19 Image size of job updated: 634324
	539  -  MemoryUsage of job (MB)
	551092  -  ResidentSetSize of job (KB)
...
006 (407683.000.000) 2026-05-09 16:38:25 Image size of job updated: 641212
	539  -  MemoryUsage of job (MB)
	551092  -  ResidentSetSize of job (KB)
...
006 (407683.000.000) 2026-05-09 17:48:32 Image size of job updated: 642064
	539  -  MemoryUsage of job (MB)
	551092  -  ResidentSetSize of job (KB)
...
005 (407683.000.000) 2026-05-10 01:16:07 Job terminated.
	(1) Normal termination (return value 139)
		Usr 1 04:10:24, Sys 0 02:11:26  -  Run Remote Usage
		Usr 0 00:00:00, Sys 0 00:00:00  -  Run Local Usage
		Usr 1 04:10:24, Sys 0 02:11:26  -  Total Remote Usage
		Usr 0 00:00:00, Sys 0 00:00:00  -  Total Local Usage
	0  -  Run Bytes Sent By Job
	0  -  Run Bytes Received By Job
	0  -  Total Bytes Sent By Job
	0  -  Total Bytes Received By Job
	Partitionable Resources :    Usage  Request Allocated 
	   Cpus                 :     1.00        1         1 
	   Disk (KB)            :     1           1     22134 
	   Memory (MB)          :   539        1024      1024 

	Job terminated of its own accord at 2026-05-09T23:16:07Z with exit-code 139.
...
