000 (407574.000.000) 2026-05-07 18:21:16 Job submitted from host: <192.168.250.101:9618?addrs=192.168.250.101-9618&alias=hercules.hcms.it&noUDP&sock=schedd_3404051_6d7b>
...
001 (407574.000.000) 2026-05-08 05:05:49 Job executing on host: <192.168.250.112:9618?addrs=192.168.250.112-9618&alias=hercules02.hcms.it&noUDP&sock=startd_1261146_d63b>
	SlotName: slot76_1@hercules02.hcms.it
	CondorScratchDir = "/var/lib/condor/execute/dir_1275803"
	Cpus = 1
	Disk = 29523
	Memory = 1024
...
006 (407574.000.000) 2026-05-08 05:05:57 Image size of job updated: 56228
	48  -  MemoryUsage of job (MB)
	48132  -  ResidentSetSize of job (KB)
...
006 (407574.000.000) 2026-05-08 05:15:58 Image size of job updated: 355284
	48  -  MemoryUsage of job (MB)
	48952  -  ResidentSetSize of job (KB)
...
006 (407574.000.000) 2026-05-08 05:20:59 Image size of job updated: 356068
	48  -  MemoryUsage of job (MB)
	49060  -  ResidentSetSize of job (KB)
...
006 (407574.000.000) 2026-05-08 05:25:59 Image size of job updated: 357740
	50  -  MemoryUsage of job (MB)
	50220  -  ResidentSetSize of job (KB)
...
006 (407574.000.000) 2026-05-08 05:36:01 Image size of job updated: 357740
	50  -  MemoryUsage of job (MB)
	50656  -  ResidentSetSize of job (KB)
...
006 (407574.000.000) 2026-05-08 06:06:03 Image size of job updated: 357740
	57  -  MemoryUsage of job (MB)
	57936  -  ResidentSetSize of job (KB)
...
006 (407574.000.000) 2026-05-08 06:21:05 Image size of job updated: 357740
	57  -  MemoryUsage of job (MB)
	58060  -  ResidentSetSize of job (KB)
...
006 (407574.000.000) 2026-05-08 07:06:09 Image size of job updated: 359512
	57  -  MemoryUsage of job (MB)
	58060  -  ResidentSetSize of job (KB)
...
006 (407574.000.000) 2026-05-08 08:01:15 Image size of job updated: 360972
	57  -  MemoryUsage of job (MB)
	58060  -  ResidentSetSize of job (KB)
...
006 (407574.000.000) 2026-05-08 09:21:23 Image size of job updated: 360972
	59  -  MemoryUsage of job (MB)
	59500  -  ResidentSetSize of job (KB)
...
006 (407574.000.000) 2026-05-08 10:51:34 Image size of job updated: 360972
	61  -  MemoryUsage of job (MB)
	62144  -  ResidentSetSize of job (KB)
...
006 (407574.000.000) 2026-05-08 11:21:37 Image size of job updated: 362204
	61  -  MemoryUsage of job (MB)
	62144  -  ResidentSetSize of job (KB)
...
006 (407574.000.000) 2026-05-08 15:27:03 Image size of job updated: 363356
	61  -  MemoryUsage of job (MB)
	62144  -  ResidentSetSize of job (KB)
...
006 (407574.000.000) 2026-05-08 17:57:18 Image size of job updated: 363764
	61  -  MemoryUsage of job (MB)
	62144  -  ResidentSetSize of job (KB)
...
006 (407574.000.000) 2026-05-08 18:32:21 Image size of job updated: 365084
	61  -  MemoryUsage of job (MB)
	62144  -  ResidentSetSize of job (KB)
...
005 (407574.000.000) 2026-05-08 19:55:51 Job terminated.
	(1) Normal termination (return value 139)
		Usr 0 13:09:12, Sys 0 01:32:29  -  Run Remote Usage
		Usr 0 00:00:00, Sys 0 00:00:00  -  Run Local Usage
		Usr 0 13:09:12, Sys 0 01:32:29  -  Total Remote Usage
		Usr 0 00:00:00, Sys 0 00:00:00  -  Total Local Usage
	0  -  Run Bytes Sent By Job
	0  -  Run Bytes Received By Job
	0  -  Total Bytes Sent By Job
	0  -  Total Bytes Received By Job
	Partitionable Resources :    Usage  Request Allocated 
	   Cpus                 :     0.99        1         1 
	   Disk (KB)            :     1           1     29523 
	   Memory (MB)          :    61        1024      1024 

	Job terminated of its own accord at 2026-05-08T17:55:51Z with exit-code 139.
...
