000 (407540.000.000) 2026-05-07 18:21:15 Job submitted from host: <192.168.250.101:9618?addrs=192.168.250.101-9618&alias=hercules.hcms.it&noUDP&sock=schedd_3404051_6d7b>
...
001 (407540.000.000) 2026-05-07 18:21:19 Job executing on host: <192.168.250.112:9618?addrs=192.168.250.112-9618&alias=hercules02.hcms.it&noUDP&sock=startd_1261146_d63b>
	SlotName: slot66_1@hercules02.hcms.it
	CondorScratchDir = "/var/lib/condor/execute/dir_3900963"
	Cpus = 1
	Disk = 29523
	Memory = 1024
...
006 (407540.000.000) 2026-05-07 18:21:27 Image size of job updated: 55456
	47  -  MemoryUsage of job (MB)
	47588  -  ResidentSetSize of job (KB)
...
006 (407540.000.000) 2026-05-07 18:26:27 Image size of job updated: 396328
	87  -  MemoryUsage of job (MB)
	88576  -  ResidentSetSize of job (KB)
...
006 (407540.000.000) 2026-05-07 18:31:27 Image size of job updated: 396700
	87  -  MemoryUsage of job (MB)
	88628  -  ResidentSetSize of job (KB)
...
006 (407540.000.000) 2026-05-07 18:36:28 Image size of job updated: 396700
	88  -  MemoryUsage of job (MB)
	89312  -  ResidentSetSize of job (KB)
...
006 (407540.000.000) 2026-05-07 18:46:28 Image size of job updated: 397416
	88  -  MemoryUsage of job (MB)
	89312  -  ResidentSetSize of job (KB)
...
005 (407540.000.000) 2026-05-08 14:03:49 Job terminated.
	(1) Normal termination (return value 139)
		Usr 0 19:10:37, Sys 0 00:24:09  -  Run Remote Usage
		Usr 0 00:00:00, Sys 0 00:00:00  -  Run Local Usage
		Usr 0 19:10:37, Sys 0 00:24:09  -  Total Remote Usage
		Usr 0 00:00:00, Sys 0 00:00:00  -  Total Local Usage
	0  -  Run Bytes Sent By Job
	0  -  Run Bytes Received By Job
	0  -  Total Bytes Sent By Job
	0  -  Total Bytes Received By Job
	Partitionable Resources :    Usage  Request Allocated 
	   Cpus                 :     0.92        1         1 
	   Disk (KB)            :     1           1     29523 
	   Memory (MB)          :    88        1024      1024 

	Job terminated of its own accord at 2026-05-08T12:03:49Z with exit-code 139.
...
