000 (407566.000.000) 2026-05-07 18:21:16 Job submitted from host: <192.168.250.101:9618?addrs=192.168.250.101-9618&alias=hercules.hcms.it&noUDP&sock=schedd_3404051_6d7b>
...
001 (407566.000.000) 2026-05-07 18:21:38 Job executing on host: <192.168.250.112:9618?addrs=192.168.250.112-9618&alias=hercules02.hcms.it&noUDP&sock=startd_1261146_d63b>
	SlotName: slot92_1@hercules02.hcms.it
	CondorScratchDir = "/var/lib/condor/execute/dir_3917159"
	Cpus = 1
	Disk = 29523
	Memory = 1024
...
006 (407566.000.000) 2026-05-07 18:21:46 Image size of job updated: 55820
	48  -  MemoryUsage of job (MB)
	48312  -  ResidentSetSize of job (KB)
...
006 (407566.000.000) 2026-05-07 18:26:46 Image size of job updated: 55820
	48  -  MemoryUsage of job (MB)
	48808  -  ResidentSetSize of job (KB)
...
006 (407566.000.000) 2026-05-07 18:31:46 Image size of job updated: 357636
	48  -  MemoryUsage of job (MB)
	48808  -  ResidentSetSize of job (KB)
...
006 (407566.000.000) 2026-05-07 18:41:48 Image size of job updated: 358248
	48  -  MemoryUsage of job (MB)
	48808  -  ResidentSetSize of job (KB)
...
006 (407566.000.000) 2026-05-07 19:01:50 Image size of job updated: 358248
	51  -  MemoryUsage of job (MB)
	51296  -  ResidentSetSize of job (KB)
...
006 (407566.000.000) 2026-05-07 20:47:00 Image size of job updated: 358436
	51  -  MemoryUsage of job (MB)
	51296  -  ResidentSetSize of job (KB)
...
006 (407566.000.000) 2026-05-07 21:02:01 Image size of job updated: 359276
	51  -  MemoryUsage of job (MB)
	51296  -  ResidentSetSize of job (KB)
...
006 (407566.000.000) 2026-05-07 21:12:02 Image size of job updated: 359928
	51  -  MemoryUsage of job (MB)
	51296  -  ResidentSetSize of job (KB)
...
006 (407566.000.000) 2026-05-08 01:47:31 Image size of job updated: 359928
	51  -  MemoryUsage of job (MB)
	51728  -  ResidentSetSize of job (KB)
...
006 (407566.000.000) 2026-05-08 02:57:39 Image size of job updated: 359928
	336  -  MemoryUsage of job (MB)
	343520  -  ResidentSetSize of job (KB)
...
005 (407566.000.000) 2026-05-08 03:43:39 Job terminated.
	(1) Normal termination (return value 139)
		Usr 0 09:04:44, Sys 0 00:13:51  -  Run Remote Usage
		Usr 0 00:00:00, Sys 0 00:00:00  -  Run Local Usage
		Usr 0 09:04:44, Sys 0 00:13:51  -  Total Remote Usage
		Usr 0 00:00:00, Sys 0 00:00:00  -  Total Local Usage
	0  -  Run Bytes Sent By Job
	0  -  Run Bytes Received By Job
	0  -  Total Bytes Sent By Job
	0  -  Total Bytes Received By Job
	Partitionable Resources :    Usage  Request Allocated 
	   Cpus                 :     0.99        1         1 
	   Disk (KB)            :     1           1     29523 
	   Memory (MB)          :   336        1024      1024 

	Job terminated of its own accord at 2026-05-08T01:43:39Z with exit-code 139.
...
