000 (407671.000.000) 2026-05-07 18:21:19 Job submitted from host: <192.168.250.101:9618?addrs=192.168.250.101-9618&alias=hercules.hcms.it&noUDP&sock=schedd_3404051_6d7b>
...
001 (407671.000.000) 2026-05-08 18:01:58 Job executing on host: <192.168.250.112:9618?addrs=192.168.250.112-9618&alias=hercules02.hcms.it&noUDP&sock=startd_1261146_d63b>
	SlotName: slot46_1@hercules02.hcms.it
	CondorScratchDir = "/var/lib/condor/execute/dir_2813040"
	Cpus = 1
	Disk = 29523
	Memory = 1024
...
006 (407671.000.000) 2026-05-08 18:02:07 Image size of job updated: 54804
	47  -  MemoryUsage of job (MB)
	47556  -  ResidentSetSize of job (KB)
...
006 (407671.000.000) 2026-05-08 18:07:08 Image size of job updated: 54804
	47  -  MemoryUsage of job (MB)
	47584  -  ResidentSetSize of job (KB)
...
006 (407671.000.000) 2026-05-08 18:12:08 Image size of job updated: 54804
	47  -  MemoryUsage of job (MB)
	47684  -  ResidentSetSize of job (KB)
...
006 (407671.000.000) 2026-05-08 18:22:09 Image size of job updated: 356864
	48  -  MemoryUsage of job (MB)
	48348  -  ResidentSetSize of job (KB)
...
006 (407671.000.000) 2026-05-08 19:17:15 Image size of job updated: 356864
	48  -  MemoryUsage of job (MB)
	48376  -  ResidentSetSize of job (KB)
...
006 (407671.000.000) 2026-05-08 19:37:17 Image size of job updated: 356864
	48  -  MemoryUsage of job (MB)
	48696  -  ResidentSetSize of job (KB)
...
006 (407671.000.000) 2026-05-08 19:57:18 Image size of job updated: 356864
	49  -  MemoryUsage of job (MB)
	49504  -  ResidentSetSize of job (KB)
...
006 (407671.000.000) 2026-05-08 20:02:19 Image size of job updated: 361548
	49  -  MemoryUsage of job (MB)
	49504  -  ResidentSetSize of job (KB)
...
006 (407671.000.000) 2026-05-08 22:37:35 Image size of job updated: 361548
	49  -  MemoryUsage of job (MB)
	49612  -  ResidentSetSize of job (KB)
...
006 (407671.000.000) 2026-05-08 23:12:38 Image size of job updated: 361548
	49  -  MemoryUsage of job (MB)
	49648  -  ResidentSetSize of job (KB)
...
006 (407671.000.000) 2026-05-09 00:52:48 Image size of job updated: 361548
	54  -  MemoryUsage of job (MB)
	54432  -  ResidentSetSize of job (KB)
...
005 (407671.000.000) 2026-05-09 08:33:11 Job terminated.
	(1) Normal termination (return value 139)
		Usr 0 14:10:56, Sys 0 00:15:06  -  Run Remote Usage
		Usr 0 00:00:00, Sys 0 00:00:00  -  Run Local Usage
		Usr 0 14:10:56, Sys 0 00:15:06  -  Total Remote Usage
		Usr 0 00:00:00, Sys 0 00:00:00  -  Total Local Usage
	0  -  Run Bytes Sent By Job
	0  -  Run Bytes Received By Job
	0  -  Total Bytes Sent By Job
	0  -  Total Bytes Received By Job
	Partitionable Resources :    Usage  Request Allocated 
	   Cpus                 :     1.57        1         1 
	   Disk (KB)            :     1           1     29523 
	   Memory (MB)          :    54        1024      1024 

	Job terminated of its own accord at 2026-05-09T06:33:11Z with exit-code 139.
...
