000 (407842.000.000) 2026-05-07 18:21:23 Job submitted from host: <192.168.250.101:9618?addrs=192.168.250.101-9618&alias=hercules.hcms.it&noUDP&sock=schedd_3404051_6d7b>
...
001 (407842.000.000) 2026-05-09 04:34:12 Job executing on host: <192.168.250.112:9618?addrs=192.168.250.112-9618&alias=hercules02.hcms.it&noUDP&sock=startd_1261146_d63b>
	SlotName: slot85_1@hercules02.hcms.it
	CondorScratchDir = "/var/lib/condor/execute/dir_3860275"
	Cpus = 1
	Disk = 29523
	Memory = 1024
...
006 (407842.000.000) 2026-05-09 04:34:22 Image size of job updated: 53296
	52  -  MemoryUsage of job (MB)
	52816  -  ResidentSetSize of job (KB)
...
006 (407842.000.000) 2026-05-09 04:39:22 Image size of job updated: 54920
	52  -  MemoryUsage of job (MB)
	52816  -  ResidentSetSize of job (KB)
...
006 (407842.000.000) 2026-05-09 05:54:30 Image size of job updated: 354652
	54  -  MemoryUsage of job (MB)
	55092  -  ResidentSetSize of job (KB)
...
006 (407842.000.000) 2026-05-09 06:14:32 Image size of job updated: 357148
	54  -  MemoryUsage of job (MB)
	55092  -  ResidentSetSize of job (KB)
...
006 (407842.000.000) 2026-05-09 06:19:32 Image size of job updated: 357532
	54  -  MemoryUsage of job (MB)
	55092  -  ResidentSetSize of job (KB)
...
006 (407842.000.000) 2026-05-09 06:59:36 Image size of job updated: 358944
	54  -  MemoryUsage of job (MB)
	55092  -  ResidentSetSize of job (KB)
...
006 (407842.000.000) 2026-05-09 07:04:37 Image size of job updated: 358944
	55  -  MemoryUsage of job (MB)
	55640  -  ResidentSetSize of job (KB)
...
006 (407842.000.000) 2026-05-09 08:54:50 Image size of job updated: 361176
	55  -  MemoryUsage of job (MB)
	55640  -  ResidentSetSize of job (KB)
...
006 (407842.000.000) 2026-05-09 09:49:55 Image size of job updated: 361176
	55  -  MemoryUsage of job (MB)
	55732  -  ResidentSetSize of job (KB)
...
006 (407842.000.000) 2026-05-09 11:15:03 Image size of job updated: 361176
	56  -  MemoryUsage of job (MB)
	56780  -  ResidentSetSize of job (KB)
...
006 (407842.000.000) 2026-05-09 11:35:04 Image size of job updated: 361176
	338  -  MemoryUsage of job (MB)
	345436  -  ResidentSetSize of job (KB)
...
006 (407842.000.000) 2026-05-09 13:20:15 Image size of job updated: 361496
	338  -  MemoryUsage of job (MB)
	345436  -  ResidentSetSize of job (KB)
...
006 (407842.000.000) 2026-05-09 15:10:26 Image size of job updated: 362296
	338  -  MemoryUsage of job (MB)
	345436  -  ResidentSetSize of job (KB)
...
006 (407842.000.000) 2026-05-09 17:20:39 Image size of job updated: 362416
	338  -  MemoryUsage of job (MB)
	345436  -  ResidentSetSize of job (KB)
...
006 (407842.000.000) 2026-05-09 17:25:39 Image size of job updated: 362440
	338  -  MemoryUsage of job (MB)
	345436  -  ResidentSetSize of job (KB)
...
006 (407842.000.000) 2026-05-09 17:45:41 Image size of job updated: 362932
	338  -  MemoryUsage of job (MB)
	345436  -  ResidentSetSize of job (KB)
...
006 (407842.000.000) 2026-05-09 18:05:43 Image size of job updated: 364284
	338  -  MemoryUsage of job (MB)
	345436  -  ResidentSetSize of job (KB)
...
006 (407842.000.000) 2026-05-09 20:10:55 Image size of job updated: 365520
	338  -  MemoryUsage of job (MB)
	345436  -  ResidentSetSize of job (KB)
...
006 (407842.000.000) 2026-05-09 22:36:11 Image size of job updated: 365760
	338  -  MemoryUsage of job (MB)
	345436  -  ResidentSetSize of job (KB)
...
006 (407842.000.000) 2026-05-10 07:12:04 Image size of job updated: 666788
	351  -  MemoryUsage of job (MB)
	358696  -  ResidentSetSize of job (KB)
...
006 (407842.000.000) 2026-05-10 07:17:04 Image size of job updated: 669716
	354  -  MemoryUsage of job (MB)
	361692  -  ResidentSetSize of job (KB)
...
006 (407842.000.000) 2026-05-10 07:27:06 Image size of job updated: 670172
	354  -  MemoryUsage of job (MB)
	361692  -  ResidentSetSize of job (KB)
...
006 (407842.000.000) 2026-05-10 07:57:09 Image size of job updated: 670272
	354  -  MemoryUsage of job (MB)
	362208  -  ResidentSetSize of job (KB)
...
006 (407842.000.000) 2026-05-10 08:12:10 Image size of job updated: 670272
	357  -  MemoryUsage of job (MB)
	365404  -  ResidentSetSize of job (KB)
...
005 (407842.000.000) 2026-05-10 09:12:52 Job terminated.
	(1) Normal termination (return value 139)
		Usr 1 03:02:41, Sys 0 01:27:41  -  Run Remote Usage
		Usr 0 00:00:00, Sys 0 00:00:00  -  Run Local Usage
		Usr 1 03:02:41, Sys 0 01:27:41  -  Total Remote Usage
		Usr 0 00:00:00, Sys 0 00:00:00  -  Total Local Usage
	0  -  Run Bytes Sent By Job
	0  -  Run Bytes Received By Job
	0  -  Total Bytes Sent By Job
	0  -  Total Bytes Received By Job
	Partitionable Resources :    Usage  Request Allocated 
	   Cpus                 :     0.99        1         1 
	   Disk (KB)            :     1           1     29523 
	   Memory (MB)          :   357        1024      1024 

	Job terminated of its own accord at 2026-05-10T07:12:52Z with exit-code 139.
...
