000 (407640.000.000) 2026-05-07 18:21:18 Job submitted from host: <192.168.250.101:9618?addrs=192.168.250.101-9618&alias=hercules.hcms.it&noUDP&sock=schedd_3404051_6d7b>
...
001 (407640.000.000) 2026-05-08 14:00:53 Job executing on host: <192.168.250.112:9618?addrs=192.168.250.112-9618&alias=hercules02.hcms.it&noUDP&sock=startd_1261146_d63b>
	SlotName: slot64_1@hercules02.hcms.it
	CondorScratchDir = "/var/lib/condor/execute/dir_2214077"
	Cpus = 1
	Disk = 29523
	Memory = 1024
...
006 (407640.000.000) 2026-05-08 14:01:02 Image size of job updated: 55068
	47  -  MemoryUsage of job (MB)
	47588  -  ResidentSetSize of job (KB)
...
006 (407640.000.000) 2026-05-08 14:16:03 Image size of job updated: 55068
	47  -  MemoryUsage of job (MB)
	47628  -  ResidentSetSize of job (KB)
...
006 (407640.000.000) 2026-05-08 14:21:04 Image size of job updated: 55068
	48  -  MemoryUsage of job (MB)
	48884  -  ResidentSetSize of job (KB)
...
006 (407640.000.000) 2026-05-08 14:26:05 Image size of job updated: 352904
	48  -  MemoryUsage of job (MB)
	48884  -  ResidentSetSize of job (KB)
...
006 (407640.000.000) 2026-05-08 14:31:05 Image size of job updated: 354580
	48  -  MemoryUsage of job (MB)
	48884  -  ResidentSetSize of job (KB)
...
006 (407640.000.000) 2026-05-08 14:36:06 Image size of job updated: 355212
	48  -  MemoryUsage of job (MB)
	48884  -  ResidentSetSize of job (KB)
...
006 (407640.000.000) 2026-05-08 14:41:07 Image size of job updated: 355244
	48  -  MemoryUsage of job (MB)
	48884  -  ResidentSetSize of job (KB)
...
006 (407640.000.000) 2026-05-08 15:11:09 Image size of job updated: 355244
	48  -  MemoryUsage of job (MB)
	48928  -  ResidentSetSize of job (KB)
...
006 (407640.000.000) 2026-05-08 15:16:10 Image size of job updated: 357656
	48  -  MemoryUsage of job (MB)
	48928  -  ResidentSetSize of job (KB)
...
006 (407640.000.000) 2026-05-08 15:51:13 Image size of job updated: 357656
	53  -  MemoryUsage of job (MB)
	53800  -  ResidentSetSize of job (KB)
...
006 (407640.000.000) 2026-05-08 16:21:17 Image size of job updated: 357780
	53  -  MemoryUsage of job (MB)
	53800  -  ResidentSetSize of job (KB)
...
006 (407640.000.000) 2026-05-08 16:51:19 Image size of job updated: 358504
	53  -  MemoryUsage of job (MB)
	53800  -  ResidentSetSize of job (KB)
...
006 (407640.000.000) 2026-05-08 17:56:26 Image size of job updated: 358504
	255  -  MemoryUsage of job (MB)
	260760  -  ResidentSetSize of job (KB)
...
006 (407640.000.000) 2026-05-08 19:16:33 Image size of job updated: 359124
	255  -  MemoryUsage of job (MB)
	260760  -  ResidentSetSize of job (KB)
...
006 (407640.000.000) 2026-05-08 19:26:35 Image size of job updated: 359684
	255  -  MemoryUsage of job (MB)
	260760  -  ResidentSetSize of job (KB)
...
006 (407640.000.000) 2026-05-08 23:22:00 Image size of job updated: 359732
	255  -  MemoryUsage of job (MB)
	260760  -  ResidentSetSize of job (KB)
...
006 (407640.000.000) 2026-05-08 23:42:01 Image size of job updated: 363084
	255  -  MemoryUsage of job (MB)
	260760  -  ResidentSetSize of job (KB)
...
005 (407640.000.000) 2026-05-09 03:43:57 Job terminated.
	(1) Normal termination (return value 139)
		Usr 0 13:21:00, Sys 0 00:14:42  -  Run Remote Usage
		Usr 0 00:00:00, Sys 0 00:00:00  -  Run Local Usage
		Usr 0 13:21:00, Sys 0 00:14:42  -  Total Remote Usage
		Usr 0 00:00:00, Sys 0 00:00:00  -  Total Local Usage
	0  -  Run Bytes Sent By Job
	0  -  Run Bytes Received By Job
	0  -  Total Bytes Sent By Job
	0  -  Total Bytes Received By Job
	Partitionable Resources :    Usage  Request Allocated 
	   Cpus                 :     0.99        1         1 
	   Disk (KB)            :     1           1     29523 
	   Memory (MB)          :   255        1024      1024 

	Job terminated of its own accord at 2026-05-09T01:43:57Z with exit-code 139.
...
