000 (407729.000.000) 2026-05-07 18:21:20 Job submitted from host: <192.168.250.101:9618?addrs=192.168.250.101-9618&alias=hercules.hcms.it&noUDP&sock=schedd_3404051_6d7b>
...
001 (407729.000.000) 2026-05-08 20:55:03 Job executing on host: <192.168.250.112:9618?addrs=192.168.250.112-9618&alias=hercules02.hcms.it&noUDP&sock=startd_1261146_d63b>
	SlotName: slot80_1@hercules02.hcms.it
	CondorScratchDir = "/var/lib/condor/execute/dir_3151705"
	Cpus = 1
	Disk = 29523
	Memory = 1024
...
006 (407729.000.000) 2026-05-08 20:55:11 Image size of job updated: 55444
	53  -  MemoryUsage of job (MB)
	53252  -  ResidentSetSize of job (KB)
...
006 (407729.000.000) 2026-05-08 21:20:14 Image size of job updated: 353504
	53  -  MemoryUsage of job (MB)
	53252  -  ResidentSetSize of job (KB)
...
006 (407729.000.000) 2026-05-08 21:40:16 Image size of job updated: 356024
	53  -  MemoryUsage of job (MB)
	53252  -  ResidentSetSize of job (KB)
...
006 (407729.000.000) 2026-05-08 22:10:18 Image size of job updated: 357948
	53  -  MemoryUsage of job (MB)
	53252  -  ResidentSetSize of job (KB)
...
006 (407729.000.000) 2026-05-08 23:10:25 Image size of job updated: 357948
	53  -  MemoryUsage of job (MB)
	53692  -  ResidentSetSize of job (KB)
...
006 (407729.000.000) 2026-05-08 23:45:28 Image size of job updated: 357948
	53  -  MemoryUsage of job (MB)
	53892  -  ResidentSetSize of job (KB)
...
006 (407729.000.000) 2026-05-09 01:25:40 Image size of job updated: 358684
	53  -  MemoryUsage of job (MB)
	53892  -  ResidentSetSize of job (KB)
...
006 (407729.000.000) 2026-05-09 04:35:59 Image size of job updated: 358684
	53  -  MemoryUsage of job (MB)
	54076  -  ResidentSetSize of job (KB)
...
006 (407729.000.000) 2026-05-09 05:31:05 Image size of job updated: 358684
	54  -  MemoryUsage of job (MB)
	54284  -  ResidentSetSize of job (KB)
...
006 (407729.000.000) 2026-05-09 07:36:18 Image size of job updated: 358684
	54  -  MemoryUsage of job (MB)
	54492  -  ResidentSetSize of job (KB)
...
006 (407729.000.000) 2026-05-09 11:26:43 Image size of job updated: 359236
	54  -  MemoryUsage of job (MB)
	54492  -  ResidentSetSize of job (KB)
...
006 (407729.000.000) 2026-05-09 11:51:45 Image size of job updated: 360288
	54  -  MemoryUsage of job (MB)
	54492  -  ResidentSetSize of job (KB)
...
006 (407729.000.000) 2026-05-09 12:26:49 Image size of job updated: 360288
	256  -  MemoryUsage of job (MB)
	261832  -  ResidentSetSize of job (KB)
...
006 (407729.000.000) 2026-05-09 12:31:50 Image size of job updated: 360288
	256  -  MemoryUsage of job (MB)
	262088  -  ResidentSetSize of job (KB)
...
005 (407729.000.000) 2026-05-09 12:38:58 Job terminated.
	(1) Normal termination (return value 139)
		Usr 0 15:21:11, Sys 0 00:17:11  -  Run Remote Usage
		Usr 0 00:00:00, Sys 0 00:00:00  -  Run Local Usage
		Usr 0 15:21:11, Sys 0 00:17:11  -  Total Remote Usage
		Usr 0 00:00:00, Sys 0 00:00:00  -  Total Local Usage
	0  -  Run Bytes Sent By Job
	0  -  Run Bytes Received By Job
	0  -  Total Bytes Sent By Job
	0  -  Total Bytes Received By Job
	Partitionable Resources :    Usage  Request Allocated 
	   Cpus                 :     0.99        1         1 
	   Disk (KB)            :     1           1     29523 
	   Memory (MB)          :   256        1024      1024 

	Job terminated of its own accord at 2026-05-09T10:38:58Z with exit-code 139.
...
