000 (407659.000.000) 2026-05-07 18:21:18 Job submitted from host: <192.168.250.101:9618?addrs=192.168.250.101-9618&alias=hercules.hcms.it&noUDP&sock=schedd_3404051_6d7b>
...
001 (407659.000.000) 2026-05-08 17:03:59 Job executing on host: <192.168.250.22:9618?addrs=192.168.250.22-9618&alias=pccms12.hcms.it&noUDP&sock=startd_3275093_f746>
	SlotName: slot9_1@pccms12.hcms.it
	CondorScratchDir = "/var/lib/condor/execute/dir_1560381"
	Cpus = 1
	Disk = 22134
	Memory = 1024
...
006 (407659.000.000) 2026-05-08 17:04:07 Image size of job updated: 40116
	39  -  MemoryUsage of job (MB)
	39700  -  ResidentSetSize of job (KB)
...
006 (407659.000.000) 2026-05-08 17:09:07 Image size of job updated: 40220
	39  -  MemoryUsage of job (MB)
	39700  -  ResidentSetSize of job (KB)
...
006 (407659.000.000) 2026-05-08 17:34:10 Image size of job updated: 330356
	39  -  MemoryUsage of job (MB)
	39700  -  ResidentSetSize of job (KB)
...
006 (407659.000.000) 2026-05-08 17:59:12 Image size of job updated: 330356
	44  -  MemoryUsage of job (MB)
	44764  -  ResidentSetSize of job (KB)
...
006 (407659.000.000) 2026-05-08 18:24:16 Image size of job updated: 334656
	44  -  MemoryUsage of job (MB)
	44764  -  ResidentSetSize of job (KB)
...
006 (407659.000.000) 2026-05-09 03:45:11 Image size of job updated: 334956
	44  -  MemoryUsage of job (MB)
	44764  -  ResidentSetSize of job (KB)
...
006 (407659.000.000) 2026-05-09 04:45:18 Image size of job updated: 337352
	44  -  MemoryUsage of job (MB)
	44764  -  ResidentSetSize of job (KB)
...
006 (407659.000.000) 2026-05-09 08:40:43 Image size of job updated: 337352
	44  -  MemoryUsage of job (MB)
	44808  -  ResidentSetSize of job (KB)
...
006 (407659.000.000) 2026-05-09 10:30:53 Image size of job updated: 337352
	45  -  MemoryUsage of job (MB)
	45556  -  ResidentSetSize of job (KB)
...
005 (407659.000.000) 2026-05-09 11:34:50 Job terminated.
	(1) Normal termination (return value 139)
		Usr 0 17:56:48, Sys 0 00:24:39  -  Run Remote Usage
		Usr 0 00:00:00, Sys 0 00:00:00  -  Run Local Usage
		Usr 0 17:56:48, Sys 0 00:24:39  -  Total Remote Usage
		Usr 0 00:00:00, Sys 0 00:00:00  -  Total Local Usage
	0  -  Run Bytes Sent By Job
	0  -  Run Bytes Received By Job
	0  -  Total Bytes Sent By Job
	0  -  Total Bytes Received By Job
	Partitionable Resources :    Usage  Request Allocated 
	   Cpus                 :     0.99        1         1 
	   Disk (KB)            :     1           1     22134 
	   Memory (MB)          :    45        1024      1024 

	Job terminated of its own accord at 2026-05-09T09:34:50Z with exit-code 139.
...
