000 (407740.000.000) 2026-05-07 18:21:21 Job submitted from host: <192.168.250.101:9618?addrs=192.168.250.101-9618&alias=hercules.hcms.it&noUDP&sock=schedd_3404051_6d7b>
...
001 (407740.000.000) 2026-05-08 21:13:02 Job executing on host: <192.168.250.23:9618?addrs=192.168.250.23-9618&alias=pccms13.hcms.it&noUDP&sock=startd_4182521_18e8>
	SlotName: slot57_1@pccms13.hcms.it
	CondorScratchDir = "/var/lib/condor/execute/dir_2183011"
	Cpus = 1
	Disk = 23466
	Memory = 1024
...
006 (407740.000.000) 2026-05-08 21:13:11 Image size of job updated: 39812
	39  -  MemoryUsage of job (MB)
	39688  -  ResidentSetSize of job (KB)
...
006 (407740.000.000) 2026-05-08 21:18:12 Image size of job updated: 44176
	42  -  MemoryUsage of job (MB)
	42260  -  ResidentSetSize of job (KB)
...
006 (407740.000.000) 2026-05-08 21:58:16 Image size of job updated: 331140
	43  -  MemoryUsage of job (MB)
	43220  -  ResidentSetSize of job (KB)
...
006 (407740.000.000) 2026-05-08 22:38:20 Image size of job updated: 331140
	43  -  MemoryUsage of job (MB)
	43620  -  ResidentSetSize of job (KB)
...
006 (407740.000.000) 2026-05-08 23:13:23 Image size of job updated: 337488
	43  -  MemoryUsage of job (MB)
	43644  -  ResidentSetSize of job (KB)
...
006 (407740.000.000) 2026-05-09 01:28:38 Image size of job updated: 337488
	44  -  MemoryUsage of job (MB)
	44440  -  ResidentSetSize of job (KB)
...
006 (407740.000.000) 2026-05-09 02:53:46 Image size of job updated: 337488
	45  -  MemoryUsage of job (MB)
	45324  -  ResidentSetSize of job (KB)
...
006 (407740.000.000) 2026-05-09 04:43:57 Image size of job updated: 337488
	123  -  MemoryUsage of job (MB)
	125504  -  ResidentSetSize of job (KB)
...
006 (407740.000.000) 2026-05-09 06:14:06 Image size of job updated: 339712
	123  -  MemoryUsage of job (MB)
	125504  -  ResidentSetSize of job (KB)
...
006 (407740.000.000) 2026-05-09 09:49:28 Image size of job updated: 339712
	160  -  MemoryUsage of job (MB)
	163340  -  ResidentSetSize of job (KB)
...
006 (407740.000.000) 2026-05-09 09:54:29 Image size of job updated: 339712
	160  -  MemoryUsage of job (MB)
	163596  -  ResidentSetSize of job (KB)
...
006 (407740.000.000) 2026-05-09 16:20:10 Image size of job updated: 339900
	160  -  MemoryUsage of job (MB)
	163596  -  ResidentSetSize of job (KB)
...
006 (407740.000.000) 2026-05-09 20:10:34 Image size of job updated: 340752
	160  -  MemoryUsage of job (MB)
	163596  -  ResidentSetSize of job (KB)
...
006 (407740.000.000) 2026-05-09 23:40:56 Image size of job updated: 340872
	160  -  MemoryUsage of job (MB)
	163596  -  ResidentSetSize of job (KB)
...
006 (407740.000.000) 2026-05-10 03:26:19 Image size of job updated: 341448
	160  -  MemoryUsage of job (MB)
	163596  -  ResidentSetSize of job (KB)
...
006 (407740.000.000) 2026-05-10 03:46:21 Image size of job updated: 342612
	160  -  MemoryUsage of job (MB)
	163596  -  ResidentSetSize of job (KB)
...
005 (407740.000.000) 2026-05-10 05:57:33 Job terminated.
	(1) Normal termination (return value 139)
		Usr 1 06:12:19, Sys 0 02:18:33  -  Run Remote Usage
		Usr 0 00:00:00, Sys 0 00:00:00  -  Run Local Usage
		Usr 1 06:12:19, Sys 0 02:18:33  -  Total Remote Usage
		Usr 0 00:00:00, Sys 0 00:00:00  -  Total Local Usage
	0  -  Run Bytes Sent By Job
	0  -  Run Bytes Received By Job
	0  -  Total Bytes Sent By Job
	0  -  Total Bytes Received By Job
	Partitionable Resources :    Usage  Request Allocated 
	   Cpus                 :     0.99        1         1 
	   Disk (KB)            :     1           1     23466 
	   Memory (MB)          :   160        1024      1024 

	Job terminated of its own accord at 2026-05-10T03:57:33Z with exit-code 139.
...
