000 (407481.000.000) 2026-05-07 18:21:14 Job submitted from host: <192.168.250.101:9618?addrs=192.168.250.101-9618&alias=hercules.hcms.it&noUDP&sock=schedd_3404051_6d7b>
...
001 (407481.000.000) 2026-05-07 18:21:19 Job executing on host: <192.168.250.112:9618?addrs=192.168.250.112-9618&alias=hercules02.hcms.it&noUDP&sock=startd_1261146_d63b>
	SlotName: slot7_1@hercules02.hcms.it
	CondorScratchDir = "/var/lib/condor/execute/dir_3900912"
	Cpus = 1
	Disk = 29523
	Memory = 1024
...
006 (407481.000.000) 2026-05-07 18:21:27 Image size of job updated: 52764
	52  -  MemoryUsage of job (MB)
	52516  -  ResidentSetSize of job (KB)
...
006 (407481.000.000) 2026-05-07 18:26:27 Image size of job updated: 53044
	52  -  MemoryUsage of job (MB)
	52516  -  ResidentSetSize of job (KB)
...
006 (407481.000.000) 2026-05-07 20:56:42 Image size of job updated: 53508
	52  -  MemoryUsage of job (MB)
	52516  -  ResidentSetSize of job (KB)
...
006 (407481.000.000) 2026-05-07 21:01:42 Image size of job updated: 359732
	52  -  MemoryUsage of job (MB)
	53096  -  ResidentSetSize of job (KB)
...
006 (407481.000.000) 2026-05-07 23:57:01 Image size of job updated: 359732
	52  -  MemoryUsage of job (MB)
	53184  -  ResidentSetSize of job (KB)
...
006 (407481.000.000) 2026-05-08 02:37:17 Image size of job updated: 359732
	56  -  MemoryUsage of job (MB)
	56592  -  ResidentSetSize of job (KB)
...
006 (407481.000.000) 2026-05-08 02:42:18 Image size of job updated: 359732
	56  -  MemoryUsage of job (MB)
	56848  -  ResidentSetSize of job (KB)
...
006 (407481.000.000) 2026-05-08 10:03:01 Image size of job updated: 360908
	56  -  MemoryUsage of job (MB)
	56848  -  ResidentSetSize of job (KB)
...
006 (407481.000.000) 2026-05-08 16:53:45 Image size of job updated: 361112
	56  -  MemoryUsage of job (MB)
	56848  -  ResidentSetSize of job (KB)
...
006 (407481.000.000) 2026-05-08 19:13:58 Image size of job updated: 361536
	56  -  MemoryUsage of job (MB)
	56848  -  ResidentSetSize of job (KB)
...
006 (407481.000.000) 2026-05-08 21:29:11 Image size of job updated: 361536
	59  -  MemoryUsage of job (MB)
	59752  -  ResidentSetSize of job (KB)
...
006 (407481.000.000) 2026-05-08 23:34:25 Image size of job updated: 366120
	59  -  MemoryUsage of job (MB)
	59752  -  ResidentSetSize of job (KB)
...
006 (407481.000.000) 2026-05-09 01:39:37 Image size of job updated: 366248
	59  -  MemoryUsage of job (MB)
	59752  -  ResidentSetSize of job (KB)
...
006 (407481.000.000) 2026-05-09 01:44:39 Image size of job updated: 366588
	59  -  MemoryUsage of job (MB)
	59752  -  ResidentSetSize of job (KB)
...
006 (407481.000.000) 2026-05-09 11:55:42 Image size of job updated: 366588
	61  -  MemoryUsage of job (MB)
	61864  -  ResidentSetSize of job (KB)
...
006 (407481.000.000) 2026-05-09 15:11:01 Image size of job updated: 366588
	61  -  MemoryUsage of job (MB)
	62124  -  ResidentSetSize of job (KB)
...
006 (407481.000.000) 2026-05-09 17:31:15 Image size of job updated: 366588
	69  -  MemoryUsage of job (MB)
	70572  -  ResidentSetSize of job (KB)
...
006 (407481.000.000) 2026-05-10 03:12:14 Image size of job updated: 366588
	80  -  MemoryUsage of job (MB)
	81532  -  ResidentSetSize of job (KB)
...
006 (407481.000.000) 2026-05-10 06:12:33 Image size of job updated: 366588
	80  -  MemoryUsage of job (MB)
	81660  -  ResidentSetSize of job (KB)
...
006 (407481.000.000) 2026-05-10 07:02:38 Image size of job updated: 366588
	80  -  MemoryUsage of job (MB)
	81856  -  ResidentSetSize of job (KB)
...
006 (407481.000.000) 2026-05-10 10:53:04 Image size of job updated: 366588
	82  -  MemoryUsage of job (MB)
	83712  -  ResidentSetSize of job (KB)
...
006 (407481.000.000) 2026-05-10 12:58:15 Image size of job updated: 366588
	82  -  MemoryUsage of job (MB)
	83964  -  ResidentSetSize of job (KB)
...
006 (407481.000.000) 2026-05-10 15:08:29 Image size of job updated: 366588
	82  -  MemoryUsage of job (MB)
	83968  -  ResidentSetSize of job (KB)
...
006 (407481.000.000) 2026-05-10 15:33:32 Image size of job updated: 366588
	85  -  MemoryUsage of job (MB)
	86020  -  ResidentSetSize of job (KB)
...
006 (407481.000.000) 2026-05-10 20:13:59 Image size of job updated: 366588
	85  -  MemoryUsage of job (MB)
	86276  -  ResidentSetSize of job (KB)
...
006 (407481.000.000) 2026-05-10 20:59:04 Image size of job updated: 366588
	85  -  MemoryUsage of job (MB)
	86348  -  ResidentSetSize of job (KB)
...
006 (407481.000.000) 2026-05-10 21:04:04 Image size of job updated: 366588
	85  -  MemoryUsage of job (MB)
	86604  -  ResidentSetSize of job (KB)
...
006 (407481.000.000) 2026-05-10 21:24:06 Image size of job updated: 366588
	85  -  MemoryUsage of job (MB)
	86704  -  ResidentSetSize of job (KB)
...
006 (407481.000.000) 2026-05-11 11:25:32 Image size of job updated: 366588
	87  -  MemoryUsage of job (MB)
	88868  -  ResidentSetSize of job (KB)
...
006 (407481.000.000) 2026-05-11 12:35:39 Image size of job updated: 366588
	89  -  MemoryUsage of job (MB)
	90920  -  ResidentSetSize of job (KB)
...
006 (407481.000.000) 2026-05-11 13:50:46 Image size of job updated: 366588
	91  -  MemoryUsage of job (MB)
	92968  -  ResidentSetSize of job (KB)
...
006 (407481.000.000) 2026-05-11 15:00:53 Image size of job updated: 366588
	93  -  MemoryUsage of job (MB)
	95024  -  ResidentSetSize of job (KB)
...
006 (407481.000.000) 2026-05-11 16:21:02 Image size of job updated: 366588
	95  -  MemoryUsage of job (MB)
	97076  -  ResidentSetSize of job (KB)
...
006 (407481.000.000) 2026-05-11 18:11:13 Image size of job updated: 366588
	97  -  MemoryUsage of job (MB)
	99128  -  ResidentSetSize of job (KB)
...
006 (407481.000.000) 2026-05-11 19:41:23 Image size of job updated: 366588
	97  -  MemoryUsage of job (MB)
	99144  -  ResidentSetSize of job (KB)
...
006 (407481.000.000) 2026-05-11 19:56:24 Image size of job updated: 366588
	98  -  MemoryUsage of job (MB)
	99400  -  ResidentSetSize of job (KB)
...
006 (407481.000.000) 2026-05-11 20:11:25 Image size of job updated: 366588
	98  -  MemoryUsage of job (MB)
	99656  -  ResidentSetSize of job (KB)
...
006 (407481.000.000) 2026-05-11 20:16:26 Image size of job updated: 366588
	98  -  MemoryUsage of job (MB)
	99840  -  ResidentSetSize of job (KB)
...
006 (407481.000.000) 2026-05-11 20:21:26 Image size of job updated: 366588
	98  -  MemoryUsage of job (MB)
	99852  -  ResidentSetSize of job (KB)
...
006 (407481.000.000) 2026-05-11 20:26:27 Image size of job updated: 366588
	98  -  MemoryUsage of job (MB)
	100032  -  ResidentSetSize of job (KB)
...
006 (407481.000.000) 2026-05-11 20:31:28 Image size of job updated: 366588
	98  -  MemoryUsage of job (MB)
	100132  -  ResidentSetSize of job (KB)
...
006 (407481.000.000) 2026-05-11 20:41:28 Image size of job updated: 366588
	100  -  MemoryUsage of job (MB)
	102396  -  ResidentSetSize of job (KB)
...
006 (407481.000.000) 2026-05-11 22:31:40 Image size of job updated: 366588
	102  -  MemoryUsage of job (MB)
	104444  -  ResidentSetSize of job (KB)
...
006 (407481.000.000) 2026-05-12 00:21:50 Image size of job updated: 366588
	105  -  MemoryUsage of job (MB)
	106560  -  ResidentSetSize of job (KB)
...
006 (407481.000.000) 2026-05-12 02:02:01 Image size of job updated: 366588
	106  -  MemoryUsage of job (MB)
	108300  -  ResidentSetSize of job (KB)
...
006 (407481.000.000) 2026-05-12 03:47:13 Image size of job updated: 366588
	109  -  MemoryUsage of job (MB)
	110604  -  ResidentSetSize of job (KB)
...
006 (407481.000.000) 2026-05-12 05:12:22 Image size of job updated: 366588
	111  -  MemoryUsage of job (MB)
	112732  -  ResidentSetSize of job (KB)
...
006 (407481.000.000) 2026-05-12 06:22:29 Image size of job updated: 366588
	113  -  MemoryUsage of job (MB)
	114784  -  ResidentSetSize of job (KB)
...
006 (407481.000.000) 2026-05-12 07:32:36 Image size of job updated: 366588
	115  -  MemoryUsage of job (MB)
	116752  -  ResidentSetSize of job (KB)
...
006 (407481.000.000) 2026-05-12 08:32:42 Image size of job updated: 366588
	115  -  MemoryUsage of job (MB)
	116964  -  ResidentSetSize of job (KB)
...
006 (407481.000.000) 2026-05-12 08:42:42 Image size of job updated: 366588
	117  -  MemoryUsage of job (MB)
	119012  -  ResidentSetSize of job (KB)
...
006 (407481.000.000) 2026-05-12 09:52:50 Image size of job updated: 366588
	119  -  MemoryUsage of job (MB)
	121108  -  ResidentSetSize of job (KB)
...
006 (407481.000.000) 2026-05-12 11:02:57 Image size of job updated: 366588
	121  -  MemoryUsage of job (MB)
	123116  -  ResidentSetSize of job (KB)
...
006 (407481.000.000) 2026-05-12 12:13:04 Image size of job updated: 366588
	123  -  MemoryUsage of job (MB)
	125176  -  ResidentSetSize of job (KB)
...
006 (407481.000.000) 2026-05-12 13:48:13 Image size of job updated: 366588
	125  -  MemoryUsage of job (MB)
	127016  -  ResidentSetSize of job (KB)
...
006 (407481.000.000) 2026-05-12 15:43:24 Image size of job updated: 366588
	126  -  MemoryUsage of job (MB)
	128808  -  ResidentSetSize of job (KB)
...
006 (407481.000.000) 2026-05-12 17:38:35 Image size of job updated: 366588
	129  -  MemoryUsage of job (MB)
	131112  -  ResidentSetSize of job (KB)
...
006 (407481.000.000) 2026-05-12 17:53:37 Image size of job updated: 366588
	129  -  MemoryUsage of job (MB)
	131364  -  ResidentSetSize of job (KB)
...
006 (407481.000.000) 2026-05-12 21:28:59 Image size of job updated: 366588
	131  -  MemoryUsage of job (MB)
	133344  -  ResidentSetSize of job (KB)
...
006 (407481.000.000) 2026-05-12 23:24:10 Image size of job updated: 366588
	132  -  MemoryUsage of job (MB)
	135112  -  ResidentSetSize of job (KB)
...
006 (407481.000.000) 2026-05-13 01:19:22 Image size of job updated: 366588
	134  -  MemoryUsage of job (MB)
	137172  -  ResidentSetSize of job (KB)
...
006 (407481.000.000) 2026-05-13 03:14:34 Image size of job updated: 366588
	137  -  MemoryUsage of job (MB)
	139476  -  ResidentSetSize of job (KB)
...
006 (407481.000.000) 2026-05-13 04:49:44 Image size of job updated: 366588
	137  -  MemoryUsage of job (MB)
	139580  -  ResidentSetSize of job (KB)
...
006 (407481.000.000) 2026-05-13 04:54:45 Image size of job updated: 366588
	139  -  MemoryUsage of job (MB)
	141636  -  ResidentSetSize of job (KB)
...
006 (407481.000.000) 2026-05-13 06:14:52 Image size of job updated: 366588
	141  -  MemoryUsage of job (MB)
	143436  -  ResidentSetSize of job (KB)
...
006 (407481.000.000) 2026-05-13 06:49:56 Image size of job updated: 366588
	141  -  MemoryUsage of job (MB)
	143776  -  ResidentSetSize of job (KB)
...
006 (407481.000.000) 2026-05-13 07:24:59 Image size of job updated: 366588
	143  -  MemoryUsage of job (MB)
	145652  -  ResidentSetSize of job (KB)
...
006 (407481.000.000) 2026-05-13 08:40:06 Image size of job updated: 366588
	145  -  MemoryUsage of job (MB)
	147676  -  ResidentSetSize of job (KB)
...
006 (407481.000.000) 2026-05-13 09:50:14 Image size of job updated: 366588
	145  -  MemoryUsage of job (MB)
	147680  -  ResidentSetSize of job (KB)
...
006 (407481.000.000) 2026-05-13 09:55:14 Image size of job updated: 366588
	147  -  MemoryUsage of job (MB)
	149728  -  ResidentSetSize of job (KB)
...
006 (407481.000.000) 2026-05-13 11:10:21 Image size of job updated: 366588
	149  -  MemoryUsage of job (MB)
	151788  -  ResidentSetSize of job (KB)
...
006 (407481.000.000) 2026-05-13 12:20:29 Image size of job updated: 366588
	151  -  MemoryUsage of job (MB)
	153840  -  ResidentSetSize of job (KB)
...
