000 (407521.000.000) 2026-05-07 18:21:15 Job submitted from host: <192.168.250.101:9618?addrs=192.168.250.101-9618&alias=hercules.hcms.it&noUDP&sock=schedd_3404051_6d7b>
...
001 (407521.000.000) 2026-05-07 18:21:19 Job executing on host: <192.168.250.112:9618?addrs=192.168.250.112-9618&alias=hercules02.hcms.it&noUDP&sock=startd_1261146_d63b>
	SlotName: slot47_1@hercules02.hcms.it
	CondorScratchDir = "/var/lib/condor/execute/dir_3900945"
	Cpus = 1
	Disk = 29523
	Memory = 1024
...
006 (407521.000.000) 2026-05-07 18:21:27 Image size of job updated: 53016
	47  -  MemoryUsage of job (MB)
	47680  -  ResidentSetSize of job (KB)
...
006 (407521.000.000) 2026-05-07 18:31:27 Image size of job updated: 53016
	47  -  MemoryUsage of job (MB)
	47808  -  ResidentSetSize of job (KB)
...
006 (407521.000.000) 2026-05-07 18:41:28 Image size of job updated: 354480
	47  -  MemoryUsage of job (MB)
	47808  -  ResidentSetSize of job (KB)
...
006 (407521.000.000) 2026-05-07 18:51:29 Image size of job updated: 358976
	47  -  MemoryUsage of job (MB)
	47808  -  ResidentSetSize of job (KB)
...
006 (407521.000.000) 2026-05-07 18:56:30 Image size of job updated: 359316
	52  -  MemoryUsage of job (MB)
	52240  -  ResidentSetSize of job (KB)
...
006 (407521.000.000) 2026-05-07 19:01:30 Image size of job updated: 366460
	53  -  MemoryUsage of job (MB)
	53636  -  ResidentSetSize of job (KB)
...
006 (407521.000.000) 2026-05-07 21:01:43 Image size of job updated: 366460
	54  -  MemoryUsage of job (MB)
	54532  -  ResidentSetSize of job (KB)
...
006 (407521.000.000) 2026-05-08 00:32:04 Image size of job updated: 366460
	54  -  MemoryUsage of job (MB)
	54992  -  ResidentSetSize of job (KB)
...
006 (407521.000.000) 2026-05-08 00:47:05 Image size of job updated: 366460
	55  -  MemoryUsage of job (MB)
	55524  -  ResidentSetSize of job (KB)
...
006 (407521.000.000) 2026-05-08 01:22:09 Image size of job updated: 366460
	55  -  MemoryUsage of job (MB)
	55640  -  ResidentSetSize of job (KB)
...
006 (407521.000.000) 2026-05-08 01:52:12 Image size of job updated: 366460
	55  -  MemoryUsage of job (MB)
	55792  -  ResidentSetSize of job (KB)
...
006 (407521.000.000) 2026-05-08 04:12:27 Image size of job updated: 366460
	55  -  MemoryUsage of job (MB)
	56152  -  ResidentSetSize of job (KB)
...
006 (407521.000.000) 2026-05-08 06:22:41 Image size of job updated: 367560
	55  -  MemoryUsage of job (MB)
	56152  -  ResidentSetSize of job (KB)
...
006 (407521.000.000) 2026-05-08 06:27:42 Image size of job updated: 367560
	56  -  MemoryUsage of job (MB)
	56588  -  ResidentSetSize of job (KB)
...
006 (407521.000.000) 2026-05-08 06:32:43 Image size of job updated: 367560
	56  -  MemoryUsage of job (MB)
	56928  -  ResidentSetSize of job (KB)
...
006 (407521.000.000) 2026-05-08 06:42:43 Image size of job updated: 367560
	150  -  MemoryUsage of job (MB)
	153052  -  ResidentSetSize of job (KB)
...
006 (407521.000.000) 2026-05-08 06:47:44 Image size of job updated: 367560
	150  -  MemoryUsage of job (MB)
	153308  -  ResidentSetSize of job (KB)
...
006 (407521.000.000) 2026-05-08 07:02:45 Image size of job updated: 369072
	150  -  MemoryUsage of job (MB)
	153308  -  ResidentSetSize of job (KB)
...
006 (407521.000.000) 2026-05-08 08:17:53 Image size of job updated: 372204
	150  -  MemoryUsage of job (MB)
	153308  -  ResidentSetSize of job (KB)
...
005 (407521.000.000) 2026-05-08 16:58:17 Job terminated.
	(1) Normal termination (return value 139)
		Usr 0 22:04:30, Sys 0 00:23:45  -  Run Remote Usage
		Usr 0 00:00:00, Sys 0 00:00:00  -  Run Local Usage
		Usr 0 22:04:30, Sys 0 00:23:45  -  Total Remote Usage
		Usr 0 00:00:00, Sys 0 00:00:00  -  Total Local Usage
	0  -  Run Bytes Sent By Job
	0  -  Run Bytes Received By Job
	0  -  Total Bytes Sent By Job
	0  -  Total Bytes Received By Job
	Partitionable Resources :    Usage  Request Allocated 
	   Cpus                 :     0.99        1         1 
	   Disk (KB)            :     1           1     29523 
	   Memory (MB)          :   150        1024      1024 

	Job terminated of its own accord at 2026-05-08T14:58:17Z with exit-code 139.
...
