000 (407754.000.000) 2026-05-07 18:21:21 Job submitted from host: <192.168.250.101:9618?addrs=192.168.250.101-9618&alias=hercules.hcms.it&noUDP&sock=schedd_3404051_6d7b>
...
001 (407754.000.000) 2026-05-08 21:37:04 Job executing on host: <192.168.250.102:9618?addrs=192.168.250.102-9618&alias=empire.hcms.it&noUDP&sock=startd_2716409_3615>
	SlotName: slot103_1@empire.hcms.it
	CondorScratchDir = "/var/lib/condor/execute/dir_3079911"
	Cpus = 1
	Disk = 22792
	Memory = 1024
...
006 (407754.000.000) 2026-05-08 21:37:12 Image size of job updated: 58136
	55  -  MemoryUsage of job (MB)
	55892  -  ResidentSetSize of job (KB)
...
006 (407754.000.000) 2026-05-08 21:57:14 Image size of job updated: 361956
	55  -  MemoryUsage of job (MB)
	55892  -  ResidentSetSize of job (KB)
...
006 (407754.000.000) 2026-05-08 22:02:14 Image size of job updated: 361956
	57  -  MemoryUsage of job (MB)
	57808  -  ResidentSetSize of job (KB)
...
006 (407754.000.000) 2026-05-08 22:07:15 Image size of job updated: 361956
	57  -  MemoryUsage of job (MB)
	57848  -  ResidentSetSize of job (KB)
...
006 (407754.000.000) 2026-05-08 23:37:24 Image size of job updated: 361956
	57  -  MemoryUsage of job (MB)
	58164  -  ResidentSetSize of job (KB)
...
006 (407754.000.000) 2026-05-09 00:42:31 Image size of job updated: 364648
	57  -  MemoryUsage of job (MB)
	58164  -  ResidentSetSize of job (KB)
...
006 (407754.000.000) 2026-05-09 01:22:34 Image size of job updated: 364648
	58  -  MemoryUsage of job (MB)
	58548  -  ResidentSetSize of job (KB)
...
006 (407754.000.000) 2026-05-09 02:12:39 Image size of job updated: 364648
	59  -  MemoryUsage of job (MB)
	59448  -  ResidentSetSize of job (KB)
...
006 (407754.000.000) 2026-05-09 09:08:23 Image size of job updated: 364648
	60  -  MemoryUsage of job (MB)
	60512  -  ResidentSetSize of job (KB)
...
006 (407754.000.000) 2026-05-09 21:24:40 Image size of job updated: 365876
	60  -  MemoryUsage of job (MB)
	60512  -  ResidentSetSize of job (KB)
...
006 (407754.000.000) 2026-05-09 22:29:47 Image size of job updated: 366200
	60  -  MemoryUsage of job (MB)
	60512  -  ResidentSetSize of job (KB)
...
006 (407754.000.000) 2026-05-10 02:10:12 Image size of job updated: 368200
	60  -  MemoryUsage of job (MB)
	60512  -  ResidentSetSize of job (KB)
...
006 (407754.000.000) 2026-05-10 04:05:22 Image size of job updated: 368200
	61  -  MemoryUsage of job (MB)
	61484  -  ResidentSetSize of job (KB)
...
006 (407754.000.000) 2026-05-10 04:35:24 Image size of job updated: 371004
	61  -  MemoryUsage of job (MB)
	61484  -  ResidentSetSize of job (KB)
...
005 (407754.000.000) 2026-05-10 06:52:01 Job terminated.
	(1) Normal termination (return value 139)
		Usr 1 07:54:04, Sys 0 01:07:22  -  Run Remote Usage
		Usr 0 00:00:00, Sys 0 00:00:00  -  Run Local Usage
		Usr 1 07:54:04, Sys 0 01:07:22  -  Total Remote Usage
		Usr 0 00:00:00, Sys 0 00:00:00  -  Total Local Usage
	0  -  Run Bytes Sent By Job
	0  -  Run Bytes Received By Job
	0  -  Total Bytes Sent By Job
	0  -  Total Bytes Received By Job
	Partitionable Resources :    Usage  Request Allocated 
	   Cpus                 :     0.99        1         1 
	   Disk (KB)            :     1           1     22792 
	   Memory (MB)          :    61        1024      1024 

	Job terminated of its own accord at 2026-05-10T04:52:01Z with exit-code 139.
...
