000 (407601.000.000) 2026-05-07 18:21:17 Job submitted from host: <192.168.250.101:9618?addrs=192.168.250.101-9618&alias=hercules.hcms.it&noUDP&sock=schedd_3404051_6d7b>
...
001 (407601.000.000) 2026-05-08 11:23:53 Job executing on host: <192.168.250.112:9618?addrs=192.168.250.112-9618&alias=hercules02.hcms.it&noUDP&sock=startd_1261146_d63b>
	SlotName: slot86_1@hercules02.hcms.it
	CondorScratchDir = "/var/lib/condor/execute/dir_1863629"
	Cpus = 1
	Disk = 29523
	Memory = 1024
...
006 (407601.000.000) 2026-05-08 11:24:02 Image size of job updated: 53400
	52  -  MemoryUsage of job (MB)
	53244  -  ResidentSetSize of job (KB)
...
006 (407601.000.000) 2026-05-08 11:29:03 Image size of job updated: 356944
	52  -  MemoryUsage of job (MB)
	53244  -  ResidentSetSize of job (KB)
...
006 (407601.000.000) 2026-05-08 11:34:03 Image size of job updated: 358948
	52  -  MemoryUsage of job (MB)
	53244  -  ResidentSetSize of job (KB)
...
006 (407601.000.000) 2026-05-08 12:04:06 Image size of job updated: 359784
	52  -  MemoryUsage of job (MB)
	53244  -  ResidentSetSize of job (KB)
...
006 (407601.000.000) 2026-05-08 12:29:09 Image size of job updated: 359784
	53  -  MemoryUsage of job (MB)
	54116  -  ResidentSetSize of job (KB)
...
006 (407601.000.000) 2026-05-08 13:24:15 Image size of job updated: 361272
	53  -  MemoryUsage of job (MB)
	54116  -  ResidentSetSize of job (KB)
...
006 (407601.000.000) 2026-05-08 14:39:21 Image size of job updated: 361272
	55  -  MemoryUsage of job (MB)
	56060  -  ResidentSetSize of job (KB)
...
006 (407601.000.000) 2026-05-08 15:29:26 Image size of job updated: 361272
	56  -  MemoryUsage of job (MB)
	57188  -  ResidentSetSize of job (KB)
...
006 (407601.000.000) 2026-05-08 17:09:37 Image size of job updated: 361272
	60  -  MemoryUsage of job (MB)
	60956  -  ResidentSetSize of job (KB)
...
006 (407601.000.000) 2026-05-08 18:09:44 Image size of job updated: 361444
	60  -  MemoryUsage of job (MB)
	60956  -  ResidentSetSize of job (KB)
...
006 (407601.000.000) 2026-05-08 18:19:45 Image size of job updated: 364016
	60  -  MemoryUsage of job (MB)
	60956  -  ResidentSetSize of job (KB)
...
006 (407601.000.000) 2026-05-08 18:39:48 Image size of job updated: 365684
	60  -  MemoryUsage of job (MB)
	60956  -  ResidentSetSize of job (KB)
...
006 (407601.000.000) 2026-05-08 23:35:18 Image size of job updated: 366292
	60  -  MemoryUsage of job (MB)
	60956  -  ResidentSetSize of job (KB)
...
006 (407601.000.000) 2026-05-09 00:00:21 Image size of job updated: 366292
	61  -  MemoryUsage of job (MB)
	62456  -  ResidentSetSize of job (KB)
...
006 (407601.000.000) 2026-05-09 01:10:29 Image size of job updated: 366292
	190  -  MemoryUsage of job (MB)
	194104  -  ResidentSetSize of job (KB)
...
005 (407601.000.000) 2026-05-09 03:13:10 Job terminated.
	(1) Normal termination (return value 139)
		Usr 0 14:09:38, Sys 0 01:31:00  -  Run Remote Usage
		Usr 0 00:00:00, Sys 0 00:00:00  -  Run Local Usage
		Usr 0 14:09:38, Sys 0 01:31:00  -  Total Remote Usage
		Usr 0 00:00:00, Sys 0 00:00:00  -  Total Local Usage
	0  -  Run Bytes Sent By Job
	0  -  Run Bytes Received By Job
	0  -  Total Bytes Sent By Job
	0  -  Total Bytes Received By Job
	Partitionable Resources :    Usage  Request Allocated 
	   Cpus                 :     0.99        1         1 
	   Disk (KB)            :     1           1     29523 
	   Memory (MB)          :   190        1024      1024 

	Job terminated of its own accord at 2026-05-09T01:13:10Z with exit-code 139.
...
