000 (407625.000.000) 2026-05-07 18:21:17 Job submitted from host: <192.168.250.101:9618?addrs=192.168.250.101-9618&alias=hercules.hcms.it&noUDP&sock=schedd_3404051_6d7b>
...
001 (407625.000.000) 2026-05-08 12:50:53 Job executing on host: <192.168.250.22:9618?addrs=192.168.250.22-9618&alias=pccms12.hcms.it&noUDP&sock=startd_3275093_f746>
	SlotName: slot32_1@pccms12.hcms.it
	CondorScratchDir = "/var/lib/condor/execute/dir_1195593"
	Cpus = 1
	Disk = 22134
	Memory = 1024
...
006 (407625.000.000) 2026-05-08 12:51:02 Image size of job updated: 36752
	36  -  MemoryUsage of job (MB)
	36420  -  ResidentSetSize of job (KB)
...
006 (407625.000.000) 2026-05-08 13:11:04 Image size of job updated: 326036
	36  -  MemoryUsage of job (MB)
	36420  -  ResidentSetSize of job (KB)
...
006 (407625.000.000) 2026-05-08 13:16:05 Image size of job updated: 326136
	36  -  MemoryUsage of job (MB)
	36420  -  ResidentSetSize of job (KB)
...
006 (407625.000.000) 2026-05-08 13:21:05 Image size of job updated: 326756
	36  -  MemoryUsage of job (MB)
	36420  -  ResidentSetSize of job (KB)
...
006 (407625.000.000) 2026-05-08 13:36:07 Image size of job updated: 327360
	36  -  MemoryUsage of job (MB)
	36420  -  ResidentSetSize of job (KB)
...
006 (407625.000.000) 2026-05-08 13:41:07 Image size of job updated: 327360
	39  -  MemoryUsage of job (MB)
	38976  -  ResidentSetSize of job (KB)
...
006 (407625.000.000) 2026-05-08 13:56:08 Image size of job updated: 327360
	162  -  MemoryUsage of job (MB)
	165028  -  ResidentSetSize of job (KB)
...
006 (407625.000.000) 2026-05-08 14:01:09 Image size of job updated: 328516
	162  -  MemoryUsage of job (MB)
	165032  -  ResidentSetSize of job (KB)
...
006 (407625.000.000) 2026-05-08 14:06:10 Image size of job updated: 332208
	162  -  MemoryUsage of job (MB)
	165032  -  ResidentSetSize of job (KB)
...
006 (407625.000.000) 2026-05-08 18:21:35 Image size of job updated: 333412
	162  -  MemoryUsage of job (MB)
	165032  -  ResidentSetSize of job (KB)
...
006 (407625.000.000) 2026-05-08 19:51:44 Image size of job updated: 335620
	162  -  MemoryUsage of job (MB)
	165032  -  ResidentSetSize of job (KB)
...
006 (407625.000.000) 2026-05-08 20:36:48 Image size of job updated: 335800
	162  -  MemoryUsage of job (MB)
	165032  -  ResidentSetSize of job (KB)
...
006 (407625.000.000) 2026-05-08 23:02:05 Image size of job updated: 337108
	162  -  MemoryUsage of job (MB)
	165032  -  ResidentSetSize of job (KB)
...
005 (407625.000.000) 2026-05-09 06:48:32 Job terminated.
	(1) Normal termination (return value 139)
		Usr 0 17:25:37, Sys 0 00:22:22  -  Run Remote Usage
		Usr 0 00:00:00, Sys 0 00:00:00  -  Run Local Usage
		Usr 0 17:25:37, Sys 0 00:22:22  -  Total Remote Usage
		Usr 0 00:00:00, Sys 0 00:00:00  -  Total Local Usage
	0  -  Run Bytes Sent By Job
	0  -  Run Bytes Received By Job
	0  -  Total Bytes Sent By Job
	0  -  Total Bytes Received By Job
	Partitionable Resources :    Usage  Request Allocated 
	   Cpus                 :     0.98        1         1 
	   Disk (KB)            :     1           1     22134 
	   Memory (MB)          :   162        1024      1024 

	Job terminated of its own accord at 2026-05-09T04:48:32Z with exit-code 139.
...
