000 (407809.000.000) 2026-05-07 18:21:22 Job submitted from host: <192.168.250.101:9618?addrs=192.168.250.101-9618&alias=hercules.hcms.it&noUDP&sock=schedd_3404051_6d7b>
...
001 (407809.000.000) 2026-05-09 02:26:11 Job executing on host: <192.168.250.103:9618?addrs=192.168.250.103-9618&alias=clipper.hcms.it&noUDP&sock=startd_3676022_e97e>
	SlotName: slot10_1@clipper.hcms.it
	CondorScratchDir = "/var/lib/condor/execute/dir_3250506"
	Cpus = 1
	Disk = 20734
	Memory = 1024
...
006 (407809.000.000) 2026-05-09 02:26:20 Image size of job updated: 55692
	55  -  MemoryUsage of job (MB)
	55328  -  ResidentSetSize of job (KB)
...
006 (407809.000.000) 2026-05-09 02:36:21 Image size of job updated: 354364
	55  -  MemoryUsage of job (MB)
	55328  -  ResidentSetSize of job (KB)
...
006 (407809.000.000) 2026-05-09 02:41:21 Image size of job updated: 354364
	56  -  MemoryUsage of job (MB)
	56664  -  ResidentSetSize of job (KB)
...
006 (407809.000.000) 2026-05-09 03:41:28 Image size of job updated: 359060
	56  -  MemoryUsage of job (MB)
	56664  -  ResidentSetSize of job (KB)
...
006 (407809.000.000) 2026-05-09 03:56:30 Image size of job updated: 359268
	57  -  MemoryUsage of job (MB)
	57924  -  ResidentSetSize of job (KB)
...
006 (407809.000.000) 2026-05-09 05:16:38 Image size of job updated: 359296
	59  -  MemoryUsage of job (MB)
	59436  -  ResidentSetSize of job (KB)
...
006 (407809.000.000) 2026-05-09 06:41:46 Image size of job updated: 360112
	59  -  MemoryUsage of job (MB)
	59436  -  ResidentSetSize of job (KB)
...
006 (407809.000.000) 2026-05-09 08:36:58 Image size of job updated: 360748
	59  -  MemoryUsage of job (MB)
	59436  -  ResidentSetSize of job (KB)
...
006 (407809.000.000) 2026-05-09 10:22:09 Image size of job updated: 362960
	59  -  MemoryUsage of job (MB)
	59436  -  ResidentSetSize of job (KB)
...
006 (407809.000.000) 2026-05-09 12:32:22 Image size of job updated: 363096
	59  -  MemoryUsage of job (MB)
	59436  -  ResidentSetSize of job (KB)
...
006 (407809.000.000) 2026-05-09 13:12:27 Image size of job updated: 363896
	59  -  MemoryUsage of job (MB)
	59436  -  ResidentSetSize of job (KB)
...
006 (407809.000.000) 2026-05-09 16:07:45 Image size of job updated: 364920
	59  -  MemoryUsage of job (MB)
	59436  -  ResidentSetSize of job (KB)
...
006 (407809.000.000) 2026-05-09 16:52:50 Image size of job updated: 365892
	59  -  MemoryUsage of job (MB)
	59436  -  ResidentSetSize of job (KB)
...
006 (407809.000.000) 2026-05-09 17:17:53 Image size of job updated: 367772
	59  -  MemoryUsage of job (MB)
	59436  -  ResidentSetSize of job (KB)
...
006 (407809.000.000) 2026-05-09 21:23:19 Image size of job updated: 367772
	63  -  MemoryUsage of job (MB)
	64036  -  ResidentSetSize of job (KB)
...
006 (407809.000.000) 2026-05-09 22:38:27 Image size of job updated: 368032
	63  -  MemoryUsage of job (MB)
	64036  -  ResidentSetSize of job (KB)
...
006 (407809.000.000) 2026-05-10 01:48:47 Image size of job updated: 369176
	63  -  MemoryUsage of job (MB)
	64036  -  ResidentSetSize of job (KB)
...
006 (407809.000.000) 2026-05-10 02:23:50 Image size of job updated: 369576
	63  -  MemoryUsage of job (MB)
	64036  -  ResidentSetSize of job (KB)
...
006 (407809.000.000) 2026-05-10 03:18:56 Image size of job updated: 369676
	63  -  MemoryUsage of job (MB)
	64036  -  ResidentSetSize of job (KB)
...
006 (407809.000.000) 2026-05-10 03:38:59 Image size of job updated: 370432
	63  -  MemoryUsage of job (MB)
	64036  -  ResidentSetSize of job (KB)
...
005 (407809.000.000) 2026-05-10 03:52:56 Job terminated.
	(1) Normal termination (return value 139)
		Usr 1 01:04:49, Sys 0 00:15:12  -  Run Remote Usage
		Usr 0 00:00:00, Sys 0 00:00:00  -  Run Local Usage
		Usr 1 01:04:49, Sys 0 00:15:12  -  Total Remote Usage
		Usr 0 00:00:00, Sys 0 00:00:00  -  Total Local Usage
	0  -  Run Bytes Sent By Job
	0  -  Run Bytes Received By Job
	0  -  Total Bytes Sent By Job
	0  -  Total Bytes Received By Job
	Partitionable Resources :    Usage  Request Allocated 
	   Cpus                 :     1.00        1         1 
	   Disk (KB)            :     1           1     20734 
	   Memory (MB)          :    63        1024      1024 

	Job terminated of its own accord at 2026-05-10T01:52:56Z with exit-code 139.
...
