000 (407672.000.000) 2026-05-07 18:21:19 Job submitted from host: <192.168.250.101:9618?addrs=192.168.250.101-9618&alias=hercules.hcms.it&noUDP&sock=schedd_3404051_6d7b>
...
001 (407672.000.000) 2026-05-08 18:05:58 Job executing on host: <192.168.250.22:9618?addrs=192.168.250.22-9618&alias=pccms12.hcms.it&noUDP&sock=startd_3275093_f746>
	SlotName: slot21_1@pccms12.hcms.it
	CondorScratchDir = "/var/lib/condor/execute/dir_1654009"
	Cpus = 1
	Disk = 22134
	Memory = 1024
...
006 (407672.000.000) 2026-05-08 18:06:08 Image size of job updated: 41384
	32  -  MemoryUsage of job (MB)
	32264  -  ResidentSetSize of job (KB)
...
006 (407672.000.000) 2026-05-08 18:11:08 Image size of job updated: 41384
	33  -  MemoryUsage of job (MB)
	33068  -  ResidentSetSize of job (KB)
...
006 (407672.000.000) 2026-05-08 18:16:08 Image size of job updated: 41384
	35  -  MemoryUsage of job (MB)
	35080  -  ResidentSetSize of job (KB)
...
006 (407672.000.000) 2026-05-08 18:21:09 Image size of job updated: 41384
	35  -  MemoryUsage of job (MB)
	35212  -  ResidentSetSize of job (KB)
...
006 (407672.000.000) 2026-05-08 18:36:11 Image size of job updated: 328636
	46  -  MemoryUsage of job (MB)
	47076  -  ResidentSetSize of job (KB)
...
006 (407672.000.000) 2026-05-08 19:16:15 Image size of job updated: 329452
	46  -  MemoryUsage of job (MB)
	47076  -  ResidentSetSize of job (KB)
...
006 (407672.000.000) 2026-05-08 19:46:18 Image size of job updated: 330972
	46  -  MemoryUsage of job (MB)
	47076  -  ResidentSetSize of job (KB)
...
006 (407672.000.000) 2026-05-08 21:11:27 Image size of job updated: 331844
	46  -  MemoryUsage of job (MB)
	47076  -  ResidentSetSize of job (KB)
...
006 (407672.000.000) 2026-05-08 21:26:28 Image size of job updated: 336484
	46  -  MemoryUsage of job (MB)
	47076  -  ResidentSetSize of job (KB)
...
006 (407672.000.000) 2026-05-09 00:16:45 Image size of job updated: 336484
	139  -  MemoryUsage of job (MB)
	142128  -  ResidentSetSize of job (KB)
...
006 (407672.000.000) 2026-05-09 07:02:25 Image size of job updated: 342600
	139  -  MemoryUsage of job (MB)
	142128  -  ResidentSetSize of job (KB)
...
005 (407672.000.000) 2026-05-09 15:18:04 Job terminated.
	(1) Normal termination (return value 139)
		Usr 0 20:37:46, Sys 0 00:24:17  -  Run Remote Usage
		Usr 0 00:00:00, Sys 0 00:00:00  -  Run Local Usage
		Usr 0 20:37:46, Sys 0 00:24:17  -  Total Remote Usage
		Usr 0 00:00:00, Sys 0 00:00:00  -  Total Local Usage
	0  -  Run Bytes Sent By Job
	0  -  Run Bytes Received By Job
	0  -  Total Bytes Sent By Job
	0  -  Total Bytes Received By Job
	Partitionable Resources :    Usage  Request Allocated 
	   Cpus                 :     0.99        1         1 
	   Disk (KB)            :     1           1     22134 
	   Memory (MB)          :   139        1024      1024 

	Job terminated of its own accord at 2026-05-09T13:18:04Z with exit-code 139.
...
