000 (407597.000.000) 2026-05-07 18:21:17 Job submitted from host: <192.168.250.101:9618?addrs=192.168.250.101-9618&alias=hercules.hcms.it&noUDP&sock=schedd_3404051_6d7b>
...
001 (407597.000.000) 2026-05-08 11:05:54 Job executing on host: <192.168.250.112:9618?addrs=192.168.250.112-9618&alias=hercules02.hcms.it&noUDP&sock=startd_1261146_d63b>
	SlotName: slot84_1@hercules02.hcms.it
	CondorScratchDir = "/var/lib/condor/execute/dir_1834746"
	Cpus = 1
	Disk = 29523
	Memory = 1024
...
006 (407597.000.000) 2026-05-08 11:06:02 Image size of job updated: 55740
	47  -  MemoryUsage of job (MB)
	47708  -  ResidentSetSize of job (KB)
...
006 (407597.000.000) 2026-05-08 11:11:02 Image size of job updated: 355016
	49  -  MemoryUsage of job (MB)
	49964  -  ResidentSetSize of job (KB)
...
006 (407597.000.000) 2026-05-08 11:51:07 Image size of job updated: 355196
	49  -  MemoryUsage of job (MB)
	49964  -  ResidentSetSize of job (KB)
...
006 (407597.000.000) 2026-05-08 12:41:12 Image size of job updated: 355876
	49  -  MemoryUsage of job (MB)
	49964  -  ResidentSetSize of job (KB)
...
006 (407597.000.000) 2026-05-08 13:11:14 Image size of job updated: 360904
	49  -  MemoryUsage of job (MB)
	49964  -  ResidentSetSize of job (KB)
...
006 (407597.000.000) 2026-05-08 14:01:19 Image size of job updated: 360904
	50  -  MemoryUsage of job (MB)
	51016  -  ResidentSetSize of job (KB)
...
006 (407597.000.000) 2026-05-08 15:06:26 Image size of job updated: 360904
	56  -  MemoryUsage of job (MB)
	56804  -  ResidentSetSize of job (KB)
...
006 (407597.000.000) 2026-05-08 16:16:33 Image size of job updated: 360924
	56  -  MemoryUsage of job (MB)
	56804  -  ResidentSetSize of job (KB)
...
006 (407597.000.000) 2026-05-08 17:31:40 Image size of job updated: 360924
	56  -  MemoryUsage of job (MB)
	57312  -  ResidentSetSize of job (KB)
...
006 (407597.000.000) 2026-05-08 18:41:48 Image size of job updated: 360924
	57  -  MemoryUsage of job (MB)
	57760  -  ResidentSetSize of job (KB)
...
006 (407597.000.000) 2026-05-08 20:16:59 Image size of job updated: 361028
	57  -  MemoryUsage of job (MB)
	57760  -  ResidentSetSize of job (KB)
...
006 (407597.000.000) 2026-05-08 20:42:02 Image size of job updated: 361028
	57  -  MemoryUsage of job (MB)
	57808  -  ResidentSetSize of job (KB)
...
006 (407597.000.000) 2026-05-08 21:47:09 Image size of job updated: 361028
	57  -  MemoryUsage of job (MB)
	57940  -  ResidentSetSize of job (KB)
...
006 (407597.000.000) 2026-05-08 22:37:14 Image size of job updated: 361028
	58  -  MemoryUsage of job (MB)
	58644  -  ResidentSetSize of job (KB)
...
005 (407597.000.000) 2026-05-08 22:51:34 Job terminated.
	(1) Normal termination (return value 139)
		Usr 0 11:23:27, Sys 0 00:15:42  -  Run Remote Usage
		Usr 0 00:00:00, Sys 0 00:00:00  -  Run Local Usage
		Usr 0 11:23:27, Sys 0 00:15:42  -  Total Remote Usage
		Usr 0 00:00:00, Sys 0 00:00:00  -  Total Local Usage
	0  -  Run Bytes Sent By Job
	0  -  Run Bytes Received By Job
	0  -  Total Bytes Sent By Job
	0  -  Total Bytes Received By Job
	Partitionable Resources :    Usage  Request Allocated 
	   Cpus                 :     0.99        1         1 
	   Disk (KB)            :     1           1     29523 
	   Memory (MB)          :    58        1024      1024 

	Job terminated of its own accord at 2026-05-08T20:51:34Z with exit-code 139.
...
