000 (407656.000.000) 2026-05-07 18:21:18 Job submitted from host: <192.168.250.101:9618?addrs=192.168.250.101-9618&alias=hercules.hcms.it&noUDP&sock=schedd_3404051_6d7b>
...
001 (407656.000.000) 2026-05-08 16:33:59 Job executing on host: <192.168.250.22:9618?addrs=192.168.250.22-9618&alias=pccms12.hcms.it&noUDP&sock=startd_3275093_f746>
	SlotName: slot6_1@pccms12.hcms.it
	CondorScratchDir = "/var/lib/condor/execute/dir_1518893"
	Cpus = 1
	Disk = 22134
	Memory = 1024
...
006 (407656.000.000) 2026-05-08 16:34:07 Image size of job updated: 36628
	31  -  MemoryUsage of job (MB)
	31136  -  ResidentSetSize of job (KB)
...
006 (407656.000.000) 2026-05-08 16:39:07 Image size of job updated: 37172
	35  -  MemoryUsage of job (MB)
	35124  -  ResidentSetSize of job (KB)
...
006 (407656.000.000) 2026-05-08 16:49:09 Image size of job updated: 37172
	35  -  MemoryUsage of job (MB)
	35376  -  ResidentSetSize of job (KB)
...
006 (407656.000.000) 2026-05-08 17:04:11 Image size of job updated: 329788
	42  -  MemoryUsage of job (MB)
	42592  -  ResidentSetSize of job (KB)
...
006 (407656.000.000) 2026-05-08 17:24:12 Image size of job updated: 332256
	42  -  MemoryUsage of job (MB)
	42592  -  ResidentSetSize of job (KB)
...
006 (407656.000.000) 2026-05-08 17:39:14 Image size of job updated: 334372
	42  -  MemoryUsage of job (MB)
	42592  -  ResidentSetSize of job (KB)
...
006 (407656.000.000) 2026-05-08 17:49:15 Image size of job updated: 336804
	42  -  MemoryUsage of job (MB)
	42592  -  ResidentSetSize of job (KB)
...
006 (407656.000.000) 2026-05-08 20:54:33 Image size of job updated: 337156
	42  -  MemoryUsage of job (MB)
	42592  -  ResidentSetSize of job (KB)
...
006 (407656.000.000) 2026-05-08 23:14:47 Image size of job updated: 337420
	42  -  MemoryUsage of job (MB)
	42592  -  ResidentSetSize of job (KB)
...
006 (407656.000.000) 2026-05-08 23:59:52 Image size of job updated: 338484
	42  -  MemoryUsage of job (MB)
	42592  -  ResidentSetSize of job (KB)
...
006 (407656.000.000) 2026-05-09 00:14:53 Image size of job updated: 338484
	43  -  MemoryUsage of job (MB)
	43724  -  ResidentSetSize of job (KB)
...
006 (407656.000.000) 2026-05-09 03:40:16 Image size of job updated: 338484
	43  -  MemoryUsage of job (MB)
	43780  -  ResidentSetSize of job (KB)
...
006 (407656.000.000) 2026-05-09 07:55:42 Image size of job updated: 338944
	43  -  MemoryUsage of job (MB)
	43780  -  ResidentSetSize of job (KB)
...
006 (407656.000.000) 2026-05-09 08:50:48 Image size of job updated: 338944
	44  -  MemoryUsage of job (MB)
	44192  -  ResidentSetSize of job (KB)
...
005 (407656.000.000) 2026-05-09 11:21:02 Job terminated.
	(1) Normal termination (return value 139)
		Usr 0 18:14:54, Sys 0 00:22:35  -  Run Remote Usage
		Usr 0 00:00:00, Sys 0 00:00:00  -  Run Local Usage
		Usr 0 18:14:54, Sys 0 00:22:35  -  Total Remote Usage
		Usr 0 00:00:00, Sys 0 00:00:00  -  Total Local Usage
	0  -  Run Bytes Sent By Job
	0  -  Run Bytes Received By Job
	0  -  Total Bytes Sent By Job
	0  -  Total Bytes Received By Job
	Partitionable Resources :    Usage  Request Allocated 
	   Cpus                 :     0.99        1         1 
	   Disk (KB)            :     1           1     22134 
	   Memory (MB)          :    44        1024      1024 

	Job terminated of its own accord at 2026-05-09T09:21:02Z with exit-code 139.
...
