000 (407772.000.000) 2026-05-07 18:21:21 Job submitted from host: <192.168.250.101:9618?addrs=192.168.250.101-9618&alias=hercules.hcms.it&noUDP&sock=schedd_3404051_6d7b>
...
001 (407772.000.000) 2026-05-08 22:23:05 Job executing on host: <192.168.250.112:9618?addrs=192.168.250.112-9618&alias=hercules02.hcms.it&noUDP&sock=startd_1261146_d63b>
	SlotName: slot74_1@hercules02.hcms.it
	CondorScratchDir = "/var/lib/condor/execute/dir_3285859"
	Cpus = 1
	Disk = 29523
	Memory = 1024
...
006 (407772.000.000) 2026-05-08 22:23:14 Image size of job updated: 56080
	55  -  MemoryUsage of job (MB)
	55820  -  ResidentSetSize of job (KB)
...
006 (407772.000.000) 2026-05-08 22:33:16 Image size of job updated: 355480
	55  -  MemoryUsage of job (MB)
	55820  -  ResidentSetSize of job (KB)
...
006 (407772.000.000) 2026-05-08 22:43:16 Image size of job updated: 355720
	55  -  MemoryUsage of job (MB)
	55820  -  ResidentSetSize of job (KB)
...
006 (407772.000.000) 2026-05-08 22:53:17 Image size of job updated: 356984
	55  -  MemoryUsage of job (MB)
	55820  -  ResidentSetSize of job (KB)
...
006 (407772.000.000) 2026-05-08 23:38:22 Image size of job updated: 358820
	55  -  MemoryUsage of job (MB)
	55820  -  ResidentSetSize of job (KB)
...
006 (407772.000.000) 2026-05-08 23:48:22 Image size of job updated: 358820
	56  -  MemoryUsage of job (MB)
	56352  -  ResidentSetSize of job (KB)
...
006 (407772.000.000) 2026-05-09 00:13:26 Image size of job updated: 360584
	56  -  MemoryUsage of job (MB)
	56352  -  ResidentSetSize of job (KB)
...
006 (407772.000.000) 2026-05-09 02:33:39 Image size of job updated: 360584
	57  -  MemoryUsage of job (MB)
	57372  -  ResidentSetSize of job (KB)
...
006 (407772.000.000) 2026-05-09 03:43:46 Image size of job updated: 360584
	57  -  MemoryUsage of job (MB)
	58364  -  ResidentSetSize of job (KB)
...
006 (407772.000.000) 2026-05-09 04:23:51 Image size of job updated: 360584
	58  -  MemoryUsage of job (MB)
	58732  -  ResidentSetSize of job (KB)
...
006 (407772.000.000) 2026-05-09 05:23:56 Image size of job updated: 360584
	114  -  MemoryUsage of job (MB)
	116416  -  ResidentSetSize of job (KB)
...
006 (407772.000.000) 2026-05-09 05:28:57 Image size of job updated: 361316
	114  -  MemoryUsage of job (MB)
	116416  -  ResidentSetSize of job (KB)
...
006 (407772.000.000) 2026-05-09 08:24:17 Image size of job updated: 361848
	114  -  MemoryUsage of job (MB)
	116416  -  ResidentSetSize of job (KB)
...
006 (407772.000.000) 2026-05-09 12:34:45 Image size of job updated: 362184
	114  -  MemoryUsage of job (MB)
	116416  -  ResidentSetSize of job (KB)
...
006 (407772.000.000) 2026-05-09 12:54:47 Image size of job updated: 362840
	114  -  MemoryUsage of job (MB)
	116416  -  ResidentSetSize of job (KB)
...
006 (407772.000.000) 2026-05-09 14:19:56 Image size of job updated: 362840
	135  -  MemoryUsage of job (MB)
	137476  -  ResidentSetSize of job (KB)
...
006 (407772.000.000) 2026-05-09 14:24:56 Image size of job updated: 362840
	135  -  MemoryUsage of job (MB)
	137732  -  ResidentSetSize of job (KB)
...
006 (407772.000.000) 2026-05-09 14:49:58 Image size of job updated: 363644
	135  -  MemoryUsage of job (MB)
	137732  -  ResidentSetSize of job (KB)
...
006 (407772.000.000) 2026-05-09 16:20:07 Image size of job updated: 364448
	135  -  MemoryUsage of job (MB)
	137732  -  ResidentSetSize of job (KB)
...
006 (407772.000.000) 2026-05-09 17:40:16 Image size of job updated: 364900
	135  -  MemoryUsage of job (MB)
	137732  -  ResidentSetSize of job (KB)
...
005 (407772.000.000) 2026-05-09 20:09:04 Job terminated.
	(1) Normal termination (return value 139)
		Usr 0 20:06:49, Sys 0 01:32:11  -  Run Remote Usage
		Usr 0 00:00:00, Sys 0 00:00:00  -  Run Local Usage
		Usr 0 20:06:49, Sys 0 01:32:11  -  Total Remote Usage
		Usr 0 00:00:00, Sys 0 00:00:00  -  Total Local Usage
	0  -  Run Bytes Sent By Job
	0  -  Run Bytes Received By Job
	0  -  Total Bytes Sent By Job
	0  -  Total Bytes Received By Job
	Partitionable Resources :    Usage  Request Allocated 
	   Cpus                 :     0.99        1         1 
	   Disk (KB)            :     1           1     29523 
	   Memory (MB)          :   135        1024      1024 

	Job terminated of its own accord at 2026-05-09T18:09:04Z with exit-code 139.
...
