000 (407573.000.000) 2026-05-07 18:21:16 Job submitted from host: <192.168.250.101:9618?addrs=192.168.250.101-9618&alias=hercules.hcms.it&noUDP&sock=schedd_3404051_6d7b>
...
001 (407573.000.000) 2026-05-08 04:04:46 Job executing on host: <192.168.250.112:9618?addrs=192.168.250.112-9618&alias=hercules02.hcms.it&noUDP&sock=startd_1261146_d63b>
	SlotName: slot94_1@hercules02.hcms.it
	CondorScratchDir = "/var/lib/condor/execute/dir_1189853"
	Cpus = 1
	Disk = 29523
	Memory = 1024
...
006 (407573.000.000) 2026-05-08 04:04:55 Image size of job updated: 53268
	52  -  MemoryUsage of job (MB)
	52580  -  ResidentSetSize of job (KB)
...
006 (407573.000.000) 2026-05-08 04:14:57 Image size of job updated: 354400
	52  -  MemoryUsage of job (MB)
	52580  -  ResidentSetSize of job (KB)
...
006 (407573.000.000) 2026-05-08 04:19:57 Image size of job updated: 360284
	52  -  MemoryUsage of job (MB)
	52580  -  ResidentSetSize of job (KB)
...
006 (407573.000.000) 2026-05-08 06:55:13 Image size of job updated: 360284
	55  -  MemoryUsage of job (MB)
	55364  -  ResidentSetSize of job (KB)
...
006 (407573.000.000) 2026-05-08 08:25:23 Image size of job updated: 360284
	192  -  MemoryUsage of job (MB)
	195956  -  ResidentSetSize of job (KB)
...
006 (407573.000.000) 2026-05-08 08:30:23 Image size of job updated: 360284
	192  -  MemoryUsage of job (MB)
	196212  -  ResidentSetSize of job (KB)
...
006 (407573.000.000) 2026-05-08 11:25:43 Image size of job updated: 361748
	192  -  MemoryUsage of job (MB)
	196212  -  ResidentSetSize of job (KB)
...
006 (407573.000.000) 2026-05-08 17:06:16 Image size of job updated: 362712
	192  -  MemoryUsage of job (MB)
	196212  -  ResidentSetSize of job (KB)
...
005 (407573.000.000) 2026-05-08 18:30:12 Job terminated.
	(1) Normal termination (return value 139)
		Usr 0 12:46:47, Sys 0 01:30:36  -  Run Remote Usage
		Usr 0 00:00:00, Sys 0 00:00:00  -  Run Local Usage
		Usr 0 12:46:47, Sys 0 01:30:36  -  Total Remote Usage
		Usr 0 00:00:00, Sys 0 00:00:00  -  Total Local Usage
	0  -  Run Bytes Sent By Job
	0  -  Run Bytes Received By Job
	0  -  Total Bytes Sent By Job
	0  -  Total Bytes Received By Job
	Partitionable Resources :    Usage  Request Allocated 
	   Cpus                 :     0.90        1         1 
	   Disk (KB)            :     1           1     29523 
	   Memory (MB)          :   192        1024      1024 

	Job terminated of its own accord at 2026-05-08T16:30:12Z with exit-code 139.
...
