000 (407560.000.000) 2026-05-07 18:21:16 Job submitted from host: <192.168.250.101:9618?addrs=192.168.250.101-9618&alias=hercules.hcms.it&noUDP&sock=schedd_3404051_6d7b>
...
001 (407560.000.000) 2026-05-07 18:21:38 Job executing on host: <192.168.250.112:9618?addrs=192.168.250.112-9618&alias=hercules02.hcms.it&noUDP&sock=startd_1261146_d63b>
	SlotName: slot86_1@hercules02.hcms.it
	CondorScratchDir = "/var/lib/condor/execute/dir_3917144"
	Cpus = 1
	Disk = 29523
	Memory = 1024
...
006 (407560.000.000) 2026-05-07 18:21:46 Image size of job updated: 56100
	55  -  MemoryUsage of job (MB)
	55916  -  ResidentSetSize of job (KB)
...
006 (407560.000.000) 2026-05-07 18:31:46 Image size of job updated: 354996
	55  -  MemoryUsage of job (MB)
	55916  -  ResidentSetSize of job (KB)
...
006 (407560.000.000) 2026-05-07 18:51:49 Image size of job updated: 355948
	55  -  MemoryUsage of job (MB)
	55916  -  ResidentSetSize of job (KB)
...
006 (407560.000.000) 2026-05-07 18:56:50 Image size of job updated: 356884
	55  -  MemoryUsage of job (MB)
	55916  -  ResidentSetSize of job (KB)
...
006 (407560.000.000) 2026-05-07 19:11:52 Image size of job updated: 359180
	55  -  MemoryUsage of job (MB)
	55916  -  ResidentSetSize of job (KB)
...
006 (407560.000.000) 2026-05-07 19:21:52 Image size of job updated: 360492
	55  -  MemoryUsage of job (MB)
	55916  -  ResidentSetSize of job (KB)
...
006 (407560.000.000) 2026-05-07 21:22:04 Image size of job updated: 360492
	57  -  MemoryUsage of job (MB)
	58012  -  ResidentSetSize of job (KB)
...
006 (407560.000.000) 2026-05-07 21:42:07 Image size of job updated: 361208
	57  -  MemoryUsage of job (MB)
	58012  -  ResidentSetSize of job (KB)
...
006 (407560.000.000) 2026-05-07 22:32:12 Image size of job updated: 361208
	57  -  MemoryUsage of job (MB)
	58288  -  ResidentSetSize of job (KB)
...
006 (407560.000.000) 2026-05-08 01:42:30 Image size of job updated: 361208
	60  -  MemoryUsage of job (MB)
	61104  -  ResidentSetSize of job (KB)
...
006 (407560.000.000) 2026-05-08 02:22:36 Image size of job updated: 361208
	192  -  MemoryUsage of job (MB)
	196552  -  ResidentSetSize of job (KB)
...
006 (407560.000.000) 2026-05-08 03:47:45 Image size of job updated: 362328
	192  -  MemoryUsage of job (MB)
	196552  -  ResidentSetSize of job (KB)
...
006 (407560.000.000) 2026-05-08 04:07:46 Image size of job updated: 363168
	192  -  MemoryUsage of job (MB)
	196552  -  ResidentSetSize of job (KB)
...
006 (407560.000.000) 2026-05-08 07:03:04 Image size of job updated: 664604
	359  -  MemoryUsage of job (MB)
	366868  -  ResidentSetSize of job (KB)
...
006 (407560.000.000) 2026-05-08 07:13:05 Image size of job updated: 667972
	359  -  MemoryUsage of job (MB)
	366868  -  ResidentSetSize of job (KB)
...
006 (407560.000.000) 2026-05-08 08:08:10 Image size of job updated: 667972
	359  -  MemoryUsage of job (MB)
	366912  -  ResidentSetSize of job (KB)
...
006 (407560.000.000) 2026-05-08 08:18:11 Image size of job updated: 670340
	360  -  MemoryUsage of job (MB)
	368332  -  ResidentSetSize of job (KB)
...
005 (407560.000.000) 2026-05-08 11:23:11 Job terminated.
	(1) Normal termination (return value 139)
		Usr 0 15:20:40, Sys 0 01:34:07  -  Run Remote Usage
		Usr 0 00:00:00, Sys 0 00:00:00  -  Run Local Usage
		Usr 0 15:20:40, Sys 0 01:34:07  -  Total Remote Usage
		Usr 0 00:00:00, Sys 0 00:00:00  -  Total Local Usage
	0  -  Run Bytes Sent By Job
	0  -  Run Bytes Received By Job
	0  -  Total Bytes Sent By Job
	0  -  Total Bytes Received By Job
	Partitionable Resources :    Usage  Request Allocated 
	   Cpus                 :     0.99        1         1 
	   Disk (KB)            :     1           1     29523 
	   Memory (MB)          :   360        1024      1024 

	Job terminated of its own accord at 2026-05-08T09:23:11Z with exit-code 139.
...
