000 (407691.000.000) 2026-05-07 18:21:19 Job submitted from host: <192.168.250.101:9618?addrs=192.168.250.101-9618&alias=hercules.hcms.it&noUDP&sock=schedd_3404051_6d7b>
...
001 (407691.000.000) 2026-05-08 19:19:59 Job executing on host: <192.168.250.22:9618?addrs=192.168.250.22-9618&alias=pccms12.hcms.it&noUDP&sock=startd_3275093_f746>
	SlotName: slot40_1@pccms12.hcms.it
	CondorScratchDir = "/var/lib/condor/execute/dir_1762466"
	Cpus = 1
	Disk = 22134
	Memory = 1024
...
006 (407691.000.000) 2026-05-08 19:20:08 Image size of job updated: 37140
	36  -  MemoryUsage of job (MB)
	36340  -  ResidentSetSize of job (KB)
...
006 (407691.000.000) 2026-05-08 19:25:09 Image size of job updated: 38232
	37  -  MemoryUsage of job (MB)
	37244  -  ResidentSetSize of job (KB)
...
006 (407691.000.000) 2026-05-08 20:30:16 Image size of job updated: 332652
	38  -  MemoryUsage of job (MB)
	38180  -  ResidentSetSize of job (KB)
...
006 (407691.000.000) 2026-05-08 20:35:17 Image size of job updated: 332652
	38  -  MemoryUsage of job (MB)
	38204  -  ResidentSetSize of job (KB)
...
006 (407691.000.000) 2026-05-08 20:40:17 Image size of job updated: 332652
	38  -  MemoryUsage of job (MB)
	38232  -  ResidentSetSize of job (KB)
...
006 (407691.000.000) 2026-05-08 21:25:22 Image size of job updated: 332652
	38  -  MemoryUsage of job (MB)
	38580  -  ResidentSetSize of job (KB)
...
006 (407691.000.000) 2026-05-08 22:30:28 Image size of job updated: 333304
	38  -  MemoryUsage of job (MB)
	38580  -  ResidentSetSize of job (KB)
...
006 (407691.000.000) 2026-05-08 23:45:36 Image size of job updated: 333304
	38  -  MemoryUsage of job (MB)
	38612  -  ResidentSetSize of job (KB)
...
006 (407691.000.000) 2026-05-09 00:20:40 Image size of job updated: 333304
	38  -  MemoryUsage of job (MB)
	38860  -  ResidentSetSize of job (KB)
...
006 (407691.000.000) 2026-05-09 01:20:46 Image size of job updated: 333304
	39  -  MemoryUsage of job (MB)
	39560  -  ResidentSetSize of job (KB)
...
006 (407691.000.000) 2026-05-09 01:25:46 Image size of job updated: 333376
	39  -  MemoryUsage of job (MB)
	39560  -  ResidentSetSize of job (KB)
...
006 (407691.000.000) 2026-05-09 03:25:59 Image size of job updated: 333376
	39  -  MemoryUsage of job (MB)
	39924  -  ResidentSetSize of job (KB)
...
006 (407691.000.000) 2026-05-09 03:31:00 Image size of job updated: 336832
	39  -  MemoryUsage of job (MB)
	39924  -  ResidentSetSize of job (KB)
...
006 (407691.000.000) 2026-05-09 04:51:08 Image size of job updated: 336832
	128  -  MemoryUsage of job (MB)
	130164  -  ResidentSetSize of job (KB)
...
006 (407691.000.000) 2026-05-09 05:51:14 Image size of job updated: 337136
	128  -  MemoryUsage of job (MB)
	130164  -  ResidentSetSize of job (KB)
...
006 (407691.000.000) 2026-05-09 09:36:36 Image size of job updated: 337136
	134  -  MemoryUsage of job (MB)
	136252  -  ResidentSetSize of job (KB)
...
006 (407691.000.000) 2026-05-09 10:31:41 Image size of job updated: 338320
	134  -  MemoryUsage of job (MB)
	136252  -  ResidentSetSize of job (KB)
...
006 (407691.000.000) 2026-05-09 12:46:53 Image size of job updated: 338636
	134  -  MemoryUsage of job (MB)
	136252  -  ResidentSetSize of job (KB)
...
006 (407691.000.000) 2026-05-09 19:37:35 Image size of job updated: 339748
	134  -  MemoryUsage of job (MB)
	136252  -  ResidentSetSize of job (KB)
...
006 (407691.000.000) 2026-05-09 20:07:38 Image size of job updated: 340720
	134  -  MemoryUsage of job (MB)
	136252  -  ResidentSetSize of job (KB)
...
006 (407691.000.000) 2026-05-09 20:27:40 Image size of job updated: 342256
	134  -  MemoryUsage of job (MB)
	136252  -  ResidentSetSize of job (KB)
...
006 (407691.000.000) 2026-05-09 20:32:40 Image size of job updated: 342744
	134  -  MemoryUsage of job (MB)
	136252  -  ResidentSetSize of job (KB)
...
005 (407691.000.000) 2026-05-09 23:13:06 Job terminated.
	(1) Normal termination (return value 139)
		Usr 1 01:29:32, Sys 0 02:11:58  -  Run Remote Usage
		Usr 0 00:00:00, Sys 0 00:00:00  -  Run Local Usage
		Usr 1 01:29:32, Sys 0 02:11:58  -  Total Remote Usage
		Usr 0 00:00:00, Sys 0 00:00:00  -  Total Local Usage
	0  -  Run Bytes Sent By Job
	0  -  Run Bytes Received By Job
	0  -  Total Bytes Sent By Job
	0  -  Total Bytes Received By Job
	Partitionable Resources :    Usage  Request Allocated 
	   Cpus                 :     0.99        1         1 
	   Disk (KB)            :     1           1     22134 
	   Memory (MB)          :   134        1024      1024 

	Job terminated of its own accord at 2026-05-09T21:13:06Z with exit-code 139.
...
