000 (407796.000.000) 2026-05-07 18:21:22 Job submitted from host: <192.168.250.101:9618?addrs=192.168.250.101-9618&alias=hercules.hcms.it&noUDP&sock=schedd_3404051_6d7b>
...
001 (407796.000.000) 2026-05-09 01:05:07 Job executing on host: <192.168.250.103:9618?addrs=192.168.250.103-9618&alias=clipper.hcms.it&noUDP&sock=startd_3676022_e97e>
	SlotName: slot9_1@clipper.hcms.it
	CondorScratchDir = "/var/lib/condor/execute/dir_3106420"
	Cpus = 1
	Disk = 20734
	Memory = 1024
...
006 (407796.000.000) 2026-05-09 01:05:16 Image size of job updated: 63528
	62  -  MemoryUsage of job (MB)
	63332  -  ResidentSetSize of job (KB)
...
006 (407796.000.000) 2026-05-09 01:10:17 Image size of job updated: 66344
	63  -  MemoryUsage of job (MB)
	64144  -  ResidentSetSize of job (KB)
...
006 (407796.000.000) 2026-05-09 01:15:17 Image size of job updated: 66344
	63  -  MemoryUsage of job (MB)
	64272  -  ResidentSetSize of job (KB)
...
006 (407796.000.000) 2026-05-09 02:20:24 Image size of job updated: 369892
	63  -  MemoryUsage of job (MB)
	64272  -  ResidentSetSize of job (KB)
...
006 (407796.000.000) 2026-05-09 02:35:25 Image size of job updated: 373524
	67  -  MemoryUsage of job (MB)
	67908  -  ResidentSetSize of job (KB)
...
006 (407796.000.000) 2026-05-09 02:40:25 Image size of job updated: 374364
	67  -  MemoryUsage of job (MB)
	67908  -  ResidentSetSize of job (KB)
...
006 (407796.000.000) 2026-05-09 04:40:38 Image size of job updated: 376500
	69  -  MemoryUsage of job (MB)
	69792  -  ResidentSetSize of job (KB)
...
006 (407796.000.000) 2026-05-09 05:00:40 Image size of job updated: 376500
	359  -  MemoryUsage of job (MB)
	366696  -  ResidentSetSize of job (KB)
...
006 (407796.000.000) 2026-05-10 01:02:42 Image size of job updated: 672924
	359  -  MemoryUsage of job (MB)
	366696  -  ResidentSetSize of job (KB)
...
006 (407796.000.000) 2026-05-10 01:32:44 Image size of job updated: 673308
	359  -  MemoryUsage of job (MB)
	366696  -  ResidentSetSize of job (KB)
...
006 (407796.000.000) 2026-05-10 01:37:45 Image size of job updated: 676036
	359  -  MemoryUsage of job (MB)
	366696  -  ResidentSetSize of job (KB)
...
006 (407796.000.000) 2026-05-10 02:07:47 Image size of job updated: 676036
	363  -  MemoryUsage of job (MB)
	370740  -  ResidentSetSize of job (KB)
...
005 (407796.000.000) 2026-05-10 04:48:48 Job terminated.
	(1) Normal termination (return value 139)
		Usr 1 02:47:07, Sys 0 00:49:08  -  Run Remote Usage
		Usr 0 00:00:00, Sys 0 00:00:00  -  Run Local Usage
		Usr 1 02:47:07, Sys 0 00:49:08  -  Total Remote Usage
		Usr 0 00:00:00, Sys 0 00:00:00  -  Total Local Usage
	0  -  Run Bytes Sent By Job
	0  -  Run Bytes Received By Job
	0  -  Total Bytes Sent By Job
	0  -  Total Bytes Received By Job
	Partitionable Resources :    Usage  Request Allocated 
	   Cpus                 :     0.98        1         1 
	   Disk (KB)            :     1           1     20734 
	   Memory (MB)          :   363        1024      1024 

	Job terminated of its own accord at 2026-05-10T02:48:48Z with exit-code 139.
...
