000 (407475.000.000) 2026-05-07 18:21:13 Job submitted from host: <192.168.250.101:9618?addrs=192.168.250.101-9618&alias=hercules.hcms.it&noUDP&sock=schedd_3404051_6d7b>
...
001 (407475.000.000) 2026-05-07 18:21:19 Job executing on host: <192.168.250.112:9618?addrs=192.168.250.112-9618&alias=hercules02.hcms.it&noUDP&sock=startd_1261146_d63b>
	SlotName: slot1_1@hercules02.hcms.it
	CondorScratchDir = "/var/lib/condor/execute/dir_3900901"
	Cpus = 1
	Disk = 29523
	Memory = 1024
...
006 (407475.000.000) 2026-05-07 18:21:27 Image size of job updated: 54608
	47  -  MemoryUsage of job (MB)
	47480  -  ResidentSetSize of job (KB)
...
006 (407475.000.000) 2026-05-07 18:36:28 Image size of job updated: 54608
	47  -  MemoryUsage of job (MB)
	47608  -  ResidentSetSize of job (KB)
...
006 (407475.000.000) 2026-05-07 18:41:28 Image size of job updated: 54608
	47  -  MemoryUsage of job (MB)
	48128  -  ResidentSetSize of job (KB)
...
006 (407475.000.000) 2026-05-07 18:56:30 Image size of job updated: 54608
	48  -  MemoryUsage of job (MB)
	48340  -  ResidentSetSize of job (KB)
...
006 (407475.000.000) 2026-05-07 19:01:30 Image size of job updated: 358656
	49  -  MemoryUsage of job (MB)
	49980  -  ResidentSetSize of job (KB)
...
006 (407475.000.000) 2026-05-07 19:26:33 Image size of job updated: 358656
	49  -  MemoryUsage of job (MB)
	50164  -  ResidentSetSize of job (KB)
...
006 (407475.000.000) 2026-05-07 19:51:35 Image size of job updated: 359168
	55  -  MemoryUsage of job (MB)
	56248  -  ResidentSetSize of job (KB)
...
006 (407475.000.000) 2026-05-07 20:41:40 Image size of job updated: 359528
	56  -  MemoryUsage of job (MB)
	57020  -  ResidentSetSize of job (KB)
...
006 (407475.000.000) 2026-05-07 20:46:41 Image size of job updated: 360472
	56  -  MemoryUsage of job (MB)
	57020  -  ResidentSetSize of job (KB)
...
006 (407475.000.000) 2026-05-08 05:32:38 Image size of job updated: 360472
	57  -  MemoryUsage of job (MB)
	57572  -  ResidentSetSize of job (KB)
...
006 (407475.000.000) 2026-05-08 06:37:45 Image size of job updated: 360472
	58  -  MemoryUsage of job (MB)
	58584  -  ResidentSetSize of job (KB)
...
006 (407475.000.000) 2026-05-08 07:42:52 Image size of job updated: 360472
	58  -  MemoryUsage of job (MB)
	58996  -  ResidentSetSize of job (KB)
...
006 (407475.000.000) 2026-05-08 07:57:53 Image size of job updated: 360472
	58  -  MemoryUsage of job (MB)
	59044  -  ResidentSetSize of job (KB)
...
006 (407475.000.000) 2026-05-08 08:07:53 Image size of job updated: 360472
	58  -  MemoryUsage of job (MB)
	59200  -  ResidentSetSize of job (KB)
...
006 (407475.000.000) 2026-05-08 08:17:55 Image size of job updated: 360472
	60  -  MemoryUsage of job (MB)
	61000  -  ResidentSetSize of job (KB)
...
006 (407475.000.000) 2026-05-08 08:42:57 Image size of job updated: 360472
	60  -  MemoryUsage of job (MB)
	61128  -  ResidentSetSize of job (KB)
...
006 (407475.000.000) 2026-05-08 09:28:02 Image size of job updated: 360472
	63  -  MemoryUsage of job (MB)
	63564  -  ResidentSetSize of job (KB)
...
006 (407475.000.000) 2026-05-08 09:33:02 Image size of job updated: 360472
	64  -  MemoryUsage of job (MB)
	65356  -  ResidentSetSize of job (KB)
...
006 (407475.000.000) 2026-05-08 10:13:07 Image size of job updated: 360472
	64  -  MemoryUsage of job (MB)
	65372  -  ResidentSetSize of job (KB)
...
006 (407475.000.000) 2026-05-08 13:28:26 Image size of job updated: 360472
	64  -  MemoryUsage of job (MB)
	65512  -  ResidentSetSize of job (KB)
...
006 (407475.000.000) 2026-05-08 13:33:27 Image size of job updated: 360472
	65  -  MemoryUsage of job (MB)
	65788  -  ResidentSetSize of job (KB)
...
006 (407475.000.000) 2026-05-08 13:38:27 Image size of job updated: 360472
	65  -  MemoryUsage of job (MB)
	65844  -  ResidentSetSize of job (KB)
...
006 (407475.000.000) 2026-05-08 13:43:27 Image size of job updated: 360472
	67  -  MemoryUsage of job (MB)
	67660  -  ResidentSetSize of job (KB)
...
006 (407475.000.000) 2026-05-08 15:08:36 Image size of job updated: 360472
	67  -  MemoryUsage of job (MB)
	68108  -  ResidentSetSize of job (KB)
...
006 (407475.000.000) 2026-05-08 18:03:54 Image size of job updated: 360472
	67  -  MemoryUsage of job (MB)
	68128  -  ResidentSetSize of job (KB)
...
006 (407475.000.000) 2026-05-08 18:23:55 Image size of job updated: 360472
	67  -  MemoryUsage of job (MB)
	68284  -  ResidentSetSize of job (KB)
...
006 (407475.000.000) 2026-05-08 18:28:56 Image size of job updated: 360472
	67  -  MemoryUsage of job (MB)
	68320  -  ResidentSetSize of job (KB)
...
006 (407475.000.000) 2026-05-08 18:33:57 Image size of job updated: 360472
	67  -  MemoryUsage of job (MB)
	68364  -  ResidentSetSize of job (KB)
...
006 (407475.000.000) 2026-05-08 18:43:58 Image size of job updated: 360472
	67  -  MemoryUsage of job (MB)
	68440  -  ResidentSetSize of job (KB)
...
006 (407475.000.000) 2026-05-08 18:48:59 Image size of job updated: 360472
	67  -  MemoryUsage of job (MB)
	68464  -  ResidentSetSize of job (KB)
...
006 (407475.000.000) 2026-05-08 18:53:59 Image size of job updated: 360472
	67  -  MemoryUsage of job (MB)
	68492  -  ResidentSetSize of job (KB)
...
006 (407475.000.000) 2026-05-08 19:19:01 Image size of job updated: 360472
	67  -  MemoryUsage of job (MB)
	68504  -  ResidentSetSize of job (KB)
...
006 (407475.000.000) 2026-05-08 19:29:02 Image size of job updated: 360472
	67  -  MemoryUsage of job (MB)
	68564  -  ResidentSetSize of job (KB)
...
006 (407475.000.000) 2026-05-08 19:34:03 Image size of job updated: 360472
	67  -  MemoryUsage of job (MB)
	68600  -  ResidentSetSize of job (KB)
...
006 (407475.000.000) 2026-05-08 19:54:06 Image size of job updated: 360472
	68  -  MemoryUsage of job (MB)
	68744  -  ResidentSetSize of job (KB)
...
006 (407475.000.000) 2026-05-08 19:59:06 Image size of job updated: 360472
	68  -  MemoryUsage of job (MB)
	68808  -  ResidentSetSize of job (KB)
...
006 (407475.000.000) 2026-05-08 20:04:06 Image size of job updated: 360472
	68  -  MemoryUsage of job (MB)
	69084  -  ResidentSetSize of job (KB)
...
006 (407475.000.000) 2026-05-08 20:19:08 Image size of job updated: 360472
	68  -  MemoryUsage of job (MB)
	69216  -  ResidentSetSize of job (KB)
...
006 (407475.000.000) 2026-05-08 20:59:12 Image size of job updated: 360472
	68  -  MemoryUsage of job (MB)
	69272  -  ResidentSetSize of job (KB)
...
006 (407475.000.000) 2026-05-08 21:04:13 Image size of job updated: 360472
	68  -  MemoryUsage of job (MB)
	69528  -  ResidentSetSize of job (KB)
...
006 (407475.000.000) 2026-05-08 21:34:17 Image size of job updated: 360472
	68  -  MemoryUsage of job (MB)
	69556  -  ResidentSetSize of job (KB)
...
006 (407475.000.000) 2026-05-08 21:44:17 Image size of job updated: 360472
	68  -  MemoryUsage of job (MB)
	69624  -  ResidentSetSize of job (KB)
...
006 (407475.000.000) 2026-05-08 21:49:18 Image size of job updated: 360472
	69  -  MemoryUsage of job (MB)
	69668  -  ResidentSetSize of job (KB)
...
006 (407475.000.000) 2026-05-08 22:14:21 Image size of job updated: 360472
	81  -  MemoryUsage of job (MB)
	82740  -  ResidentSetSize of job (KB)
...
006 (407475.000.000) 2026-05-09 00:49:37 Image size of job updated: 360472
	82  -  MemoryUsage of job (MB)
	83944  -  ResidentSetSize of job (KB)
...
006 (407475.000.000) 2026-05-09 08:25:24 Image size of job updated: 360472
	83  -  MemoryUsage of job (MB)
	84452  -  ResidentSetSize of job (KB)
...
006 (407475.000.000) 2026-05-09 09:20:30 Image size of job updated: 360472
	85  -  MemoryUsage of job (MB)
	86300  -  ResidentSetSize of job (KB)
...
006 (407475.000.000) 2026-05-09 21:11:42 Image size of job updated: 360472
	85  -  MemoryUsage of job (MB)
	86508  -  ResidentSetSize of job (KB)
...
006 (407475.000.000) 2026-05-09 22:26:51 Image size of job updated: 360472
	87  -  MemoryUsage of job (MB)
	88812  -  ResidentSetSize of job (KB)
...
006 (407475.000.000) 2026-05-09 23:41:58 Image size of job updated: 360472
	87  -  MemoryUsage of job (MB)
	88840  -  ResidentSetSize of job (KB)
...
006 (407475.000.000) 2026-05-09 23:46:59 Image size of job updated: 360472
	87  -  MemoryUsage of job (MB)
	89076  -  ResidentSetSize of job (KB)
...
006 (407475.000.000) 2026-05-09 23:52:00 Image size of job updated: 360472
	88  -  MemoryUsage of job (MB)
	89200  -  ResidentSetSize of job (KB)
...
006 (407475.000.000) 2026-05-09 23:57:00 Image size of job updated: 360472
	88  -  MemoryUsage of job (MB)
	89352  -  ResidentSetSize of job (KB)
...
006 (407475.000.000) 2026-05-10 00:07:01 Image size of job updated: 360472
	88  -  MemoryUsage of job (MB)
	89608  -  ResidentSetSize of job (KB)
...
006 (407475.000.000) 2026-05-10 00:12:01 Image size of job updated: 360472
	88  -  MemoryUsage of job (MB)
	89716  -  ResidentSetSize of job (KB)
...
006 (407475.000.000) 2026-05-10 00:17:01 Image size of job updated: 360472
	88  -  MemoryUsage of job (MB)
	89920  -  ResidentSetSize of job (KB)
...
006 (407475.000.000) 2026-05-10 00:22:02 Image size of job updated: 360472
	88  -  MemoryUsage of job (MB)
	90080  -  ResidentSetSize of job (KB)
...
006 (407475.000.000) 2026-05-10 00:27:03 Image size of job updated: 360472
	89  -  MemoryUsage of job (MB)
	90132  -  ResidentSetSize of job (KB)
...
006 (407475.000.000) 2026-05-10 00:37:04 Image size of job updated: 360472
	89  -  MemoryUsage of job (MB)
	90720  -  ResidentSetSize of job (KB)
...
006 (407475.000.000) 2026-05-10 00:47:05 Image size of job updated: 360472
	89  -  MemoryUsage of job (MB)
	90800  -  ResidentSetSize of job (KB)
...
006 (407475.000.000) 2026-05-10 00:52:05 Image size of job updated: 360472
	91  -  MemoryUsage of job (MB)
	92696  -  ResidentSetSize of job (KB)
...
006 (407475.000.000) 2026-05-10 02:07:14 Image size of job updated: 360472
	93  -  MemoryUsage of job (MB)
	94748  -  ResidentSetSize of job (KB)
...
006 (407475.000.000) 2026-05-10 03:17:20 Image size of job updated: 360472
	95  -  MemoryUsage of job (MB)
	96800  -  ResidentSetSize of job (KB)
...
006 (407475.000.000) 2026-05-10 04:32:27 Image size of job updated: 360472
	97  -  MemoryUsage of job (MB)
	98852  -  ResidentSetSize of job (KB)
...
006 (407475.000.000) 2026-05-10 05:42:35 Image size of job updated: 360472
	99  -  MemoryUsage of job (MB)
	100904  -  ResidentSetSize of job (KB)
...
006 (407475.000.000) 2026-05-10 06:57:42 Image size of job updated: 360472
	101  -  MemoryUsage of job (MB)
	102956  -  ResidentSetSize of job (KB)
...
006 (407475.000.000) 2026-05-10 07:02:42 Image size of job updated: 360472
	102  -  MemoryUsage of job (MB)
	103432  -  ResidentSetSize of job (KB)
...
006 (407475.000.000) 2026-05-10 08:07:48 Image size of job updated: 360472
	104  -  MemoryUsage of job (MB)
	105512  -  ResidentSetSize of job (KB)
...
006 (407475.000.000) 2026-05-10 09:32:57 Image size of job updated: 360472
	104  -  MemoryUsage of job (MB)
	105600  -  ResidentSetSize of job (KB)
...
006 (407475.000.000) 2026-05-10 09:37:57 Image size of job updated: 360472
	104  -  MemoryUsage of job (MB)
	105756  -  ResidentSetSize of job (KB)
...
006 (407475.000.000) 2026-05-10 09:42:57 Image size of job updated: 360472
	104  -  MemoryUsage of job (MB)
	105892  -  ResidentSetSize of job (KB)
...
006 (407475.000.000) 2026-05-10 09:47:58 Image size of job updated: 360472
	104  -  MemoryUsage of job (MB)
	106000  -  ResidentSetSize of job (KB)
...
006 (407475.000.000) 2026-05-10 09:52:59 Image size of job updated: 360472
	106  -  MemoryUsage of job (MB)
	107848  -  ResidentSetSize of job (KB)
...
006 (407475.000.000) 2026-05-10 11:03:07 Image size of job updated: 360472
	108  -  MemoryUsage of job (MB)
	110152  -  ResidentSetSize of job (KB)
...
006 (407475.000.000) 2026-05-10 12:18:15 Image size of job updated: 360472
	110  -  MemoryUsage of job (MB)
	112204  -  ResidentSetSize of job (KB)
...
006 (407475.000.000) 2026-05-10 13:28:23 Image size of job updated: 360472
	112  -  MemoryUsage of job (MB)
	114004  -  ResidentSetSize of job (KB)
...
006 (407475.000.000) 2026-05-10 14:43:32 Image size of job updated: 360472
	114  -  MemoryUsage of job (MB)
	116056  -  ResidentSetSize of job (KB)
...
006 (407475.000.000) 2026-05-10 15:53:39 Image size of job updated: 360472
	116  -  MemoryUsage of job (MB)
	118360  -  ResidentSetSize of job (KB)
...
006 (407475.000.000) 2026-05-10 17:08:47 Image size of job updated: 360472
	118  -  MemoryUsage of job (MB)
	120160  -  ResidentSetSize of job (KB)
...
006 (407475.000.000) 2026-05-10 18:18:54 Image size of job updated: 360472
	120  -  MemoryUsage of job (MB)
	122464  -  ResidentSetSize of job (KB)
...
006 (407475.000.000) 2026-05-10 19:29:02 Image size of job updated: 360472
	122  -  MemoryUsage of job (MB)
	124516  -  ResidentSetSize of job (KB)
...
006 (407475.000.000) 2026-05-10 20:44:09 Image size of job updated: 360472
	124  -  MemoryUsage of job (MB)
	126568  -  ResidentSetSize of job (KB)
...
006 (407475.000.000) 2026-05-10 21:54:16 Image size of job updated: 360472
	126  -  MemoryUsage of job (MB)
	128620  -  ResidentSetSize of job (KB)
...
006 (407475.000.000) 2026-05-10 23:14:25 Image size of job updated: 360472
	128  -  MemoryUsage of job (MB)
	130420  -  ResidentSetSize of job (KB)
...
006 (407475.000.000) 2026-05-11 00:34:33 Image size of job updated: 360472
	130  -  MemoryUsage of job (MB)
	132472  -  ResidentSetSize of job (KB)
...
006 (407475.000.000) 2026-05-11 01:49:40 Image size of job updated: 360472
	132  -  MemoryUsage of job (MB)
	134524  -  ResidentSetSize of job (KB)
...
006 (407475.000.000) 2026-05-11 03:29:50 Image size of job updated: 360472
	134  -  MemoryUsage of job (MB)
	136828  -  ResidentSetSize of job (KB)
...
006 (407475.000.000) 2026-05-11 05:05:01 Image size of job updated: 360472
	134  -  MemoryUsage of job (MB)
	136832  -  ResidentSetSize of job (KB)
...
006 (407475.000.000) 2026-05-11 05:10:01 Image size of job updated: 360472
	134  -  MemoryUsage of job (MB)
	137012  -  ResidentSetSize of job (KB)
...
006 (407475.000.000) 2026-05-11 05:15:02 Image size of job updated: 360472
	134  -  MemoryUsage of job (MB)
	137152  -  ResidentSetSize of job (KB)
...
006 (407475.000.000) 2026-05-11 05:20:03 Image size of job updated: 360472
	135  -  MemoryUsage of job (MB)
	137272  -  ResidentSetSize of job (KB)
...
006 (407475.000.000) 2026-05-11 05:25:03 Image size of job updated: 360472
	135  -  MemoryUsage of job (MB)
	137428  -  ResidentSetSize of job (KB)
...
006 (407475.000.000) 2026-05-11 05:35:05 Image size of job updated: 360472
	136  -  MemoryUsage of job (MB)
	138560  -  ResidentSetSize of job (KB)
...
006 (407475.000.000) 2026-05-11 06:30:10 Image size of job updated: 360472
	136  -  MemoryUsage of job (MB)
	138816  -  ResidentSetSize of job (KB)
...
006 (407475.000.000) 2026-05-11 06:35:10 Image size of job updated: 360472
	138  -  MemoryUsage of job (MB)
	140868  -  ResidentSetSize of job (KB)
...
006 (407475.000.000) 2026-05-11 07:50:17 Image size of job updated: 360472
	140  -  MemoryUsage of job (MB)
	143064  -  ResidentSetSize of job (KB)
...
006 (407475.000.000) 2026-05-11 09:00:26 Image size of job updated: 360472
	142  -  MemoryUsage of job (MB)
	145116  -  ResidentSetSize of job (KB)
...
006 (407475.000.000) 2026-05-11 10:10:33 Image size of job updated: 360472
	144  -  MemoryUsage of job (MB)
	147164  -  ResidentSetSize of job (KB)
...
006 (407475.000.000) 2026-05-11 11:15:40 Image size of job updated: 360472
	144  -  MemoryUsage of job (MB)
	147172  -  ResidentSetSize of job (KB)
...
006 (407475.000.000) 2026-05-11 11:20:40 Image size of job updated: 360472
	146  -  MemoryUsage of job (MB)
	149220  -  ResidentSetSize of job (KB)
...
006 (407475.000.000) 2026-05-11 12:30:47 Image size of job updated: 360472
	148  -  MemoryUsage of job (MB)
	151268  -  ResidentSetSize of job (KB)
...
006 (407475.000.000) 2026-05-11 13:40:54 Image size of job updated: 360472
	150  -  MemoryUsage of job (MB)
	153316  -  ResidentSetSize of job (KB)
...
006 (407475.000.000) 2026-05-11 14:51:00 Image size of job updated: 360472
	152  -  MemoryUsage of job (MB)
	155380  -  ResidentSetSize of job (KB)
...
006 (407475.000.000) 2026-05-11 15:56:07 Image size of job updated: 360472
	152  -  MemoryUsage of job (MB)
	155384  -  ResidentSetSize of job (KB)
...
006 (407475.000.000) 2026-05-11 16:01:08 Image size of job updated: 360472
	154  -  MemoryUsage of job (MB)
	157184  -  ResidentSetSize of job (KB)
...
006 (407475.000.000) 2026-05-11 17:51:20 Image size of job updated: 360472
	156  -  MemoryUsage of job (MB)
	159488  -  ResidentSetSize of job (KB)
...
006 (407475.000.000) 2026-05-11 19:31:31 Image size of job updated: 360472
	158  -  MemoryUsage of job (MB)
	161488  -  ResidentSetSize of job (KB)
...
006 (407475.000.000) 2026-05-11 21:06:40 Image size of job updated: 360472
	160  -  MemoryUsage of job (MB)
	163540  -  ResidentSetSize of job (KB)
...
006 (407475.000.000) 2026-05-11 22:46:52 Image size of job updated: 360472
	160  -  MemoryUsage of job (MB)
	163544  -  ResidentSetSize of job (KB)
...
006 (407475.000.000) 2026-05-11 22:51:52 Image size of job updated: 360472
	162  -  MemoryUsage of job (MB)
	165592  -  ResidentSetSize of job (KB)
...
006 (407475.000.000) 2026-05-12 00:37:02 Image size of job updated: 360472
	164  -  MemoryUsage of job (MB)
	167652  -  ResidentSetSize of job (KB)
...
006 (407475.000.000) 2026-05-12 02:27:15 Image size of job updated: 360472
	166  -  MemoryUsage of job (MB)
	169696  -  ResidentSetSize of job (KB)
...
006 (407475.000.000) 2026-05-12 04:17:26 Image size of job updated: 360472
	168  -  MemoryUsage of job (MB)
	171764  -  ResidentSetSize of job (KB)
...
006 (407475.000.000) 2026-05-12 05:27:33 Image size of job updated: 360472
	170  -  MemoryUsage of job (MB)
	173800  -  ResidentSetSize of job (KB)
...
006 (407475.000.000) 2026-05-12 06:37:39 Image size of job updated: 360472
	172  -  MemoryUsage of job (MB)
	176104  -  ResidentSetSize of job (KB)
...
006 (407475.000.000) 2026-05-12 07:02:42 Image size of job updated: 360472
	173  -  MemoryUsage of job (MB)
	176616  -  ResidentSetSize of job (KB)
...
006 (407475.000.000) 2026-05-12 07:42:46 Image size of job updated: 360472
	175  -  MemoryUsage of job (MB)
	178664  -  ResidentSetSize of job (KB)
...
006 (407475.000.000) 2026-05-12 08:52:52 Image size of job updated: 360472
	177  -  MemoryUsage of job (MB)
	180612  -  ResidentSetSize of job (KB)
...
006 (407475.000.000) 2026-05-12 09:57:59 Image size of job updated: 360472
	179  -  MemoryUsage of job (MB)
	182660  -  ResidentSetSize of job (KB)
...
006 (407475.000.000) 2026-05-12 11:08:06 Image size of job updated: 360472
	180  -  MemoryUsage of job (MB)
	184232  -  ResidentSetSize of job (KB)
...
006 (407475.000.000) 2026-05-12 12:13:13 Image size of job updated: 360472
	183  -  MemoryUsage of job (MB)
	186536  -  ResidentSetSize of job (KB)
...
006 (407475.000.000) 2026-05-12 13:53:24 Image size of job updated: 360472
	184  -  MemoryUsage of job (MB)
	188168  -  ResidentSetSize of job (KB)
...
006 (407475.000.000) 2026-05-12 15:33:34 Image size of job updated: 360472
	184  -  MemoryUsage of job (MB)
	188172  -  ResidentSetSize of job (KB)
...
006 (407475.000.000) 2026-05-12 15:38:34 Image size of job updated: 360472
	185  -  MemoryUsage of job (MB)
	188428  -  ResidentSetSize of job (KB)
...
006 (407475.000.000) 2026-05-12 15:48:35 Image size of job updated: 360472
	186  -  MemoryUsage of job (MB)
	190224  -  ResidentSetSize of job (KB)
...
006 (407475.000.000) 2026-05-12 17:43:47 Image size of job updated: 360472
	188  -  MemoryUsage of job (MB)
	192300  -  ResidentSetSize of job (KB)
...
006 (407475.000.000) 2026-05-12 19:33:58 Image size of job updated: 360472
	190  -  MemoryUsage of job (MB)
	194304  -  ResidentSetSize of job (KB)
...
006 (407475.000.000) 2026-05-12 20:34:04 Image size of job updated: 360472
	190  -  MemoryUsage of job (MB)
	194324  -  ResidentSetSize of job (KB)
...
006 (407475.000.000) 2026-05-12 21:29:10 Image size of job updated: 360472
	193  -  MemoryUsage of job (MB)
	196628  -  ResidentSetSize of job (KB)
...
006 (407475.000.000) 2026-05-12 23:24:23 Image size of job updated: 360472
	194  -  MemoryUsage of job (MB)
	198428  -  ResidentSetSize of job (KB)
...
006 (407475.000.000) 2026-05-13 01:04:33 Image size of job updated: 360472
	194  -  MemoryUsage of job (MB)
	198452  -  ResidentSetSize of job (KB)
...
006 (407475.000.000) 2026-05-13 01:14:34 Image size of job updated: 360472
	196  -  MemoryUsage of job (MB)
	200500  -  ResidentSetSize of job (KB)
...
006 (407475.000.000) 2026-05-13 03:09:45 Image size of job updated: 360472
	198  -  MemoryUsage of job (MB)
	202532  -  ResidentSetSize of job (KB)
...
006 (407475.000.000) 2026-05-13 04:44:55 Image size of job updated: 360472
	198  -  MemoryUsage of job (MB)
	202560  -  ResidentSetSize of job (KB)
...
006 (407475.000.000) 2026-05-13 04:49:57 Image size of job updated: 360472
	198  -  MemoryUsage of job (MB)
	202716  -  ResidentSetSize of job (KB)
...
006 (407475.000.000) 2026-05-13 04:54:57 Image size of job updated: 360472
	199  -  MemoryUsage of job (MB)
	202840  -  ResidentSetSize of job (KB)
...
006 (407475.000.000) 2026-05-13 04:59:57 Image size of job updated: 360472
	199  -  MemoryUsage of job (MB)
	202948  -  ResidentSetSize of job (KB)
...
006 (407475.000.000) 2026-05-13 05:04:58 Image size of job updated: 360472
	199  -  MemoryUsage of job (MB)
	203112  -  ResidentSetSize of job (KB)
...
006 (407475.000.000) 2026-05-13 05:09:59 Image size of job updated: 360472
	199  -  MemoryUsage of job (MB)
	203260  -  ResidentSetSize of job (KB)
...
006 (407475.000.000) 2026-05-13 05:20:00 Image size of job updated: 360472
	199  -  MemoryUsage of job (MB)
	203524  -  ResidentSetSize of job (KB)
...
006 (407475.000.000) 2026-05-13 05:25:01 Image size of job updated: 360472
	199  -  MemoryUsage of job (MB)
	203676  -  ResidentSetSize of job (KB)
...
006 (407475.000.000) 2026-05-13 05:30:01 Image size of job updated: 360472
	200  -  MemoryUsage of job (MB)
	203800  -  ResidentSetSize of job (KB)
...
006 (407475.000.000) 2026-05-13 05:35:01 Image size of job updated: 360472
	200  -  MemoryUsage of job (MB)
	204140  -  ResidentSetSize of job (KB)
...
006 (407475.000.000) 2026-05-13 05:40:02 Image size of job updated: 360472
	200  -  MemoryUsage of job (MB)
	204156  -  ResidentSetSize of job (KB)
...
006 (407475.000.000) 2026-05-13 05:45:03 Image size of job updated: 360472
	200  -  MemoryUsage of job (MB)
	204248  -  ResidentSetSize of job (KB)
...
006 (407475.000.000) 2026-05-13 05:50:03 Image size of job updated: 360472
	200  -  MemoryUsage of job (MB)
	204364  -  ResidentSetSize of job (KB)
...
006 (407475.000.000) 2026-05-13 05:55:04 Image size of job updated: 360472
	200  -  MemoryUsage of job (MB)
	204696  -  ResidentSetSize of job (KB)
...
006 (407475.000.000) 2026-05-13 06:05:05 Image size of job updated: 360472
	202  -  MemoryUsage of job (MB)
	206468  -  ResidentSetSize of job (KB)
...
006 (407475.000.000) 2026-05-13 07:10:12 Image size of job updated: 360472
	203  -  MemoryUsage of job (MB)
	206956  -  ResidentSetSize of job (KB)
...
006 (407475.000.000) 2026-05-13 07:15:12 Image size of job updated: 360472
	204  -  MemoryUsage of job (MB)
	208808  -  ResidentSetSize of job (KB)
...
006 (407475.000.000) 2026-05-13 08:25:19 Image size of job updated: 360472
	206  -  MemoryUsage of job (MB)
	210824  -  ResidentSetSize of job (KB)
...
006 (407475.000.000) 2026-05-13 09:40:27 Image size of job updated: 360472
	208  -  MemoryUsage of job (MB)
	212872  -  ResidentSetSize of job (KB)
...
006 (407475.000.000) 2026-05-13 10:50:35 Image size of job updated: 360472
	210  -  MemoryUsage of job (MB)
	214924  -  ResidentSetSize of job (KB)
...
006 (407475.000.000) 2026-05-13 12:05:42 Image size of job updated: 360472
	212  -  MemoryUsage of job (MB)
	216724  -  ResidentSetSize of job (KB)
...
