000 (407663.000.000) 2026-05-07 18:21:18 Job submitted from host: <192.168.250.101:9618?addrs=192.168.250.101-9618&alias=hercules.hcms.it&noUDP&sock=schedd_3404051_6d7b>
...
001 (407663.000.000) 2026-05-08 17:11:58 Job executing on host: <192.168.250.22:9618?addrs=192.168.250.22-9618&alias=pccms12.hcms.it&noUDP&sock=startd_3275093_f746>
	SlotName: slot8_1@pccms12.hcms.it
	CondorScratchDir = "/var/lib/condor/execute/dir_1571677"
	Cpus = 1
	Disk = 22134
	Memory = 1024
...
006 (407663.000.000) 2026-05-08 17:12:07 Image size of job updated: 37628
	37  -  MemoryUsage of job (MB)
	37176  -  ResidentSetSize of job (KB)
...
006 (407663.000.000) 2026-05-08 17:42:10 Image size of job updated: 38216
	37  -  MemoryUsage of job (MB)
	37444  -  ResidentSetSize of job (KB)
...
006 (407663.000.000) 2026-05-08 17:47:11 Image size of job updated: 333404
	37  -  MemoryUsage of job (MB)
	37444  -  ResidentSetSize of job (KB)
...
006 (407663.000.000) 2026-05-08 17:52:11 Image size of job updated: 333404
	37  -  MemoryUsage of job (MB)
	37816  -  ResidentSetSize of job (KB)
...
006 (407663.000.000) 2026-05-08 18:07:13 Image size of job updated: 333404
	39  -  MemoryUsage of job (MB)
	39008  -  ResidentSetSize of job (KB)
...
006 (407663.000.000) 2026-05-08 18:12:13 Image size of job updated: 334860
	39  -  MemoryUsage of job (MB)
	39468  -  ResidentSetSize of job (KB)
...
006 (407663.000.000) 2026-05-08 18:22:15 Image size of job updated: 334860
	39  -  MemoryUsage of job (MB)
	39916  -  ResidentSetSize of job (KB)
...
006 (407663.000.000) 2026-05-08 18:27:15 Image size of job updated: 337896
	43  -  MemoryUsage of job (MB)
	43792  -  ResidentSetSize of job (KB)
...
006 (407663.000.000) 2026-05-08 20:37:28 Image size of job updated: 339124
	43  -  MemoryUsage of job (MB)
	43792  -  ResidentSetSize of job (KB)
...
006 (407663.000.000) 2026-05-09 00:57:54 Image size of job updated: 339124
	43  -  MemoryUsage of job (MB)
	43932  -  ResidentSetSize of job (KB)
...
006 (407663.000.000) 2026-05-09 02:23:03 Image size of job updated: 339124
	44  -  MemoryUsage of job (MB)
	44952  -  ResidentSetSize of job (KB)
...
006 (407663.000.000) 2026-05-09 08:58:43 Image size of job updated: 340332
	44  -  MemoryUsage of job (MB)
	44952  -  ResidentSetSize of job (KB)
...
006 (407663.000.000) 2026-05-09 09:53:50 Image size of job updated: 340332
	45  -  MemoryUsage of job (MB)
	45408  -  ResidentSetSize of job (KB)
...
006 (407663.000.000) 2026-05-09 10:08:51 Image size of job updated: 344156
	45  -  MemoryUsage of job (MB)
	45408  -  ResidentSetSize of job (KB)
...
006 (407663.000.000) 2026-05-09 11:03:57 Image size of job updated: 344156
	45  -  MemoryUsage of job (MB)
	45608  -  ResidentSetSize of job (KB)
...
006 (407663.000.000) 2026-05-09 14:24:20 Image size of job updated: 344620
	45  -  MemoryUsage of job (MB)
	45608  -  ResidentSetSize of job (KB)
...
006 (407663.000.000) 2026-05-09 16:49:36 Image size of job updated: 344872
	45  -  MemoryUsage of job (MB)
	45608  -  ResidentSetSize of job (KB)
...
006 (407663.000.000) 2026-05-09 17:09:38 Image size of job updated: 345212
	45  -  MemoryUsage of job (MB)
	45608  -  ResidentSetSize of job (KB)
...
006 (407663.000.000) 2026-05-09 17:19:40 Image size of job updated: 345348
	45  -  MemoryUsage of job (MB)
	45608  -  ResidentSetSize of job (KB)
...
006 (407663.000.000) 2026-05-09 17:49:42 Image size of job updated: 345988
	45  -  MemoryUsage of job (MB)
	45608  -  ResidentSetSize of job (KB)
...
006 (407663.000.000) 2026-05-09 18:04:44 Image size of job updated: 346320
	45  -  MemoryUsage of job (MB)
	45608  -  ResidentSetSize of job (KB)
...
005 (407663.000.000) 2026-05-09 18:19:15 Job terminated.
	(1) Normal termination (return value 139)
		Usr 0 22:39:30, Sys 0 02:16:00  -  Run Remote Usage
		Usr 0 00:00:00, Sys 0 00:00:00  -  Run Local Usage
		Usr 0 22:39:30, Sys 0 02:16:00  -  Total Remote Usage
		Usr 0 00:00:00, Sys 0 00:00:00  -  Total Local Usage
	0  -  Run Bytes Sent By Job
	0  -  Run Bytes Received By Job
	0  -  Total Bytes Sent By Job
	0  -  Total Bytes Received By Job
	Partitionable Resources :    Usage  Request Allocated 
	   Cpus                 :     0.99        1         1 
	   Disk (KB)            :     1           1     22134 
	   Memory (MB)          :    45        1024      1024 

	Job terminated of its own accord at 2026-05-09T16:19:15Z with exit-code 139.
...
