000 (407649.000.000) 2026-05-07 18:21:18 Job submitted from host: <192.168.250.101:9618?addrs=192.168.250.101-9618&alias=hercules.hcms.it&noUDP&sock=schedd_3404051_6d7b>
...
001 (407649.000.000) 2026-05-08 15:50:59 Job executing on host: <192.168.250.102:9618?addrs=192.168.250.102-9618&alias=empire.hcms.it&noUDP&sock=startd_2716409_3615>
	SlotName: slot14_1@empire.hcms.it
	CondorScratchDir = "/var/lib/condor/execute/dir_2196986"
	Cpus = 1
	Disk = 22792
	Memory = 1024
...
006 (407649.000.000) 2026-05-08 15:51:07 Image size of job updated: 57840
	47  -  MemoryUsage of job (MB)
	47708  -  ResidentSetSize of job (KB)
...
006 (407649.000.000) 2026-05-08 15:56:07 Image size of job updated: 57948
	47  -  MemoryUsage of job (MB)
	48104  -  ResidentSetSize of job (KB)
...
006 (407649.000.000) 2026-05-08 16:31:11 Image size of job updated: 359432
	48  -  MemoryUsage of job (MB)
	49120  -  ResidentSetSize of job (KB)
...
006 (407649.000.000) 2026-05-08 16:36:12 Image size of job updated: 359432
	49  -  MemoryUsage of job (MB)
	49252  -  ResidentSetSize of job (KB)
...
006 (407649.000.000) 2026-05-08 16:41:13 Image size of job updated: 359432
	50  -  MemoryUsage of job (MB)
	50460  -  ResidentSetSize of job (KB)
...
006 (407649.000.000) 2026-05-08 16:46:13 Image size of job updated: 359432
	50  -  MemoryUsage of job (MB)
	50548  -  ResidentSetSize of job (KB)
...
006 (407649.000.000) 2026-05-08 17:01:15 Image size of job updated: 359432
	50  -  MemoryUsage of job (MB)
	50596  -  ResidentSetSize of job (KB)
...
006 (407649.000.000) 2026-05-08 17:21:17 Image size of job updated: 359432
	56  -  MemoryUsage of job (MB)
	57180  -  ResidentSetSize of job (KB)
...
006 (407649.000.000) 2026-05-08 19:36:32 Image size of job updated: 359432
	57  -  MemoryUsage of job (MB)
	57476  -  ResidentSetSize of job (KB)
...
006 (407649.000.000) 2026-05-08 19:51:33 Image size of job updated: 359760
	57  -  MemoryUsage of job (MB)
	57700  -  ResidentSetSize of job (KB)
...
006 (407649.000.000) 2026-05-08 20:16:36 Image size of job updated: 360680
	57  -  MemoryUsage of job (MB)
	57700  -  ResidentSetSize of job (KB)
...
006 (407649.000.000) 2026-05-08 20:51:39 Image size of job updated: 360680
	57  -  MemoryUsage of job (MB)
	57780  -  ResidentSetSize of job (KB)
...
006 (407649.000.000) 2026-05-08 21:01:40 Image size of job updated: 361620
	57  -  MemoryUsage of job (MB)
	57780  -  ResidentSetSize of job (KB)
...
006 (407649.000.000) 2026-05-08 21:36:44 Image size of job updated: 367420
	57  -  MemoryUsage of job (MB)
	57780  -  ResidentSetSize of job (KB)
...
006 (407649.000.000) 2026-05-08 21:56:46 Image size of job updated: 367420
	162  -  MemoryUsage of job (MB)
	164952  -  ResidentSetSize of job (KB)
...
006 (407649.000.000) 2026-05-09 20:24:05 Image size of job updated: 367420
	245  -  MemoryUsage of job (MB)
	250528  -  ResidentSetSize of job (KB)
...
005 (407649.000.000) 2026-05-09 20:25:50 Job terminated.
	(1) Normal termination (return value 139)
		Usr 1 03:07:42, Sys 0 01:14:04  -  Run Remote Usage
		Usr 0 00:00:00, Sys 0 00:00:00  -  Run Local Usage
		Usr 1 03:07:42, Sys 0 01:14:04  -  Total Remote Usage
		Usr 0 00:00:00, Sys 0 00:00:00  -  Total Local Usage
	0  -  Run Bytes Sent By Job
	0  -  Run Bytes Received By Job
	0  -  Total Bytes Sent By Job
	0  -  Total Bytes Received By Job
	Partitionable Resources :    Usage  Request Allocated 
	   Cpus                 :     0.99        1         1 
	   Disk (KB)            :     1           1     22792 
	   Memory (MB)          :   245        1024      1024 

	Job terminated of its own accord at 2026-05-09T18:25:50Z with exit-code 139.
...
