000 (407800.000.000) 2026-05-07 18:21:22 Job submitted from host: <192.168.250.101:9618?addrs=192.168.250.101-9618&alias=hercules.hcms.it&noUDP&sock=schedd_3404051_6d7b>
...
001 (407800.000.000) 2026-05-09 01:25:08 Job executing on host: <192.168.250.102:9618?addrs=192.168.250.102-9618&alias=empire.hcms.it&noUDP&sock=startd_2716409_3615>
	SlotName: slot21_1@empire.hcms.it
	CondorScratchDir = "/var/lib/condor/execute/dir_3656213"
	Cpus = 1
	Disk = 22792
	Memory = 1024
...
006 (407800.000.000) 2026-05-09 01:25:17 Image size of job updated: 55508
	54  -  MemoryUsage of job (MB)
	55280  -  ResidentSetSize of job (KB)
...
006 (407800.000.000) 2026-05-09 01:30:18 Image size of job updated: 57404
	55  -  MemoryUsage of job (MB)
	56076  -  ResidentSetSize of job (KB)
...
006 (407800.000.000) 2026-05-09 01:35:19 Image size of job updated: 57404
	55  -  MemoryUsage of job (MB)
	56268  -  ResidentSetSize of job (KB)
...
006 (407800.000.000) 2026-05-09 02:50:25 Image size of job updated: 358584
	55  -  MemoryUsage of job (MB)
	56268  -  ResidentSetSize of job (KB)
...
006 (407800.000.000) 2026-05-09 03:10:28 Image size of job updated: 360712
	57  -  MemoryUsage of job (MB)
	57432  -  ResidentSetSize of job (KB)
...
006 (407800.000.000) 2026-05-09 03:25:29 Image size of job updated: 360712
	57  -  MemoryUsage of job (MB)
	57524  -  ResidentSetSize of job (KB)
...
006 (407800.000.000) 2026-05-09 05:20:42 Image size of job updated: 360768
	57  -  MemoryUsage of job (MB)
	57524  -  ResidentSetSize of job (KB)
...
006 (407800.000.000) 2026-05-09 05:45:46 Image size of job updated: 360768
	57  -  MemoryUsage of job (MB)
	57536  -  ResidentSetSize of job (KB)
...
006 (407800.000.000) 2026-05-09 06:50:51 Image size of job updated: 360768
	260  -  MemoryUsage of job (MB)
	265252  -  ResidentSetSize of job (KB)
...
006 (407800.000.000) 2026-05-09 07:30:55 Image size of job updated: 361556
	260  -  MemoryUsage of job (MB)
	265252  -  ResidentSetSize of job (KB)
...
006 (407800.000.000) 2026-05-09 08:41:03 Image size of job updated: 362164
	260  -  MemoryUsage of job (MB)
	265252  -  ResidentSetSize of job (KB)
...
006 (407800.000.000) 2026-05-09 11:16:20 Image size of job updated: 363520
	260  -  MemoryUsage of job (MB)
	265252  -  ResidentSetSize of job (KB)
...
006 (407800.000.000) 2026-05-09 15:11:43 Image size of job updated: 365028
	260  -  MemoryUsage of job (MB)
	265252  -  ResidentSetSize of job (KB)
...
006 (407800.000.000) 2026-05-10 01:32:48 Image size of job updated: 367168
	260  -  MemoryUsage of job (MB)
	265252  -  ResidentSetSize of job (KB)
...
006 (407800.000.000) 2026-05-10 05:08:09 Image size of job updated: 368336
	260  -  MemoryUsage of job (MB)
	265252  -  ResidentSetSize of job (KB)
...
006 (407800.000.000) 2026-05-10 08:33:31 Image size of job updated: 368832
	260  -  MemoryUsage of job (MB)
	265252  -  ResidentSetSize of job (KB)
...
006 (407800.000.000) 2026-05-10 09:03:33 Image size of job updated: 368952
	260  -  MemoryUsage of job (MB)
	265252  -  ResidentSetSize of job (KB)
...
006 (407800.000.000) 2026-05-10 09:58:39 Image size of job updated: 369020
	260  -  MemoryUsage of job (MB)
	265252  -  ResidentSetSize of job (KB)
...
006 (407800.000.000) 2026-05-10 11:14:55 Image size of job updated: 369264
	260  -  MemoryUsage of job (MB)
	265252  -  ResidentSetSize of job (KB)
...
005 (407800.000.000) 2026-05-10 11:14:55 Job terminated.
	(1) Normal termination (return value 139)
		Usr 1 08:36:36, Sys 0 01:01:25  -  Run Remote Usage
		Usr 0 00:00:00, Sys 0 00:00:00  -  Run Local Usage
		Usr 1 08:36:36, Sys 0 01:01:25  -  Total Remote Usage
		Usr 0 00:00:00, Sys 0 00:00:00  -  Total Local Usage
	0  -  Run Bytes Sent By Job
	0  -  Run Bytes Received By Job
	0  -  Total Bytes Sent By Job
	0  -  Total Bytes Received By Job
	Partitionable Resources :    Usage  Request Allocated 
	   Cpus                 :     1.00        1         1 
	   Disk (KB)            :     1           1     22792 
	   Memory (MB)          :   260        1024      1024 

	Job terminated of its own accord at 2026-05-10T09:14:55Z with exit-code 139.
...
