000 (407606.000.000) 2026-05-07 18:21:17 Job submitted from host: <192.168.250.101:9618?addrs=192.168.250.101-9618&alias=hercules.hcms.it&noUDP&sock=schedd_3404051_6d7b>
...
001 (407606.000.000) 2026-05-08 11:59:54 Job executing on host: <192.168.250.22:9618?addrs=192.168.250.22-9618&alias=pccms12.hcms.it&noUDP&sock=startd_3275093_f746>
	SlotName: slot43_1@pccms12.hcms.it
	CondorScratchDir = "/var/lib/condor/execute/dir_1122423"
	Cpus = 1
	Disk = 22134
	Memory = 1024
...
006 (407606.000.000) 2026-05-08 12:00:02 Image size of job updated: 40560
	40  -  MemoryUsage of job (MB)
	40060  -  ResidentSetSize of job (KB)
...
006 (407606.000.000) 2026-05-08 12:10:03 Image size of job updated: 324288
	40  -  MemoryUsage of job (MB)
	40060  -  ResidentSetSize of job (KB)
...
006 (407606.000.000) 2026-05-08 12:20:04 Image size of job updated: 330724
	40  -  MemoryUsage of job (MB)
	40060  -  ResidentSetSize of job (KB)
...
006 (407606.000.000) 2026-05-08 12:45:07 Image size of job updated: 339456
	40  -  MemoryUsage of job (MB)
	40060  -  ResidentSetSize of job (KB)
...
006 (407606.000.000) 2026-05-08 16:40:30 Image size of job updated: 339456
	140  -  MemoryUsage of job (MB)
	142852  -  ResidentSetSize of job (KB)
...
006 (407606.000.000) 2026-05-08 20:50:58 Image size of job updated: 339456
	291  -  MemoryUsage of job (MB)
	297916  -  ResidentSetSize of job (KB)
...
006 (407606.000.000) 2026-05-08 20:55:58 Image size of job updated: 339456
	292  -  MemoryUsage of job (MB)
	298428  -  ResidentSetSize of job (KB)
...
005 (407606.000.000) 2026-05-09 13:34:30 Job terminated.
	(1) Normal termination (return value 139)
		Usr 0 22:57:27, Sys 0 02:23:35  -  Run Remote Usage
		Usr 0 00:00:00, Sys 0 00:00:00  -  Run Local Usage
		Usr 0 22:57:27, Sys 0 02:23:35  -  Total Remote Usage
		Usr 0 00:00:00, Sys 0 00:00:00  -  Total Local Usage
	0  -  Run Bytes Sent By Job
	0  -  Run Bytes Received By Job
	0  -  Total Bytes Sent By Job
	0  -  Total Bytes Received By Job
	Partitionable Resources :    Usage  Request Allocated 
	   Cpus                 :     0.99        1         1 
	   Disk (KB)            :     1           1     22134 
	   Memory (MB)          :   292        1024      1024 

	Job terminated of its own accord at 2026-05-09T11:34:30Z with exit-code 139.
...
