000 (407749.000.000) 2026-05-07 18:21:21 Job submitted from host: <192.168.250.101:9618?addrs=192.168.250.101-9618&alias=hercules.hcms.it&noUDP&sock=schedd_3404051_6d7b>
...
001 (407749.000.000) 2026-05-08 21:23:03 Job executing on host: <192.168.250.102:9618?addrs=192.168.250.102-9618&alias=empire.hcms.it&noUDP&sock=startd_2716409_3615>
	SlotName: slot89_1@empire.hcms.it
	CondorScratchDir = "/var/lib/condor/execute/dir_3044741"
	Cpus = 1
	Disk = 22792
	Memory = 1024
...
006 (407749.000.000) 2026-05-08 21:23:11 Image size of job updated: 58196
	54  -  MemoryUsage of job (MB)
	55192  -  ResidentSetSize of job (KB)
...
006 (407749.000.000) 2026-05-08 21:28:11 Image size of job updated: 58196
	55  -  MemoryUsage of job (MB)
	56216  -  ResidentSetSize of job (KB)
...
006 (407749.000.000) 2026-05-08 21:38:12 Image size of job updated: 360596
	55  -  MemoryUsage of job (MB)
	56216  -  ResidentSetSize of job (KB)
...
006 (407749.000.000) 2026-05-08 22:13:16 Image size of job updated: 360596
	56  -  MemoryUsage of job (MB)
	57292  -  ResidentSetSize of job (KB)
...
006 (407749.000.000) 2026-05-08 22:48:20 Image size of job updated: 362568
	56  -  MemoryUsage of job (MB)
	57292  -  ResidentSetSize of job (KB)
...
006 (407749.000.000) 2026-05-09 03:13:49 Image size of job updated: 362568
	57  -  MemoryUsage of job (MB)
	57836  -  ResidentSetSize of job (KB)
...
006 (407749.000.000) 2026-05-10 00:36:01 Image size of job updated: 365560
	57  -  MemoryUsage of job (MB)
	57836  -  ResidentSetSize of job (KB)
...
005 (407749.000.000) 2026-05-10 00:43:40 Job terminated.
	(1) Normal termination (return value 139)
		Usr 1 02:48:48, Sys 0 00:19:40  -  Run Remote Usage
		Usr 0 00:00:00, Sys 0 00:00:00  -  Run Local Usage
		Usr 1 02:48:48, Sys 0 00:19:40  -  Total Remote Usage
		Usr 0 00:00:00, Sys 0 00:00:00  -  Total Local Usage
	0  -  Run Bytes Sent By Job
	0  -  Run Bytes Received By Job
	0  -  Total Bytes Sent By Job
	0  -  Total Bytes Received By Job
	Partitionable Resources :    Usage  Request Allocated 
	   Cpus                 :     1.29        1         1 
	   Disk (KB)            :     1           1     22792 
	   Memory (MB)          :    57        1024      1024 

	Job terminated of its own accord at 2026-05-09T22:43:40Z with exit-code 139.
...
