000 (407811.000.000) 2026-05-07 18:21:22 Job submitted from host: <192.168.250.101:9618?addrs=192.168.250.101-9618&alias=hercules.hcms.it&noUDP&sock=schedd_3404051_6d7b>
...
001 (407811.000.000) 2026-05-09 02:36:11 Job executing on host: <192.168.250.102:9618?addrs=192.168.250.102-9618&alias=empire.hcms.it&noUDP&sock=startd_2716409_3615>
	SlotName: slot53_1@empire.hcms.it
	CondorScratchDir = "/var/lib/condor/execute/dir_3823038"
	Cpus = 1
	Disk = 22792
	Memory = 1024
...
006 (407811.000.000) 2026-05-09 02:36:20 Image size of job updated: 55208
	52  -  MemoryUsage of job (MB)
	53228  -  ResidentSetSize of job (KB)
...
006 (407811.000.000) 2026-05-09 02:51:22 Image size of job updated: 359924
	55  -  MemoryUsage of job (MB)
	55452  -  ResidentSetSize of job (KB)
...
006 (407811.000.000) 2026-05-09 06:11:42 Image size of job updated: 359924
	56  -  MemoryUsage of job (MB)
	56856  -  ResidentSetSize of job (KB)
...
006 (407811.000.000) 2026-05-09 08:46:59 Image size of job updated: 360620
	56  -  MemoryUsage of job (MB)
	56856  -  ResidentSetSize of job (KB)
...
006 (407811.000.000) 2026-05-09 09:37:03 Image size of job updated: 361752
	56  -  MemoryUsage of job (MB)
	56856  -  ResidentSetSize of job (KB)
...
006 (407811.000.000) 2026-05-09 11:42:17 Image size of job updated: 362468
	56  -  MemoryUsage of job (MB)
	56856  -  ResidentSetSize of job (KB)
...
006 (407811.000.000) 2026-05-09 13:27:27 Image size of job updated: 365832
	56  -  MemoryUsage of job (MB)
	56856  -  ResidentSetSize of job (KB)
...
006 (407811.000.000) 2026-05-09 18:27:58 Image size of job updated: 365832
	165  -  MemoryUsage of job (MB)
	168552  -  ResidentSetSize of job (KB)
...
006 (407811.000.000) 2026-05-09 18:32:58 Image size of job updated: 365832
	165  -  MemoryUsage of job (MB)
	168808  -  ResidentSetSize of job (KB)
...
006 (407811.000.000) 2026-05-10 01:33:39 Image size of job updated: 366792
	165  -  MemoryUsage of job (MB)
	168808  -  ResidentSetSize of job (KB)
...
006 (407811.000.000) 2026-05-10 04:23:56 Image size of job updated: 367240
	165  -  MemoryUsage of job (MB)
	168808  -  ResidentSetSize of job (KB)
...
006 (407811.000.000) 2026-05-10 07:24:14 Image size of job updated: 368020
	165  -  MemoryUsage of job (MB)
	168808  -  ResidentSetSize of job (KB)
...
006 (407811.000.000) 2026-05-10 09:59:31 Image size of job updated: 368428
	165  -  MemoryUsage of job (MB)
	168808  -  ResidentSetSize of job (KB)
...
006 (407811.000.000) 2026-05-10 11:14:40 Image size of job updated: 369464
	165  -  MemoryUsage of job (MB)
	168808  -  ResidentSetSize of job (KB)
...
006 (407811.000.000) 2026-05-10 11:49:44 Image size of job updated: 372112
	165  -  MemoryUsage of job (MB)
	168808  -  ResidentSetSize of job (KB)
...
006 (407811.000.000) 2026-05-10 13:39:55 Image size of job updated: 372276
	165  -  MemoryUsage of job (MB)
	168808  -  ResidentSetSize of job (KB)
...
005 (407811.000.000) 2026-05-10 13:52:07 Job terminated.
	(1) Normal termination (return value 139)
		Usr 1 10:09:06, Sys 0 00:55:12  -  Run Remote Usage
		Usr 0 00:00:00, Sys 0 00:00:00  -  Run Local Usage
		Usr 1 10:09:06, Sys 0 00:55:12  -  Total Remote Usage
		Usr 0 00:00:00, Sys 0 00:00:00  -  Total Local Usage
	0  -  Run Bytes Sent By Job
	0  -  Run Bytes Received By Job
	0  -  Total Bytes Sent By Job
	0  -  Total Bytes Received By Job
	Partitionable Resources :    Usage  Request Allocated 
	   Cpus                 :     1.00        1         1 
	   Disk (KB)            :     1           1     22792 
	   Memory (MB)          :   165        1024      1024 

	Job terminated of its own accord at 2026-05-10T11:52:07Z with exit-code 139.
...
