000 (407689.000.000) 2026-05-07 18:21:19 Job submitted from host: <192.168.250.101:9618?addrs=192.168.250.101-9618&alias=hercules.hcms.it&noUDP&sock=schedd_3404051_6d7b>
...
001 (407689.000.000) 2026-05-08 19:07:59 Job executing on host: <192.168.250.102:9618?addrs=192.168.250.102-9618&alias=empire.hcms.it&noUDP&sock=startd_2716409_3615>
	SlotName: slot86_1@empire.hcms.it
	CondorScratchDir = "/var/lib/condor/execute/dir_2679935"
	Cpus = 1
	Disk = 22792
	Memory = 1024
...
006 (407689.000.000) 2026-05-08 19:08:08 Image size of job updated: 67472
	64  -  MemoryUsage of job (MB)
	65332  -  ResidentSetSize of job (KB)
...
006 (407689.000.000) 2026-05-08 19:13:09 Image size of job updated: 67660
	65  -  MemoryUsage of job (MB)
	65568  -  ResidentSetSize of job (KB)
...
006 (407689.000.000) 2026-05-08 20:13:14 Image size of job updated: 364800
	66  -  MemoryUsage of job (MB)
	66904  -  ResidentSetSize of job (KB)
...
006 (407689.000.000) 2026-05-08 20:23:16 Image size of job updated: 364800
	66  -  MemoryUsage of job (MB)
	66980  -  ResidentSetSize of job (KB)
...
006 (407689.000.000) 2026-05-08 20:58:19 Image size of job updated: 372944
	66  -  MemoryUsage of job (MB)
	66980  -  ResidentSetSize of job (KB)
...
006 (407689.000.000) 2026-05-08 21:38:23 Image size of job updated: 373084
	66  -  MemoryUsage of job (MB)
	66980  -  ResidentSetSize of job (KB)
...
006 (407689.000.000) 2026-05-08 21:53:24 Image size of job updated: 373084
	66  -  MemoryUsage of job (MB)
	67172  -  ResidentSetSize of job (KB)
...
006 (407689.000.000) 2026-05-09 18:05:30 Image size of job updated: 373084
	246  -  MemoryUsage of job (MB)
	251628  -  ResidentSetSize of job (KB)
...
005 (407689.000.000) 2026-05-09 19:07:24 Job terminated.
	(1) Normal termination (return value 139)
		Usr 0 23:32:41, Sys 0 00:15:22  -  Run Remote Usage
		Usr 0 00:00:00, Sys 0 00:00:00  -  Run Local Usage
		Usr 0 23:32:41, Sys 0 00:15:22  -  Total Remote Usage
		Usr 0 00:00:00, Sys 0 00:00:00  -  Total Local Usage
	0  -  Run Bytes Sent By Job
	0  -  Run Bytes Received By Job
	0  -  Total Bytes Sent By Job
	0  -  Total Bytes Received By Job
	Partitionable Resources :    Usage  Request Allocated 
	   Cpus                 :     0.99        1         1 
	   Disk (KB)            :     1           1     22792 
	   Memory (MB)          :   246        1024      1024 

	Job terminated of its own accord at 2026-05-09T17:07:24Z with exit-code 139.
...
