000 (407616.000.000) 2026-05-07 18:21:17 Job submitted from host: <192.168.250.101:9618?addrs=192.168.250.101-9618&alias=hercules.hcms.it&noUDP&sock=schedd_3404051_6d7b>
...
001 (407616.000.000) 2026-05-08 12:21:54 Job executing on host: <192.168.250.22:9618?addrs=192.168.250.22-9618&alias=pccms12.hcms.it&noUDP&sock=startd_3275093_f746>
	SlotName: slot28_1@pccms12.hcms.it
	CondorScratchDir = "/var/lib/condor/execute/dir_1153664"
	Cpus = 1
	Disk = 22134
	Memory = 1024
...
006 (407616.000.000) 2026-05-08 12:22:02 Image size of job updated: 37020
	31  -  MemoryUsage of job (MB)
	31412  -  ResidentSetSize of job (KB)
...
006 (407616.000.000) 2026-05-08 12:27:02 Image size of job updated: 37020
	32  -  MemoryUsage of job (MB)
	32488  -  ResidentSetSize of job (KB)
...
006 (407616.000.000) 2026-05-08 12:32:03 Image size of job updated: 325196
	32  -  MemoryUsage of job (MB)
	32488  -  ResidentSetSize of job (KB)
...
006 (407616.000.000) 2026-05-08 12:42:04 Image size of job updated: 325196
	36  -  MemoryUsage of job (MB)
	36600  -  ResidentSetSize of job (KB)
...
006 (407616.000.000) 2026-05-08 12:47:05 Image size of job updated: 330364
	36  -  MemoryUsage of job (MB)
	36600  -  ResidentSetSize of job (KB)
...
006 (407616.000.000) 2026-05-08 13:52:11 Image size of job updated: 331112
	36  -  MemoryUsage of job (MB)
	36852  -  ResidentSetSize of job (KB)
...
006 (407616.000.000) 2026-05-08 14:42:16 Image size of job updated: 331112
	37  -  MemoryUsage of job (MB)
	37420  -  ResidentSetSize of job (KB)
...
006 (407616.000.000) 2026-05-08 14:57:17 Image size of job updated: 331112
	47  -  MemoryUsage of job (MB)
	47948  -  ResidentSetSize of job (KB)
...
006 (407616.000.000) 2026-05-08 17:02:31 Image size of job updated: 331208
	47  -  MemoryUsage of job (MB)
	47948  -  ResidentSetSize of job (KB)
...
006 (407616.000.000) 2026-05-08 17:47:35 Image size of job updated: 331292
	47  -  MemoryUsage of job (MB)
	47948  -  ResidentSetSize of job (KB)
...
006 (407616.000.000) 2026-05-08 21:47:59 Image size of job updated: 334532
	47  -  MemoryUsage of job (MB)
	47948  -  ResidentSetSize of job (KB)
...
006 (407616.000.000) 2026-05-08 22:23:03 Image size of job updated: 334636
	47  -  MemoryUsage of job (MB)
	47948  -  ResidentSetSize of job (KB)
...
006 (407616.000.000) 2026-05-08 23:28:10 Image size of job updated: 334636
	225  -  MemoryUsage of job (MB)
	229996  -  ResidentSetSize of job (KB)
...
006 (407616.000.000) 2026-05-09 04:28:40 Image size of job updated: 334636
	291  -  MemoryUsage of job (MB)
	297000  -  ResidentSetSize of job (KB)
...
006 (407616.000.000) 2026-05-09 06:13:50 Image size of job updated: 335944
	291  -  MemoryUsage of job (MB)
	297000  -  ResidentSetSize of job (KB)
...
006 (407616.000.000) 2026-05-09 06:33:52 Image size of job updated: 338284
	291  -  MemoryUsage of job (MB)
	297000  -  ResidentSetSize of job (KB)
...
006 (407616.000.000) 2026-05-09 11:59:28 Image size of job updated: 339636
	291  -  MemoryUsage of job (MB)
	297000  -  ResidentSetSize of job (KB)
...
006 (407616.000.000) 2026-05-09 12:09:28 Image size of job updated: 340996
	291  -  MemoryUsage of job (MB)
	297000  -  ResidentSetSize of job (KB)
...
005 (407616.000.000) 2026-05-09 14:20:29 Job terminated.
	(1) Normal termination (return value 139)
		Usr 0 23:22:57, Sys 0 02:21:30  -  Run Remote Usage
		Usr 0 00:00:00, Sys 0 00:00:00  -  Run Local Usage
		Usr 0 23:22:57, Sys 0 02:21:30  -  Total Remote Usage
		Usr 0 00:00:00, Sys 0 00:00:00  -  Total Local Usage
	0  -  Run Bytes Sent By Job
	0  -  Run Bytes Received By Job
	0  -  Total Bytes Sent By Job
	0  -  Total Bytes Received By Job
	Partitionable Resources :    Usage  Request Allocated 
	   Cpus                 :     0.99        1         1 
	   Disk (KB)            :     1           1     22134 
	   Memory (MB)          :   291        1024      1024 

	Job terminated of its own accord at 2026-05-09T12:20:29Z with exit-code 139.
...
