000 (407829.000.000) 2026-05-07 18:21:23 Job submitted from host: <192.168.250.101:9618?addrs=192.168.250.101-9618&alias=hercules.hcms.it&noUDP&sock=schedd_3404051_6d7b>
...
001 (407829.000.000) 2026-05-09 03:44:12 Job executing on host: <192.168.250.112:9618?addrs=192.168.250.112-9618&alias=hercules02.hcms.it&noUDP&sock=startd_1261146_d63b>
	SlotName: slot64_1@hercules02.hcms.it
	CondorScratchDir = "/var/lib/condor/execute/dir_3774312"
	Cpus = 1
	Disk = 29523
	Memory = 1024
...
006 (407829.000.000) 2026-05-09 03:44:20 Image size of job updated: 57476
	55  -  MemoryUsage of job (MB)
	55560  -  ResidentSetSize of job (KB)
...
006 (407829.000.000) 2026-05-09 03:49:20 Image size of job updated: 57536
	55  -  MemoryUsage of job (MB)
	55560  -  ResidentSetSize of job (KB)
...
006 (407829.000.000) 2026-05-09 04:34:25 Image size of job updated: 356220
	57  -  MemoryUsage of job (MB)
	57856  -  ResidentSetSize of job (KB)
...
006 (407829.000.000) 2026-05-09 05:14:28 Image size of job updated: 358248
	57  -  MemoryUsage of job (MB)
	57856  -  ResidentSetSize of job (KB)
...
006 (407829.000.000) 2026-05-09 05:39:31 Image size of job updated: 358248
	57  -  MemoryUsage of job (MB)
	57952  -  ResidentSetSize of job (KB)
...
006 (407829.000.000) 2026-05-09 06:04:33 Image size of job updated: 359256
	57  -  MemoryUsage of job (MB)
	57952  -  ResidentSetSize of job (KB)
...
006 (407829.000.000) 2026-05-09 07:04:40 Image size of job updated: 359256
	57  -  MemoryUsage of job (MB)
	57960  -  ResidentSetSize of job (KB)
...
006 (407829.000.000) 2026-05-09 07:49:44 Image size of job updated: 359256
	57  -  MemoryUsage of job (MB)
	58040  -  ResidentSetSize of job (KB)
...
006 (407829.000.000) 2026-05-09 08:34:49 Image size of job updated: 359256
	57  -  MemoryUsage of job (MB)
	58232  -  ResidentSetSize of job (KB)
...
006 (407829.000.000) 2026-05-09 08:49:51 Image size of job updated: 359256
	57  -  MemoryUsage of job (MB)
	58340  -  ResidentSetSize of job (KB)
...
006 (407829.000.000) 2026-05-09 08:59:51 Image size of job updated: 361212
	57  -  MemoryUsage of job (MB)
	58340  -  ResidentSetSize of job (KB)
...
006 (407829.000.000) 2026-05-09 09:29:54 Image size of job updated: 361212
	58  -  MemoryUsage of job (MB)
	58488  -  ResidentSetSize of job (KB)
...
006 (407829.000.000) 2026-05-09 10:09:59 Image size of job updated: 361212
	58  -  MemoryUsage of job (MB)
	58692  -  ResidentSetSize of job (KB)
...
006 (407829.000.000) 2026-05-09 10:25:00 Image size of job updated: 361212
	162  -  MemoryUsage of job (MB)
	165720  -  ResidentSetSize of job (KB)
...
006 (407829.000.000) 2026-05-09 12:50:17 Image size of job updated: 362236
	162  -  MemoryUsage of job (MB)
	165720  -  ResidentSetSize of job (KB)
...
006 (407829.000.000) 2026-05-09 13:55:24 Image size of job updated: 363280
	162  -  MemoryUsage of job (MB)
	165720  -  ResidentSetSize of job (KB)
...
006 (407829.000.000) 2026-05-09 21:06:10 Image size of job updated: 364804
	162  -  MemoryUsage of job (MB)
	165720  -  ResidentSetSize of job (KB)
...
006 (407829.000.000) 2026-05-09 21:56:15 Image size of job updated: 366496
	162  -  MemoryUsage of job (MB)
	165720  -  ResidentSetSize of job (KB)
...
006 (407829.000.000) 2026-05-09 22:46:20 Image size of job updated: 366520
	162  -  MemoryUsage of job (MB)
	165720  -  ResidentSetSize of job (KB)
...
006 (407829.000.000) 2026-05-09 23:56:27 Image size of job updated: 367632
	162  -  MemoryUsage of job (MB)
	165720  -  ResidentSetSize of job (KB)
...
005 (407829.000.000) 2026-05-10 06:47:27 Job terminated.
	(1) Normal termination (return value 139)
		Usr 1 01:24:09, Sys 0 01:31:14  -  Run Remote Usage
		Usr 0 00:00:00, Sys 0 00:00:00  -  Run Local Usage
		Usr 1 01:24:09, Sys 0 01:31:14  -  Total Remote Usage
		Usr 0 00:00:00, Sys 0 00:00:00  -  Total Local Usage
	0  -  Run Bytes Sent By Job
	0  -  Run Bytes Received By Job
	0  -  Total Bytes Sent By Job
	0  -  Total Bytes Received By Job
	Partitionable Resources :    Usage  Request Allocated 
	   Cpus                 :     0.99        1         1 
	   Disk (KB)            :     1           1     29523 
	   Memory (MB)          :   162        1024      1024 

	Job terminated of its own accord at 2026-05-10T04:47:27Z with exit-code 139.
...
