000 (407539.000.000) 2026-05-07 18:21:15 Job submitted from host: <192.168.250.101:9618?addrs=192.168.250.101-9618&alias=hercules.hcms.it&noUDP&sock=schedd_3404051_6d7b>
...
001 (407539.000.000) 2026-05-07 18:21:19 Job executing on host: <192.168.250.112:9618?addrs=192.168.250.112-9618&alias=hercules02.hcms.it&noUDP&sock=startd_1261146_d63b>
	SlotName: slot65_1@hercules02.hcms.it
	CondorScratchDir = "/var/lib/condor/execute/dir_3900965"
	Cpus = 1
	Disk = 29523
	Memory = 1024
...
006 (407539.000.000) 2026-05-07 18:21:27 Image size of job updated: 55640
	47  -  MemoryUsage of job (MB)
	47644  -  ResidentSetSize of job (KB)
...
006 (407539.000.000) 2026-05-07 18:26:27 Image size of job updated: 383900
	74  -  MemoryUsage of job (MB)
	75416  -  ResidentSetSize of job (KB)
...
006 (407539.000.000) 2026-05-07 18:31:27 Image size of job updated: 386164
	74  -  MemoryUsage of job (MB)
	75416  -  ResidentSetSize of job (KB)
...
006 (407539.000.000) 2026-05-07 18:36:28 Image size of job updated: 386164
	75  -  MemoryUsage of job (MB)
	76400  -  ResidentSetSize of job (KB)
...
006 (407539.000.000) 2026-05-07 19:11:32 Image size of job updated: 386164
	138  -  MemoryUsage of job (MB)
	140728  -  ResidentSetSize of job (KB)
...
006 (407539.000.000) 2026-05-07 20:21:38 Image size of job updated: 386164
	139  -  MemoryUsage of job (MB)
	142212  -  ResidentSetSize of job (KB)
...
006 (407539.000.000) 2026-05-07 20:26:38 Image size of job updated: 386164
	139  -  MemoryUsage of job (MB)
	142268  -  ResidentSetSize of job (KB)
...
006 (407539.000.000) 2026-05-08 08:27:55 Image size of job updated: 396784
	139  -  MemoryUsage of job (MB)
	142268  -  ResidentSetSize of job (KB)
...
006 (407539.000.000) 2026-05-08 08:32:56 Image size of job updated: 400256
	139  -  MemoryUsage of job (MB)
	142268  -  ResidentSetSize of job (KB)
...
006 (407539.000.000) 2026-05-08 08:42:57 Image size of job updated: 401732
	139  -  MemoryUsage of job (MB)
	142268  -  ResidentSetSize of job (KB)
...
006 (407539.000.000) 2026-05-08 08:57:58 Image size of job updated: 402220
	139  -  MemoryUsage of job (MB)
	142268  -  ResidentSetSize of job (KB)
...
006 (407539.000.000) 2026-05-08 09:23:01 Image size of job updated: 403484
	139  -  MemoryUsage of job (MB)
	142268  -  ResidentSetSize of job (KB)
...
005 (407539.000.000) 2026-05-08 13:36:21 Job terminated.
	(1) Normal termination (return value 139)
		Usr 0 18:43:44, Sys 0 00:23:56  -  Run Remote Usage
		Usr 0 00:00:00, Sys 0 00:00:00  -  Run Local Usage
		Usr 0 18:43:44, Sys 0 00:23:56  -  Total Remote Usage
		Usr 0 00:00:00, Sys 0 00:00:00  -  Total Local Usage
	0  -  Run Bytes Sent By Job
	0  -  Run Bytes Received By Job
	0  -  Total Bytes Sent By Job
	0  -  Total Bytes Received By Job
	Partitionable Resources :    Usage  Request Allocated 
	   Cpus                 :     1.00        1         1 
	   Disk (KB)            :     1           1     29523 
	   Memory (MB)          :   139        1024      1024 

	Job terminated of its own accord at 2026-05-08T11:36:21Z with exit-code 139.
...
