000 (407660.000.000) 2026-05-07 18:21:18 Job submitted from host: <192.168.250.101:9618?addrs=192.168.250.101-9618&alias=hercules.hcms.it&noUDP&sock=schedd_3404051_6d7b>
...
001 (407660.000.000) 2026-05-08 17:10:58 Job executing on host: <192.168.250.22:9618?addrs=192.168.250.22-9618&alias=pccms12.hcms.it&noUDP&sock=startd_3275093_f746>
	SlotName: slot7_1@pccms12.hcms.it
	CondorScratchDir = "/var/lib/condor/execute/dir_1569709"
	Cpus = 1
	Disk = 22134
	Memory = 1024
...
006 (407660.000.000) 2026-05-08 17:11:07 Image size of job updated: 39384
	39  -  MemoryUsage of job (MB)
	39040  -  ResidentSetSize of job (KB)
...
006 (407660.000.000) 2026-05-08 17:41:10 Image size of job updated: 329596
	45  -  MemoryUsage of job (MB)
	45396  -  ResidentSetSize of job (KB)
...
006 (407660.000.000) 2026-05-08 18:01:12 Image size of job updated: 330724
	45  -  MemoryUsage of job (MB)
	45396  -  ResidentSetSize of job (KB)
...
006 (407660.000.000) 2026-05-08 18:06:13 Image size of job updated: 331844
	46  -  MemoryUsage of job (MB)
	46204  -  ResidentSetSize of job (KB)
...
006 (407660.000.000) 2026-05-08 18:31:15 Image size of job updated: 334328
	46  -  MemoryUsage of job (MB)
	46204  -  ResidentSetSize of job (KB)
...
006 (407660.000.000) 2026-05-08 23:21:46 Image size of job updated: 336764
	46  -  MemoryUsage of job (MB)
	46204  -  ResidentSetSize of job (KB)
...
006 (407660.000.000) 2026-05-08 23:51:49 Image size of job updated: 337508
	46  -  MemoryUsage of job (MB)
	46204  -  ResidentSetSize of job (KB)
...
006 (407660.000.000) 2026-05-09 00:06:50 Image size of job updated: 337836
	46  -  MemoryUsage of job (MB)
	46204  -  ResidentSetSize of job (KB)
...
006 (407660.000.000) 2026-05-09 03:52:13 Image size of job updated: 339952
	46  -  MemoryUsage of job (MB)
	46368  -  ResidentSetSize of job (KB)
...
006 (407660.000.000) 2026-05-09 04:07:15 Image size of job updated: 339952
	46  -  MemoryUsage of job (MB)
	46948  -  ResidentSetSize of job (KB)
...
006 (407660.000.000) 2026-05-09 04:22:16 Image size of job updated: 339952
	46  -  MemoryUsage of job (MB)
	46960  -  ResidentSetSize of job (KB)
...
006 (407660.000.000) 2026-05-09 11:48:03 Image size of job updated: 339952
	47  -  MemoryUsage of job (MB)
	47216  -  ResidentSetSize of job (KB)
...
005 (407660.000.000) 2026-05-09 12:12:48 Job terminated.
	(1) Normal termination (return value 139)
		Usr 0 18:28:03, Sys 0 00:24:38  -  Run Remote Usage
		Usr 0 00:00:00, Sys 0 00:00:00  -  Run Local Usage
		Usr 0 18:28:03, Sys 0 00:24:38  -  Total Remote Usage
		Usr 0 00:00:00, Sys 0 00:00:00  -  Total Local Usage
	0  -  Run Bytes Sent By Job
	0  -  Run Bytes Received By Job
	0  -  Total Bytes Sent By Job
	0  -  Total Bytes Received By Job
	Partitionable Resources :    Usage  Request Allocated 
	   Cpus                 :     0.99        1         1 
	   Disk (KB)            :     1           1     22134 
	   Memory (MB)          :    47        1024      1024 

	Job terminated of its own accord at 2026-05-09T10:12:48Z with exit-code 139.
...
