000 (407628.000.000) 2026-05-07 18:21:18 Job submitted from host: <192.168.250.101:9618?addrs=192.168.250.101-9618&alias=hercules.hcms.it&noUDP&sock=schedd_3404051_6d7b>
...
001 (407628.000.000) 2026-05-08 13:03:54 Job executing on host: <192.168.250.22:9618?addrs=192.168.250.22-9618&alias=pccms12.hcms.it&noUDP&sock=startd_3275093_f746>
	SlotName: slot61_1@pccms12.hcms.it
	CondorScratchDir = "/var/lib/condor/execute/dir_1210918"
	Cpus = 1
	Disk = 22134
	Memory = 1024
...
006 (407628.000.000) 2026-05-08 13:04:02 Image size of job updated: 40116
	32  -  MemoryUsage of job (MB)
	31948  -  ResidentSetSize of job (KB)
...
006 (407628.000.000) 2026-05-08 13:14:02 Image size of job updated: 40116
	33  -  MemoryUsage of job (MB)
	33076  -  ResidentSetSize of job (KB)
...
006 (407628.000.000) 2026-05-08 13:24:04 Image size of job updated: 326660
	34  -  MemoryUsage of job (MB)
	33904  -  ResidentSetSize of job (KB)
...
006 (407628.000.000) 2026-05-08 13:29:04 Image size of job updated: 327512
	35  -  MemoryUsage of job (MB)
	35128  -  ResidentSetSize of job (KB)
...
006 (407628.000.000) 2026-05-08 14:14:09 Image size of job updated: 328728
	41  -  MemoryUsage of job (MB)
	41736  -  ResidentSetSize of job (KB)
...
006 (407628.000.000) 2026-05-08 14:24:10 Image size of job updated: 356208
	69  -  MemoryUsage of job (MB)
	69696  -  ResidentSetSize of job (KB)
...
006 (407628.000.000) 2026-05-08 14:34:11 Image size of job updated: 356304
	69  -  MemoryUsage of job (MB)
	69696  -  ResidentSetSize of job (KB)
...
006 (407628.000.000) 2026-05-08 14:54:12 Image size of job updated: 360164
	69  -  MemoryUsage of job (MB)
	69696  -  ResidentSetSize of job (KB)
...
006 (407628.000.000) 2026-05-09 00:45:16 Image size of job updated: 360164
	135  -  MemoryUsage of job (MB)
	138136  -  ResidentSetSize of job (KB)
...
006 (407628.000.000) 2026-05-09 05:25:43 Image size of job updated: 360164
	177  -  MemoryUsage of job (MB)
	180252  -  ResidentSetSize of job (KB)
...
006 (407628.000.000) 2026-05-09 05:30:44 Image size of job updated: 360164
	177  -  MemoryUsage of job (MB)
	180764  -  ResidentSetSize of job (KB)
...
005 (407628.000.000) 2026-05-09 07:48:22 Job terminated.
	(1) Normal termination (return value 139)
		Usr 0 18:09:48, Sys 0 00:24:33  -  Run Remote Usage
		Usr 0 00:00:00, Sys 0 00:00:00  -  Run Local Usage
		Usr 0 18:09:48, Sys 0 00:24:33  -  Total Remote Usage
		Usr 0 00:00:00, Sys 0 00:00:00  -  Total Local Usage
	0  -  Run Bytes Sent By Job
	0  -  Run Bytes Received By Job
	0  -  Total Bytes Sent By Job
	0  -  Total Bytes Received By Job
	Partitionable Resources :    Usage  Request Allocated 
	   Cpus                 :     0.99        1         1 
	   Disk (KB)            :     1           1     22134 
	   Memory (MB)          :   177        1024      1024 

	Job terminated of its own accord at 2026-05-09T05:48:22Z with exit-code 139.
...
