000 (407668.000.000) 2026-05-07 18:21:19 Job submitted from host: <192.168.250.101:9618?addrs=192.168.250.101-9618&alias=hercules.hcms.it&noUDP&sock=schedd_3404051_6d7b>
...
001 (407668.000.000) 2026-05-08 17:55:58 Job executing on host: <192.168.250.102:9618?addrs=192.168.250.102-9618&alias=empire.hcms.it&noUDP&sock=startd_2716409_3615>
	SlotName: slot44_1@empire.hcms.it
	CondorScratchDir = "/var/lib/condor/execute/dir_2499850"
	Cpus = 1
	Disk = 22792
	Memory = 1024
...
006 (407668.000.000) 2026-05-08 17:56:07 Image size of job updated: 55260
	52  -  MemoryUsage of job (MB)
	53068  -  ResidentSetSize of job (KB)
...
006 (407668.000.000) 2026-05-08 18:31:10 Image size of job updated: 361956
	52  -  MemoryUsage of job (MB)
	53068  -  ResidentSetSize of job (KB)
...
006 (407668.000.000) 2026-05-08 18:36:11 Image size of job updated: 362240
	55  -  MemoryUsage of job (MB)
	55420  -  ResidentSetSize of job (KB)
...
006 (407668.000.000) 2026-05-08 18:56:14 Image size of job updated: 362240
	183  -  MemoryUsage of job (MB)
	186472  -  ResidentSetSize of job (KB)
...
006 (407668.000.000) 2026-05-08 19:01:14 Image size of job updated: 363084
	183  -  MemoryUsage of job (MB)
	186472  -  ResidentSetSize of job (KB)
...
006 (407668.000.000) 2026-05-08 22:16:34 Image size of job updated: 365600
	183  -  MemoryUsage of job (MB)
	186472  -  ResidentSetSize of job (KB)
...
006 (407668.000.000) 2026-05-08 23:46:43 Image size of job updated: 368116
	183  -  MemoryUsage of job (MB)
	186472  -  ResidentSetSize of job (KB)
...
005 (407668.000.000) 2026-05-09 19:25:11 Job terminated.
	(1) Normal termination (return value 139)
		Usr 1 00:05:39, Sys 0 01:12:31  -  Run Remote Usage
		Usr 0 00:00:00, Sys 0 00:00:00  -  Run Local Usage
		Usr 1 00:05:39, Sys 0 01:12:31  -  Total Remote Usage
		Usr 0 00:00:00, Sys 0 00:00:00  -  Total Local Usage
	0  -  Run Bytes Sent By Job
	0  -  Run Bytes Received By Job
	0  -  Total Bytes Sent By Job
	0  -  Total Bytes Received By Job
	Partitionable Resources :    Usage  Request Allocated 
	   Cpus                 :     0.99        1         1 
	   Disk (KB)            :     1           1     22792 
	   Memory (MB)          :   183        1024      1024 

	Job terminated of its own accord at 2026-05-09T17:25:11Z with exit-code 139.
...
