000 (407684.000.000) 2026-05-07 18:21:19 Job submitted from host: <192.168.250.101:9618?addrs=192.168.250.101-9618&alias=hercules.hcms.it&noUDP&sock=schedd_3404051_6d7b>
...
001 (407684.000.000) 2026-05-08 18:50:00 Job executing on host: <192.168.250.22:9618?addrs=192.168.250.22-9618&alias=pccms12.hcms.it&noUDP&sock=startd_3275093_f746>
	SlotName: slot36_1@pccms12.hcms.it
	CondorScratchDir = "/var/lib/condor/execute/dir_1720254"
	Cpus = 1
	Disk = 22134
	Memory = 1024
...
006 (407684.000.000) 2026-05-08 18:50:08 Image size of job updated: 38068
	32  -  MemoryUsage of job (MB)
	32748  -  ResidentSetSize of job (KB)
...
006 (407684.000.000) 2026-05-08 18:55:08 Image size of job updated: 38068
	33  -  MemoryUsage of job (MB)
	33616  -  ResidentSetSize of job (KB)
...
006 (407684.000.000) 2026-05-08 19:25:12 Image size of job updated: 38068
	33  -  MemoryUsage of job (MB)
	33704  -  ResidentSetSize of job (KB)
...
006 (407684.000.000) 2026-05-08 19:35:13 Image size of job updated: 38068
	34  -  MemoryUsage of job (MB)
	33800  -  ResidentSetSize of job (KB)
...
006 (407684.000.000) 2026-05-08 19:50:14 Image size of job updated: 326720
	35  -  MemoryUsage of job (MB)
	34856  -  ResidentSetSize of job (KB)
...
006 (407684.000.000) 2026-05-08 19:55:15 Image size of job updated: 326720
	39  -  MemoryUsage of job (MB)
	39656  -  ResidentSetSize of job (KB)
...
006 (407684.000.000) 2026-05-08 20:30:19 Image size of job updated: 328144
	39  -  MemoryUsage of job (MB)
	39656  -  ResidentSetSize of job (KB)
...
006 (407684.000.000) 2026-05-08 21:10:22 Image size of job updated: 334192
	39  -  MemoryUsage of job (MB)
	39656  -  ResidentSetSize of job (KB)
...
006 (407684.000.000) 2026-05-08 21:20:24 Image size of job updated: 334192
	144  -  MemoryUsage of job (MB)
	146736  -  ResidentSetSize of job (KB)
...
006 (407684.000.000) 2026-05-09 14:37:13 Image size of job updated: 338876
	144  -  MemoryUsage of job (MB)
	146736  -  ResidentSetSize of job (KB)
...
005 (407684.000.000) 2026-05-09 18:20:42 Job terminated.
	(1) Normal termination (return value 139)
		Usr 0 22:55:36, Sys 0 00:23:39  -  Run Remote Usage
		Usr 0 00:00:00, Sys 0 00:00:00  -  Run Local Usage
		Usr 0 22:55:36, Sys 0 00:23:39  -  Total Remote Usage
		Usr 0 00:00:00, Sys 0 00:00:00  -  Total Local Usage
	0  -  Run Bytes Sent By Job
	0  -  Run Bytes Received By Job
	0  -  Total Bytes Sent By Job
	0  -  Total Bytes Received By Job
	Partitionable Resources :    Usage  Request Allocated 
	   Cpus                 :     0.99        1         1 
	   Disk (KB)            :     1           1     22134 
	   Memory (MB)          :   144        1024      1024 

	Job terminated of its own accord at 2026-05-09T16:20:41Z with exit-code 139.
...
