000 (407782.000.000) 2026-05-07 18:21:22 Job submitted from host: <192.168.250.101:9618?addrs=192.168.250.101-9618&alias=hercules.hcms.it&noUDP&sock=schedd_3404051_6d7b>
...
001 (407782.000.000) 2026-05-08 23:06:05 Job executing on host: <192.168.250.103:9618?addrs=192.168.250.103-9618&alias=clipper.hcms.it&noUDP&sock=startd_3676022_e97e>
	SlotName: slot5_1@clipper.hcms.it
	CondorScratchDir = "/var/lib/condor/execute/dir_2895363"
	Cpus = 1
	Disk = 20734
	Memory = 1024
...
006 (407782.000.000) 2026-05-08 23:06:14 Image size of job updated: 55056
	47  -  MemoryUsage of job (MB)
	48028  -  ResidentSetSize of job (KB)
...
006 (407782.000.000) 2026-05-08 23:11:15 Image size of job updated: 56656
	49  -  MemoryUsage of job (MB)
	49472  -  ResidentSetSize of job (KB)
...
006 (407782.000.000) 2026-05-08 23:41:18 Image size of job updated: 56656
	49  -  MemoryUsage of job (MB)
	49832  -  ResidentSetSize of job (KB)
...
006 (407782.000.000) 2026-05-09 00:06:21 Image size of job updated: 56656
	51  -  MemoryUsage of job (MB)
	51236  -  ResidentSetSize of job (KB)
...
006 (407782.000.000) 2026-05-09 00:11:21 Image size of job updated: 357504
	51  -  MemoryUsage of job (MB)
	51780  -  ResidentSetSize of job (KB)
...
006 (407782.000.000) 2026-05-09 00:16:22 Image size of job updated: 357504
	56  -  MemoryUsage of job (MB)
	56916  -  ResidentSetSize of job (KB)
...
006 (407782.000.000) 2026-05-09 00:36:24 Image size of job updated: 358632
	56  -  MemoryUsage of job (MB)
	56916  -  ResidentSetSize of job (KB)
...
006 (407782.000.000) 2026-05-09 00:41:24 Image size of job updated: 365088
	56  -  MemoryUsage of job (MB)
	56916  -  ResidentSetSize of job (KB)
...
006 (407782.000.000) 2026-05-09 01:01:26 Image size of job updated: 365088
	56  -  MemoryUsage of job (MB)
	57092  -  ResidentSetSize of job (KB)
...
006 (407782.000.000) 2026-05-09 01:46:31 Image size of job updated: 367416
	57  -  MemoryUsage of job (MB)
	58080  -  ResidentSetSize of job (KB)
...
006 (407782.000.000) 2026-05-09 02:21:34 Image size of job updated: 368232
	57  -  MemoryUsage of job (MB)
	58080  -  ResidentSetSize of job (KB)
...
006 (407782.000.000) 2026-05-09 17:53:17 Image size of job updated: 368232
	164  -  MemoryUsage of job (MB)
	167180  -  ResidentSetSize of job (KB)
...
006 (407782.000.000) 2026-05-09 17:58:18 Image size of job updated: 368232
	165  -  MemoryUsage of job (MB)
	168204  -  ResidentSetSize of job (KB)
...
006 (407782.000.000) 2026-05-09 21:18:40 Image size of job updated: 371396
	165  -  MemoryUsage of job (MB)
	168204  -  ResidentSetSize of job (KB)
...
005 (407782.000.000) 2026-05-10 03:18:09 Job terminated.
	(1) Normal termination (return value 139)
		Usr 1 03:13:13, Sys 0 00:50:41  -  Run Remote Usage
		Usr 0 00:00:00, Sys 0 00:00:00  -  Run Local Usage
		Usr 1 03:13:13, Sys 0 00:50:41  -  Total Remote Usage
		Usr 0 00:00:00, Sys 0 00:00:00  -  Total Local Usage
	0  -  Run Bytes Sent By Job
	0  -  Run Bytes Received By Job
	0  -  Total Bytes Sent By Job
	0  -  Total Bytes Received By Job
	Partitionable Resources :    Usage  Request Allocated 
	   Cpus                 :     1.00        1         1 
	   Disk (KB)            :     1           1     20734 
	   Memory (MB)          :   165        1024      1024 

	Job terminated of its own accord at 2026-05-10T01:18:09Z with exit-code 139.
...
