000 (407582.000.000) 2026-05-07 18:21:16 Job submitted from host: <192.168.250.101:9618?addrs=192.168.250.101-9618&alias=hercules.hcms.it&noUDP&sock=schedd_3404051_6d7b>
...
001 (407582.000.000) 2026-05-08 09:09:50 Job executing on host: <192.168.250.23:9618?addrs=192.168.250.23-9618&alias=pccms13.hcms.it&noUDP&sock=startd_4182521_18e8>
	SlotName: slot60_1@pccms13.hcms.it
	CondorScratchDir = "/var/lib/condor/execute/dir_1564823"
	Cpus = 1
	Disk = 23466
	Memory = 1024
...
006 (407582.000.000) 2026-05-08 09:09:59 Image size of job updated: 39312
	31  -  MemoryUsage of job (MB)
	31228  -  ResidentSetSize of job (KB)
...
006 (407582.000.000) 2026-05-08 09:14:59 Image size of job updated: 323824
	31  -  MemoryUsage of job (MB)
	31512  -  ResidentSetSize of job (KB)
...
006 (407582.000.000) 2026-05-08 09:25:00 Image size of job updated: 324320
	39  -  MemoryUsage of job (MB)
	39164  -  ResidentSetSize of job (KB)
...
006 (407582.000.000) 2026-05-08 09:55:03 Image size of job updated: 329960
	113  -  MemoryUsage of job (MB)
	115008  -  ResidentSetSize of job (KB)
...
006 (407582.000.000) 2026-05-08 10:00:04 Image size of job updated: 329960
	114  -  MemoryUsage of job (MB)
	115772  -  ResidentSetSize of job (KB)
...
006 (407582.000.000) 2026-05-08 12:25:18 Image size of job updated: 329960
	312  -  MemoryUsage of job (MB)
	318928  -  ResidentSetSize of job (KB)
...
006 (407582.000.000) 2026-05-08 12:30:19 Image size of job updated: 334060
	312  -  MemoryUsage of job (MB)
	318968  -  ResidentSetSize of job (KB)
...
006 (407582.000.000) 2026-05-08 22:51:24 Image size of job updated: 336040
	312  -  MemoryUsage of job (MB)
	318968  -  ResidentSetSize of job (KB)
...
005 (407582.000.000) 2026-05-09 01:22:10 Job terminated.
	(1) Normal termination (return value 139)
		Usr 0 15:41:39, Sys 0 00:23:02  -  Run Remote Usage
		Usr 0 00:00:00, Sys 0 00:00:00  -  Run Local Usage
		Usr 0 15:41:39, Sys 0 00:23:02  -  Total Remote Usage
		Usr 0 00:00:00, Sys 0 00:00:00  -  Total Local Usage
	0  -  Run Bytes Sent By Job
	0  -  Run Bytes Received By Job
	0  -  Total Bytes Sent By Job
	0  -  Total Bytes Received By Job
	Partitionable Resources :    Usage  Request Allocated 
	   Cpus                 :     0.99        1         1 
	   Disk (KB)            :     1           1     23466 
	   Memory (MB)          :   312        1024      1024 

	Job terminated of its own accord at 2026-05-08T23:22:10Z with exit-code 139.
...
