000 (407488.000.000) 2026-05-07 18:21:14 Job submitted from host: <192.168.250.101:9618?addrs=192.168.250.101-9618&alias=hercules.hcms.it&noUDP&sock=schedd_3404051_6d7b>
...
001 (407488.000.000) 2026-05-07 18:21:19 Job executing on host: <192.168.250.112:9618?addrs=192.168.250.112-9618&alias=hercules02.hcms.it&noUDP&sock=startd_1261146_d63b>
	SlotName: slot14_1@hercules02.hcms.it
	CondorScratchDir = "/var/lib/condor/execute/dir_3900919"
	Cpus = 1
	Disk = 29523
	Memory = 1024
...
006 (407488.000.000) 2026-05-07 18:21:27 Image size of job updated: 53060
	52  -  MemoryUsage of job (MB)
	52832  -  ResidentSetSize of job (KB)
...
006 (407488.000.000) 2026-05-07 18:26:27 Image size of job updated: 53324
	52  -  MemoryUsage of job (MB)
	52832  -  ResidentSetSize of job (KB)
...
006 (407488.000.000) 2026-05-07 20:56:42 Image size of job updated: 53504
	52  -  MemoryUsage of job (MB)
	52832  -  ResidentSetSize of job (KB)
...
006 (407488.000.000) 2026-05-07 21:01:42 Image size of job updated: 358572
	54  -  MemoryUsage of job (MB)
	55144  -  ResidentSetSize of job (KB)
...
006 (407488.000.000) 2026-05-08 00:02:00 Image size of job updated: 359236
	54  -  MemoryUsage of job (MB)
	55144  -  ResidentSetSize of job (KB)
...
006 (407488.000.000) 2026-05-08 00:07:01 Image size of job updated: 361844
	54  -  MemoryUsage of job (MB)
	55144  -  ResidentSetSize of job (KB)
...
006 (407488.000.000) 2026-05-08 01:27:08 Image size of job updated: 361844
	351  -  MemoryUsage of job (MB)
	359224  -  ResidentSetSize of job (KB)
...
006 (407488.000.000) 2026-05-08 01:32:10 Image size of job updated: 361848
	351  -  MemoryUsage of job (MB)
	359224  -  ResidentSetSize of job (KB)
...
006 (407488.000.000) 2026-05-08 04:57:31 Image size of job updated: 362900
	351  -  MemoryUsage of job (MB)
	359224  -  ResidentSetSize of job (KB)
...
006 (407488.000.000) 2026-05-08 08:07:49 Image size of job updated: 364536
	351  -  MemoryUsage of job (MB)
	359224  -  ResidentSetSize of job (KB)
...
006 (407488.000.000) 2026-05-08 15:08:32 Image size of job updated: 365444
	351  -  MemoryUsage of job (MB)
	359224  -  ResidentSetSize of job (KB)
...
006 (407488.000.000) 2026-05-09 00:19:30 Image size of job updated: 366392
	351  -  MemoryUsage of job (MB)
	359224  -  ResidentSetSize of job (KB)
...
006 (407488.000.000) 2026-05-09 05:14:59 Image size of job updated: 368064
	351  -  MemoryUsage of job (MB)
	359224  -  ResidentSetSize of job (KB)
...
