000 (407577.000.000) 2026-05-07 18:21:16 Job submitted from host: <192.168.250.101:9618?addrs=192.168.250.101-9618&alias=hercules.hcms.it&noUDP&sock=schedd_3404051_6d7b>
...
001 (407577.000.000) 2026-05-08 05:45:49 Job executing on host: <192.168.250.112:9618?addrs=192.168.250.112-9618&alias=hercules02.hcms.it&noUDP&sock=startd_1261146_d63b>
	SlotName: slot78_1@hercules02.hcms.it
	CondorScratchDir = "/var/lib/condor/execute/dir_1328214"
	Cpus = 1
	Disk = 29523
	Memory = 1024
...
006 (407577.000.000) 2026-05-08 05:45:57 Image size of job updated: 58216
	55  -  MemoryUsage of job (MB)
	55748  -  ResidentSetSize of job (KB)
...
006 (407577.000.000) 2026-05-08 05:55:57 Image size of job updated: 354576
	55  -  MemoryUsage of job (MB)
	55748  -  ResidentSetSize of job (KB)
...
006 (407577.000.000) 2026-05-08 06:00:59 Image size of job updated: 354576
	56  -  MemoryUsage of job (MB)
	56464  -  ResidentSetSize of job (KB)
...
006 (407577.000.000) 2026-05-08 06:10:59 Image size of job updated: 355168
	56  -  MemoryUsage of job (MB)
	56464  -  ResidentSetSize of job (KB)
...
006 (407577.000.000) 2026-05-08 06:26:01 Image size of job updated: 359884
	56  -  MemoryUsage of job (MB)
	56464  -  ResidentSetSize of job (KB)
...
006 (407577.000.000) 2026-05-08 07:31:08 Image size of job updated: 359884
	56  -  MemoryUsage of job (MB)
	57128  -  ResidentSetSize of job (KB)
...
006 (407577.000.000) 2026-05-08 07:46:09 Image size of job updated: 359884
	57  -  MemoryUsage of job (MB)
	57516  -  ResidentSetSize of job (KB)
...
006 (407577.000.000) 2026-05-08 10:36:27 Image size of job updated: 359972
	57  -  MemoryUsage of job (MB)
	57516  -  ResidentSetSize of job (KB)
...
006 (407577.000.000) 2026-05-08 13:31:48 Image size of job updated: 363548
	57  -  MemoryUsage of job (MB)
	57516  -  ResidentSetSize of job (KB)
...
006 (407577.000.000) 2026-05-08 14:31:53 Image size of job updated: 363572
	57  -  MemoryUsage of job (MB)
	57516  -  ResidentSetSize of job (KB)
...
006 (407577.000.000) 2026-05-08 14:46:54 Image size of job updated: 363572
	57  -  MemoryUsage of job (MB)
	58224  -  ResidentSetSize of job (KB)
...
006 (407577.000.000) 2026-05-08 16:07:03 Image size of job updated: 363572
	60  -  MemoryUsage of job (MB)
	60640  -  ResidentSetSize of job (KB)
...
006 (407577.000.000) 2026-05-08 17:32:11 Image size of job updated: 366488
	60  -  MemoryUsage of job (MB)
	60640  -  ResidentSetSize of job (KB)
...
005 (407577.000.000) 2026-05-08 20:38:08 Job terminated.
	(1) Normal termination (return value 139)
		Usr 0 13:11:19, Sys 0 01:32:43  -  Run Remote Usage
		Usr 0 00:00:00, Sys 0 00:00:00  -  Run Local Usage
		Usr 0 13:11:19, Sys 0 01:32:43  -  Total Remote Usage
		Usr 0 00:00:00, Sys 0 00:00:00  -  Total Local Usage
	0  -  Run Bytes Sent By Job
	0  -  Run Bytes Received By Job
	0  -  Total Bytes Sent By Job
	0  -  Total Bytes Received By Job
	Partitionable Resources :    Usage  Request Allocated 
	   Cpus                 :     0.99        1         1 
	   Disk (KB)            :     1           1     29523 
	   Memory (MB)          :    60        1024      1024 

	Job terminated of its own accord at 2026-05-08T18:38:08Z with exit-code 139.
...
