000 (407648.000.000) 2026-05-07 18:21:18 Job submitted from host: <192.168.250.101:9618?addrs=192.168.250.101-9618&alias=hercules.hcms.it&noUDP&sock=schedd_3404051_6d7b>
...
001 (407648.000.000) 2026-05-08 15:46:58 Job executing on host: <192.168.250.102:9618?addrs=192.168.250.102-9618&alias=empire.hcms.it&noUDP&sock=startd_2716409_3615>
	SlotName: slot11_1@empire.hcms.it
	CondorScratchDir = "/var/lib/condor/execute/dir_2190774"
	Cpus = 1
	Disk = 22792
	Memory = 1024
...
006 (407648.000.000) 2026-05-08 15:47:06 Image size of job updated: 52792
	47  -  MemoryUsage of job (MB)
	47484  -  ResidentSetSize of job (KB)
...
006 (407648.000.000) 2026-05-08 15:52:06 Image size of job updated: 54828
	48  -  MemoryUsage of job (MB)
	48780  -  ResidentSetSize of job (KB)
...
006 (407648.000.000) 2026-05-08 16:27:09 Image size of job updated: 359648
	50  -  MemoryUsage of job (MB)
	51184  -  ResidentSetSize of job (KB)
...
006 (407648.000.000) 2026-05-08 16:57:12 Image size of job updated: 362828
	51  -  MemoryUsage of job (MB)
	52000  -  ResidentSetSize of job (KB)
...
006 (407648.000.000) 2026-05-08 17:12:14 Image size of job updated: 362828
	56  -  MemoryUsage of job (MB)
	56808  -  ResidentSetSize of job (KB)
...
006 (407648.000.000) 2026-05-08 20:37:35 Image size of job updated: 365464
	56  -  MemoryUsage of job (MB)
	56808  -  ResidentSetSize of job (KB)
...
006 (407648.000.000) 2026-05-08 23:22:52 Image size of job updated: 367016
	56  -  MemoryUsage of job (MB)
	56808  -  ResidentSetSize of job (KB)
...
006 (407648.000.000) 2026-05-09 01:03:02 Image size of job updated: 367260
	57  -  MemoryUsage of job (MB)
	58188  -  ResidentSetSize of job (KB)
...
006 (407648.000.000) 2026-05-09 02:33:12 Image size of job updated: 367260
	144  -  MemoryUsage of job (MB)
	146636  -  ResidentSetSize of job (KB)
...
006 (407648.000.000) 2026-05-09 03:28:18 Image size of job updated: 367260
	166  -  MemoryUsage of job (MB)
	169852  -  ResidentSetSize of job (KB)
...
005 (407648.000.000) 2026-05-09 20:13:15 Job terminated.
	(1) Normal termination (return value 139)
		Usr 1 03:00:57, Sys 0 01:12:24  -  Run Remote Usage
		Usr 0 00:00:00, Sys 0 00:00:00  -  Run Local Usage
		Usr 1 03:00:57, Sys 0 01:12:24  -  Total Remote Usage
		Usr 0 00:00:00, Sys 0 00:00:00  -  Total Local Usage
	0  -  Run Bytes Sent By Job
	0  -  Run Bytes Received By Job
	0  -  Total Bytes Sent By Job
	0  -  Total Bytes Received By Job
	Partitionable Resources :    Usage  Request Allocated 
	   Cpus                 :     0.99        1         1 
	   Disk (KB)            :     1           1     22792 
	   Memory (MB)          :   166        1024      1024 

	Job terminated of its own accord at 2026-05-09T18:13:15Z with exit-code 139.
...
