000 (407727.000.000) 2026-05-07 18:21:20 Job submitted from host: <192.168.250.101:9618?addrs=192.168.250.101-9618&alias=hercules.hcms.it&noUDP&sock=schedd_3404051_6d7b>
...
001 (407727.000.000) 2026-05-08 20:52:03 Job executing on host: <192.168.250.22:9618?addrs=192.168.250.22-9618&alias=pccms12.hcms.it&noUDP&sock=startd_3275093_f746>
	SlotName: slot37_1@pccms12.hcms.it
	CondorScratchDir = "/var/lib/condor/execute/dir_1875438"
	Cpus = 1
	Disk = 22134
	Memory = 1024
...
006 (407727.000.000) 2026-05-08 20:52:11 Image size of job updated: 56584
	47  -  MemoryUsage of job (MB)
	47964  -  ResidentSetSize of job (KB)
...
006 (407727.000.000) 2026-05-08 21:22:15 Image size of job updated: 56584
	48  -  MemoryUsage of job (MB)
	49136  -  ResidentSetSize of job (KB)
...
006 (407727.000.000) 2026-05-08 21:27:15 Image size of job updated: 340688
	49  -  MemoryUsage of job (MB)
	49912  -  ResidentSetSize of job (KB)
...
006 (407727.000.000) 2026-05-08 21:32:15 Image size of job updated: 342764
	55  -  MemoryUsage of job (MB)
	56280  -  ResidentSetSize of job (KB)
...
006 (407727.000.000) 2026-05-08 23:22:28 Image size of job updated: 343040
	55  -  MemoryUsage of job (MB)
	56280  -  ResidentSetSize of job (KB)
...
006 (407727.000.000) 2026-05-08 23:37:30 Image size of job updated: 347392
	55  -  MemoryUsage of job (MB)
	56280  -  ResidentSetSize of job (KB)
...
006 (407727.000.000) 2026-05-08 23:47:31 Image size of job updated: 347392
	56  -  MemoryUsage of job (MB)
	56508  -  ResidentSetSize of job (KB)
...
006 (407727.000.000) 2026-05-09 02:02:46 Image size of job updated: 347544
	56  -  MemoryUsage of job (MB)
	56508  -  ResidentSetSize of job (KB)
...
006 (407727.000.000) 2026-05-09 02:37:50 Image size of job updated: 347544
	56  -  MemoryUsage of job (MB)
	56828  -  ResidentSetSize of job (KB)
...
006 (407727.000.000) 2026-05-09 03:47:57 Image size of job updated: 347544
	56  -  MemoryUsage of job (MB)
	56988  -  ResidentSetSize of job (KB)
...
006 (407727.000.000) 2026-05-09 06:23:13 Image size of job updated: 347544
	57  -  MemoryUsage of job (MB)
	57456  -  ResidentSetSize of job (KB)
...
006 (407727.000.000) 2026-05-09 09:08:31 Image size of job updated: 350228
	57  -  MemoryUsage of job (MB)
	57456  -  ResidentSetSize of job (KB)
...
006 (407727.000.000) 2026-05-09 09:43:34 Image size of job updated: 350228
	57  -  MemoryUsage of job (MB)
	58248  -  ResidentSetSize of job (KB)
...
006 (407727.000.000) 2026-05-09 10:18:38 Image size of job updated: 350228
	302  -  MemoryUsage of job (MB)
	308380  -  ResidentSetSize of job (KB)
...
006 (407727.000.000) 2026-05-09 12:48:54 Image size of job updated: 351044
	302  -  MemoryUsage of job (MB)
	308380  -  ResidentSetSize of job (KB)
...
006 (407727.000.000) 2026-05-09 13:13:56 Image size of job updated: 351168
	302  -  MemoryUsage of job (MB)
	308380  -  ResidentSetSize of job (KB)
...
006 (407727.000.000) 2026-05-09 16:19:15 Image size of job updated: 353676
	302  -  MemoryUsage of job (MB)
	308380  -  ResidentSetSize of job (KB)
...
006 (407727.000.000) 2026-05-09 20:04:37 Image size of job updated: 353992
	302  -  MemoryUsage of job (MB)
	308380  -  ResidentSetSize of job (KB)
...
006 (407727.000.000) 2026-05-09 20:59:43 Image size of job updated: 354404
	302  -  MemoryUsage of job (MB)
	308380  -  ResidentSetSize of job (KB)
...
005 (407727.000.000) 2026-05-10 04:26:24 Job terminated.
	(1) Normal termination (return value 139)
		Usr 1 05:08:12, Sys 0 02:13:25  -  Run Remote Usage
		Usr 0 00:00:00, Sys 0 00:00:00  -  Run Local Usage
		Usr 1 05:08:12, Sys 0 02:13:25  -  Total Remote Usage
		Usr 0 00:00:00, Sys 0 00:00:00  -  Total Local Usage
	0  -  Run Bytes Sent By Job
	0  -  Run Bytes Received By Job
	0  -  Total Bytes Sent By Job
	0  -  Total Bytes Received By Job
	Partitionable Resources :    Usage  Request Allocated 
	   Cpus                 :     0.99        1         1 
	   Disk (KB)            :     1           1     22134 
	   Memory (MB)          :   302        1024      1024 

	Job terminated of its own accord at 2026-05-10T02:26:24Z with exit-code 139.
...
