000 (407523.000.000) 2026-05-07 18:21:15 Job submitted from host: <192.168.250.101:9618?addrs=192.168.250.101-9618&alias=hercules.hcms.it&noUDP&sock=schedd_3404051_6d7b>
...
001 (407523.000.000) 2026-05-07 18:21:19 Job executing on host: <192.168.250.112:9618?addrs=192.168.250.112-9618&alias=hercules02.hcms.it&noUDP&sock=startd_1261146_d63b>
	SlotName: slot49_1@hercules02.hcms.it
	CondorScratchDir = "/var/lib/condor/execute/dir_3900947"
	Cpus = 1
	Disk = 29523
	Memory = 1024
...
006 (407523.000.000) 2026-05-07 18:21:27 Image size of job updated: 55484
	47  -  MemoryUsage of job (MB)
	47676  -  ResidentSetSize of job (KB)
...
006 (407523.000.000) 2026-05-07 18:41:28 Image size of job updated: 350596
	47  -  MemoryUsage of job (MB)
	47676  -  ResidentSetSize of job (KB)
...
006 (407523.000.000) 2026-05-07 18:51:29 Image size of job updated: 358932
	47  -  MemoryUsage of job (MB)
	47676  -  ResidentSetSize of job (KB)
...
006 (407523.000.000) 2026-05-07 18:56:30 Image size of job updated: 358932
	48  -  MemoryUsage of job (MB)
	48872  -  ResidentSetSize of job (KB)
...
006 (407523.000.000) 2026-05-07 19:01:30 Image size of job updated: 358932
	48  -  MemoryUsage of job (MB)
	49084  -  ResidentSetSize of job (KB)
...
006 (407523.000.000) 2026-05-07 19:21:32 Image size of job updated: 358932
	55  -  MemoryUsage of job (MB)
	55976  -  ResidentSetSize of job (KB)
...
006 (407523.000.000) 2026-05-07 21:06:43 Image size of job updated: 358932
	57  -  MemoryUsage of job (MB)
	57384  -  ResidentSetSize of job (KB)
...
006 (407523.000.000) 2026-05-07 21:51:47 Image size of job updated: 358932
	57  -  MemoryUsage of job (MB)
	57484  -  ResidentSetSize of job (KB)
...
006 (407523.000.000) 2026-05-07 23:31:57 Image size of job updated: 358932
	57  -  MemoryUsage of job (MB)
	57520  -  ResidentSetSize of job (KB)
...
006 (407523.000.000) 2026-05-08 01:57:11 Image size of job updated: 358932
	57  -  MemoryUsage of job (MB)
	57540  -  ResidentSetSize of job (KB)
...
006 (407523.000.000) 2026-05-08 02:12:13 Image size of job updated: 358932
	57  -  MemoryUsage of job (MB)
	57904  -  ResidentSetSize of job (KB)
...
006 (407523.000.000) 2026-05-08 02:22:14 Image size of job updated: 358932
	57  -  MemoryUsage of job (MB)
	57908  -  ResidentSetSize of job (KB)
...
006 (407523.000.000) 2026-05-08 02:42:16 Image size of job updated: 358932
	57  -  MemoryUsage of job (MB)
	57972  -  ResidentSetSize of job (KB)
...
006 (407523.000.000) 2026-05-08 03:12:20 Image size of job updated: 358932
	58  -  MemoryUsage of job (MB)
	58880  -  ResidentSetSize of job (KB)
...
006 (407523.000.000) 2026-05-08 03:42:22 Image size of job updated: 358932
	58  -  MemoryUsage of job (MB)
	58916  -  ResidentSetSize of job (KB)
...
006 (407523.000.000) 2026-05-08 08:17:50 Image size of job updated: 367112
	58  -  MemoryUsage of job (MB)
	58916  -  ResidentSetSize of job (KB)
...
006 (407523.000.000) 2026-05-08 08:22:51 Image size of job updated: 367644
	58  -  MemoryUsage of job (MB)
	58916  -  ResidentSetSize of job (KB)
...
006 (407523.000.000) 2026-05-08 08:32:52 Image size of job updated: 370780
	58  -  MemoryUsage of job (MB)
	58916  -  ResidentSetSize of job (KB)
...
006 (407523.000.000) 2026-05-08 11:18:08 Image size of job updated: 370780
	348  -  MemoryUsage of job (MB)
	356012  -  ResidentSetSize of job (KB)
...
006 (407523.000.000) 2026-05-08 11:23:08 Image size of job updated: 371468
	348  -  MemoryUsage of job (MB)
	356268  -  ResidentSetSize of job (KB)
...
006 (407523.000.000) 2026-05-08 13:18:20 Image size of job updated: 372656
	348  -  MemoryUsage of job (MB)
	356268  -  ResidentSetSize of job (KB)
...
005 (407523.000.000) 2026-05-08 19:51:19 Job terminated.
	(1) Normal termination (return value 139)
		Usr 1 00:48:22, Sys 0 00:29:52  -  Run Remote Usage
		Usr 0 00:00:00, Sys 0 00:00:00  -  Run Local Usage
		Usr 1 00:48:22, Sys 0 00:29:52  -  Total Remote Usage
		Usr 0 00:00:00, Sys 0 00:00:00  -  Total Local Usage
	0  -  Run Bytes Sent By Job
	0  -  Run Bytes Received By Job
	0  -  Total Bytes Sent By Job
	0  -  Total Bytes Received By Job
	Partitionable Resources :    Usage  Request Allocated 
	   Cpus                 :     0.99        1         1 
	   Disk (KB)            :     1           1     29523 
	   Memory (MB)          :   348        1024      1024 

	Job terminated of its own accord at 2026-05-08T17:51:19Z with exit-code 139.
...
