000 (407790.000.000) 2026-05-07 18:21:22 Job submitted from host: <192.168.250.101:9618?addrs=192.168.250.101-9618&alias=hercules.hcms.it&noUDP&sock=schedd_3404051_6d7b>
...
001 (407790.000.000) 2026-05-09 00:28:07 Job executing on host: <192.168.250.102:9618?addrs=192.168.250.102-9618&alias=empire.hcms.it&noUDP&sock=startd_2716409_3615>
	SlotName: slot17_1@empire.hcms.it
	CondorScratchDir = "/var/lib/condor/execute/dir_3512127"
	Cpus = 1
	Disk = 22792
	Memory = 1024
...
006 (407790.000.000) 2026-05-09 00:28:16 Image size of job updated: 52844
	52  -  MemoryUsage of job (MB)
	52544  -  ResidentSetSize of job (KB)
...
006 (407790.000.000) 2026-05-09 00:33:17 Image size of job updated: 54804
	52  -  MemoryUsage of job (MB)
	52544  -  ResidentSetSize of job (KB)
...
006 (407790.000.000) 2026-05-09 01:33:22 Image size of job updated: 355436
	52  -  MemoryUsage of job (MB)
	52544  -  ResidentSetSize of job (KB)
...
006 (407790.000.000) 2026-05-09 01:48:24 Image size of job updated: 359828
	52  -  MemoryUsage of job (MB)
	52544  -  ResidentSetSize of job (KB)
...
006 (407790.000.000) 2026-05-09 04:38:42 Image size of job updated: 362332
	52  -  MemoryUsage of job (MB)
	52544  -  ResidentSetSize of job (KB)
...
006 (407790.000.000) 2026-05-09 06:48:54 Image size of job updated: 362332
	54  -  MemoryUsage of job (MB)
	55204  -  ResidentSetSize of job (KB)
...
006 (407790.000.000) 2026-05-09 07:39:00 Image size of job updated: 362332
	55  -  MemoryUsage of job (MB)
	55344  -  ResidentSetSize of job (KB)
...
006 (407790.000.000) 2026-05-09 08:14:03 Image size of job updated: 362332
	55  -  MemoryUsage of job (MB)
	55360  -  ResidentSetSize of job (KB)
...
006 (407790.000.000) 2026-05-09 11:09:22 Image size of job updated: 362332
	55  -  MemoryUsage of job (MB)
	55528  -  ResidentSetSize of job (KB)
...
006 (407790.000.000) 2026-05-09 12:19:29 Image size of job updated: 362332
	193  -  MemoryUsage of job (MB)
	197144  -  ResidentSetSize of job (KB)
...
006 (407790.000.000) 2026-05-09 12:24:30 Image size of job updated: 362332
	194  -  MemoryUsage of job (MB)
	197656  -  ResidentSetSize of job (KB)
...
006 (407790.000.000) 2026-05-09 13:19:36 Image size of job updated: 362492
	194  -  MemoryUsage of job (MB)
	197656  -  ResidentSetSize of job (KB)
...
006 (407790.000.000) 2026-05-09 14:39:44 Image size of job updated: 364376
	194  -  MemoryUsage of job (MB)
	197656  -  ResidentSetSize of job (KB)
...
006 (407790.000.000) 2026-05-09 21:00:24 Image size of job updated: 364716
	194  -  MemoryUsage of job (MB)
	197656  -  ResidentSetSize of job (KB)
...
006 (407790.000.000) 2026-05-09 22:00:29 Image size of job updated: 365748
	194  -  MemoryUsage of job (MB)
	197656  -  ResidentSetSize of job (KB)
...
006 (407790.000.000) 2026-05-10 02:40:57 Image size of job updated: 367048
	194  -  MemoryUsage of job (MB)
	197656  -  ResidentSetSize of job (KB)
...
005 (407790.000.000) 2026-05-10 04:29:31 Job terminated.
	(1) Normal termination (return value 139)
		Usr 1 03:34:18, Sys 0 00:15:37  -  Run Remote Usage
		Usr 0 00:00:00, Sys 0 00:00:00  -  Run Local Usage
		Usr 1 03:34:18, Sys 0 00:15:37  -  Total Remote Usage
		Usr 0 00:00:00, Sys 0 00:00:00  -  Total Local Usage
	0  -  Run Bytes Sent By Job
	0  -  Run Bytes Received By Job
	0  -  Total Bytes Sent By Job
	0  -  Total Bytes Received By Job
	Partitionable Resources :    Usage  Request Allocated 
	   Cpus                 :     1.00        1         1 
	   Disk (KB)            :     1           1     22792 
	   Memory (MB)          :   194        1024      1024 

	Job terminated of its own accord at 2026-05-10T02:29:31Z with exit-code 139.
...
