000 (407804.000.000) 2026-05-07 18:21:22 Job submitted from host: <192.168.250.101:9618?addrs=192.168.250.101-9618&alias=hercules.hcms.it&noUDP&sock=schedd_3404051_6d7b>
...
001 (407804.000.000) 2026-05-09 01:49:09 Job executing on host: <192.168.250.102:9618?addrs=192.168.250.102-9618&alias=empire.hcms.it&noUDP&sock=startd_2716409_3615>
	SlotName: slot63_1@empire.hcms.it
	CondorScratchDir = "/var/lib/condor/execute/dir_3714676"
	Cpus = 1
	Disk = 22792
	Memory = 1024
...
006 (407804.000.000) 2026-05-09 01:49:18 Image size of job updated: 53144
	52  -  MemoryUsage of job (MB)
	52824  -  ResidentSetSize of job (KB)
...
006 (407804.000.000) 2026-05-09 01:59:19 Image size of job updated: 353508
	53  -  MemoryUsage of job (MB)
	53424  -  ResidentSetSize of job (KB)
...
006 (407804.000.000) 2026-05-09 02:59:25 Image size of job updated: 356800
	53  -  MemoryUsage of job (MB)
	53424  -  ResidentSetSize of job (KB)
...
006 (407804.000.000) 2026-05-09 03:14:27 Image size of job updated: 356972
	53  -  MemoryUsage of job (MB)
	53424  -  ResidentSetSize of job (KB)
...
006 (407804.000.000) 2026-05-09 03:29:28 Image size of job updated: 362200
	53  -  MemoryUsage of job (MB)
	53424  -  ResidentSetSize of job (KB)
...
006 (407804.000.000) 2026-05-09 03:34:29 Image size of job updated: 362200
	53  -  MemoryUsage of job (MB)
	53628  -  ResidentSetSize of job (KB)
...
006 (407804.000.000) 2026-05-09 10:55:14 Image size of job updated: 362200
	53  -  MemoryUsage of job (MB)
	53828  -  ResidentSetSize of job (KB)
...
006 (407804.000.000) 2026-05-09 13:25:31 Image size of job updated: 362200
	53  -  MemoryUsage of job (MB)
	53928  -  ResidentSetSize of job (KB)
...
006 (407804.000.000) 2026-05-09 16:05:46 Image size of job updated: 362200
	53  -  MemoryUsage of job (MB)
	54048  -  ResidentSetSize of job (KB)
...
006 (407804.000.000) 2026-05-09 18:56:05 Image size of job updated: 364284
	53  -  MemoryUsage of job (MB)
	54048  -  ResidentSetSize of job (KB)
...
006 (407804.000.000) 2026-05-09 19:11:06 Image size of job updated: 364284
	53  -  MemoryUsage of job (MB)
	54100  -  ResidentSetSize of job (KB)
...
006 (407804.000.000) 2026-05-09 19:31:09 Image size of job updated: 364284
	54  -  MemoryUsage of job (MB)
	55144  -  ResidentSetSize of job (KB)
...
006 (407804.000.000) 2026-05-10 02:11:51 Image size of job updated: 364900
	54  -  MemoryUsage of job (MB)
	55144  -  ResidentSetSize of job (KB)
...
006 (407804.000.000) 2026-05-10 02:46:54 Image size of job updated: 364900
	56  -  MemoryUsage of job (MB)
	56808  -  ResidentSetSize of job (KB)
...
006 (407804.000.000) 2026-05-10 03:57:00 Image size of job updated: 364900
	132  -  MemoryUsage of job (MB)
	134960  -  ResidentSetSize of job (KB)
...
006 (407804.000.000) 2026-05-10 04:47:06 Image size of job updated: 366088
	132  -  MemoryUsage of job (MB)
	134960  -  ResidentSetSize of job (KB)
...
005 (407804.000.000) 2026-05-10 06:01:52 Job terminated.
	(1) Normal termination (return value 139)
		Usr 1 03:45:41, Sys 0 00:15:54  -  Run Remote Usage
		Usr 0 00:00:00, Sys 0 00:00:00  -  Run Local Usage
		Usr 1 03:45:41, Sys 0 00:15:54  -  Total Remote Usage
		Usr 0 00:00:00, Sys 0 00:00:00  -  Total Local Usage
	0  -  Run Bytes Sent By Job
	0  -  Run Bytes Received By Job
	0  -  Total Bytes Sent By Job
	0  -  Total Bytes Received By Job
	Partitionable Resources :    Usage  Request Allocated 
	   Cpus                 :     1.00        1         1 
	   Disk (KB)            :     1           1     22792 
	   Memory (MB)          :   132        1024      1024 

	Job terminated of its own accord at 2026-05-10T04:01:52Z with exit-code 139.
...
