000 (407594.000.000) 2026-05-07 18:21:17 Job submitted from host: <192.168.250.101:9618?addrs=192.168.250.101-9618&alias=hercules.hcms.it&noUDP&sock=schedd_3404051_6d7b>
...
001 (407594.000.000) 2026-05-08 10:52:54 Job executing on host: <192.168.250.22:9618?addrs=192.168.250.22-9618&alias=pccms12.hcms.it&noUDP&sock=startd_3275093_f746>
	SlotName: slot17_1@pccms12.hcms.it
	CondorScratchDir = "/var/lib/condor/execute/dir_1043427"
	Cpus = 1
	Disk = 22134
	Memory = 1024
...
006 (407594.000.000) 2026-05-08 10:53:02 Image size of job updated: 36756
	31  -  MemoryUsage of job (MB)
	31380  -  ResidentSetSize of job (KB)
...
006 (407594.000.000) 2026-05-08 10:58:02 Image size of job updated: 323936
	33  -  MemoryUsage of job (MB)
	33092  -  ResidentSetSize of job (KB)
...
006 (407594.000.000) 2026-05-08 11:03:02 Image size of job updated: 328336
	34  -  MemoryUsage of job (MB)
	34160  -  ResidentSetSize of job (KB)
...
006 (407594.000.000) 2026-05-08 11:08:03 Image size of job updated: 328336
	34  -  MemoryUsage of job (MB)
	34188  -  ResidentSetSize of job (KB)
...
006 (407594.000.000) 2026-05-08 11:18:04 Image size of job updated: 328336
	34  -  MemoryUsage of job (MB)
	34512  -  ResidentSetSize of job (KB)
...
006 (407594.000.000) 2026-05-08 11:23:05 Image size of job updated: 328336
	35  -  MemoryUsage of job (MB)
	35192  -  ResidentSetSize of job (KB)
...
006 (407594.000.000) 2026-05-08 11:43:08 Image size of job updated: 329064
	35  -  MemoryUsage of job (MB)
	35728  -  ResidentSetSize of job (KB)
...
006 (407594.000.000) 2026-05-08 12:58:15 Image size of job updated: 329964
	35  -  MemoryUsage of job (MB)
	35728  -  ResidentSetSize of job (KB)
...
006 (407594.000.000) 2026-05-08 13:53:21 Image size of job updated: 329964
	36  -  MemoryUsage of job (MB)
	35864  -  ResidentSetSize of job (KB)
...
006 (407594.000.000) 2026-05-08 14:23:23 Image size of job updated: 329964
	39  -  MemoryUsage of job (MB)
	39820  -  ResidentSetSize of job (KB)
...
006 (407594.000.000) 2026-05-08 16:43:39 Image size of job updated: 333020
	40  -  MemoryUsage of job (MB)
	40212  -  ResidentSetSize of job (KB)
...
006 (407594.000.000) 2026-05-08 19:23:55 Image size of job updated: 334008
	40  -  MemoryUsage of job (MB)
	40212  -  ResidentSetSize of job (KB)
...
006 (407594.000.000) 2026-05-08 19:28:56 Image size of job updated: 334388
	40  -  MemoryUsage of job (MB)
	40212  -  ResidentSetSize of job (KB)
...
006 (407594.000.000) 2026-05-08 19:38:57 Image size of job updated: 334388
	214  -  MemoryUsage of job (MB)
	218488  -  ResidentSetSize of job (KB)
...
005 (407594.000.000) 2026-05-09 05:14:41 Job terminated.
	(1) Normal termination (return value 139)
		Usr 0 17:49:21, Sys 0 00:22:25  -  Run Remote Usage
		Usr 0 00:00:00, Sys 0 00:00:00  -  Run Local Usage
		Usr 0 17:49:21, Sys 0 00:22:25  -  Total Remote Usage
		Usr 0 00:00:00, Sys 0 00:00:00  -  Total Local Usage
	0  -  Run Bytes Sent By Job
	0  -  Run Bytes Received By Job
	0  -  Total Bytes Sent By Job
	0  -  Total Bytes Received By Job
	Partitionable Resources :    Usage  Request Allocated 
	   Cpus                 :     0.99        1         1 
	   Disk (KB)            :     1           1     22134 
	   Memory (MB)          :   214        1024      1024 

	Job terminated of its own accord at 2026-05-09T03:14:41Z with exit-code 139.
...
