000 (407822.000.000) 2026-05-07 18:21:23 Job submitted from host: <192.168.250.101:9618?addrs=192.168.250.101-9618&alias=hercules.hcms.it&noUDP&sock=schedd_3404051_6d7b>
...
001 (407822.000.000) 2026-05-09 03:22:12 Job executing on host: <192.168.250.112:9618?addrs=192.168.250.112-9618&alias=hercules02.hcms.it&noUDP&sock=startd_1261146_d63b>
	SlotName: slot54_1@hercules02.hcms.it
	CondorScratchDir = "/var/lib/condor/execute/dir_3739299"
	Cpus = 1
	Disk = 29523
	Memory = 1024
...
006 (407822.000.000) 2026-05-09 03:22:20 Image size of job updated: 56012
	47  -  MemoryUsage of job (MB)
	47760  -  ResidentSetSize of job (KB)
...
006 (407822.000.000) 2026-05-09 03:27:20 Image size of job updated: 56012
	55  -  MemoryUsage of job (MB)
	55472  -  ResidentSetSize of job (KB)
...
006 (407822.000.000) 2026-05-09 04:02:23 Image size of job updated: 354020
	55  -  MemoryUsage of job (MB)
	55472  -  ResidentSetSize of job (KB)
...
006 (407822.000.000) 2026-05-09 04:37:27 Image size of job updated: 355236
	55  -  MemoryUsage of job (MB)
	55472  -  ResidentSetSize of job (KB)
...
006 (407822.000.000) 2026-05-09 04:57:29 Image size of job updated: 357304
	55  -  MemoryUsage of job (MB)
	55472  -  ResidentSetSize of job (KB)
...
006 (407822.000.000) 2026-05-09 06:07:36 Image size of job updated: 357304
	56  -  MemoryUsage of job (MB)
	56456  -  ResidentSetSize of job (KB)
...
006 (407822.000.000) 2026-05-09 06:37:39 Image size of job updated: 357304
	56  -  MemoryUsage of job (MB)
	56884  -  ResidentSetSize of job (KB)
...
006 (407822.000.000) 2026-05-09 07:32:45 Image size of job updated: 357304
	56  -  MemoryUsage of job (MB)
	57084  -  ResidentSetSize of job (KB)
...
006 (407822.000.000) 2026-05-09 07:47:46 Image size of job updated: 357976
	56  -  MemoryUsage of job (MB)
	57084  -  ResidentSetSize of job (KB)
...
006 (407822.000.000) 2026-05-09 08:42:52 Image size of job updated: 359036
	56  -  MemoryUsage of job (MB)
	57084  -  ResidentSetSize of job (KB)
...
006 (407822.000.000) 2026-05-09 13:18:20 Image size of job updated: 359960
	56  -  MemoryUsage of job (MB)
	57084  -  ResidentSetSize of job (KB)
...
006 (407822.000.000) 2026-05-09 13:33:21 Image size of job updated: 360320
	56  -  MemoryUsage of job (MB)
	57084  -  ResidentSetSize of job (KB)
...
006 (407822.000.000) 2026-05-09 13:53:24 Image size of job updated: 360320
	57  -  MemoryUsage of job (MB)
	57364  -  ResidentSetSize of job (KB)
...
006 (407822.000.000) 2026-05-09 17:13:45 Image size of job updated: 361180
	57  -  MemoryUsage of job (MB)
	57364  -  ResidentSetSize of job (KB)
...
006 (407822.000.000) 2026-05-09 17:43:49 Image size of job updated: 361180
	58  -  MemoryUsage of job (MB)
	59044  -  ResidentSetSize of job (KB)
...
006 (407822.000.000) 2026-05-09 19:13:57 Image size of job updated: 361336
	58  -  MemoryUsage of job (MB)
	59044  -  ResidentSetSize of job (KB)
...
006 (407822.000.000) 2026-05-09 20:09:02 Image size of job updated: 363152
	58  -  MemoryUsage of job (MB)
	59044  -  ResidentSetSize of job (KB)
...
006 (407822.000.000) 2026-05-09 22:24:18 Image size of job updated: 363152
	60  -  MemoryUsage of job (MB)
	60628  -  ResidentSetSize of job (KB)
...
005 (407822.000.000) 2026-05-10 00:37:56 Job terminated.
	(1) Normal termination (return value 139)
		Usr 0 20:43:44, Sys 0 00:25:02  -  Run Remote Usage
		Usr 0 00:00:00, Sys 0 00:00:00  -  Run Local Usage
		Usr 0 20:43:44, Sys 0 00:25:02  -  Total Remote Usage
		Usr 0 00:00:00, Sys 0 00:00:00  -  Total Local Usage
	0  -  Run Bytes Sent By Job
	0  -  Run Bytes Received By Job
	0  -  Total Bytes Sent By Job
	0  -  Total Bytes Received By Job
	Partitionable Resources :    Usage  Request Allocated 
	   Cpus                 :     0.99        1         1 
	   Disk (KB)            :     1           1     29523 
	   Memory (MB)          :    60        1024      1024 

	Job terminated of its own accord at 2026-05-09T22:37:56Z with exit-code 139.
...
