000 (407654.000.000) 2026-05-07 18:21:18 Job submitted from host: <192.168.250.101:9618?addrs=192.168.250.101-9618&alias=hercules.hcms.it&noUDP&sock=schedd_3404051_6d7b>
...
001 (407654.000.000) 2026-05-08 16:16:59 Job executing on host: <192.168.250.22:9618?addrs=192.168.250.22-9618&alias=pccms12.hcms.it&noUDP&sock=startd_3275093_f746>
	SlotName: slot4_1@pccms12.hcms.it
	CondorScratchDir = "/var/lib/condor/execute/dir_1499707"
	Cpus = 1
	Disk = 22134
	Memory = 1024
...
006 (407654.000.000) 2026-05-08 16:17:07 Image size of job updated: 46348
	41  -  MemoryUsage of job (MB)
	41104  -  ResidentSetSize of job (KB)
...
006 (407654.000.000) 2026-05-08 16:22:07 Image size of job updated: 46348
	42  -  MemoryUsage of job (MB)
	42292  -  ResidentSetSize of job (KB)
...
006 (407654.000.000) 2026-05-08 16:32:08 Image size of job updated: 46348
	42  -  MemoryUsage of job (MB)
	42352  -  ResidentSetSize of job (KB)
...
006 (407654.000.000) 2026-05-08 16:42:09 Image size of job updated: 46348
	42  -  MemoryUsage of job (MB)
	42364  -  ResidentSetSize of job (KB)
...
006 (407654.000.000) 2026-05-08 16:47:10 Image size of job updated: 341592
	44  -  MemoryUsage of job (MB)
	44508  -  ResidentSetSize of job (KB)
...
006 (407654.000.000) 2026-05-08 17:02:11 Image size of job updated: 341592
	45  -  MemoryUsage of job (MB)
	45656  -  ResidentSetSize of job (KB)
...
006 (407654.000.000) 2026-05-08 18:47:23 Image size of job updated: 341592
	49  -  MemoryUsage of job (MB)
	50004  -  ResidentSetSize of job (KB)
...
006 (407654.000.000) 2026-05-09 08:38:47 Image size of job updated: 341592
	169  -  MemoryUsage of job (MB)
	172916  -  ResidentSetSize of job (KB)
...
006 (407654.000.000) 2026-05-09 08:43:48 Image size of job updated: 341592
	171  -  MemoryUsage of job (MB)
	174708  -  ResidentSetSize of job (KB)
...
005 (407654.000.000) 2026-05-09 11:01:58 Job terminated.
	(1) Normal termination (return value 139)
		Usr 0 18:12:56, Sys 0 00:22:35  -  Run Remote Usage
		Usr 0 00:00:00, Sys 0 00:00:00  -  Run Local Usage
		Usr 0 18:12:56, Sys 0 00:22:35  -  Total Remote Usage
		Usr 0 00:00:00, Sys 0 00:00:00  -  Total Local Usage
	0  -  Run Bytes Sent By Job
	0  -  Run Bytes Received By Job
	0  -  Total Bytes Sent By Job
	0  -  Total Bytes Received By Job
	Partitionable Resources :    Usage  Request Allocated 
	   Cpus                 :     0.99        1         1 
	   Disk (KB)            :     1           1     22134 
	   Memory (MB)          :   171        1024      1024 

	Job terminated of its own accord at 2026-05-09T09:01:58Z with exit-code 139.
...
