000 (407780.000.000) 2026-05-07 18:21:22 Job submitted from host: <192.168.250.101:9618?addrs=192.168.250.101-9618&alias=hercules.hcms.it&noUDP&sock=schedd_3404051_6d7b>
...
001 (407780.000.000) 2026-05-08 22:53:06 Job executing on host: <192.168.250.102:9618?addrs=192.168.250.102-9618&alias=empire.hcms.it&noUDP&sock=startd_2716409_3615>
	SlotName: slot8_1@empire.hcms.it
	CondorScratchDir = "/var/lib/condor/execute/dir_3278395"
	Cpus = 1
	Disk = 22792
	Memory = 1024
...
006 (407780.000.000) 2026-05-08 22:53:14 Image size of job updated: 58008
	55  -  MemoryUsage of job (MB)
	56068  -  ResidentSetSize of job (KB)
...
006 (407780.000.000) 2026-05-08 22:58:14 Image size of job updated: 58012
	55  -  MemoryUsage of job (MB)
	56068  -  ResidentSetSize of job (KB)
...
006 (407780.000.000) 2026-05-08 23:53:20 Image size of job updated: 356804
	57  -  MemoryUsage of job (MB)
	57932  -  ResidentSetSize of job (KB)
...
006 (407780.000.000) 2026-05-09 00:13:21 Image size of job updated: 359592
	57  -  MemoryUsage of job (MB)
	57932  -  ResidentSetSize of job (KB)
...
006 (407780.000.000) 2026-05-09 00:28:23 Image size of job updated: 359776
	57  -  MemoryUsage of job (MB)
	57992  -  ResidentSetSize of job (KB)
...
006 (407780.000.000) 2026-05-09 01:38:30 Image size of job updated: 361680
	57  -  MemoryUsage of job (MB)
	57992  -  ResidentSetSize of job (KB)
...
006 (407780.000.000) 2026-05-09 04:08:45 Image size of job updated: 361680
	58  -  MemoryUsage of job (MB)
	58952  -  ResidentSetSize of job (KB)
...
006 (407780.000.000) 2026-05-09 04:43:48 Image size of job updated: 362500
	58  -  MemoryUsage of job (MB)
	58952  -  ResidentSetSize of job (KB)
...
006 (407780.000.000) 2026-05-09 09:59:20 Image size of job updated: 362500
	352  -  MemoryUsage of job (MB)
	359972  -  ResidentSetSize of job (KB)
...
006 (407780.000.000) 2026-05-09 10:49:25 Image size of job updated: 362852
	352  -  MemoryUsage of job (MB)
	359972  -  ResidentSetSize of job (KB)
...
006 (407780.000.000) 2026-05-09 16:15:00 Image size of job updated: 363036
	352  -  MemoryUsage of job (MB)
	359972  -  ResidentSetSize of job (KB)
...
006 (407780.000.000) 2026-05-09 17:55:10 Image size of job updated: 364948
	352  -  MemoryUsage of job (MB)
	359972  -  ResidentSetSize of job (KB)
...
006 (407780.000.000) 2026-05-10 01:00:53 Image size of job updated: 365728
	352  -  MemoryUsage of job (MB)
	359972  -  ResidentSetSize of job (KB)
...
006 (407780.000.000) 2026-05-10 02:41:02 Image size of job updated: 367812
	352  -  MemoryUsage of job (MB)
	359972  -  ResidentSetSize of job (KB)
...
005 (407780.000.000) 2026-05-10 03:41:48 Job terminated.
	(1) Normal termination (return value 139)
		Usr 1 04:17:51, Sys 0 00:18:41  -  Run Remote Usage
		Usr 0 00:00:00, Sys 0 00:00:00  -  Run Local Usage
		Usr 1 04:17:51, Sys 0 00:18:41  -  Total Remote Usage
		Usr 0 00:00:00, Sys 0 00:00:00  -  Total Local Usage
	0  -  Run Bytes Sent By Job
	0  -  Run Bytes Received By Job
	0  -  Total Bytes Sent By Job
	0  -  Total Bytes Received By Job
	Partitionable Resources :    Usage  Request Allocated 
	   Cpus                 :     0.99        1         1 
	   Disk (KB)            :     1           1     22792 
	   Memory (MB)          :   352        1024      1024 

	Job terminated of its own accord at 2026-05-10T01:41:48Z with exit-code 139.
...
