000 (407583.000.000) 2026-05-07 18:21:16 Job submitted from host: <192.168.250.101:9618?addrs=192.168.250.101-9618&alias=hercules.hcms.it&noUDP&sock=schedd_3404051_6d7b>
...
001 (407583.000.000) 2026-05-08 09:14:50 Job executing on host: <192.168.250.22:9618?addrs=192.168.250.22-9618&alias=pccms12.hcms.it&noUDP&sock=startd_3275093_f746>
	SlotName: slot1_1@pccms12.hcms.it
	CondorScratchDir = "/var/lib/condor/execute/dir_908025"
	Cpus = 1
	Disk = 22134
	Memory = 1024
...
006 (407583.000.000) 2026-05-08 09:14:59 Image size of job updated: 49124
	48  -  MemoryUsage of job (MB)
	48612  -  ResidentSetSize of job (KB)
...
006 (407583.000.000) 2026-05-08 09:20:00 Image size of job updated: 334420
	48  -  MemoryUsage of job (MB)
	48612  -  ResidentSetSize of job (KB)
...
006 (407583.000.000) 2026-05-08 09:35:01 Image size of job updated: 335008
	48  -  MemoryUsage of job (MB)
	48612  -  ResidentSetSize of job (KB)
...
006 (407583.000.000) 2026-05-08 09:45:02 Image size of job updated: 336364
	48  -  MemoryUsage of job (MB)
	48612  -  ResidentSetSize of job (KB)
...
006 (407583.000.000) 2026-05-08 10:30:07 Image size of job updated: 339904
	48  -  MemoryUsage of job (MB)
	48612  -  ResidentSetSize of job (KB)
...
006 (407583.000.000) 2026-05-08 11:10:10 Image size of job updated: 341408
	48  -  MemoryUsage of job (MB)
	48612  -  ResidentSetSize of job (KB)
...
006 (407583.000.000) 2026-05-08 11:35:14 Image size of job updated: 341408
	49  -  MemoryUsage of job (MB)
	49284  -  ResidentSetSize of job (KB)
...
006 (407583.000.000) 2026-05-08 12:35:19 Image size of job updated: 341408
	295  -  MemoryUsage of job (MB)
	301668  -  ResidentSetSize of job (KB)
...
006 (407583.000.000) 2026-05-08 12:40:20 Image size of job updated: 341408
	295  -  MemoryUsage of job (MB)
	301928  -  ResidentSetSize of job (KB)
...
005 (407583.000.000) 2026-05-09 01:26:41 Job terminated.
	(1) Normal termination (return value 139)
		Usr 0 15:39:07, Sys 0 00:23:50  -  Run Remote Usage
		Usr 0 00:00:00, Sys 0 00:00:00  -  Run Local Usage
		Usr 0 15:39:07, Sys 0 00:23:50  -  Total Remote Usage
		Usr 0 00:00:00, Sys 0 00:00:00  -  Total Local Usage
	0  -  Run Bytes Sent By Job
	0  -  Run Bytes Received By Job
	0  -  Total Bytes Sent By Job
	0  -  Total Bytes Received By Job
	Partitionable Resources :    Usage  Request Allocated 
	   Cpus                 :     0.99        1         1 
	   Disk (KB)            :     1           1     22134 
	   Memory (MB)          :   295        1024      1024 

	Job terminated of its own accord at 2026-05-08T23:26:41Z with exit-code 139.
...
