000 (407681.000.000) 2026-05-07 18:21:19 Job submitted from host: <192.168.250.101:9618?addrs=192.168.250.101-9618&alias=hercules.hcms.it&noUDP&sock=schedd_3404051_6d7b>
...
001 (407681.000.000) 2026-05-08 18:36:58 Job executing on host: <192.168.250.22:9618?addrs=192.168.250.22-9618&alias=pccms12.hcms.it&noUDP&sock=startd_3275093_f746>
	SlotName: slot26_1@pccms12.hcms.it
	CondorScratchDir = "/var/lib/condor/execute/dir_1700664"
	Cpus = 1
	Disk = 22134
	Memory = 1024
...
006 (407681.000.000) 2026-05-08 18:37:07 Image size of job updated: 40212
	39  -  MemoryUsage of job (MB)
	39544  -  ResidentSetSize of job (KB)
...
006 (407681.000.000) 2026-05-08 19:12:12 Image size of job updated: 330944
	39  -  MemoryUsage of job (MB)
	39544  -  ResidentSetSize of job (KB)
...
006 (407681.000.000) 2026-05-08 19:57:16 Image size of job updated: 331720
	39  -  MemoryUsage of job (MB)
	39544  -  ResidentSetSize of job (KB)
...
006 (407681.000.000) 2026-05-08 20:37:20 Image size of job updated: 331720
	167  -  MemoryUsage of job (MB)
	170496  -  ResidentSetSize of job (KB)
...
006 (407681.000.000) 2026-05-08 22:37:32 Image size of job updated: 333116
	167  -  MemoryUsage of job (MB)
	170496  -  ResidentSetSize of job (KB)
...
006 (407681.000.000) 2026-05-08 22:47:33 Image size of job updated: 334388
	167  -  MemoryUsage of job (MB)
	170496  -  ResidentSetSize of job (KB)
...
006 (407681.000.000) 2026-05-09 00:47:46 Image size of job updated: 339480
	167  -  MemoryUsage of job (MB)
	170496  -  ResidentSetSize of job (KB)
...
006 (407681.000.000) 2026-05-09 10:48:48 Image size of job updated: 340200
	167  -  MemoryUsage of job (MB)
	170496  -  ResidentSetSize of job (KB)
...
006 (407681.000.000) 2026-05-09 12:29:00 Image size of job updated: 342572
	167  -  MemoryUsage of job (MB)
	170496  -  ResidentSetSize of job (KB)
...
006 (407681.000.000) 2026-05-09 20:59:50 Image size of job updated: 347924
	167  -  MemoryUsage of job (MB)
	170496  -  ResidentSetSize of job (KB)
...
005 (407681.000.000) 2026-05-10 00:01:20 Job terminated.
	(1) Normal termination (return value 139)
		Usr 1 02:58:30, Sys 0 02:13:13  -  Run Remote Usage
		Usr 0 00:00:00, Sys 0 00:00:00  -  Run Local Usage
		Usr 1 02:58:30, Sys 0 02:13:13  -  Total Remote Usage
		Usr 0 00:00:00, Sys 0 00:00:00  -  Total Local Usage
	0  -  Run Bytes Sent By Job
	0  -  Run Bytes Received By Job
	0  -  Total Bytes Sent By Job
	0  -  Total Bytes Received By Job
	Partitionable Resources :    Usage  Request Allocated 
	   Cpus                 :     0.99        1         1 
	   Disk (KB)            :     1           1     22134 
	   Memory (MB)          :   167        1024      1024 

	Job terminated of its own accord at 2026-05-09T22:01:20Z with exit-code 139.
...
