000 (407576.000.000) 2026-05-07 18:21:16 Job submitted from host: <192.168.250.101:9618?addrs=192.168.250.101-9618&alias=hercules.hcms.it&noUDP&sock=schedd_3404051_6d7b>
...
001 (407576.000.000) 2026-05-08 05:14:49 Job executing on host: <192.168.250.112:9618?addrs=192.168.250.112-9618&alias=hercules02.hcms.it&noUDP&sock=startd_1261146_d63b>
	SlotName: slot75_1@hercules02.hcms.it
	CondorScratchDir = "/var/lib/condor/execute/dir_1288260"
	Cpus = 1
	Disk = 29523
	Memory = 1024
...
006 (407576.000.000) 2026-05-08 05:14:57 Image size of job updated: 56140
	48  -  MemoryUsage of job (MB)
	48168  -  ResidentSetSize of job (KB)
...
006 (407576.000.000) 2026-05-08 05:24:58 Image size of job updated: 356444
	50  -  MemoryUsage of job (MB)
	51124  -  ResidentSetSize of job (KB)
...
006 (407576.000.000) 2026-05-08 05:34:59 Image size of job updated: 358368
	50  -  MemoryUsage of job (MB)
	51124  -  ResidentSetSize of job (KB)
...
006 (407576.000.000) 2026-05-08 06:10:02 Image size of job updated: 358368
	50  -  MemoryUsage of job (MB)
	51152  -  ResidentSetSize of job (KB)
...
006 (407576.000.000) 2026-05-08 06:25:04 Image size of job updated: 358368
	50  -  MemoryUsage of job (MB)
	51184  -  ResidentSetSize of job (KB)
...
006 (407576.000.000) 2026-05-08 06:40:05 Image size of job updated: 358368
	51  -  MemoryUsage of job (MB)
	51236  -  ResidentSetSize of job (KB)
...
006 (407576.000.000) 2026-05-08 07:15:09 Image size of job updated: 358368
	57  -  MemoryUsage of job (MB)
	57936  -  ResidentSetSize of job (KB)
...
006 (407576.000.000) 2026-05-08 08:30:16 Image size of job updated: 358608
	57  -  MemoryUsage of job (MB)
	57976  -  ResidentSetSize of job (KB)
...
006 (407576.000.000) 2026-05-08 09:05:20 Image size of job updated: 358776
	57  -  MemoryUsage of job (MB)
	58076  -  ResidentSetSize of job (KB)
...
006 (407576.000.000) 2026-05-08 09:20:21 Image size of job updated: 361104
	57  -  MemoryUsage of job (MB)
	58076  -  ResidentSetSize of job (KB)
...
006 (407576.000.000) 2026-05-08 09:30:22 Image size of job updated: 361104
	58  -  MemoryUsage of job (MB)
	58548  -  ResidentSetSize of job (KB)
...
006 (407576.000.000) 2026-05-08 10:40:29 Image size of job updated: 361720
	58  -  MemoryUsage of job (MB)
	58548  -  ResidentSetSize of job (KB)
...
006 (407576.000.000) 2026-05-08 10:45:30 Image size of job updated: 361720
	58  -  MemoryUsage of job (MB)
	58696  -  ResidentSetSize of job (KB)
...
006 (407576.000.000) 2026-05-08 12:35:41 Image size of job updated: 361720
	61  -  MemoryUsage of job (MB)
	61780  -  ResidentSetSize of job (KB)
...
006 (407576.000.000) 2026-05-08 13:00:44 Image size of job updated: 614308
	299  -  MemoryUsage of job (MB)
	305252  -  ResidentSetSize of job (KB)
...
006 (407576.000.000) 2026-05-08 13:05:44 Image size of job updated: 614308
	300  -  MemoryUsage of job (MB)
	306740  -  ResidentSetSize of job (KB)
...
006 (407576.000.000) 2026-05-08 13:10:45 Image size of job updated: 614376
	300  -  MemoryUsage of job (MB)
	306740  -  ResidentSetSize of job (KB)
...
006 (407576.000.000) 2026-05-08 13:20:46 Image size of job updated: 617196
	300  -  MemoryUsage of job (MB)
	306740  -  ResidentSetSize of job (KB)
...
006 (407576.000.000) 2026-05-08 13:25:46 Image size of job updated: 617196
	301  -  MemoryUsage of job (MB)
	307340  -  ResidentSetSize of job (KB)
...
005 (407576.000.000) 2026-05-08 20:03:21 Job terminated.
	(1) Normal termination (return value 139)
		Usr 0 13:07:46, Sys 0 01:32:14  -  Run Remote Usage
		Usr 0 00:00:00, Sys 0 00:00:00  -  Run Local Usage
		Usr 0 13:07:46, Sys 0 01:32:14  -  Total Remote Usage
		Usr 0 00:00:00, Sys 0 00:00:00  -  Total Local Usage
	0  -  Run Bytes Sent By Job
	0  -  Run Bytes Received By Job
	0  -  Total Bytes Sent By Job
	0  -  Total Bytes Received By Job
	Partitionable Resources :    Usage  Request Allocated 
	   Cpus                 :     0.99        1         1 
	   Disk (KB)            :     1           1     29523 
	   Memory (MB)          :   301        1024      1024 

	Job terminated of its own accord at 2026-05-08T18:03:21Z with exit-code 139.
...
