000 (407751.000.000) 2026-05-07 18:21:21 Job submitted from host: <192.168.250.101:9618?addrs=192.168.250.101-9618&alias=hercules.hcms.it&noUDP&sock=schedd_3404051_6d7b>
...
001 (407751.000.000) 2026-05-08 21:25:02 Job executing on host: <192.168.250.102:9618?addrs=192.168.250.102-9618&alias=empire.hcms.it&noUDP&sock=startd_2716409_3615>
	SlotName: slot36_1@empire.hcms.it
	CondorScratchDir = "/var/lib/condor/execute/dir_3051044"
	Cpus = 1
	Disk = 22792
	Memory = 1024
...
006 (407751.000.000) 2026-05-08 21:25:11 Image size of job updated: 53428
	52  -  MemoryUsage of job (MB)
	52616  -  ResidentSetSize of job (KB)
...
006 (407751.000.000) 2026-05-08 21:45:13 Image size of job updated: 357224
	52  -  MemoryUsage of job (MB)
	52616  -  ResidentSetSize of job (KB)
...
006 (407751.000.000) 2026-05-08 21:50:14 Image size of job updated: 357224
	52  -  MemoryUsage of job (MB)
	53004  -  ResidentSetSize of job (KB)
...
006 (407751.000.000) 2026-05-08 22:30:18 Image size of job updated: 358708
	52  -  MemoryUsage of job (MB)
	53184  -  ResidentSetSize of job (KB)
...
006 (407751.000.000) 2026-05-08 23:15:23 Image size of job updated: 358708
	52  -  MemoryUsage of job (MB)
	53188  -  ResidentSetSize of job (KB)
...
006 (407751.000.000) 2026-05-09 00:55:33 Image size of job updated: 358976
	52  -  MemoryUsage of job (MB)
	53188  -  ResidentSetSize of job (KB)
...
006 (407751.000.000) 2026-05-09 01:00:33 Image size of job updated: 358976
	52  -  MemoryUsage of job (MB)
	53240  -  ResidentSetSize of job (KB)
...
006 (407751.000.000) 2026-05-09 01:35:37 Image size of job updated: 359764
	52  -  MemoryUsage of job (MB)
	53240  -  ResidentSetSize of job (KB)
...
006 (407751.000.000) 2026-05-09 01:40:38 Image size of job updated: 359764
	53  -  MemoryUsage of job (MB)
	53372  -  ResidentSetSize of job (KB)
...
006 (407751.000.000) 2026-05-09 02:00:41 Image size of job updated: 366304
	53  -  MemoryUsage of job (MB)
	53372  -  ResidentSetSize of job (KB)
...
006 (407751.000.000) 2026-05-09 02:05:41 Image size of job updated: 366304
	53  -  MemoryUsage of job (MB)
	53404  -  ResidentSetSize of job (KB)
...
006 (407751.000.000) 2026-05-09 03:55:52 Image size of job updated: 366304
	53  -  MemoryUsage of job (MB)
	53428  -  ResidentSetSize of job (KB)
...
006 (407751.000.000) 2026-05-09 04:00:52 Image size of job updated: 366304
	53  -  MemoryUsage of job (MB)
	53564  -  ResidentSetSize of job (KB)
...
006 (407751.000.000) 2026-05-09 04:20:54 Image size of job updated: 366304
	53  -  MemoryUsage of job (MB)
	53600  -  ResidentSetSize of job (KB)
...
006 (407751.000.000) 2026-05-09 07:56:18 Image size of job updated: 366304
	73  -  MemoryUsage of job (MB)
	74136  -  ResidentSetSize of job (KB)
...
006 (407751.000.000) 2026-05-09 08:01:18 Image size of job updated: 366304
	73  -  MemoryUsage of job (MB)
	74648  -  ResidentSetSize of job (KB)
...
006 (407751.000.000) 2026-05-09 21:07:42 Image size of job updated: 366304
	145  -  MemoryUsage of job (MB)
	148412  -  ResidentSetSize of job (KB)
...
006 (407751.000.000) 2026-05-10 05:28:36 Image size of job updated: 367180
	145  -  MemoryUsage of job (MB)
	148412  -  ResidentSetSize of job (KB)
...
005 (407751.000.000) 2026-05-10 05:43:30 Job terminated.
	(1) Normal termination (return value 139)
		Usr 1 07:00:05, Sys 0 01:05:06  -  Run Remote Usage
		Usr 0 00:00:00, Sys 0 00:00:00  -  Run Local Usage
		Usr 1 07:00:05, Sys 0 01:05:06  -  Total Remote Usage
		Usr 0 00:00:00, Sys 0 00:00:00  -  Total Local Usage
	0  -  Run Bytes Sent By Job
	0  -  Run Bytes Received By Job
	0  -  Total Bytes Sent By Job
	0  -  Total Bytes Received By Job
	Partitionable Resources :    Usage  Request Allocated 
	   Cpus                 :     1.00        1         1 
	   Disk (KB)            :     1           1     22792 
	   Memory (MB)          :   145        1024      1024 

	Job terminated of its own accord at 2026-05-10T03:43:30Z with exit-code 139.
...
