000 (407604.000.000) 2026-05-07 18:21:17 Job submitted from host: <192.168.250.101:9618?addrs=192.168.250.101-9618&alias=hercules.hcms.it&noUDP&sock=schedd_3404051_6d7b>
...
001 (407604.000.000) 2026-05-08 11:31:53 Job executing on host: <192.168.250.112:9618?addrs=192.168.250.112-9618&alias=hercules02.hcms.it&noUDP&sock=startd_1261146_d63b>
	SlotName: slot87_1@hercules02.hcms.it
	CondorScratchDir = "/var/lib/condor/execute/dir_1879454"
	Cpus = 1
	Disk = 29523
	Memory = 1024
...
006 (407604.000.000) 2026-05-08 11:32:02 Image size of job updated: 58428
	48  -  MemoryUsage of job (MB)
	48380  -  ResidentSetSize of job (KB)
...
006 (407604.000.000) 2026-05-08 11:37:03 Image size of job updated: 355844
	49  -  MemoryUsage of job (MB)
	49344  -  ResidentSetSize of job (KB)
...
006 (407604.000.000) 2026-05-08 11:57:05 Image size of job updated: 355844
	49  -  MemoryUsage of job (MB)
	50072  -  ResidentSetSize of job (KB)
...
006 (407604.000.000) 2026-05-08 12:02:05 Image size of job updated: 356832
	56  -  MemoryUsage of job (MB)
	56468  -  ResidentSetSize of job (KB)
...
006 (407604.000.000) 2026-05-08 12:12:06 Image size of job updated: 356832
	56  -  MemoryUsage of job (MB)
	57032  -  ResidentSetSize of job (KB)
...
006 (407604.000.000) 2026-05-08 12:42:09 Image size of job updated: 364616
	56  -  MemoryUsage of job (MB)
	57032  -  ResidentSetSize of job (KB)
...
006 (407604.000.000) 2026-05-08 14:52:22 Image size of job updated: 364616
	59  -  MemoryUsage of job (MB)
	60296  -  ResidentSetSize of job (KB)
...
006 (407604.000.000) 2026-05-08 15:22:25 Image size of job updated: 365396
	59  -  MemoryUsage of job (MB)
	60296  -  ResidentSetSize of job (KB)
...
006 (407604.000.000) 2026-05-08 16:12:30 Image size of job updated: 365396
	60  -  MemoryUsage of job (MB)
	60516  -  ResidentSetSize of job (KB)
...
006 (407604.000.000) 2026-05-08 17:02:35 Image size of job updated: 365396
	206  -  MemoryUsage of job (MB)
	210304  -  ResidentSetSize of job (KB)
...
006 (407604.000.000) 2026-05-08 17:57:41 Image size of job updated: 365396
	328  -  MemoryUsage of job (MB)
	335444  -  ResidentSetSize of job (KB)
...
006 (407604.000.000) 2026-05-09 00:23:21 Image size of job updated: 365396
	352  -  MemoryUsage of job (MB)
	360416  -  ResidentSetSize of job (KB)
...
006 (407604.000.000) 2026-05-09 01:08:25 Image size of job updated: 365684
	352  -  MemoryUsage of job (MB)
	360416  -  ResidentSetSize of job (KB)
...
006 (407604.000.000) 2026-05-09 03:38:41 Image size of job updated: 365984
	352  -  MemoryUsage of job (MB)
	360416  -  ResidentSetSize of job (KB)
...
005 (407604.000.000) 2026-05-09 04:43:50 Job terminated.
	(1) Normal termination (return value 139)
		Usr 0 15:31:23, Sys 0 01:31:38  -  Run Remote Usage
		Usr 0 00:00:00, Sys 0 00:00:00  -  Run Local Usage
		Usr 0 15:31:23, Sys 0 01:31:38  -  Total Remote Usage
		Usr 0 00:00:00, Sys 0 00:00:00  -  Total Local Usage
	0  -  Run Bytes Sent By Job
	0  -  Run Bytes Received By Job
	0  -  Total Bytes Sent By Job
	0  -  Total Bytes Received By Job
	Partitionable Resources :    Usage  Request Allocated 
	   Cpus                 :     0.99        1         1 
	   Disk (KB)            :     1           1     29523 
	   Memory (MB)          :   352        1024      1024 

	Job terminated of its own accord at 2026-05-09T02:43:50Z with exit-code 139.
...
