000 (407762.000.000) 2026-05-07 18:21:21 Job submitted from host: <192.168.250.101:9618?addrs=192.168.250.101-9618&alias=hercules.hcms.it&noUDP&sock=schedd_3404051_6d7b>
...
001 (407762.000.000) 2026-05-08 21:56:04 Job executing on host: <192.168.250.22:9618?addrs=192.168.250.22-9618&alias=pccms12.hcms.it&noUDP&sock=startd_3275093_f746>
	SlotName: slot51_1@pccms12.hcms.it
	CondorScratchDir = "/var/lib/condor/execute/dir_1955123"
	Cpus = 1
	Disk = 22134
	Memory = 1024
...
006 (407762.000.000) 2026-05-08 21:56:13 Image size of job updated: 40208
	32  -  MemoryUsage of job (MB)
	32016  -  ResidentSetSize of job (KB)
...
006 (407762.000.000) 2026-05-08 22:01:14 Image size of job updated: 325524
	32  -  MemoryUsage of job (MB)
	32016  -  ResidentSetSize of job (KB)
...
006 (407762.000.000) 2026-05-08 22:16:15 Image size of job updated: 328084
	33  -  MemoryUsage of job (MB)
	33224  -  ResidentSetSize of job (KB)
...
006 (407762.000.000) 2026-05-08 22:21:15 Image size of job updated: 328084
	33  -  MemoryUsage of job (MB)
	33552  -  ResidentSetSize of job (KB)
...
006 (407762.000.000) 2026-05-08 22:46:18 Image size of job updated: 328084
	34  -  MemoryUsage of job (MB)
	34304  -  ResidentSetSize of job (KB)
...
006 (407762.000.000) 2026-05-08 23:16:20 Image size of job updated: 333804
	41  -  MemoryUsage of job (MB)
	41308  -  ResidentSetSize of job (KB)
...
006 (407762.000.000) 2026-05-09 00:21:27 Image size of job updated: 333804
	41  -  MemoryUsage of job (MB)
	41560  -  ResidentSetSize of job (KB)
...
006 (407762.000.000) 2026-05-09 00:46:29 Image size of job updated: 333804
	192  -  MemoryUsage of job (MB)
	195976  -  ResidentSetSize of job (KB)
...
006 (407762.000.000) 2026-05-09 00:51:30 Image size of job updated: 333804
	193  -  MemoryUsage of job (MB)
	197256  -  ResidentSetSize of job (KB)
...
006 (407762.000.000) 2026-05-09 09:22:23 Image size of job updated: 333804
	210  -  MemoryUsage of job (MB)
	214240  -  ResidentSetSize of job (KB)
...
006 (407762.000.000) 2026-05-09 15:37:59 Image size of job updated: 339968
	210  -  MemoryUsage of job (MB)
	214240  -  ResidentSetSize of job (KB)
...
006 (407762.000.000) 2026-05-09 17:48:12 Image size of job updated: 341632
	210  -  MemoryUsage of job (MB)
	214240  -  ResidentSetSize of job (KB)
...
006 (407762.000.000) 2026-05-09 19:33:22 Image size of job updated: 343092
	210  -  MemoryUsage of job (MB)
	214240  -  ResidentSetSize of job (KB)
...
006 (407762.000.000) 2026-05-09 21:23:34 Image size of job updated: 344632
	210  -  MemoryUsage of job (MB)
	214240  -  ResidentSetSize of job (KB)
...
005 (407762.000.000) 2026-05-09 21:59:15 Job terminated.
	(1) Normal termination (return value 139)
		Usr 0 23:24:28, Sys 0 00:28:33  -  Run Remote Usage
		Usr 0 00:00:00, Sys 0 00:00:00  -  Run Local Usage
		Usr 0 23:24:28, Sys 0 00:28:33  -  Total Remote Usage
		Usr 0 00:00:00, Sys 0 00:00:00  -  Total Local Usage
	0  -  Run Bytes Sent By Job
	0  -  Run Bytes Received By Job
	0  -  Total Bytes Sent By Job
	0  -  Total Bytes Received By Job
	Partitionable Resources :    Usage  Request Allocated 
	   Cpus                 :     1.55        1         1 
	   Disk (KB)            :     1           1     22134 
	   Memory (MB)          :   210        1024      1024 

	Job terminated of its own accord at 2026-05-09T19:59:15Z with exit-code 139.
...
