000 (407713.000.000) 2026-05-07 18:21:20 Job submitted from host: <192.168.250.101:9618?addrs=192.168.250.101-9618&alias=hercules.hcms.it&noUDP&sock=schedd_3404051_6d7b>
...
001 (407713.000.000) 2026-05-08 20:18:01 Job executing on host: <192.168.250.102:9618?addrs=192.168.250.102-9618&alias=empire.hcms.it&noUDP&sock=startd_2716409_3615>
	SlotName: slot87_1@empire.hcms.it
	CondorScratchDir = "/var/lib/condor/execute/dir_2858245"
	Cpus = 1
	Disk = 22792
	Memory = 1024
...
006 (407713.000.000) 2026-05-08 20:18:10 Image size of job updated: 53464
	52  -  MemoryUsage of job (MB)
	53124  -  ResidentSetSize of job (KB)
...
006 (407713.000.000) 2026-05-08 20:33:12 Image size of job updated: 354548
	54  -  MemoryUsage of job (MB)
	55192  -  ResidentSetSize of job (KB)
...
006 (407713.000.000) 2026-05-08 21:13:16 Image size of job updated: 357424
	54  -  MemoryUsage of job (MB)
	55192  -  ResidentSetSize of job (KB)
...
006 (407713.000.000) 2026-05-08 21:18:17 Image size of job updated: 359504
	54  -  MemoryUsage of job (MB)
	55192  -  ResidentSetSize of job (KB)
...
006 (407713.000.000) 2026-05-08 21:23:17 Image size of job updated: 361588
	54  -  MemoryUsage of job (MB)
	55280  -  ResidentSetSize of job (KB)
...
006 (407713.000.000) 2026-05-08 21:58:19 Image size of job updated: 361588
	130  -  MemoryUsage of job (MB)
	133064  -  ResidentSetSize of job (KB)
...
006 (407713.000.000) 2026-05-08 22:03:20 Image size of job updated: 361588
	131  -  MemoryUsage of job (MB)
	133140  -  ResidentSetSize of job (KB)
...
006 (407713.000.000) 2026-05-09 00:48:37 Image size of job updated: 361588
	214  -  MemoryUsage of job (MB)
	218876  -  ResidentSetSize of job (KB)
...
006 (407713.000.000) 2026-05-09 01:18:39 Image size of job updated: 362964
	214  -  MemoryUsage of job (MB)
	218876  -  ResidentSetSize of job (KB)
...
006 (407713.000.000) 2026-05-09 02:03:45 Image size of job updated: 367532
	214  -  MemoryUsage of job (MB)
	218876  -  ResidentSetSize of job (KB)
...
006 (407713.000.000) 2026-05-10 01:36:11 Image size of job updated: 368592
	214  -  MemoryUsage of job (MB)
	218876  -  ResidentSetSize of job (KB)
...
005 (407713.000.000) 2026-05-10 01:54:37 Job terminated.
	(1) Normal termination (return value 139)
		Usr 1 04:16:52, Sys 0 01:07:38  -  Run Remote Usage
		Usr 0 00:00:00, Sys 0 00:00:00  -  Run Local Usage
		Usr 1 04:16:52, Sys 0 01:07:38  -  Total Remote Usage
		Usr 0 00:00:00, Sys 0 00:00:00  -  Total Local Usage
	0  -  Run Bytes Sent By Job
	0  -  Run Bytes Received By Job
	0  -  Total Bytes Sent By Job
	0  -  Total Bytes Received By Job
	Partitionable Resources :    Usage  Request Allocated 
	   Cpus                 :     0.54        1         1 
	   Disk (KB)            :     1           1     22792 
	   Memory (MB)          :   214        1024      1024 

	Job terminated of its own accord at 2026-05-09T23:54:37Z with exit-code 139.
...
