000 (407555.000.000) 2026-05-07 18:21:16 Job submitted from host: <192.168.250.101:9618?addrs=192.168.250.101-9618&alias=hercules.hcms.it&noUDP&sock=schedd_3404051_6d7b>
...
001 (407555.000.000) 2026-05-07 18:21:19 Job executing on host: <192.168.250.112:9618?addrs=192.168.250.112-9618&alias=hercules02.hcms.it&noUDP&sock=startd_1261146_d63b>
	SlotName: slot81_1@hercules02.hcms.it
	CondorScratchDir = "/var/lib/condor/execute/dir_3900978"
	Cpus = 1
	Disk = 29523
	Memory = 1024
...
006 (407555.000.000) 2026-05-07 18:21:27 Image size of job updated: 57308
	49  -  MemoryUsage of job (MB)
	49760  -  ResidentSetSize of job (KB)
...
006 (407555.000.000) 2026-05-07 18:26:27 Image size of job updated: 356396
	227  -  MemoryUsage of job (MB)
	231508  -  ResidentSetSize of job (KB)
...
006 (407555.000.000) 2026-05-07 18:31:27 Image size of job updated: 358516
	227  -  MemoryUsage of job (MB)
	231508  -  ResidentSetSize of job (KB)
...
006 (407555.000.000) 2026-05-07 18:41:28 Image size of job updated: 358540
	227  -  MemoryUsage of job (MB)
	231508  -  ResidentSetSize of job (KB)
...
006 (407555.000.000) 2026-05-07 20:31:39 Image size of job updated: 360272
	227  -  MemoryUsage of job (MB)
	231508  -  ResidentSetSize of job (KB)
...
006 (407555.000.000) 2026-05-07 22:01:48 Image size of job updated: 360608
	227  -  MemoryUsage of job (MB)
	231508  -  ResidentSetSize of job (KB)
...
006 (407555.000.000) 2026-05-08 01:02:07 Image size of job updated: 553404
	242  -  MemoryUsage of job (MB)
	247208  -  ResidentSetSize of job (KB)
...
006 (407555.000.000) 2026-05-08 01:07:07 Image size of job updated: 555208
	243  -  MemoryUsage of job (MB)
	248192  -  ResidentSetSize of job (KB)
...
006 (407555.000.000) 2026-05-08 01:27:09 Image size of job updated: 555208
	243  -  MemoryUsage of job (MB)
	248492  -  ResidentSetSize of job (KB)
...
006 (407555.000.000) 2026-05-08 02:07:14 Image size of job updated: 555208
	252  -  MemoryUsage of job (MB)
	257456  -  ResidentSetSize of job (KB)
...
006 (407555.000.000) 2026-05-08 03:07:19 Image size of job updated: 555972
	252  -  MemoryUsage of job (MB)
	257456  -  ResidentSetSize of job (KB)
...
006 (407555.000.000) 2026-05-08 03:32:23 Image size of job updated: 557976
	252  -  MemoryUsage of job (MB)
	257456  -  ResidentSetSize of job (KB)
...
006 (407555.000.000) 2026-05-08 05:22:33 Image size of job updated: 557976
	326  -  MemoryUsage of job (MB)
	333040  -  ResidentSetSize of job (KB)
...
005 (407555.000.000) 2026-05-08 05:58:58 Job terminated.
	(1) Normal termination (return value 139)
		Usr 0 11:15:08, Sys 0 00:18:09  -  Run Remote Usage
		Usr 0 00:00:00, Sys 0 00:00:00  -  Run Local Usage
		Usr 0 11:15:08, Sys 0 00:18:09  -  Total Remote Usage
		Usr 0 00:00:00, Sys 0 00:00:00  -  Total Local Usage
	0  -  Run Bytes Sent By Job
	0  -  Run Bytes Received By Job
	0  -  Total Bytes Sent By Job
	0  -  Total Bytes Received By Job
	Partitionable Resources :    Usage  Request Allocated 
	   Cpus                 :     0.99        1         1 
	   Disk (KB)            :     1           1     29523 
	   Memory (MB)          :   326        1024      1024 

	Job terminated of its own accord at 2026-05-08T03:58:58Z with exit-code 139.
...
