000 (407763.000.000) 2026-05-07 18:21:21 Job submitted from host: <192.168.250.101:9618?addrs=192.168.250.101-9618&alias=hercules.hcms.it&noUDP&sock=schedd_3404051_6d7b>
...
001 (407763.000.000) 2026-05-08 21:57:05 Job executing on host: <192.168.250.22:9618?addrs=192.168.250.22-9618&alias=pccms12.hcms.it&noUDP&sock=startd_3275093_f746>
	SlotName: slot53_1@pccms12.hcms.it
	CondorScratchDir = "/var/lib/condor/execute/dir_1956635"
	Cpus = 1
	Disk = 22134
	Memory = 1024
...
006 (407763.000.000) 2026-05-08 21:57:13 Image size of job updated: 39532
	39  -  MemoryUsage of job (MB)
	39256  -  ResidentSetSize of job (KB)
...
006 (407763.000.000) 2026-05-08 22:02:13 Image size of job updated: 326204
	39  -  MemoryUsage of job (MB)
	39256  -  ResidentSetSize of job (KB)
...
006 (407763.000.000) 2026-05-08 22:17:14 Image size of job updated: 330376
	39  -  MemoryUsage of job (MB)
	39256  -  ResidentSetSize of job (KB)
...
006 (407763.000.000) 2026-05-08 22:22:14 Image size of job updated: 330508
	45  -  MemoryUsage of job (MB)
	45492  -  ResidentSetSize of job (KB)
...
006 (407763.000.000) 2026-05-08 22:52:18 Image size of job updated: 334884
	45  -  MemoryUsage of job (MB)
	45492  -  ResidentSetSize of job (KB)
...
006 (407763.000.000) 2026-05-09 00:17:25 Image size of job updated: 334884
	45  -  MemoryUsage of job (MB)
	45704  -  ResidentSetSize of job (KB)
...
006 (407763.000.000) 2026-05-09 00:47:29 Image size of job updated: 334884
	46  -  MemoryUsage of job (MB)
	46456  -  ResidentSetSize of job (KB)
...
006 (407763.000.000) 2026-05-09 09:28:23 Image size of job updated: 334884
	46  -  MemoryUsage of job (MB)
	46860  -  ResidentSetSize of job (KB)
...
006 (407763.000.000) 2026-05-09 10:53:30 Image size of job updated: 334936
	46  -  MemoryUsage of job (MB)
	47040  -  ResidentSetSize of job (KB)
...
006 (407763.000.000) 2026-05-09 13:23:44 Image size of job updated: 339400
	46  -  MemoryUsage of job (MB)
	47040  -  ResidentSetSize of job (KB)
...
006 (407763.000.000) 2026-05-09 13:43:45 Image size of job updated: 339504
	46  -  MemoryUsage of job (MB)
	47040  -  ResidentSetSize of job (KB)
...
006 (407763.000.000) 2026-05-09 18:54:20 Image size of job updated: 340772
	46  -  MemoryUsage of job (MB)
	47040  -  ResidentSetSize of job (KB)
...
006 (407763.000.000) 2026-05-09 19:59:27 Image size of job updated: 340772
	48  -  MemoryUsage of job (MB)
	48596  -  ResidentSetSize of job (KB)
...
006 (407763.000.000) 2026-05-09 21:34:37 Image size of job updated: 341432
	48  -  MemoryUsage of job (MB)
	48596  -  ResidentSetSize of job (KB)
...
005 (407763.000.000) 2026-05-09 21:41:22 Job terminated.
	(1) Normal termination (return value 139)
		Usr 0 23:04:32, Sys 0 00:28:45  -  Run Remote Usage
		Usr 0 00:00:00, Sys 0 00:00:00  -  Run Local Usage
		Usr 0 23:04:32, Sys 0 00:28:45  -  Total Remote Usage
		Usr 0 00:00:00, Sys 0 00:00:00  -  Total Local Usage
	0  -  Run Bytes Sent By Job
	0  -  Run Bytes Received By Job
	0  -  Total Bytes Sent By Job
	0  -  Total Bytes Received By Job
	Partitionable Resources :    Usage  Request Allocated 
	   Cpus                 :     0.99        1         1 
	   Disk (KB)            :     1           1     22134 
	   Memory (MB)          :    48        1024      1024 

	Job terminated of its own accord at 2026-05-09T19:41:22Z with exit-code 139.
...
