000 (407650.000.000) 2026-05-07 18:21:18 Job submitted from host: <192.168.250.101:9618?addrs=192.168.250.101-9618&alias=hercules.hcms.it&noUDP&sock=schedd_3404051_6d7b>
...
001 (407650.000.000) 2026-05-08 16:00:59 Job executing on host: <192.168.250.102:9618?addrs=192.168.250.102-9618&alias=empire.hcms.it&noUDP&sock=startd_2716409_3615>
	SlotName: slot12_1@empire.hcms.it
	CondorScratchDir = "/var/lib/condor/execute/dir_2217896"
	Cpus = 1
	Disk = 22792
	Memory = 1024
...
006 (407650.000.000) 2026-05-08 16:01:07 Image size of job updated: 56044
	55  -  MemoryUsage of job (MB)
	55520  -  ResidentSetSize of job (KB)
...
006 (407650.000.000) 2026-05-08 16:06:07 Image size of job updated: 57456
	56  -  MemoryUsage of job (MB)
	57220  -  ResidentSetSize of job (KB)
...
006 (407650.000.000) 2026-05-08 16:46:11 Image size of job updated: 359764
	56  -  MemoryUsage of job (MB)
	57220  -  ResidentSetSize of job (KB)
...
006 (407650.000.000) 2026-05-08 17:01:12 Image size of job updated: 362236
	59  -  MemoryUsage of job (MB)
	59756  -  ResidentSetSize of job (KB)
...
006 (407650.000.000) 2026-05-08 21:36:41 Image size of job updated: 362236
	242  -  MemoryUsage of job (MB)
	246792  -  ResidentSetSize of job (KB)
...
006 (407650.000.000) 2026-05-08 23:21:52 Image size of job updated: 362236
	348  -  MemoryUsage of job (MB)
	356092  -  ResidentSetSize of job (KB)
...
006 (407650.000.000) 2026-05-09 00:06:57 Image size of job updated: 363176
	348  -  MemoryUsage of job (MB)
	356092  -  ResidentSetSize of job (KB)
...
006 (407650.000.000) 2026-05-09 01:07:03 Image size of job updated: 363888
	348  -  MemoryUsage of job (MB)
	356092  -  ResidentSetSize of job (KB)
...
006 (407650.000.000) 2026-05-09 01:32:05 Image size of job updated: 366940
	348  -  MemoryUsage of job (MB)
	356092  -  ResidentSetSize of job (KB)
...
006 (407650.000.000) 2026-05-09 18:58:54 Image size of job updated: 367312
	348  -  MemoryUsage of job (MB)
	356092  -  ResidentSetSize of job (KB)
...
005 (407650.000.000) 2026-05-09 20:43:09 Job terminated.
	(1) Normal termination (return value 139)
		Usr 1 03:15:11, Sys 0 01:13:54  -  Run Remote Usage
		Usr 0 00:00:00, Sys 0 00:00:00  -  Run Local Usage
		Usr 1 03:15:11, Sys 0 01:13:54  -  Total Remote Usage
		Usr 0 00:00:00, Sys 0 00:00:00  -  Total Local Usage
	0  -  Run Bytes Sent By Job
	0  -  Run Bytes Received By Job
	0  -  Total Bytes Sent By Job
	0  -  Total Bytes Received By Job
	Partitionable Resources :    Usage  Request Allocated 
	   Cpus                 :     1.10        1         1 
	   Disk (KB)            :     1           1     22792 
	   Memory (MB)          :   348        1024      1024 

	Job terminated of its own accord at 2026-05-09T18:43:09Z with exit-code 139.
...
