000 (407627.000.000) 2026-05-07 18:21:18 Job submitted from host: <192.168.250.101:9618?addrs=192.168.250.101-9618&alias=hercules.hcms.it&noUDP&sock=schedd_3404051_6d7b>
...
001 (407627.000.000) 2026-05-08 13:03:54 Job executing on host: <192.168.250.22:9618?addrs=192.168.250.22-9618&alias=pccms12.hcms.it&noUDP&sock=startd_3275093_f746>
	SlotName: slot48_1@pccms12.hcms.it
	CondorScratchDir = "/var/lib/condor/execute/dir_1210919"
	Cpus = 1
	Disk = 22134
	Memory = 1024
...
006 (407627.000.000) 2026-05-08 13:04:02 Image size of job updated: 39704
	31  -  MemoryUsage of job (MB)
	31516  -  ResidentSetSize of job (KB)
...
006 (407627.000.000) 2026-05-08 13:09:02 Image size of job updated: 39704
	35  -  MemoryUsage of job (MB)
	35224  -  ResidentSetSize of job (KB)
...
006 (407627.000.000) 2026-05-08 13:24:03 Image size of job updated: 328052
	36  -  MemoryUsage of job (MB)
	36756  -  ResidentSetSize of job (KB)
...
006 (407627.000.000) 2026-05-08 13:29:03 Image size of job updated: 330244
	36  -  MemoryUsage of job (MB)
	36832  -  ResidentSetSize of job (KB)
...
006 (407627.000.000) 2026-05-08 13:34:04 Image size of job updated: 333224
	36  -  MemoryUsage of job (MB)
	36832  -  ResidentSetSize of job (KB)
...
006 (407627.000.000) 2026-05-08 13:49:06 Image size of job updated: 334028
	36  -  MemoryUsage of job (MB)
	36832  -  ResidentSetSize of job (KB)
...
006 (407627.000.000) 2026-05-08 14:14:09 Image size of job updated: 334028
	37  -  MemoryUsage of job (MB)
	37776  -  ResidentSetSize of job (KB)
...
006 (407627.000.000) 2026-05-08 14:29:11 Image size of job updated: 334028
	38  -  MemoryUsage of job (MB)
	38024  -  ResidentSetSize of job (KB)
...
006 (407627.000.000) 2026-05-08 14:44:12 Image size of job updated: 334028
	38  -  MemoryUsage of job (MB)
	38120  -  ResidentSetSize of job (KB)
...
006 (407627.000.000) 2026-05-08 16:14:21 Image size of job updated: 334028
	39  -  MemoryUsage of job (MB)
	39336  -  ResidentSetSize of job (KB)
...
006 (407627.000.000) 2026-05-08 16:54:25 Image size of job updated: 334028
	45  -  MemoryUsage of job (MB)
	45148  -  ResidentSetSize of job (KB)
...
006 (407627.000.000) 2026-05-08 17:29:29 Image size of job updated: 334028
	45  -  MemoryUsage of job (MB)
	45200  -  ResidentSetSize of job (KB)
...
006 (407627.000.000) 2026-05-08 18:44:36 Image size of job updated: 334028
	45  -  MemoryUsage of job (MB)
	45688  -  ResidentSetSize of job (KB)
...
006 (407627.000.000) 2026-05-08 23:50:07 Image size of job updated: 336392
	45  -  MemoryUsage of job (MB)
	45688  -  ResidentSetSize of job (KB)
...
006 (407627.000.000) 2026-05-09 00:20:10 Image size of job updated: 338476
	45  -  MemoryUsage of job (MB)
	45688  -  ResidentSetSize of job (KB)
...
006 (407627.000.000) 2026-05-09 01:50:20 Image size of job updated: 338476
	45  -  MemoryUsage of job (MB)
	45860  -  ResidentSetSize of job (KB)
...
006 (407627.000.000) 2026-05-09 06:05:46 Image size of job updated: 338476
	46  -  MemoryUsage of job (MB)
	46168  -  ResidentSetSize of job (KB)
...
005 (407627.000.000) 2026-05-09 07:01:51 Job terminated.
	(1) Normal termination (return value 139)
		Usr 0 17:23:48, Sys 0 00:24:15  -  Run Remote Usage
		Usr 0 00:00:00, Sys 0 00:00:00  -  Run Local Usage
		Usr 0 17:23:48, Sys 0 00:24:15  -  Total Remote Usage
		Usr 0 00:00:00, Sys 0 00:00:00  -  Total Local Usage
	0  -  Run Bytes Sent By Job
	0  -  Run Bytes Received By Job
	0  -  Total Bytes Sent By Job
	0  -  Total Bytes Received By Job
	Partitionable Resources :    Usage  Request Allocated 
	   Cpus                 :     0.99        1         1 
	   Disk (KB)            :     1           1     22134 
	   Memory (MB)          :    46        1024      1024 

	Job terminated of its own accord at 2026-05-09T05:01:51Z with exit-code 139.
...
