000 (407764.000.000) 2026-05-07 18:21:21 Job submitted from host: <192.168.250.101:9618?addrs=192.168.250.101-9618&alias=hercules.hcms.it&noUDP&sock=schedd_3404051_6d7b>
...
001 (407764.000.000) 2026-05-08 21:59:05 Job executing on host: <192.168.250.102:9618?addrs=192.168.250.102-9618&alias=empire.hcms.it&noUDP&sock=startd_2716409_3615>
	SlotName: slot91_1@empire.hcms.it
	CondorScratchDir = "/var/lib/condor/execute/dir_3142795"
	Cpus = 1
	Disk = 22792
	Memory = 1024
...
006 (407764.000.000) 2026-05-08 21:59:14 Image size of job updated: 56104
	55  -  MemoryUsage of job (MB)
	55568  -  ResidentSetSize of job (KB)
...
006 (407764.000.000) 2026-05-08 22:04:15 Image size of job updated: 355868
	57  -  MemoryUsage of job (MB)
	57624  -  ResidentSetSize of job (KB)
...
006 (407764.000.000) 2026-05-08 22:19:16 Image size of job updated: 359092
	59  -  MemoryUsage of job (MB)
	59776  -  ResidentSetSize of job (KB)
...
006 (407764.000.000) 2026-05-08 22:24:17 Image size of job updated: 361220
	59  -  MemoryUsage of job (MB)
	59776  -  ResidentSetSize of job (KB)
...
006 (407764.000.000) 2026-05-08 23:34:24 Image size of job updated: 361220
	59  -  MemoryUsage of job (MB)
	59868  -  ResidentSetSize of job (KB)
...
006 (407764.000.000) 2026-05-08 23:59:26 Image size of job updated: 361684
	59  -  MemoryUsage of job (MB)
	60192  -  ResidentSetSize of job (KB)
...
006 (407764.000.000) 2026-05-09 01:34:35 Image size of job updated: 365452
	59  -  MemoryUsage of job (MB)
	60192  -  ResidentSetSize of job (KB)
...
006 (407764.000.000) 2026-05-09 01:54:38 Image size of job updated: 365452
	62  -  MemoryUsage of job (MB)
	62468  -  ResidentSetSize of job (KB)
...
006 (407764.000.000) 2026-05-09 02:49:44 Image size of job updated: 366800
	62  -  MemoryUsage of job (MB)
	62468  -  ResidentSetSize of job (KB)
...
006 (407764.000.000) 2026-05-09 22:16:45 Image size of job updated: 367516
	62  -  MemoryUsage of job (MB)
	62468  -  ResidentSetSize of job (KB)
...
006 (407764.000.000) 2026-05-09 22:41:47 Image size of job updated: 367516
	62  -  MemoryUsage of job (MB)
	62568  -  ResidentSetSize of job (KB)
...
005 (407764.000.000) 2026-05-09 22:54:05 Job terminated.
	(1) Normal termination (return value 139)
		Usr 1 00:26:19, Sys 0 00:17:35  -  Run Remote Usage
		Usr 0 00:00:00, Sys 0 00:00:00  -  Run Local Usage
		Usr 1 00:26:19, Sys 0 00:17:35  -  Total Remote Usage
		Usr 0 00:00:00, Sys 0 00:00:00  -  Total Local Usage
	0  -  Run Bytes Sent By Job
	0  -  Run Bytes Received By Job
	0  -  Total Bytes Sent By Job
	0  -  Total Bytes Received By Job
	Partitionable Resources :    Usage  Request Allocated 
	   Cpus                 :     0.99        1         1 
	   Disk (KB)            :     1           1     22792 
	   Memory (MB)          :    62        1024      1024 

	Job terminated of its own accord at 2026-05-09T20:54:05Z with exit-code 139.
...
