000 (407687.000.000) 2026-05-07 18:21:19 Job submitted from host: <192.168.250.101:9618?addrs=192.168.250.101-9618&alias=hercules.hcms.it&noUDP&sock=schedd_3404051_6d7b>
...
001 (407687.000.000) 2026-05-08 18:57:59 Job executing on host: <192.168.250.112:9618?addrs=192.168.250.112-9618&alias=hercules02.hcms.it&noUDP&sock=startd_1261146_d63b>
	SlotName: slot48_1@hercules02.hcms.it
	CondorScratchDir = "/var/lib/condor/execute/dir_2932328"
	Cpus = 1
	Disk = 29523
	Memory = 1024
...
006 (407687.000.000) 2026-05-08 18:58:08 Image size of job updated: 57712
	47  -  MemoryUsage of job (MB)
	47696  -  ResidentSetSize of job (KB)
...
006 (407687.000.000) 2026-05-08 19:23:11 Image size of job updated: 57712
	47  -  MemoryUsage of job (MB)
	47940  -  ResidentSetSize of job (KB)
...
006 (407687.000.000) 2026-05-08 19:28:11 Image size of job updated: 57712
	48  -  MemoryUsage of job (MB)
	48256  -  ResidentSetSize of job (KB)
...
006 (407687.000.000) 2026-05-08 19:38:12 Image size of job updated: 353196
	48  -  MemoryUsage of job (MB)
	48256  -  ResidentSetSize of job (KB)
...
006 (407687.000.000) 2026-05-08 20:03:15 Image size of job updated: 354756
	48  -  MemoryUsage of job (MB)
	48256  -  ResidentSetSize of job (KB)
...
006 (407687.000.000) 2026-05-08 20:08:15 Image size of job updated: 357420
	48  -  MemoryUsage of job (MB)
	48584  -  ResidentSetSize of job (KB)
...
006 (407687.000.000) 2026-05-08 20:28:17 Image size of job updated: 357420
	49  -  MemoryUsage of job (MB)
	49200  -  ResidentSetSize of job (KB)
...
006 (407687.000.000) 2026-05-08 20:38:18 Image size of job updated: 357420
	49  -  MemoryUsage of job (MB)
	49352  -  ResidentSetSize of job (KB)
...
006 (407687.000.000) 2026-05-08 21:23:23 Image size of job updated: 357904
	49  -  MemoryUsage of job (MB)
	49352  -  ResidentSetSize of job (KB)
...
006 (407687.000.000) 2026-05-08 23:23:35 Image size of job updated: 357904
	49  -  MemoryUsage of job (MB)
	50140  -  ResidentSetSize of job (KB)
...
006 (407687.000.000) 2026-05-09 01:03:45 Image size of job updated: 357904
	57  -  MemoryUsage of job (MB)
	57532  -  ResidentSetSize of job (KB)
...
006 (407687.000.000) 2026-05-09 02:58:57 Image size of job updated: 360784
	57  -  MemoryUsage of job (MB)
	57532  -  ResidentSetSize of job (KB)
...
006 (407687.000.000) 2026-05-09 09:19:37 Image size of job updated: 360784
	57  -  MemoryUsage of job (MB)
	57680  -  ResidentSetSize of job (KB)
...
005 (407687.000.000) 2026-05-09 10:11:24 Job terminated.
	(1) Normal termination (return value 139)
		Usr 0 14:49:55, Sys 0 00:18:09  -  Run Remote Usage
		Usr 0 00:00:00, Sys 0 00:00:00  -  Run Local Usage
		Usr 0 14:49:55, Sys 0 00:18:09  -  Total Remote Usage
		Usr 0 00:00:00, Sys 0 00:00:00  -  Total Local Usage
	0  -  Run Bytes Sent By Job
	0  -  Run Bytes Received By Job
	0  -  Total Bytes Sent By Job
	0  -  Total Bytes Received By Job
	Partitionable Resources :    Usage  Request Allocated 
	   Cpus                 :     0.99        1         1 
	   Disk (KB)            :     1           1     29523 
	   Memory (MB)          :    57        1024      1024 

	Job terminated of its own accord at 2026-05-09T08:11:24Z with exit-code 139.
...
