000 (407532.000.000) 2026-05-07 18:21:15 Job submitted from host: <192.168.250.101:9618?addrs=192.168.250.101-9618&alias=hercules.hcms.it&noUDP&sock=schedd_3404051_6d7b>
...
001 (407532.000.000) 2026-05-07 18:21:19 Job executing on host: <192.168.250.112:9618?addrs=192.168.250.112-9618&alias=hercules02.hcms.it&noUDP&sock=startd_1261146_d63b>
	SlotName: slot58_1@hercules02.hcms.it
	CondorScratchDir = "/var/lib/condor/execute/dir_3900956"
	Cpus = 1
	Disk = 29523
	Memory = 1024
...
006 (407532.000.000) 2026-05-07 18:21:27 Image size of job updated: 55480
	55  -  MemoryUsage of job (MB)
	55440  -  ResidentSetSize of job (KB)
...
006 (407532.000.000) 2026-05-07 18:26:27 Image size of job updated: 55488
	55  -  MemoryUsage of job (MB)
	55440  -  ResidentSetSize of job (KB)
...
006 (407532.000.000) 2026-05-07 18:46:28 Image size of job updated: 353792
	55  -  MemoryUsage of job (MB)
	55440  -  ResidentSetSize of job (KB)
...
006 (407532.000.000) 2026-05-07 19:06:31 Image size of job updated: 357444
	55  -  MemoryUsage of job (MB)
	55440  -  ResidentSetSize of job (KB)
...
006 (407532.000.000) 2026-05-07 19:16:32 Image size of job updated: 357444
	56  -  MemoryUsage of job (MB)
	56764  -  ResidentSetSize of job (KB)
...
006 (407532.000.000) 2026-05-07 19:21:32 Image size of job updated: 359752
	56  -  MemoryUsage of job (MB)
	56764  -  ResidentSetSize of job (KB)
...
006 (407532.000.000) 2026-05-07 19:46:35 Image size of job updated: 359752
	58  -  MemoryUsage of job (MB)
	58588  -  ResidentSetSize of job (KB)
...
006 (407532.000.000) 2026-05-07 20:46:41 Image size of job updated: 359752
	162  -  MemoryUsage of job (MB)
	165852  -  ResidentSetSize of job (KB)
...
006 (407532.000.000) 2026-05-07 21:21:44 Image size of job updated: 361120
	162  -  MemoryUsage of job (MB)
	165852  -  ResidentSetSize of job (KB)
...
006 (407532.000.000) 2026-05-07 22:31:52 Image size of job updated: 361540
	162  -  MemoryUsage of job (MB)
	165852  -  ResidentSetSize of job (KB)
...
006 (407532.000.000) 2026-05-07 22:41:52 Image size of job updated: 361920
	162  -  MemoryUsage of job (MB)
	165852  -  ResidentSetSize of job (KB)
...
006 (407532.000.000) 2026-05-08 14:18:33 Image size of job updated: 370544
	162  -  MemoryUsage of job (MB)
	165852  -  ResidentSetSize of job (KB)
...
006 (407532.000.000) 2026-05-08 14:33:35 Image size of job updated: 371216
	162  -  MemoryUsage of job (MB)
	165852  -  ResidentSetSize of job (KB)
...
006 (407532.000.000) 2026-05-08 14:43:36 Image size of job updated: 372340
	162  -  MemoryUsage of job (MB)
	165852  -  ResidentSetSize of job (KB)
...
006 (407532.000.000) 2026-05-08 15:08:38 Image size of job updated: 528324
	215  -  MemoryUsage of job (MB)
	219496  -  ResidentSetSize of job (KB)
...
006 (407532.000.000) 2026-05-08 15:13:39 Image size of job updated: 532764
	218  -  MemoryUsage of job (MB)
	222384  -  ResidentSetSize of job (KB)
...
006 (407532.000.000) 2026-05-08 15:18:39 Image size of job updated: 532764
	312  -  MemoryUsage of job (MB)
	318556  -  ResidentSetSize of job (KB)
...
006 (407532.000.000) 2026-05-08 17:03:50 Image size of job updated: 534832
	312  -  MemoryUsage of job (MB)
	318556  -  ResidentSetSize of job (KB)
...
005 (407532.000.000) 2026-05-09 05:12:08 Job terminated.
	(1) Normal termination (return value 139)
		Usr 1 08:48:44, Sys 0 01:45:52  -  Run Remote Usage
		Usr 0 00:00:00, Sys 0 00:00:00  -  Run Local Usage
		Usr 1 08:48:44, Sys 0 01:45:52  -  Total Remote Usage
		Usr 0 00:00:00, Sys 0 00:00:00  -  Total Local Usage
	0  -  Run Bytes Sent By Job
	0  -  Run Bytes Received By Job
	0  -  Total Bytes Sent By Job
	0  -  Total Bytes Received By Job
	Partitionable Resources :    Usage  Request Allocated 
	   Cpus                 :     0.99        1         1 
	   Disk (KB)            :     1           1     29523 
	   Memory (MB)          :   312        1024      1024 

	Job terminated of its own accord at 2026-05-09T03:12:08Z with exit-code 139.
...
