000 (407735.000.000) 2026-05-07 18:21:20 Job submitted from host: <192.168.250.101:9618?addrs=192.168.250.101-9618&alias=hercules.hcms.it&noUDP&sock=schedd_3404051_6d7b>
...
001 (407735.000.000) 2026-05-08 21:01:03 Job executing on host: <192.168.250.102:9618?addrs=192.168.250.102-9618&alias=empire.hcms.it&noUDP&sock=startd_2716409_3615>
	SlotName: slot102_1@empire.hcms.it
	CondorScratchDir = "/var/lib/condor/execute/dir_2981821"
	Cpus = 1
	Disk = 22792
	Memory = 1024
...
006 (407735.000.000) 2026-05-08 21:01:11 Image size of job updated: 56188
	48  -  MemoryUsage of job (MB)
	48176  -  ResidentSetSize of job (KB)
...
006 (407735.000.000) 2026-05-08 21:11:12 Image size of job updated: 57580
	48  -  MemoryUsage of job (MB)
	48576  -  ResidentSetSize of job (KB)
...
006 (407735.000.000) 2026-05-08 21:26:13 Image size of job updated: 57580
	48  -  MemoryUsage of job (MB)
	48704  -  ResidentSetSize of job (KB)
...
006 (407735.000.000) 2026-05-08 21:36:14 Image size of job updated: 359284
	56  -  MemoryUsage of job (MB)
	57180  -  ResidentSetSize of job (KB)
...
006 (407735.000.000) 2026-05-08 21:41:14 Image size of job updated: 359284
	57  -  MemoryUsage of job (MB)
	57580  -  ResidentSetSize of job (KB)
...
006 (407735.000.000) 2026-05-08 22:11:18 Image size of job updated: 359284
	57  -  MemoryUsage of job (MB)
	57808  -  ResidentSetSize of job (KB)
...
006 (407735.000.000) 2026-05-08 22:41:21 Image size of job updated: 360028
	57  -  MemoryUsage of job (MB)
	57808  -  ResidentSetSize of job (KB)
...
006 (407735.000.000) 2026-05-09 00:36:33 Image size of job updated: 360500
	57  -  MemoryUsage of job (MB)
	57808  -  ResidentSetSize of job (KB)
...
006 (407735.000.000) 2026-05-09 01:36:38 Image size of job updated: 360500
	57  -  MemoryUsage of job (MB)
	57928  -  ResidentSetSize of job (KB)
...
006 (407735.000.000) 2026-05-09 05:02:01 Image size of job updated: 360964
	58  -  MemoryUsage of job (MB)
	59368  -  ResidentSetSize of job (KB)
...
006 (407735.000.000) 2026-05-09 06:22:08 Image size of job updated: 362168
	58  -  MemoryUsage of job (MB)
	59368  -  ResidentSetSize of job (KB)
...
006 (407735.000.000) 2026-05-09 08:32:23 Image size of job updated: 362168
	59  -  MemoryUsage of job (MB)
	60236  -  ResidentSetSize of job (KB)
...
006 (407735.000.000) 2026-05-09 09:17:28 Image size of job updated: 363404
	59  -  MemoryUsage of job (MB)
	60236  -  ResidentSetSize of job (KB)
...
006 (407735.000.000) 2026-05-09 16:48:15 Image size of job updated: 364104
	59  -  MemoryUsage of job (MB)
	60236  -  ResidentSetSize of job (KB)
...
006 (407735.000.000) 2026-05-09 18:08:24 Image size of job updated: 364308
	59  -  MemoryUsage of job (MB)
	60236  -  ResidentSetSize of job (KB)
...
005 (407735.000.000) 2026-05-09 21:52:33 Job terminated.
	(1) Normal termination (return value 139)
		Usr 1 00:22:06, Sys 0 00:17:44  -  Run Remote Usage
		Usr 0 00:00:00, Sys 0 00:00:00  -  Run Local Usage
		Usr 1 00:22:06, Sys 0 00:17:44  -  Total Remote Usage
		Usr 0 00:00:00, Sys 0 00:00:00  -  Total Local Usage
	0  -  Run Bytes Sent By Job
	0  -  Run Bytes Received By Job
	0  -  Total Bytes Sent By Job
	0  -  Total Bytes Received By Job
	Partitionable Resources :    Usage  Request Allocated 
	   Cpus                 :     0.99        1         1 
	   Disk (KB)            :     1           1     22792 
	   Memory (MB)          :    59        1024      1024 

	Job terminated of its own accord at 2026-05-09T19:52:33Z with exit-code 139.
...
