000 (407476.000.000) 2026-05-07 18:21:13 Job submitted from host: <192.168.250.101:9618?addrs=192.168.250.101-9618&alias=hercules.hcms.it&noUDP&sock=schedd_3404051_6d7b>
...
001 (407476.000.000) 2026-05-07 18:21:19 Job executing on host: <192.168.250.112:9618?addrs=192.168.250.112-9618&alias=hercules02.hcms.it&noUDP&sock=startd_1261146_d63b>
	SlotName: slot2_1@hercules02.hcms.it
	CondorScratchDir = "/var/lib/condor/execute/dir_3900907"
	Cpus = 1
	Disk = 29523
	Memory = 1024
...
006 (407476.000.000) 2026-05-07 18:21:27 Image size of job updated: 52776
	47  -  MemoryUsage of job (MB)
	47664  -  ResidentSetSize of job (KB)
...
006 (407476.000.000) 2026-05-07 18:26:27 Image size of job updated: 52792
	47  -  MemoryUsage of job (MB)
	47664  -  ResidentSetSize of job (KB)
...
006 (407476.000.000) 2026-05-07 18:41:28 Image size of job updated: 52792
	47  -  MemoryUsage of job (MB)
	48120  -  ResidentSetSize of job (KB)
...
006 (407476.000.000) 2026-05-07 18:46:28 Image size of job updated: 52792
	48  -  MemoryUsage of job (MB)
	48200  -  ResidentSetSize of job (KB)
...
006 (407476.000.000) 2026-05-07 18:51:29 Image size of job updated: 52792
	48  -  MemoryUsage of job (MB)
	48272  -  ResidentSetSize of job (KB)
...
006 (407476.000.000) 2026-05-07 18:56:30 Image size of job updated: 52792
	48  -  MemoryUsage of job (MB)
	48336  -  ResidentSetSize of job (KB)
...
006 (407476.000.000) 2026-05-07 19:01:30 Image size of job updated: 355584
	50  -  MemoryUsage of job (MB)
	50580  -  ResidentSetSize of job (KB)
...
006 (407476.000.000) 2026-05-07 19:06:31 Image size of job updated: 355584
	51  -  MemoryUsage of job (MB)
	51860  -  ResidentSetSize of job (KB)
...
006 (407476.000.000) 2026-05-07 20:26:39 Image size of job updated: 357012
	51  -  MemoryUsage of job (MB)
	51860  -  ResidentSetSize of job (KB)
...
006 (407476.000.000) 2026-05-07 20:41:41 Image size of job updated: 358192
	51  -  MemoryUsage of job (MB)
	51860  -  ResidentSetSize of job (KB)
...
006 (407476.000.000) 2026-05-07 20:51:42 Image size of job updated: 359844
	51  -  MemoryUsage of job (MB)
	51860  -  ResidentSetSize of job (KB)
...
006 (407476.000.000) 2026-05-07 20:56:42 Image size of job updated: 362312
	51  -  MemoryUsage of job (MB)
	51860  -  ResidentSetSize of job (KB)
...
006 (407476.000.000) 2026-05-07 21:36:46 Image size of job updated: 362312
	54  -  MemoryUsage of job (MB)
	54292  -  ResidentSetSize of job (KB)
...
006 (407476.000.000) 2026-05-07 22:11:50 Image size of job updated: 362312
	54  -  MemoryUsage of job (MB)
	54372  -  ResidentSetSize of job (KB)
...
006 (407476.000.000) 2026-05-08 02:47:20 Image size of job updated: 362312
	55  -  MemoryUsage of job (MB)
	55468  -  ResidentSetSize of job (KB)
...
006 (407476.000.000) 2026-05-08 02:57:21 Image size of job updated: 362312
	55  -  MemoryUsage of job (MB)
	55592  -  ResidentSetSize of job (KB)
...
006 (407476.000.000) 2026-05-08 03:02:22 Image size of job updated: 362312
	55  -  MemoryUsage of job (MB)
	56004  -  ResidentSetSize of job (KB)
...
006 (407476.000.000) 2026-05-08 06:27:42 Image size of job updated: 362312
	56  -  MemoryUsage of job (MB)
	56596  -  ResidentSetSize of job (KB)
...
006 (407476.000.000) 2026-05-08 07:17:47 Image size of job updated: 362312
	56  -  MemoryUsage of job (MB)
	57012  -  ResidentSetSize of job (KB)
...
006 (407476.000.000) 2026-05-08 07:52:50 Image size of job updated: 362312
	56  -  MemoryUsage of job (MB)
	57284  -  ResidentSetSize of job (KB)
...
006 (407476.000.000) 2026-05-08 07:57:51 Image size of job updated: 362312
	57  -  MemoryUsage of job (MB)
	57392  -  ResidentSetSize of job (KB)
...
006 (407476.000.000) 2026-05-08 09:02:58 Image size of job updated: 362312
	58  -  MemoryUsage of job (MB)
	58404  -  ResidentSetSize of job (KB)
...
006 (407476.000.000) 2026-05-08 09:07:59 Image size of job updated: 362312
	60  -  MemoryUsage of job (MB)
	60708  -  ResidentSetSize of job (KB)
...
006 (407476.000.000) 2026-05-08 09:17:59 Image size of job updated: 362312
	61  -  MemoryUsage of job (MB)
	61508  -  ResidentSetSize of job (KB)
...
006 (407476.000.000) 2026-05-08 09:48:02 Image size of job updated: 362312
	61  -  MemoryUsage of job (MB)
	61532  -  ResidentSetSize of job (KB)
...
006 (407476.000.000) 2026-05-08 10:28:06 Image size of job updated: 362312
	61  -  MemoryUsage of job (MB)
	61672  -  ResidentSetSize of job (KB)
...
006 (407476.000.000) 2026-05-08 11:43:14 Image size of job updated: 362312
	61  -  MemoryUsage of job (MB)
	61712  -  ResidentSetSize of job (KB)
...
006 (407476.000.000) 2026-05-08 13:23:24 Image size of job updated: 362312
	67  -  MemoryUsage of job (MB)
	67756  -  ResidentSetSize of job (KB)
...
006 (407476.000.000) 2026-05-08 13:38:25 Image size of job updated: 362312
	69  -  MemoryUsage of job (MB)
	69660  -  ResidentSetSize of job (KB)
...
006 (407476.000.000) 2026-05-08 17:58:51 Image size of job updated: 362312
	69  -  MemoryUsage of job (MB)
	69916  -  ResidentSetSize of job (KB)
...
006 (407476.000.000) 2026-05-08 18:03:52 Image size of job updated: 362312
	69  -  MemoryUsage of job (MB)
	69964  -  ResidentSetSize of job (KB)
...
006 (407476.000.000) 2026-05-08 18:08:52 Image size of job updated: 362312
	69  -  MemoryUsage of job (MB)
	70000  -  ResidentSetSize of job (KB)
...
006 (407476.000.000) 2026-05-08 18:13:53 Image size of job updated: 362312
	69  -  MemoryUsage of job (MB)
	70036  -  ResidentSetSize of job (KB)
...
006 (407476.000.000) 2026-05-08 18:23:54 Image size of job updated: 362312
	69  -  MemoryUsage of job (MB)
	70088  -  ResidentSetSize of job (KB)
...
006 (407476.000.000) 2026-05-08 18:33:55 Image size of job updated: 362312
	69  -  MemoryUsage of job (MB)
	70172  -  ResidentSetSize of job (KB)
...
006 (407476.000.000) 2026-05-08 18:38:55 Image size of job updated: 362312
	69  -  MemoryUsage of job (MB)
	70228  -  ResidentSetSize of job (KB)
...
006 (407476.000.000) 2026-05-08 18:48:57 Image size of job updated: 362312
	69  -  MemoryUsage of job (MB)
	70308  -  ResidentSetSize of job (KB)
...
006 (407476.000.000) 2026-05-08 19:03:58 Image size of job updated: 362312
	69  -  MemoryUsage of job (MB)
	70416  -  ResidentSetSize of job (KB)
...
006 (407476.000.000) 2026-05-08 19:08:59 Image size of job updated: 362312
	69  -  MemoryUsage of job (MB)
	70464  -  ResidentSetSize of job (KB)
...
006 (407476.000.000) 2026-05-08 19:13:59 Image size of job updated: 362312
	69  -  MemoryUsage of job (MB)
	70492  -  ResidentSetSize of job (KB)
...
006 (407476.000.000) 2026-05-08 19:34:01 Image size of job updated: 362312
	69  -  MemoryUsage of job (MB)
	70636  -  ResidentSetSize of job (KB)
...
006 (407476.000.000) 2026-05-08 19:39:02 Image size of job updated: 362312
	70  -  MemoryUsage of job (MB)
	70684  -  ResidentSetSize of job (KB)
...
006 (407476.000.000) 2026-05-08 19:44:02 Image size of job updated: 362312
	70  -  MemoryUsage of job (MB)
	70732  -  ResidentSetSize of job (KB)
...
006 (407476.000.000) 2026-05-08 19:49:02 Image size of job updated: 362312
	70  -  MemoryUsage of job (MB)
	70764  -  ResidentSetSize of job (KB)
...
006 (407476.000.000) 2026-05-08 20:09:05 Image size of job updated: 362312
	70  -  MemoryUsage of job (MB)
	70936  -  ResidentSetSize of job (KB)
...
006 (407476.000.000) 2026-05-08 20:14:06 Image size of job updated: 362312
	70  -  MemoryUsage of job (MB)
	70944  -  ResidentSetSize of job (KB)
...
006 (407476.000.000) 2026-05-08 20:34:08 Image size of job updated: 362312
	70  -  MemoryUsage of job (MB)
	71112  -  ResidentSetSize of job (KB)
...
006 (407476.000.000) 2026-05-08 20:39:08 Image size of job updated: 362312
	70  -  MemoryUsage of job (MB)
	71152  -  ResidentSetSize of job (KB)
...
006 (407476.000.000) 2026-05-08 20:49:10 Image size of job updated: 362312
	70  -  MemoryUsage of job (MB)
	71240  -  ResidentSetSize of job (KB)
...
006 (407476.000.000) 2026-05-08 20:54:10 Image size of job updated: 362312
	70  -  MemoryUsage of job (MB)
	71260  -  ResidentSetSize of job (KB)
...
006 (407476.000.000) 2026-05-08 20:59:10 Image size of job updated: 362312
	70  -  MemoryUsage of job (MB)
	71292  -  ResidentSetSize of job (KB)
...
006 (407476.000.000) 2026-05-08 21:14:11 Image size of job updated: 362312
	70  -  MemoryUsage of job (MB)
	71432  -  ResidentSetSize of job (KB)
...
006 (407476.000.000) 2026-05-08 21:19:12 Image size of job updated: 362312
	70  -  MemoryUsage of job (MB)
	71476  -  ResidentSetSize of job (KB)
...
006 (407476.000.000) 2026-05-08 21:24:13 Image size of job updated: 362312
	70  -  MemoryUsage of job (MB)
	71516  -  ResidentSetSize of job (KB)
...
006 (407476.000.000) 2026-05-08 21:34:14 Image size of job updated: 362312
	70  -  MemoryUsage of job (MB)
	71560  -  ResidentSetSize of job (KB)
...
006 (407476.000.000) 2026-05-08 21:39:15 Image size of job updated: 362312
	70  -  MemoryUsage of job (MB)
	71596  -  ResidentSetSize of job (KB)
...
006 (407476.000.000) 2026-05-08 21:44:15 Image size of job updated: 362312
	70  -  MemoryUsage of job (MB)
	71668  -  ResidentSetSize of job (KB)
...
006 (407476.000.000) 2026-05-08 21:49:15 Image size of job updated: 362312
	71  -  MemoryUsage of job (MB)
	71712  -  ResidentSetSize of job (KB)
...
006 (407476.000.000) 2026-05-08 22:09:17 Image size of job updated: 362312
	83  -  MemoryUsage of job (MB)
	84752  -  ResidentSetSize of job (KB)
...
006 (407476.000.000) 2026-05-09 01:29:39 Image size of job updated: 362312
	85  -  MemoryUsage of job (MB)
	86616  -  ResidentSetSize of job (KB)
...
006 (407476.000.000) 2026-05-09 07:00:13 Image size of job updated: 362312
	85  -  MemoryUsage of job (MB)
	86864  -  ResidentSetSize of job (KB)
...
006 (407476.000.000) 2026-05-09 07:10:14 Image size of job updated: 362312
	86  -  MemoryUsage of job (MB)
	88012  -  ResidentSetSize of job (KB)
...
006 (407476.000.000) 2026-05-09 13:00:51 Image size of job updated: 362312
	87  -  MemoryUsage of job (MB)
	88264  -  ResidentSetSize of job (KB)
...
006 (407476.000.000) 2026-05-09 22:36:54 Image size of job updated: 362312
	88  -  MemoryUsage of job (MB)
	89384  -  ResidentSetSize of job (KB)
...
006 (407476.000.000) 2026-05-09 23:52:02 Image size of job updated: 362312
	88  -  MemoryUsage of job (MB)
	89700  -  ResidentSetSize of job (KB)
...
006 (407476.000.000) 2026-05-09 23:57:02 Image size of job updated: 362312
	88  -  MemoryUsage of job (MB)
	89864  -  ResidentSetSize of job (KB)
...
006 (407476.000.000) 2026-05-10 00:02:03 Image size of job updated: 362312
	88  -  MemoryUsage of job (MB)
	90040  -  ResidentSetSize of job (KB)
...
006 (407476.000.000) 2026-05-10 00:07:04 Image size of job updated: 362312
	89  -  MemoryUsage of job (MB)
	90140  -  ResidentSetSize of job (KB)
...
006 (407476.000.000) 2026-05-10 00:12:04 Image size of job updated: 362312
	89  -  MemoryUsage of job (MB)
	90528  -  ResidentSetSize of job (KB)
...
006 (407476.000.000) 2026-05-10 00:22:06 Image size of job updated: 362312
	89  -  MemoryUsage of job (MB)
	90584  -  ResidentSetSize of job (KB)
...
006 (407476.000.000) 2026-05-10 00:27:06 Image size of job updated: 362312
	89  -  MemoryUsage of job (MB)
	90724  -  ResidentSetSize of job (KB)
...
006 (407476.000.000) 2026-05-10 00:32:06 Image size of job updated: 362312
	90  -  MemoryUsage of job (MB)
	91300  -  ResidentSetSize of job (KB)
...
006 (407476.000.000) 2026-05-10 00:47:07 Image size of job updated: 362312
	90  -  MemoryUsage of job (MB)
	91308  -  ResidentSetSize of job (KB)
...
006 (407476.000.000) 2026-05-10 00:52:08 Image size of job updated: 362312
	90  -  MemoryUsage of job (MB)
	91384  -  ResidentSetSize of job (KB)
...
006 (407476.000.000) 2026-05-10 00:57:09 Image size of job updated: 362312
	90  -  MemoryUsage of job (MB)
	91568  -  ResidentSetSize of job (KB)
...
006 (407476.000.000) 2026-05-10 01:02:09 Image size of job updated: 362312
	92  -  MemoryUsage of job (MB)
	93488  -  ResidentSetSize of job (KB)
...
006 (407476.000.000) 2026-05-10 02:17:16 Image size of job updated: 362312
	94  -  MemoryUsage of job (MB)
	95540  -  ResidentSetSize of job (KB)
...
006 (407476.000.000) 2026-05-10 03:27:24 Image size of job updated: 362312
	96  -  MemoryUsage of job (MB)
	97844  -  ResidentSetSize of job (KB)
...
006 (407476.000.000) 2026-05-10 04:42:31 Image size of job updated: 362312
	98  -  MemoryUsage of job (MB)
	99896  -  ResidentSetSize of job (KB)
...
006 (407476.000.000) 2026-05-10 05:57:39 Image size of job updated: 362312
	100  -  MemoryUsage of job (MB)
	101696  -  ResidentSetSize of job (KB)
...
006 (407476.000.000) 2026-05-10 07:07:47 Image size of job updated: 362312
	102  -  MemoryUsage of job (MB)
	104000  -  ResidentSetSize of job (KB)
...
006 (407476.000.000) 2026-05-10 08:22:55 Image size of job updated: 362312
	104  -  MemoryUsage of job (MB)
	106052  -  ResidentSetSize of job (KB)
...
006 (407476.000.000) 2026-05-10 09:33:03 Image size of job updated: 362312
	104  -  MemoryUsage of job (MB)
	106228  -  ResidentSetSize of job (KB)
...
006 (407476.000.000) 2026-05-10 09:38:03 Image size of job updated: 362312
	104  -  MemoryUsage of job (MB)
	106352  -  ResidentSetSize of job (KB)
...
006 (407476.000.000) 2026-05-10 09:43:04 Image size of job updated: 362312
	104  -  MemoryUsage of job (MB)
	106404  -  ResidentSetSize of job (KB)
...
006 (407476.000.000) 2026-05-10 09:48:05 Image size of job updated: 362312
	105  -  MemoryUsage of job (MB)
	106672  -  ResidentSetSize of job (KB)
...
006 (407476.000.000) 2026-05-10 09:53:05 Image size of job updated: 362312
	105  -  MemoryUsage of job (MB)
	106692  -  ResidentSetSize of job (KB)
...
006 (407476.000.000) 2026-05-10 09:58:05 Image size of job updated: 362312
	105  -  MemoryUsage of job (MB)
	107204  -  ResidentSetSize of job (KB)
...
006 (407476.000.000) 2026-05-10 10:08:06 Image size of job updated: 362312
	105  -  MemoryUsage of job (MB)
	107468  -  ResidentSetSize of job (KB)
...
006 (407476.000.000) 2026-05-10 10:18:07 Image size of job updated: 362312
	106  -  MemoryUsage of job (MB)
	107724  -  ResidentSetSize of job (KB)
...
006 (407476.000.000) 2026-05-10 10:23:08 Image size of job updated: 362312
	107  -  MemoryUsage of job (MB)
	109548  -  ResidentSetSize of job (KB)
...
006 (407476.000.000) 2026-05-10 11:38:16 Image size of job updated: 362312
	110  -  MemoryUsage of job (MB)
	111720  -  ResidentSetSize of job (KB)
...
006 (407476.000.000) 2026-05-10 12:48:23 Image size of job updated: 362312
	112  -  MemoryUsage of job (MB)
	113772  -  ResidentSetSize of job (KB)
...
006 (407476.000.000) 2026-05-10 13:58:30 Image size of job updated: 362312
	113  -  MemoryUsage of job (MB)
	115652  -  ResidentSetSize of job (KB)
...
006 (407476.000.000) 2026-05-10 15:13:37 Image size of job updated: 362312
	115  -  MemoryUsage of job (MB)
	117452  -  ResidentSetSize of job (KB)
...
006 (407476.000.000) 2026-05-10 16:23:44 Image size of job updated: 362312
	117  -  MemoryUsage of job (MB)
	119756  -  ResidentSetSize of job (KB)
...
006 (407476.000.000) 2026-05-10 17:38:52 Image size of job updated: 362312
	119  -  MemoryUsage of job (MB)
	121808  -  ResidentSetSize of job (KB)
...
006 (407476.000.000) 2026-05-10 18:48:59 Image size of job updated: 362312
	121  -  MemoryUsage of job (MB)
	123860  -  ResidentSetSize of job (KB)
...
006 (407476.000.000) 2026-05-10 20:04:07 Image size of job updated: 362312
	123  -  MemoryUsage of job (MB)
	125912  -  ResidentSetSize of job (KB)
...
006 (407476.000.000) 2026-05-10 21:14:14 Image size of job updated: 362312
	126  -  MemoryUsage of job (MB)
	128216  -  ResidentSetSize of job (KB)
...
006 (407476.000.000) 2026-05-10 22:29:22 Image size of job updated: 362312
	128  -  MemoryUsage of job (MB)
	130264  -  ResidentSetSize of job (KB)
...
006 (407476.000.000) 2026-05-10 23:44:30 Image size of job updated: 362312
	129  -  MemoryUsage of job (MB)
	132068  -  ResidentSetSize of job (KB)
...
006 (407476.000.000) 2026-05-11 01:19:39 Image size of job updated: 362312
	131  -  MemoryUsage of job (MB)
	134120  -  ResidentSetSize of job (KB)
...
006 (407476.000.000) 2026-05-11 03:04:50 Image size of job updated: 362312
	133  -  MemoryUsage of job (MB)
	135920  -  ResidentSetSize of job (KB)
...
006 (407476.000.000) 2026-05-11 04:14:57 Image size of job updated: 362312
	135  -  MemoryUsage of job (MB)
	138224  -  ResidentSetSize of job (KB)
...
006 (407476.000.000) 2026-05-11 06:45:13 Image size of job updated: 362312
	136  -  MemoryUsage of job (MB)
	138528  -  ResidentSetSize of job (KB)
...
006 (407476.000.000) 2026-05-11 06:50:13 Image size of job updated: 362312
	138  -  MemoryUsage of job (MB)
	140416  -  ResidentSetSize of job (KB)
...
006 (407476.000.000) 2026-05-11 08:00:20 Image size of job updated: 362312
	140  -  MemoryUsage of job (MB)
	142472  -  ResidentSetSize of job (KB)
...
006 (407476.000.000) 2026-05-11 09:05:26 Image size of job updated: 362312
	142  -  MemoryUsage of job (MB)
	144448  -  ResidentSetSize of job (KB)
...
006 (407476.000.000) 2026-05-11 09:10:27 Image size of job updated: 362312
	144  -  MemoryUsage of job (MB)
	146496  -  ResidentSetSize of job (KB)
...
006 (407476.000.000) 2026-05-11 10:20:35 Image size of job updated: 362312
	146  -  MemoryUsage of job (MB)
	148544  -  ResidentSetSize of job (KB)
...
006 (407476.000.000) 2026-05-11 11:30:42 Image size of job updated: 362312
	148  -  MemoryUsage of job (MB)
	150604  -  ResidentSetSize of job (KB)
...
006 (407476.000.000) 2026-05-11 12:40:49 Image size of job updated: 362312
	150  -  MemoryUsage of job (MB)
	152656  -  ResidentSetSize of job (KB)
...
006 (407476.000.000) 2026-05-11 13:55:56 Image size of job updated: 362312
	151  -  MemoryUsage of job (MB)
	154456  -  ResidentSetSize of job (KB)
...
006 (407476.000.000) 2026-05-11 15:06:02 Image size of job updated: 362312
	154  -  MemoryUsage of job (MB)
	156760  -  ResidentSetSize of job (KB)
...
006 (407476.000.000) 2026-05-11 16:21:11 Image size of job updated: 362312
	156  -  MemoryUsage of job (MB)
	158812  -  ResidentSetSize of job (KB)
...
006 (407476.000.000) 2026-05-11 18:06:22 Image size of job updated: 362312
	157  -  MemoryUsage of job (MB)
	160612  -  ResidentSetSize of job (KB)
...
006 (407476.000.000) 2026-05-11 19:41:29 Image size of job updated: 362312
	160  -  MemoryUsage of job (MB)
	162872  -  ResidentSetSize of job (KB)
...
006 (407476.000.000) 2026-05-11 21:16:40 Image size of job updated: 362312
	161  -  MemoryUsage of job (MB)
	164672  -  ResidentSetSize of job (KB)
...
006 (407476.000.000) 2026-05-11 21:41:42 Image size of job updated: 362312
	161  -  MemoryUsage of job (MB)
	164692  -  ResidentSetSize of job (KB)
...
006 (407476.000.000) 2026-05-11 22:56:50 Image size of job updated: 362312
	164  -  MemoryUsage of job (MB)
	166996  -  ResidentSetSize of job (KB)
...
006 (407476.000.000) 2026-05-12 00:42:01 Image size of job updated: 362312
	166  -  MemoryUsage of job (MB)
	169048  -  ResidentSetSize of job (KB)
...
006 (407476.000.000) 2026-05-12 02:22:10 Image size of job updated: 362312
	168  -  MemoryUsage of job (MB)
	171084  -  ResidentSetSize of job (KB)
...
006 (407476.000.000) 2026-05-12 04:07:21 Image size of job updated: 362312
	169  -  MemoryUsage of job (MB)
	172884  -  ResidentSetSize of job (KB)
...
006 (407476.000.000) 2026-05-12 05:02:26 Image size of job updated: 362312
	170  -  MemoryUsage of job (MB)
	173132  -  ResidentSetSize of job (KB)
...
006 (407476.000.000) 2026-05-12 05:17:28 Image size of job updated: 362312
	172  -  MemoryUsage of job (MB)
	175180  -  ResidentSetSize of job (KB)
...
006 (407476.000.000) 2026-05-12 06:27:34 Image size of job updated: 362312
	173  -  MemoryUsage of job (MB)
	177024  -  ResidentSetSize of job (KB)
...
006 (407476.000.000) 2026-05-12 07:37:42 Image size of job updated: 362312
	175  -  MemoryUsage of job (MB)
	179036  -  ResidentSetSize of job (KB)
...
006 (407476.000.000) 2026-05-12 08:32:49 Image size of job updated: 362312
	176  -  MemoryUsage of job (MB)
	179292  -  ResidentSetSize of job (KB)
...
006 (407476.000.000) 2026-05-12 08:42:49 Image size of job updated: 362312
	178  -  MemoryUsage of job (MB)
	181596  -  ResidentSetSize of job (KB)
...
006 (407476.000.000) 2026-05-12 09:52:58 Image size of job updated: 362312
	180  -  MemoryUsage of job (MB)
	183404  -  ResidentSetSize of job (KB)
...
006 (407476.000.000) 2026-05-12 11:03:06 Image size of job updated: 362312
	182  -  MemoryUsage of job (MB)
	185440  -  ResidentSetSize of job (KB)
...
006 (407476.000.000) 2026-05-12 12:13:13 Image size of job updated: 362312
	184  -  MemoryUsage of job (MB)
	187496  -  ResidentSetSize of job (KB)
...
006 (407476.000.000) 2026-05-12 12:18:14 Image size of job updated: 362312
	184  -  MemoryUsage of job (MB)
	187500  -  ResidentSetSize of job (KB)
...
006 (407476.000.000) 2026-05-12 13:48:22 Image size of job updated: 362312
	186  -  MemoryUsage of job (MB)
	189548  -  ResidentSetSize of job (KB)
...
006 (407476.000.000) 2026-05-12 15:38:34 Image size of job updated: 362312
	188  -  MemoryUsage of job (MB)
	191608  -  ResidentSetSize of job (KB)
...
006 (407476.000.000) 2026-05-12 17:28:45 Image size of job updated: 362312
	190  -  MemoryUsage of job (MB)
	193660  -  ResidentSetSize of job (KB)
...
006 (407476.000.000) 2026-05-12 19:23:56 Image size of job updated: 362312
	192  -  MemoryUsage of job (MB)
	195628  -  ResidentSetSize of job (KB)
...
006 (407476.000.000) 2026-05-12 21:14:09 Image size of job updated: 362312
	194  -  MemoryUsage of job (MB)
	197756  -  ResidentSetSize of job (KB)
...
006 (407476.000.000) 2026-05-12 23:04:20 Image size of job updated: 362312
	196  -  MemoryUsage of job (MB)
	199828  -  ResidentSetSize of job (KB)
...
006 (407476.000.000) 2026-05-13 00:59:32 Image size of job updated: 362312
	198  -  MemoryUsage of job (MB)
	201880  -  ResidentSetSize of job (KB)
...
006 (407476.000.000) 2026-05-13 01:04:33 Image size of job updated: 362312
	198  -  MemoryUsage of job (MB)
	202136  -  ResidentSetSize of job (KB)
...
006 (407476.000.000) 2026-05-13 02:49:43 Image size of job updated: 362312
	200  -  MemoryUsage of job (MB)
	204348  -  ResidentSetSize of job (KB)
...
006 (407476.000.000) 2026-05-13 05:55:00 Image size of job updated: 362312
	202  -  MemoryUsage of job (MB)
	206644  -  ResidentSetSize of job (KB)
...
006 (407476.000.000) 2026-05-13 07:10:08 Image size of job updated: 362312
	204  -  MemoryUsage of job (MB)
	208300  -  ResidentSetSize of job (KB)
...
006 (407476.000.000) 2026-05-13 08:20:15 Image size of job updated: 362312
	206  -  MemoryUsage of job (MB)
	210352  -  ResidentSetSize of job (KB)
...
006 (407476.000.000) 2026-05-13 09:30:22 Image size of job updated: 362312
	208  -  MemoryUsage of job (MB)
	212376  -  ResidentSetSize of job (KB)
...
006 (407476.000.000) 2026-05-13 10:45:29 Image size of job updated: 362312
	210  -  MemoryUsage of job (MB)
	214428  -  ResidentSetSize of job (KB)
...
006 (407476.000.000) 2026-05-13 11:55:36 Image size of job updated: 362312
	212  -  MemoryUsage of job (MB)
	216480  -  ResidentSetSize of job (KB)
...
