000 (407490.000.000) 2026-05-07 18:21:14 Job submitted from host: <192.168.250.101:9618?addrs=192.168.250.101-9618&alias=hercules.hcms.it&noUDP&sock=schedd_3404051_6d7b>
...
001 (407490.000.000) 2026-05-07 18:21:19 Job executing on host: <192.168.250.112:9618?addrs=192.168.250.112-9618&alias=hercules02.hcms.it&noUDP&sock=startd_1261146_d63b>
	SlotName: slot16_1@hercules02.hcms.it
	CondorScratchDir = "/var/lib/condor/execute/dir_3900921"
	Cpus = 1
	Disk = 29523
	Memory = 1024
...
006 (407490.000.000) 2026-05-07 18:21:27 Image size of job updated: 54800
	47  -  MemoryUsage of job (MB)
	47464  -  ResidentSetSize of job (KB)
...
006 (407490.000.000) 2026-05-07 18:26:27 Image size of job updated: 54800
	47  -  MemoryUsage of job (MB)
	47484  -  ResidentSetSize of job (KB)
...
006 (407490.000.000) 2026-05-07 18:31:27 Image size of job updated: 357560
	48  -  MemoryUsage of job (MB)
	48376  -  ResidentSetSize of job (KB)
...
006 (407490.000.000) 2026-05-07 19:01:30 Image size of job updated: 357560
	49  -  MemoryUsage of job (MB)
	49676  -  ResidentSetSize of job (KB)
...
006 (407490.000.000) 2026-05-07 19:11:32 Image size of job updated: 360332
	49  -  MemoryUsage of job (MB)
	49676  -  ResidentSetSize of job (KB)
...
006 (407490.000.000) 2026-05-07 19:16:32 Image size of job updated: 360332
	49  -  MemoryUsage of job (MB)
	50116  -  ResidentSetSize of job (KB)
...
006 (407490.000.000) 2026-05-07 20:11:38 Image size of job updated: 360332
	53  -  MemoryUsage of job (MB)
	53612  -  ResidentSetSize of job (KB)
...
006 (407490.000.000) 2026-05-07 22:26:53 Image size of job updated: 360332
	53  -  MemoryUsage of job (MB)
	53760  -  ResidentSetSize of job (KB)
...
006 (407490.000.000) 2026-05-08 00:47:07 Image size of job updated: 360332
	55  -  MemoryUsage of job (MB)
	55312  -  ResidentSetSize of job (KB)
...
006 (407490.000.000) 2026-05-08 03:32:23 Image size of job updated: 360332
	55  -  MemoryUsage of job (MB)
	55616  -  ResidentSetSize of job (KB)
...
006 (407490.000.000) 2026-05-08 03:37:23 Image size of job updated: 360332
	55  -  MemoryUsage of job (MB)
	55872  -  ResidentSetSize of job (KB)
...
006 (407490.000.000) 2026-05-08 04:07:27 Image size of job updated: 360332
	56  -  MemoryUsage of job (MB)
	56844  -  ResidentSetSize of job (KB)
...
006 (407490.000.000) 2026-05-08 04:27:29 Image size of job updated: 360332
	56  -  MemoryUsage of job (MB)
	56880  -  ResidentSetSize of job (KB)
...
006 (407490.000.000) 2026-05-08 04:32:29 Image size of job updated: 360332
	56  -  MemoryUsage of job (MB)
	56952  -  ResidentSetSize of job (KB)
...
006 (407490.000.000) 2026-05-08 05:02:33 Image size of job updated: 360332
	57  -  MemoryUsage of job (MB)
	58004  -  ResidentSetSize of job (KB)
...
006 (407490.000.000) 2026-05-08 05:07:33 Image size of job updated: 360332
	58  -  MemoryUsage of job (MB)
	59028  -  ResidentSetSize of job (KB)
...
006 (407490.000.000) 2026-05-08 11:08:11 Image size of job updated: 360332
	61  -  MemoryUsage of job (MB)
	62024  -  ResidentSetSize of job (KB)
...
006 (407490.000.000) 2026-05-08 11:58:16 Image size of job updated: 360332
	62  -  MemoryUsage of job (MB)
	63472  -  ResidentSetSize of job (KB)
...
006 (407490.000.000) 2026-05-08 13:48:26 Image size of job updated: 360332
	63  -  MemoryUsage of job (MB)
	63724  -  ResidentSetSize of job (KB)
...
006 (407490.000.000) 2026-05-08 14:03:27 Image size of job updated: 360332
	63  -  MemoryUsage of job (MB)
	63772  -  ResidentSetSize of job (KB)
...
006 (407490.000.000) 2026-05-08 14:08:29 Image size of job updated: 360332
	63  -  MemoryUsage of job (MB)
	64108  -  ResidentSetSize of job (KB)
...
006 (407490.000.000) 2026-05-08 14:13:29 Image size of job updated: 360332
	63  -  MemoryUsage of job (MB)
	64192  -  ResidentSetSize of job (KB)
...
006 (407490.000.000) 2026-05-08 14:18:29 Image size of job updated: 360332
	63  -  MemoryUsage of job (MB)
	64264  -  ResidentSetSize of job (KB)
...
006 (407490.000.000) 2026-05-08 14:28:31 Image size of job updated: 360332
	63  -  MemoryUsage of job (MB)
	64424  -  ResidentSetSize of job (KB)
...
006 (407490.000.000) 2026-05-08 14:33:31 Image size of job updated: 360332
	64  -  MemoryUsage of job (MB)
	64568  -  ResidentSetSize of job (KB)
...
006 (407490.000.000) 2026-05-08 14:38:32 Image size of job updated: 360332
	64  -  MemoryUsage of job (MB)
	64656  -  ResidentSetSize of job (KB)
...
006 (407490.000.000) 2026-05-08 14:43:33 Image size of job updated: 360332
	64  -  MemoryUsage of job (MB)
	64752  -  ResidentSetSize of job (KB)
...
006 (407490.000.000) 2026-05-08 14:53:33 Image size of job updated: 360332
	74  -  MemoryUsage of job (MB)
	75128  -  ResidentSetSize of job (KB)
...
006 (407490.000.000) 2026-05-08 14:58:35 Image size of job updated: 360332
	74  -  MemoryUsage of job (MB)
	75176  -  ResidentSetSize of job (KB)
...
006 (407490.000.000) 2026-05-08 15:03:35 Image size of job updated: 360332
	74  -  MemoryUsage of job (MB)
	75296  -  ResidentSetSize of job (KB)
...
006 (407490.000.000) 2026-05-08 15:08:35 Image size of job updated: 360332
	74  -  MemoryUsage of job (MB)
	75392  -  ResidentSetSize of job (KB)
...
006 (407490.000.000) 2026-05-08 15:13:36 Image size of job updated: 360332
	74  -  MemoryUsage of job (MB)
	75488  -  ResidentSetSize of job (KB)
...
006 (407490.000.000) 2026-05-08 15:18:37 Image size of job updated: 360332
	74  -  MemoryUsage of job (MB)
	75588  -  ResidentSetSize of job (KB)
...
006 (407490.000.000) 2026-05-08 15:23:37 Image size of job updated: 360332
	74  -  MemoryUsage of job (MB)
	75676  -  ResidentSetSize of job (KB)
...
006 (407490.000.000) 2026-05-08 15:28:38 Image size of job updated: 360332
	74  -  MemoryUsage of job (MB)
	75740  -  ResidentSetSize of job (KB)
...
006 (407490.000.000) 2026-05-08 15:38:39 Image size of job updated: 360332
	76  -  MemoryUsage of job (MB)
	77756  -  ResidentSetSize of job (KB)
...
006 (407490.000.000) 2026-05-08 17:33:50 Image size of job updated: 360332
	79  -  MemoryUsage of job (MB)
	80060  -  ResidentSetSize of job (KB)
...
006 (407490.000.000) 2026-05-08 19:24:02 Image size of job updated: 360332
	80  -  MemoryUsage of job (MB)
	81860  -  ResidentSetSize of job (KB)
...
006 (407490.000.000) 2026-05-08 21:19:14 Image size of job updated: 360332
	81  -  MemoryUsage of job (MB)
	82168  -  ResidentSetSize of job (KB)
...
006 (407490.000.000) 2026-05-08 21:34:15 Image size of job updated: 360332
	81  -  MemoryUsage of job (MB)
	82436  -  ResidentSetSize of job (KB)
...
006 (407490.000.000) 2026-05-08 21:49:16 Image size of job updated: 360332
	81  -  MemoryUsage of job (MB)
	82484  -  ResidentSetSize of job (KB)
...
006 (407490.000.000) 2026-05-08 21:54:17 Image size of job updated: 360332
	81  -  MemoryUsage of job (MB)
	82820  -  ResidentSetSize of job (KB)
...
006 (407490.000.000) 2026-05-08 21:59:18 Image size of job updated: 360332
	81  -  MemoryUsage of job (MB)
	82844  -  ResidentSetSize of job (KB)
...
006 (407490.000.000) 2026-05-08 22:04:18 Image size of job updated: 360332
	82  -  MemoryUsage of job (MB)
	83016  -  ResidentSetSize of job (KB)
...
006 (407490.000.000) 2026-05-08 22:09:19 Image size of job updated: 360332
	82  -  MemoryUsage of job (MB)
	83088  -  ResidentSetSize of job (KB)
...
006 (407490.000.000) 2026-05-08 22:19:20 Image size of job updated: 360332
	82  -  MemoryUsage of job (MB)
	83204  -  ResidentSetSize of job (KB)
...
006 (407490.000.000) 2026-05-08 22:24:20 Image size of job updated: 360332
	84  -  MemoryUsage of job (MB)
	85252  -  ResidentSetSize of job (KB)
...
006 (407490.000.000) 2026-05-09 00:14:31 Image size of job updated: 360332
	86  -  MemoryUsage of job (MB)
	87220  -  ResidentSetSize of job (KB)
...
006 (407490.000.000) 2026-05-09 02:09:42 Image size of job updated: 360332
	88  -  MemoryUsage of job (MB)
	89268  -  ResidentSetSize of job (KB)
...
006 (407490.000.000) 2026-05-09 03:59:54 Image size of job updated: 360332
	90  -  MemoryUsage of job (MB)
	91320  -  ResidentSetSize of job (KB)
...
006 (407490.000.000) 2026-05-09 05:50:05 Image size of job updated: 360332
	92  -  MemoryUsage of job (MB)
	93624  -  ResidentSetSize of job (KB)
...
006 (407490.000.000) 2026-05-09 07:00:11 Image size of job updated: 360332
	92  -  MemoryUsage of job (MB)
	93628  -  ResidentSetSize of job (KB)
...
006 (407490.000.000) 2026-05-09 07:35:15 Image size of job updated: 360332
	94  -  MemoryUsage of job (MB)
	95740  -  ResidentSetSize of job (KB)
...
006 (407490.000.000) 2026-05-09 09:10:26 Image size of job updated: 360332
	96  -  MemoryUsage of job (MB)
	97476  -  ResidentSetSize of job (KB)
...
006 (407490.000.000) 2026-05-09 12:25:45 Image size of job updated: 360332
	96  -  MemoryUsage of job (MB)
	97732  -  ResidentSetSize of job (KB)
...
006 (407490.000.000) 2026-05-09 12:30:46 Image size of job updated: 360332
	98  -  MemoryUsage of job (MB)
	99780  -  ResidentSetSize of job (KB)
...
006 (407490.000.000) 2026-05-09 13:50:54 Image size of job updated: 360332
	100  -  MemoryUsage of job (MB)
	101960  -  ResidentSetSize of job (KB)
...
006 (407490.000.000) 2026-05-09 14:56:02 Image size of job updated: 360332
	102  -  MemoryUsage of job (MB)
	103668  -  ResidentSetSize of job (KB)
...
006 (407490.000.000) 2026-05-09 15:26:05 Image size of job updated: 360332
	104  -  MemoryUsage of job (MB)
	105720  -  ResidentSetSize of job (KB)
...
006 (407490.000.000) 2026-05-09 16:41:12 Image size of job updated: 360332
	106  -  MemoryUsage of job (MB)
	107772  -  ResidentSetSize of job (KB)
...
006 (407490.000.000) 2026-05-09 18:01:19 Image size of job updated: 360332
	108  -  MemoryUsage of job (MB)
	110076  -  ResidentSetSize of job (KB)
...
006 (407490.000.000) 2026-05-09 19:21:26 Image size of job updated: 360332
	110  -  MemoryUsage of job (MB)
	112060  -  ResidentSetSize of job (KB)
...
006 (407490.000.000) 2026-05-09 20:36:34 Image size of job updated: 360332
	112  -  MemoryUsage of job (MB)
	114112  -  ResidentSetSize of job (KB)
...
006 (407490.000.000) 2026-05-09 21:51:41 Image size of job updated: 360332
	114  -  MemoryUsage of job (MB)
	116164  -  ResidentSetSize of job (KB)
...
006 (407490.000.000) 2026-05-09 23:06:48 Image size of job updated: 360332
	116  -  MemoryUsage of job (MB)
	118468  -  ResidentSetSize of job (KB)
...
006 (407490.000.000) 2026-05-10 00:21:56 Image size of job updated: 360332
	118  -  MemoryUsage of job (MB)
	120520  -  ResidentSetSize of job (KB)
...
006 (407490.000.000) 2026-05-10 01:32:03 Image size of job updated: 360332
	120  -  MemoryUsage of job (MB)
	122136  -  ResidentSetSize of job (KB)
...
006 (407490.000.000) 2026-05-10 02:47:10 Image size of job updated: 360332
	122  -  MemoryUsage of job (MB)
	124188  -  ResidentSetSize of job (KB)
...
006 (407490.000.000) 2026-05-10 04:02:18 Image size of job updated: 360332
	124  -  MemoryUsage of job (MB)
	126240  -  ResidentSetSize of job (KB)
...
006 (407490.000.000) 2026-05-10 05:12:26 Image size of job updated: 360332
	126  -  MemoryUsage of job (MB)
	128292  -  ResidentSetSize of job (KB)
...
006 (407490.000.000) 2026-05-10 06:27:33 Image size of job updated: 360332
	128  -  MemoryUsage of job (MB)
	130596  -  ResidentSetSize of job (KB)
...
006 (407490.000.000) 2026-05-10 08:47:47 Image size of job updated: 372132
	128  -  MemoryUsage of job (MB)
	130596  -  ResidentSetSize of job (KB)
...
006 (407490.000.000) 2026-05-10 08:52:48 Image size of job updated: 376944
	128  -  MemoryUsage of job (MB)
	130596  -  ResidentSetSize of job (KB)
...
006 (407490.000.000) 2026-05-11 05:14:53 Image size of job updated: 398056
	128  -  MemoryUsage of job (MB)
	130596  -  ResidentSetSize of job (KB)
...
006 (407490.000.000) 2026-05-11 05:15:40 Image size of job updated: 398576
	128  -  MemoryUsage of job (MB)
	130596  -  ResidentSetSize of job (KB)
...
005 (407490.000.000) 2026-05-11 05:15:40 Job terminated.
	(1) Normal termination (return value 139)
		Usr 3 09:37:49, Sys 0 00:42:53  -  Run Remote Usage
		Usr 0 00:00:00, Sys 0 00:00:00  -  Run Local Usage
		Usr 3 09:37:49, Sys 0 00:42:53  -  Total Remote Usage
		Usr 0 00:00:00, Sys 0 00:00:00  -  Total Local Usage
	0  -  Run Bytes Sent By Job
	0  -  Run Bytes Received By Job
	0  -  Total Bytes Sent By Job
	0  -  Total Bytes Received By Job
	Partitionable Resources :    Usage  Request Allocated 
	   Cpus                 :     0.99        1         1 
	   Disk (KB)            :     1           1     29523 
	   Memory (MB)          :   128        1024      1024 

	Job terminated of its own accord at 2026-05-11T03:15:40Z with exit-code 139.
...
