000 (407626.000.000) 2026-05-07 18:21:17 Job submitted from host: <192.168.250.101:9618?addrs=192.168.250.101-9618&alias=hercules.hcms.it&noUDP&sock=schedd_3404051_6d7b>
...
001 (407626.000.000) 2026-05-08 12:58:54 Job executing on host: <192.168.250.22:9618?addrs=192.168.250.22-9618&alias=pccms12.hcms.it&noUDP&sock=startd_3275093_f746>
	SlotName: slot47_1@pccms12.hcms.it
	CondorScratchDir = "/var/lib/condor/execute/dir_1203032"
	Cpus = 1
	Disk = 22134
	Memory = 1024
...
006 (407626.000.000) 2026-05-08 12:59:02 Image size of job updated: 62540
	57  -  MemoryUsage of job (MB)
	57396  -  ResidentSetSize of job (KB)
...
006 (407626.000.000) 2026-05-08 13:19:04 Image size of job updated: 350296
	58  -  MemoryUsage of job (MB)
	58532  -  ResidentSetSize of job (KB)
...
006 (407626.000.000) 2026-05-08 13:24:04 Image size of job updated: 352792
	59  -  MemoryUsage of job (MB)
	59668  -  ResidentSetSize of job (KB)
...
006 (407626.000.000) 2026-05-08 13:44:06 Image size of job updated: 354448
	59  -  MemoryUsage of job (MB)
	59668  -  ResidentSetSize of job (KB)
...
006 (407626.000.000) 2026-05-08 14:04:08 Image size of job updated: 354448
	59  -  MemoryUsage of job (MB)
	59780  -  ResidentSetSize of job (KB)
...
006 (407626.000.000) 2026-05-09 01:20:16 Image size of job updated: 354448
	231  -  MemoryUsage of job (MB)
	236132  -  ResidentSetSize of job (KB)
...
006 (407626.000.000) 2026-05-09 01:25:17 Image size of job updated: 354448
	232  -  MemoryUsage of job (MB)
	236644  -  ResidentSetSize of job (KB)
...
005 (407626.000.000) 2026-05-09 07:00:36 Job terminated.
	(1) Normal termination (return value 139)
		Usr 0 17:29:37, Sys 0 00:22:18  -  Run Remote Usage
		Usr 0 00:00:00, Sys 0 00:00:00  -  Run Local Usage
		Usr 0 17:29:37, Sys 0 00:22:18  -  Total Remote Usage
		Usr 0 00:00:00, Sys 0 00:00:00  -  Total Local Usage
	0  -  Run Bytes Sent By Job
	0  -  Run Bytes Received By Job
	0  -  Total Bytes Sent By Job
	0  -  Total Bytes Received By Job
	Partitionable Resources :    Usage  Request Allocated 
	   Cpus                 :     0.99        1         1 
	   Disk (KB)            :     1           1     22134 
	   Memory (MB)          :   232        1024      1024 

	Job terminated of its own accord at 2026-05-09T05:00:36Z with exit-code 139.
...
