000 (407828.000.000) 2026-05-07 18:21:23 Job submitted from host: <192.168.250.101:9618?addrs=192.168.250.101-9618&alias=hercules.hcms.it&noUDP&sock=schedd_3404051_6d7b>
...
001 (407828.000.000) 2026-05-09 03:44:12 Job executing on host: <192.168.250.102:9618?addrs=192.168.250.102-9618&alias=empire.hcms.it&noUDP&sock=startd_2716409_3615>
	SlotName: slot65_1@empire.hcms.it
	CondorScratchDir = "/var/lib/condor/execute/dir_3972554"
	Cpus = 1
	Disk = 22792
	Memory = 1024
...
006 (407828.000.000) 2026-05-09 03:44:20 Image size of job updated: 53664
	52  -  MemoryUsage of job (MB)
	53228  -  ResidentSetSize of job (KB)
...
006 (407828.000.000) 2026-05-09 04:59:26 Image size of job updated: 355472
	53  -  MemoryUsage of job (MB)
	54196  -  ResidentSetSize of job (KB)
...
006 (407828.000.000) 2026-05-09 05:54:32 Image size of job updated: 359044
	53  -  MemoryUsage of job (MB)
	54196  -  ResidentSetSize of job (KB)
...
006 (407828.000.000) 2026-05-09 05:59:33 Image size of job updated: 359956
	53  -  MemoryUsage of job (MB)
	54196  -  ResidentSetSize of job (KB)
...
006 (407828.000.000) 2026-05-09 06:29:36 Image size of job updated: 359956
	54  -  MemoryUsage of job (MB)
	54404  -  ResidentSetSize of job (KB)
...
006 (407828.000.000) 2026-05-09 06:34:37 Image size of job updated: 359956
	54  -  MemoryUsage of job (MB)
	54432  -  ResidentSetSize of job (KB)
...
006 (407828.000.000) 2026-05-09 08:29:48 Image size of job updated: 361676
	54  -  MemoryUsage of job (MB)
	54580  -  ResidentSetSize of job (KB)
...
006 (407828.000.000) 2026-05-09 09:34:55 Image size of job updated: 362680
	54  -  MemoryUsage of job (MB)
	54580  -  ResidentSetSize of job (KB)
...
006 (407828.000.000) 2026-05-09 09:44:56 Image size of job updated: 362680
	54  -  MemoryUsage of job (MB)
	54668  -  ResidentSetSize of job (KB)
...
006 (407828.000.000) 2026-05-09 10:04:58 Image size of job updated: 362680
	54  -  MemoryUsage of job (MB)
	54852  -  ResidentSetSize of job (KB)
...
006 (407828.000.000) 2026-05-09 10:50:04 Image size of job updated: 362680
	54  -  MemoryUsage of job (MB)
	54864  -  ResidentSetSize of job (KB)
...
006 (407828.000.000) 2026-05-09 10:55:04 Image size of job updated: 362680
	54  -  MemoryUsage of job (MB)
	54992  -  ResidentSetSize of job (KB)
...
006 (407828.000.000) 2026-05-09 11:35:09 Image size of job updated: 362680
	54  -  MemoryUsage of job (MB)
	55232  -  ResidentSetSize of job (KB)
...
006 (407828.000.000) 2026-05-09 13:35:23 Image size of job updated: 362680
	54  -  MemoryUsage of job (MB)
	55236  -  ResidentSetSize of job (KB)
...
006 (407828.000.000) 2026-05-09 14:00:26 Image size of job updated: 362680
	55  -  MemoryUsage of job (MB)
	55308  -  ResidentSetSize of job (KB)
...
006 (407828.000.000) 2026-05-09 14:45:30 Image size of job updated: 363500
	55  -  MemoryUsage of job (MB)
	55308  -  ResidentSetSize of job (KB)
...
006 (407828.000.000) 2026-05-09 16:50:42 Image size of job updated: 363500
	55  -  MemoryUsage of job (MB)
	55316  -  ResidentSetSize of job (KB)
...
006 (407828.000.000) 2026-05-09 17:50:47 Image size of job updated: 363500
	263  -  MemoryUsage of job (MB)
	268924  -  ResidentSetSize of job (KB)
...
006 (407828.000.000) 2026-05-09 19:15:54 Image size of job updated: 366372
	263  -  MemoryUsage of job (MB)
	268924  -  ResidentSetSize of job (KB)
...
006 (407828.000.000) 2026-05-10 01:06:32 Image size of job updated: 366532
	263  -  MemoryUsage of job (MB)
	268924  -  ResidentSetSize of job (KB)
...
006 (407828.000.000) 2026-05-10 02:06:38 Image size of job updated: 366544
	263  -  MemoryUsage of job (MB)
	268924  -  ResidentSetSize of job (KB)
...
006 (407828.000.000) 2026-05-10 05:41:59 Image size of job updated: 367292
	263  -  MemoryUsage of job (MB)
	268924  -  ResidentSetSize of job (KB)
...
006 (407828.000.000) 2026-05-10 08:27:16 Image size of job updated: 664796
	351  -  MemoryUsage of job (MB)
	358996  -  ResidentSetSize of job (KB)
...
006 (407828.000.000) 2026-05-10 08:32:16 Image size of job updated: 667832
	351  -  MemoryUsage of job (MB)
	358996  -  ResidentSetSize of job (KB)
...
006 (407828.000.000) 2026-05-10 09:07:20 Image size of job updated: 668784
	351  -  MemoryUsage of job (MB)
	358996  -  ResidentSetSize of job (KB)
...
006 (407828.000.000) 2026-05-10 09:52:24 Image size of job updated: 668808
	351  -  MemoryUsage of job (MB)
	358996  -  ResidentSetSize of job (KB)
...
006 (407828.000.000) 2026-05-10 10:32:29 Image size of job updated: 668992
	351  -  MemoryUsage of job (MB)
	358996  -  ResidentSetSize of job (KB)
...
006 (407828.000.000) 2026-05-10 12:22:39 Image size of job updated: 668992
	353  -  MemoryUsage of job (MB)
	361088  -  ResidentSetSize of job (KB)
...
006 (407828.000.000) 2026-05-10 12:37:41 Image size of job updated: 669984
	353  -  MemoryUsage of job (MB)
	361088  -  ResidentSetSize of job (KB)
...
005 (407828.000.000) 2026-05-10 14:22:26 Job terminated.
	(1) Normal termination (return value 139)
		Usr 1 09:30:05, Sys 0 00:56:41  -  Run Remote Usage
		Usr 0 00:00:00, Sys 0 00:00:00  -  Run Local Usage
		Usr 1 09:30:05, Sys 0 00:56:41  -  Total Remote Usage
		Usr 0 00:00:00, Sys 0 00:00:00  -  Total Local Usage
	0  -  Run Bytes Sent By Job
	0  -  Run Bytes Received By Job
	0  -  Total Bytes Sent By Job
	0  -  Total Bytes Received By Job
	Partitionable Resources :    Usage  Request Allocated 
	   Cpus                 :     1.00        1         1 
	   Disk (KB)            :     1           1     22792 
	   Memory (MB)          :   353        1024      1024 

	Job terminated of its own accord at 2026-05-10T12:22:26Z with exit-code 139.
...
