000 (407635.000.000) 2026-05-07 18:21:18 Job submitted from host: <192.168.250.101:9618?addrs=192.168.250.101-9618&alias=hercules.hcms.it&noUDP&sock=schedd_3404051_6d7b>
...
001 (407635.000.000) 2026-05-08 13:40:54 Job executing on host: <192.168.250.112:9618?addrs=192.168.250.112-9618&alias=hercules02.hcms.it&noUDP&sock=startd_1261146_d63b>
	SlotName: slot91_1@hercules02.hcms.it
	CondorScratchDir = "/var/lib/condor/execute/dir_2162425"
	Cpus = 1
	Disk = 29523
	Memory = 1024
...
006 (407635.000.000) 2026-05-08 13:41:02 Image size of job updated: 56832
	55  -  MemoryUsage of job (MB)
	56008  -  ResidentSetSize of job (KB)
...
006 (407635.000.000) 2026-05-08 13:56:03 Image size of job updated: 355448
	55  -  MemoryUsage of job (MB)
	56008  -  ResidentSetSize of job (KB)
...
006 (407635.000.000) 2026-05-08 14:31:07 Image size of job updated: 357632
	55  -  MemoryUsage of job (MB)
	56008  -  ResidentSetSize of job (KB)
...
006 (407635.000.000) 2026-05-08 14:51:09 Image size of job updated: 358700
	55  -  MemoryUsage of job (MB)
	56008  -  ResidentSetSize of job (KB)
...
006 (407635.000.000) 2026-05-08 14:56:09 Image size of job updated: 359260
	55  -  MemoryUsage of job (MB)
	56008  -  ResidentSetSize of job (KB)
...
006 (407635.000.000) 2026-05-08 15:16:11 Image size of job updated: 361452
	55  -  MemoryUsage of job (MB)
	56008  -  ResidentSetSize of job (KB)
...
006 (407635.000.000) 2026-05-08 17:16:25 Image size of job updated: 361452
	215  -  MemoryUsage of job (MB)
	219196  -  ResidentSetSize of job (KB)
...
006 (407635.000.000) 2026-05-09 03:52:32 Image size of job updated: 361552
	215  -  MemoryUsage of job (MB)
	219196  -  ResidentSetSize of job (KB)
...
005 (407635.000.000) 2026-05-09 06:59:48 Job terminated.
	(1) Normal termination (return value 139)
		Usr 0 15:37:26, Sys 0 01:32:09  -  Run Remote Usage
		Usr 0 00:00:00, Sys 0 00:00:00  -  Run Local Usage
		Usr 0 15:37:26, Sys 0 01:32:09  -  Total Remote Usage
		Usr 0 00:00:00, Sys 0 00:00:00  -  Total Local Usage
	0  -  Run Bytes Sent By Job
	0  -  Run Bytes Received By Job
	0  -  Total Bytes Sent By Job
	0  -  Total Bytes Received By Job
	Partitionable Resources :    Usage  Request Allocated 
	   Cpus                 :     0.98        1         1 
	   Disk (KB)            :     1           1     29523 
	   Memory (MB)          :   215        1024      1024 

	Job terminated of its own accord at 2026-05-09T04:59:48Z with exit-code 139.
...
