000 (407678.000.000) 2026-05-07 18:21:19 Job submitted from host: <192.168.250.101:9618?addrs=192.168.250.101-9618&alias=hercules.hcms.it&noUDP&sock=schedd_3404051_6d7b>
...
001 (407678.000.000) 2026-05-08 18:30:59 Job executing on host: <192.168.250.112:9618?addrs=192.168.250.112-9618&alias=hercules02.hcms.it&noUDP&sock=startd_1261146_d63b>
	SlotName: slot94_1@hercules02.hcms.it
	CondorScratchDir = "/var/lib/condor/execute/dir_2877002"
	Cpus = 1
	Disk = 29523
	Memory = 1024
...
006 (407678.000.000) 2026-05-08 18:31:07 Image size of job updated: 55124
	52  -  MemoryUsage of job (MB)
	52752  -  ResidentSetSize of job (KB)
...
006 (407678.000.000) 2026-05-08 18:56:09 Image size of job updated: 355440
	52  -  MemoryUsage of job (MB)
	52752  -  ResidentSetSize of job (KB)
...
006 (407678.000.000) 2026-05-08 19:21:12 Image size of job updated: 355440
	323  -  MemoryUsage of job (MB)
	329808  -  ResidentSetSize of job (KB)
...
006 (407678.000.000) 2026-05-08 19:26:12 Image size of job updated: 358160
	323  -  MemoryUsage of job (MB)
	329808  -  ResidentSetSize of job (KB)
...
006 (407678.000.000) 2026-05-08 19:46:14 Image size of job updated: 361408
	323  -  MemoryUsage of job (MB)
	329808  -  ResidentSetSize of job (KB)
...
006 (407678.000.000) 2026-05-08 20:11:17 Image size of job updated: 362196
	323  -  MemoryUsage of job (MB)
	329808  -  ResidentSetSize of job (KB)
...
006 (407678.000.000) 2026-05-08 23:36:39 Image size of job updated: 362580
	323  -  MemoryUsage of job (MB)
	329808  -  ResidentSetSize of job (KB)
...
006 (407678.000.000) 2026-05-09 00:06:43 Image size of job updated: 362668
	323  -  MemoryUsage of job (MB)
	329808  -  ResidentSetSize of job (KB)
...
006 (407678.000.000) 2026-05-09 00:36:46 Image size of job updated: 369492
	323  -  MemoryUsage of job (MB)
	329808  -  ResidentSetSize of job (KB)
...
005 (407678.000.000) 2026-05-09 13:53:16 Job terminated.
	(1) Normal termination (return value 139)
		Usr 0 17:45:48, Sys 0 01:29:47  -  Run Remote Usage
		Usr 0 00:00:00, Sys 0 00:00:00  -  Run Local Usage
		Usr 0 17:45:48, Sys 0 01:29:47  -  Total Remote Usage
		Usr 0 00:00:00, Sys 0 00:00:00  -  Total Local Usage
	0  -  Run Bytes Sent By Job
	0  -  Run Bytes Received By Job
	0  -  Total Bytes Sent By Job
	0  -  Total Bytes Received By Job
	Partitionable Resources :    Usage  Request Allocated 
	   Cpus                 :     1.44        1         1 
	   Disk (KB)            :     1           1     29523 
	   Memory (MB)          :   323        1024      1024 

	Job terminated of its own accord at 2026-05-09T11:53:16Z with exit-code 139.
...
