000 (407623.000.000) 2026-05-07 18:21:17 Job submitted from host: <192.168.250.101:9618?addrs=192.168.250.101-9618&alias=hercules.hcms.it&noUDP&sock=schedd_3404051_6d7b>
...
001 (407623.000.000) 2026-05-08 12:41:53 Job executing on host: <192.168.250.22:9618?addrs=192.168.250.22-9618&alias=pccms12.hcms.it&noUDP&sock=startd_3275093_f746>
	SlotName: slot27_1@pccms12.hcms.it
	CondorScratchDir = "/var/lib/condor/execute/dir_1183477"
	Cpus = 1
	Disk = 22134
	Memory = 1024
...
006 (407623.000.000) 2026-05-08 12:42:02 Image size of job updated: 36852
	31  -  MemoryUsage of job (MB)
	31156  -  ResidentSetSize of job (KB)
...
006 (407623.000.000) 2026-05-08 12:47:03 Image size of job updated: 36920
	32  -  MemoryUsage of job (MB)
	32232  -  ResidentSetSize of job (KB)
...
006 (407623.000.000) 2026-05-08 12:52:03 Image size of job updated: 333948
	32  -  MemoryUsage of job (MB)
	32232  -  ResidentSetSize of job (KB)
...
006 (407623.000.000) 2026-05-08 13:02:04 Image size of job updated: 333948
	33  -  MemoryUsage of job (MB)
	32772  -  ResidentSetSize of job (KB)
...
006 (407623.000.000) 2026-05-08 13:47:08 Image size of job updated: 333948
	33  -  MemoryUsage of job (MB)
	32880  -  ResidentSetSize of job (KB)
...
006 (407623.000.000) 2026-05-08 13:52:09 Image size of job updated: 333948
	37  -  MemoryUsage of job (MB)
	37312  -  ResidentSetSize of job (KB)
...
006 (407623.000.000) 2026-05-08 14:32:13 Image size of job updated: 333948
	37  -  MemoryUsage of job (MB)
	37412  -  ResidentSetSize of job (KB)
...
006 (407623.000.000) 2026-05-08 15:07:17 Image size of job updated: 335028
	37  -  MemoryUsage of job (MB)
	37412  -  ResidentSetSize of job (KB)
...
006 (407623.000.000) 2026-05-08 16:22:25 Image size of job updated: 335028
	38  -  MemoryUsage of job (MB)
	37988  -  ResidentSetSize of job (KB)
...
006 (407623.000.000) 2026-05-08 21:42:59 Image size of job updated: 335028
	38  -  MemoryUsage of job (MB)
	38608  -  ResidentSetSize of job (KB)
...
006 (407623.000.000) 2026-05-09 00:03:13 Image size of job updated: 335028
	38  -  MemoryUsage of job (MB)
	38728  -  ResidentSetSize of job (KB)
...
006 (407623.000.000) 2026-05-09 01:03:20 Image size of job updated: 337900
	38  -  MemoryUsage of job (MB)
	38728  -  ResidentSetSize of job (KB)
...
006 (407623.000.000) 2026-05-09 03:03:32 Image size of job updated: 337900
	40  -  MemoryUsage of job (MB)
	40284  -  ResidentSetSize of job (KB)
...
006 (407623.000.000) 2026-05-09 07:03:56 Image size of job updated: 337900
	40  -  MemoryUsage of job (MB)
	40864  -  ResidentSetSize of job (KB)
...
006 (407623.000.000) 2026-05-09 07:23:58 Image size of job updated: 337900
	41  -  MemoryUsage of job (MB)
	41396  -  ResidentSetSize of job (KB)
...
006 (407623.000.000) 2026-05-09 08:59:09 Image size of job updated: 340392
	41  -  MemoryUsage of job (MB)
	41396  -  ResidentSetSize of job (KB)
...
006 (407623.000.000) 2026-05-09 11:19:23 Image size of job updated: 340392
	41  -  MemoryUsage of job (MB)
	41852  -  ResidentSetSize of job (KB)
...
006 (407623.000.000) 2026-05-09 12:29:31 Image size of job updated: 340392
	42  -  MemoryUsage of job (MB)
	42768  -  ResidentSetSize of job (KB)
...
006 (407623.000.000) 2026-05-09 14:39:45 Image size of job updated: 340392
	43  -  MemoryUsage of job (MB)
	43136  -  ResidentSetSize of job (KB)
...
005 (407623.000.000) 2026-05-09 15:20:15 Job terminated.
	(1) Normal termination (return value 139)
		Usr 1 00:03:44, Sys 0 02:20:24  -  Run Remote Usage
		Usr 0 00:00:00, Sys 0 00:00:00  -  Run Local Usage
		Usr 1 00:03:44, Sys 0 02:20:24  -  Total Remote Usage
		Usr 0 00:00:00, Sys 0 00:00:00  -  Total Local Usage
	0  -  Run Bytes Sent By Job
	0  -  Run Bytes Received By Job
	0  -  Total Bytes Sent By Job
	0  -  Total Bytes Received By Job
	Partitionable Resources :    Usage  Request Allocated 
	   Cpus                 :     0.99        1         1 
	   Disk (KB)            :     1           1     22134 
	   Memory (MB)          :    43        1024      1024 

	Job terminated of its own accord at 2026-05-09T13:20:15Z with exit-code 139.
...
