000 (407725.000.000) 2026-05-07 18:21:20 Job submitted from host: <192.168.250.101:9618?addrs=192.168.250.101-9618&alias=hercules.hcms.it&noUDP&sock=schedd_3404051_6d7b>
...
001 (407725.000.000) 2026-05-08 20:50:02 Job executing on host: <192.168.250.23:9618?addrs=192.168.250.23-9618&alias=pccms13.hcms.it&noUDP&sock=startd_4182521_18e8>
	SlotName: slot54_1@pccms13.hcms.it
	CondorScratchDir = "/var/lib/condor/execute/dir_2156378"
	Cpus = 1
	Disk = 23466
	Memory = 1024
...
006 (407725.000.000) 2026-05-08 20:50:11 Image size of job updated: 39408
	39  -  MemoryUsage of job (MB)
	39368  -  ResidentSetSize of job (KB)
...
006 (407725.000.000) 2026-05-08 21:25:15 Image size of job updated: 331736
	39  -  MemoryUsage of job (MB)
	39368  -  ResidentSetSize of job (KB)
...
006 (407725.000.000) 2026-05-08 22:25:22 Image size of job updated: 331736
	40  -  MemoryUsage of job (MB)
	40076  -  ResidentSetSize of job (KB)
...
006 (407725.000.000) 2026-05-08 22:30:22 Image size of job updated: 333900
	40  -  MemoryUsage of job (MB)
	40076  -  ResidentSetSize of job (KB)
...
006 (407725.000.000) 2026-05-08 22:35:24 Image size of job updated: 333900
	45  -  MemoryUsage of job (MB)
	45556  -  ResidentSetSize of job (KB)
...
006 (407725.000.000) 2026-05-08 22:55:26 Image size of job updated: 336032
	45  -  MemoryUsage of job (MB)
	45556  -  ResidentSetSize of job (KB)
...
006 (407725.000.000) 2026-05-09 00:50:38 Image size of job updated: 336032
	45  -  MemoryUsage of job (MB)
	45776  -  ResidentSetSize of job (KB)
...
006 (407725.000.000) 2026-05-09 02:20:47 Image size of job updated: 337000
	45  -  MemoryUsage of job (MB)
	45776  -  ResidentSetSize of job (KB)
...
006 (407725.000.000) 2026-05-09 02:50:51 Image size of job updated: 337000
	47  -  MemoryUsage of job (MB)
	47800  -  ResidentSetSize of job (KB)
...
006 (407725.000.000) 2026-05-09 03:25:54 Image size of job updated: 337716
	47  -  MemoryUsage of job (MB)
	47800  -  ResidentSetSize of job (KB)
...
006 (407725.000.000) 2026-05-09 07:46:21 Image size of job updated: 345444
	47  -  MemoryUsage of job (MB)
	47800  -  ResidentSetSize of job (KB)
...
006 (407725.000.000) 2026-05-09 17:32:25 Image size of job updated: 345444
	48  -  MemoryUsage of job (MB)
	48960  -  ResidentSetSize of job (KB)
...
006 (407725.000.000) 2026-05-09 19:47:39 Image size of job updated: 345444
	326  -  MemoryUsage of job (MB)
	333380  -  ResidentSetSize of job (KB)
...
006 (407725.000.000) 2026-05-09 23:28:01 Image size of job updated: 345948
	326  -  MemoryUsage of job (MB)
	333380  -  ResidentSetSize of job (KB)
...
006 (407725.000.000) 2026-05-10 00:03:04 Image size of job updated: 347496
	326  -  MemoryUsage of job (MB)
	333380  -  ResidentSetSize of job (KB)
...
005 (407725.000.000) 2026-05-10 04:02:43 Job terminated.
	(1) Normal termination (return value 139)
		Usr 1 04:44:16, Sys 0 02:17:29  -  Run Remote Usage
		Usr 0 00:00:00, Sys 0 00:00:00  -  Run Local Usage
		Usr 1 04:44:16, Sys 0 02:17:29  -  Total Remote Usage
		Usr 0 00:00:00, Sys 0 00:00:00  -  Total Local Usage
	0  -  Run Bytes Sent By Job
	0  -  Run Bytes Received By Job
	0  -  Total Bytes Sent By Job
	0  -  Total Bytes Received By Job
	Partitionable Resources :    Usage  Request Allocated 
	   Cpus                 :     0.99        1         1 
	   Disk (KB)            :     1           1     23466 
	   Memory (MB)          :   326        1024      1024 

	Job terminated of its own accord at 2026-05-10T02:02:43Z with exit-code 139.
...
