000 (407801.000.000) 2026-05-07 18:21:22 Job submitted from host: <192.168.250.101:9618?addrs=192.168.250.101-9618&alias=hercules.hcms.it&noUDP&sock=schedd_3404051_6d7b>
...
001 (407801.000.000) 2026-05-09 01:25:08 Job executing on host: <192.168.250.102:9618?addrs=192.168.250.102-9618&alias=empire.hcms.it&noUDP&sock=startd_2716409_3615>
	SlotName: slot49_1@empire.hcms.it
	CondorScratchDir = "/var/lib/condor/execute/dir_3656212"
	Cpus = 1
	Disk = 22792
	Memory = 1024
...
006 (407801.000.000) 2026-05-09 01:25:17 Image size of job updated: 55804
	55  -  MemoryUsage of job (MB)
	55404  -  ResidentSetSize of job (KB)
...
006 (407801.000.000) 2026-05-09 01:35:19 Image size of job updated: 58040
	55  -  MemoryUsage of job (MB)
	56076  -  ResidentSetSize of job (KB)
...
006 (407801.000.000) 2026-05-09 02:45:25 Image size of job updated: 359232
	57  -  MemoryUsage of job (MB)
	57384  -  ResidentSetSize of job (KB)
...
006 (407801.000.000) 2026-05-09 03:05:27 Image size of job updated: 359460
	57  -  MemoryUsage of job (MB)
	57384  -  ResidentSetSize of job (KB)
...
006 (407801.000.000) 2026-05-09 05:20:40 Image size of job updated: 360256
	57  -  MemoryUsage of job (MB)
	57384  -  ResidentSetSize of job (KB)
...
006 (407801.000.000) 2026-05-09 05:45:44 Image size of job updated: 360256
	57  -  MemoryUsage of job (MB)
	57432  -  ResidentSetSize of job (KB)
...
006 (407801.000.000) 2026-05-09 06:20:47 Image size of job updated: 360256
	57  -  MemoryUsage of job (MB)
	57564  -  ResidentSetSize of job (KB)
...
006 (407801.000.000) 2026-05-09 08:05:59 Image size of job updated: 360304
	57  -  MemoryUsage of job (MB)
	57676  -  ResidentSetSize of job (KB)
...
006 (407801.000.000) 2026-05-09 08:41:02 Image size of job updated: 360912
	57  -  MemoryUsage of job (MB)
	57676  -  ResidentSetSize of job (KB)
...
006 (407801.000.000) 2026-05-09 09:21:08 Image size of job updated: 361488
	57  -  MemoryUsage of job (MB)
	57712  -  ResidentSetSize of job (KB)
...
006 (407801.000.000) 2026-05-09 11:16:21 Image size of job updated: 363056
	57  -  MemoryUsage of job (MB)
	57712  -  ResidentSetSize of job (KB)
...
006 (407801.000.000) 2026-05-09 11:21:22 Image size of job updated: 364188
	57  -  MemoryUsage of job (MB)
	57876  -  ResidentSetSize of job (KB)
...
006 (407801.000.000) 2026-05-09 11:36:24 Image size of job updated: 364188
	57  -  MemoryUsage of job (MB)
	58140  -  ResidentSetSize of job (KB)
...
006 (407801.000.000) 2026-05-09 12:26:28 Image size of job updated: 364188
	58  -  MemoryUsage of job (MB)
	58708  -  ResidentSetSize of job (KB)
...
006 (407801.000.000) 2026-05-09 20:22:14 Image size of job updated: 364512
	58  -  MemoryUsage of job (MB)
	58708  -  ResidentSetSize of job (KB)
...
006 (407801.000.000) 2026-05-09 22:12:26 Image size of job updated: 364744
	58  -  MemoryUsage of job (MB)
	58708  -  ResidentSetSize of job (KB)
...
006 (407801.000.000) 2026-05-09 23:22:33 Image size of job updated: 364744
	58  -  MemoryUsage of job (MB)
	58796  -  ResidentSetSize of job (KB)
...
006 (407801.000.000) 2026-05-09 23:27:33 Image size of job updated: 364744
	58  -  MemoryUsage of job (MB)
	58900  -  ResidentSetSize of job (KB)
...
006 (407801.000.000) 2026-05-10 00:37:40 Image size of job updated: 365468
	58  -  MemoryUsage of job (MB)
	58968  -  ResidentSetSize of job (KB)
...
006 (407801.000.000) 2026-05-10 02:07:48 Image size of job updated: 367672
	58  -  MemoryUsage of job (MB)
	59044  -  ResidentSetSize of job (KB)
...
006 (407801.000.000) 2026-05-10 02:57:53 Image size of job updated: 367672
	59  -  MemoryUsage of job (MB)
	59448  -  ResidentSetSize of job (KB)
...
006 (407801.000.000) 2026-05-10 04:58:04 Image size of job updated: 367672
	59  -  MemoryUsage of job (MB)
	59636  -  ResidentSetSize of job (KB)
...
006 (407801.000.000) 2026-05-10 06:08:12 Image size of job updated: 368252
	59  -  MemoryUsage of job (MB)
	59636  -  ResidentSetSize of job (KB)
...
006 (407801.000.000) 2026-05-10 06:18:13 Image size of job updated: 368252
	59  -  MemoryUsage of job (MB)
	60000  -  ResidentSetSize of job (KB)
...
006 (407801.000.000) 2026-05-10 06:23:13 Image size of job updated: 368252
	59  -  MemoryUsage of job (MB)
	60140  -  ResidentSetSize of job (KB)
...
006 (407801.000.000) 2026-05-10 06:53:17 Image size of job updated: 368768
	59  -  MemoryUsage of job (MB)
	60140  -  ResidentSetSize of job (KB)
...
006 (407801.000.000) 2026-05-10 07:18:21 Image size of job updated: 368768
	60  -  MemoryUsage of job (MB)
	60588  -  ResidentSetSize of job (KB)
...
006 (407801.000.000) 2026-05-10 09:18:32 Image size of job updated: 369564
	60  -  MemoryUsage of job (MB)
	60588  -  ResidentSetSize of job (KB)
...
006 (407801.000.000) 2026-05-10 10:17:59 Image size of job updated: 369788
	60  -  MemoryUsage of job (MB)
	60588  -  ResidentSetSize of job (KB)
...
005 (407801.000.000) 2026-05-10 10:17:59 Job terminated.
	(1) Normal termination (return value 139)
		Usr 1 07:39:04, Sys 0 01:02:11  -  Run Remote Usage
		Usr 0 00:00:00, Sys 0 00:00:00  -  Run Local Usage
		Usr 1 07:39:04, Sys 0 01:02:11  -  Total Remote Usage
		Usr 0 00:00:00, Sys 0 00:00:00  -  Total Local Usage
	0  -  Run Bytes Sent By Job
	0  -  Run Bytes Received By Job
	0  -  Total Bytes Sent By Job
	0  -  Total Bytes Received By Job
	Partitionable Resources :    Usage  Request Allocated 
	   Cpus                 :     1.00        1         1 
	   Disk (KB)            :     1           1     22792 
	   Memory (MB)          :    60        1024      1024 

	Job terminated of its own accord at 2026-05-10T08:17:59Z with exit-code 139.
...
