000 (407636.000.000) 2026-05-07 18:21:18 Job submitted from host: <192.168.250.101:9618?addrs=192.168.250.101-9618&alias=hercules.hcms.it&noUDP&sock=schedd_3404051_6d7b>
...
001 (407636.000.000) 2026-05-08 13:45:53 Job executing on host: <192.168.250.102:9618?addrs=192.168.250.102-9618&alias=empire.hcms.it&noUDP&sock=startd_2716409_3615>
	SlotName: slot28_1@empire.hcms.it
	CondorScratchDir = "/var/lib/condor/execute/dir_1886066"
	Cpus = 1
	Disk = 22792
	Memory = 1024
...
006 (407636.000.000) 2026-05-08 13:46:02 Image size of job updated: 67516
	64  -  MemoryUsage of job (MB)
	64812  -  ResidentSetSize of job (KB)
...
006 (407636.000.000) 2026-05-08 13:51:03 Image size of job updated: 67516
	64  -  MemoryUsage of job (MB)
	65324  -  ResidentSetSize of job (KB)
...
006 (407636.000.000) 2026-05-08 14:11:06 Image size of job updated: 367704
	64  -  MemoryUsage of job (MB)
	65324  -  ResidentSetSize of job (KB)
...
006 (407636.000.000) 2026-05-08 14:26:07 Image size of job updated: 369308
	64  -  MemoryUsage of job (MB)
	65324  -  ResidentSetSize of job (KB)
...
006 (407636.000.000) 2026-05-08 16:16:18 Image size of job updated: 369308
	136  -  MemoryUsage of job (MB)
	138260  -  ResidentSetSize of job (KB)
...
006 (407636.000.000) 2026-05-09 00:22:10 Image size of job updated: 369308
	258  -  MemoryUsage of job (MB)
	264072  -  ResidentSetSize of job (KB)
...
005 (407636.000.000) 2026-05-09 15:42:52 Job terminated.
	(1) Normal termination (return value 139)
		Usr 1 00:33:55, Sys 0 01:11:24  -  Run Remote Usage
		Usr 0 00:00:00, Sys 0 00:00:00  -  Run Local Usage
		Usr 1 00:33:55, Sys 0 01:11:24  -  Total Remote Usage
		Usr 0 00:00:00, Sys 0 00:00:00  -  Total Local Usage
	0  -  Run Bytes Sent By Job
	0  -  Run Bytes Received By Job
	0  -  Total Bytes Sent By Job
	0  -  Total Bytes Received By Job
	Partitionable Resources :    Usage  Request Allocated 
	   Cpus                 :     0.99        1         1 
	   Disk (KB)            :     1           1     22792 
	   Memory (MB)          :   258        1024      1024 

	Job terminated of its own accord at 2026-05-09T13:42:52Z with exit-code 139.
...
