000 (407726.000.000) 2026-05-07 18:21:20 Job submitted from host: <192.168.250.101:9618?addrs=192.168.250.101-9618&alias=hercules.hcms.it&noUDP&sock=schedd_3404051_6d7b>
...
001 (407726.000.000) 2026-05-08 20:50:02 Job executing on host: <192.168.250.102:9618?addrs=192.168.250.102-9618&alias=empire.hcms.it&noUDP&sock=startd_2716409_3615>
	SlotName: slot104_1@empire.hcms.it
	CondorScratchDir = "/var/lib/condor/execute/dir_2945235"
	Cpus = 1
	Disk = 22792
	Memory = 1024
...
006 (407726.000.000) 2026-05-08 20:50:11 Image size of job updated: 57864
	55  -  MemoryUsage of job (MB)
	55536  -  ResidentSetSize of job (KB)
...
006 (407726.000.000) 2026-05-08 21:25:15 Image size of job updated: 356900
	55  -  MemoryUsage of job (MB)
	55536  -  ResidentSetSize of job (KB)
...
006 (407726.000.000) 2026-05-08 21:30:16 Image size of job updated: 357512
	56  -  MemoryUsage of job (MB)
	57148  -  ResidentSetSize of job (KB)
...
006 (407726.000.000) 2026-05-08 22:05:20 Image size of job updated: 358400
	56  -  MemoryUsage of job (MB)
	57228  -  ResidentSetSize of job (KB)
...
006 (407726.000.000) 2026-05-08 23:00:25 Image size of job updated: 358400
	57  -  MemoryUsage of job (MB)
	57796  -  ResidentSetSize of job (KB)
...
006 (407726.000.000) 2026-05-08 23:15:27 Image size of job updated: 363236
	57  -  MemoryUsage of job (MB)
	57796  -  ResidentSetSize of job (KB)
...
006 (407726.000.000) 2026-05-09 03:10:51 Image size of job updated: 363236
	58  -  MemoryUsage of job (MB)
	59144  -  ResidentSetSize of job (KB)
...
006 (407726.000.000) 2026-05-09 08:46:26 Image size of job updated: 363376
	58  -  MemoryUsage of job (MB)
	59144  -  ResidentSetSize of job (KB)
...
006 (407726.000.000) 2026-05-09 09:51:32 Image size of job updated: 364700
	58  -  MemoryUsage of job (MB)
	59144  -  ResidentSetSize of job (KB)
...
006 (407726.000.000) 2026-05-09 17:52:23 Image size of job updated: 364700
	60  -  MemoryUsage of job (MB)
	60472  -  ResidentSetSize of job (KB)
...
006 (407726.000.000) 2026-05-09 22:12:49 Image size of job updated: 367036
	60  -  MemoryUsage of job (MB)
	60472  -  ResidentSetSize of job (KB)
...
006 (407726.000.000) 2026-05-09 22:57:54 Image size of job updated: 367556
	60  -  MemoryUsage of job (MB)
	60472  -  ResidentSetSize of job (KB)
...
006 (407726.000.000) 2026-05-10 00:48:06 Image size of job updated: 367556
	61  -  MemoryUsage of job (MB)
	62288  -  ResidentSetSize of job (KB)
...
006 (407726.000.000) 2026-05-10 02:38:18 Image size of job updated: 367556
	141  -  MemoryUsage of job (MB)
	143812  -  ResidentSetSize of job (KB)
...
005 (407726.000.000) 2026-05-10 03:11:20 Job terminated.
	(1) Normal termination (return value 139)
		Usr 1 04:57:38, Sys 0 01:10:48  -  Run Remote Usage
		Usr 0 00:00:00, Sys 0 00:00:00  -  Run Local Usage
		Usr 1 04:57:38, Sys 0 01:10:48  -  Total Remote Usage
		Usr 0 00:00:00, Sys 0 00:00:00  -  Total Local Usage
	0  -  Run Bytes Sent By Job
	0  -  Run Bytes Received By Job
	0  -  Total Bytes Sent By Job
	0  -  Total Bytes Received By Job
	Partitionable Resources :    Usage  Request Allocated 
	   Cpus                 :     0.98        1         1 
	   Disk (KB)            :     1           1     22792 
	   Memory (MB)          :   141        1024      1024 

	Job terminated of its own accord at 2026-05-10T01:11:20Z with exit-code 139.
...
