000 (407494.000.000) 2026-05-07 18:21:14 Job submitted from host: <192.168.250.101:9618?addrs=192.168.250.101-9618&alias=hercules.hcms.it&noUDP&sock=schedd_3404051_6d7b>
...
001 (407494.000.000) 2026-05-07 18:21:19 Job executing on host: <192.168.250.112:9618?addrs=192.168.250.112-9618&alias=hercules02.hcms.it&noUDP&sock=startd_1261146_d63b>
	SlotName: slot20_1@hercules02.hcms.it
	CondorScratchDir = "/var/lib/condor/execute/dir_3900929"
	Cpus = 1
	Disk = 29523
	Memory = 1024
...
006 (407494.000.000) 2026-05-07 18:21:27 Image size of job updated: 57496
	55  -  MemoryUsage of job (MB)
	55736  -  ResidentSetSize of job (KB)
...
006 (407494.000.000) 2026-05-07 18:31:27 Image size of job updated: 356452
	58  -  MemoryUsage of job (MB)
	59048  -  ResidentSetSize of job (KB)
...
006 (407494.000.000) 2026-05-07 19:06:31 Image size of job updated: 359928
	58  -  MemoryUsage of job (MB)
	59048  -  ResidentSetSize of job (KB)
...
006 (407494.000.000) 2026-05-07 22:31:53 Image size of job updated: 359928
	58  -  MemoryUsage of job (MB)
	59148  -  ResidentSetSize of job (KB)
...
006 (407494.000.000) 2026-05-07 22:36:53 Image size of job updated: 359928
	58  -  MemoryUsage of job (MB)
	59340  -  ResidentSetSize of job (KB)
...
006 (407494.000.000) 2026-05-08 04:37:34 Image size of job updated: 359928
	59  -  MemoryUsage of job (MB)
	59788  -  ResidentSetSize of job (KB)
...
006 (407494.000.000) 2026-05-08 05:02:36 Image size of job updated: 359928
	59  -  MemoryUsage of job (MB)
	59796  -  ResidentSetSize of job (KB)
...
006 (407494.000.000) 2026-05-08 05:22:38 Image size of job updated: 359928
	59  -  MemoryUsage of job (MB)
	59848  -  ResidentSetSize of job (KB)
...
006 (407494.000.000) 2026-05-08 05:37:39 Image size of job updated: 359928
	59  -  MemoryUsage of job (MB)
	59912  -  ResidentSetSize of job (KB)
...
006 (407494.000.000) 2026-05-08 05:47:41 Image size of job updated: 359928
	59  -  MemoryUsage of job (MB)
	59924  -  ResidentSetSize of job (KB)
...
006 (407494.000.000) 2026-05-08 06:12:43 Image size of job updated: 359928
	60  -  MemoryUsage of job (MB)
	61000  -  ResidentSetSize of job (KB)
...
006 (407494.000.000) 2026-05-08 06:27:44 Image size of job updated: 359928
	60  -  MemoryUsage of job (MB)
	61004  -  ResidentSetSize of job (KB)
...
006 (407494.000.000) 2026-05-08 06:42:46 Image size of job updated: 359928
	60  -  MemoryUsage of job (MB)
	61040  -  ResidentSetSize of job (KB)
...
006 (407494.000.000) 2026-05-08 06:57:48 Image size of job updated: 359928
	60  -  MemoryUsage of job (MB)
	61072  -  ResidentSetSize of job (KB)
...
006 (407494.000.000) 2026-05-08 07:27:51 Image size of job updated: 359928
	60  -  MemoryUsage of job (MB)
	61336  -  ResidentSetSize of job (KB)
...
006 (407494.000.000) 2026-05-08 07:52:53 Image size of job updated: 359928
	60  -  MemoryUsage of job (MB)
	61340  -  ResidentSetSize of job (KB)
...
006 (407494.000.000) 2026-05-08 08:07:54 Image size of job updated: 359928
	61  -  MemoryUsage of job (MB)
	61464  -  ResidentSetSize of job (KB)
...
006 (407494.000.000) 2026-05-08 08:12:55 Image size of job updated: 359928
	61  -  MemoryUsage of job (MB)
	61512  -  ResidentSetSize of job (KB)
...
006 (407494.000.000) 2026-05-08 08:17:56 Image size of job updated: 359928
	61  -  MemoryUsage of job (MB)
	61552  -  ResidentSetSize of job (KB)
...
006 (407494.000.000) 2026-05-08 08:42:58 Image size of job updated: 359928
	61  -  MemoryUsage of job (MB)
	61580  -  ResidentSetSize of job (KB)
...
006 (407494.000.000) 2026-05-08 09:18:02 Image size of job updated: 359928
	61  -  MemoryUsage of job (MB)
	61780  -  ResidentSetSize of job (KB)
...
006 (407494.000.000) 2026-05-08 09:23:03 Image size of job updated: 359928
	61  -  MemoryUsage of job (MB)
	61908  -  ResidentSetSize of job (KB)
...
006 (407494.000.000) 2026-05-08 13:23:27 Image size of job updated: 359928
	62  -  MemoryUsage of job (MB)
	62996  -  ResidentSetSize of job (KB)
...
006 (407494.000.000) 2026-05-08 15:13:39 Image size of job updated: 359928
	62  -  MemoryUsage of job (MB)
	63024  -  ResidentSetSize of job (KB)
...
006 (407494.000.000) 2026-05-08 15:18:39 Image size of job updated: 359928
	62  -  MemoryUsage of job (MB)
	63116  -  ResidentSetSize of job (KB)
...
006 (407494.000.000) 2026-05-08 15:23:39 Image size of job updated: 359928
	62  -  MemoryUsage of job (MB)
	63212  -  ResidentSetSize of job (KB)
...
006 (407494.000.000) 2026-05-08 15:28:40 Image size of job updated: 359928
	62  -  MemoryUsage of job (MB)
	63308  -  ResidentSetSize of job (KB)
...
006 (407494.000.000) 2026-05-08 15:38:40 Image size of job updated: 359928
	62  -  MemoryUsage of job (MB)
	63484  -  ResidentSetSize of job (KB)
...
006 (407494.000.000) 2026-05-08 15:48:42 Image size of job updated: 359928
	63  -  MemoryUsage of job (MB)
	63660  -  ResidentSetSize of job (KB)
...
006 (407494.000.000) 2026-05-08 15:53:42 Image size of job updated: 359928
	63  -  MemoryUsage of job (MB)
	63760  -  ResidentSetSize of job (KB)
...
006 (407494.000.000) 2026-05-08 15:58:43 Image size of job updated: 359928
	63  -  MemoryUsage of job (MB)
	63828  -  ResidentSetSize of job (KB)
...
006 (407494.000.000) 2026-05-08 16:08:44 Image size of job updated: 359928
	63  -  MemoryUsage of job (MB)
	64036  -  ResidentSetSize of job (KB)
...
006 (407494.000.000) 2026-05-08 16:13:45 Image size of job updated: 359928
	63  -  MemoryUsage of job (MB)
	64128  -  ResidentSetSize of job (KB)
...
006 (407494.000.000) 2026-05-08 16:18:46 Image size of job updated: 359928
	63  -  MemoryUsage of job (MB)
	64448  -  ResidentSetSize of job (KB)
...
006 (407494.000.000) 2026-05-08 16:23:46 Image size of job updated: 359928
	64  -  MemoryUsage of job (MB)
	64560  -  ResidentSetSize of job (KB)
...
006 (407494.000.000) 2026-05-08 16:28:46 Image size of job updated: 359928
	64  -  MemoryUsage of job (MB)
	64648  -  ResidentSetSize of job (KB)
...
006 (407494.000.000) 2026-05-08 16:48:49 Image size of job updated: 359928
	64  -  MemoryUsage of job (MB)
	64768  -  ResidentSetSize of job (KB)
...
006 (407494.000.000) 2026-05-08 16:53:50 Image size of job updated: 359928
	72  -  MemoryUsage of job (MB)
	73024  -  ResidentSetSize of job (KB)
...
006 (407494.000.000) 2026-05-08 16:58:50 Image size of job updated: 359928
	72  -  MemoryUsage of job (MB)
	73120  -  ResidentSetSize of job (KB)
...
006 (407494.000.000) 2026-05-08 17:03:51 Image size of job updated: 359928
	72  -  MemoryUsage of job (MB)
	73256  -  ResidentSetSize of job (KB)
...
006 (407494.000.000) 2026-05-08 17:08:52 Image size of job updated: 359928
	74  -  MemoryUsage of job (MB)
	75060  -  ResidentSetSize of job (KB)
...
006 (407494.000.000) 2026-05-08 18:59:02 Image size of job updated: 359928
	76  -  MemoryUsage of job (MB)
	77112  -  ResidentSetSize of job (KB)
...
006 (407494.000.000) 2026-05-08 20:54:15 Image size of job updated: 359928
	78  -  MemoryUsage of job (MB)
	79164  -  ResidentSetSize of job (KB)
...
006 (407494.000.000) 2026-05-08 22:44:27 Image size of job updated: 359928
	78  -  MemoryUsage of job (MB)
	79752  -  ResidentSetSize of job (KB)
...
006 (407494.000.000) 2026-05-08 22:49:27 Image size of job updated: 359928
	78  -  MemoryUsage of job (MB)
	79844  -  ResidentSetSize of job (KB)
...
006 (407494.000.000) 2026-05-08 23:09:29 Image size of job updated: 359928
	79  -  MemoryUsage of job (MB)
	79952  -  ResidentSetSize of job (KB)
...
006 (407494.000.000) 2026-05-08 23:14:30 Image size of job updated: 359928
	79  -  MemoryUsage of job (MB)
	80048  -  ResidentSetSize of job (KB)
...
006 (407494.000.000) 2026-05-08 23:24:31 Image size of job updated: 359928
	79  -  MemoryUsage of job (MB)
	80212  -  ResidentSetSize of job (KB)
...
006 (407494.000.000) 2026-05-08 23:29:32 Image size of job updated: 359928
	79  -  MemoryUsage of job (MB)
	80296  -  ResidentSetSize of job (KB)
...
006 (407494.000.000) 2026-05-08 23:34:32 Image size of job updated: 359928
	79  -  MemoryUsage of job (MB)
	80420  -  ResidentSetSize of job (KB)
...
006 (407494.000.000) 2026-05-08 23:39:32 Image size of job updated: 359928
	79  -  MemoryUsage of job (MB)
	80488  -  ResidentSetSize of job (KB)
...
006 (407494.000.000) 2026-05-08 23:44:33 Image size of job updated: 359928
	79  -  MemoryUsage of job (MB)
	80580  -  ResidentSetSize of job (KB)
...
006 (407494.000.000) 2026-05-08 23:49:33 Image size of job updated: 359928
	79  -  MemoryUsage of job (MB)
	80620  -  ResidentSetSize of job (KB)
...
006 (407494.000.000) 2026-05-08 23:54:33 Image size of job updated: 359928
	79  -  MemoryUsage of job (MB)
	80736  -  ResidentSetSize of job (KB)
...
006 (407494.000.000) 2026-05-08 23:59:34 Image size of job updated: 359928
	79  -  MemoryUsage of job (MB)
	80860  -  ResidentSetSize of job (KB)
...
006 (407494.000.000) 2026-05-09 00:09:35 Image size of job updated: 359928
	80  -  MemoryUsage of job (MB)
	81056  -  ResidentSetSize of job (KB)
...
006 (407494.000.000) 2026-05-09 00:14:36 Image size of job updated: 359928
	80  -  MemoryUsage of job (MB)
	81088  -  ResidentSetSize of job (KB)
...
006 (407494.000.000) 2026-05-09 00:24:37 Image size of job updated: 359928
	80  -  MemoryUsage of job (MB)
	81324  -  ResidentSetSize of job (KB)
...
006 (407494.000.000) 2026-05-09 00:29:37 Image size of job updated: 359928
	82  -  MemoryUsage of job (MB)
	83164  -  ResidentSetSize of job (KB)
...
006 (407494.000.000) 2026-05-09 02:19:48 Image size of job updated: 359928
	84  -  MemoryUsage of job (MB)
	85216  -  ResidentSetSize of job (KB)
...
006 (407494.000.000) 2026-05-09 04:09:58 Image size of job updated: 359928
	86  -  MemoryUsage of job (MB)
	87268  -  ResidentSetSize of job (KB)
...
006 (407494.000.000) 2026-05-09 06:00:10 Image size of job updated: 359928
	88  -  MemoryUsage of job (MB)
	89320  -  ResidentSetSize of job (KB)
...
006 (407494.000.000) 2026-05-09 07:45:20 Image size of job updated: 359928
	90  -  MemoryUsage of job (MB)
	91624  -  ResidentSetSize of job (KB)
...
006 (407494.000.000) 2026-05-09 09:25:32 Image size of job updated: 359928
	92  -  MemoryUsage of job (MB)
	93424  -  ResidentSetSize of job (KB)
...
006 (407494.000.000) 2026-05-09 11:00:42 Image size of job updated: 359928
	94  -  MemoryUsage of job (MB)
	95476  -  ResidentSetSize of job (KB)
...
006 (407494.000.000) 2026-05-09 12:25:49 Image size of job updated: 359928
	94  -  MemoryUsage of job (MB)
	95800  -  ResidentSetSize of job (KB)
...
006 (407494.000.000) 2026-05-09 12:30:51 Image size of job updated: 359928
	94  -  MemoryUsage of job (MB)
	95912  -  ResidentSetSize of job (KB)
...
006 (407494.000.000) 2026-05-09 12:35:51 Image size of job updated: 359928
	94  -  MemoryUsage of job (MB)
	96020  -  ResidentSetSize of job (KB)
...
006 (407494.000.000) 2026-05-09 12:40:51 Image size of job updated: 359928
	94  -  MemoryUsage of job (MB)
	96112  -  ResidentSetSize of job (KB)
...
006 (407494.000.000) 2026-05-09 12:55:53 Image size of job updated: 359928
	95  -  MemoryUsage of job (MB)
	96708  -  ResidentSetSize of job (KB)
...
006 (407494.000.000) 2026-05-09 13:10:54 Image size of job updated: 359928
	95  -  MemoryUsage of job (MB)
	96824  -  ResidentSetSize of job (KB)
...
006 (407494.000.000) 2026-05-09 13:15:54 Image size of job updated: 359928
	95  -  MemoryUsage of job (MB)
	96940  -  ResidentSetSize of job (KB)
...
006 (407494.000.000) 2026-05-09 13:20:55 Image size of job updated: 359928
	95  -  MemoryUsage of job (MB)
	97048  -  ResidentSetSize of job (KB)
...
006 (407494.000.000) 2026-05-09 13:25:56 Image size of job updated: 359928
	95  -  MemoryUsage of job (MB)
	97104  -  ResidentSetSize of job (KB)
...
006 (407494.000.000) 2026-05-09 13:30:56 Image size of job updated: 359928
	95  -  MemoryUsage of job (MB)
	97264  -  ResidentSetSize of job (KB)
...
006 (407494.000.000) 2026-05-09 13:35:57 Image size of job updated: 359928
	96  -  MemoryUsage of job (MB)
	97344  -  ResidentSetSize of job (KB)
...
006 (407494.000.000) 2026-05-09 13:40:58 Image size of job updated: 359928
	96  -  MemoryUsage of job (MB)
	97556  -  ResidentSetSize of job (KB)
...
006 (407494.000.000) 2026-05-09 13:45:58 Image size of job updated: 359928
	96  -  MemoryUsage of job (MB)
	97704  -  ResidentSetSize of job (KB)
...
006 (407494.000.000) 2026-05-09 13:50:58 Image size of job updated: 359928
	96  -  MemoryUsage of job (MB)
	97784  -  ResidentSetSize of job (KB)
...
006 (407494.000.000) 2026-05-09 13:55:59 Image size of job updated: 359928
	98  -  MemoryUsage of job (MB)
	99636  -  ResidentSetSize of job (KB)
...
006 (407494.000.000) 2026-05-09 15:11:05 Image size of job updated: 359928
	100  -  MemoryUsage of job (MB)
	101940  -  ResidentSetSize of job (KB)
...
006 (407494.000.000) 2026-05-09 16:31:12 Image size of job updated: 359928
	102  -  MemoryUsage of job (MB)
	103992  -  ResidentSetSize of job (KB)
...
006 (407494.000.000) 2026-05-09 17:46:21 Image size of job updated: 359928
	104  -  MemoryUsage of job (MB)
	106044  -  ResidentSetSize of job (KB)
...
006 (407494.000.000) 2026-05-09 19:01:28 Image size of job updated: 359928
	106  -  MemoryUsage of job (MB)
	107844  -  ResidentSetSize of job (KB)
...
006 (407494.000.000) 2026-05-09 20:16:34 Image size of job updated: 359928
	108  -  MemoryUsage of job (MB)
	110148  -  ResidentSetSize of job (KB)
...
006 (407494.000.000) 2026-05-09 21:31:42 Image size of job updated: 359928
	110  -  MemoryUsage of job (MB)
	112200  -  ResidentSetSize of job (KB)
...
006 (407494.000.000) 2026-05-09 22:46:48 Image size of job updated: 359928
	112  -  MemoryUsage of job (MB)
	114000  -  ResidentSetSize of job (KB)
...
006 (407494.000.000) 2026-05-09 23:56:55 Image size of job updated: 359928
	114  -  MemoryUsage of job (MB)
	116052  -  ResidentSetSize of job (KB)
...
006 (407494.000.000) 2026-05-10 01:12:04 Image size of job updated: 359928
	116  -  MemoryUsage of job (MB)
	118356  -  ResidentSetSize of job (KB)
...
006 (407494.000.000) 2026-05-10 02:22:12 Image size of job updated: 359928
	118  -  MemoryUsage of job (MB)
	120408  -  ResidentSetSize of job (KB)
...
006 (407494.000.000) 2026-05-10 03:37:20 Image size of job updated: 359928
	120  -  MemoryUsage of job (MB)
	122208  -  ResidentSetSize of job (KB)
...
006 (407494.000.000) 2026-05-10 04:47:27 Image size of job updated: 359928
	122  -  MemoryUsage of job (MB)
	124260  -  ResidentSetSize of job (KB)
...
006 (407494.000.000) 2026-05-10 06:02:35 Image size of job updated: 359928
	124  -  MemoryUsage of job (MB)
	126312  -  ResidentSetSize of job (KB)
...
006 (407494.000.000) 2026-05-10 07:12:41 Image size of job updated: 359928
	126  -  MemoryUsage of job (MB)
	128616  -  ResidentSetSize of job (KB)
...
006 (407494.000.000) 2026-05-10 08:27:49 Image size of job updated: 359928
	126  -  MemoryUsage of job (MB)
	128620  -  ResidentSetSize of job (KB)
...
006 (407494.000.000) 2026-05-10 08:32:49 Image size of job updated: 359928
	126  -  MemoryUsage of job (MB)
	128788  -  ResidentSetSize of job (KB)
...
006 (407494.000.000) 2026-05-10 08:37:50 Image size of job updated: 359928
	126  -  MemoryUsage of job (MB)
	128908  -  ResidentSetSize of job (KB)
...
006 (407494.000.000) 2026-05-10 08:42:51 Image size of job updated: 359928
	127  -  MemoryUsage of job (MB)
	129120  -  ResidentSetSize of job (KB)
...
006 (407494.000.000) 2026-05-10 08:47:51 Image size of job updated: 359928
	127  -  MemoryUsage of job (MB)
	129260  -  ResidentSetSize of job (KB)
...
006 (407494.000.000) 2026-05-10 08:57:52 Image size of job updated: 359928
	127  -  MemoryUsage of job (MB)
	129520  -  ResidentSetSize of job (KB)
...
006 (407494.000.000) 2026-05-10 09:02:53 Image size of job updated: 359928
	127  -  MemoryUsage of job (MB)
	129688  -  ResidentSetSize of job (KB)
...
006 (407494.000.000) 2026-05-10 09:07:53 Image size of job updated: 359928
	127  -  MemoryUsage of job (MB)
	129776  -  ResidentSetSize of job (KB)
...
006 (407494.000.000) 2026-05-10 09:12:54 Image size of job updated: 359928
	127  -  MemoryUsage of job (MB)
	129948  -  ResidentSetSize of job (KB)
...
006 (407494.000.000) 2026-05-10 09:17:55 Image size of job updated: 359928
	128  -  MemoryUsage of job (MB)
	130348  -  ResidentSetSize of job (KB)
...
006 (407494.000.000) 2026-05-10 09:27:55 Image size of job updated: 359928
	128  -  MemoryUsage of job (MB)
	130392  -  ResidentSetSize of job (KB)
...
006 (407494.000.000) 2026-05-10 09:32:56 Image size of job updated: 359928
	128  -  MemoryUsage of job (MB)
	130528  -  ResidentSetSize of job (KB)
...
006 (407494.000.000) 2026-05-10 09:37:56 Image size of job updated: 384512
	128  -  MemoryUsage of job (MB)
	130528  -  ResidentSetSize of job (KB)
...
006 (407494.000.000) 2026-05-10 09:42:56 Image size of job updated: 384972
	128  -  MemoryUsage of job (MB)
	130528  -  ResidentSetSize of job (KB)
...
006 (407494.000.000) 2026-05-10 10:08:00 Image size of job updated: 385860
	128  -  MemoryUsage of job (MB)
	130528  -  ResidentSetSize of job (KB)
...
006 (407494.000.000) 2026-05-10 13:08:18 Image size of job updated: 685228
	369  -  MemoryUsage of job (MB)
	377508  -  ResidentSetSize of job (KB)
...
006 (407494.000.000) 2026-05-10 13:33:21 Image size of job updated: 688232
	369  -  MemoryUsage of job (MB)
	377508  -  ResidentSetSize of job (KB)
...
005 (407494.000.000) 2026-05-11 06:31:58 Job terminated.
	(1) Normal termination (return value 139)
		Usr 3 10:46:00, Sys 0 00:51:46  -  Run Remote Usage
		Usr 0 00:00:00, Sys 0 00:00:00  -  Run Local Usage
		Usr 3 10:46:00, Sys 0 00:51:46  -  Total Remote Usage
		Usr 0 00:00:00, Sys 0 00:00:00  -  Total Local Usage
	0  -  Run Bytes Sent By Job
	0  -  Run Bytes Received By Job
	0  -  Total Bytes Sent By Job
	0  -  Total Bytes Received By Job
	Partitionable Resources :    Usage  Request Allocated 
	   Cpus                 :     0.99        1         1 
	   Disk (KB)            :     1           1     29523 
	   Memory (MB)          :   369        1024      1024 

	Job terminated of its own accord at 2026-05-11T04:31:58Z with exit-code 139.
...
