000 (407664.000.000) 2026-05-07 18:21:18 Job submitted from host: <192.168.250.101:9618?addrs=192.168.250.101-9618&alias=hercules.hcms.it&noUDP&sock=schedd_3404051_6d7b>
...
001 (407664.000.000) 2026-05-08 17:13:58 Job executing on host: <192.168.250.102:9618?addrs=192.168.250.102-9618&alias=empire.hcms.it&noUDP&sock=startd_2716409_3615>
	SlotName: slot15_1@empire.hcms.it
	CondorScratchDir = "/var/lib/condor/execute/dir_2399085"
	Cpus = 1
	Disk = 22792
	Memory = 1024
...
006 (407664.000.000) 2026-05-08 17:14:07 Image size of job updated: 55516
	54  -  MemoryUsage of job (MB)
	55276  -  ResidentSetSize of job (KB)
...
006 (407664.000.000) 2026-05-08 17:19:08 Image size of job updated: 55520
	54  -  MemoryUsage of job (MB)
	55276  -  ResidentSetSize of job (KB)
...
006 (407664.000.000) 2026-05-08 17:49:11 Image size of job updated: 359224
	59  -  MemoryUsage of job (MB)
	59604  -  ResidentSetSize of job (KB)
...
006 (407664.000.000) 2026-05-08 18:29:16 Image size of job updated: 359584
	59  -  MemoryUsage of job (MB)
	59604  -  ResidentSetSize of job (KB)
...
006 (407664.000.000) 2026-05-08 19:09:20 Image size of job updated: 361228
	59  -  MemoryUsage of job (MB)
	59604  -  ResidentSetSize of job (KB)
...
006 (407664.000.000) 2026-05-08 20:54:31 Image size of job updated: 363560
	59  -  MemoryUsage of job (MB)
	59604  -  ResidentSetSize of job (KB)
...
006 (407664.000.000) 2026-05-08 20:59:32 Image size of job updated: 363968
	59  -  MemoryUsage of job (MB)
	59604  -  ResidentSetSize of job (KB)
...
006 (407664.000.000) 2026-05-09 03:55:16 Image size of job updated: 363968
	246  -  MemoryUsage of job (MB)
	251300  -  ResidentSetSize of job (KB)
...
006 (407664.000.000) 2026-05-09 13:06:12 Image size of job updated: 363968
	331  -  MemoryUsage of job (MB)
	338328  -  ResidentSetSize of job (KB)
...
006 (407664.000.000) 2026-05-09 13:11:12 Image size of job updated: 363968
	332  -  MemoryUsage of job (MB)
	339096  -  ResidentSetSize of job (KB)
...
006 (407664.000.000) 2026-05-09 14:11:20 Image size of job updated: 366068
	332  -  MemoryUsage of job (MB)
	339096  -  ResidentSetSize of job (KB)
...
006 (407664.000.000) 2026-05-09 16:26:34 Image size of job updated: 370356
	332  -  MemoryUsage of job (MB)
	339096  -  ResidentSetSize of job (KB)
...
005 (407664.000.000) 2026-05-09 18:15:32 Job terminated.
	(1) Normal termination (return value 139)
		Usr 0 23:39:08, Sys 0 01:11:49  -  Run Remote Usage
		Usr 0 00:00:00, Sys 0 00:00:00  -  Run Local Usage
		Usr 0 23:39:08, Sys 0 01:11:49  -  Total Remote Usage
		Usr 0 00:00:00, Sys 0 00:00:00  -  Total Local Usage
	0  -  Run Bytes Sent By Job
	0  -  Run Bytes Received By Job
	0  -  Total Bytes Sent By Job
	0  -  Total Bytes Received By Job
	Partitionable Resources :    Usage  Request Allocated 
	   Cpus                 :     0.99        1         1 
	   Disk (KB)            :     1           1     22792 
	   Memory (MB)          :   332        1024      1024 

	Job terminated of its own accord at 2026-05-09T16:15:32Z with exit-code 139.
...
