000 (407622.000.000) 2026-05-07 18:21:17 Job submitted from host: <192.168.250.101:9618?addrs=192.168.250.101-9618&alias=hercules.hcms.it&noUDP&sock=schedd_3404051_6d7b>
...
001 (407622.000.000) 2026-05-08 12:40:53 Job executing on host: <192.168.250.112:9618?addrs=192.168.250.112-9618&alias=hercules02.hcms.it&noUDP&sock=startd_1261146_d63b>
	SlotName: slot61_1@hercules02.hcms.it
	CondorScratchDir = "/var/lib/condor/execute/dir_2020323"
	Cpus = 1
	Disk = 29523
	Memory = 1024
...
006 (407622.000.000) 2026-05-08 12:41:02 Image size of job updated: 58072
	55  -  MemoryUsage of job (MB)
	55604  -  ResidentSetSize of job (KB)
...
006 (407622.000.000) 2026-05-08 12:46:03 Image size of job updated: 356528
	55  -  MemoryUsage of job (MB)
	55604  -  ResidentSetSize of job (KB)
...
006 (407622.000.000) 2026-05-08 13:11:05 Image size of job updated: 357960
	55  -  MemoryUsage of job (MB)
	56092  -  ResidentSetSize of job (KB)
...
006 (407622.000.000) 2026-05-08 13:26:07 Image size of job updated: 357960
	57  -  MemoryUsage of job (MB)
	57360  -  ResidentSetSize of job (KB)
...
006 (407622.000.000) 2026-05-08 14:06:10 Image size of job updated: 358584
	57  -  MemoryUsage of job (MB)
	57360  -  ResidentSetSize of job (KB)
...
006 (407622.000.000) 2026-05-08 14:11:11 Image size of job updated: 360224
	57  -  MemoryUsage of job (MB)
	57360  -  ResidentSetSize of job (KB)
...
006 (407622.000.000) 2026-05-08 16:01:22 Image size of job updated: 360224
	242  -  MemoryUsage of job (MB)
	247172  -  ResidentSetSize of job (KB)
...
006 (407622.000.000) 2026-05-08 17:06:29 Image size of job updated: 360492
	242  -  MemoryUsage of job (MB)
	247172  -  ResidentSetSize of job (KB)
...
006 (407622.000.000) 2026-05-08 22:06:59 Image size of job updated: 360504
	242  -  MemoryUsage of job (MB)
	247172  -  ResidentSetSize of job (KB)
...
006 (407622.000.000) 2026-05-08 23:47:10 Image size of job updated: 362068
	242  -  MemoryUsage of job (MB)
	247172  -  ResidentSetSize of job (KB)
...
006 (407622.000.000) 2026-05-09 01:02:19 Image size of job updated: 635024
	324  -  MemoryUsage of job (MB)
	330972  -  ResidentSetSize of job (KB)
...
006 (407622.000.000) 2026-05-09 01:12:19 Image size of job updated: 635024
	324  -  MemoryUsage of job (MB)
	331100  -  ResidentSetSize of job (KB)
...
006 (407622.000.000) 2026-05-09 01:17:20 Image size of job updated: 635024
	326  -  MemoryUsage of job (MB)
	332892  -  ResidentSetSize of job (KB)
...
006 (407622.000.000) 2026-05-09 01:22:20 Image size of job updated: 637480
	326  -  MemoryUsage of job (MB)
	332892  -  ResidentSetSize of job (KB)
...
006 (407622.000.000) 2026-05-09 01:32:21 Image size of job updated: 637480
	326  -  MemoryUsage of job (MB)
	333032  -  ResidentSetSize of job (KB)
...
006 (407622.000.000) 2026-05-09 01:37:22 Image size of job updated: 638396
	326  -  MemoryUsage of job (MB)
	333032  -  ResidentSetSize of job (KB)
...
006 (407622.000.000) 2026-05-09 01:57:24 Image size of job updated: 638396
	326  -  MemoryUsage of job (MB)
	333312  -  ResidentSetSize of job (KB)
...
006 (407622.000.000) 2026-05-09 02:02:24 Image size of job updated: 638396
	326  -  MemoryUsage of job (MB)
	333716  -  ResidentSetSize of job (KB)
...
006 (407622.000.000) 2026-05-09 02:07:25 Image size of job updated: 643892
	331  -  MemoryUsage of job (MB)
	338788  -  ResidentSetSize of job (KB)
...
006 (407622.000.000) 2026-05-09 02:32:27 Image size of job updated: 645148
	331  -  MemoryUsage of job (MB)
	338788  -  ResidentSetSize of job (KB)
...
006 (407622.000.000) 2026-05-09 03:47:35 Image size of job updated: 645148
	334  -  MemoryUsage of job (MB)
	341812  -  ResidentSetSize of job (KB)
...
006 (407622.000.000) 2026-05-09 04:02:36 Image size of job updated: 645148
	334  -  MemoryUsage of job (MB)
	341844  -  ResidentSetSize of job (KB)
...
006 (407622.000.000) 2026-05-09 04:17:38 Image size of job updated: 645148
	467  -  MemoryUsage of job (MB)
	477500  -  ResidentSetSize of job (KB)
...
005 (407622.000.000) 2026-05-09 06:53:39 Job terminated.
	(1) Normal termination (return value 139)
		Usr 0 16:31:08, Sys 0 01:32:17  -  Run Remote Usage
		Usr 0 00:00:00, Sys 0 00:00:00  -  Run Local Usage
		Usr 0 16:31:08, Sys 0 01:32:17  -  Total Remote Usage
		Usr 0 00:00:00, Sys 0 00:00:00  -  Total Local Usage
	0  -  Run Bytes Sent By Job
	0  -  Run Bytes Received By Job
	0  -  Total Bytes Sent By Job
	0  -  Total Bytes Received By Job
	Partitionable Resources :    Usage  Request Allocated 
	   Cpus                 :     0.99        1         1 
	   Disk (KB)            :     1           1     29523 
	   Memory (MB)          :   467        1024      1024 

	Job terminated of its own accord at 2026-05-09T04:53:39Z with exit-code 139.
...
