000 (407641.000.000) 2026-05-07 18:21:18 Job submitted from host: <192.168.250.101:9618?addrs=192.168.250.101-9618&alias=hercules.hcms.it&noUDP&sock=schedd_3404051_6d7b>
...
001 (407641.000.000) 2026-05-08 14:03:53 Job executing on host: <192.168.250.112:9618?addrs=192.168.250.112-9618&alias=hercules02.hcms.it&noUDP&sock=startd_1261146_d63b>
	SlotName: slot66_1@hercules02.hcms.it
	CondorScratchDir = "/var/lib/condor/execute/dir_2221911"
	Cpus = 1
	Disk = 29523
	Memory = 1024
...
006 (407641.000.000) 2026-05-08 14:04:02 Image size of job updated: 55116
	47  -  MemoryUsage of job (MB)
	47692  -  ResidentSetSize of job (KB)
...
006 (407641.000.000) 2026-05-08 14:24:05 Image size of job updated: 55116
	48  -  MemoryUsage of job (MB)
	48920  -  ResidentSetSize of job (KB)
...
006 (407641.000.000) 2026-05-08 14:29:06 Image size of job updated: 355556
	48  -  MemoryUsage of job (MB)
	48920  -  ResidentSetSize of job (KB)
...
006 (407641.000.000) 2026-05-08 14:34:06 Image size of job updated: 356968
	48  -  MemoryUsage of job (MB)
	48920  -  ResidentSetSize of job (KB)
...
006 (407641.000.000) 2026-05-08 15:14:10 Image size of job updated: 356968
	48  -  MemoryUsage of job (MB)
	48940  -  ResidentSetSize of job (KB)
...
006 (407641.000.000) 2026-05-08 15:54:14 Image size of job updated: 358488
	54  -  MemoryUsage of job (MB)
	54804  -  ResidentSetSize of job (KB)
...
006 (407641.000.000) 2026-05-08 16:24:17 Image size of job updated: 358488
	202  -  MemoryUsage of job (MB)
	205880  -  ResidentSetSize of job (KB)
...
006 (407641.000.000) 2026-05-08 16:29:17 Image size of job updated: 358488
	202  -  MemoryUsage of job (MB)
	206392  -  ResidentSetSize of job (KB)
...
006 (407641.000.000) 2026-05-08 17:29:23 Image size of job updated: 359364
	202  -  MemoryUsage of job (MB)
	206392  -  ResidentSetSize of job (KB)
...
006 (407641.000.000) 2026-05-09 00:45:12 Image size of job updated: 363580
	202  -  MemoryUsage of job (MB)
	206392  -  ResidentSetSize of job (KB)
...
006 (407641.000.000) 2026-05-09 03:47:58 Image size of job updated: 364304
	202  -  MemoryUsage of job (MB)
	206392  -  ResidentSetSize of job (KB)
...
005 (407641.000.000) 2026-05-09 03:47:58 Job terminated.
	(1) Normal termination (return value 139)
		Usr 0 13:22:10, Sys 0 00:14:50  -  Run Remote Usage
		Usr 0 00:00:00, Sys 0 00:00:00  -  Run Local Usage
		Usr 0 13:22:10, Sys 0 00:14:50  -  Total Remote Usage
		Usr 0 00:00:00, Sys 0 00:00:00  -  Total Local Usage
	0  -  Run Bytes Sent By Job
	0  -  Run Bytes Received By Job
	0  -  Total Bytes Sent By Job
	0  -  Total Bytes Received By Job
	Partitionable Resources :    Usage  Request Allocated 
	   Cpus                 :     0.99        1         1 
	   Disk (KB)            :     1           1     29523 
	   Memory (MB)          :   202        1024      1024 

	Job terminated of its own accord at 2026-05-09T01:47:58Z with exit-code 139.
...
