000 (407517.000.000) 2026-05-07 18:21:15 Job submitted from host: <192.168.250.101:9618?addrs=192.168.250.101-9618&alias=hercules.hcms.it&noUDP&sock=schedd_3404051_6d7b>
...
001 (407517.000.000) 2026-05-07 18:21:19 Job executing on host: <192.168.250.112:9618?addrs=192.168.250.112-9618&alias=hercules02.hcms.it&noUDP&sock=startd_1261146_d63b>
	SlotName: slot43_1@hercules02.hcms.it
	CondorScratchDir = "/var/lib/condor/execute/dir_3900940"
	Cpus = 1
	Disk = 29523
	Memory = 1024
...
006 (407517.000.000) 2026-05-07 18:21:27 Image size of job updated: 55480
	47  -  MemoryUsage of job (MB)
	47644  -  ResidentSetSize of job (KB)
...
006 (407517.000.000) 2026-05-07 18:41:28 Image size of job updated: 55480
	48  -  MemoryUsage of job (MB)
	49088  -  ResidentSetSize of job (KB)
...
006 (407517.000.000) 2026-05-07 18:46:28 Image size of job updated: 355916
	48  -  MemoryUsage of job (MB)
	49088  -  ResidentSetSize of job (KB)
...
006 (407517.000.000) 2026-05-07 18:51:29 Image size of job updated: 356292
	49  -  MemoryUsage of job (MB)
	49880  -  ResidentSetSize of job (KB)
...
006 (407517.000.000) 2026-05-07 19:06:31 Image size of job updated: 361732
	49  -  MemoryUsage of job (MB)
	49880  -  ResidentSetSize of job (KB)
...
006 (407517.000.000) 2026-05-07 19:36:33 Image size of job updated: 361732
	50  -  MemoryUsage of job (MB)
	50932  -  ResidentSetSize of job (KB)
...
006 (407517.000.000) 2026-05-07 19:41:34 Image size of job updated: 361732
	51  -  MemoryUsage of job (MB)
	52132  -  ResidentSetSize of job (KB)
...
006 (407517.000.000) 2026-05-07 19:46:35 Image size of job updated: 363948
	52  -  MemoryUsage of job (MB)
	52420  -  ResidentSetSize of job (KB)
...
006 (407517.000.000) 2026-05-07 19:56:36 Image size of job updated: 363948
	52  -  MemoryUsage of job (MB)
	52568  -  ResidentSetSize of job (KB)
...
006 (407517.000.000) 2026-05-07 20:11:37 Image size of job updated: 364204
	52  -  MemoryUsage of job (MB)
	52568  -  ResidentSetSize of job (KB)
...
006 (407517.000.000) 2026-05-07 20:51:42 Image size of job updated: 364204
	58  -  MemoryUsage of job (MB)
	59296  -  ResidentSetSize of job (KB)
...
006 (407517.000.000) 2026-05-07 22:21:50 Image size of job updated: 364204
	59  -  MemoryUsage of job (MB)
	59580  -  ResidentSetSize of job (KB)
...
006 (407517.000.000) 2026-05-07 22:36:52 Image size of job updated: 364204
	59  -  MemoryUsage of job (MB)
	59644  -  ResidentSetSize of job (KB)
...
006 (407517.000.000) 2026-05-07 22:56:53 Image size of job updated: 364204
	61  -  MemoryUsage of job (MB)
	61748  -  ResidentSetSize of job (KB)
...
006 (407517.000.000) 2026-05-08 06:22:38 Image size of job updated: 364204
	61  -  MemoryUsage of job (MB)
	61760  -  ResidentSetSize of job (KB)
...
006 (407517.000.000) 2026-05-08 06:27:38 Image size of job updated: 364204
	61  -  MemoryUsage of job (MB)
	61924  -  ResidentSetSize of job (KB)
...
006 (407517.000.000) 2026-05-08 07:07:43 Image size of job updated: 364204
	61  -  MemoryUsage of job (MB)
	61948  -  ResidentSetSize of job (KB)
...
006 (407517.000.000) 2026-05-08 11:23:10 Image size of job updated: 364204
	65  -  MemoryUsage of job (MB)
	65644  -  ResidentSetSize of job (KB)
...
006 (407517.000.000) 2026-05-08 11:28:10 Image size of job updated: 364204
	65  -  MemoryUsage of job (MB)
	65728  -  ResidentSetSize of job (KB)
...
006 (407517.000.000) 2026-05-08 11:33:11 Image size of job updated: 364204
	65  -  MemoryUsage of job (MB)
	65824  -  ResidentSetSize of job (KB)
...
006 (407517.000.000) 2026-05-08 11:38:11 Image size of job updated: 364204
	65  -  MemoryUsage of job (MB)
	65892  -  ResidentSetSize of job (KB)
...
006 (407517.000.000) 2026-05-08 15:13:35 Image size of job updated: 373964
	65  -  MemoryUsage of job (MB)
	65892  -  ResidentSetSize of job (KB)
...
006 (407517.000.000) 2026-05-08 15:18:35 Image size of job updated: 374360
	65  -  MemoryUsage of job (MB)
	65892  -  ResidentSetSize of job (KB)
...
006 (407517.000.000) 2026-05-08 15:33:37 Image size of job updated: 376000
	65  -  MemoryUsage of job (MB)
	65892  -  ResidentSetSize of job (KB)
...
006 (407517.000.000) 2026-05-08 15:38:37 Image size of job updated: 376044
	65  -  MemoryUsage of job (MB)
	65892  -  ResidentSetSize of job (KB)
...
006 (407517.000.000) 2026-05-08 15:43:38 Image size of job updated: 377244
	65  -  MemoryUsage of job (MB)
	65892  -  ResidentSetSize of job (KB)
...
006 (407517.000.000) 2026-05-08 16:03:40 Image size of job updated: 377872
	66  -  MemoryUsage of job (MB)
	67456  -  ResidentSetSize of job (KB)
...
006 (407517.000.000) 2026-05-08 16:28:42 Image size of job updated: 382140
	66  -  MemoryUsage of job (MB)
	67456  -  ResidentSetSize of job (KB)
...
006 (407517.000.000) 2026-05-08 18:18:53 Image size of job updated: 382140
	168  -  MemoryUsage of job (MB)
	171744  -  ResidentSetSize of job (KB)
...
006 (407517.000.000) 2026-05-08 21:14:11 Image size of job updated: 383412
	168  -  MemoryUsage of job (MB)
	171744  -  ResidentSetSize of job (KB)
...
005 (407517.000.000) 2026-05-09 13:02:34 Job terminated.
	(1) Normal termination (return value 139)
		Usr 1 16:41:32, Sys 0 01:41:12  -  Run Remote Usage
		Usr 0 00:00:00, Sys 0 00:00:00  -  Run Local Usage
		Usr 1 16:41:32, Sys 0 01:41:12  -  Total Remote Usage
		Usr 0 00:00:00, Sys 0 00:00:00  -  Total Local Usage
	0  -  Run Bytes Sent By Job
	0  -  Run Bytes Received By Job
	0  -  Total Bytes Sent By Job
	0  -  Total Bytes Received By Job
	Partitionable Resources :    Usage  Request Allocated 
	   Cpus                 :     0.99        1         1 
	   Disk (KB)            :     1           1     29523 
	   Memory (MB)          :   168        1024      1024 

	Job terminated of its own accord at 2026-05-09T11:02:34Z with exit-code 139.
...
