000 (407820.000.000) 2026-05-07 18:21:23 Job submitted from host: <192.168.250.101:9618?addrs=192.168.250.101-9618&alias=hercules.hcms.it&noUDP&sock=schedd_3404051_6d7b>
...
001 (407820.000.000) 2026-05-09 03:14:11 Job executing on host: <192.168.250.102:9618?addrs=192.168.250.102-9618&alias=empire.hcms.it&noUDP&sock=startd_2716409_3615>
	SlotName: slot47_1@empire.hcms.it
	CondorScratchDir = "/var/lib/condor/execute/dir_3915543"
	Cpus = 1
	Disk = 22792
	Memory = 1024
...
006 (407820.000.000) 2026-05-09 03:14:20 Image size of job updated: 55260
	52  -  MemoryUsage of job (MB)
	53240  -  ResidentSetSize of job (KB)
...
006 (407820.000.000) 2026-05-09 03:19:21 Image size of job updated: 55276
	53  -  MemoryUsage of job (MB)
	53416  -  ResidentSetSize of job (KB)
...
006 (407820.000.000) 2026-05-09 04:19:27 Image size of job updated: 354792
	53  -  MemoryUsage of job (MB)
	53416  -  ResidentSetSize of job (KB)
...
006 (407820.000.000) 2026-05-09 05:09:32 Image size of job updated: 358900
	53  -  MemoryUsage of job (MB)
	53416  -  ResidentSetSize of job (KB)
...
006 (407820.000.000) 2026-05-09 06:04:37 Image size of job updated: 359252
	53  -  MemoryUsage of job (MB)
	53416  -  ResidentSetSize of job (KB)
...
006 (407820.000.000) 2026-05-09 06:54:42 Image size of job updated: 359936
	53  -  MemoryUsage of job (MB)
	53416  -  ResidentSetSize of job (KB)
...
006 (407820.000.000) 2026-05-09 07:14:44 Image size of job updated: 359936
	54  -  MemoryUsage of job (MB)
	54416  -  ResidentSetSize of job (KB)
...
006 (407820.000.000) 2026-05-09 09:04:55 Image size of job updated: 360296
	54  -  MemoryUsage of job (MB)
	54416  -  ResidentSetSize of job (KB)
...
006 (407820.000.000) 2026-05-09 09:29:58 Image size of job updated: 360716
	54  -  MemoryUsage of job (MB)
	54416  -  ResidentSetSize of job (KB)
...
006 (407820.000.000) 2026-05-09 09:39:59 Image size of job updated: 360716
	54  -  MemoryUsage of job (MB)
	54572  -  ResidentSetSize of job (KB)
...
006 (407820.000.000) 2026-05-09 09:50:00 Image size of job updated: 360880
	54  -  MemoryUsage of job (MB)
	54572  -  ResidentSetSize of job (KB)
...
006 (407820.000.000) 2026-05-09 10:05:01 Image size of job updated: 362696
	54  -  MemoryUsage of job (MB)
	54572  -  ResidentSetSize of job (KB)
...
006 (407820.000.000) 2026-05-09 11:50:12 Image size of job updated: 362696
	54  -  MemoryUsage of job (MB)
	54588  -  ResidentSetSize of job (KB)
...
006 (407820.000.000) 2026-05-09 15:05:34 Image size of job updated: 362892
	54  -  MemoryUsage of job (MB)
	54588  -  ResidentSetSize of job (KB)
...
006 (407820.000.000) 2026-05-09 15:30:36 Image size of job updated: 362892
	55  -  MemoryUsage of job (MB)
	55860  -  ResidentSetSize of job (KB)
...
006 (407820.000.000) 2026-05-09 18:30:54 Image size of job updated: 362892
	55  -  MemoryUsage of job (MB)
	56288  -  ResidentSetSize of job (KB)
...
006 (407820.000.000) 2026-05-09 18:35:55 Image size of job updated: 362892
	56  -  MemoryUsage of job (MB)
	57056  -  ResidentSetSize of job (KB)
...
006 (407820.000.000) 2026-05-10 02:46:45 Image size of job updated: 363480
	56  -  MemoryUsage of job (MB)
	57056  -  ResidentSetSize of job (KB)
...
006 (407820.000.000) 2026-05-10 02:56:46 Image size of job updated: 365016
	56  -  MemoryUsage of job (MB)
	57056  -  ResidentSetSize of job (KB)
...
006 (407820.000.000) 2026-05-10 04:01:52 Image size of job updated: 365016
	58  -  MemoryUsage of job (MB)
	59236  -  ResidentSetSize of job (KB)
...
006 (407820.000.000) 2026-05-10 06:17:07 Image size of job updated: 366968
	58  -  MemoryUsage of job (MB)
	59236  -  ResidentSetSize of job (KB)
...
006 (407820.000.000) 2026-05-10 07:33:37 Image size of job updated: 367068
	58  -  MemoryUsage of job (MB)
	59236  -  ResidentSetSize of job (KB)
...
005 (407820.000.000) 2026-05-10 07:33:37 Job terminated.
	(1) Normal termination (return value 139)
		Usr 1 03:51:02, Sys 0 00:17:06  -  Run Remote Usage
		Usr 0 00:00:00, Sys 0 00:00:00  -  Run Local Usage
		Usr 1 03:51:02, Sys 0 00:17:06  -  Total Remote Usage
		Usr 0 00:00:00, Sys 0 00:00:00  -  Total Local Usage
	0  -  Run Bytes Sent By Job
	0  -  Run Bytes Received By Job
	0  -  Total Bytes Sent By Job
	0  -  Total Bytes Received By Job
	Partitionable Resources :    Usage  Request Allocated 
	   Cpus                 :     0.98        1         1 
	   Disk (KB)            :     1           1     22792 
	   Memory (MB)          :    58        1024      1024 

	Job terminated of its own accord at 2026-05-10T05:33:37Z with exit-code 139.
...
