000 (407793.000.000) 2026-05-07 18:21:22 Job submitted from host: <192.168.250.101:9618?addrs=192.168.250.101-9618&alias=hercules.hcms.it&noUDP&sock=schedd_3404051_6d7b>
...
001 (407793.000.000) 2026-05-09 00:51:08 Job executing on host: <192.168.250.102:9618?addrs=192.168.250.102-9618&alias=empire.hcms.it&noUDP&sock=startd_2716409_3615>
	SlotName: slot23_1@empire.hcms.it
	CondorScratchDir = "/var/lib/condor/execute/dir_3574770"
	Cpus = 1
	Disk = 22792
	Memory = 1024
...
006 (407793.000.000) 2026-05-09 00:51:16 Image size of job updated: 57872
	47  -  MemoryUsage of job (MB)
	47988  -  ResidentSetSize of job (KB)
...
006 (407793.000.000) 2026-05-09 00:56:16 Image size of job updated: 57872
	55  -  MemoryUsage of job (MB)
	55452  -  ResidentSetSize of job (KB)
...
006 (407793.000.000) 2026-05-09 01:01:17 Image size of job updated: 57872
	55  -  MemoryUsage of job (MB)
	55520  -  ResidentSetSize of job (KB)
...
006 (407793.000.000) 2026-05-09 01:56:23 Image size of job updated: 364392
	55  -  MemoryUsage of job (MB)
	55520  -  ResidentSetSize of job (KB)
...
006 (407793.000.000) 2026-05-09 02:21:24 Image size of job updated: 364392
	56  -  MemoryUsage of job (MB)
	57124  -  ResidentSetSize of job (KB)
...
006 (407793.000.000) 2026-05-09 05:06:41 Image size of job updated: 364392
	57  -  MemoryUsage of job (MB)
	57456  -  ResidentSetSize of job (KB)
...
006 (407793.000.000) 2026-05-09 06:11:47 Image size of job updated: 364392
	57  -  MemoryUsage of job (MB)
	57756  -  ResidentSetSize of job (KB)
...
006 (407793.000.000) 2026-05-09 08:06:59 Image size of job updated: 364392
	165  -  MemoryUsage of job (MB)
	168812  -  ResidentSetSize of job (KB)
...
006 (407793.000.000) 2026-05-09 23:53:40 Image size of job updated: 364540
	165  -  MemoryUsage of job (MB)
	168812  -  ResidentSetSize of job (KB)
...
006 (407793.000.000) 2026-05-10 00:38:43 Image size of job updated: 364724
	165  -  MemoryUsage of job (MB)
	168812  -  ResidentSetSize of job (KB)
...
005 (407793.000.000) 2026-05-10 04:19:37 Job terminated.
	(1) Normal termination (return value 139)
		Usr 1 02:58:09, Sys 0 00:18:58  -  Run Remote Usage
		Usr 0 00:00:00, Sys 0 00:00:00  -  Run Local Usage
		Usr 1 02:58:09, Sys 0 00:18:58  -  Total Remote Usage
		Usr 0 00:00:00, Sys 0 00:00:00  -  Total Local Usage
	0  -  Run Bytes Sent By Job
	0  -  Run Bytes Received By Job
	0  -  Total Bytes Sent By Job
	0  -  Total Bytes Received By Job
	Partitionable Resources :    Usage  Request Allocated 
	   Cpus                 :     1.00        1         1 
	   Disk (KB)            :     1           1     22792 
	   Memory (MB)          :   165        1024      1024 

	Job terminated of its own accord at 2026-05-10T02:19:37Z with exit-code 139.
...
