000 (407734.000.000) 2026-05-07 18:21:20 Job submitted from host: <192.168.250.101:9618?addrs=192.168.250.101-9618&alias=hercules.hcms.it&noUDP&sock=schedd_3404051_6d7b>
...
001 (407734.000.000) 2026-05-08 21:00:02 Job executing on host: <192.168.250.102:9618?addrs=192.168.250.102-9618&alias=empire.hcms.it&noUDP&sock=startd_2716409_3615>
	SlotName: slot9_1@empire.hcms.it
	CondorScratchDir = "/var/lib/condor/execute/dir_2976667"
	Cpus = 1
	Disk = 22792
	Memory = 1024
...
006 (407734.000.000) 2026-05-08 21:00:11 Image size of job updated: 56048
	55  -  MemoryUsage of job (MB)
	55652  -  ResidentSetSize of job (KB)
...
006 (407734.000.000) 2026-05-08 21:10:12 Image size of job updated: 57344
	55  -  MemoryUsage of job (MB)
	55652  -  ResidentSetSize of job (KB)
...
006 (407734.000.000) 2026-05-08 21:40:15 Image size of job updated: 357296
	56  -  MemoryUsage of job (MB)
	57296  -  ResidentSetSize of job (KB)
...
006 (407734.000.000) 2026-05-08 22:15:19 Image size of job updated: 358880
	56  -  MemoryUsage of job (MB)
	57296  -  ResidentSetSize of job (KB)
...
006 (407734.000.000) 2026-05-08 22:45:22 Image size of job updated: 361152
	56  -  MemoryUsage of job (MB)
	57296  -  ResidentSetSize of job (KB)
...
006 (407734.000.000) 2026-05-08 22:55:23 Image size of job updated: 361264
	56  -  MemoryUsage of job (MB)
	57296  -  ResidentSetSize of job (KB)
...
006 (407734.000.000) 2026-05-08 23:10:25 Image size of job updated: 361264
	57  -  MemoryUsage of job (MB)
	57540  -  ResidentSetSize of job (KB)
...
006 (407734.000.000) 2026-05-09 00:10:31 Image size of job updated: 362224
	57  -  MemoryUsage of job (MB)
	57540  -  ResidentSetSize of job (KB)
...
006 (407734.000.000) 2026-05-09 00:50:35 Image size of job updated: 362224
	57  -  MemoryUsage of job (MB)
	57668  -  ResidentSetSize of job (KB)
...
006 (407734.000.000) 2026-05-09 01:35:39 Image size of job updated: 362224
	57  -  MemoryUsage of job (MB)
	57740  -  ResidentSetSize of job (KB)
...
006 (407734.000.000) 2026-05-09 01:45:41 Image size of job updated: 362612
	57  -  MemoryUsage of job (MB)
	57740  -  ResidentSetSize of job (KB)
...
006 (407734.000.000) 2026-05-09 04:30:57 Image size of job updated: 362612
	57  -  MemoryUsage of job (MB)
	57988  -  ResidentSetSize of job (KB)
...
006 (407734.000.000) 2026-05-09 08:16:21 Image size of job updated: 362612
	57  -  MemoryUsage of job (MB)
	58008  -  ResidentSetSize of job (KB)
...
006 (407734.000.000) 2026-05-09 09:11:27 Image size of job updated: 362612
	57  -  MemoryUsage of job (MB)
	58128  -  ResidentSetSize of job (KB)
...
006 (407734.000.000) 2026-05-09 10:41:37 Image size of job updated: 362612
	57  -  MemoryUsage of job (MB)
	58208  -  ResidentSetSize of job (KB)
...
006 (407734.000.000) 2026-05-09 13:36:56 Image size of job updated: 362612
	131  -  MemoryUsage of job (MB)
	133880  -  ResidentSetSize of job (KB)
...
006 (407734.000.000) 2026-05-09 17:07:19 Image size of job updated: 364084
	131  -  MemoryUsage of job (MB)
	133880  -  ResidentSetSize of job (KB)
...
006 (407734.000.000) 2026-05-09 20:07:37 Image size of job updated: 364308
	131  -  MemoryUsage of job (MB)
	133880  -  ResidentSetSize of job (KB)
...
006 (407734.000.000) 2026-05-09 21:17:44 Image size of job updated: 368400
	131  -  MemoryUsage of job (MB)
	133880  -  ResidentSetSize of job (KB)
...
005 (407734.000.000) 2026-05-09 21:52:32 Job terminated.
	(1) Normal termination (return value 139)
		Usr 1 00:22:32, Sys 0 00:18:11  -  Run Remote Usage
		Usr 0 00:00:00, Sys 0 00:00:00  -  Run Local Usage
		Usr 1 00:22:32, Sys 0 00:18:11  -  Total Remote Usage
		Usr 0 00:00:00, Sys 0 00:00:00  -  Total Local Usage
	0  -  Run Bytes Sent By Job
	0  -  Run Bytes Received By Job
	0  -  Total Bytes Sent By Job
	0  -  Total Bytes Received By Job
	Partitionable Resources :    Usage  Request Allocated 
	   Cpus                 :     0.99        1         1 
	   Disk (KB)            :     1           1     22792 
	   Memory (MB)          :   131        1024      1024 

	Job terminated of its own accord at 2026-05-09T19:52:32Z with exit-code 139.
...
