000 (407551.000.000) 2026-05-07 18:21:15 Job submitted from host: <192.168.250.101:9618?addrs=192.168.250.101-9618&alias=hercules.hcms.it&noUDP&sock=schedd_3404051_6d7b>
...
001 (407551.000.000) 2026-05-07 18:21:19 Job executing on host: <192.168.250.112:9618?addrs=192.168.250.112-9618&alias=hercules02.hcms.it&noUDP&sock=startd_1261146_d63b>
	SlotName: slot77_1@hercules02.hcms.it
	CondorScratchDir = "/var/lib/condor/execute/dir_3900975"
	Cpus = 1
	Disk = 29523
	Memory = 1024
...
006 (407551.000.000) 2026-05-07 18:21:27 Image size of job updated: 54592
	47  -  MemoryUsage of job (MB)
	47708  -  ResidentSetSize of job (KB)
...
006 (407551.000.000) 2026-05-07 18:26:27 Image size of job updated: 356892
	52  -  MemoryUsage of job (MB)
	53100  -  ResidentSetSize of job (KB)
...
006 (407551.000.000) 2026-05-07 18:41:28 Image size of job updated: 360508
	52  -  MemoryUsage of job (MB)
	53100  -  ResidentSetSize of job (KB)
...
006 (407551.000.000) 2026-05-07 19:01:30 Image size of job updated: 365684
	59  -  MemoryUsage of job (MB)
	59832  -  ResidentSetSize of job (KB)
...
006 (407551.000.000) 2026-05-07 19:11:32 Image size of job updated: 367724
	60  -  MemoryUsage of job (MB)
	60424  -  ResidentSetSize of job (KB)
...
006 (407551.000.000) 2026-05-07 19:21:32 Image size of job updated: 367724
	60  -  MemoryUsage of job (MB)
	61064  -  ResidentSetSize of job (KB)
...
006 (407551.000.000) 2026-05-07 19:26:33 Image size of job updated: 367796
	60  -  MemoryUsage of job (MB)
	61064  -  ResidentSetSize of job (KB)
...
006 (407551.000.000) 2026-05-07 20:01:37 Image size of job updated: 367928
	60  -  MemoryUsage of job (MB)
	61064  -  ResidentSetSize of job (KB)
...
006 (407551.000.000) 2026-05-07 20:11:37 Image size of job updated: 368420
	60  -  MemoryUsage of job (MB)
	61064  -  ResidentSetSize of job (KB)
...
006 (407551.000.000) 2026-05-07 20:36:40 Image size of job updated: 369640
	60  -  MemoryUsage of job (MB)
	61064  -  ResidentSetSize of job (KB)
...
006 (407551.000.000) 2026-05-07 20:46:41 Image size of job updated: 369640
	60  -  MemoryUsage of job (MB)
	61356  -  ResidentSetSize of job (KB)
...
006 (407551.000.000) 2026-05-07 21:16:43 Image size of job updated: 369640
	61  -  MemoryUsage of job (MB)
	61756  -  ResidentSetSize of job (KB)
...
006 (407551.000.000) 2026-05-07 21:31:45 Image size of job updated: 369640
	64  -  MemoryUsage of job (MB)
	65504  -  ResidentSetSize of job (KB)
...
006 (407551.000.000) 2026-05-07 22:56:54 Image size of job updated: 369640
	65  -  MemoryUsage of job (MB)
	65676  -  ResidentSetSize of job (KB)
...
006 (407551.000.000) 2026-05-07 23:26:57 Image size of job updated: 370596
	65  -  MemoryUsage of job (MB)
	65676  -  ResidentSetSize of job (KB)
...
005 (407551.000.000) 2026-05-08 05:05:49 Job terminated.
	(1) Normal termination (return value 139)
		Usr 0 10:25:02, Sys 0 00:15:32  -  Run Remote Usage
		Usr 0 00:00:00, Sys 0 00:00:00  -  Run Local Usage
		Usr 0 10:25:02, Sys 0 00:15:32  -  Total Remote Usage
		Usr 0 00:00:00, Sys 0 00:00:00  -  Total Local Usage
	0  -  Run Bytes Sent By Job
	0  -  Run Bytes Received By Job
	0  -  Total Bytes Sent By Job
	0  -  Total Bytes Received By Job
	Partitionable Resources :    Usage  Request Allocated 
	   Cpus                 :     0.99        1         1 
	   Disk (KB)            :     1           1     29523 
	   Memory (MB)          :    65        1024      1024 

	Job terminated of its own accord at 2026-05-08T03:05:49Z with exit-code 139.
...
