000 (407552.000.000) 2026-05-07 18:21:16 Job submitted from host: <192.168.250.101:9618?addrs=192.168.250.101-9618&alias=hercules.hcms.it&noUDP&sock=schedd_3404051_6d7b>
...
001 (407552.000.000) 2026-05-07 18:21:19 Job executing on host: <192.168.250.112:9618?addrs=192.168.250.112-9618&alias=hercules02.hcms.it&noUDP&sock=startd_1261146_d63b>
	SlotName: slot78_1@hercules02.hcms.it
	CondorScratchDir = "/var/lib/condor/execute/dir_3900976"
	Cpus = 1
	Disk = 29523
	Memory = 1024
...
006 (407552.000.000) 2026-05-07 18:21:27 Image size of job updated: 55484
	54  -  MemoryUsage of job (MB)
	55296  -  ResidentSetSize of job (KB)
...
006 (407552.000.000) 2026-05-07 18:26:27 Image size of job updated: 360524
	54  -  MemoryUsage of job (MB)
	55296  -  ResidentSetSize of job (KB)
...
006 (407552.000.000) 2026-05-07 21:06:43 Image size of job updated: 360524
	56  -  MemoryUsage of job (MB)
	56776  -  ResidentSetSize of job (KB)
...
006 (407552.000.000) 2026-05-07 23:16:56 Image size of job updated: 360524
	56  -  MemoryUsage of job (MB)
	56796  -  ResidentSetSize of job (KB)
...
006 (407552.000.000) 2026-05-08 03:27:23 Image size of job updated: 360524
	57  -  MemoryUsage of job (MB)
	57864  -  ResidentSetSize of job (KB)
...
005 (407552.000.000) 2026-05-08 05:45:16 Job terminated.
	(1) Normal termination (return value 139)
		Usr 0 11:01:40, Sys 0 00:18:04  -  Run Remote Usage
		Usr 0 00:00:00, Sys 0 00:00:00  -  Run Local Usage
		Usr 0 11:01:40, Sys 0 00:18:04  -  Total Remote Usage
		Usr 0 00:00:00, Sys 0 00:00:00  -  Total Local Usage
	0  -  Run Bytes Sent By Job
	0  -  Run Bytes Received By Job
	0  -  Total Bytes Sent By Job
	0  -  Total Bytes Received By Job
	Partitionable Resources :    Usage  Request Allocated 
	   Cpus                 :     0.99        1         1 
	   Disk (KB)            :     1           1     29523 
	   Memory (MB)          :    57        1024      1024 

	Job terminated of its own accord at 2026-05-08T03:45:16Z with exit-code 139.
...
