000 (407478.000.000) 2026-05-07 18:21:14 Job submitted from host: <192.168.250.101:9618?addrs=192.168.250.101-9618&alias=hercules.hcms.it&noUDP&sock=schedd_3404051_6d7b>
...
001 (407478.000.000) 2026-05-07 18:21:19 Job executing on host: <192.168.250.112:9618?addrs=192.168.250.112-9618&alias=hercules02.hcms.it&noUDP&sock=startd_1261146_d63b>
	SlotName: slot4_1@hercules02.hcms.it
	CondorScratchDir = "/var/lib/condor/execute/dir_3900909"
	Cpus = 1
	Disk = 29523
	Memory = 1024
...
006 (407478.000.000) 2026-05-07 18:21:27 Image size of job updated: 57572
	47  -  MemoryUsage of job (MB)
	47564  -  ResidentSetSize of job (KB)
...
006 (407478.000.000) 2026-05-07 18:26:27 Image size of job updated: 57572
	47  -  MemoryUsage of job (MB)
	47584  -  ResidentSetSize of job (KB)
...
006 (407478.000.000) 2026-05-07 18:36:28 Image size of job updated: 57572
	47  -  MemoryUsage of job (MB)
	47716  -  ResidentSetSize of job (KB)
...
006 (407478.000.000) 2026-05-07 18:41:28 Image size of job updated: 57572
	48  -  MemoryUsage of job (MB)
	48228  -  ResidentSetSize of job (KB)
...
006 (407478.000.000) 2026-05-07 18:46:28 Image size of job updated: 57572
	48  -  MemoryUsage of job (MB)
	48300  -  ResidentSetSize of job (KB)
...
006 (407478.000.000) 2026-05-07 18:51:29 Image size of job updated: 57572
	48  -  MemoryUsage of job (MB)
	48380  -  ResidentSetSize of job (KB)
...
006 (407478.000.000) 2026-05-07 18:56:30 Image size of job updated: 57572
	48  -  MemoryUsage of job (MB)
	48444  -  ResidentSetSize of job (KB)
...
006 (407478.000.000) 2026-05-07 19:01:30 Image size of job updated: 355252
	48  -  MemoryUsage of job (MB)
	48444  -  ResidentSetSize of job (KB)
...
006 (407478.000.000) 2026-05-07 19:46:35 Image size of job updated: 359064
	48  -  MemoryUsage of job (MB)
	48444  -  ResidentSetSize of job (KB)
...
006 (407478.000.000) 2026-05-07 19:51:35 Image size of job updated: 359064
	55  -  MemoryUsage of job (MB)
	56260  -  ResidentSetSize of job (KB)
...
006 (407478.000.000) 2026-05-07 20:11:37 Image size of job updated: 359960
	55  -  MemoryUsage of job (MB)
	56260  -  ResidentSetSize of job (KB)
...
006 (407478.000.000) 2026-05-07 22:36:52 Image size of job updated: 359960
	56  -  MemoryUsage of job (MB)
	56444  -  ResidentSetSize of job (KB)
...
006 (407478.000.000) 2026-05-07 23:11:55 Image size of job updated: 359960
	56  -  MemoryUsage of job (MB)
	56744  -  ResidentSetSize of job (KB)
...
006 (407478.000.000) 2026-05-07 23:16:56 Image size of job updated: 359960
	57  -  MemoryUsage of job (MB)
	57368  -  ResidentSetSize of job (KB)
...
006 (407478.000.000) 2026-05-08 00:57:06 Image size of job updated: 362336
	59  -  MemoryUsage of job (MB)
	59960  -  ResidentSetSize of job (KB)
...
006 (407478.000.000) 2026-05-08 07:52:49 Image size of job updated: 362336
	60  -  MemoryUsage of job (MB)
	60820  -  ResidentSetSize of job (KB)
...
006 (407478.000.000) 2026-05-08 07:57:50 Image size of job updated: 362336
	60  -  MemoryUsage of job (MB)
	61000  -  ResidentSetSize of job (KB)
...
006 (407478.000.000) 2026-05-08 08:27:53 Image size of job updated: 362336
	60  -  MemoryUsage of job (MB)
	61116  -  ResidentSetSize of job (KB)
...
006 (407478.000.000) 2026-05-08 08:52:55 Image size of job updated: 362336
	60  -  MemoryUsage of job (MB)
	61384  -  ResidentSetSize of job (KB)
...
006 (407478.000.000) 2026-05-08 09:48:00 Image size of job updated: 362336
	61  -  MemoryUsage of job (MB)
	61580  -  ResidentSetSize of job (KB)
...
006 (407478.000.000) 2026-05-08 10:03:02 Image size of job updated: 362336
	61  -  MemoryUsage of job (MB)
	61596  -  ResidentSetSize of job (KB)
...
006 (407478.000.000) 2026-05-08 10:48:07 Image size of job updated: 362336
	61  -  MemoryUsage of job (MB)
	61768  -  ResidentSetSize of job (KB)
...
006 (407478.000.000) 2026-05-08 11:03:09 Image size of job updated: 362336
	65  -  MemoryUsage of job (MB)
	66084  -  ResidentSetSize of job (KB)
...
006 (407478.000.000) 2026-05-08 11:43:12 Image size of job updated: 362336
	65  -  MemoryUsage of job (MB)
	66112  -  ResidentSetSize of job (KB)
...
006 (407478.000.000) 2026-05-08 17:58:53 Image size of job updated: 362336
	72  -  MemoryUsage of job (MB)
	73512  -  ResidentSetSize of job (KB)
...
006 (407478.000.000) 2026-05-08 18:03:53 Image size of job updated: 362336
	72  -  MemoryUsage of job (MB)
	73696  -  ResidentSetSize of job (KB)
...
006 (407478.000.000) 2026-05-08 18:28:55 Image size of job updated: 362336
	72  -  MemoryUsage of job (MB)
	73728  -  ResidentSetSize of job (KB)
...
006 (407478.000.000) 2026-05-09 00:19:33 Image size of job updated: 362336
	73  -  MemoryUsage of job (MB)
	73756  -  ResidentSetSize of job (KB)
...
006 (407478.000.000) 2026-05-09 00:39:35 Image size of job updated: 362336
	73  -  MemoryUsage of job (MB)
	73792  -  ResidentSetSize of job (KB)
...
006 (407478.000.000) 2026-05-09 06:20:08 Image size of job updated: 362336
	82  -  MemoryUsage of job (MB)
	83868  -  ResidentSetSize of job (KB)
...
006 (407478.000.000) 2026-05-09 06:40:09 Image size of job updated: 362336
	83  -  MemoryUsage of job (MB)
	84092  -  ResidentSetSize of job (KB)
...
006 (407478.000.000) 2026-05-09 07:10:13 Image size of job updated: 362336
	83  -  MemoryUsage of job (MB)
	84836  -  ResidentSetSize of job (KB)
...
006 (407478.000.000) 2026-05-09 09:25:26 Image size of job updated: 362336
	85  -  MemoryUsage of job (MB)
	87040  -  ResidentSetSize of job (KB)
...
006 (407478.000.000) 2026-05-09 14:10:57 Image size of job updated: 362336
	88  -  MemoryUsage of job (MB)
	89092  -  ResidentSetSize of job (KB)
...
006 (407478.000.000) 2026-05-09 18:11:20 Image size of job updated: 362336
	89  -  MemoryUsage of job (MB)
	90892  -  ResidentSetSize of job (KB)
...
006 (407478.000.000) 2026-05-09 19:01:25 Image size of job updated: 362336
	89  -  MemoryUsage of job (MB)
	90904  -  ResidentSetSize of job (KB)
...
006 (407478.000.000) 2026-05-10 08:27:47 Image size of job updated: 362336
	89  -  MemoryUsage of job (MB)
	90928  -  ResidentSetSize of job (KB)
...
006 (407478.000.000) 2026-05-10 08:37:47 Image size of job updated: 362336
	90  -  MemoryUsage of job (MB)
	91208  -  ResidentSetSize of job (KB)
...
006 (407478.000.000) 2026-05-10 08:47:48 Image size of job updated: 362336
	90  -  MemoryUsage of job (MB)
	91272  -  ResidentSetSize of job (KB)
...
006 (407478.000.000) 2026-05-10 08:52:48 Image size of job updated: 362336
	90  -  MemoryUsage of job (MB)
	91368  -  ResidentSetSize of job (KB)
...
006 (407478.000.000) 2026-05-10 08:57:49 Image size of job updated: 362336
	90  -  MemoryUsage of job (MB)
	91420  -  ResidentSetSize of job (KB)
...
006 (407478.000.000) 2026-05-10 09:02:50 Image size of job updated: 362336
	90  -  MemoryUsage of job (MB)
	91616  -  ResidentSetSize of job (KB)
...
006 (407478.000.000) 2026-05-10 09:07:50 Image size of job updated: 362336
	90  -  MemoryUsage of job (MB)
	92000  -  ResidentSetSize of job (KB)
...
006 (407478.000.000) 2026-05-10 09:17:52 Image size of job updated: 362336
	90  -  MemoryUsage of job (MB)
	92116  -  ResidentSetSize of job (KB)
...
006 (407478.000.000) 2026-05-10 09:22:52 Image size of job updated: 362336
	92  -  MemoryUsage of job (MB)
	93960  -  ResidentSetSize of job (KB)
...
006 (407478.000.000) 2026-05-10 10:32:58 Image size of job updated: 362336
	95  -  MemoryUsage of job (MB)
	96264  -  ResidentSetSize of job (KB)
...
006 (407478.000.000) 2026-05-10 11:48:06 Image size of job updated: 362336
	96  -  MemoryUsage of job (MB)
	98064  -  ResidentSetSize of job (KB)
...
006 (407478.000.000) 2026-05-10 12:58:14 Image size of job updated: 362336
	99  -  MemoryUsage of job (MB)
	100368  -  ResidentSetSize of job (KB)
...
006 (407478.000.000) 2026-05-10 14:13:21 Image size of job updated: 362336
	101  -  MemoryUsage of job (MB)
	102420  -  ResidentSetSize of job (KB)
...
006 (407478.000.000) 2026-05-10 15:23:28 Image size of job updated: 362336
	103  -  MemoryUsage of job (MB)
	104472  -  ResidentSetSize of job (KB)
...
006 (407478.000.000) 2026-05-10 16:38:36 Image size of job updated: 362336
	105  -  MemoryUsage of job (MB)
	106524  -  ResidentSetSize of job (KB)
...
006 (407478.000.000) 2026-05-10 17:48:42 Image size of job updated: 362336
	105  -  MemoryUsage of job (MB)
	106564  -  ResidentSetSize of job (KB)
...
006 (407478.000.000) 2026-05-10 17:53:43 Image size of job updated: 362336
	105  -  MemoryUsage of job (MB)
	106640  -  ResidentSetSize of job (KB)
...
006 (407478.000.000) 2026-05-10 18:03:44 Image size of job updated: 362336
	105  -  MemoryUsage of job (MB)
	106896  -  ResidentSetSize of job (KB)
...
006 (407478.000.000) 2026-05-10 18:08:45 Image size of job updated: 362336
	105  -  MemoryUsage of job (MB)
	107152  -  ResidentSetSize of job (KB)
...
006 (407478.000.000) 2026-05-10 18:13:46 Image size of job updated: 362336
	105  -  MemoryUsage of job (MB)
	107160  -  ResidentSetSize of job (KB)
...
006 (407478.000.000) 2026-05-10 18:18:46 Image size of job updated: 362336
	105  -  MemoryUsage of job (MB)
	107416  -  ResidentSetSize of job (KB)
...
006 (407478.000.000) 2026-05-10 18:23:46 Image size of job updated: 362336
	106  -  MemoryUsage of job (MB)
	107772  -  ResidentSetSize of job (KB)
...
006 (407478.000.000) 2026-05-10 18:33:47 Image size of job updated: 362336
	106  -  MemoryUsage of job (MB)
	107860  -  ResidentSetSize of job (KB)
...
006 (407478.000.000) 2026-05-10 18:38:47 Image size of job updated: 362336
	106  -  MemoryUsage of job (MB)
	108156  -  ResidentSetSize of job (KB)
...
006 (407478.000.000) 2026-05-10 18:48:49 Image size of job updated: 362336
	106  -  MemoryUsage of job (MB)
	108412  -  ResidentSetSize of job (KB)
...
006 (407478.000.000) 2026-05-10 18:53:49 Image size of job updated: 362336
	108  -  MemoryUsage of job (MB)
	110460  -  ResidentSetSize of job (KB)
...
006 (407478.000.000) 2026-05-10 20:03:55 Image size of job updated: 362336
	110  -  MemoryUsage of job (MB)
	112396  -  ResidentSetSize of job (KB)
...
006 (407478.000.000) 2026-05-10 21:19:04 Image size of job updated: 362336
	112  -  MemoryUsage of job (MB)
	114448  -  ResidentSetSize of job (KB)
...
006 (407478.000.000) 2026-05-10 22:29:11 Image size of job updated: 362336
	114  -  MemoryUsage of job (MB)
	116500  -  ResidentSetSize of job (KB)
...
006 (407478.000.000) 2026-05-10 23:49:19 Image size of job updated: 362336
	116  -  MemoryUsage of job (MB)
	118552  -  ResidentSetSize of job (KB)
...
006 (407478.000.000) 2026-05-11 01:04:26 Image size of job updated: 362336
	118  -  MemoryUsage of job (MB)
	120604  -  ResidentSetSize of job (KB)
...
006 (407478.000.000) 2026-05-11 02:19:35 Image size of job updated: 362336
	120  -  MemoryUsage of job (MB)
	122656  -  ResidentSetSize of job (KB)
...
006 (407478.000.000) 2026-05-11 03:39:43 Image size of job updated: 362336
	122  -  MemoryUsage of job (MB)
	124708  -  ResidentSetSize of job (KB)
...
006 (407478.000.000) 2026-05-11 04:54:51 Image size of job updated: 362336
	124  -  MemoryUsage of job (MB)
	126508  -  ResidentSetSize of job (KB)
...
006 (407478.000.000) 2026-05-11 06:09:58 Image size of job updated: 362336
	126  -  MemoryUsage of job (MB)
	128812  -  ResidentSetSize of job (KB)
...
006 (407478.000.000) 2026-05-11 07:25:06 Image size of job updated: 362336
	128  -  MemoryUsage of job (MB)
	130864  -  ResidentSetSize of job (KB)
...
006 (407478.000.000) 2026-05-11 08:35:13 Image size of job updated: 362336
	131  -  MemoryUsage of job (MB)
	133168  -  ResidentSetSize of job (KB)
...
006 (407478.000.000) 2026-05-11 09:50:20 Image size of job updated: 362336
	133  -  MemoryUsage of job (MB)
	135216  -  ResidentSetSize of job (KB)
...
006 (407478.000.000) 2026-05-11 11:00:27 Image size of job updated: 362336
	134  -  MemoryUsage of job (MB)
	137012  -  ResidentSetSize of job (KB)
...
006 (407478.000.000) 2026-05-11 12:10:35 Image size of job updated: 362336
	136  -  MemoryUsage of job (MB)
	139060  -  ResidentSetSize of job (KB)
...
006 (407478.000.000) 2026-05-11 14:30:50 Image size of job updated: 362336
	136  -  MemoryUsage of job (MB)
	139076  -  ResidentSetSize of job (KB)
...
006 (407478.000.000) 2026-05-11 14:35:50 Image size of job updated: 362336
	139  -  MemoryUsage of job (MB)
	141380  -  ResidentSetSize of job (KB)
...
006 (407478.000.000) 2026-05-11 14:40:50 Image size of job updated: 362336
	140  -  MemoryUsage of job (MB)
	143356  -  ResidentSetSize of job (KB)
...
006 (407478.000.000) 2026-05-11 15:50:58 Image size of job updated: 362336
	142  -  MemoryUsage of job (MB)
	145152  -  ResidentSetSize of job (KB)
...
006 (407478.000.000) 2026-05-11 17:16:06 Image size of job updated: 362336
	144  -  MemoryUsage of job (MB)
	147348  -  ResidentSetSize of job (KB)
...
006 (407478.000.000) 2026-05-11 19:01:17 Image size of job updated: 362336
	146  -  MemoryUsage of job (MB)
	149400  -  ResidentSetSize of job (KB)
...
006 (407478.000.000) 2026-05-11 20:26:27 Image size of job updated: 362336
	146  -  MemoryUsage of job (MB)
	149408  -  ResidentSetSize of job (KB)
...
006 (407478.000.000) 2026-05-11 20:36:27 Image size of job updated: 362336
	148  -  MemoryUsage of job (MB)
	151456  -  ResidentSetSize of job (KB)
...
006 (407478.000.000) 2026-05-11 22:26:39 Image size of job updated: 362336
	150  -  MemoryUsage of job (MB)
	153348  -  ResidentSetSize of job (KB)
...
006 (407478.000.000) 2026-05-12 00:11:49 Image size of job updated: 362336
	153  -  MemoryUsage of job (MB)
	155652  -  ResidentSetSize of job (KB)
...
006 (407478.000.000) 2026-05-12 01:01:54 Image size of job updated: 362336
	153  -  MemoryUsage of job (MB)
	155912  -  ResidentSetSize of job (KB)
...
006 (407478.000.000) 2026-05-12 01:56:59 Image size of job updated: 362336
	155  -  MemoryUsage of job (MB)
	158104  -  ResidentSetSize of job (KB)
...
006 (407478.000.000) 2026-05-12 03:32:08 Image size of job updated: 362336
	155  -  MemoryUsage of job (MB)
	158108  -  ResidentSetSize of job (KB)
...
006 (407478.000.000) 2026-05-12 03:42:09 Image size of job updated: 362336
	157  -  MemoryUsage of job (MB)
	160156  -  ResidentSetSize of job (KB)
...
006 (407478.000.000) 2026-05-12 05:02:17 Image size of job updated: 362336
	159  -  MemoryUsage of job (MB)
	162208  -  ResidentSetSize of job (KB)
...
006 (407478.000.000) 2026-05-12 06:12:24 Image size of job updated: 362336
	161  -  MemoryUsage of job (MB)
	164256  -  ResidentSetSize of job (KB)
...
006 (407478.000.000) 2026-05-12 07:17:31 Image size of job updated: 362336
	162  -  MemoryUsage of job (MB)
	165788  -  ResidentSetSize of job (KB)
...
006 (407478.000.000) 2026-05-12 08:27:38 Image size of job updated: 362336
	164  -  MemoryUsage of job (MB)
	167836  -  ResidentSetSize of job (KB)
...
006 (407478.000.000) 2026-05-12 09:32:45 Image size of job updated: 362336
	166  -  MemoryUsage of job (MB)
	169876  -  ResidentSetSize of job (KB)
...
006 (407478.000.000) 2026-05-12 10:42:52 Image size of job updated: 362336
	168  -  MemoryUsage of job (MB)
	171868  -  ResidentSetSize of job (KB)
...
006 (407478.000.000) 2026-05-12 11:52:58 Image size of job updated: 362336
	170  -  MemoryUsage of job (MB)
	174028  -  ResidentSetSize of job (KB)
...
006 (407478.000.000) 2026-05-12 12:18:02 Image size of job updated: 362336
	171  -  MemoryUsage of job (MB)
	174280  -  ResidentSetSize of job (KB)
...
006 (407478.000.000) 2026-05-12 13:18:07 Image size of job updated: 362336
	172  -  MemoryUsage of job (MB)
	176100  -  ResidentSetSize of job (KB)
...
006 (407478.000.000) 2026-05-12 15:08:19 Image size of job updated: 362336
	175  -  MemoryUsage of job (MB)
	178256  -  ResidentSetSize of job (KB)
...
006 (407478.000.000) 2026-05-12 17:03:30 Image size of job updated: 362336
	177  -  MemoryUsage of job (MB)
	180304  -  ResidentSetSize of job (KB)
...
006 (407478.000.000) 2026-05-12 17:53:35 Image size of job updated: 362336
	177  -  MemoryUsage of job (MB)
	180312  -  ResidentSetSize of job (KB)
...
006 (407478.000.000) 2026-05-12 18:23:39 Image size of job updated: 362336
	177  -  MemoryUsage of job (MB)
	180408  -  ResidentSetSize of job (KB)
...
006 (407478.000.000) 2026-05-12 18:58:42 Image size of job updated: 362336
	179  -  MemoryUsage of job (MB)
	182712  -  ResidentSetSize of job (KB)
...
006 (407478.000.000) 2026-05-12 20:48:53 Image size of job updated: 362336
	181  -  MemoryUsage of job (MB)
	184412  -  ResidentSetSize of job (KB)
...
006 (407478.000.000) 2026-05-12 22:44:05 Image size of job updated: 362336
	183  -  MemoryUsage of job (MB)
	186460  -  ResidentSetSize of job (KB)
...
006 (407478.000.000) 2026-05-13 00:39:17 Image size of job updated: 362336
	185  -  MemoryUsage of job (MB)
	188476  -  ResidentSetSize of job (KB)
...
006 (407478.000.000) 2026-05-13 02:29:28 Image size of job updated: 362336
	186  -  MemoryUsage of job (MB)
	190440  -  ResidentSetSize of job (KB)
...
006 (407478.000.000) 2026-05-13 03:44:36 Image size of job updated: 362336
	186  -  MemoryUsage of job (MB)
	190444  -  ResidentSetSize of job (KB)
...
006 (407478.000.000) 2026-05-13 04:24:40 Image size of job updated: 362336
	189  -  MemoryUsage of job (MB)
	192528  -  ResidentSetSize of job (KB)
...
006 (407478.000.000) 2026-05-13 05:44:47 Image size of job updated: 362336
	190  -  MemoryUsage of job (MB)
	194328  -  ResidentSetSize of job (KB)
...
006 (407478.000.000) 2026-05-13 06:54:53 Image size of job updated: 362336
	193  -  MemoryUsage of job (MB)
	196632  -  ResidentSetSize of job (KB)
...
006 (407478.000.000) 2026-05-13 08:10:01 Image size of job updated: 362336
	195  -  MemoryUsage of job (MB)
	198680  -  ResidentSetSize of job (KB)
...
006 (407478.000.000) 2026-05-13 09:20:08 Image size of job updated: 362336
	197  -  MemoryUsage of job (MB)
	200720  -  ResidentSetSize of job (KB)
...
006 (407478.000.000) 2026-05-13 10:30:15 Image size of job updated: 362336
	199  -  MemoryUsage of job (MB)
	202780  -  ResidentSetSize of job (KB)
...
006 (407478.000.000) 2026-05-13 11:45:21 Image size of job updated: 362336
	201  -  MemoryUsage of job (MB)
	204832  -  ResidentSetSize of job (KB)
...
006 (407478.000.000) 2026-05-13 14:05:37 Image size of job updated: 362336
	201  -  MemoryUsage of job (MB)
	204856  -  ResidentSetSize of job (KB)
...
006 (407478.000.000) 2026-05-13 14:10:38 Image size of job updated: 362336
	203  -  MemoryUsage of job (MB)
	206952  -  ResidentSetSize of job (KB)
...
006 (407478.000.000) 2026-05-13 15:10:44 Image size of job updated: 362336
	203  -  MemoryUsage of job (MB)
	207284  -  ResidentSetSize of job (KB)
...
006 (407478.000.000) 2026-05-13 15:25:46 Image size of job updated: 362336
	205  -  MemoryUsage of job (MB)
	209588  -  ResidentSetSize of job (KB)
...
006 (407478.000.000) 2026-05-13 16:40:53 Image size of job updated: 362336
	207  -  MemoryUsage of job (MB)
	211388  -  ResidentSetSize of job (KB)
...
006 (407478.000.000) 2026-05-13 17:51:01 Image size of job updated: 362336
	209  -  MemoryUsage of job (MB)
	213692  -  ResidentSetSize of job (KB)
...
006 (407478.000.000) 2026-05-13 19:01:07 Image size of job updated: 362336
	211  -  MemoryUsage of job (MB)
	215364  -  ResidentSetSize of job (KB)
...
006 (407478.000.000) 2026-05-13 20:16:14 Image size of job updated: 362336
	213  -  MemoryUsage of job (MB)
	217416  -  ResidentSetSize of job (KB)
...
006 (407478.000.000) 2026-05-13 21:31:21 Image size of job updated: 362336
	215  -  MemoryUsage of job (MB)
	219464  -  ResidentSetSize of job (KB)
...
006 (407478.000.000) 2026-05-13 22:46:30 Image size of job updated: 362336
	217  -  MemoryUsage of job (MB)
	221512  -  ResidentSetSize of job (KB)
...
006 (407478.000.000) 2026-05-13 23:56:37 Image size of job updated: 362336
	219  -  MemoryUsage of job (MB)
	223572  -  ResidentSetSize of job (KB)
...
006 (407478.000.000) 2026-05-14 01:11:45 Image size of job updated: 362336
	221  -  MemoryUsage of job (MB)
	225624  -  ResidentSetSize of job (KB)
...
006 (407478.000.000) 2026-05-14 02:26:53 Image size of job updated: 362336
	223  -  MemoryUsage of job (MB)
	227672  -  ResidentSetSize of job (KB)
...
006 (407478.000.000) 2026-05-14 03:42:01 Image size of job updated: 362336
	225  -  MemoryUsage of job (MB)
	229720  -  ResidentSetSize of job (KB)
...
006 (407478.000.000) 2026-05-14 04:52:08 Image size of job updated: 362336
	227  -  MemoryUsage of job (MB)
	231768  -  ResidentSetSize of job (KB)
...
006 (407478.000.000) 2026-05-14 06:07:16 Image size of job updated: 362336
	229  -  MemoryUsage of job (MB)
	233832  -  ResidentSetSize of job (KB)
...
006 (407478.000.000) 2026-05-14 07:17:23 Image size of job updated: 362336
	231  -  MemoryUsage of job (MB)
	235884  -  ResidentSetSize of job (KB)
...
006 (407478.000.000) 2026-05-14 08:32:31 Image size of job updated: 362336
	233  -  MemoryUsage of job (MB)
	237684  -  ResidentSetSize of job (KB)
...
006 (407478.000.000) 2026-05-14 09:42:39 Image size of job updated: 362336
	235  -  MemoryUsage of job (MB)
	239988  -  ResidentSetSize of job (KB)
...
006 (407478.000.000) 2026-05-14 10:57:45 Image size of job updated: 362336
	237  -  MemoryUsage of job (MB)
	241788  -  ResidentSetSize of job (KB)
...
006 (407478.000.000) 2026-05-14 12:12:53 Image size of job updated: 362336
	239  -  MemoryUsage of job (MB)
	244092  -  ResidentSetSize of job (KB)
...
006 (407478.000.000) 2026-05-14 13:23:01 Image size of job updated: 362336
	241  -  MemoryUsage of job (MB)
	246144  -  ResidentSetSize of job (KB)
...
006 (407478.000.000) 2026-05-14 14:33:09 Image size of job updated: 362336
	243  -  MemoryUsage of job (MB)
	248196  -  ResidentSetSize of job (KB)
...
006 (407478.000.000) 2026-05-14 15:08:11 Image size of job updated: 362336
	243  -  MemoryUsage of job (MB)
	248448  -  ResidentSetSize of job (KB)
...
006 (407478.000.000) 2026-05-14 15:48:14 Image size of job updated: 362336
	245  -  MemoryUsage of job (MB)
	250356  -  ResidentSetSize of job (KB)
...
006 (407478.000.000) 2026-05-14 16:58:22 Image size of job updated: 362336
	247  -  MemoryUsage of job (MB)
	252660  -  ResidentSetSize of job (KB)
...
006 (407478.000.000) 2026-05-14 18:13:29 Image size of job updated: 362336
	249  -  MemoryUsage of job (MB)
	254712  -  ResidentSetSize of job (KB)
...
006 (407478.000.000) 2026-05-14 19:23:36 Image size of job updated: 362336
	251  -  MemoryUsage of job (MB)
	256404  -  ResidentSetSize of job (KB)
...
006 (407478.000.000) 2026-05-14 20:38:44 Image size of job updated: 362336
	253  -  MemoryUsage of job (MB)
	258452  -  ResidentSetSize of job (KB)
...
006 (407478.000.000) 2026-05-14 21:48:51 Image size of job updated: 362336
	255  -  MemoryUsage of job (MB)
	260636  -  ResidentSetSize of job (KB)
...
006 (407478.000.000) 2026-05-14 23:03:59 Image size of job updated: 362336
	257  -  MemoryUsage of job (MB)
	262436  -  ResidentSetSize of job (KB)
...
006 (407478.000.000) 2026-05-15 00:14:05 Image size of job updated: 362336
	259  -  MemoryUsage of job (MB)
	264740  -  ResidentSetSize of job (KB)
...
006 (407478.000.000) 2026-05-15 01:29:13 Image size of job updated: 362336
	261  -  MemoryUsage of job (MB)
	266660  -  ResidentSetSize of job (KB)
...
006 (407478.000.000) 2026-05-15 02:39:20 Image size of job updated: 362336
	263  -  MemoryUsage of job (MB)
	268708  -  ResidentSetSize of job (KB)
...
006 (407478.000.000) 2026-05-15 03:54:28 Image size of job updated: 362336
	265  -  MemoryUsage of job (MB)
	270756  -  ResidentSetSize of job (KB)
...
006 (407478.000.000) 2026-05-15 05:04:35 Image size of job updated: 362336
	267  -  MemoryUsage of job (MB)
	272804  -  ResidentSetSize of job (KB)
...
006 (407478.000.000) 2026-05-15 06:19:43 Image size of job updated: 362336
	269  -  MemoryUsage of job (MB)
	274872  -  ResidentSetSize of job (KB)
...
006 (407478.000.000) 2026-05-15 06:59:46 Image size of job updated: 362336
	269  -  MemoryUsage of job (MB)
	275140  -  ResidentSetSize of job (KB)
...
006 (407478.000.000) 2026-05-15 07:29:49 Image size of job updated: 362336
	271  -  MemoryUsage of job (MB)
	277336  -  ResidentSetSize of job (KB)
...
006 (407478.000.000) 2026-05-15 08:44:57 Image size of job updated: 362336
	273  -  MemoryUsage of job (MB)
	278724  -  ResidentSetSize of job (KB)
...
006 (407478.000.000) 2026-05-15 09:55:05 Image size of job updated: 362336
	275  -  MemoryUsage of job (MB)
	280776  -  ResidentSetSize of job (KB)
...
006 (407478.000.000) 2026-05-15 11:05:12 Image size of job updated: 362336
	277  -  MemoryUsage of job (MB)
	282828  -  ResidentSetSize of job (KB)
...
006 (407478.000.000) 2026-05-15 12:10:19 Image size of job updated: 362336
	279  -  MemoryUsage of job (MB)
	285132  -  ResidentSetSize of job (KB)
...
006 (407478.000.000) 2026-05-15 13:20:25 Image size of job updated: 362336
	281  -  MemoryUsage of job (MB)
	286932  -  ResidentSetSize of job (KB)
...
