000 (407778.000.000) 2026-05-07 18:21:22 Job submitted from host: <192.168.250.101:9618?addrs=192.168.250.101-9618&alias=hercules.hcms.it&noUDP&sock=schedd_3404051_6d7b>
...
001 (407778.000.000) 2026-05-08 22:45:05 Job executing on host: <192.168.250.112:9618?addrs=192.168.250.112-9618&alias=hercules02.hcms.it&noUDP&sock=startd_1261146_d63b>
	SlotName: slot83_1@hercules02.hcms.it
	CondorScratchDir = "/var/lib/condor/execute/dir_3318334"
	Cpus = 1
	Disk = 29523
	Memory = 1024
...
006 (407778.000.000) 2026-05-08 22:45:14 Image size of job updated: 57544
	47  -  MemoryUsage of job (MB)
	47640  -  ResidentSetSize of job (KB)
...
006 (407778.000.000) 2026-05-08 23:05:17 Image size of job updated: 57544
	48  -  MemoryUsage of job (MB)
	48156  -  ResidentSetSize of job (KB)
...
006 (407778.000.000) 2026-05-08 23:10:17 Image size of job updated: 57544
	48  -  MemoryUsage of job (MB)
	48240  -  ResidentSetSize of job (KB)
...
006 (407778.000.000) 2026-05-08 23:15:17 Image size of job updated: 57544
	48  -  MemoryUsage of job (MB)
	48304  -  ResidentSetSize of job (KB)
...
006 (407778.000.000) 2026-05-08 23:20:18 Image size of job updated: 352320
	49  -  MemoryUsage of job (MB)
	49832  -  ResidentSetSize of job (KB)
...
006 (407778.000.000) 2026-05-08 23:35:20 Image size of job updated: 356348
	49  -  MemoryUsage of job (MB)
	49832  -  ResidentSetSize of job (KB)
...
006 (407778.000.000) 2026-05-08 23:45:20 Image size of job updated: 356348
	49  -  MemoryUsage of job (MB)
	49904  -  ResidentSetSize of job (KB)
...
006 (407778.000.000) 2026-05-09 00:00:22 Image size of job updated: 356348
	49  -  MemoryUsage of job (MB)
	49952  -  ResidentSetSize of job (KB)
...
006 (407778.000.000) 2026-05-09 00:05:23 Image size of job updated: 358300
	57  -  MemoryUsage of job (MB)
	58040  -  ResidentSetSize of job (KB)
...
006 (407778.000.000) 2026-05-09 00:50:27 Image size of job updated: 358300
	57  -  MemoryUsage of job (MB)
	58200  -  ResidentSetSize of job (KB)
...
006 (407778.000.000) 2026-05-09 02:00:34 Image size of job updated: 358300
	57  -  MemoryUsage of job (MB)
	58216  -  ResidentSetSize of job (KB)
...
006 (407778.000.000) 2026-05-09 02:20:36 Image size of job updated: 358840
	57  -  MemoryUsage of job (MB)
	58216  -  ResidentSetSize of job (KB)
...
006 (407778.000.000) 2026-05-09 02:45:39 Image size of job updated: 359076
	59  -  MemoryUsage of job (MB)
	60224  -  ResidentSetSize of job (KB)
...
006 (407778.000.000) 2026-05-09 03:50:45 Image size of job updated: 359348
	59  -  MemoryUsage of job (MB)
	60224  -  ResidentSetSize of job (KB)
...
006 (407778.000.000) 2026-05-09 04:40:50 Image size of job updated: 364172
	59  -  MemoryUsage of job (MB)
	60224  -  ResidentSetSize of job (KB)
...
006 (407778.000.000) 2026-05-09 05:10:54 Image size of job updated: 364172
	59  -  MemoryUsage of job (MB)
	60284  -  ResidentSetSize of job (KB)
...
006 (407778.000.000) 2026-05-09 06:41:02 Image size of job updated: 364172
	61  -  MemoryUsage of job (MB)
	61648  -  ResidentSetSize of job (KB)
...
006 (407778.000.000) 2026-05-09 08:51:17 Image size of job updated: 364172
	244  -  MemoryUsage of job (MB)
	249268  -  ResidentSetSize of job (KB)
...
006 (407778.000.000) 2026-05-09 14:46:54 Image size of job updated: 366564
	244  -  MemoryUsage of job (MB)
	249268  -  ResidentSetSize of job (KB)
...
005 (407778.000.000) 2026-05-09 18:29:35 Job terminated.
	(1) Normal termination (return value 139)
		Usr 0 19:15:11, Sys 0 00:22:34  -  Run Remote Usage
		Usr 0 00:00:00, Sys 0 00:00:00  -  Run Local Usage
		Usr 0 19:15:11, Sys 0 00:22:34  -  Total Remote Usage
		Usr 0 00:00:00, Sys 0 00:00:00  -  Total Local Usage
	0  -  Run Bytes Sent By Job
	0  -  Run Bytes Received By Job
	0  -  Total Bytes Sent By Job
	0  -  Total Bytes Received By Job
	Partitionable Resources :    Usage  Request Allocated 
	   Cpus                 :     0.99        1         1 
	   Disk (KB)            :     1           1     29523 
	   Memory (MB)          :   244        1024      1024 

	Job terminated of its own accord at 2026-05-09T16:29:35Z with exit-code 139.
...
