000 (407767.000.000) 2026-05-07 18:21:21 Job submitted from host: <192.168.250.101:9618?addrs=192.168.250.101-9618&alias=hercules.hcms.it&noUDP&sock=schedd_3404051_6d7b>
...
001 (407767.000.000) 2026-05-08 22:15:05 Job executing on host: <192.168.250.22:9618?addrs=192.168.250.22-9618&alias=pccms12.hcms.it&noUDP&sock=startd_3275093_f746>
	SlotName: slot55_1@pccms12.hcms.it
	CondorScratchDir = "/var/lib/condor/execute/dir_1978386"
	Cpus = 1
	Disk = 22134
	Memory = 1024
...
006 (407767.000.000) 2026-05-08 22:15:15 Image size of job updated: 36376
	36  -  MemoryUsage of job (MB)
	36316  -  ResidentSetSize of job (KB)
...
006 (407767.000.000) 2026-05-08 22:25:15 Image size of job updated: 328568
	319  -  MemoryUsage of job (MB)
	326420  -  ResidentSetSize of job (KB)
...
006 (407767.000.000) 2026-05-08 22:55:19 Image size of job updated: 330448
	319  -  MemoryUsage of job (MB)
	326420  -  ResidentSetSize of job (KB)
...
006 (407767.000.000) 2026-05-09 02:10:39 Image size of job updated: 331448
	319  -  MemoryUsage of job (MB)
	326420  -  ResidentSetSize of job (KB)
...
006 (407767.000.000) 2026-05-09 07:06:11 Image size of job updated: 331480
	319  -  MemoryUsage of job (MB)
	326420  -  ResidentSetSize of job (KB)
...
006 (407767.000.000) 2026-05-09 07:31:14 Image size of job updated: 332996
	319  -  MemoryUsage of job (MB)
	326420  -  ResidentSetSize of job (KB)
...
006 (407767.000.000) 2026-05-09 10:26:30 Image size of job updated: 340848
	319  -  MemoryUsage of job (MB)
	326420  -  ResidentSetSize of job (KB)
...
006 (407767.000.000) 2026-05-09 18:17:17 Image size of job updated: 342472
	319  -  MemoryUsage of job (MB)
	326420  -  ResidentSetSize of job (KB)
...
006 (407767.000.000) 2026-05-09 19:27:23 Image size of job updated: 343392
	319  -  MemoryUsage of job (MB)
	326420  -  ResidentSetSize of job (KB)
...
005 (407767.000.000) 2026-05-10 06:15:44 Job terminated.
	(1) Normal termination (return value 139)
		Usr 1 05:38:12, Sys 0 02:10:05  -  Run Remote Usage
		Usr 0 00:00:00, Sys 0 00:00:00  -  Run Local Usage
		Usr 1 05:38:12, Sys 0 02:10:05  -  Total Remote Usage
		Usr 0 00:00:00, Sys 0 00:00:00  -  Total Local Usage
	0  -  Run Bytes Sent By Job
	0  -  Run Bytes Received By Job
	0  -  Total Bytes Sent By Job
	0  -  Total Bytes Received By Job
	Partitionable Resources :    Usage  Request Allocated 
	   Cpus                 :     0.99        1         1 
	   Disk (KB)            :     1           1     22134 
	   Memory (MB)          :   319        1024      1024 

	Job terminated of its own accord at 2026-05-10T04:15:44Z with exit-code 139.
...
