000 (407682.000.000) 2026-05-07 18:21:19 Job submitted from host: <192.168.250.101:9618?addrs=192.168.250.101-9618&alias=hercules.hcms.it&noUDP&sock=schedd_3404051_6d7b>
...
001 (407682.000.000) 2026-05-08 18:40:59 Job executing on host: <192.168.250.22:9618?addrs=192.168.250.22-9618&alias=pccms12.hcms.it&noUDP&sock=startd_3275093_f746>
	SlotName: slot22_1@pccms12.hcms.it
	CondorScratchDir = "/var/lib/condor/execute/dir_1708634"
	Cpus = 1
	Disk = 22134
	Memory = 1024
...
006 (407682.000.000) 2026-05-08 18:41:07 Image size of job updated: 40136
	39  -  MemoryUsage of job (MB)
	39848  -  ResidentSetSize of job (KB)
...
006 (407682.000.000) 2026-05-08 19:16:10 Image size of job updated: 328372
	39  -  MemoryUsage of job (MB)
	39848  -  ResidentSetSize of job (KB)
...
006 (407682.000.000) 2026-05-08 19:21:10 Image size of job updated: 328484
	39  -  MemoryUsage of job (MB)
	39848  -  ResidentSetSize of job (KB)
...
006 (407682.000.000) 2026-05-08 20:01:15 Image size of job updated: 330300
	39  -  MemoryUsage of job (MB)
	39848  -  ResidentSetSize of job (KB)
...
006 (407682.000.000) 2026-05-08 20:41:19 Image size of job updated: 331604
	306  -  MemoryUsage of job (MB)
	312504  -  ResidentSetSize of job (KB)
...
006 (407682.000.000) 2026-05-08 20:46:19 Image size of job updated: 331604
	306  -  MemoryUsage of job (MB)
	312716  -  ResidentSetSize of job (KB)
...
006 (407682.000.000) 2026-05-08 22:41:30 Image size of job updated: 331668
	306  -  MemoryUsage of job (MB)
	312716  -  ResidentSetSize of job (KB)
...
006 (407682.000.000) 2026-05-08 22:51:32 Image size of job updated: 331856
	306  -  MemoryUsage of job (MB)
	312716  -  ResidentSetSize of job (KB)
...
006 (407682.000.000) 2026-05-09 00:01:39 Image size of job updated: 332320
	306  -  MemoryUsage of job (MB)
	312716  -  ResidentSetSize of job (KB)
...
006 (407682.000.000) 2026-05-09 00:21:41 Image size of job updated: 334604
	306  -  MemoryUsage of job (MB)
	312716  -  ResidentSetSize of job (KB)
...
006 (407682.000.000) 2026-05-09 02:36:56 Image size of job updated: 334788
	306  -  MemoryUsage of job (MB)
	312716  -  ResidentSetSize of job (KB)
...
006 (407682.000.000) 2026-05-09 07:27:25 Image size of job updated: 338068
	306  -  MemoryUsage of job (MB)
	312716  -  ResidentSetSize of job (KB)
...
006 (407682.000.000) 2026-05-09 08:22:30 Image size of job updated: 338576
	306  -  MemoryUsage of job (MB)
	312716  -  ResidentSetSize of job (KB)
...
006 (407682.000.000) 2026-05-09 11:07:48 Image size of job updated: 342968
	306  -  MemoryUsage of job (MB)
	312716  -  ResidentSetSize of job (KB)
...
006 (407682.000.000) 2026-05-09 22:49:04 Image size of job updated: 344760
	306  -  MemoryUsage of job (MB)
	312716  -  ResidentSetSize of job (KB)
...
005 (407682.000.000) 2026-05-09 23:26:43 Job terminated.
	(1) Normal termination (return value 139)
		Usr 1 02:19:13, Sys 0 02:13:55  -  Run Remote Usage
		Usr 0 00:00:00, Sys 0 00:00:00  -  Run Local Usage
		Usr 1 02:19:13, Sys 0 02:13:55  -  Total Remote Usage
		Usr 0 00:00:00, Sys 0 00:00:00  -  Total Local Usage
	0  -  Run Bytes Sent By Job
	0  -  Run Bytes Received By Job
	0  -  Total Bytes Sent By Job
	0  -  Total Bytes Received By Job
	Partitionable Resources :    Usage  Request Allocated 
	   Cpus                 :     0.99        1         1 
	   Disk (KB)            :     1           1     22134 
	   Memory (MB)          :   306        1024      1024 

	Job terminated of its own accord at 2026-05-09T21:26:43Z with exit-code 139.
...
