000 (407536.000.000) 2026-05-07 18:21:15 Job submitted from host: <192.168.250.101:9618?addrs=192.168.250.101-9618&alias=hercules.hcms.it&noUDP&sock=schedd_3404051_6d7b>
...
001 (407536.000.000) 2026-05-07 18:21:19 Job executing on host: <192.168.250.112:9618?addrs=192.168.250.112-9618&alias=hercules02.hcms.it&noUDP&sock=startd_1261146_d63b>
	SlotName: slot62_1@hercules02.hcms.it
	CondorScratchDir = "/var/lib/condor/execute/dir_3900960"
	Cpus = 1
	Disk = 29523
	Memory = 1024
...
006 (407536.000.000) 2026-05-07 18:21:27 Image size of job updated: 54836
	47  -  MemoryUsage of job (MB)
	47528  -  ResidentSetSize of job (KB)
...
006 (407536.000.000) 2026-05-07 18:26:27 Image size of job updated: 386084
	76  -  MemoryUsage of job (MB)
	77600  -  ResidentSetSize of job (KB)
...
006 (407536.000.000) 2026-05-07 18:31:27 Image size of job updated: 386084
	76  -  MemoryUsage of job (MB)
	77652  -  ResidentSetSize of job (KB)
...
006 (407536.000.000) 2026-05-07 18:36:28 Image size of job updated: 387060
	77  -  MemoryUsage of job (MB)
	78448  -  ResidentSetSize of job (KB)
...
005 (407536.000.000) 2026-05-08 12:34:05 Job terminated.
	(1) Normal termination (return value 139)
		Usr 0 17:46:03, Sys 0 00:19:47  -  Run Remote Usage
		Usr 0 00:00:00, Sys 0 00:00:00  -  Run Local Usage
		Usr 0 17:46:03, Sys 0 00:19:47  -  Total Remote Usage
		Usr 0 00:00:00, Sys 0 00:00:00  -  Total Local Usage
	0  -  Run Bytes Sent By Job
	0  -  Run Bytes Received By Job
	0  -  Total Bytes Sent By Job
	0  -  Total Bytes Received By Job
	Partitionable Resources :    Usage  Request Allocated 
	   Cpus                 :     1.43        1         1 
	   Disk (KB)            :     1           1     29523 
	   Memory (MB)          :    77        1024      1024 

	Job terminated of its own accord at 2026-05-08T10:34:05Z with exit-code 139.
...
