000 (407736.000.000) 2026-05-07 18:21:20 Job submitted from host: <192.168.250.101:9618?addrs=192.168.250.101-9618&alias=hercules.hcms.it&noUDP&sock=schedd_3404051_6d7b>
...
001 (407736.000.000) 2026-05-08 21:07:03 Job executing on host: <192.168.250.102:9618?addrs=192.168.250.102-9618&alias=empire.hcms.it&noUDP&sock=startd_2716409_3615>
	SlotName: slot75_1@empire.hcms.it
	CondorScratchDir = "/var/lib/condor/execute/dir_2996460"
	Cpus = 1
	Disk = 22792
	Memory = 1024
...
006 (407736.000.000) 2026-05-08 21:07:11 Image size of job updated: 53308
	52  -  MemoryUsage of job (MB)
	52828  -  ResidentSetSize of job (KB)
...
006 (407736.000.000) 2026-05-08 21:12:11 Image size of job updated: 54708
	53  -  MemoryUsage of job (MB)
	54076  -  ResidentSetSize of job (KB)
...
006 (407736.000.000) 2026-05-08 21:52:15 Image size of job updated: 359016
	54  -  MemoryUsage of job (MB)
	55168  -  ResidentSetSize of job (KB)
...
006 (407736.000.000) 2026-05-08 22:32:19 Image size of job updated: 363332
	59  -  MemoryUsage of job (MB)
	60224  -  ResidentSetSize of job (KB)
...
006 (407736.000.000) 2026-05-09 00:42:33 Image size of job updated: 368636
	59  -  MemoryUsage of job (MB)
	60224  -  ResidentSetSize of job (KB)
...
005 (407736.000.000) 2026-05-10 03:09:02 Job terminated.
	(1) Normal termination (return value 139)
		Usr 1 04:40:54, Sys 0 01:08:20  -  Run Remote Usage
		Usr 0 00:00:00, Sys 0 00:00:00  -  Run Local Usage
		Usr 1 04:40:54, Sys 0 01:08:20  -  Total Remote Usage
		Usr 0 00:00:00, Sys 0 00:00:00  -  Total Local Usage
	0  -  Run Bytes Sent By Job
	0  -  Run Bytes Received By Job
	0  -  Total Bytes Sent By Job
	0  -  Total Bytes Received By Job
	Partitionable Resources :    Usage  Request Allocated 
	   Cpus                 :     0.98        1         1 
	   Disk (KB)            :     1           1     22792 
	   Memory (MB)          :    59        1024      1024 

	Job terminated of its own accord at 2026-05-10T01:09:02Z with exit-code 139.
...
