000 (407638.000.000) 2026-05-07 18:21:18 Job submitted from host: <192.168.250.101:9618?addrs=192.168.250.101-9618&alias=hercules.hcms.it&noUDP&sock=schedd_3404051_6d7b>
...
001 (407638.000.000) 2026-05-08 13:55:54 Job executing on host: <192.168.250.102:9618?addrs=192.168.250.102-9618&alias=empire.hcms.it&noUDP&sock=startd_2716409_3615>
	SlotName: slot27_1@empire.hcms.it
	CondorScratchDir = "/var/lib/condor/execute/dir_1912118"
	Cpus = 1
	Disk = 22792
	Memory = 1024
...
006 (407638.000.000) 2026-05-08 13:56:02 Image size of job updated: 55236
	52  -  MemoryUsage of job (MB)
	52992  -  ResidentSetSize of job (KB)
...
006 (407638.000.000) 2026-05-08 14:21:04 Image size of job updated: 356632
	52  -  MemoryUsage of job (MB)
	52992  -  ResidentSetSize of job (KB)
...
006 (407638.000.000) 2026-05-08 14:31:06 Image size of job updated: 356632
	126  -  MemoryUsage of job (MB)
	128092  -  ResidentSetSize of job (KB)
...
006 (407638.000.000) 2026-05-08 15:11:09 Image size of job updated: 359160
	126  -  MemoryUsage of job (MB)
	128092  -  ResidentSetSize of job (KB)
...
006 (407638.000.000) 2026-05-08 15:31:11 Image size of job updated: 359760
	126  -  MemoryUsage of job (MB)
	128092  -  ResidentSetSize of job (KB)
...
006 (407638.000.000) 2026-05-08 15:51:13 Image size of job updated: 360368
	126  -  MemoryUsage of job (MB)
	128092  -  ResidentSetSize of job (KB)
...
006 (407638.000.000) 2026-05-08 16:01:14 Image size of job updated: 365048
	126  -  MemoryUsage of job (MB)
	128092  -  ResidentSetSize of job (KB)
...
006 (407638.000.000) 2026-05-08 21:46:52 Image size of job updated: 365624
	126  -  MemoryUsage of job (MB)
	128092  -  ResidentSetSize of job (KB)
...
006 (407638.000.000) 2026-05-08 23:12:01 Image size of job updated: 365624
	188  -  MemoryUsage of job (MB)
	192324  -  ResidentSetSize of job (KB)
...
006 (407638.000.000) 2026-05-08 23:27:03 Image size of job updated: 368996
	261  -  MemoryUsage of job (MB)
	266912  -  ResidentSetSize of job (KB)
...
006 (407638.000.000) 2026-05-09 02:47:23 Image size of job updated: 368996
	344  -  MemoryUsage of job (MB)
	352164  -  ResidentSetSize of job (KB)
...
006 (407638.000.000) 2026-05-09 02:52:24 Image size of job updated: 368996
	345  -  MemoryUsage of job (MB)
	352420  -  ResidentSetSize of job (KB)
...
005 (407638.000.000) 2026-05-09 16:25:23 Job terminated.
	(1) Normal termination (return value 139)
		Usr 1 01:04:43, Sys 0 01:12:34  -  Run Remote Usage
		Usr 0 00:00:00, Sys 0 00:00:00  -  Run Local Usage
		Usr 1 01:04:43, Sys 0 01:12:34  -  Total Remote Usage
		Usr 0 00:00:00, Sys 0 00:00:00  -  Total Local Usage
	0  -  Run Bytes Sent By Job
	0  -  Run Bytes Received By Job
	0  -  Total Bytes Sent By Job
	0  -  Total Bytes Received By Job
	Partitionable Resources :    Usage  Request Allocated 
	   Cpus                 :     0.99        1         1 
	   Disk (KB)            :     1           1     22792 
	   Memory (MB)          :   345        1024      1024 

	Job terminated of its own accord at 2026-05-09T14:25:23Z with exit-code 139.
...
