000 (407642.000.000) 2026-05-07 18:21:18 Job submitted from host: <192.168.250.101:9618?addrs=192.168.250.101-9618&alias=hercules.hcms.it&noUDP&sock=schedd_3404051_6d7b>
...
001 (407642.000.000) 2026-05-08 14:05:54 Job executing on host: <192.168.250.102:9618?addrs=192.168.250.102-9618&alias=empire.hcms.it&noUDP&sock=startd_2716409_3615>
	SlotName: slot26_1@empire.hcms.it
	CondorScratchDir = "/var/lib/condor/execute/dir_1939646"
	Cpus = 1
	Disk = 22792
	Memory = 1024
...
006 (407642.000.000) 2026-05-08 14:06:02 Image size of job updated: 55892
	55  -  MemoryUsage of job (MB)
	55588  -  ResidentSetSize of job (KB)
...
006 (407642.000.000) 2026-05-08 14:41:06 Image size of job updated: 357536
	57  -  MemoryUsage of job (MB)
	58104  -  ResidentSetSize of job (KB)
...
006 (407642.000.000) 2026-05-08 14:51:07 Image size of job updated: 357684
	57  -  MemoryUsage of job (MB)
	58104  -  ResidentSetSize of job (KB)
...
006 (407642.000.000) 2026-05-08 15:01:07 Image size of job updated: 358920
	57  -  MemoryUsage of job (MB)
	58104  -  ResidentSetSize of job (KB)
...
006 (407642.000.000) 2026-05-08 15:11:09 Image size of job updated: 360888
	57  -  MemoryUsage of job (MB)
	58104  -  ResidentSetSize of job (KB)
...
006 (407642.000.000) 2026-05-08 17:06:19 Image size of job updated: 360960
	58  -  MemoryUsage of job (MB)
	58676  -  ResidentSetSize of job (KB)
...
006 (407642.000.000) 2026-05-08 17:16:20 Image size of job updated: 360960
	58  -  MemoryUsage of job (MB)
	58688  -  ResidentSetSize of job (KB)
...
006 (407642.000.000) 2026-05-08 17:56:24 Image size of job updated: 364048
	58  -  MemoryUsage of job (MB)
	58688  -  ResidentSetSize of job (KB)
...
006 (407642.000.000) 2026-05-09 07:17:46 Image size of job updated: 364048
	58  -  MemoryUsage of job (MB)
	59192  -  ResidentSetSize of job (KB)
...
006 (407642.000.000) 2026-05-09 08:47:57 Image size of job updated: 364048
	60  -  MemoryUsage of job (MB)
	60836  -  ResidentSetSize of job (KB)
...
005 (407642.000.000) 2026-05-09 12:19:43 Job terminated.
	(1) Normal termination (return value 139)
		Usr 0 21:49:54, Sys 0 00:13:20  -  Run Remote Usage
		Usr 0 00:00:00, Sys 0 00:00:00  -  Run Local Usage
		Usr 0 21:49:54, Sys 0 00:13:20  -  Total Remote Usage
		Usr 0 00:00:00, Sys 0 00:00:00  -  Total Local Usage
	0  -  Run Bytes Sent By Job
	0  -  Run Bytes Received By Job
	0  -  Total Bytes Sent By Job
	0  -  Total Bytes Received By Job
	Partitionable Resources :    Usage  Request Allocated 
	   Cpus                 :     0.99        1         1 
	   Disk (KB)            :     1           1     22792 
	   Memory (MB)          :    60        1024      1024 

	Job terminated of its own accord at 2026-05-09T10:19:43Z with exit-code 139.
...
