000 (407837.000.000) 2026-05-07 18:21:23 Job submitted from host: <192.168.250.101:9618?addrs=192.168.250.101-9618&alias=hercules.hcms.it&noUDP&sock=schedd_3404051_6d7b>
...
001 (407837.000.000) 2026-05-09 04:06:12 Job executing on host: <192.168.250.112:9618?addrs=192.168.250.112-9618&alias=hercules02.hcms.it&noUDP&sock=startd_1261146_d63b>
	SlotName: slot57_1@hercules02.hcms.it
	CondorScratchDir = "/var/lib/condor/execute/dir_3811414"
	Cpus = 1
	Disk = 29523
	Memory = 1024
...
006 (407837.000.000) 2026-05-09 04:06:20 Image size of job updated: 58112
	48  -  MemoryUsage of job (MB)
	48244  -  ResidentSetSize of job (KB)
...
006 (407837.000.000) 2026-05-09 04:11:20 Image size of job updated: 58112
	48  -  MemoryUsage of job (MB)
	48540  -  ResidentSetSize of job (KB)
...
006 (407837.000.000) 2026-05-09 04:31:22 Image size of job updated: 58112
	48  -  MemoryUsage of job (MB)
	48828  -  ResidentSetSize of job (KB)
...
006 (407837.000.000) 2026-05-09 04:46:24 Image size of job updated: 356352
	58  -  MemoryUsage of job (MB)
	58488  -  ResidentSetSize of job (KB)
...
006 (407837.000.000) 2026-05-09 05:06:25 Image size of job updated: 357680
	58  -  MemoryUsage of job (MB)
	58488  -  ResidentSetSize of job (KB)
...
006 (407837.000.000) 2026-05-09 05:46:30 Image size of job updated: 357680
	144  -  MemoryUsage of job (MB)
	147100  -  ResidentSetSize of job (KB)
...
006 (407837.000.000) 2026-05-09 06:11:32 Image size of job updated: 359024
	144  -  MemoryUsage of job (MB)
	147100  -  ResidentSetSize of job (KB)
...
006 (407837.000.000) 2026-05-09 10:21:59 Image size of job updated: 359024
	162  -  MemoryUsage of job (MB)
	165512  -  ResidentSetSize of job (KB)
...
006 (407837.000.000) 2026-05-09 11:42:07 Image size of job updated: 359300
	162  -  MemoryUsage of job (MB)
	165512  -  ResidentSetSize of job (KB)
...
006 (407837.000.000) 2026-05-09 12:47:14 Image size of job updated: 360664
	162  -  MemoryUsage of job (MB)
	165512  -  ResidentSetSize of job (KB)
...
006 (407837.000.000) 2026-05-09 14:12:23 Image size of job updated: 361164
	162  -  MemoryUsage of job (MB)
	165512  -  ResidentSetSize of job (KB)
...
006 (407837.000.000) 2026-05-09 15:32:32 Image size of job updated: 361700
	162  -  MemoryUsage of job (MB)
	165512  -  ResidentSetSize of job (KB)
...
006 (407837.000.000) 2026-05-09 16:37:39 Image size of job updated: 362592
	162  -  MemoryUsage of job (MB)
	165512  -  ResidentSetSize of job (KB)
...
006 (407837.000.000) 2026-05-09 23:33:24 Image size of job updated: 362592
	173  -  MemoryUsage of job (MB)
	176712  -  ResidentSetSize of job (KB)
...
006 (407837.000.000) 2026-05-09 23:38:24 Image size of job updated: 362592
	174  -  MemoryUsage of job (MB)
	177224  -  ResidentSetSize of job (KB)
...
005 (407837.000.000) 2026-05-10 04:02:03 Job terminated.
	(1) Normal termination (return value 139)
		Usr 0 23:21:02, Sys 0 00:27:01  -  Run Remote Usage
		Usr 0 00:00:00, Sys 0 00:00:00  -  Run Local Usage
		Usr 0 23:21:02, Sys 0 00:27:01  -  Total Remote Usage
		Usr 0 00:00:00, Sys 0 00:00:00  -  Total Local Usage
	0  -  Run Bytes Sent By Job
	0  -  Run Bytes Received By Job
	0  -  Total Bytes Sent By Job
	0  -  Total Bytes Received By Job
	Partitionable Resources :    Usage  Request Allocated 
	   Cpus                 :     0.99        1         1 
	   Disk (KB)            :     1           1     29523 
	   Memory (MB)          :   174        1024      1024 

	Job terminated of its own accord at 2026-05-10T02:02:03Z with exit-code 139.
...
