000 (407839.000.000) 2026-05-07 18:21:23 Job submitted from host: <192.168.250.101:9618?addrs=192.168.250.101-9618&alias=hercules.hcms.it&noUDP&sock=schedd_3404051_6d7b>
...
001 (407839.000.000) 2026-05-09 04:11:11 Job executing on host: <192.168.250.112:9618?addrs=192.168.250.112-9618&alias=hercules02.hcms.it&noUDP&sock=startd_1261146_d63b>
	SlotName: slot55_1@hercules02.hcms.it
	CondorScratchDir = "/var/lib/condor/execute/dir_3821681"
	Cpus = 1
	Disk = 29523
	Memory = 1024
...
006 (407839.000.000) 2026-05-09 04:11:20 Image size of job updated: 56536
	55  -  MemoryUsage of job (MB)
	56140  -  ResidentSetSize of job (KB)
...
006 (407839.000.000) 2026-05-09 04:16:21 Image size of job updated: 57492
	55  -  MemoryUsage of job (MB)
	56140  -  ResidentSetSize of job (KB)
...
006 (407839.000.000) 2026-05-09 04:51:25 Image size of job updated: 353712
	55  -  MemoryUsage of job (MB)
	56140  -  ResidentSetSize of job (KB)
...
006 (407839.000.000) 2026-05-09 05:11:27 Image size of job updated: 354872
	55  -  MemoryUsage of job (MB)
	56140  -  ResidentSetSize of job (KB)
...
006 (407839.000.000) 2026-05-09 05:31:29 Image size of job updated: 355188
	55  -  MemoryUsage of job (MB)
	56140  -  ResidentSetSize of job (KB)
...
006 (407839.000.000) 2026-05-09 05:51:30 Image size of job updated: 355436
	55  -  MemoryUsage of job (MB)
	56140  -  ResidentSetSize of job (KB)
...
006 (407839.000.000) 2026-05-09 06:11:33 Image size of job updated: 355476
	55  -  MemoryUsage of job (MB)
	56140  -  ResidentSetSize of job (KB)
...
006 (407839.000.000) 2026-05-09 06:46:36 Image size of job updated: 355476
	55  -  MemoryUsage of job (MB)
	56232  -  ResidentSetSize of job (KB)
...
006 (407839.000.000) 2026-05-09 07:21:39 Image size of job updated: 356240
	55  -  MemoryUsage of job (MB)
	56232  -  ResidentSetSize of job (KB)
...
006 (407839.000.000) 2026-05-09 07:51:42 Image size of job updated: 356240
	56  -  MemoryUsage of job (MB)
	56436  -  ResidentSetSize of job (KB)
...
006 (407839.000.000) 2026-05-09 07:56:43 Image size of job updated: 356240
	56  -  MemoryUsage of job (MB)
	56524  -  ResidentSetSize of job (KB)
...
006 (407839.000.000) 2026-05-09 09:01:49 Image size of job updated: 357736
	57  -  MemoryUsage of job (MB)
	57520  -  ResidentSetSize of job (KB)
...
006 (407839.000.000) 2026-05-09 09:06:50 Image size of job updated: 357736
	57  -  MemoryUsage of job (MB)
	57708  -  ResidentSetSize of job (KB)
...
006 (407839.000.000) 2026-05-09 09:41:53 Image size of job updated: 358608
	57  -  MemoryUsage of job (MB)
	57708  -  ResidentSetSize of job (KB)
...
006 (407839.000.000) 2026-05-09 10:21:57 Image size of job updated: 360828
	57  -  MemoryUsage of job (MB)
	57708  -  ResidentSetSize of job (KB)
...
006 (407839.000.000) 2026-05-09 12:52:11 Image size of job updated: 360828
	57  -  MemoryUsage of job (MB)
	58096  -  ResidentSetSize of job (KB)
...
006 (407839.000.000) 2026-05-09 13:12:12 Image size of job updated: 361300
	57  -  MemoryUsage of job (MB)
	58096  -  ResidentSetSize of job (KB)
...
006 (407839.000.000) 2026-05-09 15:27:26 Image size of job updated: 362568
	57  -  MemoryUsage of job (MB)
	58096  -  ResidentSetSize of job (KB)
...
006 (407839.000.000) 2026-05-09 16:22:31 Image size of job updated: 362568
	57  -  MemoryUsage of job (MB)
	58124  -  ResidentSetSize of job (KB)
...
006 (407839.000.000) 2026-05-09 16:52:33 Image size of job updated: 362568
	57  -  MemoryUsage of job (MB)
	58328  -  ResidentSetSize of job (KB)
...
006 (407839.000.000) 2026-05-09 20:37:55 Image size of job updated: 362568
	58  -  MemoryUsage of job (MB)
	58432  -  ResidentSetSize of job (KB)
...
006 (407839.000.000) 2026-05-09 21:53:03 Image size of job updated: 362896
	58  -  MemoryUsage of job (MB)
	58432  -  ResidentSetSize of job (KB)
...
006 (407839.000.000) 2026-05-09 22:13:04 Image size of job updated: 362896
	58  -  MemoryUsage of job (MB)
	58620  -  ResidentSetSize of job (KB)
...
006 (407839.000.000) 2026-05-09 23:03:10 Image size of job updated: 362896
	137  -  MemoryUsage of job (MB)
	139416  -  ResidentSetSize of job (KB)
...
006 (407839.000.000) 2026-05-09 23:28:12 Image size of job updated: 363212
	137  -  MemoryUsage of job (MB)
	139416  -  ResidentSetSize of job (KB)
...
006 (407839.000.000) 2026-05-10 02:18:31 Image size of job updated: 363804
	137  -  MemoryUsage of job (MB)
	139416  -  ResidentSetSize of job (KB)
...
005 (407839.000.000) 2026-05-10 03:58:20 Job terminated.
	(1) Normal termination (return value 139)
		Usr 0 23:12:55, Sys 0 00:26:39  -  Run Remote Usage
		Usr 0 00:00:00, Sys 0 00:00:00  -  Run Local Usage
		Usr 0 23:12:55, Sys 0 00:26:39  -  Total Remote Usage
		Usr 0 00:00:00, Sys 0 00:00:00  -  Total Local Usage
	0  -  Run Bytes Sent By Job
	0  -  Run Bytes Received By Job
	0  -  Total Bytes Sent By Job
	0  -  Total Bytes Received By Job
	Partitionable Resources :    Usage  Request Allocated 
	   Cpus                 :     1.00        1         1 
	   Disk (KB)            :     1           1     29523 
	   Memory (MB)          :   137        1024      1024 

	Job terminated of its own accord at 2026-05-10T01:58:20Z with exit-code 139.
...
