000 (407686.000.000) 2026-05-07 18:21:19 Job submitted from host: <192.168.250.101:9618?addrs=192.168.250.101-9618&alias=hercules.hcms.it&noUDP&sock=schedd_3404051_6d7b>
...
001 (407686.000.000) 2026-05-08 18:55:59 Job executing on host: <192.168.250.112:9618?addrs=192.168.250.112-9618&alias=hercules02.hcms.it&noUDP&sock=startd_1261146_d63b>
	SlotName: slot50_1@hercules02.hcms.it
	CondorScratchDir = "/var/lib/condor/execute/dir_2929086"
	Cpus = 1
	Disk = 29523
	Memory = 1024
...
006 (407686.000.000) 2026-05-08 18:56:09 Image size of job updated: 53628
	52  -  MemoryUsage of job (MB)
	52932  -  ResidentSetSize of job (KB)
...
006 (407686.000.000) 2026-05-08 19:36:12 Image size of job updated: 356576
	52  -  MemoryUsage of job (MB)
	52932  -  ResidentSetSize of job (KB)
...
006 (407686.000.000) 2026-05-08 20:36:18 Image size of job updated: 357212
	52  -  MemoryUsage of job (MB)
	52932  -  ResidentSetSize of job (KB)
...
006 (407686.000.000) 2026-05-08 21:16:22 Image size of job updated: 357212
	53  -  MemoryUsage of job (MB)
	53616  -  ResidentSetSize of job (KB)
...
006 (407686.000.000) 2026-05-08 22:41:31 Image size of job updated: 357212
	53  -  MemoryUsage of job (MB)
	53752  -  ResidentSetSize of job (KB)
...
006 (407686.000.000) 2026-05-08 23:46:39 Image size of job updated: 358164
	53  -  MemoryUsage of job (MB)
	53752  -  ResidentSetSize of job (KB)
...
006 (407686.000.000) 2026-05-09 00:56:45 Image size of job updated: 362664
	53  -  MemoryUsage of job (MB)
	53752  -  ResidentSetSize of job (KB)
...
006 (407686.000.000) 2026-05-09 04:07:05 Image size of job updated: 362664
	54  -  MemoryUsage of job (MB)
	54716  -  ResidentSetSize of job (KB)
...
006 (407686.000.000) 2026-05-09 08:02:29 Image size of job updated: 362664
	55  -  MemoryUsage of job (MB)
	55652  -  ResidentSetSize of job (KB)
...
006 (407686.000.000) 2026-05-09 08:27:31 Image size of job updated: 364212
	55  -  MemoryUsage of job (MB)
	55652  -  ResidentSetSize of job (KB)
...
006 (407686.000.000) 2026-05-09 09:17:36 Image size of job updated: 364212
	56  -  MemoryUsage of job (MB)
	57192  -  ResidentSetSize of job (KB)
...
006 (407686.000.000) 2026-05-09 09:22:36 Image size of job updated: 364212
	59  -  MemoryUsage of job (MB)
	60260  -  ResidentSetSize of job (KB)
...
006 (407686.000.000) 2026-05-09 09:27:37 Image size of job updated: 364212
	60  -  MemoryUsage of job (MB)
	60516  -  ResidentSetSize of job (KB)
...
006 (407686.000.000) 2026-05-09 10:07:41 Image size of job updated: 364212
	60  -  MemoryUsage of job (MB)
	60540  -  ResidentSetSize of job (KB)
...
006 (407686.000.000) 2026-05-09 10:42:32 Image size of job updated: 364476
	60  -  MemoryUsage of job (MB)
	60540  -  ResidentSetSize of job (KB)
...
005 (407686.000.000) 2026-05-09 10:42:32 Job terminated.
	(1) Normal termination (return value 139)
		Usr 0 15:25:05, Sys 0 00:15:54  -  Run Remote Usage
		Usr 0 00:00:00, Sys 0 00:00:00  -  Run Local Usage
		Usr 0 15:25:05, Sys 0 00:15:54  -  Total Remote Usage
		Usr 0 00:00:00, Sys 0 00:00:00  -  Total Local Usage
	0  -  Run Bytes Sent By Job
	0  -  Run Bytes Received By Job
	0  -  Total Bytes Sent By Job
	0  -  Total Bytes Received By Job
	Partitionable Resources :    Usage  Request Allocated 
	   Cpus                 :     0.99        1         1 
	   Disk (KB)            :     1           1     29523 
	   Memory (MB)          :    60        1024      1024 

	Job terminated of its own accord at 2026-05-09T08:42:32Z with exit-code 139.
...
