000 (407731.000.000) 2026-05-07 18:21:20 Job submitted from host: <192.168.250.101:9618?addrs=192.168.250.101-9618&alias=hercules.hcms.it&noUDP&sock=schedd_3404051_6d7b>
...
001 (407731.000.000) 2026-05-08 20:59:02 Job executing on host: <192.168.250.23:9618?addrs=192.168.250.23-9618&alias=pccms13.hcms.it&noUDP&sock=startd_4182521_18e8>
	SlotName: slot56_1@pccms13.hcms.it
	CondorScratchDir = "/var/lib/condor/execute/dir_2166189"
	Cpus = 1
	Disk = 23466
	Memory = 1024
...
006 (407731.000.000) 2026-05-08 20:59:11 Image size of job updated: 36724
	36  -  MemoryUsage of job (MB)
	36336  -  ResidentSetSize of job (KB)
...
006 (407731.000.000) 2026-05-08 21:09:13 Image size of job updated: 39388
	37  -  MemoryUsage of job (MB)
	37340  -  ResidentSetSize of job (KB)
...
006 (407731.000.000) 2026-05-08 21:29:14 Image size of job updated: 39388
	38  -  MemoryUsage of job (MB)
	38332  -  ResidentSetSize of job (KB)
...
006 (407731.000.000) 2026-05-08 21:34:14 Image size of job updated: 329716
	39  -  MemoryUsage of job (MB)
	39496  -  ResidentSetSize of job (KB)
...
006 (407731.000.000) 2026-05-08 22:04:18 Image size of job updated: 335000
	39  -  MemoryUsage of job (MB)
	39556  -  ResidentSetSize of job (KB)
...
006 (407731.000.000) 2026-05-08 22:29:21 Image size of job updated: 335000
	39  -  MemoryUsage of job (MB)
	39692  -  ResidentSetSize of job (KB)
...
006 (407731.000.000) 2026-05-08 22:49:23 Image size of job updated: 335000
	41  -  MemoryUsage of job (MB)
	41040  -  ResidentSetSize of job (KB)
...
006 (407731.000.000) 2026-05-09 00:09:31 Image size of job updated: 335000
	44  -  MemoryUsage of job (MB)
	44924  -  ResidentSetSize of job (KB)
...
006 (407731.000.000) 2026-05-09 02:49:46 Image size of job updated: 336224
	44  -  MemoryUsage of job (MB)
	44924  -  ResidentSetSize of job (KB)
...
006 (407731.000.000) 2026-05-09 04:09:55 Image size of job updated: 339340
	44  -  MemoryUsage of job (MB)
	44924  -  ResidentSetSize of job (KB)
...
006 (407731.000.000) 2026-05-09 05:15:01 Image size of job updated: 339340
	45  -  MemoryUsage of job (MB)
	45816  -  ResidentSetSize of job (KB)
...
006 (407731.000.000) 2026-05-09 10:00:30 Image size of job updated: 341996
	45  -  MemoryUsage of job (MB)
	45816  -  ResidentSetSize of job (KB)
...
006 (407731.000.000) 2026-05-09 15:16:04 Image size of job updated: 341996
	46  -  MemoryUsage of job (MB)
	46552  -  ResidentSetSize of job (KB)
...
006 (407731.000.000) 2026-05-09 20:26:24 Image size of job updated: 342040
	46  -  MemoryUsage of job (MB)
	46552  -  ResidentSetSize of job (KB)
...
005 (407731.000.000) 2026-05-09 20:26:24 Job terminated.
	(1) Normal termination (return value 139)
		Usr 0 22:52:38, Sys 0 00:25:19  -  Run Remote Usage
		Usr 0 00:00:00, Sys 0 00:00:00  -  Run Local Usage
		Usr 0 22:52:38, Sys 0 00:25:19  -  Total Remote Usage
		Usr 0 00:00:00, Sys 0 00:00:00  -  Total Local Usage
	0  -  Run Bytes Sent By Job
	0  -  Run Bytes Received By Job
	0  -  Total Bytes Sent By Job
	0  -  Total Bytes Received By Job
	Partitionable Resources :    Usage  Request Allocated 
	   Cpus                 :     0.99        1         1 
	   Disk (KB)            :     1           1     23466 
	   Memory (MB)          :    46        1024      1024 

	Job terminated of its own accord at 2026-05-09T18:26:24Z with exit-code 139.
...
