000 (407666.000.000) 2026-05-07 18:21:18 Job submitted from host: <192.168.250.101:9618?addrs=192.168.250.101-9618&alias=hercules.hcms.it&noUDP&sock=schedd_3404051_6d7b>
...
001 (407666.000.000) 2026-05-08 17:34:58 Job executing on host: <192.168.250.102:9618?addrs=192.168.250.102-9618&alias=empire.hcms.it&noUDP&sock=startd_2716409_3615>
	SlotName: slot41_1@empire.hcms.it
	CondorScratchDir = "/var/lib/condor/execute/dir_2446947"
	Cpus = 1
	Disk = 22792
	Memory = 1024
...
006 (407666.000.000) 2026-05-08 17:35:07 Image size of job updated: 55944
	55  -  MemoryUsage of job (MB)
	55612  -  ResidentSetSize of job (KB)
...
006 (407666.000.000) 2026-05-08 18:10:11 Image size of job updated: 356928
	240  -  MemoryUsage of job (MB)
	244892  -  ResidentSetSize of job (KB)
...
006 (407666.000.000) 2026-05-08 18:15:12 Image size of job updated: 357196
	240  -  MemoryUsage of job (MB)
	244892  -  ResidentSetSize of job (KB)
...
006 (407666.000.000) 2026-05-08 18:40:14 Image size of job updated: 358600
	240  -  MemoryUsage of job (MB)
	244892  -  ResidentSetSize of job (KB)
...
006 (407666.000.000) 2026-05-08 18:50:16 Image size of job updated: 361360
	240  -  MemoryUsage of job (MB)
	244892  -  ResidentSetSize of job (KB)
...
006 (407666.000.000) 2026-05-08 21:15:32 Image size of job updated: 362160
	240  -  MemoryUsage of job (MB)
	244892  -  ResidentSetSize of job (KB)
...
006 (407666.000.000) 2026-05-09 00:05:49 Image size of job updated: 362656
	240  -  MemoryUsage of job (MB)
	244892  -  ResidentSetSize of job (KB)
...
006 (407666.000.000) 2026-05-09 01:50:59 Image size of job updated: 365060
	240  -  MemoryUsage of job (MB)
	244892  -  ResidentSetSize of job (KB)
...
006 (407666.000.000) 2026-05-09 03:21:09 Image size of job updated: 366452
	240  -  MemoryUsage of job (MB)
	244892  -  ResidentSetSize of job (KB)
...
006 (407666.000.000) 2026-05-09 14:42:18 Image size of job updated: 366452
	250  -  MemoryUsage of job (MB)
	255256  -  ResidentSetSize of job (KB)
...
006 (407666.000.000) 2026-05-09 15:07:22 Image size of job updated: 664780
	347  -  MemoryUsage of job (MB)
	354548  -  ResidentSetSize of job (KB)
...
006 (407666.000.000) 2026-05-09 15:17:22 Image size of job updated: 666408
	348  -  MemoryUsage of job (MB)
	355360  -  ResidentSetSize of job (KB)
...
006 (407666.000.000) 2026-05-09 15:27:24 Image size of job updated: 666408
	348  -  MemoryUsage of job (MB)
	355840  -  ResidentSetSize of job (KB)
...
006 (407666.000.000) 2026-05-09 16:37:30 Image size of job updated: 666408
	348  -  MemoryUsage of job (MB)
	356032  -  ResidentSetSize of job (KB)
...
006 (407666.000.000) 2026-05-09 16:52:31 Image size of job updated: 667328
	355  -  MemoryUsage of job (MB)
	362656  -  ResidentSetSize of job (KB)
...
006 (407666.000.000) 2026-05-09 17:22:34 Image size of job updated: 667500
	355  -  MemoryUsage of job (MB)
	362656  -  ResidentSetSize of job (KB)
...
006 (407666.000.000) 2026-05-09 18:07:40 Image size of job updated: 667500
	355  -  MemoryUsage of job (MB)
	362904  -  ResidentSetSize of job (KB)
...
006 (407666.000.000) 2026-05-09 18:25:14 Image size of job updated: 668488
	355  -  MemoryUsage of job (MB)
	362904  -  ResidentSetSize of job (KB)
...
005 (407666.000.000) 2026-05-09 18:25:14 Job terminated.
	(1) Normal termination (return value 139)
		Usr 0 23:27:53, Sys 0 01:11:49  -  Run Remote Usage
		Usr 0 00:00:00, Sys 0 00:00:00  -  Run Local Usage
		Usr 0 23:27:53, Sys 0 01:11:49  -  Total Remote Usage
		Usr 0 00:00:00, Sys 0 00:00:00  -  Total Local Usage
	0  -  Run Bytes Sent By Job
	0  -  Run Bytes Received By Job
	0  -  Total Bytes Sent By Job
	0  -  Total Bytes Received By Job
	Partitionable Resources :    Usage  Request Allocated 
	   Cpus                 :     0.99        1         1 
	   Disk (KB)            :     1           1     22792 
	   Memory (MB)          :   355        1024      1024 

	Job terminated of its own accord at 2026-05-09T16:25:14Z with exit-code 139.
...
