000 (407783.000.000) 2026-05-07 18:21:22 Job submitted from host: <192.168.250.101:9618?addrs=192.168.250.101-9618&alias=hercules.hcms.it&noUDP&sock=schedd_3404051_6d7b>
...
001 (407783.000.000) 2026-05-08 23:07:05 Job executing on host: <192.168.250.103:9618?addrs=192.168.250.103-9618&alias=clipper.hcms.it&noUDP&sock=startd_3676022_e97e>
	SlotName: slot6_1@clipper.hcms.it
	CondorScratchDir = "/var/lib/condor/execute/dir_2897713"
	Cpus = 1
	Disk = 20734
	Memory = 1024
...
006 (407783.000.000) 2026-05-08 23:07:14 Image size of job updated: 52800
	52  -  MemoryUsage of job (MB)
	52548  -  ResidentSetSize of job (KB)
...
006 (407783.000.000) 2026-05-08 23:12:15 Image size of job updated: 54788
	53  -  MemoryUsage of job (MB)
	53320  -  ResidentSetSize of job (KB)
...
006 (407783.000.000) 2026-05-09 00:12:21 Image size of job updated: 359276
	57  -  MemoryUsage of job (MB)
	58044  -  ResidentSetSize of job (KB)
...
006 (407783.000.000) 2026-05-09 00:37:24 Image size of job updated: 362676
	57  -  MemoryUsage of job (MB)
	58044  -  ResidentSetSize of job (KB)
...
006 (407783.000.000) 2026-05-09 08:28:12 Image size of job updated: 368552
	57  -  MemoryUsage of job (MB)
	58044  -  ResidentSetSize of job (KB)
...
006 (407783.000.000) 2026-05-09 08:33:12 Image size of job updated: 368552
	57  -  MemoryUsage of job (MB)
	58320  -  ResidentSetSize of job (KB)
...
006 (407783.000.000) 2026-05-09 08:43:13 Image size of job updated: 368552
	60  -  MemoryUsage of job (MB)
	61156  -  ResidentSetSize of job (KB)
...
006 (407783.000.000) 2026-05-09 08:58:15 Image size of job updated: 368552
	60  -  MemoryUsage of job (MB)
	61256  -  ResidentSetSize of job (KB)
...
006 (407783.000.000) 2026-05-09 09:03:15 Image size of job updated: 368552
	61  -  MemoryUsage of job (MB)
	61488  -  ResidentSetSize of job (KB)
...
006 (407783.000.000) 2026-05-09 09:48:20 Image size of job updated: 368552
	62  -  MemoryUsage of job (MB)
	62512  -  ResidentSetSize of job (KB)
...
006 (407783.000.000) 2026-05-09 10:43:26 Image size of job updated: 368576
	62  -  MemoryUsage of job (MB)
	62512  -  ResidentSetSize of job (KB)
...
006 (407783.000.000) 2026-05-09 11:28:29 Image size of job updated: 370796
	62  -  MemoryUsage of job (MB)
	63112  -  ResidentSetSize of job (KB)
...
006 (407783.000.000) 2026-05-09 11:58:32 Image size of job updated: 370796
	64  -  MemoryUsage of job (MB)
	64920  -  ResidentSetSize of job (KB)
...
006 (407783.000.000) 2026-05-09 12:38:36 Image size of job updated: 373772
	64  -  MemoryUsage of job (MB)
	64920  -  ResidentSetSize of job (KB)
...
005 (407783.000.000) 2026-05-10 03:02:46 Job terminated.
	(1) Normal termination (return value 139)
		Usr 1 02:56:40, Sys 0 00:50:45  -  Run Remote Usage
		Usr 0 00:00:00, Sys 0 00:00:00  -  Run Local Usage
		Usr 1 02:56:40, Sys 0 00:50:45  -  Total Remote Usage
		Usr 0 00:00:00, Sys 0 00:00:00  -  Total Local Usage
	0  -  Run Bytes Sent By Job
	0  -  Run Bytes Received By Job
	0  -  Total Bytes Sent By Job
	0  -  Total Bytes Received By Job
	Partitionable Resources :    Usage  Request Allocated 
	   Cpus                 :     1.00        1         1 
	   Disk (KB)            :     1           1     20734 
	   Memory (MB)          :    64        1024      1024 

	Job terminated of its own accord at 2026-05-10T01:02:46Z with exit-code 139.
...
