000 (407823.000.000) 2026-05-07 18:21:23 Job submitted from host: <192.168.250.101:9618?addrs=192.168.250.101-9618&alias=hercules.hcms.it&noUDP&sock=schedd_3404051_6d7b>
...
001 (407823.000.000) 2026-05-09 03:27:11 Job executing on host: <192.168.250.102:9618?addrs=192.168.250.102-9618&alias=empire.hcms.it&noUDP&sock=startd_2716409_3615>
	SlotName: slot66_1@empire.hcms.it
	CondorScratchDir = "/var/lib/condor/execute/dir_3940867"
	Cpus = 1
	Disk = 22792
	Memory = 1024
...
006 (407823.000.000) 2026-05-09 03:27:20 Image size of job updated: 57632
	55  -  MemoryUsage of job (MB)
	55304  -  ResidentSetSize of job (KB)
...
006 (407823.000.000) 2026-05-09 03:32:21 Image size of job updated: 57632
	55  -  MemoryUsage of job (MB)
	55432  -  ResidentSetSize of job (KB)
...
006 (407823.000.000) 2026-05-09 04:37:28 Image size of job updated: 355888
	55  -  MemoryUsage of job (MB)
	55432  -  ResidentSetSize of job (KB)
...
006 (407823.000.000) 2026-05-09 05:32:35 Image size of job updated: 356152
	55  -  MemoryUsage of job (MB)
	55432  -  ResidentSetSize of job (KB)
...
006 (407823.000.000) 2026-05-09 05:57:36 Image size of job updated: 358760
	55  -  MemoryUsage of job (MB)
	55432  -  ResidentSetSize of job (KB)
...
006 (407823.000.000) 2026-05-09 07:37:46 Image size of job updated: 358760
	55  -  MemoryUsage of job (MB)
	56320  -  ResidentSetSize of job (KB)
...
006 (407823.000.000) 2026-05-09 08:37:52 Image size of job updated: 358760
	56  -  MemoryUsage of job (MB)
	56468  -  ResidentSetSize of job (KB)
...
006 (407823.000.000) 2026-05-09 09:27:57 Image size of job updated: 358760
	56  -  MemoryUsage of job (MB)
	56480  -  ResidentSetSize of job (KB)
...
006 (407823.000.000) 2026-05-09 09:53:00 Image size of job updated: 359600
	56  -  MemoryUsage of job (MB)
	56480  -  ResidentSetSize of job (KB)
...
006 (407823.000.000) 2026-05-09 10:23:02 Image size of job updated: 359644
	56  -  MemoryUsage of job (MB)
	56480  -  ResidentSetSize of job (KB)
...
006 (407823.000.000) 2026-05-09 11:53:11 Image size of job updated: 359644
	56  -  MemoryUsage of job (MB)
	56644  -  ResidentSetSize of job (KB)
...
006 (407823.000.000) 2026-05-09 12:43:16 Image size of job updated: 360860
	56  -  MemoryUsage of job (MB)
	56644  -  ResidentSetSize of job (KB)
...
006 (407823.000.000) 2026-05-09 13:28:20 Image size of job updated: 360860
	56  -  MemoryUsage of job (MB)
	56652  -  ResidentSetSize of job (KB)
...
006 (407823.000.000) 2026-05-09 18:48:53 Image size of job updated: 360860
	56  -  MemoryUsage of job (MB)
	57100  -  ResidentSetSize of job (KB)
...
006 (407823.000.000) 2026-05-09 20:54:05 Image size of job updated: 360860
	56  -  MemoryUsage of job (MB)
	57336  -  ResidentSetSize of job (KB)
...
006 (407823.000.000) 2026-05-09 21:19:07 Image size of job updated: 362180
	56  -  MemoryUsage of job (MB)
	57336  -  ResidentSetSize of job (KB)
...
006 (407823.000.000) 2026-05-09 21:54:11 Image size of job updated: 362180
	120  -  MemoryUsage of job (MB)
	122408  -  ResidentSetSize of job (KB)
...
006 (407823.000.000) 2026-05-09 21:59:12 Image size of job updated: 362324
	120  -  MemoryUsage of job (MB)
	122664  -  ResidentSetSize of job (KB)
...
006 (407823.000.000) 2026-05-10 00:29:28 Image size of job updated: 363476
	120  -  MemoryUsage of job (MB)
	122664  -  ResidentSetSize of job (KB)
...
006 (407823.000.000) 2026-05-10 00:59:31 Image size of job updated: 664832
	354  -  MemoryUsage of job (MB)
	362376  -  ResidentSetSize of job (KB)
...
006 (407823.000.000) 2026-05-10 01:14:33 Image size of job updated: 668956
	354  -  MemoryUsage of job (MB)
	362376  -  ResidentSetSize of job (KB)
...
006 (407823.000.000) 2026-05-10 01:24:33 Image size of job updated: 668956
	357  -  MemoryUsage of job (MB)
	364636  -  ResidentSetSize of job (KB)
...
006 (407823.000.000) 2026-05-10 03:49:47 Image size of job updated: 670220
	357  -  MemoryUsage of job (MB)
	364636  -  ResidentSetSize of job (KB)
...
006 (407823.000.000) 2026-05-10 06:35:04 Image size of job updated: 670220
	361  -  MemoryUsage of job (MB)
	368976  -  ResidentSetSize of job (KB)
...
005 (407823.000.000) 2026-05-10 08:37:26 Job terminated.
	(1) Normal termination (return value 139)
		Usr 1 04:38:02, Sys 0 00:20:44  -  Run Remote Usage
		Usr 0 00:00:00, Sys 0 00:00:00  -  Run Local Usage
		Usr 1 04:38:02, Sys 0 00:20:44  -  Total Remote Usage
		Usr 0 00:00:00, Sys 0 00:00:00  -  Total Local Usage
	0  -  Run Bytes Sent By Job
	0  -  Run Bytes Received By Job
	0  -  Total Bytes Sent By Job
	0  -  Total Bytes Received By Job
	Partitionable Resources :    Usage  Request Allocated 
	   Cpus                 :     1.00        1         1 
	   Disk (KB)            :     1           1     22792 
	   Memory (MB)          :   361        1024      1024 

	Job terminated of its own accord at 2026-05-10T06:37:26Z with exit-code 139.
...
