000 (407550.000.000) 2026-05-07 18:21:15 Job submitted from host: <192.168.250.101:9618?addrs=192.168.250.101-9618&alias=hercules.hcms.it&noUDP&sock=schedd_3404051_6d7b>
...
001 (407550.000.000) 2026-05-07 18:21:19 Job executing on host: <192.168.250.112:9618?addrs=192.168.250.112-9618&alias=hercules02.hcms.it&noUDP&sock=startd_1261146_d63b>
	SlotName: slot76_1@hercules02.hcms.it
	CondorScratchDir = "/var/lib/condor/execute/dir_3900974"
	Cpus = 1
	Disk = 29523
	Memory = 1024
...
006 (407550.000.000) 2026-05-07 18:21:27 Image size of job updated: 55024
	47  -  MemoryUsage of job (MB)
	47652  -  ResidentSetSize of job (KB)
...
006 (407550.000.000) 2026-05-07 18:26:27 Image size of job updated: 356440
	49  -  MemoryUsage of job (MB)
	49752  -  ResidentSetSize of job (KB)
...
006 (407550.000.000) 2026-05-07 18:41:28 Image size of job updated: 356820
	49  -  MemoryUsage of job (MB)
	49752  -  ResidentSetSize of job (KB)
...
006 (407550.000.000) 2026-05-07 19:46:35 Image size of job updated: 356820
	50  -  MemoryUsage of job (MB)
	50480  -  ResidentSetSize of job (KB)
...
006 (407550.000.000) 2026-05-07 19:51:35 Image size of job updated: 362116
	50  -  MemoryUsage of job (MB)
	50524  -  ResidentSetSize of job (KB)
...
006 (407550.000.000) 2026-05-07 20:01:37 Image size of job updated: 362116
	50  -  MemoryUsage of job (MB)
	50780  -  ResidentSetSize of job (KB)
...
006 (407550.000.000) 2026-05-07 20:21:38 Image size of job updated: 362116
	51  -  MemoryUsage of job (MB)
	51764  -  ResidentSetSize of job (KB)
...
006 (407550.000.000) 2026-05-07 20:26:38 Image size of job updated: 362116
	51  -  MemoryUsage of job (MB)
	51844  -  ResidentSetSize of job (KB)
...
006 (407550.000.000) 2026-05-07 20:41:40 Image size of job updated: 369224
	51  -  MemoryUsage of job (MB)
	51844  -  ResidentSetSize of job (KB)
...
006 (407550.000.000) 2026-05-07 21:56:48 Image size of job updated: 369224
	55  -  MemoryUsage of job (MB)
	55724  -  ResidentSetSize of job (KB)
...
006 (407550.000.000) 2026-05-08 03:07:20 Image size of job updated: 369224
	56  -  MemoryUsage of job (MB)
	57104  -  ResidentSetSize of job (KB)
...
006 (407550.000.000) 2026-05-08 03:47:25 Image size of job updated: 369224
	58  -  MemoryUsage of job (MB)
	58396  -  ResidentSetSize of job (KB)
...
005 (407550.000.000) 2026-05-08 05:05:20 Job terminated.
	(1) Normal termination (return value 139)
		Usr 0 10:24:31, Sys 0 00:15:32  -  Run Remote Usage
		Usr 0 00:00:00, Sys 0 00:00:00  -  Run Local Usage
		Usr 0 10:24:31, Sys 0 00:15:32  -  Total Remote Usage
		Usr 0 00:00:00, Sys 0 00:00:00  -  Total Local Usage
	0  -  Run Bytes Sent By Job
	0  -  Run Bytes Received By Job
	0  -  Total Bytes Sent By Job
	0  -  Total Bytes Received By Job
	Partitionable Resources :    Usage  Request Allocated 
	   Cpus                 :     0.99        1         1 
	   Disk (KB)            :     1           1     29523 
	   Memory (MB)          :    58        1024      1024 

	Job terminated of its own accord at 2026-05-08T03:05:20Z with exit-code 139.
...
