000 (407675.000.000) 2026-05-07 18:21:19 Job submitted from host: <192.168.250.101:9618?addrs=192.168.250.101-9618&alias=hercules.hcms.it&noUDP&sock=schedd_3404051_6d7b>
...
001 (407675.000.000) 2026-05-08 18:13:58 Job executing on host: <192.168.250.22:9618?addrs=192.168.250.22-9618&alias=pccms12.hcms.it&noUDP&sock=startd_3275093_f746>
	SlotName: slot24_1@pccms12.hcms.it
	CondorScratchDir = "/var/lib/condor/execute/dir_1668676"
	Cpus = 1
	Disk = 22134
	Memory = 1024
...
006 (407675.000.000) 2026-05-08 18:14:07 Image size of job updated: 40008
	38  -  MemoryUsage of job (MB)
	38864  -  ResidentSetSize of job (KB)
...
006 (407675.000.000) 2026-05-08 18:44:10 Image size of job updated: 328848
	38  -  MemoryUsage of job (MB)
	38864  -  ResidentSetSize of job (KB)
...
006 (407675.000.000) 2026-05-08 19:24:14 Image size of job updated: 328892
	38  -  MemoryUsage of job (MB)
	38864  -  ResidentSetSize of job (KB)
...
006 (407675.000.000) 2026-05-08 19:54:17 Image size of job updated: 329044
	38  -  MemoryUsage of job (MB)
	38864  -  ResidentSetSize of job (KB)
...
006 (407675.000.000) 2026-05-08 20:04:18 Image size of job updated: 329520
	38  -  MemoryUsage of job (MB)
	38864  -  ResidentSetSize of job (KB)
...
006 (407675.000.000) 2026-05-08 20:14:19 Image size of job updated: 330988
	38  -  MemoryUsage of job (MB)
	38864  -  ResidentSetSize of job (KB)
...
006 (407675.000.000) 2026-05-08 20:49:23 Image size of job updated: 330988
	44  -  MemoryUsage of job (MB)
	44348  -  ResidentSetSize of job (KB)
...
006 (407675.000.000) 2026-05-08 21:19:26 Image size of job updated: 331612
	44  -  MemoryUsage of job (MB)
	44348  -  ResidentSetSize of job (KB)
...
006 (407675.000.000) 2026-05-08 21:34:27 Image size of job updated: 333392
	44  -  MemoryUsage of job (MB)
	44348  -  ResidentSetSize of job (KB)
...
006 (407675.000.000) 2026-05-08 23:09:37 Image size of job updated: 335816
	44  -  MemoryUsage of job (MB)
	44348  -  ResidentSetSize of job (KB)
...
006 (407675.000.000) 2026-05-09 04:40:12 Image size of job updated: 335816
	44  -  MemoryUsage of job (MB)
	44516  -  ResidentSetSize of job (KB)
...
006 (407675.000.000) 2026-05-09 06:00:21 Image size of job updated: 335816
	45  -  MemoryUsage of job (MB)
	45136  -  ResidentSetSize of job (KB)
...
006 (407675.000.000) 2026-05-09 07:15:28 Image size of job updated: 335816
	45  -  MemoryUsage of job (MB)
	45196  -  ResidentSetSize of job (KB)
...
006 (407675.000.000) 2026-05-09 08:35:38 Image size of job updated: 335816
	45  -  MemoryUsage of job (MB)
	45344  -  ResidentSetSize of job (KB)
...
006 (407675.000.000) 2026-05-09 12:41:03 Image size of job updated: 335816
	45  -  MemoryUsage of job (MB)
	45872  -  ResidentSetSize of job (KB)
...
006 (407675.000.000) 2026-05-09 13:06:06 Image size of job updated: 335816
	46  -  MemoryUsage of job (MB)
	46500  -  ResidentSetSize of job (KB)
...
006 (407675.000.000) 2026-05-09 14:36:15 Image size of job updated: 335816
	149  -  MemoryUsage of job (MB)
	151564  -  ResidentSetSize of job (KB)
...
006 (407675.000.000) 2026-05-09 14:41:15 Image size of job updated: 338784
	149  -  MemoryUsage of job (MB)
	152076  -  ResidentSetSize of job (KB)
...
005 (407675.000.000) 2026-05-09 16:06:40 Job terminated.
	(1) Normal termination (return value 139)
		Usr 0 21:16:54, Sys 0 00:25:27  -  Run Remote Usage
		Usr 0 00:00:00, Sys 0 00:00:00  -  Run Local Usage
		Usr 0 21:16:54, Sys 0 00:25:27  -  Total Remote Usage
		Usr 0 00:00:00, Sys 0 00:00:00  -  Total Local Usage
	0  -  Run Bytes Sent By Job
	0  -  Run Bytes Received By Job
	0  -  Total Bytes Sent By Job
	0  -  Total Bytes Received By Job
	Partitionable Resources :    Usage  Request Allocated 
	   Cpus                 :     0.99        1         1 
	   Disk (KB)            :     1           1     22134 
	   Memory (MB)          :   149        1024      1024 

	Job terminated of its own accord at 2026-05-09T14:06:40Z with exit-code 139.
...
