000 (407701.000.000) 2026-05-07 18:21:19 Job submitted from host: <192.168.250.101:9618?addrs=192.168.250.101-9618&alias=hercules.hcms.it&noUDP&sock=schedd_3404051_6d7b>
...
001 (407701.000.000) 2026-05-08 19:56:01 Job executing on host: <192.168.250.112:9618?addrs=192.168.250.112-9618&alias=hercules02.hcms.it&noUDP&sock=startd_1261146_d63b>
	SlotName: slot76_1@hercules02.hcms.it
	CondorScratchDir = "/var/lib/condor/execute/dir_3046195"
	Cpus = 1
	Disk = 29523
	Memory = 1024
...
006 (407701.000.000) 2026-05-08 19:56:09 Image size of job updated: 54796
	47  -  MemoryUsage of job (MB)
	47908  -  ResidentSetSize of job (KB)
...
006 (407701.000.000) 2026-05-08 20:01:09 Image size of job updated: 54796
	48  -  MemoryUsage of job (MB)
	48472  -  ResidentSetSize of job (KB)
...
006 (407701.000.000) 2026-05-08 20:06:10 Image size of job updated: 352556
	48  -  MemoryUsage of job (MB)
	48928  -  ResidentSetSize of job (KB)
...
006 (407701.000.000) 2026-05-08 20:21:11 Image size of job updated: 355720
	49  -  MemoryUsage of job (MB)
	49828  -  ResidentSetSize of job (KB)
...
006 (407701.000.000) 2026-05-08 20:26:12 Image size of job updated: 355720
	49  -  MemoryUsage of job (MB)
	49840  -  ResidentSetSize of job (KB)
...
006 (407701.000.000) 2026-05-08 20:36:12 Image size of job updated: 355720
	49  -  MemoryUsage of job (MB)
	49968  -  ResidentSetSize of job (KB)
...
006 (407701.000.000) 2026-05-08 20:46:14 Image size of job updated: 355964
	49  -  MemoryUsage of job (MB)
	49968  -  ResidentSetSize of job (KB)
...
006 (407701.000.000) 2026-05-08 20:51:14 Image size of job updated: 355964
	49  -  MemoryUsage of job (MB)
	50068  -  ResidentSetSize of job (KB)
...
006 (407701.000.000) 2026-05-08 21:01:16 Image size of job updated: 355964
	49  -  MemoryUsage of job (MB)
	50136  -  ResidentSetSize of job (KB)
...
006 (407701.000.000) 2026-05-08 21:31:18 Image size of job updated: 355964
	50  -  MemoryUsage of job (MB)
	50552  -  ResidentSetSize of job (KB)
...
006 (407701.000.000) 2026-05-08 21:36:19 Image size of job updated: 355964
	50  -  MemoryUsage of job (MB)
	50600  -  ResidentSetSize of job (KB)
...
006 (407701.000.000) 2026-05-08 21:51:21 Image size of job updated: 358776
	50  -  MemoryUsage of job (MB)
	50600  -  ResidentSetSize of job (KB)
...
006 (407701.000.000) 2026-05-08 22:06:22 Image size of job updated: 358776
	50  -  MemoryUsage of job (MB)
	51104  -  ResidentSetSize of job (KB)
...
006 (407701.000.000) 2026-05-08 22:11:22 Image size of job updated: 358776
	51  -  MemoryUsage of job (MB)
	51220  -  ResidentSetSize of job (KB)
...
006 (407701.000.000) 2026-05-08 23:16:29 Image size of job updated: 358776
	52  -  MemoryUsage of job (MB)
	52600  -  ResidentSetSize of job (KB)
...
006 (407701.000.000) 2026-05-08 23:21:29 Image size of job updated: 358776
	52  -  MemoryUsage of job (MB)
	52856  -  ResidentSetSize of job (KB)
...
006 (407701.000.000) 2026-05-08 23:36:31 Image size of job updated: 359968
	52  -  MemoryUsage of job (MB)
	52856  -  ResidentSetSize of job (KB)
...
006 (407701.000.000) 2026-05-08 23:56:32 Image size of job updated: 359968
	54  -  MemoryUsage of job (MB)
	55264  -  ResidentSetSize of job (KB)
...
006 (407701.000.000) 2026-05-09 02:36:50 Image size of job updated: 359968
	55  -  MemoryUsage of job (MB)
	55764  -  ResidentSetSize of job (KB)
...
006 (407701.000.000) 2026-05-09 05:52:11 Image size of job updated: 359968
	55  -  MemoryUsage of job (MB)
	56156  -  ResidentSetSize of job (KB)
...
006 (407701.000.000) 2026-05-09 06:07:12 Image size of job updated: 360280
	55  -  MemoryUsage of job (MB)
	56156  -  ResidentSetSize of job (KB)
...
006 (407701.000.000) 2026-05-09 07:12:19 Image size of job updated: 360280
	170  -  MemoryUsage of job (MB)
	173616  -  ResidentSetSize of job (KB)
...
006 (407701.000.000) 2026-05-09 09:47:33 Image size of job updated: 361436
	170  -  MemoryUsage of job (MB)
	173616  -  ResidentSetSize of job (KB)
...
005 (407701.000.000) 2026-05-09 11:51:40 Job terminated.
	(1) Normal termination (return value 139)
		Usr 0 15:33:52, Sys 0 00:16:02  -  Run Remote Usage
		Usr 0 00:00:00, Sys 0 00:00:00  -  Run Local Usage
		Usr 0 15:33:52, Sys 0 00:16:02  -  Total Remote Usage
		Usr 0 00:00:00, Sys 0 00:00:00  -  Total Local Usage
	0  -  Run Bytes Sent By Job
	0  -  Run Bytes Received By Job
	0  -  Total Bytes Sent By Job
	0  -  Total Bytes Received By Job
	Partitionable Resources :    Usage  Request Allocated 
	   Cpus                 :     0.99        1         1 
	   Disk (KB)            :     1           1     29523 
	   Memory (MB)          :   170        1024      1024 

	Job terminated of its own accord at 2026-05-09T09:51:40Z with exit-code 139.
...
