000 (407489.000.000) 2026-05-07 18:21:14 Job submitted from host: <192.168.250.101:9618?addrs=192.168.250.101-9618&alias=hercules.hcms.it&noUDP&sock=schedd_3404051_6d7b>
...
001 (407489.000.000) 2026-05-07 18:21:19 Job executing on host: <192.168.250.112:9618?addrs=192.168.250.112-9618&alias=hercules02.hcms.it&noUDP&sock=startd_1261146_d63b>
	SlotName: slot15_1@hercules02.hcms.it
	CondorScratchDir = "/var/lib/condor/execute/dir_3900920"
	Cpus = 1
	Disk = 29523
	Memory = 1024
...
006 (407489.000.000) 2026-05-07 18:21:27 Image size of job updated: 54572
	52  -  MemoryUsage of job (MB)
	52524  -  ResidentSetSize of job (KB)
...
006 (407489.000.000) 2026-05-07 18:36:28 Image size of job updated: 353696
	52  -  MemoryUsage of job (MB)
	52524  -  ResidentSetSize of job (KB)
...
006 (407489.000.000) 2026-05-07 19:06:31 Image size of job updated: 354688
	52  -  MemoryUsage of job (MB)
	52524  -  ResidentSetSize of job (KB)
...
006 (407489.000.000) 2026-05-07 19:11:32 Image size of job updated: 355088
	52  -  MemoryUsage of job (MB)
	52524  -  ResidentSetSize of job (KB)
...
006 (407489.000.000) 2026-05-07 19:16:32 Image size of job updated: 358524
	52  -  MemoryUsage of job (MB)
	52524  -  ResidentSetSize of job (KB)
...
006 (407489.000.000) 2026-05-07 19:36:33 Image size of job updated: 358524
	53  -  MemoryUsage of job (MB)
	54152  -  ResidentSetSize of job (KB)
...
006 (407489.000.000) 2026-05-07 21:56:48 Image size of job updated: 360776
	53  -  MemoryUsage of job (MB)
	54152  -  ResidentSetSize of job (KB)
...
006 (407489.000.000) 2026-05-08 00:37:03 Image size of job updated: 360776
	54  -  MemoryUsage of job (MB)
	55048  -  ResidentSetSize of job (KB)
...
006 (407489.000.000) 2026-05-08 02:52:17 Image size of job updated: 360776
	54  -  MemoryUsage of job (MB)
	55200  -  ResidentSetSize of job (KB)
...
006 (407489.000.000) 2026-05-08 02:57:18 Image size of job updated: 360776
	55  -  MemoryUsage of job (MB)
	55528  -  ResidentSetSize of job (KB)
...
006 (407489.000.000) 2026-05-08 05:17:32 Image size of job updated: 360776
	56  -  MemoryUsage of job (MB)
	56472  -  ResidentSetSize of job (KB)
...
006 (407489.000.000) 2026-05-08 05:32:34 Image size of job updated: 360776
	56  -  MemoryUsage of job (MB)
	56684  -  ResidentSetSize of job (KB)
...
006 (407489.000.000) 2026-05-08 05:42:35 Image size of job updated: 360776
	56  -  MemoryUsage of job (MB)
	56880  -  ResidentSetSize of job (KB)
...
006 (407489.000.000) 2026-05-08 06:07:37 Image size of job updated: 360776
	56  -  MemoryUsage of job (MB)
	57036  -  ResidentSetSize of job (KB)
...
006 (407489.000.000) 2026-05-08 06:42:40 Image size of job updated: 360776
	56  -  MemoryUsage of job (MB)
	57076  -  ResidentSetSize of job (KB)
...
006 (407489.000.000) 2026-05-08 06:47:41 Image size of job updated: 360776
	56  -  MemoryUsage of job (MB)
	57112  -  ResidentSetSize of job (KB)
...
006 (407489.000.000) 2026-05-08 10:58:07 Image size of job updated: 360776
	60  -  MemoryUsage of job (MB)
	61172  -  ResidentSetSize of job (KB)
...
006 (407489.000.000) 2026-05-08 11:13:08 Image size of job updated: 360776
	62  -  MemoryUsage of job (MB)
	63476  -  ResidentSetSize of job (KB)
...
006 (407489.000.000) 2026-05-08 13:33:23 Image size of job updated: 360776
	63  -  MemoryUsage of job (MB)
	63680  -  ResidentSetSize of job (KB)
...
006 (407489.000.000) 2026-05-08 13:38:23 Image size of job updated: 360776
	63  -  MemoryUsage of job (MB)
	63760  -  ResidentSetSize of job (KB)
...
006 (407489.000.000) 2026-05-08 13:48:25 Image size of job updated: 360776
	63  -  MemoryUsage of job (MB)
	63944  -  ResidentSetSize of job (KB)
...
006 (407489.000.000) 2026-05-08 13:53:25 Image size of job updated: 360776
	63  -  MemoryUsage of job (MB)
	64052  -  ResidentSetSize of job (KB)
...
006 (407489.000.000) 2026-05-08 13:58:26 Image size of job updated: 360776
	63  -  MemoryUsage of job (MB)
	64144  -  ResidentSetSize of job (KB)
...
006 (407489.000.000) 2026-05-08 14:13:27 Image size of job updated: 360776
	63  -  MemoryUsage of job (MB)
	64400  -  ResidentSetSize of job (KB)
...
006 (407489.000.000) 2026-05-08 14:18:28 Image size of job updated: 360776
	63  -  MemoryUsage of job (MB)
	64504  -  ResidentSetSize of job (KB)
...
006 (407489.000.000) 2026-05-08 14:28:28 Image size of job updated: 360776
	64  -  MemoryUsage of job (MB)
	64672  -  ResidentSetSize of job (KB)
...
006 (407489.000.000) 2026-05-08 14:33:29 Image size of job updated: 360776
	64  -  MemoryUsage of job (MB)
	65008  -  ResidentSetSize of job (KB)
...
006 (407489.000.000) 2026-05-08 14:43:30 Image size of job updated: 360776
	74  -  MemoryUsage of job (MB)
	75140  -  ResidentSetSize of job (KB)
...
006 (407489.000.000) 2026-05-08 14:58:32 Image size of job updated: 360776
	76  -  MemoryUsage of job (MB)
	77144  -  ResidentSetSize of job (KB)
...
006 (407489.000.000) 2026-05-08 16:48:44 Image size of job updated: 360776
	78  -  MemoryUsage of job (MB)
	79196  -  ResidentSetSize of job (KB)
...
006 (407489.000.000) 2026-05-08 18:38:54 Image size of job updated: 360776
	80  -  MemoryUsage of job (MB)
	81500  -  ResidentSetSize of job (KB)
...
006 (407489.000.000) 2026-05-08 20:29:06 Image size of job updated: 360776
	80  -  MemoryUsage of job (MB)
	81504  -  ResidentSetSize of job (KB)
...
006 (407489.000.000) 2026-05-08 20:34:06 Image size of job updated: 360776
	80  -  MemoryUsage of job (MB)
	81576  -  ResidentSetSize of job (KB)
...
006 (407489.000.000) 2026-05-08 20:39:07 Image size of job updated: 360776
	80  -  MemoryUsage of job (MB)
	81700  -  ResidentSetSize of job (KB)
...
006 (407489.000.000) 2026-05-08 20:44:08 Image size of job updated: 360776
	80  -  MemoryUsage of job (MB)
	81784  -  ResidentSetSize of job (KB)
...
006 (407489.000.000) 2026-05-08 20:49:08 Image size of job updated: 360776
	80  -  MemoryUsage of job (MB)
	81848  -  ResidentSetSize of job (KB)
...
006 (407489.000.000) 2026-05-08 20:59:10 Image size of job updated: 360776
	81  -  MemoryUsage of job (MB)
	82064  -  ResidentSetSize of job (KB)
...
006 (407489.000.000) 2026-05-08 21:04:10 Image size of job updated: 360776
	81  -  MemoryUsage of job (MB)
	82092  -  ResidentSetSize of job (KB)
...
006 (407489.000.000) 2026-05-08 21:09:10 Image size of job updated: 360776
	81  -  MemoryUsage of job (MB)
	82272  -  ResidentSetSize of job (KB)
...
006 (407489.000.000) 2026-05-08 21:14:11 Image size of job updated: 360776
	81  -  MemoryUsage of job (MB)
	82332  -  ResidentSetSize of job (KB)
...
006 (407489.000.000) 2026-05-08 21:19:11 Image size of job updated: 360776
	81  -  MemoryUsage of job (MB)
	82456  -  ResidentSetSize of job (KB)
...
006 (407489.000.000) 2026-05-08 21:24:11 Image size of job updated: 360776
	81  -  MemoryUsage of job (MB)
	82544  -  ResidentSetSize of job (KB)
...
006 (407489.000.000) 2026-05-08 21:29:13 Image size of job updated: 360776
	81  -  MemoryUsage of job (MB)
	82636  -  ResidentSetSize of job (KB)
...
006 (407489.000.000) 2026-05-08 21:44:14 Image size of job updated: 360776
	81  -  MemoryUsage of job (MB)
	82916  -  ResidentSetSize of job (KB)
...
006 (407489.000.000) 2026-05-08 21:54:15 Image size of job updated: 360776
	82  -  MemoryUsage of job (MB)
	83088  -  ResidentSetSize of job (KB)
...
006 (407489.000.000) 2026-05-08 21:59:16 Image size of job updated: 360776
	82  -  MemoryUsage of job (MB)
	83192  -  ResidentSetSize of job (KB)
...
006 (407489.000.000) 2026-05-08 22:04:17 Image size of job updated: 360776
	82  -  MemoryUsage of job (MB)
	83280  -  ResidentSetSize of job (KB)
...
006 (407489.000.000) 2026-05-08 22:09:17 Image size of job updated: 360776
	84  -  MemoryUsage of job (MB)
	85356  -  ResidentSetSize of job (KB)
...
006 (407489.000.000) 2026-05-08 23:59:29 Image size of job updated: 360776
	86  -  MemoryUsage of job (MB)
	87204  -  ResidentSetSize of job (KB)
...
006 (407489.000.000) 2026-05-09 01:54:40 Image size of job updated: 360776
	88  -  MemoryUsage of job (MB)
	89252  -  ResidentSetSize of job (KB)
...
006 (407489.000.000) 2026-05-09 03:44:52 Image size of job updated: 360776
	90  -  MemoryUsage of job (MB)
	91304  -  ResidentSetSize of job (KB)
...
006 (407489.000.000) 2026-05-09 05:35:04 Image size of job updated: 360776
	92  -  MemoryUsage of job (MB)
	93608  -  ResidentSetSize of job (KB)
...
006 (407489.000.000) 2026-05-09 07:25:13 Image size of job updated: 360776
	94  -  MemoryUsage of job (MB)
	95408  -  ResidentSetSize of job (KB)
...
006 (407489.000.000) 2026-05-09 09:05:24 Image size of job updated: 360776
	96  -  MemoryUsage of job (MB)
	97712  -  ResidentSetSize of job (KB)
...
006 (407489.000.000) 2026-05-09 12:25:46 Image size of job updated: 360776
	96  -  MemoryUsage of job (MB)
	97748  -  ResidentSetSize of job (KB)
...
006 (407489.000.000) 2026-05-09 12:30:46 Image size of job updated: 360776
	96  -  MemoryUsage of job (MB)
	97812  -  ResidentSetSize of job (KB)
...
006 (407489.000.000) 2026-05-09 12:35:46 Image size of job updated: 360776
	98  -  MemoryUsage of job (MB)
	99860  -  ResidentSetSize of job (KB)
...
006 (407489.000.000) 2026-05-09 14:05:56 Image size of job updated: 360776
	100  -  MemoryUsage of job (MB)
	101696  -  ResidentSetSize of job (KB)
...
006 (407489.000.000) 2026-05-09 14:56:02 Image size of job updated: 360776
	102  -  MemoryUsage of job (MB)
	103652  -  ResidentSetSize of job (KB)
...
006 (407489.000.000) 2026-05-09 15:26:05 Image size of job updated: 360776
	104  -  MemoryUsage of job (MB)
	105704  -  ResidentSetSize of job (KB)
...
006 (407489.000.000) 2026-05-09 16:46:14 Image size of job updated: 360776
	106  -  MemoryUsage of job (MB)
	107756  -  ResidentSetSize of job (KB)
...
006 (407489.000.000) 2026-05-09 18:06:23 Image size of job updated: 360776
	108  -  MemoryUsage of job (MB)
	109808  -  ResidentSetSize of job (KB)
...
006 (407489.000.000) 2026-05-09 19:21:30 Image size of job updated: 360776
	110  -  MemoryUsage of job (MB)
	112112  -  ResidentSetSize of job (KB)
...
006 (407489.000.000) 2026-05-09 20:36:38 Image size of job updated: 360776
	112  -  MemoryUsage of job (MB)
	113912  -  ResidentSetSize of job (KB)
...
006 (407489.000.000) 2026-05-09 21:51:47 Image size of job updated: 360776
	114  -  MemoryUsage of job (MB)
	115964  -  ResidentSetSize of job (KB)
...
006 (407489.000.000) 2026-05-09 23:01:53 Image size of job updated: 360776
	116  -  MemoryUsage of job (MB)
	118268  -  ResidentSetSize of job (KB)
...
006 (407489.000.000) 2026-05-10 00:17:01 Image size of job updated: 360776
	118  -  MemoryUsage of job (MB)
	120320  -  ResidentSetSize of job (KB)
...
006 (407489.000.000) 2026-05-10 01:27:08 Image size of job updated: 360776
	120  -  MemoryUsage of job (MB)
	122372  -  ResidentSetSize of job (KB)
...
006 (407489.000.000) 2026-05-10 02:42:16 Image size of job updated: 360776
	122  -  MemoryUsage of job (MB)
	124172  -  ResidentSetSize of job (KB)
...
006 (407489.000.000) 2026-05-10 03:57:24 Image size of job updated: 360776
	124  -  MemoryUsage of job (MB)
	126224  -  ResidentSetSize of job (KB)
...
006 (407489.000.000) 2026-05-10 05:07:32 Image size of job updated: 360776
	126  -  MemoryUsage of job (MB)
	128276  -  ResidentSetSize of job (KB)
...
006 (407489.000.000) 2026-05-10 06:22:40 Image size of job updated: 360776
	128  -  MemoryUsage of job (MB)
	130328  -  ResidentSetSize of job (KB)
...
006 (407489.000.000) 2026-05-10 08:42:56 Image size of job updated: 375176
	128  -  MemoryUsage of job (MB)
	130328  -  ResidentSetSize of job (KB)
...
006 (407489.000.000) 2026-05-10 08:47:56 Image size of job updated: 376132
	128  -  MemoryUsage of job (MB)
	130328  -  ResidentSetSize of job (KB)
...
006 (407489.000.000) 2026-05-11 04:02:49 Image size of job updated: 398252
	128  -  MemoryUsage of job (MB)
	130328  -  ResidentSetSize of job (KB)
...
005 (407489.000.000) 2026-05-11 04:02:49 Job terminated.
	(1) Normal termination (return value 139)
		Usr 3 08:28:37, Sys 0 00:41:39  -  Run Remote Usage
		Usr 0 00:00:00, Sys 0 00:00:00  -  Run Local Usage
		Usr 3 08:28:37, Sys 0 00:41:39  -  Total Remote Usage
		Usr 0 00:00:00, Sys 0 00:00:00  -  Total Local Usage
	0  -  Run Bytes Sent By Job
	0  -  Run Bytes Received By Job
	0  -  Total Bytes Sent By Job
	0  -  Total Bytes Received By Job
	Partitionable Resources :    Usage  Request Allocated 
	   Cpus                 :     0.91        1         1 
	   Disk (KB)            :     1           1     29523 
	   Memory (MB)          :   128        1024      1024 

	Job terminated of its own accord at 2026-05-11T02:02:49Z with exit-code 139.
...
