000 (407545.000.000) 2026-05-07 18:21:15 Job submitted from host: <192.168.250.101:9618?addrs=192.168.250.101-9618&alias=hercules.hcms.it&noUDP&sock=schedd_3404051_6d7b>
...
001 (407545.000.000) 2026-05-07 18:21:19 Job executing on host: <192.168.250.112:9618?addrs=192.168.250.112-9618&alias=hercules02.hcms.it&noUDP&sock=startd_1261146_d63b>
	SlotName: slot71_1@hercules02.hcms.it
	CondorScratchDir = "/var/lib/condor/execute/dir_3900969"
	Cpus = 1
	Disk = 29523
	Memory = 1024
...
006 (407545.000.000) 2026-05-07 18:21:27 Image size of job updated: 57536
	47  -  MemoryUsage of job (MB)
	47720  -  ResidentSetSize of job (KB)
...
006 (407545.000.000) 2026-05-07 18:26:27 Image size of job updated: 352256
	47  -  MemoryUsage of job (MB)
	48012  -  ResidentSetSize of job (KB)
...
006 (407545.000.000) 2026-05-07 18:31:27 Image size of job updated: 352256
	49  -  MemoryUsage of job (MB)
	49472  -  ResidentSetSize of job (KB)
...
006 (407545.000.000) 2026-05-07 18:36:28 Image size of job updated: 353992
	49  -  MemoryUsage of job (MB)
	49472  -  ResidentSetSize of job (KB)
...
006 (407545.000.000) 2026-05-07 18:41:28 Image size of job updated: 356892
	49  -  MemoryUsage of job (MB)
	49472  -  ResidentSetSize of job (KB)
...
006 (407545.000.000) 2026-05-07 19:01:30 Image size of job updated: 359308
	49  -  MemoryUsage of job (MB)
	49472  -  ResidentSetSize of job (KB)
...
006 (407545.000.000) 2026-05-07 19:11:31 Image size of job updated: 363124
	49  -  MemoryUsage of job (MB)
	49472  -  ResidentSetSize of job (KB)
...
006 (407545.000.000) 2026-05-07 19:36:33 Image size of job updated: 363124
	49  -  MemoryUsage of job (MB)
	49720  -  ResidentSetSize of job (KB)
...
006 (407545.000.000) 2026-05-07 19:46:35 Image size of job updated: 363124
	50  -  MemoryUsage of job (MB)
	50596  -  ResidentSetSize of job (KB)
...
006 (407545.000.000) 2026-05-07 19:51:35 Image size of job updated: 363124
	57  -  MemoryUsage of job (MB)
	57676  -  ResidentSetSize of job (KB)
...
006 (407545.000.000) 2026-05-07 21:26:46 Image size of job updated: 363124
	58  -  MemoryUsage of job (MB)
	58952  -  ResidentSetSize of job (KB)
...
006 (407545.000.000) 2026-05-07 22:06:50 Image size of job updated: 363124
	67  -  MemoryUsage of job (MB)
	68480  -  ResidentSetSize of job (KB)
...
006 (407545.000.000) 2026-05-07 22:11:51 Image size of job updated: 363124
	68  -  MemoryUsage of job (MB)
	68808  -  ResidentSetSize of job (KB)
...
006 (407545.000.000) 2026-05-08 12:53:23 Image size of job updated: 366464
	68  -  MemoryUsage of job (MB)
	68808  -  ResidentSetSize of job (KB)
...
006 (407545.000.000) 2026-05-08 12:58:24 Image size of job updated: 371080
	68  -  MemoryUsage of job (MB)
	68808  -  ResidentSetSize of job (KB)
...
006 (407545.000.000) 2026-05-08 13:03:25 Image size of job updated: 374140
	68  -  MemoryUsage of job (MB)
	68808  -  ResidentSetSize of job (KB)
...
006 (407545.000.000) 2026-05-08 13:18:27 Image size of job updated: 374684
	68  -  MemoryUsage of job (MB)
	68808  -  ResidentSetSize of job (KB)
...
006 (407545.000.000) 2026-05-08 13:58:30 Image size of job updated: 375332
	68  -  MemoryUsage of job (MB)
	68808  -  ResidentSetSize of job (KB)
...
006 (407545.000.000) 2026-05-08 14:38:34 Image size of job updated: 376284
	68  -  MemoryUsage of job (MB)
	68808  -  ResidentSetSize of job (KB)
...
005 (407545.000.000) 2026-05-08 21:49:43 Job terminated.
	(1) Normal termination (return value 139)
		Usr 1 01:34:15, Sys 0 01:40:41  -  Run Remote Usage
		Usr 0 00:00:00, Sys 0 00:00:00  -  Run Local Usage
		Usr 1 01:34:15, Sys 0 01:40:41  -  Total Remote Usage
		Usr 0 00:00:00, Sys 0 00:00:00  -  Total Local Usage
	0  -  Run Bytes Sent By Job
	0  -  Run Bytes Received By Job
	0  -  Total Bytes Sent By Job
	0  -  Total Bytes Received By Job
	Partitionable Resources :    Usage  Request Allocated 
	   Cpus                 :     0.98        1         1 
	   Disk (KB)            :     1           1     29523 
	   Memory (MB)          :    68        1024      1024 

	Job terminated of its own accord at 2026-05-08T19:49:43Z with exit-code 139.
...
